Java HotSpot(TM) 64-Bit Server VM (25.77-b03) for linux-amd64 JRE (1.8.0_77-b03), built on Mar 20 2016 22:00:46 by "java_re" with gcc 4.3.0 20080428 (Red Hat 4.3.0-8)
Memory: 4k page, physical 527756124k(137690684k free), swap 0k(0k free)
CommandLine flags: -XX:CMSInitiatingOccupancyFraction=80 -XX:GCLogFileSize=536870912 -XX:InitialHeapSize=68719476736 -XX:MaxDirectMemorySize=68719476736 -XX:MaxHeapSize=68719476736 -XX:MaxNewSize=10737418240 -XX:MaxTenuringThreshold=15 -XX:MetaspaceSize=536870912 -XX:NewSize=10737418240 -XX:NumberOfGCLogFiles=2 -XX:OldPLABSize=16 -XX:ParallelGCThreads=18 -XX:+PrintGC -XX:+PrintGCDateStamps -XX:+PrintGCDetails -XX:+PrintGCTimeStamps -XX:SurvivorRatio=6 -XX:+UseCMSInitiatingOccupancyOnly -XX:+UseConcMarkSweepGC -XX:+UseGCLogFileRotation -XX:+UseParNewGC 
2023-10-18T17:51:00.659+0800: 2.940: [GC (Allocation Failure) 2023-10-18T17:51:00.659+0800: 2.940: [ParNew: 7864320K->130954K(9175040K), 0.2642519 secs] 7864320K->130954K(65798144K), 0.2644221 secs] [Times: user=1.63 sys=2.67, real=0.26 secs] 
2023-10-18T17:51:05.836+0800: 8.117: [GC (Allocation Failure) 2023-10-18T17:51:05.836+0800: 8.118: [ParNew: 7995274K->441064K(9175040K), 0.3372556 secs] 7995274K->441064K(65798144K), 0.3374157 secs] [Times: user=2.62 sys=2.16, real=0.33 secs] 
2023-10-18T17:52:09.830+0800: 72.112: [GC (Allocation Failure) 2023-10-18T17:52:09.831+0800: 72.112: [ParNew: 8305384K->476686K(9175040K), 0.2873403 secs] 8305384K->476686K(65798144K), 0.2876128 secs] [Times: user=1.79 sys=3.07, real=0.29 secs] 
2023-10-18T17:54:32.963+0800: 215.244: [GC (Allocation Failure) 2023-10-18T17:54:32.963+0800: 215.244: [ParNew: 8341006K->554527K(9175040K), 0.2870485 secs] 8341006K->554527K(65798144K), 0.2873146 secs] [Times: user=2.09 sys=2.81, real=0.29 secs] 
2023-10-18T17:56:47.954+0800: 350.235: [GC (Allocation Failure) 2023-10-18T17:56:47.954+0800: 350.235: [ParNew: 8418847K->694485K(9175040K), 0.2714122 secs] 8418847K->694485K(65798144K), 0.2717508 secs] [Times: user=2.16 sys=2.39, real=0.27 secs] 
2023-10-18T17:58:58.130+0800: 480.411: [GC (Allocation Failure) 2023-10-18T17:58:58.130+0800: 480.411: [ParNew: 8558805K->651597K(9175040K), 0.2541784 secs] 8558805K->651597K(65798144K), 0.2544644 secs] [Times: user=2.16 sys=2.17, real=0.25 secs] 
2023-10-18T18:01:15.968+0800: 618.249: [GC (Allocation Failure) 2023-10-18T18:01:15.968+0800: 618.249: [ParNew: 8515917K->645660K(9175040K), 0.2084290 secs] 8515917K->645660K(65798144K), 0.2087149 secs] [Times: user=2.04 sys=1.43, real=0.21 secs] 
2023-10-18T18:04:16.673+0800: 798.954: [GC (Allocation Failure) 2023-10-18T18:04:16.673+0800: 798.954: [ParNew: 8509980K->697423K(9175040K), 0.3344397 secs] 8509980K->697423K(65798144K), 0.3348037 secs] [Times: user=2.58 sys=3.24, real=0.34 secs] 
2023-10-18T18:04:23.424+0800: 805.706: [GC (Allocation Failure) 2023-10-18T18:04:23.425+0800: 805.706: [ParNew: 8561743K->802245K(9175040K), 0.1369571 secs] 8561743K->802245K(65798144K), 0.1373095 secs] [Times: user=1.88 sys=0.46, real=0.14 secs] 
2023-10-18T18:04:29.042+0800: 811.323: [GC (Allocation Failure) 2023-10-18T18:04:29.042+0800: 811.323: [ParNew: 8666565K->872288K(9175040K), 0.2169835 secs] 8666565K->872288K(65798144K), 0.2173794 secs] [Times: user=3.23 sys=0.58, real=0.22 secs] 
2023-10-18T18:04:35.128+0800: 817.409: [GC (Allocation Failure) 2023-10-18T18:04:35.129+0800: 817.410: [ParNew: 8736608K->801769K(9175040K), 0.1647114 secs] 8736608K->801769K(65798144K), 0.1651186 secs] [Times: user=2.12 sys=0.73, real=0.16 secs] 
2023-10-18T18:04:42.023+0800: 824.304: [GC (Allocation Failure) 2023-10-18T18:04:42.023+0800: 824.305: [ParNew: 8666089K->832917K(9175040K), 0.1442605 secs] 8666089K->832917K(65798144K), 0.1445593 secs] [Times: user=2.23 sys=0.25, real=0.15 secs] 
2023-10-18T18:04:47.622+0800: 829.903: [GC (Allocation Failure) 2023-10-18T18:04:47.622+0800: 829.903: [ParNew: 8697237K->804078K(9175040K), 0.1028308 secs] 8697237K->804078K(65798144K), 0.1031192 secs] [Times: user=1.72 sys=0.01, real=0.10 secs] 
2023-10-18T18:04:53.532+0800: 835.813: [GC (Allocation Failure) 2023-10-18T18:04:53.532+0800: 835.813: [ParNew: 8668398K->783169K(9175040K), 0.1376179 secs] 8668398K->783169K(65798144K), 0.1379356 secs] [Times: user=1.69 sys=0.68, real=0.14 secs] 
2023-10-18T18:05:00.706+0800: 842.987: [GC (Allocation Failure) 2023-10-18T18:05:00.706+0800: 842.987: [ParNew: 8647489K->874298K(9175040K), 0.1129060 secs] 8647489K->874298K(65798144K), 0.1131751 secs] [Times: user=1.64 sys=0.28, real=0.11 secs] 
2023-10-18T18:05:06.831+0800: 849.112: [GC (Allocation Failure) 2023-10-18T18:05:06.831+0800: 849.112: [ParNew: 8738618K->719410K(9175040K), 0.2577307 secs] 8738618K->814956K(65798144K), 0.2580371 secs] [Times: user=2.31 sys=0.14, real=0.26 secs] 
2023-10-18T18:05:13.100+0800: 855.382: [GC (Allocation Failure) 2023-10-18T18:05:13.101+0800: 855.382: [ParNew: 8583730K->604507K(9175040K), 0.1981320 secs] 8679276K->907541K(65798144K), 0.1984095 secs] [Times: user=2.46 sys=0.59, real=0.20 secs] 
2023-10-18T18:05:20.807+0800: 863.088: [GC (Allocation Failure) 2023-10-18T18:05:20.807+0800: 863.088: [ParNew: 8468827K->429232K(9175040K), 0.1202195 secs] 8771861K->743442K(65798144K), 0.1204972 secs] [Times: user=1.94 sys=0.06, real=0.12 secs] 
2023-10-18T18:05:26.935+0800: 869.216: [GC (Allocation Failure) 2023-10-18T18:05:26.935+0800: 869.216: [ParNew: 8293552K->405734K(9175040K), 0.1502972 secs] 8607762K->726002K(65798144K), 0.1505647 secs] [Times: user=1.95 sys=0.61, real=0.15 secs] 
2023-10-18T18:07:07.314+0800: 969.595: [GC (Allocation Failure) 2023-10-18T18:07:07.314+0800: 969.596: [ParNew: 8270054K->324070K(9175040K), 0.1812261 secs] 8590322K->651699K(65798144K), 0.1816105 secs] [Times: user=1.64 sys=1.38, real=0.19 secs] 
2023-10-18T18:08:40.089+0800: 1062.370: [GC (Allocation Failure) 2023-10-18T18:08:40.089+0800: 1062.370: [ParNew: 8188390K->319353K(9175040K), 0.1652197 secs] 8516019K->653122K(65798144K), 0.1655065 secs] [Times: user=1.52 sys=1.19, real=0.16 secs] 
2023-10-18T18:11:08.804+0800: 1211.085: [GC (Allocation Failure) 2023-10-18T18:11:08.804+0800: 1211.086: [ParNew: 8183673K->299895K(9175040K), 0.1614616 secs] 8517442K->635712K(65798144K), 0.1617271 secs] [Times: user=1.62 sys=1.05, real=0.17 secs] 
2023-10-18T18:13:59.906+0800: 1382.188: [GC (Allocation Failure) 2023-10-18T18:13:59.907+0800: 1382.188: [ParNew: 8164215K->225066K(9175040K), 0.1510727 secs] 8500032K->586123K(65798144K), 0.1513337 secs] [Times: user=1.52 sys=0.90, real=0.15 secs] 
2023-10-18T18:15:57.763+0800: 1500.045: [GC (Allocation Failure) 2023-10-18T18:15:57.763+0800: 1500.045: [ParNew: 8089386K->223161K(9175040K), 0.1462080 secs] 8450443K->587826K(65798144K), 0.1464705 secs] [Times: user=1.42 sys=0.98, real=0.15 secs] 
2023-10-18T18:18:09.173+0800: 1631.454: [GC (Allocation Failure) 2023-10-18T18:18:09.173+0800: 1631.454: [ParNew: 8087481K->226197K(9175040K), 0.1320836 secs] 8452146K->591385K(65798144K), 0.1323377 secs] [Times: user=1.29 sys=0.88, real=0.13 secs] 
2023-10-18T18:20:07.758+0800: 1750.039: [GC (Allocation Failure) 2023-10-18T18:20:07.758+0800: 1750.039: [ParNew: 8090517K->235633K(9175040K), 0.1411110 secs] 8455705K->600829K(65798144K), 0.1413491 secs] [Times: user=1.44 sys=0.88, real=0.14 secs] 
2023-10-18T18:22:01.247+0800: 1863.528: [GC (Allocation Failure) 2023-10-18T18:22:01.247+0800: 1863.528: [ParNew: 8099953K->231314K(9175040K), 0.1418155 secs] 8465149K->596790K(65798144K), 0.1421105 secs] [Times: user=1.49 sys=0.84, real=0.14 secs] 
2023-10-18T18:23:36.476+0800: 1958.757: [GC (Allocation Failure) 2023-10-18T18:23:36.476+0800: 1958.757: [ParNew: 8095634K->243631K(9175040K), 0.1358182 secs] 8461110K->609270K(65798144K), 0.1360695 secs] [Times: user=1.42 sys=0.80, real=0.13 secs] 
2023-10-18T18:25:27.395+0800: 2069.676: [GC (Allocation Failure) 2023-10-18T18:25:27.395+0800: 2069.676: [ParNew: 8107951K->282719K(9175040K), 0.1444938 secs] 8473590K->648648K(65798144K), 0.1447536 secs] [Times: user=1.34 sys=1.03, real=0.15 secs] 
2023-10-18T18:27:16.444+0800: 2178.725: [GC (Allocation Failure) 2023-10-18T18:27:16.444+0800: 2178.725: [ParNew: 8147039K->293028K(9175040K), 0.1393670 secs] 8512968K->659092K(65798144K), 0.1396309 secs] [Times: user=1.43 sys=0.86, real=0.14 secs] 
2023-10-18T18:29:25.599+0800: 2307.880: [GC (Allocation Failure) 2023-10-18T18:29:25.599+0800: 2307.880: [ParNew: 8157348K->282469K(9175040K), 0.1357672 secs] 8523412K->648595K(65798144K), 0.1360532 secs] [Times: user=1.35 sys=0.87, real=0.13 secs] 
2023-10-18T18:31:07.216+0800: 2409.497: [GC (Allocation Failure) 2023-10-18T18:31:07.216+0800: 2409.497: [ParNew: 8146789K->286567K(9175040K), 0.1336992 secs] 8512915K->652807K(65798144K), 0.1339603 secs] [Times: user=1.32 sys=0.86, real=0.13 secs] 
2023-10-18T18:33:01.672+0800: 2523.953: [GC (Allocation Failure) 2023-10-18T18:33:01.672+0800: 2523.953: [ParNew: 8150887K->294245K(9175040K), 0.1386748 secs] 8517127K->660539K(65798144K), 0.1389134 secs] [Times: user=1.43 sys=0.82, real=0.14 secs] 
2023-10-18T18:35:10.194+0800: 2652.475: [GC (Allocation Failure) 2023-10-18T18:35:10.194+0800: 2652.475: [ParNew: 8158565K->327466K(9175040K), 0.1469821 secs] 8524859K->693767K(65798144K), 0.1473252 secs] [Times: user=1.46 sys=0.98, real=0.15 secs] 
2023-10-18T18:37:25.826+0800: 2788.107: [GC (Allocation Failure) 2023-10-18T18:37:25.826+0800: 2788.107: [ParNew: 8191786K->309834K(9175040K), 0.1470821 secs] 8558087K->678045K(65798144K), 0.1473762 secs] [Times: user=1.42 sys=0.99, real=0.14 secs] 
2023-10-18T18:39:10.533+0800: 2892.814: [GC (Allocation Failure) 2023-10-18T18:39:10.533+0800: 2892.814: [ParNew: 8174154K->281840K(9175040K), 0.1424730 secs] 8542365K->650230K(65798144K), 0.1427157 secs] [Times: user=1.37 sys=0.98, real=0.14 secs] 
2023-10-18T18:41:08.586+0800: 3010.867: [GC (Allocation Failure) 2023-10-18T18:41:08.588+0800: 3010.869: [ParNew: 8146160K->319983K(9175040K), 0.1511284 secs] 8514550K->692227K(65798144K), 0.1534405 secs] [Times: user=1.43 sys=1.06, real=0.16 secs] 
2023-10-18T18:43:16.323+0800: 3138.604: [GC (Allocation Failure) 2023-10-18T18:43:16.323+0800: 3138.604: [ParNew: 8184303K->304232K(9175040K), 0.1405659 secs] 8556547K->681581K(65798144K), 0.1408252 secs] [Times: user=1.41 sys=0.89, real=0.14 secs] 
2023-10-18T18:45:18.704+0800: 3260.985: [GC (Allocation Failure) 2023-10-18T18:45:18.704+0800: 3260.986: [ParNew: 8168552K->330135K(9175040K), 0.1421206 secs] 8545901K->712024K(65798144K), 0.1423548 secs] [Times: user=1.43 sys=0.90, real=0.15 secs] 
2023-10-18T18:47:31.236+0800: 3393.517: [GC (Allocation Failure) 2023-10-18T18:47:31.236+0800: 3393.517: [ParNew: 8194455K->332853K(9175040K), 0.1550725 secs] 8576344K->719693K(65798144K), 0.1553234 secs] [Times: user=1.63 sys=0.93, real=0.15 secs] 
2023-10-18T18:49:40.856+0800: 3523.137: [GC (Allocation Failure) 2023-10-18T18:49:40.856+0800: 3523.137: [ParNew: 8197173K->303340K(9175040K), 0.1465925 secs] 8584013K->694575K(65798144K), 0.1468898 secs] [Times: user=1.36 sys=1.05, real=0.14 secs] 
2023-10-18T18:51:24.998+0800: 3627.279: [GC (Allocation Failure) 2023-10-18T18:51:24.998+0800: 3627.279: [ParNew: 8167660K->275284K(9175040K), 0.1482471 secs] 8558895K->671747K(65798144K), 0.1485832 secs] [Times: user=1.41 sys=1.02, real=0.15 secs] 
2023-10-18T18:53:17.196+0800: 3739.477: [GC (Allocation Failure) 2023-10-18T18:53:17.196+0800: 3739.477: [ParNew: 8139604K->305679K(9175040K), 0.1455608 secs] 8536067K->706688K(65798144K), 0.1458065 secs] [Times: user=1.52 sys=0.86, real=0.14 secs] 
2023-10-18T18:54:39.005+0800: 3821.286: [GC (Allocation Failure) 2023-10-18T18:54:39.005+0800: 3821.286: [ParNew: 8169999K->371539K(9175040K), 0.1729851 secs] 8571008K->777430K(65798144K), 0.1733618 secs] [Times: user=1.55 sys=1.27, real=0.18 secs] 
2023-10-18T18:56:18.355+0800: 3920.637: [GC (Allocation Failure) 2023-10-18T18:56:18.356+0800: 3920.637: [ParNew: 8235859K->384054K(9175040K), 0.1698927 secs] 8641750K->794756K(65798144K), 0.1701536 secs] [Times: user=1.75 sys=1.06, real=0.18 secs] 
2023-10-18T18:58:16.162+0800: 4038.443: [GC (Allocation Failure) 2023-10-18T18:58:16.162+0800: 4038.443: [ParNew: 8248374K->366101K(9175040K), 0.1428515 secs] 8659076K->781598K(65798144K), 0.1431241 secs] [Times: user=1.44 sys=0.88, real=0.14 secs] 
2023-10-18T18:59:48.493+0800: 4130.774: [GC (Allocation Failure) 2023-10-18T18:59:48.493+0800: 4130.774: [ParNew: 8230421K->356959K(9175040K), 0.1752617 secs] 8645918K->777487K(65798144K), 0.1756507 secs] [Times: user=1.76 sys=1.16, real=0.18 secs] 
2023-10-18T19:01:33.431+0800: 4235.712: [GC (Allocation Failure) 2023-10-18T19:01:33.431+0800: 4235.712: [ParNew: 8221279K->317882K(9175040K), 0.1571305 secs] 8641807K->743312K(65798144K), 0.1574237 secs] [Times: user=1.54 sys=1.06, real=0.16 secs] 
2023-10-18T19:03:15.988+0800: 4338.269: [GC (Allocation Failure) 2023-10-18T19:03:15.988+0800: 4338.269: [ParNew: 8182202K->364848K(9175040K), 0.1540098 secs] 8607632K->795173K(65798144K), 0.1542985 secs] [Times: user=1.45 sys=1.08, real=0.15 secs] 
2023-10-18T19:08:38.079+0800: 4660.361: [GC (Allocation Failure) 2023-10-18T19:08:38.080+0800: 4660.361: [ParNew: 8229168K->259794K(9175040K), 0.1314047 secs] 8659493K->695403K(65798144K), 0.1316951 secs] [Times: user=1.26 sys=0.89, real=0.13 secs] 
2023-10-18T19:09:14.865+0800: 4697.146: [GC (Allocation Failure) 2023-10-18T19:09:14.865+0800: 4697.147: [ParNew: 8124114K->254845K(9175040K), 0.1494800 secs] 8559723K->695202K(65798144K), 0.1499348 secs] [Times: user=1.45 sys=1.01, real=0.15 secs] 
2023-10-18T19:10:10.266+0800: 4752.548: [GC (Allocation Failure) 2023-10-18T19:10:10.267+0800: 4752.548: [ParNew: 8119165K->307601K(9175040K), 0.1478799 secs] 8559522K->752668K(65798144K), 0.1482157 secs] [Times: user=1.54 sys=0.88, real=0.14 secs] 
2023-10-18T19:10:58.379+0800: 4800.661: [GC (Allocation Failure) 2023-10-18T19:10:58.380+0800: 4800.661: [ParNew: 8171921K->390509K(9175040K), 0.1862633 secs] 8616988K->840670K(65798144K), 0.1865769 secs] [Times: user=1.77 sys=1.34, real=0.19 secs] 
2023-10-18T19:11:38.519+0800: 4840.801: [GC (Allocation Failure) 2023-10-18T19:11:38.520+0800: 4840.801: [ParNew: 8254829K->457790K(9175040K), 0.1652293 secs] 8704990K->912797K(65798144K), 0.1655742 secs] [Times: user=1.76 sys=0.98, real=0.16 secs] 
2023-10-18T19:12:24.689+0800: 4886.971: [GC (Allocation Failure) 2023-10-18T19:12:24.690+0800: 4886.971: [ParNew: 8322110K->507916K(9175040K), 0.1663451 secs] 8777117K->968137K(65798144K), 0.1666876 secs] [Times: user=1.66 sys=1.08, real=0.17 secs] 
2023-10-18T19:13:12.316+0800: 4934.597: [GC (Allocation Failure) 2023-10-18T19:13:12.316+0800: 4934.598: [ParNew: 8372236K->638225K(9175040K), 0.1810482 secs] 8832457K->1103417K(65798144K), 0.1814257 secs] [Times: user=1.73 sys=1.27, real=0.18 secs] 
2023-10-18T19:14:25.093+0800: 5007.374: [GC (Allocation Failure) 2023-10-18T19:14:25.093+0800: 5007.374: [ParNew: 8502545K->714775K(9175040K), 0.1844570 secs] 8967737K->1185278K(65798144K), 0.1847838 secs] [Times: user=1.91 sys=1.14, real=0.19 secs] 
2023-10-18T19:15:34.859+0800: 5077.140: [GC (Allocation Failure) 2023-10-18T19:15:34.859+0800: 5077.141: [ParNew: 8579095K->731665K(9175040K), 0.2008951 secs] 9049598K->1206771K(65798144K), 0.2012375 secs] [Times: user=2.00 sys=1.35, real=0.20 secs] 
2023-10-18T19:16:55.213+0800: 5157.495: [GC (Allocation Failure) 2023-10-18T19:16:55.214+0800: 5157.495: [ParNew: 8595985K->793178K(9175040K), 0.2124628 secs] 9071091K->1274732K(65798144K), 0.2127538 secs] [Times: user=2.15 sys=1.38, real=0.22 secs] 
2023-10-18T19:18:06.946+0800: 5229.227: [GC (Allocation Failure) 2023-10-18T19:18:06.946+0800: 5229.228: [ParNew: 8657498K->816201K(9175040K), 0.2266222 secs] 9139052K->1302084K(65798144K), 0.2268921 secs] [Times: user=2.48 sys=1.34, real=0.22 secs] 
2023-10-18T19:19:26.682+0800: 5308.964: [GC (Allocation Failure) 2023-10-18T19:19:26.683+0800: 5308.964: [ParNew: 8680521K->870124K(9175040K), 0.2222045 secs] 9166404K->1360555K(65798144K), 0.2224749 secs] [Times: user=2.49 sys=1.24, real=0.22 secs] 
2023-10-18T19:21:10.823+0800: 5413.104: [GC (Allocation Failure) 2023-10-18T19:21:10.823+0800: 5413.104: [ParNew: 8734444K->771319K(9175040K), 0.2121852 secs] 9224875K->1266093K(65798144K), 0.2124599 secs] [Times: user=2.36 sys=1.20, real=0.21 secs] 
2023-10-18T19:22:12.622+0800: 5474.903: [GC (Allocation Failure) 2023-10-18T19:22:12.622+0800: 5474.903: [ParNew: 8635639K->815883K(9175040K), 0.2090859 secs] 9130413K->1314999K(65798144K), 0.2094179 secs] [Times: user=2.39 sys=1.11, real=0.21 secs] 
2023-10-18T19:23:47.094+0800: 5569.375: [GC (Allocation Failure) 2023-10-18T19:23:47.094+0800: 5569.375: [ParNew: 8680203K->758632K(9175040K), 0.2061411 secs] 9179319K->1262352K(65798144K), 0.2064124 secs] [Times: user=2.30 sys=1.17, real=0.21 secs] 
2023-10-18T19:25:08.632+0800: 5650.913: [GC (Allocation Failure) 2023-10-18T19:25:08.632+0800: 5650.913: [ParNew: 8622952K->750151K(9175040K), 0.2162231 secs] 9126672K->1288275K(65798144K), 0.2165652 secs] [Times: user=2.51 sys=1.00, real=0.22 secs] 
2023-10-18T19:25:58.513+0800: 5700.794: [GC (Allocation Failure) 2023-10-18T19:25:58.513+0800: 5700.794: [ParNew: 8614471K->674735K(9175040K), 0.2214265 secs] 9152595K->1259967K(65798144K), 0.2218652 secs] [Times: user=2.54 sys=1.05, real=0.22 secs] 
2023-10-18T19:26:58.576+0800: 5760.857: [GC (Allocation Failure) 2023-10-18T19:26:58.576+0800: 5760.858: [ParNew: 8539055K->718723K(9175040K), 0.2364307 secs] 9124287K->1349887K(65798144K), 0.2367317 secs] [Times: user=2.56 sys=1.25, real=0.23 secs] 
2023-10-18T19:27:55.755+0800: 5818.036: [GC (Allocation Failure) 2023-10-18T19:27:55.755+0800: 5818.037: [ParNew: 8583043K->603309K(9175040K), 0.2143065 secs] 9214207K->1280524K(65798144K), 0.2146529 secs] [Times: user=2.38 sys=1.04, real=0.22 secs] 
2023-10-18T19:28:45.445+0800: 5867.726: [GC (Allocation Failure) 2023-10-18T19:28:45.445+0800: 5867.726: [ParNew: 8467629K->549725K(9175040K), 0.2151699 secs] 9144844K->1273099K(65798144K), 0.2155017 secs] [Times: user=2.45 sys=0.96, real=0.22 secs] 
2023-10-18T19:29:22.646+0800: 5904.927: [GC (Allocation Failure) 2023-10-18T19:29:22.646+0800: 5904.927: [ParNew: 8414045K->503065K(9175040K), 0.2073746 secs] 9137419K->1274133K(65798144K), 0.2077420 secs] [Times: user=2.29 sys=1.11, real=0.21 secs] 
2023-10-18T19:30:10.325+0800: 5952.606: [GC (Allocation Failure) 2023-10-18T19:30:10.325+0800: 5952.606: [ParNew: 8367385K->566344K(9175040K), 0.2068642 secs] 9138453K->1368681K(65798144K), 0.2071983 secs] [Times: user=2.41 sys=1.00, real=0.21 secs] 
2023-10-18T19:30:52.888+0800: 5995.169: [GC (Allocation Failure) 2023-10-18T19:30:52.888+0800: 5995.169: [ParNew: 8430664K->508300K(9175040K), 0.1602523 secs] 9233001K->1318174K(65798144K), 0.1606269 secs] [Times: user=1.85 sys=0.79, real=0.16 secs] 
2023-10-18T19:31:37.689+0800: 6039.970: [GC (Allocation Failure) 2023-10-18T19:31:37.689+0800: 6039.970: [ParNew: 8372620K->535790K(9175040K), 0.1749723 secs] 9182494K->1353437K(65798144K), 0.1753256 secs] [Times: user=2.13 sys=0.78, real=0.17 secs] 
2023-10-18T19:32:26.662+0800: 6088.944: [GC (Allocation Failure) 2023-10-18T19:32:26.663+0800: 6088.944: [ParNew: 8400110K->530903K(9175040K), 0.1791415 secs] 9217757K->1356578K(65798144K), 0.1794962 secs] [Times: user=2.03 sys=0.95, real=0.18 secs] 
2023-10-18T19:33:11.037+0800: 6133.319: [GC (Allocation Failure) 2023-10-18T19:33:11.038+0800: 6133.319: [ParNew: 8395223K->548651K(9175040K), 0.1886526 secs] 9220898K->1381535K(65798144K), 0.1889493 secs] [Times: user=2.14 sys=1.01, real=0.19 secs] 
2023-10-18T19:33:45.080+0800: 6167.361: [GC (Allocation Failure) 2023-10-18T19:33:45.080+0800: 6167.362: [ParNew: 8412971K->607700K(9175040K), 0.1741075 secs] 9245855K->1447439K(65798144K), 0.1745126 secs] [Times: user=2.06 sys=0.82, real=0.17 secs] 
2023-10-18T19:34:31.537+0800: 6213.818: [GC (Allocation Failure) 2023-10-18T19:34:31.537+0800: 6213.819: [ParNew: 8472020K->593181K(9175040K), 0.2001736 secs] 9311759K->1439817K(65798144K), 0.2005681 secs] [Times: user=2.20 sys=1.15, real=0.20 secs] 
2023-10-18T19:35:14.434+0800: 6256.715: [GC (Allocation Failure) 2023-10-18T19:35:14.434+0800: 6256.715: [ParNew: 8457501K->552228K(9175040K), 0.1703380 secs] 9304137K->1405508K(65798144K), 0.1706519 secs] [Times: user=1.85 sys=0.96, real=0.17 secs] 
2023-10-18T19:35:58.425+0800: 6300.706: [GC (Allocation Failure) 2023-10-18T19:35:58.425+0800: 6300.706: [ParNew: 8416548K->585193K(9175040K), 0.1617070 secs] 9269828K->1444977K(65798144K), 0.1620076 secs] [Times: user=1.92 sys=0.75, real=0.17 secs] 
2023-10-18T19:36:47.231+0800: 6349.512: [GC (Allocation Failure) 2023-10-18T19:36:47.231+0800: 6349.513: [ParNew: 8449513K->570259K(9175040K), 0.1923441 secs] 9309297K->1436477K(65798144K), 0.1927370 secs] [Times: user=2.10 sys=1.12, real=0.19 secs] 
2023-10-18T19:37:57.369+0800: 6419.650: [GC (Allocation Failure) 2023-10-18T19:37:57.369+0800: 6419.651: [ParNew: 8434579K->540255K(9175040K), 0.1891266 secs] 9300797K->1413288K(65798144K), 0.1893984 secs] [Times: user=2.26 sys=0.91, real=0.19 secs] 
2023-10-18T19:38:49.599+0800: 6471.880: [GC (Allocation Failure) 2023-10-18T19:38:49.599+0800: 6471.880: [ParNew: 8404575K->564765K(9175040K), 0.1559713 secs] 9277608K->1444274K(65798144K), 0.1562456 secs] [Times: user=1.75 sys=0.82, real=0.15 secs] 
2023-10-18T19:39:36.794+0800: 6519.075: [GC (Allocation Failure) 2023-10-18T19:39:36.794+0800: 6519.075: [ParNew: 8429085K->433377K(9175040K), 0.1714166 secs] 9308594K->1319728K(65798144K), 0.1717557 secs] [Times: user=1.81 sys=1.04, real=0.17 secs] 
2023-10-18T19:40:13.896+0800: 6556.177: [GC (Allocation Failure) 2023-10-18T19:40:13.896+0800: 6556.177: [ParNew: 8297697K->506754K(9175040K), 0.1515203 secs] 9184048K->1399932K(65798144K), 0.1518146 secs] [Times: user=1.84 sys=0.65, real=0.15 secs] 
2023-10-18T19:41:20.614+0800: 6622.895: [GC (Allocation Failure) 2023-10-18T19:41:20.614+0800: 6622.895: [ParNew: 8371074K->427226K(9175040K), 0.1930696 secs] 9264252K->1326833K(65798144K), 0.1933865 secs] [Times: user=2.19 sys=1.06, real=0.20 secs] 
2023-10-18T19:43:24.726+0800: 6747.007: [GC (Allocation Failure) 2023-10-18T19:43:24.726+0800: 6747.007: [ParNew: 8291546K->452957K(9175040K), 0.1807713 secs] 9191153K->1358993K(65798144K), 0.1810500 secs] [Times: user=2.23 sys=0.80, real=0.19 secs] 
2023-10-18T19:45:51.902+0800: 6894.183: [GC (Allocation Failure) 2023-10-18T19:45:51.902+0800: 6894.184: [ParNew: 8317277K->284371K(9175040K), 0.1816592 secs] 9223313K->1197253K(65798144K), 0.1819248 secs] [Times: user=1.97 sys=1.09, real=0.18 secs] 
2023-10-18T20:04:22.966+0800: 8005.247: [GC (Allocation Failure) 2023-10-18T20:04:22.966+0800: 8005.247: [ParNew: 8148691K->222603K(9175040K), 0.1549336 secs] 9061573K->1142296K(65798144K), 0.1552443 secs] [Times: user=1.61 sys=0.98, real=0.16 secs] 
2023-10-18T21:13:43.100+0800: 12165.381: [GC (Allocation Failure) 2023-10-18T21:13:43.100+0800: 12165.381: [ParNew: 8086923K->313430K(9175040K), 0.1653292 secs] 9006616K->1240019K(65798144K), 0.1655938 secs] [Times: user=1.92 sys=0.87, real=0.16 secs] 
2023-10-18T22:33:30.503+0800: 16952.784: [GC (Allocation Failure) 2023-10-18T22:33:30.503+0800: 16952.784: [ParNew: 8177750K->325599K(9175040K), 0.1642624 secs] 9104339K->1258964K(65798144K), 0.1645142 secs] [Times: user=1.91 sys=0.88, real=0.17 secs] 
2023-10-18T23:55:00.285+0800: 21842.567: [GC (Allocation Failure) 2023-10-18T23:55:00.285+0800: 21842.567: [ParNew: 8189919K->347751K(9175040K), 0.1408510 secs] 9123284K->1287897K(65798144K), 0.1411306 secs] [Times: user=1.44 sys=0.86, real=0.15 secs] 
2023-10-19T01:14:49.651+0800: 26631.932: [GC (Allocation Failure) 2023-10-19T01:14:49.651+0800: 26631.932: [ParNew: 8212071K->378281K(9175040K), 0.1437838 secs] 9152217K->1324810K(65798144K), 0.1440597 secs] [Times: user=1.46 sys=0.93, real=0.14 secs] 
2023-10-19T02:36:45.278+0800: 31547.559: [GC (Allocation Failure) 2023-10-19T02:36:45.278+0800: 31547.559: [ParNew: 8242601K->381823K(9175040K), 0.1209922 secs] 9189130K->1334881K(65798144K), 0.1212694 secs] [Times: user=1.23 sys=0.76, real=0.12 secs] 
2023-10-19T03:58:17.972+0800: 36440.253: [GC (Allocation Failure) 2023-10-19T03:58:17.972+0800: 36440.253: [ParNew: 8246143K->365458K(9175040K), 0.1225550 secs] 9199201K->1324826K(65798144K), 0.1228344 secs] [Times: user=1.19 sys=0.86, real=0.12 secs] 
2023-10-19T05:19:17.897+0800: 41300.178: [GC (Allocation Failure) 2023-10-19T05:19:17.897+0800: 41300.179: [ParNew: 8229778K->371392K(9175040K), 0.1197894 secs] 9189146K->1337627K(65798144K), 0.1200996 secs] [Times: user=1.15 sys=0.84, real=0.12 secs] 
2023-10-19T06:34:32.143+0800: 45814.424: [GC (Allocation Failure) 2023-10-19T06:34:32.143+0800: 45814.424: [ParNew: 8235712K->364130K(9175040K), 0.1225248 secs] 9201947K->1336284K(65798144K), 0.1227780 secs] [Times: user=1.23 sys=0.79, real=0.12 secs] 
2023-10-19T07:08:03.585+0800: 47825.866: [GC (Allocation Failure) 2023-10-19T07:08:03.585+0800: 47825.866: [ParNew: 8228450K->381338K(9175040K), 0.1351247 secs] 9200604K->1359634K(65798144K), 0.1353936 secs] [Times: user=1.15 sys=1.07, real=0.14 secs] 
2023-10-19T07:10:21.520+0800: 47963.802: [GC (Allocation Failure) 2023-10-19T07:10:21.521+0800: 47963.802: [ParNew: 8245658K->406776K(9175040K), 0.1478611 secs] 9223954K->1391214K(65798144K), 0.1481421 secs] [Times: user=1.31 sys=1.11, real=0.15 secs] 
2023-10-19T07:13:21.445+0800: 48143.726: [GC (Allocation Failure) 2023-10-19T07:13:21.445+0800: 48143.726: [ParNew: 8271096K->441661K(9175040K), 0.1451126 secs] 9255534K->1432391K(65798144K), 0.1454180 secs] [Times: user=1.42 sys=0.96, real=0.15 secs] 
2023-10-19T07:14:46.747+0800: 48229.029: [GC (Allocation Failure) 2023-10-19T07:14:46.748+0800: 48229.029: [ParNew: 8305981K->481672K(9175040K), 0.1465420 secs] 9296711K->1478444K(65798144K), 0.1468400 secs] [Times: user=1.39 sys=1.00, real=0.14 secs] 
2023-10-19T07:16:00.494+0800: 48302.775: [GC (Allocation Failure) 2023-10-19T07:16:00.494+0800: 48302.775: [ParNew: 8345992K->473273K(9175040K), 0.1462416 secs] 9342764K->1476140K(65798144K), 0.1465450 secs] [Times: user=1.58 sys=0.96, real=0.15 secs] 
2023-10-19T07:16:49.355+0800: 48351.636: [GC (Allocation Failure) 2023-10-19T07:16:49.355+0800: 48351.636: [ParNew: 8337593K->523599K(9175040K), 0.1479727 secs] 9340460K->1532218K(65798144K), 0.1482767 secs] [Times: user=1.62 sys=0.81, real=0.15 secs] 
2023-10-19T07:18:34.190+0800: 48456.472: [GC (Allocation Failure) 2023-10-19T07:18:34.191+0800: 48456.472: [ParNew: 8387919K->562007K(9175040K), 0.1504131 secs] 9396538K->1576358K(65798144K), 0.1506726 secs] [Times: user=1.55 sys=0.92, real=0.15 secs] 
2023-10-19T07:20:12.254+0800: 48554.535: [GC (Allocation Failure) 2023-10-19T07:20:12.254+0800: 48554.536: [ParNew: 8426327K->422587K(9175040K), 0.1697167 secs] 9440678K->1584714K(65798144K), 0.1699942 secs] [Times: user=1.70 sys=1.14, real=0.17 secs] 
2023-10-19T07:21:41.943+0800: 48644.224: [GC (Allocation Failure) 2023-10-19T07:21:41.943+0800: 48644.224: [ParNew: 8286907K->372942K(9175040K), 0.1402022 secs] 9449034K->1537784K(65798144K), 0.1404676 secs] [Times: user=1.37 sys=0.92, real=0.14 secs] 
2023-10-19T07:22:56.936+0800: 48719.217: [GC (Allocation Failure) 2023-10-19T07:22:56.936+0800: 48719.218: [ParNew: 8237262K->399264K(9175040K), 0.1504866 secs] 9402104K->1564191K(65798144K), 0.1507513 secs] [Times: user=1.59 sys=0.87, real=0.15 secs] 
2023-10-19T07:24:41.116+0800: 48823.397: [GC (Allocation Failure) 2023-10-19T07:24:41.116+0800: 48823.397: [ParNew: 8263584K->414659K(9175040K), 0.1510826 secs] 9428511K->1579705K(65798144K), 0.1513526 secs] [Times: user=1.77 sys=0.73, real=0.15 secs] 
2023-10-19T07:26:12.122+0800: 48914.403: [GC (Allocation Failure) 2023-10-19T07:26:12.122+0800: 48914.403: [ParNew: 8278979K->429114K(9175040K), 0.1446618 secs] 9444025K->1594231K(65798144K), 0.1449158 secs] [Times: user=1.47 sys=0.91, real=0.15 secs] 
2023-10-19T07:27:48.405+0800: 49010.686: [GC (Allocation Failure) 2023-10-19T07:27:48.405+0800: 49010.686: [ParNew: 8293434K->411790K(9175040K), 0.1494455 secs] 9458551K->1577133K(65798144K), 0.1497337 secs] [Times: user=1.62 sys=0.86, real=0.15 secs] 
2023-10-19T07:28:48.081+0800: 49070.363: [GC (Allocation Failure) 2023-10-19T07:28:48.082+0800: 49070.363: [ParNew: 8276110K->454975K(9175040K), 0.1671935 secs] 9441453K->1621947K(65798144K), 0.1674630 secs] [Times: user=1.90 sys=0.88, real=0.17 secs] 
2023-10-19T07:30:19.288+0800: 49161.569: [GC (Allocation Failure) 2023-10-19T07:30:19.288+0800: 49161.570: [ParNew: 8319295K->463959K(9175040K), 0.1828158 secs] 9486267K->1631520K(65798144K), 0.1830861 secs] [Times: user=2.20 sys=0.88, real=0.18 secs] 
2023-10-19T07:32:06.597+0800: 49268.878: [GC (Allocation Failure) 2023-10-19T07:32:06.597+0800: 49268.878: [ParNew: 8328279K->457271K(9175040K), 0.1684437 secs] 9495840K->1630254K(65798144K), 0.1687736 secs] [Times: user=1.84 sys=0.96, real=0.17 secs] 
2023-10-19T07:33:38.697+0800: 49360.978: [GC (Allocation Failure) 2023-10-19T07:33:38.697+0800: 49360.978: [ParNew: 8321591K->401514K(9175040K), 0.1762617 secs] 9494574K->1584439K(65798144K), 0.1766000 secs] [Times: user=1.93 sys=1.02, real=0.17 secs] 
2023-10-19T07:35:08.092+0800: 49450.373: [GC (Allocation Failure) 2023-10-19T07:35:08.092+0800: 49450.373: [ParNew: 8265834K->403890K(9175040K), 0.1768096 secs] 9448759K->1596665K(65798144K), 0.1770753 secs] [Times: user=1.97 sys=0.96, real=0.18 secs] 
2023-10-19T07:37:08.353+0800: 49570.634: [GC (Allocation Failure) 2023-10-19T07:37:08.353+0800: 49570.634: [ParNew: 8268210K->432549K(9175040K), 0.1861341 secs] 9460985K->1634451K(65798144K), 0.1864131 secs] [Times: user=2.23 sys=0.88, real=0.19 secs] 
2023-10-19T07:38:24.932+0800: 49647.214: [GC (Allocation Failure) 2023-10-19T07:38:24.932+0800: 49647.214: [ParNew: 8296869K->416704K(9175040K), 0.1610101 secs] 9498771K->1626286K(65798144K), 0.1612735 secs] [Times: user=1.71 sys=0.95, real=0.16 secs] 
2023-10-19T07:39:25.246+0800: 49707.528: [GC (Allocation Failure) 2023-10-19T07:39:25.246+0800: 49707.528: [ParNew: 8281024K->427486K(9175040K), 0.1722833 secs] 9490606K->1644458K(65798144K), 0.1725507 secs] [Times: user=2.00 sys=0.87, real=0.17 secs] 
2023-10-19T07:40:55.304+0800: 49797.585: [GC (Allocation Failure) 2023-10-19T07:40:55.304+0800: 49797.585: [ParNew: 8291806K->475202K(9175040K), 0.1740041 secs] 9508778K->1703026K(65798144K), 0.1742766 secs] [Times: user=1.97 sys=0.92, real=0.18 secs] 
2023-10-19T07:42:50.882+0800: 49913.163: [GC (Allocation Failure) 2023-10-19T07:42:50.882+0800: 49913.163: [ParNew: 8339522K->426745K(9175040K), 0.1849690 secs] 9567346K->1663055K(65798144K), 0.1852902 secs] [Times: user=2.02 sys=0.99, real=0.19 secs] 
2023-10-19T07:44:03.487+0800: 49985.768: [GC (Allocation Failure) 2023-10-19T07:44:03.487+0800: 49985.769: [ParNew: 8291065K->442150K(9175040K), 0.1798006 secs] 9527375K->1686637K(65798144K), 0.1800853 secs] [Times: user=1.94 sys=1.05, real=0.18 secs] 
2023-10-19T07:45:37.421+0800: 50079.702: [GC (Allocation Failure) 2023-10-19T07:45:37.421+0800: 50079.702: [ParNew: 8306470K->429928K(9175040K), 0.1465480 secs] 9550957K->1681846K(65798144K), 0.1468215 secs] [Times: user=1.51 sys=0.89, real=0.15 secs] 
2023-10-19T07:47:47.125+0800: 50209.406: [GC (Allocation Failure) 2023-10-19T07:47:47.125+0800: 50209.406: [ParNew: 8294248K->403503K(9175040K), 0.1923958 secs] 9546166K->1663933K(65798144K), 0.1926857 secs] [Times: user=2.33 sys=0.88, real=0.20 secs] 
2023-10-19T07:50:28.154+0800: 50370.435: [GC (Allocation Failure) 2023-10-19T07:50:28.154+0800: 50370.435: [ParNew: 8267823K->339361K(9175040K), 0.1739764 secs] 9528253K->1608022K(65798144K), 0.1742573 secs] [Times: user=2.01 sys=0.88, real=0.18 secs] 
2023-10-19T07:51:37.587+0800: 50439.868: [GC (Allocation Failure) 2023-10-19T07:51:37.587+0800: 50439.868: [ParNew: 8203681K->371113K(9175040K), 0.1875675 secs] 9472342K->1648010K(65798144K), 0.1878674 secs] [Times: user=2.18 sys=0.96, real=0.18 secs] 
2023-10-19T07:53:00.794+0800: 50523.076: [GC (Allocation Failure) 2023-10-19T07:53:00.794+0800: 50523.076: [ParNew: 8235433K->411724K(9175040K), 0.1712272 secs] 9512330K->1696293K(65798144K), 0.1715048 secs] [Times: user=1.89 sys=0.96, real=0.18 secs] 
2023-10-19T07:54:59.112+0800: 50641.393: [GC (Allocation Failure) 2023-10-19T07:54:59.112+0800: 50641.393: [ParNew: 8276044K->424055K(9175040K), 0.1628333 secs] 9560613K->1716030K(65798144K), 0.1631135 secs] [Times: user=1.88 sys=0.82, real=0.17 secs] 
2023-10-19T07:56:12.847+0800: 50715.128: [GC (Allocation Failure) 2023-10-19T07:56:12.847+0800: 50715.128: [ParNew: 8288375K->414463K(9175040K), 0.1743774 secs] 9580350K->1714677K(65798144K), 0.1746423 secs] [Times: user=2.08 sys=0.82, real=0.17 secs] 
2023-10-19T07:57:13.992+0800: 50776.273: [GC (Allocation Failure) 2023-10-19T07:57:13.992+0800: 50776.273: [ParNew: 8278783K->447447K(9175040K), 0.1823788 secs] 9578997K->1757484K(65798144K), 0.1826881 secs] [Times: user=2.09 sys=0.96, real=0.18 secs] 
2023-10-19T07:57:57.466+0800: 50819.747: [GC (Allocation Failure) 2023-10-19T07:57:57.466+0800: 50819.747: [ParNew: 8311767K->458526K(9175040K), 0.1917262 secs] 9621804K->1775962K(65798144K), 0.1920577 secs] [Times: user=2.32 sys=0.88, real=0.19 secs] 
2023-10-19T07:59:07.091+0800: 50889.372: [GC (Allocation Failure) 2023-10-19T07:59:07.091+0800: 50889.372: [ParNew: 8322846K->461451K(9175040K), 0.1718868 secs] 9640282K->1787726K(65798144K), 0.1721955 secs] [Times: user=1.88 sys=0.97, real=0.17 secs] 
2023-10-19T08:00:28.439+0800: 50970.721: [GC (Allocation Failure) 2023-10-19T08:00:28.440+0800: 50970.721: [ParNew: 8325771K->513564K(9175040K), 0.1728080 secs] 9652046K->1846893K(65798144K), 0.1731081 secs] [Times: user=1.93 sys=0.95, real=0.17 secs] 
2023-10-19T08:02:01.826+0800: 51064.108: [GC (Allocation Failure) 2023-10-19T08:02:01.827+0800: 51064.108: [ParNew: 8377884K->443202K(9175040K), 0.2068354 secs] 9711213K->1784019K(65798144K), 0.2071890 secs] [Times: user=2.51 sys=0.96, real=0.20 secs] 
2023-10-19T08:03:07.884+0800: 51130.165: [GC (Allocation Failure) 2023-10-19T08:03:07.884+0800: 51130.165: [ParNew: 8307522K->493928K(9175040K), 0.1755114 secs] 9648339K->1842062K(65798144K), 0.1757846 secs] [Times: user=2.18 sys=0.81, real=0.18 secs] 
2023-10-19T08:03:51.624+0800: 51173.905: [GC (Allocation Failure) 2023-10-19T08:03:51.624+0800: 51173.905: [ParNew: 8358248K->471215K(9175040K), 0.1610120 secs] 9706382K->1826598K(65798144K), 0.1613559 secs] [Times: user=1.85 sys=0.80, real=0.16 secs] 
2023-10-19T08:06:10.840+0800: 51313.121: [GC (Allocation Failure) 2023-10-19T08:06:10.840+0800: 51313.121: [ParNew: 8335535K->444048K(9175040K), 0.1530724 secs] 9690918K->1806662K(65798144K), 0.1534147 secs] [Times: user=1.62 sys=0.89, real=0.15 secs] 
2023-10-19T08:07:28.790+0800: 51391.071: [GC (Allocation Failure) 2023-10-19T08:07:28.790+0800: 51391.071: [ParNew: 8308368K->460724K(9175040K), 0.1693729 secs] 9670982K->1830448K(65798144K), 0.1696344 secs] [Times: user=1.85 sys=0.97, real=0.17 secs] 
2023-10-19T08:09:44.851+0800: 51527.132: [GC (Allocation Failure) 2023-10-19T08:09:44.851+0800: 51527.132: [ParNew: 8325044K->358135K(9175040K), 0.1751576 secs] 9694768K->1736312K(65798144K), 0.1754554 secs] [Times: user=2.04 sys=0.87, real=0.18 secs] 
2023-10-19T08:11:41.960+0800: 51644.241: [GC (Allocation Failure) 2023-10-19T08:11:41.960+0800: 51644.241: [ParNew: 8222455K->353599K(9175040K), 0.1888157 secs] 9600632K->1739938K(65798144K), 0.1891292 secs] [Times: user=2.09 sys=1.08, real=0.19 secs] 
2023-10-19T08:16:37.745+0800: 51940.026: [GC (Allocation Failure) 2023-10-19T08:16:37.745+0800: 51940.026: [ParNew: 8217919K->279177K(9175040K), 0.1687347 secs] 9604258K->1672890K(65798144K), 0.1690016 secs] [Times: user=1.71 sys=1.07, real=0.17 secs] 
2023-10-19T08:20:03.422+0800: 52145.703: [GC (Allocation Failure) 2023-10-19T08:20:03.422+0800: 52145.703: [ParNew: 8143497K->324818K(9175040K), 0.1890607 secs] 9537210K->1726309K(65798144K), 0.1893141 secs] [Times: user=2.09 sys=1.08, real=0.19 secs] 
2023-10-19T08:23:10.116+0800: 52332.397: [GC (Allocation Failure) 2023-10-19T08:23:10.116+0800: 52332.397: [ParNew: 8189138K->332532K(9175040K), 0.1879888 secs] 9590629K->1741368K(65798144K), 0.1882790 secs] [Times: user=2.14 sys=1.00, real=0.18 secs] 
2023-10-19T08:25:55.198+0800: 52497.479: [GC (Allocation Failure) 2023-10-19T08:25:55.198+0800: 52497.479: [ParNew: 8196852K->348147K(9175040K), 0.1606363 secs] 9605688K->1765224K(65798144K), 0.1609140 secs] [Times: user=1.57 sys=1.01, real=0.16 secs] 
2023-10-19T08:29:27.551+0800: 52709.832: [GC (Allocation Failure) 2023-10-19T08:29:27.551+0800: 52709.832: [ParNew: 8212467K->339900K(9175040K), 0.1585908 secs] 9629544K->1764565K(65798144K), 0.1588676 secs] [Times: user=1.64 sys=0.98, real=0.16 secs] 
2023-10-19T08:32:08.326+0800: 52870.607: [GC (Allocation Failure) 2023-10-19T08:32:08.326+0800: 52870.607: [ParNew: 8204220K->321452K(9175040K), 0.1512930 secs] 9628885K->1753582K(65798144K), 0.1515845 secs] [Times: user=1.66 sys=0.88, real=0.16 secs] 
2023-10-19T08:35:50.509+0800: 53092.790: [GC (Allocation Failure) 2023-10-19T08:35:50.509+0800: 53092.790: [ParNew: 8185772K->293757K(9175040K), 0.1641088 secs] 9617902K->1733291K(65798144K), 0.1643701 secs] [Times: user=1.74 sys=0.97, real=0.16 secs] 
2023-10-19T08:39:02.910+0800: 53285.191: [GC (Allocation Failure) 2023-10-19T08:39:02.910+0800: 53285.191: [ParNew: 8158077K->325028K(9175040K), 0.1798234 secs] 9597611K->1772331K(65798144K), 0.1800901 secs] [Times: user=2.00 sys=1.00, real=0.18 secs] 
2023-10-19T08:42:14.449+0800: 53476.730: [GC (Allocation Failure) 2023-10-19T08:42:14.449+0800: 53476.730: [ParNew: 8189348K->318522K(9175040K), 0.1907857 secs] 9636651K->1773174K(65798144K), 0.1911324 secs] [Times: user=2.13 sys=1.07, real=0.19 secs] 
2023-10-19T08:46:57.372+0800: 53759.653: [GC (Allocation Failure) 2023-10-19T08:46:57.372+0800: 53759.653: [ParNew: 8182842K->290177K(9175040K), 0.1835735 secs] 9637494K->1752160K(65798144K), 0.1839352 secs] [Times: user=1.91 sys=1.16, real=0.19 secs] 
2023-10-19T08:51:27.603+0800: 54029.884: [GC (Allocation Failure) 2023-10-19T08:51:27.603+0800: 54029.884: [ParNew: 8154497K->305637K(9175040K), 0.1917910 secs] 9616480K->1775318K(65798144K), 0.1920527 secs] [Times: user=2.15 sys=1.07, real=0.19 secs] 
2023-10-19T08:56:05.589+0800: 54307.870: [GC (Allocation Failure) 2023-10-19T08:56:05.589+0800: 54307.870: [ParNew: 8169957K->283444K(9175040K), 0.1743166 secs] 9639638K->1760587K(65798144K), 0.1746046 secs] [Times: user=1.71 sys=1.19, real=0.17 secs] 
2023-10-19T09:00:14.851+0800: 54557.132: [GC (Allocation Failure) 2023-10-19T09:00:14.851+0800: 54557.132: [ParNew: 8147764K->303543K(9175040K), 0.1817174 secs] 9624907K->1788201K(65798144K), 0.1819976 secs] [Times: user=2.05 sys=0.97, real=0.18 secs] 
2023-10-19T09:02:32.245+0800: 54694.526: [GC (Allocation Failure) 2023-10-19T09:02:32.245+0800: 54694.526: [ParNew: 8167863K->301765K(9175040K), 0.1900014 secs] 9652521K->1794881K(65798144K), 0.1902668 secs] [Times: user=2.22 sys=0.97, real=0.19 secs] 
2023-10-19T09:05:43.568+0800: 54885.849: [GC (Allocation Failure) 2023-10-19T09:05:43.568+0800: 54885.849: [ParNew: 8166085K->312698K(9175040K), 0.1756289 secs] 9659201K->1813178K(65798144K), 0.1759238 secs] [Times: user=1.85 sys=1.08, real=0.17 secs] 
2023-10-19T09:07:56.377+0800: 55018.659: [GC (Allocation Failure) 2023-10-19T09:07:56.378+0800: 55018.659: [ParNew: 8177018K->337473K(9175040K), 0.1694988 secs] 9677498K->1844972K(65798144K), 0.1697871 secs] [Times: user=1.80 sys=1.00, real=0.17 secs] 
2023-10-19T09:10:57.004+0800: 55199.285: [GC (Allocation Failure) 2023-10-19T09:10:57.004+0800: 55199.285: [ParNew: 8201793K->352721K(9175040K), 0.1658494 secs] 9709292K->1867312K(65798144K), 0.1661450 secs] [Times: user=1.82 sys=0.92, real=0.17 secs] 
2023-10-19T09:13:45.198+0800: 55367.479: [GC (Allocation Failure) 2023-10-19T09:13:45.198+0800: 55367.480: [ParNew: 8217041K->322608K(9175040K), 0.1950938 secs] 9731632K->1844431K(65798144K), 0.1953722 secs] [Times: user=2.39 sys=0.88, real=0.19 secs] 
2023-10-19T09:17:11.378+0800: 55573.659: [GC (Allocation Failure) 2023-10-19T09:17:11.378+0800: 55573.660: [ParNew: 8186928K->292129K(9175040K), 0.1807323 secs] 9708751K->1821534K(65798144K), 0.1810088 secs] [Times: user=1.97 sys=1.05, real=0.18 secs] 
2023-10-19T09:19:54.774+0800: 55737.056: [GC (Allocation Failure) 2023-10-19T09:19:54.774+0800: 55737.056: [ParNew: 8156449K->354185K(9175040K), 0.1855545 secs] 9685854K->1890857K(65798144K), 0.1858110 secs] [Times: user=2.08 sys=1.01, real=0.19 secs] 
2023-10-19T09:22:08.273+0800: 55870.554: [GC (Allocation Failure) 2023-10-19T09:22:08.273+0800: 55870.554: [ParNew: 8218505K->352828K(9175040K), 0.1705196 secs] 9755177K->1896765K(65798144K), 0.1707817 secs] [Times: user=1.84 sys=1.01, real=0.17 secs] 
2023-10-19T09:23:39.294+0800: 55961.575: [GC (Allocation Failure) 2023-10-19T09:23:39.294+0800: 55961.575: [ParNew: 8217148K->350825K(9175040K), 0.1486994 secs] 9761085K->1902277K(65798144K), 0.1489654 secs] [Times: user=1.64 sys=0.80, real=0.15 secs] 
2023-10-19T09:24:59.576+0800: 56041.858: [GC (Allocation Failure) 2023-10-19T09:24:59.577+0800: 56041.858: [ParNew: 8215145K->401239K(9175040K), 0.1452202 secs] 9766597K->1959873K(65798144K), 0.1454917 secs] [Times: user=1.52 sys=0.86, real=0.14 secs] 
2023-10-19T09:26:13.917+0800: 56116.198: [GC (Allocation Failure) 2023-10-19T09:26:13.917+0800: 56116.198: [ParNew: 8265559K->439159K(9175040K), 0.1723898 secs] 9824193K->2004980K(65798144K), 0.1726664 secs] [Times: user=1.78 sys=1.08, real=0.17 secs] 
2023-10-19T09:28:08.199+0800: 56230.480: [GC (Allocation Failure) 2023-10-19T09:28:08.199+0800: 56230.480: [ParNew: 8303479K->467747K(9175040K), 0.1585754 secs] 9869300K->2040609K(65798144K), 0.1588546 secs] [Times: user=1.83 sys=0.79, real=0.16 secs] 
2023-10-19T09:29:17.505+0800: 56299.786: [GC (Allocation Failure) 2023-10-19T09:29:17.505+0800: 56299.786: [ParNew: 8332067K->349799K(9175040K), 0.1689078 secs] 9904929K->1929674K(65798144K), 0.1691910 secs] [Times: user=2.02 sys=0.79, real=0.17 secs] 
2023-10-19T09:30:33.673+0800: 56375.954: [GC (Allocation Failure) 2023-10-19T09:30:33.673+0800: 56375.955: [ParNew: 8214119K->431576K(9175040K), 0.1622882 secs] 9793994K->2018928K(65798144K), 0.1625669 secs] [Times: user=1.86 sys=0.82, real=0.17 secs] 
2023-10-19T09:32:15.868+0800: 56478.149: [GC (Allocation Failure) 2023-10-19T09:32:15.868+0800: 56478.149: [ParNew: 8295896K->418408K(9175040K), 0.1787867 secs] 9883248K->2012989K(65798144K), 0.1790725 secs] [Times: user=2.01 sys=0.96, real=0.18 secs] 
2023-10-19T09:33:14.621+0800: 56536.902: [GC (Allocation Failure) 2023-10-19T09:33:14.621+0800: 56536.902: [ParNew: 8282728K->486832K(9175040K), 0.1516525 secs] 9877309K->2088754K(65798144K), 0.1519122 secs] [Times: user=1.78 sys=0.71, real=0.15 secs] 
2023-10-19T09:35:26.493+0800: 56668.774: [GC (Allocation Failure) 2023-10-19T09:35:26.493+0800: 56668.774: [ParNew: 8351152K->350554K(9175040K), 0.1776107 secs] 9953074K->1959846K(65798144K), 0.1779338 secs] [Times: user=2.03 sys=0.94, real=0.18 secs] 
2023-10-19T09:37:22.723+0800: 56785.004: [GC (Allocation Failure) 2023-10-19T09:37:22.723+0800: 56785.004: [ParNew: 8214874K->402534K(9175040K), 0.1742613 secs] 9824166K->2019162K(65798144K), 0.1745158 secs] [Times: user=1.88 sys=1.02, real=0.18 secs] 
2023-10-19T09:39:17.086+0800: 56899.368: [GC (Allocation Failure) 2023-10-19T09:39:17.086+0800: 56899.368: [ParNew: 8266854K->383319K(9175040K), 0.1655641 secs] 9883482K->2007478K(65798144K), 0.1658231 secs] [Times: user=1.76 sys=0.99, real=0.16 secs] 
2023-10-19T09:41:22.888+0800: 57025.170: [GC (Allocation Failure) 2023-10-19T09:41:22.889+0800: 57025.170: [ParNew: 8247639K->350151K(9175040K), 0.1572045 secs] 9871798K->1981591K(65798144K), 0.1575560 secs] [Times: user=1.66 sys=0.93, real=0.16 secs] 
2023-10-19T09:43:02.524+0800: 57124.805: [GC (Allocation Failure) 2023-10-19T09:43:02.524+0800: 57124.805: [ParNew: 8214471K->382520K(9175040K), 0.1818024 secs] 9845911K->2021095K(65798144K), 0.1820845 secs] [Times: user=2.08 sys=0.96, real=0.19 secs] 
2023-10-19T09:45:00.699+0800: 57242.980: [GC (Allocation Failure) 2023-10-19T09:45:00.699+0800: 57242.980: [ParNew: 8246840K->370813K(9175040K), 0.1634829 secs] 9885415K->2016953K(65798144K), 0.1637316 secs] [Times: user=1.92 sys=0.79, real=0.16 secs] 
2023-10-19T09:46:34.976+0800: 57337.257: [GC (Allocation Failure) 2023-10-19T09:46:34.976+0800: 57337.257: [ParNew: 8235133K->383685K(9175040K), 0.1799795 secs] 9881273K->2037160K(65798144K), 0.1802561 secs] [Times: user=2.09 sys=0.92, real=0.18 secs] 
2023-10-19T09:47:50.376+0800: 57412.657: [GC (Allocation Failure) 2023-10-19T09:47:50.376+0800: 57412.657: [ParNew: 8248005K->415149K(9175040K), 0.1668491 secs] 9901480K->2076012K(65798144K), 0.1671804 secs] [Times: user=1.79 sys=0.98, real=0.16 secs] 
2023-10-19T09:49:57.211+0800: 57539.492: [GC (Allocation Failure) 2023-10-19T09:49:57.211+0800: 57539.493: [ParNew: 8279469K->420206K(9175040K), 0.1887094 secs] 9940332K->2088727K(65798144K), 0.1890223 secs] [Times: user=2.25 sys=0.93, real=0.19 secs] 
2023-10-19T09:51:13.684+0800: 57615.965: [GC (Allocation Failure) 2023-10-19T09:51:13.684+0800: 57615.965: [ParNew: 8284526K->436224K(9175040K), 0.1789793 secs] 9953047K->2112127K(65798144K), 0.1792766 secs] [Times: user=2.11 sys=0.87, real=0.18 secs] 
2023-10-19T09:53:03.887+0800: 57726.168: [GC (Allocation Failure) 2023-10-19T09:53:03.887+0800: 57726.168: [ParNew: 8300544K->409356K(9175040K), 0.1735434 secs] 9976447K->2092611K(65798144K), 0.1738264 secs] [Times: user=1.81 sys=1.08, real=0.17 secs] 
2023-10-19T09:54:46.565+0800: 57828.846: [GC (Allocation Failure) 2023-10-19T09:54:46.565+0800: 57828.846: [ParNew: 8273676K->426275K(9175040K), 0.1747941 secs] 9956931K->2117249K(65798144K), 0.1750880 secs] [Times: user=1.97 sys=0.94, real=0.18 secs] 
2023-10-19T09:56:24.494+0800: 57926.775: [GC (Allocation Failure) 2023-10-19T09:56:24.494+0800: 57926.775: [ParNew: 8290595K->385320K(9175040K), 0.1518619 secs] 9981569K->2083634K(65798144K), 0.1521502 secs] [Times: user=1.45 sys=1.05, real=0.16 secs] 
2023-10-19T09:58:14.009+0800: 58036.291: [GC (Allocation Failure) 2023-10-19T09:58:14.010+0800: 58036.291: [ParNew: 8249640K->393264K(9175040K), 0.1499439 secs] 9947954K->2098934K(65798144K), 0.1502602 secs] [Times: user=1.58 sys=0.89, real=0.15 secs] 
2023-10-19T10:01:18.363+0800: 58220.644: [GC (Allocation Failure) 2023-10-19T10:01:18.363+0800: 58220.645: [ParNew: 8257584K->298976K(9175040K), 0.1672791 secs] 9963254K->2012305K(65798144K), 0.1676301 secs] [Times: user=1.75 sys=1.04, real=0.17 secs] 
2023-10-19T10:04:48.792+0800: 58431.073: [GC (Allocation Failure) 2023-10-19T10:04:48.792+0800: 58431.073: [ParNew: 8163296K->286701K(9175040K), 0.1631485 secs] 9876625K->2007330K(65798144K), 0.1634198 secs] [Times: user=1.77 sys=0.94, real=0.16 secs] 
2023-10-19T10:08:33.571+0800: 58655.852: [GC (Allocation Failure) 2023-10-19T10:08:33.571+0800: 58655.852: [ParNew: 8151021K->284503K(9175040K), 0.1655165 secs] 9871650K->2012470K(65798144K), 0.1657919 secs] [Times: user=1.78 sys=0.96, real=0.17 secs] 
2023-10-19T10:10:49.411+0800: 58791.693: [GC (Allocation Failure) 2023-10-19T10:10:49.412+0800: 58791.693: [ParNew: 8148823K->315439K(9175040K), 0.1630396 secs] 9876790K->2051050K(65798144K), 0.1633889 secs] [Times: user=1.72 sys=0.97, real=0.16 secs] 
2023-10-19T10:13:08.565+0800: 58930.846: [GC (Allocation Failure) 2023-10-19T10:13:08.565+0800: 58930.846: [ParNew: 8179759K->336962K(9175040K), 0.1556174 secs] 9915370K->2079939K(65798144K), 0.1558716 secs] [Times: user=1.68 sys=0.88, real=0.16 secs] 
2023-10-19T10:15:17.444+0800: 59059.725: [GC (Allocation Failure) 2023-10-19T10:15:17.444+0800: 59059.725: [ParNew: 8201282K->346750K(9175040K), 0.1892177 secs] 9944259K->2097076K(65798144K), 0.1894968 secs] [Times: user=2.06 sys=1.12, real=0.19 secs] 
2023-10-19T10:18:22.728+0800: 59245.010: [GC (Allocation Failure) 2023-10-19T10:18:22.729+0800: 59245.010: [ParNew: 8211070K->330526K(9175040K), 0.1704112 secs] 9961396K->2088477K(65798144K), 0.1706833 secs] [Times: user=1.84 sys=0.98, real=0.17 secs] 
2023-10-19T10:20:43.646+0800: 59385.927: [GC (Allocation Failure) 2023-10-19T10:20:43.646+0800: 59385.927: [ParNew: 8194846K->369204K(9175040K), 0.1691040 secs] 9952797K->2134122K(65798144K), 0.1693949 secs] [Times: user=1.69 sys=1.11, real=0.17 secs] 
2023-10-19T10:23:12.322+0800: 59534.603: [GC (Allocation Failure) 2023-10-19T10:23:12.322+0800: 59534.603: [ParNew: 8233524K->319022K(9175040K), 0.1805297 secs] 9998442K->2090800K(65798144K), 0.1807978 secs] [Times: user=2.07 sys=0.94, real=0.18 secs] 
2023-10-19T10:25:46.642+0800: 59688.923: [GC (Allocation Failure) 2023-10-19T10:25:46.642+0800: 59688.923: [ParNew: 8183342K->345267K(9175040K), 0.1698990 secs] 9955120K->2124099K(65798144K), 0.1702449 secs] [Times: user=1.71 sys=1.11, real=0.17 secs] 
2023-10-19T10:27:58.183+0800: 59820.465: [GC (Allocation Failure) 2023-10-19T10:27:58.184+0800: 59820.465: [ParNew: 8209587K->357917K(9175040K), 0.1658738 secs] 9988419K->2144108K(65798144K), 0.1661945 secs] [Times: user=1.81 sys=0.94, real=0.17 secs] 
2023-10-19T10:30:45.500+0800: 59987.781: [GC (Allocation Failure) 2023-10-19T10:30:45.500+0800: 59987.781: [ParNew: 8222237K->307803K(9175040K), 0.1739471 secs] 10008428K->2101460K(65798144K), 0.1742678 secs] [Times: user=1.91 sys=0.99, real=0.17 secs] 
2023-10-19T10:32:51.886+0800: 60114.167: [GC (Allocation Failure) 2023-10-19T10:32:51.886+0800: 60114.168: [ParNew: 8172123K->371643K(9175040K), 0.1497651 secs] 9965780K->2172284K(65798144K), 0.1500327 secs] [Times: user=1.48 sys=0.98, real=0.15 secs] 
2023-10-19T10:34:41.849+0800: 60224.130: [GC (Allocation Failure) 2023-10-19T10:34:41.849+0800: 60224.130: [ParNew: 8235963K->376490K(9175040K), 0.1650417 secs] 10036604K->2184722K(65798144K), 0.1653090 secs] [Times: user=1.73 sys=1.00, real=0.16 secs] 
2023-10-19T10:36:27.151+0800: 60329.433: [GC (Allocation Failure) 2023-10-19T10:36:27.152+0800: 60329.433: [ParNew: 8240810K->389660K(9175040K), 0.1456324 secs] 10049042K->2204807K(65798144K), 0.1459420 secs] [Times: user=1.55 sys=0.83, real=0.15 secs] 
2023-10-19T10:37:37.290+0800: 60399.571: [GC (Allocation Failure) 2023-10-19T10:37:37.290+0800: 60399.571: [ParNew: 8253980K->403582K(9175040K), 0.1618396 secs] 10069127K->2226082K(65798144K), 0.1621248 secs] [Times: user=1.84 sys=0.83, real=0.16 secs] 
2023-10-19T10:39:10.770+0800: 60493.051: [GC (Allocation Failure) 2023-10-19T10:39:10.770+0800: 60493.051: [ParNew: 8267902K->392587K(9175040K), 0.1718781 secs] 10090402K->2222041K(65798144K), 0.1721774 secs] [Times: user=1.82 sys=1.04, real=0.17 secs] 
2023-10-19T10:40:43.684+0800: 60585.965: [GC (Allocation Failure) 2023-10-19T10:40:43.684+0800: 60585.965: [ParNew: 8256907K->475684K(9175040K), 0.1398487 secs] 10086361K->2312527K(65798144K), 0.1401313 secs] [Times: user=1.45 sys=0.83, real=0.14 secs] 
2023-10-19T10:41:35.080+0800: 60637.361: [GC (Allocation Failure) 2023-10-19T10:41:35.080+0800: 60637.361: [ParNew: 8340004K->407605K(9175040K), 0.1780684 secs] 10176847K->2251956K(65798144K), 0.1783547 secs] [Times: user=2.06 sys=0.91, real=0.18 secs] 
2023-10-19T10:42:41.702+0800: 60703.983: [GC (Allocation Failure) 2023-10-19T10:42:41.702+0800: 60703.984: [ParNew: 8271925K->476603K(9175040K), 0.1757571 secs] 10116276K->2328320K(65798144K), 0.1760353 secs] [Times: user=2.05 sys=0.88, real=0.18 secs] 
2023-10-19T10:44:06.613+0800: 60788.894: [GC (Allocation Failure) 2023-10-19T10:44:06.613+0800: 60788.894: [ParNew: 8340923K->496832K(9175040K), 0.1814196 secs] 10192640K->2355926K(65798144K), 0.1816773 secs] [Times: user=2.14 sys=0.89, real=0.18 secs] 
2023-10-19T10:45:33.190+0800: 60875.472: [GC (Allocation Failure) 2023-10-19T10:45:33.190+0800: 60875.472: [ParNew: 8361152K->501225K(9175040K), 0.1701440 secs] 10220246K->2367850K(65798144K), 0.1704297 secs] [Times: user=2.00 sys=0.82, real=0.17 secs] 
2023-10-19T10:46:39.520+0800: 60941.801: [GC (Allocation Failure) 2023-10-19T10:46:39.520+0800: 60941.801: [ParNew: 8365545K->492987K(9175040K), 0.1581019 secs] 10232170K->2366905K(65798144K), 0.1583770 secs] [Times: user=1.65 sys=0.95, real=0.16 secs] 
2023-10-19T10:47:40.139+0800: 61002.420: [GC (Allocation Failure) 2023-10-19T10:47:40.139+0800: 61002.421: [ParNew: 8357307K->489692K(9175040K), 0.1657551 secs] 10231225K->2371762K(65798144K), 0.1660568 secs] [Times: user=1.95 sys=0.80, real=0.16 secs] 
2023-10-19T10:48:43.312+0800: 61065.593: [GC (Allocation Failure) 2023-10-19T10:48:43.312+0800: 61065.593: [ParNew: 8354012K->497892K(9175040K), 0.1806768 secs] 10236082K->2387480K(65798144K), 0.1809663 secs] [Times: user=2.11 sys=0.90, real=0.18 secs] 
2023-10-19T10:49:55.697+0800: 61137.978: [GC (Allocation Failure) 2023-10-19T10:49:55.697+0800: 61137.979: [ParNew: 8362212K->485287K(9175040K), 0.1749654 secs] 10251800K->2382431K(65798144K), 0.1752699 secs] [Times: user=1.98 sys=0.94, real=0.17 secs] 
2023-10-19T10:51:08.521+0800: 61210.802: [GC (Allocation Failure) 2023-10-19T10:51:08.521+0800: 61210.802: [ParNew: 8349607K->491413K(9175040K), 0.1706240 secs] 10246751K->2396380K(65798144K), 0.1709073 secs] [Times: user=1.95 sys=0.87, real=0.17 secs] 
2023-10-19T10:52:05.874+0800: 61268.156: [GC (Allocation Failure) 2023-10-19T10:52:05.874+0800: 61268.156: [ParNew: 8355733K->482166K(9175040K), 0.1643134 secs] 10260700K->2394504K(65798144K), 0.1645930 secs] [Times: user=1.86 sys=0.96, real=0.17 secs] 
2023-10-19T10:52:59.307+0800: 61321.588: [GC (Allocation Failure) 2023-10-19T10:52:59.307+0800: 61321.588: [ParNew: 8346486K->521669K(9175040K), 0.1828439 secs] 10258824K->2441632K(65798144K), 0.1831221 secs] [Times: user=2.03 sys=1.02, real=0.18 secs] 
2023-10-19T10:53:44.470+0800: 61366.751: [GC (Allocation Failure) 2023-10-19T10:53:44.470+0800: 61366.752: [ParNew: 8385989K->523474K(9175040K), 0.1730637 secs] 10305952K->2450812K(65798144K), 0.1734051 secs] [Times: user=1.95 sys=0.93, real=0.17 secs] 
2023-10-19T10:54:34.434+0800: 61416.715: [GC (Allocation Failure) 2023-10-19T10:54:34.434+0800: 61416.715: [ParNew: 8387794K->534281K(9175040K), 0.2144451 secs] 10315132K->2469021K(65798144K), 0.2148349 secs] [Times: user=2.60 sys=1.01, real=0.22 secs] 
2023-10-19T10:55:34.465+0800: 61476.747: [GC (Allocation Failure) 2023-10-19T10:55:34.466+0800: 61476.747: [ParNew: 8398601K->526557K(9175040K), 0.2656042 secs] 10333341K->2468894K(65798144K), 0.2659513 secs] [Times: user=3.02 sys=1.51, real=0.27 secs] 
2023-10-19T10:56:39.458+0800: 61541.740: [GC (Allocation Failure) 2023-10-19T10:56:39.459+0800: 61541.740: [ParNew: 8390877K->588820K(9175040K), 0.1868951 secs] 10333214K->2538502K(65798144K), 0.1873110 secs] [Times: user=2.33 sys=0.77, real=0.19 secs] 
2023-10-19T10:57:40.386+0800: 61602.667: [GC (Allocation Failure) 2023-10-19T10:57:40.386+0800: 61602.668: [ParNew: 8453140K->580499K(9175040K), 0.1919121 secs] 10402822K->2537510K(65798144K), 0.1922641 secs] [Times: user=2.26 sys=0.95, real=0.19 secs] 
2023-10-19T10:58:44.415+0800: 61666.696: [GC (Allocation Failure) 2023-10-19T10:58:44.415+0800: 61666.696: [ParNew: 8444819K->569346K(9175040K), 0.2069213 secs] 10401830K->2533999K(65798144K), 0.2072700 secs] [Times: user=2.58 sys=0.91, real=0.21 secs] 
2023-10-19T10:59:44.362+0800: 61726.644: [GC (Allocation Failure) 2023-10-19T10:59:44.362+0800: 61726.644: [ParNew: 8433666K->526818K(9175040K), 0.1980154 secs] 10398319K->2498829K(65798144K), 0.1983443 secs] [Times: user=2.42 sys=0.90, real=0.20 secs] 
2023-10-19T11:00:39.174+0800: 61781.455: [GC (Allocation Failure) 2023-10-19T11:00:39.174+0800: 61781.456: [ParNew: 8391138K->547410K(9175040K), 0.1682892 secs] 10363149K->2526737K(65798144K), 0.1685767 secs] [Times: user=2.01 sys=0.78, real=0.17 secs] 
2023-10-19T11:01:16.701+0800: 61818.982: [GC (Allocation Failure) 2023-10-19T11:01:16.701+0800: 61818.983: [ParNew: 8411730K->537648K(9175040K), 0.1881149 secs] 10391057K->2524036K(65798144K), 0.1885047 secs] [Times: user=2.27 sys=0.87, real=0.19 secs] 
2023-10-19T11:02:09.264+0800: 61871.545: [GC (Allocation Failure) 2023-10-19T11:02:09.264+0800: 61871.545: [ParNew: 8401968K->577259K(9175040K), 0.1726280 secs] 10388356K->2571143K(65798144K), 0.1729082 secs] [Times: user=2.16 sys=0.70, real=0.18 secs] 
2023-10-19T11:03:03.023+0800: 61925.305: [GC (Allocation Failure) 2023-10-19T11:03:03.024+0800: 61925.305: [ParNew: 8441579K->560671K(9175040K), 0.1611939 secs] 10435463K->2562213K(65798144K), 0.1614888 secs] [Times: user=2.06 sys=0.58, real=0.16 secs] 
2023-10-19T11:03:44.342+0800: 61966.623: [GC (Allocation Failure) 2023-10-19T11:03:44.342+0800: 61966.623: [ParNew: 8424991K->625991K(9175040K), 0.1692060 secs] 10426533K->2634763K(65798144K), 0.1695232 secs] [Times: user=2.08 sys=0.70, real=0.17 secs] 
2023-10-19T11:04:34.237+0800: 62016.518: [GC (Allocation Failure) 2023-10-19T11:04:34.237+0800: 62016.518: [ParNew: 8490311K->640137K(9175040K), 0.1721298 secs] 10499083K->2656480K(65798144K), 0.1723931 secs] [Times: user=2.11 sys=0.74, real=0.17 secs] 
2023-10-19T11:05:33.035+0800: 62075.316: [GC (Allocation Failure) 2023-10-19T11:05:33.035+0800: 62075.316: [ParNew: 8504457K->646953K(9175040K), 0.1737150 secs] 10520800K->2670601K(65798144K), 0.1739973 secs] [Times: user=2.10 sys=0.77, real=0.18 secs] 
2023-10-19T11:06:15.899+0800: 62118.180: [GC (Allocation Failure) 2023-10-19T11:06:15.899+0800: 62118.180: [ParNew: 8511273K->483403K(9175040K), 0.1803357 secs] 10534921K->2514386K(65798144K), 0.1806922 secs] [Times: user=2.18 sys=0.82, real=0.18 secs] 
2023-10-19T11:07:21.183+0800: 62183.464: [GC (Allocation Failure) 2023-10-19T11:07:21.183+0800: 62183.465: [ParNew: 8347723K->612072K(9175040K), 0.1750778 secs] 10378706K->2650760K(65798144K), 0.1753451 secs] [Times: user=2.12 sys=0.77, real=0.18 secs] 
2023-10-19T11:08:05.266+0800: 62227.547: [GC (Allocation Failure) 2023-10-19T11:08:05.266+0800: 62227.547: [ParNew: 8476392K->623179K(9175040K), 0.1647250 secs] 10515080K->2669303K(65798144K), 0.1650341 secs] [Times: user=2.05 sys=0.67, real=0.17 secs] 
2023-10-19T11:09:02.632+0800: 62284.913: [GC (Allocation Failure) 2023-10-19T11:09:02.632+0800: 62284.913: [ParNew: 8487499K->606479K(9175040K), 0.1499364 secs] 10533623K->2660311K(65798144K), 0.1502203 secs] [Times: user=1.72 sys=0.72, real=0.15 secs] 
2023-10-19T11:09:50.695+0800: 62332.976: [GC (Allocation Failure) 2023-10-19T11:09:50.695+0800: 62332.976: [ParNew: 8470799K->608653K(9175040K), 0.1463443 secs] 10524631K->2669884K(65798144K), 0.1466931 secs] [Times: user=1.60 sys=0.78, real=0.15 secs] 
2023-10-19T11:10:36.877+0800: 62379.158: [GC (Allocation Failure) 2023-10-19T11:10:36.877+0800: 62379.158: [ParNew: 8472973K->632776K(9175040K), 0.1878115 secs] 10534204K->2701395K(65798144K), 0.1881340 secs] [Times: user=2.26 sys=0.85, real=0.18 secs] 
2023-10-19T11:11:25.793+0800: 62428.074: [GC (Allocation Failure) 2023-10-19T11:11:25.793+0800: 62428.075: [ParNew: 8497096K->591073K(9175040K), 0.1824610 secs] 10565715K->2667319K(65798144K), 0.1827680 secs] [Times: user=2.20 sys=0.82, real=0.19 secs] 
2023-10-19T11:12:24.990+0800: 62487.271: [GC (Allocation Failure) 2023-10-19T11:12:24.990+0800: 62487.271: [ParNew: 8455393K->621797K(9175040K), 0.1689974 secs] 10531639K->2705503K(65798144K), 0.1693078 secs] [Times: user=2.07 sys=0.72, real=0.17 secs] 
2023-10-19T11:13:28.703+0800: 62550.985: [GC (Allocation Failure) 2023-10-19T11:13:28.704+0800: 62550.985: [ParNew: 8486117K->595974K(9175040K), 0.1873426 secs] 10569823K->2687340K(65798144K), 0.1876556 secs] [Times: user=2.37 sys=0.75, real=0.19 secs] 
2023-10-19T11:14:05.952+0800: 62588.234: [GC (Allocation Failure) 2023-10-19T11:14:05.953+0800: 62588.234: [ParNew: 8460294K->597712K(9175040K), 0.1849889 secs] 10551660K->2696556K(65798144K), 0.1853714 secs] [Times: user=2.23 sys=0.83, real=0.19 secs] 
2023-10-19T11:14:56.612+0800: 62638.893: [GC (Allocation Failure) 2023-10-19T11:14:56.612+0800: 62638.893: [ParNew: 8462032K->601397K(9175040K), 0.1818366 secs] 10560876K->2707638K(65798144K), 0.1822040 secs] [Times: user=2.10 sys=0.91, real=0.18 secs] 
2023-10-19T11:15:42.150+0800: 62684.432: [GC (Allocation Failure) 2023-10-19T11:15:42.151+0800: 62684.432: [ParNew: 8465717K->598294K(9175040K), 0.1681093 secs] 10571958K->2712239K(65798144K), 0.1684186 secs] [Times: user=2.13 sys=0.62, real=0.17 secs] 
2023-10-19T11:16:20.672+0800: 62722.953: [GC (Allocation Failure) 2023-10-19T11:16:20.672+0800: 62722.953: [ParNew: 8462614K->594973K(9175040K), 0.2017553 secs] 10576559K->2716308K(65798144K), 0.2020872 secs] [Times: user=2.77 sys=0.81, real=0.20 secs] 
2023-10-19T11:16:53.260+0800: 62755.542: [GC (Allocation Failure) 2023-10-19T11:16:53.261+0800: 62755.542: [ParNew: 8459293K->597754K(9175040K), 0.1946741 secs] 10580628K->2726447K(65798144K), 0.1950787 secs] [Times: user=2.29 sys=0.97, real=0.19 secs] 
2023-10-19T11:17:38.792+0800: 62801.073: [GC (Allocation Failure) 2023-10-19T11:17:38.792+0800: 62801.073: [ParNew: 8462074K->630148K(9175040K), 0.1939497 secs] 10590767K->2766502K(65798144K), 0.1944254 secs] [Times: user=2.16 sys=1.02, real=0.20 secs] 
2023-10-19T11:18:20.021+0800: 62842.302: [GC (Allocation Failure) 2023-10-19T11:18:20.021+0800: 62842.303: [ParNew: 8494468K->621625K(9175040K), 0.2004158 secs] 10630822K->2765400K(65798144K), 0.2007002 secs] [Times: user=2.30 sys=1.07, real=0.20 secs] 
2023-10-19T11:18:51.464+0800: 62873.745: [GC (Allocation Failure) 2023-10-19T11:18:51.464+0800: 62873.745: [ParNew: 8485945K->726846K(9175040K), 0.1998605 secs] 10629720K->2878307K(65798144K), 0.2001972 secs] [Times: user=2.55 sys=0.79, real=0.20 secs] 
2023-10-19T11:19:22.721+0800: 62905.003: [GC (Allocation Failure) 2023-10-19T11:19:22.722+0800: 62905.003: [ParNew: 8591166K->735899K(9175040K), 0.1870901 secs] 10742627K->2894808K(65798144K), 0.1874205 secs] [Times: user=2.15 sys=0.97, real=0.19 secs] 
2023-10-19T11:20:00.355+0800: 62942.637: [GC (Allocation Failure) 2023-10-19T11:20:00.356+0800: 62942.637: [ParNew: 8600219K->750735K(9175040K), 0.1961946 secs] 10759128K->2917326K(65798144K), 0.1965253 secs] [Times: user=2.23 sys=1.06, real=0.20 secs] 
2023-10-19T11:20:46.289+0800: 62988.570: [GC (Allocation Failure) 2023-10-19T11:20:46.289+0800: 62988.570: [ParNew: 8615055K->730070K(9175040K), 0.1768826 secs] 10781646K->2904081K(65798144K), 0.1771920 secs] [Times: user=2.03 sys=0.90, real=0.18 secs] 
2023-10-19T11:21:26.950+0800: 63029.232: [GC (Allocation Failure) 2023-10-19T11:21:26.951+0800: 63029.232: [ParNew: 8594390K->715922K(9175040K), 0.1847849 secs] 10768401K->2897338K(65798144K), 0.1851492 secs] [Times: user=2.16 sys=0.92, real=0.19 secs] 
2023-10-19T11:21:55.850+0800: 63058.131: [GC (Allocation Failure) 2023-10-19T11:21:55.850+0800: 63058.131: [ParNew: 8580242K->681988K(9175040K), 0.2177374 secs] 10761658K->2871029K(65798144K), 0.2180372 secs] [Times: user=2.51 sys=1.15, real=0.22 secs] 
2023-10-19T11:22:38.232+0800: 63100.514: [GC (Allocation Failure) 2023-10-19T11:22:38.233+0800: 63100.514: [ParNew: 8546308K->754361K(9175040K), 0.2013970 secs] 10735349K->2950804K(65798144K), 0.2018062 secs] [Times: user=2.19 sys=1.17, real=0.20 secs] 
2023-10-19T11:23:17.558+0800: 63139.839: [GC (Allocation Failure) 2023-10-19T11:23:17.558+0800: 63139.839: [ParNew: 8618681K->723319K(9175040K), 0.2140334 secs] 10815124K->2927226K(65798144K), 0.2143392 secs] [Times: user=2.67 sys=0.92, real=0.21 secs] 
2023-10-19T11:23:59.085+0800: 63181.367: [GC (Allocation Failure) 2023-10-19T11:23:59.085+0800: 63181.367: [ParNew: 8587639K->724845K(9175040K), 0.1808691 secs] 10791546K->2936438K(65798144K), 0.1811485 secs] [Times: user=2.00 sys=1.01, real=0.19 secs] 
2023-10-19T11:24:44.127+0800: 63226.408: [GC (Allocation Failure) 2023-10-19T11:24:44.127+0800: 63226.408: [ParNew: 8589165K->704020K(9175040K), 0.2043618 secs] 10800758K->2923611K(65798144K), 0.2046755 secs] [Times: user=2.51 sys=0.92, real=0.20 secs] 
2023-10-19T11:25:18.648+0800: 63260.929: [GC (Allocation Failure) 2023-10-19T11:25:18.648+0800: 63260.929: [ParNew: 8568340K->701475K(9175040K), 0.1882835 secs] 10787931K->2928482K(65798144K), 0.1886263 secs] [Times: user=2.06 sys=1.08, real=0.19 secs] 
2023-10-19T11:25:57.541+0800: 63299.822: [GC (Allocation Failure) 2023-10-19T11:25:57.541+0800: 63299.822: [ParNew: 8565795K->698160K(9175040K), 0.2200306 secs] 10792802K->2932861K(65798144K), 0.2203362 secs] [Times: user=2.76 sys=0.93, real=0.22 secs] 
2023-10-19T11:26:37.769+0800: 63340.050: [GC (Allocation Failure) 2023-10-19T11:26:37.769+0800: 63340.050: [ParNew: 8562480K->728331K(9175040K), 0.1748744 secs] 10797181K->2970479K(65798144K), 0.1752569 secs] [Times: user=2.03 sys=0.86, real=0.17 secs] 
2023-10-19T11:27:40.695+0800: 63402.977: [GC (Allocation Failure) 2023-10-19T11:27:40.696+0800: 63402.977: [ParNew: 8592651K->689108K(9175040K), 0.1999525 secs] 10834799K->2938848K(65798144K), 0.2003156 secs] [Times: user=2.33 sys=1.02, real=0.20 secs] 
2023-10-19T11:28:22.808+0800: 63445.090: [GC (Allocation Failure) 2023-10-19T11:28:22.809+0800: 63445.090: [ParNew: 8553428K->646223K(9175040K), 0.1908690 secs] 10803168K->2903228K(65798144K), 0.1912115 secs] [Times: user=2.22 sys=0.98, real=0.19 secs] 
2023-10-19T11:29:05.785+0800: 63488.066: [GC (Allocation Failure) 2023-10-19T11:29:05.785+0800: 63488.066: [ParNew: 8510543K->653089K(9175040K), 0.2382312 secs] 10767548K->2917477K(65798144K), 0.2385309 secs] [Times: user=2.71 sys=1.32, real=0.24 secs] 
2023-10-19T11:29:54.891+0800: 63537.172: [GC (Allocation Failure) 2023-10-19T11:29:54.891+0800: 63537.172: [ParNew: 8517409K->663452K(9175040K), 0.1825926 secs] 10781797K->2935436K(65798144K), 0.1828983 secs] [Times: user=1.97 sys=1.07, real=0.18 secs] 
2023-10-19T11:30:37.165+0800: 63579.446: [GC (Allocation Failure) 2023-10-19T11:30:37.165+0800: 63579.447: [ParNew: 8527772K->592710K(9175040K), 0.1782825 secs] 10799756K->2871903K(65798144K), 0.1786246 secs] [Times: user=1.88 sys=1.08, real=0.18 secs] 
2023-10-19T11:31:25.343+0800: 63627.624: [GC (Allocation Failure) 2023-10-19T11:31:25.343+0800: 63627.624: [ParNew: 8457030K->606324K(9175040K), 0.2097639 secs] 10736223K->2892601K(65798144K), 0.2100740 secs] [Times: user=2.38 sys=1.08, real=0.21 secs] 
2023-10-19T11:32:05.888+0800: 63668.169: [GC (Allocation Failure) 2023-10-19T11:32:05.888+0800: 63668.170: [ParNew: 8470644K->672391K(9175040K), 0.1839577 secs] 10756921K->2966275K(65798144K), 0.1842671 secs] [Times: user=2.27 sys=0.77, real=0.18 secs] 
2023-10-19T11:32:59.030+0800: 63721.311: [GC (Allocation Failure) 2023-10-19T11:32:59.030+0800: 63721.312: [ParNew: 8536711K->672528K(9175040K), 0.1975611 secs] 10830595K->2973769K(65798144K), 0.1979328 secs] [Times: user=2.33 sys=0.97, real=0.20 secs] 
2023-10-19T11:33:42.391+0800: 63764.672: [GC (Allocation Failure) 2023-10-19T11:33:42.391+0800: 63764.672: [ParNew: 8536848K->633736K(9175040K), 0.1983367 secs] 10838089K->2942650K(65798144K), 0.1986494 secs] [Times: user=2.67 sys=0.65, real=0.20 secs] 
2023-10-19T11:34:37.333+0800: 63819.614: [GC (Allocation Failure) 2023-10-19T11:34:37.333+0800: 63819.615: [ParNew: 8498056K->645338K(9175040K), 0.2189634 secs] 10806970K->2961739K(65798144K), 0.2193324 secs] [Times: user=2.55 sys=1.14, real=0.22 secs] 
2023-10-19T11:35:18.416+0800: 63860.697: [GC (Allocation Failure) 2023-10-19T11:35:18.416+0800: 63860.697: [ParNew: 8509658K->653100K(9175040K), 0.2036603 secs] 10826059K->2976946K(65798144K), 0.2040157 secs] [Times: user=2.17 sys=1.25, real=0.20 secs] 
2023-10-19T11:36:05.007+0800: 63907.288: [GC (Allocation Failure) 2023-10-19T11:36:05.007+0800: 63907.288: [ParNew: 8517420K->636016K(9175040K), 0.2002715 secs] 10841266K->2967494K(65798144K), 0.2006726 secs] [Times: user=2.32 sys=1.04, real=0.20 secs] 
2023-10-19T11:36:54.038+0800: 63956.320: [GC (Allocation Failure) 2023-10-19T11:36:54.039+0800: 63956.320: [ParNew: 8500336K->604313K(9175040K), 0.1974150 secs] 10831814K->2943180K(65798144K), 0.1976736 secs] [Times: user=2.30 sys=1.02, real=0.20 secs] 
2023-10-19T11:37:50.283+0800: 64012.565: [GC (Allocation Failure) 2023-10-19T11:37:50.284+0800: 64012.565: [ParNew: 8468633K->630260K(9175040K), 0.2512704 secs] 10807500K->2976490K(65798144K), 0.2516387 secs] [Times: user=2.86 sys=1.41, real=0.25 secs] 
2023-10-19T11:38:31.760+0800: 64054.041: [GC (Allocation Failure) 2023-10-19T11:38:31.760+0800: 64054.041: [ParNew: 8494580K->642875K(9175040K), 0.1879199 secs] 10840810K->2996769K(65798144K), 0.1882658 secs] [Times: user=2.18 sys=0.96, real=0.19 secs] 
2023-10-19T11:39:39.150+0800: 64121.431: [GC (Allocation Failure) 2023-10-19T11:39:39.150+0800: 64121.431: [ParNew: 8507195K->615501K(9175040K), 0.1905227 secs] 10861089K->2976697K(65798144K), 0.1908763 secs] [Times: user=2.16 sys=1.03, real=0.19 secs] 
2023-10-19T11:40:21.475+0800: 64163.756: [GC (Allocation Failure) 2023-10-19T11:40:21.475+0800: 64163.756: [ParNew: 8479821K->589047K(9175040K), 0.1976651 secs] 10841017K->2957684K(65798144K), 0.1980243 secs] [Times: user=2.23 sys=1.09, real=0.20 secs] 
2023-10-19T11:41:19.941+0800: 64222.222: [GC (Allocation Failure) 2023-10-19T11:41:19.941+0800: 64222.223: [ParNew: 8453367K->599028K(9175040K), 0.1897302 secs] 10822004K->2975369K(65798144K), 0.1900719 secs] [Times: user=1.92 sys=1.25, real=0.19 secs] 
2023-10-19T11:42:26.685+0800: 64288.967: [GC (Allocation Failure) 2023-10-19T11:42:26.685+0800: 64288.967: [ParNew: 8463348K->592441K(9175040K), 0.1898105 secs] 10839689K->2976149K(65798144K), 0.1901351 secs] [Times: user=2.22 sys=0.96, real=0.19 secs] 
2023-10-19T11:43:28.896+0800: 64351.177: [GC (Allocation Failure) 2023-10-19T11:43:28.896+0800: 64351.177: [ParNew: 8456761K->504331K(9175040K), 0.1783823 secs] 10840469K->2895906K(65798144K), 0.1787367 secs] [Times: user=2.10 sys=0.81, real=0.17 secs] 
2023-10-19T11:44:10.553+0800: 64392.835: [GC (Allocation Failure) 2023-10-19T11:44:10.554+0800: 64392.835: [ParNew: 8368651K->537821K(9175040K), 0.1638650 secs] 10760226K->2937452K(65798144K), 0.1642519 secs] [Times: user=1.79 sys=0.92, real=0.17 secs] 
2023-10-19T11:44:54.490+0800: 64436.771: [GC (Allocation Failure) 2023-10-19T11:44:54.490+0800: 64436.771: [ParNew: 8402141K->601828K(9175040K), 0.1927023 secs] 10801772K->3009265K(65798144K), 0.1930309 secs] [Times: user=2.36 sys=0.86, real=0.19 secs] 
2023-10-19T11:46:31.139+0800: 64533.420: [GC (Allocation Failure) 2023-10-19T11:46:31.139+0800: 64533.420: [ParNew: 8466148K->509240K(9175040K), 0.2083028 secs] 10873585K->2924659K(65798144K), 0.2086228 secs] [Times: user=2.47 sys=1.01, real=0.21 secs] 
2023-10-19T11:48:01.056+0800: 64623.337: [GC (Allocation Failure) 2023-10-19T11:48:01.056+0800: 64623.338: [ParNew: 8373560K->572750K(9175040K), 0.1928929 secs] 10788979K->2995931K(65798144K), 0.1932182 secs] [Times: user=2.34 sys=0.86, real=0.19 secs] 
2023-10-19T11:49:17.672+0800: 64699.953: [GC (Allocation Failure) 2023-10-19T11:49:17.672+0800: 64699.953: [ParNew: 8437070K->396461K(9175040K), 0.1737658 secs] 10860251K->2827393K(65798144K), 0.1741669 secs] [Times: user=1.78 sys=1.11, real=0.18 secs] 
2023-10-19T11:51:03.371+0800: 64805.653: [GC (Allocation Failure) 2023-10-19T11:51:03.371+0800: 64805.653: [ParNew: 8260781K->437879K(9175040K), 0.1808398 secs] 10691713K->2876778K(65798144K), 0.1811652 secs] [Times: user=1.89 sys=1.12, real=0.18 secs] 
2023-10-19T11:52:29.721+0800: 64892.002: [GC (Allocation Failure) 2023-10-19T11:52:29.721+0800: 64892.003: [ParNew: 8302199K->417587K(9175040K), 0.1719723 secs] 10741098K->2864189K(65798144K), 0.1722630 secs] [Times: user=1.86 sys=0.99, real=0.17 secs] 
2023-10-19T11:54:16.157+0800: 64998.439: [GC (Allocation Failure) 2023-10-19T11:54:16.158+0800: 64998.439: [ParNew: 8281907K->430481K(9175040K), 0.1821837 secs] 10728509K->2885093K(65798144K), 0.1824717 secs] [Times: user=2.03 sys=0.99, real=0.18 secs] 
2023-10-19T11:55:22.337+0800: 65064.618: [GC (Allocation Failure) 2023-10-19T11:55:22.337+0800: 65064.618: [ParNew: 8294801K->465951K(9175040K), 0.1678316 secs] 10749413K->2928312K(65798144K), 0.1681133 secs] [Times: user=1.92 sys=0.85, real=0.16 secs] 
2023-10-19T11:56:44.409+0800: 65146.690: [GC (Allocation Failure) 2023-10-19T11:56:44.409+0800: 65146.690: [ParNew: 8330271K->416422K(9175040K), 0.1829812 secs] 10792632K->2886644K(65798144K), 0.1833183 secs] [Times: user=2.25 sys=0.79, real=0.18 secs] 
2023-10-19T11:57:43.854+0800: 65206.135: [GC (Allocation Failure) 2023-10-19T11:57:43.854+0800: 65206.135: [ParNew: 8280742K->494042K(9175040K), 0.1934747 secs] 10750964K->2971885K(65798144K), 0.1937502 secs] [Times: user=2.28 sys=0.93, real=0.20 secs] 
2023-10-19T11:58:38.866+0800: 65261.147: [GC (Allocation Failure) 2023-10-19T11:58:38.866+0800: 65261.147: [ParNew: 8358362K->535290K(9175040K), 0.1706753 secs] 10836205K->3020968K(65798144K), 0.1710323 secs] [Times: user=1.77 sys=1.06, real=0.17 secs] 
2023-10-19T11:59:42.981+0800: 65325.263: [GC (Allocation Failure) 2023-10-19T11:59:42.981+0800: 65325.263: [ParNew: 8399610K->564545K(9175040K), 0.1883418 secs] 10885288K->3057729K(65798144K), 0.1886174 secs] [Times: user=2.25 sys=0.88, real=0.19 secs] 
2023-10-19T12:01:20.740+0800: 65423.021: [GC (Allocation Failure) 2023-10-19T12:01:20.740+0800: 65423.021: [ParNew: 8428865K->489449K(9175040K), 0.1553818 secs] 10922049K->2990398K(65798144K), 0.1556486 secs] [Times: user=1.75 sys=0.80, real=0.15 secs] 
2023-10-19T12:02:30.303+0800: 65492.584: [GC (Allocation Failure) 2023-10-19T12:02:30.303+0800: 65492.584: [ParNew: 8353769K->506014K(9175040K), 0.2198386 secs] 10854718K->3014724K(65798144K), 0.2202334 secs] [Times: user=2.51 sys=1.21, real=0.22 secs] 
2023-10-19T12:04:23.031+0800: 65605.312: [GC (Allocation Failure) 2023-10-19T12:04:23.031+0800: 65605.312: [ParNew: 8370334K->407128K(9175040K), 0.1896356 secs] 10879044K->2923924K(65798144K), 0.1899925 secs] [Times: user=2.08 sys=1.09, real=0.19 secs] 
2023-10-19T12:06:48.288+0800: 65750.569: [GC (Allocation Failure) 2023-10-19T12:06:48.288+0800: 65750.570: [ParNew: 8271448K->381696K(9175040K), 0.1863145 secs] 10788244K->2906361K(65798144K), 0.1866057 secs] [Times: user=2.02 sys=1.08, real=0.18 secs] 
2023-10-19T12:09:08.151+0800: 65890.432: [GC (Allocation Failure) 2023-10-19T12:09:08.151+0800: 65890.432: [ParNew: 8246016K->388877K(9175040K), 0.1738740 secs] 10770681K->2921505K(65798144K), 0.1741471 secs] [Times: user=1.80 sys=1.08, real=0.17 secs] 
2023-10-19T12:12:06.321+0800: 66068.602: [GC (Allocation Failure) 2023-10-19T12:12:06.321+0800: 66068.602: [ParNew: 8253197K->355225K(9175040K), 0.1812165 secs] 10785825K->2896232K(65798144K), 0.1815501 secs] [Times: user=2.01 sys=1.01, real=0.18 secs] 
2023-10-19T12:18:32.965+0800: 66455.246: [GC (Allocation Failure) 2023-10-19T12:18:32.965+0800: 66455.246: [ParNew: 8219545K->273415K(9175040K), 0.1745763 secs] 10760552K->2822626K(65798144K), 0.1748427 secs] [Times: user=1.75 sys=1.14, real=0.18 secs] 
2023-10-19T12:25:29.080+0800: 66871.361: [GC (Allocation Failure) 2023-10-19T12:25:29.080+0800: 66871.361: [ParNew: 8137735K->251877K(9175040K), 0.1701761 secs] 10686946K->2809350K(65798144K), 0.1704513 secs] [Times: user=1.84 sys=0.97, real=0.17 secs] 
2023-10-19T12:30:40.923+0800: 67183.205: [GC (Allocation Failure) 2023-10-19T12:30:40.924+0800: 67183.205: [ParNew: 8116197K->274584K(9175040K), 0.1688644 secs] 10673670K->2840582K(65798144K), 0.1691882 secs] [Times: user=1.70 sys=1.10, real=0.17 secs] 
2023-10-19T12:39:32.470+0800: 67714.751: [GC (Allocation Failure) 2023-10-19T12:39:32.470+0800: 67714.751: [ParNew: 8138904K->222702K(9175040K), 0.1642743 secs] 10704902K->2796711K(65798144K), 0.1645404 secs] [Times: user=1.71 sys=1.01, real=0.16 secs] 
2023-10-19T13:24:02.913+0800: 70385.195: [GC (Allocation Failure) 2023-10-19T13:24:02.913+0800: 70385.195: [ParNew: 8087022K->216792K(9175040K), 0.1601942 secs] 10661031K->2798590K(65798144K), 0.1604495 secs] [Times: user=1.62 sys=0.96, real=0.16 secs] 
2023-10-19T13:54:16.354+0800: 72198.635: [GC (Allocation Failure) 2023-10-19T13:54:16.354+0800: 72198.636: [ParNew: 8081112K->232907K(9175040K), 0.1611550 secs] 10662910K->2822678K(65798144K), 0.1614901 secs] [Times: user=1.70 sys=0.98, real=0.16 secs] 
2023-10-19T14:03:13.017+0800: 72735.298: [GC (Allocation Failure) 2023-10-19T14:03:13.017+0800: 72735.298: [ParNew: 8097227K->227441K(9175040K), 0.1667004 secs] 10686998K->2824943K(65798144K), 0.1670186 secs] [Times: user=1.67 sys=1.09, real=0.16 secs] 
2023-10-19T14:08:32.759+0800: 73055.040: [GC (Allocation Failure) 2023-10-19T14:08:32.759+0800: 73055.040: [ParNew: 8091761K->279180K(9175040K), 0.1452631 secs] 10689263K->2884610K(65798144K), 0.1455431 secs] [Times: user=1.23 sys=1.14, real=0.14 secs] 
2023-10-19T14:13:29.234+0800: 73351.515: [GC (Allocation Failure) 2023-10-19T14:13:29.234+0800: 73351.515: [ParNew: 8143500K->271245K(9175040K), 0.1656691 secs] 10748930K->2884305K(65798144K), 0.1659744 secs] [Times: user=1.75 sys=0.98, real=0.17 secs] 
2023-10-19T14:18:10.794+0800: 73633.076: [GC (Allocation Failure) 2023-10-19T14:18:10.795+0800: 73633.076: [ParNew: 8135565K->273832K(9175040K), 0.1683150 secs] 10748625K->2894916K(65798144K), 0.1686402 secs] [Times: user=1.77 sys=1.02, real=0.17 secs] 
2023-10-19T14:54:37.810+0800: 75820.092: [GC (Allocation Failure) 2023-10-19T14:54:37.811+0800: 75820.092: [ParNew: 8138152K->229910K(9175040K), 0.1528705 secs] 10759236K->2858810K(65798144K), 0.1532687 secs] [Times: user=1.67 sys=0.86, real=0.16 secs] 
2023-10-19T14:56:13.362+0800: 75915.644: [GC (Allocation Failure) 2023-10-19T14:56:13.363+0800: 75915.644: [ParNew: 8094230K->308485K(9175040K), 0.1737852 secs] 10723130K->2945184K(65798144K), 0.1740601 secs] [Times: user=1.88 sys=1.00, real=0.18 secs] 
2023-10-19T14:57:41.003+0800: 76003.284: [GC (Allocation Failure) 2023-10-19T14:57:41.003+0800: 76003.285: [ParNew: 8172805K->350776K(9175040K), 0.1780177 secs] 10809504K->2995775K(65798144K), 0.1782851 secs] [Times: user=1.98 sys=0.99, real=0.18 secs] 
2023-10-19T15:00:35.760+0800: 76178.042: [GC (Allocation Failure) 2023-10-19T15:00:35.761+0800: 76178.042: [ParNew: 8215096K->359129K(9175040K), 0.1753619 secs] 10860095K->3012174K(65798144K), 0.1756431 secs] [Times: user=1.83 sys=1.09, real=0.18 secs] 
2023-10-19T15:02:28.362+0800: 76290.643: [GC (Allocation Failure) 2023-10-19T15:02:28.362+0800: 76290.643: [ParNew: 8223449K->341168K(9175040K), 0.1699870 secs] 10876494K->3001941K(65798144K), 0.1702709 secs] [Times: user=1.84 sys=0.98, real=0.17 secs] 
2023-10-19T15:03:21.635+0800: 76343.916: [GC (Allocation Failure) 2023-10-19T15:03:21.635+0800: 76343.916: [ParNew: 8205488K->360469K(9175040K), 0.1658866 secs] 10866261K->3028615K(65798144K), 0.1661604 secs] [Times: user=1.79 sys=0.96, real=0.17 secs] 
2023-10-19T15:04:06.483+0800: 76388.764: [GC (Allocation Failure) 2023-10-19T15:04:06.483+0800: 76388.764: [ParNew: 8224789K->408509K(9175040K), 0.1694714 secs] 10892935K->3083859K(65798144K), 0.1698807 secs] [Times: user=1.94 sys=0.86, real=0.17 secs] 
2023-10-19T15:04:52.132+0800: 76434.413: [GC (Allocation Failure) 2023-10-19T15:04:52.132+0800: 76434.413: [ParNew: 8272829K->456017K(9175040K), 0.1962857 secs] 10948179K->3138669K(65798144K), 0.1965888 secs] [Times: user=2.55 sys=0.74, real=0.20 secs] 
2023-10-19T15:05:48.395+0800: 76490.676: [GC (Allocation Failure) 2023-10-19T15:05:48.395+0800: 76490.676: [ParNew: 8320337K->485685K(9175040K), 0.1672298 secs] 11002989K->3175621K(65798144K), 0.1675653 secs] [Times: user=1.88 sys=0.88, real=0.17 secs] 
2023-10-19T15:07:12.379+0800: 76574.660: [GC (Allocation Failure) 2023-10-19T15:07:12.379+0800: 76574.661: [ParNew: 8350005K->533854K(9175040K), 0.1946112 secs] 11039941K->3226414K(65798144K), 0.1949427 secs] [Times: user=2.21 sys=0.97, real=0.19 secs] 
2023-10-19T15:08:48.596+0800: 76670.877: [GC (Allocation Failure) 2023-10-19T15:08:48.596+0800: 76670.878: [ParNew: 8398174K->522209K(9175040K), 0.1803761 secs] 11090734K->3219346K(65798144K), 0.1806732 secs] [Times: user=2.11 sys=0.87, real=0.18 secs] 
2023-10-19T15:10:34.629+0800: 76776.910: [GC (Allocation Failure) 2023-10-19T15:10:34.629+0800: 76776.910: [ParNew: 8386529K->446344K(9175040K), 0.2008310 secs] 11083666K->3150433K(65798144K), 0.2012155 secs] [Times: user=2.07 sys=1.29, real=0.20 secs] 
2023-10-19T15:11:54.701+0800: 76856.982: [GC (Allocation Failure) 2023-10-19T15:11:54.701+0800: 76856.982: [ParNew: 8310664K->462256K(9175040K), 0.2117902 secs] 11014753K->3173598K(65798144K), 0.2121062 secs] [Times: user=2.26 sys=1.29, real=0.21 secs] 
2023-10-19T15:13:15.481+0800: 76937.762: [GC (Allocation Failure) 2023-10-19T15:13:15.481+0800: 76937.762: [ParNew: 8326576K->461689K(9175040K), 0.1972248 secs] 11037918K->3181653K(65798144K), 0.1974993 secs] [Times: user=2.37 sys=0.93, real=0.20 secs] 
2023-10-19T15:14:39.366+0800: 77021.648: [GC (Allocation Failure) 2023-10-19T15:14:39.367+0800: 77021.648: [ParNew: 8326009K->446877K(9175040K), 0.2068329 secs] 11045973K->3174956K(65798144K), 0.2071886 secs] [Times: user=2.61 sys=0.89, real=0.20 secs] 
2023-10-19T15:16:04.510+0800: 77106.791: [GC (Allocation Failure) 2023-10-19T15:16:04.510+0800: 77106.791: [ParNew: 8311197K->446471K(9175040K), 0.1986613 secs] 11039276K->3178690K(65798144K), 0.1989592 secs] [Times: user=2.39 sys=0.94, real=0.20 secs] 
2023-10-19T15:17:01.622+0800: 77163.903: [GC (Allocation Failure) 2023-10-19T15:17:01.622+0800: 77163.903: [ParNew: 8310791K->463795K(9175040K), 0.2102647 secs] 11043010K->3203535K(65798144K), 0.2105814 secs] [Times: user=2.62 sys=0.88, real=0.21 secs] 
2023-10-19T15:17:58.658+0800: 77220.939: [GC (Allocation Failure) 2023-10-19T15:17:58.658+0800: 77220.939: [ParNew: 8328115K->520390K(9175040K), 0.2106971 secs] 11067855K->3267673K(65798144K), 0.2110340 secs] [Times: user=2.63 sys=0.91, real=0.21 secs] 
2023-10-19T15:19:12.312+0800: 77294.594: [GC (Allocation Failure) 2023-10-19T15:19:12.313+0800: 77294.594: [ParNew: 8384710K->540996K(9175040K), 0.1682204 secs] 11131993K->3296088K(65798144K), 0.1686390 secs] [Times: user=1.80 sys=0.97, real=0.17 secs] 
2023-10-19T15:20:40.085+0800: 77382.366: [GC (Allocation Failure) 2023-10-19T15:20:40.085+0800: 77382.366: [ParNew: 8405316K->415445K(9175040K), 0.2428438 secs] 11160408K->3178093K(65798144K), 0.2431376 secs] [Times: user=2.75 sys=1.35, real=0.25 secs] 
2023-10-19T15:21:47.277+0800: 77449.558: [GC (Allocation Failure) 2023-10-19T15:21:47.277+0800: 77449.558: [ParNew: 8279765K->479921K(9175040K), 0.1920757 secs] 11042413K->3250373K(65798144K), 0.1925098 secs] [Times: user=2.32 sys=0.88, real=0.19 secs] 
2023-10-19T15:22:43.307+0800: 77505.588: [GC (Allocation Failure) 2023-10-19T15:22:43.307+0800: 77505.588: [ParNew: 8344241K->503857K(9175040K), 0.1797125 secs] 11114693K->3281544K(65798144K), 0.1800257 secs] [Times: user=2.02 sys=0.96, real=0.18 secs] 
2023-10-19T15:23:44.842+0800: 77567.123: [GC (Allocation Failure) 2023-10-19T15:23:44.842+0800: 77567.123: [ParNew: 8368177K->568819K(9175040K), 0.2021779 secs] 11145864K->3354379K(65798144K), 0.2024571 secs] [Times: user=2.38 sys=0.98, real=0.20 secs] 
2023-10-19T15:25:37.697+0800: 77679.978: [GC (Allocation Failure) 2023-10-19T15:25:37.697+0800: 77679.978: [ParNew: 8433139K->407401K(9175040K), 0.2019537 secs] 11218699K->3200600K(65798144K), 0.2023445 secs] [Times: user=2.49 sys=0.89, real=0.20 secs] 
2023-10-19T15:26:37.256+0800: 77739.537: [GC (Allocation Failure) 2023-10-19T15:26:37.256+0800: 77739.538: [ParNew: 8271721K->499123K(9175040K), 0.2017658 secs] 11064920K->3300273K(65798144K), 0.2022552 secs] [Times: user=2.25 sys=1.13, real=0.20 secs] 
2023-10-19T15:28:08.701+0800: 77830.983: [GC (Allocation Failure) 2023-10-19T15:28:08.702+0800: 77830.983: [ParNew: 8363443K->455028K(9175040K), 0.1958908 secs] 11164593K->3263679K(65798144K), 0.1962586 secs] [Times: user=2.24 sys=1.03, real=0.20 secs] 
2023-10-19T15:29:19.554+0800: 77901.835: [GC (Allocation Failure) 2023-10-19T15:29:19.554+0800: 77901.835: [ParNew: 8319348K->451298K(9175040K), 0.1939699 secs] 11127999K->3267796K(65798144K), 0.1943207 secs] [Times: user=2.17 sys=1.08, real=0.20 secs] 
2023-10-19T15:30:39.742+0800: 77982.023: [GC (Allocation Failure) 2023-10-19T15:30:39.742+0800: 77982.024: [ParNew: 8315618K->491562K(9175040K), 0.2026741 secs] 11132116K->3315668K(65798144K), 0.2030181 secs] [Times: user=2.27 sys=1.14, real=0.20 secs] 
2023-10-19T15:31:56.812+0800: 78059.093: [GC (Allocation Failure) 2023-10-19T15:31:56.812+0800: 78059.094: [ParNew: 8355882K->438008K(9175040K), 0.2169654 secs] 11179988K->3269942K(65798144K), 0.2173628 secs] [Times: user=2.43 sys=1.22, real=0.22 secs] 
2023-10-19T15:33:03.202+0800: 78125.483: [GC (Allocation Failure) 2023-10-19T15:33:03.202+0800: 78125.483: [ParNew: 8302328K->493114K(9175040K), 0.2063731 secs] 11134262K->3332574K(65798144K), 0.2066564 secs] [Times: user=2.39 sys=1.08, real=0.21 secs] 
2023-10-19T15:33:55.836+0800: 78178.117: [GC (Allocation Failure) 2023-10-19T15:33:55.836+0800: 78178.117: [ParNew: 8357434K->500528K(9175040K), 0.1865998 secs] 11196894K->3347819K(65798144K), 0.1870018 secs] [Times: user=2.24 sys=0.87, real=0.18 secs] 
2023-10-19T15:35:14.981+0800: 78257.263: [GC (Allocation Failure) 2023-10-19T15:35:14.982+0800: 78257.263: [ParNew: 8364848K->496218K(9175040K), 0.1948933 secs] 11212139K->3351096K(65798144K), 0.1952427 secs] [Times: user=2.15 sys=1.11, real=0.20 secs] 
2023-10-19T15:36:24.432+0800: 78326.713: [GC (Allocation Failure) 2023-10-19T15:36:24.432+0800: 78326.714: [ParNew: 8360538K->512759K(9175040K), 0.2062361 secs] 11215416K->3375748K(65798144K), 0.2066245 secs] [Times: user=2.37 sys=1.09, real=0.21 secs] 
2023-10-19T15:37:27.357+0800: 78389.638: [GC (Allocation Failure) 2023-10-19T15:37:27.357+0800: 78389.638: [ParNew: 8377079K->526172K(9175040K), 0.2055877 secs] 11240068K->3397050K(65798144K), 0.2060010 secs] [Times: user=2.40 sys=1.05, real=0.20 secs] 
2023-10-19T15:38:26.954+0800: 78449.235: [GC (Allocation Failure) 2023-10-19T15:38:26.954+0800: 78449.235: [ParNew: 8390492K->548505K(9175040K), 0.1808412 secs] 11261370K->3427224K(65798144K), 0.1811963 secs] [Times: user=2.22 sys=0.80, real=0.18 secs] 
2023-10-19T15:39:15.995+0800: 78498.277: [GC (Allocation Failure) 2023-10-19T15:39:15.996+0800: 78498.277: [ParNew: 8412825K->463276K(9175040K), 0.1861917 secs] 11291544K->3349872K(65798144K), 0.1866101 secs] [Times: user=2.26 sys=0.83, real=0.19 secs] 
2023-10-19T15:40:01.039+0800: 78543.320: [GC (Allocation Failure) 2023-10-19T15:40:01.039+0800: 78543.320: [ParNew: 8327596K->554081K(9175040K), 0.1894901 secs] 11214192K->3448545K(65798144K), 0.1898097 secs] [Times: user=2.20 sys=0.97, real=0.19 secs] 
2023-10-19T15:40:53.001+0800: 78595.282: [GC (Allocation Failure) 2023-10-19T15:40:53.001+0800: 78595.283: [ParNew: 8418401K->569216K(9175040K), 0.1811614 secs] 11312865K->3471218K(65798144K), 0.1815517 secs] [Times: user=2.20 sys=0.80, real=0.18 secs] 
2023-10-19T15:41:40.012+0800: 78642.293: [GC (Allocation Failure) 2023-10-19T15:41:40.012+0800: 78642.294: [ParNew: 8433536K->530374K(9175040K), 0.1894876 secs] 11335538K->3440051K(65798144K), 0.1898545 secs] [Times: user=2.14 sys=1.02, real=0.19 secs] 
2023-10-19T15:42:53.997+0800: 78716.278: [GC (Allocation Failure) 2023-10-19T15:42:53.997+0800: 78716.278: [ParNew: 8394694K->582439K(9175040K), 0.1786911 secs] 11304371K->3499708K(65798144K), 0.1790560 secs] [Times: user=2.01 sys=0.96, real=0.18 secs] 
2023-10-19T15:44:00.720+0800: 78783.002: [GC (Allocation Failure) 2023-10-19T15:44:00.721+0800: 78783.002: [ParNew: 8446759K->597556K(9175040K), 0.1956671 secs] 11364028K->3522676K(65798144K), 0.1960972 secs] [Times: user=2.18 sys=1.10, real=0.20 secs] 
2023-10-19T15:44:47.848+0800: 78830.129: [GC (Allocation Failure) 2023-10-19T15:44:47.848+0800: 78830.130: [ParNew: 8461876K->474628K(9175040K), 0.1849261 secs] 11386996K->3407213K(65798144K), 0.1853120 secs] [Times: user=2.16 sys=0.90, real=0.18 secs] 
2023-10-19T15:45:43.035+0800: 78885.317: [GC (Allocation Failure) 2023-10-19T15:45:43.036+0800: 78885.317: [ParNew: 8338948K->515654K(9175040K), 0.1986315 secs] 11271533K->3455932K(65798144K), 0.1989893 secs] [Times: user=2.07 sys=1.25, real=0.20 secs] 
2023-10-19T15:46:31.791+0800: 78934.072: [GC (Allocation Failure) 2023-10-19T15:46:31.791+0800: 78934.072: [ParNew: 8379974K->534508K(9175040K), 0.1955557 secs] 11320252K->3482352K(65798144K), 0.1959000 secs] [Times: user=2.22 sys=1.06, real=0.20 secs] 
2023-10-19T15:47:31.248+0800: 78993.529: [GC (Allocation Failure) 2023-10-19T15:47:31.248+0800: 78993.530: [ParNew: 8398828K->534155K(9175040K), 0.1701377 secs] 11346672K->3489544K(65798144K), 0.1704658 secs] [Times: user=1.79 sys=1.02, real=0.17 secs] 
2023-10-19T15:48:35.399+0800: 79057.681: [GC (Allocation Failure) 2023-10-19T15:48:35.400+0800: 79057.681: [ParNew: 8398475K->602107K(9175040K), 0.1781398 secs] 11353864K->3565114K(65798144K), 0.1785047 secs] [Times: user=2.18 sys=0.78, real=0.18 secs] 
2023-10-19T15:49:30.603+0800: 79112.885: [GC (Allocation Failure) 2023-10-19T15:49:30.603+0800: 79112.885: [ParNew: 8466427K->476245K(9175040K), 0.1668761 secs] 11429434K->3446702K(65798144K), 0.1671937 secs] [Times: user=1.95 sys=0.80, real=0.17 secs] 
2023-10-19T15:50:23.462+0800: 79165.744: [GC (Allocation Failure) 2023-10-19T15:50:23.463+0800: 79165.744: [ParNew: 8340565K->582501K(9175040K), 0.1572265 secs] 11311022K->3560816K(65798144K), 0.1575127 secs] [Times: user=1.71 sys=0.87, real=0.16 secs] 
2023-10-19T15:51:13.710+0800: 79215.991: [GC (Allocation Failure) 2023-10-19T15:51:13.710+0800: 79215.991: [ParNew: 8446821K->606739K(9175040K), 0.1879541 secs] 11425136K->3592701K(65798144K), 0.1882533 secs] [Times: user=2.12 sys=1.02, real=0.19 secs] 
2023-10-19T15:51:58.509+0800: 79260.790: [GC (Allocation Failure) 2023-10-19T15:51:58.509+0800: 79260.790: [ParNew: 8471059K->567083K(9175040K), 0.1848831 secs] 11457021K->3560556K(65798144K), 0.1851595 secs] [Times: user=2.15 sys=0.92, real=0.18 secs] 
2023-10-19T15:52:47.126+0800: 79309.407: [GC (Allocation Failure) 2023-10-19T15:52:47.126+0800: 79309.408: [ParNew: 8431403K->634255K(9175040K), 0.2002710 secs] 11424876K->3635156K(65798144K), 0.2006959 secs] [Times: user=2.21 sys=1.15, real=0.20 secs] 
2023-10-19T15:53:35.949+0800: 79358.231: [GC (Allocation Failure) 2023-10-19T15:53:35.950+0800: 79358.231: [ParNew: 8498575K->605373K(9175040K), 0.2220184 secs] 11499476K->3613339K(65798144K), 0.2224500 secs] [Times: user=2.44 sys=1.29, real=0.22 secs] 
2023-10-19T15:54:34.021+0800: 79416.302: [GC (Allocation Failure) 2023-10-19T15:54:34.021+0800: 79416.302: [ParNew: 8469693K->662374K(9175040K), 0.1876485 secs] 11477659K->3677918K(65798144K), 0.1879443 secs] [Times: user=2.25 sys=0.88, real=0.19 secs] 
2023-10-19T15:55:19.669+0800: 79461.950: [GC (Allocation Failure) 2023-10-19T15:55:19.669+0800: 79461.951: [ParNew: 8526694K->521545K(9175040K), 0.1844952 secs] 11542238K->3544745K(65798144K), 0.1848020 secs] [Times: user=2.24 sys=0.85, real=0.18 secs] 
2023-10-19T15:56:06.285+0800: 79508.567: [GC (Allocation Failure) 2023-10-19T15:56:06.286+0800: 79508.567: [ParNew: 8385865K->599401K(9175040K), 0.2138788 secs] 11409065K->3630056K(65798144K), 0.2141536 secs] [Times: user=2.46 sys=1.11, real=0.22 secs] 
2023-10-19T15:56:53.584+0800: 79555.865: [GC (Allocation Failure) 2023-10-19T15:56:53.584+0800: 79555.865: [ParNew: 8463721K->644472K(9175040K), 0.1581617 secs] 11494376K->3682681K(65798144K), 0.1584731 secs] [Times: user=1.81 sys=0.80, real=0.16 secs] 
2023-10-19T15:57:36.985+0800: 79599.267: [GC (Allocation Failure) 2023-10-19T15:57:36.986+0800: 79599.267: [ParNew: 8508792K->628396K(9175040K), 0.1883731 secs] 11547001K->3674510K(65798144K), 0.1887416 secs] [Times: user=2.31 sys=0.82, real=0.19 secs] 
2023-10-19T15:58:13.624+0800: 79635.905: [GC (Allocation Failure) 2023-10-19T15:58:13.624+0800: 79635.905: [ParNew: 8492716K->636780K(9175040K), 0.1941844 secs] 11538830K->3690563K(65798144K), 0.1944956 secs] [Times: user=2.35 sys=0.88, real=0.20 secs] 
2023-10-19T15:58:52.325+0800: 79674.606: [GC (Allocation Failure) 2023-10-19T15:58:52.325+0800: 79674.606: [ParNew: 8501100K->711284K(9175040K), 0.1831651 secs] 11554883K->3772699K(65798144K), 0.1834692 secs] [Times: user=2.23 sys=0.82, real=0.19 secs] 
2023-10-19T15:59:30.542+0800: 79712.824: [GC (Allocation Failure) 2023-10-19T15:59:30.542+0800: 79712.824: [ParNew: 8575604K->562831K(9175040K), 0.2203608 secs] 11637019K->3632082K(65798144K), 0.2207149 secs] [Times: user=2.59 sys=1.13, real=0.22 secs] 
2023-10-19T16:00:10.326+0800: 79752.608: [GC (Allocation Failure) 2023-10-19T16:00:10.327+0800: 79752.608: [ParNew: 8427151K->688343K(9175040K), 0.2045567 secs] 11496402K->3765485K(65798144K), 0.2051367 secs] [Times: user=2.49 sys=1.14, real=0.20 secs] 
2023-10-19T16:00:59.084+0800: 79801.365: [GC (Allocation Failure) 2023-10-19T16:00:59.084+0800: 79801.365: [ParNew: 8552663K->648932K(9175040K), 0.2153691 secs] 11629805K->3733751K(65798144K), 0.2157430 secs] [Times: user=2.68 sys=0.94, real=0.22 secs] 
2023-10-19T16:01:46.493+0800: 79848.774: [GC (Allocation Failure) 2023-10-19T16:01:46.493+0800: 79848.774: [ParNew: 8513252K->702776K(9175040K), 0.2218239 secs] 11598071K->3795466K(65798144K), 0.2221535 secs] [Times: user=2.23 sys=1.51, real=0.22 secs] 
2023-10-19T16:03:14.199+0800: 79936.480: [GC (Allocation Failure) 2023-10-19T16:03:14.199+0800: 79936.480: [ParNew: 8567096K->614810K(9175040K), 0.2379388 secs] 11659786K->3715143K(65798144K), 0.2383384 secs] [Times: user=2.72 sys=1.30, real=0.24 secs] 
2023-10-19T16:04:43.941+0800: 80026.222: [GC (Allocation Failure) 2023-10-19T16:04:43.941+0800: 80026.222: [ParNew: 8479130K->459598K(9175040K), 0.2019150 secs] 11579463K->3567849K(65798144K), 0.2021965 secs] [Times: user=2.26 sys=1.13, real=0.20 secs] 
2023-10-19T16:05:51.632+0800: 80093.913: [GC (Allocation Failure) 2023-10-19T16:05:51.632+0800: 80093.913: [ParNew: 8323918K->502907K(9175040K), 0.1714269 secs] 11432169K->3618815K(65798144K), 0.1717379 secs] [Times: user=2.11 sys=0.72, real=0.17 secs] 
2023-10-19T16:06:44.382+0800: 80146.663: [GC (Allocation Failure) 2023-10-19T16:06:44.382+0800: 80146.663: [ParNew: 8367227K->521095K(9175040K), 0.1698604 secs] 11483135K->3644949K(65798144K), 0.1702340 secs] [Times: user=1.92 sys=0.87, real=0.17 secs] 
2023-10-19T16:08:05.273+0800: 80227.554: [GC (Allocation Failure) 2023-10-19T16:08:05.273+0800: 80227.554: [ParNew: 8385415K->462151K(9175040K), 0.2062308 secs] 11509269K->3593706K(65798144K), 0.2065295 secs] [Times: user=2.22 sys=1.25, real=0.21 secs] 
2023-10-19T16:09:22.975+0800: 80305.256: [GC (Allocation Failure) 2023-10-19T16:09:22.975+0800: 80305.256: [ParNew: 8326471K->514986K(9175040K), 0.2151184 secs] 11458026K->3654400K(65798144K), 0.2154508 secs] [Times: user=2.78 sys=0.83, real=0.22 secs] 
2023-10-19T16:10:47.614+0800: 80389.895: [GC (Allocation Failure) 2023-10-19T16:10:47.614+0800: 80389.895: [ParNew: 8379306K->514777K(9175040K), 0.1923879 secs] 11518720K->3661779K(65798144K), 0.1927489 secs] [Times: user=2.35 sys=0.87, real=0.20 secs] 
2023-10-19T16:12:01.696+0800: 80463.978: [GC (Allocation Failure) 2023-10-19T16:12:01.696+0800: 80463.978: [ParNew: 8379097K->496179K(9175040K), 0.1971302 secs] 11526099K->3651064K(65798144K), 0.1974570 secs] [Times: user=2.22 sys=1.07, real=0.19 secs] 
2023-10-19T16:13:12.881+0800: 80535.162: [GC (Allocation Failure) 2023-10-19T16:13:12.881+0800: 80535.163: [ParNew: 8360499K->477376K(9175040K), 0.1828308 secs] 11515384K->3639907K(65798144K), 0.1831239 secs] [Times: user=2.09 sys=0.95, real=0.18 secs] 
2023-10-19T16:14:31.545+0800: 80613.826: [GC (Allocation Failure) 2023-10-19T16:14:31.545+0800: 80613.826: [ParNew: 8341696K->488423K(9175040K), 0.1771097 secs] 11504227K->3658754K(65798144K), 0.1774488 secs] [Times: user=2.05 sys=0.89, real=0.18 secs] 
2023-10-19T16:16:01.600+0800: 80703.881: [GC (Allocation Failure) 2023-10-19T16:16:01.600+0800: 80703.882: [ParNew: 8352743K->497520K(9175040K), 0.1810496 secs] 11523074K->3675764K(65798144K), 0.1814536 secs] [Times: user=2.13 sys=0.87, real=0.18 secs] 
2023-10-19T16:16:56.394+0800: 80758.675: [GC (Allocation Failure) 2023-10-19T16:16:56.394+0800: 80758.675: [ParNew: 8361840K->440919K(9175040K), 0.2065353 secs] 11540084K->3626654K(65798144K), 0.2068449 secs] [Times: user=2.43 sys=1.03, real=0.21 secs] 
2023-10-19T16:18:22.505+0800: 80844.786: [GC (Allocation Failure) 2023-10-19T16:18:22.505+0800: 80844.786: [ParNew: 8305239K->507376K(9175040K), 0.1508206 secs] 11490974K->3700539K(65798144K), 0.1511238 secs] [Times: user=1.54 sys=0.91, real=0.16 secs] 
2023-10-19T16:19:38.818+0800: 80921.099: [GC (Allocation Failure) 2023-10-19T16:19:38.818+0800: 80921.099: [ParNew: 8371696K->482179K(9175040K), 0.1685097 secs] 11564859K->3683119K(65798144K), 0.1688446 secs] [Times: user=1.72 sys=1.07, real=0.17 secs] 
2023-10-19T16:21:03.555+0800: 81005.837: [GC (Allocation Failure) 2023-10-19T16:21:03.555+0800: 81005.837: [ParNew: 8346499K->467662K(9175040K), 0.1811924 secs] 11547439K->3676182K(65798144K), 0.1814728 secs] [Times: user=2.14 sys=0.87, real=0.19 secs] 
2023-10-19T16:22:50.330+0800: 81112.611: [GC (Allocation Failure) 2023-10-19T16:22:50.330+0800: 81112.611: [ParNew: 8331982K->464210K(9175040K), 0.1955364 secs] 11540502K->3684211K(65798144K), 0.1958738 secs] [Times: user=2.14 sys=1.11, real=0.19 secs] 
2023-10-19T16:24:29.073+0800: 81211.354: [GC (Allocation Failure) 2023-10-19T16:24:29.073+0800: 81211.355: [ParNew: 8328530K->466160K(9175040K), 0.1937324 secs] 11548531K->3693737K(65798144K), 0.1941106 secs] [Times: user=2.23 sys=1.02, real=0.20 secs] 
2023-10-19T16:25:31.610+0800: 81273.891: [GC (Allocation Failure) 2023-10-19T16:25:31.610+0800: 81273.891: [ParNew: 8330480K->429588K(9175040K), 0.2073196 secs] 11558057K->3665036K(65798144K), 0.2076497 secs] [Times: user=2.47 sys=1.02, real=0.21 secs] 
2023-10-19T16:26:33.065+0800: 81335.346: [GC (Allocation Failure) 2023-10-19T16:26:33.065+0800: 81335.346: [ParNew: 8293908K->462050K(9175040K), 0.1799094 secs] 11529356K->3705187K(65798144K), 0.1802548 secs] [Times: user=2.08 sys=0.91, real=0.18 secs] 
2023-10-19T16:27:39.150+0800: 81401.431: [GC (Allocation Failure) 2023-10-19T16:27:39.150+0800: 81401.431: [ParNew: 8326370K->507710K(9175040K), 0.1798985 secs] 11569507K->3758612K(65798144K), 0.1802389 secs] [Times: user=2.06 sys=0.94, real=0.18 secs] 
2023-10-19T16:28:51.031+0800: 81473.312: [GC (Allocation Failure) 2023-10-19T16:28:51.031+0800: 81473.312: [ParNew: 8372030K->566897K(9175040K), 0.2164875 secs] 11622932K->3825455K(65798144K), 0.2168275 secs] [Times: user=2.53 sys=1.12, real=0.22 secs] 
2023-10-19T16:30:27.015+0800: 81569.296: [GC (Allocation Failure) 2023-10-19T16:30:27.015+0800: 81569.297: [ParNew: 8431217K->423101K(9175040K), 0.2083382 secs] 11689775K->3689487K(65798144K), 0.2087065 secs] [Times: user=2.48 sys=1.03, real=0.21 secs] 
2023-10-19T16:31:19.513+0800: 81621.795: [GC (Allocation Failure) 2023-10-19T16:31:19.514+0800: 81621.795: [ParNew: 8287421K->465390K(9175040K), 0.2106365 secs] 11553807K->3739036K(65798144K), 0.2109230 secs] [Times: user=2.46 sys=1.08, real=0.21 secs] 
2023-10-19T16:32:40.818+0800: 81703.099: [GC (Allocation Failure) 2023-10-19T16:32:40.818+0800: 81703.099: [ParNew: 8329710K->484212K(9175040K), 0.1754579 secs] 11603356K->3765324K(65798144K), 0.1757439 secs] [Times: user=1.95 sys=0.96, real=0.17 secs] 
2023-10-19T16:34:31.461+0800: 81813.742: [GC (Allocation Failure) 2023-10-19T16:34:31.461+0800: 81813.742: [ParNew: 8348532K->462606K(9175040K), 0.1528976 secs] 11629644K->3751604K(65798144K), 0.1531760 secs] [Times: user=1.61 sys=0.90, real=0.15 secs] 
2023-10-19T16:35:42.863+0800: 81885.144: [GC (Allocation Failure) 2023-10-19T16:35:42.863+0800: 81885.145: [ParNew: 8326926K->471087K(9175040K), 0.1784642 secs] 11615924K->3767918K(65798144K), 0.1787798 secs] [Times: user=2.02 sys=0.95, real=0.18 secs] 
2023-10-19T16:37:44.228+0800: 82006.509: [GC (Allocation Failure) 2023-10-19T16:37:44.228+0800: 82006.510: [ParNew: 8335407K->429746K(9175040K), 0.1775859 secs] 11632238K->3734214K(65798144K), 0.1778722 secs] [Times: user=1.97 sys=0.98, real=0.18 secs] 
2023-10-19T16:38:56.609+0800: 82078.890: [GC (Allocation Failure) 2023-10-19T16:38:56.609+0800: 82078.890: [ParNew: 8294066K->438788K(9175040K), 0.1665934 secs] 11598534K->3751112K(65798144K), 0.1668636 secs] [Times: user=1.69 sys=1.05, real=0.17 secs] 
2023-10-19T16:40:13.325+0800: 82155.607: [GC (Allocation Failure) 2023-10-19T16:40:13.326+0800: 82155.607: [ParNew: 8303108K->464011K(9175040K), 0.1928936 secs] 11615432K->3783930K(65798144K), 0.1932259 secs] [Times: user=2.28 sys=0.95, real=0.20 secs] 
2023-10-19T16:41:25.779+0800: 82228.060: [GC (Allocation Failure) 2023-10-19T16:41:25.779+0800: 82228.060: [ParNew: 8328331K->455043K(9175040K), 0.1736356 secs] 11648250K->3782807K(65798144K), 0.1739590 secs] [Times: user=1.97 sys=0.90, real=0.17 secs] 
2023-10-19T16:42:42.107+0800: 82304.389: [GC (Allocation Failure) 2023-10-19T16:42:42.108+0800: 82304.389: [ParNew: 8319363K->490974K(9175040K), 0.1831063 secs] 11647127K->3826561K(65798144K), 0.1834029 secs] [Times: user=2.15 sys=0.91, real=0.18 secs] 
2023-10-19T16:43:45.259+0800: 82367.541: [GC (Allocation Failure) 2023-10-19T16:43:45.259+0800: 82367.541: [ParNew: 8355294K->529270K(9175040K), 0.1665111 secs] 11690881K->3872844K(65798144K), 0.1668352 secs] [Times: user=1.73 sys=1.12, real=0.17 secs] 
2023-10-19T16:44:40.860+0800: 82423.141: [GC (Allocation Failure) 2023-10-19T16:44:40.860+0800: 82423.141: [ParNew: 8393590K->505090K(9175040K), 0.1685954 secs] 11737164K->3856373K(65798144K), 0.1689518 secs] [Times: user=1.86 sys=0.93, real=0.17 secs] 
2023-10-19T16:45:46.712+0800: 82488.993: [GC (Allocation Failure) 2023-10-19T16:45:46.712+0800: 82488.993: [ParNew: 8369410K->473892K(9175040K), 0.1852854 secs] 11720693K->3833111K(65798144K), 0.1856016 secs] [Times: user=2.09 sys=1.00, real=0.19 secs] 
2023-10-19T16:47:55.015+0800: 82617.296: [GC (Allocation Failure) 2023-10-19T16:47:55.015+0800: 82617.296: [ParNew: 8338212K->489062K(9175040K), 0.1906891 secs] 11697431K->3855919K(65798144K), 0.1909883 secs] [Times: user=2.21 sys=1.03, real=0.20 secs] 
2023-10-19T16:48:39.560+0800: 82661.841: [GC (Allocation Failure) 2023-10-19T16:48:39.560+0800: 82661.842: [ParNew: 8353382K->486921K(9175040K), 0.1722233 secs] 11720239K->3861774K(65798144K), 0.1726464 secs] [Times: user=2.09 sys=0.78, real=0.17 secs] 
2023-10-19T16:49:19.708+0800: 82701.989: [GC (Allocation Failure) 2023-10-19T16:49:19.708+0800: 82701.989: [ParNew: 8351241K->550138K(9175040K), 0.1595158 secs] 11726094K->3932657K(65798144K), 0.1599023 secs] [Times: user=1.70 sys=0.94, real=0.16 secs] 
2023-10-19T16:49:53.281+0800: 82735.562: [GC (Allocation Failure) 2023-10-19T16:49:53.281+0800: 82735.562: [ParNew: 8414458K->526230K(9175040K), 0.1812110 secs] 11796977K->3916787K(65798144K), 0.1815571 secs] [Times: user=2.04 sys=0.98, real=0.18 secs] 
2023-10-19T16:50:18.955+0800: 82761.236: [GC (Allocation Failure) 2023-10-19T16:50:18.955+0800: 82761.236: [ParNew: 8390550K->538822K(9175040K), 0.1868758 secs] 11781107K->3937078K(65798144K), 0.1872697 secs] [Times: user=2.32 sys=0.79, real=0.19 secs] 
2023-10-19T16:50:47.213+0800: 82789.494: [GC (Allocation Failure) 2023-10-19T16:50:47.213+0800: 82789.495: [ParNew: 8403142K->556393K(9175040K), 0.1788676 secs] 11801398K->3962029K(65798144K), 0.1792725 secs] [Times: user=1.99 sys=0.98, real=0.18 secs] 
2023-10-19T16:51:18.309+0800: 82820.590: [GC (Allocation Failure) 2023-10-19T16:51:18.309+0800: 82820.590: [ParNew: 8420713K->644012K(9175040K), 0.1856376 secs] 11826349K->4057258K(65798144K), 0.1859948 secs] [Times: user=2.11 sys=0.98, real=0.18 secs] 
2023-10-19T16:51:54.340+0800: 82856.621: [GC (Allocation Failure) 2023-10-19T16:51:54.340+0800: 82856.622: [ParNew: 8508332K->659491K(9175040K), 0.1997515 secs] 11921578K->4080449K(65798144K), 0.2001043 secs] [Times: user=2.28 sys=1.06, real=0.20 secs] 
2023-10-19T16:52:27.434+0800: 82889.715: [GC (Allocation Failure) 2023-10-19T16:52:27.434+0800: 82889.715: [ParNew: 8523811K->747807K(9175040K), 0.1821189 secs] 11944769K->4176765K(65798144K), 0.1824586 secs] [Times: user=2.13 sys=0.89, real=0.19 secs] 
2023-10-19T16:52:58.936+0800: 82921.217: [GC (Allocation Failure) 2023-10-19T16:52:58.936+0800: 82921.217: [ParNew: 8612127K->762251K(9175040K), 0.1971312 secs] 12041085K->4198963K(65798144K), 0.1974979 secs] [Times: user=2.29 sys=1.00, real=0.19 secs] 
2023-10-19T16:53:30.455+0800: 82952.736: [GC (Allocation Failure) 2023-10-19T16:53:30.455+0800: 82952.737: [ParNew: 8626571K->821362K(9175040K), 0.1845397 secs] 12063283K->4266050K(65798144K), 0.1848572 secs] [Times: user=2.30 sys=0.76, real=0.19 secs] 
2023-10-19T16:54:03.225+0800: 82985.507: [GC (Allocation Failure) 2023-10-19T16:54:03.226+0800: 82985.507: [ParNew: 8685682K->651163K(9175040K), 0.1772218 secs] 12130370K->4103339K(65798144K), 0.1775117 secs] [Times: user=2.24 sys=0.70, real=0.18 secs] 
2023-10-19T16:54:41.324+0800: 83023.605: [GC (Allocation Failure) 2023-10-19T16:54:41.324+0800: 83023.605: [ParNew: 8515483K->806019K(9175040K), 0.1956819 secs] 11967659K->4266091K(65798144K), 0.1959610 secs] [Times: user=2.44 sys=0.82, real=0.20 secs] 
2023-10-19T16:55:15.455+0800: 83057.736: [GC (Allocation Failure) 2023-10-19T16:55:15.455+0800: 83057.736: [ParNew: 8670339K->802904K(9175040K), 0.1621265 secs] 12130411K->4270657K(65798144K), 0.1624570 secs] [Times: user=1.94 sys=0.72, real=0.17 secs] 
2023-10-19T16:55:41.796+0800: 83084.077: [GC (Allocation Failure) 2023-10-19T16:55:41.796+0800: 83084.077: [ParNew: 8667224K->784609K(9175040K), 0.2172662 secs] 12134977K->4260351K(65798144K), 0.2175719 secs] [Times: user=2.78 sys=0.87, real=0.22 secs] 
2023-10-19T16:56:05.720+0800: 83108.001: [GC (Allocation Failure) 2023-10-19T16:56:05.720+0800: 83108.001: [ParNew: 8648929K->830974K(9175040K), 0.1896159 secs] 12124671K->4314234K(65798144K), 0.1899653 secs] [Times: user=2.34 sys=0.72, real=0.19 secs] 
2023-10-19T16:56:39.968+0800: 83142.249: [GC (Allocation Failure) 2023-10-19T16:56:39.968+0800: 83142.249: [ParNew: 8695294K->828237K(9175040K), 0.1914541 secs] 12178554K->4318483K(65798144K), 0.1918580 secs] [Times: user=2.14 sys=1.04, real=0.19 secs] 
2023-10-19T16:57:07.092+0800: 83169.373: [GC (Allocation Failure) 2023-10-19T16:57:07.092+0800: 83169.373: [ParNew: 8692557K->614784K(9175040K), 0.1922718 secs] 12182803K->4112669K(65798144K), 0.1926074 secs] [Times: user=2.57 sys=0.64, real=0.19 secs] 
2023-10-19T16:57:41.389+0800: 83203.671: [GC (Allocation Failure) 2023-10-19T16:57:41.390+0800: 83203.671: [ParNew: 8479104K->786635K(9175040K), 0.2031206 secs] 11976989K->4291571K(65798144K), 0.2035220 secs] [Times: user=2.35 sys=1.05, real=0.20 secs] 
2023-10-19T16:58:08.253+0800: 83230.535: [GC (Allocation Failure) 2023-10-19T16:58:08.254+0800: 83230.535: [ParNew: 8650955K->808223K(9175040K), 0.1744325 secs] 12155891K->4320614K(65798144K), 0.1747759 secs] [Times: user=2.27 sys=0.62, real=0.18 secs] 
2023-10-19T16:58:38.677+0800: 83260.959: [GC (Allocation Failure) 2023-10-19T16:58:38.678+0800: 83260.959: [ParNew: 8672543K->786583K(9175040K), 0.2352260 secs] 12184934K->4306207K(65798144K), 0.2355630 secs] [Times: user=2.44 sys=1.53, real=0.23 secs] 
2023-10-19T16:59:11.663+0800: 83293.945: [GC (Allocation Failure) 2023-10-19T16:59:11.663+0800: 83293.945: [ParNew: 8650903K->801474K(9175040K), 0.2064393 secs] 12170527K->4328101K(65798144K), 0.2067733 secs] [Times: user=2.68 sys=0.79, real=0.21 secs] 
2023-10-19T16:59:46.466+0800: 83328.747: [GC (Allocation Failure) 2023-10-19T16:59:46.466+0800: 83328.748: [ParNew: 8665794K->817577K(9175040K), 0.1983494 secs] 12192421K->4351641K(65798144K), 0.1987121 secs] [Times: user=2.23 sys=1.09, real=0.19 secs] 
2023-10-19T17:00:24.270+0800: 83366.551: [GC (Allocation Failure) 2023-10-19T17:00:24.270+0800: 83366.551: [ParNew: 8681897K->773221K(9175040K), 0.1838444 secs] 12215961K->4314506K(65798144K), 0.1842084 secs] [Times: user=2.34 sys=0.86, real=0.18 secs] 
2023-10-19T17:00:55.622+0800: 83397.903: [GC (Allocation Failure) 2023-10-19T17:00:55.622+0800: 83397.904: [ParNew: 8637541K->803732K(9175040K), 0.2015116 secs] 12178826K->4352284K(65798144K), 0.2018696 secs] [Times: user=2.29 sys=1.09, real=0.20 secs] 
2023-10-19T17:01:40.093+0800: 83442.374: [GC (Allocation Failure) 2023-10-19T17:01:40.093+0800: 83442.375: [ParNew: 8668052K->585662K(9175040K), 0.1884817 secs] 12216604K->4141402K(65798144K), 0.1888300 secs] [Times: user=1.97 sys=1.18, real=0.19 secs] 
2023-10-19T17:02:26.358+0800: 83488.639: [GC (Allocation Failure) 2023-10-19T17:02:26.358+0800: 83488.639: [ParNew: 8449982K->623992K(9175040K), 0.2038232 secs] 12005722K->4186558K(65798144K), 0.2041815 secs] [Times: user=2.15 sys=1.27, real=0.20 secs] 
2023-10-19T17:03:06.510+0800: 83528.791: [GC (Allocation Failure) 2023-10-19T17:03:06.510+0800: 83528.791: [ParNew: 8488312K->688962K(9175040K), 0.1703368 secs] 12050878K->4258249K(65798144K), 0.1706914 secs] [Times: user=2.02 sys=0.77, real=0.17 secs] 
2023-10-19T17:03:47.784+0800: 83570.065: [GC (Allocation Failure) 2023-10-19T17:03:47.784+0800: 83570.065: [ParNew: 8553282K->670838K(9175040K), 0.2179597 secs] 12122569K->4246735K(65798144K), 0.2183129 secs] [Times: user=2.27 sys=1.41, real=0.22 secs] 
2023-10-19T17:04:40.600+0800: 83622.882: [GC (Allocation Failure) 2023-10-19T17:04:40.601+0800: 83622.882: [ParNew: 8535158K->659991K(9175040K), 0.1996206 secs] 12111055K->4242855K(65798144K), 0.2000672 secs] [Times: user=2.58 sys=0.88, real=0.20 secs] 
2023-10-19T17:05:30.359+0800: 83672.641: [GC (Allocation Failure) 2023-10-19T17:05:30.360+0800: 83672.641: [ParNew: 8524311K->700968K(9175040K), 0.2016116 secs] 12107175K->4290753K(65798144K), 0.2020634 secs] [Times: user=2.26 sys=1.12, real=0.20 secs] 
2023-10-19T17:06:11.992+0800: 83714.273: [GC (Allocation Failure) 2023-10-19T17:06:11.992+0800: 83714.273: [ParNew: 8565288K->539996K(9175040K), 0.2015072 secs] 12155073K->4136727K(65798144K), 0.2018914 secs] [Times: user=2.36 sys=1.02, real=0.20 secs] 
2023-10-19T17:06:53.335+0800: 83755.617: [GC (Allocation Failure) 2023-10-19T17:06:53.336+0800: 83755.617: [ParNew: 8404316K->565352K(9175040K), 0.2196018 secs] 12001047K->4169321K(65798144K), 0.2200046 secs] [Times: user=2.40 sys=1.30, real=0.22 secs] 
2023-10-19T17:07:48.534+0800: 83810.815: [GC (Allocation Failure) 2023-10-19T17:07:48.534+0800: 83810.816: [ParNew: 8429672K->583700K(9175040K), 0.2220849 secs] 12033641K->4195109K(65798144K), 0.2224678 secs] [Times: user=2.67 sys=1.07, real=0.23 secs] 
2023-10-19T17:08:27.994+0800: 83850.275: [GC (Allocation Failure) 2023-10-19T17:08:27.994+0800: 83850.275: [ParNew: 8448020K->631736K(9175040K), 0.1903546 secs] 12059429K->4250005K(65798144K), 0.1906831 secs] [Times: user=1.85 sys=1.31, real=0.19 secs] 
2023-10-19T17:09:07.618+0800: 83889.899: [GC (Allocation Failure) 2023-10-19T17:09:07.618+0800: 83889.899: [ParNew: 8496056K->675644K(9175040K), 0.1583857 secs] 12114325K->4300575K(65798144K), 0.1588292 secs] [Times: user=1.99 sys=0.62, real=0.16 secs] 
2023-10-19T17:10:01.832+0800: 83944.113: [GC (Allocation Failure) 2023-10-19T17:10:01.832+0800: 83944.113: [ParNew: 8539964K->663539K(9175040K), 0.1605395 secs] 12164895K->4295246K(65798144K), 0.1609267 secs] [Times: user=1.90 sys=0.87, real=0.16 secs] 
2023-10-19T17:10:58.712+0800: 84000.993: [GC (Allocation Failure) 2023-10-19T17:10:58.712+0800: 84000.994: [ParNew: 8527859K->662894K(9175040K), 0.2253922 secs] 12159566K->4301080K(65798144K), 0.2257029 secs] [Times: user=2.53 sys=1.28, real=0.23 secs] 
2023-10-19T17:11:45.831+0800: 84048.112: [GC (Allocation Failure) 2023-10-19T17:11:45.831+0800: 84048.113: [ParNew: 8527214K->692662K(9175040K), 0.1853822 secs] 12165400K->4337387K(65798144K), 0.1857692 secs] [Times: user=2.02 sys=1.00, real=0.19 secs] 
2023-10-19T17:13:05.499+0800: 84127.780: [GC (Allocation Failure) 2023-10-19T17:13:05.499+0800: 84127.780: [ParNew: 8556982K->497947K(9175040K), 0.1979103 secs] 12201707K->4149974K(65798144K), 0.1983140 secs] [Times: user=2.27 sys=1.04, real=0.20 secs] 
2023-10-19T17:14:39.039+0800: 84221.321: [GC (Allocation Failure) 2023-10-19T17:14:39.039+0800: 84221.321: [ParNew: 8362267K->538554K(9175040K), 0.1707768 secs] 12014294K->4197716K(65798144K), 0.1711048 secs] [Times: user=1.95 sys=0.88, real=0.17 secs] 
2023-10-19T17:16:20.260+0800: 84322.541: [GC (Allocation Failure) 2023-10-19T17:16:20.260+0800: 84322.541: [ParNew: 8402874K->377874K(9175040K), 0.2071549 secs] 12062036K->4044741K(65798144K), 0.2074762 secs] [Times: user=2.20 sys=1.28, real=0.21 secs] 
2023-10-19T17:17:50.812+0800: 84413.094: [GC (Allocation Failure) 2023-10-19T17:17:50.813+0800: 84413.094: [ParNew: 8242194K->434800K(9175040K), 0.1792806 secs] 11909061K->4109353K(65798144K), 0.1796886 secs] [Times: user=2.04 sys=0.93, real=0.18 secs] 
2023-10-19T17:19:24.675+0800: 84506.956: [GC (Allocation Failure) 2023-10-19T17:19:24.675+0800: 84506.957: [ParNew: 8299120K->406039K(9175040K), 0.1858742 secs] 11973673K->4088329K(65798144K), 0.1862006 secs] [Times: user=2.05 sys=1.03, real=0.19 secs] 
2023-10-19T17:21:07.187+0800: 84609.468: [GC (Allocation Failure) 2023-10-19T17:21:07.187+0800: 84609.469: [ParNew: 8270359K->418941K(9175040K), 0.1834762 secs] 11952649K->4109369K(65798144K), 0.1838118 secs] [Times: user=2.04 sys=1.02, real=0.18 secs] 
2023-10-19T17:23:35.009+0800: 84757.290: [GC (Allocation Failure) 2023-10-19T17:23:35.009+0800: 84757.290: [ParNew: 8283261K->369865K(9175040K), 0.1782033 secs] 11973689K->4068258K(65798144K), 0.1784798 secs] [Times: user=1.92 sys=1.03, real=0.18 secs] 
2023-10-19T17:25:33.311+0800: 84875.593: [GC (Allocation Failure) 2023-10-19T17:25:33.312+0800: 84875.593: [ParNew: 8234185K->423018K(9175040K), 0.2229620 secs] 11932578K->4129389K(65798144K), 0.2232573 secs] [Times: user=2.49 sys=1.27, real=0.22 secs] 
2023-10-19T17:27:35.915+0800: 84998.197: [GC (Allocation Failure) 2023-10-19T17:27:35.916+0800: 84998.197: [ParNew: 8287338K->350803K(9175040K), 0.1712621 secs] 11993709K->4065552K(65798144K), 0.1716805 secs] [Times: user=1.88 sys=0.95, real=0.18 secs] 
2023-10-19T17:29:07.697+0800: 85089.978: [GC (Allocation Failure) 2023-10-19T17:29:07.697+0800: 85089.978: [ParNew: 8215123K->380716K(9175040K), 0.1743906 secs] 11929872K->4103928K(65798144K), 0.1746935 secs] [Times: user=1.85 sys=1.06, real=0.17 secs] 
2023-10-19T17:30:44.510+0800: 85186.792: [GC (Allocation Failure) 2023-10-19T17:30:44.510+0800: 85186.792: [ParNew: 8245036K->438293K(9175040K), 0.1642297 secs] 11968248K->4169548K(65798144K), 0.1645053 secs] [Times: user=1.79 sys=0.93, real=0.16 secs] 
2023-10-19T17:32:03.701+0800: 85265.982: [GC (Allocation Failure) 2023-10-19T17:32:03.701+0800: 85265.982: [ParNew: 8302613K->432229K(9175040K), 0.1848165 secs] 12033868K->4171610K(65798144K), 0.1851563 secs] [Times: user=1.92 sys=1.15, real=0.19 secs] 
2023-10-19T17:34:01.631+0800: 85383.912: [GC (Allocation Failure) 2023-10-19T17:34:01.631+0800: 85383.912: [ParNew: 8296549K->447530K(9175040K), 0.1925385 secs] 12035930K->4195239K(65798144K), 0.1928241 secs] [Times: user=2.10 sys=1.12, real=0.19 secs] 
2023-10-19T17:36:00.058+0800: 85502.339: [GC (Allocation Failure) 2023-10-19T17:36:00.058+0800: 85502.339: [ParNew: 8311850K->387669K(9175040K), 0.1635308 secs] 12059559K->4143532K(65798144K), 0.1638883 secs] [Times: user=1.75 sys=0.94, real=0.16 secs] 
2023-10-19T17:39:04.154+0800: 85686.435: [GC (Allocation Failure) 2023-10-19T17:39:04.154+0800: 85686.435: [ParNew: 8251989K->351127K(9175040K), 0.1691953 secs] 12007852K->4114804K(65798144K), 0.1695268 secs] [Times: user=1.70 sys=1.11, real=0.17 secs] 
2023-10-19T17:41:44.332+0800: 85846.613: [GC (Allocation Failure) 2023-10-19T17:41:44.332+0800: 85846.613: [ParNew: 8215447K->338984K(9175040K), 0.1727485 secs] 11979124K->4110780K(65798144K), 0.1730304 secs] [Times: user=1.80 sys=1.07, real=0.17 secs] 
2023-10-19T17:44:55.575+0800: 86037.856: [GC (Allocation Failure) 2023-10-19T17:44:55.575+0800: 86037.856: [ParNew: 8203304K->355408K(9175040K), 0.1739234 secs] 11975100K->4135454K(65798144K), 0.1742097 secs] [Times: user=1.81 sys=1.08, real=0.18 secs] 
2023-10-19T17:46:53.638+0800: 86155.919: [GC (Allocation Failure) 2023-10-19T17:46:53.638+0800: 86155.919: [ParNew: 8219728K->317820K(9175040K), 0.1751353 secs] 11999774K->4106284K(65798144K), 0.1754171 secs] [Times: user=1.78 sys=1.14, real=0.17 secs] 
2023-10-19T17:49:14.095+0800: 86296.376: [GC (Allocation Failure) 2023-10-19T17:49:14.095+0800: 86296.376: [ParNew: 8182140K->317550K(9175040K), 0.1736806 secs] 11970604K->4114414K(65798144K), 0.1739544 secs] [Times: user=1.81 sys=1.06, real=0.18 secs] 
2023-10-19T17:52:34.541+0800: 86496.823: [GC (Allocation Failure) 2023-10-19T17:52:34.541+0800: 86496.823: [ParNew: 8181870K->363361K(9175040K), 0.1890432 secs] 11978734K->4168954K(65798144K), 0.1893290 secs] [Times: user=2.01 sys=1.15, real=0.19 secs] 
2023-10-19T17:56:16.988+0800: 86719.269: [GC (Allocation Failure) 2023-10-19T17:56:16.988+0800: 86719.269: [ParNew: 8227681K->299180K(9175040K), 0.1717814 secs] 12033274K->4113289K(65798144K), 0.1720618 secs] [Times: user=1.78 sys=1.07, real=0.17 secs] 
2023-10-19T18:00:01.405+0800: 86943.686: [GC (Allocation Failure) 2023-10-19T18:00:01.405+0800: 86943.687: [ParNew: 8163500K->338643K(9175040K), 0.1922852 secs] 11977609K->4161736K(65798144K), 0.1925966 secs] [Times: user=2.00 sys=1.21, real=0.20 secs] 
2023-10-19T18:04:04.484+0800: 87186.765: [GC (Allocation Failure) 2023-10-19T18:04:04.484+0800: 87186.766: [ParNew: 8202963K->307604K(9175040K), 0.1753817 secs] 12026056K->4139475K(65798144K), 0.1757096 secs] [Times: user=1.73 sys=1.19, real=0.18 secs] 
2023-10-19T18:08:11.142+0800: 87433.423: [GC (Allocation Failure) 2023-10-19T18:08:11.142+0800: 87433.423: [ParNew: 8171924K->306974K(9175040K), 0.1697007 secs] 12003795K->4147930K(65798144K), 0.1700218 secs] [Times: user=1.85 sys=0.96, real=0.17 secs] 
2023-10-19T18:11:11.496+0800: 87613.777: [GC (Allocation Failure) 2023-10-19T18:11:11.496+0800: 87613.777: [ParNew: 8171294K->323239K(9175040K), 0.1607373 secs] 12012250K->4172693K(65798144K), 0.1610145 secs] [Times: user=1.64 sys=1.01, real=0.16 secs] 
2023-10-19T18:15:25.306+0800: 87867.587: [GC (Allocation Failure) 2023-10-19T18:15:25.306+0800: 87867.587: [ParNew: 8187559K->259374K(9175040K), 0.1811176 secs] 12037013K->4117524K(65798144K), 0.1813825 secs] [Times: user=1.95 sys=1.07, real=0.18 secs] 
2023-10-19T18:19:15.277+0800: 88097.559: [GC (Allocation Failure) 2023-10-19T18:19:15.278+0800: 88097.559: [ParNew: 8123694K->309440K(9175040K), 0.1797907 secs] 11981844K->4175846K(65798144K), 0.1800795 secs] [Times: user=1.76 sys=1.25, real=0.18 secs] 
2023-10-19T18:21:53.869+0800: 88256.150: [GC (Allocation Failure) 2023-10-19T18:21:53.869+0800: 88256.150: [ParNew: 8173760K->327578K(9175040K), 0.1595206 secs] 12040166K->4202029K(65798144K), 0.1597805 secs] [Times: user=1.72 sys=0.92, real=0.16 secs] 
2023-10-19T18:24:18.337+0800: 88400.619: [GC (Allocation Failure) 2023-10-19T18:24:18.338+0800: 88400.619: [ParNew: 8191898K->339351K(9175040K), 0.1670880 secs] 12066349K->4221764K(65798144K), 0.1673579 secs] [Times: user=1.77 sys=0.99, real=0.16 secs] 
2023-10-19T18:26:38.116+0800: 88540.397: [GC (Allocation Failure) 2023-10-19T18:26:38.116+0800: 88540.398: [ParNew: 8203671K->335543K(9175040K), 0.1742309 secs] 12086084K->4226424K(65798144K), 0.1745130 secs] [Times: user=1.89 sys=1.01, real=0.17 secs] 
2023-10-19T18:28:51.493+0800: 88673.775: [GC (Allocation Failure) 2023-10-19T18:28:51.494+0800: 88673.775: [ParNew: 8199863K->356434K(9175040K), 0.1615664 secs] 12090744K->4255103K(65798144K), 0.1618761 secs] [Times: user=1.59 sys=1.09, real=0.16 secs] 
2023-10-19T18:30:59.462+0800: 88801.743: [GC (Allocation Failure) 2023-10-19T18:30:59.462+0800: 88801.743: [ParNew: 8220754K->362118K(9175040K), 0.1710407 secs] 12119423K->4269049K(65798144K), 0.1713107 secs] [Times: user=1.78 sys=1.05, real=0.17 secs] 
2023-10-19T18:34:30.336+0800: 89012.618: [GC (Allocation Failure) 2023-10-19T18:34:30.337+0800: 89012.618: [ParNew: 8226438K->279206K(9175040K), 0.1665448 secs] 12133369K->4194270K(65798144K), 0.1668132 secs] [Times: user=1.73 sys=1.03, real=0.16 secs] 
2023-10-19T18:39:09.179+0800: 89291.460: [GC (Allocation Failure) 2023-10-19T18:39:09.179+0800: 89291.460: [ParNew: 8143526K->282508K(9175040K), 0.1813755 secs] 12058590K->4206429K(65798144K), 0.1817027 secs] [Times: user=1.87 sys=1.15, real=0.18 secs] 
2023-10-19T18:42:30.311+0800: 89492.592: [GC (Allocation Failure) 2023-10-19T18:42:30.311+0800: 89492.592: [ParNew: 8146828K->299863K(9175040K), 0.1634115 secs] 12070749K->4232341K(65798144K), 0.1636993 secs] [Times: user=1.61 sys=1.10, real=0.16 secs] 
2023-10-19T18:45:30.499+0800: 89672.780: [GC (Allocation Failure) 2023-10-19T18:45:30.499+0800: 89672.780: [ParNew: 8164183K->312318K(9175040K), 0.1822414 secs] 12096661K->4252358K(65798144K), 0.1825358 secs] [Times: user=1.95 sys=1.09, real=0.18 secs] 
2023-10-19T18:48:21.756+0800: 89844.037: [GC (Allocation Failure) 2023-10-19T18:48:21.756+0800: 89844.038: [ParNew: 8176638K->349177K(9175040K), 0.1498253 secs] 12116678K->4296661K(65798144K), 0.1501027 secs] [Times: user=1.44 sys=1.03, real=0.15 secs] 
2023-10-19T18:51:22.956+0800: 90025.237: [GC (Allocation Failure) 2023-10-19T18:51:22.956+0800: 90025.237: [ParNew: 8213497K->284126K(9175040K), 0.1743073 secs] 12160981K->4239234K(65798144K), 0.1745672 secs] [Times: user=1.88 sys=1.02, real=0.17 secs] 
2023-10-19T18:55:04.188+0800: 90246.469: [GC (Allocation Failure) 2023-10-19T18:55:04.188+0800: 90246.469: [ParNew: 8148446K->254943K(9175040K), 0.1687325 secs] 12103554K->4217551K(65798144K), 0.1690209 secs] [Times: user=1.74 sys=1.06, real=0.17 secs] 
2023-10-19T18:58:41.748+0800: 90464.030: [GC (Allocation Failure) 2023-10-19T18:58:41.749+0800: 90464.030: [ParNew: 8119263K->293725K(9175040K), 0.1635257 secs] 12081871K->4263423K(65798144K), 0.1639440 secs] [Times: user=1.69 sys=1.01, real=0.16 secs] 
2023-10-19T19:02:17.997+0800: 90680.278: [GC (Allocation Failure) 2023-10-19T19:02:17.997+0800: 90680.278: [ParNew: 8158045K->286518K(9175040K), 0.1610449 secs] 12127743K->4263240K(65798144K), 0.1613215 secs] [Times: user=1.63 sys=1.03, real=0.16 secs] 
2023-10-19T19:04:51.926+0800: 90834.207: [GC (Allocation Failure) 2023-10-19T19:04:51.926+0800: 90834.207: [ParNew: 8150838K->329105K(9175040K), 0.1553084 secs] 12127560K->4312189K(65798144K), 0.1555744 secs] [Times: user=1.60 sys=0.97, real=0.15 secs] 
2023-10-19T19:07:04.108+0800: 90966.390: [GC (Allocation Failure) 2023-10-19T19:07:04.108+0800: 90966.390: [ParNew: 8193425K->342466K(9175040K), 0.1718619 secs] 12176509K->4331868K(65798144K), 0.1721815 secs] [Times: user=1.85 sys=1.00, real=0.17 secs] 
2023-10-19T19:09:50.363+0800: 91132.644: [GC (Allocation Failure) 2023-10-19T19:09:50.363+0800: 91132.645: [ParNew: 8206786K->350189K(9175040K), 0.1645029 secs] 12196188K->4346823K(65798144K), 0.1647942 secs] [Times: user=1.66 sys=1.06, real=0.17 secs] 
2023-10-19T19:12:26.759+0800: 91289.041: [GC (Allocation Failure) 2023-10-19T19:12:26.760+0800: 91289.041: [ParNew: 8214509K->333548K(9175040K), 0.1780268 secs] 12211143K->4336434K(65798144K), 0.1783408 secs] [Times: user=1.95 sys=1.02, real=0.18 secs] 
2023-10-19T19:14:56.251+0800: 91438.532: [GC (Allocation Failure) 2023-10-19T19:14:56.251+0800: 91438.533: [ParNew: 8197868K->330484K(9175040K), 0.1707362 secs] 12200754K->4340688K(65798144K), 0.1710282 secs] [Times: user=1.65 sys=1.19, real=0.17 secs] 
2023-10-19T19:17:39.105+0800: 91601.386: [GC (Allocation Failure) 2023-10-19T19:17:39.105+0800: 91601.386: [ParNew: 8194804K->324551K(9175040K), 0.1784734 secs] 12205008K->4342468K(65798144K), 0.1788042 secs] [Times: user=1.93 sys=1.05, real=0.18 secs] 
2023-10-19T19:19:58.970+0800: 91741.251: [GC (Allocation Failure) 2023-10-19T19:19:58.970+0800: 91741.251: [ParNew: 8188871K->356835K(9175040K), 0.1660087 secs] 12206788K->4381721K(65798144K), 0.1663032 secs] [Times: user=1.75 sys=1.00, real=0.17 secs] 
2023-10-19T19:21:46.931+0800: 91849.212: [GC (Allocation Failure) 2023-10-19T19:21:46.931+0800: 91849.212: [ParNew: 8221155K->352645K(9175040K), 0.1808396 secs] 12246041K->4384840K(65798144K), 0.1811446 secs] [Times: user=1.97 sys=1.05, real=0.18 secs] 
2023-10-19T19:24:13.373+0800: 91995.654: [GC (Allocation Failure) 2023-10-19T19:24:13.373+0800: 91995.654: [ParNew: 8216965K->371637K(9175040K), 0.1753842 secs] 12249160K->4411461K(65798144K), 0.1756658 secs] [Times: user=1.96 sys=0.95, real=0.18 secs] 
2023-10-19T19:26:35.725+0800: 92138.006: [GC (Allocation Failure) 2023-10-19T19:26:35.725+0800: 92138.006: [ParNew: 8235957K->330760K(9175040K), 0.1633371 secs] 12275781K->4377825K(65798144K), 0.1636071 secs] [Times: user=1.68 sys=1.02, real=0.17 secs] 
2023-10-19T19:28:50.407+0800: 92272.688: [GC (Allocation Failure) 2023-10-19T19:28:50.407+0800: 92272.688: [ParNew: 8195080K->371690K(9175040K), 0.1736946 secs] 12242145K->4425677K(65798144K), 0.1739646 secs] [Times: user=1.80 sys=1.10, real=0.17 secs] 
2023-10-19T19:30:43.995+0800: 92386.277: [GC (Allocation Failure) 2023-10-19T19:30:43.995+0800: 92386.277: [ParNew: 8236010K->333997K(9175040K), 0.1616526 secs] 12289997K->4395101K(65798144K), 0.1619688 secs] [Times: user=1.76 sys=0.92, real=0.17 secs] 
2023-10-19T19:32:40.209+0800: 92502.491: [GC (Allocation Failure) 2023-10-19T19:32:40.209+0800: 92502.491: [ParNew: 8198317K->387031K(9175040K), 0.1633476 secs] 12259421K->4455705K(65798144K), 0.1636121 secs] [Times: user=1.78 sys=0.93, real=0.16 secs] 
2023-10-19T19:34:24.886+0800: 92607.168: [GC (Allocation Failure) 2023-10-19T19:34:24.887+0800: 92607.168: [ParNew: 8251351K->385073K(9175040K), 0.1651585 secs] 12320025K->4461030K(65798144K), 0.1654753 secs] [Times: user=1.73 sys=0.99, real=0.16 secs] 
2023-10-19T19:35:56.676+0800: 92698.958: [GC (Allocation Failure) 2023-10-19T19:35:56.677+0800: 92698.958: [ParNew: 8249393K->408282K(9175040K), 0.1606857 secs] 12325350K->4491449K(65798144K), 0.1609658 secs] [Times: user=1.73 sys=0.93, real=0.16 secs] 
2023-10-19T19:37:53.507+0800: 92815.788: [GC (Allocation Failure) 2023-10-19T19:37:53.507+0800: 92815.788: [ParNew: 8272602K->402887K(9175040K), 0.1626681 secs] 12355769K->4493186K(65798144K), 0.1629575 secs] [Times: user=1.79 sys=0.90, real=0.16 secs] 
2023-10-19T19:40:29.283+0800: 92971.564: [GC (Allocation Failure) 2023-10-19T19:40:29.283+0800: 92971.565: [ParNew: 8267207K->356959K(9175040K), 0.1655626 secs] 12357506K->4455148K(65798144K), 0.1658385 secs] [Times: user=1.72 sys=1.02, real=0.17 secs] 
2023-10-19T19:43:03.288+0800: 93125.570: [GC (Allocation Failure) 2023-10-19T19:43:03.288+0800: 93125.570: [ParNew: 8221272K->331445K(9175040K), 0.1723749 secs] 12319461K->4437033K(65798144K), 0.1726555 secs] [Times: user=1.82 sys=1.04, real=0.17 secs] 
2023-10-19T19:46:02.694+0800: 93304.975: [GC (Allocation Failure) 2023-10-19T19:46:02.694+0800: 93304.975: [ParNew: 8195765K->302816K(9175040K), 0.1564574 secs] 12301353K->4416181K(65798144K), 0.1567445 secs] [Times: user=1.60 sys=0.95, real=0.16 secs] 
2023-10-19T19:47:58.188+0800: 93420.470: [GC (Allocation Failure) 2023-10-19T19:47:58.189+0800: 93420.470: [ParNew: 8167136K->351631K(9175040K), 0.1713350 secs] 12280501K->4472421K(65798144K), 0.1716246 secs] [Times: user=1.76 sys=1.07, real=0.17 secs] 
2023-10-19T19:49:11.003+0800: 93493.284: [GC (Allocation Failure) 2023-10-19T19:49:11.003+0800: 93493.284: [ParNew: 8215951K->370122K(9175040K), 0.1759332 secs] 12336741K->4498280K(65798144K), 0.1761944 secs] [Times: user=1.79 sys=1.13, real=0.18 secs] 
2023-10-19T19:50:48.260+0800: 93590.541: [GC (Allocation Failure) 2023-10-19T19:50:48.260+0800: 93590.542: [ParNew: 8234442K->429416K(9175040K), 0.1722184 secs] 12362600K->4565246K(65798144K), 0.1724976 secs] [Times: user=1.95 sys=0.91, real=0.17 secs] 
2023-10-19T19:52:07.585+0800: 93669.866: [GC (Allocation Failure) 2023-10-19T19:52:07.585+0800: 93669.866: [ParNew: 8293736K->452081K(9175040K), 0.1837712 secs] 12429566K->4595469K(65798144K), 0.1840660 secs] [Times: user=2.07 sys=1.00, real=0.19 secs] 
2023-10-19T19:53:32.031+0800: 93754.312: [GC (Allocation Failure) 2023-10-19T19:53:32.031+0800: 93754.313: [ParNew: 8316401K->436930K(9175040K), 0.1741746 secs] 12459789K->4587631K(65798144K), 0.1745529 secs] [Times: user=2.05 sys=0.85, real=0.18 secs] 
2023-10-19T19:54:39.664+0800: 93821.945: [GC (Allocation Failure) 2023-10-19T19:54:39.664+0800: 93821.946: [ParNew: 8301250K->451317K(9175040K), 0.1745984 secs] 12451951K->4609171K(65798144K), 0.1749650 secs] [Times: user=1.95 sys=0.96, real=0.18 secs] 
2023-10-19T19:56:07.604+0800: 93909.885: [GC (Allocation Failure) 2023-10-19T19:56:07.604+0800: 93909.886: [ParNew: 8315637K->456470K(9175040K), 0.1752567 secs] 12473491K->4621548K(65798144K), 0.1755574 secs] [Times: user=1.98 sys=0.93, real=0.18 secs] 
2023-10-19T19:57:17.307+0800: 93979.588: [GC (Allocation Failure) 2023-10-19T19:57:17.307+0800: 93979.588: [ParNew: 8320790K->458271K(9175040K), 0.1819624 secs] 12485868K->4630195K(65798144K), 0.1822940 secs] [Times: user=2.16 sys=0.88, real=0.18 secs] 
2023-10-19T19:58:28.202+0800: 94050.483: [GC (Allocation Failure) 2023-10-19T19:58:28.202+0800: 94050.483: [ParNew: 8322591K->464109K(9175040K), 0.1776142 secs] 12494515K->4643192K(65798144K), 0.1779030 secs] [Times: user=2.17 sys=0.97, real=0.18 secs] 
2023-10-19T19:59:32.440+0800: 94114.722: [GC (Allocation Failure) 2023-10-19T19:59:32.440+0800: 94114.722: [ParNew: 8328429K->519764K(9175040K), 0.1689605 secs] 12507512K->4705896K(65798144K), 0.1692412 secs] [Times: user=2.02 sys=0.92, real=0.17 secs] 
2023-10-19T20:00:26.065+0800: 94168.346: [GC (Allocation Failure) 2023-10-19T20:00:26.065+0800: 94168.346: [ParNew: 8384084K->427220K(9175040K), 0.1861462 secs] 12570216K->4619661K(65798144K), 0.1864266 secs] [Times: user=2.34 sys=0.77, real=0.19 secs] 
2023-10-19T20:01:39.144+0800: 94241.425: [GC (Allocation Failure) 2023-10-19T20:01:39.144+0800: 94241.425: [ParNew: 8291540K->438772K(9175040K), 0.2081409 secs] 12483981K->4638089K(65798144K), 0.2084495 secs] [Times: user=2.35 sys=1.32, real=0.21 secs] 
2023-10-19T20:02:59.041+0800: 94321.322: [GC (Allocation Failure) 2023-10-19T20:02:59.041+0800: 94321.322: [ParNew: 8303092K->491954K(9175040K), 0.1982307 secs] 12502409K->4698946K(65798144K), 0.1985233 secs] [Times: user=2.28 sys=1.03, real=0.20 secs] 
2023-10-19T20:04:12.668+0800: 94394.949: [GC (Allocation Failure) 2023-10-19T20:04:12.668+0800: 94394.949: [ParNew: 8356274K->507910K(9175040K), 0.1553113 secs] 12563266K->4722418K(65798144K), 0.1556063 secs] [Times: user=1.62 sys=0.94, real=0.15 secs] 
2023-10-19T20:05:32.759+0800: 94475.040: [GC (Allocation Failure) 2023-10-19T20:05:32.759+0800: 94475.041: [ParNew: 8372230K->406779K(9175040K), 0.1707507 secs] 12586738K->4628760K(65798144K), 0.1710275 secs] [Times: user=1.98 sys=0.87, real=0.17 secs] 
2023-10-19T20:06:44.307+0800: 94546.588: [GC (Allocation Failure) 2023-10-19T20:06:44.307+0800: 94546.588: [ParNew: 8271099K->468192K(9175040K), 0.1787158 secs] 12493080K->4697969K(65798144K), 0.1789886 secs] [Times: user=2.12 sys=0.84, real=0.18 secs] 
2023-10-19T20:07:33.004+0800: 94595.286: [GC (Allocation Failure) 2023-10-19T20:07:33.004+0800: 94595.286: [ParNew: 8332512K->435352K(9175040K), 0.1738866 secs] 12562289K->4672932K(65798144K), 0.1741887 secs] [Times: user=2.04 sys=0.85, real=0.18 secs] 
2023-10-19T20:08:48.892+0800: 94671.173: [GC (Allocation Failure) 2023-10-19T20:08:48.892+0800: 94671.173: [ParNew: 8299672K->486711K(9175040K), 0.1987934 secs] 12537252K->4731828K(65798144K), 0.1990913 secs] [Times: user=2.38 sys=0.95, real=0.20 secs] 
2023-10-19T20:09:35.935+0800: 94718.217: [GC (Allocation Failure) 2023-10-19T20:09:35.935+0800: 94718.217: [ParNew: 8351031K->469856K(9175040K), 0.1745404 secs] 12596148K->4722534K(65798144K), 0.1748349 secs] [Times: user=2.05 sys=0.84, real=0.18 secs] 
2023-10-19T20:10:51.403+0800: 94793.684: [GC (Allocation Failure) 2023-10-19T20:10:51.403+0800: 94793.684: [ParNew: 8334176K->534019K(9175040K), 0.1678423 secs] 12586854K->4794344K(65798144K), 0.1681489 secs] [Times: user=1.64 sys=1.15, real=0.17 secs] 
2023-10-19T20:11:58.764+0800: 94861.045: [GC (Allocation Failure) 2023-10-19T20:11:58.764+0800: 94861.045: [ParNew: 8398339K->518317K(9175040K), 0.2017770 secs] 12658664K->4786004K(65798144K), 0.2021046 secs] [Times: user=2.73 sys=0.87, real=0.21 secs] 
2023-10-19T20:12:48.381+0800: 94910.662: [GC (Allocation Failure) 2023-10-19T20:12:48.381+0800: 94910.663: [ParNew: 8382637K->436383K(9175040K), 0.1739428 secs] 12650324K->4711313K(65798144K), 0.1742818 secs] [Times: user=1.92 sys=0.97, real=0.17 secs] 
2023-10-19T20:13:49.991+0800: 94972.273: [GC (Allocation Failure) 2023-10-19T20:13:49.991+0800: 94972.273: [ParNew: 8300703K->486909K(9175040K), 0.1883147 secs] 12575633K->4768951K(65798144K), 0.1886053 secs] [Times: user=2.29 sys=0.86, real=0.19 secs] 
2023-10-19T20:15:21.525+0800: 95063.806: [GC (Allocation Failure) 2023-10-19T20:15:21.525+0800: 95063.806: [ParNew: 8351229K->476628K(9175040K), 0.1984120 secs] 12633271K->4765923K(65798144K), 0.1986945 secs] [Times: user=2.29 sys=1.04, real=0.20 secs] 
2023-10-19T20:16:18.395+0800: 95120.677: [GC (Allocation Failure) 2023-10-19T20:16:18.396+0800: 95120.677: [ParNew: 8340948K->507342K(9175040K), 0.1643620 secs] 12630243K->4803824K(65798144K), 0.1647947 secs] [Times: user=1.73 sys=0.99, real=0.17 secs] 
2023-10-19T20:17:23.580+0800: 95185.861: [GC (Allocation Failure) 2023-10-19T20:17:23.580+0800: 95185.861: [ParNew: 8371662K->504971K(9175040K), 0.1599883 secs] 12668144K->4808886K(65798144K), 0.1603172 secs] [Times: user=1.55 sys=1.10, real=0.16 secs] 
2023-10-19T20:18:31.155+0800: 95253.436: [GC (Allocation Failure) 2023-10-19T20:18:31.155+0800: 95253.436: [ParNew: 8369291K->446254K(9175040K), 0.1618221 secs] 12673206K->4757262K(65798144K), 0.1621727 secs] [Times: user=1.79 sys=0.88, real=0.17 secs] 
2023-10-19T20:20:01.890+0800: 95344.171: [GC (Allocation Failure) 2023-10-19T20:20:01.890+0800: 95344.171: [ParNew: 8310574K->519356K(9175040K), 0.1663869 secs] 12621582K->4837889K(65798144K), 0.1666932 secs] [Times: user=1.68 sys=1.04, real=0.17 secs] 
2023-10-19T20:21:11.865+0800: 95414.146: [GC (Allocation Failure) 2023-10-19T20:21:11.865+0800: 95414.147: [ParNew: 8383676K->480433K(9175040K), 0.1969056 secs] 12702209K->4806381K(65798144K), 0.1973642 secs] [Times: user=2.12 sys=1.17, real=0.20 secs] 
2023-10-19T20:22:36.819+0800: 95499.100: [GC (Allocation Failure) 2023-10-19T20:22:36.819+0800: 95499.100: [ParNew: 8344753K->473501K(9175040K), 0.1602331 secs] 12670701K->4806492K(65798144K), 0.1605070 secs] [Times: user=1.60 sys=1.04, real=0.16 secs] 
2023-10-19T20:23:53.624+0800: 95575.905: [GC (Allocation Failure) 2023-10-19T20:23:53.624+0800: 95575.905: [ParNew: 8337821K->451239K(9175040K), 0.1773687 secs] 12670812K->4790641K(65798144K), 0.1776375 secs] [Times: user=1.81 sys=1.14, real=0.18 secs] 
2023-10-19T20:25:09.081+0800: 95651.362: [GC (Allocation Failure) 2023-10-19T20:25:09.081+0800: 95651.363: [ParNew: 8315559K->455646K(9175040K), 0.1944836 secs] 12654961K->4802274K(65798144K), 0.1948592 secs] [Times: user=2.28 sys=0.97, real=0.20 secs] 
2023-10-19T20:26:09.547+0800: 95711.828: [GC (Allocation Failure) 2023-10-19T20:26:09.547+0800: 95711.829: [ParNew: 8319966K->473158K(9175040K), 0.2011704 secs] 12666594K->4826779K(65798144K), 0.2016097 secs] [Times: user=2.15 sys=1.22, real=0.20 secs] 
2023-10-19T20:27:06.645+0800: 95768.926: [GC (Allocation Failure) 2023-10-19T20:27:06.645+0800: 95768.927: [ParNew: 8337478K->483662K(9175040K), 0.1968358 secs] 12691099K->4844324K(65798144K), 0.1971262 secs] [Times: user=2.16 sys=1.13, real=0.20 secs] 
2023-10-19T20:28:22.996+0800: 95845.278: [GC (Allocation Failure) 2023-10-19T20:28:22.997+0800: 95845.278: [ParNew: 8347982K->545717K(9175040K), 0.2069480 secs] 12708644K->4913406K(65798144K), 0.2072520 secs] [Times: user=2.42 sys=1.05, real=0.20 secs] 
2023-10-19T20:29:00.005+0800: 95882.286: [GC (Allocation Failure) 2023-10-19T20:29:00.005+0800: 95882.286: [ParNew: 8410037K->528377K(9175040K), 0.1907153 secs] 12777726K->4903179K(65798144K), 0.1910073 secs] [Times: user=2.11 sys=1.08, real=0.20 secs] 
2023-10-19T20:30:04.072+0800: 95946.353: [GC (Allocation Failure) 2023-10-19T20:30:04.072+0800: 95946.353: [ParNew: 8392697K->587851K(9175040K), 0.1852312 secs] 12767499K->4969866K(65798144K), 0.1855360 secs] [Times: user=2.10 sys=0.99, real=0.19 secs] 
2023-10-19T20:31:07.509+0800: 96009.790: [GC (Allocation Failure) 2023-10-19T20:31:07.509+0800: 96009.791: [ParNew: 8452171K->455493K(9175040K), 0.1886276 secs] 12834186K->4844722K(65798144K), 0.1890229 secs] [Times: user=2.15 sys=0.99, real=0.19 secs] 
2023-10-19T20:31:56.360+0800: 96058.641: [GC (Allocation Failure) 2023-10-19T20:31:56.360+0800: 96058.641: [ParNew: 8319813K->547516K(9175040K), 0.1966992 secs] 12709042K->4944201K(65798144K), 0.1970152 secs] [Times: user=2.43 sys=0.86, real=0.20 secs] 
2023-10-19T20:32:49.215+0800: 96111.496: [GC (Allocation Failure) 2023-10-19T20:32:49.215+0800: 96111.496: [ParNew: 8411836K->578637K(9175040K), 0.1582105 secs] 12808521K->4982917K(65798144K), 0.1584940 secs] [Times: user=1.78 sys=0.81, real=0.16 secs] 
2023-10-19T20:33:35.530+0800: 96157.812: [GC (Allocation Failure) 2023-10-19T20:33:35.531+0800: 96157.812: [ParNew: 8442957K->601907K(9175040K), 0.1893131 secs] 12847237K->5013408K(65798144K), 0.1897090 secs] [Times: user=2.38 sys=0.78, real=0.19 secs] 
2023-10-19T20:34:46.255+0800: 96228.536: [GC (Allocation Failure) 2023-10-19T20:34:46.255+0800: 96228.536: [ParNew: 8466227K->602457K(9175040K), 0.2497251 secs] 12877728K->5021727K(65798144K), 0.2501007 secs] [Times: user=2.42 sys=1.83, real=0.25 secs] 
2023-10-19T20:35:45.510+0800: 96287.791: [GC (Allocation Failure) 2023-10-19T20:35:45.510+0800: 96287.791: [ParNew: 8466777K->579419K(9175040K), 0.1960287 secs] 12886047K->5006162K(65798144K), 0.1963540 secs] [Times: user=2.15 sys=1.13, real=0.20 secs] 
2023-10-19T20:36:37.090+0800: 96339.371: [GC (Allocation Failure) 2023-10-19T20:36:37.090+0800: 96339.372: [ParNew: 8443739K->551237K(9175040K), 0.2066214 secs] 12870482K->4985690K(65798144K), 0.2069138 secs] [Times: user=2.54 sys=0.93, real=0.21 secs] 
2023-10-19T20:37:31.814+0800: 96394.096: [GC (Allocation Failure) 2023-10-19T20:37:31.815+0800: 96394.096: [ParNew: 8415557K->588276K(9175040K), 0.1853881 secs] 12850010K->5030140K(65798144K), 0.1856948 secs] [Times: user=2.36 sys=0.72, real=0.19 secs] 
2023-10-19T20:38:15.470+0800: 96437.752: [GC (Allocation Failure) 2023-10-19T20:38:15.470+0800: 96437.752: [ParNew: 8452596K->630228K(9175040K), 0.1798196 secs] 12894460K->5079788K(65798144K), 0.1802780 secs] [Times: user=2.07 sys=0.93, real=0.18 secs] 
2023-10-19T20:39:18.302+0800: 96500.583: [GC (Allocation Failure) 2023-10-19T20:39:18.302+0800: 96500.584: [ParNew: 8494548K->439616K(9175040K), 0.1968230 secs] 12944108K->4896799K(65798144K), 0.1971473 secs] [Times: user=2.26 sys=0.98, real=0.20 secs] 
2023-10-19T20:40:02.228+0800: 96544.510: [GC (Allocation Failure) 2023-10-19T20:40:02.229+0800: 96544.510: [ParNew: 8303936K->572114K(9175040K), 0.1734219 secs] 12761119K->5036990K(65798144K), 0.1737363 secs] [Times: user=2.02 sys=0.85, real=0.17 secs] 
2023-10-19T20:41:00.346+0800: 96602.627: [GC (Allocation Failure) 2023-10-19T20:41:00.346+0800: 96602.627: [ParNew: 8436434K->588025K(9175040K), 0.1698094 secs] 12901310K->5060417K(65798144K), 0.1701114 secs] [Times: user=2.02 sys=0.80, real=0.18 secs] 
2023-10-19T20:41:55.541+0800: 96657.822: [GC (Allocation Failure) 2023-10-19T20:41:55.541+0800: 96657.822: [ParNew: 8452345K->632703K(9175040K), 0.1827593 secs] 12924737K->5111926K(65798144K), 0.1830840 secs] [Times: user=2.13 sys=0.92, real=0.18 secs] 
2023-10-19T20:42:51.871+0800: 96714.152: [GC (Allocation Failure) 2023-10-19T20:42:51.871+0800: 96714.153: [ParNew: 8497023K->455570K(9175040K), 0.1585545 secs] 12976246K->4942452K(65798144K), 0.1589578 secs] [Times: user=1.66 sys=0.95, real=0.16 secs] 
2023-10-19T20:43:58.538+0800: 96780.819: [GC (Allocation Failure) 2023-10-19T20:43:58.538+0800: 96780.819: [ParNew: 8319890K->536190K(9175040K), 0.1841317 secs] 12806772K->5030603K(65798144K), 0.1844949 secs] [Times: user=2.06 sys=0.98, real=0.18 secs] 
2023-10-19T20:44:49.231+0800: 96831.512: [GC (Allocation Failure) 2023-10-19T20:44:49.231+0800: 96831.512: [ParNew: 8400510K->551871K(9175040K), 0.1969416 secs] 12894923K->5053929K(65798144K), 0.1972539 secs] [Times: user=2.16 sys=1.13, real=0.20 secs] 
2023-10-19T20:45:45.561+0800: 96887.842: [GC (Allocation Failure) 2023-10-19T20:45:45.561+0800: 96887.842: [ParNew: 8416191K->541633K(9175040K), 0.2177269 secs] 12918249K->5051084K(65798144K), 0.2180772 secs] [Times: user=2.34 sys=1.31, real=0.22 secs] 
2023-10-19T20:46:35.989+0800: 96938.270: [GC (Allocation Failure) 2023-10-19T20:46:35.989+0800: 96938.271: [ParNew: 8405953K->549510K(9175040K), 0.1494485 secs] 12915404K->5066486K(65798144K), 0.1497698 secs] [Times: user=1.66 sys=0.79, real=0.15 secs] 
2023-10-19T20:47:42.131+0800: 97004.413: [GC (Allocation Failure) 2023-10-19T20:47:42.132+0800: 97004.413: [ParNew: 8413830K->463301K(9175040K), 0.1634956 secs] 12930806K->4988101K(65798144K), 0.1638101 secs] [Times: user=1.70 sys=1.00, real=0.16 secs] 
2023-10-19T20:48:19.715+0800: 97041.996: [GC (Allocation Failure) 2023-10-19T20:48:19.715+0800: 97041.996: [ParNew: 8327621K->523992K(9175040K), 0.1471074 secs] 12852421K->5056226K(65798144K), 0.1474216 secs] [Times: user=1.71 sys=0.75, real=0.15 secs] 
2023-10-19T20:49:05.329+0800: 97087.610: [GC (Allocation Failure) 2023-10-19T20:49:05.329+0800: 97087.610: [ParNew: 8388312K->573667K(9175040K), 0.1982077 secs] 12920546K->5113330K(65798144K), 0.1984975 secs] [Times: user=2.29 sys=1.03, real=0.20 secs] 
2023-10-19T20:50:12.317+0800: 97154.599: [GC (Allocation Failure) 2023-10-19T20:50:12.318+0800: 97154.599: [ParNew: 8437987K->573708K(9175040K), 0.1668826 secs] 12977650K->5120558K(65798144K), 0.1671783 secs] [Times: user=1.80 sys=0.96, real=0.16 secs] 
2023-10-19T20:51:03.469+0800: 97205.750: [GC (Allocation Failure) 2023-10-19T20:51:03.469+0800: 97205.750: [ParNew: 8438028K->506970K(9175040K), 0.1863166 secs] 12984878K->5061201K(65798144K), 0.1866113 secs] [Times: user=2.07 sys=1.03, real=0.19 secs] 
2023-10-19T20:51:48.220+0800: 97250.501: [GC (Allocation Failure) 2023-10-19T20:51:48.220+0800: 97250.502: [ParNew: 8371290K->574243K(9175040K), 0.1763848 secs] 12925521K->5135761K(65798144K), 0.1767133 secs] [Times: user=2.17 sys=0.76, real=0.18 secs] 
2023-10-19T20:52:35.990+0800: 97298.272: [GC (Allocation Failure) 2023-10-19T20:52:35.991+0800: 97298.272: [ParNew: 8438563K->557964K(9175040K), 0.1894787 secs] 13000081K->5126693K(65798144K), 0.1898004 secs] [Times: user=2.22 sys=0.95, real=0.19 secs] 
2023-10-19T20:53:16.734+0800: 97339.015: [GC (Allocation Failure) 2023-10-19T20:53:16.734+0800: 97339.015: [ParNew: 8422284K->603502K(9175040K), 0.1719093 secs] 12991013K->5179586K(65798144K), 0.1722038 secs] [Times: user=2.16 sys=0.70, real=0.18 secs] 
2023-10-19T20:54:01.042+0800: 97383.323: [GC (Allocation Failure) 2023-10-19T20:54:01.042+0800: 97383.324: [ParNew: 8467822K->614716K(9175040K), 0.1839985 secs] 13043906K->5197912K(65798144K), 0.1842810 secs] [Times: user=2.19 sys=0.82, real=0.19 secs] 
2023-10-19T20:54:47.211+0800: 97429.493: [GC (Allocation Failure) 2023-10-19T20:54:47.211+0800: 97429.493: [ParNew: 8479036K->596621K(9175040K), 0.1701127 secs] 13062232K->5187098K(65798144K), 0.1704172 secs] [Times: user=2.07 sys=0.74, real=0.17 secs] 
2023-10-19T20:55:24.662+0800: 97466.943: [GC (Allocation Failure) 2023-10-19T20:55:24.662+0800: 97466.943: [ParNew: 8460941K->620238K(9175040K), 0.1806613 secs] 13051418K->5217659K(65798144K), 0.1810061 secs] [Times: user=2.03 sys=0.98, real=0.18 secs] 
2023-10-19T20:56:02.217+0800: 97504.498: [GC (Allocation Failure) 2023-10-19T20:56:02.218+0800: 97504.499: [ParNew: 8484558K->671735K(9175040K), 0.2100485 secs] 13081979K->5275743K(65798144K), 0.2105225 secs] [Times: user=2.29 sys=1.26, real=0.21 secs] 
2023-10-19T20:56:46.857+0800: 97549.139: [GC (Allocation Failure) 2023-10-19T20:56:46.858+0800: 97549.139: [ParNew: 8536055K->503952K(9175040K), 0.1881954 secs] 13140063K->5115230K(65798144K), 0.1885642 secs] [Times: user=2.25 sys=0.87, real=0.19 secs] 
2023-10-19T20:57:33.316+0800: 97595.597: [GC (Allocation Failure) 2023-10-19T20:57:33.316+0800: 97595.597: [ParNew: 8368272K->628960K(9175040K), 0.1841474 secs] 12979550K->5246428K(65798144K), 0.1844467 secs] [Times: user=2.17 sys=0.90, real=0.19 secs] 
2023-10-19T20:58:13.417+0800: 97635.698: [GC (Allocation Failure) 2023-10-19T20:58:13.417+0800: 97635.698: [ParNew: 8493280K->608524K(9175040K), 0.1936343 secs] 13110748K->5233100K(65798144K), 0.1939811 secs] [Times: user=2.14 sys=1.10, real=0.19 secs] 
2023-10-19T20:58:46.623+0800: 97668.904: [GC (Allocation Failure) 2023-10-19T20:58:46.623+0800: 97668.904: [ParNew: 8472844K->647821K(9175040K), 0.2087923 secs] 13097420K->5279425K(65798144K), 0.2090992 secs] [Times: user=2.43 sys=1.08, real=0.21 secs] 
2023-10-19T20:59:27.063+0800: 97709.345: [GC (Allocation Failure) 2023-10-19T20:59:27.064+0800: 97709.345: [ParNew: 8512141K->604747K(9175040K), 0.2053168 secs] 13143745K->5243493K(65798144K), 0.2056333 secs] [Times: user=2.25 sys=1.20, real=0.21 secs] 
2023-10-19T21:00:08.160+0800: 97750.441: [GC (Allocation Failure) 2023-10-19T21:00:08.160+0800: 97750.441: [ParNew: 8469067K->710552K(9175040K), 0.1899434 secs] 13107813K->5355995K(65798144K), 0.1902299 secs] [Times: user=2.41 sys=0.77, real=0.19 secs] 
2023-10-19T21:00:44.047+0800: 97786.328: [GC (Allocation Failure) 2023-10-19T21:00:44.047+0800: 97786.328: [ParNew: 8574872K->508224K(9175040K), 0.2188814 secs] 13220315K->5160578K(65798144K), 0.2192798 secs] [Times: user=2.78 sys=0.91, real=0.22 secs] 
2023-10-19T21:01:17.569+0800: 97819.850: [GC (Allocation Failure) 2023-10-19T21:01:17.569+0800: 97819.850: [ParNew: 8372544K->643268K(9175040K), 0.1989594 secs] 13024898K->5303167K(65798144K), 0.1992799 secs] [Times: user=2.53 sys=0.81, real=0.20 secs] 
2023-10-19T21:01:53.992+0800: 97856.273: [GC (Allocation Failure) 2023-10-19T21:01:53.992+0800: 97856.273: [ParNew: 8507588K->642130K(9175040K), 0.1918572 secs] 13167487K->5308935K(65798144K), 0.1922218 secs] [Times: user=2.08 sys=1.12, real=0.19 secs] 
2023-10-19T21:02:36.576+0800: 97898.857: [GC (Allocation Failure) 2023-10-19T21:02:36.576+0800: 97898.857: [ParNew: 8506450K->701339K(9175040K), 0.1557175 secs] 13173255K->5374832K(65798144K), 0.1560891 secs] [Times: user=1.82 sys=0.74, real=0.16 secs] 
2023-10-19T21:03:16.212+0800: 97938.494: [GC (Allocation Failure) 2023-10-19T21:03:16.213+0800: 97938.494: [ParNew: 8565659K->684261K(9175040K), 0.1847148 secs] 13239152K->5364769K(65798144K), 0.1851781 secs] [Times: user=2.24 sys=0.84, real=0.19 secs] 
2023-10-19T21:03:51.354+0800: 97973.636: [GC (Allocation Failure) 2023-10-19T21:03:51.355+0800: 97973.636: [ParNew: 8548581K->663561K(9175040K), 0.2016119 secs] 13229089K->5351667K(65798144K), 0.2019535 secs] [Times: user=2.11 sys=1.26, real=0.21 secs] 
2023-10-19T21:04:21.768+0800: 98004.050: [GC (Allocation Failure) 2023-10-19T21:04:21.769+0800: 98004.050: [ParNew: 8527881K->715424K(9175040K), 0.1756660 secs] 13215987K->5410469K(65798144K), 0.1759899 secs] [Times: user=1.97 sys=0.95, real=0.17 secs] 
2023-10-19T21:04:55.696+0800: 98037.977: [GC (Allocation Failure) 2023-10-19T21:04:55.696+0800: 98037.978: [ParNew: 8579744K->710934K(9175040K), 0.2111513 secs] 13274789K->5412542K(65798144K), 0.2114702 secs] [Times: user=2.35 sys=1.19, real=0.21 secs] 
2023-10-19T21:05:38.970+0800: 98081.252: [GC (Allocation Failure) 2023-10-19T21:05:38.970+0800: 98081.252: [ParNew: 8575254K->697381K(9175040K), 0.2166491 secs] 13276862K->5405924K(65798144K), 0.2170146 secs] [Times: user=2.65 sys=0.99, real=0.22 secs] 
2023-10-19T21:06:04.741+0800: 98107.022: [GC (Allocation Failure) 2023-10-19T21:06:04.741+0800: 98107.023: [ParNew: 8561701K->718923K(9175040K), 0.2004894 secs] 13270244K->5434455K(65798144K), 0.2008033 secs] [Times: user=2.20 sys=1.15, real=0.20 secs] 
2023-10-19T21:06:37.581+0800: 98139.862: [GC (Allocation Failure) 2023-10-19T21:06:37.581+0800: 98139.862: [ParNew: 8583243K->778692K(9175040K), 0.1776962 secs] 13298775K->5501048K(65798144K), 0.1780803 secs] [Times: user=2.26 sys=0.66, real=0.18 secs] 
2023-10-19T21:07:06.293+0800: 98168.574: [GC (Allocation Failure) 2023-10-19T21:07:06.293+0800: 98168.574: [ParNew: 8643012K->608721K(9175040K), 0.2042367 secs] 13365368K->5337564K(65798144K), 0.2046251 secs] [Times: user=2.24 sys=1.20, real=0.21 secs] 
2023-10-19T21:07:31.076+0800: 98193.358: [GC (Allocation Failure) 2023-10-19T21:07:31.077+0800: 98193.358: [ParNew: 8473041K->728959K(9175040K), 0.1940534 secs] 13201884K->5464322K(65798144K), 0.1943934 secs] [Times: user=2.29 sys=0.95, real=0.19 secs] 
2023-10-19T21:08:11.849+0800: 98234.130: [GC (Allocation Failure) 2023-10-19T21:08:11.849+0800: 98234.131: [ParNew: 8593279K->745810K(9175040K), 0.2078601 secs] 13328642K->5488229K(65798144K), 0.2081930 secs] [Times: user=2.38 sys=1.12, real=0.21 secs] 
2023-10-19T21:09:04.095+0800: 98286.376: [GC (Allocation Failure) 2023-10-19T21:09:04.095+0800: 98286.376: [ParNew: 8610130K->762729K(9175040K), 0.1847933 secs] 13352549K->5511930K(65798144K), 0.1851055 secs] [Times: user=2.27 sys=0.81, real=0.19 secs] 
2023-10-19T21:09:34.205+0800: 98316.486: [GC (Allocation Failure) 2023-10-19T21:09:34.205+0800: 98316.486: [ParNew: 8627049K->621827K(9175040K), 0.1946997 secs] 13376250K->5377422K(65798144K), 0.1950254 secs] [Times: user=2.09 sys=1.17, real=0.20 secs] 
2023-10-19T21:10:04.876+0800: 98347.157: [GC (Allocation Failure) 2023-10-19T21:10:04.876+0800: 98347.157: [ParNew: 8486147K->728721K(9175040K), 0.1713731 secs] 13241742K->5490547K(65798144K), 0.1716995 secs] [Times: user=2.04 sys=0.80, real=0.17 secs] 
2023-10-19T21:10:36.044+0800: 98378.325: [GC (Allocation Failure) 2023-10-19T21:10:36.044+0800: 98378.325: [ParNew: 8593041K->776995K(9175040K), 0.1850559 secs] 13354867K->5546222K(65798144K), 0.1854460 secs] [Times: user=2.18 sys=0.91, real=0.19 secs] 
2023-10-19T21:11:16.912+0800: 98419.193: [GC (Allocation Failure) 2023-10-19T21:11:16.912+0800: 98419.193: [ParNew: 8641315K->733473K(9175040K), 0.1809093 secs] 13410542K->5510068K(65798144K), 0.1812253 secs] [Times: user=2.02 sys=0.99, real=0.18 secs] 
2023-10-19T21:11:54.721+0800: 98457.002: [GC (Allocation Failure) 2023-10-19T21:11:54.721+0800: 98457.002: [ParNew: 8597793K->757726K(9175040K), 0.1904134 secs] 13374388K->5541528K(65798144K), 0.1907200 secs] [Times: user=2.30 sys=0.89, real=0.19 secs] 
2023-10-19T21:12:33.632+0800: 98495.913: [GC (Allocation Failure) 2023-10-19T21:12:33.632+0800: 98495.913: [ParNew: 8622046K->541214K(9175040K), 0.1935560 secs] 13405848K->5331827K(65798144K), 0.1939293 secs] [Times: user=2.15 sys=1.08, real=0.20 secs] 
2023-10-19T21:13:08.970+0800: 98531.252: [GC (Allocation Failure) 2023-10-19T21:13:08.971+0800: 98531.252: [ParNew: 8405534K->656292K(9175040K), 0.1691453 secs] 13196147K->5453341K(65798144K), 0.1694829 secs] [Times: user=2.04 sys=0.77, real=0.17 secs] 
2023-10-19T21:13:42.371+0800: 98564.652: [GC (Allocation Failure) 2023-10-19T21:13:42.371+0800: 98564.653: [ParNew: 8520612K->672437K(9175040K), 0.1741394 secs] 13317661K->5476981K(65798144K), 0.1744989 secs] [Times: user=1.93 sys=0.96, real=0.18 secs] 
2023-10-19T21:14:11.161+0800: 98593.442: [GC (Allocation Failure) 2023-10-19T21:14:11.161+0800: 98593.443: [ParNew: 8536757K->751791K(9175040K), 0.1683846 secs] 13341301K->5564018K(65798144K), 0.1687601 secs] [Times: user=1.95 sys=0.82, real=0.17 secs] 
2023-10-19T21:14:54.212+0800: 98636.493: [GC (Allocation Failure) 2023-10-19T21:14:54.212+0800: 98636.494: [ParNew: 8616111K->723998K(9175040K), 0.1817641 secs] 13428338K->5543962K(65798144K), 0.1820896 secs] [Times: user=1.86 sys=1.16, real=0.18 secs] 
2023-10-19T21:15:27.604+0800: 98669.885: [GC (Allocation Failure) 2023-10-19T21:15:27.604+0800: 98669.885: [ParNew: 8588318K->754196K(9175040K), 0.1651382 secs] 13408282K->5581047K(65798144K), 0.1655877 secs] [Times: user=1.86 sys=0.88, real=0.17 secs] 
2023-10-19T21:16:07.372+0800: 98709.654: [GC (Allocation Failure) 2023-10-19T21:16:07.373+0800: 98709.654: [ParNew: 8618516K->543887K(9175040K), 0.1947320 secs] 13445367K->5377544K(65798144K), 0.1950644 secs] [Times: user=2.18 sys=1.08, real=0.20 secs] 
2023-10-19T21:16:35.118+0800: 98737.399: [GC (Allocation Failure) 2023-10-19T21:16:35.118+0800: 98737.399: [ParNew: 8408207K->695020K(9175040K), 0.1753365 secs] 13241864K->5535646K(65798144K), 0.1756816 secs] [Times: user=2.19 sys=0.72, real=0.17 secs] 
2023-10-19T21:17:04.376+0800: 98766.657: [GC (Allocation Failure) 2023-10-19T21:17:04.376+0800: 98766.657: [ParNew: 8559340K->706440K(9175040K), 0.2239726 secs] 13399966K->5553856K(65798144K), 0.2244497 secs] [Times: user=2.54 sys=1.25, real=0.23 secs] 
2023-10-19T21:17:51.298+0800: 98813.580: [GC (Allocation Failure) 2023-10-19T21:17:51.299+0800: 98813.580: [ParNew: 8570760K->752822K(9175040K), 0.1688359 secs] 13418176K->5607232K(65798144K), 0.1692059 secs] [Times: user=1.94 sys=0.82, real=0.17 secs] 
2023-10-19T21:18:28.417+0800: 98850.698: [GC (Allocation Failure) 2023-10-19T21:18:28.417+0800: 98850.698: [ParNew: 8617142K->720056K(9175040K), 0.2122925 secs] 13471552K->5581692K(65798144K), 0.2126221 secs] [Times: user=2.50 sys=1.00, real=0.21 secs] 
2023-10-19T21:18:59.572+0800: 98881.854: [GC (Allocation Failure) 2023-10-19T21:18:59.573+0800: 98881.854: [ParNew: 8584376K->740490K(9175040K), 0.2048244 secs] 13446012K->5609037K(65798144K), 0.2052580 secs] [Times: user=2.11 sys=1.33, real=0.21 secs] 
2023-10-19T21:19:30.951+0800: 98913.232: [GC (Allocation Failure) 2023-10-19T21:19:30.951+0800: 98913.232: [ParNew: 8604810K->688457K(9175040K), 0.1921057 secs] 13473357K->5563758K(65798144K), 0.1925218 secs] [Times: user=2.27 sys=0.95, real=0.19 secs] 
2023-10-19T21:20:04.222+0800: 98946.503: [GC (Allocation Failure) 2023-10-19T21:20:04.222+0800: 98946.504: [ParNew: 8552777K->730176K(9175040K), 0.1851254 secs] 13428078K->5612890K(65798144K), 0.1854610 secs] [Times: user=2.33 sys=0.76, real=0.19 secs] 
2023-10-19T21:20:42.764+0800: 98985.045: [GC (Allocation Failure) 2023-10-19T21:20:42.764+0800: 98985.045: [ParNew: 8594496K->753333K(9175040K), 0.1944564 secs] 13477210K->5643793K(65798144K), 0.1947975 secs] [Times: user=2.33 sys=0.92, real=0.20 secs] 
2023-10-19T21:21:18.499+0800: 99020.780: [GC (Allocation Failure) 2023-10-19T21:21:18.499+0800: 99020.780: [ParNew: 8617653K->694544K(9175040K), 0.2008574 secs] 13508113K->5591707K(65798144K), 0.2012153 secs] [Times: user=2.18 sys=1.18, real=0.20 secs] 
2023-10-19T21:21:49.876+0800: 99052.157: [GC (Allocation Failure) 2023-10-19T21:21:49.876+0800: 99052.158: [ParNew: 8558864K->693844K(9175040K), 0.1944423 secs] 13456027K->5597539K(65798144K), 0.1948266 secs] [Times: user=2.40 sys=0.81, real=0.19 secs] 
2023-10-19T21:22:18.535+0800: 99080.816: [GC (Allocation Failure) 2023-10-19T21:22:18.535+0800: 99080.816: [ParNew: 8558164K->745083K(9175040K), 0.1655356 secs] 13461859K->5655646K(65798144K), 0.1659099 secs] [Times: user=2.10 sys=0.63, real=0.17 secs] 
2023-10-19T21:22:48.941+0800: 99111.222: [GC (Allocation Failure) 2023-10-19T21:22:48.941+0800: 99111.223: [ParNew: 8609403K->713732K(9175040K), 0.2016326 secs] 13519966K->5631905K(65798144K), 0.2020120 secs] [Times: user=2.25 sys=1.14, real=0.20 secs] 
2023-10-19T21:23:20.067+0800: 99142.348: [GC (Allocation Failure) 2023-10-19T21:23:20.067+0800: 99142.349: [ParNew: 8578052K->803372K(9175040K), 0.1721343 secs] 13496225K->5729281K(65798144K), 0.1725449 secs] [Times: user=2.00 sys=0.85, real=0.17 secs] 
2023-10-19T21:23:56.429+0800: 99178.710: [GC (Allocation Failure) 2023-10-19T21:23:56.429+0800: 99178.710: [ParNew: 8667692K->809823K(9175040K), 0.1923119 secs] 13593601K->5742710K(65798144K), 0.1926123 secs] [Times: user=2.14 sys=1.06, real=0.19 secs] 
2023-10-19T21:24:27.994+0800: 99210.276: [GC (Allocation Failure) 2023-10-19T21:24:27.995+0800: 99210.276: [ParNew: 8674143K->588959K(9175040K), 0.1767251 secs] 13607030K->5528906K(65798144K), 0.1770723 secs] [Times: user=2.29 sys=0.64, real=0.18 secs] 
2023-10-19T21:24:57.008+0800: 99239.289: [GC (Allocation Failure) 2023-10-19T21:24:57.008+0800: 99239.289: [ParNew: 8453279K->724137K(9175040K), 0.2278708 secs] 13393226K->5671215K(65798144K), 0.2282112 secs] [Times: user=2.39 sys=1.47, real=0.23 secs] 
2023-10-19T21:25:24.940+0800: 99267.221: [GC (Allocation Failure) 2023-10-19T21:25:24.940+0800: 99267.221: [ParNew: 8588457K->794691K(9175040K), 0.1872076 secs] 13535535K->5749428K(65798144K), 0.1875146 secs] [Times: user=2.23 sys=0.89, real=0.19 secs] 
2023-10-19T21:25:52.672+0800: 99294.953: [GC (Allocation Failure) 2023-10-19T21:25:52.672+0800: 99294.953: [ParNew: 8659011K->779048K(9175040K), 0.1737349 secs] 13613748K->5741607K(65798144K), 0.1741464 secs] [Times: user=2.15 sys=0.72, real=0.18 secs] 
2023-10-19T21:26:25.876+0800: 99328.157: [GC (Allocation Failure) 2023-10-19T21:26:25.876+0800: 99328.157: [ParNew: 8643368K->830033K(9175040K), 0.1968218 secs] 13605927K->5799538K(65798144K), 0.1971867 secs] [Times: user=2.14 sys=1.15, real=0.19 secs] 
2023-10-19T21:26:59.226+0800: 99361.508: [GC (Allocation Failure) 2023-10-19T21:26:59.227+0800: 99361.508: [ParNew: 8694353K->603719K(9175040K), 0.1845380 secs] 13663858K->5580223K(65798144K), 0.1848888 secs] [Times: user=2.38 sys=0.69, real=0.18 secs] 
2023-10-19T21:27:40.147+0800: 99402.428: [GC (Allocation Failure) 2023-10-19T21:27:40.147+0800: 99402.428: [ParNew: 8468039K->792275K(9175040K), 0.2003855 secs] 13444543K->5775412K(65798144K), 0.2007217 secs] [Times: user=2.60 sys=0.93, real=0.20 secs] 
2023-10-19T21:28:14.411+0800: 99436.693: [GC (Allocation Failure) 2023-10-19T21:28:14.412+0800: 99436.693: [ParNew: 8656595K->731122K(9175040K), 0.2373515 secs] 13639732K->5722005K(65798144K), 0.2377789 secs] [Times: user=2.48 sys=1.54, real=0.24 secs] 
2023-10-19T21:28:51.737+0800: 99474.018: [GC (Allocation Failure) 2023-10-19T21:28:51.737+0800: 99474.019: [ParNew: 8595442K->784808K(9175040K), 0.1870445 secs] 13586325K->5783308K(65798144K), 0.1874053 secs] [Times: user=2.34 sys=0.77, real=0.18 secs] 
2023-10-19T21:29:24.508+0800: 99506.790: [GC (Allocation Failure) 2023-10-19T21:29:24.509+0800: 99506.790: [ParNew: 8649128K->802986K(9175040K), 0.2151169 secs] 13647628K->5809016K(65798144K), 0.2155374 secs] [Times: user=2.23 sys=1.38, real=0.21 secs] 
2023-10-19T21:29:55.559+0800: 99537.841: [GC (Allocation Failure) 2023-10-19T21:29:55.560+0800: 99537.841: [ParNew: 8667306K->815749K(9175040K), 0.1849110 secs] 13673336K->5829220K(65798144K), 0.1852052 secs] [Times: user=2.15 sys=0.91, real=0.18 secs] 
2023-10-19T21:30:28.410+0800: 99570.691: [GC (Allocation Failure) 2023-10-19T21:30:28.410+0800: 99570.691: [ParNew: 8680069K->818935K(9175040K), 0.2257496 secs] 13693540K->5839534K(65798144K), 0.2261010 secs] [Times: user=2.57 sys=1.23, real=0.23 secs] 
2023-10-19T21:31:10.053+0800: 99612.334: [GC (Allocation Failure) 2023-10-19T21:31:10.053+0800: 99612.334: [ParNew: 8683255K->596070K(9175040K), 0.1863626 secs] 13703854K->5623873K(65798144K), 0.1866721 secs] [Times: user=2.27 sys=0.83, real=0.19 secs] 
2023-10-19T21:31:40.926+0800: 99643.207: [GC (Allocation Failure) 2023-10-19T21:31:40.926+0800: 99643.208: [ParNew: 8460390K->721285K(9175040K), 0.2270334 secs] 13488193K->5756621K(65798144K), 0.2273943 secs] [Times: user=2.41 sys=1.38, real=0.22 secs] 
2023-10-19T21:32:23.088+0800: 99685.370: [GC (Allocation Failure) 2023-10-19T21:32:23.089+0800: 99685.370: [ParNew: 8585605K->770261K(9175040K), 0.2148790 secs] 13620941K->5812954K(65798144K), 0.2152278 secs] [Times: user=2.57 sys=1.04, real=0.21 secs] 
2023-10-19T21:32:45.698+0800: 99707.979: [GC (Allocation Failure) 2023-10-19T21:32:45.698+0800: 99707.979: [ParNew: 8634581K->757562K(9175040K), 0.2325076 secs] 13677274K->5807938K(65798144K), 0.2328597 secs] [Times: user=2.51 sys=1.42, real=0.23 secs] 
2023-10-19T21:33:17.148+0800: 99739.429: [GC (Allocation Failure) 2023-10-19T21:33:17.148+0800: 99739.430: [ParNew: 8621882K->832307K(9175040K), 0.1922200 secs] 13672258K->5889567K(65798144K), 0.1925447 secs] [Times: user=2.29 sys=0.91, real=0.19 secs] 
2023-10-19T21:33:52.478+0800: 99774.759: [GC (Allocation Failure) 2023-10-19T21:33:52.478+0800: 99774.759: [ParNew: 8696627K->837542K(9175040K), 0.2065975 secs] 13753887K->5901650K(65798144K), 0.2069536 secs] [Times: user=2.36 sys=1.11, real=0.20 secs] 
2023-10-19T21:34:18.077+0800: 99800.358: [GC (Allocation Failure) 2023-10-19T21:34:18.077+0800: 99800.358: [ParNew: 8701862K->868415K(9175040K), 0.1805648 secs] 13765970K->5939557K(65798144K), 0.1809749 secs] [Times: user=2.29 sys=0.71, real=0.18 secs] 
2023-10-19T21:34:49.459+0800: 99831.741: [GC (Allocation Failure) 2023-10-19T21:34:49.460+0800: 99831.741: [ParNew: 8732735K->853964K(9175040K), 0.2361104 secs] 13803877K->5932488K(65798144K), 0.2364498 secs] [Times: user=2.17 sys=1.82, real=0.24 secs] 
2023-10-19T21:35:22.125+0800: 99864.406: [GC (Allocation Failure) 2023-10-19T21:35:22.125+0800: 99864.406: [ParNew: 8718284K->876907K(9175040K), 0.1983717 secs] 13796808K->5963599K(65798144K), 0.1987442 secs] [Times: user=2.49 sys=0.83, real=0.20 secs] 
2023-10-19T21:35:45.103+0800: 99887.384: [GC (Allocation Failure) 2023-10-19T21:35:45.103+0800: 99887.384: [ParNew: 8741227K->997312K(9175040K), 0.2038621 secs] 13827919K->6091819K(65798144K), 0.2041971 secs] [Times: user=2.50 sys=0.89, real=0.21 secs] 
2023-10-19T21:36:13.404+0800: 99915.685: [GC (Allocation Failure) 2023-10-19T21:36:13.404+0800: 99915.685: [ParNew: 8861632K->1020586K(9175040K), 0.2210335 secs] 13956139K->6122637K(65798144K), 0.2214316 secs] [Times: user=2.56 sys=1.15, real=0.22 secs] 
2023-10-19T21:36:37.651+0800: 99939.932: [GC (Allocation Failure) 2023-10-19T21:36:37.651+0800: 99939.932: [ParNew: 8884906K->1176636K(9175040K), 0.1985267 secs] 13986957K->6286587K(65798144K), 0.1988675 secs] [Times: user=2.48 sys=0.82, real=0.20 secs] 
2023-10-19T21:37:04.266+0800: 99966.548: [GC (Allocation Failure) 2023-10-19T21:37:04.267+0800: 99966.548: [ParNew: 9040956K->889417K(9175040K), 0.2731618 secs] 14150907K->6061691K(65798144K), 0.2735565 secs] [Times: user=2.79 sys=1.69, real=0.27 secs] 
2023-10-19T21:37:42.886+0800: 100005.167: [GC (Allocation Failure) 2023-10-19T21:37:42.886+0800: 100005.167: [ParNew: 8753737K->1023565K(9175040K), 0.2465797 secs] 13926011K->6241718K(65798144K), 0.2469414 secs] [Times: user=2.87 sys=1.21, real=0.24 secs] 
2023-10-19T21:38:21.571+0800: 100043.852: [GC (Allocation Failure) 2023-10-19T21:38:21.571+0800: 100043.852: [ParNew: 8887885K->1099474K(9175040K), 0.2837382 secs] 14106038K->6365151K(65798144K), 0.2841401 secs] [Times: user=3.05 sys=1.70, real=0.28 secs] 
2023-10-19T21:38:45.639+0800: 100067.920: [GC (Allocation Failure) 2023-10-19T21:38:45.639+0800: 100067.921: [ParNew: 8963794K->1175893K(9175040K), 0.2286362 secs] 14229471K->6489619K(65798144K), 0.2290163 secs] [Times: user=2.59 sys=1.17, real=0.23 secs] 
2023-10-19T21:39:10.114+0800: 100092.396: [GC (Allocation Failure) 2023-10-19T21:39:10.115+0800: 100092.396: [ParNew: 9040213K->810072K(9175040K), 0.2464395 secs] 14353939K->6172502K(65798144K), 0.2467896 secs] [Times: user=2.88 sys=1.20, real=0.25 secs] 
2023-10-19T21:39:36.288+0800: 100118.569: [GC (Allocation Failure) 2023-10-19T21:39:36.288+0800: 100118.569: [ParNew: 8674392K->995639K(9175040K), 0.2320439 secs] 14036822K->6406773K(65798144K), 0.2324588 secs] [Times: user=2.85 sys=0.95, real=0.23 secs] 
2023-10-19T21:40:24.919+0800: 100167.200: [GC (Allocation Failure) 2023-10-19T21:40:24.919+0800: 100167.200: [ParNew: 8859959K->841934K(9175040K), 0.2357250 secs] 14271093K->6302333K(65798144K), 0.2361098 secs] [Times: user=2.69 sys=1.19, real=0.23 secs] 
2023-10-19T21:40:57.651+0800: 100199.933: [GC (Allocation Failure) 2023-10-19T21:40:57.652+0800: 100199.933: [ParNew: 8706254K->924312K(9175040K), 0.2495442 secs] 14166653K->6384711K(65798144K), 0.2498796 secs] [Times: user=2.60 sys=1.67, real=0.25 secs] 
2023-10-19T21:41:23.727+0800: 100226.008: [GC (Allocation Failure) 2023-10-19T21:41:23.727+0800: 100226.008: [ParNew: 8788632K->932658K(9175040K), 0.2878720 secs] 14249031K->6393056K(65798144K), 0.2883373 secs] [Times: user=2.83 sys=2.11, real=0.28 secs] 
2023-10-19T21:41:46.486+0800: 100248.767: [GC (Allocation Failure) 2023-10-19T21:41:46.486+0800: 100248.767: [ParNew: 8796978K->867304K(9175040K), 0.2543250 secs] 14257376K->6377221K(65798144K), 0.2546950 secs] [Times: user=2.74 sys=1.46, real=0.26 secs] 
2023-10-19T21:42:21.819+0800: 100284.100: [GC (Allocation Failure) 2023-10-19T21:42:21.819+0800: 100284.100: [ParNew: 8731624K->760250K(9175040K), 0.2335972 secs] 14241541K->6308872K(65798144K), 0.2340090 secs] [Times: user=2.72 sys=1.14, real=0.23 secs] 
2023-10-19T21:43:11.649+0800: 100333.930: [GC (Allocation Failure) 2023-10-19T21:43:11.649+0800: 100333.931: [ParNew: 8624570K->743414K(9175040K), 0.2487565 secs] 14173192K->6321298K(65798144K), 0.2492075 secs] [Times: user=2.71 sys=1.46, real=0.25 secs] 
2023-10-19T21:44:00.310+0800: 100382.592: [GC (Allocation Failure) 2023-10-19T21:44:00.311+0800: 100382.592: [ParNew: 8607734K->749954K(9175040K), 0.2414962 secs] 14185618K->6345455K(65798144K), 0.2418543 secs] [Times: user=2.50 sys=1.57, real=0.24 secs] 
2023-10-19T21:44:46.066+0800: 100428.347: [GC (Allocation Failure) 2023-10-19T21:44:46.066+0800: 100428.347: [ParNew: 8614274K->690734K(9175040K), 0.1878393 secs] 14209775K->6294271K(65798144K), 0.1881569 secs] [Times: user=2.04 sys=1.07, real=0.19 secs] 
2023-10-19T21:45:21.273+0800: 100463.554: [GC (Allocation Failure) 2023-10-19T21:45:21.273+0800: 100463.554: [ParNew: 8555054K->755927K(9175040K), 0.2300119 secs] 14158591K->6367680K(65798144K), 0.2303688 secs] [Times: user=2.50 sys=1.39, real=0.23 secs] 
2023-10-19T21:45:51.496+0800: 100493.777: [GC (Allocation Failure) 2023-10-19T21:45:51.496+0800: 100493.778: [ParNew: 8620247K->706195K(9175040K), 0.1947672 secs] 14232000K->6326054K(65798144K), 0.1951010 secs] [Times: user=2.17 sys=1.08, real=0.19 secs] 
2023-10-19T21:46:31.561+0800: 100533.843: [GC (Allocation Failure) 2023-10-19T21:46:31.562+0800: 100533.843: [ParNew: 8570515K->735303K(9175040K), 0.2417959 secs] 14190374K->6363393K(65798144K), 0.2421820 secs] [Times: user=2.67 sys=1.42, real=0.24 secs] 
2023-10-19T21:47:23.993+0800: 100586.274: [GC (Allocation Failure) 2023-10-19T21:47:23.993+0800: 100586.274: [ParNew: 8599623K->644816K(9175040K), 0.1927400 secs] 14227713K->6281123K(65798144K), 0.1930666 secs] [Times: user=2.00 sys=1.21, real=0.20 secs] 
2023-10-19T21:48:02.898+0800: 100625.179: [GC (Allocation Failure) 2023-10-19T21:48:02.898+0800: 100625.180: [ParNew: 8509136K->658989K(9175040K), 0.1989772 secs] 14145443K->6303268K(65798144K), 0.1993100 secs] [Times: user=2.19 sys=1.13, real=0.20 secs] 
2023-10-19T21:48:42.293+0800: 100664.574: [GC (Allocation Failure) 2023-10-19T21:48:42.293+0800: 100664.574: [ParNew: 8523309K->605207K(9175040K), 0.2113297 secs] 14167588K->6257457K(65798144K), 0.2116976 secs] [Times: user=2.02 sys=1.52, real=0.21 secs] 
2023-10-19T21:49:07.832+0800: 100690.113: [GC (Allocation Failure) 2023-10-19T21:49:07.832+0800: 100690.113: [ParNew: 8469527K->704547K(9175040K), 0.2153038 secs] 14121777K->6365052K(65798144K), 0.2156392 secs] [Times: user=2.45 sys=1.16, real=0.22 secs] 
2023-10-19T21:49:31.690+0800: 100713.971: [GC (Allocation Failure) 2023-10-19T21:49:31.690+0800: 100713.971: [ParNew: 8568867K->782814K(9175040K), 0.1842109 secs] 14229372K->6451419K(65798144K), 0.1845305 secs] [Times: user=1.94 sys=1.13, real=0.18 secs] 
2023-10-19T21:49:58.362+0800: 100740.643: [GC (Allocation Failure) 2023-10-19T21:49:58.362+0800: 100740.644: [ParNew: 8647134K->787280K(9175040K), 0.1868775 secs] 14315739K->6463969K(65798144K), 0.1871929 secs] [Times: user=2.14 sys=0.97, real=0.19 secs] 
2023-10-19T21:50:43.697+0800: 100785.979: [GC (Allocation Failure) 2023-10-19T21:50:43.697+0800: 100785.979: [ParNew: 8651600K->720570K(9175040K), 0.2380285 secs] 14328289K->6405594K(65798144K), 0.2383584 secs] [Times: user=2.61 sys=1.42, real=0.24 secs] 
2023-10-19T21:51:26.982+0800: 100829.264: [GC (Allocation Failure) 2023-10-19T21:51:26.983+0800: 100829.264: [ParNew: 8584890K->723969K(9175040K), 0.2066140 secs] 14269914K->6416931K(65798144K), 0.2069468 secs] [Times: user=2.35 sys=1.12, real=0.21 secs] 
2023-10-19T21:51:58.126+0800: 100860.407: [GC (Allocation Failure) 2023-10-19T21:51:58.126+0800: 100860.407: [ParNew: 8588289K->708839K(9175040K), 0.1985658 secs] 14281251K->6410098K(65798144K), 0.1989425 secs] [Times: user=2.10 sys=1.23, real=0.19 secs] 
2023-10-19T21:52:26.789+0800: 100889.070: [GC (Allocation Failure) 2023-10-19T21:52:26.789+0800: 100889.070: [ParNew: 8573159K->852172K(9175040K), 0.2083049 secs] 14274418K->6561842K(65798144K), 0.2087290 secs] [Times: user=2.09 sys=1.38, real=0.21 secs] 
2023-10-19T21:52:59.692+0800: 100921.973: [GC (Allocation Failure) 2023-10-19T21:52:59.692+0800: 100921.974: [ParNew: 8716492K->790332K(9175040K), 0.1882189 secs] 14426162K->6508166K(65798144K), 0.1885917 secs] [Times: user=2.24 sys=0.90, real=0.19 secs] 
2023-10-19T21:53:36.387+0800: 100958.668: [GC (Allocation Failure) 2023-10-19T21:53:36.387+0800: 100958.668: [ParNew: 8654652K->769827K(9175040K), 0.2333176 secs] 14372486K->6496035K(65798144K), 0.2336643 secs] [Times: user=2.53 sys=1.41, real=0.23 secs] 
2023-10-19T21:54:11.943+0800: 100994.224: [GC (Allocation Failure) 2023-10-19T21:54:11.943+0800: 100994.224: [ParNew: 8634147K->739081K(9175040K), 0.1773809 secs] 14360355K->6473777K(65798144K), 0.1777310 secs] [Times: user=1.98 sys=0.95, real=0.18 secs] 
2023-10-19T21:54:51.849+0800: 101034.130: [GC (Allocation Failure) 2023-10-19T21:54:51.849+0800: 101034.131: [ParNew: 8603401K->751092K(9175040K), 0.2190832 secs] 14338097K->6494214K(65798144K), 0.2193710 secs] [Times: user=2.48 sys=1.21, real=0.22 secs] 
2023-10-19T21:55:25.180+0800: 101067.461: [GC (Allocation Failure) 2023-10-19T21:55:25.180+0800: 101067.461: [ParNew: 8615412K->792568K(9175040K), 0.2351482 secs] 14358534K->6543837K(65798144K), 0.2355048 secs] [Times: user=1.95 sys=2.03, real=0.23 secs] 
2023-10-19T21:56:00.611+0800: 101102.892: [GC (Allocation Failure) 2023-10-19T21:56:00.611+0800: 101102.892: [ParNew: 8656888K->737334K(9175040K), 0.1983768 secs] 14408157K->6497104K(65798144K), 0.1987271 secs] [Times: user=2.26 sys=1.05, real=0.20 secs] 
2023-10-19T21:56:31.715+0800: 101133.996: [GC (Allocation Failure) 2023-10-19T21:56:31.715+0800: 101133.996: [ParNew: 8601654K->769132K(9175040K), 0.2260884 secs] 14361424K->6537174K(65798144K), 0.2263808 secs] [Times: user=2.42 sys=1.39, real=0.23 secs] 
2023-10-19T21:57:10.708+0800: 101172.990: [GC (Allocation Failure) 2023-10-19T21:57:10.709+0800: 101172.990: [ParNew: 8633452K->686939K(9175040K), 0.1961015 secs] 14401494K->6463448K(65798144K), 0.1964625 secs] [Times: user=2.28 sys=1.00, real=0.19 secs] 
2023-10-19T21:57:45.287+0800: 101207.568: [GC (Allocation Failure) 2023-10-19T21:57:45.287+0800: 101207.568: [ParNew: 8551259K->807906K(9175040K), 0.2037278 secs] 14327768K->6592840K(65798144K), 0.2040249 secs] [Times: user=1.87 sys=1.53, real=0.20 secs] 
2023-10-19T21:58:20.005+0800: 101242.286: [GC (Allocation Failure) 2023-10-19T21:58:20.005+0800: 101242.286: [ParNew: 8672226K->738299K(9175040K), 0.2436212 secs] 14457160K->6531298K(65798144K), 0.2440584 secs] [Times: user=2.85 sys=1.26, real=0.25 secs] 
2023-10-19T21:58:51.792+0800: 101274.073: [GC (Allocation Failure) 2023-10-19T21:58:51.792+0800: 101274.074: [ParNew: 8602619K->759158K(9175040K), 0.2474476 secs] 14395618K->6560430K(65798144K), 0.2477905 secs] [Times: user=2.50 sys=1.71, real=0.25 secs] 
2023-10-19T21:59:23.378+0800: 101305.660: [GC (Allocation Failure) 2023-10-19T21:59:23.378+0800: 101305.660: [ParNew: 8623478K->701752K(9175040K), 0.2072652 secs] 14424750K->6511012K(65798144K), 0.2075564 secs] [Times: user=2.38 sys=1.08, real=0.21 secs] 
2023-10-19T22:00:14.748+0800: 101357.029: [GC (Allocation Failure) 2023-10-19T22:00:14.748+0800: 101357.029: [ParNew: 8566072K->731790K(9175040K), 0.2347782 secs] 14375332K->6549424K(65798144K), 0.2351284 secs] [Times: user=1.99 sys=1.98, real=0.23 secs] 
2023-10-19T22:00:51.983+0800: 101394.265: [GC (Allocation Failure) 2023-10-19T22:00:51.984+0800: 101394.265: [ParNew: 8596110K->696057K(9175040K), 0.2074278 secs] 14413744K->6521784K(65798144K), 0.2077204 secs] [Times: user=2.25 sys=1.23, real=0.21 secs] 
2023-10-19T22:01:29.243+0800: 101431.525: [GC (Allocation Failure) 2023-10-19T22:01:29.244+0800: 101431.525: [ParNew: 8560377K->690968K(9175040K), 0.1977160 secs] 14386104K->6525068K(65798144K), 0.1980691 secs] [Times: user=1.83 sys=1.46, real=0.20 secs] 
2023-10-19T22:02:00.435+0800: 101462.716: [GC (Allocation Failure) 2023-10-19T22:02:00.435+0800: 101462.716: [ParNew: 8555288K->755894K(9175040K), 0.1772003 secs] 14389388K->6598156K(65798144K), 0.1775569 secs] [Times: user=1.96 sys=0.96, real=0.18 secs] 
2023-10-19T22:02:35.247+0800: 101497.529: [GC (Allocation Failure) 2023-10-19T22:02:35.247+0800: 101497.529: [ParNew: 8620214K->754989K(9175040K), 0.2016155 secs] 14462476K->6605161K(65798144K), 0.2019045 secs] [Times: user=1.91 sys=1.47, real=0.20 secs] 
2023-10-19T22:03:05.919+0800: 101528.200: [GC (Allocation Failure) 2023-10-19T22:03:05.919+0800: 101528.201: [ParNew: 8619309K->720788K(9175040K), 0.2269110 secs] 14469481K->6579266K(65798144K), 0.2273389 secs] [Times: user=2.51 sys=1.32, real=0.23 secs] 
2023-10-19T22:03:56.198+0800: 101578.479: [GC (Allocation Failure) 2023-10-19T22:03:56.198+0800: 101578.479: [ParNew: 8585108K->637362K(9175040K), 0.2313853 secs] 14443586K->6503647K(65798144K), 0.2317126 secs] [Times: user=2.28 sys=1.62, real=0.23 secs] 
2023-10-19T22:04:26.239+0800: 101608.520: [GC (Allocation Failure) 2023-10-19T22:04:26.239+0800: 101608.520: [ParNew: 8501682K->774239K(9175040K), 0.1914842 secs] 14367967K->6648373K(65798144K), 0.1918043 secs] [Times: user=2.26 sys=0.93, real=0.19 secs] 
2023-10-19T22:05:06.886+0800: 101649.167: [GC (Allocation Failure) 2023-10-19T22:05:06.886+0800: 101649.167: [ParNew: 8638559K->687182K(9175040K), 0.2036264 secs] 14512693K->6569019K(65798144K), 0.2040285 secs] [Times: user=2.10 sys=1.30, real=0.20 secs] 
2023-10-19T22:05:40.196+0800: 101682.477: [GC (Allocation Failure) 2023-10-19T22:05:40.196+0800: 101682.477: [ParNew: 8551502K->745468K(9175040K), 0.2115325 secs] 14433339K->6635267K(65798144K), 0.2119351 secs] [Times: user=2.52 sys=1.02, real=0.22 secs] 
2023-10-19T22:06:23.237+0800: 101725.518: [GC (Allocation Failure) 2023-10-19T22:06:23.237+0800: 101725.519: [ParNew: 8609788K->662129K(9175040K), 0.2378214 secs] 14499587K->6559880K(65798144K), 0.2382002 secs] [Times: user=2.52 sys=1.50, real=0.23 secs] 
2023-10-19T22:07:02.092+0800: 101764.373: [GC (Allocation Failure) 2023-10-19T22:07:02.092+0800: 101764.373: [ParNew: 8526449K->655813K(9175040K), 0.2254154 secs] 14424200K->6561344K(65798144K), 0.2257653 secs] [Times: user=2.33 sys=1.48, real=0.23 secs] 
2023-10-19T22:07:51.990+0800: 101814.272: [GC (Allocation Failure) 2023-10-19T22:07:51.990+0800: 101814.272: [ParNew: 8520133K->663697K(9175040K), 0.1928591 secs] 14425664K->6577221K(65798144K), 0.1932757 secs] [Times: user=2.25 sys=0.97, real=0.19 secs] 
2023-10-19T22:08:22.612+0800: 101844.893: [GC (Allocation Failure) 2023-10-19T22:08:22.612+0800: 101844.893: [ParNew: 8528017K->679161K(9175040K), 0.2109983 secs] 14441541K->6600329K(65798144K), 0.2113963 secs] [Times: user=1.95 sys=1.58, real=0.21 secs] 
2023-10-19T22:08:54.044+0800: 101876.325: [GC (Allocation Failure) 2023-10-19T22:08:54.044+0800: 101876.325: [ParNew: 8543481K->674404K(9175040K), 0.2088273 secs] 14464649K->6603466K(65798144K), 0.2091507 secs] [Times: user=2.15 sys=1.36, real=0.21 secs] 
2023-10-19T22:09:25.660+0800: 101907.942: [GC (Allocation Failure) 2023-10-19T22:09:25.660+0800: 101907.942: [ParNew: 8538724K->667996K(9175040K), 0.1754516 secs] 14467786K->6604835K(65798144K), 0.1757567 secs] [Times: user=1.76 sys=1.14, real=0.18 secs] 
2023-10-19T22:10:13.615+0800: 101955.896: [GC (Allocation Failure) 2023-10-19T22:10:13.615+0800: 101955.896: [ParNew: 8532316K->664870K(9175040K), 0.2037459 secs] 14469155K->6609706K(65798144K), 0.2041163 secs] [Times: user=1.92 sys=1.49, real=0.21 secs] 
2023-10-19T22:10:46.041+0800: 101988.322: [GC (Allocation Failure) 2023-10-19T22:10:46.041+0800: 101988.322: [ParNew: 8529190K->678066K(9175040K), 0.1843214 secs] 14474026K->6630674K(65798144K), 0.1846859 secs] [Times: user=1.99 sys=1.00, real=0.19 secs] 
2023-10-19T22:11:17.932+0800: 102020.213: [GC (Allocation Failure) 2023-10-19T22:11:17.932+0800: 102020.214: [ParNew: 8542386K->722591K(9175040K), 0.2145069 secs] 14494994K->6683232K(65798144K), 0.2148834 secs] [Times: user=2.18 sys=1.42, real=0.22 secs] 
2023-10-19T22:12:16.016+0800: 102078.297: [GC (Allocation Failure) 2023-10-19T22:12:16.016+0800: 102078.297: [ParNew: 8586911K->651883K(9175040K), 0.2429960 secs] 14547552K->6620586K(65798144K), 0.2433058 secs] [Times: user=2.39 sys=1.73, real=0.24 secs] 
2023-10-19T22:12:49.802+0800: 102112.083: [GC (Allocation Failure) 2023-10-19T22:12:49.802+0800: 102112.083: [ParNew: 8516203K->658878K(9175040K), 0.1975548 secs] 14484906K->6635395K(65798144K), 0.1979868 secs] [Times: user=2.23 sys=1.05, real=0.20 secs] 
2023-10-19T22:13:17.939+0800: 102140.221: [GC (Allocation Failure) 2023-10-19T22:13:17.940+0800: 102140.221: [ParNew: 8523198K->717966K(9175040K), 0.2355816 secs] 14499715K->6702393K(65798144K), 0.2360846 secs] [Times: user=2.31 sys=1.68, real=0.23 secs] 
2023-10-19T22:13:53.261+0800: 102175.542: [GC (Allocation Failure) 2023-10-19T22:13:53.261+0800: 102175.542: [ParNew: 8582286K->666339K(9175040K), 0.1878323 secs] 14566713K->6658931K(65798144K), 0.1881791 secs] [Times: user=1.88 sys=1.24, real=0.19 secs] 
2023-10-19T22:14:27.604+0800: 102209.885: [GC (Allocation Failure) 2023-10-19T22:14:27.604+0800: 102209.885: [ParNew: 8530659K->705385K(9175040K), 0.2274289 secs] 14523251K->6706187K(65798144K), 0.2277633 secs] [Times: user=2.29 sys=1.53, real=0.23 secs] 
2023-10-19T22:15:00.593+0800: 102242.874: [GC (Allocation Failure) 2023-10-19T22:15:00.593+0800: 102242.874: [ParNew: 8569705K->727994K(9175040K), 0.2227147 secs] 14570507K->6736785K(65798144K), 0.2230825 secs] [Times: user=2.47 sys=1.28, real=0.23 secs] 
2023-10-19T22:15:34.178+0800: 102276.459: [GC (Allocation Failure) 2023-10-19T22:15:34.178+0800: 102276.460: [ParNew: 8592314K->714231K(9175040K), 0.2038993 secs] 14601105K->6731089K(65798144K), 0.2043070 secs] [Times: user=2.25 sys=1.16, real=0.20 secs] 
2023-10-19T22:16:08.033+0800: 102310.314: [GC (Allocation Failure) 2023-10-19T22:16:08.033+0800: 102310.314: [ParNew: 8578551K->736222K(9175040K), 0.2088720 secs] 14595409K->6760907K(65798144K), 0.2092250 secs] [Times: user=2.00 sys=1.49, real=0.21 secs] 
2023-10-19T22:16:34.763+0800: 102337.044: [GC (Allocation Failure) 2023-10-19T22:16:34.763+0800: 102337.044: [ParNew: 8600542K->749500K(9175040K), 0.2095945 secs] 14625227K->6782247K(65798144K), 0.2099433 secs] [Times: user=2.35 sys=1.15, real=0.21 secs] 
2023-10-19T22:17:01.200+0800: 102363.481: [GC (Allocation Failure) 2023-10-19T22:17:01.200+0800: 102363.482: [ParNew: 8613820K->769243K(9175040K), 0.1916384 secs] 14646567K->6809834K(65798144K), 0.1919935 secs] [Times: user=2.25 sys=0.95, real=0.19 secs] 
2023-10-19T22:17:27.724+0800: 102390.006: [GC (Allocation Failure) 2023-10-19T22:17:27.725+0800: 102390.006: [ParNew: 8633563K->768601K(9175040K), 0.1788186 secs] 14674154K->6817346K(65798144K), 0.1791314 secs] [Times: user=2.08 sys=0.88, real=0.18 secs] 
2023-10-19T22:18:03.037+0800: 102425.318: [GC (Allocation Failure) 2023-10-19T22:18:03.037+0800: 102425.318: [ParNew: 8632921K->847406K(9175040K), 0.2294944 secs] 14681666K->6904030K(65798144K), 0.2299121 secs] [Times: user=2.16 sys=1.72, real=0.23 secs] 
2023-10-19T22:18:43.091+0800: 102465.372: [GC (Allocation Failure) 2023-10-19T22:18:43.091+0800: 102465.372: [ParNew: 8711726K->841905K(9175040K), 0.2059615 secs] 14768350K->6906720K(65798144K), 0.2064237 secs] [Times: user=2.43 sys=1.00, real=0.21 secs] 
2023-10-19T22:19:32.619+0800: 102514.900: [GC (Allocation Failure) 2023-10-19T22:19:32.619+0800: 102514.901: [ParNew: 8706225K->787435K(9175040K), 0.2195207 secs] 14771040K->6860176K(65798144K), 0.2198835 secs] [Times: user=2.42 sys=1.25, real=0.22 secs] 
2023-10-19T22:20:09.681+0800: 102551.962: [GC (Allocation Failure) 2023-10-19T22:20:09.681+0800: 102551.962: [ParNew: 8651755K->731331K(9175040K), 0.2302664 secs] 14724496K->6812199K(65798144K), 0.2305795 secs] [Times: user=2.60 sys=1.28, real=0.23 secs] 
2023-10-19T22:20:39.397+0800: 102581.678: [GC (Allocation Failure) 2023-10-19T22:20:39.397+0800: 102581.678: [ParNew: 8595651K->771482K(9175040K), 0.1937581 secs] 14676519K->6860179K(65798144K), 0.1941549 secs] [Times: user=2.28 sys=0.95, real=0.19 secs] 
2023-10-19T22:21:06.017+0800: 102608.298: [GC (Allocation Failure) 2023-10-19T22:21:06.017+0800: 102608.298: [ParNew: 8635802K->772918K(9175040K), 0.2317911 secs] 14724499K->6869825K(65798144K), 0.2322060 secs] [Times: user=2.41 sys=1.48, real=0.23 secs] 
2023-10-19T22:21:41.049+0800: 102643.330: [GC (Allocation Failure) 2023-10-19T22:21:41.049+0800: 102643.330: [ParNew: 8637238K->736830K(9175040K), 0.2163024 secs] 14734145K->6841863K(65798144K), 0.2166301 secs] [Times: user=2.33 sys=1.30, real=0.21 secs] 
2023-10-19T22:22:10.017+0800: 102672.298: [GC (Allocation Failure) 2023-10-19T22:22:10.017+0800: 102672.298: [ParNew: 8601150K->752754K(9175040K), 0.1793935 secs] 14706183K->6865706K(65798144K), 0.1797033 secs] [Times: user=2.07 sys=0.90, real=0.18 secs] 
2023-10-19T22:22:44.905+0800: 102707.186: [GC (Allocation Failure) 2023-10-19T22:22:44.905+0800: 102707.186: [ParNew: 8617074K->738334K(9175040K), 0.2323795 secs] 14730026K->6859548K(65798144K), 0.2327324 secs] [Times: user=2.43 sys=1.49, real=0.24 secs] 
2023-10-19T22:23:13.001+0800: 102735.282: [GC (Allocation Failure) 2023-10-19T22:23:13.001+0800: 102735.282: [ParNew: 8602654K->777575K(9175040K), 0.1929290 secs] 14723868K->6906786K(65798144K), 0.1932953 secs] [Times: user=1.84 sys=1.37, real=0.19 secs] 
2023-10-19T22:23:51.579+0800: 102773.860: [GC (Allocation Failure) 2023-10-19T22:23:51.579+0800: 102773.860: [ParNew: 8641895K->712419K(9175040K), 0.2234640 secs] 14771106K->6849944K(65798144K), 0.2237556 secs] [Times: user=2.23 sys=1.51, real=0.22 secs] 
2023-10-19T22:24:28.919+0800: 102811.201: [GC (Allocation Failure) 2023-10-19T22:24:28.920+0800: 102811.201: [ParNew: 8576739K->775257K(9175040K), 0.1824580 secs] 14714264K->6920662K(65798144K), 0.1828027 secs] [Times: user=2.09 sys=0.94, real=0.18 secs] 
2023-10-19T22:25:00.348+0800: 102842.629: [GC (Allocation Failure) 2023-10-19T22:25:00.348+0800: 102842.629: [ParNew: 8639577K->786102K(9175040K), 0.1910068 secs] 14784982K->6939600K(65798144K), 0.1913380 secs] [Times: user=1.90 sys=1.27, real=0.19 secs] 
2023-10-19T22:25:32.542+0800: 102874.823: [GC (Allocation Failure) 2023-10-19T22:25:32.542+0800: 102874.824: [ParNew: 8650422K->737367K(9175040K), 0.2117820 secs] 14803920K->6898714K(65798144K), 0.2121083 secs] [Times: user=2.28 sys=1.27, real=0.21 secs] 
2023-10-19T22:26:21.028+0800: 102923.310: [GC (Allocation Failure) 2023-10-19T22:26:21.029+0800: 102923.310: [ParNew: 8601687K->765124K(9175040K), 0.2584237 secs] 14763034K->6934518K(65798144K), 0.2588754 secs] [Times: user=2.34 sys=2.05, real=0.26 secs] 
2023-10-19T22:27:00.380+0800: 102962.661: [GC (Allocation Failure) 2023-10-19T22:27:00.380+0800: 102962.661: [ParNew: 8629444K->745555K(9175040K), 0.1954521 secs] 14798838K->6923042K(65798144K), 0.1957978 secs] [Times: user=2.23 sys=1.03, real=0.19 secs] 
2023-10-19T22:27:38.876+0800: 103001.157: [GC (Allocation Failure) 2023-10-19T22:27:38.876+0800: 103001.157: [ParNew: 8609875K->699413K(9175040K), 0.1956806 secs] 14787362K->6884774K(65798144K), 0.1960670 secs] [Times: user=1.84 sys=1.43, real=0.20 secs] 
2023-10-19T22:28:14.006+0800: 103036.287: [GC (Allocation Failure) 2023-10-19T22:28:14.006+0800: 103036.287: [ParNew: 8563733K->716343K(9175040K), 0.1959153 secs] 14749094K->6909813K(65798144K), 0.1962508 secs] [Times: user=2.30 sys=0.98, real=0.19 secs] 
2023-10-19T22:28:41.229+0800: 103063.510: [GC (Allocation Failure) 2023-10-19T22:28:41.229+0800: 103063.511: [ParNew: 8580663K->808353K(9175040K), 0.2303135 secs] 14774133K->7009683K(65798144K), 0.2306777 secs] [Times: user=2.36 sys=1.52, real=0.23 secs] 
2023-10-19T22:29:10.396+0800: 103092.677: [GC (Allocation Failure) 2023-10-19T22:29:10.396+0800: 103092.677: [ParNew: 8672673K->788995K(9175040K), 0.1819239 secs] 14874003K->6998419K(65798144K), 0.1823200 secs] [Times: user=1.88 sys=1.14, real=0.18 secs] 
2023-10-19T22:29:46.017+0800: 103128.298: [GC (Allocation Failure) 2023-10-19T22:29:46.017+0800: 103128.298: [ParNew: 8653315K->770238K(9175040K), 0.2120658 secs] 14862739K->6987532K(65798144K), 0.2123958 secs] [Times: user=2.12 sys=1.39, real=0.21 secs] 
2023-10-19T22:30:22.891+0800: 103165.173: [GC (Allocation Failure) 2023-10-19T22:30:22.892+0800: 103165.173: [ParNew: 8634558K->683412K(9175040K), 0.2143653 secs] 14851852K->6908827K(65798144K), 0.2147407 secs] [Times: user=2.07 sys=1.52, real=0.22 secs] 
2023-10-19T22:30:49.400+0800: 103191.681: [GC (Allocation Failure) 2023-10-19T22:30:49.400+0800: 103191.681: [ParNew: 8547732K->810758K(9175040K), 0.1928241 secs] 14773147K->7043974K(65798144K), 0.1931936 secs] [Times: user=2.21 sys=1.00, real=0.19 secs] 
2023-10-19T22:31:20.304+0800: 103222.585: [GC (Allocation Failure) 2023-10-19T22:31:20.304+0800: 103222.586: [ParNew: 8675078K->786081K(9175040K), 0.2099253 secs] 14908294K->7027418K(65798144K), 0.2102860 secs] [Times: user=2.50 sys=1.02, real=0.21 secs] 
2023-10-19T22:32:04.659+0800: 103266.940: [GC (Allocation Failure) 2023-10-19T22:32:04.659+0800: 103266.940: [ParNew: 8650401K->832505K(9175040K), 0.2031452 secs] 14891738K->7081778K(65798144K), 0.2034330 secs] [Times: user=2.05 sys=1.35, real=0.20 secs] 
2023-10-19T22:32:38.521+0800: 103300.803: [GC (Allocation Failure) 2023-10-19T22:32:38.522+0800: 103300.803: [ParNew: 8696825K->764009K(9175040K), 0.1971425 secs] 14946098K->7021538K(65798144K), 0.1974521 secs] [Times: user=2.34 sys=0.94, real=0.20 secs] 
2023-10-19T22:33:14.871+0800: 103337.152: [GC (Allocation Failure) 2023-10-19T22:33:14.871+0800: 103337.153: [ParNew: 8628329K->828251K(9175040K), 0.2118291 secs] 14885858K->7093873K(65798144K), 0.2121848 secs] [Times: user=1.97 sys=1.57, real=0.21 secs] 
2023-10-19T22:34:00.892+0800: 103383.173: [GC (Allocation Failure) 2023-10-19T22:34:00.892+0800: 103383.174: [ParNew: 8692571K->705491K(9175040K), 0.2170041 secs] 14958193K->6979468K(65798144K), 0.2173875 secs] [Times: user=2.65 sys=0.99, real=0.22 secs] 
2023-10-19T22:34:37.481+0800: 103419.762: [GC (Allocation Failure) 2023-10-19T22:34:37.481+0800: 103419.762: [ParNew: 8569811K->699072K(9175040K), 0.2129700 secs] 14843788K->6981258K(65798144K), 0.2133606 secs] [Times: user=2.58 sys=1.22, real=0.21 secs] 
2023-10-19T22:35:21.874+0800: 103464.155: [GC (Allocation Failure) 2023-10-19T22:35:21.874+0800: 103464.155: [ParNew: 8563392K->762782K(9175040K), 0.2142530 secs] 14845578K->7052992K(65798144K), 0.2146710 secs] [Times: user=2.00 sys=1.59, real=0.22 secs] 
2023-10-19T22:36:15.496+0800: 103517.777: [GC (Allocation Failure) 2023-10-19T22:36:15.496+0800: 103517.777: [ParNew: 8627102K->694901K(9175040K), 0.1913652 secs] 14917312K->6993551K(65798144K), 0.1916752 secs] [Times: user=2.06 sys=1.07, real=0.19 secs] 
2023-10-19T22:36:40.839+0800: 103543.120: [GC (Allocation Failure) 2023-10-19T22:36:40.839+0800: 103543.120: [ParNew: 8559221K->675283K(9175040K), 0.1826076 secs] 14857871K->6982119K(65798144K), 0.1830483 secs] [Times: user=2.07 sys=0.93, real=0.18 secs] 
2023-10-19T22:37:04.580+0800: 103566.862: [GC (Allocation Failure) 2023-10-19T22:37:04.580+0800: 103566.862: [ParNew: 8539603K->701676K(9175040K), 0.2023508 secs] 14846439K->7016850K(65798144K), 0.2026725 secs] [Times: user=2.14 sys=1.24, real=0.20 secs] 
2023-10-19T22:37:35.676+0800: 103597.957: [GC (Allocation Failure) 2023-10-19T22:37:35.676+0800: 103597.958: [ParNew: 8565996K->694420K(9175040K), 0.1979696 secs] 14881170K->7017982K(65798144K), 0.1983918 secs] [Times: user=2.17 sys=1.14, real=0.19 secs] 
2023-10-19T22:38:09.657+0800: 103631.938: [GC (Allocation Failure) 2023-10-19T22:38:09.657+0800: 103631.939: [ParNew: 8558740K->725474K(9175040K), 0.2020250 secs] 14882302K->7057053K(65798144K), 0.2025046 secs] [Times: user=2.31 sys=1.00, real=0.20 secs] 
2023-10-19T22:38:40.533+0800: 103662.814: [GC (Allocation Failure) 2023-10-19T22:38:40.533+0800: 103662.814: [ParNew: 8589794K->721746K(9175040K), 0.2005555 secs] 14921373K->7061638K(65798144K), 0.2009868 secs] [Times: user=2.10 sys=1.25, real=0.20 secs] 
2023-10-19T22:39:09.196+0800: 103691.477: [GC (Allocation Failure) 2023-10-19T22:39:09.196+0800: 103691.477: [ParNew: 8586066K->734185K(9175040K), 0.2118953 secs] 14925958K->7082238K(65798144K), 0.2123417 secs] [Times: user=2.30 sys=1.26, real=0.21 secs] 
2023-10-19T22:39:56.414+0800: 103738.696: [GC (Allocation Failure) 2023-10-19T22:39:56.415+0800: 103738.696: [ParNew: 8598505K->748933K(9175040K), 0.2761159 secs] 14946558K->7105219K(65798144K), 0.2764530 secs] [Times: user=2.95 sys=1.76, real=0.28 secs] 
2023-10-19T22:40:26.804+0800: 103769.086: [GC (Allocation Failure) 2023-10-19T22:40:26.805+0800: 103769.086: [ParNew: 8613253K->846058K(9175040K), 0.2283318 secs] 14969539K->7210688K(65798144K), 0.2287576 secs] [Times: user=2.63 sys=1.21, real=0.23 secs] 
2023-10-19T22:40:47.961+0800: 103790.243: [GC (Allocation Failure) 2023-10-19T22:40:47.961+0800: 103790.243: [ParNew: 8710378K->797163K(9175040K), 0.1960891 secs] 15075008K->7169857K(65798144K), 0.1964161 secs] [Times: user=2.25 sys=1.02, real=0.20 secs] 
2023-10-19T22:41:13.967+0800: 103816.248: [GC (Allocation Failure) 2023-10-19T22:41:13.967+0800: 103816.248: [ParNew: 8661483K->923802K(9175040K), 0.2056281 secs] 15034177K->7304833K(65798144K), 0.2059879 secs] [Times: user=2.30 sys=1.14, real=0.20 secs] 
2023-10-19T22:41:49.036+0800: 103851.317: [GC (Allocation Failure) 2023-10-19T22:41:49.036+0800: 103851.317: [ParNew: 8788122K->788095K(9175040K), 0.2132107 secs] 15169153K->7177211K(65798144K), 0.2135930 secs] [Times: user=2.12 sys=1.46, real=0.21 secs] 
2023-10-19T22:42:22.043+0800: 103884.325: [GC (Allocation Failure) 2023-10-19T22:42:22.044+0800: 103884.325: [ParNew: 8652415K->831233K(9175040K), 0.2146907 secs] 15041531K->7228743K(65798144K), 0.2150727 secs] [Times: user=2.51 sys=1.09, real=0.22 secs] 
2023-10-19T22:43:01.449+0800: 103923.731: [GC (Allocation Failure) 2023-10-19T22:43:01.450+0800: 103923.731: [ParNew: 8695553K->867058K(9175040K), 0.2372683 secs] 15093063K->7272938K(65798144K), 0.2376561 secs] [Times: user=2.32 sys=1.68, real=0.24 secs] 
2023-10-19T22:44:00.407+0800: 103982.688: [GC (Allocation Failure) 2023-10-19T22:44:00.407+0800: 103982.688: [ParNew: 8731378K->692946K(9175040K), 0.2017157 secs] 15137258K->7107036K(65798144K), 0.2020435 secs] [Times: user=2.23 sys=1.14, real=0.20 secs] 
2023-10-19T22:44:23.455+0800: 104005.737: [GC (Allocation Failure) 2023-10-19T22:44:23.456+0800: 104005.737: [ParNew: 8557266K->786798K(9175040K), 0.2299531 secs] 14971356K->7209449K(65798144K), 0.2303260 secs] [Times: user=2.12 sys=1.75, real=0.24 secs] 
2023-10-19T22:44:42.414+0800: 104024.695: [GC (Allocation Failure) 2023-10-19T22:44:42.414+0800: 104024.695: [ParNew: 8651118K->820148K(9175040K), 0.2163935 secs] 15073769K->7250904K(65798144K), 0.2167566 secs] [Times: user=2.03 sys=1.60, real=0.22 secs] 
2023-10-19T22:45:01.932+0800: 104044.213: [GC (Allocation Failure) 2023-10-19T22:45:01.932+0800: 104044.213: [ParNew: 8684468K->937052K(9175040K), 0.2376226 secs] 15115224K->7376167K(65798144K), 0.2380588 secs] [Times: user=2.62 sys=1.39, real=0.24 secs] 
2023-10-19T22:45:25.061+0800: 104067.343: [GC (Allocation Failure) 2023-10-19T22:45:25.062+0800: 104067.343: [ParNew: 8801372K->807813K(9175040K), 0.2064970 secs] 15240487K->7255273K(65798144K), 0.2068754 secs] [Times: user=2.05 sys=1.41, real=0.21 secs] 
2023-10-19T22:45:58.139+0800: 104100.420: [GC (Allocation Failure) 2023-10-19T22:45:58.139+0800: 104100.421: [ParNew: 8672133K->727101K(9175040K), 0.1993587 secs] 15119593K->7182661K(65798144K), 0.1998780 secs] [Times: user=2.12 sys=1.21, real=0.20 secs] 
2023-10-19T22:46:22.934+0800: 104125.215: [GC (Allocation Failure) 2023-10-19T22:46:22.934+0800: 104125.216: [ParNew: 8591421K->885823K(9175040K), 0.2321465 secs] 15046981K->7349787K(65798144K), 0.2326349 secs] [Times: user=2.16 sys=1.73, real=0.24 secs] 
2023-10-19T22:46:45.910+0800: 104148.191: [GC (Allocation Failure) 2023-10-19T22:46:45.910+0800: 104148.191: [ParNew: 8750143K->854857K(9175040K), 0.2254611 secs] 15214107K->7326860K(65798144K), 0.2258280 secs] [Times: user=2.33 sys=1.45, real=0.22 secs] 
2023-10-19T22:47:12.204+0800: 104174.485: [GC (Allocation Failure) 2023-10-19T22:47:12.204+0800: 104174.485: [ParNew: 8719177K->837949K(9175040K), 0.1910794 secs] 15191180K->7318327K(65798144K), 0.1914194 secs] [Times: user=1.93 sys=1.25, real=0.19 secs] 
2023-10-19T22:48:12.984+0800: 104235.265: [GC (Allocation Failure) 2023-10-19T22:48:12.984+0800: 104235.265: [ParNew: 8702269K->805002K(9175040K), 0.2396505 secs] 15182647K->7293535K(65798144K), 0.2399552 secs] [Times: user=2.56 sys=1.48, real=0.24 secs] 
2023-10-19T22:48:36.496+0800: 104258.777: [GC (Allocation Failure) 2023-10-19T22:48:36.496+0800: 104258.777: [ParNew: 8669322K->911800K(9175040K), 0.2105856 secs] 15157855K->7408688K(65798144K), 0.2109347 secs] [Times: user=2.25 sys=1.27, real=0.21 secs] 
2023-10-19T22:48:56.821+0800: 104279.102: [GC (Allocation Failure) 2023-10-19T22:48:56.821+0800: 104279.102: [ParNew: 8776120K->1003841K(9175040K), 0.1953606 secs] 15273008K->7508316K(65798144K), 0.1956961 secs] [Times: user=2.23 sys=1.01, real=0.20 secs] 
2023-10-19T22:49:20.337+0800: 104302.618: [GC (Allocation Failure) 2023-10-19T22:49:20.337+0800: 104302.618: [ParNew: 8868161K->939050K(9175040K), 0.2219543 secs] 15372636K->7451711K(65798144K), 0.2223730 secs] [Times: user=2.35 sys=1.33, real=0.22 secs] 
2023-10-19T22:49:52.059+0800: 104334.340: [GC (Allocation Failure) 2023-10-19T22:49:52.059+0800: 104334.341: [ParNew: 8803370K->861436K(9175040K), 0.2106578 secs] 15316031K->7382269K(65798144K), 0.2111075 secs] [Times: user=2.45 sys=1.07, real=0.21 secs] 
2023-10-19T22:50:19.844+0800: 104362.125: [GC (Allocation Failure) 2023-10-19T22:50:19.844+0800: 104362.126: [ParNew: 8725756K->835188K(9175040K), 0.2870405 secs] 15246589K->7363975K(65798144K), 0.2875674 secs] [Times: user=2.78 sys=2.12, real=0.29 secs] 
2023-10-19T22:50:46.327+0800: 104388.608: [GC (Allocation Failure) 2023-10-19T22:50:46.327+0800: 104388.609: [ParNew: 8699508K->810497K(9175040K), 0.2523797 secs] 15228295K->7347245K(65798144K), 0.2527583 secs] [Times: user=2.80 sys=1.48, real=0.25 secs] 
2023-10-19T22:51:06.774+0800: 104409.055: [GC (Allocation Failure) 2023-10-19T22:51:06.774+0800: 104409.055: [ParNew: 8674817K->903257K(9175040K), 0.2024317 secs] 15211565K->7448358K(65798144K), 0.2028523 secs] [Times: user=2.12 sys=1.27, real=0.21 secs] 
2023-10-19T22:51:53.504+0800: 104455.786: [GC (Allocation Failure) 2023-10-19T22:51:53.505+0800: 104455.786: [ParNew: 8767577K->779879K(9175040K), 0.2193893 secs] 15312678K->7333173K(65798144K), 0.2197964 secs] [Times: user=2.38 sys=1.32, real=0.22 secs] 
2023-10-19T22:52:28.054+0800: 104490.335: [GC (Allocation Failure) 2023-10-19T22:52:28.054+0800: 104490.336: [ParNew: 8644199K->785896K(9175040K), 0.2377167 secs] 15197493K->7347273K(65798144K), 0.2381327 secs] [Times: user=2.60 sys=1.42, real=0.24 secs] 
2023-10-19T22:52:51.345+0800: 104513.626: [GC (Allocation Failure) 2023-10-19T22:52:51.345+0800: 104513.626: [ParNew: 8650216K->931482K(9175040K), 0.2053936 secs] 15211593K->7500952K(65798144K), 0.2057842 secs] [Times: user=2.24 sys=1.20, real=0.21 secs] 
2023-10-19T22:53:17.280+0800: 104539.562: [GC (Allocation Failure) 2023-10-19T22:53:17.281+0800: 104539.562: [ParNew: 8795802K->895582K(9175040K), 0.1904451 secs] 15365272K->7472974K(65798144K), 0.1908327 secs] [Times: user=2.11 sys=1.06, real=0.19 secs] 
2023-10-19T22:53:50.747+0800: 104573.028: [GC (Allocation Failure) 2023-10-19T22:53:50.747+0800: 104573.028: [ParNew: 8759902K->813837K(9175040K), 0.2162670 secs] 15337294K->7399531K(65798144K), 0.2167815 secs] [Times: user=2.59 sys=1.04, real=0.21 secs] 
2023-10-19T22:54:13.761+0800: 104596.042: [GC (Allocation Failure) 2023-10-19T22:54:13.761+0800: 104596.042: [ParNew: 8678157K->745333K(9175040K), 0.2308813 secs] 15263851K->7339179K(65798144K), 0.2313740 secs] [Times: user=2.63 sys=1.27, real=0.23 secs] 
2023-10-19T22:54:39.727+0800: 104622.008: [GC (Allocation Failure) 2023-10-19T22:54:39.727+0800: 104622.008: [ParNew: 8609653K->933473K(9175040K), 0.2618554 secs] 15203499K->7535285K(65798144K), 0.2623057 secs] [Times: user=2.62 sys=1.82, real=0.26 secs] 
2023-10-19T22:55:05.314+0800: 104647.595: [GC (Allocation Failure) 2023-10-19T22:55:05.314+0800: 104647.596: [ParNew: 8797793K->999966K(9175040K), 0.2137070 secs] 15399605K->7610096K(65798144K), 0.2140511 secs] [Times: user=2.03 sys=1.54, real=0.22 secs] 
2023-10-19T22:55:34.845+0800: 104677.127: [GC (Allocation Failure) 2023-10-19T22:55:34.846+0800: 104677.127: [ParNew: 8864286K->727031K(9175040K), 0.2321360 secs] 15474416K->7345174K(65798144K), 0.2325557 secs] [Times: user=2.90 sys=1.02, real=0.24 secs] 
2023-10-19T22:56:10.995+0800: 104713.276: [GC (Allocation Failure) 2023-10-19T22:56:10.995+0800: 104713.276: [ParNew: 8591351K->893047K(9175040K), 0.2529071 secs] 15209494K->7519129K(65798144K), 0.2532124 secs] [Times: user=2.89 sys=1.40, real=0.26 secs] 
2023-10-19T22:56:33.320+0800: 104735.602: [GC (Allocation Failure) 2023-10-19T22:56:33.321+0800: 104735.602: [ParNew: 8757367K->827319K(9175040K), 0.2111824 secs] 15383449K->7461335K(65798144K), 0.2115401 secs] [Times: user=2.42 sys=1.12, real=0.21 secs] 
2023-10-19T22:56:53.534+0800: 104755.816: [GC (Allocation Failure) 2023-10-19T22:56:53.535+0800: 104755.816: [ParNew: 8691639K->953635K(9175040K), 0.2107380 secs] 15325655K->7595890K(65798144K), 0.2110779 secs] [Times: user=2.36 sys=1.15, real=0.21 secs] 
2023-10-19T22:57:21.346+0800: 104783.627: [GC (Allocation Failure) 2023-10-19T22:57:21.346+0800: 104783.627: [ParNew: 8817955K->894898K(9175040K), 0.2241975 secs] 15460210K->7544841K(65798144K), 0.2245838 secs] [Times: user=2.76 sys=1.02, real=0.23 secs] 
2023-10-19T22:57:53.369+0800: 104815.650: [GC (Allocation Failure) 2023-10-19T22:57:53.369+0800: 104815.650: [ParNew: 8759218K->874580K(9175040K), 0.1952825 secs] 15409161K->7532685K(65798144K), 0.1956911 secs] [Times: user=2.31 sys=0.90, real=0.19 secs] 
2023-10-19T22:58:18.827+0800: 104841.108: [GC (Allocation Failure) 2023-10-19T22:58:18.827+0800: 104841.108: [ParNew: 8738900K->926165K(9175040K), 0.2362164 secs] 15397005K->7592199K(65798144K), 0.2366007 secs] [Times: user=2.77 sys=1.21, real=0.23 secs] 
2023-10-19T22:58:55.366+0800: 104877.647: [GC (Allocation Failure) 2023-10-19T22:58:55.366+0800: 104877.647: [ParNew: 8790485K->840876K(9175040K), 0.2334709 secs] 15456519K->7514797K(65798144K), 0.2337768 secs] [Times: user=2.33 sys=1.62, real=0.23 secs] 
2023-10-19T22:59:44.147+0800: 104926.429: [GC (Allocation Failure) 2023-10-19T22:59:44.148+0800: 104926.429: [ParNew: 8705196K->731827K(9175040K), 0.2284233 secs] 15379117K->7413882K(65798144K), 0.2287900 secs] [Times: user=2.15 sys=1.71, real=0.23 secs] 
2023-10-19T23:00:13.027+0800: 104955.308: [GC (Allocation Failure) 2023-10-19T23:00:13.027+0800: 104955.308: [ParNew: 8596147K->778712K(9175040K), 0.1931784 secs] 15278202K->7468843K(65798144K), 0.1935887 secs] [Times: user=2.25 sys=0.96, real=0.19 secs] 
2023-10-19T23:00:33.901+0800: 104976.182: [GC (Allocation Failure) 2023-10-19T23:00:33.901+0800: 104976.183: [ParNew: 8643032K->816832K(9175040K), 0.2028186 secs] 15333163K->7514705K(65798144K), 0.2032531 secs] [Times: user=2.02 sys=1.37, real=0.20 secs] 
2023-10-19T23:00:54.069+0800: 104996.350: [GC (Allocation Failure) 2023-10-19T23:00:54.069+0800: 104996.350: [ParNew: 8681152K->968714K(9175040K), 0.2118136 secs] 15379025K->7674199K(65798144K), 0.2121635 secs] [Times: user=2.29 sys=1.27, real=0.21 secs] 
2023-10-19T23:01:23.871+0800: 105026.153: [GC (Allocation Failure) 2023-10-19T23:01:23.872+0800: 105026.153: [ParNew: 8833034K->780027K(9175040K), 0.1929934 secs] 15538519K->7493527K(65798144K), 0.1933252 secs] [Times: user=2.22 sys=0.99, real=0.19 secs] 
2023-10-19T23:02:00.528+0800: 105062.809: [GC (Allocation Failure) 2023-10-19T23:02:00.528+0800: 105062.809: [ParNew: 8644347K->707550K(9175040K), 0.2298044 secs] 15357847K->7428981K(65798144K), 0.2302125 secs] [Times: user=2.29 sys=1.58, real=0.23 secs] 
2023-10-19T23:02:27.867+0800: 105090.148: [GC (Allocation Failure) 2023-10-19T23:02:27.867+0800: 105090.148: [ParNew: 8571870K->921191K(9175040K), 0.2182928 secs] 15293301K->7650522K(65798144K), 0.2186334 secs] [Times: user=2.41 sys=1.26, real=0.22 secs] 
2023-10-19T23:02:54.404+0800: 105116.685: [GC (Allocation Failure) 2023-10-19T23:02:54.404+0800: 105116.685: [ParNew: 8785511K->780010K(9175040K), 0.1970078 secs] 15514842K->7517340K(65798144K), 0.1974051 secs] [Times: user=2.29 sys=1.00, real=0.20 secs] 
2023-10-19T23:03:53.668+0800: 105175.949: [GC (Allocation Failure) 2023-10-19T23:03:53.669+0800: 105175.950: [ParNew: 8644330K->753288K(9175040K), 0.2322522 secs] 15381660K->7498303K(65798144K), 0.2326527 secs] [Times: user=2.38 sys=1.54, real=0.23 secs] 
2023-10-19T23:04:27.643+0800: 105209.924: [GC (Allocation Failure) 2023-10-19T23:04:27.643+0800: 105209.925: [ParNew: 8617608K->742785K(9175040K), 0.1723290 secs] 15362623K->7495731K(65798144K), 0.1726882 secs] [Times: user=1.88 sys=0.94, real=0.18 secs] 
2023-10-19T23:04:54.799+0800: 105237.080: [GC (Allocation Failure) 2023-10-19T23:04:54.799+0800: 105237.080: [ParNew: 8607105K->773762K(9175040K), 0.2163038 secs] 15360051K->7534376K(65798144K), 0.2166168 secs] [Times: user=2.45 sys=1.40, real=0.22 secs] 
2023-10-19T23:05:29.568+0800: 105271.849: [GC (Allocation Failure) 2023-10-19T23:05:29.568+0800: 105271.849: [ParNew: 8638082K->879662K(9175040K), 0.1417158 secs] 15398696K->7648115K(65798144K), 0.1420107 secs] [Times: user=2.15 sys=0.29, real=0.14 secs] 
2023-10-19T23:06:05.468+0800: 105307.749: [GC (Allocation Failure) 2023-10-19T23:06:05.468+0800: 105307.749: [ParNew: 8743982K->719517K(9175040K), 0.2133317 secs] 15512435K->7495823K(65798144K), 0.2136706 secs] [Times: user=2.18 sys=1.40, real=0.21 secs] 
2023-10-19T23:06:35.748+0800: 105338.030: [GC (Allocation Failure) 2023-10-19T23:06:35.749+0800: 105338.030: [ParNew: 8583837K->658447K(9175040K), 0.2195510 secs] 15360143K->7442266K(65798144K), 0.2198836 secs] [Times: user=2.31 sys=1.37, real=0.22 secs] 
2023-10-19T23:07:46.928+0800: 105409.210: [GC (Allocation Failure) 2023-10-19T23:07:46.929+0800: 105409.210: [ParNew: 8522767K->738272K(9175040K), 0.2217412 secs] 15306586K->7529506K(65798144K), 0.2220827 secs] [Times: user=2.53 sys=1.21, real=0.22 secs] 
2023-10-19T23:08:18.997+0800: 105441.278: [GC (Allocation Failure) 2023-10-19T23:08:18.997+0800: 105441.278: [ParNew: 8602592K->698420K(9175040K), 0.2014495 secs] 15393826K->7497521K(65798144K), 0.2018303 secs] [Times: user=2.15 sys=1.23, real=0.20 secs] 
2023-10-19T23:08:51.832+0800: 105474.114: [GC (Allocation Failure) 2023-10-19T23:08:51.833+0800: 105474.114: [ParNew: 8562740K->740236K(9175040K), 0.2539136 secs] 15361841K->7547475K(65798144K), 0.2543010 secs] [Times: user=2.59 sys=1.72, real=0.26 secs] 
2023-10-19T23:09:36.452+0800: 105518.733: [GC (Allocation Failure) 2023-10-19T23:09:36.452+0800: 105518.733: [ParNew: 8604556K->653617K(9175040K), 0.2591257 secs] 15411795K->7468736K(65798144K), 0.2594925 secs] [Times: user=2.84 sys=1.56, real=0.26 secs] 
2023-10-19T23:10:09.626+0800: 105551.908: [GC (Allocation Failure) 2023-10-19T23:10:09.627+0800: 105551.908: [ParNew: 8517937K->719373K(9175040K), 0.2047173 secs] 15333056K->7542535K(65798144K), 0.2050556 secs] [Times: user=2.14 sys=1.29, real=0.20 secs] 
2023-10-19T23:11:00.597+0800: 105602.879: [GC (Allocation Failure) 2023-10-19T23:11:00.598+0800: 105602.879: [ParNew: 8583693K->656345K(9175040K), 0.2513259 secs] 15406855K->7487250K(65798144K), 0.2516549 secs] [Times: user=2.65 sys=1.63, real=0.25 secs] 
2023-10-19T23:11:49.723+0800: 105652.004: [GC (Allocation Failure) 2023-10-19T23:11:49.723+0800: 105652.004: [ParNew: 8520665K->607240K(9175040K), 0.1931528 secs] 15351570K->7446291K(65798144K), 0.1935294 secs] [Times: user=1.87 sys=1.35, real=0.20 secs] 
2023-10-19T23:12:19.833+0800: 105682.114: [GC (Allocation Failure) 2023-10-19T23:12:19.833+0800: 105682.114: [ParNew: 8471560K->719397K(9175040K), 0.2336842 secs] 15310611K->7566699K(65798144K), 0.2341579 secs] [Times: user=2.06 sys=1.89, real=0.24 secs] 
2023-10-19T23:12:45.608+0800: 105707.889: [GC (Allocation Failure) 2023-10-19T23:12:45.608+0800: 105707.889: [ParNew: 8583717K->664144K(9175040K), 0.2052079 secs] 15431019K->7519400K(65798144K), 0.2056007 secs] [Times: user=1.89 sys=1.56, real=0.20 secs] 
2023-10-19T23:13:13.953+0800: 105736.234: [GC (Allocation Failure) 2023-10-19T23:13:13.953+0800: 105736.234: [ParNew: 8528464K->697177K(9175040K), 0.2018966 secs] 15383720K->7560414K(65798144K), 0.2021961 secs] [Times: user=2.36 sys=1.01, real=0.20 secs] 
2023-10-19T23:13:48.327+0800: 105770.608: [GC (Allocation Failure) 2023-10-19T23:13:48.327+0800: 105770.608: [ParNew: 8561497K->735405K(9175040K), 0.1946886 secs] 15424734K->7607112K(65798144K), 0.1950915 secs] [Times: user=2.07 sys=1.16, real=0.19 secs] 
2023-10-19T23:14:39.465+0800: 105821.746: [GC (Allocation Failure) 2023-10-19T23:14:39.465+0800: 105821.746: [ParNew: 8599725K->698168K(9175040K), 0.2179897 secs] 15471432K->7578198K(65798144K), 0.2183843 secs] [Times: user=2.24 sys=1.39, real=0.22 secs] 
2023-10-19T23:15:10.037+0800: 105852.319: [GC (Allocation Failure) 2023-10-19T23:15:10.038+0800: 105852.319: [ParNew: 8562488K->731899K(9175040K), 0.2274879 secs] 15442518K->7620130K(65798144K), 0.2278698 secs] [Times: user=2.29 sys=1.54, real=0.22 secs] 
2023-10-19T23:15:28.640+0800: 105870.922: [GC (Allocation Failure) 2023-10-19T23:15:28.641+0800: 105870.922: [ParNew: 8596219K->759588K(9175040K), 0.1924361 secs] 15484450K->7656130K(65798144K), 0.1928151 secs] [Times: user=1.76 sys=1.44, real=0.19 secs] 
2023-10-19T23:15:56.301+0800: 105898.582: [GC (Allocation Failure) 2023-10-19T23:15:56.301+0800: 105898.582: [ParNew: 8623908K->756184K(9175040K), 0.2076840 secs] 15520450K->7660808K(65798144K), 0.2080650 secs] [Times: user=2.44 sys=1.03, real=0.21 secs] 
2023-10-19T23:16:28.784+0800: 105931.065: [GC (Allocation Failure) 2023-10-19T23:16:28.784+0800: 105931.065: [ParNew: 8620504K->800158K(9175040K), 0.1868177 secs] 15525128K->7713235K(65798144K), 0.1871719 secs] [Times: user=2.10 sys=1.00, real=0.19 secs] 
2023-10-19T23:17:01.555+0800: 105963.836: [GC (Allocation Failure) 2023-10-19T23:17:01.555+0800: 105963.836: [ParNew: 8664478K->752963K(9175040K), 0.2284303 secs] 15577555K->7674420K(65798144K), 0.2287615 secs] [Times: user=2.34 sys=1.51, real=0.23 secs] 
2023-10-19T23:17:35.357+0800: 105997.638: [GC (Allocation Failure) 2023-10-19T23:17:35.357+0800: 105997.638: [ParNew: 8617283K->791438K(9175040K), 0.2335004 secs] 15538740K->7720919K(65798144K), 0.2338388 secs] [Times: user=2.36 sys=1.57, real=0.23 secs] 
2023-10-19T23:18:21.949+0800: 106044.230: [GC (Allocation Failure) 2023-10-19T23:18:21.949+0800: 106044.230: [ParNew: 8655758K->686697K(9175040K), 0.2130443 secs] 15585239K->7624444K(65798144K), 0.2134155 secs] [Times: user=2.05 sys=1.53, real=0.21 secs] 
2023-10-19T23:18:46.654+0800: 106068.935: [GC (Allocation Failure) 2023-10-19T23:18:46.654+0800: 106068.935: [ParNew: 8551017K->850325K(9175040K), 0.2163058 secs] 15488764K->7796054K(65798144K), 0.2167295 secs] [Times: user=2.39 sys=1.24, real=0.22 secs] 
2023-10-19T23:19:15.568+0800: 106097.849: [GC (Allocation Failure) 2023-10-19T23:19:15.568+0800: 106097.849: [ParNew: 8714645K->763680K(9175040K), 0.2021983 secs] 15660374K->7717745K(65798144K), 0.2025881 secs] [Times: user=2.28 sys=1.10, real=0.20 secs] 
2023-10-19T23:19:48.645+0800: 106130.926: [GC (Allocation Failure) 2023-10-19T23:19:48.645+0800: 106130.926: [ParNew: 8628000K->872021K(9175040K), 0.2519951 secs] 15582065K->7834098K(65798144K), 0.2523677 secs] [Times: user=2.46 sys=1.76, real=0.26 secs] 
2023-10-19T23:20:27.160+0800: 106169.441: [GC (Allocation Failure) 2023-10-19T23:20:27.160+0800: 106169.441: [ParNew: 8736341K->767635K(9175040K), 0.2246950 secs] 15698418K->7737862K(65798144K), 0.2250568 secs] [Times: user=2.55 sys=1.23, real=0.22 secs] 
2023-10-19T23:21:18.943+0800: 106221.225: [GC (Allocation Failure) 2023-10-19T23:21:18.943+0800: 106221.225: [ParNew: 8631955K->679746K(9175040K), 0.2272324 secs] 15602182K->7657933K(65798144K), 0.2276010 secs] [Times: user=2.24 sys=1.57, real=0.23 secs] 
2023-10-19T23:21:55.590+0800: 106257.871: [GC (Allocation Failure) 2023-10-19T23:21:55.590+0800: 106257.871: [ParNew: 8544066K->666371K(9175040K), 0.2330886 secs] 15522253K->7652521K(65798144K), 0.2333943 secs] [Times: user=2.55 sys=1.39, real=0.23 secs] 
2023-10-19T23:22:22.363+0800: 106284.645: [GC (Allocation Failure) 2023-10-19T23:22:22.364+0800: 106284.645: [ParNew: 8530691K->694951K(9175040K), 0.1872453 secs] 15516841K->7689211K(65798144K), 0.1876162 secs] [Times: user=2.15 sys=0.92, real=0.19 secs] 
2023-10-19T23:22:49.572+0800: 106311.853: [GC (Allocation Failure) 2023-10-19T23:22:49.572+0800: 106311.853: [ParNew: 8559271K->835653K(9175040K), 0.2075528 secs] 15553531K->7837922K(65798144K), 0.2079685 secs] [Times: user=2.08 sys=1.38, real=0.21 secs] 
2023-10-19T23:23:18.353+0800: 106340.634: [GC (Allocation Failure) 2023-10-19T23:23:18.353+0800: 106340.634: [ParNew: 8699973K->766860K(9175040K), 0.2505552 secs] 15702242K->7777249K(65798144K), 0.2509319 secs] [Times: user=2.57 sys=1.67, real=0.25 secs] 
2023-10-19T23:23:51.243+0800: 106373.524: [GC (Allocation Failure) 2023-10-19T23:23:51.243+0800: 106373.525: [ParNew: 8631180K->752718K(9175040K), 0.1827001 secs] 15641569K->7770737K(65798144K), 0.1830105 secs] [Times: user=2.02 sys=1.01, real=0.19 secs] 
2023-10-19T23:24:19.956+0800: 106402.237: [GC (Allocation Failure) 2023-10-19T23:24:19.956+0800: 106402.238: [ParNew: 8617038K->876844K(9175040K), 0.2401425 secs] 15635057K->7902575K(65798144K), 0.2404540 secs] [Times: user=2.28 sys=1.78, real=0.24 secs] 
2023-10-19T23:24:50.070+0800: 106432.351: [GC (Allocation Failure) 2023-10-19T23:24:50.070+0800: 106432.351: [ParNew: 8741164K->725467K(9175040K), 0.1924727 secs] 15766895K->7758977K(65798144K), 0.1927974 secs] [Times: user=1.97 sys=1.24, real=0.19 secs] 
2023-10-19T23:25:40.742+0800: 106483.023: [GC (Allocation Failure) 2023-10-19T23:25:40.742+0800: 106483.023: [ParNew: 8589787K->815775K(9175040K), 0.2544949 secs] 15623297K->7857301K(65798144K), 0.2548380 secs] [Times: user=2.54 sys=1.74, real=0.26 secs] 
2023-10-19T23:26:08.712+0800: 106510.993: [GC (Allocation Failure) 2023-10-19T23:26:08.712+0800: 106510.993: [ParNew: 8680095K->686642K(9175040K), 0.1882712 secs] 15721621K->7736049K(65798144K), 0.1886184 secs] [Times: user=1.87 sys=1.26, real=0.19 secs] 
2023-10-19T23:26:38.220+0800: 106540.501: [GC (Allocation Failure) 2023-10-19T23:26:38.220+0800: 106540.501: [ParNew: 8550962K->750485K(9175040K), 0.2036568 secs] 15600369K->7808135K(65798144K), 0.2040492 secs] [Times: user=2.25 sys=1.15, real=0.20 secs] 
2023-10-19T23:27:12.412+0800: 106574.694: [GC (Allocation Failure) 2023-10-19T23:27:12.413+0800: 106574.694: [ParNew: 8614805K->731308K(9175040K), 0.2449389 secs] 15672455K->7797104K(65798144K), 0.2453396 secs] [Times: user=2.48 sys=1.67, real=0.25 secs] 
2023-10-19T23:27:46.915+0800: 106609.196: [GC (Allocation Failure) 2023-10-19T23:27:46.915+0800: 106609.196: [ParNew: 8595628K->761242K(9175040K), 0.2208403 secs] 15661424K->7834894K(65798144K), 0.2211459 secs] [Times: user=2.50 sys=1.22, real=0.23 secs] 
2023-10-19T23:28:12.938+0800: 106635.219: [GC (Allocation Failure) 2023-10-19T23:28:12.938+0800: 106635.219: [ParNew: 8625562K->714911K(9175040K), 0.1990898 secs] 15699214K->7796818K(65798144K), 0.1994361 secs] [Times: user=2.35 sys=0.95, real=0.20 secs] 
2023-10-19T23:28:43.605+0800: 106665.886: [GC (Allocation Failure) 2023-10-19T23:28:43.605+0800: 106665.886: [ParNew: 8579231K->769086K(9175040K), 0.1756259 secs] 15661138K->7859076K(65798144K), 0.1759590 secs] [Times: user=2.02 sys=0.88, real=0.18 secs] 
2023-10-19T23:29:45.490+0800: 106727.771: [GC (Allocation Failure) 2023-10-19T23:29:45.490+0800: 106727.771: [ParNew: 8633406K->789400K(9175040K), 0.2290378 secs] 15723396K->7887642K(65798144K), 0.2293583 secs] [Times: user=2.59 sys=1.27, real=0.23 secs] 
2023-10-19T23:30:16.080+0800: 106758.362: [GC (Allocation Failure) 2023-10-19T23:30:16.081+0800: 106758.362: [ParNew: 8653720K->700626K(9175040K), 0.2176894 secs] 15751962K->7806871K(65798144K), 0.2179809 secs] [Times: user=2.66 sys=0.99, real=0.22 secs] 
2023-10-19T23:30:40.860+0800: 106783.142: [GC (Allocation Failure) 2023-10-19T23:30:40.861+0800: 106783.142: [ParNew: 8564946K->793275K(9175040K), 0.2476626 secs] 15671191K->7907679K(65798144K), 0.2480944 secs] [Times: user=2.07 sys=2.09, real=0.25 secs] 
2023-10-19T23:31:12.726+0800: 106815.008: [GC (Allocation Failure) 2023-10-19T23:31:12.727+0800: 106815.008: [ParNew: 8657595K->726708K(9175040K), 0.2122246 secs] 15771999K->7848842K(65798144K), 0.2126117 secs] [Times: user=2.57 sys=0.99, real=0.21 secs] 
2023-10-19T23:31:53.743+0800: 106856.024: [GC (Allocation Failure) 2023-10-19T23:31:53.743+0800: 106856.024: [ParNew: 8591028K->745810K(9175040K), 0.2049497 secs] 15713162K->7876099K(65798144K), 0.2053289 secs] [Times: user=2.19 sys=1.20, real=0.21 secs] 
2023-10-19T23:32:15.458+0800: 106877.739: [GC (Allocation Failure) 2023-10-19T23:32:15.458+0800: 106877.739: [ParNew: 8610130K->682354K(9175040K), 0.2130884 secs] 15740419K->7820752K(65798144K), 0.2135306 secs] [Times: user=2.24 sys=1.33, real=0.21 secs] 
2023-10-19T23:32:49.550+0800: 106911.832: [GC (Allocation Failure) 2023-10-19T23:32:49.551+0800: 106911.832: [ParNew: 8546674K->781653K(9175040K), 0.2313985 secs] 15685072K->7928058K(65798144K), 0.2317479 secs] [Times: user=2.58 sys=1.32, real=0.23 secs] 
2023-10-19T23:33:46.971+0800: 106969.252: [GC (Allocation Failure) 2023-10-19T23:33:46.971+0800: 106969.253: [ParNew: 8645973K->606218K(9175040K), 0.2370288 secs] 15792378K->7760829K(65798144K), 0.2373187 secs] [Times: user=2.36 sys=1.64, real=0.24 secs] 
2023-10-19T23:34:26.307+0800: 107008.588: [GC (Allocation Failure) 2023-10-19T23:34:26.307+0800: 107008.588: [ParNew: 8470538K->672466K(9175040K), 0.1883843 secs] 15625149K->7834929K(65798144K), 0.1886926 secs] [Times: user=2.21 sys=0.91, real=0.18 secs] 
2023-10-19T23:34:56.313+0800: 107038.595: [GC (Allocation Failure) 2023-10-19T23:34:56.314+0800: 107038.595: [ParNew: 8536786K->752325K(9175040K), 0.2286317 secs] 15699249K->7923080K(65798144K), 0.2290805 secs] [Times: user=2.42 sys=1.61, real=0.23 secs] 
2023-10-19T23:35:30.553+0800: 107072.834: [GC (Allocation Failure) 2023-10-19T23:35:30.553+0800: 107072.835: [ParNew: 8616645K->685948K(9175040K), 0.2143287 secs] 15787400K->7864760K(65798144K), 0.2147313 secs] [Times: user=2.22 sys=1.37, real=0.22 secs] 
2023-10-19T23:36:06.199+0800: 107108.480: [GC (Allocation Failure) 2023-10-19T23:36:06.199+0800: 107108.480: [ParNew: 8550268K->734726K(9175040K), 0.2000610 secs] 15729080K->7921748K(65798144K), 0.2004173 secs] [Times: user=2.21 sys=1.13, real=0.20 secs] 
2023-10-19T23:36:30.836+0800: 107133.117: [GC (Allocation Failure) 2023-10-19T23:36:30.837+0800: 107133.118: [ParNew: 8599046K->716894K(9175040K), 0.2248436 secs] 15786068K->7911896K(65798144K), 0.2253230 secs] [Times: user=2.07 sys=1.71, real=0.22 secs] 
2023-10-19T23:37:01.582+0800: 107163.863: [GC (Allocation Failure) 2023-10-19T23:37:01.582+0800: 107163.863: [ParNew: 8581214K->837172K(9175040K), 0.2482928 secs] 15776216K->8040409K(65798144K), 0.2487256 secs] [Times: user=2.35 sys=1.85, real=0.25 secs] 
2023-10-19T23:37:31.629+0800: 107193.910: [GC (Allocation Failure) 2023-10-19T23:37:31.629+0800: 107193.911: [ParNew: 8701492K->747784K(9175040K), 0.2063306 secs] 15904729K->7959225K(65798144K), 0.2066666 secs] [Times: user=2.16 sys=1.30, real=0.21 secs] 
2023-10-19T23:38:14.020+0800: 107236.302: [GC (Allocation Failure) 2023-10-19T23:38:14.020+0800: 107236.302: [ParNew: 8612104K->799173K(9175040K), 0.2066733 secs] 15823545K->8018689K(65798144K), 0.2069686 secs] [Times: user=2.18 sys=1.28, real=0.21 secs] 
2023-10-19T23:38:37.531+0800: 107259.812: [GC (Allocation Failure) 2023-10-19T23:38:37.531+0800: 107259.812: [ParNew: 8663493K->738381K(9175040K), 0.1917320 secs] 15883009K->7966383K(65798144K), 0.1920967 secs] [Times: user=2.07 sys=1.13, real=0.19 secs] 
2023-10-19T23:39:03.184+0800: 107285.465: [GC (Allocation Failure) 2023-10-19T23:39:03.184+0800: 107285.465: [ParNew: 8602701K->757683K(9175040K), 0.1833517 secs] 15830703K->7993630K(65798144K), 0.1837187 secs] [Times: user=2.14 sys=0.89, real=0.19 secs] 
2023-10-19T23:39:30.125+0800: 107312.406: [GC (Allocation Failure) 2023-10-19T23:39:30.125+0800: 107312.407: [ParNew: 8622003K->820091K(9175040K), 0.2501194 secs] 15857950K->8064216K(65798144K), 0.2505471 secs] [Times: user=2.66 sys=1.59, real=0.26 secs] 
2023-10-19T23:40:06.184+0800: 107348.466: [GC (Allocation Failure) 2023-10-19T23:40:06.185+0800: 107348.466: [ParNew: 8684411K->850185K(9175040K), 0.2564702 secs] 15928536K->8102088K(65798144K), 0.2568006 secs] [Times: user=2.60 sys=1.76, real=0.26 secs] 
2023-10-19T23:40:29.186+0800: 107371.467: [GC (Allocation Failure) 2023-10-19T23:40:29.186+0800: 107371.467: [ParNew: 8714505K->810155K(9175040K), 0.1765181 secs] 15966408K->8070339K(65798144K), 0.1768497 secs] [Times: user=1.99 sys=0.94, real=0.18 secs] 
2023-10-19T23:40:54.124+0800: 107396.406: [GC (Allocation Failure) 2023-10-19T23:40:54.125+0800: 107396.406: [ParNew: 8674475K->822060K(9175040K), 0.1993146 secs] 15934659K->8090013K(65798144K), 0.1996844 secs] [Times: user=2.35 sys=0.98, real=0.20 secs] 
2023-10-19T23:41:33.426+0800: 107435.708: [GC (Allocation Failure) 2023-10-19T23:41:33.427+0800: 107435.708: [ParNew: 8686380K->743049K(9175040K), 0.2110015 secs] 15954333K->8019375K(65798144K), 0.2114139 secs] [Times: user=1.99 sys=1.54, real=0.21 secs] 
2023-10-19T23:42:01.369+0800: 107463.650: [GC (Allocation Failure) 2023-10-19T23:42:01.369+0800: 107463.651: [ParNew: 8607369K->876673K(9175040K), 0.1773829 secs] 15883695K->8161518K(65798144K), 0.1776876 secs] [Times: user=1.87 sys=1.07, real=0.18 secs] 
2023-10-19T23:42:25.416+0800: 107487.697: [GC (Allocation Failure) 2023-10-19T23:42:25.416+0800: 107487.698: [ParNew: 8740993K->830220K(9175040K), 0.1877270 secs] 16025838K->8123294K(65798144K), 0.1880926 secs] [Times: user=2.16 sys=0.97, real=0.18 secs] 
2023-10-19T23:42:50.877+0800: 107513.158: [GC (Allocation Failure) 2023-10-19T23:42:50.877+0800: 107513.158: [ParNew: 8694540K->834479K(9175040K), 0.2122762 secs] 15987614K->8135875K(65798144K), 0.2126548 secs] [Times: user=2.36 sys=1.20, real=0.21 secs] 
2023-10-19T23:43:19.765+0800: 107542.047: [GC (Allocation Failure) 2023-10-19T23:43:19.766+0800: 107542.047: [ParNew: 8698799K->977838K(9175040K), 0.2404714 secs] 16000195K->8287302K(65798144K), 0.2408249 secs] [Times: user=2.48 sys=1.58, real=0.25 secs] 
2023-10-19T23:43:46.903+0800: 107569.184: [GC (Allocation Failure) 2023-10-19T23:43:46.903+0800: 107569.184: [ParNew: 8842158K->820774K(9175040K), 0.2178426 secs] 16151622K->8138620K(65798144K), 0.2181803 secs] [Times: user=2.45 sys=1.21, real=0.22 secs] 
2023-10-19T23:44:12.861+0800: 107595.142: [GC (Allocation Failure) 2023-10-19T23:44:12.861+0800: 107595.142: [ParNew: 8685094K->911865K(9175040K), 0.2298595 secs] 16002940K->8237635K(65798144K), 0.2302242 secs] [Times: user=2.67 sys=1.19, real=0.23 secs] 
2023-10-19T23:44:47.301+0800: 107629.582: [GC (Allocation Failure) 2023-10-19T23:44:47.301+0800: 107629.582: [ParNew: 8776185K->862107K(9175040K), 0.2212109 secs] 16101955K->8196125K(65798144K), 0.2215877 secs] [Times: user=2.23 sys=1.49, real=0.22 secs] 
2023-10-19T23:45:09.890+0800: 107652.172: [GC (Allocation Failure) 2023-10-19T23:45:09.891+0800: 107652.172: [ParNew: 8726427K->894827K(9175040K), 0.2572280 secs] 16060445K->8236953K(65798144K), 0.2576664 secs] [Times: user=2.44 sys=1.92, real=0.26 secs] 
2023-10-19T23:45:34.044+0800: 107676.325: [GC (Allocation Failure) 2023-10-19T23:45:34.044+0800: 107676.326: [ParNew: 8759147K->837239K(9175040K), 0.2413436 secs] 16101273K->8187510K(65798144K), 0.2417668 secs] [Times: user=2.43 sys=1.65, real=0.25 secs] 
2023-10-19T23:45:54.435+0800: 107696.716: [GC (Allocation Failure) 2023-10-19T23:45:54.435+0800: 107696.716: [ParNew: 8701559K->899272K(9175040K), 0.2177378 secs] 16051830K->8257655K(65798144K), 0.2181259 secs] [Times: user=2.47 sys=1.17, real=0.22 secs] 
2023-10-19T23:46:13.966+0800: 107716.247: [GC (Allocation Failure) 2023-10-19T23:46:13.966+0800: 107716.247: [ParNew: 8763592K->937001K(9175040K), 0.2299029 secs] 16121975K->8303454K(65798144K), 0.2303440 secs] [Times: user=2.66 sys=1.17, real=0.24 secs] 
2023-10-19T23:46:38.141+0800: 107740.422: [GC (Allocation Failure) 2023-10-19T23:46:38.141+0800: 107740.422: [ParNew: 8801321K->949212K(9175040K), 0.2507182 secs] 16167774K->8323898K(65798144K), 0.2512594 secs] [Times: user=2.62 sys=1.63, real=0.25 secs] 
2023-10-19T23:46:58.593+0800: 107760.874: [GC (Allocation Failure) 2023-10-19T23:46:58.593+0800: 107760.874: [ParNew: 8813532K->931799K(9175040K), 0.2055050 secs] 16188218K->8314515K(65798144K), 0.2060579 secs] [Times: user=2.58 sys=0.86, real=0.21 secs] 
2023-10-19T23:47:19.039+0800: 107781.321: [GC (Allocation Failure) 2023-10-19T23:47:19.040+0800: 107781.321: [ParNew: 8796119K->981126K(9175040K), 0.2197464 secs] 16178835K->8372149K(65798144K), 0.2201739 secs] [Times: user=2.36 sys=1.33, real=0.22 secs] 
2023-10-19T23:48:02.019+0800: 107824.300: [GC (Allocation Failure) 2023-10-19T23:48:02.019+0800: 107824.301: [ParNew: 8845446K->805174K(9175040K), 0.2341256 secs] 16236469K->8204487K(65798144K), 0.2345711 secs] [Times: user=2.66 sys=1.28, real=0.23 secs] 
2023-10-19T23:48:35.222+0800: 107857.503: [GC (Allocation Failure) 2023-10-19T23:48:35.223+0800: 107857.504: [ParNew: 8669494K->952726K(9175040K), 0.2311315 secs] 16068807K->8360005K(65798144K), 0.2315884 secs] [Times: user=2.16 sys=1.75, real=0.23 secs] 
2023-10-19T23:49:07.932+0800: 107890.213: [GC (Allocation Failure) 2023-10-19T23:49:07.932+0800: 107890.213: [ParNew: 8817046K->889767K(9175040K), 0.2235236 secs] 16224325K->8305279K(65798144K), 0.2238221 secs] [Times: user=2.43 sys=1.33, real=0.22 secs] 
2023-10-19T23:49:31.444+0800: 107913.726: [GC (Allocation Failure) 2023-10-19T23:49:31.445+0800: 107913.726: [ParNew: 8754087K->940776K(9175040K), 0.1917795 secs] 16169599K->8364046K(65798144K), 0.1921245 secs] [Times: user=2.14 sys=1.04, real=0.20 secs] 
2023-10-19T23:49:53.284+0800: 107935.565: [GC (Allocation Failure) 2023-10-19T23:49:53.284+0800: 107935.565: [ParNew: 8805096K->910152K(9175040K), 0.1952487 secs] 16228366K->8341543K(65798144K), 0.1955681 secs] [Times: user=2.18 sys=1.06, real=0.20 secs] 
2023-10-19T23:50:17.288+0800: 107959.569: [GC (Allocation Failure) 2023-10-19T23:50:17.288+0800: 107959.569: [ParNew: 8774472K->920017K(9175040K), 0.1995046 secs] 16205863K->8359640K(65798144K), 0.1999132 secs] [Times: user=2.07 sys=1.23, real=0.20 secs] 
2023-10-19T23:50:45.546+0800: 107987.827: [GC (Allocation Failure) 2023-10-19T23:50:45.546+0800: 107987.828: [ParNew: 8784337K->954125K(9175040K), 0.2356640 secs] 16223960K->8401843K(65798144K), 0.2361711 secs] [Times: user=2.26 sys=1.72, real=0.23 secs] 
2023-10-19T23:51:09.041+0800: 108011.323: [GC (Allocation Failure) 2023-10-19T23:51:09.042+0800: 108011.323: [ParNew: 8818445K->924499K(9175040K), 0.2531846 secs] 16266163K->8380172K(65798144K), 0.2537342 secs] [Times: user=2.62 sys=1.68, real=0.25 secs] 
2023-10-19T23:51:29.845+0800: 108032.126: [GC (Allocation Failure) 2023-10-19T23:51:29.845+0800: 108032.126: [ParNew: 8788819K->907914K(9175040K), 0.2153887 secs] 16244492K->8371387K(65798144K), 0.2157891 secs] [Times: user=2.46 sys=1.16, real=0.22 secs] 
2023-10-19T23:51:55.528+0800: 108057.809: [GC (Allocation Failure) 2023-10-19T23:51:55.528+0800: 108057.810: [ParNew: 8772234K->903435K(9175040K), 0.2599223 secs] 16235707K->8375054K(65798144K), 0.2603179 secs] [Times: user=2.72 sys=1.69, real=0.26 secs] 
2023-10-19T23:52:43.027+0800: 108105.309: [GC (Allocation Failure) 2023-10-19T23:52:43.028+0800: 108105.309: [ParNew: 8767755K->783882K(9175040K), 0.2084221 secs] 16239374K->8263419K(65798144K), 0.2088691 secs] [Times: user=2.05 sys=1.43, real=0.21 secs] 
2023-10-19T23:53:08.796+0800: 108131.077: [GC (Allocation Failure) 2023-10-19T23:53:08.796+0800: 108131.077: [ParNew: 8648202K->912102K(9175040K), 0.2534622 secs] 16127739K->8399607K(65798144K), 0.2540619 secs] [Times: user=2.48 sys=1.82, real=0.25 secs] 
2023-10-19T23:53:26.010+0800: 108148.292: [GC (Allocation Failure) 2023-10-19T23:53:26.011+0800: 108148.292: [ParNew: 8776422K->902575K(9175040K), 0.1832280 secs] 16263927K->8398140K(65798144K), 0.1837164 secs] [Times: user=2.21 sys=0.83, real=0.18 secs] 
2023-10-19T23:53:44.332+0800: 108166.614: [GC (Allocation Failure) 2023-10-19T23:53:44.333+0800: 108166.614: [ParNew: 8766895K->927875K(9175040K), 0.2099089 secs] 16262460K->8430895K(65798144K), 0.2103025 secs] [Times: user=2.66 sys=0.84, real=0.21 secs] 
2023-10-19T23:54:01.556+0800: 108183.837: [GC (Allocation Failure) 2023-10-19T23:54:01.556+0800: 108183.838: [ParNew: 8792195K->1129598K(9175040K), 0.1899934 secs] 16295215K->8640602K(65798144K), 0.1903829 secs] [Times: user=2.79 sys=0.36, real=0.19 secs] 
2023-10-19T23:54:24.502+0800: 108206.784: [GC (Allocation Failure) 2023-10-19T23:54:24.503+0800: 108206.784: [ParNew: 8993918K->788408K(9175040K), 0.2028721 secs] 16504922K->8307588K(65798144K), 0.2032436 secs] [Times: user=2.60 sys=0.79, real=0.21 secs] 
2023-10-19T23:54:48.546+0800: 108230.828: [GC (Allocation Failure) 2023-10-19T23:54:48.547+0800: 108230.828: [ParNew: 8652728K->1019145K(9175040K), 0.1881125 secs] 16171908K->8546367K(65798144K), 0.1884843 secs] [Times: user=2.24 sys=0.87, real=0.18 secs] 
2023-10-19T23:55:07.246+0800: 108249.527: [GC (Allocation Failure) 2023-10-19T23:55:07.246+0800: 108249.528: [ParNew: 8883465K->973942K(9175040K), 0.2248490 secs] 16410687K->8517315K(65798144K), 0.2252418 secs] [Times: user=2.96 sys=0.79, real=0.22 secs] 
2023-10-19T23:55:29.503+0800: 108271.784: [GC (Allocation Failure) 2023-10-19T23:55:29.503+0800: 108271.785: [ParNew: 8838262K->883647K(9175040K), 0.2263218 secs] 16381635K->8443002K(65798144K), 0.2267378 secs] [Times: user=2.84 sys=0.94, real=0.23 secs] 
2023-10-19T23:55:48.297+0800: 108290.578: [GC (Allocation Failure) 2023-10-19T23:55:48.297+0800: 108290.578: [ParNew: 8747967K->956720K(9175040K), 0.1786913 secs] 16307322K->8524082K(65798144K), 0.1791140 secs] [Times: user=2.05 sys=0.89, real=0.18 secs] 
2023-10-19T23:56:21.136+0800: 108323.418: [GC (Allocation Failure) 2023-10-19T23:56:21.137+0800: 108323.418: [ParNew: 8821040K->964872K(9175040K), 0.2043552 secs] 16388402K->8540356K(65798144K), 0.2047884 secs] [Times: user=1.90 sys=1.50, real=0.20 secs] 
2023-10-19T23:56:54.938+0800: 108357.220: [GC (Allocation Failure) 2023-10-19T23:56:54.939+0800: 108357.220: [ParNew: 8829192K->863746K(9175040K), 0.1914890 secs] 16404676K->8439230K(65798144K), 0.1918785 secs] [Times: user=2.15 sys=1.04, real=0.19 secs] 
2023-10-19T23:57:16.745+0800: 108379.026: [GC (Allocation Failure) 2023-10-19T23:57:16.745+0800: 108379.026: [ParNew: 8728066K->920273K(9175040K), 0.1872391 secs] 16303550K->8495756K(65798144K), 0.1877378 secs] [Times: user=2.20 sys=0.89, real=0.19 secs] 
2023-10-19T23:57:34.641+0800: 108396.922: [GC (Allocation Failure) 2023-10-19T23:57:34.641+0800: 108396.922: [ParNew: 8784593K->963273K(9175040K), 0.1744263 secs] 16360076K->8567280K(65798144K), 0.1748582 secs] [Times: user=2.39 sys=0.42, real=0.17 secs] 
2023-10-19T23:57:49.643+0800: 108411.924: [GC (Allocation Failure) 2023-10-19T23:57:49.643+0800: 108411.924: [ParNew: 8827593K->980184K(9175040K), 0.1805046 secs] 16431600K->8624731K(65798144K), 0.1809421 secs] [Times: user=2.18 sys=0.71, real=0.18 secs] 
2023-10-19T23:58:08.474+0800: 108430.756: [GC (Allocation Failure) 2023-10-19T23:58:08.474+0800: 108430.756: [ParNew: 8844504K->982061K(9175040K), 0.2163559 secs] 16489051K->8675082K(65798144K), 0.2167840 secs] [Times: user=2.66 sys=0.81, real=0.22 secs] 
2023-10-19T23:58:24.396+0800: 108446.677: [GC (Allocation Failure) 2023-10-19T23:58:24.396+0800: 108446.678: [ParNew: 8846381K->979138K(9175040K), 0.2197093 secs] 16539402K->8720199K(65798144K), 0.2201698 secs] [Times: user=2.50 sys=1.10, real=0.22 secs] 
2023-10-19T23:58:48.146+0800: 108470.428: [GC (Allocation Failure) 2023-10-19T23:58:48.147+0800: 108470.428: [ParNew: 8843458K->974301K(9175040K), 0.2194243 secs] 16584519K->8754474K(65798144K), 0.2198802 secs] [Times: user=2.49 sys=1.12, real=0.22 secs] 
2023-10-19T23:59:10.122+0800: 108492.404: [GC (Allocation Failure) 2023-10-19T23:59:10.123+0800: 108492.404: [ParNew: 8838621K->1043310K(9175040K), 0.2007156 secs] 16618794K->8855296K(65798144K), 0.2011547 secs] [Times: user=2.21 sys=1.20, real=0.20 secs] 
2023-10-19T23:59:34.029+0800: 108516.310: [GC (Allocation Failure) 2023-10-19T23:59:34.029+0800: 108516.310: [ParNew: 8907630K->1060860K(9175040K), 0.2013580 secs] 16719616K->8908129K(65798144K), 0.2016848 secs] [Times: user=2.39 sys=0.91, real=0.20 secs] 
2023-10-19T23:59:56.679+0800: 108538.960: [GC (Allocation Failure) 2023-10-19T23:59:56.679+0800: 108538.961: [ParNew: 8925180K->986861K(9175040K), 0.1989597 secs] 16772449K->8864461K(65798144K), 0.1993151 secs] [Times: user=2.05 sys=1.23, real=0.20 secs] 
2023-10-20T00:00:34.740+0800: 108577.021: [GC (Allocation Failure) 2023-10-20T00:00:34.740+0800: 108577.021: [ParNew: 8851181K->944703K(9175040K), 0.2339246 secs] 16728781K->8829821K(65798144K), 0.2343316 secs] [Times: user=2.33 sys=1.62, real=0.23 secs] 
2023-10-20T00:01:08.641+0800: 108610.922: [GC (Allocation Failure) 2023-10-20T00:01:08.641+0800: 108610.922: [ParNew: 8809023K->887801K(9175040K), 0.2274589 secs] 16694141K->8780503K(65798144K), 0.2278487 secs] [Times: user=2.27 sys=1.56, real=0.23 secs] 
2023-10-20T00:01:30.292+0800: 108632.573: [GC (Allocation Failure) 2023-10-20T00:01:30.292+0800: 108632.573: [ParNew: 8752121K->939941K(9175040K), 0.2214370 secs] 16644823K->8832643K(65798144K), 0.2218113 secs] [Times: user=2.28 sys=1.47, real=0.22 secs] 
2023-10-20T00:01:49.010+0800: 108651.291: [GC (Allocation Failure) 2023-10-20T00:01:49.010+0800: 108651.291: [ParNew: 8804261K->1014650K(9175040K), 0.2162332 secs] 16696963K->8932499K(65798144K), 0.2166836 secs] [Times: user=2.43 sys=1.16, real=0.22 secs] 
2023-10-20T00:02:03.027+0800: 108665.309: [GC (Allocation Failure) 2023-10-20T00:02:03.028+0800: 108665.309: [ParNew: 8878970K->1025507K(9175040K), 0.1749498 secs] 16796819K->8976324K(65798144K), 0.1754055 secs] [Times: user=2.15 sys=0.66, real=0.17 secs] 
2023-10-20T00:02:17.738+0800: 108680.020: [GC (Allocation Failure) 2023-10-20T00:02:17.739+0800: 108680.020: [ParNew: 8889827K->1026124K(9175040K), 0.1754147 secs] 16840644K->9023756K(65798144K), 0.1758049 secs] [Times: user=2.42 sys=0.40, real=0.17 secs] 
2023-10-20T00:02:33.252+0800: 108695.534: [GC (Allocation Failure) 2023-10-20T00:02:33.253+0800: 108695.534: [ParNew: 8890444K->1059463K(9175040K), 0.2017668 secs] 16888076K->9105302K(65798144K), 0.2021378 secs] [Times: user=2.34 sys=0.94, real=0.20 secs] 
2023-10-20T00:02:48.837+0800: 108711.118: [GC (Allocation Failure) 2023-10-20T00:02:48.837+0800: 108711.118: [ParNew: 8923783K->1092874K(9175040K), 0.2102168 secs] 16969622K->9187248K(65798144K), 0.2106540 secs] [Times: user=2.52 sys=0.92, real=0.21 secs] 
2023-10-20T00:03:04.135+0800: 108726.416: [GC (Allocation Failure) 2023-10-20T00:03:04.135+0800: 108726.416: [ParNew: 8957194K->975383K(9175040K), 0.1915076 secs] 17051568K->9118469K(65798144K), 0.1918494 secs] [Times: user=2.49 sys=0.60, real=0.20 secs] 
2023-10-20T00:03:17.595+0800: 108739.877: [GC (Allocation Failure) 2023-10-20T00:03:17.595+0800: 108739.877: [ParNew: 8839703K->1029580K(9175040K), 0.1825262 secs] 16982789K->9221144K(65798144K), 0.1829265 secs] [Times: user=2.48 sys=0.46, real=0.19 secs] 
2023-10-20T00:03:30.282+0800: 108752.563: [GC (Allocation Failure) 2023-10-20T00:03:30.282+0800: 108752.564: [ParNew: 8893900K->1109739K(9175040K), 0.2116102 secs] 17085464K->9349934K(65798144K), 0.2119885 secs] [Times: user=2.54 sys=0.91, real=0.21 secs] 
2023-10-20T00:03:46.947+0800: 108769.228: [GC (Allocation Failure) 2023-10-20T00:03:46.947+0800: 108769.229: [ParNew: 8974059K->992111K(9175040K), 0.2107128 secs] 17214254K->9280621K(65798144K), 0.2110846 secs] [Times: user=2.47 sys=0.98, real=0.21 secs] 
2023-10-20T00:04:12.823+0800: 108795.105: [GC (Allocation Failure) 2023-10-20T00:04:12.824+0800: 108795.105: [ParNew: 8856431K->872894K(9175040K), 0.2167960 secs] 17144941K->9209490K(65798144K), 0.2171666 secs] [Times: user=2.31 sys=1.22, real=0.22 secs] 
2023-10-20T00:04:47.066+0800: 108829.347: [GC (Allocation Failure) 2023-10-20T00:04:47.066+0800: 108829.347: [ParNew: 8737214K->1053933K(9175040K), 0.2123065 secs] 17073810K->9439043K(65798144K), 0.2126294 secs] [Times: user=2.44 sys=1.00, real=0.21 secs] 
2023-10-20T00:05:14.880+0800: 108857.162: [GC (Allocation Failure) 2023-10-20T00:05:14.880+0800: 108857.162: [ParNew: 8918253K->972265K(9175040K), 0.2405693 secs] 17303363K->9406229K(65798144K), 0.2409108 secs] [Times: user=2.43 sys=1.52, real=0.24 secs] 
2023-10-20T00:05:31.456+0800: 108873.737: [GC (Allocation Failure) 2023-10-20T00:05:31.456+0800: 108873.737: [ParNew: 8836585K->1065943K(9175040K), 0.1941911 secs] 17270549K->9548982K(65798144K), 0.1945402 secs] [Times: user=2.51 sys=0.60, real=0.19 secs] 
2023-10-20T00:05:43.903+0800: 108886.185: [GC (Allocation Failure) 2023-10-20T00:05:43.904+0800: 108886.185: [ParNew: 8930263K->1031161K(9175040K), 0.2035400 secs] 17413302K->9562989K(65798144K), 0.2039017 secs] [Times: user=2.35 sys=0.94, real=0.21 secs] 
2023-10-20T00:06:00.374+0800: 108902.655: [GC (Allocation Failure) 2023-10-20T00:06:00.374+0800: 108902.655: [ParNew: 8895481K->992286K(9175040K), 0.2069616 secs] 17427309K->9572586K(65798144K), 0.2073314 secs] [Times: user=2.35 sys=1.01, real=0.21 secs] 
2023-10-20T00:06:20.172+0800: 108922.454: [GC (Allocation Failure) 2023-10-20T00:06:20.173+0800: 108922.454: [ParNew: 8856606K->1025814K(9175040K), 0.1856042 secs] 17436906K->9654830K(65798144K), 0.1859746 secs] [Times: user=2.06 sys=0.92, real=0.19 secs] 
2023-10-20T00:06:46.443+0800: 108948.724: [GC (Allocation Failure) 2023-10-20T00:06:46.443+0800: 108948.724: [ParNew: 8890134K->1016426K(9175040K), 0.2339283 secs] 17519150K->9694034K(65798144K), 0.2342875 secs] [Times: user=2.40 sys=1.43, real=0.24 secs] 
2023-10-20T00:07:15.963+0800: 108978.244: [GC (Allocation Failure) 2023-10-20T00:07:15.963+0800: 108978.244: [ParNew: 8880746K->971904K(9175040K), 0.2165621 secs] 17558354K->9698218K(65798144K), 0.2169359 secs] [Times: user=2.33 sys=1.21, real=0.22 secs] 
2023-10-20T00:07:40.101+0800: 109002.382: [GC (Allocation Failure) 2023-10-20T00:07:40.101+0800: 109002.383: [ParNew: 8836224K->1062792K(9175040K), 0.2044169 secs] 17562538K->9837735K(65798144K), 0.2047911 secs] [Times: user=2.36 sys=0.95, real=0.21 secs] 
2023-10-20T00:08:02.124+0800: 109024.405: [GC (Allocation Failure) 2023-10-20T00:08:02.124+0800: 109024.406: [ParNew: 8927112K->947084K(9175040K), 0.2151978 secs] 17702055K->9770610K(65798144K), 0.2156060 secs] [Times: user=2.53 sys=0.99, real=0.22 secs] 
2023-10-20T00:08:33.674+0800: 109055.956: [GC (Allocation Failure) 2023-10-20T00:08:33.675+0800: 109055.956: [ParNew: 8811404K->979039K(9175040K), 0.2183082 secs] 17634930K->9810113K(65798144K), 0.2186693 secs] [Times: user=2.26 sys=1.39, real=0.22 secs] 
2023-10-20T00:09:30.512+0800: 109112.793: [GC (Allocation Failure) 2023-10-20T00:09:30.512+0800: 109112.793: [ParNew: 8843359K->884889K(9175040K), 0.1831292 secs] 17674433K->9723406K(65798144K), 0.1834509 secs] [Times: user=1.91 sys=1.13, real=0.18 secs] 
2023-10-20T00:09:52.006+0800: 109134.287: [GC (Allocation Failure) 2023-10-20T00:09:52.006+0800: 109134.287: [ParNew: 8749209K->879640K(9175040K), 0.1954711 secs] 17587726K->9718157K(65798144K), 0.1958294 secs] [Times: user=1.81 sys=1.47, real=0.20 secs] 
2023-10-20T00:10:14.343+0800: 109156.624: [GC (Allocation Failure) 2023-10-20T00:10:14.343+0800: 109156.624: [ParNew: 8743960K->890698K(9175040K), 0.1967769 secs] 17582477K->9729215K(65798144K), 0.1971668 secs] [Times: user=2.01 sys=1.29, real=0.20 secs] 
2023-10-20T00:10:38.369+0800: 109180.650: [GC (Allocation Failure) 2023-10-20T00:10:38.369+0800: 109180.650: [ParNew: 8755018K->902675K(9175040K), 0.2043146 secs] 17593535K->9749009K(65798144K), 0.2046922 secs] [Times: user=2.04 sys=1.36, real=0.20 secs] 
2023-10-20T00:11:09.322+0800: 109211.603: [GC (Allocation Failure) 2023-10-20T00:11:09.322+0800: 109211.603: [ParNew: 8766995K->737738K(9175040K), 0.2549359 secs] 17613329K->9592145K(65798144K), 0.2553095 secs] [Times: user=2.48 sys=1.85, real=0.26 secs] 
2023-10-20T00:11:37.150+0800: 109239.431: [GC (Allocation Failure) 2023-10-20T00:11:37.150+0800: 109239.431: [ParNew: 8602058K->789532K(9175040K), 0.2279100 secs] 17456465K->9652001K(65798144K), 0.2282954 secs] [Times: user=2.44 sys=1.41, real=0.23 secs] 
2023-10-20T00:11:59.608+0800: 109261.889: [GC (Allocation Failure) 2023-10-20T00:11:59.608+0800: 109261.889: [ParNew: 8653852K->913907K(9175040K), 0.2073070 secs] 17516321K->9784363K(65798144K), 0.2076893 secs] [Times: user=2.14 sys=1.33, real=0.21 secs] 
2023-10-20T00:12:23.203+0800: 109285.484: [GC (Allocation Failure) 2023-10-20T00:12:23.203+0800: 109285.484: [ParNew: 8778227K->891726K(9175040K), 0.1967293 secs] 17648683K->9769582K(65798144K), 0.1970753 secs] [Times: user=1.98 sys=1.30, real=0.20 secs] 
2023-10-20T00:13:04.451+0800: 109326.732: [GC (Allocation Failure) 2023-10-20T00:13:04.451+0800: 109326.732: [ParNew: 8756046K->860695K(9175040K), 0.1914660 secs] 17633902K->9746291K(65798144K), 0.1918183 secs] [Times: user=2.00 sys=1.20, real=0.19 secs] 
2023-10-20T00:13:38.366+0800: 109360.647: [GC (Allocation Failure) 2023-10-20T00:13:38.366+0800: 109360.647: [ParNew: 8725015K->850748K(9175040K), 0.1778524 secs] 17610611K->9744072K(65798144K), 0.1781619 secs] [Times: user=2.02 sys=0.87, real=0.17 secs] 
2023-10-20T00:13:59.846+0800: 109382.127: [GC (Allocation Failure) 2023-10-20T00:13:59.846+0800: 109382.128: [ParNew: 8715068K->874398K(9175040K), 0.1904715 secs] 17608392K->9775629K(65798144K), 0.1908605 secs] [Times: user=2.29 sys=0.83, real=0.19 secs] 
2023-10-20T00:14:26.689+0800: 109408.970: [GC (Allocation Failure) 2023-10-20T00:14:26.689+0800: 109408.970: [ParNew: 8738718K->871513K(9175040K), 0.1837619 secs] 17639949K->9780560K(65798144K), 0.1841058 secs] [Times: user=2.05 sys=1.01, real=0.18 secs] 
2023-10-20T00:14:50.762+0800: 109433.043: [GC (Allocation Failure) 2023-10-20T00:14:50.762+0800: 109433.043: [ParNew: 8735833K->920260K(9175040K), 0.2071026 secs] 17644880K->9836934K(65798144K), 0.2073924 secs] [Times: user=2.66 sys=0.82, real=0.21 secs] 
2023-10-20T00:15:15.671+0800: 109457.952: [GC (Allocation Failure) 2023-10-20T00:15:15.671+0800: 109457.952: [ParNew: 8784580K->821594K(9175040K), 0.2005046 secs] 17701254K->9745832K(65798144K), 0.2008266 secs] [Times: user=2.41 sys=0.95, real=0.20 secs] 
2023-10-20T00:15:50.809+0800: 109493.091: [GC (Allocation Failure) 2023-10-20T00:15:50.810+0800: 109493.091: [ParNew: 8685914K->883345K(9175040K), 0.1796388 secs] 17610152K->9815420K(65798144K), 0.1799513 secs] [Times: user=1.95 sys=1.04, real=0.18 secs] 
2023-10-20T00:16:06.727+0800: 109509.008: [GC (Allocation Failure) 2023-10-20T00:16:06.727+0800: 109509.008: [ParNew: 8747665K->860322K(9175040K), 0.1842607 secs] 17679740K->9800408K(65798144K), 0.1846304 secs] [Times: user=2.04 sys=1.03, real=0.18 secs] 
2023-10-20T00:16:27.450+0800: 109529.731: [GC (Allocation Failure) 2023-10-20T00:16:27.450+0800: 109529.731: [ParNew: 8724642K->909308K(9175040K), 0.2164240 secs] 17664728K->9857350K(65798144K), 0.2168054 secs] [Times: user=2.42 sys=1.22, real=0.22 secs] 
2023-10-20T00:16:57.311+0800: 109559.592: [GC (Allocation Failure) 2023-10-20T00:16:57.311+0800: 109559.592: [ParNew: 8773628K->878112K(9175040K), 0.1988438 secs] 17721670K->9833755K(65798144K), 0.1992072 secs] [Times: user=1.93 sys=1.39, real=0.20 secs] 
2023-10-20T00:17:57.065+0800: 109619.346: [GC (Allocation Failure) 2023-10-20T00:17:57.065+0800: 109619.347: [ParNew: 8742432K->798298K(9175040K), 0.2133055 secs] 17698075K->9761654K(65798144K), 0.2136037 secs] [Times: user=2.45 sys=1.13, real=0.22 secs] 
2023-10-20T00:18:21.621+0800: 109643.902: [GC (Allocation Failure) 2023-10-20T00:18:21.621+0800: 109643.902: [ParNew: 8662618K->881236K(9175040K), 0.2019363 secs] 17625974K->9852432K(65798144K), 0.2022375 secs] [Times: user=2.52 sys=0.87, real=0.20 secs] 
2023-10-20T00:18:42.664+0800: 109664.945: [GC (Allocation Failure) 2023-10-20T00:18:42.664+0800: 109664.945: [ParNew: 8745556K->863813K(9175040K), 0.2071915 secs] 17716752K->9843023K(65798144K), 0.2075234 secs] [Times: user=2.55 sys=0.93, real=0.21 secs] 
2023-10-20T00:19:00.642+0800: 109682.923: [GC (Allocation Failure) 2023-10-20T00:19:00.642+0800: 109682.923: [ParNew: 8728133K->832180K(9175040K), 0.2074520 secs] 17707343K->9819255K(65798144K), 0.2077927 secs] [Times: user=2.34 sys=1.13, real=0.21 secs] 
2023-10-20T00:19:22.978+0800: 109705.259: [GC (Allocation Failure) 2023-10-20T00:19:22.978+0800: 109705.259: [ParNew: 8696500K->836250K(9175040K), 0.2052342 secs] 17683575K->9831068K(65798144K), 0.2056540 secs] [Times: user=2.11 sys=1.33, real=0.20 secs] 
2023-10-20T00:19:42.682+0800: 109724.964: [GC (Allocation Failure) 2023-10-20T00:19:42.683+0800: 109724.964: [ParNew: 8700570K->964495K(9175040K), 0.1996730 secs] 17695388K->9967093K(65798144K), 0.2000032 secs] [Times: user=2.03 sys=1.31, real=0.20 secs] 
2023-10-20T00:20:14.766+0800: 109757.047: [GC (Allocation Failure) 2023-10-20T00:20:14.766+0800: 109757.047: [ParNew: 8828815K->766843K(9175040K), 0.2119128 secs] 17831413K->9777589K(65798144K), 0.2122557 secs] [Times: user=2.25 sys=1.31, real=0.21 secs] 
2023-10-20T00:20:32.028+0800: 109774.309: [GC (Allocation Failure) 2023-10-20T00:20:32.028+0800: 109774.309: [ParNew: 8631163K->924194K(9175040K), 0.2439007 secs] 17641909K->9942914K(65798144K), 0.2442877 secs] [Times: user=2.81 sys=1.30, real=0.24 secs] 
2023-10-20T00:20:52.531+0800: 109794.812: [GC (Allocation Failure) 2023-10-20T00:20:52.531+0800: 109794.812: [ParNew: 8788514K->1007300K(9175040K), 0.2397644 secs] 17807234K->10034023K(65798144K), 0.2401148 secs] [Times: user=2.54 sys=1.50, real=0.24 secs] 
2023-10-20T00:21:20.661+0800: 109822.942: [GC (Allocation Failure) 2023-10-20T00:21:20.661+0800: 109822.942: [ParNew: 8871620K->851075K(9175040K), 0.2430450 secs] 17898343K->9885779K(65798144K), 0.2434602 secs] [Times: user=2.61 sys=1.50, real=0.24 secs] 
2023-10-20T00:22:12.023+0800: 109874.304: [GC (Allocation Failure) 2023-10-20T00:22:12.023+0800: 109874.304: [ParNew: 8715395K->877905K(9175040K), 0.2108281 secs] 17750099K->9920597K(65798144K), 0.2111537 secs] [Times: user=2.41 sys=1.12, real=0.21 secs] 
2023-10-20T00:22:45.465+0800: 109907.747: [GC (Allocation Failure) 2023-10-20T00:22:45.465+0800: 109907.747: [ParNew: 8742225K->1013676K(9175040K), 0.2474514 secs] 17784917K->10064452K(65798144K), 0.2478242 secs] [Times: user=2.15 sys=2.04, real=0.25 secs] 
2023-10-20T00:23:12.012+0800: 109934.293: [GC (Allocation Failure) 2023-10-20T00:23:12.012+0800: 109934.294: [ParNew: 8877996K->921353K(9175040K), 0.2320412 secs] 17928772K->9980063K(65798144K), 0.2324271 secs] [Times: user=2.40 sys=1.52, real=0.23 secs] 
2023-10-20T00:23:36.611+0800: 109958.892: [GC (Allocation Failure) 2023-10-20T00:23:36.611+0800: 109958.892: [ParNew: 8785673K->827625K(9175040K), 0.2198188 secs] 17844383K->9894121K(65798144K), 0.2201561 secs] [Times: user=2.22 sys=1.48, real=0.22 secs] 
2023-10-20T00:24:06.324+0800: 109988.605: [GC (Allocation Failure) 2023-10-20T00:24:06.324+0800: 109988.605: [ParNew: 8691945K->787634K(9175040K), 0.2150982 secs] 17758441K->9862127K(65798144K), 0.2154797 secs] [Times: user=2.33 sys=1.29, real=0.22 secs] 
2023-10-20T00:24:33.628+0800: 110015.909: [GC (Allocation Failure) 2023-10-20T00:24:33.628+0800: 110015.909: [ParNew: 8651954K->846485K(9175040K), 0.2277663 secs] 17726447K->9929012K(65798144K), 0.2281000 secs] [Times: user=2.50 sys=1.32, real=0.23 secs] 
2023-10-20T00:24:59.339+0800: 110041.621: [GC (Allocation Failure) 2023-10-20T00:24:59.340+0800: 110041.621: [ParNew: 8710805K->894131K(9175040K), 0.1979189 secs] 17793332K->9984469K(65798144K), 0.1982605 secs] [Times: user=2.21 sys=1.10, real=0.20 secs] 
2023-10-20T00:25:28.345+0800: 110070.626: [GC (Allocation Failure) 2023-10-20T00:25:28.345+0800: 110070.626: [ParNew: 8758451K->848862K(9175040K), 0.1807531 secs] 17848789K->9947076K(65798144K), 0.1811480 secs] [Times: user=2.11 sys=0.87, real=0.19 secs] 
2023-10-20T00:25:55.694+0800: 110097.975: [GC (Allocation Failure) 2023-10-20T00:25:55.694+0800: 110097.975: [ParNew: 8713182K->800650K(9175040K), 0.1973988 secs] 17811396K->9906630K(65798144K), 0.1977783 secs] [Times: user=2.09 sys=1.18, real=0.20 secs] 
2023-10-20T00:26:38.789+0800: 110141.070: [GC (Allocation Failure) 2023-10-20T00:26:38.789+0800: 110141.070: [ParNew: 8664970K->809567K(9175040K), 0.2492197 secs] 17770950K->9923330K(65798144K), 0.2495591 secs] [Times: user=2.25 sys=1.98, real=0.25 secs] 
2023-10-20T00:27:41.599+0800: 110203.880: [GC (Allocation Failure) 2023-10-20T00:27:41.599+0800: 110203.881: [ParNew: 8673887K->738978K(9175040K), 0.2350754 secs] 17787650K->9860427K(65798144K), 0.2353751 secs] [Times: user=2.59 sys=1.39, real=0.23 secs] 
2023-10-20T00:28:11.710+0800: 110233.991: [GC (Allocation Failure) 2023-10-20T00:28:11.710+0800: 110233.992: [ParNew: 8603298K->745914K(9175040K), 0.2337287 secs] 17724747K->9875086K(65798144K), 0.2340888 secs] [Times: user=2.33 sys=1.61, real=0.23 secs] 
2023-10-20T00:28:33.307+0800: 110255.588: [GC (Allocation Failure) 2023-10-20T00:28:33.307+0800: 110255.589: [ParNew: 8610234K->760009K(9175040K), 0.2165287 secs] 17739406K->9897111K(65798144K), 0.2168551 secs] [Times: user=2.45 sys=1.18, real=0.21 secs] 
2023-10-20T00:28:53.765+0800: 110276.047: [GC (Allocation Failure) 2023-10-20T00:28:53.766+0800: 110276.047: [ParNew: 8624329K->815343K(9175040K), 0.1992280 secs] 17761431K->9960292K(65798144K), 0.1996462 secs] [Times: user=2.10 sys=1.21, real=0.20 secs] 
2023-10-20T00:29:21.882+0800: 110304.163: [GC (Allocation Failure) 2023-10-20T00:29:21.882+0800: 110304.164: [ParNew: 8679663K->758290K(9175040K), 0.1924754 secs] 17824612K->9911258K(65798144K), 0.1928198 secs] [Times: user=2.02 sys=1.17, real=0.19 secs] 
2023-10-20T00:29:46.305+0800: 110328.586: [GC (Allocation Failure) 2023-10-20T00:29:46.305+0800: 110328.586: [ParNew: 8622610K->764904K(9175040K), 0.1826953 secs] 17775578K->9925776K(65798144K), 0.1830073 secs] [Times: user=2.03 sys=1.00, real=0.19 secs] 
2023-10-20T00:30:12.374+0800: 110354.656: [GC (Allocation Failure) 2023-10-20T00:30:12.375+0800: 110354.656: [ParNew: 8629224K->795344K(9175040K), 0.1882878 secs] 17790096K->9964296K(65798144K), 0.1886361 secs] [Times: user=2.14 sys=0.96, real=0.19 secs] 
2023-10-20T00:30:35.066+0800: 110377.347: [GC (Allocation Failure) 2023-10-20T00:30:35.066+0800: 110377.348: [ParNew: 8659664K->791561K(9175040K), 0.1648115 secs] 17828616K->9968599K(65798144K), 0.1652255 secs] [Times: user=1.83 sys=0.87, real=0.16 secs] 
2023-10-20T00:30:53.009+0800: 110395.290: [GC (Allocation Failure) 2023-10-20T00:30:53.009+0800: 110395.291: [ParNew: 8655881K->887201K(9175040K), 0.1719909 secs] 17832919K->10072286K(65798144K), 0.1723273 secs] [Times: user=2.43 sys=0.40, real=0.17 secs] 
2023-10-20T00:31:25.998+0800: 110428.279: [GC (Allocation Failure) 2023-10-20T00:31:25.999+0800: 110428.280: [ParNew: 8751521K->810687K(9175040K), 0.1889539 secs] 17936606K->10003885K(65798144K), 0.1893687 secs] [Times: user=1.80 sys=1.33, real=0.19 secs] 
2023-10-20T00:32:31.207+0800: 110493.488: [GC (Allocation Failure) 2023-10-20T00:32:31.207+0800: 110493.489: [ParNew: 8675007K->805135K(9175040K), 0.1991891 secs] 17868205K->10006223K(65798144K), 0.1994933 secs] [Times: user=2.09 sys=1.23, real=0.20 secs] 
2023-10-20T00:32:56.910+0800: 110519.191: [GC (Allocation Failure) 2023-10-20T00:32:56.910+0800: 110519.191: [ParNew: 8669455K->838881K(9175040K), 0.1984688 secs] 17870543K->10047565K(65798144K), 0.1988267 secs] [Times: user=2.18 sys=1.13, real=0.20 secs] 
2023-10-20T00:33:17.489+0800: 110539.770: [GC (Allocation Failure) 2023-10-20T00:33:17.489+0800: 110539.770: [ParNew: 8703201K->850117K(9175040K), 0.2471731 secs] 17911885K->10067271K(65798144K), 0.2475649 secs] [Times: user=2.70 sys=1.45, real=0.25 secs] 
2023-10-20T00:33:37.892+0800: 110560.173: [GC (Allocation Failure) 2023-10-20T00:33:37.892+0800: 110560.173: [ParNew: 8714437K->890973K(9175040K), 0.2192143 secs] 17931591K->10116168K(65798144K), 0.2195673 secs] [Times: user=2.42 sys=1.26, real=0.22 secs] 
2023-10-20T00:33:56.714+0800: 110578.995: [GC (Allocation Failure) 2023-10-20T00:33:56.714+0800: 110578.995: [ParNew: 8755293K->924048K(9175040K), 0.2068578 secs] 17980488K->10157222K(65798144K), 0.2072785 secs] [Times: user=2.43 sys=1.03, real=0.21 secs] 
2023-10-20T00:34:13.599+0800: 110595.880: [GC (Allocation Failure) 2023-10-20T00:34:13.599+0800: 110595.881: [ParNew: 8788368K->984070K(9175040K), 0.1642609 secs] 18021542K->10225530K(65798144K), 0.1646148 secs] [Times: user=2.27 sys=0.42, real=0.16 secs] 
2023-10-20T00:34:33.504+0800: 110615.786: [GC (Allocation Failure) 2023-10-20T00:34:33.504+0800: 110615.786: [ParNew: 8848390K->940541K(9175040K), 0.1998938 secs] 18089850K->10190086K(65798144K), 0.2002308 secs] [Times: user=2.38 sys=0.95, real=0.20 secs] 
2023-10-20T00:34:53.102+0800: 110635.383: [GC (Allocation Failure) 2023-10-20T00:34:53.102+0800: 110635.383: [ParNew: 8804861K->951665K(9175040K), 0.1969258 secs] 18054406K->10209318K(65798144K), 0.1972562 secs] [Times: user=2.33 sys=0.96, real=0.20 secs] 
2023-10-20T00:35:15.266+0800: 110657.547: [GC (Allocation Failure) 2023-10-20T00:35:15.266+0800: 110657.547: [ParNew: 8815985K->884480K(9175040K), 0.2147671 secs] 18073638K->10150176K(65798144K), 0.2150874 secs] [Times: user=2.56 sys=1.04, real=0.21 secs] 
2023-10-20T00:35:37.307+0800: 110679.589: [GC (Allocation Failure) 2023-10-20T00:35:37.308+0800: 110679.589: [ParNew: 8748800K->926995K(9175040K), 0.1850374 secs] 18014496K->10200853K(65798144K), 0.1853528 secs] [Times: user=2.11 sys=0.97, real=0.18 secs] 
2023-10-20T00:35:59.168+0800: 110701.450: [GC (Allocation Failure) 2023-10-20T00:35:59.169+0800: 110701.450: [ParNew: 8791315K->924388K(9175040K), 0.1954482 secs] 18065173K->10206079K(65798144K), 0.1958702 secs] [Times: user=2.12 sys=1.15, real=0.19 secs] 
2023-10-20T00:36:25.602+0800: 110727.883: [GC (Allocation Failure) 2023-10-20T00:36:25.602+0800: 110727.883: [ParNew: 8788708K->1007970K(9175040K), 0.2033764 secs] 18070399K->10297539K(65798144K), 0.2037056 secs] [Times: user=2.31 sys=1.09, real=0.20 secs] 
2023-10-20T00:36:53.700+0800: 110755.981: [GC (Allocation Failure) 2023-10-20T00:36:53.700+0800: 110755.981: [ParNew: 8872290K->943805K(9175040K), 0.2024461 secs] 18161859K->10241542K(65798144K), 0.2027427 secs] [Times: user=2.41 sys=0.99, real=0.20 secs] 
2023-10-20T00:37:16.608+0800: 110778.889: [GC (Allocation Failure) 2023-10-20T00:37:16.608+0800: 110778.889: [ParNew: 8808125K->894466K(9175040K), 0.2200123 secs] 18105862K->10227718K(65798144K), 0.2203275 secs] [Times: user=2.57 sys=1.06, real=0.22 secs] 
2023-10-20T00:37:39.004+0800: 110801.285: [GC (Allocation Failure) 2023-10-20T00:37:39.004+0800: 110801.285: [ParNew: 8758786K->899927K(9175040K), 0.2147073 secs] 18092038K->10271150K(65798144K), 0.2150989 secs] [Times: user=2.47 sys=1.06, real=0.22 secs] 
2023-10-20T00:37:58.577+0800: 110820.858: [GC (Allocation Failure) 2023-10-20T00:37:58.577+0800: 110820.859: [ParNew: 8764247K->974303K(9175040K), 0.2130625 secs] 18135470K->10390986K(65798144K), 0.2134605 secs] [Times: user=2.50 sys=0.99, real=0.21 secs] 
2023-10-20T00:38:20.406+0800: 110842.687: [GC (Allocation Failure) 2023-10-20T00:38:20.406+0800: 110842.688: [ParNew: 8838623K->1045564K(9175040K), 0.2395251 secs] 18255306K->10505790K(65798144K), 0.2399422 secs] [Times: user=2.71 sys=1.26, real=0.24 secs] 
2023-10-20T00:38:42.790+0800: 110865.071: [GC (Allocation Failure) 2023-10-20T00:38:42.790+0800: 110865.071: [ParNew: 8909884K->910101K(9175040K), 0.1973968 secs] 18370110K->10410215K(65798144K), 0.1977299 secs] [Times: user=2.22 sys=0.99, real=0.20 secs] 
2023-10-20T00:39:05.000+0800: 110887.282: [GC (Allocation Failure) 2023-10-20T00:39:05.001+0800: 110887.282: [ParNew: 8774421K->1022020K(9175040K), 0.2189854 secs] 18274535K->10552576K(65798144K), 0.2194059 secs] [Times: user=2.23 sys=1.41, real=0.22 secs] 
2023-10-20T00:39:29.724+0800: 110912.005: [GC (Allocation Failure) 2023-10-20T00:39:29.724+0800: 110912.006: [ParNew: 8886340K->1016509K(9175040K), 0.2311390 secs] 18416896K->10562542K(65798144K), 0.2315450 secs] [Times: user=2.32 sys=1.51, real=0.24 secs] 
2023-10-20T00:39:50.385+0800: 110932.666: [GC (Allocation Failure) 2023-10-20T00:39:50.385+0800: 110932.667: [ParNew: 8880829K->973824K(9175040K), 0.1994234 secs] 18426862K->10533541K(65798144K), 0.1997641 secs] [Times: user=2.58 sys=0.74, real=0.20 secs] 
2023-10-20T00:40:12.602+0800: 110954.883: [GC (Allocation Failure) 2023-10-20T00:40:12.602+0800: 110954.883: [ParNew: 8838144K->1007119K(9175040K), 0.2592329 secs] 18397861K->10580230K(65798144K), 0.2596307 secs] [Times: user=2.71 sys=1.94, real=0.26 secs] 
2023-10-20T00:40:32.410+0800: 110974.691: [GC (Allocation Failure) 2023-10-20T00:40:32.410+0800: 110974.691: [ParNew: 8871439K->1061464K(9175040K), 0.2004392 secs] 18444550K->10652014K(65798144K), 0.2008316 secs] [Times: user=2.55 sys=0.77, real=0.20 secs] 
2023-10-20T00:40:55.312+0800: 110997.593: [GC (Allocation Failure) 2023-10-20T00:40:55.312+0800: 110997.593: [ParNew: 8925784K->1061991K(9175040K), 0.2497839 secs] 18516334K->10667648K(65798144K), 0.2501548 secs] [Times: user=2.50 sys=1.72, real=0.25 secs] 
2023-10-20T00:41:15.544+0800: 111017.826: [GC (Allocation Failure) 2023-10-20T00:41:15.545+0800: 111017.826: [ParNew: 8926311K->981925K(9175040K), 0.1951096 secs] 18531968K->10607948K(65798144K), 0.1954693 secs] [Times: user=2.45 sys=0.76, real=0.20 secs] 
2023-10-20T00:41:37.146+0800: 111039.428: [GC (Allocation Failure) 2023-10-20T00:41:37.147+0800: 111039.428: [ParNew: 8846245K->1011325K(9175040K), 0.2238627 secs] 18472268K->10671085K(65798144K), 0.2241787 secs] [Times: user=2.43 sys=1.27, real=0.22 secs] 
2023-10-20T00:41:56.684+0800: 111058.965: [GC (Allocation Failure) 2023-10-20T00:41:56.684+0800: 111058.965: [ParNew: 8875645K->1043701K(9175040K), 0.2145413 secs] 18535405K->10747359K(65798144K), 0.2149914 secs] [Times: user=2.47 sys=1.01, real=0.22 secs] 
2023-10-20T00:42:15.442+0800: 111077.723: [GC (Allocation Failure) 2023-10-20T00:42:15.442+0800: 111077.724: [ParNew: 8908021K->948465K(9175040K), 0.1837807 secs] 18611679K->10700993K(65798144K), 0.1842395 secs] [Times: user=2.46 sys=0.47, real=0.19 secs] 
2023-10-20T00:42:39.571+0800: 111101.852: [GC (Allocation Failure) 2023-10-20T00:42:39.571+0800: 111101.852: [ParNew: 8812785K->983572K(9175040K), 0.1901266 secs] 18565313K->10783568K(65798144K), 0.1904623 secs] [Times: user=2.14 sys=0.95, real=0.19 secs] 
2023-10-20T00:43:02.080+0800: 111124.362: [GC (Allocation Failure) 2023-10-20T00:43:02.081+0800: 111124.362: [ParNew: 8847892K->977991K(9175040K), 0.2048020 secs] 18647888K->10819977K(65798144K), 0.2051612 secs] [Times: user=2.36 sys=0.98, real=0.20 secs] 
2023-10-20T00:43:31.898+0800: 111154.179: [GC (Allocation Failure) 2023-10-20T00:43:31.898+0800: 111154.180: [ParNew: 8842311K->1009604K(9175040K), 0.2314493 secs] 18684297K->10877704K(65798144K), 0.2317726 secs] [Times: user=2.56 sys=1.30, real=0.23 secs] 
2023-10-20T00:44:02.165+0800: 111184.446: [GC (Allocation Failure) 2023-10-20T00:44:02.165+0800: 111184.446: [ParNew: 8873924K->1040357K(9175040K), 0.2147545 secs] 18742024K->10920747K(65798144K), 0.2150824 secs] [Times: user=2.24 sys=1.34, real=0.22 secs] 
2023-10-20T00:44:31.526+0800: 111213.807: [GC (Allocation Failure) 2023-10-20T00:44:31.526+0800: 111213.807: [ParNew: 8904677K->982215K(9175040K), 0.2089589 secs] 18785067K->10870577K(65798144K), 0.2092661 secs] [Times: user=2.28 sys=1.22, real=0.21 secs] 
2023-10-20T00:44:59.053+0800: 111241.334: [GC (Allocation Failure) 2023-10-20T00:44:59.053+0800: 111241.334: [ParNew: 8846535K->1017328K(9175040K), 0.1820906 secs] 18734897K->10913567K(65798144K), 0.1824001 secs] [Times: user=2.01 sys=0.99, real=0.18 secs] 
2023-10-20T00:45:17.189+0800: 111259.470: [GC (Allocation Failure) 2023-10-20T00:45:17.189+0800: 111259.471: [ParNew: 8881648K->887086K(9175040K), 0.1992887 secs] 18777887K->10791214K(65798144K), 0.1996774 secs] [Times: user=2.33 sys=1.07, real=0.20 secs] 
2023-10-20T00:45:35.205+0800: 111277.486: [GC (Allocation Failure) 2023-10-20T00:45:35.205+0800: 111277.486: [ParNew: 8751406K->998748K(9175040K), 0.1729866 secs] 18655534K->10910765K(65798144K), 0.1733773 secs] [Times: user=2.32 sys=0.52, real=0.18 secs] 
2023-10-20T00:45:52.713+0800: 111294.995: [GC (Allocation Failure) 2023-10-20T00:45:52.714+0800: 111294.995: [ParNew: 8863068K->997942K(9175040K), 0.1738656 secs] 18775085K->10922372K(65798144K), 0.1742232 secs] [Times: user=2.35 sys=0.49, real=0.18 secs] 
2023-10-20T00:46:10.645+0800: 111312.926: [GC (Allocation Failure) 2023-10-20T00:46:10.645+0800: 111312.926: [ParNew: 8862262K->1001712K(9175040K), 0.1848775 secs] 18786692K->10942959K(65798144K), 0.1852453 secs] [Times: user=2.19 sys=0.76, real=0.19 secs] 
2023-10-20T00:46:31.210+0800: 111333.491: [GC (Allocation Failure) 2023-10-20T00:46:31.210+0800: 111333.491: [ParNew: 8866032K->944089K(9175040K), 0.2237992 secs] 18807279K->10904780K(65798144K), 0.2242031 secs] [Times: user=2.80 sys=0.93, real=0.22 secs] 
2023-10-20T00:47:01.006+0800: 111363.287: [GC (Allocation Failure) 2023-10-20T00:47:01.006+0800: 111363.288: [ParNew: 8808409K->907215K(9175040K), 0.2157715 secs] 18769100K->10876091K(65798144K), 0.2162598 secs] [Times: user=1.90 sys=1.71, real=0.21 secs] 
2023-10-20T00:47:24.258+0800: 111386.539: [GC (Allocation Failure) 2023-10-20T00:47:24.258+0800: 111386.540: [ParNew: 8771535K->968427K(9175040K), 0.1976127 secs] 18740411K->10945248K(65798144K), 0.1980191 secs] [Times: user=2.01 sys=1.36, real=0.20 secs] 
2023-10-20T00:47:44.761+0800: 111407.042: [GC (Allocation Failure) 2023-10-20T00:47:44.761+0800: 111407.043: [ParNew: 8832747K->920646K(9175040K), 0.2098789 secs] 18809568K->10904927K(65798144K), 0.2102850 secs] [Times: user=2.05 sys=1.46, real=0.21 secs] 
2023-10-20T00:48:07.907+0800: 111430.188: [GC (Allocation Failure) 2023-10-20T00:48:07.907+0800: 111430.188: [ParNew: 8784966K->1029406K(9175040K), 0.2225724 secs] 18769247K->11021492K(65798144K), 0.2229871 secs] [Times: user=2.53 sys=1.19, real=0.22 secs] 
2023-10-20T00:48:31.103+0800: 111453.384: [GC (Allocation Failure) 2023-10-20T00:48:31.103+0800: 111453.384: [ParNew: 8893726K->1063277K(9175040K), 0.2167816 secs] 18885812K->11064447K(65798144K), 0.2171323 secs] [Times: user=2.40 sys=1.36, real=0.22 secs] 
2023-10-20T00:48:59.331+0800: 111481.612: [GC (Allocation Failure) 2023-10-20T00:48:59.331+0800: 111481.612: [ParNew: 8927597K->981119K(9175040K), 0.1941904 secs] 18928767K->10993139K(65798144K), 0.1945828 secs] [Times: user=2.11 sys=1.12, real=0.19 secs] 
2023-10-20T00:49:45.097+0800: 111527.379: [GC (Allocation Failure) 2023-10-20T00:49:45.098+0800: 111527.379: [ParNew: 8845439K->944958K(9175040K), 0.2194284 secs] 18857459K->10965168K(65798144K), 0.2197571 secs] [Times: user=2.15 sys=1.53, real=0.22 secs] 
2023-10-20T00:50:09.242+0800: 111551.523: [GC (Allocation Failure) 2023-10-20T00:50:09.243+0800: 111551.524: [ParNew: 8809278K->889654K(9175040K), 0.2311640 secs] 18829488K->10917325K(65798144K), 0.2315445 secs] [Times: user=2.43 sys=1.47, real=0.23 secs] 
2023-10-20T00:50:26.929+0800: 111569.210: [GC (Allocation Failure) 2023-10-20T00:50:26.929+0800: 111569.210: [ParNew: 8753974K->986525K(9175040K), 0.1987903 secs] 18781645K->11014196K(65798144K), 0.1991306 secs] [Times: user=2.10 sys=1.26, real=0.20 secs] 
2023-10-20T00:50:46.394+0800: 111588.675: [GC (Allocation Failure) 2023-10-20T00:50:46.395+0800: 111588.676: [ParNew: 8850845K->985859K(9175040K), 0.1798072 secs] 18878516K->11021550K(65798144K), 0.1802724 secs] [Times: user=2.05 sys=0.93, real=0.18 secs] 
2023-10-20T00:51:09.010+0800: 111611.292: [GC (Allocation Failure) 2023-10-20T00:51:09.011+0800: 111611.292: [ParNew: 8850179K->927673K(9175040K), 0.2053941 secs] 18885870K->10978945K(65798144K), 0.2058898 secs] [Times: user=2.21 sys=1.15, real=0.21 secs] 
2023-10-20T00:51:33.508+0800: 111635.789: [GC (Allocation Failure) 2023-10-20T00:51:33.508+0800: 111635.789: [ParNew: 8791993K->976506K(9175040K), 0.2067357 secs] 18843265K->11027778K(65798144K), 0.2071669 secs] [Times: user=2.51 sys=0.97, real=0.20 secs] 
2023-10-20T00:51:56.710+0800: 111658.991: [GC (Allocation Failure) 2023-10-20T00:51:56.710+0800: 111658.991: [ParNew: 8840826K->1109810K(9175040K), 0.1743983 secs] 18892098K->11161082K(65798144K), 0.1747291 secs] [Times: user=2.42 sys=0.48, real=0.17 secs] 
2023-10-20T00:52:22.379+0800: 111684.661: [GC (Allocation Failure) 2023-10-20T00:52:22.380+0800: 111684.661: [ParNew: 8974130K->793028K(9175040K), 0.2036786 secs] 19025402K->10852075K(65798144K), 0.2040407 secs] [Times: user=2.49 sys=0.92, real=0.20 secs] 
2023-10-20T00:52:46.688+0800: 111708.969: [GC (Allocation Failure) 2023-10-20T00:52:46.688+0800: 111708.969: [ParNew: 8657348K->888742K(9175040K), 0.1794007 secs] 18716395K->10955614K(65798144K), 0.1798004 secs] [Times: user=2.08 sys=0.90, real=0.18 secs] 
2023-10-20T00:53:09.247+0800: 111731.529: [GC (Allocation Failure) 2023-10-20T00:53:09.248+0800: 111731.529: [ParNew: 8753062K->944019K(9175040K), 0.1924330 secs] 18819934K->11018378K(65798144K), 0.1928120 secs] [Times: user=2.30 sys=0.91, real=0.19 secs] 
2023-10-20T00:53:51.865+0800: 111774.146: [GC (Allocation Failure) 2023-10-20T00:53:51.865+0800: 111774.147: [ParNew: 8808339K->871532K(9175040K), 0.2171710 secs] 18882698K->10953854K(65798144K), 0.2175054 secs] [Times: user=2.33 sys=1.34, real=0.22 secs] 
2023-10-20T00:54:46.119+0800: 111828.400: [GC (Allocation Failure) 2023-10-20T00:54:46.119+0800: 111828.401: [ParNew: 8735852K->841406K(9175040K), 0.2015877 secs] 18818174K->10931729K(65798144K), 0.2019115 secs] [Times: user=2.22 sys=1.17, real=0.20 secs] 
2023-10-20T00:55:13.343+0800: 111855.624: [GC (Allocation Failure) 2023-10-20T00:55:13.343+0800: 111855.625: [ParNew: 8705726K->890832K(9175040K), 0.1677038 secs] 18796049K->10989097K(65798144K), 0.1679979 secs] [Times: user=1.87 sys=0.90, real=0.17 secs] 
2023-10-20T00:55:32.867+0800: 111875.149: [GC (Allocation Failure) 2023-10-20T00:55:32.867+0800: 111875.149: [ParNew: 8755152K->904564K(9175040K), 0.1724532 secs] 18853417K->11010793K(65798144K), 0.1727645 secs] [Times: user=2.02 sys=0.82, real=0.17 secs] 
2023-10-20T00:55:50.866+0800: 111893.147: [GC (Allocation Failure) 2023-10-20T00:55:50.866+0800: 111893.147: [ParNew: 8768884K->860330K(9175040K), 0.1685227 secs] 18875113K->10974350K(65798144K), 0.1688764 secs] [Times: user=1.79 sys=0.96, real=0.16 secs] 
2023-10-20T00:56:11.959+0800: 111914.241: [GC (Allocation Failure) 2023-10-20T00:56:11.960+0800: 111914.241: [ParNew: 8724650K->915517K(9175040K), 0.1773087 secs] 18838670K->11037558K(65798144K), 0.1776510 secs] [Times: user=2.01 sys=0.92, real=0.18 secs] 
2023-10-20T00:56:32.650+0800: 111934.931: [GC (Allocation Failure) 2023-10-20T00:56:32.650+0800: 111934.932: [ParNew: 8779837K->848631K(9175040K), 0.1847747 secs] 18901878K->10978752K(65798144K), 0.1851143 secs] [Times: user=2.01 sys=1.04, real=0.18 secs] 
2023-10-20T00:56:51.198+0800: 111953.480: [GC (Allocation Failure) 2023-10-20T00:56:51.199+0800: 111953.480: [ParNew: 8712951K->884518K(9175040K), 0.1856774 secs] 18843072K->11022515K(65798144K), 0.1860307 secs] [Times: user=2.13 sys=0.94, real=0.18 secs] 
2023-10-20T00:57:14.545+0800: 111976.826: [GC (Allocation Failure) 2023-10-20T00:57:14.545+0800: 111976.826: [ParNew: 8748838K->921862K(9175040K), 0.1943299 secs] 18886835K->11067724K(65798144K), 0.1946949 secs] [Times: user=2.00 sys=1.17, real=0.20 secs] 
2023-10-20T00:57:29.600+0800: 111991.881: [GC (Allocation Failure) 2023-10-20T00:57:29.600+0800: 111991.882: [ParNew: 8786182K->892467K(9175040K), 0.1874636 secs] 18932044K->11046190K(65798144K), 0.1878384 secs] [Times: user=2.59 sys=0.50, real=0.19 secs] 
2023-10-20T00:57:50.394+0800: 112012.675: [GC (Allocation Failure) 2023-10-20T00:57:50.394+0800: 112012.675: [ParNew: 8756787K->938908K(9175040K), 0.1988848 secs] 18910510K->11100109K(65798144K), 0.1993131 secs] [Times: user=2.26 sys=1.04, real=0.20 secs] 
2023-10-20T00:58:08.772+0800: 112031.053: [GC (Allocation Failure) 2023-10-20T00:58:08.772+0800: 112031.053: [ParNew: 8803228K->930643K(9175040K), 0.1654452 secs] 18964429K->11099752K(65798144K), 0.1658000 secs] [Times: user=2.26 sys=0.45, real=0.17 secs] 
2023-10-20T00:58:31.774+0800: 112054.056: [GC (Allocation Failure) 2023-10-20T00:58:31.775+0800: 112054.056: [ParNew: 8794963K->939618K(9175040K), 0.1814785 secs] 18964072K->11116643K(65798144K), 0.1818821 secs] [Times: user=2.03 sys=0.95, real=0.19 secs] 
2023-10-20T00:59:06.112+0800: 112088.393: [GC (Allocation Failure) 2023-10-20T00:59:06.112+0800: 112088.394: [ParNew: 8803938K->950078K(9175040K), 0.2171412 secs] 18980963K->11135142K(65798144K), 0.2175077 secs] [Times: user=2.21 sys=1.43, real=0.22 secs] 
2023-10-20T00:59:38.007+0800: 112120.289: [GC (Allocation Failure) 2023-10-20T00:59:38.008+0800: 112120.289: [ParNew: 8814398K->966330K(9175040K), 0.2090461 secs] 18999462K->11184582K(65798144K), 0.2093649 secs] [Times: user=2.42 sys=1.00, real=0.21 secs] 
2023-10-20T01:00:01.242+0800: 112143.524: [GC (Allocation Failure) 2023-10-20T01:00:01.243+0800: 112143.524: [ParNew: 8830650K->1035518K(9175040K), 0.2013275 secs] 19048902K->11277830K(65798144K), 0.2016832 secs] [Times: user=2.37 sys=0.95, real=0.20 secs] 
2023-10-20T01:00:22.974+0800: 112165.255: [GC (Allocation Failure) 2023-10-20T01:00:22.974+0800: 112165.256: [ParNew: 8899838K->979087K(9175040K), 0.1887133 secs] 19142150K->11249871K(65798144K), 0.1891437 secs] [Times: user=2.16 sys=0.92, real=0.19 secs] 
2023-10-20T01:00:40.448+0800: 112182.729: [GC (Allocation Failure) 2023-10-20T01:00:40.448+0800: 112182.729: [ParNew: 8843407K->979199K(9175040K), 0.2052785 secs] 19114191K->11281846K(65798144K), 0.2056532 secs] [Times: user=2.52 sys=0.85, real=0.20 secs] 
2023-10-20T01:00:57.646+0800: 112199.927: [GC (Allocation Failure) 2023-10-20T01:00:57.646+0800: 112199.927: [ParNew: 8843519K->974171K(9175040K), 0.2000595 secs] 19146166K->11310694K(65798144K), 0.2004645 secs] [Times: user=2.35 sys=0.94, real=0.20 secs] 
2023-10-20T01:01:16.134+0800: 112218.415: [GC (Allocation Failure) 2023-10-20T01:01:16.134+0800: 112218.416: [ParNew: 8838491K->1004653K(9175040K), 0.2168594 secs] 19175014K->11379839K(65798144K), 0.2172359 secs] [Times: user=2.53 sys=1.04, real=0.22 secs] 
2023-10-20T01:01:37.973+0800: 112240.255: [GC (Allocation Failure) 2023-10-20T01:01:37.974+0800: 112240.255: [ParNew: 8868973K->994754K(9175040K), 0.2060514 secs] 19244159K->11407115K(65798144K), 0.2065437 secs] [Times: user=2.23 sys=1.15, real=0.21 secs] 
2023-10-20T01:01:57.106+0800: 112259.387: [GC (Allocation Failure) 2023-10-20T01:01:57.106+0800: 112259.387: [ParNew: 8859074K->934704K(9175040K), 0.1729845 secs] 19271435K->11384432K(65798144K), 0.1733863 secs] [Times: user=2.17 sys=0.62, real=0.17 secs] 
2023-10-20T01:02:20.660+0800: 112282.941: [GC (Allocation Failure) 2023-10-20T01:02:20.660+0800: 112282.942: [ParNew: 8799024K->971433K(9175040K), 0.2176502 secs] 19248752K->11452419K(65798144K), 0.2181274 secs] [Times: user=2.29 sys=1.22, real=0.22 secs] 
2023-10-20T01:02:38.162+0800: 112300.443: [GC (Allocation Failure) 2023-10-20T01:02:38.162+0800: 112300.444: [ParNew: 8835753K->1001262K(9175040K), 0.1761450 secs] 19316739K->11513084K(65798144K), 0.1765535 secs] [Times: user=2.39 sys=0.46, real=0.18 secs] 
2023-10-20T01:02:52.728+0800: 112315.009: [GC (Allocation Failure) 2023-10-20T01:02:52.728+0800: 112315.009: [ParNew: 8865582K->1034827K(9175040K), 0.1789803 secs] 19377404K->11590175K(65798144K), 0.1793618 secs] [Times: user=2.08 sys=0.85, real=0.18 secs] 
2023-10-20T01:03:09.400+0800: 112331.681: [GC (Allocation Failure) 2023-10-20T01:03:09.400+0800: 112331.681: [ParNew: 8899147K->1068155K(9175040K), 0.2221375 secs] 19454495K->11670290K(65798144K), 0.2225982 secs] [Times: user=3.15 sys=0.72, real=0.22 secs] 
2023-10-20T01:03:33.009+0800: 112355.290: [GC (Allocation Failure) 2023-10-20T01:03:33.009+0800: 112355.291: [ParNew: 8932475K->1047980K(9175040K), 0.2376418 secs] 19534610K->11696545K(65798144K), 0.2380110 secs] [Times: user=2.59 sys=1.58, real=0.24 secs] 
2023-10-20T01:03:57.603+0800: 112379.884: [GC (Allocation Failure) 2023-10-20T01:03:57.603+0800: 112379.884: [ParNew: 8912300K->858565K(9175040K), 0.2351170 secs] 19560865K->11555585K(65798144K), 0.2354311 secs] [Times: user=2.58 sys=1.30, real=0.24 secs] 
2023-10-20T01:04:32.218+0800: 112414.499: [GC (Allocation Failure) 2023-10-20T01:04:32.218+0800: 112414.500: [ParNew: 8722885K->1074293K(9175040K), 0.2058014 secs] 19419905K->11819597K(65798144K), 0.2061241 secs] [Times: user=2.29 sys=1.07, real=0.20 secs] 
2023-10-20T01:04:59.968+0800: 112442.249: [GC (Allocation Failure) 2023-10-20T01:04:59.968+0800: 112442.250: [ParNew: 8938613K->989374K(9175040K), 0.2197236 secs] 19683917K->11782568K(65798144K), 0.2200058 secs] [Times: user=2.53 sys=1.08, real=0.22 secs] 
2023-10-20T01:05:20.266+0800: 112462.548: [GC (Allocation Failure) 2023-10-20T01:05:20.267+0800: 112462.548: [ParNew: 8853694K->1156360K(9175040K), 0.1926929 secs] 19646888K->11996713K(65798144K), 0.1930202 secs] [Times: user=2.22 sys=0.90, real=0.19 secs] 
2023-10-20T01:05:37.036+0800: 112479.318: [GC (Allocation Failure) 2023-10-20T01:05:37.036+0800: 112479.318: [ParNew: 9020680K->887230K(9175040K), 0.2074585 secs] 19861033K->11774759K(65798144K), 0.2077913 secs] [Times: user=2.33 sys=1.05, real=0.20 secs] 
2023-10-20T01:05:53.505+0800: 112495.787: [GC (Allocation Failure) 2023-10-20T01:05:53.506+0800: 112495.787: [ParNew: 8751550K->879161K(9175040K), 0.1659056 secs] 19639079K->11814014K(65798144K), 0.1663625 secs] [Times: user=2.15 sys=0.47, real=0.17 secs] 
2023-10-20T01:06:15.198+0800: 112517.479: [GC (Allocation Failure) 2023-10-20T01:06:15.198+0800: 112517.480: [ParNew: 8743481K->980636K(9175040K), 0.1811514 secs] 19678334K->11962821K(65798144K), 0.1814896 secs] [Times: user=2.45 sys=0.47, real=0.18 secs] 
2023-10-20T01:06:40.932+0800: 112543.213: [GC (Allocation Failure) 2023-10-20T01:06:40.932+0800: 112543.213: [ParNew: 8844956K->1025886K(9175040K), 0.1803102 secs] 19827141K->12050175K(65798144K), 0.1806727 secs] [Times: user=1.98 sys=0.93, real=0.18 secs] 
2023-10-20T01:06:58.752+0800: 112561.033: [GC (Allocation Failure) 2023-10-20T01:06:58.752+0800: 112561.033: [ParNew: 8890206K->1010444K(9175040K), 0.2182192 secs] 19914495K->12078233K(65798144K), 0.2185330 secs] [Times: user=2.74 sys=0.85, real=0.22 secs] 
2023-10-20T01:07:20.104+0800: 112582.385: [GC (Allocation Failure) 2023-10-20T01:07:20.104+0800: 112582.385: [ParNew: 8874764K->939274K(9175040K), 0.2248788 secs] 19942553K->12055308K(65798144K), 0.2252056 secs] [Times: user=2.49 sys=1.20, real=0.23 secs] 
2023-10-20T01:07:43.498+0800: 112605.780: [GC (Allocation Failure) 2023-10-20T01:07:43.499+0800: 112605.780: [ParNew: 8803594K->973283K(9175040K), 0.2206787 secs] 19919628K->12122931K(65798144K), 0.2209776 secs] [Times: user=2.53 sys=1.12, real=0.22 secs] 
2023-10-20T01:08:03.199+0800: 112625.480: [GC (Allocation Failure) 2023-10-20T01:08:03.199+0800: 112625.480: [ParNew: 8837603K->968141K(9175040K), 0.2190995 secs] 19987251K->12138931K(65798144K), 0.2194313 secs] [Times: user=2.38 sys=1.28, real=0.22 secs] 
2023-10-20T01:08:24.716+0800: 112646.997: [GC (Allocation Failure) 2023-10-20T01:08:24.716+0800: 112646.998: [ParNew: 8832461K->890904K(9175040K), 0.2021464 secs] 20003251K->12082020K(65798144K), 0.2024931 secs] [Times: user=2.20 sys=1.16, real=0.20 secs] 
2023-10-20T01:09:04.713+0800: 112686.995: [GC (Allocation Failure) 2023-10-20T01:09:04.713+0800: 112686.995: [ParNew: 8755224K->1033916K(9175040K), 0.2223638 secs] 19946340K->12232576K(65798144K), 0.2226987 secs] [Times: user=2.24 sys=1.45, real=0.23 secs] 
2023-10-20T01:09:54.429+0800: 112736.710: [GC (Allocation Failure) 2023-10-20T01:09:54.429+0800: 112736.710: [ParNew: 8898236K->856090K(9175040K), 0.2578278 secs] 20096896K->12062562K(65798144K), 0.2582396 secs] [Times: user=2.83 sys=1.49, real=0.26 secs] 
2023-10-20T01:10:18.386+0800: 112760.667: [GC (Allocation Failure) 2023-10-20T01:10:18.386+0800: 112760.667: [ParNew: 8720410K->908828K(9175040K), 0.2081912 secs] 19926882K->12115300K(65798144K), 0.2086067 secs] [Times: user=2.08 sys=1.37, real=0.21 secs] 
2023-10-20T01:10:38.355+0800: 112780.636: [GC (Allocation Failure) 2023-10-20T01:10:38.355+0800: 112780.637: [ParNew: 8773148K->865931K(9175040K), 0.2253663 secs] 19979620K->12072403K(65798144K), 0.2257759 secs] [Times: user=2.24 sys=1.52, real=0.23 secs] 
2023-10-20T01:10:53.710+0800: 112795.991: [GC (Allocation Failure) 2023-10-20T01:10:53.710+0800: 112795.991: [ParNew: 8730251K->1006879K(9175040K), 0.1640463 secs] 19936723K->12221118K(65798144K), 0.1644150 secs] [Times: user=2.24 sys=0.44, real=0.16 secs] 
2023-10-20T01:11:10.633+0800: 112812.914: [GC (Allocation Failure) 2023-10-20T01:11:10.633+0800: 112812.915: [ParNew: 8871199K->900698K(9175040K), 0.1668646 secs] 20085438K->12122788K(65798144K), 0.1671975 secs] [Times: user=2.34 sys=0.41, real=0.17 secs] 
2023-10-20T01:11:30.123+0800: 112832.404: [GC (Allocation Failure) 2023-10-20T01:11:30.123+0800: 112832.404: [ParNew: 8765018K->1080896K(9175040K), 0.2316610 secs] 19987108K->12310261K(65798144K), 0.2321794 secs] [Times: user=2.69 sys=1.20, real=0.23 secs] 
2023-10-20T01:11:51.222+0800: 112853.503: [GC (Allocation Failure) 2023-10-20T01:11:51.222+0800: 112853.504: [ParNew: 8945216K->970659K(9175040K), 0.2644437 secs] 20174581K->12223086K(65798144K), 0.2648161 secs] [Times: user=2.94 sys=1.49, real=0.27 secs] 
2023-10-20T01:12:09.060+0800: 112871.341: [GC (Allocation Failure) 2023-10-20T01:12:09.060+0800: 112871.341: [ParNew: 8834979K->998041K(9175040K), 0.2536734 secs] 20087406K->12258107K(65798144K), 0.2540720 secs] [Times: user=2.85 sys=1.44, real=0.25 secs] 
2023-10-20T01:12:26.562+0800: 112888.843: [GC (Allocation Failure) 2023-10-20T01:12:26.562+0800: 112888.844: [ParNew: 8862361K->953559K(9175040K), 0.1843671 secs] 20122427K->12221356K(65798144K), 0.1848358 secs] [Times: user=2.57 sys=0.49, real=0.19 secs] 
2023-10-20T01:12:42.217+0800: 112904.498: [GC (Allocation Failure) 2023-10-20T01:12:42.217+0800: 112904.498: [ParNew: 8817879K->1072492K(9175040K), 0.1694217 secs] 20085676K->12350495K(65798144K), 0.1697824 secs] [Times: user=2.30 sys=0.48, real=0.17 secs] 
2023-10-20T01:13:05.557+0800: 112927.839: [GC (Allocation Failure) 2023-10-20T01:13:05.558+0800: 112927.839: [ParNew: 8936812K->935367K(9175040K), 0.2096478 secs] 20214815K->12221064K(65798144K), 0.2100398 secs] [Times: user=2.43 sys=1.07, real=0.21 secs] 
2023-10-20T01:13:27.293+0800: 112949.574: [GC (Allocation Failure) 2023-10-20T01:13:27.293+0800: 112949.574: [ParNew: 8799687K->1076610K(9175040K), 0.2317742 secs] 20085384K->12370179K(65798144K), 0.2321714 secs] [Times: user=2.67 sys=1.24, real=0.23 secs] 
2023-10-20T01:13:54.788+0800: 112977.069: [GC (Allocation Failure) 2023-10-20T01:13:54.788+0800: 112977.070: [ParNew: 8940930K->946151K(9175040K), 0.2447387 secs] 20234499K->12254760K(65798144K), 0.2450385 secs] [Times: user=2.68 sys=1.40, real=0.24 secs] 
2023-10-20T01:14:25.583+0800: 113007.864: [GC (Allocation Failure) 2023-10-20T01:14:25.583+0800: 113007.864: [ParNew: 8810471K->949756K(9175040K), 0.2220115 secs] 20119080K->12292469K(65798144K), 0.2223762 secs] [Times: user=2.47 sys=1.21, real=0.22 secs] 
2023-10-20T01:15:12.865+0800: 113055.146: [GC (Allocation Failure) 2023-10-20T01:15:12.865+0800: 113055.147: [ParNew: 8814076K->1021321K(9175040K), 0.2461255 secs] 20156789K->12382832K(65798144K), 0.2464523 secs] [Times: user=2.40 sys=1.74, real=0.25 secs] 
2023-10-20T01:15:32.224+0800: 113074.505: [GC (Allocation Failure) 2023-10-20T01:15:32.224+0800: 113074.506: [ParNew: 8885641K->1054748K(9175040K), 0.2854255 secs] 20247152K->12435369K(65798144K), 0.2858042 secs] [Times: user=3.27 sys=1.57, real=0.29 secs] 
2023-10-20T01:15:49.038+0800: 113091.320: [GC (Allocation Failure) 2023-10-20T01:15:49.039+0800: 113091.320: [ParNew: 8919068K->976177K(9175040K), 0.2092333 secs] 20299689K->12378690K(65798144K), 0.2096042 secs] [Times: user=2.54 sys=0.93, real=0.21 secs] 
2023-10-20T01:16:05.032+0800: 113107.313: [GC (Allocation Failure) 2023-10-20T01:16:05.032+0800: 113107.313: [ParNew: 8840497K->1045828K(9175040K), 0.1851999 secs] 20243010K->12467849K(65798144K), 0.1855900 secs] [Times: user=2.50 sys=0.54, real=0.19 secs] 
2023-10-20T01:16:22.958+0800: 113125.239: [GC (Allocation Failure) 2023-10-20T01:16:22.958+0800: 113125.240: [ParNew: 8910148K->1024251K(9175040K), 0.1982083 secs] 20332169K->12470399K(65798144K), 0.1985568 secs] [Times: user=2.40 sys=0.86, real=0.20 secs] 
2023-10-20T01:16:40.142+0800: 113142.423: [GC (Allocation Failure) 2023-10-20T01:16:40.142+0800: 113142.423: [ParNew: 8888571K->947658K(9175040K), 0.2032487 secs] 20334719K->12422776K(65798144K), 0.2036337 secs] [Times: user=2.34 sys=0.99, real=0.20 secs] 
2023-10-20T01:16:57.222+0800: 113159.504: [GC (Allocation Failure) 2023-10-20T01:16:57.223+0800: 113159.504: [ParNew: 8811978K->1019282K(9175040K), 0.1705218 secs] 20287096K->12529010K(65798144K), 0.1709827 secs] [Times: user=2.10 sys=0.61, real=0.17 secs] 
2023-10-20T01:17:20.229+0800: 113182.510: [GC (Allocation Failure) 2023-10-20T01:17:20.229+0800: 113182.510: [ParNew: 8883602K->977275K(9175040K), 0.1737653 secs] 20393330K->12508573K(65798144K), 0.1742194 secs] [Times: user=2.34 sys=0.49, real=0.17 secs] 
2023-10-20T01:17:35.355+0800: 113197.637: [GC (Allocation Failure) 2023-10-20T01:17:35.355+0800: 113197.637: [ParNew: 8841595K->1007492K(9175040K), 0.1811071 secs] 20372893K->12564549K(65798144K), 0.1814562 secs] [Times: user=2.11 sys=0.85, real=0.19 secs] 
2023-10-20T01:17:50.273+0800: 113212.555: [GC (Allocation Failure) 2023-10-20T01:17:50.274+0800: 113212.555: [ParNew: 8871812K->1040756K(9175040K), 0.2361680 secs] 20428869K->12632022K(65798144K), 0.2366300 secs] [Times: user=2.89 sys=1.01, real=0.24 secs] 
2023-10-20T01:18:07.173+0800: 113229.454: [GC (Allocation Failure) 2023-10-20T01:18:07.173+0800: 113229.454: [ParNew: 8905076K->947021K(9175040K), 0.1841970 secs] 20496342K->12583945K(65798144K), 0.1846805 secs] [Times: user=2.41 sys=0.56, real=0.19 secs] 
2023-10-20T01:18:26.836+0800: 113249.117: [GC (Allocation Failure) 2023-10-20T01:18:26.836+0800: 113249.117: [ParNew: 8811341K->985065K(9175040K), 0.1943592 secs] 20448265K->12670032K(65798144K), 0.1947636 secs] [Times: user=2.28 sys=0.86, real=0.19 secs] 
2023-10-20T01:18:54.089+0800: 113276.370: [GC (Allocation Failure) 2023-10-20T01:18:54.089+0800: 113276.370: [ParNew: 8849385K->1018897K(9175040K), 0.2059410 secs] 20534352K->12751826K(65798144K), 0.2062698 secs] [Times: user=2.10 sys=1.25, real=0.20 secs] 
2023-10-20T01:19:40.082+0800: 113322.364: [GC (Allocation Failure) 2023-10-20T01:19:40.083+0800: 113322.364: [ParNew: 8883217K->935976K(9175040K), 0.2698932 secs] 20616146K->12709194K(65798144K), 0.2702406 secs] [Times: user=2.16 sys=2.36, real=0.27 secs] 
2023-10-20T01:20:09.532+0800: 113351.813: [GC (Allocation Failure) 2023-10-20T01:20:09.532+0800: 113351.814: [ParNew: 8800296K->1039258K(9175040K), 0.2182304 secs] 20573514K->12861337K(65798144K), 0.2186351 secs] [Times: user=2.21 sys=1.34, real=0.22 secs] 
2023-10-20T01:20:25.108+0800: 113367.389: [GC (Allocation Failure) 2023-10-20T01:20:25.108+0800: 113367.389: [ParNew: 8903578K->946374K(9175040K), 0.2160882 secs] 20725657K->12816381K(65798144K), 0.2165145 secs] [Times: user=2.60 sys=0.93, real=0.21 secs] 
2023-10-20T01:20:38.494+0800: 113380.776: [GC (Allocation Failure) 2023-10-20T01:20:38.495+0800: 113380.776: [ParNew: 8810694K->1062499K(9175040K), 0.1693949 secs] 20680701K->12981114K(65798144K), 0.1697528 secs] [Times: user=2.13 sys=0.56, real=0.17 secs] 
2023-10-20T01:20:52.414+0800: 113394.695: [GC (Allocation Failure) 2023-10-20T01:20:52.414+0800: 113394.695: [ParNew: 8926819K->1099841K(9175040K), 0.1871395 secs] 20845434K->13066837K(65798144K), 0.1875082 secs] [Times: user=2.08 sys=0.92, real=0.19 secs] 
2023-10-20T01:21:06.609+0800: 113408.891: [GC (Allocation Failure) 2023-10-20T01:21:06.610+0800: 113408.891: [ParNew: 8964161K->945679K(9175040K), 0.1633538 secs] 20931157K->12960620K(65798144K), 0.1637814 secs] [Times: user=2.18 sys=0.39, real=0.16 secs] 
2023-10-20T01:21:20.845+0800: 113423.126: [GC (Allocation Failure) 2023-10-20T01:21:20.845+0800: 113423.127: [ParNew: 8809999K->1051563K(9175040K), 0.1659249 secs] 20824940K->13114601K(65798144K), 0.1662677 secs] [Times: user=2.11 sys=0.50, real=0.17 secs] 
2023-10-20T01:21:35.185+0800: 113437.466: [GC (Allocation Failure) 2023-10-20T01:21:35.185+0800: 113437.466: [ParNew: 8915883K->1009665K(9175040K), 0.2141199 secs] 20978921K->13120519K(65798144K), 0.2145511 secs] [Times: user=2.37 sys=1.12, real=0.22 secs] 
2023-10-20T01:21:50.452+0800: 113452.733: [GC (Allocation Failure) 2023-10-20T01:21:50.452+0800: 113452.733: [ParNew: 8873985K->931843K(9175040K), 0.1816263 secs] 20984839K->13091420K(65798144K), 0.1821148 secs] [Times: user=2.25 sys=0.66, real=0.18 secs] 
2023-10-20T01:22:08.329+0800: 113470.611: [GC (Allocation Failure) 2023-10-20T01:22:08.330+0800: 113470.611: [ParNew: 8796163K->1062985K(9175040K), 0.1795386 secs] 20955740K->13271494K(65798144K), 0.1799038 secs] [Times: user=2.31 sys=0.55, real=0.18 secs] 
2023-10-20T01:22:23.995+0800: 113486.277: [GC (Allocation Failure) 2023-10-20T01:22:23.995+0800: 113486.277: [ParNew: 8927305K->910446K(9175040K), 0.2054649 secs] 21135814K->13167468K(65798144K), 0.2058308 secs] [Times: user=2.40 sys=0.94, real=0.21 secs] 
2023-10-20T01:22:36.011+0800: 113498.292: [GC (Allocation Failure) 2023-10-20T01:22:36.011+0800: 113498.293: [ParNew: 8774766K->946726K(9175040K), 0.1697940 secs] 21031788K->13251556K(65798144K), 0.1701395 secs] [Times: user=2.24 sys=0.46, real=0.17 secs] 
2023-10-20T01:22:50.202+0800: 113512.484: [GC (Allocation Failure) 2023-10-20T01:22:50.203+0800: 113512.484: [ParNew: 8811046K->1056587K(9175040K), 0.1757153 secs] 21115876K->13409340K(65798144K), 0.1760603 secs] [Times: user=2.26 sys=0.54, real=0.18 secs] 
2023-10-20T01:23:03.659+0800: 113525.940: [GC (Allocation Failure) 2023-10-20T01:23:03.659+0800: 113525.941: [ParNew: 8920907K->939975K(9175040K), 0.2117603 secs] 21273660K->13340751K(65798144K), 0.2121412 secs] [Times: user=2.59 sys=1.07, real=0.21 secs] 
2023-10-20T01:23:18.157+0800: 113540.438: [GC (Allocation Failure) 2023-10-20T01:23:18.157+0800: 113540.439: [ParNew: 8804295K->1084521K(9175040K), 0.1849326 secs] 21205071K->13534284K(65798144K), 0.1853592 secs] [Times: user=2.21 sys=0.71, real=0.18 secs] 
2023-10-20T01:23:38.218+0800: 113560.499: [GC (Allocation Failure) 2023-10-20T01:23:38.218+0800: 113560.499: [ParNew: 8948841K->1027332K(9175040K), 0.2217677 secs] 21398604K->13525859K(65798144K), 0.2221922 secs] [Times: user=2.48 sys=1.14, real=0.22 secs] 
2023-10-20T01:24:03.068+0800: 113585.349: [GC (Allocation Failure) 2023-10-20T01:24:03.068+0800: 113585.350: [ParNew: 8891651K->1026581K(9175040K), 0.2286860 secs] 21390177K->13573739K(65798144K), 0.2291321 secs] [Times: user=2.37 sys=1.39, real=0.23 secs] 
2023-10-20T01:24:39.113+0800: 113621.395: [GC (Allocation Failure) 2023-10-20T01:24:39.114+0800: 113621.395: [ParNew: 8890901K->907727K(9175040K), 0.2320379 secs] 21438059K->13503965K(65798144K), 0.2323839 secs] [Times: user=2.34 sys=1.48, real=0.24 secs] 
2023-10-20T01:25:12.010+0800: 113654.291: [GC (Allocation Failure) 2023-10-20T01:25:12.010+0800: 113654.291: [ParNew: 8772047K->900241K(9175040K), 0.2050415 secs] 21368285K->13544770K(65798144K), 0.2053950 secs] [Times: user=2.28 sys=1.06, real=0.20 secs] 
2023-10-20T01:25:32.402+0800: 113674.683: [GC (Allocation Failure) 2023-10-20T01:25:32.402+0800: 113674.683: [ParNew: 8764561K->1006574K(9175040K), 0.1926294 secs] 21409090K->13699633K(65798144K), 0.1929953 secs] [Times: user=2.29 sys=0.82, real=0.19 secs] 
2023-10-20T01:25:45.871+0800: 113688.153: [GC (Allocation Failure) 2023-10-20T01:25:45.872+0800: 113688.153: [ParNew: 8870894K->1063628K(9175040K), 0.2098329 secs] 21563953K->13805420K(65798144K), 0.2102296 secs] [Times: user=2.37 sys=1.05, real=0.21 secs] 
2023-10-20T01:26:01.798+0800: 113704.080: [GC (Allocation Failure) 2023-10-20T01:26:01.799+0800: 113704.080: [ParNew: 8927948K->951353K(9175040K), 0.1798393 secs] 21669740K->13741698K(65798144K), 0.1803373 secs] [Times: user=2.21 sys=0.67, real=0.18 secs] 
2023-10-20T01:26:19.921+0800: 113722.202: [GC (Allocation Failure) 2023-10-20T01:26:19.921+0800: 113722.202: [ParNew: 8815673K->986762K(9175040K), 0.1840545 secs] 21606018K->13825795K(65798144K), 0.1844214 secs] [Times: user=2.37 sys=0.58, real=0.18 secs] 
2023-10-20T01:26:36.185+0800: 113738.466: [GC (Allocation Failure) 2023-10-20T01:26:36.185+0800: 113738.466: [ParNew: 8851082K->940235K(9175040K), 0.1900765 secs] 21690115K->13827273K(65798144K), 0.1904400 secs] [Times: user=2.30 sys=0.77, real=0.19 secs] 
2023-10-20T01:26:55.336+0800: 113757.618: [GC (Allocation Failure) 2023-10-20T01:26:55.336+0800: 113757.618: [ParNew: 8804555K->1047902K(9175040K), 0.2119375 secs] 21691593K->13983000K(65798144K), 0.2122969 secs] [Times: user=2.31 sys=1.15, real=0.21 secs] 
2023-10-20T01:27:11.962+0800: 113774.243: [GC (Allocation Failure) 2023-10-20T01:27:11.962+0800: 113774.243: [ParNew: 8912222K->1079997K(9175040K), 0.1879891 secs] 21847320K->14063456K(65798144K), 0.1884650 secs] [Times: user=2.12 sys=0.88, real=0.19 secs] 
2023-10-20T01:27:26.045+0800: 113788.326: [GC (Allocation Failure) 2023-10-20T01:27:26.045+0800: 113788.326: [ParNew: 8944317K->1099299K(9175040K), 0.1785542 secs] 21927776K->14131015K(65798144K), 0.1788932 secs] [Times: user=2.37 sys=0.48, real=0.18 secs] 
2023-10-20T01:27:42.472+0800: 113804.754: [GC (Allocation Failure) 2023-10-20T01:27:42.473+0800: 113804.754: [ParNew: 8963619K->911598K(9175040K), 0.2154751 secs] 21995335K->13991697K(65798144K), 0.2158742 secs] [Times: user=2.43 sys=1.10, real=0.22 secs] 
2023-10-20T01:27:58.837+0800: 113821.118: [GC (Allocation Failure) 2023-10-20T01:27:58.837+0800: 113821.119: [ParNew: 8775918K->946113K(9175040K), 0.1730444 secs] 21856017K->14074170K(65798144K), 0.1734419 secs] [Times: user=2.14 sys=0.62, real=0.17 secs] 
2023-10-20T01:28:15.728+0800: 113838.009: [GC (Allocation Failure) 2023-10-20T01:28:15.728+0800: 113838.009: [ParNew: 8810433K->1055176K(9175040K), 0.1842960 secs] 21938490K->14230974K(65798144K), 0.1846197 secs] [Times: user=2.46 sys=0.50, real=0.18 secs] 
2023-10-20T01:28:37.639+0800: 113859.920: [GC (Allocation Failure) 2023-10-20T01:28:37.639+0800: 113859.920: [ParNew: 8919496K->938529K(9175040K), 0.2017564 secs] 22095294K->14161963K(65798144K), 0.2021375 secs] [Times: user=2.14 sys=1.14, real=0.20 secs] 
2023-10-20T01:29:00.505+0800: 113882.786: [GC (Allocation Failure) 2023-10-20T01:29:00.505+0800: 113882.786: [ParNew: 8802849K->1084498K(9175040K), 0.1868898 secs] 22026283K->14355507K(65798144K), 0.1872057 secs] [Times: user=2.10 sys=0.91, real=0.19 secs] 
2023-10-20T01:29:44.839+0800: 113927.121: [GC (Allocation Failure) 2023-10-20T01:29:44.840+0800: 113927.121: [ParNew: 8948818K->1007097K(9175040K), 0.2227782 secs] 22219827K->14326414K(65798144K), 0.2230871 secs] [Times: user=2.08 sys=1.57, real=0.22 secs] 
2023-10-20T01:30:14.019+0800: 113956.301: [GC (Allocation Failure) 2023-10-20T01:30:14.020+0800: 113956.301: [ParNew: 8871417K->1061362K(9175040K), 0.2041343 secs] 22190734K->14428952K(65798144K), 0.2044424 secs] [Times: user=2.33 sys=1.01, real=0.20 secs] 
2023-10-20T01:30:38.347+0800: 113980.628: [GC (Allocation Failure) 2023-10-20T01:30:38.347+0800: 113980.628: [ParNew: 8925682K->948835K(9175040K), 0.1926514 secs] 22293272K->14364991K(65798144K), 0.1929551 secs] [Times: user=2.12 sys=1.00, real=0.19 secs] 
2023-10-20T01:30:57.752+0800: 114000.033: [GC (Allocation Failure) 2023-10-20T01:30:57.752+0800: 114000.033: [ParNew: 8813155K->1059518K(9175040K), 0.2065959 secs] 22229311K->14523200K(65798144K), 0.2069028 secs] [Times: user=2.44 sys=0.93, real=0.21 secs] 
2023-10-20T01:31:15.773+0800: 114018.054: [GC (Allocation Failure) 2023-10-20T01:31:15.773+0800: 114018.054: [ParNew: 8923838K->1019069K(9175040K), 0.1737083 secs] 22387520K->14531109K(65798144K), 0.1741269 secs] [Times: user=2.17 sys=0.59, real=0.18 secs] 
2023-10-20T01:31:33.359+0800: 114035.640: [GC (Allocation Failure) 2023-10-20T01:31:33.359+0800: 114035.640: [ParNew: 8883389K->1010837K(9175040K), 0.1687684 secs] 22395429K->14571071K(65798144K), 0.1691659 secs] [Times: user=2.17 sys=0.53, real=0.17 secs] 
2023-10-20T01:31:51.127+0800: 114053.409: [GC (Allocation Failure) 2023-10-20T01:31:51.128+0800: 114053.409: [ParNew: 8875157K->1042347K(9175040K), 0.1825312 secs] 22435391K->14650588K(65798144K), 0.1828886 secs] [Times: user=1.99 sys=0.96, real=0.18 secs] 
2023-10-20T01:32:08.191+0800: 114070.472: [GC (Allocation Failure) 2023-10-20T01:32:08.191+0800: 114070.472: [ParNew: 8906667K->948218K(9175040K), 0.2070393 secs] 22514908K->14604814K(65798144K), 0.2074364 secs] [Times: user=2.29 sys=1.08, real=0.21 secs] 
2023-10-20T01:32:26.934+0800: 114089.215: [GC (Allocation Failure) 2023-10-20T01:32:26.934+0800: 114089.216: [ParNew: 8812538K->910086K(9175040K), 0.1946438 secs] 22469134K->14612572K(65798144K), 0.1950666 secs] [Times: user=2.38 sys=0.75, real=0.20 secs] 
2023-10-20T01:32:41.040+0800: 114103.321: [GC (Allocation Failure) 2023-10-20T01:32:41.040+0800: 114103.321: [ParNew: 8774406K->907147K(9175040K), 0.1922989 secs] 22476892K->14657624K(65798144K), 0.1926333 secs] [Times: user=2.53 sys=0.58, real=0.19 secs] 
2023-10-20T01:32:55.071+0800: 114117.352: [GC (Allocation Failure) 2023-10-20T01:32:55.071+0800: 114117.352: [ParNew: 8771467K->1055157K(9175040K), 0.2053025 secs] 22521944K->14854132K(65798144K), 0.2056403 secs] [Times: user=2.45 sys=0.90, real=0.21 secs] 
2023-10-20T01:33:12.308+0800: 114134.589: [GC (Allocation Failure) 2023-10-20T01:33:12.308+0800: 114134.590: [ParNew: 8919477K->1011776K(9175040K), 0.1783904 secs] 22718452K->14859410K(65798144K), 0.1787606 secs] [Times: user=2.33 sys=0.54, real=0.18 secs] 
2023-10-20T01:33:32.732+0800: 114155.013: [GC (Allocation Failure) 2023-10-20T01:33:32.732+0800: 114155.013: [ParNew: 8876096K->1080116K(9175040K), 0.1762140 secs] 22723730K->14976626K(65798144K), 0.1765561 secs] [Times: user=2.38 sys=0.46, real=0.18 secs] 
2023-10-20T01:33:53.699+0800: 114175.980: [GC (Allocation Failure) 2023-10-20T01:33:53.699+0800: 114175.980: [ParNew: 8944436K->945196K(9175040K), 0.1964340 secs] 22840946K->14890093K(65798144K), 0.1967618 secs] [Times: user=2.30 sys=0.89, real=0.20 secs] 
2023-10-20T01:34:14.125+0800: 114196.406: [GC (Allocation Failure) 2023-10-20T01:34:14.125+0800: 114196.406: [ParNew: 8809516K->1022970K(9175040K), 0.2011606 secs] 22754413K->15016194K(65798144K), 0.2014778 secs] [Times: user=2.13 sys=1.14, real=0.21 secs] 
2023-10-20T01:34:44.433+0800: 114226.714: [GC (Allocation Failure) 2023-10-20T01:34:44.433+0800: 114226.715: [ParNew: 8887290K->943168K(9175040K), 0.2095030 secs] 22880514K->14984593K(65798144K), 0.2098332 secs] [Times: user=2.36 sys=1.06, real=0.21 secs] 
2023-10-20T01:35:14.753+0800: 114257.035: [GC (Allocation Failure) 2023-10-20T01:35:14.754+0800: 114257.035: [ParNew: 8807488K->1013536K(9175040K), 0.2078451 secs] 22848913K->15103520K(65798144K), 0.2082769 secs] [Times: user=2.29 sys=1.08, real=0.21 secs] 
2023-10-20T01:35:33.278+0800: 114275.559: [GC (Allocation Failure) 2023-10-20T01:35:33.278+0800: 114275.559: [ParNew: 8877856K->1009881K(9175040K), 0.1805020 secs] 22967840K->15148078K(65798144K), 0.1808259 secs] [Times: user=2.28 sys=0.61, real=0.18 secs] 
2023-10-20T01:35:47.854+0800: 114290.135: [GC (Allocation Failure) 2023-10-20T01:35:47.854+0800: 114290.136: [ParNew: 8874201K->1081119K(9175040K), 0.1991215 secs] 23012398K->15267778K(65798144K), 0.1995721 secs] [Times: user=2.19 sys=1.04, real=0.20 secs] 
2023-10-20T01:36:04.727+0800: 114307.008: [GC (Allocation Failure) 2023-10-20T01:36:04.727+0800: 114307.009: [ParNew: 8945439K->1102270K(9175040K), 0.1700495 secs] 23132098K->15337308K(65798144K), 0.1704868 secs] [Times: user=2.13 sys=0.56, real=0.17 secs] 
2023-10-20T01:36:19.637+0800: 114321.918: [GC (Allocation Failure) 2023-10-20T01:36:19.637+0800: 114321.919: [ParNew: 8966590K->1101042K(9175040K), 0.1667814 secs] 23201628K->15384104K(65798144K), 0.1671790 secs] [Times: user=2.10 sys=0.54, real=0.16 secs] 
2023-10-20T01:36:35.515+0800: 114337.796: [GC (Allocation Failure) 2023-10-20T01:36:35.515+0800: 114337.796: [ParNew: 8965362K->986187K(9175040K), 0.1931612 secs] 23248424K->15317504K(65798144K), 0.1935486 secs] [Times: user=2.13 sys=0.91, real=0.20 secs] 
2023-10-20T01:36:52.611+0800: 114354.892: [GC (Allocation Failure) 2023-10-20T01:36:52.611+0800: 114354.892: [ParNew: 8850507K->944448K(9175040K), 0.1679099 secs] 23181824K->15324233K(65798144K), 0.1683084 secs] [Times: user=2.08 sys=0.57, real=0.17 secs] 
2023-10-20T01:37:12.889+0800: 114375.170: [GC (Allocation Failure) 2023-10-20T01:37:12.889+0800: 114375.170: [ParNew: 8808768K->1055140K(9175040K), 0.1895489 secs] 23188553K->15482897K(65798144K), 0.1899522 secs] [Times: user=2.09 sys=0.95, real=0.19 secs] 
2023-10-20T01:37:31.417+0800: 114393.699: [GC (Allocation Failure) 2023-10-20T01:37:31.418+0800: 114393.699: [ParNew: 8919460K->975323K(9175040K), 0.1658187 secs] 23347217K->15451277K(65798144K), 0.1661626 secs] [Times: user=2.11 sys=0.52, real=0.16 secs] 
2023-10-20T01:37:46.801+0800: 114409.083: [GC (Allocation Failure) 2023-10-20T01:37:46.802+0800: 114409.083: [ParNew: 8839643K->1048254K(9175040K), 0.2039890 secs] 23315597K->15572517K(65798144K), 0.2044129 secs] [Times: user=2.17 sys=1.13, real=0.21 secs] 
2023-10-20T01:38:00.004+0800: 114422.286: [GC (Allocation Failure) 2023-10-20T01:38:00.005+0800: 114422.286: [ParNew: 8912574K->1106549K(9175040K), 0.1826208 secs] 23436837K->15679534K(65798144K), 0.1830576 secs] [Times: user=2.54 sys=0.35, real=0.19 secs] 
2023-10-20T01:38:15.952+0800: 114438.233: [GC (Allocation Failure) 2023-10-20T01:38:15.952+0800: 114438.233: [ParNew: 8970869K->995044K(9175040K), 0.1926179 secs] 23543854K->15616372K(65798144K), 0.1929655 secs] [Times: user=2.65 sys=0.45, real=0.19 secs] 
2023-10-20T01:38:29.209+0800: 114451.491: [GC (Allocation Failure) 2023-10-20T01:38:29.210+0800: 114451.491: [ParNew: 8859364K->954710K(9175040K), 0.2200160 secs] 23480692K->15624253K(65798144K), 0.2204480 secs] [Times: user=2.50 sys=1.09, real=0.22 secs] 
2023-10-20T01:38:43.827+0800: 114466.109: [GC (Allocation Failure) 2023-10-20T01:38:43.828+0800: 114466.109: [ParNew: 8819030K->953381K(9175040K), 0.1910850 secs] 23488573K->15671804K(65798144K), 0.1916794 secs] [Times: user=2.44 sys=0.63, real=0.19 secs] 
2023-10-20T01:39:08.265+0800: 114490.546: [GC (Allocation Failure) 2023-10-20T01:39:08.265+0800: 114490.546: [ParNew: 8817701K->987042K(9175040K), 0.2364452 secs] 23536124K->15754018K(65798144K), 0.2368531 secs] [Times: user=2.28 sys=1.60, real=0.24 secs] 
2023-10-20T01:39:39.663+0800: 114521.944: [GC (Allocation Failure) 2023-10-20T01:39:39.663+0800: 114521.944: [ParNew: 8851362K->943629K(9175040K), 0.2384025 secs] 23618338K->15759479K(65798144K), 0.2387775 secs] [Times: user=2.39 sys=1.46, real=0.24 secs] 
2023-10-20T01:40:08.393+0800: 114550.674: [GC (Allocation Failure) 2023-10-20T01:40:08.393+0800: 114550.674: [ParNew: 8807949K->937812K(9175040K), 0.2434836 secs] 23623799K->15802219K(65798144K), 0.2438727 secs] [Times: user=2.65 sys=1.37, real=0.25 secs] 
2023-10-20T01:40:27.584+0800: 114569.865: [GC (Allocation Failure) 2023-10-20T01:40:27.584+0800: 114569.865: [ParNew: 8802132K->1069746K(9175040K), 0.2223418 secs] 23666539K->15983007K(65798144K), 0.2227242 secs] [Times: user=2.29 sys=1.34, real=0.23 secs] 
2023-10-20T01:40:41.895+0800: 114584.176: [GC (Allocation Failure) 2023-10-20T01:40:41.895+0800: 114584.176: [ParNew: 8934066K->995003K(9175040K), 0.1713573 secs] 23847327K->15956844K(65798144K), 0.1718414 secs] [Times: user=2.20 sys=0.51, real=0.18 secs] 
2023-10-20T01:40:57.411+0800: 114599.692: [GC (Allocation Failure) 2023-10-20T01:40:57.411+0800: 114599.692: [ParNew: 8859323K->1071073K(9175040K), 0.1830417 secs] 23821164K->16082016K(65798144K), 0.1834064 secs] [Times: user=2.40 sys=0.54, real=0.18 secs] 
2023-10-20T01:41:10.569+0800: 114612.850: [GC (Allocation Failure) 2023-10-20T01:41:10.569+0800: 114612.851: [ParNew: 8935393K->990706K(9175040K), 0.1996524 secs] 23946336K->16050786K(65798144K), 0.2000323 secs] [Times: user=2.34 sys=0.89, real=0.20 secs] 
2023-10-20T01:41:24.741+0800: 114627.022: [GC (Allocation Failure) 2023-10-20T01:41:24.741+0800: 114627.022: [ParNew: 8855026K->1022998K(9175040K), 0.1665623 secs] 23915106K->16132094K(65798144K), 0.1669769 secs] [Times: user=2.26 sys=0.39, real=0.17 secs] 
2023-10-20T01:41:39.835+0800: 114642.116: [GC (Allocation Failure) 2023-10-20T01:41:39.835+0800: 114642.116: [ParNew: 8887318K->1017716K(9175040K), 0.2070611 secs] 23996414K->16175556K(65798144K), 0.2074479 secs] [Times: user=2.83 sys=0.75, real=0.21 secs] 
2023-10-20T01:41:56.955+0800: 114659.236: [GC (Allocation Failure) 2023-10-20T01:41:56.955+0800: 114659.236: [ParNew: 8882036K->1090216K(9175040K), 0.1923347 secs] 24039876K->16297215K(65798144K), 0.1928893 secs] [Times: user=2.53 sys=0.56, real=0.20 secs] 
2023-10-20T01:42:12.517+0800: 114674.798: [GC (Allocation Failure) 2023-10-20T01:42:12.517+0800: 114674.798: [ParNew: 8954536K->1032784K(9175040K), 0.1852368 secs] 24161535K->16288284K(65798144K), 0.1855958 secs] [Times: user=2.36 sys=0.62, real=0.18 secs] 
2023-10-20T01:42:26.863+0800: 114689.144: [GC (Allocation Failure) 2023-10-20T01:42:26.863+0800: 114689.145: [ParNew: 8897104K->1034378K(9175040K), 0.2050801 secs] 24152604K->16338828K(65798144K), 0.2054589 secs] [Times: user=2.22 sys=1.12, real=0.21 secs] 
2023-10-20T01:42:39.861+0800: 114702.142: [GC (Allocation Failure) 2023-10-20T01:42:39.861+0800: 114702.142: [ParNew: 8898698K->995206K(9175040K), 0.1498902 secs] 24203148K->16348472K(65798144K), 0.1502333 secs] [Times: user=2.23 sys=0.12, real=0.15 secs] 
2023-10-20T01:42:52.214+0800: 114714.495: [GC (Allocation Failure) 2023-10-20T01:42:52.214+0800: 114714.496: [ParNew: 8859526K->955204K(9175040K), 0.2103674 secs] 24212792K->16357335K(65798144K), 0.2107457 secs] [Times: user=2.44 sys=0.99, real=0.21 secs] 
2023-10-20T01:43:06.927+0800: 114729.209: [GC (Allocation Failure) 2023-10-20T01:43:06.928+0800: 114729.209: [ParNew: 8819524K->990185K(9175040K), 0.1735166 secs] 24221655K->16441046K(65798144K), 0.1739512 secs] [Times: user=2.17 sys=0.59, real=0.17 secs] 
2023-10-20T01:43:20.407+0800: 114742.688: [GC (Allocation Failure) 2023-10-20T01:43:20.407+0800: 114742.688: [ParNew: 8854505K->1061719K(9175040K), 0.1821283 secs] 24305366K->16561374K(65798144K), 0.1824702 secs] [Times: user=2.39 sys=0.54, real=0.18 secs] 
2023-10-20T01:43:32.627+0800: 114754.908: [GC (Allocation Failure) 2023-10-20T01:43:32.627+0800: 114754.908: [ParNew: 8926039K->997008K(9175040K), 0.1789662 secs] 24425694K->16545531K(65798144K), 0.1793505 secs] [Times: user=2.36 sys=0.50, real=0.18 secs] 
2023-10-20T01:43:49.293+0800: 114771.574: [GC (Allocation Failure) 2023-10-20T01:43:49.293+0800: 114771.574: [ParNew: 8861328K->1075576K(9175040K), 0.2037853 secs] 24409851K->16673713K(65798144K), 0.2041565 secs] [Times: user=2.71 sys=0.59, real=0.21 secs] 
2023-10-20T01:44:14.224+0800: 114796.505: [GC (Allocation Failure) 2023-10-20T01:44:14.224+0800: 114796.505: [ParNew: 8939896K->899303K(9175040K), 0.2317012 secs] 24538033K->16596234K(65798144K), 0.2320704 secs] [Times: user=2.36 sys=1.35, real=0.24 secs] 
2023-10-20T01:44:49.080+0800: 114831.361: [GC (Allocation Failure) 2023-10-20T01:44:49.080+0800: 114831.361: [ParNew: 8763623K->1036520K(9175040K), 0.2453040 secs] 24460554K->16733452K(65798144K), 0.2456178 secs] [Times: user=2.47 sys=1.72, real=0.24 secs] 
2023-10-20T01:45:08.584+0800: 114850.865: [GC (Allocation Failure) 2023-10-20T01:45:08.584+0800: 114850.865: [ParNew: 8900840K->959871K(9175040K), 0.2081454 secs] 24597772K->16706267K(65798144K), 0.2084500 secs] [Times: user=2.36 sys=1.04, real=0.21 secs] 
2023-10-20T01:45:21.892+0800: 114864.174: [GC (Allocation Failure) 2023-10-20T01:45:21.892+0800: 114864.174: [ParNew: 8824191K->1006994K(9175040K), 0.1545757 secs] 24570587K->16803078K(65798144K), 0.1549144 secs] [Times: user=2.33 sys=0.12, real=0.16 secs] 
2023-10-20T01:45:33.762+0800: 114876.043: [GC (Allocation Failure) 2023-10-20T01:45:33.762+0800: 114876.043: [ParNew: 8871314K->967212K(9175040K), 0.1981731 secs] 24667398K->16812900K(65798144K), 0.1985478 secs] [Times: user=2.28 sys=0.93, real=0.20 secs] 
2023-10-20T01:45:48.596+0800: 114890.877: [GC (Allocation Failure) 2023-10-20T01:45:48.596+0800: 114890.877: [ParNew: 8831532K->1117666K(9175040K), 0.1692305 secs] 24677220K->17013237K(65798144K), 0.1697113 secs] [Times: user=2.24 sys=0.46, real=0.16 secs] 
2023-10-20T01:46:03.631+0800: 114905.912: [GC (Allocation Failure) 2023-10-20T01:46:03.632+0800: 114905.913: [ParNew: 8981986K->1018492K(9175040K), 0.1864792 secs] 24877557K->17013351K(65798144K), 0.1869457 secs] [Times: user=2.40 sys=0.50, real=0.19 secs] 
2023-10-20T01:46:19.198+0800: 114921.479: [GC (Allocation Failure) 2023-10-20T01:46:19.198+0800: 114921.480: [ParNew: 8882812K->1073121K(9175040K), 0.1682518 secs] 24877671K->17067980K(65798144K), 0.1686633 secs] [Times: user=1.85 sys=0.94, real=0.17 secs] 
2023-10-20T01:46:35.345+0800: 114937.626: [GC (Allocation Failure) 2023-10-20T01:46:35.345+0800: 114937.626: [ParNew: 8937441K->1073408K(9175040K), 0.1533211 secs] 24932300K->17118141K(65798144K), 0.1536768 secs] [Times: user=2.07 sys=0.33, real=0.16 secs] 
2023-10-20T01:46:50.611+0800: 114952.892: [GC (Allocation Failure) 2023-10-20T01:46:50.611+0800: 114952.892: [ParNew: 8937728K->1039497K(9175040K), 0.1856173 secs] 24982461K->17134543K(65798144K), 0.1859916 secs] [Times: user=2.10 sys=0.90, real=0.19 secs] 
2023-10-20T01:47:08.557+0800: 114970.838: [GC (Allocation Failure) 2023-10-20T01:47:08.557+0800: 114970.839: [ParNew: 8903817K->1036071K(9175040K), 0.1638665 secs] 24998863K->17190664K(65798144K), 0.1643268 secs] [Times: user=2.09 sys=0.54, real=0.16 secs] 
2023-10-20T01:47:25.335+0800: 114987.616: [GC (Allocation Failure) 2023-10-20T01:47:25.335+0800: 114987.616: [ParNew: 8900391K->903847K(9175040K), 0.1830201 secs] 25054984K->17107896K(65798144K), 0.1833697 secs] [Times: user=2.20 sys=0.75, real=0.19 secs] 
2023-10-20T01:47:38.896+0800: 115001.178: [GC (Allocation Failure) 2023-10-20T01:47:38.897+0800: 115001.178: [ParNew: 8768167K->1084656K(9175040K), 0.2161242 secs] 24972216K->17337797K(65798144K), 0.2165458 secs] [Times: user=2.29 sys=1.25, real=0.21 secs] 
2023-10-20T01:47:49.035+0800: 115011.316: [GC (Allocation Failure) 2023-10-20T01:47:49.035+0800: 115011.316: [ParNew: 8948976K->991510K(9175040K), 0.1481168 secs] 25202117K->17293473K(65798144K), 0.1484755 secs] [Times: user=2.12 sys=0.20, real=0.15 secs] 
2023-10-20T01:47:59.832+0800: 115022.113: [GC (Allocation Failure) 2023-10-20T01:47:59.832+0800: 115022.113: [ParNew: 8855830K->1032723K(9175040K), 0.1729280 secs] 25157793K->17382780K(65798144K), 0.1733325 secs] [Times: user=1.96 sys=0.80, real=0.17 secs] 
2023-10-20T01:48:12.863+0800: 115035.144: [GC (Allocation Failure) 2023-10-20T01:48:12.863+0800: 115035.145: [ParNew: 8897043K->1070046K(9175040K), 0.1713809 secs] 25247100K->17469255K(65798144K), 0.1717457 secs] [Times: user=2.03 sys=0.72, real=0.17 secs] 
2023-10-20T01:48:26.925+0800: 115049.207: [GC (Allocation Failure) 2023-10-20T01:48:26.926+0800: 115049.207: [ParNew: 8934366K->1065252K(9175040K), 0.1892464 secs] 25333575K->17513460K(65798144K), 0.1896264 secs] [Times: user=1.89 sys=1.17, real=0.19 secs] 
2023-10-20T01:48:43.077+0800: 115065.359: [GC (Allocation Failure) 2023-10-20T01:48:43.078+0800: 115065.359: [ParNew: 8929572K->984620K(9175040K), 0.1502595 secs] 25377780K->17481801K(65798144K), 0.1506639 secs] [Times: user=2.06 sys=0.29, real=0.15 secs] 
2023-10-20T01:49:10.990+0800: 115093.271: [GC (Allocation Failure) 2023-10-20T01:49:10.990+0800: 115093.272: [ParNew: 8848940K->978753K(9175040K), 0.1933889 secs] 25346121K->17524748K(65798144K), 0.1937802 secs] [Times: user=1.71 sys=1.43, real=0.19 secs] 
2023-10-20T01:49:51.313+0800: 115133.595: [GC (Allocation Failure) 2023-10-20T01:49:51.314+0800: 115133.595: [ParNew: 8843073K->1042425K(9175040K), 0.2318026 secs] 25389068K->17637305K(65798144K), 0.2321512 secs] [Times: user=1.98 sys=1.86, real=0.23 secs] 
2023-10-20T01:50:14.115+0800: 115156.397: [GC (Allocation Failure) 2023-10-20T01:50:14.116+0800: 115156.397: [ParNew: 8906745K->1133661K(9175040K), 0.2250195 secs] 25501625K->17776648K(65798144K), 0.2253676 secs] [Times: user=2.04 sys=1.63, real=0.23 secs] 
2023-10-20T01:50:30.671+0800: 115172.952: [GC (Allocation Failure) 2023-10-20T01:50:30.671+0800: 115172.952: [ParNew: 8997981K->850107K(9175040K), 0.1677692 secs] 25640968K->17541539K(65798144K), 0.1681226 secs] [Times: user=1.96 sys=0.71, real=0.17 secs] 
2023-10-20T01:50:47.457+0800: 115189.738: [GC (Allocation Failure) 2023-10-20T01:50:47.457+0800: 115189.739: [ParNew: 8714427K->1023615K(9175040K), 0.2064241 secs] 25405859K->17763795K(65798144K), 0.2068020 secs] [Times: user=2.05 sys=1.31, real=0.20 secs] 
2023-10-20T01:51:02.540+0800: 115204.821: [GC (Allocation Failure) 2023-10-20T01:51:02.540+0800: 115204.822: [ParNew: 8887935K->1025378K(9175040K), 0.1801219 secs] 25628115K->17814116K(65798144K), 0.1806203 secs] [Times: user=2.11 sys=0.77, real=0.18 secs] 
2023-10-20T01:51:15.860+0800: 115218.142: [GC (Allocation Failure) 2023-10-20T01:51:15.861+0800: 115218.142: [ParNew: 8889698K->1041448K(9175040K), 0.1666912 secs] 25678436K->17878856K(65798144K), 0.1670447 secs] [Times: user=1.93 sys=0.71, real=0.17 secs] 
2023-10-20T01:51:31.538+0800: 115233.819: [GC (Allocation Failure) 2023-10-20T01:51:31.539+0800: 115233.820: [ParNew: 8905768K->1040433K(9175040K), 0.2177044 secs] 25743176K->17927126K(65798144K), 0.2182236 secs] [Times: user=2.16 sys=1.40, real=0.22 secs] 
2023-10-20T01:51:48.922+0800: 115251.204: [GC (Allocation Failure) 2023-10-20T01:51:48.923+0800: 115251.204: [ParNew: 8904753K->1095640K(9175040K), 0.1495406 secs] 25791446K->18031302K(65798144K), 0.1499033 secs] [Times: user=1.93 sys=0.39, real=0.15 secs] 
2023-10-20T01:52:07.126+0800: 115269.407: [GC (Allocation Failure) 2023-10-20T01:52:07.126+0800: 115269.408: [ParNew: 8959960K->1058359K(9175040K), 0.1990349 secs] 25895622K->18042598K(65798144K), 0.1993769 secs] [Times: user=2.08 sys=1.21, real=0.20 secs] 
2023-10-20T01:52:23.848+0800: 115286.129: [GC (Allocation Failure) 2023-10-20T01:52:23.848+0800: 115286.130: [ParNew: 8922679K->979332K(9175040K), 0.2078730 secs] 25906918K->18012187K(65798144K), 0.2082942 secs] [Times: user=2.02 sys=1.26, real=0.21 secs] 
2023-10-20T01:52:37.521+0800: 115299.802: [GC (Allocation Failure) 2023-10-20T01:52:37.521+0800: 115299.803: [ParNew: 8843652K->1161645K(9175040K), 0.1517504 secs] 25876507K->18243100K(65798144K), 0.1520832 secs] [Times: user=2.00 sys=0.37, real=0.15 secs] 
2023-10-20T01:52:49.840+0800: 115312.121: [GC (Allocation Failure) 2023-10-20T01:52:49.840+0800: 115312.122: [ParNew: 9025965K->840945K(9175040K), 0.1941589 secs] 26107420K->17970565K(65798144K), 0.1945499 secs] [Times: user=2.09 sys=0.99, real=0.19 secs] 
2023-10-20T01:53:03.713+0800: 115325.995: [GC (Allocation Failure) 2023-10-20T01:53:03.714+0800: 115325.995: [ParNew: 8705265K->1114336K(9175040K), 0.1453277 secs] 25834885K->18291547K(65798144K), 0.1456552 secs] [Times: user=1.94 sys=0.31, real=0.15 secs] 
2023-10-20T01:53:18.860+0800: 115341.141: [GC (Allocation Failure) 2023-10-20T01:53:18.860+0800: 115341.141: [ParNew: 8978656K->1112647K(9175040K), 0.1956073 secs] 26155867K->18337443K(65798144K), 0.1960462 secs] [Times: user=2.05 sys=1.09, real=0.20 secs] 
2023-10-20T01:53:32.808+0800: 115355.089: [GC (Allocation Failure) 2023-10-20T01:53:32.808+0800: 115355.089: [ParNew: 8976967K->1097776K(9175040K), 0.1785440 secs] 26201763K->18370655K(65798144K), 0.1790510 secs] [Times: user=2.02 sys=0.82, real=0.18 secs] 
2023-10-20T01:53:49.189+0800: 115371.470: [GC (Allocation Failure) 2023-10-20T01:53:49.189+0800: 115371.470: [ParNew: 8962096K->1139920K(9175040K), 0.1707978 secs] 26234975K->18461267K(65798144K), 0.1711545 secs] [Times: user=1.92 sys=0.77, real=0.17 secs] 
2023-10-20T01:54:12.690+0800: 115394.972: [GC (Allocation Failure) 2023-10-20T01:54:12.691+0800: 115394.972: [ParNew: 9004240K->853517K(9175040K), 0.2173169 secs] 26325587K->18223710K(65798144K), 0.2176814 secs] [Times: user=2.01 sys=1.58, real=0.22 secs] 
2023-10-20T01:54:53.741+0800: 115436.023: [GC (Allocation Failure) 2023-10-20T01:54:53.742+0800: 115436.023: [ParNew: 8717837K->1023491K(9175040K), 0.2234243 secs] 26088030K->18442788K(65798144K), 0.2237872 secs] [Times: user=2.01 sys=1.65, real=0.22 secs] 
2023-10-20T01:55:21.058+0800: 115463.339: [GC (Allocation Failure) 2023-10-20T01:55:21.058+0800: 115463.339: [ParNew: 8887811K->1096147K(9175040K), 0.2211514 secs] 26307108K->18564549K(65798144K), 0.2214781 secs] [Times: user=2.25 sys=1.35, real=0.22 secs] 
2023-10-20T01:55:40.749+0800: 115483.030: [GC (Allocation Failure) 2023-10-20T01:55:40.749+0800: 115483.030: [ParNew: 8960467K->1073505K(9175040K), 0.2014456 secs] 26428869K->18590519K(65798144K), 0.2018958 secs] [Times: user=2.54 sys=0.71, real=0.20 secs] 
2023-10-20T01:55:58.580+0800: 115500.861: [GC (Allocation Failure) 2023-10-20T01:55:58.580+0800: 115500.862: [ParNew: 8937825K->946328K(9175040K), 0.2222812 secs] 26454839K->18512279K(65798144K), 0.2227111 secs] [Times: user=2.31 sys=1.32, real=0.22 secs] 
2023-10-20T01:56:15.288+0800: 115517.569: [GC (Allocation Failure) 2023-10-20T01:56:15.288+0800: 115517.570: [ParNew: 8810648K->1022571K(9175040K), 0.2126657 secs] 26376599K->18636435K(65798144K), 0.2131041 secs] [Times: user=2.30 sys=1.17, real=0.21 secs] 
2023-10-20T01:56:31.341+0800: 115533.622: [GC (Allocation Failure) 2023-10-20T01:56:31.341+0800: 115533.622: [ParNew: 8886891K->1055135K(9175040K), 0.1986004 secs] 26500755K->18717323K(65798144K), 0.1992041 secs] [Times: user=2.41 sys=0.81, real=0.20 secs] 
2023-10-20T01:56:46.935+0800: 115549.216: [GC (Allocation Failure) 2023-10-20T01:56:46.935+0800: 115549.216: [ParNew: 8919455K->1087454K(9175040K), 0.1802077 secs] 26581643K->18798100K(65798144K), 0.1806205 secs] [Times: user=2.14 sys=0.74, real=0.18 secs] 
2023-10-20T01:57:03.004+0800: 115565.285: [GC (Allocation Failure) 2023-10-20T01:57:03.004+0800: 115565.286: [ParNew: 8951774K->1008885K(9175040K), 0.2024481 secs] 26662420K->18768650K(65798144K), 0.2028596 secs] [Times: user=2.00 sys=1.29, real=0.21 secs] 
2023-10-20T01:57:17.020+0800: 115579.302: [GC (Allocation Failure) 2023-10-20T01:57:17.021+0800: 115579.302: [ParNew: 8873205K->1041867K(9175040K), 0.1909291 secs] 26632970K->18850012K(65798144K), 0.1914135 secs] [Times: user=2.32 sys=0.66, real=0.19 secs] 
2023-10-20T01:57:32.473+0800: 115594.755: [GC (Allocation Failure) 2023-10-20T01:57:32.474+0800: 115594.755: [ParNew: 8906187K->1023074K(9175040K), 0.1955896 secs] 26714332K->18879840K(65798144K), 0.1959780 secs] [Times: user=2.54 sys=0.55, real=0.20 secs] 
2023-10-20T01:57:49.169+0800: 115611.450: [GC (Allocation Failure) 2023-10-20T01:57:49.169+0800: 115611.450: [ParNew: 8887394K->1024316K(9175040K), 0.2292532 secs] 26744160K->18929988K(65798144K), 0.2296408 secs] [Times: user=2.49 sys=1.27, real=0.23 secs] 
2023-10-20T01:58:03.091+0800: 115625.372: [GC (Allocation Failure) 2023-10-20T01:58:03.091+0800: 115625.372: [ParNew: 8888636K->1059984K(9175040K), 0.1704715 secs] 26794308K->19014077K(65798144K), 0.1708932 secs] [Times: user=2.44 sys=0.27, real=0.17 secs] 
2023-10-20T01:58:16.591+0800: 115638.873: [GC (Allocation Failure) 2023-10-20T01:58:16.592+0800: 115638.873: [ParNew: 8924304K->981972K(9175040K), 0.2123498 secs] 26878397K->18984409K(65798144K), 0.2127213 secs] [Times: user=2.40 sys=1.06, real=0.21 secs] 
2023-10-20T01:58:31.913+0800: 115654.194: [GC (Allocation Failure) 2023-10-20T01:58:31.913+0800: 115654.194: [ParNew: 8846292K->1017666K(9175040K), 0.1668781 secs] 26848729K->19068978K(65798144K), 0.1673894 secs] [Times: user=2.40 sys=0.24, real=0.17 secs] 
2023-10-20T01:58:49.493+0800: 115671.774: [GC (Allocation Failure) 2023-10-20T01:58:49.493+0800: 115671.774: [ParNew: 8881986K->1014831K(9175040K), 0.1995652 secs] 26933298K->19114225K(65798144K), 0.1999046 secs] [Times: user=2.08 sys=1.16, real=0.20 secs] 
2023-10-20T01:59:11.312+0800: 115693.593: [GC (Allocation Failure) 2023-10-20T01:59:11.312+0800: 115693.593: [ParNew: 8879151K->1010627K(9175040K), 0.2191667 secs] 26978545K->19158332K(65798144K), 0.2195503 secs] [Times: user=2.37 sys=1.23, real=0.22 secs] 
2023-10-20T01:59:38.826+0800: 115721.107: [GC (Allocation Failure) 2023-10-20T01:59:38.826+0800: 115721.108: [ParNew: 8874947K->969231K(9175040K), 0.2154822 secs] 27022652K->19165079K(65798144K), 0.2158127 secs] [Times: user=2.19 sys=1.33, real=0.21 secs] 
2023-10-20T02:00:10.606+0800: 115752.887: [GC (Allocation Failure) 2023-10-20T02:00:10.606+0800: 115752.887: [ParNew: 8833551K->1024694K(9175040K), 0.2741853 secs] 27029399K->19268710K(65798144K), 0.2746321 secs] [Times: user=2.66 sys=1.92, real=0.27 secs] 
2023-10-20T02:00:35.377+0800: 115777.658: [GC (Allocation Failure) 2023-10-20T02:00:35.377+0800: 115777.658: [ParNew: 8889014K->950416K(9175040K), 0.2093129 secs] 27133030K->19242982K(65798144K), 0.2096663 secs] [Times: user=1.95 sys=1.43, real=0.21 secs] 
2023-10-20T02:00:52.343+0800: 115794.624: [GC (Allocation Failure) 2023-10-20T02:00:52.343+0800: 115794.625: [ParNew: 8814736K->1022888K(9175040K), 0.1981950 secs] 27107302K->19364366K(65798144K), 0.1985642 secs] [Times: user=2.59 sys=0.63, real=0.20 secs] 
2023-10-20T02:01:10.292+0800: 115812.573: [GC (Allocation Failure) 2023-10-20T02:01:10.292+0800: 115812.573: [ParNew: 8887208K->1056483K(9175040K), 0.2155338 secs] 27228686K->19446832K(65798144K), 0.2158863 secs] [Times: user=2.11 sys=1.42, real=0.22 secs] 
2023-10-20T02:01:25.657+0800: 115827.938: [GC (Allocation Failure) 2023-10-20T02:01:25.657+0800: 115827.939: [ParNew: 8920803K->1046953K(9175040K), 0.1880344 secs] 27311152K->19485792K(65798144K), 0.1884422 secs] [Times: user=2.17 sys=0.85, real=0.19 secs] 
2023-10-20T02:01:40.933+0800: 115843.214: [GC (Allocation Failure) 2023-10-20T02:01:40.933+0800: 115843.214: [ParNew: 8911273K->1065772K(9175040K), 0.1884575 secs] 27350112K->19553483K(65798144K), 0.1888221 secs] [Times: user=2.45 sys=0.59, real=0.19 secs] 
2023-10-20T02:01:56.893+0800: 115859.174: [GC (Allocation Failure) 2023-10-20T02:01:56.893+0800: 115859.174: [ParNew: 8930092K->1027338K(9175040K), 0.1866833 secs] 27417803K->19563916K(65798144K), 0.1871142 secs] [Times: user=2.28 sys=0.72, real=0.19 secs] 
2023-10-20T02:02:12.709+0800: 115874.990: [GC (Allocation Failure) 2023-10-20T02:02:12.709+0800: 115874.990: [ParNew: 8891658K->1061030K(9175040K), 0.1950938 secs] 27428236K->19646265K(65798144K), 0.1954520 secs] [Times: user=2.49 sys=0.68, real=0.19 secs] 
2023-10-20T02:02:27.120+0800: 115889.401: [GC (Allocation Failure) 2023-10-20T02:02:27.120+0800: 115889.402: [ParNew: 8925350K->1019305K(9175040K), 0.1706282 secs] 27510585K->19653939K(65798144K), 0.1709819 secs] [Times: user=2.06 sys=0.64, real=0.17 secs] 
2023-10-20T02:02:41.126+0800: 115903.407: [GC (Allocation Failure) 2023-10-20T02:02:41.126+0800: 115903.407: [ParNew: 8883625K->864890K(9175040K), 0.1937053 secs] 27518259K->19548700K(65798144K), 0.1940758 secs] [Times: user=2.58 sys=0.62, real=0.20 secs] 
2023-10-20T02:02:54.541+0800: 115916.823: [GC (Allocation Failure) 2023-10-20T02:02:54.542+0800: 115916.823: [ParNew: 8729210K->1011259K(9175040K), 0.1799923 secs] 27413020K->19744045K(65798144K), 0.1804342 secs] [Times: user=2.23 sys=0.66, real=0.18 secs] 
2023-10-20T02:03:07.766+0800: 115930.047: [GC (Allocation Failure) 2023-10-20T02:03:07.766+0800: 115930.047: [ParNew: 8875579K->1230520K(9175040K), 0.1885294 secs] 27608365K->20012199K(65798144K), 0.1889868 secs] [Times: user=2.35 sys=0.69, real=0.18 secs] 
2023-10-20T02:03:20.143+0800: 115942.424: [GC (Allocation Failure) 2023-10-20T02:03:20.143+0800: 115942.424: [ParNew: 9094840K->851923K(9175040K), 0.1869209 secs] 27876519K->19682386K(65798144K), 0.1873768 secs] [Times: user=2.23 sys=0.78, real=0.19 secs] 
2023-10-20T02:03:32.155+0800: 115954.436: [GC (Allocation Failure) 2023-10-20T02:03:32.155+0800: 115954.437: [ParNew: 8716243K->1035791K(9175040K), 0.1823860 secs] 27546706K->19915001K(65798144K), 0.1827644 secs] [Times: user=2.34 sys=0.60, real=0.19 secs] 
2023-10-20T02:03:43.177+0800: 115965.458: [GC (Allocation Failure) 2023-10-20T02:03:43.177+0800: 115965.459: [ParNew: 8900111K->1004186K(9175040K), 0.1810962 secs] 27779321K->19931622K(65798144K), 0.1815934 secs] [Times: user=2.28 sys=0.71, real=0.18 secs] 
2023-10-20T02:03:58.618+0800: 115980.899: [GC (Allocation Failure) 2023-10-20T02:03:58.618+0800: 115980.900: [ParNew: 8868506K->1096000K(9175040K), 0.1789492 secs] 27795942K->20072057K(65798144K), 0.1793142 secs] [Times: user=2.22 sys=0.66, real=0.18 secs] 
2023-10-20T02:04:20.823+0800: 116003.104: [GC (Allocation Failure) 2023-10-20T02:04:20.823+0800: 116003.105: [ParNew: 8960320K->1057307K(9175040K), 0.2188260 secs] 27936377K->20081717K(65798144K), 0.2191830 secs] [Times: user=2.18 sys=1.41, real=0.22 secs] 
2023-10-20T02:04:46.045+0800: 116028.326: [GC (Allocation Failure) 2023-10-20T02:04:46.045+0800: 116028.326: [ParNew: 8921627K->939345K(9175040K), 0.1839322 secs] 27946037K->20012180K(65798144K), 0.1842513 secs] [Times: user=2.13 sys=0.85, real=0.19 secs] 
2023-10-20T02:05:12.455+0800: 116054.736: [GC (Allocation Failure) 2023-10-20T02:05:12.455+0800: 116054.736: [ParNew: 8803665K->1081243K(9175040K), 0.2145844 secs] 27876500K->20202469K(65798144K), 0.2149437 secs] [Times: user=1.90 sys=1.62, real=0.22 secs] 
2023-10-20T02:05:33.134+0800: 116075.415: [GC (Allocation Failure) 2023-10-20T02:05:33.134+0800: 116075.415: [ParNew: 8945563K->1022639K(9175040K), 0.1800784 secs] 28066789K->20191798K(65798144K), 0.1803697 secs] [Times: user=2.20 sys=0.70, real=0.18 secs] 
2023-10-20T02:05:47.461+0800: 116089.742: [GC (Allocation Failure) 2023-10-20T02:05:47.461+0800: 116089.742: [ParNew: 8886959K->1062507K(9175040K), 0.1859637 secs] 28056118K->20280640K(65798144K), 0.1863566 secs] [Times: user=2.12 sys=0.88, real=0.19 secs] 
2023-10-20T02:06:03.534+0800: 116105.815: [GC (Allocation Failure) 2023-10-20T02:06:03.534+0800: 116105.816: [ParNew: 8926827K->1021781K(9175040K), 0.1795600 secs] 28144960K->20288911K(65798144K), 0.1798988 secs] [Times: user=2.19 sys=0.68, real=0.18 secs] 
2023-10-20T02:06:19.375+0800: 116121.657: [GC (Allocation Failure) 2023-10-20T02:06:19.375+0800: 116121.657: [ParNew: 8886101K->938037K(9175040K), 0.2096925 secs] 28153231K->20253978K(65798144K), 0.2100554 secs] [Times: user=2.14 sys=1.29, real=0.21 secs] 
2023-10-20T02:06:34.501+0800: 116136.782: [GC (Allocation Failure) 2023-10-20T02:06:34.501+0800: 116136.782: [ParNew: 8802357K->970878K(9175040K), 0.1572742 secs] 28118298K->20335372K(65798144K), 0.1576307 secs] [Times: user=2.20 sys=0.28, real=0.16 secs] 
2023-10-20T02:06:50.944+0800: 116153.225: [GC (Allocation Failure) 2023-10-20T02:06:50.944+0800: 116153.225: [ParNew: 8835198K->1115221K(9175040K), 0.2097152 secs] 28199692K->20529059K(65798144K), 0.2100758 secs] [Times: user=2.44 sys=1.00, real=0.21 secs] 
2023-10-20T02:07:05.231+0800: 116167.512: [GC (Allocation Failure) 2023-10-20T02:07:05.231+0800: 116167.512: [ParNew: 8979541K->984614K(9175040K), 0.1848139 secs] 28393379K->20447662K(65798144K), 0.1853128 secs] [Times: user=2.14 sys=0.82, real=0.19 secs] 
2023-10-20T02:07:20.985+0800: 116183.266: [GC (Allocation Failure) 2023-10-20T02:07:20.985+0800: 116183.267: [ParNew: 8848934K->987063K(9175040K), 0.1989026 secs] 28311982K->20498974K(65798144K), 0.1993045 secs] [Times: user=2.53 sys=0.71, real=0.20 secs] 
2023-10-20T02:07:35.499+0800: 116197.781: [GC (Allocation Failure) 2023-10-20T02:07:35.500+0800: 116197.781: [ParNew: 8851383K->1060818K(9175040K), 0.1844595 secs] 28363294K->20621205K(65798144K), 0.1848414 secs] [Times: user=1.90 sys=1.06, real=0.18 secs] 
2023-10-20T02:07:49.110+0800: 116211.391: [GC (Allocation Failure) 2023-10-20T02:07:49.110+0800: 116211.391: [ParNew: 8925138K->982296K(9175040K), 0.1754772 secs] 28485525K->20591135K(65798144K), 0.1758949 secs] [Times: user=2.40 sys=0.39, real=0.18 secs] 
2023-10-20T02:08:00.991+0800: 116223.272: [GC (Allocation Failure) 2023-10-20T02:08:00.991+0800: 116223.273: [ParNew: 8846616K->979500K(9175040K), 0.1730519 secs] 28455455K->20636710K(65798144K), 0.1735180 secs] [Times: user=2.06 sys=0.71, real=0.17 secs] 
2023-10-20T02:08:12.791+0800: 116235.072: [GC (Allocation Failure) 2023-10-20T02:08:12.791+0800: 116235.073: [ParNew: 8843820K->1090304K(9175040K), 0.1913546 secs] 28501030K->20794845K(65798144K), 0.1917032 secs] [Times: user=2.48 sys=0.61, real=0.19 secs] 
2023-10-20T02:08:23.928+0800: 116246.209: [GC (Allocation Failure) 2023-10-20T02:08:23.928+0800: 116246.209: [ParNew: 8954624K->1013682K(9175040K), 0.1727779 secs] 28659165K->20766128K(65798144K), 0.1731563 secs] [Times: user=2.04 sys=0.68, real=0.17 secs] 
2023-10-20T02:08:36.484+0800: 116258.765: [GC (Allocation Failure) 2023-10-20T02:08:36.484+0800: 116258.765: [ParNew: 8878002K->1086692K(9175040K), 0.1902688 secs] 28630448K->20887515K(65798144K), 0.1906235 secs] [Times: user=2.38 sys=0.68, real=0.19 secs] 
2023-10-20T02:08:51.416+0800: 116273.697: [GC (Allocation Failure) 2023-10-20T02:08:51.416+0800: 116273.697: [ParNew: 8951012K->1030864K(9175040K), 0.1866737 secs] 28751835K->20879842K(65798144K), 0.1872177 secs] [Times: user=2.20 sys=0.75, real=0.19 secs] 
2023-10-20T02:09:06.061+0800: 116288.342: [GC (Allocation Failure) 2023-10-20T02:09:06.061+0800: 116288.342: [ParNew: 8895184K->1031738K(9175040K), 0.1918983 secs] 28744162K->20929039K(65798144K), 0.1923023 secs] [Times: user=2.45 sys=0.64, real=0.19 secs] 
2023-10-20T02:09:20.125+0800: 116302.406: [GC (Allocation Failure) 2023-10-20T02:09:20.125+0800: 116302.407: [ParNew: 8896058K->1142358K(9175040K), 0.2106600 secs] 28793359K->21088185K(65798144K), 0.2110296 secs] [Times: user=2.12 sys=1.30, real=0.22 secs] 
2023-10-20T02:09:41.475+0800: 116323.756: [GC (Allocation Failure) 2023-10-20T02:09:41.475+0800: 116323.756: [ParNew: 9006678K->877768K(9175040K), 0.1935200 secs] 28952505K->20872578K(65798144K), 0.1939456 secs] [Times: user=2.08 sys=1.04, real=0.20 secs] 
2023-10-20T02:10:08.915+0800: 116351.196: [GC (Allocation Failure) 2023-10-20T02:10:08.915+0800: 116351.197: [ParNew: 8742088K->1124503K(9175040K), 0.2211689 secs] 28736898K->21168684K(65798144K), 0.2215135 secs] [Times: user=2.31 sys=1.50, real=0.23 secs] 
2023-10-20T02:10:35.066+0800: 116377.347: [GC (Allocation Failure) 2023-10-20T02:10:35.066+0800: 116377.348: [ParNew: 8988823K->808532K(9175040K), 0.1977255 secs] 29033004K->20902151K(65798144K), 0.1980968 secs] [Times: user=2.41 sys=0.78, real=0.19 secs] 
2023-10-20T02:10:54.162+0800: 116396.443: [GC (Allocation Failure) 2023-10-20T02:10:54.162+0800: 116396.444: [ParNew: 8672852K->1128397K(9175040K), 0.2206593 secs] 28766471K->21271085K(65798144K), 0.2209807 secs] [Times: user=2.17 sys=1.42, real=0.22 secs] 
2023-10-20T02:11:12.487+0800: 116414.768: [GC (Allocation Failure) 2023-10-20T02:11:12.487+0800: 116414.768: [ParNew: 8992717K->999039K(9175040K), 0.2222205 secs] 29135405K->21190087K(65798144K), 0.2226060 secs] [Times: user=2.39 sys=1.36, real=0.22 secs] 
2023-10-20T02:11:27.721+0800: 116430.002: [GC (Allocation Failure) 2023-10-20T02:11:27.721+0800: 116430.003: [ParNew: 8863359K->1012096K(9175040K), 0.2141189 secs] 29054407K->21251938K(65798144K), 0.2145767 secs] [Times: user=2.72 sys=0.76, real=0.22 secs] 
2023-10-20T02:11:40.292+0800: 116442.574: [GC (Allocation Failure) 2023-10-20T02:11:40.293+0800: 116442.574: [ParNew: 8876416K->1049962K(9175040K), 0.1826563 secs] 29116258K->21338512K(65798144K), 0.1830737 secs] [Times: user=2.43 sys=0.50, real=0.18 secs] 
2023-10-20T02:11:52.927+0800: 116455.209: [GC (Allocation Failure) 2023-10-20T02:11:52.928+0800: 116455.209: [ParNew: 8914282K->934837K(9175040K), 0.1850240 secs] 29202832K->21272741K(65798144K), 0.1856137 secs] [Times: user=2.14 sys=0.80, real=0.18 secs] 
2023-10-20T02:12:08.059+0800: 116470.340: [GC (Allocation Failure) 2023-10-20T02:12:08.059+0800: 116470.340: [ParNew: 8799157K->969081K(9175040K), 0.1820027 secs] 29137061K->21355549K(65798144K), 0.1824225 secs] [Times: user=2.29 sys=0.63, real=0.18 secs] 
2023-10-20T02:12:22.146+0800: 116484.428: [GC (Allocation Failure) 2023-10-20T02:12:22.147+0800: 116484.428: [ParNew: 8833401K->1001897K(9175040K), 0.1816102 secs] 29219869K->21437130K(65798144K), 0.1820786 secs] [Times: user=2.11 sys=0.78, real=0.18 secs] 
2023-10-20T02:12:36.099+0800: 116498.380: [GC (Allocation Failure) 2023-10-20T02:12:36.099+0800: 116498.380: [ParNew: 8866217K->1058729K(9175040K), 0.1972123 secs] 29301450K->21542214K(65798144K), 0.1976201 secs] [Times: user=2.40 sys=0.68, real=0.20 secs] 
2023-10-20T02:12:48.560+0800: 116510.842: [GC (Allocation Failure) 2023-10-20T02:12:48.561+0800: 116510.842: [ParNew: 8923049K->909943K(9175040K), 0.2209007 secs] 29406534K->21441306K(65798144K), 0.2213758 secs] [Times: user=2.25 sys=1.37, real=0.22 secs] 
2023-10-20T02:13:02.338+0800: 116524.619: [GC (Allocation Failure) 2023-10-20T02:13:02.338+0800: 116524.619: [ParNew: 8774263K->1024056K(9175040K), 0.1703102 secs] 29305626K->21603557K(65798144K), 0.1707097 secs] [Times: user=2.48 sys=0.23, real=0.17 secs] 
2023-10-20T02:13:16.440+0800: 116538.722: [GC (Allocation Failure) 2023-10-20T02:13:16.441+0800: 116538.722: [ParNew: 8888376K->908886K(9175040K), 0.2110262 secs] 29467877K->21536440K(65798144K), 0.2114274 secs] [Times: user=2.20 sys=1.25, real=0.21 secs] 
2023-10-20T02:13:30.615+0800: 116552.897: [GC (Allocation Failure) 2023-10-20T02:13:30.615+0800: 116552.897: [ParNew: 8773206K->1019515K(9175040K), 0.1568293 secs] 29400760K->21694382K(65798144K), 0.1572615 secs] [Times: user=2.38 sys=0.26, real=0.16 secs] 
2023-10-20T02:13:41.534+0800: 116563.816: [GC (Allocation Failure) 2023-10-20T02:13:41.535+0800: 116563.816: [ParNew: 8883835K->1018452K(9175040K), 0.1849724 secs] 29558702K->21741786K(65798144K), 0.1853988 secs] [Times: user=2.48 sys=0.68, real=0.19 secs] 
2023-10-20T02:13:53.446+0800: 116575.727: [GC (Allocation Failure) 2023-10-20T02:13:53.446+0800: 116575.727: [ParNew: 8882772K->1016881K(9175040K), 0.1827203 secs] 29606106K->21789231K(65798144K), 0.1831212 secs] [Times: user=2.62 sys=0.51, real=0.18 secs] 
2023-10-20T02:14:08.467+0800: 116590.749: [GC (Allocation Failure) 2023-10-20T02:14:08.468+0800: 116590.749: [ParNew: 8881201K->1162946K(9175040K), 0.1435117 secs] 29653551K->21984046K(65798144K), 0.1438701 secs] [Times: user=2.17 sys=0.19, real=0.14 secs] 
2023-10-20T02:14:23.356+0800: 116605.638: [GC (Allocation Failure) 2023-10-20T02:14:23.357+0800: 116605.638: [ParNew: 9027266K->880025K(9175040K), 0.2049658 secs] 29848366K->21749769K(65798144K), 0.2053361 secs] [Times: user=2.27 sys=1.28, real=0.20 secs] 
2023-10-20T02:14:41.342+0800: 116623.623: [GC (Allocation Failure) 2023-10-20T02:14:41.342+0800: 116623.624: [ParNew: 8744345K->1039113K(9175040K), 0.2152506 secs] 29614089K->21957670K(65798144K), 0.2158185 secs] [Times: user=2.17 sys=1.32, real=0.22 secs] 
2023-10-20T02:15:01.882+0800: 116644.164: [GC (Allocation Failure) 2023-10-20T02:15:01.882+0800: 116644.164: [ParNew: 8903433K->1116982K(9175040K), 0.1960563 secs] 29821990K->22084647K(65798144K), 0.1963852 secs] [Times: user=2.48 sys=0.71, real=0.20 secs] 
2023-10-20T02:15:20.124+0800: 116662.405: [GC (Allocation Failure) 2023-10-20T02:15:20.124+0800: 116662.405: [ParNew: 8981302K->1057570K(9175040K), 0.2228948 secs] 29948967K->22074516K(65798144K), 0.2233066 secs] [Times: user=2.32 sys=1.35, real=0.23 secs] 
2023-10-20T02:15:47.483+0800: 116689.764: [GC (Allocation Failure) 2023-10-20T02:15:47.483+0800: 116689.764: [ParNew: 8921890K->904430K(9175040K), 0.2284124 secs] 29938836K->21970015K(65798144K), 0.2287813 secs] [Times: user=2.11 sys=1.65, real=0.23 secs] 
2023-10-20T02:16:09.404+0800: 116711.685: [GC (Allocation Failure) 2023-10-20T02:16:09.404+0800: 116711.685: [ParNew: 8768750K->900671K(9175040K), 0.2019773 secs] 29834335K->22015029K(65798144K), 0.2023685 secs] [Times: user=2.08 sys=1.20, real=0.21 secs] 
2023-10-20T02:16:31.423+0800: 116733.704: [GC (Allocation Failure) 2023-10-20T02:16:31.423+0800: 116733.704: [ParNew: 8764991K->1153961K(9175040K), 0.1913761 secs] 29879349K->22317453K(65798144K), 0.1917355 secs] [Times: user=2.33 sys=0.76, real=0.19 secs] 
2023-10-20T02:16:54.306+0800: 116756.587: [GC (Allocation Failure) 2023-10-20T02:16:54.306+0800: 116756.587: [ParNew: 9018281K->849795K(9175040K), 0.2226664 secs] 30181773K->22061864K(65798144K), 0.2230288 secs] [Times: user=2.27 sys=1.37, real=0.22 secs] 
2023-10-20T02:17:24.107+0800: 116786.388: [GC (Allocation Failure) 2023-10-20T02:17:24.107+0800: 116786.388: [ParNew: 8714115K->1064691K(9175040K), 0.2343554 secs] 29926184K->22325435K(65798144K), 0.2348006 secs] [Times: user=2.39 sys=1.49, real=0.23 secs] 
2023-10-20T02:17:45.270+0800: 116807.551: [GC (Allocation Failure) 2023-10-20T02:17:45.270+0800: 116807.551: [ParNew: 8929011K->959128K(9175040K), 0.1759163 secs] 30189755K->22268772K(65798144K), 0.1763384 secs] [Times: user=1.88 sys=0.94, real=0.18 secs] 
2023-10-20T02:18:03.844+0800: 116826.125: [GC (Allocation Failure) 2023-10-20T02:18:03.844+0800: 116826.125: [ParNew: 8823448K->1085413K(9175040K), 0.1822996 secs] 30133092K->22443990K(65798144K), 0.1826164 secs] [Times: user=2.26 sys=0.69, real=0.19 secs] 
2023-10-20T02:18:17.633+0800: 116839.914: [GC (Allocation Failure) 2023-10-20T02:18:17.633+0800: 116839.914: [ParNew: 8949733K->1010725K(9175040K), 0.1908870 secs] 30308310K->22417848K(65798144K), 0.1912974 secs] [Times: user=2.18 sys=0.90, real=0.19 secs] 
2023-10-20T02:18:31.566+0800: 116853.847: [GC (Allocation Failure) 2023-10-20T02:18:31.566+0800: 116853.847: [ParNew: 8875045K->1009245K(9175040K), 0.1878003 secs] 30282168K->22464881K(65798144K), 0.1882373 secs] [Times: user=2.51 sys=0.52, real=0.18 secs] 
2023-10-20T02:18:45.645+0800: 116867.927: [GC (Allocation Failure) 2023-10-20T02:18:45.646+0800: 116867.927: [ParNew: 8873565K->1042617K(9175040K), 0.1731179 secs] 30329201K->22547005K(65798144K), 0.1735799 secs] [Times: user=2.12 sys=0.71, real=0.18 secs] 
2023-10-20T02:18:59.594+0800: 116881.875: [GC (Allocation Failure) 2023-10-20T02:18:59.594+0800: 116881.875: [ParNew: 8906937K->1061492K(9175040K), 0.1791010 secs] 30411325K->22614343K(65798144K), 0.1795524 secs] [Times: user=2.32 sys=0.57, real=0.18 secs] 
2023-10-20T02:19:12.327+0800: 116894.608: [GC (Allocation Failure) 2023-10-20T02:19:12.327+0800: 116894.609: [ParNew: 8925812K->1064999K(9175040K), 0.1410343 secs] 30478663K->22666063K(65798144K), 0.1414947 secs] [Times: user=2.20 sys=0.00, real=0.14 secs] 
2023-10-20T02:19:24.094+0800: 116906.375: [GC (Allocation Failure) 2023-10-20T02:19:24.094+0800: 116906.375: [ParNew: 8929319K->1138270K(9175040K), 0.1893147 secs] 30530383K->22787547K(65798144K), 0.1896682 secs] [Times: user=2.15 sys=0.91, real=0.19 secs] 
2023-10-20T02:19:38.466+0800: 116920.747: [GC (Allocation Failure) 2023-10-20T02:19:38.466+0800: 116920.747: [ParNew: 9002590K->853293K(9175040K), 0.1390068 secs] 30651867K->22550788K(65798144K), 0.1393563 secs] [Times: user=1.97 sys=0.19, real=0.14 secs] 
2023-10-20T02:19:52.432+0800: 116934.713: [GC (Allocation Failure) 2023-10-20T02:19:52.432+0800: 116934.714: [ParNew: 8717613K->1061783K(9175040K), 0.1890529 secs] 30415108K->22807743K(65798144K), 0.1894270 secs] [Times: user=1.93 sys=1.13, real=0.19 secs] 
2023-10-20T02:20:06.243+0800: 116948.524: [GC (Allocation Failure) 2023-10-20T02:20:06.243+0800: 116948.524: [ParNew: 8926103K->1105139K(9175040K), 0.1487921 secs] 30672063K->22900071K(65798144K), 0.1491370 secs] [Times: user=2.12 sys=0.22, real=0.15 secs] 
2023-10-20T02:20:23.872+0800: 116966.154: [GC (Allocation Failure) 2023-10-20T02:20:23.873+0800: 116966.154: [ParNew: 8969459K->1083925K(9175040K), 0.2152392 secs] 30764391K->22927747K(65798144K), 0.2156567 secs] [Times: user=2.35 sys=1.17, real=0.22 secs] 
2023-10-20T02:20:42.454+0800: 116984.736: [GC (Allocation Failure) 2023-10-20T02:20:42.455+0800: 116984.736: [ParNew: 8948245K->1009007K(9175040K), 0.1884790 secs] 30792067K->22901522K(65798144K), 0.1889103 secs] [Times: user=2.28 sys=0.76, real=0.19 secs] 
2023-10-20T02:21:01.767+0800: 117004.048: [GC (Allocation Failure) 2023-10-20T02:21:01.767+0800: 117004.048: [ParNew: 8873327K->1181199K(9175040K), 0.1882130 secs] 30765842K->23122799K(65798144K), 0.1885211 secs] [Times: user=2.51 sys=0.54, real=0.18 secs] 
2023-10-20T02:21:23.939+0800: 117026.220: [GC (Allocation Failure) 2023-10-20T02:21:23.939+0800: 117026.221: [ParNew: 9045519K->883909K(9175040K), 0.2478662 secs] 30987119K->22874364K(65798144K), 0.2482875 secs] [Times: user=2.53 sys=1.59, real=0.25 secs] 
2023-10-20T02:21:47.233+0800: 117049.514: [GC (Allocation Failure) 2023-10-20T02:21:47.233+0800: 117049.515: [ParNew: 8748229K->1100288K(9175040K), 0.1841570 secs] 30738684K->23139721K(65798144K), 0.1846118 secs] [Times: user=1.91 sys=1.04, real=0.19 secs] 
2023-10-20T02:22:08.064+0800: 117070.346: [GC (Allocation Failure) 2023-10-20T02:22:08.064+0800: 117070.346: [ParNew: 8964608K->995923K(9175040K), 0.1913005 secs] 31004041K->23084103K(65798144K), 0.1916139 secs] [Times: user=2.48 sys=0.63, real=0.20 secs] 
2023-10-20T02:22:27.502+0800: 117089.783: [GC (Allocation Failure) 2023-10-20T02:22:27.502+0800: 117089.784: [ParNew: 8860243K->1043960K(9175040K), 0.1949426 secs] 30948423K->23180632K(65798144K), 0.1953230 secs] [Times: user=2.01 sys=1.15, real=0.20 secs] 
2023-10-20T02:22:47.091+0800: 117109.372: [GC (Allocation Failure) 2023-10-20T02:22:47.091+0800: 117109.372: [ParNew: 8908280K->1044886K(9175040K), 0.1733791 secs] 31044952K->23230462K(65798144K), 0.1737816 secs] [Times: user=1.96 sys=0.81, real=0.17 secs] 
2023-10-20T02:23:14.381+0800: 117136.663: [GC (Allocation Failure) 2023-10-20T02:23:14.382+0800: 117136.663: [ParNew: 8909206K->1024406K(9175040K), 0.1898906 secs] 31094782K->23258294K(65798144K), 0.1902574 secs] [Times: user=2.29 sys=0.78, real=0.19 secs] 
2023-10-20T02:23:36.044+0800: 117158.326: [GC (Allocation Failure) 2023-10-20T02:23:36.044+0800: 117158.326: [ParNew: 8888726K->1101178K(9175040K), 0.2059185 secs] 31122614K->23384413K(65798144K), 0.2062503 secs] [Times: user=2.18 sys=1.19, real=0.21 secs] 
2023-10-20T02:24:02.676+0800: 117184.958: [GC (Allocation Failure) 2023-10-20T02:24:02.677+0800: 117184.958: [ParNew: 8965498K->1059135K(9175040K), 0.2077656 secs] 31248733K->23391049K(65798144K), 0.2082169 secs] [Times: user=2.08 sys=1.32, real=0.20 secs] 
2023-10-20T02:24:40.562+0800: 117222.843: [GC (Allocation Failure) 2023-10-20T02:24:40.562+0800: 117222.843: [ParNew: 8923455K->978890K(9175040K), 0.2620936 secs] 31255369K->23353972K(65798144K), 0.2623967 secs] [Times: user=2.45 sys=1.94, real=0.26 secs] 
2023-10-20T02:25:03.902+0800: 117246.184: [GC (Allocation Failure) 2023-10-20T02:25:03.903+0800: 117246.184: [ParNew: 8843210K->896918K(9175040K), 0.1762422 secs] 31218292K->23286937K(65798144K), 0.1765998 secs] [Times: user=2.01 sys=0.89, real=0.18 secs] 
2023-10-20T02:25:28.526+0800: 117270.807: [GC (Allocation Failure) 2023-10-20T02:25:28.526+0800: 117270.808: [ParNew: 8761238K->966122K(9175040K), 0.1836144 secs] 31151257K->23363573K(65798144K), 0.1839124 secs] [Times: user=2.26 sys=0.80, real=0.18 secs] 
2023-10-20T02:25:51.940+0800: 117294.221: [GC (Allocation Failure) 2023-10-20T02:25:51.940+0800: 117294.221: [ParNew: 8830442K->897483K(9175040K), 0.2185886 secs] 31227893K->23302503K(65798144K), 0.2189458 secs] [Times: user=2.19 sys=1.50, real=0.22 secs] 
2023-10-20T02:26:18.507+0800: 117320.788: [GC (Allocation Failure) 2023-10-20T02:26:18.507+0800: 117320.788: [ParNew: 8761803K->999158K(9175040K), 0.2173008 secs] 31166823K->23411719K(65798144K), 0.2177013 secs] [Times: user=2.11 sys=1.77, real=0.21 secs] 
2023-10-20T02:26:41.942+0800: 117344.223: [GC (Allocation Failure) 2023-10-20T02:26:41.942+0800: 117344.223: [ParNew: 8863478K->901975K(9175040K), 0.2503657 secs] 31276039K->23314537K(65798144K), 0.2507899 secs] [Times: user=2.28 sys=1.98, real=0.25 secs] 
2023-10-20T02:27:03.399+0800: 117365.681: [GC (Allocation Failure) 2023-10-20T02:27:03.400+0800: 117365.681: [ParNew: 8766295K->904964K(9175040K), 0.1545178 secs] 31178857K->23317526K(65798144K), 0.1548914 secs] [Times: user=2.16 sys=0.39, real=0.15 secs] 
2023-10-20T02:27:27.832+0800: 117390.114: [GC (Allocation Failure) 2023-10-20T02:27:27.832+0800: 117390.114: [ParNew: 8769284K->944076K(9175040K), 0.2063578 secs] 31181846K->23364091K(65798144K), 0.2066885 secs] [Times: user=2.01 sys=1.45, real=0.21 secs] 
2023-10-20T02:27:47.338+0800: 117409.619: [GC (Allocation Failure) 2023-10-20T02:27:47.338+0800: 117409.619: [ParNew: 8808396K->896537K(9175040K), 0.2092083 secs] 31228411K->23323853K(65798144K), 0.2095214 secs] [Times: user=2.00 sys=1.50, real=0.21 secs] 
2023-10-20T02:28:15.151+0800: 117437.432: [GC (Allocation Failure) 2023-10-20T02:28:15.151+0800: 117437.432: [ParNew: 8760857K->911333K(9175040K), 0.2383390 secs] 31188173K->23346208K(65798144K), 0.2387313 secs] [Times: user=1.95 sys=2.07, real=0.24 secs] 
2023-10-20T02:28:44.281+0800: 117466.562: [GC (Allocation Failure) 2023-10-20T02:28:44.281+0800: 117466.562: [ParNew: 8775653K->873669K(9175040K), 0.2830248 secs] 31210528K->23316105K(65798144K), 0.2834498 secs] [Times: user=2.51 sys=2.31, real=0.28 secs] 
2023-10-20T02:29:04.363+0800: 117486.644: [GC (Allocation Failure) 2023-10-20T02:29:04.363+0800: 117486.644: [ParNew: 8737989K->1004118K(9175040K), 0.1868469 secs] 31180425K->23454053K(65798144K), 0.1871821 secs] [Times: user=2.39 sys=0.70, real=0.19 secs] 
2023-10-20T02:29:28.578+0800: 117510.859: [GC (Allocation Failure) 2023-10-20T02:29:28.578+0800: 117510.860: [ParNew: 8868438K->901935K(9175040K), 0.2108274 secs] 31318373K->23359614K(65798144K), 0.2112638 secs] [Times: user=2.05 sys=1.48, real=0.21 secs] 
2023-10-20T02:29:51.281+0800: 117533.563: [GC (Allocation Failure) 2023-10-20T02:29:51.282+0800: 117533.563: [ParNew: 8766255K->919573K(9175040K), 0.2219337 secs] 31223934K->23392508K(65798144K), 0.2222674 secs] [Times: user=2.32 sys=1.39, real=0.22 secs] 
2023-10-20T02:30:12.416+0800: 117554.697: [GC (Allocation Failure) 2023-10-20T02:30:12.416+0800: 117554.697: [ParNew: 8783893K->883522K(9175040K), 0.2556934 secs] 31256828K->23364331K(65798144K), 0.2560716 secs] [Times: user=2.84 sys=1.43, real=0.25 secs] 
2023-10-20T02:30:35.492+0800: 117577.774: [GC (Allocation Failure) 2023-10-20T02:30:35.493+0800: 117577.774: [ParNew: 8747842K->960070K(9175040K), 0.1987797 secs] 31228651K->23456517K(65798144K), 0.1991689 secs] [Times: user=2.46 sys=0.83, real=0.20 secs] 
2023-10-20T02:30:57.256+0800: 117599.537: [GC (Allocation Failure) 2023-10-20T02:30:57.256+0800: 117599.537: [ParNew: 8824390K->932227K(9175040K), 0.2133235 secs] 31320837K->23436460K(65798144K), 0.2137423 secs] [Times: user=2.00 sys=1.56, real=0.21 secs] 
2023-10-20T02:31:18.693+0800: 117620.974: [GC (Allocation Failure) 2023-10-20T02:31:18.693+0800: 117620.974: [ParNew: 8796547K->899192K(9175040K), 0.2699413 secs] 31300780K->23411070K(65798144K), 0.2703025 secs] [Times: user=2.76 sys=1.84, real=0.27 secs] 
2023-10-20T02:31:39.554+0800: 117641.835: [GC (Allocation Failure) 2023-10-20T02:31:39.554+0800: 117641.835: [ParNew: 8763512K->902975K(9175040K), 0.1729678 secs] 31275390K->23427026K(65798144K), 0.1735053 secs] [Times: user=1.80 sys=1.00, real=0.18 secs] 
2023-10-20T02:32:03.402+0800: 117665.683: [GC (Allocation Failure) 2023-10-20T02:32:03.402+0800: 117665.683: [ParNew: 8767295K->975959K(9175040K), 0.1752735 secs] 31291346K->23507680K(65798144K), 0.1755982 secs] [Times: user=2.02 sys=0.88, real=0.18 secs] 
2023-10-20T02:32:25.740+0800: 117688.021: [GC (Allocation Failure) 2023-10-20T02:32:25.740+0800: 117688.022: [ParNew: 8840279K->934741K(9175040K), 0.2076359 secs] 31372000K->23478489K(65798144K), 0.2080583 secs] [Times: user=1.99 sys=1.46, real=0.21 secs] 
2023-10-20T02:32:45.060+0800: 117707.342: [GC (Allocation Failure) 2023-10-20T02:32:45.061+0800: 117707.342: [ParNew: 8799061K->893535K(9175040K), 0.2156494 secs] 31342809K->23448835K(65798144K), 0.2161057 secs] [Times: user=2.25 sys=1.57, real=0.22 secs] 
2023-10-20T02:33:05.554+0800: 117727.835: [GC (Allocation Failure) 2023-10-20T02:33:05.554+0800: 117727.836: [ParNew: 8757855K->948684K(9175040K), 0.1715511 secs] 31313155K->23523203K(65798144K), 0.1720271 secs] [Times: user=1.81 sys=0.97, real=0.18 secs] 
2023-10-20T02:33:25.099+0800: 117747.380: [GC (Allocation Failure) 2023-10-20T02:33:25.099+0800: 117747.380: [ParNew: 8813004K->1022914K(9175040K), 0.1775883 secs] 31387523K->23635841K(65798144K), 0.1779166 secs] [Times: user=2.15 sys=0.71, real=0.18 secs] 
2023-10-20T02:33:44.927+0800: 117767.208: [GC (Allocation Failure) 2023-10-20T02:33:44.927+0800: 117767.208: [ParNew: 8887234K->943517K(9175040K), 0.2143359 secs] 31500161K->23604518K(65798144K), 0.2147248 secs] [Times: user=2.04 sys=1.45, real=0.21 secs] 
2023-10-20T02:34:06.241+0800: 117788.523: [GC (Allocation Failure) 2023-10-20T02:34:06.242+0800: 117788.523: [ParNew: 8807837K->901025K(9175040K), 0.1877298 secs] 31468838K->23607090K(65798144K), 0.1881598 secs] [Times: user=2.09 sys=0.93, real=0.19 secs] 
2023-10-20T02:34:24.073+0800: 117806.355: [GC (Allocation Failure) 2023-10-20T02:34:24.074+0800: 117806.355: [ParNew: 8765345K->1008622K(9175040K), 0.1706652 secs] 31471410K->23763543K(65798144K), 0.1710829 secs] [Times: user=1.99 sys=0.73, real=0.17 secs] 
2023-10-20T02:34:44.457+0800: 117826.739: [GC (Allocation Failure) 2023-10-20T02:34:44.458+0800: 117826.739: [ParNew: 8872942K->1077199K(9175040K), 0.2464587 secs] 31627863K->23881077K(65798144K), 0.2468661 secs] [Times: user=2.47 sys=1.59, real=0.24 secs] 
2023-10-20T02:35:05.601+0800: 117847.882: [GC (Allocation Failure) 2023-10-20T02:35:05.601+0800: 117847.883: [ParNew: 8941519K->981986K(9175040K), 0.1788696 secs] 31745397K->23834483K(65798144K), 0.1792634 secs] [Times: user=2.06 sys=0.98, real=0.18 secs] 
2023-10-20T02:35:26.966+0800: 117869.248: [GC (Allocation Failure) 2023-10-20T02:35:26.967+0800: 117869.248: [ParNew: 8846306K->1133392K(9175040K), 0.1796566 secs] 31698803K->24034587K(65798144K), 0.1799557 secs] [Times: user=2.20 sys=0.68, real=0.18 secs] 
2023-10-20T02:35:47.676+0800: 117889.957: [GC (Allocation Failure) 2023-10-20T02:35:47.676+0800: 117889.957: [ParNew: 8997712K->848991K(9175040K), 0.2232437 secs] 31898907K->23798466K(65798144K), 0.2235995 secs] [Times: user=2.26 sys=1.38, real=0.22 secs] 
2023-10-20T02:36:05.098+0800: 117907.379: [GC (Allocation Failure) 2023-10-20T02:36:05.098+0800: 117907.379: [ParNew: 8713311K->1089766K(9175040K), 0.1473789 secs] 31662786K->24087863K(65798144K), 0.1477873 secs] [Times: user=2.06 sys=0.23, real=0.15 secs] 
2023-10-20T02:36:23.352+0800: 117925.633: [GC (Allocation Failure) 2023-10-20T02:36:23.352+0800: 117925.633: [ParNew: 8954086K->1058098K(9175040K), 0.2021088 secs] 31952183K->24104911K(65798144K), 0.2024624 secs] [Times: user=2.08 sys=1.20, real=0.20 secs] 
2023-10-20T02:36:39.131+0800: 117941.413: [GC (Allocation Failure) 2023-10-20T02:36:39.132+0800: 117941.413: [ParNew: 8922418K->1035004K(9175040K), 0.1771616 secs] 31969231K->24130674K(65798144K), 0.1775701 secs] [Times: user=2.11 sys=0.71, real=0.18 secs] 
2023-10-20T02:36:53.601+0800: 117955.883: [GC (Allocation Failure) 2023-10-20T02:36:53.601+0800: 117955.883: [ParNew: 8899324K->1109373K(9175040K), 0.1740023 secs] 31994994K->24253553K(65798144K), 0.1743393 secs] [Times: user=2.07 sys=0.71, real=0.18 secs] 
2023-10-20T02:37:06.917+0800: 117969.198: [GC (Allocation Failure) 2023-10-20T02:37:06.917+0800: 117969.199: [ParNew: 8973693K->943244K(9175040K), 0.1745023 secs] 32117873K->24135296K(65798144K), 0.1749462 secs] [Times: user=2.04 sys=0.72, real=0.17 secs] 
2023-10-20T02:37:25.489+0800: 117987.770: [GC (Allocation Failure) 2023-10-20T02:37:25.489+0800: 117987.771: [ParNew: 8807564K->1059072K(9175040K), 0.1806503 secs] 31999616K->24299077K(65798144K), 0.1810157 secs] [Times: user=2.01 sys=0.88, real=0.18 secs] 
2023-10-20T02:37:42.654+0800: 118004.935: [GC (Allocation Failure) 2023-10-20T02:37:42.654+0800: 118004.935: [ParNew: 8923392K->1019186K(9175040K), 0.2128593 secs] 32163397K->24307580K(65798144K), 0.2132353 secs] [Times: user=2.10 sys=1.37, real=0.22 secs] 
2023-10-20T02:38:01.661+0800: 118023.942: [GC (Allocation Failure) 2023-10-20T02:38:01.661+0800: 118023.943: [ParNew: 8883506K->978636K(9175040K), 0.1592505 secs] 32171900K->24315591K(65798144K), 0.1595945 secs] [Times: user=2.22 sys=0.29, real=0.16 secs] 
2023-10-20T02:38:16.770+0800: 118039.051: [GC (Allocation Failure) 2023-10-20T02:38:16.770+0800: 118039.051: [ParNew: 8842956K->900581K(9175040K), 0.2070541 secs] 32179911K->24285857K(65798144K), 0.2074234 secs] [Times: user=2.22 sys=1.15, real=0.21 secs] 
2023-10-20T02:38:33.828+0800: 118056.109: [GC (Allocation Failure) 2023-10-20T02:38:33.828+0800: 118056.109: [ParNew: 8764901K->935070K(9175040K), 0.1831593 secs] 32150177K->24368707K(65798144K), 0.1835237 secs] [Times: user=2.07 sys=0.85, real=0.18 secs] 
2023-10-20T02:38:50.687+0800: 118072.968: [GC (Allocation Failure) 2023-10-20T02:38:50.687+0800: 118072.969: [ParNew: 8799390K->1118275K(9175040K), 0.1890119 secs] 32233027K->24600672K(65798144K), 0.1893489 secs] [Times: user=2.30 sys=0.73, real=0.19 secs] 
2023-10-20T02:39:07.743+0800: 118090.024: [GC (Allocation Failure) 2023-10-20T02:39:07.743+0800: 118090.024: [ParNew: 8982595K->988636K(9175040K), 0.1819957 secs] 32464992K->24519534K(65798144K), 0.1824821 secs] [Times: user=1.96 sys=0.94, real=0.18 secs] 
2023-10-20T02:39:21.861+0800: 118104.142: [GC (Allocation Failure) 2023-10-20T02:39:21.861+0800: 118104.143: [ParNew: 8852956K->1066468K(9175040K), 0.1810882 secs] 32383854K->24646396K(65798144K), 0.1814239 secs] [Times: user=2.18 sys=0.71, real=0.18 secs] 
2023-10-20T02:39:37.121+0800: 118119.403: [GC (Allocation Failure) 2023-10-20T02:39:37.122+0800: 118119.403: [ParNew: 8930788K->1026315K(9175040K), 0.1844672 secs] 32510716K->24655219K(65798144K), 0.1849082 secs] [Times: user=2.16 sys=0.78, real=0.19 secs] 
2023-10-20T02:39:56.479+0800: 118138.760: [GC (Allocation Failure) 2023-10-20T02:39:56.479+0800: 118138.760: [ParNew: 8890635K->1098458K(9175040K), 0.1833125 secs] 32519539K->24776390K(65798144K), 0.1836737 secs] [Times: user=2.17 sys=0.77, real=0.18 secs] 
2023-10-20T02:40:14.260+0800: 118156.541: [GC (Allocation Failure) 2023-10-20T02:40:14.260+0800: 118156.541: [ParNew: 8962778K->942738K(9175040K), 0.2086312 secs] 32640710K->24669183K(65798144K), 0.2089846 secs] [Times: user=2.25 sys=1.15, real=0.21 secs] 
2023-10-20T02:40:30.497+0800: 118172.779: [GC (Allocation Failure) 2023-10-20T02:40:30.498+0800: 118172.779: [ParNew: 8807058K->974640K(9175040K), 0.1523771 secs] 32533503K->24749882K(65798144K), 0.1527238 secs] [Times: user=2.13 sys=0.24, real=0.15 secs] 
2023-10-20T02:40:49.728+0800: 118192.009: [GC (Allocation Failure) 2023-10-20T02:40:49.728+0800: 118192.009: [ParNew: 8838960K->1082627K(9175040K), 0.2097369 secs] 32614202K->24906770K(65798144K), 0.2100809 secs] [Times: user=2.12 sys=1.30, real=0.21 secs] 
2023-10-20T02:41:06.073+0800: 118208.355: [GC (Allocation Failure) 2023-10-20T02:41:06.074+0800: 118208.355: [ParNew: 8946947K->1063748K(9175040K), 0.2156283 secs] 32771090K->24935942K(65798144K), 0.2161119 secs] [Times: user=2.22 sys=1.29, real=0.22 secs] 
2023-10-20T02:41:25.368+0800: 118227.650: [GC (Allocation Failure) 2023-10-20T02:41:25.369+0800: 118227.650: [ParNew: 8928068K->1099469K(9175040K), 0.1571188 secs] 32800262K->25020457K(65798144K), 0.1574913 secs] [Times: user=1.95 sys=0.51, real=0.16 secs] 
2023-10-20T02:41:41.418+0800: 118243.699: [GC (Allocation Failure) 2023-10-20T02:41:41.418+0800: 118243.700: [ParNew: 8963789K->1132368K(9175040K), 0.1950790 secs] 32884777K->25102212K(65798144K), 0.1954615 secs] [Times: user=2.02 sys=1.12, real=0.19 secs] 
2023-10-20T02:41:57.676+0800: 118259.957: [GC (Allocation Failure) 2023-10-20T02:41:57.676+0800: 118259.957: [ParNew: 8996688K->894017K(9175040K), 0.1727144 secs] 32966532K->24912856K(65798144K), 0.1731443 secs] [Times: user=1.83 sys=0.91, real=0.17 secs] 
2023-10-20T02:42:18.803+0800: 118281.084: [GC (Allocation Failure) 2023-10-20T02:42:18.803+0800: 118281.084: [ParNew: 8758337K->1151467K(9175040K), 0.1835234 secs] 32777176K->25219122K(65798144K), 0.1838965 secs] [Times: user=2.11 sys=0.83, real=0.19 secs] 
2023-10-20T02:42:43.531+0800: 118305.812: [GC (Allocation Failure) 2023-10-20T02:42:43.531+0800: 118305.813: [ParNew: 9015787K->827293K(9175040K), 0.2063841 secs] 33083442K->24943851K(65798144K), 0.2067412 secs] [Times: user=2.03 sys=1.32, real=0.21 secs] 
2023-10-20T02:43:06.820+0800: 118329.102: [GC (Allocation Failure) 2023-10-20T02:43:06.821+0800: 118329.102: [ParNew: 8691613K->1123594K(9175040K), 0.2203459 secs] 32808171K->25288899K(65798144K), 0.2207288 secs] [Times: user=2.17 sys=1.43, real=0.22 secs] 
2023-10-20T02:43:25.445+0800: 118347.726: [GC (Allocation Failure) 2023-10-20T02:43:25.445+0800: 118347.726: [ParNew: 8987914K->1030941K(9175040K), 0.2170781 secs] 33153219K->25244336K(65798144K), 0.2174665 secs] [Times: user=1.92 sys=1.62, real=0.22 secs] 
2023-10-20T02:43:44.119+0800: 118366.400: [GC (Allocation Failure) 2023-10-20T02:43:44.119+0800: 118366.400: [ParNew: 8895261K->1047101K(9175040K), 0.1572114 secs] 33108656K->25309074K(65798144K), 0.1576324 secs] [Times: user=2.07 sys=0.39, real=0.16 secs] 
2023-10-20T02:44:03.124+0800: 118385.405: [GC (Allocation Failure) 2023-10-20T02:44:03.124+0800: 118385.405: [ParNew: 8911421K->1084537K(9175040K), 0.2195598 secs] 33173394K->25395386K(65798144K), 0.2199400 secs] [Times: user=2.32 sys=1.27, real=0.22 secs] 
2023-10-20T02:44:18.294+0800: 118400.575: [GC (Allocation Failure) 2023-10-20T02:44:18.294+0800: 118400.575: [ParNew: 8948857K->968356K(9175040K), 0.1939217 secs] 33259706K->25327101K(65798144K), 0.1943978 secs] [Times: user=2.26 sys=0.87, real=0.20 secs] 
2023-10-20T02:44:33.426+0800: 118415.707: [GC (Allocation Failure) 2023-10-20T02:44:33.426+0800: 118415.707: [ParNew: 8832676K->1039054K(9175040K), 0.1705413 secs] 33191421K->25446248K(65798144K), 0.1709228 secs] [Times: user=1.99 sys=0.73, real=0.17 secs] 
2023-10-20T02:44:52.134+0800: 118434.415: [GC (Allocation Failure) 2023-10-20T02:44:52.134+0800: 118434.416: [ParNew: 8903374K->1095108K(9175040K), 0.2111458 secs] 33310568K->25550516K(65798144K), 0.2115483 secs] [Times: user=2.25 sys=1.19, real=0.22 secs] 
2023-10-20T02:45:06.672+0800: 118448.953: [GC (Allocation Failure) 2023-10-20T02:45:06.672+0800: 118448.953: [ParNew: 8959428K->1058760K(9175040K), 0.1509468 secs] 33414836K->25562322K(65798144K), 0.1513487 secs] [Times: user=2.14 sys=0.23, real=0.15 secs] 
2023-10-20T02:45:19.945+0800: 118462.226: [GC (Allocation Failure) 2023-10-20T02:45:19.945+0800: 118462.227: [ParNew: 8923080K->1055996K(9175040K), 0.2005230 secs] 33426642K->25607716K(65798144K), 0.2009741 secs] [Times: user=2.15 sys=1.11, real=0.21 secs] 
2023-10-20T02:45:36.609+0800: 118478.890: [GC (Allocation Failure) 2023-10-20T02:45:36.609+0800: 118478.890: [ParNew: 8920316K->939824K(9175040K), 0.1536925 secs] 33472036K->25540167K(65798144K), 0.1540589 secs] [Times: user=2.12 sys=0.33, real=0.15 secs] 
2023-10-20T02:45:54.248+0800: 118496.529: [GC (Allocation Failure) 2023-10-20T02:45:54.248+0800: 118496.530: [ParNew: 8804144K->935156K(9175040K), 0.2054030 secs] 33404487K->25583902K(65798144K), 0.2058264 secs] [Times: user=2.09 sys=1.24, real=0.20 secs] 
2023-10-20T02:46:11.814+0800: 118514.095: [GC (Allocation Failure) 2023-10-20T02:46:11.814+0800: 118514.095: [ParNew: 8799476K->967827K(9175040K), 0.1685870 secs] 33448222K->25664566K(65798144K), 0.1689750 secs] [Times: user=1.87 sys=0.81, real=0.17 secs] 
2023-10-20T02:46:29.432+0800: 118531.714: [GC (Allocation Failure) 2023-10-20T02:46:29.433+0800: 118531.714: [ParNew: 8832147K->1220531K(9175040K), 0.1771247 secs] 33528886K->25965492K(65798144K), 0.1774598 secs] [Times: user=2.16 sys=0.69, real=0.18 secs] 
2023-10-20T02:46:45.391+0800: 118547.672: [GC (Allocation Failure) 2023-10-20T02:46:45.391+0800: 118547.672: [ParNew: 9084851K->891539K(9175040K), 0.1835866 secs] 33829812K->25685131K(65798144K), 0.1840728 secs] [Times: user=2.04 sys=0.91, real=0.18 secs] 
2023-10-20T02:47:02.510+0800: 118564.791: [GC (Allocation Failure) 2023-10-20T02:47:02.510+0800: 118564.791: [ParNew: 8755859K->1129284K(9175040K), 0.1741448 secs] 33549451K->25970803K(65798144K), 0.1744891 secs] [Times: user=2.00 sys=0.78, real=0.17 secs] 
2023-10-20T02:47:20.592+0800: 118582.873: [GC (Allocation Failure) 2023-10-20T02:47:20.592+0800: 118582.873: [ParNew: 8993604K->1104281K(9175040K), 0.2077101 secs] 33835123K->25994044K(65798144K), 0.2080833 secs] [Times: user=2.07 sys=1.31, real=0.21 secs] 
2023-10-20T02:47:41.461+0800: 118603.742: [GC (Allocation Failure) 2023-10-20T02:47:41.461+0800: 118603.742: [ParNew: 8968601K->1121326K(9175040K), 0.1648440 secs] 33858364K->26059330K(65798144K), 0.1653042 secs] [Times: user=2.27 sys=0.49, real=0.17 secs] 
2023-10-20T02:47:58.296+0800: 118620.578: [GC (Allocation Failure) 2023-10-20T02:47:58.297+0800: 118620.578: [ParNew: 8985646K->1010062K(9175040K), 0.2037734 secs] 33923650K->25996451K(65798144K), 0.2041326 secs] [Times: user=2.14 sys=1.18, real=0.20 secs] 
2023-10-20T02:48:18.393+0800: 118640.674: [GC (Allocation Failure) 2023-10-20T02:48:18.393+0800: 118640.674: [ParNew: 8874382K->858528K(9175040K), 0.1841045 secs] 33860771K->25893213K(65798144K), 0.1844869 secs] [Times: user=2.11 sys=0.83, real=0.19 secs] 
2023-10-20T02:48:36.235+0800: 118658.516: [GC (Allocation Failure) 2023-10-20T02:48:36.235+0800: 118658.516: [ParNew: 8722848K->1114890K(9175040K), 0.2019245 secs] 33757533K->26197883K(65798144K), 0.2022664 secs] [Times: user=2.49 sys=0.78, real=0.21 secs] 
2023-10-20T02:48:52.548+0800: 118674.829: [GC (Allocation Failure) 2023-10-20T02:48:52.548+0800: 118674.830: [ParNew: 8979210K->1023146K(9175040K), 0.1842972 secs] 34062203K->26153885K(65798144K), 0.1847208 secs] [Times: user=2.08 sys=0.88, real=0.18 secs] 
2023-10-20T02:49:07.142+0800: 118689.424: [GC (Allocation Failure) 2023-10-20T02:49:07.143+0800: 118689.424: [ParNew: 8887466K->1063708K(9175040K), 0.1771134 secs] 34018205K->26243185K(65798144K), 0.1774470 secs] [Times: user=2.19 sys=0.67, real=0.18 secs] 
2023-10-20T02:49:21.739+0800: 118704.020: [GC (Allocation Failure) 2023-10-20T02:49:21.739+0800: 118704.020: [ParNew: 8928028K->947338K(9175040K), 0.1940658 secs] 34107505K->26175055K(65798144K), 0.1945240 secs] [Times: user=2.09 sys=1.04, real=0.19 secs] 
2023-10-20T02:49:35.498+0800: 118717.779: [GC (Allocation Failure) 2023-10-20T02:49:35.498+0800: 118717.780: [ParNew: 8811658K->1019156K(9175040K), 0.1701094 secs] 34039375K->26295380K(65798144K), 0.1705311 secs] [Times: user=2.38 sys=0.52, real=0.17 secs] 
2023-10-20T02:49:50.760+0800: 118733.041: [GC (Allocation Failure) 2023-10-20T02:49:50.760+0800: 118733.041: [ParNew: 8883476K->1090098K(9175040K), 0.1407814 secs] 34159700K->26415055K(65798144K), 0.1411348 secs] [Times: user=2.34 sys=0.00, real=0.14 secs] 
2023-10-20T02:50:05.405+0800: 118747.687: [GC (Allocation Failure) 2023-10-20T02:50:05.406+0800: 118747.687: [ParNew: 8954418K->1010686K(9175040K), 0.1852261 secs] 34279375K->26384374K(65798144K), 0.1855959 secs] [Times: user=2.09 sys=1.00, real=0.19 secs] 
2023-10-20T02:50:19.766+0800: 118762.047: [GC (Allocation Failure) 2023-10-20T02:50:19.766+0800: 118762.048: [ParNew: 8875006K->1117457K(9175040K), 0.1496873 secs] 34248694K->26540249K(65798144K), 0.1500233 secs] [Times: user=2.24 sys=0.22, real=0.15 secs] 
2023-10-20T02:50:37.752+0800: 118780.034: [GC (Allocation Failure) 2023-10-20T02:50:37.753+0800: 118780.034: [ParNew: 8981777K->985406K(9175040K), 0.2533827 secs] 34404569K->26457004K(65798144K), 0.2538529 secs] [Times: user=2.57 sys=1.63, real=0.26 secs] 
2023-10-20T02:50:59.136+0800: 118801.418: [GC (Allocation Failure) 2023-10-20T02:50:59.137+0800: 118801.418: [ParNew: 8849726K->1023009K(9175040K), 0.1981152 secs] 34321324K->26543425K(65798144K), 0.1984946 secs] [Times: user=2.39 sys=0.82, real=0.19 secs] 
2023-10-20T02:51:14.224+0800: 118816.505: [GC (Allocation Failure) 2023-10-20T02:51:14.224+0800: 118816.505: [ParNew: 8887329K->1020286K(9175040K), 0.2223613 secs] 34407745K->26589086K(65798144K), 0.2227100 secs] [Times: user=2.53 sys=1.13, real=0.23 secs] 
2023-10-20T02:51:30.014+0800: 118832.295: [GC (Allocation Failure) 2023-10-20T02:51:30.014+0800: 118832.295: [ParNew: 8884606K->1090789K(9175040K), 0.1488616 secs] 34453406K->26708079K(65798144K), 0.1492225 secs] [Times: user=1.97 sys=0.37, real=0.15 secs] 
2023-10-20T02:51:42.200+0800: 118844.481: [GC (Allocation Failure) 2023-10-20T02:51:42.200+0800: 118844.482: [ParNew: 8955109K->899413K(9175040K), 0.2027693 secs] 34572399K->26565437K(65798144K), 0.2031846 secs] [Times: user=2.17 sys=1.13, real=0.20 secs] 
2023-10-20T02:51:55.181+0800: 118857.462: [GC (Allocation Failure) 2023-10-20T02:51:55.181+0800: 118857.462: [ParNew: 8763733K->935006K(9175040K), 0.1614993 secs] 34429757K->26649767K(65798144K), 0.1618550 secs] [Times: user=2.23 sys=0.27, real=0.16 secs] 
2023-10-20T02:52:09.597+0800: 118871.878: [GC (Allocation Failure) 2023-10-20T02:52:09.597+0800: 118871.879: [ParNew: 8799326K->1006595K(9175040K), 0.2215889 secs] 34514087K->26769773K(65798144K), 0.2219865 secs] [Times: user=2.42 sys=1.22, real=0.22 secs] 
2023-10-20T02:52:23.365+0800: 118885.646: [GC (Allocation Failure) 2023-10-20T02:52:23.365+0800: 118885.646: [ParNew: 8870915K->1150638K(9175040K), 0.1602871 secs] 34634093K->26961703K(65798144K), 0.1606374 secs] [Times: user=2.27 sys=0.27, real=0.16 secs] 
2023-10-20T02:52:34.542+0800: 118896.823: [GC (Allocation Failure) 2023-10-20T02:52:34.542+0800: 118896.823: [ParNew: 9014958K->873240K(9175040K), 0.1691316 secs] 34826023K->26732674K(65798144K), 0.1696089 secs] [Times: user=1.84 sys=0.85, real=0.17 secs] 
2023-10-20T02:52:49.210+0800: 118911.492: [GC (Allocation Failure) 2023-10-20T02:52:49.211+0800: 118911.492: [ParNew: 8737560K->1138893K(9175040K), 0.1844300 secs] 34596994K->27047239K(65798144K), 0.1847831 secs] [Times: user=2.18 sys=0.78, real=0.18 secs] 
2023-10-20T02:53:01.346+0800: 118923.628: [GC (Allocation Failure) 2023-10-20T02:53:01.347+0800: 118923.628: [ParNew: 9003213K->1078734K(9175040K), 0.1801524 secs] 34911559K->27035609K(65798144K), 0.1806137 secs] [Times: user=1.97 sys=0.90, real=0.18 secs] 
2023-10-20T02:53:14.731+0800: 118937.012: [GC (Allocation Failure) 2023-10-20T02:53:14.731+0800: 118937.012: [ParNew: 8943054K->1058921K(9175040K), 0.1807936 secs] 34899929K->27064312K(65798144K), 0.1811426 secs] [Times: user=2.25 sys=0.66, real=0.18 secs] 
2023-10-20T02:53:30.741+0800: 118953.022: [GC (Allocation Failure) 2023-10-20T02:53:30.742+0800: 118953.023: [ParNew: 8923241K->984642K(9175040K), 0.1934517 secs] 34928632K->27038475K(65798144K), 0.1938731 secs] [Times: user=2.25 sys=0.88, real=0.19 secs] 
2023-10-20T02:53:47.203+0800: 118969.484: [GC (Allocation Failure) 2023-10-20T02:53:47.203+0800: 118969.484: [ParNew: 8848962K->1020843K(9175040K), 0.1679191 secs] 34902795K->27123068K(65798144K), 0.1682668 secs] [Times: user=1.87 sys=0.81, real=0.17 secs] 
2023-10-20T02:54:04.699+0800: 118986.980: [GC (Allocation Failure) 2023-10-20T02:54:04.699+0800: 118986.980: [ParNew: 8885163K->980640K(9175040K), 0.2299963 secs] 34987388K->27131350K(65798144K), 0.2304003 secs] [Times: user=2.12 sys=1.64, real=0.23 secs] 
2023-10-20T02:54:22.161+0800: 119004.442: [GC (Allocation Failure) 2023-10-20T02:54:22.161+0800: 119004.442: [ParNew: 8844960K->1162903K(9175040K), 0.1554568 secs] 34995670K->27362877K(65798144K), 0.1557915 secs] [Times: user=2.02 sys=0.42, real=0.16 secs] 
2023-10-20T02:54:36.638+0800: 119018.919: [GC (Allocation Failure) 2023-10-20T02:54:36.638+0800: 119018.919: [ParNew: 9027223K->857032K(9175040K), 0.2042605 secs] 35227197K->27105903K(65798144K), 0.2046074 secs] [Times: user=1.85 sys=1.49, real=0.20 secs] 
2023-10-20T02:54:55.617+0800: 119037.898: [GC (Allocation Failure) 2023-10-20T02:54:55.617+0800: 119037.899: [ParNew: 8721352K->1144930K(9175040K), 0.1614812 secs] 34970223K->27442986K(65798144K), 0.1618848 secs] [Times: user=2.14 sys=0.40, real=0.16 secs] 
2023-10-20T02:55:15.470+0800: 119057.752: [GC (Allocation Failure) 2023-10-20T02:55:15.471+0800: 119057.752: [ParNew: 9009250K->873001K(9175040K), 0.2065638 secs] 35307306K->27219871K(65798144K), 0.2070044 secs] [Times: user=2.02 sys=1.34, real=0.21 secs] 
2023-10-20T02:55:32.880+0800: 119075.161: [GC (Allocation Failure) 2023-10-20T02:55:32.881+0800: 119075.162: [ParNew: 8737321K->1026877K(9175040K), 0.1829575 secs] 35084191K->27422564K(65798144K), 0.1836084 secs] [Times: user=1.99 sys=0.93, real=0.18 secs] 
2023-10-20T02:55:50.537+0800: 119092.819: [GC (Allocation Failure) 2023-10-20T02:55:50.538+0800: 119092.819: [ParNew: 8891197K->1107434K(9175040K), 0.1970747 secs] 35286884K->27552058K(65798144K), 0.1974262 secs] [Times: user=2.36 sys=0.83, real=0.19 secs] 
2023-10-20T02:56:08.121+0800: 119110.402: [GC (Allocation Failure) 2023-10-20T02:56:08.121+0800: 119110.403: [ParNew: 8971754K->1048764K(9175040K), 0.2187318 secs] 35416378K->27542557K(65798144K), 0.2191220 secs] [Times: user=2.30 sys=1.28, real=0.22 secs] 
2023-10-20T02:56:23.606+0800: 119125.887: [GC (Allocation Failure) 2023-10-20T02:56:23.606+0800: 119125.887: [ParNew: 8913084K->1009380K(9175040K), 0.1743641 secs] 35406877K->27552437K(65798144K), 0.1748407 secs] [Times: user=2.14 sys=0.64, real=0.18 secs] 
2023-10-20T02:56:38.723+0800: 119141.005: [GC (Allocation Failure) 2023-10-20T02:56:38.724+0800: 119141.005: [ParNew: 8873700K->1005843K(9175040K), 0.2481169 secs] 35416757K->27597239K(65798144K), 0.2487016 secs] [Times: user=2.51 sys=1.59, real=0.25 secs] 
2023-10-20T02:56:54.070+0800: 119156.352: [GC (Allocation Failure) 2023-10-20T02:56:54.071+0800: 119156.352: [ParNew: 8870163K->1062447K(9175040K), 0.1839798 secs] 35461559K->27702780K(65798144K), 0.1843358 secs] [Times: user=2.34 sys=0.63, real=0.18 secs] 
2023-10-20T02:57:09.291+0800: 119171.573: [GC (Allocation Failure) 2023-10-20T02:57:09.292+0800: 119171.573: [ParNew: 8926767K->988398K(9175040K), 0.1846579 secs] 35567100K->27677525K(65798144K), 0.1850695 secs] [Times: user=2.08 sys=0.87, real=0.19 secs] 
2023-10-20T02:57:23.674+0800: 119185.955: [GC (Allocation Failure) 2023-10-20T02:57:23.674+0800: 119185.956: [ParNew: 8852718K->1060723K(9175040K), 0.1785879 secs] 35541845K->27798327K(65798144K), 0.1789720 secs] [Times: user=2.28 sys=0.58, real=0.18 secs] 
2023-10-20T02:57:40.249+0800: 119202.530: [GC (Allocation Failure) 2023-10-20T02:57:40.249+0800: 119202.530: [ParNew: 8925043K->906650K(9175040K), 0.1946810 secs] 35662647K->27692679K(65798144K), 0.1950348 secs] [Times: user=2.26 sys=0.88, real=0.19 secs] 
2023-10-20T02:58:00.232+0800: 119222.513: [GC (Allocation Failure) 2023-10-20T02:58:00.232+0800: 119222.513: [ParNew: 8770970K->977910K(9175040K), 0.1834563 secs] 35556999K->27812777K(65798144K), 0.1837996 secs] [Times: user=2.18 sys=0.78, real=0.18 secs] 
2023-10-20T02:58:15.430+0800: 119237.711: [GC (Allocation Failure) 2023-10-20T02:58:15.430+0800: 119237.711: [ParNew: 8842230K->1085320K(9175040K), 0.2611442 secs] 35677097K->27969035K(65798144K), 0.2615191 secs] [Times: user=2.61 sys=1.72, real=0.26 secs] 
2023-10-20T02:58:29.692+0800: 119251.973: [GC (Allocation Failure) 2023-10-20T02:58:29.692+0800: 119251.973: [ParNew: 8949640K->1117766K(9175040K), 0.1545783 secs] 35833355K->28049865K(65798144K), 0.1549321 secs] [Times: user=2.06 sys=0.37, real=0.16 secs] 
2023-10-20T02:58:42.831+0800: 119265.113: [GC (Allocation Failure) 2023-10-20T02:58:42.832+0800: 119265.113: [ParNew: 8982086K->988839K(9175040K), 0.2000867 secs] 35914185K->27969498K(65798144K), 0.2005517 secs] [Times: user=2.33 sys=0.91, real=0.20 secs] 
2023-10-20T02:58:55.634+0800: 119277.916: [GC (Allocation Failure) 2023-10-20T02:58:55.635+0800: 119277.916: [ParNew: 8853159K->1028725K(9175040K), 0.1749868 secs] 35833818K->28057949K(65798144K), 0.1753362 secs] [Times: user=2.13 sys=0.66, real=0.18 secs] 
2023-10-20T02:59:08.648+0800: 119290.930: [GC (Allocation Failure) 2023-10-20T02:59:08.649+0800: 119290.930: [ParNew: 8893045K->951643K(9175040K), 0.1756189 secs] 35922269K->28029536K(65798144K), 0.1760545 secs] [Times: user=2.16 sys=0.64, real=0.17 secs] 
2023-10-20T02:59:21.795+0800: 119304.076: [GC (Allocation Failure) 2023-10-20T02:59:21.795+0800: 119304.076: [ParNew: 8815963K->1061451K(9175040K), 0.1710534 secs] 35893856K->28188030K(65798144K), 0.1714701 secs] [Times: user=2.00 sys=0.71, real=0.18 secs] 
2023-10-20T02:59:34.477+0800: 119316.759: [GC (Allocation Failure) 2023-10-20T02:59:34.478+0800: 119316.759: [ParNew: 8925771K->1057721K(9175040K), 0.1501805 secs] 36052350K->28233075K(65798144K), 0.1505941 secs] [Times: user=2.12 sys=0.22, real=0.15 secs] 
2023-10-20T02:59:48.500+0800: 119330.782: [GC (Allocation Failure) 2023-10-20T02:59:48.500+0800: 119330.782: [ParNew: 8922041K->1055146K(9175040K), 0.1903682 secs] 36097395K->28279234K(65798144K), 0.1907937 secs] [Times: user=1.88 sys=1.18, real=0.19 secs] 
2023-10-20T03:00:04.496+0800: 119346.777: [GC (Allocation Failure) 2023-10-20T03:00:04.496+0800: 119346.777: [ParNew: 8919466K->1088109K(9175040K), 0.1461396 secs] 36143554K->28361143K(65798144K), 0.1465163 secs] [Times: user=2.03 sys=0.23, real=0.15 secs] 
2023-10-20T03:00:19.040+0800: 119361.321: [GC (Allocation Failure) 2023-10-20T03:00:19.040+0800: 119361.321: [ParNew: 8952429K->1157180K(9175040K), 0.1892137 secs] 36225463K->28478630K(65798144K), 0.1895703 secs] [Times: user=1.99 sys=1.04, real=0.19 secs] 
2023-10-20T03:00:32.471+0800: 119374.752: [GC (Allocation Failure) 2023-10-20T03:00:32.471+0800: 119374.752: [ParNew: 9021500K->900471K(9175040K), 0.1514859 secs] 36342950K->28270768K(65798144K), 0.1518660 secs] [Times: user=2.17 sys=0.19, real=0.15 secs] 
2023-10-20T03:00:48.060+0800: 119390.342: [GC (Allocation Failure) 2023-10-20T03:00:48.061+0800: 119390.342: [ParNew: 8764791K->1141518K(9175040K), 0.2167387 secs] 36135088K->28560778K(65798144K), 0.2171440 secs] [Times: user=2.28 sys=1.24, real=0.22 secs] 
2023-10-20T03:01:07.693+0800: 119409.975: [GC (Allocation Failure) 2023-10-20T03:01:07.694+0800: 119409.975: [ParNew: 9005838K->915529K(9175040K), 0.1982738 secs] 36425098K->28383234K(65798144K), 0.1987472 secs] [Times: user=2.30 sys=0.89, real=0.20 secs] 
2023-10-20T03:01:24.923+0800: 119427.204: [GC (Allocation Failure) 2023-10-20T03:01:24.923+0800: 119427.205: [ParNew: 8779849K->1120953K(9175040K), 0.1855834 secs] 36247554K->28637542K(65798144K), 0.1859394 secs] [Times: user=2.28 sys=0.68, real=0.19 secs] 
2023-10-20T03:01:40.940+0800: 119443.222: [GC (Allocation Failure) 2023-10-20T03:01:40.941+0800: 119443.222: [ParNew: 8985273K->991206K(9175040K), 0.2302560 secs] 36501862K->28557104K(65798144K), 0.2306764 secs] [Times: user=2.30 sys=1.47, real=0.23 secs] 
2023-10-20T03:02:00.843+0800: 119463.125: [GC (Allocation Failure) 2023-10-20T03:02:00.844+0800: 119463.125: [ParNew: 8855526K->1006619K(9175040K), 0.1579247 secs] 36421424K->28620880K(65798144K), 0.1583594 secs] [Times: user=1.97 sys=0.52, real=0.16 secs] 
2023-10-20T03:02:19.159+0800: 119481.440: [GC (Allocation Failure) 2023-10-20T03:02:19.159+0800: 119481.441: [ParNew: 8870939K->933711K(9175040K), 0.2020273 secs] 36485200K->28596558K(65798144K), 0.2023954 secs] [Times: user=2.03 sys=1.25, real=0.20 secs] 
2023-10-20T03:02:38.101+0800: 119500.383: [GC (Allocation Failure) 2023-10-20T03:02:38.102+0800: 119500.383: [ParNew: 8798031K->1043081K(9175040K), 0.2230716 secs] 36460878K->28753887K(65798144K), 0.2235822 secs] [Times: user=2.15 sys=1.50, real=0.22 secs] 
2023-10-20T03:02:53.408+0800: 119515.689: [GC (Allocation Failure) 2023-10-20T03:02:53.408+0800: 119515.689: [ParNew: 8907401K->1063359K(9175040K), 0.1621910 secs] 36618207K->28822790K(65798144K), 0.1625665 secs] [Times: user=2.26 sys=0.31, real=0.16 secs] 
2023-10-20T03:03:06.924+0800: 119529.205: [GC (Allocation Failure) 2023-10-20T03:03:06.924+0800: 119529.205: [ParNew: 8927679K->990442K(9175040K), 0.1947002 secs] 36687110K->28798997K(65798144K), 0.1951117 secs] [Times: user=2.04 sys=1.10, real=0.20 secs] 
2023-10-20T03:03:19.715+0800: 119541.997: [GC (Allocation Failure) 2023-10-20T03:03:19.716+0800: 119541.997: [ParNew: 8854762K->1101467K(9175040K), 0.1640477 secs] 36663317K->28958325K(65798144K), 0.1644775 secs] [Times: user=2.12 sys=0.47, real=0.17 secs] 
2023-10-20T03:03:33.442+0800: 119555.723: [GC (Allocation Failure) 2023-10-20T03:03:33.442+0800: 119555.724: [ParNew: 8965787K->985716K(9175040K), 0.1956600 secs] 36822645K->28891235K(65798144K), 0.1961526 secs] [Times: user=2.16 sys=0.95, real=0.20 secs] 
2023-10-20T03:03:48.388+0800: 119570.670: [GC (Allocation Failure) 2023-10-20T03:03:48.389+0800: 119570.670: [ParNew: 8850036K->982067K(9175040K), 0.1772950 secs] 36755555K->28936015K(65798144K), 0.1777166 secs] [Times: user=2.10 sys=0.75, real=0.18 secs] 
2023-10-20T03:04:03.950+0800: 119586.232: [GC (Allocation Failure) 2023-10-20T03:04:03.951+0800: 119586.232: [ParNew: 8846387K->1015936K(9175040K), 0.2758846 secs] 36800335K->29018955K(65798144K), 0.2763151 secs] [Times: user=2.80 sys=1.80, real=0.28 secs] 
2023-10-20T03:04:21.865+0800: 119604.147: [GC (Allocation Failure) 2023-10-20T03:04:21.866+0800: 119604.147: [ParNew: 8880256K->971358K(9175040K), 0.1658614 secs] 36883275K->29022207K(65798144K), 0.1663513 secs] [Times: user=2.12 sys=0.53, real=0.17 secs] 
2023-10-20T03:04:40.950+0800: 119623.231: [GC (Allocation Failure) 2023-10-20T03:04:40.950+0800: 119623.231: [ParNew: 8835678K->949644K(9175040K), 0.2111424 secs] 36886527K->29048896K(65798144K), 0.2116238 secs] [Times: user=2.06 sys=1.38, real=0.21 secs] 
2023-10-20T03:04:57.656+0800: 119639.937: [GC (Allocation Failure) 2023-10-20T03:04:57.656+0800: 119639.937: [ParNew: 8813964K->950933K(9175040K), 0.1556478 secs] 36913216K->29099640K(65798144K), 0.1560342 secs] [Times: user=2.11 sys=0.35, real=0.16 secs] 
2023-10-20T03:05:11.812+0800: 119654.094: [GC (Allocation Failure) 2023-10-20T03:05:11.812+0800: 119654.094: [ParNew: 8815253K->985518K(9175040K), 0.2150425 secs] 36963960K->29183432K(65798144K), 0.2154497 secs] [Times: user=2.30 sys=1.22, real=0.22 secs] 
2023-10-20T03:05:28.793+0800: 119671.075: [GC (Allocation Failure) 2023-10-20T03:05:28.794+0800: 119671.075: [ParNew: 8849838K->868198K(9175040K), 0.1615019 secs] 37047752K->29115411K(65798144K), 0.1619723 secs] [Times: user=2.27 sys=0.29, real=0.16 secs] 
2023-10-20T03:05:45.062+0800: 119687.343: [GC (Allocation Failure) 2023-10-20T03:05:45.062+0800: 119687.344: [ParNew: 8732518K->938895K(9175040K), 0.2170001 secs] 36979731K->29234957K(65798144K), 0.2174160 secs] [Times: user=2.21 sys=1.35, real=0.22 secs] 
2023-10-20T03:06:03.682+0800: 119705.963: [GC (Allocation Failure) 2023-10-20T03:06:03.682+0800: 119705.963: [ParNew: 8803215K->1047578K(9175040K), 0.1640068 secs] 37099277K->29392381K(65798144K), 0.1644169 secs] [Times: user=2.31 sys=0.28, real=0.17 secs] 
2023-10-20T03:06:19.896+0800: 119722.177: [GC (Allocation Failure) 2023-10-20T03:06:19.896+0800: 119722.177: [ParNew: 8911898K->965905K(9175040K), 0.2022934 secs] 37256701K->29359411K(65798144K), 0.2026815 secs] [Times: user=2.20 sys=1.10, real=0.21 secs] 
2023-10-20T03:06:36.906+0800: 119739.187: [GC (Allocation Failure) 2023-10-20T03:06:36.906+0800: 119739.187: [ParNew: 8830225K->962249K(9175040K), 0.1787736 secs] 37223731K->29403601K(65798144K), 0.1791965 secs] [Times: user=2.02 sys=0.85, real=0.17 secs] 
2023-10-20T03:06:54.534+0800: 119756.815: [GC (Allocation Failure) 2023-10-20T03:06:54.534+0800: 119756.815: [ParNew: 8826569K->1055873K(9175040K), 0.1726571 secs] 37267921K->29545950K(65798144K), 0.1730835 secs] [Times: user=1.99 sys=0.77, real=0.18 secs] 
2023-10-20T03:07:06.587+0800: 119768.868: [GC (Allocation Failure) 2023-10-20T03:07:06.587+0800: 119768.869: [ParNew: 8920193K->1021431K(9175040K), 0.1359877 secs] 37410270K->29559847K(65798144K), 0.1363721 secs] [Times: user=2.04 sys=0.06, real=0.13 secs] 
2023-10-20T03:07:20.201+0800: 119782.482: [GC (Allocation Failure) 2023-10-20T03:07:20.201+0800: 119782.482: [ParNew: 8885751K->982436K(9175040K), 0.1956180 secs] 37424167K->29569220K(65798144K), 0.1959837 secs] [Times: user=1.97 sys=1.21, real=0.20 secs] 
2023-10-20T03:07:35.870+0800: 119798.151: [GC (Allocation Failure) 2023-10-20T03:07:35.870+0800: 119798.151: [ParNew: 8846756K->1017494K(9175040K), 0.1417580 secs] 37433540K->29651921K(65798144K), 0.1421267 secs] [Times: user=1.95 sys=0.26, real=0.14 secs] 
2023-10-20T03:07:51.544+0800: 119813.825: [GC (Allocation Failure) 2023-10-20T03:07:51.544+0800: 119813.825: [ParNew: 8881814K->977794K(9175040K), 0.2053910 secs] 37516241K->29660025K(65798144K), 0.2058105 secs] [Times: user=2.22 sys=1.13, real=0.21 secs] 
2023-10-20T03:08:09.598+0800: 119831.879: [GC (Allocation Failure) 2023-10-20T03:08:09.598+0800: 119831.879: [ParNew: 8842114K->1012774K(9175040K), 0.1578242 secs] 37524345K->29743647K(65798144K), 0.1582770 secs] [Times: user=1.95 sys=0.53, real=0.16 secs] 
2023-10-20T03:08:26.778+0800: 119849.060: [GC (Allocation Failure) 2023-10-20T03:08:26.779+0800: 119849.060: [ParNew: 8877094K->1046067K(9175040K), 0.1844986 secs] 37607967K->29824771K(65798144K), 0.1848968 secs] [Times: user=2.08 sys=0.90, real=0.18 secs] 
2023-10-20T03:08:48.132+0800: 119870.414: [GC (Allocation Failure) 2023-10-20T03:08:48.133+0800: 119870.414: [ParNew: 8910387K->1043382K(9175040K), 0.2419492 secs] 37689091K->29870780K(65798144K), 0.2423661 secs] [Times: user=2.34 sys=1.64, real=0.24 secs] 
2023-10-20T03:09:07.702+0800: 119889.983: [GC (Allocation Failure) 2023-10-20T03:09:07.702+0800: 119889.984: [ParNew: 8907702K->1025022K(9175040K), 0.1654957 secs] 37735100K->29901055K(65798144K), 0.1658190 secs] [Times: user=2.23 sys=0.39, real=0.17 secs] 
2023-10-20T03:09:29.333+0800: 119911.615: [GC (Allocation Failure) 2023-10-20T03:09:29.334+0800: 119911.615: [ParNew: 8889342K->950939K(9175040K), 0.2080043 secs] 37765375K->29875616K(65798144K), 0.2084133 secs] [Times: user=2.08 sys=1.29, real=0.21 secs] 
2023-10-20T03:09:45.497+0800: 119927.778: [GC (Allocation Failure) 2023-10-20T03:09:45.497+0800: 119927.779: [ParNew: 8815259K->986920K(9175040K), 0.1744711 secs] 37739936K->29960428K(65798144K), 0.1749146 secs] [Times: user=1.96 sys=0.81, real=0.17 secs] 
2023-10-20T03:10:01.343+0800: 119943.624: [GC (Allocation Failure) 2023-10-20T03:10:01.343+0800: 119943.624: [ParNew: 8851240K->1022553K(9175040K), 0.1797838 secs] 37824748K->30044971K(65798144K), 0.1801149 secs] [Times: user=2.05 sys=0.82, real=0.18 secs] 
2023-10-20T03:10:19.680+0800: 119961.961: [GC (Allocation Failure) 2023-10-20T03:10:19.680+0800: 119961.961: [ParNew: 8886873K->943552K(9175040K), 0.2235000 secs] 37909291K->30014772K(65798144K), 0.2238912 secs] [Times: user=2.16 sys=1.49, real=0.22 secs] 
2023-10-20T03:10:37.061+0800: 119979.342: [GC (Allocation Failure) 2023-10-20T03:10:37.061+0800: 119979.342: [ParNew: 8807872K->976467K(9175040K), 0.1589161 secs] 37879092K->30096590K(65798144K), 0.1592499 secs] [Times: user=2.02 sys=0.47, real=0.16 secs] 
2023-10-20T03:10:52.154+0800: 119994.435: [GC (Allocation Failure) 2023-10-20T03:10:52.155+0800: 119994.436: [ParNew: 8840787K->1084500K(9175040K), 0.1944777 secs] 37960910K->30252996K(65798144K), 0.1948940 secs] [Times: user=2.08 sys=1.04, real=0.20 secs] 
2023-10-20T03:11:07.613+0800: 120009.894: [GC (Allocation Failure) 2023-10-20T03:11:07.613+0800: 120009.894: [ParNew: 8948820K->1067030K(9175040K), 0.1611202 secs] 38117316K->30283933K(65798144K), 0.1614577 secs] [Times: user=1.98 sys=0.56, real=0.16 secs] 
2023-10-20T03:11:25.309+0800: 120027.590: [GC (Allocation Failure) 2023-10-20T03:11:25.309+0800: 120027.591: [ParNew: 8931350K->990085K(9175040K), 0.2130539 secs] 38148253K->30255449K(65798144K), 0.2134396 secs] [Times: user=2.05 sys=1.42, real=0.21 secs] 
2023-10-20T03:11:41.321+0800: 120043.602: [GC (Allocation Failure) 2023-10-20T03:11:41.321+0800: 120043.603: [ParNew: 8854405K->1102203K(9175040K), 0.1425969 secs] 38119769K->30416147K(65798144K), 0.1429548 secs] [Times: user=1.83 sys=0.38, real=0.14 secs] 
2023-10-20T03:12:00.219+0800: 120062.500: [GC (Allocation Failure) 2023-10-20T03:12:00.219+0800: 120062.500: [ParNew: 8966523K->909037K(9175040K), 0.2231127 secs] 38280467K->30271731K(65798144K), 0.2234642 secs] [Times: user=2.14 sys=1.51, real=0.22 secs] 
2023-10-20T03:12:18.081+0800: 120080.363: [GC (Allocation Failure) 2023-10-20T03:12:18.082+0800: 120080.363: [ParNew: 8773357K->1056088K(9175040K), 0.1531383 secs] 38136051K->30467426K(65798144K), 0.1535554 secs] [Times: user=1.92 sys=0.46, real=0.15 secs] 
2023-10-20T03:12:38.748+0800: 120101.029: [GC (Allocation Failure) 2023-10-20T03:12:38.748+0800: 120101.029: [ParNew: 8920408K->862400K(9175040K), 0.2083498 secs] 38331746K->30322721K(65798144K), 0.2087532 secs] [Times: user=1.98 sys=1.40, real=0.21 secs] 
2023-10-20T03:12:57.935+0800: 120120.216: [GC (Allocation Failure) 2023-10-20T03:12:57.935+0800: 120120.216: [ParNew: 8726720K->931097K(9175040K), 0.1952466 secs] 38187041K->30440827K(65798144K), 0.1956757 secs] [Times: user=2.01 sys=1.13, real=0.20 secs] 
2023-10-20T03:13:16.128+0800: 120138.409: [GC (Allocation Failure) 2023-10-20T03:13:16.128+0800: 120138.410: [ParNew: 8795417K->984045K(9175040K), 0.1853129 secs] 38305147K->30542210K(65798144K), 0.1856735 secs] [Times: user=2.09 sys=0.87, real=0.18 secs] 
2023-10-20T03:13:33.744+0800: 120156.025: [GC (Allocation Failure) 2023-10-20T03:13:33.744+0800: 120156.025: [ParNew: 8848365K->984894K(9175040K), 0.2037929 secs] 38406530K->30591917K(65798144K), 0.2041838 secs] [Times: user=2.02 sys=1.28, real=0.21 secs] 
2023-10-20T03:13:50.521+0800: 120172.802: [GC (Allocation Failure) 2023-10-20T03:13:50.521+0800: 120172.803: [ParNew: 8849214K->1020124K(9175040K), 0.1576278 secs] 38456237K->30675892K(65798144K), 0.1580123 secs] [Times: user=2.08 sys=0.38, real=0.16 secs] 
2023-10-20T03:14:06.580+0800: 120188.861: [GC (Allocation Failure) 2023-10-20T03:14:06.580+0800: 120188.861: [ParNew: 8884444K->901760K(9175040K), 0.1999513 secs] 38540212K->30606111K(65798144K), 0.2003758 secs] [Times: user=2.01 sys=1.23, real=0.20 secs] 
2023-10-20T03:14:24.829+0800: 120207.110: [GC (Allocation Failure) 2023-10-20T03:14:24.829+0800: 120207.111: [ParNew: 8766080K->898592K(9175040K), 0.2017592 secs] 38470431K->30651497K(65798144K), 0.2022506 secs] [Times: user=2.05 sys=1.21, real=0.20 secs] 
2023-10-20T03:14:41.926+0800: 120224.207: [GC (Allocation Failure) 2023-10-20T03:14:41.926+0800: 120224.207: [ParNew: 8762912K->969390K(9175040K), 0.1815181 secs] 38515817K->30770741K(65798144K), 0.1819545 secs] [Times: user=2.09 sys=0.82, real=0.19 secs] 
2023-10-20T03:14:59.472+0800: 120241.753: [GC (Allocation Failure) 2023-10-20T03:14:59.472+0800: 120241.753: [ParNew: 8833710K->1040111K(9175040K), 0.2204423 secs] 38635061K->30890155K(65798144K), 0.2209075 secs] [Times: user=2.04 sys=1.55, real=0.22 secs] 
2023-10-20T03:15:18.952+0800: 120261.233: [GC (Allocation Failure) 2023-10-20T03:15:18.952+0800: 120261.233: [ParNew: 8904431K->1058609K(9175040K), 0.1550036 secs] 38754475K->30957413K(65798144K), 0.1554392 secs] [Times: user=1.99 sys=0.44, real=0.16 secs] 
2023-10-20T03:15:38.584+0800: 120280.866: [GC (Allocation Failure) 2023-10-20T03:15:38.585+0800: 120280.866: [ParNew: 8922929K->945308K(9175040K), 0.1995375 secs] 38821733K->30892601K(65798144K), 0.1999171 secs] [Times: user=1.92 sys=1.31, real=0.20 secs] 
2023-10-20T03:15:55.474+0800: 120297.755: [GC (Allocation Failure) 2023-10-20T03:15:55.474+0800: 120297.755: [ParNew: 8809628K->979392K(9175040K), 0.1933839 secs] 38756921K->30975189K(65798144K), 0.1938228 secs] [Times: user=2.20 sys=0.93, real=0.20 secs] 
2023-10-20T03:16:11.863+0800: 120314.144: [GC (Allocation Failure) 2023-10-20T03:16:11.863+0800: 120314.145: [ParNew: 8843712K->977050K(9175040K), 0.1894728 secs] 38839509K->31021161K(65798144K), 0.1898482 secs] [Times: user=2.21 sys=0.84, real=0.19 secs] 
2023-10-20T03:16:27.496+0800: 120329.777: [GC (Allocation Failure) 2023-10-20T03:16:27.496+0800: 120329.777: [ParNew: 8841370K->934797K(9175040K), 0.2025690 secs] 38885481K->31026730K(65798144K), 0.2029437 secs] [Times: user=2.28 sys=0.95, real=0.20 secs] 
2023-10-20T03:16:48.195+0800: 120350.477: [GC (Allocation Failure) 2023-10-20T03:16:48.196+0800: 120350.477: [ParNew: 8799117K->970050K(9175040K), 0.1722589 secs] 38891050K->31110372K(65798144K), 0.1726385 secs] [Times: user=1.82 sys=0.93, real=0.18 secs] 
2023-10-20T03:17:04.991+0800: 120367.273: [GC (Allocation Failure) 2023-10-20T03:17:04.992+0800: 120367.273: [ParNew: 8834370K->1039821K(9175040K), 0.2042013 secs] 38974692K->31228191K(65798144K), 0.2045939 secs] [Times: user=2.08 sys=1.23, real=0.21 secs] 
2023-10-20T03:17:21.786+0800: 120384.067: [GC (Allocation Failure) 2023-10-20T03:17:21.786+0800: 120384.068: [ParNew: 8904141K->1022888K(9175040K), 0.1519355 secs] 39092511K->31259752K(65798144K), 0.1522892 secs] [Times: user=2.05 sys=0.40, real=0.15 secs] 
2023-10-20T03:17:39.949+0800: 120402.230: [GC (Allocation Failure) 2023-10-20T03:17:39.949+0800: 120402.231: [ParNew: 8887208K->987094K(9175040K), 0.2058428 secs] 39124072K->31271697K(65798144K), 0.2062114 secs] [Times: user=2.03 sys=1.31, real=0.20 secs] 
2023-10-20T03:17:59.123+0800: 120421.404: [GC (Allocation Failure) 2023-10-20T03:17:59.123+0800: 120421.405: [ParNew: 8851414K->986317K(9175040K), 0.1515139 secs] 39136017K->31319808K(65798144K), 0.1518599 secs] [Times: user=1.99 sys=0.39, real=0.15 secs] 
2023-10-20T03:18:16.390+0800: 120438.671: [GC (Allocation Failure) 2023-10-20T03:18:16.390+0800: 120438.671: [ParNew: 8850637K->982979K(9175040K), 0.2150358 secs] 39184128K->31365524K(65798144K), 0.2154264 secs] [Times: user=2.34 sys=1.17, real=0.21 secs] 
2023-10-20T03:18:32.438+0800: 120454.719: [GC (Allocation Failure) 2023-10-20T03:18:32.438+0800: 120454.720: [ParNew: 8847299K->1051084K(9175040K), 0.1453437 secs] 39229844K->31482089K(65798144K), 0.1457116 secs] [Times: user=1.94 sys=0.33, real=0.14 secs] 
2023-10-20T03:18:48.263+0800: 120470.544: [GC (Allocation Failure) 2023-10-20T03:18:48.263+0800: 120470.545: [ParNew: 8915404K->934779K(9175040K), 0.2046303 secs] 39346409K->31414177K(65798144K), 0.2049918 secs] [Times: user=2.04 sys=1.29, real=0.21 secs] 
2023-10-20T03:19:04.312+0800: 120486.593: [GC (Allocation Failure) 2023-10-20T03:19:04.312+0800: 120486.593: [ParNew: 8799099K->932878K(9175040K), 0.1511043 secs] 39278497K->31460592K(65798144K), 0.1515004 secs] [Times: user=2.08 sys=0.29, real=0.15 secs] 
2023-10-20T03:19:20.545+0800: 120502.826: [GC (Allocation Failure) 2023-10-20T03:19:20.545+0800: 120502.826: [ParNew: 8797198K->1041003K(9175040K), 0.2126060 secs] 39324912K->31616633K(65798144K), 0.2129746 secs] [Times: user=2.29 sys=1.18, real=0.22 secs] 
2023-10-20T03:19:39.388+0800: 120521.669: [GC (Allocation Failure) 2023-10-20T03:19:39.388+0800: 120521.670: [ParNew: 8905323K->985207K(9175040K), 0.1552752 secs] 39480953K->31609707K(65798144K), 0.1556632 secs] [Times: user=1.98 sys=0.45, real=0.15 secs] 
2023-10-20T03:19:55.398+0800: 120537.680: [GC (Allocation Failure) 2023-10-20T03:19:55.399+0800: 120537.680: [ParNew: 8849527K->1060682K(9175040K), 0.1960012 secs] 39474027K->31734351K(65798144K), 0.1963933 secs] [Times: user=2.10 sys=1.08, real=0.19 secs] 
2023-10-20T03:20:12.764+0800: 120555.045: [GC (Allocation Failure) 2023-10-20T03:20:12.764+0800: 120555.045: [ParNew: 8925002K->1018932K(9175040K), 0.1688065 secs] 39598671K->31741682K(65798144K), 0.1691416 secs] [Times: user=2.60 sys=0.27, real=0.17 secs] 
2023-10-20T03:20:32.164+0800: 120574.446: [GC (Allocation Failure) 2023-10-20T03:20:32.165+0800: 120574.446: [ParNew: 8883252K->1013484K(9175040K), 0.2142988 secs] 39606002K->31784784K(65798144K), 0.2147738 secs] [Times: user=2.20 sys=1.32, real=0.22 secs] 
2023-10-20T03:20:49.853+0800: 120592.134: [GC (Allocation Failure) 2023-10-20T03:20:49.853+0800: 120592.134: [ParNew: 8877804K->972276K(9175040K), 0.1748095 secs] 39649104K->31792358K(65798144K), 0.1752287 secs] [Times: user=2.46 sys=0.32, real=0.18 secs] 
2023-10-20T03:21:07.487+0800: 120609.768: [GC (Allocation Failure) 2023-10-20T03:21:07.487+0800: 120609.768: [ParNew: 8836596K->1005076K(9175040K), 0.2032248 secs] 39656678K->31873754K(65798144K), 0.2036264 secs] [Times: user=2.23 sys=1.09, real=0.20 secs] 
2023-10-20T03:21:23.932+0800: 120626.214: [GC (Allocation Failure) 2023-10-20T03:21:23.933+0800: 120626.214: [ParNew: 8869396K->1071422K(9175040K), 0.1524973 secs] 39738074K->31988665K(65798144K), 0.1529073 secs] [Times: user=2.05 sys=0.34, real=0.15 secs] 
2023-10-20T03:21:37.837+0800: 120640.118: [GC (Allocation Failure) 2023-10-20T03:21:37.837+0800: 120640.118: [ParNew: 8935742K->1052788K(9175040K), 0.1951109 secs] 39852985K->32018262K(65798144K), 0.1955355 secs] [Times: user=2.15 sys=1.00, real=0.19 secs] 
2023-10-20T03:21:55.187+0800: 120657.468: [GC (Allocation Failure) 2023-10-20T03:21:55.187+0800: 120657.468: [ParNew: 8917108K->1018524K(9175040K), 0.1503040 secs] 39882582K->32031580K(65798144K), 0.1507337 secs] [Times: user=2.03 sys=0.34, real=0.15 secs] 
2023-10-20T03:22:11.314+0800: 120673.595: [GC (Allocation Failure) 2023-10-20T03:22:11.314+0800: 120673.595: [ParNew: 8882844K->1054672K(9175040K), 0.2091098 secs] 39895900K->32115840K(65798144K), 0.2095804 secs] [Times: user=2.19 sys=1.21, real=0.21 secs] 
2023-10-20T03:22:30.299+0800: 120692.580: [GC (Allocation Failure) 2023-10-20T03:22:30.299+0800: 120692.580: [ParNew: 8918992K->976644K(9175040K), 0.1565345 secs] 39980160K->32086889K(65798144K), 0.1569675 secs] [Times: user=2.03 sys=0.44, real=0.16 secs] 
2023-10-20T03:22:47.071+0800: 120709.352: [GC (Allocation Failure) 2023-10-20T03:22:47.071+0800: 120709.352: [ParNew: 8840964K->1047559K(9175040K), 0.2206878 secs] 39951209K->32206367K(65798144K), 0.2210827 secs] [Times: user=2.41 sys=1.12, real=0.22 secs] 
2023-10-20T03:23:04.698+0800: 120726.980: [GC (Allocation Failure) 2023-10-20T03:23:04.699+0800: 120726.980: [ParNew: 8911879K->932686K(9175040K), 0.1527914 secs] 40070687K->32139848K(65798144K), 0.1531564 secs] [Times: user=2.00 sys=0.30, real=0.15 secs] 
2023-10-20T03:23:21.774+0800: 120744.055: [GC (Allocation Failure) 2023-10-20T03:23:21.774+0800: 120744.055: [ParNew: 8797006K->1002958K(9175040K), 0.2025354 secs] 40004168K->32257832K(65798144K), 0.2029307 secs] [Times: user=2.09 sys=1.21, real=0.21 secs] 
2023-10-20T03:23:40.939+0800: 120763.220: [GC (Allocation Failure) 2023-10-20T03:23:40.939+0800: 120763.220: [ParNew: 8867278K->1022035K(9175040K), 0.1466563 secs] 40122152K->32324973K(65798144K), 0.1470573 secs] [Times: user=2.14 sys=0.31, real=0.15 secs] 
2023-10-20T03:23:56.706+0800: 120778.987: [GC (Allocation Failure) 2023-10-20T03:23:56.706+0800: 120778.987: [ParNew: 8886355K->986707K(9175040K), 0.1958734 secs] 40189293K->32338098K(65798144K), 0.1962368 secs] [Times: user=2.03 sys=1.06, real=0.19 secs] 
2023-10-20T03:24:13.707+0800: 120795.988: [GC (Allocation Failure) 2023-10-20T03:24:13.707+0800: 120795.988: [ParNew: 8851027K->907377K(9175040K), 0.1565901 secs] 40202418K->32307805K(65798144K), 0.1569552 secs] [Times: user=2.09 sys=0.29, real=0.15 secs] 
2023-10-20T03:24:29.881+0800: 120812.163: [GC (Allocation Failure) 2023-10-20T03:24:29.882+0800: 120812.163: [ParNew: 8771697K->977963K(9175040K), 0.2041583 secs] 40172125K->32426849K(65798144K), 0.2045980 secs] [Times: user=2.06 sys=1.18, real=0.21 secs] 
2023-10-20T03:24:45.360+0800: 120827.641: [GC (Allocation Failure) 2023-10-20T03:24:45.360+0800: 120827.641: [ParNew: 8842283K->1012341K(9175040K), 0.1490720 secs] 40291169K->32509655K(65798144K), 0.1494489 secs] [Times: user=2.02 sys=0.38, real=0.15 secs] 
2023-10-20T03:25:02.848+0800: 120845.129: [GC (Allocation Failure) 2023-10-20T03:25:02.848+0800: 120845.129: [ParNew: 8876661K->1047697K(9175040K), 0.2122061 secs] 40373975K->32593300K(65798144K), 0.2126734 secs] [Times: user=2.14 sys=1.22, real=0.21 secs] 
2023-10-20T03:25:17.625+0800: 120859.906: [GC (Allocation Failure) 2023-10-20T03:25:17.625+0800: 120859.906: [ParNew: 8912017K->1045652K(9175040K), 0.1514997 secs] 40457620K->32639915K(65798144K), 0.1518809 secs] [Times: user=1.88 sys=0.40, real=0.16 secs] 
2023-10-20T03:25:34.868+0800: 120877.150: [GC (Allocation Failure) 2023-10-20T03:25:34.869+0800: 120877.150: [ParNew: 8909972K->1043072K(9175040K), 0.2085632 secs] 40504235K->32685655K(65798144K), 0.2091290 secs] [Times: user=1.96 sys=1.39, real=0.21 secs] 
2023-10-20T03:25:49.852+0800: 120892.133: [GC (Allocation Failure) 2023-10-20T03:25:49.852+0800: 120892.133: [ParNew: 8907392K->1099833K(9175040K), 0.1388944 secs] 40549975K->32791256K(65798144K), 0.1392795 secs] [Times: user=1.85 sys=0.33, real=0.14 secs] 
2023-10-20T03:26:03.675+0800: 120905.956: [GC (Allocation Failure) 2023-10-20T03:26:03.676+0800: 120905.957: [ParNew: 8964153K->1026788K(9175040K), 0.1952191 secs] 40655576K->32767004K(65798144K), 0.1957339 secs] [Times: user=2.29 sys=0.77, real=0.20 secs] 
2023-10-20T03:26:18.829+0800: 120921.110: [GC (Allocation Failure) 2023-10-20T03:26:18.829+0800: 120921.110: [ParNew: 8891108K->983173K(9175040K), 0.1762034 secs] 40631324K->32772102K(65798144K), 0.1765721 secs] [Times: user=2.08 sys=0.66, real=0.17 secs] 
2023-10-20T03:26:33.089+0800: 120935.371: [GC (Allocation Failure) 2023-10-20T03:26:33.090+0800: 120935.371: [ParNew: 8847493K->979457K(9175040K), 0.1721916 secs] 40636422K->32816994K(65798144K), 0.1726888 secs] [Times: user=1.95 sys=0.69, real=0.17 secs] 
2023-10-20T03:26:45.274+0800: 120947.555: [GC (Allocation Failure) 2023-10-20T03:26:45.274+0800: 120947.555: [ParNew: 8843777K->976764K(9175040K), 0.1612468 secs] 40681314K->32862728K(65798144K), 0.1617219 secs] [Times: user=1.94 sys=0.62, real=0.16 secs] 
2023-10-20T03:26:58.823+0800: 120961.105: [GC (Allocation Failure) 2023-10-20T03:26:58.824+0800: 120961.105: [ParNew: 8841084K->973247K(9175040K), 0.1417671 secs] 40727048K->32907356K(65798144K), 0.1422247 secs] [Times: user=1.95 sys=0.26, real=0.14 secs] 
2023-10-20T03:27:16.047+0800: 120978.328: [GC (Allocation Failure) 2023-10-20T03:27:16.047+0800: 120978.329: [ParNew: 8837567K->970268K(9175040K), 0.1949178 secs] 40771676K->32952346K(65798144K), 0.1954145 secs] [Times: user=1.97 sys=1.19, real=0.19 secs] 
2023-10-20T03:27:30.889+0800: 120993.171: [GC (Allocation Failure) 2023-10-20T03:27:30.890+0800: 120993.171: [ParNew: 8834588K->1114659K(9175040K), 0.1421926 secs] 40816666K->33144862K(65798144K), 0.1426588 secs] [Times: user=1.89 sys=0.32, real=0.14 secs] 
2023-10-20T03:27:45.416+0800: 121007.697: [GC (Allocation Failure) 2023-10-20T03:27:45.416+0800: 121007.697: [ParNew: 8978979K->1060310K(9175040K), 0.2208859 secs] 41009182K->33139135K(65798144K), 0.2214061 secs] [Times: user=2.23 sys=1.39, real=0.22 secs] 
2023-10-20T03:28:04.125+0800: 121026.406: [GC (Allocation Failure) 2023-10-20T03:28:04.125+0800: 121026.407: [ParNew: 8924630K->1025357K(9175040K), 0.1576322 secs] 41003455K->33153490K(65798144K), 0.1580749 secs] [Times: user=2.03 sys=0.46, real=0.16 secs] 
2023-10-20T03:28:21.891+0800: 121044.172: [GC (Allocation Failure) 2023-10-20T03:28:21.891+0800: 121044.173: [ParNew: 8889677K->1021138K(9175040K), 0.2100293 secs] 41017810K->33198232K(65798144K), 0.2104489 secs] [Times: user=2.08 sys=1.35, real=0.21 secs] 
2023-10-20T03:28:40.576+0800: 121062.858: [GC (Allocation Failure) 2023-10-20T03:28:40.577+0800: 121062.858: [ParNew: 8885458K->980488K(9175040K), 0.1512407 secs] 41062552K->33206708K(65798144K), 0.1516401 secs] [Times: user=1.95 sys=0.43, real=0.15 secs] 
2023-10-20T03:28:54.200+0800: 121076.481: [GC (Allocation Failure) 2023-10-20T03:28:54.200+0800: 121076.482: [ParNew: 8844808K->1052871K(9175040K), 0.2003320 secs] 41071028K->33327376K(65798144K), 0.2006900 secs] [Times: user=2.05 sys=1.19, real=0.20 secs] 
2023-10-20T03:29:08.200+0800: 121090.482: [GC (Allocation Failure) 2023-10-20T03:29:08.201+0800: 121090.482: [ParNew: 8917191K->975393K(9175040K), 0.1436681 secs] 41191696K->33298279K(65798144K), 0.1440578 secs] [Times: user=1.92 sys=0.32, real=0.14 secs] 
2023-10-20T03:29:24.454+0800: 121106.735: [GC (Allocation Failure) 2023-10-20T03:29:24.454+0800: 121106.735: [ParNew: 8839713K->1010222K(9175040K), 0.2151022 secs] 41162599K->33381492K(65798144K), 0.2155325 secs] [Times: user=2.24 sys=1.27, real=0.22 secs] 
2023-10-20T03:29:40.437+0800: 121122.719: [GC (Allocation Failure) 2023-10-20T03:29:40.438+0800: 121122.719: [ParNew: 8874542K->1007484K(9175040K), 0.1536762 secs] 41245812K->33427273K(65798144K), 0.1540555 secs] [Times: user=2.06 sys=0.34, real=0.15 secs] 
2023-10-20T03:29:57.295+0800: 121139.577: [GC (Allocation Failure) 2023-10-20T03:29:57.296+0800: 121139.577: [ParNew: 8871804K->950920K(9175040K), 0.2277890 secs] 41291593K->33419356K(65798144K), 0.2281390 secs] [Times: user=2.11 sys=1.56, real=0.23 secs] 
2023-10-20T03:30:11.762+0800: 121154.043: [GC (Allocation Failure) 2023-10-20T03:30:11.762+0800: 121154.043: [ParNew: 8815240K->1029914K(9175040K), 0.1606942 secs] 41283676K->33546670K(65798144K), 0.1610874 secs] [Times: user=2.06 sys=0.39, real=0.16 secs] 
2023-10-20T03:30:25.330+0800: 121167.611: [GC (Allocation Failure) 2023-10-20T03:30:25.330+0800: 121167.612: [ParNew: 8894234K->991104K(9175040K), 0.1996265 secs] 41410990K->33556400K(65798144K), 0.2000627 secs] [Times: user=2.37 sys=0.84, real=0.20 secs] 
2023-10-20T03:30:39.468+0800: 121181.749: [GC (Allocation Failure) 2023-10-20T03:30:39.468+0800: 121181.749: [ParNew: 8855424K->1025793K(9175040K), 0.1648681 secs] 41420720K->33639478K(65798144K), 0.1652695 secs] [Times: user=1.78 sys=0.82, real=0.16 secs] 
2023-10-20T03:30:52.103+0800: 121194.384: [GC (Allocation Failure) 2023-10-20T03:30:52.103+0800: 121194.384: [ParNew: 8890113K->1061130K(9175040K), 0.1330313 secs] 41503798K->33723666K(65798144K), 0.1334568 secs] [Times: user=1.95 sys=0.07, real=0.14 secs] 
2023-10-20T03:31:04.852+0800: 121207.133: [GC (Allocation Failure) 2023-10-20T03:31:04.852+0800: 121207.134: [ParNew: 8925450K->907299K(9175040K), 0.2252645 secs] 41587986K->33618464K(65798144K), 0.2256609 secs] [Times: user=2.50 sys=1.10, real=0.23 secs] 
2023-10-20T03:31:18.561+0800: 121220.842: [GC (Allocation Failure) 2023-10-20T03:31:18.561+0800: 121220.843: [ParNew: 8771619K->1014072K(9175040K), 0.1677385 secs] 41482784K->33773771K(65798144K), 0.1681818 secs] [Times: user=2.33 sys=0.21, real=0.17 secs] 
2023-10-20T03:31:31.085+0800: 121233.366: [GC (Allocation Failure) 2023-10-20T03:31:31.085+0800: 121233.366: [ParNew: 8878392K->973258K(9175040K), 0.1751654 secs] 41638091K->33781812K(65798144K), 0.1756320 secs] [Times: user=2.03 sys=0.74, real=0.18 secs] 
2023-10-20T03:31:44.319+0800: 121246.600: [GC (Allocation Failure) 2023-10-20T03:31:44.319+0800: 121246.600: [ParNew: 8837578K->1157447K(9175040K), 0.1724616 secs] 41646132K->34014671K(65798144K), 0.1729137 secs] [Times: user=2.07 sys=0.66, real=0.17 secs] 
2023-10-20T03:32:00.679+0800: 121262.960: [GC (Allocation Failure) 2023-10-20T03:32:00.679+0800: 121262.961: [ParNew: 9021767K->971375K(9175040K), 0.1808683 secs] 41878991K->33877610K(65798144K), 0.1813941 secs] [Times: user=2.12 sys=0.73, real=0.18 secs] 
2023-10-20T03:32:15.281+0800: 121277.563: [GC (Allocation Failure) 2023-10-20T03:32:15.282+0800: 121277.563: [ParNew: 8835695K->1174093K(9175040K), 0.1931796 secs] 41741930K->34129054K(65798144K), 0.1935699 secs] [Times: user=2.39 sys=0.65, real=0.19 secs] 
2023-10-20T03:32:28.009+0800: 121290.290: [GC (Allocation Failure) 2023-10-20T03:32:28.009+0800: 121290.291: [ParNew: 9038413K->869505K(9175040K), 0.1526576 secs] 41993374K->33873208K(65798144K), 0.1530915 secs] [Times: user=2.16 sys=0.22, real=0.15 secs] 
2023-10-20T03:32:41.894+0800: 121304.175: [GC (Allocation Failure) 2023-10-20T03:32:41.894+0800: 121304.175: [ParNew: 8733825K->1092759K(9175040K), 0.2068629 secs] 41737528K->34145418K(65798144K), 0.2072578 secs] [Times: user=2.19 sys=1.16, real=0.21 secs] 
2023-10-20T03:32:54.802+0800: 121317.083: [GC (Allocation Failure) 2023-10-20T03:32:54.802+0800: 121317.083: [ParNew: 8957079K->1105713K(9175040K), 0.1488528 secs] 42009738K->34207582K(65798144K), 0.1492318 secs] [Times: user=2.03 sys=0.27, real=0.15 secs] 
2023-10-20T03:33:09.330+0800: 121331.611: [GC (Allocation Failure) 2023-10-20T03:33:09.330+0800: 121331.611: [ParNew: 8970033K->1011822K(9175040K), 0.1879876 secs] 42071902K->34162449K(65798144K), 0.1884235 secs] [Times: user=2.22 sys=0.78, real=0.19 secs] 
2023-10-20T03:33:22.733+0800: 121345.014: [GC (Allocation Failure) 2023-10-20T03:33:22.733+0800: 121345.014: [ParNew: 8876142K->1013014K(9175040K), 0.1811261 secs] 42026769K->34211975K(65798144K), 0.1815198 secs] [Times: user=2.07 sys=0.82, real=0.18 secs] 
2023-10-20T03:33:36.143+0800: 121358.425: [GC (Allocation Failure) 2023-10-20T03:33:36.144+0800: 121358.425: [ParNew: 8877334K->937405K(9175040K), 0.1694666 secs] 42076295K->34185014K(65798144K), 0.1698858 secs] [Times: user=1.97 sys=0.71, real=0.17 secs] 
2023-10-20T03:33:49.318+0800: 121371.600: [GC (Allocation Failure) 2023-10-20T03:33:49.319+0800: 121371.600: [ParNew: 8801725K->1047874K(9175040K), 0.1830424 secs] 42049334K->34344023K(65798144K), 0.1834814 secs] [Times: user=2.30 sys=0.63, real=0.18 secs] 
2023-10-20T03:34:01.687+0800: 121383.968: [GC (Allocation Failure) 2023-10-20T03:34:01.687+0800: 121383.968: [ParNew: 8912194K->1083697K(9175040K), 0.1503940 secs] 42208343K->34428510K(65798144K), 0.1507886 secs] [Times: user=2.00 sys=0.34, real=0.15 secs] 
2023-10-20T03:34:13.586+0800: 121395.867: [GC (Allocation Failure) 2023-10-20T03:34:13.586+0800: 121395.868: [ParNew: 8948017K->1068425K(9175040K), 0.2099500 secs] 42292830K->34462191K(65798144K), 0.2104239 secs] [Times: user=2.26 sys=1.16, real=0.21 secs] 
2023-10-20T03:34:25.065+0800: 121407.347: [GC (Allocation Failure) 2023-10-20T03:34:25.066+0800: 121407.347: [ParNew: 8932745K->1071752K(9175040K), 0.1495032 secs] 42326511K->34514564K(65798144K), 0.1499517 secs] [Times: user=2.06 sys=0.27, real=0.15 secs] 
2023-10-20T03:34:38.674+0800: 121420.956: [GC (Allocation Failure) 2023-10-20T03:34:38.675+0800: 121420.956: [ParNew: 8936072K->1071469K(9175040K), 0.1687941 secs] 42378884K->34563195K(65798144K), 0.1693311 secs] [Times: user=1.94 sys=0.73, real=0.17 secs] 
2023-10-20T03:34:52.022+0800: 121434.303: [GC (Allocation Failure) 2023-10-20T03:34:52.022+0800: 121434.304: [ParNew: 8935789K->1031947K(9175040K), 0.1788490 secs] 42427515K->34572775K(65798144K), 0.1792431 secs] [Times: user=2.23 sys=0.62, real=0.18 secs] 
2023-10-20T03:35:04.669+0800: 121446.950: [GC (Allocation Failure) 2023-10-20T03:35:04.669+0800: 121446.951: [ParNew: 8896267K->1068099K(9175040K), 0.1438593 secs] 42437095K->34658160K(65798144K), 0.1442230 secs] [Times: user=2.05 sys=0.18, real=0.14 secs] 
2023-10-20T03:35:19.241+0800: 121461.522: [GC (Allocation Failure) 2023-10-20T03:35:19.241+0800: 121461.522: [ParNew: 8932419K->1027025K(9175040K), 0.1964101 secs] 42522480K->34665645K(65798144K), 0.1968664 secs] [Times: user=2.00 sys=1.18, real=0.20 secs] 
2023-10-20T03:35:35.832+0800: 121478.113: [GC (Allocation Failure) 2023-10-20T03:35:35.832+0800: 121478.114: [ParNew: 8891345K->949042K(9175040K), 0.1686003 secs] 42529965K->34636647K(65798144K), 0.1689972 secs] [Times: user=2.30 sys=0.38, real=0.17 secs] 
2023-10-20T03:35:51.891+0800: 121494.172: [GC (Allocation Failure) 2023-10-20T03:35:51.891+0800: 121494.172: [ParNew: 8813362K->1021195K(9175040K), 0.2056372 secs] 42500967K->34757904K(65798144K), 0.2060205 secs] [Times: user=1.95 sys=1.36, real=0.21 secs] 
2023-10-20T03:36:06.713+0800: 121508.994: [GC (Allocation Failure) 2023-10-20T03:36:06.713+0800: 121508.994: [ParNew: 8885515K->1056886K(9175040K), 0.1543027 secs] 42622224K->34842526K(65798144K), 0.1546819 secs] [Times: user=2.09 sys=0.33, real=0.16 secs] 
2023-10-20T03:36:19.743+0800: 121522.024: [GC (Allocation Failure) 2023-10-20T03:36:19.743+0800: 121522.025: [ParNew: 8921206K->901394K(9175040K), 0.1829062 secs] 42706846K->34736011K(65798144K), 0.1833037 secs] [Times: user=2.08 sys=0.83, real=0.19 secs] 
2023-10-20T03:36:34.018+0800: 121536.299: [GC (Allocation Failure) 2023-10-20T03:36:34.018+0800: 121536.299: [ParNew: 8765714K->1161449K(9175040K), 0.1877126 secs] 42600331K->35044831K(65798144K), 0.1881383 secs] [Times: user=2.30 sys=0.69, real=0.19 secs] 
2023-10-20T03:36:45.087+0800: 121547.369: [GC (Allocation Failure) 2023-10-20T03:36:45.088+0800: 121547.369: [ParNew: 9025769K->974991K(9175040K), 0.1505528 secs] 42909151K->34907327K(65798144K), 0.1509328 secs] [Times: user=2.07 sys=0.26, real=0.15 secs] 
2023-10-20T03:36:56.805+0800: 121559.086: [GC (Allocation Failure) 2023-10-20T03:36:56.805+0800: 121559.086: [ParNew: 8839311K->1044182K(9175040K), 0.2218191 secs] 42771647K->35025643K(65798144K), 0.2222458 secs] [Times: user=2.49 sys=1.11, real=0.23 secs] 
2023-10-20T03:37:10.213+0800: 121572.494: [GC (Allocation Failure) 2023-10-20T03:37:10.213+0800: 121572.494: [ParNew: 8908502K->1086054K(9175040K), 0.1656285 secs] 42889963K->35116778K(65798144K), 0.1660621 secs] [Times: user=2.19 sys=0.39, real=0.17 secs] 
2023-10-20T03:37:21.967+0800: 121584.249: [GC (Allocation Failure) 2023-10-20T03:37:21.968+0800: 121584.249: [ParNew: 8950374K->989039K(9175040K), 0.1713656 secs] 42981098K->35068435K(65798144K), 0.1719060 secs] [Times: user=1.91 sys=0.79, real=0.17 secs] 
2023-10-20T03:37:32.791+0800: 121595.072: [GC (Allocation Failure) 2023-10-20T03:37:32.791+0800: 121595.072: [ParNew: 8853359K->953658K(9175040K), 0.1705245 secs] 42932755K->35082223K(65798144K), 0.1709056 secs] [Times: user=2.35 sys=0.50, real=0.17 secs] 
2023-10-20T03:37:44.524+0800: 121606.805: [GC (Allocation Failure) 2023-10-20T03:37:44.524+0800: 121606.805: [ParNew: 8817978K->1027700K(9175040K), 0.1463585 secs] 42946543K->35205164K(65798144K), 0.1467566 secs] [Times: user=2.08 sys=0.17, real=0.15 secs] 
2023-10-20T03:37:58.219+0800: 121620.501: [GC (Allocation Failure) 2023-10-20T03:37:58.220+0800: 121620.501: [ParNew: 8892020K->949962K(9175040K), 0.1668388 secs] 43069484K->35176408K(65798144K), 0.1673624 secs] [Times: user=1.88 sys=0.75, real=0.17 secs] 
2023-10-20T03:38:09.846+0800: 121632.127: [GC (Allocation Failure) 2023-10-20T03:38:09.846+0800: 121632.127: [ParNew: 8814282K->985528K(9175040K), 0.1740807 secs] 43040728K->35260894K(65798144K), 0.1745075 secs] [Times: user=2.24 sys=0.52, real=0.18 secs] 
2023-10-20T03:38:22.335+0800: 121644.616: [GC (Allocation Failure) 2023-10-20T03:38:22.335+0800: 121644.616: [ParNew: 8849848K->1019428K(9175040K), 0.1437300 secs] 43125214K->35343618K(65798144K), 0.1441177 secs] [Times: user=1.88 sys=0.33, real=0.15 secs] 
2023-10-20T03:38:34.241+0800: 121656.522: [GC (Allocation Failure) 2023-10-20T03:38:34.241+0800: 121656.522: [ParNew: 8883748K->941890K(9175040K), 0.1743379 secs] 43207938K->35315510K(65798144K), 0.1747315 secs] [Times: user=2.21 sys=0.68, real=0.18 secs] 
2023-10-20T03:38:46.769+0800: 121669.050: [GC (Allocation Failure) 2023-10-20T03:38:46.769+0800: 121669.050: [ParNew: 8806210K->901616K(9175040K), 0.1817921 secs] 43179830K->35324540K(65798144K), 0.1822025 secs] [Times: user=2.10 sys=0.78, real=0.18 secs] 
2023-10-20T03:39:04.718+0800: 121686.999: [GC (Allocation Failure) 2023-10-20T03:39:04.718+0800: 121686.999: [ParNew: 8765936K->1010746K(9175040K), 0.1736150 secs] 43188860K->35483069K(65798144K), 0.1740725 secs] [Times: user=1.93 sys=0.81, real=0.17 secs] 
2023-10-20T03:39:19.544+0800: 121701.826: [GC (Allocation Failure) 2023-10-20T03:39:19.544+0800: 121701.826: [ParNew: 8875066K->1180202K(9175040K), 0.1820426 secs] 43347389K->35701668K(65798144K), 0.1824053 secs] [Times: user=2.23 sys=0.67, real=0.19 secs] 
2023-10-20T03:39:35.871+0800: 121718.152: [GC (Allocation Failure) 2023-10-20T03:39:35.871+0800: 121718.152: [ParNew: 9044522K->930173K(9175040K), 0.1524176 secs] 43565988K->35500851K(65798144K), 0.1528121 secs] [Times: user=2.11 sys=0.25, real=0.15 secs] 
2023-10-20T03:39:56.409+0800: 121738.690: [GC (Allocation Failure) 2023-10-20T03:39:56.409+0800: 121738.691: [ParNew: 8794493K->1068682K(9175040K), 0.2005185 secs] 43365171K->35688271K(65798144K), 0.2009070 secs] [Times: user=1.95 sys=1.30, real=0.20 secs] 
2023-10-20T03:40:08.875+0800: 121751.157: [GC (Allocation Failure) 2023-10-20T03:40:08.876+0800: 121751.157: [ParNew: 8933002K->964227K(9175040K), 0.1415701 secs] 43552591K->35632824K(65798144K), 0.1419927 secs] [Times: user=2.03 sys=0.14, real=0.15 secs] 
2023-10-20T03:40:22.143+0800: 121764.424: [GC (Allocation Failure) 2023-10-20T03:40:22.143+0800: 121764.424: [ParNew: 8828547K->1091595K(9175040K), 0.2061736 secs] 43497144K->35808899K(65798144K), 0.2066402 secs] [Times: user=2.18 sys=1.15, real=0.21 secs] 
2023-10-20T03:40:39.158+0800: 121781.439: [GC (Allocation Failure) 2023-10-20T03:40:39.158+0800: 121781.440: [ParNew: 8955915K->1019309K(9175040K), 0.1567168 secs] 43673219K->35785393K(65798144K), 0.1571019 secs] [Times: user=1.99 sys=0.46, real=0.15 secs] 
2023-10-20T03:40:55.248+0800: 121797.530: [GC (Allocation Failure) 2023-10-20T03:40:55.249+0800: 121797.530: [ParNew: 8883629K->980730K(9175040K), 0.2091941 secs] 43649713K->35795658K(65798144K), 0.2095886 secs] [Times: user=2.04 sys=1.35, real=0.21 secs] 
2023-10-20T03:41:12.586+0800: 121814.867: [GC (Allocation Failure) 2023-10-20T03:41:12.586+0800: 121814.868: [ParNew: 8845050K->978184K(9175040K), 0.1576655 secs] 43659978K->35841597K(65798144K), 0.1580533 secs] [Times: user=1.88 sys=0.50, real=0.15 secs] 
2023-10-20T03:41:29.924+0800: 121832.206: [GC (Allocation Failure) 2023-10-20T03:41:29.925+0800: 121832.206: [ParNew: 8842504K->973116K(9175040K), 0.2158073 secs] 43705917K->35884976K(65798144K), 0.2161985 secs] [Times: user=2.18 sys=1.31, real=0.22 secs] 
2023-10-20T03:41:47.035+0800: 121849.316: [GC (Allocation Failure) 2023-10-20T03:41:47.035+0800: 121849.316: [ParNew: 8837436K->1030434K(9175040K), 0.1598247 secs] 43749296K->35990857K(65798144K), 0.1602344 secs] [Times: user=2.28 sys=0.39, real=0.16 secs] 
2023-10-20T03:42:05.518+0800: 121867.799: [GC (Allocation Failure) 2023-10-20T03:42:05.518+0800: 121867.799: [ParNew: 8894754K->1072124K(9175040K), 0.2328607 secs] 43855177K->36081035K(65798144K), 0.2332265 secs] [Times: user=2.32 sys=1.49, real=0.23 secs] 
2023-10-20T03:42:21.416+0800: 121883.697: [GC (Allocation Failure) 2023-10-20T03:42:21.416+0800: 121883.697: [ParNew: 8936444K->955964K(9175040K), 0.1614564 secs] 43945355K->36013636K(65798144K), 0.1618130 secs] [Times: user=2.16 sys=0.38, real=0.16 secs] 
2023-10-20T03:42:37.823+0800: 121900.104: [GC (Allocation Failure) 2023-10-20T03:42:37.823+0800: 121900.104: [ParNew: 8820284K->953814K(9175040K), 0.2304678 secs] 43877956K->36060180K(65798144K), 0.2308236 secs] [Times: user=2.26 sys=1.48, real=0.23 secs] 
2023-10-20T03:42:52.661+0800: 121914.943: [GC (Allocation Failure) 2023-10-20T03:42:52.662+0800: 121914.943: [ParNew: 8815740K->989113K(9175040K), 0.1584864 secs] 43922106K->36144439K(65798144K), 0.1588367 secs] [Times: user=2.16 sys=0.46, real=0.16 secs] 
2023-10-20T03:43:06.972+0800: 121929.254: [GC (Allocation Failure) 2023-10-20T03:43:06.973+0800: 121929.254: [ParNew: 8853433K->948387K(9175040K), 0.1641526 secs] 44008759K->36152163K(65798144K), 0.1645809 secs] [Times: user=1.92 sys=0.63, real=0.17 secs] 
2023-10-20T03:43:20.061+0800: 121942.342: [GC (Allocation Failure) 2023-10-20T03:43:20.061+0800: 121942.342: [ParNew: 8812707K->1020620K(9175040K), 0.1688889 secs] 44016483K->36272830K(65798144K), 0.1692925 secs] [Times: user=2.07 sys=0.59, real=0.17 secs] 
2023-10-20T03:43:33.448+0800: 121955.730: [GC (Allocation Failure) 2023-10-20T03:43:33.449+0800: 121955.730: [ParNew: 8884940K->943229K(9175040K), 0.1464453 secs] 44137150K->36244256K(65798144K), 0.1468649 secs] [Times: user=1.94 sys=0.32, real=0.14 secs] 
2023-10-20T03:43:47.619+0800: 121969.900: [GC (Allocation Failure) 2023-10-20T03:43:47.619+0800: 121969.900: [ParNew: 8807549K->1016819K(9175040K), 0.2122501 secs] 44108576K->36366936K(65798144K), 0.2126586 secs] [Times: user=2.31 sys=1.11, real=0.21 secs] 
2023-10-20T03:44:02.554+0800: 121984.836: [GC (Allocation Failure) 2023-10-20T03:44:02.554+0800: 121984.836: [ParNew: 8881139K->1014136K(9175040K), 0.1728461 secs] 44231256K->36413340K(65798144K), 0.1732167 secs] [Times: user=2.20 sys=0.54, real=0.18 secs] 
2023-10-20T03:44:18.239+0800: 122000.520: [GC (Allocation Failure) 2023-10-20T03:44:18.239+0800: 122000.521: [ParNew: 8878456K->918815K(9175040K), 0.1730229 secs] 44277660K->36367214K(65798144K), 0.1735785 secs] [Times: user=1.80 sys=0.91, real=0.17 secs] 
2023-10-20T03:44:32.374+0800: 122014.656: [GC (Allocation Failure) 2023-10-20T03:44:32.375+0800: 122014.656: [ParNew: 8783135K->997753K(9175040K), 0.1740679 secs] 44231534K->36495342K(65798144K), 0.1744384 secs] [Times: user=2.24 sys=0.51, real=0.18 secs] 
2023-10-20T03:44:46.993+0800: 122029.274: [GC (Allocation Failure) 2023-10-20T03:44:46.993+0800: 122029.274: [ParNew: 8862073K->995417K(9175040K), 0.1607210 secs] 44359662K->36542382K(65798144K), 0.1610924 secs] [Times: user=2.23 sys=0.27, real=0.16 secs] 
2023-10-20T03:45:00.256+0800: 122042.537: [GC (Allocation Failure) 2023-10-20T03:45:00.256+0800: 122042.537: [ParNew: 8859737K->1145143K(9175040K), 0.2246484 secs] 44406702K->36741432K(65798144K), 0.2250853 secs] [Times: user=2.28 sys=1.35, real=0.22 secs] 
2023-10-20T03:45:15.866+0800: 122058.148: [GC (Allocation Failure) 2023-10-20T03:45:15.867+0800: 122058.148: [ParNew: 9009463K->879946K(9175040K), 0.1585809 secs] 44605752K->36525478K(65798144K), 0.1590134 secs] [Times: user=2.10 sys=0.39, real=0.15 secs] 
2023-10-20T03:45:30.263+0800: 122072.544: [GC (Allocation Failure) 2023-10-20T03:45:30.263+0800: 122072.544: [ParNew: 8744266K->925453K(9175040K), 0.1971101 secs] 44389798K->36619598K(65798144K), 0.1976399 secs] [Times: user=2.05 sys=1.11, real=0.20 secs] 
2023-10-20T03:45:43.949+0800: 122086.230: [GC (Allocation Failure) 2023-10-20T03:45:43.949+0800: 122086.231: [ParNew: 8789773K->1030754K(9175040K), 0.1868380 secs] 44483918K->36774087K(65798144K), 0.1872198 secs] [Times: user=2.24 sys=0.75, real=0.19 secs] 
2023-10-20T03:45:59.145+0800: 122101.426: [GC (Allocation Failure) 2023-10-20T03:45:59.145+0800: 122101.427: [ParNew: 8895074K->896727K(9175040K), 0.1711398 secs] 44638407K->36689023K(65798144K), 0.1715494 secs] [Times: user=1.80 sys=0.86, real=0.18 secs] 
2023-10-20T03:46:13.016+0800: 122115.298: [GC (Allocation Failure) 2023-10-20T03:46:13.017+0800: 122115.298: [ParNew: 8761047K->1121756K(9175040K), 0.1669170 secs] 44553343K->36962768K(65798144K), 0.1673573 secs] [Times: user=2.02 sys=0.61, real=0.16 secs] 
2023-10-20T03:46:26.908+0800: 122129.190: [GC (Allocation Failure) 2023-10-20T03:46:26.909+0800: 122129.190: [ParNew: 8986076K->1064636K(9175040K), 0.1384645 secs] 44827088K->36954744K(65798144K), 0.1388685 secs] [Times: user=1.80 sys=0.33, real=0.14 secs] 
2023-10-20T03:46:40.546+0800: 122142.827: [GC (Allocation Failure) 2023-10-20T03:46:40.546+0800: 122142.827: [ParNew: 8928956K->1066595K(9175040K), 0.2199625 secs] 44819064K->37005734K(65798144K), 0.2204171 secs] [Times: user=2.15 sys=1.41, real=0.22 secs] 
2023-10-20T03:46:54.438+0800: 122156.720: [GC (Allocation Failure) 2023-10-20T03:46:54.439+0800: 122156.720: [ParNew: 8930915K->989290K(9175040K), 0.1515548 secs] 44870054K->36977391K(65798144K), 0.1519246 secs] [Times: user=1.96 sys=0.39, real=0.15 secs] 
2023-10-20T03:47:11.569+0800: 122173.850: [GC (Allocation Failure) 2023-10-20T03:47:11.569+0800: 122173.850: [ParNew: 8853610K->948839K(9175040K), 0.1878394 secs] 44841711K->36986107K(65798144K), 0.1883930 secs] [Times: user=2.24 sys=0.94, real=0.19 secs] 
2023-10-20T03:47:28.721+0800: 122191.002: [GC (Allocation Failure) 2023-10-20T03:47:28.721+0800: 122191.003: [ParNew: 8813159K->983395K(9175040K), 0.1749600 secs] 44850427K->37069798K(65798144K), 0.1753503 secs] [Times: user=2.25 sys=0.71, real=0.18 secs] 
2023-10-20T03:47:42.370+0800: 122204.652: [GC (Allocation Failure) 2023-10-20T03:47:42.371+0800: 122204.652: [ParNew: 8847715K->1055128K(9175040K), 0.1435690 secs] 44934118K->37190158K(65798144K), 0.1439305 secs] [Times: user=2.15 sys=0.20, real=0.14 secs] 
2023-10-20T03:47:55.051+0800: 122217.332: [GC (Allocation Failure) 2023-10-20T03:47:55.051+0800: 122217.332: [ParNew: 8919448K->1052470K(9175040K), 0.2008578 secs] 45054478K->37235931K(65798144K), 0.2012548 secs] [Times: user=2.51 sys=0.91, real=0.20 secs] 
2023-10-20T03:48:09.206+0800: 122231.487: [GC (Allocation Failure) 2023-10-20T03:48:09.206+0800: 122231.487: [ParNew: 8916790K->1011984K(9175040K), 0.1575389 secs] 45100251K->37243810K(65798144K), 0.1579629 secs] [Times: user=2.06 sys=0.56, real=0.16 secs] 
2023-10-20T03:48:23.732+0800: 122246.013: [GC (Allocation Failure) 2023-10-20T03:48:23.732+0800: 122246.014: [ParNew: 8876304K->934120K(9175040K), 0.1760370 secs] 45108130K->37214649K(65798144K), 0.1764472 secs] [Times: user=2.00 sys=0.96, real=0.18 secs] 
2023-10-20T03:48:37.213+0800: 122259.495: [GC (Allocation Failure) 2023-10-20T03:48:37.213+0800: 122259.495: [ParNew: 8798440K->1117466K(9175040K), 0.1665784 secs] 45078969K->37446704K(65798144K), 0.1669972 secs] [Times: user=2.04 sys=0.56, real=0.17 secs] 
2023-10-20T03:48:51.366+0800: 122273.647: [GC (Allocation Failure) 2023-10-20T03:48:51.366+0800: 122273.647: [ParNew: 8981786K->1025130K(9175040K), 0.1450373 secs] 45311024K->37402929K(65798144K), 0.1454380 secs] [Times: user=1.84 sys=0.40, real=0.14 secs] 
2023-10-20T03:49:02.867+0800: 122285.148: [GC (Allocation Failure) 2023-10-20T03:49:02.867+0800: 122285.148: [ParNew: 8889450K->951666K(9175040K), 0.2298219 secs] 45267249K->37378113K(65798144K), 0.2302216 secs] [Times: user=2.60 sys=1.14, real=0.23 secs] 
2023-10-20T03:49:15.091+0800: 122297.373: [GC (Allocation Failure) 2023-10-20T03:49:15.092+0800: 122297.373: [ParNew: 8815986K->1026277K(9175040K), 0.1508155 secs] 45242433K->37501524K(65798144K), 0.1512080 secs] [Times: user=1.89 sys=0.43, real=0.15 secs] 
2023-10-20T03:49:30.276+0800: 122312.557: [GC (Allocation Failure) 2023-10-20T03:49:30.276+0800: 122312.557: [ParNew: 8890597K->1022211K(9175040K), 0.1369498 secs] 45365844K->37546129K(65798144K), 0.1373919 secs] [Times: user=1.78 sys=0.30, real=0.13 secs] 
2023-10-20T03:49:45.636+0800: 122327.917: [GC (Allocation Failure) 2023-10-20T03:49:45.636+0800: 122327.918: [ParNew: 8886531K->982874K(9175040K), 0.2179701 secs] 45410449K->37555457K(65798144K), 0.2183851 secs] [Times: user=2.31 sys=1.23, real=0.21 secs] 
2023-10-20T03:49:59.609+0800: 122341.890: [GC (Allocation Failure) 2023-10-20T03:49:59.609+0800: 122341.890: [ParNew: 8847194K->979468K(9175040K), 0.1673149 secs] 45419777K->37600852K(65798144K), 0.1677454 secs] [Times: user=2.13 sys=0.49, real=0.17 secs] 
2023-10-20T03:50:12.057+0800: 122354.339: [GC (Allocation Failure) 2023-10-20T03:50:12.058+0800: 122354.339: [ParNew: 8843788K->939333K(9175040K), 0.2877733 secs] 45465172K->37610066K(65798144K), 0.2882170 secs] [Times: user=2.71 sys=2.09, real=0.29 secs] 
2023-10-20T03:50:23.629+0800: 122365.910: [GC (Allocation Failure) 2023-10-20T03:50:23.629+0800: 122365.910: [ParNew: 8803653K->1008947K(9175040K), 0.1541096 secs] 45474386K->37728450K(65798144K), 0.1544775 secs] [Times: user=2.06 sys=0.35, real=0.15 secs] 
2023-10-20T03:50:35.644+0800: 122377.925: [GC (Allocation Failure) 2023-10-20T03:50:35.644+0800: 122377.926: [ParNew: 8873267K->1005832K(9175040K), 0.1441872 secs] 45592770K->37774172K(65798144K), 0.1446142 secs] [Times: user=1.97 sys=0.23, real=0.15 secs] 
2023-10-20T03:50:48.976+0800: 122391.258: [GC (Allocation Failure) 2023-10-20T03:50:48.977+0800: 122391.258: [ParNew: 8870152K->1023376K(9175040K), 0.2137256 secs] 45638492K->37840337K(65798144K), 0.2141143 secs] [Times: user=2.29 sys=1.17, real=0.21 secs] 
2023-10-20T03:51:03.842+0800: 122406.124: [GC (Allocation Failure) 2023-10-20T03:51:03.843+0800: 122406.124: [ParNew: 8887696K->1064516K(9175040K), 0.1690362 secs] 45704657K->37930262K(65798144K), 0.1694069 secs] [Times: user=2.28 sys=0.39, real=0.17 secs] 
2023-10-20T03:51:17.100+0800: 122419.381: [GC (Allocation Failure) 2023-10-20T03:51:17.100+0800: 122419.382: [ParNew: 8928836K->908202K(9175040K), 0.1750358 secs] 45794582K->37822717K(65798144K), 0.1755128 secs] [Times: user=1.95 sys=0.80, real=0.17 secs] 
2023-10-20T03:51:29.198+0800: 122431.479: [GC (Allocation Failure) 2023-10-20T03:51:29.198+0800: 122431.480: [ParNew: 8772522K->1017626K(9175040K), 0.1731884 secs] 45687037K->37980639K(65798144K), 0.1735595 secs] [Times: user=2.03 sys=0.71, real=0.17 secs] 
2023-10-20T03:51:39.922+0800: 122442.204: [GC (Allocation Failure) 2023-10-20T03:51:39.923+0800: 122442.204: [ParNew: 8881946K->1016172K(9175040K), 0.1442041 secs] 45844959K->38027578K(65798144K), 0.1446419 secs] [Times: user=2.01 sys=0.21, real=0.15 secs] 
2023-10-20T03:51:50.460+0800: 122452.741: [GC (Allocation Failure) 2023-10-20T03:51:50.461+0800: 122452.742: [ParNew: 8880492K->977610K(9175040K), 0.1691132 secs] 45891898K->38037165K(65798144K), 0.1696743 secs] [Times: user=1.70 sys=0.94, real=0.17 secs] 
2023-10-20T03:52:02.638+0800: 122464.919: [GC (Allocation Failure) 2023-10-20T03:52:02.638+0800: 122464.919: [ParNew: 8841930K->1127438K(9175040K), 0.1753420 secs] 45901485K->38235173K(65798144K), 0.1757343 secs] [Times: user=2.06 sys=0.71, real=0.17 secs] 
2023-10-20T03:52:16.277+0800: 122478.558: [GC (Allocation Failure) 2023-10-20T03:52:16.277+0800: 122478.558: [ParNew: 8991758K->915608K(9175040K), 0.1565918 secs] 46099493K->38072697K(65798144K), 0.1570247 secs] [Times: user=2.13 sys=0.30, real=0.15 secs] 
2023-10-20T03:52:29.033+0800: 122491.314: [GC (Allocation Failure) 2023-10-20T03:52:29.033+0800: 122491.314: [ParNew: 8779928K->983104K(9175040K), 0.2066004 secs] 45937017K->38188968K(65798144K), 0.2070892 secs] [Times: user=1.99 sys=1.34, real=0.21 secs] 
2023-10-20T03:52:41.850+0800: 122504.132: [GC (Allocation Failure) 2023-10-20T03:52:41.851+0800: 122504.132: [ParNew: 8847424K->1166476K(9175040K), 0.1546030 secs] 46053288K->38421049K(65798144K), 0.1550037 secs] [Times: user=2.01 sys=0.37, real=0.15 secs] 
2023-10-20T03:52:54.361+0800: 122516.642: [GC (Allocation Failure) 2023-10-20T03:52:54.361+0800: 122516.642: [ParNew: 9030796K->946948K(9175040K), 0.1360011 secs] 46285369K->38249766K(65798144K), 0.1364597 secs] [Times: user=1.83 sys=0.24, real=0.14 secs] 
2023-10-20T03:53:07.332+0800: 122529.613: [GC (Allocation Failure) 2023-10-20T03:53:07.332+0800: 122529.614: [ParNew: 8811268K->1079394K(9175040K), 0.2043084 secs] 46114086K->38430404K(65798144K), 0.2047268 secs] [Times: user=2.10 sys=1.18, real=0.21 secs] 
2023-10-20T03:53:19.930+0800: 122542.211: [GC (Allocation Failure) 2023-10-20T03:53:19.930+0800: 122542.212: [ParNew: 8943714K->1114691K(9175040K), 0.1584943 secs] 46294724K->38513953K(65798144K), 0.1589073 secs] [Times: user=2.24 sys=0.32, real=0.16 secs] 
2023-10-20T03:53:31.698+0800: 122553.980: [GC (Allocation Failure) 2023-10-20T03:53:31.699+0800: 122553.980: [ParNew: 8979011K->1026199K(9175040K), 0.1607711 secs] 46378273K->38474169K(65798144K), 0.1613699 secs] [Times: user=1.87 sys=0.63, real=0.16 secs] 
2023-10-20T03:53:43.348+0800: 122565.629: [GC (Allocation Failure) 2023-10-20T03:53:43.348+0800: 122565.630: [ParNew: 8890519K->992113K(9175040K), 0.1648937 secs] 46338489K->38488774K(65798144K), 0.1652871 secs] [Times: user=2.10 sys=0.54, real=0.16 secs] 
2023-10-20T03:53:57.057+0800: 122579.338: [GC (Allocation Failure) 2023-10-20T03:53:57.057+0800: 122579.338: [ParNew: 8856433K->1068333K(9175040K), 0.1418031 secs] 46353094K->38613283K(65798144K), 0.1422283 secs] [Times: user=1.82 sys=0.36, real=0.14 secs] 
2023-10-20T03:54:10.770+0800: 122593.051: [GC (Allocation Failure) 2023-10-20T03:54:10.770+0800: 122593.051: [ParNew: 8932653K->1066875K(9175040K), 0.1992503 secs] 46477603K->38660984K(65798144K), 0.1996708 secs] [Times: user=1.94 sys=1.24, real=0.20 secs] 
2023-10-20T03:54:24.042+0800: 122606.323: [GC (Allocation Failure) 2023-10-20T03:54:24.042+0800: 122606.323: [ParNew: 8931195K->1064926K(9175040K), 0.1546027 secs] 46525304K->38708025K(65798144K), 0.1549736 secs] [Times: user=1.93 sys=0.48, real=0.16 secs] 
2023-10-20T03:54:37.636+0800: 122619.917: [GC (Allocation Failure) 2023-10-20T03:54:37.636+0800: 122619.917: [ParNew: 8929246K->1025155K(9175040K), 0.1414069 secs] 46572345K->38717334K(65798144K), 0.1418123 secs] [Times: user=1.99 sys=0.18, real=0.15 secs] 
2023-10-20T03:54:50.871+0800: 122633.152: [GC (Allocation Failure) 2023-10-20T03:54:50.871+0800: 122633.152: [ParNew: 8889475K->984849K(9175040K), 0.1975871 secs] 46581654K->38725969K(65798144K), 0.1979864 secs] [Times: user=2.23 sys=1.10, real=0.20 secs] 
2023-10-20T03:55:03.705+0800: 122645.986: [GC (Allocation Failure) 2023-10-20T03:55:03.705+0800: 122645.987: [ParNew: 8849169K->944868K(9175040K), 0.1405519 secs] 46590289K->38735043K(65798144K), 0.1409165 secs] [Times: user=1.86 sys=0.30, real=0.15 secs] 
2023-10-20T03:55:17.999+0800: 122660.280: [GC (Allocation Failure) 2023-10-20T03:55:17.999+0800: 122660.280: [ParNew: 8809188K->979329K(9175040K), 0.1860365 secs] 46599363K->38818404K(65798144K), 0.1864960 secs] [Times: user=2.11 sys=0.84, real=0.18 secs] 
2023-10-20T03:55:32.144+0800: 122674.425: [GC (Allocation Failure) 2023-10-20T03:55:32.144+0800: 122674.425: [ParNew: 8843649K->1087986K(9175040K), 0.1784843 secs] 46682724K->38976413K(65798144K), 0.1788609 secs] [Times: user=2.05 sys=0.79, real=0.18 secs] 
2023-10-20T03:55:46.587+0800: 122688.868: [GC (Allocation Failure) 2023-10-20T03:55:46.587+0800: 122688.868: [ParNew: 8952306K->1109352K(9175040K), 0.1539853 secs] 46840733K->39047071K(65798144K), 0.1543769 secs] [Times: user=2.07 sys=0.31, real=0.15 secs] 
2023-10-20T03:56:02.727+0800: 122705.008: [GC (Allocation Failure) 2023-10-20T03:56:02.727+0800: 122705.008: [ParNew: 8973672K->1072074K(9175040K), 0.2068658 secs] 46911391K->39058938K(65798144K), 0.2072254 secs] [Times: user=2.03 sys=1.30, real=0.20 secs] 
2023-10-20T03:56:18.409+0800: 122720.690: [GC (Allocation Failure) 2023-10-20T03:56:18.409+0800: 122720.690: [ParNew: 8936394K->993282K(9175040K), 0.1442384 secs] 46923258K->39028988K(65798144K), 0.1446170 secs] [Times: user=1.80 sys=0.41, real=0.14 secs] 
2023-10-20T03:56:36.616+0800: 122738.897: [GC (Allocation Failure) 2023-10-20T03:56:36.616+0800: 122738.898: [ParNew: 8857602K->985504K(9175040K), 0.2112663 secs] 46893308K->39069530K(65798144K), 0.2117346 secs] [Times: user=2.09 sys=1.32, real=0.21 secs] 
2023-10-20T03:56:52.283+0800: 122754.565: [GC (Allocation Failure) 2023-10-20T03:56:52.284+0800: 122754.565: [ParNew: 8849824K->942330K(9175040K), 0.1504051 secs] 46933850K->39074688K(65798144K), 0.1507699 secs] [Times: user=1.96 sys=0.37, real=0.15 secs] 
2023-10-20T03:57:09.279+0800: 122771.560: [GC (Allocation Failure) 2023-10-20T03:57:09.279+0800: 122771.560: [ParNew: 8806650K->901494K(9175040K), 0.2217226 secs] 46939008K->39082863K(65798144K), 0.2221299 secs] [Times: user=2.03 sys=1.57, real=0.22 secs] 
2023-10-20T03:57:28.837+0800: 122791.118: [GC (Allocation Failure) 2023-10-20T03:57:28.837+0800: 122791.118: [ParNew: 8765814K->934083K(9175040K), 0.1481420 secs] 46947183K->39164441K(65798144K), 0.1484729 secs] [Times: user=1.84 sys=0.44, real=0.14 secs] 
2023-10-20T03:57:44.322+0800: 122806.603: [GC (Allocation Failure) 2023-10-20T03:57:44.322+0800: 122806.603: [ParNew: 8798403K->1005190K(9175040K), 0.2089224 secs] 47028761K->39284554K(65798144K), 0.2093961 secs] [Times: user=2.01 sys=1.36, real=0.21 secs] 
2023-10-20T03:57:57.180+0800: 122819.461: [GC (Allocation Failure) 2023-10-20T03:57:57.180+0800: 122819.462: [ParNew: 8869510K->1101198K(9175040K), 0.1504558 secs] 47148874K->39429423K(65798144K), 0.1508658 secs] [Times: user=1.82 sys=0.53, real=0.15 secs] 
2023-10-20T03:58:12.928+0800: 122835.209: [GC (Allocation Failure) 2023-10-20T03:58:12.928+0800: 122835.209: [ParNew: 8965518K->952701K(9175040K), 0.1647667 secs] 47293743K->39329651K(65798144K), 0.1651964 secs] [Times: user=1.84 sys=0.75, real=0.16 secs] 
2023-10-20T03:58:28.203+0800: 122850.484: [GC (Allocation Failure) 2023-10-20T03:58:28.203+0800: 122850.484: [ParNew: 8817021K->989352K(9175040K), 0.1718854 secs] 47193971K->39414794K(65798144K), 0.1722738 secs] [Times: user=1.99 sys=0.74, real=0.17 secs] 
2023-10-20T03:58:44.270+0800: 122866.552: [GC (Allocation Failure) 2023-10-20T03:58:44.271+0800: 122866.552: [ParNew: 8853672K->987114K(9175040K), 0.1502191 secs] 47279114K->39460883K(65798144K), 0.1505904 secs] [Times: user=2.04 sys=0.30, real=0.15 secs] 
2023-10-20T03:59:00.996+0800: 122883.277: [GC (Allocation Failure) 2023-10-20T03:59:00.996+0800: 122883.277: [ParNew: 8851434K->984923K(9175040K), 0.2020127 secs] 47325203K->39507259K(65798144K), 0.2023649 secs] [Times: user=1.87 sys=1.40, real=0.21 secs] 
2023-10-20T03:59:15.368+0800: 122897.650: [GC (Allocation Failure) 2023-10-20T03:59:15.368+0800: 122897.650: [ParNew: 8849243K->983264K(9175040K), 0.1494181 secs] 47371579K->39553891K(65798144K), 0.1497655 secs] [Times: user=2.06 sys=0.27, real=0.15 secs] 
2023-10-20T03:59:29.110+0800: 122911.391: [GC (Allocation Failure) 2023-10-20T03:59:29.110+0800: 122911.391: [ParNew: 8847584K->980350K(9175040K), 0.2129008 secs] 47418211K->39599674K(65798144K), 0.2133348 secs] [Times: user=2.05 sys=1.41, real=0.21 secs] 
2023-10-20T03:59:44.950+0800: 122927.231: [GC (Allocation Failure) 2023-10-20T03:59:44.950+0800: 122927.231: [ParNew: 8844670K->977261K(9175040K), 0.1420129 secs] 47463994K->39644248K(65798144K), 0.1423698 secs] [Times: user=1.76 sys=0.45, real=0.14 secs] 
2023-10-20T04:00:01.045+0800: 122943.327: [GC (Allocation Failure) 2023-10-20T04:00:01.045+0800: 122943.327: [ParNew: 8841581K->976079K(9175040K), 0.1844632 secs] 47508568K->39691158K(65798144K), 0.1848290 secs] [Times: user=1.96 sys=0.99, real=0.19 secs] 
2023-10-20T04:00:16.619+0800: 122958.901: [GC (Allocation Failure) 2023-10-20T04:00:16.620+0800: 122958.901: [ParNew: 8840399K->1122949K(9175040K), 0.1832416 secs] 47555478K->39886397K(65798144K), 0.1836259 secs] [Times: user=2.14 sys=0.79, real=0.18 secs] 
2023-10-20T04:00:31.033+0800: 122973.314: [GC (Allocation Failure) 2023-10-20T04:00:31.033+0800: 122973.314: [ParNew: 8987269K->1068328K(9175040K), 0.1428204 secs] 47750717K->39880552K(65798144K), 0.1432650 secs] [Times: user=1.96 sys=0.25, real=0.15 secs] 
2023-10-20T04:00:44.287+0800: 122986.568: [GC (Allocation Failure) 2023-10-20T04:00:44.287+0800: 122986.568: [ParNew: 8932648K->957049K(9175040K), 0.1843297 secs] 47744872K->39818287K(65798144K), 0.1847458 secs] [Times: user=1.90 sys=1.05, real=0.18 secs] 
2023-10-20T04:00:57.135+0800: 122999.416: [GC (Allocation Failure) 2023-10-20T04:00:57.135+0800: 122999.416: [ParNew: 8821369K->994053K(9175040K), 0.1375756 secs] 47682607K->39904549K(65798144K), 0.1379383 secs] [Times: user=1.79 sys=0.33, real=0.14 secs] 
2023-10-20T04:01:11.403+0800: 123013.685: [GC (Allocation Failure) 2023-10-20T04:01:11.404+0800: 123013.685: [ParNew: 8858373K->915952K(9175040K), 0.1763223 secs] 47768869K->39875482K(65798144K), 0.1768476 secs] [Times: user=1.91 sys=0.89, real=0.18 secs] 
2023-10-20T04:01:25.630+0800: 123027.912: [GC (Allocation Failure) 2023-10-20T04:01:25.631+0800: 123027.912: [ParNew: 8780272K->986189K(9175040K), 0.1680832 secs] 47739802K->39994567K(65798144K), 0.1684567 secs] [Times: user=1.88 sys=0.77, real=0.17 secs] 
2023-10-20T04:01:38.170+0800: 123040.452: [GC (Allocation Failure) 2023-10-20T04:01:38.171+0800: 123040.452: [ParNew: 8850509K->984140K(9175040K), 0.1362751 secs] 47858887K->40041355K(65798144K), 0.1366394 secs] [Times: user=1.77 sys=0.32, real=0.14 secs] 
2023-10-20T04:01:53.171+0800: 123055.452: [GC (Allocation Failure) 2023-10-20T04:01:53.171+0800: 123055.452: [ParNew: 8848460K->980808K(9175040K), 0.2017558 secs] 47905675K->40086870K(65798144K), 0.2021812 secs] [Times: user=2.00 sys=1.27, real=0.20 secs] 
2023-10-20T04:02:07.563+0800: 123069.844: [GC (Allocation Failure) 2023-10-20T04:02:07.563+0800: 123069.845: [ParNew: 8845128K->977909K(9175040K), 0.1497823 secs] 47951190K->40133177K(65798144K), 0.1501496 secs] [Times: user=1.98 sys=0.35, real=0.15 secs] 
2023-10-20T04:02:23.123+0800: 123085.404: [GC (Allocation Failure) 2023-10-20T04:02:23.123+0800: 123085.404: [ParNew: 8842229K->972328K(9175040K), 0.2245273 secs] 47997497K->40176203K(65798144K), 0.2249308 secs] [Times: user=2.07 sys=1.57, real=0.23 secs] 
2023-10-20T04:02:36.148+0800: 123098.429: [GC (Allocation Failure) 2023-10-20T04:02:36.148+0800: 123098.430: [ParNew: 8836648K->1190986K(9175040K), 0.1461330 secs] 48040523K->40443489K(65798144K), 0.1465629 secs] [Times: user=1.95 sys=0.32, real=0.14 secs] 
2023-10-20T04:02:49.423+0800: 123111.704: [GC (Allocation Failure) 2023-10-20T04:02:49.423+0800: 123111.704: [ParNew: 9055306K->897888K(9175040K), 0.1407078 secs] 48307809K->40199374K(65798144K), 0.1411175 secs] [Times: user=1.91 sys=0.25, real=0.14 secs] 
2023-10-20T04:03:05.063+0800: 123127.345: [GC (Allocation Failure) 2023-10-20T04:03:05.064+0800: 123127.345: [ParNew: 8762208K->1066506K(9175040K), 0.2065305 secs] 48063694K->40416652K(65798144K), 0.2069593 secs] [Times: user=2.06 sys=1.29, real=0.21 secs] 
2023-10-20T04:03:19.104+0800: 123141.385: [GC (Allocation Failure) 2023-10-20T04:03:19.104+0800: 123141.385: [ParNew: 8930826K->1072914K(9175040K), 0.1566601 secs] 48280972K->40472251K(65798144K), 0.1570381 secs] [Times: user=2.13 sys=0.32, real=0.16 secs] 
2023-10-20T04:03:32.072+0800: 123154.353: [GC (Allocation Failure) 2023-10-20T04:03:32.072+0800: 123154.354: [ParNew: 8937234K->1013289K(9175040K), 0.1912120 secs] 48336571K->40461636K(65798144K), 0.1916194 secs] [Times: user=2.06 sys=1.01, real=0.19 secs] 
2023-10-20T04:03:45.113+0800: 123167.394: [GC (Allocation Failure) 2023-10-20T04:03:45.113+0800: 123167.395: [ParNew: 8877609K->975477K(9175040K), 0.1719599 secs] 48325956K->40472352K(65798144K), 0.1723670 secs] [Times: user=2.07 sys=0.67, real=0.17 secs] 
2023-10-20T04:03:58.063+0800: 123180.344: [GC (Allocation Failure) 2023-10-20T04:03:58.063+0800: 123180.345: [ParNew: 8839797K->1010501K(9175040K), 0.1453036 secs] 48336672K->40556325K(65798144K), 0.1457055 secs] [Times: user=1.94 sys=0.32, real=0.15 secs] 
2023-10-20T04:04:10.734+0800: 123193.015: [GC (Allocation Failure) 2023-10-20T04:04:10.734+0800: 123193.015: [ParNew: 8874821K->895206K(9175040K), 0.2262450 secs] 48420645K->40489927K(65798144K), 0.2266359 secs] [Times: user=2.43 sys=1.27, real=0.23 secs] 
2023-10-20T04:04:22.701+0800: 123204.982: [GC (Allocation Failure) 2023-10-20T04:04:22.701+0800: 123204.983: [ParNew: 8759526K->927688K(9175040K), 0.1336030 secs] 48354247K->40571730K(65798144K), 0.1340085 secs] [Times: user=1.67 sys=0.38, real=0.13 secs] 
2023-10-20T04:04:35.910+0800: 123218.191: [GC (Allocation Failure) 2023-10-20T04:04:35.910+0800: 123218.191: [ParNew: 8792008K->996476K(9175040K), 0.1430437 secs] 48436050K->40688916K(65798144K), 0.1435484 secs] [Times: user=2.01 sys=0.22, real=0.14 secs] 
2023-10-20T04:04:48.593+0800: 123230.875: [GC (Allocation Failure) 2023-10-20T04:04:48.594+0800: 123230.875: [ParNew: 8860796K->978578K(9175040K), 0.2021792 secs] 48553236K->40719994K(65798144K), 0.2026037 secs] [Times: user=2.21 sys=1.07, real=0.21 secs] 
2023-10-20T04:05:00.882+0800: 123243.164: [GC (Allocation Failure) 2023-10-20T04:05:00.883+0800: 123243.164: [ParNew: 8842898K->1093132K(9175040K), 0.1425049 secs] 48584314K->40882696K(65798144K), 0.1428696 secs] [Times: user=1.89 sys=0.33, real=0.14 secs] 
2023-10-20T04:05:12.199+0800: 123254.480: [GC (Allocation Failure) 2023-10-20T04:05:12.199+0800: 123254.480: [ParNew: 8957452K->904044K(9175040K), 0.1792496 secs] 48747016K->40741611K(65798144K), 0.1797215 secs] [Times: user=2.19 sys=0.69, real=0.18 secs] 
2023-10-20T04:05:23.400+0800: 123265.682: [GC (Allocation Failure) 2023-10-20T04:05:23.401+0800: 123265.682: [ParNew: 8768364K->1013892K(9175040K), 0.1583638 secs] 48605931K->40900380K(65798144K), 0.1587259 secs] [Times: user=1.92 sys=0.56, real=0.16 secs] 
2023-10-20T04:05:34.316+0800: 123276.598: [GC (Allocation Failure) 2023-10-20T04:05:34.317+0800: 123276.598: [ParNew: 8878212K->1011849K(9175040K), 0.1560263 secs] 48764700K->40946403K(65798144K), 0.1564359 secs] [Times: user=2.33 sys=0.12, real=0.15 secs] 
2023-10-20T04:05:46.526+0800: 123288.807: [GC (Allocation Failure) 2023-10-20T04:05:46.526+0800: 123288.807: [ParNew: 8876169K->899917K(9175040K), 0.1586487 secs] 48810723K->40883596K(65798144K), 0.1591561 secs] [Times: user=1.81 sys=0.67, real=0.15 secs] 
2023-10-20T04:05:58.868+0800: 123301.150: [GC (Allocation Failure) 2023-10-20T04:05:58.869+0800: 123301.150: [ParNew: 8764237K->1009870K(9175040K), 0.1757555 secs] 48747916K->41041597K(65798144K), 0.1761075 secs] [Times: user=2.18 sys=0.62, real=0.17 secs] 
2023-10-20T04:06:10.766+0800: 123313.047: [GC (Allocation Failure) 2023-10-20T04:06:10.766+0800: 123313.047: [ParNew: 8874190K->1009366K(9175040K), 0.1411607 secs] 48905917K->41089144K(65798144K), 0.1415252 secs] [Times: user=1.94 sys=0.23, real=0.15 secs] 
2023-10-20T04:06:23.157+0800: 123325.439: [GC (Allocation Failure) 2023-10-20T04:06:23.158+0800: 123325.439: [ParNew: 8873686K->930680K(9175040K), 0.1682657 secs] 48953464K->41058814K(65798144K), 0.1687829 secs] [Times: user=1.91 sys=0.75, real=0.17 secs] 
2023-10-20T04:06:36.367+0800: 123338.649: [GC (Allocation Failure) 2023-10-20T04:06:36.368+0800: 123338.649: [ParNew: 8795000K->1039488K(9175040K), 0.1685967 secs] 48923134K->41215664K(65798144K), 0.1689505 secs] [Times: user=2.01 sys=0.66, real=0.17 secs] 
2023-10-20T04:06:49.421+0800: 123351.702: [GC (Allocation Failure) 2023-10-20T04:06:49.421+0800: 123351.702: [ParNew: 8903808K->1038362K(9175040K), 0.1454427 secs] 49079984K->41262463K(65798144K), 0.1458414 secs] [Times: user=1.92 sys=0.34, real=0.15 secs] 
2023-10-20T04:07:02.038+0800: 123364.320: [GC (Allocation Failure) 2023-10-20T04:07:02.039+0800: 123364.320: [ParNew: 8902682K->946384K(9175040K), 0.1772559 secs] 49126783K->41218239K(65798144K), 0.1776679 secs] [Times: user=1.95 sys=0.87, real=0.18 secs] 
2023-10-20T04:07:14.760+0800: 123377.042: [GC (Allocation Failure) 2023-10-20T04:07:14.761+0800: 123377.042: [ParNew: 8810704K->987454K(9175040K), 0.1746465 secs] 49082559K->41308104K(65798144K), 0.1750582 secs] [Times: user=2.06 sys=0.73, real=0.17 secs] 
2023-10-20T04:07:31.809+0800: 123394.090: [GC (Allocation Failure) 2023-10-20T04:07:31.809+0800: 123394.091: [ParNew: 8851774K->985834K(9175040K), 0.1399897 secs] 49172424K->41354656K(65798144K), 0.1403794 secs] [Times: user=1.82 sys=0.34, real=0.14 secs] 
2023-10-20T04:07:44.627+0800: 123406.909: [GC (Allocation Failure) 2023-10-20T04:07:44.628+0800: 123406.909: [ParNew: 8850154K->982804K(9175040K), 0.1997448 secs] 49218976K->41399513K(65798144K), 0.2001447 secs] [Times: user=2.02 sys=1.22, real=0.20 secs] 
2023-10-20T04:07:55.877+0800: 123418.158: [GC (Allocation Failure) 2023-10-20T04:07:55.877+0800: 123418.158: [ParNew: 8847124K->981334K(9175040K), 0.1334251 secs] 49263833K->41445974K(65798144K), 0.1338409 secs] [Times: user=1.78 sys=0.26, real=0.13 secs] 
2023-10-20T04:08:07.702+0800: 123429.984: [GC (Allocation Failure) 2023-10-20T04:08:07.703+0800: 123429.984: [ParNew: 8845654K->1055092K(9175040K), 0.1319336 secs] 49310294K->41568414K(65798144K), 0.1323594 secs] [Times: user=1.78 sys=0.23, real=0.13 secs] 
2023-10-20T04:08:21.567+0800: 123443.848: [GC (Allocation Failure) 2023-10-20T04:08:21.567+0800: 123443.849: [ParNew: 8919412K->1050951K(9175040K), 0.1925680 secs] 49432734K->41613212K(65798144K), 0.1929715 secs] [Times: user=1.86 sys=1.24, real=0.19 secs] 
2023-10-20T04:08:33.148+0800: 123455.429: [GC (Allocation Failure) 2023-10-20T04:08:33.148+0800: 123455.429: [ParNew: 8915271K->1045811K(9175040K), 0.1326062 secs] 49477532K->41656762K(65798144K), 0.1329619 secs] [Times: user=1.73 sys=0.31, real=0.13 secs] 
2023-10-20T04:08:44.292+0800: 123466.573: [GC (Allocation Failure) 2023-10-20T04:08:44.292+0800: 123466.574: [ParNew: 8910131K->1006057K(9175040K), 0.1585389 secs] 49521082K->41665857K(65798144K), 0.1590947 secs] [Times: user=1.85 sys=0.62, real=0.16 secs] 
2023-10-20T04:08:57.022+0800: 123479.303: [GC (Allocation Failure) 2023-10-20T04:08:57.022+0800: 123479.304: [ParNew: 8870377K->1113378K(9175040K), 0.1624274 secs] 49530177K->41822077K(65798144K), 0.1628350 secs] [Times: user=2.08 sys=0.47, real=0.16 secs] 
2023-10-20T04:09:09.985+0800: 123492.266: [GC (Allocation Failure) 2023-10-20T04:09:09.985+0800: 123492.266: [ParNew: 8977698K->1059393K(9175040K), 0.1389997 secs] 49686397K->41816696K(65798144K), 0.1393684 secs] [Times: user=1.86 sys=0.29, real=0.14 secs] 
2023-10-20T04:09:23.388+0800: 123505.669: [GC (Allocation Failure) 2023-10-20T04:09:23.388+0800: 123505.670: [ParNew: 8923713K->1023262K(9175040K), 0.1683113 secs] 49681016K->41829618K(65798144K), 0.1687877 secs] [Times: user=1.82 sys=0.84, real=0.17 secs] 
2023-10-20T04:09:37.389+0800: 123519.671: [GC (Allocation Failure) 2023-10-20T04:09:37.390+0800: 123519.671: [ParNew: 8887582K->1020140K(9175040K), 0.1778472 secs] 49693938K->41875112K(65798144K), 0.1781959 secs] [Times: user=2.09 sys=0.75, real=0.18 secs] 
2023-10-20T04:09:49.655+0800: 123531.936: [GC (Allocation Failure) 2023-10-20T04:09:49.655+0800: 123531.936: [ParNew: 8884460K->1017286K(9175040K), 0.1408734 secs] 49739432K->41920651K(65798144K), 0.1412295 secs] [Times: user=1.88 sys=0.30, real=0.15 secs] 
2023-10-20T04:10:02.235+0800: 123544.517: [GC (Allocation Failure) 2023-10-20T04:10:02.236+0800: 123544.517: [ParNew: 8881606K->940330K(9175040K), 0.2063751 secs] 49784971K->41891889K(65798144K), 0.2068185 secs] [Times: user=2.16 sys=1.18, real=0.21 secs] 
2023-10-20T04:10:16.243+0800: 123558.524: [GC (Allocation Failure) 2023-10-20T04:10:16.243+0800: 123558.524: [ParNew: 8804650K->900946K(9175040K), 0.1752962 secs] 49756209K->41900940K(65798144K), 0.1756590 secs] [Times: user=2.42 sys=0.37, real=0.18 secs] 
2023-10-20T04:10:31.290+0800: 123573.571: [GC (Allocation Failure) 2023-10-20T04:10:31.290+0800: 123573.571: [ParNew: 8765266K->1046058K(9175040K), 0.1443335 secs] 49765260K->42094425K(65798144K), 0.1446938 secs] [Times: user=1.90 sys=0.33, real=0.14 secs] 
2023-10-20T04:10:46.797+0800: 123589.078: [GC (Allocation Failure) 2023-10-20T04:10:46.797+0800: 123589.078: [ParNew: 8910378K->968658K(9175040K), 0.2016729 secs] 49958745K->42065540K(65798144K), 0.2020337 secs] [Times: user=2.05 sys=1.21, real=0.20 secs] 
2023-10-20T04:11:02.618+0800: 123604.899: [GC (Allocation Failure) 2023-10-20T04:11:02.618+0800: 123604.899: [ParNew: 8832978K->1003521K(9175040K), 0.1425989 secs] 49929860K->42148522K(65798144K), 0.1429414 secs] [Times: user=1.83 sys=0.39, real=0.14 secs] 
2023-10-20T04:11:16.603+0800: 123618.884: [GC (Allocation Failure) 2023-10-20T04:11:16.604+0800: 123618.885: [ParNew: 8867841K->1001806K(9175040K), 0.2064779 secs] 50012842K->42194644K(65798144K), 0.2069330 secs] [Times: user=2.18 sys=1.16, real=0.21 secs] 
2023-10-20T04:11:33.241+0800: 123635.522: [GC (Allocation Failure) 2023-10-20T04:11:33.241+0800: 123635.522: [ParNew: 8866126K->1019916K(9175040K), 0.1740123 secs] 50058964K->42260479K(65798144K), 0.1743528 secs] [Times: user=2.17 sys=0.59, real=0.17 secs] 
2023-10-20T04:11:48.426+0800: 123650.707: [GC (Allocation Failure) 2023-10-20T04:11:48.426+0800: 123650.707: [ParNew: 8884236K->1023702K(9175040K), 0.1498804 secs] 50124799K->42312508K(65798144K), 0.1502822 secs] [Times: user=2.12 sys=0.22, real=0.15 secs] 
2023-10-20T04:12:03.594+0800: 123665.875: [GC (Allocation Failure) 2023-10-20T04:12:03.594+0800: 123665.875: [ParNew: 8888022K->1061233K(9175040K), 0.1977245 secs] 50176828K->42398495K(65798144K), 0.1980894 secs] [Times: user=1.93 sys=1.26, real=0.20 secs] 
2023-10-20T04:12:18.048+0800: 123680.329: [GC (Allocation Failure) 2023-10-20T04:12:18.048+0800: 123680.329: [ParNew: 8925553K->945718K(9175040K), 0.1496366 secs] 50262815K->42331216K(65798144K), 0.1500568 secs] [Times: user=2.03 sys=0.33, real=0.15 secs] 
2023-10-20T04:12:32.989+0800: 123695.270: [GC (Allocation Failure) 2023-10-20T04:12:32.989+0800: 123695.271: [ParNew: 8810038K->943017K(9175040K), 0.2158978 secs] 50195536K->42376504K(65798144K), 0.2162841 secs] [Times: user=1.96 sys=1.55, real=0.21 secs] 
2023-10-20T04:12:46.085+0800: 123708.367: [GC (Allocation Failure) 2023-10-20T04:12:46.086+0800: 123708.367: [ParNew: 8807337K->941674K(9175040K), 0.1439904 secs] 50240824K->42422945K(65798144K), 0.1443426 secs] [Times: user=1.85 sys=0.38, real=0.15 secs] 
2023-10-20T04:13:01.463+0800: 123723.744: [GC (Allocation Failure) 2023-10-20T04:13:01.463+0800: 123723.744: [ParNew: 8805994K->1015771K(9175040K), 0.1409202 secs] 50287265K->42545688K(65798144K), 0.1412834 secs] [Times: user=1.89 sys=0.28, real=0.14 secs] 
2023-10-20T04:13:15.867+0800: 123738.148: [GC (Allocation Failure) 2023-10-20T04:13:15.867+0800: 123738.149: [ParNew: 8880091K->975682K(9175040K), 0.1954581 secs] 50410008K->42553882K(65798144K), 0.1958311 secs] [Times: user=2.00 sys=1.15, real=0.19 secs] 
2023-10-20T04:13:28.801+0800: 123751.083: [GC (Allocation Failure) 2023-10-20T04:13:28.802+0800: 123751.083: [ParNew: 8840002K->1011438K(9175040K), 0.1425634 secs] 50418202K->42637591K(65798144K), 0.1429293 secs] [Times: user=1.92 sys=0.28, real=0.14 secs] 
2023-10-20T04:13:42.202+0800: 123764.483: [GC (Allocation Failure) 2023-10-20T04:13:42.202+0800: 123764.484: [ParNew: 8875758K->934835K(9175040K), 0.1617627 secs] 50501911K->42609572K(65798144K), 0.1621516 secs] [Times: user=1.87 sys=0.66, real=0.16 secs] 
2023-10-20T04:13:57.502+0800: 123779.784: [GC (Allocation Failure) 2023-10-20T04:13:57.503+0800: 123779.784: [ParNew: 8799155K->1083286K(9175040K), 0.1634223 secs] 50473892K->42806900K(65798144K), 0.1638218 secs] [Times: user=1.79 sys=0.78, real=0.17 secs] 
2023-10-20T04:14:13.259+0800: 123795.541: [GC (Allocation Failure) 2023-10-20T04:14:13.259+0800: 123795.541: [ParNew: 8947606K->991092K(9175040K), 0.1377364 secs] 50671220K->42763396K(65798144K), 0.1380958 secs] [Times: user=1.78 sys=0.34, real=0.14 secs] 
2023-10-20T04:14:28.906+0800: 123811.187: [GC (Allocation Failure) 2023-10-20T04:14:28.906+0800: 123811.187: [ParNew: 8855412K->1032071K(9175040K), 0.1915589 secs] 50627716K->42853121K(65798144K), 0.1919374 secs] [Times: user=1.74 sys=1.34, real=0.19 secs] 
2023-10-20T04:14:44.571+0800: 123826.853: [GC (Allocation Failure) 2023-10-20T04:14:44.571+0800: 123826.853: [ParNew: 8896391K->993183K(9175040K), 0.1418752 secs] 50717441K->42863372K(65798144K), 0.1422302 secs] [Times: user=1.90 sys=0.28, real=0.14 secs] 
2023-10-20T04:15:01.184+0800: 123843.465: [GC (Allocation Failure) 2023-10-20T04:15:01.184+0800: 123843.465: [ParNew: 8857503K->952318K(9175040K), 0.1843396 secs] 50727692K->42871169K(65798144K), 0.1847692 secs] [Times: user=2.03 sys=0.91, real=0.19 secs] 
2023-10-20T04:15:17.180+0800: 123859.461: [GC (Allocation Failure) 2023-10-20T04:15:17.180+0800: 123859.461: [ParNew: 8816638K->1025641K(9175040K), 0.1802980 secs] 50735489K->42993164K(65798144K), 0.1806936 secs] [Times: user=2.12 sys=0.77, real=0.18 secs] 
2023-10-20T04:15:32.357+0800: 123874.638: [GC (Allocation Failure) 2023-10-20T04:15:32.357+0800: 123874.639: [ParNew: 8889961K->983502K(9175040K), 0.1472650 secs] 50857484K->42999742K(65798144K), 0.1476220 secs] [Times: user=1.97 sys=0.32, real=0.14 secs] 
2023-10-20T04:15:46.547+0800: 123888.828: [GC (Allocation Failure) 2023-10-20T04:15:46.547+0800: 123888.829: [ParNew: 8847822K->980856K(9175040K), 0.1890557 secs] 50864062K->43046049K(65798144K), 0.1894338 secs] [Times: user=1.84 sys=1.20, real=0.19 secs] 
2023-10-20T04:16:01.628+0800: 123903.909: [GC (Allocation Failure) 2023-10-20T04:16:01.628+0800: 123903.909: [ParNew: 8845176K->1014131K(9175040K), 0.1513765 secs] 50910369K->43128062K(65798144K), 0.1517169 secs] [Times: user=1.90 sys=0.47, real=0.15 secs] 
2023-10-20T04:16:17.876+0800: 123920.157: [GC (Allocation Failure) 2023-10-20T04:16:17.876+0800: 123920.157: [ParNew: 8878451K->973233K(9175040K), 0.1822038 secs] 50992382K->43135787K(65798144K), 0.1827131 secs] [Times: user=1.99 sys=0.91, real=0.19 secs] 
2023-10-20T04:16:30.827+0800: 123933.108: [GC (Allocation Failure) 2023-10-20T04:16:30.827+0800: 123933.109: [ParNew: 8837553K->1140831K(9175040K), 0.1745381 secs] 51000107K->43352123K(65798144K), 0.1748933 secs] [Times: user=2.19 sys=0.58, real=0.17 secs] 
2023-10-20T04:16:43.631+0800: 123945.913: [GC (Allocation Failure) 2023-10-20T04:16:43.632+0800: 123945.913: [ParNew: 9005151K->1068106K(9175040K), 0.1461167 secs] 51216443K->43327946K(65798144K), 0.1464602 secs] [Times: user=2.02 sys=0.25, real=0.15 secs] 
2023-10-20T04:16:56.136+0800: 123958.417: [GC (Allocation Failure) 2023-10-20T04:16:56.136+0800: 123958.417: [ParNew: 8932426K->953068K(9175040K), 0.1719630 secs] 51192266K->43262142K(65798144K), 0.1724568 secs] [Times: user=2.00 sys=0.72, real=0.17 secs] 
2023-10-20T04:17:09.624+0800: 123971.905: [GC (Allocation Failure) 2023-10-20T04:17:09.624+0800: 123971.905: [ParNew: 8817388K->1026284K(9175040K), 0.1721279 secs] 51126462K->43384432K(65798144K), 0.1724960 secs] [Times: user=1.97 sys=0.76, real=0.18 secs] 
2023-10-20T04:17:24.683+0800: 123986.964: [GC (Allocation Failure) 2023-10-20T04:17:24.683+0800: 123986.964: [ParNew: 8890604K->983996K(9175040K), 0.1414446 secs] 51248752K->43391248K(65798144K), 0.1417991 secs] [Times: user=1.87 sys=0.31, real=0.14 secs] 
2023-10-20T04:17:38.544+0800: 124000.825: [GC (Allocation Failure) 2023-10-20T04:17:38.544+0800: 124000.825: [ParNew: 8848316K->1018645K(9175040K), 0.1958122 secs] 51255568K->43474866K(65798144K), 0.1962299 secs] [Times: user=1.94 sys=1.22, real=0.20 secs] 
2023-10-20T04:17:52.176+0800: 124014.458: [GC (Allocation Failure) 2023-10-20T04:17:52.176+0800: 124014.458: [ParNew: 8882965K->940712K(9175040K), 0.1489691 secs] 51339186K->43445480K(65798144K), 0.1493203 secs] [Times: user=2.00 sys=0.32, real=0.15 secs] 
2023-10-20T04:18:06.183+0800: 124028.465: [GC (Allocation Failure) 2023-10-20T04:18:06.184+0800: 124028.465: [ParNew: 8805032K->900984K(9175040K), 0.1717243 secs] 51309800K->43454591K(65798144K), 0.1721489 secs] [Times: user=1.83 sys=0.90, real=0.18 secs] 
2023-10-20T04:18:20.097+0800: 124042.379: [GC (Allocation Failure) 2023-10-20T04:18:20.098+0800: 124042.379: [ParNew: 8765304K->1084317K(9175040K), 0.1669603 secs] 51318911K->43686231K(65798144K), 0.1673242 secs] [Times: user=2.03 sys=0.61, real=0.16 secs] 
2023-10-20T04:18:31.620+0800: 124053.901: [GC (Allocation Failure) 2023-10-20T04:18:31.620+0800: 124053.902: [ParNew: 8948637K->970641K(9175040K), 0.1424248 secs] 51550551K->43621291K(65798144K), 0.1427859 secs] [Times: user=1.96 sys=0.24, real=0.14 secs] 
2023-10-20T04:18:45.570+0800: 124067.852: [GC (Allocation Failure) 2023-10-20T04:18:45.571+0800: 124067.852: [ParNew: 8834961K->968941K(9175040K), 0.1896454 secs] 51485611K->43667686K(65798144K), 0.1900495 secs] [Times: user=2.05 sys=0.98, real=0.19 secs] 
2023-10-20T04:19:00.202+0800: 124082.484: [GC (Allocation Failure) 2023-10-20T04:19:00.203+0800: 124082.484: [ParNew: 8833261K->1041275K(9175040K), 0.1716005 secs] 51532006K->43788619K(65798144K), 0.1719934 secs] [Times: user=1.92 sys=0.81, real=0.17 secs] 
2023-10-20T04:19:12.838+0800: 124095.120: [GC (Allocation Failure) 2023-10-20T04:19:12.839+0800: 124095.120: [ParNew: 8905595K->1022949K(9175040K), 0.1452533 secs] 51652939K->43819133K(65798144K), 0.1456473 secs] [Times: user=2.02 sys=0.23, real=0.14 secs] 
2023-10-20T04:19:26.686+0800: 124108.967: [GC (Allocation Failure) 2023-10-20T04:19:26.686+0800: 124108.968: [ParNew: 8887269K->1101225K(9175040K), 0.1995677 secs] 51683453K->43946436K(65798144K), 0.2000052 secs] [Times: user=1.89 sys=1.33, real=0.20 secs] 
2023-10-20T04:19:38.608+0800: 124120.889: [GC (Allocation Failure) 2023-10-20T04:19:38.608+0800: 124120.890: [ParNew: 8965545K->985694K(9175040K), 0.1503720 secs] 51810756K->43879216K(65798144K), 0.1507385 secs] [Times: user=2.08 sys=0.26, real=0.15 secs] 
2023-10-20T04:19:52.440+0800: 124134.722: [GC (Allocation Failure) 2023-10-20T04:19:52.441+0800: 124134.722: [ParNew: 8850014K->1024115K(9175040K), 0.1374698 secs] 51743536K->43966027K(65798144K), 0.1378420 secs] [Times: user=1.78 sys=0.33, real=0.14 secs] 
2023-10-20T04:20:04.889+0800: 124147.170: [GC (Allocation Failure) 2023-10-20T04:20:04.889+0800: 124147.170: [ParNew: 8888435K->947113K(9175040K), 0.1805041 secs] 51830347K->43937419K(65798144K), 0.1809352 secs] [Times: user=1.59 sys=1.29, real=0.18 secs] 
2023-10-20T04:20:15.672+0800: 124157.953: [GC (Allocation Failure) 2023-10-20T04:20:15.672+0800: 124157.953: [ParNew: 8811433K->1020922K(9175040K), 0.1338442 secs] 51801739K->44060703K(65798144K), 0.1342048 secs] [Times: user=1.73 sys=0.31, real=0.14 secs] 
2023-10-20T04:20:27.815+0800: 124170.096: [GC (Allocation Failure) 2023-10-20T04:20:27.815+0800: 124170.096: [ParNew: 8885242K->1019564K(9175040K), 0.1290898 secs] 51925023K->44108241K(65798144K), 0.1295195 secs] [Times: user=1.69 sys=0.26, real=0.13 secs] 
2023-10-20T04:20:41.088+0800: 124183.369: [GC (Allocation Failure) 2023-10-20T04:20:41.088+0800: 124183.370: [ParNew: 8883884K->1017537K(9175040K), 0.1775864 secs] 51972561K->44154936K(65798144K), 0.1779838 secs] [Times: user=1.79 sys=1.04, real=0.18 secs] 
2023-10-20T04:20:53.196+0800: 124195.477: [GC (Allocation Failure) 2023-10-20T04:20:53.196+0800: 124195.477: [ParNew: 8881857K->1016661K(9175040K), 0.1308546 secs] 52019256K->44203017K(65798144K), 0.1312341 secs] [Times: user=1.80 sys=0.19, real=0.13 secs] 
2023-10-20T04:21:06.288+0800: 124208.569: [GC (Allocation Failure) 2023-10-20T04:21:06.288+0800: 124208.569: [ParNew: 8880981K->978652K(9175040K), 0.1278899 secs] 52067337K->44213685K(65798144K), 0.1282758 secs] [Times: user=1.74 sys=0.20, real=0.13 secs] 
2023-10-20T04:21:17.959+0800: 124220.240: [GC (Allocation Failure) 2023-10-20T04:21:17.959+0800: 124220.240: [ParNew: 8842972K->899014K(9175040K), 0.1770169 secs] 52078005K->44182806K(65798144K), 0.1774170 secs] [Times: user=1.71 sys=1.10, real=0.18 secs] 
2023-10-20T04:21:29.256+0800: 124231.537: [GC (Allocation Failure) 2023-10-20T04:21:29.256+0800: 124231.538: [ParNew: 8763334K->934706K(9175040K), 0.1321064 secs] 52047126K->44267119K(65798144K), 0.1325376 secs] [Times: user=1.78 sys=0.21, real=0.13 secs] 
2023-10-20T04:21:41.091+0800: 124243.372: [GC (Allocation Failure) 2023-10-20T04:21:41.091+0800: 124243.373: [ParNew: 8799026K->970907K(9175040K), 0.1251051 secs] 52131439K->44351652K(65798144K), 0.1254840 secs] [Times: user=1.67 sys=0.21, real=0.13 secs] 
2023-10-20T04:21:54.980+0800: 124257.261: [GC (Allocation Failure) 2023-10-20T04:21:54.980+0800: 124257.261: [ParNew: 8835227K->1007447K(9175040K), 0.1908071 secs] 52215972K->44436476K(65798144K), 0.1912573 secs] [Times: user=1.76 sys=1.31, real=0.19 secs] 
2023-10-20T04:22:10.899+0800: 124273.180: [GC (Allocation Failure) 2023-10-20T04:22:10.899+0800: 124273.180: [ParNew: 8871767K->1066673K(9175040K), 0.1574863 secs] 52300796K->44544536K(65798144K), 0.1578593 secs] [Times: user=2.04 sys=0.43, real=0.16 secs] 
2023-10-20T04:22:24.431+0800: 124286.712: [GC (Allocation Failure) 2023-10-20T04:22:24.431+0800: 124286.713: [ParNew: 8930993K->993851K(9175040K), 0.1712659 secs] 52408856K->44520612K(65798144K), 0.1716294 secs] [Times: user=1.98 sys=0.73, real=0.17 secs] 
2023-10-20T04:22:39.658+0800: 124301.939: [GC (Allocation Failure) 2023-10-20T04:22:39.658+0800: 124301.940: [ParNew: 8858171K->1069694K(9175040K), 0.1774296 secs] 52384932K->44645495K(65798144K), 0.1777693 secs] [Times: user=2.27 sys=0.57, real=0.18 secs] 
2023-10-20T04:22:52.186+0800: 124314.467: [GC (Allocation Failure) 2023-10-20T04:22:52.186+0800: 124314.468: [ParNew: 8934014K->1029639K(9175040K), 0.1482487 secs] 52509815K->44654188K(65798144K), 0.1485920 secs] [Times: user=2.01 sys=0.30, real=0.14 secs] 
2023-10-20T04:23:04.262+0800: 124326.543: [GC (Allocation Failure) 2023-10-20T04:23:04.262+0800: 124326.543: [ParNew: 8893959K->951788K(9175040K), 0.1681030 secs] 52518508K->44625221K(65798144K), 0.1684715 secs] [Times: user=1.94 sys=0.70, real=0.17 secs] 
2023-10-20T04:23:18.521+0800: 124340.802: [GC (Allocation Failure) 2023-10-20T04:23:18.521+0800: 124340.802: [ParNew: 8816108K->1100961K(9175040K), 0.1748146 secs] 52489541K->44823273K(65798144K), 0.1751869 secs] [Times: user=2.13 sys=0.65, real=0.18 secs] 
2023-10-20T04:23:30.816+0800: 124353.098: [GC (Allocation Failure) 2023-10-20T04:23:30.817+0800: 124353.098: [ParNew: 8965281K->985542K(9175040K), 0.1426836 secs] 52687593K->44757047K(65798144K), 0.1430324 secs] [Times: user=1.95 sys=0.25, real=0.14 secs] 
2023-10-20T04:23:43.031+0800: 124365.312: [GC (Allocation Failure) 2023-10-20T04:23:43.031+0800: 124365.312: [ParNew: 8849862K->984071K(9175040K), 0.1576793 secs] 52621367K->44804426K(65798144K), 0.1581187 secs] [Times: user=1.80 sys=0.67, real=0.16 secs] 
2023-10-20T04:23:57.266+0800: 124379.547: [GC (Allocation Failure) 2023-10-20T04:23:57.266+0800: 124379.547: [ParNew: 8848391K->1057764K(9175040K), 0.1666473 secs] 52668746K->44927225K(65798144K), 0.1670480 secs] [Times: user=1.92 sys=0.70, real=0.17 secs] 
2023-10-20T04:24:10.609+0800: 124392.890: [GC (Allocation Failure) 2023-10-20T04:24:10.609+0800: 124392.890: [ParNew: 8922084K->978915K(9175040K), 0.1390296 secs] 52791545K->44897058K(65798144K), 0.1393919 secs] [Times: user=1.81 sys=0.33, real=0.14 secs] 
2023-10-20T04:24:25.178+0800: 124407.459: [GC (Allocation Failure) 2023-10-20T04:24:25.178+0800: 124407.459: [ParNew: 8843235K->975801K(9175040K), 0.1818330 secs] 52761378K->44942639K(65798144K), 0.1822473 secs] [Times: user=2.05 sys=0.84, real=0.18 secs] 
2023-10-20T04:24:40.423+0800: 124422.704: [GC (Allocation Failure) 2023-10-20T04:24:40.423+0800: 124422.704: [ParNew: 8840121K->1046572K(9175040K), 0.1816999 secs] 52806959K->45062318K(65798144K), 0.1820940 secs] [Times: user=2.20 sys=0.70, real=0.18 secs] 
2023-10-20T04:24:54.548+0800: 124436.829: [GC (Allocation Failure) 2023-10-20T04:24:54.548+0800: 124436.829: [ParNew: 8910892K->915183K(9175040K), 0.1636910 secs] 52926638K->44980018K(65798144K), 0.1640348 secs] [Times: user=2.21 sys=0.37, real=0.16 secs] 
2023-10-20T04:25:09.322+0800: 124451.603: [GC (Allocation Failure) 2023-10-20T04:25:09.322+0800: 124451.603: [ParNew: 8779503K->955971K(9175040K), 0.2213688 secs] 52844338K->45070204K(65798144K), 0.2217467 secs] [Times: user=2.42 sys=1.17, real=0.22 secs] 
2023-10-20T04:25:24.054+0800: 124466.336: [GC (Allocation Failure) 2023-10-20T04:25:24.054+0800: 124466.336: [ParNew: 8820291K->991638K(9175040K), 0.1488380 secs] 52934524K->45154585K(65798144K), 0.1491925 secs] [Times: user=1.94 sys=0.37, real=0.15 secs] 
2023-10-20T04:25:37.970+0800: 124480.251: [GC (Allocation Failure) 2023-10-20T04:25:37.970+0800: 124480.251: [ParNew: 8855958K->951301K(9175040K), 0.1679816 secs] 53018905K->45163206K(65798144K), 0.1683916 secs] [Times: user=1.85 sys=0.80, real=0.17 secs] 
2023-10-20T04:25:51.071+0800: 124493.353: [GC (Allocation Failure) 2023-10-20T04:25:51.071+0800: 124493.353: [ParNew: 8815621K->1062961K(9175040K), 0.1713233 secs] 53027526K->45323672K(65798144K), 0.1716824 secs] [Times: user=1.99 sys=0.73, real=0.17 secs] 
2023-10-20T04:26:05.169+0800: 124507.450: [GC (Allocation Failure) 2023-10-20T04:26:05.169+0800: 124507.450: [ParNew: 8927281K->946426K(9175040K), 0.1389052 secs] 53187992K->45255725K(65798144K), 0.1392598 secs] [Times: user=1.82 sys=0.32, real=0.14 secs] 
2023-10-20T04:26:18.441+0800: 124520.722: [GC (Allocation Failure) 2023-10-20T04:26:18.441+0800: 124520.722: [ParNew: 8810746K->903409K(9175040K), 0.1956456 secs] 53120045K->45261778K(65798144K), 0.1960651 secs] [Times: user=1.97 sys=1.18, real=0.20 secs] 
2023-10-20T04:26:32.484+0800: 124534.766: [GC (Allocation Failure) 2023-10-20T04:26:32.485+0800: 124534.766: [ParNew: 8767729K->1012610K(9175040K), 0.1607514 secs] 53126098K->45419738K(65798144K), 0.1611228 secs] [Times: user=1.96 sys=0.57, real=0.17 secs] 
2023-10-20T04:26:46.004+0800: 124548.286: [GC (Allocation Failure) 2023-10-20T04:26:46.005+0800: 124548.286: [ParNew: 8876930K->934090K(9175040K), 0.1459116 secs] 53284058K->45389778K(65798144K), 0.1462798 secs] [Times: user=2.01 sys=0.25, real=0.15 secs] 
2023-10-20T04:27:00.782+0800: 124563.063: [GC (Allocation Failure) 2023-10-20T04:27:00.782+0800: 124563.064: [ParNew: 8798410K->1043972K(9175040K), 0.2023054 secs] 53254098K->45548218K(65798144K), 0.2026946 secs] [Times: user=1.97 sys=1.31, real=0.20 secs] 
2023-10-20T04:27:17.589+0800: 124579.871: [GC (Allocation Failure) 2023-10-20T04:27:17.590+0800: 124579.871: [ParNew: 8908292K->1004155K(9175040K), 0.1488490 secs] 53412538K->45556922K(65798144K), 0.1492208 secs] [Times: user=1.93 sys=0.39, real=0.15 secs] 
2023-10-20T04:27:34.157+0800: 124596.438: [GC (Allocation Failure) 2023-10-20T04:27:34.157+0800: 124596.438: [ParNew: 8868475K->910185K(9175040K), 0.1878353 secs] 53421242K->45511014K(65798144K), 0.1883021 secs] [Times: user=1.95 sys=1.09, real=0.18 secs] 
2023-10-20T04:27:51.740+0800: 124614.021: [GC (Allocation Failure) 2023-10-20T04:27:51.740+0800: 124614.021: [ParNew: 8774505K->990186K(9175040K), 0.1758901 secs] 53375334K->45639987K(65798144K), 0.1762768 secs] [Times: user=1.93 sys=0.87, real=0.18 secs] 
2023-10-20T04:28:07.253+0800: 124629.535: [GC (Allocation Failure) 2023-10-20T04:28:07.253+0800: 124629.535: [ParNew: 8854506K->1028051K(9175040K), 0.1505364 secs] 53504307K->45726571K(65798144K), 0.1509359 secs] [Times: user=2.00 sys=0.34, real=0.15 secs] 
2023-10-20T04:28:23.547+0800: 124645.829: [GC (Allocation Failure) 2023-10-20T04:28:23.548+0800: 124645.829: [ParNew: 8892371K->987240K(9175040K), 0.1977141 secs] 53590891K->45734311K(65798144K), 0.1981101 secs] [Times: user=2.00 sys=1.18, real=0.19 secs] 
2023-10-20T04:28:41.492+0800: 124663.773: [GC (Allocation Failure) 2023-10-20T04:28:41.492+0800: 124663.774: [ParNew: 8851560K->946893K(9175040K), 0.1495460 secs] 53598631K->45742406K(65798144K), 0.1499369 secs] [Times: user=1.99 sys=0.33, real=0.15 secs] 
2023-10-20T04:29:00.599+0800: 124682.880: [GC (Allocation Failure) 2023-10-20T04:29:00.599+0800: 124682.880: [ParNew: 8811213K->1019978K(9175040K), 0.2202837 secs] 53606726K->45864020K(65798144K), 0.2207056 secs] [Times: user=2.16 sys=1.41, real=0.22 secs] 
2023-10-20T04:29:19.894+0800: 124702.175: [GC (Allocation Failure) 2023-10-20T04:29:19.894+0800: 124702.175: [ParNew: 8884298K->979465K(9175040K), 0.1574890 secs] 53728340K->45871860K(65798144K), 0.1578863 secs] [Times: user=1.90 sys=0.54, real=0.16 secs] 
2023-10-20T04:29:34.997+0800: 124717.278: [GC (Allocation Failure) 2023-10-20T04:29:34.997+0800: 124717.278: [ParNew: 8843785K->1012217K(9175040K), 0.2245040 secs] 53736180K->45953041K(65798144K), 0.2248865 secs] [Times: user=1.99 sys=1.66, real=0.22 secs] 
2023-10-20T04:29:59.081+0800: 124741.362: [GC (Allocation Failure) 2023-10-20T04:29:59.081+0800: 124741.362: [ParNew: 8876537K->972675K(9175040K), 0.1700823 secs] 53817361K->45961872K(65798144K), 0.1704460 secs] [Times: user=1.94 sys=0.75, real=0.17 secs] 
2023-10-20T04:30:22.446+0800: 124764.727: [GC (Allocation Failure) 2023-10-20T04:30:22.446+0800: 124764.728: [ParNew: 8836995K->1043008K(9175040K), 0.2405261 secs] 53826192K->46080782K(65798144K), 0.2409340 secs] [Times: user=2.12 sys=1.82, real=0.24 secs] 
2023-10-20T04:30:47.650+0800: 124789.931: [GC (Allocation Failure) 2023-10-20T04:30:47.650+0800: 124789.932: [ParNew: 8907328K->985482K(9175040K), 0.1784455 secs] 53945102K->46071595K(65798144K), 0.1788677 secs] [Times: user=1.79 sys=1.03, real=0.18 secs] 
2023-10-20T04:31:16.145+0800: 124818.426: [GC (Allocation Failure) 2023-10-20T04:31:16.145+0800: 124818.426: [ParNew: 8849802K->1026333K(9175040K), 0.1938700 secs] 53935915K->46160907K(65798144K), 0.1942226 secs] [Times: user=1.83 sys=1.28, real=0.20 secs] 
2023-10-20T04:31:43.159+0800: 124845.440: [GC (Allocation Failure) 2023-10-20T04:31:43.160+0800: 124845.441: [ParNew: 8890653K->983254K(9175040K), 0.2521514 secs] 54025227K->46166614K(65798144K), 0.2525869 secs] [Times: user=1.90 sys=2.24, real=0.25 secs] 
2023-10-20T04:32:06.707+0800: 124868.988: [GC (Allocation Failure) 2023-10-20T04:32:06.707+0800: 124868.988: [ParNew: 8847574K->904227K(9175040K), 0.1953696 secs] 54030934K->46136253K(65798144K), 0.1957932 secs] [Times: user=2.35 sys=0.79, real=0.19 secs] 
2023-10-20T04:32:24.835+0800: 124887.116: [GC (Allocation Failure) 2023-10-20T04:32:24.835+0800: 124887.116: [ParNew: 8768547K->975358K(9175040K), 0.2207326 secs] 54000573K->46255996K(65798144K), 0.2211046 secs] [Times: user=2.29 sys=1.30, real=0.23 secs] 
2023-10-20T04:32:51.132+0800: 124913.413: [GC (Allocation Failure) 2023-10-20T04:32:51.132+0800: 124913.413: [ParNew: 8839678K->935078K(9175040K), 0.1908671 secs] 54120316K->46263660K(65798144K), 0.1912606 secs] [Times: user=1.71 sys=1.33, real=0.19 secs] 
2023-10-20T04:32:51.326+0800: 124913.608: [GC (CMS Initial Mark) [1 CMS-initial-mark: 45328582K(56623104K)] 46264703K(65798144K), 0.0355333 secs] [Times: user=0.44 sys=0.00, real=0.03 secs] 
2023-10-20T04:32:51.362+0800: 124913.644: [CMS-concurrent-mark-start]
2023-10-20T04:32:57.068+0800: 124919.349: [CMS-concurrent-mark: 5.706/5.706 secs] [Times: user=36.03 sys=5.84, real=5.71 secs] 
2023-10-20T04:32:57.068+0800: 124919.350: [CMS-concurrent-preclean-start]
2023-10-20T04:32:57.187+0800: 124919.468: [CMS-concurrent-preclean: 0.117/0.119 secs] [Times: user=0.31 sys=0.08, real=0.12 secs] 
2023-10-20T04:32:57.187+0800: 124919.468: [CMS-concurrent-abortable-preclean-start]
 CMS: abort preclean due to time 2023-10-20T04:33:06.186+0800: 124928.467: [CMS-concurrent-abortable-preclean: 8.989/8.999 secs] [Times: user=24.20 sys=4.45, real=9.00 secs] 
2023-10-20T04:33:06.190+0800: 124928.471: [GC (CMS Final Remark) [YG occupancy: 6368281 K (9175040 K)]2023-10-20T04:33:06.190+0800: 124928.471: [Rescan (parallel) , 0.2544281 secs]2023-10-20T04:33:06.445+0800: 124928.726: [weak refs processing, 0.0033155 secs]2023-10-20T04:33:06.448+0800: 124928.729: [class unloading, 0.0567598 secs]2023-10-20T04:33:06.505+0800: 124928.786: [scrub symbol table, 0.0161234 secs]2023-10-20T04:33:06.521+0800: 124928.802: [scrub string table, 0.0015447 secs][1 CMS-remark: 45328582K(56623104K)] 51696864K(65798144K), 0.3382103 secs] [Times: user=4.82 sys=0.00, real=0.34 secs] 
2023-10-20T04:33:06.529+0800: 124928.810: [CMS-concurrent-sweep-start]
2023-10-20T04:33:12.634+0800: 124934.915: [GC (Allocation Failure) 2023-10-20T04:33:12.634+0800: 124934.916: [ParNew: 8799398K->1079052K(9175040K), 0.1418521 secs] 51956777K->44270960K(65798144K), 0.1422667 secs] [Times: user=1.90 sys=0.46, real=0.15 secs] 
2023-10-20T04:33:34.675+0800: 124956.956: [GC (Allocation Failure) 2023-10-20T04:33:34.675+0800: 124956.957: [ParNew: 8943372K->947454K(9175040K), 0.1950788 secs] 27699965K->19727253K(65798144K), 0.1955307 secs] [Times: user=1.51 sys=1.74, real=0.20 secs] 
2023-10-20T04:33:39.742+0800: 124962.023: [CMS-concurrent-sweep: 32.745/33.213 secs] [Times: user=85.74 sys=23.99, real=33.21 secs] 
2023-10-20T04:33:39.742+0800: 124962.024: [CMS-concurrent-reset-start]
2023-10-20T04:33:40.369+0800: 124962.650: [CMS-concurrent-reset: 0.627/0.627 secs] [Times: user=1.01 sys=0.86, real=0.63 secs] 
2023-10-20T04:33:58.533+0800: 124980.814: [GC (Allocation Failure) 2023-10-20T04:33:58.533+0800: 124980.814: [ParNew: 8811774K->948879K(9175040K), 0.1674651 secs] 21934569K->14083136K(65798144K), 0.1678625 secs] [Times: user=1.94 sys=0.86, real=0.17 secs] 
2023-10-20T04:34:20.305+0800: 125002.586: [GC (Allocation Failure) 2023-10-20T04:34:20.305+0800: 125002.587: [ParNew: 8813199K->1022635K(9175040K), 0.1815337 secs] 21947456K->14164005K(65798144K), 0.1819016 secs] [Times: user=1.46 sys=1.60, real=0.19 secs] 
2023-10-20T04:34:41.322+0800: 125023.603: [GC (Allocation Failure) 2023-10-20T04:34:41.322+0800: 125023.604: [ParNew: 8886955K->1018549K(9175040K), 0.1277004 secs] 22028325K->14166818K(65798144K), 0.1280466 secs] [Times: user=1.43 sys=0.67, real=0.13 secs] 
2023-10-20T04:35:08.798+0800: 125051.079: [GC (Allocation Failure) 2023-10-20T04:35:08.798+0800: 125051.080: [ParNew: 8882869K->998842K(9175040K), 0.1829547 secs] 22031138K->14154414K(65798144K), 0.1833133 secs] [Times: user=1.44 sys=1.65, real=0.18 secs] 
2023-10-20T04:35:32.124+0800: 125074.406: [GC (Allocation Failure) 2023-10-20T04:35:32.125+0800: 125074.406: [ParNew: 8863162K->911076K(9175040K), 0.1676293 secs] 22018734K->14066648K(65798144K), 0.1680814 secs] [Times: user=1.38 sys=1.45, real=0.17 secs] 
2023-10-20T04:35:52.623+0800: 125094.904: [GC (Allocation Failure) 2023-10-20T04:35:52.623+0800: 125094.904: [ParNew: 8775396K->1026035K(9175040K), 0.1480307 secs] 21930968K->14189047K(65798144K), 0.1484229 secs] [Times: user=1.43 sys=1.03, real=0.15 secs] 
2023-10-20T04:36:12.785+0800: 125115.067: [GC (Allocation Failure) 2023-10-20T04:36:12.786+0800: 125115.067: [ParNew: 8890355K->943681K(9175040K), 0.1742885 secs] 22053367K->14126211K(65798144K), 0.1746689 secs] [Times: user=1.56 sys=1.33, real=0.18 secs] 
2023-10-20T04:36:27.753+0800: 125130.035: [GC (Allocation Failure) 2023-10-20T04:36:27.754+0800: 125130.035: [ParNew: 8808001K->984046K(9175040K), 0.1563381 secs] 21990531K->14199946K(65798144K), 0.1566810 secs] [Times: user=1.70 sys=0.84, real=0.16 secs] 
2023-10-20T04:36:45.721+0800: 125148.003: [GC (Allocation Failure) 2023-10-20T04:36:45.721+0800: 125148.003: [ParNew: 8848366K->1057991K(9175040K), 0.1258387 secs] 22064266K->14318152K(65798144K), 0.1263675 secs] [Times: user=1.60 sys=0.36, real=0.13 secs] 
2023-10-20T04:37:04.659+0800: 125166.940: [GC (Allocation Failure) 2023-10-20T04:37:04.659+0800: 125166.940: [ParNew: 8922311K->1092183K(9175040K), 0.1803984 secs] 22182472K->14401168K(65798144K), 0.1807473 secs] [Times: user=1.81 sys=1.12, real=0.18 secs] 
2023-10-20T04:37:23.968+0800: 125186.249: [GC (Allocation Failure) 2023-10-20T04:37:23.968+0800: 125186.249: [ParNew: 8956503K->900647K(9175040K), 0.1473531 secs] 22265488K->14257599K(65798144K), 0.1477182 secs] [Times: user=1.88 sys=0.46, real=0.14 secs] 
2023-10-20T04:37:43.688+0800: 125205.969: [GC (Allocation Failure) 2023-10-20T04:37:43.688+0800: 125205.969: [ParNew: 8764967K->1047035K(9175040K), 0.1898154 secs] 22121919K->14453026K(65798144K), 0.1902249 secs] [Times: user=1.88 sys=1.21, real=0.19 secs] 
2023-10-20T04:38:03.105+0800: 125225.386: [GC (Allocation Failure) 2023-10-20T04:38:03.105+0800: 125225.386: [ParNew: 8911355K->929914K(9175040K), 0.1292675 secs] 22317346K->14384851K(65798144K), 0.1296172 secs] [Times: user=1.58 sys=0.42, real=0.13 secs] 
2023-10-20T04:38:24.054+0800: 125246.336: [GC (Allocation Failure) 2023-10-20T04:38:24.055+0800: 125246.336: [ParNew: 8794234K->961111K(9175040K), 0.1818919 secs] 22249171K->14464532K(65798144K), 0.1822484 secs] [Times: user=1.79 sys=1.14, real=0.19 secs] 
2023-10-20T04:38:43.447+0800: 125265.728: [GC (Allocation Failure) 2023-10-20T04:38:43.447+0800: 125265.728: [ParNew: 8825431K->1013186K(9175040K), 0.1394262 secs] 22328852K->14564661K(65798144K), 0.1397920 secs] [Times: user=1.85 sys=0.34, real=0.14 secs] 
2023-10-20T04:39:05.751+0800: 125288.032: [GC (Allocation Failure) 2023-10-20T04:39:05.751+0800: 125288.032: [ParNew: 8877506K->939037K(9175040K), 0.1732980 secs] 22428981K->14538957K(65798144K), 0.1736648 secs] [Times: user=1.62 sys=1.19, real=0.17 secs] 
2023-10-20T04:39:27.206+0800: 125309.487: [GC (Allocation Failure) 2023-10-20T04:39:27.206+0800: 125309.488: [ParNew: 8803357K->971317K(9175040K), 0.1543168 secs] 22403277K->14618907K(65798144K), 0.1547651 secs] [Times: user=1.53 sys=0.95, real=0.15 secs] 
2023-10-20T04:39:51.143+0800: 125333.424: [GC (Allocation Failure) 2023-10-20T04:39:51.143+0800: 125333.425: [ParNew: 8835637K->967688K(9175040K), 0.1627769 secs] 22483227K->14663598K(65798144K), 0.1631292 secs] [Times: user=1.77 sys=0.87, real=0.17 secs] 
2023-10-20T04:40:13.506+0800: 125355.787: [GC (Allocation Failure) 2023-10-20T04:40:13.506+0800: 125355.787: [ParNew: 8832008K->889496K(9175040K), 0.1802716 secs] 22527918K->14633606K(65798144K), 0.1806525 secs] [Times: user=1.51 sys=1.43, real=0.19 secs] 
2023-10-20T04:40:34.669+0800: 125376.950: [GC (Allocation Failure) 2023-10-20T04:40:34.669+0800: 125376.950: [ParNew: 8753816K->960901K(9175040K), 0.1426790 secs] 22497926K->14753754K(65798144K), 0.1430137 secs] [Times: user=1.67 sys=0.59, real=0.14 secs] 
2023-10-20T04:40:54.442+0800: 125396.723: [GC (Allocation Failure) 2023-10-20T04:40:54.442+0800: 125396.724: [ParNew: 8825221K->958742K(9175040K), 0.1648866 secs] 22618074K->14800103K(65798144K), 0.1652697 secs] [Times: user=1.73 sys=0.90, real=0.17 secs] 
2023-10-20T04:41:14.321+0800: 125416.602: [GC (Allocation Failure) 2023-10-20T04:41:14.321+0800: 125416.602: [ParNew: 8823062K->1031097K(9175040K), 0.1481567 secs] 22664423K->14920756K(65798144K), 0.1484937 secs] [Times: user=1.70 sys=0.67, real=0.15 secs] 
2023-10-20T04:41:35.934+0800: 125438.215: [GC (Allocation Failure) 2023-10-20T04:41:35.934+0800: 125438.216: [ParNew: 8895417K->1010907K(9175040K), 0.1644242 secs] 22785076K->14949071K(65798144K), 0.1649691 secs] [Times: user=1.64 sys=1.01, real=0.17 secs] 
2023-10-20T04:41:56.812+0800: 125459.093: [GC (Allocation Failure) 2023-10-20T04:41:56.812+0800: 125459.093: [ParNew: 8875227K->1013543K(9175040K), 0.1563372 secs] 22813391K->14999662K(65798144K), 0.1566870 secs] [Times: user=1.68 sys=0.83, real=0.16 secs] 
2023-10-20T04:42:21.804+0800: 125484.085: [GC (Allocation Failure) 2023-10-20T04:42:21.804+0800: 125484.085: [ParNew: 8877863K->1050309K(9175040K), 0.1969225 secs] 22863982K->15084106K(65798144K), 0.1975285 secs] [Times: user=1.64 sys=1.60, real=0.20 secs] 
2023-10-20T04:42:42.693+0800: 125504.975: [GC (Allocation Failure) 2023-10-20T04:42:42.693+0800: 125504.975: [ParNew: 8914629K->935515K(9175040K), 0.1747803 secs] 22948426K->15016695K(65798144K), 0.1751045 secs] [Times: user=1.85 sys=0.98, real=0.18 secs] 
2023-10-20T04:43:04.049+0800: 125526.330: [GC (Allocation Failure) 2023-10-20T04:43:04.049+0800: 125526.331: [ParNew: 8799835K->971997K(9175040K), 0.1927609 secs] 22881015K->15098904K(65798144K), 0.1931567 secs] [Times: user=1.83 sys=1.53, real=0.19 secs] 
2023-10-20T04:43:24.406+0800: 125546.687: [GC (Allocation Failure) 2023-10-20T04:43:24.406+0800: 125546.687: [ParNew: 8836317K->1007696K(9175040K), 0.1452850 secs] 22963224K->15181596K(65798144K), 0.1456176 secs] [Times: user=1.85 sys=0.61, real=0.15 secs] 
2023-10-20T04:43:45.114+0800: 125567.395: [GC (Allocation Failure) 2023-10-20T04:43:45.114+0800: 125567.395: [ParNew: 8872016K->932590K(9175040K), 0.1268812 secs] 23045916K->15150641K(65798144K), 0.1272593 secs] [Times: user=1.81 sys=0.31, real=0.13 secs] 
2023-10-20T04:44:05.394+0800: 125587.675: [GC (Allocation Failure) 2023-10-20T04:44:05.394+0800: 125587.675: [ParNew: 8796910K->1006372K(9175040K), 0.1972868 secs] 23014961K->15272353K(65798144K), 0.1976167 secs] [Times: user=1.91 sys=1.32, real=0.20 secs] 
2023-10-20T04:44:29.125+0800: 125611.407: [GC (Allocation Failure) 2023-10-20T04:44:29.126+0800: 125611.407: [ParNew: 8870692K->988624K(9175040K), 0.1788203 secs] 23136673K->15299105K(65798144K), 0.1793612 secs] [Times: user=1.66 sys=1.27, real=0.18 secs] 
2023-10-20T04:44:50.699+0800: 125632.980: [GC (Allocation Failure) 2023-10-20T04:44:50.699+0800: 125632.981: [ParNew: 8852944K->1030604K(9175040K), 0.1636684 secs] 23163425K->15389861K(65798144K), 0.1640207 secs] [Times: user=1.73 sys=0.92, real=0.16 secs] 
2023-10-20T04:45:10.610+0800: 125652.892: [GC (Allocation Failure) 2023-10-20T04:45:10.611+0800: 125652.892: [ParNew: 8894924K->991750K(9175040K), 0.1576349 secs] 23254181K->15400051K(65798144K), 0.1580697 secs] [Times: user=1.80 sys=0.72, real=0.16 secs] 
2023-10-20T04:45:27.971+0800: 125670.252: [GC (Allocation Failure) 2023-10-20T04:45:27.971+0800: 125670.253: [ParNew: 8856070K->1025557K(9175040K), 0.1571100 secs] 23264371K->15482808K(65798144K), 0.1574517 secs] [Times: user=1.74 sys=0.79, real=0.16 secs] 
2023-10-20T04:45:43.869+0800: 125686.150: [GC (Allocation Failure) 2023-10-20T04:45:43.869+0800: 125686.151: [ParNew: 8889877K->985931K(9175040K), 0.1346797 secs] 23347128K->15492016K(65798144K), 0.1350561 secs] [Times: user=1.62 sys=0.50, real=0.13 secs] 
2023-10-20T04:46:01.430+0800: 125703.711: [GC (Allocation Failure) 2023-10-20T04:46:01.430+0800: 125703.712: [ParNew: 8850251K->1097905K(9175040K), 0.1908250 secs] 23356336K->15652905K(65798144K), 0.1911827 secs] [Times: user=1.92 sys=1.20, real=0.19 secs] 
2023-10-20T04:46:17.630+0800: 125719.911: [GC (Allocation Failure) 2023-10-20T04:46:17.630+0800: 125719.912: [ParNew: 8962225K->944583K(9175040K), 0.1280661 secs] 23517225K->15548056K(65798144K), 0.1284290 secs] [Times: user=1.61 sys=0.41, real=0.13 secs] 
2023-10-20T04:46:35.203+0800: 125737.484: [GC (Allocation Failure) 2023-10-20T04:46:35.203+0800: 125737.484: [ParNew: 8808903K->1014744K(9175040K), 0.1835325 secs] 23412376K->15667393K(65798144K), 0.1839028 secs] [Times: user=1.75 sys=1.25, real=0.19 secs] 
2023-10-20T04:46:55.451+0800: 125757.732: [GC (Allocation Failure) 2023-10-20T04:46:55.451+0800: 125757.732: [ParNew: 8879064K->936447K(9175040K), 0.1448267 secs] 23531713K->15637866K(65798144K), 0.1451877 secs] [Times: user=1.84 sys=0.46, real=0.15 secs] 
2023-10-20T04:47:19.261+0800: 125781.542: [GC (Allocation Failure) 2023-10-20T04:47:19.261+0800: 125781.543: [ParNew: 8800767K->1082841K(9175040K), 0.1805412 secs] 23502186K->15833074K(65798144K), 0.1810158 secs] [Times: user=1.52 sys=1.43, real=0.18 secs] 
2023-10-20T04:47:39.722+0800: 125802.003: [GC (Allocation Failure) 2023-10-20T04:47:39.722+0800: 125802.003: [ParNew: 8947161K->1064862K(9175040K), 0.1338914 secs] 23697394K->15864148K(65798144K), 0.1342444 secs] [Times: user=1.74 sys=0.36, real=0.14 secs] 
2023-10-20T04:48:02.575+0800: 125824.856: [GC (Allocation Failure) 2023-10-20T04:48:02.575+0800: 125824.857: [ParNew: 8929182K->952995K(9175040K), 0.2007696 secs] 23728468K->15801231K(65798144K), 0.2011330 secs] [Times: user=1.56 sys=1.76, real=0.21 secs] 
2023-10-20T04:48:24.240+0800: 125846.521: [GC (Allocation Failure) 2023-10-20T04:48:24.240+0800: 125846.521: [ParNew: 8817315K->988459K(9175040K), 0.1360997 secs] 23665551K->15885430K(65798144K), 0.1364260 secs] [Times: user=1.57 sys=0.59, real=0.14 secs] 
2023-10-20T04:48:40.588+0800: 125862.869: [GC (Allocation Failure) 2023-10-20T04:48:40.588+0800: 125862.869: [ParNew: 8852779K->944948K(9175040K), 0.1931396 secs] 23749750K->15890932K(65798144K), 0.1936829 secs] [Times: user=1.67 sys=1.50, real=0.19 secs] 
2023-10-20T04:48:57.018+0800: 125879.299: [GC (Allocation Failure) 2023-10-20T04:48:57.018+0800: 125879.300: [ParNew: 8809268K->1055556K(9175040K), 0.1280384 secs] 23755252K->16050239K(65798144K), 0.1283915 secs] [Times: user=1.71 sys=0.28, real=0.13 secs] 
2023-10-20T04:49:16.749+0800: 125899.030: [GC (Allocation Failure) 2023-10-20T04:49:16.749+0800: 125899.030: [ParNew: 8919876K->901904K(9175040K), 0.1680327 secs] 23914559K->15944943K(65798144K), 0.1684195 secs] [Times: user=1.59 sys=1.12, real=0.17 secs] 
2023-10-20T04:49:38.940+0800: 125921.221: [GC (Allocation Failure) 2023-10-20T04:49:38.940+0800: 125921.221: [ParNew: 8766224K->935661K(9175040K), 0.1658094 secs] 23809263K->16027802K(65798144K), 0.1661586 secs] [Times: user=1.65 sys=1.03, real=0.17 secs] 
2023-10-20T04:50:01.745+0800: 125944.026: [GC (Allocation Failure) 2023-10-20T04:50:01.745+0800: 125944.026: [ParNew: 8799981K->1043419K(9175040K), 0.1886828 secs] 23892122K->16184671K(65798144K), 0.1890612 secs] [Times: user=1.56 sys=1.54, real=0.19 secs] 
2023-10-20T04:50:18.659+0800: 125960.940: [GC (Allocation Failure) 2023-10-20T04:50:18.659+0800: 125960.940: [ParNew: 8907739K->911058K(9175040K), 0.1399752 secs] 24048991K->16101091K(65798144K), 0.1403049 secs] [Times: user=1.73 sys=0.50, real=0.14 secs] 
2023-10-20T04:50:35.148+0800: 125977.430: [GC (Allocation Failure) 2023-10-20T04:50:35.149+0800: 125977.430: [ParNew: 8775378K->989014K(9175040K), 0.1252047 secs] 23965411K->16227767K(65798144K), 0.1255915 secs] [Times: user=1.70 sys=0.26, real=0.12 secs] 
2023-10-20T04:50:50.834+0800: 125993.115: [GC (Allocation Failure) 2023-10-20T04:50:50.834+0800: 125993.115: [ParNew: 8853334K->950216K(9175040K), 0.1897799 secs] 24092087K->16238014K(65798144K), 0.1902022 secs] [Times: user=1.89 sys=1.22, real=0.19 secs] 
2023-10-20T04:51:04.393+0800: 126006.675: [GC (Allocation Failure) 2023-10-20T04:51:04.394+0800: 126006.675: [ParNew: 8814536K->1024051K(9175040K), 0.1245722 secs] 24102334K->16360904K(65798144K), 0.1249713 secs] [Times: user=1.63 sys=0.32, real=0.13 secs] 
2023-10-20T04:51:17.512+0800: 126019.793: [GC (Allocation Failure) 2023-10-20T04:51:17.512+0800: 126019.794: [ParNew: 8888371K->943327K(9175040K), 0.1490797 secs] 24225224K->16328695K(65798144K), 0.1496054 secs] [Times: user=1.61 sys=0.75, real=0.15 secs] 
2023-10-20T04:51:32.441+0800: 126034.722: [GC (Allocation Failure) 2023-10-20T04:51:32.441+0800: 126034.722: [ParNew: 8807647K->941090K(9175040K), 0.1464220 secs] 24193015K->16375442K(65798144K), 0.1467851 secs] [Times: user=1.56 sys=0.77, real=0.15 secs] 
2023-10-20T04:51:50.171+0800: 126052.452: [GC (Allocation Failure) 2023-10-20T04:51:50.171+0800: 126052.452: [ParNew: 8805410K->1014058K(9175040K), 0.1398005 secs] 24239762K->16496666K(65798144K), 0.1401766 secs] [Times: user=1.65 sys=0.56, real=0.14 secs] 
2023-10-20T04:52:07.420+0800: 126069.701: [GC (Allocation Failure) 2023-10-20T04:52:07.420+0800: 126069.701: [ParNew: 8878378K->898830K(9175040K), 0.2053113 secs] 24360986K->16429041K(65798144K), 0.2056883 secs] [Times: user=1.81 sys=1.57, real=0.20 secs] 
2023-10-20T04:52:24.031+0800: 126086.312: [GC (Allocation Failure) 2023-10-20T04:52:24.031+0800: 126086.313: [ParNew: 8763150K->972063K(9175040K), 0.1343804 secs] 24293361K->16550937K(65798144K), 0.1348364 secs] [Times: user=1.60 sys=0.51, real=0.14 secs] 
2023-10-20T04:52:38.655+0800: 126100.936: [GC (Allocation Failure) 2023-10-20T04:52:38.655+0800: 126100.936: [ParNew: 8836383K->1043914K(9175040K), 0.1562297 secs] 24415257K->16671050K(65798144K), 0.1565773 secs] [Times: user=1.61 sys=0.88, real=0.16 secs] 
2023-10-20T04:52:56.050+0800: 126118.331: [GC (Allocation Failure) 2023-10-20T04:52:56.050+0800: 126118.331: [ParNew: 8908234K->1152846K(9175040K), 0.1651954 secs] 24535370K->16829022K(65798144K), 0.1655242 secs] [Times: user=1.92 sys=0.76, real=0.17 secs] 
2023-10-20T04:53:11.834+0800: 126134.115: [GC (Allocation Failure) 2023-10-20T04:53:11.834+0800: 126134.116: [ParNew: 9017166K->897824K(9175040K), 0.1355324 secs] 24693342K->16622630K(65798144K), 0.1359607 secs] [Times: user=1.73 sys=0.41, real=0.14 secs] 
2023-10-20T04:53:27.223+0800: 126149.504: [GC (Allocation Failure) 2023-10-20T04:53:27.223+0800: 126149.504: [ParNew: 8762144K->999514K(9175040K), 0.1758525 secs] 24486950K->16772953K(65798144K), 0.1762152 secs] [Times: user=1.65 sys=1.17, real=0.18 secs] 
2023-10-20T04:53:45.646+0800: 126167.927: [GC (Allocation Failure) 2023-10-20T04:53:45.646+0800: 126167.927: [ParNew: 8863834K->927489K(9175040K), 0.1349690 secs] 24637273K->16749815K(65798144K), 0.1353876 secs] [Times: user=1.61 sys=0.52, real=0.13 secs] 
2023-10-20T04:54:01.875+0800: 126184.156: [GC (Allocation Failure) 2023-10-20T04:54:01.875+0800: 126184.156: [ParNew: 8791809K->978051K(9175040K), 0.1876244 secs] 24614135K->16849132K(65798144K), 0.1879939 secs] [Times: user=1.65 sys=1.42, real=0.19 secs] 
2023-10-20T04:54:16.279+0800: 126198.560: [GC (Allocation Failure) 2023-10-20T04:54:16.279+0800: 126198.560: [ParNew: 8842371K->1054460K(9175040K), 0.1256330 secs] 24713452K->16974129K(65798144K), 0.1260097 secs] [Times: user=1.66 sys=0.30, real=0.12 secs] 
2023-10-20T04:54:31.455+0800: 126213.736: [GC (Allocation Failure) 2023-10-20T04:54:31.455+0800: 126213.736: [ParNew: 8918780K->939494K(9175040K), 0.1221748 secs] 24838449K->16907920K(65798144K), 0.1225766 secs] [Times: user=1.66 sys=0.24, real=0.13 secs] 
2023-10-20T04:54:47.570+0800: 126229.851: [GC (Allocation Failure) 2023-10-20T04:54:47.570+0800: 126229.851: [ParNew: 8803814K->937629K(9175040K), 0.1768565 secs] 24772240K->16955119K(65798144K), 0.1772652 secs] [Times: user=1.58 sys=1.31, real=0.18 secs] 
2023-10-20T04:55:07.978+0800: 126250.259: [GC (Allocation Failure) 2023-10-20T04:55:07.978+0800: 126250.259: [ParNew: 8801949K->972238K(9175040K), 0.1398198 secs] 24819439K->17038627K(65798144K), 0.1402061 secs] [Times: user=1.63 sys=0.58, real=0.14 secs] 
2023-10-20T04:55:28.969+0800: 126271.250: [GC (Allocation Failure) 2023-10-20T04:55:28.969+0800: 126271.250: [ParNew: 8836558K->856063K(9175040K), 0.1997864 secs] 24902947K->16971073K(65798144K), 0.2001642 secs] [Times: user=1.71 sys=1.59, real=0.20 secs] 
2023-10-20T04:55:50.458+0800: 126292.739: [GC (Allocation Failure) 2023-10-20T04:55:50.458+0800: 126292.739: [ParNew: 8720383K->1000492K(9175040K), 0.1421254 secs] 24835393K->17164337K(65798144K), 0.1424544 secs] [Times: user=1.79 sys=0.46, real=0.14 secs] 
2023-10-20T04:56:12.274+0800: 126314.555: [GC (Allocation Failure) 2023-10-20T04:56:12.274+0800: 126314.555: [ParNew: 8864812K->981270K(9175040K), 0.1791374 secs] 25028657K->17193642K(65798144K), 0.1794594 secs] [Times: user=1.57 sys=1.35, real=0.18 secs] 
2023-10-20T04:56:32.724+0800: 126335.005: [GC (Allocation Failure) 2023-10-20T04:56:32.724+0800: 126335.005: [ParNew: 8845590K->942339K(9175040K), 0.1374036 secs] 25057962K->17202894K(65798144K), 0.1377712 secs] [Times: user=1.52 sys=0.66, real=0.14 secs] 
2023-10-20T04:56:53.820+0800: 126356.101: [GC (Allocation Failure) 2023-10-20T04:56:53.820+0800: 126356.102: [ParNew: 8806659K->976686K(9175040K), 0.1761765 secs] 25067214K->17286223K(65798144K), 0.1765255 secs] [Times: user=1.59 sys=1.28, real=0.18 secs] 
2023-10-20T04:57:14.841+0800: 126377.122: [GC (Allocation Failure) 2023-10-20T04:57:14.841+0800: 126377.122: [ParNew: 8841006K->935056K(9175040K), 0.1351389 secs] 25150543K->17292903K(65798144K), 0.1355050 secs] [Times: user=1.63 sys=0.51, real=0.14 secs] 
2023-10-20T04:57:34.788+0800: 126397.069: [GC (Allocation Failure) 2023-10-20T04:57:34.788+0800: 126397.069: [ParNew: 8799376K->893981K(9175040K), 0.1908005 secs] 25157223K->17299816K(65798144K), 0.1911067 secs] [Times: user=1.43 sys=1.70, real=0.19 secs] 
2023-10-20T04:57:55.583+0800: 126417.864: [GC (Allocation Failure) 2023-10-20T04:57:55.583+0800: 126417.864: [ParNew: 8758301K->1075877K(9175040K), 0.1374087 secs] 25164136K->17529261K(65798144K), 0.1377426 secs] [Times: user=1.49 sys=0.69, real=0.14 secs] 
2023-10-20T04:58:12.300+0800: 126434.581: [GC (Allocation Failure) 2023-10-20T04:58:12.300+0800: 126434.581: [ParNew: 8940197K->999044K(9175040K), 0.1780571 secs] 25393581K->17500406K(65798144K), 0.1784192 secs] [Times: user=1.45 sys=1.44, real=0.18 secs] 
2023-10-20T04:58:27.675+0800: 126449.956: [GC (Allocation Failure) 2023-10-20T04:58:27.675+0800: 126449.956: [ParNew: 8863364K->1032635K(9175040K), 0.1253955 secs] 25364726K->17582062K(65798144K), 0.1257692 secs] [Times: user=1.61 sys=0.35, real=0.13 secs] 
2023-10-20T04:58:44.759+0800: 126467.041: [GC (Allocation Failure) 2023-10-20T04:58:44.760+0800: 126467.041: [ParNew: 8896955K->976743K(9175040K), 0.1616690 secs] 25446382K->17574549K(65798144K), 0.1620737 secs] [Times: user=1.57 sys=1.03, real=0.16 secs] 
2023-10-20T04:59:01.292+0800: 126483.573: [GC (Allocation Failure) 2023-10-20T04:59:01.292+0800: 126483.574: [ParNew: 8841063K->941455K(9175040K), 0.1549748 secs] 25438869K->17587786K(65798144K), 0.1553431 secs] [Times: user=1.85 sys=0.64, real=0.16 secs] 
2023-10-20T04:59:17.907+0800: 126500.188: [GC (Allocation Failure) 2023-10-20T04:59:17.907+0800: 126500.188: [ParNew: 8805775K->865081K(9175040K), 0.1397328 secs] 25452106K->17559450K(65798144K), 0.1400517 secs] [Times: user=1.52 sys=0.71, real=0.14 secs] 
2023-10-20T04:59:33.342+0800: 126515.623: [GC (Allocation Failure) 2023-10-20T04:59:33.342+0800: 126515.623: [ParNew: 8729401K->937206K(9175040K), 0.1768321 secs] 25423770K->17680142K(65798144K), 0.1772793 secs] [Times: user=1.57 sys=1.31, real=0.18 secs] 
2023-10-20T04:59:50.745+0800: 126533.027: [GC (Allocation Failure) 2023-10-20T04:59:50.746+0800: 126533.027: [ParNew: 8801526K->934139K(9175040K), 0.1359012 secs] 25544462K->17725480K(65798144K), 0.1362546 secs] [Times: user=1.64 sys=0.50, real=0.14 secs] 
2023-10-20T05:00:07.627+0800: 126549.908: [GC (Allocation Failure) 2023-10-20T05:00:07.627+0800: 126549.908: [ParNew: 8798459K->1005494K(9175040K), 0.1618398 secs] 25589800K->17844978K(65798144K), 0.1621992 secs] [Times: user=1.59 sys=1.00, real=0.16 secs] 
2023-10-20T05:00:28.653+0800: 126570.935: [GC (Allocation Failure) 2023-10-20T05:00:28.654+0800: 126570.935: [ParNew: 8869814K->928870K(9175040K), 0.1587814 secs] 25709298K->17816333K(65798144K), 0.1591328 secs] [Times: user=1.59 sys=0.95, real=0.16 secs] 
2023-10-20T05:00:47.131+0800: 126589.412: [GC (Allocation Failure) 2023-10-20T05:00:47.131+0800: 126589.412: [ParNew: 8793190K->1000903K(9175040K), 0.1693754 secs] 25680653K->17936535K(65798144K), 0.1697496 secs] [Times: user=1.55 sys=1.19, real=0.17 secs] 
2023-10-20T05:01:06.746+0800: 126609.027: [GC (Allocation Failure) 2023-10-20T05:01:06.746+0800: 126609.027: [ParNew: 8865223K->1073354K(9175040K), 0.1515547 secs] 25800855K->18057179K(65798144K), 0.1519381 secs] [Times: user=1.61 sys=0.83, real=0.15 secs] 
2023-10-20T05:01:23.860+0800: 126626.142: [GC (Allocation Failure) 2023-10-20T05:01:23.860+0800: 126626.142: [ParNew: 8937674K->979066K(9175040K), 0.1233434 secs] 25921499K->18011179K(65798144K), 0.1237375 secs] [Times: user=1.68 sys=0.37, real=0.12 secs] 
2023-10-20T05:01:39.125+0800: 126641.406: [GC (Allocation Failure) 2023-10-20T05:01:39.125+0800: 126641.407: [ParNew: 8843386K->944621K(9175040K), 0.1800610 secs] 25875499K->18025151K(65798144K), 0.1804580 secs] [Times: user=1.57 sys=1.36, real=0.18 secs] 
2023-10-20T05:01:54.504+0800: 126656.786: [GC (Allocation Failure) 2023-10-20T05:01:54.505+0800: 126656.786: [ParNew: 8808941K->906808K(9175040K), 0.1332017 secs] 25889471K->18035292K(65798144K), 0.1335872 secs] [Times: user=1.61 sys=0.50, real=0.14 secs] 
2023-10-20T05:02:09.685+0800: 126671.966: [GC (Allocation Failure) 2023-10-20T05:02:09.685+0800: 126671.967: [ParNew: 8771128K->1056638K(9175040K), 0.1718359 secs] 25899612K->18233030K(65798144K), 0.1723325 secs] [Times: user=1.55 sys=1.15, real=0.18 secs] 
2023-10-20T05:02:24.025+0800: 126686.306: [GC (Allocation Failure) 2023-10-20T05:02:24.025+0800: 126686.306: [ParNew: 8920958K->1093602K(9175040K), 0.1526816 secs] 26097350K->18318108K(65798144K), 0.1530708 secs] [Times: user=1.66 sys=0.71, real=0.16 secs] 
2023-10-20T05:02:37.816+0800: 126700.097: [GC (Allocation Failure) 2023-10-20T05:02:37.816+0800: 126700.098: [ParNew: 8957922K->981113K(9175040K), 0.1305097 secs] 26182428K->18254040K(65798144K), 0.1309192 secs] [Times: user=1.66 sys=0.31, real=0.13 secs] 
2023-10-20T05:02:52.078+0800: 126714.359: [GC (Allocation Failure) 2023-10-20T05:02:52.078+0800: 126714.359: [ParNew: 8845433K->904489K(9175040K), 0.1764195 secs] 26118360K->18225711K(65798144K), 0.1768177 secs] [Times: user=1.59 sys=1.28, real=0.17 secs] 
2023-10-20T05:03:06.447+0800: 126728.728: [GC (Allocation Failure) 2023-10-20T05:03:06.447+0800: 126728.728: [ParNew: 8768809K->1053912K(9175040K), 0.1281327 secs] 26090031K->18423416K(65798144K), 0.1284988 secs] [Times: user=1.67 sys=0.33, real=0.12 secs] 
2023-10-20T05:03:22.998+0800: 126745.280: [GC (Allocation Failure) 2023-10-20T05:03:22.999+0800: 126745.280: [ParNew: 8918232K->901813K(9175040K), 0.1749165 secs] 26287736K->18319873K(65798144K), 0.1754509 secs] [Times: user=1.56 sys=1.28, real=0.17 secs] 
2023-10-20T05:03:43.337+0800: 126765.618: [GC (Allocation Failure) 2023-10-20T05:03:43.337+0800: 126765.618: [ParNew: 8766133K->1049645K(9175040K), 0.1533449 secs] 26184193K->18516212K(65798144K), 0.1537433 secs] [Times: user=1.59 sys=0.87, real=0.15 secs] 
2023-10-20T05:04:03.705+0800: 126785.986: [GC (Allocation Failure) 2023-10-20T05:04:03.705+0800: 126785.987: [ParNew: 8913965K->971539K(9175040K), 0.1766589 secs] 26380532K->18487093K(65798144K), 0.1770622 secs] [Times: user=1.56 sys=1.31, real=0.18 secs] 
2023-10-20T05:04:21.617+0800: 126803.898: [GC (Allocation Failure) 2023-10-20T05:04:21.617+0800: 126803.898: [ParNew: 8835859K->1042581K(9175040K), 0.1501963 secs] 26351413K->18607237K(65798144K), 0.1505836 secs] [Times: user=1.59 sys=0.81, real=0.15 secs] 
2023-10-20T05:04:40.693+0800: 126822.975: [GC (Allocation Failure) 2023-10-20T05:04:40.694+0800: 126822.975: [ParNew: 8906901K->911014K(9175040K), 0.1614894 secs] 26471557K->18524398K(65798144K), 0.1618358 secs] [Times: user=1.95 sys=0.65, real=0.16 secs] 
2023-10-20T05:05:00.895+0800: 126843.177: [GC (Allocation Failure) 2023-10-20T05:05:00.895+0800: 126843.177: [ParNew: 8775334K->988893K(9175040K), 0.1890546 secs] 26388718K->18651043K(65798144K), 0.1894195 secs] [Times: user=1.58 sys=1.51, real=0.19 secs] 
2023-10-20T05:05:17.981+0800: 126860.262: [GC (Allocation Failure) 2023-10-20T05:05:17.981+0800: 126860.263: [ParNew: 8853213K->912612K(9175040K), 0.1544979 secs] 26515363K->18623428K(65798144K), 0.1548402 secs] [Times: user=1.94 sys=0.55, real=0.16 secs] 
2023-10-20T05:05:35.306+0800: 126877.587: [GC (Allocation Failure) 2023-10-20T05:05:35.306+0800: 126877.587: [ParNew: 8776932K->986599K(9175040K), 0.1984873 secs] 26487748K->18745897K(65798144K), 0.1988381 secs] [Times: user=1.69 sys=1.58, real=0.19 secs] 
2023-10-20T05:05:54.130+0800: 126896.411: [GC (Allocation Failure) 2023-10-20T05:05:54.130+0800: 126896.412: [ParNew: 8850919K->984493K(9175040K), 0.1374054 secs] 26610217K->18793016K(65798144K), 0.1377481 secs] [Times: user=1.60 sys=0.58, real=0.14 secs] 
2023-10-20T05:06:12.995+0800: 126915.276: [GC (Allocation Failure) 2023-10-20T05:06:12.995+0800: 126915.276: [ParNew: 8848813K->944297K(9175040K), 0.1966767 secs] 26657336K->18801489K(65798144K), 0.1970472 secs] [Times: user=1.59 sys=1.65, real=0.20 secs] 
2023-10-20T05:06:30.839+0800: 126933.121: [GC (Allocation Failure) 2023-10-20T05:06:30.840+0800: 126933.121: [ParNew: 8808617K->789184K(9175040K), 0.1446314 secs] 26665809K->18694971K(65798144K), 0.1449527 secs] [Times: user=1.77 sys=0.53, real=0.14 secs] 
2023-10-20T05:06:46.954+0800: 126949.235: [GC (Allocation Failure) 2023-10-20T05:06:46.954+0800: 126949.235: [ParNew: 8653504K->899542K(9175040K), 0.1669054 secs] 26559291K->18853873K(65798144K), 0.1672724 secs] [Times: user=1.57 sys=1.13, real=0.17 secs] 
2023-10-20T05:07:03.031+0800: 126965.312: [GC (Allocation Failure) 2023-10-20T05:07:03.031+0800: 126965.312: [ParNew: 8763862K->898117K(9175040K), 0.1579536 secs] 26718193K->18901056K(65798144K), 0.1582863 secs] [Times: user=1.84 sys=0.71, real=0.16 secs] 
2023-10-20T05:07:21.997+0800: 126984.278: [GC (Allocation Failure) 2023-10-20T05:07:21.997+0800: 126984.278: [ParNew: 8762437K->1007818K(9175040K), 0.1408705 secs] 26765376K->19059257K(65798144K), 0.1412680 secs] [Times: user=1.76 sys=0.47, real=0.14 secs] 
2023-10-20T05:07:39.116+0800: 127001.397: [GC (Allocation Failure) 2023-10-20T05:07:39.116+0800: 127001.397: [ParNew: 8872138K->989334K(9175040K), 0.1924544 secs] 26923577K->19089263K(65798144K), 0.1928015 secs] [Times: user=1.86 sys=1.45, real=0.19 secs] 
2023-10-20T05:07:53.941+0800: 127016.223: [GC (Allocation Failure) 2023-10-20T05:07:53.942+0800: 127016.223: [ParNew: 8853654K->955079K(9175040K), 0.1327465 secs] 26953583K->19103642K(65798144K), 0.1331153 secs] [Times: user=1.61 sys=0.48, real=0.13 secs] 
2023-10-20T05:08:11.963+0800: 127034.245: [GC (Allocation Failure) 2023-10-20T05:08:11.964+0800: 127034.245: [ParNew: 8819399K->1069278K(9175040K), 0.1775504 secs] 26967962K->19266408K(65798144K), 0.1780023 secs] [Times: user=1.57 sys=1.34, real=0.18 secs] 
2023-10-20T05:08:29.809+0800: 127052.091: [GC (Allocation Failure) 2023-10-20T05:08:29.809+0800: 127052.091: [ParNew: 8933598K->1066228K(9175040K), 0.1535275 secs] 27130728K->19312186K(65798144K), 0.1538975 secs] [Times: user=1.81 sys=0.65, real=0.15 secs] 
2023-10-20T05:08:45.004+0800: 127067.286: [GC (Allocation Failure) 2023-10-20T05:08:45.004+0800: 127067.286: [ParNew: 8930548K->988880K(9175040K), 0.1238070 secs] 27176506K->19283748K(65798144K), 0.1241581 secs] [Times: user=1.75 sys=0.18, real=0.13 secs] 
2023-10-20T05:09:01.459+0800: 127083.740: [GC (Allocation Failure) 2023-10-20T05:09:01.459+0800: 127083.740: [ParNew: 8853200K->986873K(9175040K), 0.1807781 secs] 27148068K->19330316K(65798144K), 0.1811994 secs] [Times: user=1.62 sys=1.32, real=0.18 secs] 
2023-10-20T05:09:16.669+0800: 127098.951: [GC (Allocation Failure) 2023-10-20T05:09:16.670+0800: 127098.951: [ParNew: 8851193K->1061080K(9175040K), 0.1301209 secs] 27194636K->19453373K(65798144K), 0.1305011 secs] [Times: user=1.71 sys=0.34, real=0.13 secs] 
2023-10-20T05:09:29.504+0800: 127111.785: [GC (Allocation Failure) 2023-10-20T05:09:29.504+0800: 127111.785: [ParNew: 8925400K->945380K(9175040K), 0.1666605 secs] 27317693K->19386608K(65798144K), 0.1670996 secs] [Times: user=1.58 sys=1.11, real=0.17 secs] 
2023-10-20T05:09:43.864+0800: 127126.146: [GC (Allocation Failure) 2023-10-20T05:09:43.865+0800: 127126.146: [ParNew: 8809700K->868214K(9175040K), 0.1616798 secs] 27250928K->19358298K(65798144K), 0.1620663 secs] [Times: user=1.83 sys=0.78, real=0.17 secs] 
2023-10-20T05:10:04.148+0800: 127146.430: [GC (Allocation Failure) 2023-10-20T05:10:04.149+0800: 127146.430: [ParNew: 8732534K->1017245K(9175040K), 0.1639386 secs] 27222618K->19556272K(65798144K), 0.1644405 secs] [Times: user=1.53 sys=1.11, real=0.16 secs] 
2023-10-20T05:10:25.177+0800: 127167.458: [GC (Allocation Failure) 2023-10-20T05:10:25.177+0800: 127167.458: [ParNew: 8881565K->975863K(9175040K), 0.1596610 secs] 27420592K->19564197K(65798144K), 0.1600255 secs] [Times: user=1.77 sys=0.80, real=0.16 secs] 
2023-10-20T05:10:40.776+0800: 127183.057: [GC (Allocation Failure) 2023-10-20T05:10:40.776+0800: 127183.057: [ParNew: 8840183K->898294K(9175040K), 0.1369288 secs] 27428517K->19535394K(65798144K), 0.1373325 secs] [Times: user=1.71 sys=0.45, real=0.13 secs] 
2023-10-20T05:10:54.824+0800: 127197.106: [GC (Allocation Failure) 2023-10-20T05:10:54.825+0800: 127197.106: [ParNew: 8762614K->971653K(9175040K), 0.1782706 secs] 27399714K->19657943K(65798144K), 0.1786221 secs] [Times: user=1.61 sys=1.29, real=0.18 secs] 
2023-10-20T05:11:13.527+0800: 127215.808: [GC (Allocation Failure) 2023-10-20T05:11:13.527+0800: 127215.809: [ParNew: 8835973K->991184K(9175040K), 0.1311330 secs] 27522263K->19726334K(65798144K), 0.1314805 secs] [Times: user=1.63 sys=0.42, real=0.13 secs] 
2023-10-20T05:11:35.263+0800: 127237.544: [GC (Allocation Failure) 2023-10-20T05:11:35.263+0800: 127237.544: [ParNew: 8855504K->877061K(9175040K), 0.2051741 secs] 27590654K->19660933K(65798144K), 0.2054937 secs] [Times: user=1.61 sys=1.77, real=0.21 secs] 
2023-10-20T05:12:00.795+0800: 127263.076: [GC (Allocation Failure) 2023-10-20T05:12:00.795+0800: 127263.076: [ParNew: 8741381K->990320K(9175040K), 0.1443481 secs] 27525253K->19822966K(65798144K), 0.1446558 secs] [Times: user=1.59 sys=0.71, real=0.15 secs] 
2023-10-20T05:12:27.131+0800: 127289.412: [GC (Allocation Failure) 2023-10-20T05:12:27.131+0800: 127289.412: [ParNew: 8854640K->873184K(9175040K), 0.1856182 secs] 27687286K->19754507K(65798144K), 0.1859708 secs] [Times: user=1.52 sys=1.51, real=0.19 secs] 
2023-10-20T05:12:54.377+0800: 127316.659: [GC (Allocation Failure) 2023-10-20T05:12:54.378+0800: 127316.659: [ParNew: 8737504K->1021132K(9175040K), 0.1926255 secs] 27618827K->19951092K(65798144K), 0.1930612 secs] [Times: user=1.77 sys=1.57, real=0.19 secs] 
2023-10-20T05:13:17.130+0800: 127339.411: [GC (Allocation Failure) 2023-10-20T05:13:17.130+0800: 127339.411: [ParNew: 8885452K->1018578K(9175040K), 0.1601636 secs] 27815412K->19997390K(65798144K), 0.1604797 secs] [Times: user=1.65 sys=0.93, real=0.16 secs] 
2023-10-20T05:13:38.448+0800: 127360.729: [GC (Allocation Failure) 2023-10-20T05:13:38.448+0800: 127360.729: [ParNew: 8882898K->864624K(9175040K), 0.1906151 secs] 27861710K->19891819K(65798144K), 0.1909658 secs] [Times: user=1.55 sys=1.57, real=0.19 secs] 
2023-10-20T05:14:00.699+0800: 127382.980: [GC (Allocation Failure) 2023-10-20T05:14:00.699+0800: 127382.980: [ParNew: 8728944K->899437K(9175040K), 0.1597107 secs] 27756139K->19975250K(65798144K), 0.1600521 secs] [Times: user=1.73 sys=0.85, real=0.16 secs] 
2023-10-20T05:14:20.974+0800: 127403.255: [GC (Allocation Failure) 2023-10-20T05:14:20.974+0800: 127403.255: [ParNew: 8763757K->1046620K(9175040K), 0.1857845 secs] 27839570K->20170937K(65798144K), 0.1861655 secs] [Times: user=1.72 sys=1.22, real=0.19 secs] 
2023-10-20T05:14:37.979+0800: 127420.260: [GC (Allocation Failure) 2023-10-20T05:14:37.979+0800: 127420.261: [ParNew: 8910940K->1028286K(9175040K), 0.1556732 secs] 28035257K->20201178K(65798144K), 0.1560746 secs] [Times: user=1.65 sys=0.81, real=0.15 secs] 
2023-10-20T05:15:00.217+0800: 127442.499: [GC (Allocation Failure) 2023-10-20T05:15:00.218+0800: 127442.499: [ParNew: 8892606K->1032127K(9175040K), 0.1677592 secs] 28065498K->20253670K(65798144K), 0.1681965 secs] [Times: user=1.55 sys=1.14, real=0.17 secs] 
2023-10-20T05:15:22.818+0800: 127465.099: [GC (Allocation Failure) 2023-10-20T05:15:22.818+0800: 127465.099: [ParNew: 8896447K->992553K(9175040K), 0.1662000 secs] 28117990K->20262895K(65798144K), 0.1665332 secs] [Times: user=1.79 sys=0.90, real=0.16 secs] 
2023-10-20T05:15:45.976+0800: 127488.257: [GC (Allocation Failure) 2023-10-20T05:15:45.976+0800: 127488.257: [ParNew: 8856873K->990083K(9175040K), 0.1849584 secs] 28127215K->20293088K(65798144K), 0.1853582 secs] [Times: user=1.51 sys=1.55, real=0.18 secs] 
2023-10-20T05:16:08.260+0800: 127510.542: [GC (Allocation Failure) 2023-10-20T05:16:08.261+0800: 127510.542: [ParNew: 8854403K->911339K(9175040K), 0.1520702 secs] 28157408K->20231355K(65798144K), 0.1524028 secs] [Times: user=1.70 sys=0.82, real=0.15 secs] 
2023-10-20T05:16:27.433+0800: 127529.715: [GC (Allocation Failure) 2023-10-20T05:16:27.434+0800: 127529.715: [ParNew: 8775659K->943250K(9175040K), 0.1929341 secs] 28095675K->20286954K(65798144K), 0.1933018 secs] [Times: user=1.64 sys=1.77, real=0.20 secs] 
2023-10-20T05:16:44.267+0800: 127546.548: [GC (Allocation Failure) 2023-10-20T05:16:44.267+0800: 127546.549: [ParNew: 8807570K->1051963K(9175040K), 0.1266246 secs] 28151274K->20429884K(65798144K), 0.1269698 secs] [Times: user=1.65 sys=0.48, real=0.12 secs] 
2023-10-20T05:17:04.555+0800: 127566.836: [GC (Allocation Failure) 2023-10-20T05:17:04.555+0800: 127566.836: [ParNew: 8916283K->936953K(9175040K), 0.1685636 secs] 28294204K->20357927K(65798144K), 0.1689510 secs] [Times: user=1.60 sys=1.13, real=0.17 secs] 
2023-10-20T05:17:23.328+0800: 127585.609: [GC (Allocation Failure) 2023-10-20T05:17:23.328+0800: 127585.609: [ParNew: 8801273K->1043705K(9175040K), 0.1530613 secs] 28222247K->20513493K(65798144K), 0.1534180 secs] [Times: user=1.70 sys=0.75, real=0.15 secs] 
2023-10-20T05:17:39.014+0800: 127601.295: [GC (Allocation Failure) 2023-10-20T05:17:39.014+0800: 127601.295: [ParNew: 8908025K->1076926K(9175040K), 0.1279178 secs] 28377813K->20595374K(65798144K), 0.1282664 secs] [Times: user=1.61 sys=0.39, real=0.13 secs] 
2023-10-20T05:18:00.528+0800: 127622.809: [GC (Allocation Failure) 2023-10-20T05:18:00.528+0800: 127622.809: [ParNew: 8941246K->1022392K(9175040K), 0.2011712 secs] 28459694K->20589508K(65798144K), 0.2015287 secs] [Times: user=1.82 sys=1.49, real=0.20 secs] 
2023-10-20T05:18:22.327+0800: 127644.608: [GC (Allocation Failure) 2023-10-20T05:18:22.327+0800: 127644.608: [ParNew: 8886712K->1023991K(9175040K), 0.1767891 secs] 28453828K->20639912K(65798144K), 0.1771630 secs] [Times: user=1.45 sys=1.41, real=0.17 secs] 
2023-10-20T05:18:46.011+0800: 127668.292: [GC (Allocation Failure) 2023-10-20T05:18:46.011+0800: 127668.292: [ParNew: 8888311K->1020690K(9175040K), 0.1639394 secs] 28504232K->20685122K(65798144K), 0.1642604 secs] [Times: user=1.77 sys=0.88, real=0.16 secs] 
2023-10-20T05:19:12.450+0800: 127694.732: [GC (Allocation Failure) 2023-10-20T05:19:12.451+0800: 127694.732: [ParNew: 8885010K->1018231K(9175040K), 0.1846625 secs] 28549442K->20731707K(65798144K), 0.1851076 secs] [Times: user=1.50 sys=1.51, real=0.18 secs] 
2023-10-20T05:19:40.750+0800: 127723.031: [GC (Allocation Failure) 2023-10-20T05:19:40.750+0800: 127723.032: [ParNew: 8882551K->1014358K(9175040K), 0.1725207 secs] 28596027K->20770324K(65798144K), 0.1728419 secs] [Times: user=1.52 sys=1.30, real=0.17 secs] 
2023-10-20T05:20:07.392+0800: 127749.673: [GC (Allocation Failure) 2023-10-20T05:20:07.392+0800: 127749.673: [ParNew: 8878678K->934280K(9175040K), 0.2028223 secs] 28634644K->20727532K(65798144K), 0.2031570 secs] [Times: user=1.62 sys=1.74, real=0.20 secs] 
2023-10-20T05:20:44.622+0800: 127786.903: [GC (Allocation Failure) 2023-10-20T05:20:44.622+0800: 127786.903: [ParNew: 8798600K->965344K(9175040K), 0.2257026 secs] 28591852K->20768315K(65798144K), 0.2260478 secs] [Times: user=1.35 sys=2.51, real=0.23 secs] 
2023-10-20T05:21:07.655+0800: 127809.936: [GC (Allocation Failure) 2023-10-20T05:21:07.655+0800: 127809.936: [ParNew: 8829664K->981753K(9175040K), 0.1312700 secs] 28632635K->20793173K(65798144K), 0.1316219 secs] [Times: user=1.45 sys=0.71, real=0.14 secs] 
2023-10-20T05:21:26.512+0800: 127828.793: [GC (Allocation Failure) 2023-10-20T05:21:26.512+0800: 127828.794: [ParNew: 8846073K->944026K(9175040K), 0.1941436 secs] 28657493K->20764565K(65798144K), 0.1946507 secs] [Times: user=1.37 sys=1.90, real=0.20 secs] 
2023-10-20T05:21:49.403+0800: 127851.684: [GC (Allocation Failure) 2023-10-20T05:21:49.403+0800: 127851.684: [ParNew: 8808346K->1093664K(9175040K), 0.1244608 secs] 28628885K->20921294K(65798144K), 0.1248413 secs] [Times: user=1.37 sys=0.67, real=0.13 secs] 
2023-10-20T05:22:11.628+0800: 127873.909: [GC (Allocation Failure) 2023-10-20T05:22:11.628+0800: 127873.910: [ParNew: 8957984K->892762K(9175040K), 0.1887949 secs] 28785614K->20727549K(65798144K), 0.1891617 secs] [Times: user=1.46 sys=1.73, real=0.19 secs] 
2023-10-20T05:22:36.489+0800: 127898.770: [GC (Allocation Failure) 2023-10-20T05:22:36.489+0800: 127898.771: [ParNew: 8757082K->956825K(9175040K), 0.1326279 secs] 28591869K->20798610K(65798144K), 0.1329490 secs] [Times: user=1.43 sys=0.76, real=0.13 secs] 
2023-10-20T05:23:04.368+0800: 127926.649: [GC (Allocation Failure) 2023-10-20T05:23:04.368+0800: 127926.649: [ParNew: 8821145K->894875K(9175040K), 0.1805446 secs] 28662930K->20736659K(65798144K), 0.1809046 secs] [Times: user=1.28 sys=1.80, real=0.18 secs] 
2023-10-20T05:23:28.340+0800: 127950.622: [GC (Allocation Failure) 2023-10-20T05:23:28.341+0800: 127950.622: [ParNew: 8759195K->842693K(9175040K), 0.1690181 secs] 28600979K->20684478K(65798144K), 0.1694167 secs] [Times: user=1.35 sys=1.49, real=0.17 secs] 
2023-10-20T05:23:51.830+0800: 127974.112: [GC (Allocation Failure) 2023-10-20T05:23:51.830+0800: 127974.112: [ParNew: 8707013K->945398K(9175040K), 0.1517819 secs] 28548798K->20793883K(65798144K), 0.1521703 secs] [Times: user=1.36 sys=1.17, real=0.15 secs] 
2023-10-20T05:24:16.768+0800: 127999.049: [GC (Allocation Failure) 2023-10-20T05:24:16.768+0800: 127999.049: [ParNew: 8809718K->870051K(9175040K), 0.1955542 secs] 28658203K->20725604K(65798144K), 0.1959954 secs] [Times: user=1.44 sys=1.87, real=0.19 secs] 
2023-10-20T05:24:39.697+0800: 128021.978: [GC (Allocation Failure) 2023-10-20T05:24:39.697+0800: 128021.978: [ParNew: 8734371K->998246K(9175040K), 0.1304664 secs] 28589924K->20860749K(65798144K), 0.1307871 secs] [Times: user=1.42 sys=0.73, real=0.13 secs] 
2023-10-20T05:24:56.830+0800: 128039.112: [GC (Allocation Failure) 2023-10-20T05:24:56.831+0800: 128039.112: [ParNew: 8862566K->866868K(9175040K), 0.1715382 secs] 28725069K->20736390K(65798144K), 0.1719006 secs] [Times: user=1.46 sys=1.43, real=0.17 secs] 
2023-10-20T05:25:14.833+0800: 128057.114: [GC (Allocation Failure) 2023-10-20T05:25:14.833+0800: 128057.114: [ParNew: 8731188K->954179K(9175040K), 0.1254593 secs] 28600710K->20838482K(65798144K), 0.1258367 secs] [Times: user=1.48 sys=0.55, real=0.13 secs] 
2023-10-20T05:25:35.832+0800: 128078.114: [GC (Allocation Failure) 2023-10-20T05:25:35.833+0800: 128078.114: [ParNew: 8818499K->929033K(9175040K), 0.1863299 secs] 28702802K->20838689K(65798144K), 0.1867269 secs] [Times: user=1.51 sys=1.58, real=0.19 secs] 
2023-10-20T05:26:04.527+0800: 128106.808: [GC (Allocation Failure) 2023-10-20T05:26:04.527+0800: 128106.808: [ParNew: 8793353K->892908K(9175040K), 0.1803306 secs] 28703009K->20817400K(65798144K), 0.1807560 secs] [Times: user=1.48 sys=1.53, real=0.18 secs] 
2023-10-20T05:26:33.760+0800: 128136.041: [GC (Allocation Failure) 2023-10-20T05:26:33.760+0800: 128136.041: [ParNew: 8757228K->1031327K(9175040K), 0.1602138 secs] 28681720K->20962934K(65798144K), 0.1605995 secs] [Times: user=1.55 sys=1.13, real=0.16 secs] 
2023-10-20T05:26:59.217+0800: 128161.498: [GC (Allocation Failure) 2023-10-20T05:26:59.217+0800: 128161.499: [ParNew: 8895647K->920905K(9175040K), 0.1908551 secs] 28827254K->20859644K(65798144K), 0.1912342 secs] [Times: user=1.39 sys=1.84, real=0.19 secs] 
2023-10-20T05:27:29.385+0800: 128191.666: [GC (Allocation Failure) 2023-10-20T05:27:29.385+0800: 128191.666: [ParNew: 8785225K->947155K(9175040K), 0.1758992 secs] 28723964K->20885894K(65798144K), 0.1763160 secs] [Times: user=1.39 sys=1.58, real=0.18 secs] 
2023-10-20T05:28:05.663+0800: 128227.944: [GC (Allocation Failure) 2023-10-20T05:28:05.663+0800: 128227.944: [ParNew: 8811475K->900997K(9175040K), 0.1664728 secs] 28750214K->20839736K(65798144K), 0.1668213 secs] [Times: user=1.44 sys=1.38, real=0.17 secs] 
2023-10-20T05:28:40.984+0800: 128263.265: [GC (Allocation Failure) 2023-10-20T05:28:40.984+0800: 128263.265: [ParNew: 8765317K->886735K(9175040K), 0.1934686 secs] 28704056K->20832715K(65798144K), 0.1938380 secs] [Times: user=1.27 sys=2.01, real=0.20 secs] 
2023-10-20T05:29:06.359+0800: 128288.640: [GC (Allocation Failure) 2023-10-20T05:29:06.359+0800: 128288.640: [ParNew: 8751055K->859980K(9175040K), 0.1903361 secs] 28697035K->20813370K(65798144K), 0.1907133 secs] [Times: user=1.33 sys=1.89, real=0.19 secs] 
2023-10-20T05:29:29.673+0800: 128311.955: [GC (Allocation Failure) 2023-10-20T05:29:29.673+0800: 128311.955: [ParNew: 8724300K->953970K(9175040K), 0.1296052 secs] 28677690K->20914732K(65798144K), 0.1299589 secs] [Times: user=1.48 sys=0.65, real=0.13 secs] 
2023-10-20T05:29:51.984+0800: 128334.265: [GC (Allocation Failure) 2023-10-20T05:29:51.984+0800: 128334.266: [ParNew: 8818290K->850402K(9175040K), 0.1847137 secs] 28779052K->20818537K(65798144K), 0.1850987 secs] [Times: user=1.62 sys=1.49, real=0.19 secs] 
2023-10-20T05:30:20.009+0800: 128362.290: [GC (Allocation Failure) 2023-10-20T05:30:20.009+0800: 128362.290: [ParNew: 8714722K->828793K(9175040K), 0.2225254 secs] 28682857K->20804160K(65798144K), 0.2230078 secs] [Times: user=2.07 sys=1.75, real=0.22 secs] 
2023-10-20T05:30:49.353+0800: 128391.635: [GC (Allocation Failure) 2023-10-20T05:30:49.353+0800: 128391.635: [ParNew: 8693113K->907491K(9175040K), 0.1504522 secs] 28668480K->20890194K(65798144K), 0.1508126 secs] [Times: user=1.31 sys=1.21, real=0.15 secs] 
2023-10-20T05:31:19.496+0800: 128421.778: [GC (Allocation Failure) 2023-10-20T05:31:19.497+0800: 128421.778: [ParNew: 8771811K->823746K(9175040K), 0.1830113 secs] 28754514K->20813496K(65798144K), 0.1834382 secs] [Times: user=1.30 sys=1.79, real=0.18 secs] 
2023-10-20T05:31:39.334+0800: 128441.615: [GC (Allocation Failure) 2023-10-20T05:31:39.334+0800: 128441.615: [ParNew: 8688066K->783233K(9175040K), 0.1251235 secs] 28677816K->20779602K(65798144K), 0.1255626 secs] [Times: user=1.33 sys=0.72, real=0.13 secs] 
2023-10-20T05:31:56.937+0800: 128459.218: [GC (Allocation Failure) 2023-10-20T05:31:56.937+0800: 128459.219: [ParNew: 8647553K->858147K(9175040K), 0.1678376 secs] 28643922K->20861440K(65798144K), 0.1682736 secs] [Times: user=1.41 sys=1.41, real=0.16 secs] 
2023-10-20T05:32:15.224+0800: 128477.506: [GC (Allocation Failure) 2023-10-20T05:32:15.225+0800: 128477.506: [ParNew: 8722467K->973670K(9175040K), 0.1187129 secs] 28725760K->20984115K(65798144K), 0.1190820 secs] [Times: user=1.48 sys=0.46, real=0.12 secs] 
2023-10-20T05:32:37.569+0800: 128499.850: [GC (Allocation Failure) 2023-10-20T05:32:37.569+0800: 128499.850: [ParNew: 8837990K->892977K(9175040K), 0.1919979 secs] 28848435K->20910676K(65798144K), 0.1923905 secs] [Times: user=1.50 sys=1.74, real=0.19 secs] 
2023-10-20T05:33:03.413+0800: 128525.694: [GC (Allocation Failure) 2023-10-20T05:33:03.413+0800: 128525.694: [ParNew: 8757297K->872299K(9175040K), 0.1426644 secs] 28774996K->20897377K(65798144K), 0.1430843 secs] [Times: user=1.54 sys=0.84, real=0.15 secs] 
2023-10-20T05:33:30.785+0800: 128553.067: [GC (Allocation Failure) 2023-10-20T05:33:30.786+0800: 128553.067: [ParNew: 8736619K->959917K(9175040K), 0.1874868 secs] 28761697K->20992323K(65798144K), 0.1878756 secs] [Times: user=1.28 sys=1.89, real=0.19 secs] 
2023-10-20T05:33:59.047+0800: 128581.328: [GC (Allocation Failure) 2023-10-20T05:33:59.047+0800: 128581.328: [ParNew: 8824237K->887993K(9175040K), 0.2127951 secs] 28856643K->20942790K(65798144K), 0.2131986 secs] [Times: user=1.41 sys=2.17, real=0.21 secs] 
2023-10-20T05:34:27.938+0800: 128610.219: [GC (Allocation Failure) 2023-10-20T05:34:27.938+0800: 128610.220: [ParNew: 8752313K->1019725K(9175040K), 0.1361004 secs] 28807110K->21074521K(65798144K), 0.1365307 secs] [Times: user=1.44 sys=0.83, real=0.13 secs] 
2023-10-20T05:34:54.562+0800: 128636.843: [GC (Allocation Failure) 2023-10-20T05:34:54.562+0800: 128636.843: [ParNew: 8884045K->935312K(9175040K), 0.1855458 secs] 28938841K->20990109K(65798144K), 0.1859504 secs] [Times: user=1.36 sys=1.81, real=0.19 secs] 
2023-10-20T05:35:24.775+0800: 128667.056: [GC (Allocation Failure) 2023-10-20T05:35:24.775+0800: 128667.056: [ParNew: 8799632K->928239K(9175040K), 0.2159449 secs] 28854429K->20990609K(65798144K), 0.2163308 secs] [Times: user=1.58 sys=2.10, real=0.22 secs] 
2023-10-20T05:35:54.811+0800: 128697.092: [GC (Allocation Failure) 2023-10-20T05:35:54.811+0800: 128697.093: [ParNew: 8792559K->884119K(9175040K), 0.1427741 secs] 28854929K->20953861K(65798144K), 0.1432084 secs] [Times: user=1.43 sys=0.94, real=0.14 secs] 
2023-10-20T05:36:24.745+0800: 128727.026: [GC (Allocation Failure) 2023-10-20T05:36:24.745+0800: 128727.027: [ParNew: 8748439K->913699K(9175040K), 0.1844892 secs] 28818181K->20990842K(65798144K), 0.1848746 secs] [Times: user=1.46 sys=1.80, real=0.19 secs] 
2023-10-20T05:36:49.390+0800: 128751.671: [GC (Allocation Failure) 2023-10-20T05:36:49.390+0800: 128751.671: [ParNew: 8778019K->923702K(9175040K), 0.2016120 secs] 28855162K->21008388K(65798144K), 0.2020063 secs] [Times: user=1.46 sys=1.97, real=0.20 secs] 
2023-10-20T05:37:13.602+0800: 128775.883: [GC (Allocation Failure) 2023-10-20T05:37:13.602+0800: 128775.883: [ParNew: 8788022K->911223K(9175040K), 0.1294960 secs] 28872708K->21003403K(65798144K), 0.1298449 secs] [Times: user=1.43 sys=0.71, real=0.13 secs] 
2023-10-20T05:37:36.915+0800: 128799.196: [GC (Allocation Failure) 2023-10-20T05:37:36.915+0800: 128799.196: [ParNew: 8775543K->888673K(9175040K), 0.1849504 secs] 28867723K->20987935K(65798144K), 0.1852977 secs] [Times: user=1.57 sys=1.56, real=0.19 secs] 
2023-10-20T05:37:55.547+0800: 128817.828: [GC (Allocation Failure) 2023-10-20T05:37:55.547+0800: 128817.828: [ParNew: 8752993K->878212K(9175040K), 0.1234053 secs] 28852255K->20984751K(65798144K), 0.1237540 secs] [Times: user=1.54 sys=0.49, real=0.12 secs] 
2023-10-20T05:38:18.995+0800: 128841.276: [GC (Allocation Failure) 2023-10-20T05:38:18.995+0800: 128841.277: [ParNew: 8742532K->885495K(9175040K), 0.1748535 secs] 28849071K->20999000K(65798144K), 0.1752507 secs] [Times: user=1.31 sys=1.64, real=0.18 secs] 
2023-10-20T05:38:42.423+0800: 128864.704: [GC (Allocation Failure) 2023-10-20T05:38:42.423+0800: 128864.704: [ParNew: 8749815K->960325K(9175040K), 0.1854342 secs] 28863320K->21080828K(65798144K), 0.1858047 secs] [Times: user=1.46 sys=1.67, real=0.19 secs] 
2023-10-20T05:39:05.511+0800: 128887.793: [GC (Allocation Failure) 2023-10-20T05:39:05.511+0800: 128887.793: [ParNew: 8824645K->967863K(9175040K), 0.1625250 secs] 28945148K->21095648K(65798144K), 0.1628465 secs] [Times: user=1.74 sys=0.99, real=0.16 secs] 
2023-10-20T05:39:37.913+0800: 128920.195: [GC (Allocation Failure) 2023-10-20T05:39:37.914+0800: 128920.195: [ParNew: 8832183K->872328K(9175040K), 0.2076485 secs] 28959968K->21007462K(65798144K), 0.2080497 secs] [Times: user=1.49 sys=2.04, real=0.21 secs] 
2023-10-20T05:40:03.635+0800: 128945.916: [GC (Allocation Failure) 2023-10-20T05:40:03.635+0800: 128945.917: [ParNew: 8736648K->936197K(9175040K), 0.1770245 secs] 28871782K->21078835K(65798144K), 0.1774424 secs] [Times: user=1.42 sys=1.55, real=0.18 secs] 
2023-10-20T05:40:27.558+0800: 128969.839: [GC (Allocation Failure) 2023-10-20T05:40:27.558+0800: 128969.839: [ParNew: 8800262K->919801K(9175040K), 0.1594174 secs] 28942900K->21069682K(65798144K), 0.1597896 secs] [Times: user=1.68 sys=0.99, real=0.16 secs] 
2023-10-20T05:40:51.502+0800: 128993.784: [GC (Allocation Failure) 2023-10-20T05:40:51.503+0800: 128993.784: [ParNew: 8784121K->970201K(9175040K), 0.2179761 secs] 28934002K->21127180K(65798144K), 0.2184080 secs] [Times: user=1.50 sys=2.22, real=0.22 secs] 
2023-10-20T05:41:16.849+0800: 129019.130: [GC (Allocation Failure) 2023-10-20T05:41:16.849+0800: 129019.130: [ParNew: 8834521K->1018144K(9175040K), 0.1416407 secs] 28991500K->21182538K(65798144K), 0.1419622 secs] [Times: user=1.54 sys=0.81, real=0.14 secs] 
2023-10-20T05:41:44.851+0800: 129047.132: [GC (Allocation Failure) 2023-10-20T05:41:44.851+0800: 129047.132: [ParNew: 8882464K->914150K(9175040K), 0.1829406 secs] 29046858K->21086027K(65798144K), 0.1832874 secs] [Times: user=1.43 sys=1.66, real=0.18 secs] 
2023-10-20T05:42:03.943+0800: 129066.224: [GC (Allocation Failure) 2023-10-20T05:42:03.943+0800: 129066.224: [ParNew: 8778470K->947657K(9175040K), 0.1198833 secs] 28950347K->21126981K(65798144K), 0.1202870 secs] [Times: user=1.59 sys=0.37, real=0.12 secs] 
2023-10-20T05:42:29.202+0800: 129091.484: [GC (Allocation Failure) 2023-10-20T05:42:29.203+0800: 129091.484: [ParNew: 8811977K->913552K(9175040K), 0.1934094 secs] 28991301K->21100390K(65798144K), 0.1938097 secs] [Times: user=1.74 sys=1.54, real=0.20 secs] 
2023-10-20T05:42:51.801+0800: 129114.083: [GC (Allocation Failure) 2023-10-20T05:42:51.802+0800: 129114.083: [ParNew: 8777872K->876735K(9175040K), 0.1686057 secs] 28964710K->21070984K(65798144K), 0.1689548 secs] [Times: user=1.42 sys=1.42, real=0.17 secs] 
2023-10-20T05:43:15.802+0800: 129138.083: [GC (Allocation Failure) 2023-10-20T05:43:15.802+0800: 129138.083: [ParNew: 8741055K->1045746K(9175040K), 0.1722149 secs] 28935304K->21247289K(65798144K), 0.1725880 secs] [Times: user=1.89 sys=1.02, real=0.17 secs] 
2023-10-20T05:43:43.524+0800: 129165.806: [GC (Allocation Failure) 2023-10-20T05:43:43.525+0800: 129165.806: [ParNew: 8910066K->914181K(9175040K), 0.2029494 secs] 29111609K->21122761K(65798144K), 0.2033254 secs] [Times: user=1.45 sys=2.00, real=0.21 secs] 
2023-10-20T05:44:08.841+0800: 129191.122: [GC (Allocation Failure) 2023-10-20T05:44:08.841+0800: 129191.122: [ParNew: 8778501K->909222K(9175040K), 0.1408311 secs] 28987081K->21124804K(65798144K), 0.1412398 secs] [Times: user=1.42 sys=0.91, real=0.14 secs] 
2023-10-20T05:44:36.039+0800: 129218.320: [GC (Allocation Failure) 2023-10-20T05:44:36.039+0800: 129218.320: [ParNew: 8773542K->937765K(9175040K), 0.1942793 secs] 28989124K->21160622K(65798144K), 0.1946185 secs] [Times: user=1.59 sys=1.70, real=0.19 secs] 
2023-10-20T05:45:08.686+0800: 129250.968: [GC (Allocation Failure) 2023-10-20T05:45:08.687+0800: 129250.968: [ParNew: 8802085K->905695K(9175040K), 0.2119890 secs] 29024942K->21135777K(65798144K), 0.2123223 secs] [Times: user=1.32 sys=2.30, real=0.21 secs] 
2023-10-20T05:45:32.037+0800: 129274.318: [GC (Allocation Failure) 2023-10-20T05:45:32.037+0800: 129274.319: [ParNew: 8770015K->925955K(9175040K), 0.1314600 secs] 29000097K->21163279K(65798144K), 0.1318235 secs] [Times: user=1.59 sys=0.60, real=0.13 secs] 
2023-10-20T05:46:04.354+0800: 129306.636: [GC (Allocation Failure) 2023-10-20T05:46:04.355+0800: 129306.636: [ParNew: 8790275K->888666K(9175040K), 0.1872881 secs] 29027599K->21133517K(65798144K), 0.1876336 secs] [Times: user=1.35 sys=1.82, real=0.19 secs] 
2023-10-20T05:46:27.601+0800: 129329.882: [GC (Allocation Failure) 2023-10-20T05:46:27.601+0800: 129329.882: [ParNew: 8752986K->866999K(9175040K), 0.1801313 secs] 28997837K->21119276K(65798144K), 0.1804849 secs] [Times: user=1.35 sys=1.67, real=0.18 secs] 
2023-10-20T05:46:49.535+0800: 129351.816: [GC (Allocation Failure) 2023-10-20T05:46:49.535+0800: 129351.817: [ParNew: 8731319K->936820K(9175040K), 0.1705241 secs] 28983596K->21196296K(65798144K), 0.1708506 secs] [Times: user=1.84 sys=1.03, real=0.18 secs] 
2023-10-20T05:47:20.922+0800: 129383.203: [GC (Allocation Failure) 2023-10-20T05:47:20.922+0800: 129383.203: [ParNew: 8801140K->891085K(9175040K), 0.2214243 secs] 29060616K->21157681K(65798144K), 0.2217870 secs] [Times: user=1.46 sys=2.32, real=0.23 secs] 
2023-10-20T05:47:50.160+0800: 129412.441: [GC (Allocation Failure) 2023-10-20T05:47:50.160+0800: 129412.441: [ParNew: 8755405K->910204K(9175040K), 0.1723187 secs] 29022001K->21184160K(65798144K), 0.1726548 secs] [Times: user=1.43 sys=1.47, real=0.17 secs] 
2023-10-20T05:48:12.746+0800: 129435.027: [GC (Allocation Failure) 2023-10-20T05:48:12.746+0800: 129435.028: [ParNew: 8774524K->926784K(9175040K), 0.1423396 secs] 29048480K->21208195K(65798144K), 0.1426858 secs] [Times: user=1.43 sys=0.93, real=0.14 secs] 
2023-10-20T05:48:36.010+0800: 129458.291: [GC (Allocation Failure) 2023-10-20T05:48:36.010+0800: 129458.292: [ParNew: 8791104K->855533K(9175040K), 0.1834894 secs] 29072515K->21143993K(65798144K), 0.1838537 secs] [Times: user=1.51 sys=1.59, real=0.18 secs] 
2023-10-20T05:49:00.382+0800: 129482.663: [GC (Allocation Failure) 2023-10-20T05:49:00.382+0800: 129482.664: [ParNew: 8719853K->927691K(9175040K), 0.1829640 secs] 29008313K->21223484K(65798144K), 0.1832988 secs] [Times: user=1.84 sys=1.26, real=0.18 secs] 
2023-10-20T05:49:25.135+0800: 129507.416: [GC (Allocation Failure) 2023-10-20T05:49:25.135+0800: 129507.416: [ParNew: 8792011K->961655K(9175040K), 0.2200282 secs] 29087804K->21264718K(65798144K), 0.2203861 secs] [Times: user=2.01 sys=1.75, real=0.22 secs] 
2023-10-20T05:49:49.792+0800: 129532.074: [GC (Allocation Failure) 2023-10-20T05:49:49.793+0800: 129532.074: [ParNew: 8825975K->892145K(9175040K), 0.1348748 secs] 29129038K->21202518K(65798144K), 0.1351967 secs] [Times: user=1.56 sys=0.66, real=0.14 secs] 
2023-10-20T05:50:15.962+0800: 129558.243: [GC (Allocation Failure) 2023-10-20T05:50:15.962+0800: 129558.243: [ParNew: 8756465K->862435K(9175040K), 0.1896769 secs] 29066838K->21180258K(65798144K), 0.1900042 secs] [Times: user=1.57 sys=1.64, real=0.19 secs] 
2023-10-20T05:50:40.641+0800: 129582.922: [GC (Allocation Failure) 2023-10-20T05:50:40.641+0800: 129582.922: [ParNew: 8726755K->890108K(9175040K), 0.1711554 secs] 29044578K->21215060K(65798144K), 0.1717221 secs] [Times: user=1.34 sys=1.54, real=0.17 secs] 
2023-10-20T05:51:06.743+0800: 129609.024: [GC (Allocation Failure) 2023-10-20T05:51:06.743+0800: 129609.024: [ParNew: 8754428K->966221K(9175040K), 0.1685759 secs] 29079380K->21298326K(65798144K), 0.1689432 secs] [Times: user=1.74 sys=1.11, real=0.17 secs] 
2023-10-20T05:51:30.752+0800: 129633.033: [GC (Allocation Failure) 2023-10-20T05:51:30.752+0800: 129633.033: [ParNew: 8830541K->937193K(9175040K), 0.1920424 secs] 29162646K->21276777K(65798144K), 0.1924289 secs] [Times: user=1.39 sys=1.87, real=0.19 secs] 
2023-10-20T05:51:56.191+0800: 129658.472: [GC (Allocation Failure) 2023-10-20T05:51:56.191+0800: 129658.473: [ParNew: 8801513K->968692K(9175040K), 0.1373593 secs] 29141097K->21315818K(65798144K), 0.1377217 secs] [Times: user=1.50 sys=0.77, real=0.14 secs] 
2023-10-20T05:52:19.987+0800: 129682.268: [GC (Allocation Failure) 2023-10-20T05:52:19.987+0800: 129682.268: [ParNew: 8833012K->924855K(9175040K), 0.1992489 secs] 29180138K->21279437K(65798144K), 0.1995988 secs] [Times: user=1.76 sys=1.63, real=0.20 secs] 
2023-10-20T05:52:51.866+0800: 129714.147: [GC (Allocation Failure) 2023-10-20T05:52:51.866+0800: 129714.148: [ParNew: 8789175K->897177K(9175040K), 0.1924532 secs] 29143757K->21259105K(65798144K), 0.1928000 secs] [Times: user=1.31 sys=1.95, real=0.19 secs] 
2023-10-20T05:53:18.029+0800: 129740.311: [GC (Allocation Failure) 2023-10-20T05:53:18.029+0800: 129740.311: [ParNew: 8761497K->964208K(9175040K), 0.1631351 secs] 29123425K->21333347K(65798144K), 0.1635142 secs] [Times: user=1.51 sys=1.23, real=0.16 secs] 
2023-10-20T05:53:45.064+0800: 129767.345: [GC (Allocation Failure) 2023-10-20T05:53:45.064+0800: 129767.346: [ParNew: 8828528K->917394K(9175040K), 0.1940115 secs] 29197667K->21294009K(65798144K), 0.1943541 secs] [Times: user=1.69 sys=1.61, real=0.20 secs] 
2023-10-20T05:54:10.110+0800: 129792.391: [GC (Allocation Failure) 2023-10-20T05:54:10.110+0800: 129792.391: [ParNew: 8781714K->939482K(9175040K), 0.1374589 secs] 29158329K->21323136K(65798144K), 0.1378387 secs] [Times: user=1.52 sys=0.76, real=0.14 secs] 
2023-10-20T05:54:30.156+0800: 129812.438: [GC (Allocation Failure) 2023-10-20T05:54:30.157+0800: 129812.438: [ParNew: 8803802K->920744K(9175040K), 0.2004810 secs] 29187456K->21311748K(65798144K), 0.2008548 secs] [Times: user=1.94 sys=1.47, real=0.20 secs] 
2023-10-20T05:54:57.327+0800: 129839.608: [GC (Allocation Failure) 2023-10-20T05:54:57.327+0800: 129839.608: [ParNew: 8785064K->931754K(9175040K), 0.1368231 secs] 29176068K->21330072K(65798144K), 0.1373374 secs] [Times: user=1.60 sys=0.66, real=0.13 secs] 
2023-10-20T05:55:24.859+0800: 129867.140: [GC (Allocation Failure) 2023-10-20T05:55:24.859+0800: 129867.140: [ParNew: 8796074K->927471K(9175040K), 0.1935851 secs] 29194392K->21333607K(65798144K), 0.1939432 secs] [Times: user=1.65 sys=1.63, real=0.19 secs] 
2023-10-20T05:55:50.992+0800: 129893.273: [GC (Allocation Failure) 2023-10-20T05:55:50.992+0800: 129893.274: [ParNew: 8791791K->890265K(9175040K), 0.2612784 secs] 29197927K->21303594K(65798144K), 0.2616545 secs] [Times: user=2.10 sys=2.40, real=0.26 secs] 
2023-10-20T05:56:11.431+0800: 129913.712: [GC (Allocation Failure) 2023-10-20T05:56:11.431+0800: 129913.712: [ParNew: 8754585K->916455K(9175040K), 0.1409206 secs] 29167914K->21337090K(65798144K), 0.1412769 secs] [Times: user=1.79 sys=0.55, real=0.14 secs] 
2023-10-20T05:56:34.155+0800: 129936.437: [GC (Allocation Failure) 2023-10-20T05:56:34.156+0800: 129936.437: [ParNew: 8780775K->884158K(9175040K), 0.1965179 secs] 29201410K->21312100K(65798144K), 0.1968752 secs] [Times: user=1.73 sys=1.61, real=0.20 secs] 
2023-10-20T05:57:02.324+0800: 129964.605: [GC (Allocation Failure) 2023-10-20T05:57:02.324+0800: 129964.606: [ParNew: 8748478K->923306K(9175040K), 0.1397903 secs] 29176420K->21358568K(65798144K), 0.1401442 secs] [Times: user=1.43 sys=0.90, real=0.14 secs] 
2023-10-20T05:57:24.189+0800: 129986.470: [GC (Allocation Failure) 2023-10-20T05:57:24.189+0800: 129986.470: [ParNew: 8787626K->914244K(9175040K), 0.1902790 secs] 29222888K->21356693K(65798144K), 0.1906578 secs] [Times: user=1.71 sys=1.51, real=0.19 secs] 
2023-10-20T05:57:44.031+0800: 130006.312: [GC (Allocation Failure) 2023-10-20T05:57:44.031+0800: 130006.313: [ParNew: 8778564K->950200K(9175040K), 0.1258837 secs] 29221013K->21399713K(65798144K), 0.1261907 secs] [Times: user=1.51 sys=0.56, real=0.13 secs] 
2023-10-20T05:57:59.169+0800: 130021.451: [GC (Allocation Failure) 2023-10-20T05:57:59.170+0800: 130021.451: [ParNew: 8814520K->918449K(9175040K), 0.1831899 secs] 29264033K->21390264K(65798144K), 0.1835327 secs] [Times: user=1.77 sys=1.28, real=0.18 secs] 
2023-10-20T05:58:15.311+0800: 130037.592: [GC (Allocation Failure) 2023-10-20T05:58:15.311+0800: 130037.593: [ParNew: 8782769K->1045885K(9175040K), 0.1274038 secs] 29254584K->21528826K(65798144K), 0.1277408 secs] [Times: user=1.71 sys=0.38, real=0.13 secs] 
2023-10-20T05:58:29.378+0800: 130051.660: [GC (Allocation Failure) 2023-10-20T05:58:29.379+0800: 130051.660: [ParNew: 8910205K->1022884K(9175040K), 0.1601850 secs] 29393146K->21535323K(65798144K), 0.1606299 secs] [Times: user=1.42 sys=1.20, real=0.16 secs] 
2023-10-20T05:58:45.918+0800: 130068.199: [GC (Allocation Failure) 2023-10-20T05:58:45.918+0800: 130068.199: [ParNew: 8887204K->1026092K(9175040K), 0.1698722 secs] 29399643K->21585753K(65798144K), 0.1702687 secs] [Times: user=1.92 sys=0.83, real=0.17 secs] 
2023-10-20T05:59:07.584+0800: 130089.866: [GC (Allocation Failure) 2023-10-20T05:59:07.585+0800: 130089.866: [ParNew: 8890412K->1026127K(9175040K), 0.1689036 secs] 29450073K->21634508K(65798144K), 0.1694153 secs] [Times: user=1.53 sys=1.19, real=0.17 secs] 
2023-10-20T05:59:34.509+0800: 130116.790: [GC (Allocation Failure) 2023-10-20T05:59:34.509+0800: 130116.790: [ParNew: 8890447K->1022947K(9175040K), 0.1750794 secs] 29498828K->21671145K(65798144K), 0.1754089 secs] [Times: user=1.63 sys=1.25, real=0.17 secs] 
2023-10-20T05:59:55.670+0800: 130137.951: [GC (Allocation Failure) 2023-10-20T05:59:55.670+0800: 130137.952: [ParNew: 8887267K->944880K(9175040K), 0.2266459 secs] 29535465K->21641763K(65798144K), 0.2270100 secs] [Times: user=1.88 sys=1.90, real=0.23 secs] 
2023-10-20T06:00:18.058+0800: 130160.339: [GC (Allocation Failure) 2023-10-20T06:00:18.058+0800: 130160.339: [ParNew: 8809200K->980161K(9175040K), 0.1559861 secs] 29506083K->21725896K(65798144K), 0.1563001 secs] [Times: user=1.84 sys=0.67, real=0.15 secs] 
2023-10-20T06:00:37.857+0800: 130180.138: [GC (Allocation Failure) 2023-10-20T06:00:37.857+0800: 130180.138: [ParNew: 8844481K->1050467K(9175040K), 0.2022364 secs] 29590216K->21844723K(65798144K), 0.2026091 secs] [Times: user=1.78 sys=1.55, real=0.20 secs] 
2023-10-20T06:00:53.846+0800: 130196.127: [GC (Allocation Failure) 2023-10-20T06:00:53.846+0800: 130196.127: [ParNew: 8914787K->974030K(9175040K), 0.1411432 secs] 29709043K->21817046K(65798144K), 0.1414884 secs] [Times: user=1.76 sys=0.49, real=0.15 secs] 
2023-10-20T06:01:12.927+0800: 130215.208: [GC (Allocation Failure) 2023-10-20T06:01:12.927+0800: 130215.208: [ParNew: 8838350K->934460K(9175040K), 0.1953411 secs] 29681366K->21826409K(65798144K), 0.1957210 secs] [Times: user=1.64 sys=1.57, real=0.19 secs] 
2023-10-20T06:01:32.574+0800: 130234.856: [GC (Allocation Failure) 2023-10-20T06:01:32.575+0800: 130234.856: [ParNew: 8798780K->965172K(9175040K), 0.1622406 secs] 29690729K->21905903K(65798144K), 0.1626312 secs] [Times: user=2.17 sys=0.62, real=0.17 secs] 
2023-10-20T06:01:54.516+0800: 130256.798: [GC (Allocation Failure) 2023-10-20T06:01:54.517+0800: 130256.798: [ParNew: 8829492K->1097020K(9175040K), 0.1799498 secs] 29770223K->22086784K(65798144K), 0.1803249 secs] [Times: user=1.97 sys=1.14, real=0.18 secs] 
2023-10-20T06:02:13.330+0800: 130275.612: [GC (Allocation Failure) 2023-10-20T06:02:13.330+0800: 130275.612: [ParNew: 8961340K->947542K(9175040K), 0.1678709 secs] 29951104K->21986069K(65798144K), 0.1682084 secs] [Times: user=1.98 sys=0.75, real=0.17 secs] 
2023-10-20T06:02:32.752+0800: 130295.033: [GC (Allocation Failure) 2023-10-20T06:02:32.752+0800: 130295.034: [ParNew: 8811862K->1021137K(9175040K), 0.1516846 secs] 29850389K->22108256K(65798144K), 0.1520453 secs] [Times: user=2.02 sys=0.42, real=0.15 secs] 
2023-10-20T06:02:51.535+0800: 130313.816: [GC (Allocation Failure) 2023-10-20T06:02:51.535+0800: 130313.816: [ParNew: 8885457K->1094879K(9175040K), 0.1941540 secs] 29972576K->22230622K(65798144K), 0.1945045 secs] [Times: user=1.98 sys=1.22, real=0.20 secs] 
2023-10-20T06:03:10.785+0800: 130333.066: [GC (Allocation Failure) 2023-10-20T06:03:10.785+0800: 130333.066: [ParNew: 8959199K->1055532K(9175040K), 0.1337780 secs] 30094942K->22240214K(65798144K), 0.1341712 secs] [Times: user=1.70 sys=0.42, real=0.14 secs] 
2023-10-20T06:03:31.459+0800: 130353.741: [GC (Allocation Failure) 2023-10-20T06:03:31.460+0800: 130353.741: [ParNew: 8919852K->1013735K(9175040K), 0.2119505 secs] 30104534K->22246659K(65798144K), 0.2123140 secs] [Times: user=2.06 sys=1.45, real=0.21 secs] 
2023-10-20T06:03:53.007+0800: 130375.288: [GC (Allocation Failure) 2023-10-20T06:03:53.007+0800: 130375.289: [ParNew: 8878055K->1011485K(9175040K), 0.1724416 secs] 30110979K->22293436K(65798144K), 0.1727688 secs] [Times: user=1.74 sys=1.05, real=0.17 secs] 
2023-10-20T06:04:13.114+0800: 130395.395: [GC (Allocation Failure) 2023-10-20T06:04:13.114+0800: 130395.396: [ParNew: 8875805K->934519K(9175040K), 0.1738602 secs] 30157756K->22265017K(65798144K), 0.1742380 secs] [Times: user=2.03 sys=0.80, real=0.18 secs] 
2023-10-20T06:04:34.705+0800: 130416.986: [GC (Allocation Failure) 2023-10-20T06:04:34.705+0800: 130416.986: [ParNew: 8798839K->932193K(9175040K), 0.1711056 secs] 30129337K->22310997K(65798144K), 0.1714685 secs] [Times: user=1.66 sys=1.11, real=0.18 secs] 
2023-10-20T06:04:55.967+0800: 130438.248: [GC (Allocation Failure) 2023-10-20T06:04:55.967+0800: 130438.248: [ParNew: 8796513K->1116375K(9175040K), 0.1733776 secs] 30175317K->22543845K(65798144K), 0.1737047 secs] [Times: user=1.91 sys=0.91, real=0.17 secs] 
2023-10-20T06:05:20.866+0800: 130463.148: [GC (Allocation Failure) 2023-10-20T06:05:20.867+0800: 130463.148: [ParNew: 8980695K->1025566K(9175040K), 0.1753997 secs] 30408165K->22501446K(65798144K), 0.1758645 secs] [Times: user=1.58 sys=1.27, real=0.17 secs] 
2023-10-20T06:05:39.914+0800: 130482.196: [GC (Allocation Failure) 2023-10-20T06:05:39.915+0800: 130482.196: [ParNew: 8889886K->1065097K(9175040K), 0.1874206 secs] 30365766K->22589404K(65798144K), 0.1877472 secs] [Times: user=2.08 sys=0.99, real=0.19 secs] 
2023-10-20T06:05:59.683+0800: 130501.964: [GC (Allocation Failure) 2023-10-20T06:05:59.684+0800: 130501.965: [ParNew: 8929417K->988763K(9175040K), 0.1834771 secs] 30453724K->22562036K(65798144K), 0.1839497 secs] [Times: user=1.83 sys=1.16, real=0.19 secs] 
2023-10-20T06:06:20.201+0800: 130522.482: [GC (Allocation Failure) 2023-10-20T06:06:20.201+0800: 130522.482: [ParNew: 8853083K->1100064K(9175040K), 0.1705210 secs] 30426356K->22721652K(65798144K), 0.1708515 secs] [Times: user=1.70 sys=1.08, real=0.17 secs] 
2023-10-20T06:06:39.797+0800: 130542.078: [GC (Allocation Failure) 2023-10-20T06:06:39.797+0800: 130542.078: [ParNew: 8964384K->1019126K(9175040K), 0.1912442 secs] 30585972K->22688742K(65798144K), 0.1916610 secs] [Times: user=1.93 sys=1.17, real=0.19 secs] 
2023-10-20T06:07:00.443+0800: 130562.724: [GC (Allocation Failure) 2023-10-20T06:07:00.443+0800: 130562.724: [ParNew: 8883446K->979642K(9175040K), 0.1820658 secs] 30553062K->22698086K(65798144K), 0.1823958 secs] [Times: user=1.89 sys=1.08, real=0.18 secs] 
2023-10-20T06:07:19.044+0800: 130581.325: [GC (Allocation Failure) 2023-10-20T06:07:19.044+0800: 130581.325: [ParNew: 8843962K->1051949K(9175040K), 0.1622821 secs] 30562406K->22819032K(65798144K), 0.1626147 secs] [Times: user=1.61 sys=0.98, real=0.17 secs] 
2023-10-20T06:07:32.659+0800: 130594.940: [GC (Allocation Failure) 2023-10-20T06:07:32.659+0800: 130594.940: [ParNew: 8916269K->1011663K(9175040K), 0.1694269 secs] 30683352K->22827372K(65798144K), 0.1697773 secs] [Times: user=1.99 sys=0.75, real=0.17 secs] 
2023-10-20T06:07:48.196+0800: 130610.477: [GC (Allocation Failure) 2023-10-20T06:07:48.196+0800: 130610.477: [ParNew: 8875983K->1047260K(9175040K), 0.1300537 secs] 30691692K->22911902K(65798144K), 0.1303918 secs] [Times: user=1.60 sys=0.44, real=0.13 secs] 
2023-10-20T06:08:06.352+0800: 130628.633: [GC (Allocation Failure) 2023-10-20T06:08:06.352+0800: 130628.634: [ParNew: 8911580K->1081980K(9175040K), 0.1773401 secs] 30776222K->22995480K(65798144K), 0.1777021 secs] [Times: user=1.71 sys=1.18, real=0.18 secs] 
2023-10-20T06:08:26.521+0800: 130648.803: [GC (Allocation Failure) 2023-10-20T06:08:26.522+0800: 130648.803: [ParNew: 8946300K->1078276K(9175040K), 0.1403413 secs] 30859800K->23040528K(65798144K), 0.1406716 secs] [Times: user=1.69 sys=0.54, real=0.14 secs] 
2023-10-20T06:08:47.320+0800: 130669.601: [GC (Allocation Failure) 2023-10-20T06:08:47.320+0800: 130669.601: [ParNew: 8942596K->1022767K(9175040K), 0.1997445 secs] 30904848K->23033906K(65798144K), 0.2001282 secs] [Times: user=2.00 sys=1.28, real=0.20 secs] 
2023-10-20T06:09:05.925+0800: 130688.206: [GC (Allocation Failure) 2023-10-20T06:09:05.925+0800: 130688.206: [ParNew: 8887087K->1103025K(9175040K), 0.1405722 secs] 30898226K->23163189K(65798144K), 0.1409183 secs] [Times: user=1.80 sys=0.43, real=0.15 secs] 
2023-10-20T06:09:23.233+0800: 130705.514: [GC (Allocation Failure) 2023-10-20T06:09:23.233+0800: 130705.514: [ParNew: 8967345K->1025882K(9175040K), 0.2044619 secs] 31027509K->23134520K(65798144K), 0.2048059 secs] [Times: user=1.92 sys=1.46, real=0.21 secs] 
2023-10-20T06:09:39.903+0800: 130722.185: [GC (Allocation Failure) 2023-10-20T06:09:39.904+0800: 130722.185: [ParNew: 8890202K->1024005K(9175040K), 0.1420616 secs] 30998840K->23181245K(65798144K), 0.1424521 secs] [Times: user=1.75 sys=0.51, real=0.15 secs] 
2023-10-20T06:09:56.478+0800: 130738.759: [GC (Allocation Failure) 2023-10-20T06:09:56.478+0800: 130738.759: [ParNew: 8888325K->1097221K(9175040K), 0.1604574 secs] 31045565K->23303035K(65798144K), 0.1608653 secs] [Times: user=1.52 sys=1.06, real=0.16 secs] 
2023-10-20T06:10:11.055+0800: 130753.337: [GC (Allocation Failure) 2023-10-20T06:10:11.056+0800: 130753.337: [ParNew: 8961541K->982897K(9175040K), 0.1615980 secs] 31167355K->23238186K(65798144K), 0.1619424 secs] [Times: user=1.77 sys=0.82, real=0.17 secs] 
2023-10-20T06:10:26.085+0800: 130768.366: [GC (Allocation Failure) 2023-10-20T06:10:26.085+0800: 130768.366: [ParNew: 8847217K->981108K(9175040K), 0.1294013 secs] 31102506K->23285310K(65798144K), 0.1297383 secs] [Times: user=1.62 sys=0.40, real=0.13 secs] 
2023-10-20T06:10:41.578+0800: 130783.859: [GC (Allocation Failure) 2023-10-20T06:10:41.578+0800: 130783.860: [ParNew: 8845428K->941573K(9175040K), 0.1967390 secs] 31149630K->23294976K(65798144K), 0.1971093 secs] [Times: user=1.89 sys=1.35, real=0.19 secs] 
2023-10-20T06:10:57.592+0800: 130799.873: [GC (Allocation Failure) 2023-10-20T06:10:57.592+0800: 130799.873: [ParNew: 8805893K->939571K(9175040K), 0.1496427 secs] 31159296K->23341707K(65798144K), 0.1499924 secs] [Times: user=1.94 sys=0.45, real=0.15 secs] 
2023-10-20T06:11:16.522+0800: 130818.803: [GC (Allocation Failure) 2023-10-20T06:11:16.522+0800: 130818.803: [ParNew: 8803891K->938111K(9175040K), 0.1734440 secs] 31206027K->23388650K(65798144K), 0.1737985 secs] [Times: user=1.51 sys=1.30, real=0.18 secs] 
2023-10-20T06:11:33.679+0800: 130835.961: [GC (Allocation Failure) 2023-10-20T06:11:33.680+0800: 130835.961: [ParNew: 8802431K->971411K(9175040K), 0.1764720 secs] 31252970K->23470470K(65798144K), 0.1768896 secs] [Times: user=2.07 sys=0.81, real=0.18 secs] 
2023-10-20T06:11:55.009+0800: 130857.290: [GC (Allocation Failure) 2023-10-20T06:11:55.009+0800: 130857.290: [ParNew: 8835731K->970332K(9175040K), 0.1749759 secs] 31334790K->23517988K(65798144K), 0.1753618 secs] [Times: user=1.49 sys=1.35, real=0.17 secs] 
2023-10-20T06:12:16.079+0800: 130878.361: [GC (Allocation Failure) 2023-10-20T06:12:16.080+0800: 130878.361: [ParNew: 8834652K->1116626K(9175040K), 0.1861814 secs] 31382308K->23713135K(65798144K), 0.1865564 secs] [Times: user=2.20 sys=0.85, real=0.19 secs] 
2023-10-20T06:12:36.614+0800: 130898.895: [GC (Allocation Failure) 2023-10-20T06:12:36.614+0800: 130898.895: [ParNew: 8980946K->1025554K(9175040K), 0.1831700 secs] 31577455K->23671170K(65798144K), 0.1835487 secs] [Times: user=1.49 sys=1.50, real=0.19 secs] 
2023-10-20T06:12:58.701+0800: 130920.983: [GC (Allocation Failure) 2023-10-20T06:12:58.702+0800: 130920.983: [ParNew: 8889874K->991166K(9175040K), 0.1947890 secs] 31535490K->23685559K(65798144K), 0.1951364 secs] [Times: user=1.99 sys=1.20, real=0.20 secs] 
2023-10-20T06:13:21.597+0800: 130943.879: [GC (Allocation Failure) 2023-10-20T06:13:21.598+0800: 130943.879: [ParNew: 8855486K->1028004K(9175040K), 0.2552283 secs] 31549879K->23770688K(65798144K), 0.2556727 secs] [Times: user=1.49 sys=2.80, real=0.25 secs] 
2023-10-20T06:13:42.956+0800: 130965.237: [GC (Allocation Failure) 2023-10-20T06:13:42.956+0800: 130965.238: [ParNew: 8892324K->950144K(9175040K), 0.1784434 secs] 31635008K->23741412K(65798144K), 0.1787459 secs] [Times: user=1.95 sys=0.94, real=0.17 secs] 
2023-10-20T06:14:04.691+0800: 130986.972: [GC (Allocation Failure) 2023-10-20T06:14:04.691+0800: 130986.972: [ParNew: 8814464K->1100286K(9175040K), 0.2601034 secs] 31605732K->23940360K(65798144K), 0.2604479 secs] [Times: user=1.81 sys=2.54, real=0.26 secs] 
2023-10-20T06:14:25.081+0800: 131007.363: [GC (Allocation Failure) 2023-10-20T06:14:25.082+0800: 131007.363: [ParNew: 8964606K->1097187K(9175040K), 0.1561101 secs] 31804680K->23986114K(65798144K), 0.1564324 secs] [Times: user=1.84 sys=0.66, real=0.16 secs] 
2023-10-20T06:14:43.874+0800: 131026.155: [GC (Allocation Failure) 2023-10-20T06:14:43.874+0800: 131026.155: [ParNew: 8961507K->1057460K(9175040K), 0.2000502 secs] 31850434K->23994839K(65798144K), 0.2004601 secs] [Times: user=1.76 sys=1.54, real=0.20 secs] 
2023-10-20T06:15:04.816+0800: 131047.097: [GC (Allocation Failure) 2023-10-20T06:15:04.816+0800: 131047.097: [ParNew: 8921780K->1093240K(9175040K), 0.1667256 secs] 31859159K->24079145K(65798144K), 0.1670481 secs] [Times: user=1.95 sys=0.74, real=0.16 secs] 
2023-10-20T06:15:22.939+0800: 131065.220: [GC (Allocation Failure) 2023-10-20T06:15:22.939+0800: 131065.220: [ParNew: 8957560K->976887K(9175040K), 0.1713313 secs] 31943465K->24011420K(65798144K), 0.1716669 secs] [Times: user=1.50 sys=1.27, real=0.17 secs] 
2023-10-20T06:15:39.917+0800: 131082.198: [GC (Allocation Failure) 2023-10-20T06:15:39.917+0800: 131082.198: [ParNew: 8841207K->1049026K(9175040K), 0.1697477 secs] 31875740K->24132475K(65798144K), 0.1700838 secs] [Times: user=2.00 sys=0.75, real=0.17 secs] 
2023-10-20T06:16:00.213+0800: 131102.495: [GC (Allocation Failure) 2023-10-20T06:16:00.214+0800: 131102.495: [ParNew: 8913346K->1009000K(9175040K), 0.1316301 secs] 31996795K->24141834K(65798144K), 0.1319921 secs] [Times: user=1.80 sys=0.27, real=0.13 secs] 
2023-10-20T06:16:14.642+0800: 131116.923: [GC (Allocation Failure) 2023-10-20T06:16:14.642+0800: 131116.923: [ParNew: 8873320K->1027538K(9175040K), 0.1823699 secs] 32006154K->24209031K(65798144K), 0.1827181 secs] [Times: user=1.91 sys=1.08, real=0.18 secs] 
2023-10-20T06:16:28.274+0800: 131130.555: [GC (Allocation Failure) 2023-10-20T06:16:28.274+0800: 131130.555: [ParNew: 8891858K->951073K(9175040K), 0.1321726 secs] 32073351K->24181689K(65798144K), 0.1325669 secs] [Times: user=1.66 sys=0.42, real=0.14 secs] 
2023-10-20T06:16:41.989+0800: 131144.270: [GC (Allocation Failure) 2023-10-20T06:16:41.989+0800: 131144.270: [ParNew: 8815393K->947901K(9175040K), 0.1627497 secs] 32046009K->24227387K(65798144K), 0.1632022 secs] [Times: user=1.69 sys=0.92, real=0.16 secs] 
2023-10-20T06:16:59.900+0800: 131162.181: [GC (Allocation Failure) 2023-10-20T06:16:59.900+0800: 131162.181: [ParNew: 8812221K->944974K(9175040K), 0.1726512 secs] 32091707K->24273438K(65798144K), 0.1730080 secs] [Times: user=1.95 sys=0.86, real=0.17 secs] 
2023-10-20T06:17:17.917+0800: 131180.198: [GC (Allocation Failure) 2023-10-20T06:17:17.917+0800: 131180.198: [ParNew: 8809294K->979349K(9175040K), 0.1308875 secs] 32137758K->24356511K(65798144K), 0.1312371 secs] [Times: user=1.79 sys=0.27, real=0.13 secs] 
2023-10-20T06:17:33.793+0800: 131196.075: [GC (Allocation Failure) 2023-10-20T06:17:33.793+0800: 131196.075: [ParNew: 8843669K->1088659K(9175040K), 0.1873355 secs] 32220831K->24514507K(65798144K), 0.1877341 secs] [Times: user=1.84 sys=1.22, real=0.19 secs] 
2023-10-20T06:17:51.923+0800: 131214.205: [GC (Allocation Failure) 2023-10-20T06:17:51.924+0800: 131214.205: [ParNew: 8952979K->973426K(9175040K), 0.1365939 secs] 32378827K->24448328K(65798144K), 0.1369416 secs] [Times: user=1.69 sys=0.47, real=0.14 secs] 
2023-10-20T06:18:07.794+0800: 131230.075: [GC (Allocation Failure) 2023-10-20T06:18:07.794+0800: 131230.075: [ParNew: 8837746K->1007364K(9175040K), 0.1901822 secs] 32312648K->24531347K(65798144K), 0.1906318 secs] [Times: user=1.68 sys=1.43, real=0.19 secs] 
2023-10-20T06:18:23.729+0800: 131246.011: [GC (Allocation Failure) 2023-10-20T06:18:23.729+0800: 131246.011: [ParNew: 8871684K->1040253K(9175040K), 0.1416141 secs] 32395667K->24612949K(65798144K), 0.1419628 secs] [Times: user=1.91 sys=0.33, real=0.14 secs] 
2023-10-20T06:18:39.122+0800: 131261.403: [GC (Allocation Failure) 2023-10-20T06:18:39.122+0800: 131261.404: [ParNew: 8904573K->1001035K(9175040K), 0.1639367 secs] 32477269K->24622172K(65798144K), 0.1643181 secs] [Times: user=1.64 sys=0.99, real=0.17 secs] 
2023-10-20T06:18:59.622+0800: 131281.903: [GC (Allocation Failure) 2023-10-20T06:18:59.622+0800: 131281.903: [ParNew: 8865355K->1070864K(9175040K), 0.1835640 secs] 32486492K->24740637K(65798144K), 0.1839098 secs] [Times: user=2.12 sys=0.88, real=0.18 secs] 
2023-10-20T06:19:23.441+0800: 131305.723: [GC (Allocation Failure) 2023-10-20T06:19:23.442+0800: 131305.723: [ParNew: 8935184K->1013629K(9175040K), 0.1988608 secs] 32604957K->24732249K(65798144K), 0.1993495 secs] [Times: user=1.72 sys=1.55, real=0.20 secs] 
2023-10-20T06:19:45.465+0800: 131327.746: [GC (Allocation Failure) 2023-10-20T06:19:45.465+0800: 131327.746: [ParNew: 8877949K->900204K(9175040K), 0.1713273 secs] 32596569K->24667364K(65798144K), 0.1716382 secs] [Times: user=1.79 sys=1.00, real=0.18 secs] 
2023-10-20T06:20:04.418+0800: 131346.699: [GC (Allocation Failure) 2023-10-20T06:20:04.418+0800: 131346.699: [ParNew: 8764524K->1009371K(9175040K), 0.1915863 secs] 32531684K->24824425K(65798144K), 0.1919619 secs] [Times: user=1.86 sys=1.28, real=0.19 secs] 
2023-10-20T06:20:27.614+0800: 131369.895: [GC (Allocation Failure) 2023-10-20T06:20:27.614+0800: 131369.895: [ParNew: 8873691K->969676K(9175040K), 0.1635051 secs] 32688745K->24832560K(65798144K), 0.1638340 secs] [Times: user=1.91 sys=0.73, real=0.17 secs] 
2023-10-20T06:20:48.721+0800: 131391.003: [GC (Allocation Failure) 2023-10-20T06:20:48.722+0800: 131391.003: [ParNew: 8833996K->1042592K(9175040K), 0.2070103 secs] 32696880K->24953564K(65798144K), 0.2073637 secs] [Times: user=1.74 sys=1.67, real=0.21 secs] 
2023-10-20T06:21:17.395+0800: 131419.676: [GC (Allocation Failure) 2023-10-20T06:21:17.395+0800: 131419.676: [ParNew: 8906912K->1077971K(9175040K), 0.1626701 secs] 32817884K->25037171K(65798144K), 0.1629766 secs] [Times: user=1.86 sys=0.78, real=0.17 secs] 
2023-10-20T06:21:44.148+0800: 131446.429: [GC (Allocation Failure) 2023-10-20T06:21:44.148+0800: 131446.429: [ParNew: 8942291K->994345K(9175040K), 0.2150295 secs] 32901491K->25001805K(65798144K), 0.2153992 secs] [Times: user=1.97 sys=1.61, real=0.21 secs] 
2023-10-20T06:22:10.736+0800: 131473.018: [GC (Allocation Failure) 2023-10-20T06:22:10.737+0800: 131473.018: [ParNew: 8858665K->1047114K(9175040K), 0.1646213 secs] 32866125K->25102710K(65798144K), 0.1650305 secs] [Times: user=1.52 sys=1.12, real=0.16 secs] 
2023-10-20T06:22:32.347+0800: 131494.628: [GC (Allocation Failure) 2023-10-20T06:22:32.347+0800: 131494.629: [ParNew: 8911434K->1007999K(9175040K), 0.1673751 secs] 32967030K->25111838K(65798144K), 0.1676711 secs] [Times: user=1.84 sys=0.88, real=0.16 secs] 
2023-10-20T06:22:58.734+0800: 131521.016: [GC (Allocation Failure) 2023-10-20T06:22:58.734+0800: 131521.016: [ParNew: 8872319K->930127K(9175040K), 0.1797225 secs] 32976158K->25064576K(65798144K), 0.1800817 secs] [Times: user=1.50 sys=1.47, real=0.18 secs] 
2023-10-20T06:23:22.880+0800: 131545.161: [GC (Allocation Failure) 2023-10-20T06:23:22.880+0800: 131545.161: [ParNew: 8794447K->1038891K(9175040K), 0.1670220 secs] 32928896K->25182510K(65798144K), 0.1673436 secs] [Times: user=1.63 sys=1.16, real=0.17 secs] 
2023-10-20T06:23:44.584+0800: 131566.865: [GC (Allocation Failure) 2023-10-20T06:23:44.584+0800: 131566.865: [ParNew: 8903211K->888055K(9175040K), 0.1887360 secs] 33046830K->25038209K(65798144K), 0.1891025 secs] [Times: user=1.42 sys=1.77, real=0.19 secs] 
2023-10-20T06:24:05.491+0800: 131587.773: [GC (Allocation Failure) 2023-10-20T06:24:05.492+0800: 131587.773: [ParNew: 8752375K->911506K(9175040K), 0.1288875 secs] 32902529K->25061660K(65798144K), 0.1292238 secs] [Times: user=1.40 sys=0.74, real=0.13 secs] 
2023-10-20T06:24:24.941+0800: 131607.223: [GC (Allocation Failure) 2023-10-20T06:24:24.942+0800: 131607.223: [ParNew: 8775826K->951180K(9175040K), 0.1836033 secs] 32925980K->25108255K(65798144K), 0.1839947 secs] [Times: user=1.50 sys=1.57, real=0.18 secs] 
2023-10-20T06:24:41.013+0800: 131623.294: [GC (Allocation Failure) 2023-10-20T06:24:41.013+0800: 131623.294: [ParNew: 8815500K->1032315K(9175040K), 0.1283177 secs] 32972575K->25212608K(65798144K), 0.1286969 secs] [Times: user=1.59 sys=0.47, real=0.13 secs] 
2023-10-20T06:24:56.894+0800: 131639.176: [GC (Allocation Failure) 2023-10-20T06:24:56.895+0800: 131639.176: [ParNew: 8896635K->936477K(9175040K), 0.1552032 secs] 33076928K->25139429K(65798144K), 0.1556414 secs] [Times: user=1.61 sys=0.92, real=0.16 secs] 
2023-10-20T06:25:17.032+0800: 131659.313: [GC (Allocation Failure) 2023-10-20T06:25:17.032+0800: 131659.314: [ParNew: 8800797K->1011997K(9175040K), 0.1746626 secs] 33003749K->25240487K(65798144K), 0.1750305 secs] [Times: user=1.96 sys=0.94, real=0.18 secs] 
2023-10-20T06:25:39.555+0800: 131681.836: [GC (Allocation Failure) 2023-10-20T06:25:39.555+0800: 131681.836: [ParNew: 8876317K->968211K(9175040K), 0.1948869 secs] 33104807K->25222451K(65798144K), 0.1953363 secs] [Times: user=1.53 sys=1.74, real=0.20 secs] 
2023-10-20T06:26:02.806+0800: 131705.088: [GC (Allocation Failure) 2023-10-20T06:26:02.807+0800: 131705.088: [ParNew: 8832531K->998251K(9175040K), 0.1466357 secs] 33086771K->25277349K(65798144K), 0.1469383 secs] [Times: user=1.52 sys=0.91, real=0.14 secs] 
2023-10-20T06:26:26.823+0800: 131729.104: [GC (Allocation Failure) 2023-10-20T06:26:26.823+0800: 131729.104: [ParNew: 8862571K->957130K(9175040K), 0.1933899 secs] 33141669K->25270843K(65798144K), 0.1937346 secs] [Times: user=1.58 sys=1.63, real=0.20 secs] 
2023-10-20T06:26:51.359+0800: 131753.640: [GC (Allocation Failure) 2023-10-20T06:26:51.359+0800: 131753.641: [ParNew: 8821450K->952937K(9175040K), 0.1370006 secs] 33135163K->25301702K(65798144K), 0.1374174 secs] [Times: user=1.68 sys=0.51, real=0.14 secs] 
2023-10-20T06:27:18.429+0800: 131780.710: [GC (Allocation Failure) 2023-10-20T06:27:18.429+0800: 131780.710: [ParNew: 8817257K->915024K(9175040K), 0.1990831 secs] 33166022K->25296655K(65798144K), 0.1993842 secs] [Times: user=1.72 sys=1.59, real=0.20 secs] 
2023-10-20T06:27:45.601+0800: 131807.882: [GC (Allocation Failure) 2023-10-20T06:27:45.601+0800: 131807.882: [ParNew: 8779344K->970673K(9175040K), 0.1945266 secs] 33160975K->25381980K(65798144K), 0.1949503 secs] [Times: user=1.80 sys=1.44, real=0.20 secs] 
2023-10-20T06:28:19.913+0800: 131842.195: [GC (Allocation Failure) 2023-10-20T06:28:19.914+0800: 131842.195: [ParNew: 8834993K->1011002K(9175040K), 0.1774543 secs] 33246300K->25435710K(65798144K), 0.1777959 secs] [Times: user=1.56 sys=1.41, real=0.18 secs] 
2023-10-20T06:28:46.194+0800: 131868.475: [GC (Allocation Failure) 2023-10-20T06:28:46.194+0800: 131868.475: [ParNew: 8875322K->894001K(9175040K), 0.2017634 secs] 33300030K->25325960K(65798144K), 0.2020899 secs] [Times: user=1.82 sys=1.61, real=0.21 secs] 
2023-10-20T06:29:13.842+0800: 131896.123: [GC (Allocation Failure) 2023-10-20T06:29:13.842+0800: 131896.123: [ParNew: 8758321K->923078K(9175040K), 0.1845524 secs] 33190280K->25362043K(65798144K), 0.1849859 secs] [Times: user=1.63 sys=1.58, real=0.19 secs] 
2023-10-20T06:29:43.401+0800: 131925.682: [GC (Allocation Failure) 2023-10-20T06:29:43.401+0800: 131925.682: [ParNew: 8787398K->974018K(9175040K), 0.1637865 secs] 33226363K->25412983K(65798144K), 0.1641083 secs] [Times: user=1.51 sys=1.26, real=0.16 secs] 
2023-10-20T06:30:14.334+0800: 131956.615: [GC (Allocation Failure) 2023-10-20T06:30:14.334+0800: 131956.615: [ParNew: 8838338K->904836K(9175040K), 0.2038820 secs] 33277303K->25343801K(65798144K), 0.2041875 secs] [Times: user=1.75 sys=1.74, real=0.21 secs] 
2023-10-20T06:30:36.932+0800: 131979.214: [GC (Allocation Failure) 2023-10-20T06:30:36.933+0800: 131979.214: [ParNew: 8769156K->834835K(9175040K), 0.1627579 secs] 33208121K->25280699K(65798144K), 0.1631763 secs] [Times: user=1.30 sys=1.44, real=0.16 secs] 
2023-10-20T06:31:00.665+0800: 132002.947: [GC (Allocation Failure) 2023-10-20T06:31:00.666+0800: 132002.947: [ParNew: 8699155K->945771K(9175040K), 0.1572172 secs] 33145019K->25398310K(65798144K), 0.1575456 secs] [Times: user=1.76 sys=0.87, real=0.16 secs] 
2023-10-20T06:31:24.716+0800: 132026.997: [GC (Allocation Failure) 2023-10-20T06:31:24.716+0800: 132026.997: [ParNew: 8810091K->912663K(9175040K), 0.2086935 secs] 33262630K->25371585K(65798144K), 0.2090794 secs] [Times: user=1.35 sys=2.20, real=0.21 secs] 
2023-10-20T06:31:46.226+0800: 132048.508: [GC (Allocation Failure) 2023-10-20T06:31:46.227+0800: 132048.508: [ParNew: 8776983K->909036K(9175040K), 0.1350168 secs] 33235905K->25374613K(65798144K), 0.1353876 secs] [Times: user=1.59 sys=0.63, real=0.13 secs] 
2023-10-20T06:32:06.497+0800: 132068.778: [GC (Allocation Failure) 2023-10-20T06:32:06.497+0800: 132068.778: [ParNew: 8773356K->877209K(9175040K), 0.1999715 secs] 33238933K->25349765K(65798144K), 0.2003131 secs] [Times: user=1.59 sys=1.80, real=0.20 secs] 
2023-10-20T06:32:30.661+0800: 132092.942: [GC (Allocation Failure) 2023-10-20T06:32:30.661+0800: 132092.943: [ParNew: 8741529K->852081K(9175040K), 0.1579094 secs] 33214085K->25331685K(65798144K), 0.1582355 secs] [Times: user=1.91 sys=0.72, real=0.16 secs] 
2023-10-20T06:32:49.848+0800: 132112.130: [GC (Allocation Failure) 2023-10-20T06:32:49.849+0800: 132112.130: [ParNew: 8716401K->855666K(9175040K), 0.1884625 secs] 33196005K->25342544K(65798144K), 0.1887958 secs] [Times: user=1.72 sys=1.47, real=0.19 secs] 
2023-10-20T06:33:10.122+0800: 132132.404: [GC (Allocation Failure) 2023-10-20T06:33:10.123+0800: 132132.404: [ParNew: 8719986K->937544K(9175040K), 0.1318842 secs] 33206864K->25431625K(65798144K), 0.1322026 secs] [Times: user=1.59 sys=0.59, real=0.13 secs] 
2023-10-20T06:33:26.522+0800: 132148.803: [GC (Allocation Failure) 2023-10-20T06:33:26.522+0800: 132148.804: [ParNew: 8801864K->924427K(9175040K), 0.1942567 secs] 33295945K->25425823K(65798144K), 0.1946826 secs] [Times: user=1.68 sys=1.60, real=0.20 secs] 
2023-10-20T06:33:45.235+0800: 132167.516: [GC (Allocation Failure) 2023-10-20T06:33:45.235+0800: 132167.517: [ParNew: 8788747K->1045311K(9175040K), 0.1469711 secs] 33290143K->25569876K(65798144K), 0.1472994 secs] [Times: user=1.85 sys=0.54, real=0.15 secs] 
2023-10-20T06:34:04.245+0800: 132186.526: [GC (Allocation Failure) 2023-10-20T06:34:04.245+0800: 132186.527: [ParNew: 8909631K->936733K(9175040K), 0.1970287 secs] 33434196K->25479704K(65798144K), 0.1974138 secs] [Times: user=1.44 sys=1.86, real=0.20 secs] 
2023-10-20T06:34:23.174+0800: 132205.455: [GC (Allocation Failure) 2023-10-20T06:34:23.174+0800: 132205.455: [ParNew: 8801053K->936447K(9175040K), 0.1445165 secs] 33344024K->25514937K(65798144K), 0.1448449 secs] [Times: user=1.65 sys=0.67, real=0.15 secs] 
2023-10-20T06:34:41.619+0800: 132223.900: [GC (Allocation Failure) 2023-10-20T06:34:41.619+0800: 132223.901: [ParNew: 8800767K->971200K(9175040K), 0.1769231 secs] 33379257K->25597483K(65798144K), 0.1773534 secs] [Times: user=1.76 sys=1.12, real=0.18 secs] 
2023-10-20T06:34:59.611+0800: 132241.893: [GC (Allocation Failure) 2023-10-20T06:34:59.612+0800: 132241.893: [ParNew: 8835520K->968672K(9175040K), 0.1818529 secs] 33461803K->25643100K(65798144K), 0.1821766 secs] [Times: user=2.05 sys=0.92, real=0.18 secs] 
2023-10-20T06:35:28.100+0800: 132270.381: [GC (Allocation Failure) 2023-10-20T06:35:28.100+0800: 132270.382: [ParNew: 8832992K->965555K(9175040K), 0.2253320 secs] 33507420K->25688435K(65798144K), 0.2256907 secs] [Times: user=1.61 sys=2.13, real=0.23 secs] 
2023-10-20T06:36:02.473+0800: 132304.754: [GC (Allocation Failure) 2023-10-20T06:36:02.473+0800: 132304.754: [ParNew: 8829875K->958046K(9175040K), 0.1498004 secs] 33552755K->25726508K(65798144K), 0.1501040 secs] [Times: user=1.58 sys=0.82, real=0.15 secs] 
2023-10-20T06:36:40.582+0800: 132342.864: [GC (Allocation Failure) 2023-10-20T06:36:40.583+0800: 132342.864: [ParNew: 8822366K->1009270K(9175040K), 0.2023167 secs] 33590828K->25795416K(65798144K), 0.2026567 secs] [Times: user=1.47 sys=1.94, real=0.20 secs] 
2023-10-20T06:37:05.750+0800: 132368.031: [GC (Allocation Failure) 2023-10-20T06:37:05.750+0800: 132368.031: [ParNew: 8873590K->929829K(9175040K), 0.1824650 secs] 33659736K->25724623K(65798144K), 0.1827915 secs] [Times: user=1.52 sys=1.56, real=0.18 secs] 
2023-10-20T06:37:32.422+0800: 132394.703: [GC (Allocation Failure) 2023-10-20T06:37:32.422+0800: 132394.703: [ParNew: 8794149K->962677K(9175040K), 0.1270933 secs] 33588943K->25764677K(65798144K), 0.1274077 secs] [Times: user=1.42 sys=0.66, real=0.13 secs] 
2023-10-20T06:38:02.910+0800: 132425.192: [GC (Allocation Failure) 2023-10-20T06:38:02.911+0800: 132425.192: [ParNew: 8826997K->881874K(9175040K), 0.1932991 secs] 33628997K->25690783K(65798144K), 0.1936122 secs] [Times: user=1.79 sys=1.48, real=0.19 secs] 
2023-10-20T06:38:29.415+0800: 132451.696: [GC (Allocation Failure) 2023-10-20T06:38:29.415+0800: 132451.696: [ParNew: 8746194K->855658K(9175040K), 0.1794268 secs] 33555103K->25664567K(65798144K), 0.1799021 secs] [Times: user=1.37 sys=1.68, real=0.18 secs] 
2023-10-20T06:38:54.787+0800: 132477.069: [GC (Allocation Failure) 2023-10-20T06:38:54.787+0800: 132477.069: [ParNew: 8719978K->1001268K(9175040K), 0.1617804 secs] 33528887K->25810176K(65798144K), 0.1621357 secs] [Times: user=1.73 sys=1.00, real=0.16 secs] 
2023-10-20T06:39:18.245+0800: 132500.526: [GC (Allocation Failure) 2023-10-20T06:39:18.245+0800: 132500.527: [ParNew: 8865588K->831863K(9175040K), 0.2010966 secs] 33674496K->25647760K(65798144K), 0.2014454 secs] [Times: user=1.65 sys=1.77, real=0.21 secs] 
2023-10-20T06:39:42.655+0800: 132524.936: [GC (Allocation Failure) 2023-10-20T06:39:42.655+0800: 132524.936: [ParNew: 8696183K->886527K(9175040K), 0.1284226 secs] 33512080K->25709132K(65798144K), 0.1287383 secs] [Times: user=1.40 sys=0.72, real=0.13 secs] 
2023-10-20T06:40:06.676+0800: 132548.957: [GC (Allocation Failure) 2023-10-20T06:40:06.676+0800: 132548.957: [ParNew: 8750847K->830697K(9175040K), 0.1839027 secs] 33573452K->25660177K(65798144K), 0.1842275 secs] [Times: user=1.37 sys=1.73, real=0.18 secs] 
2023-10-20T06:40:27.615+0800: 132569.896: [GC (Allocation Failure) 2023-10-20T06:40:27.615+0800: 132569.897: [ParNew: 8695017K->842202K(9175040K), 0.1253760 secs] 33524497K->25678146K(65798144K), 0.1256787 secs] [Times: user=1.65 sys=0.53, real=0.13 secs] 
2023-10-20T06:40:49.807+0800: 132592.088: [GC (Allocation Failure) 2023-10-20T06:40:49.807+0800: 132592.089: [ParNew: 8706522K->849136K(9175040K), 0.1708000 secs] 33542466K->25691913K(65798144K), 0.1711347 secs] [Times: user=1.58 sys=1.46, real=0.17 secs] 
2023-10-20T06:41:13.255+0800: 132615.536: [GC (Allocation Failure) 2023-10-20T06:41:13.255+0800: 132615.536: [ParNew: 8713456K->898405K(9175040K), 0.1291383 secs] 33556233K->25748005K(65798144K), 0.1294330 secs] [Times: user=1.55 sys=0.58, real=0.13 secs] 
2023-10-20T06:41:37.253+0800: 132639.534: [GC (Allocation Failure) 2023-10-20T06:41:37.253+0800: 132639.534: [ParNew: 8762725K->897542K(9175040K), 0.1771444 secs] 33612325K->25753921K(65798144K), 0.1774607 secs] [Times: user=1.33 sys=1.65, real=0.18 secs] 
2023-10-20T06:42:03.182+0800: 132665.463: [GC (Allocation Failure) 2023-10-20T06:42:03.182+0800: 132665.463: [ParNew: 8761862K->922746K(9175040K), 0.1349777 secs] 33618241K->25786222K(65798144K), 0.1352970 secs] [Times: user=1.56 sys=0.66, real=0.14 secs] 
2023-10-20T06:42:22.844+0800: 132685.126: [GC (Allocation Failure) 2023-10-20T06:42:22.845+0800: 132685.126: [ParNew: 8787066K->928829K(9175040K), 0.1956991 secs] 33650542K->25799591K(65798144K), 0.1960535 secs] [Times: user=1.88 sys=1.43, real=0.20 secs] 
2023-10-20T06:42:44.446+0800: 132706.728: [GC (Allocation Failure) 2023-10-20T06:42:44.446+0800: 132706.728: [ParNew: 8793149K->937305K(9175040K), 0.1251297 secs] 33663911K->25815470K(65798144K), 0.1254960 secs] [Times: user=1.58 sys=0.47, real=0.12 secs] 
2023-10-20T06:43:14.705+0800: 132736.986: [GC (Allocation Failure) 2023-10-20T06:43:14.705+0800: 132736.986: [ParNew: 8801625K->948987K(9175040K), 0.1977914 secs] 33679790K->25834004K(65798144K), 0.1981973 secs] [Times: user=1.53 sys=1.82, real=0.20 secs] 
2023-10-20T06:43:44.332+0800: 132766.613: [GC (Allocation Failure) 2023-10-20T06:43:44.332+0800: 132766.614: [ParNew: 8813307K->984190K(9175040K), 0.2070075 secs] 33698324K->25876462K(65798144K), 0.2073786 secs] [Times: user=1.56 sys=1.95, real=0.21 secs] 
2023-10-20T06:44:12.501+0800: 132794.782: [GC (Allocation Failure) 2023-10-20T06:44:12.501+0800: 132794.782: [ParNew: 8848510K->904003K(9175040K), 0.1717008 secs] 33740782K->25803691K(65798144K), 0.1720623 secs] [Times: user=1.31 sys=1.55, real=0.17 secs] 
2023-10-20T06:44:47.795+0800: 132830.076: [GC (Allocation Failure) 2023-10-20T06:44:47.795+0800: 132830.076: [ParNew: 8768323K->960712K(9175040K), 0.1809739 secs] 33668011K->25867594K(65798144K), 0.1813218 secs] [Times: user=1.67 sys=1.39, real=0.19 secs] 
2023-10-20T06:45:17.226+0800: 132859.507: [GC (Allocation Failure) 2023-10-20T06:45:17.226+0800: 132859.507: [ParNew: 8825032K->885599K(9175040K), 0.2245482 secs] 33731914K->25799636K(65798144K), 0.2248858 secs] [Times: user=2.12 sys=1.72, real=0.22 secs] 
2023-10-20T06:45:55.173+0800: 132897.454: [GC (Allocation Failure) 2023-10-20T06:45:55.173+0800: 132897.454: [ParNew: 8749919K->908093K(9175040K), 0.2326822 secs] 33663956K->25829278K(65798144K), 0.2331058 secs] [Times: user=1.50 sys=2.48, real=0.24 secs] 
2023-10-20T06:46:33.901+0800: 132936.183: [GC (Allocation Failure) 2023-10-20T06:46:33.902+0800: 132936.183: [ParNew: 8772413K->805485K(9175040K), 0.2261741 secs] 33693598K->25733765K(65798144K), 0.2265747 secs] [Times: user=1.16 sys=2.71, real=0.23 secs] 
2023-10-20T06:47:10.407+0800: 132972.689: [GC (Allocation Failure) 2023-10-20T06:47:10.408+0800: 132972.689: [ParNew: 8669805K->767423K(9175040K), 0.1842682 secs] 33598085K->25702805K(65798144K), 0.1846182 secs] [Times: user=1.21 sys=1.90, real=0.18 secs] 
2023-10-20T06:47:35.685+0800: 132997.966: [GC (Allocation Failure) 2023-10-20T06:47:35.685+0800: 132997.966: [ParNew: 8631743K->827634K(9175040K), 0.1482247 secs] 33567125K->25770033K(65798144K), 0.1486059 secs] [Times: user=1.50 sys=0.95, real=0.15 secs] 
2023-10-20T06:47:58.330+0800: 133020.612: [GC (Allocation Failure) 2023-10-20T06:47:58.331+0800: 133020.612: [ParNew: 8691954K->747398K(9175040K), 0.2139342 secs] 33634353K->25696907K(65798144K), 0.2142896 secs] [Times: user=1.92 sys=1.72, real=0.21 secs] 
2023-10-20T06:48:17.773+0800: 133040.054: [GC (Allocation Failure) 2023-10-20T06:48:17.773+0800: 133040.054: [ParNew: 8611718K->809747K(9175040K), 0.1324556 secs] 33561227K->25766345K(65798144K), 0.1328412 secs] [Times: user=1.47 sys=0.71, real=0.13 secs] 
2023-10-20T06:48:42.348+0800: 133064.629: [GC (Allocation Failure) 2023-10-20T06:48:42.348+0800: 133064.629: [ParNew: 8674067K->794285K(9175040K), 0.2015594 secs] 33630665K->25758049K(65798144K), 0.2019971 secs] [Times: user=1.64 sys=1.78, real=0.20 secs] 
2023-10-20T06:49:14.168+0800: 133096.450: [GC (Allocation Failure) 2023-10-20T06:49:14.169+0800: 133096.450: [ParNew: 8658605K->888180K(9175040K), 0.2080375 secs] 33622369K->25859027K(65798144K), 0.2084866 secs] [Times: user=1.28 sys=2.26, real=0.21 secs] 
2023-10-20T06:49:52.314+0800: 133134.596: [GC (Allocation Failure) 2023-10-20T06:49:52.315+0800: 133134.596: [ParNew: 8752500K->793430K(9175040K), 0.1840734 secs] 33723347K->25771030K(65798144K), 0.1844592 secs] [Times: user=1.22 sys=1.88, real=0.19 secs] 
2023-10-20T06:50:17.003+0800: 133159.285: [GC (Allocation Failure) 2023-10-20T06:50:17.004+0800: 133159.285: [ParNew: 8657750K->914998K(9175040K), 0.1603273 secs] 33635350K->25899623K(65798144K), 0.1606628 secs] [Times: user=1.78 sys=0.90, real=0.16 secs] 
2023-10-20T06:50:38.848+0800: 133181.130: [GC (Allocation Failure) 2023-10-20T06:50:38.849+0800: 133181.130: [ParNew: 8779318K->824073K(9175040K), 0.1937691 secs] 33763943K->25815924K(65798144K), 0.1941303 secs] [Times: user=1.31 sys=1.97, real=0.19 secs] 
2023-10-20T06:51:04.231+0800: 133206.512: [GC (Allocation Failure) 2023-10-20T06:51:04.231+0800: 133206.512: [ParNew: 8688393K->904311K(9175040K), 0.1438379 secs] 33680244K->25903524K(65798144K), 0.1441897 secs] [Times: user=1.59 sys=0.80, real=0.14 secs] 
2023-10-20T06:51:26.348+0800: 133228.630: [GC (Allocation Failure) 2023-10-20T06:51:26.349+0800: 133228.630: [ParNew: 8768631K->823415K(9175040K), 0.1907295 secs] 33767844K->25830000K(65798144K), 0.1911723 secs] [Times: user=1.69 sys=1.53, real=0.19 secs] 
2023-10-20T06:51:49.427+0800: 133251.708: [GC (Allocation Failure) 2023-10-20T06:51:49.427+0800: 133251.709: [ParNew: 8687735K->845219K(9175040K), 0.1359600 secs] 33694320K->25859430K(65798144K), 0.1363667 secs] [Times: user=1.73 sys=0.52, real=0.13 secs] 
2023-10-20T06:52:16.023+0800: 133278.304: [GC (Allocation Failure) 2023-10-20T06:52:16.023+0800: 133278.304: [ParNew: 8709539K->868439K(9175040K), 0.1959096 secs] 33723750K->25890216K(65798144K), 0.1963120 secs] [Times: user=1.59 sys=1.73, real=0.20 secs] 
2023-10-20T06:52:47.026+0800: 133309.307: [GC (Allocation Failure) 2023-10-20T06:52:47.026+0800: 133309.308: [ParNew: 8732759K->915031K(9175040K), 0.2091161 secs] 33754536K->25944298K(65798144K), 0.2094962 secs] [Times: user=1.66 sys=2.11, real=0.21 secs] 
2023-10-20T06:53:24.004+0800: 133346.285: [GC (Allocation Failure) 2023-10-20T06:53:24.004+0800: 133346.285: [ParNew: 8779351K->887253K(9175040K), 0.2288768 secs] 33808618K->25924014K(65798144K), 0.2293071 secs] [Times: user=1.47 sys=2.43, real=0.23 secs] 
2023-10-20T06:54:14.777+0800: 133397.058: [GC (Allocation Failure) 2023-10-20T06:54:14.777+0800: 133397.058: [ParNew: 8751573K->884148K(9175040K), 0.1919237 secs] 33788334K->25928695K(65798144K), 0.1923792 secs] [Times: user=1.22 sys=2.02, real=0.19 secs] 
2023-10-20T06:54:59.676+0800: 133441.957: [GC (Allocation Failure) 2023-10-20T06:54:59.676+0800: 133441.957: [ParNew: 8748468K->871181K(9175040K), 0.1796245 secs] 33793015K->25923122K(65798144K), 0.1799736 secs] [Times: user=1.72 sys=1.31, real=0.18 secs] 
2023-10-20T06:55:29.024+0800: 133471.306: [GC (Allocation Failure) 2023-10-20T06:55:29.025+0800: 133471.306: [ParNew: 8735501K->783383K(9175040K), 0.1855149 secs] 33787442K->25842594K(65798144K), 0.1859038 secs] [Times: user=1.49 sys=1.65, real=0.19 secs] 
2023-10-20T06:56:08.807+0800: 133511.089: [GC (Allocation Failure) 2023-10-20T06:56:08.808+0800: 133511.089: [ParNew: 8647703K->762388K(9175040K), 0.2090565 secs] 33706914K->25828688K(65798144K), 0.2094770 secs] [Times: user=1.56 sys=1.99, real=0.21 secs] 
2023-10-20T06:56:42.248+0800: 133544.530: [GC (Allocation Failure) 2023-10-20T06:56:42.249+0800: 133544.530: [ParNew: 8626708K->751150K(9175040K), 0.2054896 secs] 33693008K->25824705K(65798144K), 0.2058603 secs] [Times: user=1.51 sys=1.98, real=0.20 secs] 
2023-10-20T06:57:04.499+0800: 133566.780: [GC (Allocation Failure) 2023-10-20T06:57:04.499+0800: 133566.780: [ParNew: 8615470K->741296K(9175040K), 0.1493275 secs] 33689025K->25822393K(65798144K), 0.1496701 secs] [Times: user=1.49 sys=0.99, real=0.15 secs] 
2023-10-20T06:57:35.187+0800: 133597.468: [GC (Allocation Failure) 2023-10-20T06:57:35.187+0800: 133597.468: [ParNew: 8605616K->684697K(9175040K), 0.1927747 secs] 33686713K->25773362K(65798144K), 0.1931873 secs] [Times: user=1.31 sys=1.95, real=0.19 secs] 
2023-10-20T06:58:06.345+0800: 133628.626: [GC (Allocation Failure) 2023-10-20T06:58:06.345+0800: 133628.626: [ParNew: 8549017K->723060K(9175040K), 0.2117515 secs] 33637682K->25818855K(65798144K), 0.2121919 secs] [Times: user=1.17 sys=2.43, real=0.22 secs] 
2023-10-20T06:58:40.177+0800: 133662.458: [GC (Allocation Failure) 2023-10-20T06:58:40.177+0800: 133662.458: [ParNew: 8587380K->727620K(9175040K), 0.1373990 secs] 33683175K->25830632K(65798144K), 0.1377558 secs] [Times: user=1.22 sys=1.05, real=0.13 secs] 
2023-10-20T06:59:10.625+0800: 133692.906: [GC (Allocation Failure) 2023-10-20T06:59:10.625+0800: 133692.906: [ParNew: 8591940K->763644K(9175040K), 0.1735105 secs] 33694952K->25873985K(65798144K), 0.1738520 secs] [Times: user=1.27 sys=1.66, real=0.18 secs] 
2023-10-20T06:59:36.482+0800: 133718.763: [GC (Allocation Failure) 2023-10-20T06:59:36.482+0800: 133718.763: [ParNew: 8627964K->725519K(9175040K), 0.2038891 secs] 33738305K->25843036K(65798144K), 0.2042692 secs] [Times: user=1.49 sys=1.98, real=0.21 secs] 
2023-10-20T06:59:54.814+0800: 133737.095: [GC (Allocation Failure) 2023-10-20T06:59:54.814+0800: 133737.096: [ParNew: 8589839K->809727K(9175040K), 0.1218311 secs] 33707356K->25934550K(65798144K), 0.1221872 secs] [Times: user=1.37 sys=0.62, real=0.13 secs] 
2023-10-20T07:00:20.773+0800: 133763.054: [GC (Allocation Failure) 2023-10-20T07:00:20.773+0800: 133763.054: [ParNew: 8674047K->811729K(9175040K), 0.1867234 secs] 33798870K->25943936K(65798144K), 0.1871394 secs] [Times: user=1.46 sys=1.67, real=0.19 secs] 
2023-10-20T07:00:52.019+0800: 133794.300: [GC (Allocation Failure) 2023-10-20T07:00:52.019+0800: 133794.300: [ParNew: 8676049K->790076K(9175040K), 0.1949338 secs] 33808256K->25929766K(65798144K), 0.1953046 secs] [Times: user=1.39 sys=1.88, real=0.19 secs] 
2023-10-20T07:01:40.176+0800: 133842.457: [GC (Allocation Failure) 2023-10-20T07:01:40.176+0800: 133842.458: [ParNew: 8654396K->827477K(9175040K), 0.2313291 secs] 33794086K->25974706K(65798144K), 0.2319039 secs] [Times: user=1.24 sys=2.73, real=0.23 secs] 
2023-10-20T07:02:35.600+0800: 133897.882: [GC (Allocation Failure) 2023-10-20T07:02:35.601+0800: 133897.882: [ParNew: 8691797K->766300K(9175040K), 0.2232529 secs] 33839026K->25920897K(65798144K), 0.2237211 secs] [Times: user=1.14 sys=2.67, real=0.22 secs] 
2023-10-20T07:03:26.701+0800: 133948.983: [GC (Allocation Failure) 2023-10-20T07:03:26.702+0800: 133948.983: [ParNew: 8630620K->777500K(9175040K), 0.1905417 secs] 33785217K->25939578K(65798144K), 0.1908646 secs] [Times: user=1.19 sys=2.04, real=0.19 secs] 
2023-10-20T07:04:19.587+0800: 134001.869: [GC (Allocation Failure) 2023-10-20T07:04:19.588+0800: 134001.869: [ParNew: 8641820K->707072K(9175040K), 0.1605628 secs] 33803898K->25876385K(65798144K), 0.1609242 secs] [Times: user=1.32 sys=1.38, real=0.16 secs] 
2023-10-20T07:04:54.521+0800: 134036.802: [GC (Allocation Failure) 2023-10-20T07:04:54.521+0800: 134036.802: [ParNew: 8571392K->634056K(9175040K), 0.1780886 secs] 33740705K->25810690K(65798144K), 0.1783788 secs] [Times: user=1.23 sys=1.78, real=0.18 secs] 
2023-10-20T07:05:38.803+0800: 134081.084: [GC (Allocation Failure) 2023-10-20T07:05:38.803+0800: 134081.084: [ParNew: 8498376K->568675K(9175040K), 0.1916572 secs] 33675010K->25752623K(65798144K), 0.1919962 secs] [Times: user=1.15 sys=2.10, real=0.19 secs] 
2023-10-20T07:06:20.785+0800: 134123.066: [GC (Allocation Failure) 2023-10-20T07:06:20.785+0800: 134123.066: [ParNew: 8432995K->532010K(9175040K), 0.1907576 secs] 33616943K->25722837K(65798144K), 0.1910660 secs] [Times: user=1.19 sys=2.20, real=0.20 secs] 
2023-10-20T07:07:10.089+0800: 134172.370: [GC (Allocation Failure) 2023-10-20T07:07:10.089+0800: 134172.371: [ParNew: 8396330K->607052K(9175040K), 0.2264593 secs] 33587157K->25804980K(65798144K), 0.2267974 secs] [Times: user=1.06 sys=2.82, real=0.23 secs] 
2023-10-20T07:07:41.082+0800: 134203.363: [GC (Allocation Failure) 2023-10-20T07:07:41.082+0800: 134203.363: [ParNew: 8471372K->625984K(9175040K), 0.1419329 secs] 33669300K->25831055K(65798144K), 0.1422569 secs] [Times: user=1.19 sys=1.16, real=0.14 secs] 
2023-10-20T07:08:11.122+0800: 134233.403: [GC (Allocation Failure) 2023-10-20T07:08:11.122+0800: 134233.403: [ParNew: 8490304K->627354K(9175040K), 0.1996658 secs] 33695375K->25839280K(65798144K), 0.1999826 secs] [Times: user=1.34 sys=2.05, real=0.20 secs] 
2023-10-20T07:08:43.926+0800: 134266.207: [GC (Allocation Failure) 2023-10-20T07:08:43.926+0800: 134266.208: [ParNew: 8491674K->630379K(9175040K), 0.2159790 secs] 33703600K->25849419K(65798144K), 0.2162979 secs] [Times: user=1.24 sys=2.45, real=0.21 secs] 
2023-10-20T07:09:19.838+0800: 134302.120: [GC (Allocation Failure) 2023-10-20T07:09:19.839+0800: 134302.120: [ParNew: 8494699K->666196K(9175040K), 0.2230288 secs] 33713739K->25892294K(65798144K), 0.2234156 secs] [Times: user=1.22 sys=2.59, real=0.22 secs] 
2023-10-20T07:09:52.647+0800: 134334.928: [GC (Allocation Failure) 2023-10-20T07:09:52.647+0800: 134334.929: [ParNew: 8530516K->686033K(9175040K), 0.1519298 secs] 33756614K->25918830K(65798144K), 0.1522379 secs] [Times: user=1.33 sys=1.21, real=0.15 secs] 
2023-10-20T07:10:39.031+0800: 134381.312: [GC (Allocation Failure) 2023-10-20T07:10:39.031+0800: 134381.312: [ParNew: 8550353K->690946K(9175040K), 0.1972292 secs] 33783150K->25930880K(65798144K), 0.1975774 secs] [Times: user=1.25 sys=2.11, real=0.20 secs] 
2023-10-20T07:11:59.586+0800: 134461.867: [GC (Allocation Failure) 2023-10-20T07:11:59.586+0800: 134461.867: [ParNew: 8555266K->632676K(9175040K), 0.2259225 secs] 33795200K->25879783K(65798144K), 0.2262299 secs] [Times: user=1.15 sys=2.71, real=0.22 secs] 
2023-10-20T07:13:02.364+0800: 134524.645: [GC (Allocation Failure) 2023-10-20T07:13:02.364+0800: 134524.645: [ParNew: 8496996K->617934K(9175040K), 0.2391273 secs] 33744103K->25872471K(65798144K), 0.2394463 secs] [Times: user=0.99 sys=3.11, real=0.24 secs] 
2023-10-20T07:13:55.903+0800: 134578.184: [GC (Allocation Failure) 2023-10-20T07:13:55.903+0800: 134578.185: [ParNew: 8482254K->589457K(9175040K), 0.2197912 secs] 33736791K->25851501K(65798144K), 0.2201517 secs] [Times: user=1.07 sys=2.68, real=0.22 secs] 
2023-10-20T07:14:40.060+0800: 134622.342: [GC (Allocation Failure) 2023-10-20T07:14:40.060+0800: 134622.342: [ParNew: 8453777K->546706K(9175040K), 0.1591303 secs] 33715821K->25815869K(65798144K), 0.1594871 secs] [Times: user=1.27 sys=1.39, real=0.16 secs] 
2023-10-20T07:15:12.241+0800: 134654.522: [GC (Allocation Failure) 2023-10-20T07:15:12.241+0800: 134654.522: [ParNew: 8411026K->501861K(9175040K), 0.1833788 secs] 33680189K->25778714K(65798144K), 0.1836898 secs] [Times: user=1.21 sys=1.91, real=0.18 secs] 
2023-10-20T07:15:48.956+0800: 134691.237: [GC (Allocation Failure) 2023-10-20T07:15:48.956+0800: 134691.237: [ParNew: 8366181K->519975K(9175040K), 0.1958486 secs] 33643034K->25804261K(65798144K), 0.1961793 secs] [Times: user=1.28 sys=2.04, real=0.19 secs] 
2023-10-20T07:16:22.341+0800: 134724.622: [GC (Allocation Failure) 2023-10-20T07:16:22.341+0800: 134724.622: [ParNew: 8384295K->596116K(9175040K), 0.1949184 secs] 33668581K->25887982K(65798144K), 0.1952470 secs] [Times: user=1.09 sys=2.21, real=0.20 secs] 
2023-10-20T07:16:50.105+0800: 134752.387: [GC (Allocation Failure) 2023-10-20T07:16:50.106+0800: 134752.387: [ParNew: 8460436K->670360K(9175040K), 0.1299093 secs] 33752302K->25969650K(65798144K), 0.1302528 secs] [Times: user=1.30 sys=0.83, real=0.14 secs] 
2023-10-20T07:17:21.393+0800: 134783.674: [GC (Allocation Failure) 2023-10-20T07:17:21.393+0800: 134783.674: [ParNew: 8534680K->662515K(9175040K), 0.1803221 secs] 33833970K->25969345K(65798144K), 0.1806606 secs] [Times: user=1.36 sys=1.70, real=0.18 secs] 
2023-10-20T07:18:02.258+0800: 134824.539: [GC (Allocation Failure) 2023-10-20T07:18:02.258+0800: 134824.539: [ParNew: 8526835K->721383K(9175040K), 0.2280076 secs] 33833665K->26035519K(65798144K), 0.2283367 secs] [Times: user=1.19 sys=2.72, real=0.23 secs] 
2023-10-20T07:18:51.950+0800: 134874.231: [GC (Allocation Failure) 2023-10-20T07:18:51.950+0800: 134874.232: [ParNew: 8585703K->693594K(9175040K), 0.2146649 secs] 33899839K->26014613K(65798144K), 0.2149844 secs] [Times: user=1.04 sys=2.62, real=0.21 secs] 
2023-10-20T07:19:48.717+0800: 134930.998: [GC (Allocation Failure) 2023-10-20T07:19:48.717+0800: 134930.999: [ParNew: 8557914K->645599K(9175040K), 0.2263192 secs] 33878933K->25973903K(65798144K), 0.2266347 secs] [Times: user=1.41 sys=2.47, real=0.22 secs] 
2023-10-20T07:21:13.299+0800: 135015.581: [GC (Allocation Failure) 2023-10-20T07:21:13.300+0800: 135015.581: [ParNew: 8509919K->576616K(9175040K), 0.2152841 secs] 33838223K->25912275K(65798144K), 0.2155649 secs] [Times: user=1.20 sys=2.48, real=0.21 secs] 
2023-10-20T07:21:58.849+0800: 135061.130: [GC (Allocation Failure) 2023-10-20T07:21:58.849+0800: 135061.131: [ParNew: 8440936K->610349K(9175040K), 0.2167005 secs] 33776595K->25953338K(65798144K), 0.2169772 secs] [Times: user=1.19 sys=2.51, real=0.22 secs] 
2023-10-20T07:22:49.314+0800: 135111.595: [GC (Allocation Failure) 2023-10-20T07:22:49.314+0800: 135111.595: [ParNew: 8474669K->539182K(9175040K), 0.2188924 secs] 33817658K->25889560K(65798144K), 0.2192366 secs] [Times: user=1.11 sys=2.63, real=0.22 secs] 
2023-10-20T07:23:47.981+0800: 135170.262: [GC (Allocation Failure) 2023-10-20T07:23:47.981+0800: 135170.263: [ParNew: 8403502K->469443K(9175040K), 0.2280273 secs] 33753880K->25827591K(65798144K), 0.2283692 secs] [Times: user=1.28 sys=2.63, real=0.23 secs] 
2023-10-20T07:24:32.534+0800: 135214.815: [GC (Allocation Failure) 2023-10-20T07:24:32.534+0800: 135214.815: [ParNew: 8332831K->490999K(9175040K), 0.2120909 secs] 33690978K->25856944K(65798144K), 0.2124249 secs] [Times: user=1.20 sys=2.41, real=0.22 secs] 
2023-10-20T07:25:12.345+0800: 135254.626: [GC (Allocation Failure) 2023-10-20T07:25:12.345+0800: 135254.626: [ParNew: 8355319K->575443K(9175040K), 0.1958525 secs] 33721264K->25948668K(65798144K), 0.1963796 secs] [Times: user=1.01 sys=2.32, real=0.20 secs] 
2023-10-20T07:25:52.184+0800: 135294.465: [GC (Allocation Failure) 2023-10-20T07:25:52.184+0800: 135294.465: [ParNew: 8439763K->529511K(9175040K), 0.1619817 secs] 33812988K->25910317K(65798144K), 0.1623197 secs] [Times: user=1.42 sys=1.34, real=0.17 secs] 
2023-10-20T07:26:32.086+0800: 135334.368: [GC (Allocation Failure) 2023-10-20T07:26:32.087+0800: 135334.368: [ParNew: 8393831K->555282K(9175040K), 0.1858853 secs] 33774637K->25943513K(65798144K), 0.1862046 secs] [Times: user=1.13 sys=2.04, real=0.18 secs] 
2023-10-20T07:27:45.773+0800: 135408.054: [GC (Allocation Failure) 2023-10-20T07:27:45.773+0800: 135408.054: [ParNew: 8419602K->572502K(9175040K), 0.2075160 secs] 33807833K->25968106K(65798144K), 0.2077946 secs] [Times: user=1.22 sys=2.31, real=0.21 secs] 
2023-10-20T07:29:20.625+0800: 135502.907: [GC (Allocation Failure) 2023-10-20T07:29:20.626+0800: 135502.907: [ParNew: 8436822K->523293K(9175040K), 0.2361373 secs] 33832426K->25926258K(65798144K), 0.2364389 secs] [Times: user=0.97 sys=3.09, real=0.24 secs] 
2023-10-20T07:31:05.677+0800: 135607.958: [GC (Allocation Failure) 2023-10-20T07:31:05.677+0800: 135607.958: [ParNew: 8387613K->426022K(9175040K), 0.2055253 secs] 33790578K->25836130K(65798144K), 0.2059133 secs] [Times: user=0.93 sys=2.58, real=0.20 secs] 
2023-10-20T07:31:41.009+0800: 135643.290: [GC (Allocation Failure) 2023-10-20T07:31:41.009+0800: 135643.290: [ParNew: 8290342K->443150K(9175040K), 0.1975375 secs] 33700450K->25860475K(65798144K), 0.1978938 secs] [Times: user=1.05 sys=2.32, real=0.20 secs] 
2023-10-20T07:33:00.676+0800: 135722.958: [GC (Allocation Failure) 2023-10-20T07:33:00.676+0800: 135722.958: [ParNew: 8307470K->431148K(9175040K), 0.2160611 secs] 33724795K->25855628K(65798144K), 0.2164077 secs] [Times: user=0.90 sys=2.79, real=0.21 secs] 
2023-10-20T07:33:45.508+0800: 135767.789: [GC (Allocation Failure) 2023-10-20T07:33:45.508+0800: 135767.789: [ParNew: 8295468K->476880K(9175040K), 0.2040227 secs] 33719948K->25908522K(65798144K), 0.2043251 secs] [Times: user=1.08 sys=2.40, real=0.20 secs] 
2023-10-20T07:34:25.224+0800: 135807.505: [GC (Allocation Failure) 2023-10-20T07:34:25.224+0800: 135807.505: [ParNew: 8341200K->538582K(9175040K), 0.2261408 secs] 33772842K->25977802K(65798144K), 0.2265754 secs] [Times: user=1.22 sys=2.65, real=0.23 secs] 
2023-10-20T07:35:03.375+0800: 135845.656: [GC (Allocation Failure) 2023-10-20T07:35:03.375+0800: 135845.656: [ParNew: 8402902K->549998K(9175040K), 0.1412847 secs] 33842122K->25997125K(65798144K), 0.1416393 secs] [Times: user=1.28 sys=1.07, real=0.15 secs] 
2023-10-20T07:36:14.884+0800: 135917.166: [GC (Allocation Failure) 2023-10-20T07:36:14.885+0800: 135917.166: [ParNew: 8414318K->525718K(9175040K), 0.2119379 secs] 33861445K->25980505K(65798144K), 0.2123294 secs] [Times: user=1.00 sys=2.62, real=0.22 secs] 
2023-10-20T07:37:54.600+0800: 136016.881: [GC (Allocation Failure) 2023-10-20T07:37:54.600+0800: 136016.882: [ParNew: 8390038K->513841K(9175040K), 0.2221612 secs] 33844825K->25976317K(65798144K), 0.2225704 secs] [Times: user=1.06 sys=2.74, real=0.22 secs] 
2023-10-20T07:38:51.708+0800: 136073.989: [GC (Allocation Failure) 2023-10-20T07:38:51.708+0800: 136073.989: [ParNew: 8378161K->522174K(9175040K), 0.2082755 secs] 33840637K->25992225K(65798144K), 0.2085716 secs] [Times: user=0.94 sys=2.61, real=0.21 secs] 
2023-10-20T07:40:22.488+0800: 136164.769: [GC (Allocation Failure) 2023-10-20T07:40:22.488+0800: 136164.769: [ParNew: 8386494K->460896K(9175040K), 0.2093220 secs] 33856545K->25938252K(65798144K), 0.2096427 secs] [Times: user=1.06 sys=2.52, real=0.21 secs] 
2023-10-20T07:41:34.625+0800: 136236.906: [GC (Allocation Failure) 2023-10-20T07:41:34.625+0800: 136236.906: [ParNew: 8325216K->423180K(9175040K), 0.1959391 secs] 33802572K->25908006K(65798144K), 0.1962124 secs] [Times: user=0.87 sys=2.40, real=0.20 secs] 
2023-10-20T07:42:11.410+0800: 136273.691: [GC (Allocation Failure) 2023-10-20T07:42:11.410+0800: 136273.691: [ParNew: 8287500K->447408K(9175040K), 0.1953326 secs] 33772326K->25939679K(65798144K), 0.1957021 secs] [Times: user=1.21 sys=2.11, real=0.19 secs] 
2023-10-20T07:42:52.370+0800: 136314.651: [GC (Allocation Failure) 2023-10-20T07:42:52.370+0800: 136314.651: [ParNew: 8311728K->530022K(9175040K), 0.2084747 secs] 33803999K->26029697K(65798144K), 0.2088005 secs] [Times: user=1.08 sys=2.48, real=0.21 secs] 
2023-10-20T07:43:56.386+0800: 136378.667: [GC (Allocation Failure) 2023-10-20T07:43:56.386+0800: 136378.667: [ParNew: 8394342K->486163K(9175040K), 0.2255271 secs] 33894017K->25993571K(65798144K), 0.2258760 secs] [Times: user=1.03 sys=2.83, real=0.22 secs] 
2023-10-20T07:45:09.653+0800: 136451.934: [GC (Allocation Failure) 2023-10-20T07:45:09.653+0800: 136451.935: [ParNew: 8350483K->503237K(9175040K), 0.2041588 secs] 33857891K->26018647K(65798144K), 0.2044430 secs] [Times: user=0.91 sys=2.57, real=0.21 secs] 
2023-10-20T07:46:48.106+0800: 136550.387: [GC (Allocation Failure) 2023-10-20T07:46:48.106+0800: 136550.388: [ParNew: 8367557K->483902K(9175040K), 0.1949803 secs] 33882967K->26007019K(65798144K), 0.1952404 secs] [Times: user=0.97 sys=2.34, real=0.19 secs] 
2023-10-20T07:48:03.280+0800: 136625.561: [GC (Allocation Failure) 2023-10-20T07:48:03.280+0800: 136625.561: [ParNew: 8348222K->442418K(9175040K), 0.1967504 secs] 33871339K->25973189K(65798144K), 0.1970250 secs] [Times: user=1.02 sys=2.33, real=0.20 secs] 
2023-10-20T07:49:27.655+0800: 136709.936: [GC (Allocation Failure) 2023-10-20T07:49:27.655+0800: 136709.936: [ParNew: 8306738K->403716K(9175040K), 0.2245284 secs] 33837509K->25942337K(65798144K), 0.2248647 secs] [Times: user=0.94 sys=2.90, real=0.23 secs] 
2023-10-20T07:50:07.735+0800: 136750.017: [GC (Allocation Failure) 2023-10-20T07:50:07.736+0800: 136750.017: [ParNew: 8268036K->449732K(9175040K), 0.1988666 secs] 33806657K->25995992K(65798144K), 0.1992058 secs] [Times: user=1.03 sys=2.33, real=0.20 secs] 
2023-10-20T07:50:45.295+0800: 136787.576: [GC (Allocation Failure) 2023-10-20T07:50:45.295+0800: 136787.576: [ParNew: 8314052K->514605K(9175040K), 0.1582887 secs] 33860312K->26068362K(65798144K), 0.1585965 secs] [Times: user=1.32 sys=1.35, real=0.16 secs] 
2023-10-20T07:51:41.113+0800: 136843.395: [GC (Allocation Failure) 2023-10-20T07:51:41.114+0800: 136843.395: [ParNew: 8378925K->512240K(9175040K), 0.2063709 secs] 33932682K->26073209K(65798144K), 0.2067702 secs] [Times: user=1.20 sys=2.32, real=0.21 secs] 
2023-10-20T07:53:09.925+0800: 136932.206: [GC (Allocation Failure) 2023-10-20T07:53:09.925+0800: 136932.206: [ParNew: 8376560K->462066K(9175040K), 0.2393551 secs] 33937529K->26030416K(65798144K), 0.2396703 secs] [Times: user=1.12 sys=2.98, real=0.24 secs] 
2023-10-20T07:54:21.873+0800: 137004.154: [GC (Allocation Failure) 2023-10-20T07:54:21.873+0800: 137004.154: [ParNew: 8326386K->540145K(9175040K), 0.2365087 secs] 33894736K->26116381K(65798144K), 0.2368210 secs] [Times: user=1.16 sys=2.85, real=0.24 secs] 
2023-10-20T07:55:19.654+0800: 137061.935: [GC (Allocation Failure) 2023-10-20T07:55:19.654+0800: 137061.936: [ParNew: 8404465K->482295K(9175040K), 0.2161662 secs] 33980701K->26066340K(65798144K), 0.2165534 secs] [Times: user=0.99 sys=2.68, real=0.22 secs] 
2023-10-20T07:56:34.613+0800: 137136.894: [GC (Allocation Failure) 2023-10-20T07:56:34.613+0800: 137136.894: [ParNew: 8346615K->455332K(9175040K), 0.1979753 secs] 33930660K->26047256K(65798144K), 0.1982657 secs] [Times: user=0.98 sys=2.35, real=0.20 secs] 
2023-10-20T07:57:37.414+0800: 137199.696: [GC (Allocation Failure) 2023-10-20T07:57:37.414+0800: 137199.696: [ParNew: 8319652K->461095K(9175040K), 0.2191034 secs] 33911576K->26060767K(65798144K), 0.2194206 secs] [Times: user=1.14 sys=2.61, real=0.22 secs] 
2023-10-20T07:58:27.512+0800: 137249.793: [GC (Allocation Failure) 2023-10-20T07:58:27.512+0800: 137249.794: [ParNew: 8325415K->514952K(9175040K), 0.2219150 secs] 33925087K->26122004K(65798144K), 0.2222894 secs] [Times: user=1.06 sys=2.74, real=0.22 secs] 
2023-10-20T07:59:18.874+0800: 137301.155: [GC (Allocation Failure) 2023-10-20T07:59:18.874+0800: 137301.155: [ParNew: 8379272K->559796K(9175040K), 0.2249056 secs] 33986324K->26174424K(65798144K), 0.2252679 secs] [Times: user=1.13 sys=2.72, real=0.23 secs] 
2023-10-20T08:00:53.897+0800: 137396.178: [GC (Allocation Failure) 2023-10-20T08:00:53.897+0800: 137396.179: [ParNew: 8424116K->456056K(9175040K), 0.2313093 secs] 34038744K->26078354K(65798144K), 0.2316028 secs] [Times: user=1.21 sys=2.77, real=0.23 secs] 
2023-10-20T08:02:20.810+0800: 137483.091: [GC (Allocation Failure) 2023-10-20T08:02:20.810+0800: 137483.091: [ParNew: 8320376K->454575K(9175040K), 0.1999314 secs] 33942674K->26084529K(65798144K), 0.2002113 secs] [Times: user=1.04 sys=2.37, real=0.20 secs] 
2023-10-20T08:04:10.459+0800: 137592.740: [GC (Allocation Failure) 2023-10-20T08:04:10.459+0800: 137592.740: [ParNew: 8318895K->427212K(9175040K), 0.2079912 secs] 33948849K->26064792K(65798144K), 0.2082874 secs] [Times: user=1.03 sys=2.50, real=0.21 secs] 
2023-10-20T08:05:40.216+0800: 137682.498: [GC (Allocation Failure) 2023-10-20T08:05:40.217+0800: 137682.498: [ParNew: 8291532K->357245K(9175040K), 0.2126946 secs] 33929112K->26002640K(65798144K), 0.2130258 secs] [Times: user=1.00 sys=2.64, real=0.21 secs] 
2023-10-20T08:06:36.552+0800: 137738.834: [GC (Allocation Failure) 2023-10-20T08:06:36.553+0800: 137738.834: [ParNew: 8221565K->417559K(9175040K), 0.2120144 secs] 33866960K->26070944K(65798144K), 0.2123311 secs] [Times: user=0.88 sys=2.74, real=0.21 secs] 
2023-10-20T08:07:48.445+0800: 137810.726: [GC (Allocation Failure) 2023-10-20T08:07:48.445+0800: 137810.726: [ParNew: 8281879K->400349K(9175040K), 0.2120382 secs] 33935264K->26061435K(65798144K), 0.2123406 secs] [Times: user=1.11 sys=2.71, real=0.22 secs] 
2023-10-20T08:09:21.503+0800: 137903.784: [GC (Allocation Failure) 2023-10-20T08:09:21.503+0800: 137903.785: [ParNew: 8264669K->417249K(9175040K), 0.2065605 secs] 33925755K->26085780K(65798144K), 0.2069390 secs] [Times: user=0.97 sys=2.53, real=0.21 secs] 
2023-10-20T08:11:29.606+0800: 138031.887: [GC (Allocation Failure) 2023-10-20T08:11:29.606+0800: 138031.887: [ParNew: 8281569K->387981K(9175040K), 0.1941262 secs] 33950100K->26064195K(65798144K), 0.1944611 secs] [Times: user=0.95 sys=2.37, real=0.19 secs] 
2023-10-20T08:13:25.671+0800: 138147.952: [GC (Allocation Failure) 2023-10-20T08:13:25.671+0800: 138147.952: [ParNew: 8252301K->342249K(9175040K), 0.2206255 secs] 33928515K->26026200K(65798144K), 0.2209054 secs] [Times: user=0.93 sys=2.85, real=0.22 secs] 
2023-10-20T08:14:21.740+0800: 138204.021: [GC (Allocation Failure) 2023-10-20T08:14:21.740+0800: 138204.021: [ParNew: 8206569K->381873K(9175040K), 0.1943722 secs] 33890520K->26072861K(65798144K), 0.1946621 secs] [Times: user=0.74 sys=2.56, real=0.19 secs] 
2023-10-20T08:15:37.662+0800: 138279.943: [GC (Allocation Failure) 2023-10-20T08:15:37.662+0800: 138279.944: [ParNew: 8246193K->377598K(9175040K), 0.1993130 secs] 33937181K->26076076K(65798144K), 0.1995956 secs] [Times: user=0.71 sys=2.69, real=0.20 secs] 
2023-10-20T08:17:17.927+0800: 138380.208: [GC (Allocation Failure) 2023-10-20T08:17:17.927+0800: 138380.208: [ParNew: 8241918K->382385K(9175040K), 0.1963875 secs] 33940396K->26088166K(65798144K), 0.1966675 secs] [Times: user=0.77 sys=2.58, real=0.19 secs] 
2023-10-20T08:19:43.661+0800: 138525.943: [GC (Allocation Failure) 2023-10-20T08:19:43.661+0800: 138525.943: [ParNew: 8246705K->355152K(9175040K), 0.1981379 secs] 33952486K->26068141K(65798144K), 0.1984423 secs] [Times: user=0.72 sys=2.65, real=0.20 secs] 
2023-10-20T08:22:54.439+0800: 138716.721: [GC (Allocation Failure) 2023-10-20T08:22:54.440+0800: 138716.721: [ParNew: 8219472K->293662K(9175040K), 0.2124400 secs] 33932461K->26013940K(65798144K), 0.2127718 secs] [Times: user=0.89 sys=2.75, real=0.21 secs] 
2023-10-20T08:28:53.294+0800: 139075.575: [GC (Allocation Failure) 2023-10-20T08:28:53.294+0800: 139075.575: [ParNew: 8157982K->276148K(9175040K), 0.2097818 secs] 33878260K->26003245K(65798144K), 0.2100672 secs] [Times: user=0.74 sys=2.85, real=0.21 secs] 
2023-10-20T08:32:04.274+0800: 139266.555: [GC (Allocation Failure) 2023-10-20T08:32:04.274+0800: 139266.555: [ParNew: 8140468K->253396K(9175040K), 0.1869840 secs] 33867565K->25987703K(65798144K), 0.1872614 secs] [Times: user=0.71 sys=2.46, real=0.19 secs] 
2023-10-20T08:34:55.254+0800: 139437.535: [GC (Allocation Failure) 2023-10-20T08:34:55.254+0800: 139437.535: [ParNew: 8117716K->301266K(9175040K), 0.2010446 secs] 33852023K->26042821K(65798144K), 0.2013578 secs] [Times: user=0.64 sys=2.80, real=0.20 secs] 
2023-10-20T08:37:41.184+0800: 139603.465: [GC (Allocation Failure) 2023-10-20T08:37:41.184+0800: 139603.465: [ParNew: 8165586K->305961K(9175040K), 0.1948811 secs] 33907141K->26054769K(65798144K), 0.1951826 secs] [Times: user=0.91 sys=2.41, real=0.20 secs] 
2023-10-20T08:38:34.415+0800: 139656.696: [GC (Allocation Failure) 2023-10-20T08:38:34.415+0800: 139656.696: [ParNew: 8170281K->348095K(9175040K), 0.1886872 secs] 33919089K->26103931K(65798144K), 0.1889956 secs] [Times: user=0.92 sys=2.29, real=0.19 secs] 
2023-10-20T08:40:03.689+0800: 139745.971: [GC (Allocation Failure) 2023-10-20T08:40:03.690+0800: 139745.971: [ParNew: 8212415K->380930K(9175040K), 0.1981888 secs] 33968251K->26143802K(65798144K), 0.1985188 secs] [Times: user=0.85 sys=2.52, real=0.20 secs] 
2023-10-20T08:42:18.524+0800: 139880.806: [GC (Allocation Failure) 2023-10-20T08:42:18.525+0800: 139880.806: [ParNew: 8245250K->418771K(9175040K), 0.2198572 secs] 34008122K->26188993K(65798144K), 0.2202200 secs] [Times: user=0.93 sys=2.84, real=0.22 secs] 
2023-10-20T08:43:29.964+0800: 139952.245: [GC (Allocation Failure) 2023-10-20T08:43:29.964+0800: 139952.245: [ParNew: 8283091K->376006K(9175040K), 0.2355114 secs] 34053313K->26153560K(65798144K), 0.2358216 secs] [Times: user=1.32 sys=2.73, real=0.24 secs] 
2023-10-20T08:45:09.855+0800: 140052.136: [GC (Allocation Failure) 2023-10-20T08:45:09.855+0800: 140052.136: [ParNew: 8240326K->368820K(9175040K), 0.1980297 secs] 34017880K->26153635K(65798144K), 0.1983234 secs] [Times: user=0.91 sys=2.46, real=0.20 secs] 
2023-10-20T08:46:07.942+0800: 140110.223: [GC (Allocation Failure) 2023-10-20T08:46:07.942+0800: 140110.224: [ParNew: 8233140K->405804K(9175040K), 0.1944053 secs] 34017955K->26197769K(65798144K), 0.1947050 secs] [Times: user=0.92 sys=2.39, real=0.20 secs] 
2023-10-20T08:47:28.388+0800: 140190.669: [GC (Allocation Failure) 2023-10-20T08:47:28.388+0800: 140190.669: [ParNew: 8270124K->393846K(9175040K), 0.2093885 secs] 34062089K->26193074K(65798144K), 0.2096976 secs] [Times: user=1.04 sys=2.54, real=0.21 secs] 
2023-10-20T08:49:23.154+0800: 140305.435: [GC (Allocation Failure) 2023-10-20T08:49:23.154+0800: 140305.435: [ParNew: 8258166K->376897K(9175040K), 0.2230310 secs] 34057394K->26183448K(65798144K), 0.2233760 secs] [Times: user=0.78 sys=3.05, real=0.23 secs] 
2023-10-20T08:51:08.410+0800: 140410.692: [GC (Allocation Failure) 2023-10-20T08:51:08.411+0800: 140410.692: [ParNew: 8241217K->379717K(9175040K), 0.1931072 secs] 34047768K->26193626K(65798144K), 0.1933917 secs] [Times: user=0.82 sys=2.46, real=0.19 secs] 
2023-10-20T08:53:11.056+0800: 140533.337: [GC (Allocation Failure) 2023-10-20T08:53:11.056+0800: 140533.338: [ParNew: 8244037K->364100K(9175040K), 0.1956744 secs] 34057946K->26184721K(65798144K), 0.1959966 secs] [Times: user=0.80 sys=2.52, real=0.19 secs] 
2023-10-20T08:54:41.403+0800: 140623.684: [GC (Allocation Failure) 2023-10-20T08:54:41.403+0800: 140623.684: [ParNew: 8228420K->381445K(9175040K), 0.1832651 secs] 34049041K->26209467K(65798144K), 0.1835515 secs] [Times: user=0.84 sys=2.26, real=0.19 secs] 
2023-10-20T08:56:44.805+0800: 140747.086: [GC (Allocation Failure) 2023-10-20T08:56:44.805+0800: 140747.086: [ParNew: 8245765K->334844K(9175040K), 0.2133802 secs] 34073787K->26170194K(65798144K), 0.2137284 secs] [Times: user=0.98 sys=2.67, real=0.22 secs] 
2023-10-20T08:59:48.252+0800: 140930.534: [GC (Allocation Failure) 2023-10-20T08:59:48.253+0800: 140930.534: [ParNew: 8199164K->311466K(9175040K), 0.1994792 secs] 34034514K->26153888K(65798144K), 0.1998039 secs] [Times: user=0.97 sys=2.43, real=0.20 secs] 
2023-10-20T09:00:55.284+0800: 140997.566: [GC (Allocation Failure) 2023-10-20T09:00:55.284+0800: 140997.566: [ParNew: 8175786K->359511K(9175040K), 0.1912429 secs] 34018208K->26208952K(65798144K), 0.1915195 secs] [Times: user=0.91 sys=2.34, real=0.20 secs] 
2023-10-20T09:02:00.695+0800: 141062.976: [GC (Allocation Failure) 2023-10-20T09:02:00.695+0800: 141062.976: [ParNew: 8223831K->345772K(9175040K), 0.2022637 secs] 34073272K->26202398K(65798144K), 0.2025661 secs] [Times: user=1.07 sys=2.38, real=0.21 secs] 
2023-10-20T09:03:58.591+0800: 141180.872: [GC (Allocation Failure) 2023-10-20T09:03:58.591+0800: 141180.872: [ParNew: 8210092K->397563K(9175040K), 0.2465379 secs] 34066718K->26261380K(65798144K), 0.2469177 secs] [Times: user=1.25 sys=3.00, real=0.25 secs] 
2023-10-20T09:05:30.274+0800: 141272.556: [GC (Allocation Failure) 2023-10-20T09:05:30.275+0800: 141272.556: [ParNew: 8261883K->389259K(9175040K), 0.2072173 secs] 34125700K->26260160K(65798144K), 0.2075827 secs] [Times: user=1.12 sys=2.41, real=0.21 secs] 
2023-10-20T09:07:30.159+0800: 141392.441: [GC (Allocation Failure) 2023-10-20T09:07:30.160+0800: 141392.441: [ParNew: 8253579K->335856K(9175040K), 0.2438951 secs] 34124480K->26213747K(65798144K), 0.2442923 secs] [Times: user=1.22 sys=2.97, real=0.24 secs] 
2023-10-20T09:08:26.548+0800: 141448.829: [GC (Allocation Failure) 2023-10-20T09:08:26.548+0800: 141448.829: [ParNew: 8200176K->370412K(9175040K), 0.2159004 secs] 34078067K->26255517K(65798144K), 0.2162678 secs] [Times: user=0.98 sys=2.71, real=0.21 secs] 
2023-10-20T09:09:17.666+0800: 141499.948: [GC (Allocation Failure) 2023-10-20T09:09:17.667+0800: 141499.948: [ParNew: 8234732K->462349K(9175040K), 0.1513368 secs] 34119837K->26354572K(65798144K), 0.1517027 secs] [Times: user=1.05 sys=1.49, real=0.15 secs] 
2023-10-20T09:11:08.992+0800: 141611.274: [GC (Allocation Failure) 2023-10-20T09:11:08.993+0800: 141611.274: [ParNew: 8326669K->416127K(9175040K), 0.2189158 secs] 34218892K->26315419K(65798144K), 0.2192693 secs] [Times: user=0.83 sys=2.91, real=0.22 secs] 
2023-10-20T09:12:59.795+0800: 141722.076: [GC (Allocation Failure) 2023-10-20T09:12:59.795+0800: 141722.077: [ParNew: 8280447K->426079K(9175040K), 0.2087948 secs] 34179739K->26331998K(65798144K), 0.2090742 secs] [Times: user=1.10 sys=2.47, real=0.21 secs] 
2023-10-20T09:14:30.914+0800: 141813.195: [GC (Allocation Failure) 2023-10-20T09:14:30.914+0800: 141813.195: [ParNew: 8290399K->392034K(9175040K), 0.2053113 secs] 34196318K->26305291K(65798144K), 0.2055743 secs] [Times: user=0.99 sys=2.51, real=0.21 secs] 
2023-10-20T09:15:58.563+0800: 141900.844: [GC (Allocation Failure) 2023-10-20T09:15:58.563+0800: 141900.844: [ParNew: 8256354K->376111K(9175040K), 0.2057531 secs] 34169611K->26296598K(65798144K), 0.2061556 secs] [Times: user=1.02 sys=2.50, real=0.21 secs] 
2023-10-20T09:17:40.739+0800: 142003.021: [GC (Allocation Failure) 2023-10-20T09:17:40.739+0800: 142003.021: [ParNew: 8240431K->411333K(9175040K), 0.2284839 secs] 34160918K->26339192K(65798144K), 0.2288003 secs] [Times: user=1.17 sys=2.75, real=0.23 secs] 
2023-10-20T09:19:33.930+0800: 142116.211: [GC (Allocation Failure) 2023-10-20T09:19:33.930+0800: 142116.212: [ParNew: 8275653K->383142K(9175040K), 0.2159974 secs] 34203512K->26318018K(65798144K), 0.2163367 secs] [Times: user=1.19 sys=2.50, real=0.22 secs] 
2023-10-20T09:21:38.883+0800: 142241.165: [GC (Allocation Failure) 2023-10-20T09:21:38.884+0800: 142241.165: [ParNew: 8247462K->353804K(9175040K), 0.2170237 secs] 34182338K->26295939K(65798144K), 0.2174249 secs] [Times: user=1.18 sys=2.53, real=0.22 secs] 
2023-10-20T09:23:16.692+0800: 142338.973: [GC (Allocation Failure) 2023-10-20T09:23:16.692+0800: 142338.973: [ParNew: 8218124K->389685K(9175040K), 0.2351375 secs] 34160259K->26338942K(65798144K), 0.2354622 secs] [Times: user=1.06 sys=2.98, real=0.24 secs] 
2023-10-20T09:26:05.729+0800: 142508.010: [GC (Allocation Failure) 2023-10-20T09:26:05.729+0800: 142508.010: [ParNew: 8254005K->318469K(9175040K), 0.1990341 secs] 34203262K->26274846K(65798144K), 0.1993403 secs] [Times: user=0.85 sys=2.54, real=0.20 secs] 
2023-10-20T09:27:47.330+0800: 142609.611: [GC (Allocation Failure) 2023-10-20T09:27:47.330+0800: 142609.611: [ParNew: 8182789K->370877K(9175040K), 0.2049405 secs] 34139166K->26333888K(65798144K), 0.2052134 secs] [Times: user=1.10 sys=2.40, real=0.20 secs] 
2023-10-20T09:28:52.357+0800: 142674.638: [GC (Allocation Failure) 2023-10-20T09:28:52.357+0800: 142674.638: [ParNew: 8235197K->392502K(9175040K), 0.2283582 secs] 34198208K->26362866K(65798144K), 0.2287455 secs] [Times: user=0.93 sys=2.98, real=0.23 secs] 
2023-10-20T09:30:00.818+0800: 142743.099: [GC (Allocation Failure) 2023-10-20T09:30:00.818+0800: 142743.099: [ParNew: 8256822K->403412K(9175040K), 0.2482193 secs] 34227186K->26381093K(65798144K), 0.2485307 secs] [Times: user=1.02 sys=3.21, real=0.25 secs] 
2023-10-20T09:31:05.488+0800: 142807.769: [GC (Allocation Failure) 2023-10-20T09:31:05.488+0800: 142807.769: [ParNew: 8267732K->497454K(9175040K), 0.2589159 secs] 34245413K->26482497K(65798144K), 0.2592585 secs] [Times: user=1.44 sys=3.03, real=0.26 secs] 
2023-10-20T09:32:48.247+0800: 142910.528: [GC (Allocation Failure) 2023-10-20T09:32:48.247+0800: 142910.528: [ParNew: 8361774K->459898K(9175040K), 0.2080037 secs] 34346817K->26452296K(65798144K), 0.2082974 secs] [Times: user=1.04 sys=2.51, real=0.20 secs] 
2023-10-20T09:33:51.915+0800: 142974.196: [GC (Allocation Failure) 2023-10-20T09:33:51.915+0800: 142974.196: [ParNew: 8324218K->467418K(9175040K), 0.1983813 secs] 34316616K->26466809K(65798144K), 0.1986849 secs] [Times: user=0.91 sys=2.47, real=0.20 secs] 
2023-10-20T09:34:51.846+0800: 143034.127: [GC (Allocation Failure) 2023-10-20T09:34:51.846+0800: 143034.127: [ParNew: 8331738K->466768K(9175040K), 0.2280799 secs] 34331129K->26473062K(65798144K), 0.2284188 secs] [Times: user=1.44 sys=2.47, real=0.22 secs] 
2023-10-20T09:35:40.810+0800: 143083.091: [GC (Allocation Failure) 2023-10-20T09:35:40.810+0800: 143083.091: [ParNew: 8331088K->436048K(9175040K), 0.1985223 secs] 34337382K->26449626K(65798144K), 0.1988701 secs] [Times: user=1.16 sys=2.21, real=0.20 secs] 
2023-10-20T09:36:45.267+0800: 143147.548: [GC (Allocation Failure) 2023-10-20T09:36:45.267+0800: 143147.548: [ParNew: 8300368K->475412K(9175040K), 0.1941865 secs] 34313946K->26496312K(65798144K), 0.1944759 secs] [Times: user=1.02 sys=2.28, real=0.19 secs] 
2023-10-20T09:37:53.202+0800: 143215.483: [GC (Allocation Failure) 2023-10-20T09:37:53.202+0800: 143215.483: [ParNew: 8339732K->502991K(9175040K), 0.2101304 secs] 34360632K->26531230K(65798144K), 0.2104509 secs] [Times: user=1.12 sys=2.47, real=0.21 secs] 
2023-10-20T09:39:20.788+0800: 143303.069: [GC (Allocation Failure) 2023-10-20T09:39:20.788+0800: 143303.069: [ParNew: 8367311K->443998K(9175040K), 0.2261378 secs] 34395550K->26479105K(65798144K), 0.2264135 secs] [Times: user=1.47 sys=2.40, real=0.22 secs] 
2023-10-20T09:40:45.852+0800: 143388.133: [GC (Allocation Failure) 2023-10-20T09:40:45.852+0800: 143388.133: [ParNew: 8308318K->396450K(9175040K), 0.2585979 secs] 34343425K->26438936K(65798144K), 0.2592134 secs] [Times: user=1.41 sys=3.05, real=0.26 secs] 
2023-10-20T09:41:48.875+0800: 143451.156: [GC (Allocation Failure) 2023-10-20T09:41:48.875+0800: 143451.157: [ParNew: 8260770K->400883K(9175040K), 0.2201583 secs] 34303256K->26450678K(65798144K), 0.2204264 secs] [Times: user=0.94 sys=2.82, real=0.23 secs] 
2023-10-20T09:42:55.574+0800: 143517.855: [GC (Allocation Failure) 2023-10-20T09:42:55.574+0800: 143517.855: [ParNew: 8265203K->439865K(9175040K), 0.2261194 secs] 34314998K->26496953K(65798144K), 0.2265039 secs] [Times: user=0.95 sys=2.91, real=0.23 secs] 
2023-10-20T09:44:07.499+0800: 143589.781: [GC (Allocation Failure) 2023-10-20T09:44:07.500+0800: 143589.781: [ParNew: 8304185K->467237K(9175040K), 0.2382757 secs] 34361273K->26531560K(65798144K), 0.2386184 secs] [Times: user=1.32 sys=2.77, real=0.24 secs] 
2023-10-20T09:44:56.035+0800: 143638.317: [GC (Allocation Failure) 2023-10-20T09:44:56.036+0800: 143638.317: [ParNew: 8331557K->473163K(9175040K), 0.2528664 secs] 34395880K->26544524K(65798144K), 0.2532257 secs] [Times: user=1.67 sys=2.69, real=0.26 secs] 
2023-10-20T09:46:14.484+0800: 143716.766: [GC (Allocation Failure) 2023-10-20T09:46:14.485+0800: 143716.766: [ParNew: 8337483K->445214K(9175040K), 0.2167863 secs] 34408844K->26523806K(65798144K), 0.2170911 secs] [Times: user=1.15 sys=2.55, real=0.22 secs] 
2023-10-20T09:47:47.318+0800: 143809.600: [GC (Allocation Failure) 2023-10-20T09:47:47.318+0800: 143809.600: [ParNew: 8309534K->479301K(9175040K), 0.1939412 secs] 34388126K->26565171K(65798144K), 0.1942238 secs] [Times: user=0.89 sys=2.42, real=0.19 secs] 
2023-10-20T09:49:06.611+0800: 143888.892: [GC (Allocation Failure) 2023-10-20T09:49:06.611+0800: 143888.892: [ParNew: 8343621K->438897K(9175040K), 0.1995059 secs] 34429491K->26532012K(65798144K), 0.1997836 secs] [Times: user=1.10 sys=2.30, real=0.20 secs] 
2023-10-20T09:50:50.156+0800: 143992.437: [GC (Allocation Failure) 2023-10-20T09:50:50.156+0800: 143992.437: [ParNew: 8303217K->390356K(9175040K), 0.2528033 secs] 34396332K->26490837K(65798144K), 0.2531876 secs] [Times: user=1.25 sys=3.11, real=0.26 secs] 
2023-10-20T09:53:24.009+0800: 144146.291: [GC (Allocation Failure) 2023-10-20T09:53:24.010+0800: 144146.291: [ParNew: 8254676K->341154K(9175040K), 0.2186213 secs] 34355157K->26448434K(65798144K), 0.2189743 secs] [Times: user=1.06 sys=2.67, real=0.22 secs] 
2023-10-20T09:55:26.064+0800: 144268.346: [GC (Allocation Failure) 2023-10-20T09:55:26.064+0800: 144268.346: [ParNew: 8205474K->305343K(9175040K), 0.2207934 secs] 34312754K->26419803K(65798144K), 0.2210871 secs] [Times: user=0.85 sys=3.07, real=0.22 secs] 
2023-10-20T09:56:44.104+0800: 144346.386: [GC (Allocation Failure) 2023-10-20T09:56:44.104+0800: 144346.386: [ParNew: 8169663K->326423K(9175040K), 0.2383907 secs] 34284123K->26448089K(65798144K), 0.2386900 secs] [Times: user=1.40 sys=2.70, real=0.24 secs] 
2023-10-20T09:58:24.009+0800: 144446.290: [GC (Allocation Failure) 2023-10-20T09:58:24.009+0800: 144446.290: [ParNew: 8190743K->352972K(9175040K), 0.2072814 secs] 34312409K->26481854K(65798144K), 0.2075831 secs] [Times: user=0.93 sys=2.61, real=0.21 secs] 
2023-10-20T09:59:52.291+0800: 144534.573: [GC (Allocation Failure) 2023-10-20T09:59:52.292+0800: 144534.573: [ParNew: 8217292K->372929K(9175040K), 0.1963700 secs] 34346174K->26509123K(65798144K), 0.1967121 secs] [Times: user=0.98 sys=2.36, real=0.20 secs] 
2023-10-20T10:01:22.967+0800: 144625.248: [GC (Allocation Failure) 2023-10-20T10:01:22.967+0800: 144625.248: [ParNew: 8237249K->380061K(9175040K), 0.2202178 secs] 34373443K->26523408K(65798144K), 0.2205314 secs] [Times: user=0.79 sys=2.98, real=0.22 secs] 
2023-10-20T10:02:15.459+0800: 144677.740: [GC (Allocation Failure) 2023-10-20T10:02:15.459+0800: 144677.740: [ParNew: 8244381K->422319K(9175040K), 0.2189591 secs] 34387728K->26572694K(65798144K), 0.2192729 secs] [Times: user=0.85 sys=2.89, real=0.22 secs] 
2023-10-20T10:03:03.510+0800: 144725.792: [GC (Allocation Failure) 2023-10-20T10:03:03.510+0800: 144725.792: [ParNew: 8286639K->457328K(9175040K), 0.2019501 secs] 34437014K->26614885K(65798144K), 0.2022766 secs] [Times: user=0.95 sys=2.49, real=0.20 secs] 
2023-10-20T10:03:53.422+0800: 144775.703: [GC (Allocation Failure) 2023-10-20T10:03:53.422+0800: 144775.703: [ParNew: 8321648K->486215K(9175040K), 0.2310363 secs] 34479205K->26650994K(65798144K), 0.2314430 secs] [Times: user=1.28 sys=2.68, real=0.23 secs] 
2023-10-20T10:04:56.947+0800: 144839.228: [GC (Allocation Failure) 2023-10-20T10:04:56.947+0800: 144839.228: [ParNew: 8350535K->493413K(9175040K), 0.2408817 secs] 34515314K->26665445K(65798144K), 0.2412527 secs] [Times: user=1.15 sys=3.00, real=0.24 secs] 
2023-10-20T10:06:15.819+0800: 144918.100: [GC (Allocation Failure) 2023-10-20T10:06:15.819+0800: 144918.100: [ParNew: 8357733K->464605K(9175040K), 0.2387003 secs] 34529765K->26643769K(65798144K), 0.2390357 secs] [Times: user=1.15 sys=2.95, real=0.24 secs] 
2023-10-20T10:07:21.488+0800: 144983.769: [GC (Allocation Failure) 2023-10-20T10:07:21.488+0800: 144983.769: [ParNew: 8328925K->451663K(9175040K), 0.2336372 secs] 34508089K->26637868K(65798144K), 0.2340163 secs] [Times: user=1.16 sys=2.86, real=0.23 secs] 
2023-10-20T10:08:01.089+0800: 145023.370: [GC (Allocation Failure) 2023-10-20T10:08:01.089+0800: 145023.371: [ParNew: 8315983K->479770K(9175040K), 0.2207817 secs] 34502188K->26673265K(65798144K), 0.2211465 secs] [Times: user=1.17 sys=2.60, real=0.22 secs] 
2023-10-20T10:09:20.918+0800: 145103.199: [GC (Allocation Failure) 2023-10-20T10:09:20.918+0800: 145103.199: [ParNew: 8344090K->480825K(9175040K), 0.2260856 secs] 34537585K->26681610K(65798144K), 0.2264221 secs] [Times: user=1.05 sys=2.82, real=0.22 secs] 
2023-10-20T10:10:20.075+0800: 145162.356: [GC (Allocation Failure) 2023-10-20T10:10:20.075+0800: 145162.356: [ParNew: 8345145K->475672K(9175040K), 0.2417097 secs] 34545930K->26683701K(65798144K), 0.2420477 secs] [Times: user=1.47 sys=2.68, real=0.25 secs] 
2023-10-20T10:11:31.622+0800: 145233.904: [GC (Allocation Failure) 2023-10-20T10:11:31.623+0800: 145233.904: [ParNew: 8339992K->494081K(9175040K), 0.2368942 secs] 34548021K->26708883K(65798144K), 0.2371691 secs] [Times: user=1.32 sys=2.76, real=0.24 secs] 
2023-10-20T10:13:01.001+0800: 145323.282: [GC (Allocation Failure) 2023-10-20T10:13:01.001+0800: 145323.282: [ParNew: 8358401K->482043K(9175040K), 0.2213878 secs] 34573203K->26704439K(65798144K), 0.2216626 secs] [Times: user=1.46 sys=2.33, real=0.22 secs] 
2023-10-20T10:14:23.697+0800: 145405.978: [GC (Allocation Failure) 2023-10-20T10:14:23.697+0800: 145405.978: [ParNew: 8346363K->442487K(9175040K), 0.2029677 secs] 34568759K->26672145K(65798144K), 0.2032248 secs] [Times: user=1.00 sys=2.46, real=0.20 secs] 
2023-10-20T10:16:23.143+0800: 145525.425: [GC (Allocation Failure) 2023-10-20T10:16:23.144+0800: 145525.425: [ParNew: 8306807K->374560K(9175040K), 0.2348001 secs] 34536465K->26611586K(65798144K), 0.2351132 secs] [Times: user=1.10 sys=2.94, real=0.24 secs] 
2023-10-20T10:17:51.091+0800: 145613.373: [GC (Allocation Failure) 2023-10-20T10:17:51.091+0800: 145613.373: [ParNew: 8238880K->392040K(9175040K), 0.1227053 secs] 34475906K->26635497K(65798144K), 0.1229770 secs] [Times: user=0.82 sys=1.24, real=0.12 secs] 
2023-10-20T10:18:01.773+0800: 145624.054: [GC (Allocation Failure) 2023-10-20T10:18:01.773+0800: 145624.054: [ParNew: 8256360K->348454K(9175040K), 0.1372614 secs] 34499817K->26599156K(65798144K), 0.1375507 secs] [Times: user=1.32 sys=1.06, real=0.14 secs] 
2023-10-20T10:18:14.756+0800: 145637.038: [GC (Allocation Failure) 2023-10-20T10:18:14.757+0800: 145637.038: [ParNew: 8212774K->320966K(9175040K), 0.0895634 secs] 34463476K->26578882K(65798144K), 0.0898322 secs] [Times: user=1.16 sys=0.36, real=0.09 secs] 
2023-10-20T10:19:26.582+0800: 145708.863: [GC (Allocation Failure) 2023-10-20T10:19:26.582+0800: 145708.863: [ParNew: 8185286K->309269K(9175040K), 0.1910546 secs] 34443202K->26574342K(65798144K), 0.1913346 secs] [Times: user=1.01 sys=2.28, real=0.19 secs] 
2023-10-20T10:20:48.848+0800: 145791.129: [GC (Allocation Failure) 2023-10-20T10:20:48.848+0800: 145791.129: [ParNew: 8173589K->310341K(9175040K), 0.2009908 secs] 34438662K->26582584K(65798144K), 0.2013687 secs] [Times: user=0.92 sys=2.51, real=0.20 secs] 
2023-10-20T10:22:15.293+0800: 145877.574: [GC (Allocation Failure) 2023-10-20T10:22:15.293+0800: 145877.574: [ParNew: 8174661K->327054K(9175040K), 0.1940848 secs] 34446904K->26606523K(65798144K), 0.1944544 secs] [Times: user=0.96 sys=2.36, real=0.20 secs] 
2023-10-20T10:23:57.551+0800: 145979.832: [GC (Allocation Failure) 2023-10-20T10:23:57.551+0800: 145979.832: [ParNew: 8191374K->423252K(9175040K), 0.2259899 secs] 34470843K->26709525K(65798144K), 0.2263108 secs] [Times: user=0.76 sys=3.12, real=0.23 secs] 
2023-10-20T10:25:50.842+0800: 146093.123: [GC (Allocation Failure) 2023-10-20T10:25:50.842+0800: 146093.123: [ParNew: 8287572K->332563K(9175040K), 0.2084745 secs] 34573845K->26626016K(65798144K), 0.2087654 secs] [Times: user=0.83 sys=2.75, real=0.21 secs] 
2023-10-20T10:27:23.241+0800: 146185.523: [GC (Allocation Failure) 2023-10-20T10:27:23.242+0800: 146185.523: [ParNew: 8196883K->332033K(9175040K), 0.1955002 secs] 34490336K->26632546K(65798144K), 0.1958143 secs] [Times: user=0.98 sys=2.36, real=0.20 secs] 
2023-10-20T10:29:31.579+0800: 146313.860: [GC (Allocation Failure) 2023-10-20T10:29:31.579+0800: 146313.860: [ParNew: 8196353K->314337K(9175040K), 0.1840617 secs] 34496866K->26622263K(65798144K), 0.1843805 secs] [Times: user=0.75 sys=2.38, real=0.18 secs] 
2023-10-20T10:31:50.791+0800: 146453.072: [GC (Allocation Failure) 2023-10-20T10:31:50.791+0800: 146453.072: [ParNew: 8178657K->323238K(9175040K), 0.2135619 secs] 34486583K->26638441K(65798144K), 0.2138886 secs] [Times: user=0.86 sys=2.80, real=0.21 secs] 
2023-10-20T10:33:20.958+0800: 146543.239: [GC (Allocation Failure) 2023-10-20T10:33:20.958+0800: 146543.239: [ParNew: 8187558K->305416K(9175040K), 0.1888612 secs] 34502761K->26627702K(65798144K), 0.1891617 secs] [Times: user=0.75 sys=2.47, real=0.19 secs] 
2023-10-20T10:34:56.518+0800: 146638.799: [GC (Allocation Failure) 2023-10-20T10:34:56.518+0800: 146638.799: [ParNew: 8169736K->323372K(9175040K), 0.1993014 secs] 34492022K->26652700K(65798144K), 0.1995868 secs] [Times: user=0.87 sys=2.53, real=0.20 secs] 
2023-10-20T10:36:28.042+0800: 146730.323: [GC (Allocation Failure) 2023-10-20T10:36:28.042+0800: 146730.323: [ParNew: 8187692K->346068K(9175040K), 0.1871508 secs] 34517020K->26682697K(65798144K), 0.1874338 secs] [Times: user=0.89 sys=2.30, real=0.19 secs] 
2023-10-20T10:37:52.686+0800: 146814.967: [GC (Allocation Failure) 2023-10-20T10:37:52.686+0800: 146814.967: [ParNew: 8210388K->366701K(9175040K), 0.2262713 secs] 34547017K->26710632K(65798144K), 0.2265966 secs] [Times: user=1.04 sys=2.85, real=0.22 secs] 
2023-10-20T10:39:31.964+0800: 146914.246: [GC (Allocation Failure) 2023-10-20T10:39:31.965+0800: 146914.246: [ParNew: 8231021K->347886K(9175040K), 0.2233033 secs] 34574952K->26695400K(65798144K), 0.2236043 secs] [Times: user=1.00 sys=2.84, real=0.23 secs] 
2023-10-20T10:40:48.733+0800: 146991.015: [GC (Allocation Failure) 2023-10-20T10:40:48.733+0800: 146991.015: [ParNew: 8212206K->345423K(9175040K), 0.2134069 secs] 34559720K->26693726K(65798144K), 0.2137021 secs] [Times: user=1.15 sys=2.52, real=0.22 secs] 
2023-10-20T10:42:15.159+0800: 147077.440: [GC (Allocation Failure) 2023-10-20T10:42:15.159+0800: 147077.440: [ParNew: 8209743K->383246K(9175040K), 0.2053493 secs] 34558046K->26732385K(65798144K), 0.2056417 secs] [Times: user=1.00 sys=2.52, real=0.20 secs] 
2023-10-20T10:44:14.912+0800: 147197.193: [GC (Allocation Failure) 2023-10-20T10:44:14.912+0800: 147197.194: [ParNew: 8247566K->392585K(9175040K), 0.2139835 secs] 34596705K->26745970K(65798144K), 0.2143185 secs] [Times: user=1.10 sys=2.57, real=0.22 secs] 
2023-10-20T10:45:30.420+0800: 147272.701: [GC (Allocation Failure) 2023-10-20T10:45:30.420+0800: 147272.702: [ParNew: 8256905K->401878K(9175040K), 0.2167327 secs] 34610290K->26762570K(65798144K), 0.2170623 secs] [Times: user=0.87 sys=2.84, real=0.22 secs] 
2023-10-20T10:47:29.671+0800: 147391.952: [GC (Allocation Failure) 2023-10-20T10:47:29.671+0800: 147391.953: [ParNew: 8266198K->389580K(9175040K), 0.2167685 secs] 34626890K->26757495K(65798144K), 0.2170582 secs] [Times: user=0.99 sys=2.72, real=0.22 secs] 
2023-10-20T10:49:02.881+0800: 147485.162: [GC (Allocation Failure) 2023-10-20T10:49:02.881+0800: 147485.162: [ParNew: 8253900K->365166K(9175040K), 0.1967560 secs] 34621815K->26740341K(65798144K), 0.1970862 secs] [Times: user=0.89 sys=2.47, real=0.20 secs] 
2023-10-20T10:49:41.989+0800: 147524.270: [GC (Allocation Failure) 2023-10-20T10:49:41.989+0800: 147524.271: [ParNew: 8229486K->377064K(9175040K), 0.1790635 secs] 34604661K->26758751K(65798144K), 0.1793596 secs] [Times: user=1.11 sys=1.97, real=0.18 secs] 
2023-10-20T10:49:56.091+0800: 147538.373: [GC (Allocation Failure) 2023-10-20T10:49:56.091+0800: 147538.373: [ParNew: 8241384K->366747K(9175040K), 0.0757622 secs] 34623071K->26755244K(65798144K), 0.0760330 secs] [Times: user=0.95 sys=0.31, real=0.08 secs] 
2023-10-20T10:50:07.608+0800: 147549.889: [GC (Allocation Failure) 2023-10-20T10:50:07.608+0800: 147549.890: [ParNew: 8231067K->349165K(9175040K), 0.0727086 secs] 34619564K->26744595K(65798144K), 0.0729772 secs] [Times: user=0.91 sys=0.29, real=0.07 secs] 
2023-10-20T10:50:44.780+0800: 147587.061: [GC (Allocation Failure) 2023-10-20T10:50:44.780+0800: 147587.061: [ParNew: 8213485K->376916K(9175040K), 0.1484440 secs] 34608915K->26779013K(65798144K), 0.1487244 secs] [Times: user=0.90 sys=1.64, real=0.15 secs] 
2023-10-20T10:52:03.304+0800: 147665.585: [GC (Allocation Failure) 2023-10-20T10:52:03.304+0800: 147665.586: [ParNew: 8241236K->402753K(9175040K), 0.2266636 secs] 34643333K->26812141K(65798144K), 0.2270053 secs] [Times: user=1.21 sys=2.69, real=0.23 secs] 
2023-10-20T10:53:41.962+0800: 147764.243: [GC (Allocation Failure) 2023-10-20T10:53:41.962+0800: 147764.243: [ParNew: 8267073K->365496K(9175040K), 0.2142586 secs] 34676461K->26782093K(65798144K), 0.2145392 secs] [Times: user=0.91 sys=2.76, real=0.22 secs] 
2023-10-20T10:54:51.857+0800: 147834.138: [GC (Allocation Failure) 2023-10-20T10:54:51.857+0800: 147834.138: [ParNew: 8229816K->363481K(9175040K), 0.2060687 secs] 34646413K->26787298K(65798144K), 0.2063505 secs] [Times: user=0.98 sys=2.54, real=0.20 secs] 
2023-10-20T10:56:30.353+0800: 147932.634: [GC (Allocation Failure) 2023-10-20T10:56:30.353+0800: 147932.635: [ParNew: 8227801K->391624K(9175040K), 0.1987606 secs] 34651618K->26822490K(65798144K), 0.1991115 secs] [Times: user=0.90 sys=2.49, real=0.20 secs] 
2023-10-20T10:57:45.047+0800: 148007.329: [GC (Allocation Failure) 2023-10-20T10:57:45.048+0800: 148007.329: [ParNew: 8255944K->421415K(9175040K), 0.2447902 secs] 34686810K->26859171K(65798144K), 0.2453456 secs] [Times: user=1.25 sys=2.97, real=0.24 secs] 
2023-10-20T10:59:52.062+0800: 148134.344: [GC (Allocation Failure) 2023-10-20T10:59:52.063+0800: 148134.344: [ParNew: 8285735K->350257K(9175040K), 0.2170038 secs] 34723491K->26795282K(65798144K), 0.2173310 secs] [Times: user=1.04 sys=2.68, real=0.22 secs] 
2023-10-20T11:01:05.449+0800: 148207.730: [GC (Allocation Failure) 2023-10-20T11:01:05.449+0800: 148207.731: [ParNew: 8214577K->356342K(9175040K), 0.2097356 secs] 34659602K->26808690K(65798144K), 0.2101063 secs] [Times: user=0.93 sys=2.67, real=0.21 secs] 
2023-10-20T11:02:28.686+0800: 148290.967: [GC (Allocation Failure) 2023-10-20T11:02:28.686+0800: 148290.967: [ParNew: 8220662K->348240K(9175040K), 0.2326329 secs] 34673010K->26807928K(65798144K), 0.2329442 secs] [Times: user=1.51 sys=2.49, real=0.23 secs] 
2023-10-20T11:04:25.710+0800: 148407.991: [GC (Allocation Failure) 2023-10-20T11:04:25.710+0800: 148407.992: [ParNew: 8212560K->348619K(9175040K), 0.2174190 secs] 34672248K->26815388K(65798144K), 0.2177790 secs] [Times: user=1.04 sys=2.69, real=0.22 secs] 
2023-10-20T11:06:17.857+0800: 148520.138: [GC (Allocation Failure) 2023-10-20T11:06:17.857+0800: 148520.139: [ParNew: 8212939K->342611K(9175040K), 0.2152158 secs] 34679708K->26816364K(65798144K), 0.2155624 secs] [Times: user=0.88 sys=2.74, real=0.21 secs] 
2023-10-20T11:07:43.178+0800: 148605.459: [GC (Allocation Failure) 2023-10-20T11:07:43.178+0800: 148605.459: [ParNew: 8206931K->314178K(9175040K), 0.2087624 secs] 34680684K->26795097K(65798144K), 0.2090466 secs] [Times: user=0.90 sys=2.61, real=0.21 secs] 
2023-10-20T11:09:25.848+0800: 148708.129: [GC (Allocation Failure) 2023-10-20T11:09:25.848+0800: 148708.129: [ParNew: 8178498K->363725K(9175040K), 0.2234648 secs] 34659417K->26848616K(65798144K), 0.2237833 secs] [Times: user=0.96 sys=2.87, real=0.22 secs] 
2023-10-20T11:10:54.703+0800: 148796.984: [GC (Allocation Failure) 2023-10-20T11:10:54.703+0800: 148796.984: [ParNew: 8228045K->350172K(9175040K), 0.2359937 secs] 34712936K->26835996K(65798144K), 0.2362896 secs] [Times: user=1.27 sys=2.81, real=0.24 secs] 
2023-10-20T11:13:10.149+0800: 148932.430: [GC (Allocation Failure) 2023-10-20T11:13:10.149+0800: 148932.430: [ParNew: 8214492K->358147K(9175040K), 0.2219230 secs] 34700316K->26845511K(65798144K), 0.2221861 secs] [Times: user=1.29 sys=2.53, real=0.22 secs] 
2023-10-20T11:14:25.008+0800: 149007.289: [GC (Allocation Failure) 2023-10-20T11:14:25.008+0800: 149007.289: [ParNew: 8222467K->371894K(9175040K), 0.2075373 secs] 34709831K->26862150K(65798144K), 0.2078220 secs] [Times: user=1.10 sys=2.47, real=0.20 secs] 
2023-10-20T11:16:02.465+0800: 149104.746: [GC (Allocation Failure) 2023-10-20T11:16:02.465+0800: 149104.746: [ParNew: 8236214K->390001K(9175040K), 0.2459252 secs] 34726470K->26887355K(65798144K), 0.2462616 secs] [Times: user=1.14 sys=3.07, real=0.25 secs] 
2023-10-20T11:17:45.371+0800: 149207.652: [GC (Allocation Failure) 2023-10-20T11:17:45.371+0800: 149207.652: [ParNew: 8254321K->357121K(9175040K), 0.2046120 secs] 34751675K->26861458K(65798144K), 0.2048945 secs] [Times: user=1.23 sys=2.48, real=0.21 secs] 
2023-10-20T11:19:37.889+0800: 149320.170: [GC (Allocation Failure) 2023-10-20T11:19:37.889+0800: 149320.170: [ParNew: 8221441K->376402K(9175040K), 0.2069359 secs] 34725778K->26887359K(65798144K), 0.2072173 secs] [Times: user=0.98 sys=2.56, real=0.21 secs] 
2023-10-20T11:21:28.914+0800: 149431.195: [GC (Allocation Failure) 2023-10-20T11:21:28.914+0800: 149431.195: [ParNew: 8240722K->365427K(9175040K), 0.2087654 secs] 34751679K->26883626K(65798144K), 0.2090869 secs] [Times: user=0.94 sys=2.63, real=0.21 secs] 
2023-10-20T11:23:06.206+0800: 149528.488: [GC (Allocation Failure) 2023-10-20T11:23:06.207+0800: 149528.488: [ParNew: 8229747K->371010K(9175040K), 0.1990197 secs] 34747946K->26896411K(65798144K), 0.1992949 secs] [Times: user=1.09 sys=2.31, real=0.20 secs] 
2023-10-20T11:23:37.903+0800: 149560.184: [GC (Allocation Failure) 2023-10-20T11:23:37.903+0800: 149560.184: [ParNew: 8235330K->362255K(9175040K), 0.1431704 secs] 34760731K->26894790K(65798144K), 0.1434421 secs] [Times: user=0.80 sys=1.66, real=0.15 secs] 
2023-10-20T11:23:55.601+0800: 149577.882: [GC (Allocation Failure) 2023-10-20T11:23:55.601+0800: 149577.882: [ParNew: 8226575K->356255K(9175040K), 0.1117486 secs] 34759110K->26895882K(65798144K), 0.1120380 secs] [Times: user=1.30 sys=0.60, real=0.11 secs] 
2023-10-20T11:25:21.326+0800: 149663.607: [GC (Allocation Failure) 2023-10-20T11:25:21.326+0800: 149663.608: [ParNew: 8220575K->356678K(9175040K), 0.1846730 secs] 34760202K->26902970K(65798144K), 0.1849482 secs] [Times: user=0.79 sys=2.49, real=0.18 secs] 
2023-10-20T11:27:28.865+0800: 149791.147: [GC (Allocation Failure) 2023-10-20T11:27:28.866+0800: 149791.147: [ParNew: 8220998K->313544K(9175040K), 0.2093140 secs] 34767290K->26867020K(65798144K), 0.2097248 secs] [Times: user=1.01 sys=2.78, real=0.21 secs] 
2023-10-20T11:29:26.375+0800: 149908.657: [GC (Allocation Failure) 2023-10-20T11:29:26.376+0800: 149908.657: [ParNew: 8177864K->323970K(9175040K), 0.2186448 secs] 34731340K->26884524K(65798144K), 0.2190076 secs] [Times: user=1.09 sys=2.66, real=0.22 secs] 
2023-10-20T11:30:54.002+0800: 149996.283: [GC (Allocation Failure) 2023-10-20T11:30:54.002+0800: 149996.283: [ParNew: 8188290K->329273K(9175040K), 0.2111041 secs] 34748844K->26896873K(65798144K), 0.2114398 secs] [Times: user=1.10 sys=2.51, real=0.21 secs] 
2023-10-20T11:32:29.143+0800: 150091.424: [GC (Allocation Failure) 2023-10-20T11:32:29.143+0800: 150091.424: [ParNew: 8193593K->339018K(9175040K), 0.2084346 secs] 34761193K->26913445K(65798144K), 0.2087274 secs] [Times: user=0.77 sys=2.80, real=0.21 secs] 
2023-10-20T11:35:18.586+0800: 150260.868: [GC (Allocation Failure) 2023-10-20T11:35:18.587+0800: 150260.868: [ParNew: 8203338K->337066K(9175040K), 0.1967514 secs] 34777765K->26918267K(65798144K), 0.1970956 secs] [Times: user=0.91 sys=2.45, real=0.19 secs] 
2023-10-20T11:37:48.579+0800: 150410.860: [GC (Allocation Failure) 2023-10-20T11:37:48.579+0800: 150410.860: [ParNew: 8201386K->299474K(9175040K), 0.2185131 secs] 34782587K->26887961K(65798144K), 0.2188728 secs] [Times: user=0.87 sys=2.88, real=0.22 secs] 
2023-10-20T11:40:32.962+0800: 150575.243: [GC (Allocation Failure) 2023-10-20T11:40:32.962+0800: 150575.244: [ParNew: 8163794K->312820K(9175040K), 0.2111820 secs] 34752281K->26908099K(65798144K), 0.2115038 secs] [Times: user=1.05 sys=2.53, real=0.21 secs] 
2023-10-20T11:43:27.424+0800: 150749.706: [GC (Allocation Failure) 2023-10-20T11:43:27.425+0800: 150749.706: [ParNew: 8177140K->310872K(9175040K), 0.2224728 secs] 34772419K->26913241K(65798144K), 0.2228110 secs] [Times: user=1.00 sys=2.81, real=0.23 secs] 
2023-10-20T11:46:44.361+0800: 150946.642: [GC (Allocation Failure) 2023-10-20T11:46:44.361+0800: 150946.642: [ParNew: 8175192K->278140K(9175040K), 0.1824572 secs] 34777561K->26887653K(65798144K), 0.1827329 secs] [Times: user=0.70 sys=2.41, real=0.18 secs] 
2023-10-20T11:49:02.974+0800: 151085.255: [GC (Allocation Failure) 2023-10-20T11:49:02.974+0800: 151085.255: [ParNew: 8142460K->264766K(9175040K), 0.2453212 secs] 34751973K->26881605K(65798144K), 0.2456389 secs] [Times: user=1.39 sys=2.83, real=0.25 secs] 
2023-10-20T11:51:05.698+0800: 151207.979: [GC (Allocation Failure) 2023-10-20T11:51:05.698+0800: 151207.979: [ParNew: 8129086K->349331K(9175040K), 0.2130043 secs] 34745925K->26973295K(65798144K), 0.2133464 secs] [Times: user=0.86 sys=2.74, real=0.21 secs] 
2023-10-20T11:58:19.974+0800: 151642.255: [GC (Allocation Failure) 2023-10-20T11:58:19.974+0800: 151642.256: [ParNew: 8213651K->272032K(9175040K), 0.1816679 secs] 34837615K->26902460K(65798144K), 0.1819981 secs] [Times: user=0.69 sys=2.38, real=0.19 secs] 
2023-10-20T11:58:32.033+0800: 151654.314: [GC (Allocation Failure) 2023-10-20T11:58:32.033+0800: 151654.314: [ParNew: 8136352K->238009K(9175040K), 0.0662006 secs] 34766780K->26871102K(65798144K), 0.0664511 secs] [Times: user=0.91 sys=0.21, real=0.07 secs] 
2023-10-20T11:58:48.562+0800: 151670.843: [GC (Allocation Failure) 2023-10-20T11:58:48.562+0800: 151670.843: [ParNew: 8102329K->194634K(9175040K), 0.1318704 secs] 34735422K->26829047K(65798144K), 0.1321245 secs] [Times: user=0.94 sys=1.37, real=0.13 secs] 
2023-10-20T11:59:08.719+0800: 151691.001: [GC (Allocation Failure) 2023-10-20T11:59:08.720+0800: 151691.001: [ParNew: 8058954K->171283K(9175040K), 0.0787607 secs] 34693367K->26810588K(65798144K), 0.0790348 secs] [Times: user=0.78 sys=0.56, real=0.08 secs] 
2023-10-20T11:59:27.921+0800: 151710.202: [GC (Allocation Failure) 2023-10-20T11:59:27.921+0800: 151710.203: [ParNew: 8035603K->154653K(9175040K), 0.0760227 secs] 34674908K->26801248K(65798144K), 0.0762710 secs] [Times: user=0.67 sys=0.62, real=0.08 secs] 
2023-10-20T11:59:45.694+0800: 151727.976: [GC (Allocation Failure) 2023-10-20T11:59:45.694+0800: 151727.976: [ParNew: 8018973K->149489K(9175040K), 0.1101456 secs] 34665568K->26803419K(65798144K), 0.1104097 secs] [Times: user=0.72 sys=1.18, real=0.11 secs] 
2023-10-20T12:00:01.569+0800: 151743.850: [GC (Allocation Failure) 2023-10-20T12:00:01.569+0800: 151743.850: [ParNew: 8013809K->135213K(9175040K), 0.0652750 secs] 34667739K->26796443K(65798144K), 0.0655351 secs] [Times: user=0.91 sys=0.18, real=0.06 secs] 
2023-10-20T12:00:13.316+0800: 151755.598: [GC (Allocation Failure) 2023-10-20T12:00:13.316+0800: 151755.598: [ParNew: 7999533K->122426K(9175040K), 0.0651383 secs] 34660763K->26790775K(65798144K), 0.0653907 secs] [Times: user=0.74 sys=0.36, real=0.06 secs] 
2023-10-20T12:00:25.953+0800: 151768.235: [GC (Allocation Failure) 2023-10-20T12:00:25.953+0800: 151768.235: [ParNew: 7986746K->123300K(9175040K), 0.0674924 secs] 34655095K->26798730K(65798144K), 0.0677251 secs] [Times: user=0.68 sys=0.45, real=0.07 secs] 
2023-10-20T12:00:37.137+0800: 151779.418: [GC (Allocation Failure) 2023-10-20T12:00:37.137+0800: 151779.418: [ParNew: 7987620K->105919K(9175040K), 0.0636855 secs] 34663050K->26788745K(65798144K), 0.0639773 secs] [Times: user=0.73 sys=0.34, real=0.06 secs] 
2023-10-20T12:00:47.978+0800: 151790.259: [GC (Allocation Failure) 2023-10-20T12:00:47.978+0800: 151790.259: [ParNew: 7970239K->108120K(9175040K), 0.1065486 secs] 34653065K->26798259K(65798144K), 0.1068139 secs] [Times: user=0.55 sys=1.25, real=0.10 secs] 
2023-10-20T12:00:59.072+0800: 151801.353: [GC (Allocation Failure) 2023-10-20T12:00:59.072+0800: 151801.354: [ParNew: 7972440K->100894K(9175040K), 0.0554238 secs] 34662579K->26798191K(65798144K), 0.0556805 secs] [Times: user=0.69 sys=0.21, real=0.06 secs] 
2023-10-20T12:01:10.389+0800: 151812.671: [GC (Allocation Failure) 2023-10-20T12:01:10.389+0800: 151812.671: [ParNew: 7965214K->78022K(9175040K), 0.0589777 secs] 34662511K->26782288K(65798144K), 0.0592233 secs] [Times: user=0.47 sys=0.51, real=0.06 secs] 
2023-10-20T12:01:21.432+0800: 151823.713: [GC (Allocation Failure) 2023-10-20T12:01:21.432+0800: 151823.713: [ParNew: 7942342K->62426K(9175040K), 0.0583546 secs] 34646608K->26773932K(65798144K), 0.0585945 secs] [Times: user=0.47 sys=0.50, real=0.06 secs] 
2023-10-20T12:01:31.802+0800: 151834.083: [GC (Allocation Failure) 2023-10-20T12:01:31.802+0800: 151834.083: [ParNew: 7926746K->52863K(9175040K), 0.0536141 secs] 34638252K->26771595K(65798144K), 0.0538799 secs] [Times: user=0.43 sys=0.46, real=0.06 secs] 
2023-10-20T12:01:42.560+0800: 151844.841: [GC (Allocation Failure) 2023-10-20T12:01:42.560+0800: 151844.841: [ParNew: 7917183K->39196K(9175040K), 0.1092432 secs] 34635915K->26785997K(65798144K), 0.1094981 secs] [Times: user=0.41 sys=1.33, real=0.11 secs] 
2023-10-20T12:01:54.088+0800: 151856.369: [GC (Allocation Failure) 2023-10-20T12:01:54.088+0800: 151856.369: [ParNew: 7903516K->18782K(9175040K), 0.0499904 secs] 34650317K->26765621K(65798144K), 0.0502348 secs] [Times: user=0.64 sys=0.20, real=0.05 secs] 
2023-10-20T12:02:04.701+0800: 151866.982: [GC (Allocation Failure) 2023-10-20T12:02:04.701+0800: 151866.982: [ParNew: 7883102K->17555K(9175040K), 0.0597082 secs] 34629941K->26764465K(65798144K), 0.0599683 secs] [Times: user=0.61 sys=0.40, real=0.06 secs] 
2023-10-20T12:02:14.721+0800: 151877.003: [GC (Allocation Failure) 2023-10-20T12:02:14.721+0800: 151877.003: [ParNew: 7881875K->14942K(9175040K), 0.0592201 secs] 34628785K->26762017K(65798144K), 0.0594663 secs] [Times: user=0.62 sys=0.38, real=0.06 secs] 
2023-10-20T12:02:24.838+0800: 151887.119: [GC (Allocation Failure) 2023-10-20T12:02:24.838+0800: 151887.119: [ParNew: 7879262K->17403K(9175040K), 0.0560478 secs] 34626337K->26764563K(65798144K), 0.0563138 secs] [Times: user=0.68 sys=0.27, real=0.05 secs] 
2023-10-20T12:02:35.179+0800: 151897.460: [GC (Allocation Failure) 2023-10-20T12:02:35.179+0800: 151897.460: [ParNew: 7881723K->21858K(9175040K), 0.1085600 secs] 34628883K->26769075K(65798144K), 0.1088159 secs] [Times: user=0.46 sys=1.42, real=0.11 secs] 
2023-10-20T12:02:46.050+0800: 151908.332: [GC (Allocation Failure) 2023-10-20T12:02:46.051+0800: 151908.332: [ParNew: 7886178K->23745K(9175040K), 0.0598739 secs] 34633395K->26771006K(65798144K), 0.0601205 secs] [Times: user=0.71 sys=0.31, real=0.06 secs] 
2023-10-20T12:02:57.146+0800: 151919.428: [GC (Allocation Failure) 2023-10-20T12:02:57.147+0800: 151919.428: [ParNew: 7888065K->27753K(9175040K), 0.0665370 secs] 34635326K->26775052K(65798144K), 0.0667737 secs] [Times: user=0.70 sys=0.44, real=0.06 secs] 
2023-10-20T12:03:07.589+0800: 151929.870: [GC (Allocation Failure) 2023-10-20T12:03:07.589+0800: 151929.870: [ParNew: 7892073K->25833K(9175040K), 0.0701052 secs] 34639372K->26773201K(65798144K), 0.0703730 secs] [Times: user=0.66 sys=0.53, real=0.07 secs] 
2023-10-20T12:03:18.252+0800: 151940.534: [GC (Allocation Failure) 2023-10-20T12:03:18.252+0800: 151940.534: [ParNew: 7890153K->21895K(9175040K), 0.0586527 secs] 34637521K->26769308K(65798144K), 0.0589194 secs] [Times: user=0.81 sys=0.18, real=0.06 secs] 
2023-10-20T12:03:29.339+0800: 151951.620: [GC (Allocation Failure) 2023-10-20T12:03:29.339+0800: 151951.620: [ParNew: 7886215K->26990K(9175040K), 0.1263279 secs] 34633628K->26774547K(65798144K), 0.1265897 secs] [Times: user=0.64 sys=1.56, real=0.12 secs] 
2023-10-20T12:03:42.498+0800: 151964.780: [GC (Allocation Failure) 2023-10-20T12:03:42.498+0800: 151964.780: [ParNew: 7891310K->29451K(9175040K), 0.0677236 secs] 34638867K->26777515K(65798144K), 0.0679704 secs] [Times: user=0.68 sys=0.47, real=0.07 secs] 
2023-10-20T12:05:20.742+0800: 152063.024: [GC (Allocation Failure) 2023-10-20T12:05:20.742+0800: 152063.024: [ParNew: 7893771K->31129K(9175040K), 0.1423494 secs] 34641835K->26779645K(65798144K), 0.1426072 secs] [Times: user=0.66 sys=1.83, real=0.14 secs] 
2023-10-20T12:05:51.142+0800: 152093.423: [GC (Allocation Failure) 2023-10-20T12:05:51.142+0800: 152093.423: [ParNew: 7895449K->26749K(9175040K), 0.0691423 secs] 34643965K->26776104K(65798144K), 0.0693917 secs] [Times: user=0.63 sys=0.56, real=0.07 secs] 
2023-10-20T12:06:17.646+0800: 152119.927: [GC (Allocation Failure) 2023-10-20T12:06:17.646+0800: 152119.928: [ParNew: 7891069K->18620K(9175040K), 0.0735904 secs] 34640424K->26767999K(65798144K), 0.0738334 secs] [Times: user=0.53 sys=0.73, real=0.07 secs] 
2023-10-20T12:06:42.994+0800: 152145.275: [GC (Allocation Failure) 2023-10-20T12:06:42.994+0800: 152145.276: [ParNew: 7882940K->11598K(9175040K), 0.1020040 secs] 34632319K->26760991K(65798144K), 0.1022664 secs] [Times: user=0.51 sys=1.26, real=0.11 secs] 
2023-10-20T12:07:08.347+0800: 152170.628: [GC (Allocation Failure) 2023-10-20T12:07:08.347+0800: 152170.628: [ParNew: 7875918K->10495K(9175040K), 0.0667673 secs] 34625311K->26759925K(65798144K), 0.0670041 secs] [Times: user=0.60 sys=0.54, real=0.06 secs] 
2023-10-20T12:07:33.099+0800: 152195.381: [GC (Allocation Failure) 2023-10-20T12:07:33.100+0800: 152195.381: [ParNew: 7874815K->12856K(9175040K), 0.0745268 secs] 34624245K->26762300K(65798144K), 0.0747690 secs] [Times: user=0.41 sys=0.88, real=0.07 secs] 
2023-10-20T12:07:58.130+0800: 152220.411: [GC (Allocation Failure) 2023-10-20T12:07:58.130+0800: 152220.411: [ParNew: 7877176K->15016K(9175040K), 0.1050211 secs] 34626620K->26764484K(65798144K), 0.1053304 secs] [Times: user=0.51 sys=1.32, real=0.10 secs] 
2023-10-20T12:08:22.861+0800: 152245.142: [GC (Allocation Failure) 2023-10-20T12:08:22.861+0800: 152245.142: [ParNew: 7879336K->15173K(9175040K), 0.0718912 secs] 34628804K->26764714K(65798144K), 0.0721257 secs] [Times: user=0.48 sys=0.75, real=0.07 secs] 
2023-10-20T12:08:47.447+0800: 152269.728: [GC (Allocation Failure) 2023-10-20T12:08:47.447+0800: 152269.728: [ParNew: 7879493K->18413K(9175040K), 0.0778123 secs] 34629034K->26768013K(65798144K), 0.0780670 secs] [Times: user=0.51 sys=0.83, real=0.07 secs] 
2023-10-20T12:09:11.928+0800: 152294.209: [GC (Allocation Failure) 2023-10-20T12:09:11.928+0800: 152294.209: [ParNew: 7882733K->16939K(9175040K), 0.1101580 secs] 34632333K->26766564K(65798144K), 0.1104244 secs] [Times: user=0.48 sys=1.44, real=0.11 secs] 
2023-10-20T12:09:35.984+0800: 152318.265: [GC (Allocation Failure) 2023-10-20T12:09:35.984+0800: 152318.265: [ParNew: 7881259K->20284K(9175040K), 0.0682718 secs] 34630884K->26769934K(65798144K), 0.0685065 secs] [Times: user=0.58 sys=0.59, real=0.07 secs] 
2023-10-20T12:10:00.274+0800: 152342.556: [GC (Allocation Failure) 2023-10-20T12:10:00.274+0800: 152342.556: [ParNew: 7884604K->23246K(9175040K), 0.0753894 secs] 34634254K->26772897K(65798144K), 0.0756273 secs] [Times: user=0.57 sys=0.72, real=0.08 secs] 
2023-10-20T12:10:24.947+0800: 152367.229: [GC (Allocation Failure) 2023-10-20T12:10:24.948+0800: 152367.229: [ParNew: 7887566K->23882K(9175040K), 0.1149348 secs] 34637217K->26773559K(65798144K), 0.1152800 secs] [Times: user=0.46 sys=1.54, real=0.11 secs] 
2023-10-20T12:10:49.950+0800: 152392.231: [GC (Allocation Failure) 2023-10-20T12:10:49.950+0800: 152392.231: [ParNew: 7888202K->19407K(9175040K), 0.0612226 secs] 34637879K->26769097K(65798144K), 0.0615036 secs] [Times: user=0.73 sys=0.31, real=0.06 secs] 
2023-10-20T12:11:14.536+0800: 152416.817: [GC (Allocation Failure) 2023-10-20T12:11:14.536+0800: 152416.818: [ParNew: 7883727K->15605K(9175040K), 0.0616520 secs] 34633417K->26765309K(65798144K), 0.0618981 secs] [Times: user=0.45 sys=0.60, real=0.06 secs] 
2023-10-20T12:11:38.981+0800: 152441.262: [GC (Allocation Failure) 2023-10-20T12:11:38.981+0800: 152441.262: [ParNew: 7879925K->9217K(9175040K), 0.0594627 secs] 34629629K->26759878K(65798144K), 0.0597247 secs] [Times: user=0.52 sys=0.49, real=0.06 secs] 
2023-10-20T12:12:04.267+0800: 152466.548: [GC (Allocation Failure) 2023-10-20T12:12:04.267+0800: 152466.548: [ParNew: 7873537K->9998K(9175040K), 0.1042771 secs] 34624198K->26760912K(65798144K), 0.1045433 secs] [Times: user=0.57 sys=1.24, real=0.10 secs] 
2023-10-20T12:12:28.946+0800: 152491.227: [GC (Allocation Failure) 2023-10-20T12:12:28.946+0800: 152491.227: [ParNew: 7874318K->11534K(9175040K), 0.0662147 secs] 34625232K->26762511K(65798144K), 0.0664538 secs] [Times: user=0.50 sys=0.63, real=0.07 secs] 
2023-10-20T12:12:53.170+0800: 152515.451: [GC (Allocation Failure) 2023-10-20T12:12:53.170+0800: 152515.451: [ParNew: 7875854K->13811K(9175040K), 0.0682260 secs] 34626831K->26764814K(65798144K), 0.0684903 secs] [Times: user=0.50 sys=0.67, real=0.07 secs] 
2023-10-20T12:13:17.397+0800: 152539.678: [GC (Allocation Failure) 2023-10-20T12:13:17.397+0800: 152539.678: [ParNew: 7878131K->14813K(9175040K), 0.1071041 secs] 34629134K->26765840K(65798144K), 0.1073706 secs] [Times: user=0.38 sys=1.48, real=0.10 secs] 
2023-10-20T12:13:41.424+0800: 152563.705: [GC (Allocation Failure) 2023-10-20T12:13:41.424+0800: 152563.706: [ParNew: 7879133K->15489K(9175040K), 0.0592652 secs] 34630160K->26766763K(65798144K), 0.0595323 secs] [Times: user=0.61 sys=0.40, real=0.06 secs] 
2023-10-20T12:14:05.260+0800: 152587.542: [GC (Allocation Failure) 2023-10-20T12:14:05.261+0800: 152587.542: [ParNew: 7879809K->16270K(9175040K), 0.0720164 secs] 34631083K->26767630K(65798144K), 0.0722546 secs] [Times: user=0.52 sys=0.71, real=0.07 secs] 
2023-10-20T12:14:28.902+0800: 152611.184: [GC (Allocation Failure) 2023-10-20T12:14:28.902+0800: 152611.184: [ParNew: 7880590K->16621K(9175040K), 0.0583614 secs] 34631950K->26768144K(65798144K), 0.0586057 secs] [Times: user=0.62 sys=0.37, real=0.06 secs] 
2023-10-20T12:14:52.817+0800: 152635.098: [GC (Allocation Failure) 2023-10-20T12:14:52.817+0800: 152635.098: [ParNew: 7880941K->18597K(9175040K), 0.1090064 secs] 34632464K->26770182K(65798144K), 0.1092508 secs] [Times: user=0.44 sys=1.45, real=0.11 secs] 
2023-10-20T12:15:16.355+0800: 152658.636: [GC (Allocation Failure) 2023-10-20T12:15:16.355+0800: 152658.636: [ParNew: 7882917K->20516K(9175040K), 0.0717646 secs] 34634502K->26772110K(65798144K), 0.0720140 secs] [Times: user=0.73 sys=0.51, real=0.08 secs] 
2023-10-20T12:15:39.692+0800: 152681.973: [GC (Allocation Failure) 2023-10-20T12:15:39.692+0800: 152681.973: [ParNew: 7884836K->22080K(9175040K), 0.0766935 secs] 34636430K->26773724K(65798144K), 0.0769412 secs] [Times: user=0.61 sys=0.71, real=0.08 secs] 
2023-10-20T12:16:03.233+0800: 152705.515: [GC (Allocation Failure) 2023-10-20T12:16:03.233+0800: 152705.515: [ParNew: 7886400K->16039K(9175040K), 0.1061633 secs] 34638044K->26767795K(65798144K), 0.1064626 secs] [Times: user=0.34 sys=1.51, real=0.11 secs] 
2023-10-20T12:16:27.512+0800: 152729.793: [GC (Allocation Failure) 2023-10-20T12:16:27.512+0800: 152729.793: [ParNew: 7880359K->8115K(9175040K), 0.0560288 secs] 34632115K->26759898K(65798144K), 0.0562780 secs] [Times: user=0.51 sys=0.44, real=0.06 secs] 
2023-10-20T12:16:51.501+0800: 152753.783: [GC (Allocation Failure) 2023-10-20T12:16:51.502+0800: 152753.783: [ParNew: 7872435K->10708K(9175040K), 0.0665513 secs] 34624218K->26762584K(65798144K), 0.0668010 secs] [Times: user=0.43 sys=0.71, real=0.07 secs] 
2023-10-20T12:17:15.192+0800: 152777.473: [GC (Allocation Failure) 2023-10-20T12:17:15.192+0800: 152777.473: [ParNew: 7875028K->10973K(9175040K), 0.1100687 secs] 34626904K->26762851K(65798144K), 0.1103190 secs] [Times: user=0.32 sys=1.60, real=0.11 secs] 
2023-10-20T12:17:39.128+0800: 152801.409: [GC (Allocation Failure) 2023-10-20T12:17:39.128+0800: 152801.409: [ParNew: 7875293K->12180K(9175040K), 0.0492305 secs] 34627171K->26764073K(65798144K), 0.0494663 secs] [Times: user=0.46 sys=0.37, real=0.05 secs] 
2023-10-20T12:18:03.177+0800: 152825.458: [GC (Allocation Failure) 2023-10-20T12:18:03.177+0800: 152825.458: [ParNew: 7876500K->14361K(9175040K), 0.0682538 secs] 34628393K->26766279K(65798144K), 0.0684769 secs] [Times: user=0.53 sys=0.63, real=0.06 secs] 
2023-10-20T12:18:27.790+0800: 152850.071: [GC (Allocation Failure) 2023-10-20T12:18:27.790+0800: 152850.071: [ParNew: 7878681K->15587K(9175040K), 0.0651956 secs] 34630599K->26767533K(65798144K), 0.0654818 secs] [Times: user=0.54 sys=0.57, real=0.06 secs] 
2023-10-20T12:18:52.202+0800: 152874.483: [GC (Allocation Failure) 2023-10-20T12:18:52.202+0800: 152874.483: [ParNew: 7879907K->16826K(9175040K), 0.1069408 secs] 34631853K->26768774K(65798144K), 0.1072278 secs] [Times: user=0.40 sys=1.46, real=0.11 secs] 
2023-10-20T12:19:16.174+0800: 152898.455: [GC (Allocation Failure) 2023-10-20T12:19:16.174+0800: 152898.455: [ParNew: 7881146K->18097K(9175040K), 0.0737086 secs] 34633094K->26770072K(65798144K), 0.0739779 secs] [Times: user=0.58 sys=0.69, real=0.08 secs] 
2023-10-20T12:19:39.576+0800: 152921.857: [GC (Allocation Failure) 2023-10-20T12:19:39.576+0800: 152921.857: [ParNew: 7882417K->18822K(9175040K), 0.0782206 secs] 34634392K->26770801K(65798144K), 0.0784698 secs] [Times: user=0.55 sys=0.80, real=0.08 secs] 
2023-10-20T12:20:19.170+0800: 152961.452: [GC (Allocation Failure) 2023-10-20T12:20:19.170+0800: 152961.452: [ParNew: 7883142K->20992K(9175040K), 0.1096193 secs] 34635121K->26772974K(65798144K), 0.1098693 secs] [Times: user=0.68 sys=1.23, real=0.11 secs] 
2023-10-20T12:20:42.764+0800: 152985.045: [GC (Allocation Failure) 2023-10-20T12:20:42.764+0800: 152985.045: [ParNew: 7885312K->22876K(9175040K), 0.0711291 secs] 34637294K->26774872K(65798144K), 0.0713772 secs] [Times: user=0.76 sys=0.46, real=0.07 secs] 
2023-10-20T12:21:06.162+0800: 153008.443: [GC (Allocation Failure) 2023-10-20T12:21:06.162+0800: 153008.443: [ParNew: 7887196K->15713K(9175040K), 0.0678859 secs] 34639192K->26767736K(65798144K), 0.0681314 secs] [Times: user=0.48 sys=0.76, real=0.07 secs] 
2023-10-20T12:21:29.948+0800: 153032.229: [GC (Allocation Failure) 2023-10-20T12:21:29.948+0800: 153032.229: [ParNew: 7880033K->9253K(9175040K), 0.1046444 secs] 34632056K->26761304K(65798144K), 0.1049011 secs] [Times: user=0.55 sys=1.27, real=0.10 secs] 
2023-10-20T12:21:53.785+0800: 153056.066: [GC (Allocation Failure) 2023-10-20T12:21:53.785+0800: 153056.066: [ParNew: 7873573K->12272K(9175040K), 0.0607547 secs] 34625624K->26764334K(65798144K), 0.0610501 secs] [Times: user=0.48 sys=0.56, real=0.07 secs] 
2023-10-20T12:22:17.486+0800: 153079.768: [GC (Allocation Failure) 2023-10-20T12:22:17.486+0800: 153079.768: [ParNew: 7876592K->12288K(9175040K), 0.0674217 secs] 34628654K->26764563K(65798144K), 0.0676578 secs] [Times: user=0.45 sys=0.70, real=0.06 secs] 
2023-10-20T12:22:40.995+0800: 153103.276: [GC (Allocation Failure) 2023-10-20T12:22:40.995+0800: 153103.276: [ParNew: 7876608K->13556K(9175040K), 0.1688847 secs] 34628883K->26765852K(65798144K), 0.1691375 secs] [Times: user=0.39 sys=2.57, real=0.17 secs] 
2023-10-20T12:23:04.510+0800: 153126.791: [GC (Allocation Failure) 2023-10-20T12:23:04.510+0800: 153126.791: [ParNew: 7877876K->14610K(9175040K), 0.0552684 secs] 34630172K->26766923K(65798144K), 0.0555312 secs] [Times: user=0.61 sys=0.32, real=0.05 secs] 
2023-10-20T12:23:27.908+0800: 153150.189: [GC (Allocation Failure) 2023-10-20T12:23:27.908+0800: 153150.189: [ParNew: 7878930K->16515K(9175040K), 0.0696598 secs] 34631243K->26768842K(65798144K), 0.0699010 secs] [Times: user=0.70 sys=0.49, real=0.07 secs] 
2023-10-20T12:23:51.254+0800: 153173.535: [GC (Allocation Failure) 2023-10-20T12:23:51.254+0800: 153173.535: [ParNew: 7880835K->18257K(9175040K), 0.0626626 secs] 34633162K->26770599K(65798144K), 0.0629182 secs] [Times: user=0.61 sys=0.47, real=0.07 secs] 
2023-10-20T12:24:14.658+0800: 153196.939: [GC (Allocation Failure) 2023-10-20T12:24:14.658+0800: 153196.939: [ParNew: 7882577K->19781K(9175040K), 0.1165702 secs] 34634919K->26772130K(65798144K), 0.1168255 secs] [Times: user=0.32 sys=1.72, real=0.11 secs] 
2023-10-20T12:24:37.908+0800: 153220.189: [GC (Allocation Failure) 2023-10-20T12:24:37.908+0800: 153220.189: [ParNew: 7884101K->20101K(9175040K), 0.0734668 secs] 34636450K->26772462K(65798144K), 0.0737020 secs] [Times: user=0.74 sys=0.53, real=0.07 secs] 
2023-10-20T12:25:01.215+0800: 153243.496: [GC (Allocation Failure) 2023-10-20T12:25:01.215+0800: 153243.496: [ParNew: 7884421K->22937K(9175040K), 0.0730920 secs] 34636782K->26775425K(65798144K), 0.0733203 secs] [Times: user=0.59 sys=0.66, real=0.08 secs] 
2023-10-20T12:25:24.136+0800: 153266.417: [GC (Allocation Failure) 2023-10-20T12:25:24.136+0800: 153266.417: [ParNew: 7887257K->24792K(9175040K), 0.1090239 secs] 34639745K->26777288K(65798144K), 0.1092859 secs] [Times: user=0.48 sys=1.41, real=0.10 secs] 
2023-10-20T12:25:46.721+0800: 153289.002: [GC (Allocation Failure) 2023-10-20T12:25:46.721+0800: 153289.002: [ParNew: 7889112K->25090K(9175040K), 0.0711338 secs] 34641608K->26777589K(65798144K), 0.0713836 secs] [Times: user=0.81 sys=0.42, real=0.07 secs] 
2023-10-20T12:26:09.652+0800: 153311.933: [GC (Allocation Failure) 2023-10-20T12:26:09.652+0800: 153311.933: [ParNew: 7889410K->17199K(9175040K), 0.0623015 secs] 34641909K->26770273K(65798144K), 0.0625802 secs] [Times: user=0.44 sys=0.62, real=0.06 secs] 
2023-10-20T12:26:32.772+0800: 153335.053: [GC (Allocation Failure) 2023-10-20T12:26:32.772+0800: 153335.053: [ParNew: 7881519K->9381K(9175040K), 0.0679063 secs] 34634593K->26762569K(65798144K), 0.0681838 secs] [Times: user=0.44 sys=0.72, real=0.07 secs] 
2023-10-20T12:26:56.343+0800: 153358.624: [GC (Allocation Failure) 2023-10-20T12:26:56.343+0800: 153358.624: [ParNew: 7873701K->11546K(9175040K), 0.1103836 secs] 34626889K->26764873K(65798144K), 0.1106339 secs] [Times: user=0.50 sys=1.42, real=0.11 secs] 
2023-10-20T12:27:19.999+0800: 153382.281: [GC (Allocation Failure) 2023-10-20T12:27:20.000+0800: 153382.281: [ParNew: 7875866K->11491K(9175040K), 0.0601717 secs] 34629193K->26764869K(65798144K), 0.0604582 secs] [Times: user=0.52 sys=0.51, real=0.06 secs] 
2023-10-20T13:03:42.968+0800: 155565.249: [GC (Allocation Failure) 2023-10-20T13:03:42.968+0800: 155565.249: [ParNew: 7875811K->14532K(9175040K), 0.1569899 secs] 34629189K->26767956K(65798144K), 0.1572845 secs] [Times: user=0.29 sys=2.42, real=0.15 secs] 
2023-10-20T13:55:38.527+0800: 158680.809: [GC (Allocation Failure) 2023-10-20T13:55:38.527+0800: 158680.809: [ParNew: 7878852K->13853K(9175040K), 0.1534354 secs] 34632276K->26767313K(65798144K), 0.1537154 secs] [Times: user=0.31 sys=2.37, real=0.15 secs] 
2023-10-20T13:56:00.180+0800: 158702.461: [GC (Allocation Failure) 2023-10-20T13:56:00.180+0800: 158702.461: [ParNew: 7878173K->14946K(9175040K), 0.1025050 secs] 34631633K->26768412K(65798144K), 0.1027719 secs] [Times: user=0.29 sys=1.49, real=0.10 secs] 
2023-10-20T13:56:23.050+0800: 158725.331: [GC (Allocation Failure) 2023-10-20T13:56:23.050+0800: 158725.331: [ParNew: 7879266K->14788K(9175040K), 0.0545549 secs] 34632732K->26768256K(65798144K), 0.0548071 secs] [Times: user=0.34 sys=0.52, real=0.05 secs] 
2023-10-20T13:56:38.366+0800: 158740.648: [GC (Allocation Failure) 2023-10-20T13:56:38.367+0800: 158740.648: [ParNew: 7879108K->17025K(9175040K), 0.0569220 secs] 34632576K->26770496K(65798144K), 0.0571606 secs] [Times: user=0.49 sys=0.48, real=0.05 secs] 
2023-10-20T13:56:53.017+0800: 158755.298: [GC (Allocation Failure) 2023-10-20T13:56:53.017+0800: 158755.298: [ParNew: 7881345K->20007K(9175040K), 0.0597566 secs] 34634816K->26773493K(65798144K), 0.0599963 secs] [Times: user=0.56 sys=0.51, real=0.06 secs] 
2023-10-20T13:57:07.622+0800: 158769.903: [GC (Allocation Failure) 2023-10-20T13:57:07.622+0800: 158769.903: [ParNew: 7884327K->19333K(9175040K), 0.1002090 secs] 34637813K->26772847K(65798144K), 0.1004502 secs] [Times: user=0.43 sys=1.31, real=0.10 secs] 
2023-10-20T13:57:20.471+0800: 158782.753: [GC (Allocation Failure) 2023-10-20T13:57:20.472+0800: 158782.753: [ParNew: 7883653K->20365K(9175040K), 0.0496129 secs] 34637167K->26773893K(65798144K), 0.0498505 secs] [Times: user=0.49 sys=0.35, real=0.05 secs] 
2023-10-20T13:57:33.918+0800: 158796.199: [GC (Allocation Failure) 2023-10-20T13:57:33.918+0800: 158796.199: [ParNew: 7884685K->21469K(9175040K), 0.0610926 secs] 34638213K->26774999K(65798144K), 0.0613355 secs] [Times: user=0.56 sys=0.48, real=0.06 secs] 
2023-10-20T13:57:46.214+0800: 158808.496: [GC (Allocation Failure) 2023-10-20T13:57:46.215+0800: 158808.496: [ParNew: 7885789K->24901K(9175040K), 0.0613835 secs] 34639319K->26778462K(65798144K), 0.0616282 secs] [Times: user=0.58 sys=0.48, real=0.07 secs] 
2023-10-20T13:59:43.516+0800: 158925.798: [GC (Allocation Failure) 2023-10-20T13:59:43.516+0800: 158925.798: [ParNew: 7889221K->24995K(9175040K), 0.1321115 secs] 34642782K->26778559K(65798144K), 0.1323683 secs] [Times: user=0.40 sys=1.91, real=0.13 secs] 
2023-10-20T14:00:13.542+0800: 158955.823: [GC (Allocation Failure) 2023-10-20T14:00:13.542+0800: 158955.823: [ParNew: 7889315K->27813K(9175040K), 0.0849864 secs] 34642879K->26781537K(65798144K), 0.0852357 secs] [Times: user=0.64 sys=0.84, real=0.09 secs] 
2023-10-20T14:00:40.366+0800: 158982.647: [GC (Allocation Failure) 2023-10-20T14:00:40.366+0800: 158982.647: [ParNew: 7892133K->27554K(9175040K), 0.1175183 secs] 34645857K->26781358K(65798144K), 0.1177812 secs] [Times: user=0.69 sys=1.36, real=0.11 secs] 
2023-10-20T14:01:07.233+0800: 159009.514: [GC (Allocation Failure) 2023-10-20T14:01:07.233+0800: 159009.514: [ParNew: 7891874K->19128K(9175040K), 0.0617321 secs] 34645678K->26772934K(65798144K), 0.0619806 secs] [Times: user=0.43 sys=0.63, real=0.06 secs] 
2023-10-20T14:01:33.779+0800: 159036.060: [GC (Allocation Failure) 2023-10-20T14:01:33.779+0800: 159036.060: [ParNew: 7883448K->14068K(9175040K), 0.0712602 secs] 34637254K->26767880K(65798144K), 0.0715043 secs] [Times: user=0.39 sys=0.83, real=0.07 secs] 
2023-10-20T14:02:00.212+0800: 159062.494: [GC (Allocation Failure) 2023-10-20T14:02:00.213+0800: 159062.494: [ParNew: 7878388K->15098K(9175040K), 0.1025205 secs] 34632200K->26771233K(65798144K), 0.1027767 secs] [Times: user=0.39 sys=1.37, real=0.10 secs] 
2023-10-20T14:02:26.767+0800: 159089.048: [GC (Allocation Failure) 2023-10-20T14:02:26.767+0800: 159089.048: [ParNew: 7879418K->13047K(9175040K), 0.0680498 secs] 34635553K->26771587K(65798144K), 0.0682903 secs] [Times: user=0.48 sys=0.67, real=0.06 secs] 
2023-10-20T14:02:53.376+0800: 159115.657: [GC (Allocation Failure) 2023-10-20T14:02:53.376+0800: 159115.658: [ParNew: 7877367K->11996K(9175040K), 0.0717261 secs] 34635907K->26770783K(65798144K), 0.0719873 secs] [Times: user=0.46 sys=0.77, real=0.07 secs] 
2023-10-20T14:03:20.107+0800: 159142.388: [GC (Allocation Failure) 2023-10-20T14:03:20.107+0800: 159142.388: [ParNew: 7876316K->13616K(9175040K), 0.1083561 secs] 34635103K->26772452K(65798144K), 0.1086101 secs] [Times: user=0.64 sys=1.34, real=0.10 secs] 
2023-10-20T14:03:46.512+0800: 159168.794: [GC (Allocation Failure) 2023-10-20T14:03:46.512+0800: 159168.794: [ParNew: 7877936K->16036K(9175040K), 0.0659152 secs] 34636772K->26774885K(65798144K), 0.0661647 secs] [Times: user=0.56 sys=0.56, real=0.07 secs] 
2023-10-20T14:04:12.845+0800: 159195.126: [GC (Allocation Failure) 2023-10-20T14:04:12.845+0800: 159195.126: [ParNew: 7880356K->16485K(9175040K), 0.0758293 secs] 34639205K->26775337K(65798144K), 0.0760774 secs] [Times: user=0.52 sys=0.78, real=0.08 secs] 
2023-10-20T14:04:39.518+0800: 159221.799: [GC (Allocation Failure) 2023-10-20T14:04:39.518+0800: 159221.799: [ParNew: 7880805K->18037K(9175040K), 0.1114266 secs] 34639657K->26776890K(65798144K), 0.1116810 secs] [Times: user=0.55 sys=1.39, real=0.11 secs] 
2023-10-20T14:05:06.211+0800: 159248.492: [GC (Allocation Failure) 2023-10-20T14:05:06.211+0800: 159248.493: [ParNew: 7882357K->19440K(9175040K), 0.0647910 secs] 34641210K->26778331K(65798144K), 0.0650405 secs] [Times: user=0.61 sys=0.49, real=0.07 secs] 
2023-10-20T14:05:33.354+0800: 159275.635: [GC (Allocation Failure) 2023-10-20T14:05:33.354+0800: 159275.635: [ParNew: 7883760K->20302K(9175040K), 0.0782149 secs] 34642651K->26779194K(65798144K), 0.0784572 secs] [Times: user=0.59 sys=0.77, real=0.08 secs] 
2023-10-20T14:06:00.534+0800: 159302.815: [GC (Allocation Failure) 2023-10-20T14:06:00.534+0800: 159302.816: [ParNew: 7884622K->22746K(9175040K), 0.1160772 secs] 34643514K->26781662K(65798144K), 0.1163153 secs] [Times: user=0.63 sys=1.39, real=0.12 secs] 
2023-10-20T14:06:27.255+0800: 159329.537: [GC (Allocation Failure) 2023-10-20T14:06:27.256+0800: 159329.537: [ParNew: 7887066K->15810K(9175040K), 0.0504048 secs] 34645982K->26775182K(65798144K), 0.0506478 secs] [Times: user=0.56 sys=0.29, real=0.06 secs] 
2023-10-20T14:06:53.800+0800: 159356.081: [GC (Allocation Failure) 2023-10-20T14:06:53.800+0800: 159356.081: [ParNew: 7880130K->10082K(9175040K), 0.0629553 secs] 34639502K->26769583K(65798144K), 0.0631991 secs] [Times: user=0.50 sys=0.58, real=0.06 secs] 
2023-10-20T14:07:20.813+0800: 159383.095: [GC (Allocation Failure) 2023-10-20T14:07:20.814+0800: 159383.095: [ParNew: 7874402K->10782K(9175040K), 0.0576335 secs] 34633903K->26770313K(65798144K), 0.0579191 secs] [Times: user=0.52 sys=0.46, real=0.06 secs] 
2023-10-20T14:13:42.965+0800: 159765.246: [GC (Allocation Failure) 2023-10-20T14:13:42.965+0800: 159765.246: [ParNew: 7875102K->9493K(9175040K), 0.1236862 secs] 34634633K->26769033K(65798144K), 0.1239547 secs] [Times: user=0.30 sys=1.87, real=0.13 secs] 
2023-10-20T14:20:07.780+0800: 160150.061: [GC (Allocation Failure) 2023-10-20T14:20:07.780+0800: 160150.061: [ParNew: 7873813K->7983K(9175040K), 0.0745247 secs] 34633353K->26767526K(65798144K), 0.0748233 secs] [Times: user=0.37 sys=0.92, real=0.07 secs] 
2023-10-20T14:20:36.018+0800: 160178.299: [GC (Allocation Failure) 2023-10-20T14:20:36.018+0800: 160178.299: [ParNew: 7872303K->10637K(9175040K), 0.1114353 secs] 34631846K->26770194K(65798144K), 0.1116968 secs] [Times: user=0.45 sys=1.50, real=0.11 secs] 
2023-10-20T14:21:03.695+0800: 160205.976: [GC (Allocation Failure) 2023-10-20T14:21:03.695+0800: 160205.976: [ParNew: 7874957K->10879K(9175040K), 0.0731528 secs] 34634514K->26770438K(65798144K), 0.0734051 secs] [Times: user=0.59 sys=0.67, real=0.08 secs] 
2023-10-20T14:21:36.470+0800: 160238.752: [GC (Allocation Failure) 2023-10-20T14:21:36.471+0800: 160238.752: [ParNew: 7875199K->10787K(9175040K), 0.1094302 secs] 34634758K->26770349K(65798144K), 0.1096932 secs] [Times: user=0.45 sys=1.45, real=0.11 secs] 
2023-10-20T14:22:02.493+0800: 160264.775: [GC (Allocation Failure) 2023-10-20T14:22:02.494+0800: 160264.775: [ParNew: 7875107K->13143K(9175040K), 0.0535686 secs] 34634669K->26772708K(65798144K), 0.0538251 secs] [Times: user=0.55 sys=0.37, real=0.06 secs] 
2023-10-20T14:22:27.477+0800: 160289.758: [GC (Allocation Failure) 2023-10-20T14:22:27.477+0800: 160289.758: [ParNew: 7877463K->14007K(9175040K), 0.0664570 secs] 34637028K->26773591K(65798144K), 0.0667164 secs] [Times: user=0.47 sys=0.68, real=0.06 secs] 
2023-10-20T14:22:55.536+0800: 160317.817: [GC (Allocation Failure) 2023-10-20T14:22:55.536+0800: 160317.817: [ParNew: 7878327K->16054K(9175040K), 0.1157490 secs] 34637911K->26775652K(65798144K), 0.1160179 secs] [Times: user=0.34 sys=1.68, real=0.12 secs] 
2023-10-20T14:23:25.495+0800: 160347.776: [GC (Allocation Failure) 2023-10-20T14:23:25.495+0800: 160347.776: [ParNew: 7880374K->16437K(9175040K), 0.0621024 secs] 34639972K->26776039K(65798144K), 0.0623587 secs] [Times: user=0.55 sys=0.50, real=0.07 secs] 
2023-10-20T14:25:09.334+0800: 160451.615: [GC (Allocation Failure) 2023-10-20T14:25:09.334+0800: 160451.616: [ParNew: 7880757K->17343K(9175040K), 0.0846938 secs] 34640359K->26776948K(65798144K), 0.0849287 secs] [Times: user=0.58 sys=0.89, real=0.09 secs] 
2023-10-20T14:25:44.601+0800: 160486.882: [GC (Allocation Failure) 2023-10-20T14:25:44.601+0800: 160486.882: [ParNew: 7881663K->19440K(9175040K), 0.1113733 secs] 34641268K->26779066K(65798144K), 0.1116361 secs] [Times: user=0.58 sys=1.36, real=0.11 secs] 
2023-10-20T14:26:09.063+0800: 160511.344: [GC (Allocation Failure) 2023-10-20T14:26:09.063+0800: 160511.344: [ParNew: 7883760K->14910K(9175040K), 0.0625656 secs] 34643386K->26774689K(65798144K), 0.0628117 secs] [Times: user=0.48 sys=0.59, real=0.07 secs] 
2023-10-20T14:26:33.357+0800: 160535.638: [GC (Allocation Failure) 2023-10-20T14:26:33.357+0800: 160535.638: [ParNew: 7879230K->11175K(9175040K), 0.0637350 secs] 34639009K->26770969K(65798144K), 0.0639855 secs] [Times: user=0.43 sys=0.65, real=0.06 secs] 
2023-10-20T14:26:58.496+0800: 160560.778: [GC (Allocation Failure) 2023-10-20T14:26:58.496+0800: 160560.778: [ParNew: 7875495K->13351K(9175040K), 0.1032176 secs] 34635289K->26773148K(65798144K), 0.1034849 secs] [Times: user=0.31 sys=1.48, real=0.10 secs] 
2023-10-20T14:27:23.448+0800: 160585.729: [GC (Allocation Failure) 2023-10-20T14:27:23.448+0800: 160585.729: [ParNew: 7877671K->14488K(9175040K), 0.0672167 secs] 34637468K->26774296K(65798144K), 0.0674575 secs] [Times: user=0.47 sys=0.69, real=0.06 secs] 
2023-10-20T14:27:48.451+0800: 160610.732: [GC (Allocation Failure) 2023-10-20T14:27:48.451+0800: 160610.732: [ParNew: 7878808K->16279K(9175040K), 0.0772183 secs] 34638616K->26776571K(65798144K), 0.0774555 secs] [Times: user=0.61 sys=0.74, real=0.08 secs] 
2023-10-20T14:28:12.670+0800: 160634.952: [GC (Allocation Failure) 2023-10-20T14:28:12.670+0800: 160634.952: [ParNew: 7880599K->15727K(9175040K), 0.1060953 secs] 34640891K->26776850K(65798144K), 0.1063629 secs] [Times: user=0.59 sys=1.25, real=0.11 secs] 
2023-10-20T14:28:37.029+0800: 160659.311: [GC (Allocation Failure) 2023-10-20T14:28:37.030+0800: 160659.311: [ParNew: 7880047K->16947K(9175040K), 0.0706818 secs] 34641170K->26778083K(65798144K), 0.0709231 secs] [Times: user=0.51 sys=0.71, real=0.07 secs] 
2023-10-20T14:29:01.558+0800: 160683.839: [GC (Allocation Failure) 2023-10-20T14:29:01.558+0800: 160683.839: [ParNew: 7881267K->18327K(9175040K), 0.0723435 secs] 34642403K->26779698K(65798144K), 0.0725831 secs] [Times: user=0.47 sys=0.77, real=0.07 secs] 
2023-10-20T14:29:26.187+0800: 160708.468: [GC (Allocation Failure) 2023-10-20T14:29:26.187+0800: 160708.469: [ParNew: 7882647K->19443K(9175040K), 0.1091026 secs] 34644018K->26780829K(65798144K), 0.1093600 secs] [Times: user=0.62 sys=1.28, real=0.11 secs] 
2023-10-20T14:29:50.856+0800: 160733.137: [GC (Allocation Failure) 2023-10-20T14:29:50.856+0800: 160733.137: [ParNew: 7883763K->19579K(9175040K), 0.0686906 secs] 34645149K->26780968K(65798144K), 0.0689484 secs] [Times: user=0.79 sys=0.39, real=0.06 secs] 
2023-10-20T14:30:15.819+0800: 160758.100: [GC (Allocation Failure) 2023-10-20T14:30:15.819+0800: 160758.100: [ParNew: 7883899K->21719K(9175040K), 0.0806533 secs] 34645288K->26783158K(65798144K), 0.0809166 secs] [Times: user=0.75 sys=0.58, real=0.08 secs] 
2023-10-20T14:30:40.263+0800: 160782.545: [GC (Allocation Failure) 2023-10-20T14:30:40.264+0800: 160782.545: [ParNew: 7886039K->23275K(9175040K), 0.1175545 secs] 34647478K->26784789K(65798144K), 0.1178012 secs] [Times: user=0.63 sys=1.43, real=0.12 secs] 
2023-10-20T14:31:04.998+0800: 160807.279: [GC (Allocation Failure) 2023-10-20T14:31:04.998+0800: 160807.279: [ParNew: 7887595K->15650K(9175040K), 0.0522435 secs] 34649109K->26777189K(65798144K), 0.0524995 secs] [Times: user=0.34 sys=0.54, real=0.05 secs] 
2023-10-20T14:31:30.050+0800: 160832.331: [GC (Allocation Failure) 2023-10-20T14:31:30.050+0800: 160832.331: [ParNew: 7879970K->8548K(9175040K), 0.0638259 secs] 34641509K->26770317K(65798144K), 0.0640689 secs] [Times: user=0.42 sys=0.68, real=0.06 secs] 
2023-10-20T14:31:54.939+0800: 160857.220: [GC (Allocation Failure) 2023-10-20T14:31:54.939+0800: 160857.221: [ParNew: 7872868K->10132K(9175040K), 0.0528330 secs] 34634637K->26772309K(65798144K), 0.0530762 secs] [Times: user=0.55 sys=0.35, real=0.05 secs] 
2023-10-20T14:32:19.170+0800: 160881.451: [GC (Allocation Failure) 2023-10-20T14:32:19.170+0800: 160881.451: [ParNew: 7874452K->10419K(9175040K), 0.1150154 secs] 34636629K->26772603K(65798144K), 0.1152648 secs] [Times: user=0.47 sys=1.54, real=0.11 secs] 
2023-10-20T14:32:43.274+0800: 160905.556: [GC (Allocation Failure) 2023-10-20T14:32:43.274+0800: 160905.556: [ParNew: 7874739K->12471K(9175040K), 0.0629102 secs] 34636923K->26774661K(65798144K), 0.0631495 secs] [Times: user=0.50 sys=0.58, real=0.07 secs] 
2023-10-20T14:46:58.192+0800: 161760.474: [GC (Allocation Failure) 2023-10-20T14:46:58.193+0800: 161760.474: [ParNew: 7876791K->43165K(9175040K), 0.1314299 secs] 34638981K->26805370K(65798144K), 0.1317399 secs] [Times: user=0.48 sys=1.72, real=0.13 secs] 
2023-10-20T14:47:03.905+0800: 161766.186: [GC (Allocation Failure) 2023-10-20T14:47:03.905+0800: 161766.186: [ParNew: 7907485K->93852K(9175040K), 0.0617308 secs] 34669690K->26856072K(65798144K), 0.0620708 secs] [Times: user=0.82 sys=0.15, real=0.07 secs] 
2023-10-20T14:47:09.358+0800: 161771.640: [GC (Allocation Failure) 2023-10-20T14:47:09.359+0800: 161771.640: [ParNew: 7958172K->144459K(9175040K), 0.0670650 secs] 34720392K->26906681K(65798144K), 0.0674322 secs] [Times: user=0.83 sys=0.18, real=0.07 secs] 
2023-10-20T14:47:14.901+0800: 161777.182: [GC (Allocation Failure) 2023-10-20T14:47:14.901+0800: 161777.182: [ParNew: 8008779K->174790K(9175040K), 0.0625236 secs] 34771001K->26937016K(65798144K), 0.0629079 secs] [Times: user=0.79 sys=0.12, real=0.06 secs] 
2023-10-20T14:47:20.506+0800: 161782.788: [GC (Allocation Failure) 2023-10-20T14:47:20.507+0800: 161782.788: [ParNew: 8039110K->232315K(9175040K), 0.0630992 secs] 34801336K->26994557K(65798144K), 0.0634775 secs] [Times: user=0.87 sys=0.05, real=0.06 secs] 
2023-10-20T14:47:26.970+0800: 161789.251: [GC (Allocation Failure) 2023-10-20T14:47:26.970+0800: 161789.251: [ParNew: 8096635K->227456K(9175040K), 0.0994779 secs] 34858877K->26989713K(65798144K), 0.0998677 secs] [Times: user=0.78 sys=0.79, real=0.10 secs] 
2023-10-20T14:47:32.937+0800: 161795.218: [GC (Allocation Failure) 2023-10-20T14:47:32.937+0800: 161795.219: [ParNew: 8091776K->270210K(9175040K), 0.0659232 secs] 34854033K->27032470K(65798144K), 0.0662916 secs] [Times: user=0.72 sys=0.24, real=0.06 secs] 
2023-10-20T14:47:38.377+0800: 161800.659: [GC (Allocation Failure) 2023-10-20T14:47:38.378+0800: 161800.659: [ParNew: 8134530K->335204K(9175040K), 0.0719199 secs] 34896790K->27097467K(65798144K), 0.0723478 secs] [Times: user=0.88 sys=0.20, real=0.07 secs] 
2023-10-20T14:47:43.845+0800: 161806.126: [GC (Allocation Failure) 2023-10-20T14:47:43.845+0800: 161806.127: [ParNew: 8199524K->360055K(9175040K), 0.0736937 secs] 34961787K->27122333K(65798144K), 0.0741345 secs] [Times: user=0.92 sys=0.18, real=0.08 secs] 
2023-10-20T14:47:49.565+0800: 161811.846: [GC (Allocation Failure) 2023-10-20T14:47:49.565+0800: 161811.846: [ParNew: 8224375K->414147K(9175040K), 0.0748118 secs] 34986653K->27176505K(65798144K), 0.0752484 secs] [Times: user=1.13 sys=0.01, real=0.08 secs] 
2023-10-20T14:47:55.567+0800: 161817.849: [GC (Allocation Failure) 2023-10-20T14:47:55.568+0800: 161817.849: [ParNew: 8278467K->386203K(9175040K), 0.0760141 secs] 35040825K->27148565K(65798144K), 0.0763928 secs] [Times: user=0.99 sys=0.17, real=0.07 secs] 
2023-10-20T14:48:01.503+0800: 161823.784: [GC (Allocation Failure) 2023-10-20T14:48:01.503+0800: 161823.784: [ParNew: 8250523K->408099K(9175040K), 0.0844888 secs] 35012885K->27170466K(65798144K), 0.0848656 secs] [Times: user=1.05 sys=0.26, real=0.09 secs] 
2023-10-20T14:48:06.899+0800: 161829.180: [GC (Allocation Failure) 2023-10-20T14:48:06.899+0800: 161829.180: [ParNew: 8272419K->383255K(9175040K), 0.1148031 secs] 35034786K->27145627K(65798144K), 0.1152179 secs] [Times: user=0.92 sys=0.93, real=0.11 secs] 
2023-10-20T14:48:12.516+0800: 161834.797: [GC (Allocation Failure) 2023-10-20T14:48:12.516+0800: 161834.797: [ParNew: 8247575K->438047K(9175040K), 0.0802836 secs] 35009947K->27200427K(65798144K), 0.0806611 secs] [Times: user=1.21 sys=0.02, real=0.08 secs] 
2023-10-20T14:48:18.371+0800: 161840.653: [GC (Allocation Failure) 2023-10-20T14:48:18.372+0800: 161840.653: [ParNew: 8302367K->513588K(9175040K), 0.0817868 secs] 35064747K->27275995K(65798144K), 0.0821599 secs] [Times: user=1.20 sys=0.05, real=0.08 secs] 
2023-10-20T14:48:24.534+0800: 161846.815: [GC (Allocation Failure) 2023-10-20T14:48:24.534+0800: 161846.815: [ParNew: 8377908K->482552K(9175040K), 0.0960102 secs] 35140315K->27262979K(65798144K), 0.0964272 secs] [Times: user=1.12 sys=0.25, real=0.10 secs] 
2023-10-20T14:48:30.668+0800: 161852.949: [GC (Allocation Failure) 2023-10-20T14:48:30.668+0800: 161852.949: [ParNew: 8346872K->466801K(9175040K), 0.0903068 secs] 35127299K->27269160K(65798144K), 0.0906763 secs] [Times: user=1.24 sys=0.11, real=0.09 secs] 
2023-10-20T14:48:36.536+0800: 161858.817: [GC (Allocation Failure) 2023-10-20T14:48:36.536+0800: 161858.817: [ParNew: 8331121K->553198K(9175040K), 0.0807976 secs] 35133480K->27376209K(65798144K), 0.0812605 secs] [Times: user=1.29 sys=0.00, real=0.08 secs] 
2023-10-20T14:48:42.111+0800: 161864.392: [GC (Allocation Failure) 2023-10-20T14:48:42.111+0800: 161864.392: [ParNew: 8417518K->488534K(9175040K), 0.1271062 secs] 35240529K->27331781K(65798144K), 0.1275125 secs] [Times: user=0.97 sys=1.03, real=0.13 secs] 
2023-10-20T14:48:47.603+0800: 161869.884: [GC (Allocation Failure) 2023-10-20T14:48:47.603+0800: 161869.884: [ParNew: 8352854K->537936K(9175040K), 0.0927355 secs] 35196101K->27401704K(65798144K), 0.0931654 secs] [Times: user=1.02 sys=0.38, real=0.10 secs] 
2023-10-20T14:48:54.443+0800: 161876.724: [GC (Allocation Failure) 2023-10-20T14:48:54.443+0800: 161876.724: [ParNew: 8402256K->533112K(9175040K), 0.0893921 secs] 35266024K->27416743K(65798144K), 0.0898226 secs] [Times: user=1.05 sys=0.30, real=0.09 secs] 
2023-10-20T14:49:00.287+0800: 161882.569: [GC (Allocation Failure) 2023-10-20T14:49:00.288+0800: 161882.569: [ParNew: 8397432K->544035K(9175040K), 0.0853065 secs] 35281063K->27448285K(65798144K), 0.0856822 secs] [Times: user=1.07 sys=0.19, real=0.08 secs] 
2023-10-20T14:49:05.859+0800: 161888.140: [GC (Allocation Failure) 2023-10-20T14:49:05.859+0800: 161888.140: [ParNew: 8408355K->518666K(9175040K), 0.0897546 secs] 35312605K->27443097K(65798144K), 0.0901423 secs] [Times: user=1.23 sys=0.12, real=0.09 secs] 
2023-10-20T14:49:11.320+0800: 161893.601: [GC (Allocation Failure) 2023-10-20T14:49:11.320+0800: 161893.601: [ParNew: 8382986K->470701K(9175040K), 0.0790868 secs] 35307417K->27415322K(65798144K), 0.0794672 secs] [Times: user=1.09 sys=0.07, real=0.08 secs] 
2023-10-20T14:49:16.947+0800: 161899.229: [GC (Allocation Failure) 2023-10-20T14:49:16.948+0800: 161899.229: [ParNew: 8335021K->498221K(9175040K), 0.1304199 secs] 35279642K->27463180K(65798144K), 0.1308830 secs] [Times: user=1.19 sys=0.86, real=0.13 secs] 
2023-10-20T14:49:23.142+0800: 161905.423: [GC (Allocation Failure) 2023-10-20T14:49:23.142+0800: 161905.423: [ParNew: 8362541K->528041K(9175040K), 0.0990225 secs] 35327500K->27512957K(65798144K), 0.0993868 secs] [Times: user=1.17 sys=0.35, real=0.10 secs] 
2023-10-20T14:49:29.098+0800: 161911.380: [GC (Allocation Failure) 2023-10-20T14:49:29.099+0800: 161911.380: [ParNew: 8392361K->539442K(9175040K), 0.0888418 secs] 35377277K->27544813K(65798144K), 0.0892202 secs] [Times: user=1.21 sys=0.11, real=0.09 secs] 
2023-10-20T14:49:34.449+0800: 161916.730: [GC (Allocation Failure) 2023-10-20T14:49:34.449+0800: 161916.730: [ParNew: 8403762K->495211K(9175040K), 0.0868994 secs] 35409133K->27520429K(65798144K), 0.0872782 secs] [Times: user=1.25 sys=0.04, real=0.09 secs] 
2023-10-20T14:49:39.842+0800: 161922.124: [GC (Allocation Failure) 2023-10-20T14:49:39.843+0800: 161922.124: [ParNew: 8359531K->528994K(9175040K), 0.0860938 secs] 35384749K->27574610K(65798144K), 0.0864660 secs] [Times: user=1.06 sys=0.20, real=0.09 secs] 
2023-10-20T14:49:44.999+0800: 161927.280: [GC (Allocation Failure) 2023-10-20T14:49:44.999+0800: 161927.280: [ParNew: 8393314K->556452K(9175040K), 0.0800945 secs] 35438930K->27622703K(65798144K), 0.0805201 secs] [Times: user=1.11 sys=0.05, real=0.08 secs] 
2023-10-20T14:49:50.782+0800: 161933.063: [GC (Allocation Failure) 2023-10-20T14:49:50.782+0800: 161933.063: [ParNew: 8420772K->491150K(9175040K), 0.1261808 secs] 35487023K->27577646K(65798144K), 0.1265525 secs] [Times: user=1.11 sys=0.86, real=0.13 secs] 
2023-10-20T14:49:58.260+0800: 161940.542: [GC (Allocation Failure) 2023-10-20T14:49:58.261+0800: 161940.542: [ParNew: 8355470K->543145K(9175040K), 0.0951298 secs] 35441966K->27650323K(65798144K), 0.0954823 secs] [Times: user=1.23 sys=0.21, real=0.10 secs] 
2023-10-20T14:50:03.455+0800: 161945.736: [GC (Allocation Failure) 2023-10-20T14:50:03.455+0800: 161945.736: [ParNew: 8407465K->497329K(9175040K), 0.0861165 secs] 35514643K->27624799K(65798144K), 0.0864597 secs] [Times: user=1.18 sys=0.10, real=0.09 secs] 
2023-10-20T14:50:08.732+0800: 161951.013: [GC (Allocation Failure) 2023-10-20T14:50:08.732+0800: 161951.013: [ParNew: 8361649K->472245K(9175040K), 0.0854894 secs] 35489119K->27620140K(65798144K), 0.0858529 secs] [Times: user=1.28 sys=0.08, real=0.09 secs] 
2023-10-20T14:50:14.062+0800: 161956.343: [GC (Allocation Failure) 2023-10-20T14:50:14.062+0800: 161956.343: [ParNew: 8336565K->495184K(9175040K), 0.0890590 secs] 35484460K->27663503K(65798144K), 0.0894082 secs] [Times: user=1.22 sys=0.13, real=0.09 secs] 
2023-10-20T14:50:19.580+0800: 161961.861: [GC (Allocation Failure) 2023-10-20T14:50:19.580+0800: 161961.861: [ParNew: 8359504K->467247K(9175040K), 0.0807566 secs] 35527823K->27656054K(65798144K), 0.0811330 secs] [Times: user=1.14 sys=0.04, real=0.08 secs] 
2023-10-20T14:50:27.163+0800: 161969.445: [GC (Allocation Failure) 2023-10-20T14:50:27.164+0800: 161969.445: [ParNew: 8331567K->461509K(9175040K), 0.1379010 secs] 35520374K->27670502K(65798144K), 0.1382508 secs] [Times: user=1.08 sys=1.13, real=0.14 secs] 
2023-10-20T14:50:34.165+0800: 161976.446: [GC (Allocation Failure) 2023-10-20T14:50:34.165+0800: 161976.446: [ParNew: 8325829K->489046K(9175040K), 0.0928102 secs] 35534822K->27718331K(65798144K), 0.0931569 secs] [Times: user=1.18 sys=0.22, real=0.10 secs] 
2023-10-20T14:50:42.598+0800: 161984.879: [GC (Allocation Failure) 2023-10-20T14:50:42.598+0800: 161984.879: [ParNew: 8353366K->463276K(9175040K), 0.0923012 secs] 35582651K->27712691K(65798144K), 0.0926363 secs] [Times: user=1.03 sys=0.38, real=0.09 secs] 
2023-10-20T14:50:57.881+0800: 162000.162: [GC (Allocation Failure) 2023-10-20T14:50:57.881+0800: 162000.162: [ParNew: 8327596K->478516K(9175040K), 0.1328474 secs] 35577011K->27748169K(65798144K), 0.1331859 secs] [Times: user=0.97 sys=1.14, real=0.13 secs] 
2023-10-20T14:51:52.232+0800: 162054.513: [GC (Allocation Failure) 2023-10-20T14:51:52.232+0800: 162054.513: [ParNew: 8342836K->510932K(9175040K), 0.1395617 secs] 35612489K->27800530K(65798144K), 0.1398296 secs] [Times: user=1.00 sys=1.25, real=0.14 secs] 
2023-10-20T14:57:57.465+0800: 162419.746: [GC (Allocation Failure) 2023-10-20T14:57:57.465+0800: 162419.746: [ParNew: 8375252K->338907K(9175040K), 0.1159665 secs] 35664850K->27631129K(65798144K), 0.1162432 secs] [Times: user=0.56 sys=1.45, real=0.12 secs] 
2023-10-20T14:58:14.557+0800: 162436.839: [GC (Allocation Failure) 2023-10-20T14:58:14.558+0800: 162436.839: [ParNew: 8203227K->117658K(9175040K), 0.0653786 secs] 35495449K->27412442K(65798144K), 0.0656409 secs] [Times: user=0.70 sys=0.40, real=0.06 secs] 
2023-10-20T14:58:30.180+0800: 162452.461: [GC (Allocation Failure) 2023-10-20T14:58:30.180+0800: 162452.461: [ParNew: 7981978K->114171K(9175040K), 0.0648800 secs] 35276762K->27411720K(65798144K), 0.0651377 secs] [Times: user=0.62 sys=0.47, real=0.06 secs] 
2023-10-20T14:58:48.148+0800: 162470.429: [GC (Allocation Failure) 2023-10-20T14:58:48.148+0800: 162470.429: [ParNew: 7978491K->126761K(9175040K), 0.1074684 secs] 35276040K->27427006K(65798144K), 0.1077418 secs] [Times: user=0.47 sys=1.38, real=0.11 secs] 
2023-10-20T14:59:06.093+0800: 162488.374: [GC (Allocation Failure) 2023-10-20T14:59:06.093+0800: 162488.374: [ParNew: 7991081K->161737K(9175040K), 0.0601914 secs] 35291326K->27464306K(65798144K), 0.0604527 secs] [Times: user=0.72 sys=0.28, real=0.06 secs] 
2023-10-20T14:59:22.504+0800: 162504.786: [GC (Allocation Failure) 2023-10-20T14:59:22.505+0800: 162504.786: [ParNew: 8026057K->121595K(9175040K), 0.0723169 secs] 35328626K->27427128K(65798144K), 0.0725732 secs] [Times: user=0.84 sys=0.38, real=0.08 secs] 
2023-10-20T14:59:38.152+0800: 162520.433: [GC (Allocation Failure) 2023-10-20T14:59:38.152+0800: 162520.434: [ParNew: 7985915K->155402K(9175040K), 0.0658838 secs] 35291448K->27463493K(65798144K), 0.0661552 secs] [Times: user=0.64 sys=0.47, real=0.07 secs] 
2023-10-20T14:59:51.584+0800: 162533.865: [GC (Allocation Failure) 2023-10-20T14:59:51.584+0800: 162533.865: [ParNew: 8019722K->178824K(9175040K), 0.1029807 secs] 35327813K->27489387K(65798144K), 0.1033010 secs] [Times: user=0.62 sys=1.14, real=0.11 secs] 
2023-10-20T15:00:04.754+0800: 162547.035: [GC (Allocation Failure) 2023-10-20T15:00:04.754+0800: 162547.036: [ParNew: 8043144K->146085K(9175040K), 0.0673266 secs] 35353707K->27459342K(65798144K), 0.0675961 secs] [Times: user=0.70 sys=0.43, real=0.07 secs] 
2023-10-20T15:00:17.491+0800: 162559.772: [GC (Allocation Failure) 2023-10-20T15:00:17.491+0800: 162559.773: [ParNew: 8010405K->155342K(9175040K), 0.0690600 secs] 35323662K->27471230K(65798144K), 0.0693268 secs] [Times: user=0.76 sys=0.40, real=0.07 secs] 
2023-10-20T15:00:52.786+0800: 162595.067: [GC (Allocation Failure) 2023-10-20T15:00:52.786+0800: 162595.067: [ParNew: 8019662K->220804K(9175040K), 0.1467730 secs] 35335550K->27539702K(65798144K), 0.1470495 secs] [Times: user=0.74 sys=1.77, real=0.14 secs] 
2023-10-20T15:01:10.430+0800: 162612.711: [GC (Allocation Failure) 2023-10-20T15:01:10.430+0800: 162612.712: [ParNew: 8085124K->206929K(9175040K), 0.0794930 secs] 35404022K->27528610K(65798144K), 0.0797682 secs] [Times: user=0.85 sys=0.48, real=0.08 secs] 
2023-10-20T15:01:26.358+0800: 162628.639: [GC (Allocation Failure) 2023-10-20T15:01:26.358+0800: 162628.639: [ParNew: 8071249K->246665K(9175040K), 0.0634016 secs] 35392930K->27572113K(65798144K), 0.0636977 secs] [Times: user=0.74 sys=0.30, real=0.06 secs] 
2023-10-20T15:01:41.516+0800: 162643.797: [GC (Allocation Failure) 2023-10-20T15:01:41.516+0800: 162643.797: [ParNew: 8110985K->255106K(9175040K), 0.1196844 secs] 35436433K->27584070K(65798144K), 0.1200034 secs] [Times: user=0.83 sys=1.22, real=0.12 secs] 
2023-10-20T15:01:55.801+0800: 162658.082: [GC (Allocation Failure) 2023-10-20T15:01:55.801+0800: 162658.083: [ParNew: 8119426K->244178K(9175040K), 0.0798534 secs] 35448390K->27577194K(65798144K), 0.0801418 secs] [Times: user=0.79 sys=0.54, real=0.08 secs] 
2023-10-20T15:02:09.252+0800: 162671.533: [GC (Allocation Failure) 2023-10-20T15:02:09.252+0800: 162671.533: [ParNew: 8108498K->328769K(9175040K), 0.0690720 secs] 35441514K->27665086K(65798144K), 0.0693803 secs] [Times: user=0.76 sys=0.36, real=0.07 secs] 
2023-10-20T15:02:21.274+0800: 162683.555: [GC (Allocation Failure) 2023-10-20T15:02:21.274+0800: 162683.555: [ParNew: 8193089K->292824K(9175040K), 0.1197818 secs] 35529406K->27629690K(65798144K), 0.1200965 secs] [Times: user=0.68 sys=1.36, real=0.12 secs] 
2023-10-20T15:02:34.533+0800: 162696.814: [GC (Allocation Failure) 2023-10-20T15:02:34.533+0800: 162696.814: [ParNew: 8157144K->377705K(9175040K), 0.0802736 secs] 35494010K->27717108K(65798144K), 0.0805672 secs] [Times: user=0.82 sys=0.52, real=0.08 secs] 
2023-10-20T15:02:47.982+0800: 162710.263: [GC (Allocation Failure) 2023-10-20T15:02:47.982+0800: 162710.263: [ParNew: 8242025K->364822K(9175040K), 0.0781575 secs] 35581428K->27709492K(65798144K), 0.0784511 secs] [Times: user=1.02 sys=0.27, real=0.08 secs] 
2023-10-20T15:03:02.380+0800: 162724.661: [GC (Allocation Failure) 2023-10-20T15:03:02.380+0800: 162724.661: [ParNew: 8229142K->359770K(9175040K), 0.1281621 secs] 35573812K->27710555K(65798144K), 0.1284605 secs] [Times: user=0.93 sys=1.24, real=0.13 secs] 
2023-10-20T15:03:15.471+0800: 162737.752: [GC (Allocation Failure) 2023-10-20T15:03:15.471+0800: 162737.752: [ParNew: 8224090K->407838K(9175040K), 0.0838008 secs] 35574875K->27764338K(65798144K), 0.0840970 secs] [Times: user=0.86 sys=0.53, real=0.08 secs] 
2023-10-20T15:03:28.073+0800: 162750.354: [GC (Allocation Failure) 2023-10-20T15:03:28.073+0800: 162750.354: [ParNew: 8272158K->473490K(9175040K), 0.0805654 secs] 35628658K->27839976K(65798144K), 0.0808649 secs] [Times: user=0.92 sys=0.38, real=0.08 secs] 
2023-10-20T15:03:40.598+0800: 162762.880: [GC (Allocation Failure) 2023-10-20T15:03:40.599+0800: 162762.880: [ParNew: 8337810K->479765K(9175040K), 0.1312882 secs] 35704296K->27855545K(65798144K), 0.1316662 secs] [Times: user=1.07 sys=1.15, real=0.13 secs] 
2023-10-20T15:03:52.237+0800: 162774.518: [GC (Allocation Failure) 2023-10-20T15:03:52.237+0800: 162774.519: [ParNew: 8344085K->486068K(9175040K), 0.0880094 secs] 35719865K->27869123K(65798144K), 0.0883588 secs] [Times: user=0.95 sys=0.50, real=0.08 secs] 
2023-10-20T15:04:07.621+0800: 162789.902: [GC (Allocation Failure) 2023-10-20T15:04:07.621+0800: 162789.902: [ParNew: 8350388K->491859K(9175040K), 0.0886265 secs] 35733443K->27881134K(65798144K), 0.0889725 secs] [Times: user=1.10 sys=0.37, real=0.09 secs] 
2023-10-20T15:04:19.994+0800: 162802.275: [GC (Allocation Failure) 2023-10-20T15:04:19.994+0800: 162802.276: [ParNew: 8356179K->483989K(9175040K), 0.1346561 secs] 35745454K->27907325K(65798144K), 0.1349749 secs] [Times: user=1.07 sys=1.14, real=0.14 secs] 
2023-10-20T15:04:33.043+0800: 162815.324: [GC (Allocation Failure) 2023-10-20T15:04:33.043+0800: 162815.324: [ParNew: 8348309K->534547K(9175040K), 0.1031114 secs] 35771645K->27970998K(65798144K), 0.1034193 secs] [Times: user=1.05 sys=0.66, real=0.11 secs] 
2023-10-20T15:04:45.418+0800: 162827.699: [GC (Allocation Failure) 2023-10-20T15:04:45.418+0800: 162827.699: [ParNew: 8398867K->496500K(9175040K), 0.0905542 secs] 35835318K->27950032K(65798144K), 0.0908496 secs] [Times: user=1.25 sys=0.32, real=0.09 secs] 
2023-10-20T15:04:58.895+0800: 162841.177: [GC (Allocation Failure) 2023-10-20T15:04:58.896+0800: 162841.177: [ParNew: 8360820K->541550K(9175040K), 0.1215608 secs] 35814352K->28013253K(65798144K), 0.1219346 secs] [Times: user=1.10 sys=0.92, real=0.13 secs] 
2023-10-20T15:05:10.789+0800: 162853.070: [GC (Allocation Failure) 2023-10-20T15:05:10.789+0800: 162853.070: [ParNew: 8405870K->628999K(9175040K), 0.1049276 secs] 35877573K->28119402K(65798144K), 0.1053096 secs] [Times: user=1.09 sys=0.64, real=0.10 secs] 
2023-10-20T15:05:22.381+0800: 162864.662: [GC (Allocation Failure) 2023-10-20T15:05:22.381+0800: 162864.662: [ParNew: 8493319K->553499K(9175040K), 0.0847517 secs] 35983722K->28064255K(65798144K), 0.0850660 secs] [Times: user=1.21 sys=0.15, real=0.09 secs] 
2023-10-20T15:05:34.460+0800: 162876.741: [GC (Allocation Failure) 2023-10-20T15:05:34.460+0800: 162876.741: [ParNew: 8417819K->624141K(9175040K), 0.0953895 secs] 35928575K->28159420K(65798144K), 0.0957088 secs] [Times: user=1.13 sys=0.40, real=0.09 secs] 
2023-10-20T15:05:44.095+0800: 162886.376: [GC (Allocation Failure) 2023-10-20T15:05:44.095+0800: 162886.376: [ParNew: 8488461K->589263K(9175040K), 0.1303123 secs] 36023740K->28146354K(65798144K), 0.1306603 secs] [Times: user=1.11 sys=1.05, real=0.13 secs] 
2023-10-20T15:05:53.419+0800: 162895.700: [GC (Allocation Failure) 2023-10-20T15:05:53.419+0800: 162895.700: [ParNew: 8453583K->624786K(9175040K), 0.0885790 secs] 36010674K->28205728K(65798144K), 0.0889020 secs] [Times: user=1.20 sys=0.20, real=0.09 secs] 
2023-10-20T15:06:02.932+0800: 162905.214: [GC (Allocation Failure) 2023-10-20T15:06:02.933+0800: 162905.214: [ParNew: 8489106K->591665K(9175040K), 0.0839066 secs] 36070048K->28193478K(65798144K), 0.0842350 secs] [Times: user=1.09 sys=0.25, real=0.09 secs] 
2023-10-20T15:06:12.347+0800: 162914.629: [GC (Allocation Failure) 2023-10-20T15:06:12.348+0800: 162914.629: [ParNew: 8455985K->628066K(9175040K), 0.1197446 secs] 36057798K->28251199K(65798144K), 0.1201311 secs] [Times: user=1.19 sys=0.78, real=0.12 secs] 
2023-10-20T15:06:22.547+0800: 162924.829: [GC (Allocation Failure) 2023-10-20T15:06:22.547+0800: 162924.829: [ParNew: 8492386K->659839K(9175040K), 0.1001717 secs] 36115519K->28305828K(65798144K), 0.1005307 secs] [Times: user=1.17 sys=0.46, real=0.10 secs] 
2023-10-20T15:06:33.514+0800: 162935.795: [GC (Allocation Failure) 2023-10-20T15:06:33.514+0800: 162935.795: [ParNew: 8524159K->672696K(9175040K), 0.0925264 secs] 36170148K->28342079K(65798144K), 0.0928467 secs] [Times: user=1.28 sys=0.21, real=0.10 secs] 
2023-10-20T15:06:43.947+0800: 162946.229: [GC (Allocation Failure) 2023-10-20T15:06:43.947+0800: 162946.229: [ParNew: 8537016K->657564K(9175040K), 0.0936645 secs] 36206399K->28352262K(65798144K), 0.0939865 secs] [Times: user=1.28 sys=0.23, real=0.09 secs] 
2023-10-20T15:06:53.100+0800: 162955.381: [GC (Allocation Failure) 2023-10-20T15:06:53.100+0800: 162955.381: [ParNew: 8521884K->689383K(9175040K), 0.1202759 secs] 36216582K->28403046K(65798144K), 0.1206292 secs] [Times: user=1.21 sys=0.76, real=0.12 secs] 
2023-10-20T15:07:03.057+0800: 162965.338: [GC (Allocation Failure) 2023-10-20T15:07:03.057+0800: 162965.338: [ParNew: 8553703K->636615K(9175040K), 0.1093551 secs] 36267366K->28373305K(65798144K), 0.1097251 secs] [Times: user=1.19 sys=0.59, real=0.11 secs] 
2023-10-20T15:07:14.269+0800: 162976.551: [GC (Allocation Failure) 2023-10-20T15:07:14.269+0800: 162976.551: [ParNew: 8500935K->657130K(9175040K), 0.0957239 secs] 36237625K->28414310K(65798144K), 0.0960621 secs] [Times: user=1.30 sys=0.25, real=0.09 secs] 
2023-10-20T15:07:27.415+0800: 162989.696: [GC (Allocation Failure) 2023-10-20T15:07:27.415+0800: 162989.696: [ParNew: 8521450K->683024K(9175040K), 0.1262133 secs] 36278630K->28463196K(65798144K), 0.1265950 secs] [Times: user=1.12 sys=0.97, real=0.13 secs] 
2023-10-20T15:07:38.588+0800: 163000.869: [GC (Allocation Failure) 2023-10-20T15:07:38.588+0800: 163000.869: [ParNew: 8547344K->602578K(9175040K), 0.1107172 secs] 36327516K->28404067K(65798144K), 0.1110628 secs] [Times: user=1.47 sys=0.35, real=0.11 secs] 
2023-10-20T15:07:48.757+0800: 163011.038: [GC (Allocation Failure) 2023-10-20T15:07:48.757+0800: 163011.039: [ParNew: 8466898K->612028K(9175040K), 0.0941467 secs] 36268387K->28437535K(65798144K), 0.0944935 secs] [Times: user=1.31 sys=0.20, real=0.09 secs] 
2023-10-20T15:07:57.621+0800: 163019.902: [GC (Allocation Failure) 2023-10-20T15:07:57.621+0800: 163019.902: [ParNew: 8476348K->699162K(9175040K), 0.1003214 secs] 36301855K->28548827K(65798144K), 0.1006781 secs] [Times: user=1.15 sys=0.41, real=0.10 secs] 
2023-10-20T15:08:07.002+0800: 163029.283: [GC (Allocation Failure) 2023-10-20T15:08:07.002+0800: 163029.283: [ParNew: 8563482K->680362K(9175040K), 0.1252468 secs] 36413147K->28557849K(65798144K), 0.1256471 secs] [Times: user=1.24 sys=0.82, real=0.13 secs] 
2023-10-20T15:08:22.894+0800: 163045.175: [GC (Allocation Failure) 2023-10-20T15:08:22.894+0800: 163045.175: [ParNew: 8544682K->758573K(9175040K), 0.1342863 secs] 36422169K->28665081K(65798144K), 0.1346639 secs] [Times: user=1.44 sys=0.74, real=0.14 secs] 
2023-10-20T15:08:39.261+0800: 163061.542: [GC (Allocation Failure) 2023-10-20T15:08:39.261+0800: 163061.543: [ParNew: 8622893K->801848K(9175040K), 0.1061840 secs] 36529401K->28737977K(65798144K), 0.1065443 secs] [Times: user=1.30 sys=0.37, real=0.11 secs] 
2023-10-20T15:08:58.663+0800: 163080.945: [GC (Allocation Failure) 2023-10-20T15:08:58.663+0800: 163080.945: [ParNew: 8666168K->881065K(9175040K), 0.1629971 secs] 36602297K->28845867K(65798144K), 0.1633421 secs] [Times: user=1.27 sys=1.41, real=0.17 secs] 
2023-10-20T15:09:16.707+0800: 163098.988: [GC (Allocation Failure) 2023-10-20T15:09:16.707+0800: 163098.988: [ParNew: 8745385K->658462K(9175040K), 0.1174336 secs] 36710187K->28652925K(65798144K), 0.1177706 secs] [Times: user=1.28 sys=0.59, real=0.11 secs] 
2023-10-20T15:09:38.583+0800: 163120.864: [GC (Allocation Failure) 2023-10-20T15:09:38.583+0800: 163120.864: [ParNew: 8522782K->887384K(9175040K), 0.1862232 secs] 36517245K->28911035K(65798144K), 0.1865979 secs] [Times: user=1.66 sys=1.45, real=0.19 secs] 
2023-10-20T15:09:56.985+0800: 163139.267: [GC (Allocation Failure) 2023-10-20T15:09:56.986+0800: 163139.267: [ParNew: 8751704K->895419K(9175040K), 0.1316006 secs] 36775355K->28945466K(65798144K), 0.1319718 secs] [Times: user=1.53 sys=0.60, real=0.14 secs] 
2023-10-20T15:10:15.681+0800: 163157.962: [GC (Allocation Failure) 2023-10-20T15:10:15.681+0800: 163157.962: [ParNew: 8759739K->908707K(9175040K), 0.1888411 secs] 36809786K->28986835K(65798144K), 0.1891784 secs] [Times: user=1.85 sys=1.30, real=0.19 secs] 
2023-10-20T15:10:31.867+0800: 163174.148: [GC (Allocation Failure) 2023-10-20T15:10:31.867+0800: 163174.148: [ParNew: 8773027K->1000897K(9175040K), 0.1207803 secs] 36851155K->29108912K(65798144K), 0.1211505 secs] [Times: user=1.59 sys=0.33, real=0.12 secs] 
2023-10-20T15:10:47.398+0800: 163189.679: [GC (Allocation Failure) 2023-10-20T15:10:47.398+0800: 163189.680: [ParNew: 8865217K->994372K(9175040K), 0.1146359 secs] 36973232K->29133253K(65798144K), 0.1150376 secs] [Times: user=1.54 sys=0.28, real=0.11 secs] 
2023-10-20T15:11:05.435+0800: 163207.716: [GC (Allocation Failure) 2023-10-20T15:11:05.435+0800: 163207.716: [ParNew: 8858692K->968756K(9175040K), 0.1689403 secs] 36997573K->29132721K(65798144K), 0.1692771 secs] [Times: user=1.53 sys=1.29, real=0.17 secs] 
2023-10-20T15:11:22.087+0800: 163224.368: [GC (Allocation Failure) 2023-10-20T15:11:22.087+0800: 163224.368: [ParNew: 8833076K->1163744K(9175040K), 0.1353031 secs] 36997041K->29349588K(65798144K), 0.1356388 secs] [Times: user=1.75 sys=0.45, real=0.13 secs] 
2023-10-20T15:11:37.608+0800: 163239.889: [GC (Allocation Failure) 2023-10-20T15:11:37.608+0800: 163239.889: [ParNew: 9028064K->834519K(9175040K), 0.1850364 secs] 37213908K->29045656K(65798144K), 0.1853760 secs] [Times: user=1.75 sys=1.34, real=0.18 secs] 
2023-10-20T15:11:50.772+0800: 163253.054: [GC (Allocation Failure) 2023-10-20T15:11:50.773+0800: 163253.054: [ParNew: 8698839K->1151603K(9175040K), 0.1353662 secs] 36909976K->29389050K(65798144K), 0.1357228 secs] [Times: user=1.78 sys=0.40, real=0.14 secs] 
2023-10-20T15:12:05.925+0800: 163268.207: [GC (Allocation Failure) 2023-10-20T15:12:05.925+0800: 163268.207: [ParNew: 9015923K->1049172K(9175040K), 0.1306895 secs] 37253370K->29343464K(65798144K), 0.1310802 secs] [Times: user=1.88 sys=0.28, real=0.14 secs] 
2023-10-20T15:12:19.682+0800: 163281.963: [GC (Allocation Failure) 2023-10-20T15:12:19.682+0800: 163281.963: [ParNew: 8913492K->1098337K(9175040K), 0.1940758 secs] 37207784K->29438006K(65798144K), 0.1944727 secs] [Times: user=2.16 sys=1.05, real=0.20 secs] 
2023-10-20T15:12:32.098+0800: 163294.380: [GC (Allocation Failure) 2023-10-20T15:12:32.099+0800: 163294.380: [ParNew: 8962657K->1181007K(9175040K), 0.1482201 secs] 37302326K->29568345K(65798144K), 0.1485573 secs] [Times: user=1.97 sys=0.40, real=0.15 secs] 
2023-10-20T15:12:44.082+0800: 163306.363: [GC (Allocation Failure) 2023-10-20T15:12:44.082+0800: 163306.364: [ParNew: 9045327K->895076K(9175040K), 0.1463274 secs] 37432665K->29377318K(65798144K), 0.1466972 secs] [Times: user=2.04 sys=0.18, real=0.15 secs] 
2023-10-20T15:12:55.989+0800: 163318.270: [GC (Allocation Failure) 2023-10-20T15:12:55.989+0800: 163318.270: [ParNew: 8759396K->1103755K(9175040K), 0.1872815 secs] 37241638K->29633786K(65798144K), 0.1877131 secs] [Times: user=1.98 sys=1.10, real=0.19 secs] 
2023-10-20T15:13:08.130+0800: 163330.412: [GC (Allocation Failure) 2023-10-20T15:13:08.131+0800: 163330.412: [ParNew: 8968075K->836812K(9175040K), 0.1260474 secs] 37498106K->29413549K(65798144K), 0.1264207 secs] [Times: user=1.61 sys=0.48, real=0.13 secs] 
2023-10-20T15:13:20.467+0800: 163342.748: [GC (Allocation Failure) 2023-10-20T15:13:20.467+0800: 163342.748: [ParNew: 8701132K->1145393K(9175040K), 0.1196626 secs] 37277869K->29722129K(65798144K), 0.1200486 secs] [Times: user=1.72 sys=0.27, real=0.12 secs] 
2023-10-20T15:13:33.284+0800: 163355.565: [GC (Allocation Failure) 2023-10-20T15:13:33.284+0800: 163355.565: [ParNew: 9009713K->1082994K(9175040K), 0.2037724 secs] 37586449K->29705456K(65798144K), 0.2041578 secs] [Times: user=1.91 sys=1.46, real=0.21 secs] 
2023-10-20T15:13:46.436+0800: 163368.718: [GC (Allocation Failure) 2023-10-20T15:13:46.437+0800: 163368.718: [ParNew: 8947314K->1114826K(9175040K), 0.1471644 secs] 37569776K->29784421K(65798144K), 0.1475419 secs] [Times: user=1.87 sys=0.48, real=0.14 secs] 
2023-10-20T15:13:59.212+0800: 163381.493: [GC (Allocation Failure) 2023-10-20T15:13:59.212+0800: 163381.493: [ParNew: 8979146K->1005495K(9175040K), 0.1299275 secs] 37648741K->29720066K(65798144K), 0.1302879 secs] [Times: user=1.85 sys=0.22, real=0.13 secs] 
2023-10-20T15:14:12.912+0800: 163395.193: [GC (Allocation Failure) 2023-10-20T15:14:12.912+0800: 163395.194: [ParNew: 8869815K->1082677K(9175040K), 0.1925282 secs] 37584386K->29839999K(65798144K), 0.1929374 secs] [Times: user=1.93 sys=1.24, real=0.19 secs] 
2023-10-20T15:14:28.661+0800: 163410.942: [GC (Allocation Failure) 2023-10-20T15:14:28.661+0800: 163410.942: [ParNew: 8946997K->1085015K(9175040K), 0.1385235 secs] 37704319K->29887987K(65798144K), 0.1389331 secs] [Times: user=1.75 sys=0.46, real=0.14 secs] 
2023-10-20T15:14:42.973+0800: 163425.254: [GC (Allocation Failure) 2023-10-20T15:14:42.973+0800: 163425.254: [ParNew: 8949335K->1162810K(9175040K), 0.1280573 secs] 37752307K->30012300K(65798144K), 0.1284706 secs] [Times: user=1.82 sys=0.19, real=0.13 secs] 
2023-10-20T15:14:57.443+0800: 163439.725: [GC (Allocation Failure) 2023-10-20T15:14:57.443+0800: 163439.725: [ParNew: 9027130K->871678K(9175040K), 0.1879622 secs] 37876620K->29767599K(65798144K), 0.1883055 secs] [Times: user=1.97 sys=1.12, real=0.19 secs] 
2023-10-20T15:15:10.320+0800: 163452.601: [GC (Allocation Failure) 2023-10-20T15:15:10.320+0800: 163452.601: [ParNew: 8735998K->1190576K(9175040K), 0.1370074 secs] 37631919K->30134380K(65798144K), 0.1373477 secs] [Times: user=1.96 sys=0.21, real=0.14 secs] 
2023-10-20T15:15:23.599+0800: 163465.881: [GC (Allocation Failure) 2023-10-20T15:15:23.600+0800: 163465.881: [ParNew: 9054896K->884399K(9175040K), 0.1516261 secs] 37998700K->29876078K(65798144K), 0.1520019 secs] [Times: user=1.57 sys=0.87, real=0.15 secs] 
2023-10-20T15:15:37.414+0800: 163479.695: [GC (Allocation Failure) 2023-10-20T15:15:37.414+0800: 163479.695: [ParNew: 8748719K->1029351K(9175040K), 0.1651829 secs] 37740398K->30115225K(65798144K), 0.1655361 secs] [Times: user=1.93 sys=0.63, real=0.17 secs] 
2023-10-20T15:15:51.292+0800: 163493.573: [GC (Allocation Failure) 2023-10-20T15:15:51.292+0800: 163493.573: [ParNew: 8893671K->988309K(9175040K), 0.1297193 secs] 37979545K->30121601K(65798144K), 0.1300925 secs] [Times: user=1.75 sys=0.30, real=0.13 secs] 
2023-10-20T15:16:05.936+0800: 163508.218: [GC (Allocation Failure) 2023-10-20T15:16:05.936+0800: 163508.218: [ParNew: 8852629K->1071951K(9175040K), 0.1738170 secs] 37985921K->30252052K(65798144K), 0.1742209 secs] [Times: user=1.71 sys=1.12, real=0.17 secs] 
2023-10-20T15:16:20.202+0800: 163522.483: [GC (Allocation Failure) 2023-10-20T15:16:20.202+0800: 163522.483: [ParNew: 8936271K->1033298K(9175040K), 0.1568911 secs] 38116372K->30260351K(65798144K), 0.1572624 secs] [Times: user=1.79 sys=0.73, real=0.16 secs] 
2023-10-20T15:16:34.814+0800: 163537.095: [GC (Allocation Failure) 2023-10-20T15:16:34.814+0800: 163537.095: [ParNew: 8897618K->996635K(9175040K), 0.1271194 secs] 38124671K->30270634K(65798144K), 0.1274872 secs] [Times: user=1.77 sys=0.23, real=0.13 secs] 
2023-10-20T15:16:50.448+0800: 163552.729: [GC (Allocation Failure) 2023-10-20T15:16:50.448+0800: 163552.729: [ParNew: 8860955K->1034803K(9175040K), 0.2081163 secs] 38134954K->30355377K(65798144K), 0.2085500 secs] [Times: user=1.74 sys=1.70, real=0.21 secs] 
2023-10-20T15:17:05.556+0800: 163567.838: [GC (Allocation Failure) 2023-10-20T15:17:05.557+0800: 163567.838: [ParNew: 8899123K->926308K(9175040K), 0.1398829 secs] 38219697K->30292882K(65798144K), 0.1402427 secs] [Times: user=1.91 sys=0.32, real=0.14 secs] 
2023-10-20T15:17:21.740+0800: 163584.021: [GC (Allocation Failure) 2023-10-20T15:17:21.740+0800: 163584.021: [ParNew: 8790628K->1001525K(9175040K), 0.1684914 secs] 38157202K->30414745K(65798144K), 0.1689428 secs] [Times: user=1.58 sys=1.21, real=0.17 secs] 
2023-10-20T15:17:39.846+0800: 163602.127: [GC (Allocation Failure) 2023-10-20T15:17:39.846+0800: 163602.127: [ParNew: 8865845K->888634K(9175040K), 0.1702690 secs] 38279065K->30348942K(65798144K), 0.1706043 secs] [Times: user=1.99 sys=0.79, real=0.17 secs] 
2023-10-20T15:17:54.233+0800: 163616.514: [GC (Allocation Failure) 2023-10-20T15:17:54.233+0800: 163616.514: [ParNew: 8752954K->999978K(9175040K), 0.1308705 secs] 38213262K->30507001K(65798144K), 0.1312097 secs] [Times: user=1.80 sys=0.28, real=0.13 secs] 
2023-10-20T15:18:08.836+0800: 163631.117: [GC (Allocation Failure) 2023-10-20T15:18:08.836+0800: 163631.117: [ParNew: 8864298K->888444K(9175040K), 0.1943699 secs] 38371321K->30442505K(65798144K), 0.1947535 secs] [Times: user=1.93 sys=1.26, real=0.19 secs] 
2023-10-20T15:18:26.241+0800: 163648.522: [GC (Allocation Failure) 2023-10-20T15:18:26.241+0800: 163648.523: [ParNew: 8752764K->960406K(9175040K), 0.1423167 secs] 38306825K->30561833K(65798144K), 0.1427364 secs] [Times: user=1.66 sys=0.60, real=0.14 secs] 
2023-10-20T15:18:41.895+0800: 163664.176: [GC (Allocation Failure) 2023-10-20T15:18:41.895+0800: 163664.176: [ParNew: 8824726K->994781K(9175040K), 0.1266778 secs] 38426153K->30643377K(65798144K), 0.1270232 secs] [Times: user=1.81 sys=0.18, real=0.13 secs] 
2023-10-20T15:18:57.042+0800: 163679.324: [GC (Allocation Failure) 2023-10-20T15:18:57.043+0800: 163679.324: [ParNew: 8859101K->992407K(9175040K), 0.1811843 secs] 38507697K->30688791K(65798144K), 0.1815287 secs] [Times: user=1.85 sys=1.10, real=0.18 secs] 
2023-10-20T15:19:09.665+0800: 163691.947: [GC (Allocation Failure) 2023-10-20T15:19:09.666+0800: 163691.947: [ParNew: 8856727K->1026274K(9175040K), 0.1299065 secs] 38553111K->30770567K(65798144K), 0.1302509 secs] [Times: user=1.83 sys=0.23, real=0.14 secs] 
2023-10-20T15:19:17.769+0800: 163700.050: [GC (Allocation Failure) 2023-10-20T15:19:17.769+0800: 163700.051: [ParNew: 8890594K->809850K(9175040K), 0.1209934 secs] 38634887K->30601980K(65798144K), 0.1213437 secs] [Times: user=1.68 sys=0.23, real=0.12 secs] 
2023-10-20T15:19:26.151+0800: 163708.432: [GC (Allocation Failure) 2023-10-20T15:19:26.151+0800: 163708.433: [ParNew: 8674170K->961463K(9175040K), 0.1249996 secs] 38466300K->30753593K(65798144K), 0.1254184 secs] [Times: user=1.57 sys=0.56, real=0.13 secs] 
2023-10-20T15:19:34.384+0800: 163716.665: [GC (Allocation Failure) 2023-10-20T15:19:34.384+0800: 163716.666: [ParNew: 8825783K->1081119K(9175040K), 0.1299346 secs] 38617913K->30873249K(65798144K), 0.1302552 secs] [Times: user=1.69 sys=0.54, real=0.13 secs] 
2023-10-20T15:19:42.051+0800: 163724.332: [GC (Allocation Failure) 2023-10-20T15:19:42.051+0800: 163724.332: [ParNew: 8945439K->922831K(9175040K), 0.1312112 secs] 38737569K->30762847K(65798144K), 0.1315521 secs] [Times: user=1.90 sys=0.21, real=0.13 secs] 
2023-10-20T15:19:49.650+0800: 163731.932: [GC (Allocation Failure) 2023-10-20T15:19:49.651+0800: 163731.932: [ParNew: 8787151K->806207K(9175040K), 0.1113320 secs] 38627167K->30694220K(65798144K), 0.1116658 secs] [Times: user=1.58 sys=0.18, real=0.11 secs] 
2023-10-20T15:19:56.380+0800: 163738.661: [GC (Allocation Failure) 2023-10-20T15:19:56.380+0800: 163738.661: [ParNew: 8670527K->746625K(9175040K), 0.1093102 secs] 38558540K->30683421K(65798144K), 0.1096453 secs] [Times: user=1.59 sys=0.13, real=0.11 secs] 
2023-10-20T15:20:02.935+0800: 163745.216: [GC (Allocation Failure) 2023-10-20T15:20:02.935+0800: 163745.217: [ParNew: 8610945K->785611K(9175040K), 0.1250010 secs] 38547741K->30770221K(65798144K), 0.1253614 secs] [Times: user=1.60 sys=0.40, real=0.13 secs] 
2023-10-20T15:20:10.167+0800: 163752.449: [GC (Allocation Failure) 2023-10-20T15:20:10.168+0800: 163752.449: [ParNew: 8649931K->721742K(9175040K), 0.1227855 secs] 38634541K->30754116K(65798144K), 0.1231334 secs] [Times: user=1.70 sys=0.26, real=0.12 secs] 
2023-10-20T15:20:18.846+0800: 163761.127: [GC (Allocation Failure) 2023-10-20T15:20:18.846+0800: 163761.127: [ParNew: 8586062K->689885K(9175040K), 0.1131072 secs] 38618436K->30770670K(65798144K), 0.1134576 secs] [Times: user=1.46 sys=0.21, real=0.12 secs] 
2023-10-20T15:20:28.905+0800: 163771.187: [GC (Allocation Failure) 2023-10-20T15:20:28.906+0800: 163771.187: [ParNew: 8554205K->723009K(9175040K), 0.1023900 secs] 38634990K->30852055K(65798144K), 0.1027215 secs] [Times: user=1.44 sys=0.14, real=0.11 secs] 
2023-10-20T15:20:40.469+0800: 163782.751: [GC (Allocation Failure) 2023-10-20T15:20:40.470+0800: 163782.751: [ParNew: 8587329K->697529K(9175040K), 0.0985863 secs] 38716375K->30874352K(65798144K), 0.0989981 secs] [Times: user=1.41 sys=0.12, real=0.10 secs] 
2023-10-20T15:20:52.182+0800: 163794.463: [GC (Allocation Failure) 2023-10-20T15:20:52.182+0800: 163794.463: [ParNew: 8561849K->588727K(9175040K), 0.1518413 secs] 38738672K->30813609K(65798144K), 0.1522409 secs] [Times: user=1.41 sys=1.08, real=0.15 secs] 
2023-10-20T15:21:05.274+0800: 163807.555: [GC (Allocation Failure) 2023-10-20T15:21:05.274+0800: 163807.555: [ParNew: 8453047K->525203K(9175040K), 0.1071095 secs] 38677929K->30797718K(65798144K), 0.1074147 secs] [Times: user=1.34 sys=0.33, real=0.11 secs] 
2023-10-20T15:21:16.659+0800: 163818.940: [GC (Allocation Failure) 2023-10-20T15:21:16.659+0800: 163818.940: [ParNew: 8389523K->543195K(9175040K), 0.1025577 secs] 38662038K->30863575K(65798144K), 0.1028885 secs] [Times: user=1.29 sys=0.32, real=0.10 secs] 
2023-10-20T15:21:37.571+0800: 163839.852: [GC (Allocation Failure) 2023-10-20T15:21:37.571+0800: 163839.853: [ParNew: 8407515K->581251K(9175040K), 0.1495751 secs] 38727895K->30942084K(65798144K), 0.1498917 secs] [Times: user=1.18 sys=1.27, real=0.15 secs] 
2023-10-20T15:21:49.755+0800: 163852.036: [GC (Allocation Failure) 2023-10-20T15:21:49.755+0800: 163852.036: [ParNew: 8445571K->505346K(9175040K), 0.0924516 secs] 38806404K->30887020K(65798144K), 0.0927613 secs] [Times: user=1.19 sys=0.30, real=0.10 secs] 
2023-10-20T15:22:04.529+0800: 163866.810: [GC (Allocation Failure) 2023-10-20T15:22:04.529+0800: 163866.810: [ParNew: 8369666K->576114K(9175040K), 0.0893590 secs] 38751340K->30978199K(65798144K), 0.0896501 secs] [Times: user=1.14 sys=0.31, real=0.09 secs] 
2023-10-20T15:22:37.547+0800: 163899.829: [GC (Allocation Failure) 2023-10-20T15:22:37.547+0800: 163899.829: [ParNew: 8440434K->619202K(9175040K), 0.1526856 secs] 38842519K->31042256K(65798144K), 0.1529843 secs] [Times: user=1.23 sys=1.39, real=0.15 secs] 
2023-10-20T15:22:56.968+0800: 163919.249: [GC (Allocation Failure) 2023-10-20T15:22:56.968+0800: 163919.249: [ParNew: 8483522K->616926K(9175040K), 0.1034190 secs] 38906576K->31059972K(65798144K), 0.1037452 secs] [Times: user=1.21 sys=0.47, real=0.10 secs] 
2023-10-20T15:23:13.269+0800: 163935.550: [GC (Allocation Failure) 2023-10-20T15:23:13.269+0800: 163935.551: [ParNew: 8481246K->629016K(9175040K), 0.1502659 secs] 38924292K->31095224K(65798144K), 0.1506324 secs] [Times: user=1.46 sys=1.22, real=0.15 secs] 
2023-10-20T15:23:29.627+0800: 163951.909: [GC (Allocation Failure) 2023-10-20T15:23:29.627+0800: 163951.909: [ParNew: 8493336K->684952K(9175040K), 0.0965716 secs] 38959544K->31173776K(65798144K), 0.0968901 secs] [Times: user=1.23 sys=0.32, real=0.09 secs] 
2023-10-20T15:23:47.250+0800: 163969.532: [GC (Allocation Failure) 2023-10-20T15:23:47.250+0800: 163969.532: [ParNew: 8549272K->595710K(9175040K), 0.1420036 secs] 39038096K->31107817K(65798144K), 0.1423412 secs] [Times: user=1.17 sys=1.34, real=0.14 secs] 
2023-10-20T15:24:05.716+0800: 163987.997: [GC (Allocation Failure) 2023-10-20T15:24:05.716+0800: 163987.997: [ParNew: 8460030K->644649K(9175040K), 0.1252990 secs] 38972137K->31181077K(65798144K), 0.1256001 secs] [Times: user=1.36 sys=0.71, real=0.12 secs] 
2023-10-20T15:24:24.598+0800: 164006.880: [GC (Allocation Failure) 2023-10-20T15:24:24.599+0800: 164006.880: [ParNew: 8508969K->589482K(9175040K), 0.0999371 secs] 39045397K->31152060K(65798144K), 0.1002500 secs] [Times: user=1.26 sys=0.36, real=0.10 secs] 
2023-10-20T15:24:41.216+0800: 164023.497: [GC (Allocation Failure) 2023-10-20T15:24:41.216+0800: 164023.497: [ParNew: 8453802K->626967K(9175040K), 0.1405991 secs] 39016380K->31217229K(65798144K), 0.1408896 secs] [Times: user=1.28 sys=1.04, real=0.14 secs] 
2023-10-20T15:24:57.636+0800: 164039.917: [GC (Allocation Failure) 2023-10-20T15:24:57.636+0800: 164039.918: [ParNew: 8491287K->647218K(9175040K), 0.0945223 secs] 39081549K->31264341K(65798144K), 0.0948231 secs] [Times: user=1.28 sys=0.22, real=0.09 secs] 
2023-10-20T15:25:13.552+0800: 164055.833: [GC (Allocation Failure) 2023-10-20T15:25:13.552+0800: 164055.833: [ParNew: 8511538K->668359K(9175040K), 0.1521346 secs] 39128661K->31313644K(65798144K), 0.1524662 secs] [Times: user=1.16 sys=1.36, real=0.15 secs] 
2023-10-20T15:25:30.652+0800: 164072.933: [GC (Allocation Failure) 2023-10-20T15:25:30.652+0800: 164072.933: [ParNew: 8532679K->572648K(9175040K), 0.1082750 secs] 39177964K->31245709K(65798144K), 0.1086176 secs] [Times: user=1.22 sys=0.54, real=0.11 secs] 
2023-10-20T15:25:44.414+0800: 164086.695: [GC (Allocation Failure) 2023-10-20T15:25:44.414+0800: 164086.695: [ParNew: 8436968K->658726K(9175040K), 0.0961438 secs] 39110029K->31355690K(65798144K), 0.0964919 secs] [Times: user=1.26 sys=0.26, real=0.10 secs] 
2023-10-20T15:25:59.094+0800: 164101.375: [GC (Allocation Failure) 2023-10-20T15:25:59.094+0800: 164101.376: [ParNew: 8523046K->622407K(9175040K), 0.1224176 secs] 39220010K->31343521K(65798144K), 0.1227581 secs] [Times: user=1.22 sys=0.79, real=0.13 secs] 
2023-10-20T15:26:14.006+0800: 164116.287: [GC (Allocation Failure) 2023-10-20T15:26:14.006+0800: 164116.287: [ParNew: 8486727K->656939K(9175040K), 0.1139563 secs] 39207841K->31390428K(65798144K), 0.1142517 secs] [Times: user=1.21 sys=0.68, real=0.11 secs] 
2023-10-20T15:26:31.055+0800: 164133.336: [GC (Allocation Failure) 2023-10-20T15:26:31.055+0800: 164133.336: [ParNew: 8521259K->718823K(9175040K), 0.0937605 secs] 39254748K->31466522K(65798144K), 0.0941048 secs] [Times: user=1.22 sys=0.32, real=0.10 secs] 
2023-10-20T15:26:51.240+0800: 164153.521: [GC (Allocation Failure) 2023-10-20T15:26:51.240+0800: 164153.521: [ParNew: 8583143K->660506K(9175040K), 0.1502050 secs] 39330842K->31451625K(65798144K), 0.1504957 secs] [Times: user=1.12 sys=1.33, real=0.15 secs] 
2023-10-20T15:27:27.112+0800: 164189.393: [GC (Allocation Failure) 2023-10-20T15:27:27.112+0800: 164189.393: [ParNew: 8524826K->681382K(9175040K), 0.1327423 secs] 39315945K->31498452K(65798144K), 0.1330628 secs] [Times: user=1.26 sys=0.91, real=0.13 secs] 
2023-10-20T15:28:41.743+0800: 164264.024: [GC (Allocation Failure) 2023-10-20T15:28:41.743+0800: 164264.024: [ParNew: 8545702K->608151K(9175040K), 0.1905948 secs] 39362772K->31429598K(65798144K), 0.1908943 secs] [Times: user=1.03 sys=2.22, real=0.19 secs] 
2023-10-20T15:29:53.416+0800: 164335.698: [GC (Allocation Failure) 2023-10-20T15:29:53.417+0800: 164335.698: [ParNew: 8472471K->568532K(9175040K), 0.1881514 secs] 39293918K->31393912K(65798144K), 0.1884432 secs] [Times: user=0.99 sys=2.21, real=0.18 secs] 
2023-10-20T15:30:59.706+0800: 164401.987: [GC (Allocation Failure) 2023-10-20T15:30:59.706+0800: 164401.987: [ParNew: 8432852K->520549K(9175040K), 0.1865225 secs] 39258232K->31349451K(65798144K), 0.1868304 secs] [Times: user=0.80 sys=2.37, real=0.18 secs] 
2023-10-20T15:31:55.652+0800: 164457.933: [GC (Allocation Failure) 2023-10-20T15:31:55.652+0800: 164457.933: [ParNew: 8384869K->448996K(9175040K), 0.1793031 secs] 39213771K->31281427K(65798144K), 0.1796069 secs] [Times: user=0.94 sys=2.11, real=0.18 secs] 
2023-10-20T15:33:11.232+0800: 164533.513: [GC (Allocation Failure) 2023-10-20T15:33:11.232+0800: 164533.513: [ParNew: 8313316K->445154K(9175040K), 0.1367387 secs] 39145747K->31281077K(65798144K), 0.1370481 secs] [Times: user=0.96 sys=1.33, real=0.14 secs] 
2023-10-20T15:35:00.766+0800: 164643.048: [GC (Allocation Failure) 2023-10-20T15:35:00.767+0800: 164643.048: [ParNew: 8309474K->461286K(9175040K), 0.1841785 secs] 39145397K->31301172K(65798144K), 0.1844514 secs] [Times: user=0.70 sys=2.30, real=0.18 secs] 
2023-10-20T15:36:55.606+0800: 164757.887: [GC (Allocation Failure) 2023-10-20T15:36:55.606+0800: 164757.887: [ParNew: 8325606K->427951K(9175040K), 0.2252248 secs] 39165492K->31271825K(65798144K), 0.2255303 secs] [Times: user=1.01 sys=2.83, real=0.22 secs] 
2023-10-20T15:37:32.890+0800: 164795.171: [GC (Allocation Failure) 2023-10-20T15:37:32.890+0800: 164795.171: [ParNew: 8292271K->409626K(9175040K), 0.1041904 secs] 39136145K->31257439K(65798144K), 0.1044561 secs] [Times: user=1.12 sys=0.59, real=0.10 secs] 
2023-10-20T15:37:49.805+0800: 164812.086: [GC (Allocation Failure) 2023-10-20T15:37:49.805+0800: 164812.086: [ParNew: 8273946K->391582K(9175040K), 0.1184086 secs] 39121759K->31243211K(65798144K), 0.1186995 secs] [Times: user=0.83 sys=1.15, real=0.12 secs] 
2023-10-20T15:38:07.739+0800: 164830.020: [GC (Allocation Failure) 2023-10-20T15:38:07.739+0800: 164830.020: [ParNew: 8255902K->382802K(9175040K), 0.0905709 secs] 39107531K->31238685K(65798144K), 0.0908494 secs] [Times: user=0.94 sys=0.53, real=0.09 secs] 
2023-10-20T15:38:28.319+0800: 164850.600: [GC (Allocation Failure) 2023-10-20T15:38:28.319+0800: 164850.600: [ParNew: 8247122K->370369K(9175040K), 0.0847171 secs] 39103005K->31230541K(65798144K), 0.0849985 secs] [Times: user=0.83 sys=0.53, real=0.08 secs] 
2023-10-20T15:38:47.903+0800: 164870.184: [GC (Allocation Failure) 2023-10-20T15:38:47.903+0800: 164870.184: [ParNew: 8234689K->410510K(9175040K), 0.0703967 secs] 39094861K->31274869K(65798144K), 0.0706496 secs] [Times: user=0.96 sys=0.18, real=0.07 secs] 
2023-10-20T15:39:07.570+0800: 164889.851: [GC (Allocation Failure) 2023-10-20T15:39:07.570+0800: 164889.851: [ParNew: 8274830K->388332K(9175040K), 0.1151666 secs] 39139189K->31256428K(65798144K), 0.1154302 secs] [Times: user=0.89 sys=1.06, real=0.11 secs] 
2023-10-20T15:39:31.184+0800: 164913.465: [GC (Allocation Failure) 2023-10-20T15:39:31.184+0800: 164913.465: [ParNew: 8252652K->387195K(9175040K), 0.0873754 secs] 39120748K->31258598K(65798144K), 0.0876336 secs] [Times: user=0.98 sys=0.46, real=0.09 secs] 
2023-10-20T15:39:49.274+0800: 164931.556: [GC (Allocation Failure) 2023-10-20T15:39:49.275+0800: 164931.556: [ParNew: 8251515K->394873K(9175040K), 0.0767322 secs] 39122918K->31272906K(65798144K), 0.0770063 secs] [Times: user=0.82 sys=0.40, real=0.08 secs] 
2023-10-20T15:40:05.783+0800: 164948.065: [GC (Allocation Failure) 2023-10-20T15:40:05.784+0800: 164948.065: [ParNew: 8259193K->391978K(9175040K), 0.1130374 secs] 39137226K->31277508K(65798144K), 0.1133015 secs] [Times: user=0.87 sys=1.02, real=0.12 secs] 
2023-10-20T15:40:21.863+0800: 164964.144: [GC (Allocation Failure) 2023-10-20T15:40:21.863+0800: 164964.144: [ParNew: 8256298K->360145K(9175040K), 0.0777524 secs] 39141828K->31253736K(65798144K), 0.0780165 secs] [Times: user=0.86 sys=0.38, real=0.08 secs] 
2023-10-20T15:41:30.964+0800: 165033.245: [GC (Allocation Failure) 2023-10-20T15:41:30.964+0800: 165033.245: [ParNew: 8224465K->325765K(9175040K), 0.1416909 secs] 39118056K->31227402K(65798144K), 0.1419654 secs] [Times: user=0.64 sys=1.60, real=0.15 secs] 
2023-10-20T15:43:01.180+0800: 165123.461: [GC (Allocation Failure) 2023-10-20T15:43:01.180+0800: 165123.461: [ParNew: 8190085K->318928K(9175040K), 0.1968018 secs] 39091722K->31228834K(65798144K), 0.1970867 secs] [Times: user=0.69 sys=2.66, real=0.20 secs] 
2023-10-20T15:43:30.095+0800: 165152.376: [GC (Allocation Failure) 2023-10-20T15:43:30.095+0800: 165152.376: [ParNew: 8183248K->309389K(9175040K), 0.1003711 secs] 39093154K->31243345K(65798144K), 0.1006503 secs] [Times: user=0.97 sys=0.58, real=0.11 secs] 
2023-10-20T15:43:55.886+0800: 165178.167: [GC (Allocation Failure) 2023-10-20T15:43:55.886+0800: 165178.167: [ParNew: 8173709K->277567K(9175040K), 0.0892116 secs] 39107665K->31248645K(65798144K), 0.0895353 secs] [Times: user=0.97 sys=0.38, real=0.09 secs] 
2023-10-20T15:44:21.060+0800: 165203.341: [GC (Allocation Failure) 2023-10-20T15:44:21.060+0800: 165203.341: [ParNew: 8141887K->256095K(9175040K), 0.1212917 secs] 39112965K->31240744K(65798144K), 0.1215768 secs] [Times: user=0.75 sys=1.29, real=0.12 secs] 
2023-10-20T15:44:43.822+0800: 165226.103: [GC (Allocation Failure) 2023-10-20T15:44:43.822+0800: 165226.103: [ParNew: 8120415K->280952K(9175040K), 0.0854892 secs] 39105064K->31270797K(65798144K), 0.0857433 secs] [Times: user=0.70 sys=0.74, real=0.09 secs] 
2023-10-20T15:45:13.859+0800: 165256.140: [GC (Allocation Failure) 2023-10-20T15:45:13.859+0800: 165256.141: [ParNew: 8145272K->267246K(9175040K), 0.1110604 secs] 39135117K->31259558K(65798144K), 0.1113430 secs] [Times: user=0.72 sys=1.20, real=0.11 secs] 
2023-10-20T15:45:43.341+0800: 165285.622: [GC (Allocation Failure) 2023-10-20T15:45:43.341+0800: 165285.623: [ParNew: 8131566K->247790K(9175040K), 0.0728526 secs] 39123878K->31241638K(65798144K), 0.0731074 secs] [Times: user=0.72 sys=0.50, real=0.07 secs] 
2023-10-20T15:46:11.830+0800: 165314.112: [GC (Allocation Failure) 2023-10-20T15:46:11.831+0800: 165314.112: [ParNew: 8112110K->258181K(9175040K), 0.0776342 secs] 39105958K->31254192K(65798144K), 0.0778970 secs] [Times: user=0.75 sys=0.57, real=0.08 secs] 
2023-10-20T15:46:38.099+0800: 165340.380: [GC (Allocation Failure) 2023-10-20T15:46:38.099+0800: 165340.380: [ParNew: 8122501K->254881K(9175040K), 0.1183452 secs] 39118512K->31251402K(65798144K), 0.1186312 secs] [Times: user=0.58 sys=1.46, real=0.12 secs] 
2023-10-20T15:47:05.339+0800: 165367.620: [GC (Allocation Failure) 2023-10-20T15:47:05.339+0800: 165367.620: [ParNew: 8119201K->255727K(9175040K), 0.0843546 secs] 39115722K->31253425K(65798144K), 0.0846158 secs] [Times: user=0.89 sys=0.54, real=0.08 secs] 
2023-10-20T15:47:33.008+0800: 165395.289: [GC (Allocation Failure) 2023-10-20T15:47:33.008+0800: 165395.290: [ParNew: 8120047K->246527K(9175040K), 0.0709317 secs] 39117745K->31245743K(65798144K), 0.0712087 secs] [Times: user=0.61 sys=0.46, real=0.07 secs] 
2023-10-20T15:47:56.567+0800: 165418.848: [GC (Allocation Failure) 2023-10-20T15:47:56.567+0800: 165418.849: [ParNew: 8110847K->289115K(9175040K), 0.1152298 secs] 39110063K->31289681K(65798144K), 0.1155075 secs] [Times: user=0.57 sys=1.41, real=0.11 secs] 
2023-10-20T15:48:23.110+0800: 165445.391: [GC (Allocation Failure) 2023-10-20T15:48:23.110+0800: 165445.392: [ParNew: 8153435K->281342K(9175040K), 0.0787043 secs] 39154001K->31283196K(65798144K), 0.0789731 secs] [Times: user=0.84 sys=0.49, real=0.08 secs] 
2023-10-20T15:48:48.111+0800: 165470.392: [GC (Allocation Failure) 2023-10-20T15:48:48.111+0800: 165470.392: [ParNew: 8145662K->281464K(9175040K), 0.1122847 secs] 39147516K->31283870K(65798144K), 0.1125681 secs] [Times: user=0.56 sys=1.36, real=0.11 secs] 
2023-10-20T15:49:11.870+0800: 165494.151: [GC (Allocation Failure) 2023-10-20T15:49:11.870+0800: 165494.151: [ParNew: 8145784K->302179K(9175040K), 0.0825197 secs] 39148190K->31308491K(65798144K), 0.0828176 secs] [Times: user=0.87 sys=0.45, real=0.08 secs] 
2023-10-20T15:49:34.964+0800: 165517.245: [GC (Allocation Failure) 2023-10-20T15:49:34.964+0800: 165517.245: [ParNew: 8166499K->281062K(9175040K), 0.0923807 secs] 39172811K->31297497K(65798144K), 0.0927468 secs] [Times: user=0.90 sys=0.60, real=0.10 secs] 
2023-10-20T15:49:56.798+0800: 165539.079: [GC (Allocation Failure) 2023-10-20T15:49:56.798+0800: 165539.079: [ParNew: 8145382K->280184K(9175040K), 0.1202862 secs] 39161817K->31299647K(65798144K), 0.1205687 secs] [Times: user=0.86 sys=1.19, real=0.12 secs] 
2023-10-20T15:50:18.075+0800: 165560.356: [GC (Allocation Failure) 2023-10-20T15:50:18.075+0800: 165560.357: [ParNew: 8144504K->315449K(9175040K), 0.0891654 secs] 39163967K->31339967K(65798144K), 0.0894738 secs] [Times: user=0.71 sys=0.79, real=0.09 secs] 
2023-10-20T15:50:43.498+0800: 165585.779: [GC (Allocation Failure) 2023-10-20T15:50:43.498+0800: 165585.779: [ParNew: 8179769K->319649K(9175040K), 0.1245705 secs] 39204287K->31346961K(65798144K), 0.1248667 secs] [Times: user=0.67 sys=1.47, real=0.12 secs] 
2023-10-20T15:51:12.063+0800: 165614.345: [GC (Allocation Failure) 2023-10-20T15:51:12.064+0800: 165614.345: [ParNew: 8183969K->309402K(9175040K), 0.0915262 secs] 39211281K->31342269K(65798144K), 0.0917969 secs] [Times: user=0.94 sys=0.61, real=0.09 secs] 
2023-10-20T15:51:40.200+0800: 165642.482: [GC (Allocation Failure) 2023-10-20T15:51:40.201+0800: 165642.482: [ParNew: 8173722K->300252K(9175040K), 0.0800292 secs] 39206589K->31334269K(65798144K), 0.0803122 secs] [Times: user=0.60 sys=0.75, real=0.08 secs] 
2023-10-20T15:52:05.322+0800: 165667.603: [GC (Allocation Failure) 2023-10-20T15:52:05.322+0800: 165667.603: [ParNew: 8164572K->257407K(9175040K), 0.1224940 secs] 39198589K->31295095K(65798144K), 0.1227735 secs] [Times: user=0.83 sys=1.28, real=0.12 secs] 
2023-10-20T15:52:33.334+0800: 165695.615: [GC (Allocation Failure) 2023-10-20T15:52:33.334+0800: 165695.615: [ParNew: 8121727K->269421K(9175040K), 0.0847606 secs] 39159415K->31308536K(65798144K), 0.0850260 secs] [Times: user=0.63 sys=0.82, real=0.09 secs] 
2023-10-20T15:53:01.997+0800: 165724.278: [GC (Allocation Failure) 2023-10-20T15:53:01.997+0800: 165724.278: [ParNew: 8133741K->259038K(9175040K), 0.1113477 secs] 39172856K->31300487K(65798144K), 0.1116391 secs] [Times: user=0.69 sys=1.24, real=0.11 secs] 
2023-10-20T15:53:58.854+0800: 165781.135: [GC (Allocation Failure) 2023-10-20T15:53:58.854+0800: 165781.135: [ParNew: 8123358K->285737K(9175040K), 0.1164641 secs] 39164807K->31329676K(65798144K), 0.1167459 secs] [Times: user=0.75 sys=1.23, real=0.12 secs] 
2023-10-20T15:55:36.868+0800: 165879.149: [GC (Allocation Failure) 2023-10-20T15:55:36.868+0800: 165879.149: [ParNew: 8150057K->257115K(9175040K), 0.1871024 secs] 39193996K->31302750K(65798144K), 0.1873915 secs] [Times: user=0.53 sys=2.67, real=0.18 secs] 
2023-10-20T15:57:16.963+0800: 165979.244: [GC (Allocation Failure) 2023-10-20T15:57:16.963+0800: 165979.244: [ParNew: 8121435K->276080K(9175040K), 0.1909357 secs] 39167070K->31325621K(65798144K), 0.1912153 secs] [Times: user=0.60 sys=2.67, real=0.19 secs] 
2023-10-20T15:59:17.811+0800: 166100.093: [GC (Allocation Failure) 2023-10-20T15:59:17.812+0800: 166100.093: [ParNew: 8140400K->308111K(9175040K), 0.1895331 secs] 39189941K->31359319K(65798144K), 0.1899111 secs] [Times: user=0.70 sys=2.50, real=0.19 secs] 
2023-10-20T16:00:39.867+0800: 166182.148: [GC (Allocation Failure) 2023-10-20T16:00:39.867+0800: 166182.148: [ParNew: 8172431K->347697K(9175040K), 0.1885189 secs] 39223639K->31402357K(65798144K), 0.1888851 secs] [Times: user=0.76 sys=2.41, real=0.18 secs] 
2023-10-20T16:01:54.268+0800: 166256.550: [GC (Allocation Failure) 2023-10-20T16:01:54.269+0800: 166256.550: [ParNew: 8212017K->355697K(9175040K), 0.1812745 secs] 39266677K->31412668K(65798144K), 0.1816187 secs] [Times: user=0.82 sys=2.23, real=0.18 secs] 
2023-10-20T16:03:13.899+0800: 166336.180: [GC (Allocation Failure) 2023-10-20T16:03:13.899+0800: 166336.180: [ParNew: 8220017K->379331K(9175040K), 0.1840505 secs] 39276988K->31439036K(65798144K), 0.1843578 secs] [Times: user=0.93 sys=2.16, real=0.18 secs] 
2023-10-20T16:05:20.284+0800: 166462.566: [GC (Allocation Failure) 2023-10-20T16:05:20.285+0800: 166462.566: [ParNew: 8243651K->340721K(9175040K), 0.2055504 secs] 39303356K->31405725K(65798144K), 0.2059178 secs] [Times: user=0.86 sys=2.62, real=0.21 secs] 
2023-10-20T16:06:42.459+0800: 166544.740: [GC (Allocation Failure) 2023-10-20T16:06:42.459+0800: 166544.741: [ParNew: 8205041K->361854K(9175040K), 0.2099347 secs] 39270045K->31430066K(65798144K), 0.2102948 secs] [Times: user=0.84 sys=2.76, real=0.21 secs] 
2023-10-20T16:08:04.316+0800: 166626.598: [GC (Allocation Failure) 2023-10-20T16:08:04.317+0800: 166626.598: [ParNew: 8226174K->370977K(9175040K), 0.2014480 secs] 39294386K->31442795K(65798144K), 0.2017727 secs] [Times: user=0.74 sys=2.67, real=0.20 secs] 
2023-10-20T16:10:45.837+0800: 166788.118: [GC (Allocation Failure) 2023-10-20T16:10:45.837+0800: 166788.118: [ParNew: 8235297K->374619K(9175040K), 0.1894245 secs] 39307115K->31447845K(65798144K), 0.1897025 secs] [Times: user=0.73 sys=2.51, real=0.19 secs] 
2023-10-20T16:12:09.209+0800: 166871.491: [GC (Allocation Failure) 2023-10-20T16:12:09.210+0800: 166871.491: [ParNew: 8238939K->319246K(9175040K), 0.1579480 secs] 39312165K->31393767K(65798144K), 0.1582349 secs] [Times: user=0.66 sys=2.06, real=0.16 secs] 
2023-10-20T16:12:23.012+0800: 166885.293: [GC (Allocation Failure) 2023-10-20T16:12:23.012+0800: 166885.293: [ParNew: 8183566K->349788K(9175040K), 0.0684271 secs] 39258087K->31427385K(65798144K), 0.0686813 secs] [Times: user=0.85 sys=0.30, real=0.07 secs] 
2023-10-20T16:12:43.152+0800: 166905.433: [GC (Allocation Failure) 2023-10-20T16:12:43.152+0800: 166905.433: [ParNew: 8214108K->329848K(9175040K), 0.1124357 secs] 39291705K->31408573K(65798144K), 0.1127172 secs] [Times: user=0.51 sys=1.28, real=0.11 secs] 
2023-10-20T16:12:59.088+0800: 166921.370: [GC (Allocation Failure) 2023-10-20T16:12:59.089+0800: 166921.370: [ParNew: 8194168K->315685K(9175040K), 0.0799547 secs] 39272893K->31396724K(65798144K), 0.0802190 secs] [Times: user=1.03 sys=0.32, real=0.08 secs] 
2023-10-20T16:13:15.707+0800: 166937.989: [GC (Allocation Failure) 2023-10-20T16:13:15.708+0800: 166937.989: [ParNew: 8180005K->288779K(9175040K), 0.0826010 secs] 39261044K->31375066K(65798144K), 0.0828640 secs] [Times: user=0.84 sys=0.53, real=0.08 secs] 
2023-10-20T16:13:31.952+0800: 166954.234: [GC (Allocation Failure) 2023-10-20T16:13:31.953+0800: 166954.234: [ParNew: 8153099K->291515K(9175040K), 0.0802147 secs] 39239386K->31385396K(65798144K), 0.0804758 secs] [Times: user=0.77 sys=0.56, real=0.08 secs] 
2023-10-20T16:13:48.104+0800: 166970.386: [GC (Allocation Failure) 2023-10-20T16:13:48.104+0800: 166970.386: [ParNew: 8155835K->290930K(9175040K), 0.1088304 secs] 39249716K->31393894K(65798144K), 0.1090934 secs] [Times: user=0.58 sys=1.26, real=0.11 secs] 
2023-10-20T16:14:01.545+0800: 166983.826: [GC (Allocation Failure) 2023-10-20T16:14:01.545+0800: 166983.826: [ParNew: 8155250K->288837K(9175040K), 0.0757219 secs] 39258214K->31405164K(65798144K), 0.0760027 secs] [Times: user=0.91 sys=0.34, real=0.08 secs] 
2023-10-20T16:14:15.039+0800: 166997.320: [GC (Allocation Failure) 2023-10-20T16:14:15.039+0800: 166997.320: [ParNew: 8153157K->239596K(9175040K), 0.0708906 secs] 39269484K->31363810K(65798144K), 0.0711569 secs] [Times: user=0.72 sys=0.41, real=0.07 secs] 
2023-10-20T16:14:28.404+0800: 167010.685: [GC (Allocation Failure) 2023-10-20T16:14:28.404+0800: 167010.685: [ParNew: 8103916K->255188K(9175040K), 0.0741212 secs] 39228130K->31386710K(65798144K), 0.0743846 secs] [Times: user=0.77 sys=0.42, real=0.08 secs] 
2023-10-20T16:16:29.591+0800: 167131.872: [GC (Allocation Failure) 2023-10-20T16:16:29.591+0800: 167131.873: [ParNew: 8119508K->207637K(9175040K), 0.1500989 secs] 39251030K->31347721K(65798144K), 0.1503650 secs] [Times: user=0.44 sys=2.11, real=0.15 secs] 
2023-10-20T16:18:33.761+0800: 167256.042: [GC (Allocation Failure) 2023-10-20T16:18:33.761+0800: 167256.042: [ParNew: 8071957K->218632K(9175040K), 0.1721941 secs] 39212041K->31366648K(65798144K), 0.1724825 secs] [Times: user=0.63 sys=2.31, real=0.17 secs] 
2023-10-20T16:20:25.669+0800: 167367.950: [GC (Allocation Failure) 2023-10-20T16:20:25.669+0800: 167367.951: [ParNew: 8082952K->211095K(9175040K), 0.1766302 secs] 39230968K->31367682K(65798144K), 0.1769126 secs] [Times: user=0.73 sys=2.28, real=0.18 secs] 
2023-10-20T16:21:39.015+0800: 167441.297: [GC (Allocation Failure) 2023-10-20T16:21:39.016+0800: 167441.297: [ParNew: 8075415K->219097K(9175040K), 0.1701581 secs] 39232002K->31384104K(65798144K), 0.1704755 secs] [Times: user=0.38 sys=2.51, real=0.18 secs] 
2023-10-20T16:23:33.189+0800: 167555.470: [GC (Allocation Failure) 2023-10-20T16:23:33.189+0800: 167555.471: [ParNew: 8083417K->237930K(9175040K), 0.1679350 secs] 39248424K->31412182K(65798144K), 0.1682113 secs] [Times: user=0.68 sys=2.15, real=0.17 secs] 
2023-10-20T16:25:14.214+0800: 167656.496: [GC (Allocation Failure) 2023-10-20T16:25:14.215+0800: 167656.496: [ParNew: 8102250K->243586K(9175040K), 0.1667307 secs] 39276502K->31422139K(65798144K), 0.1670646 secs] [Times: user=0.67 sys=2.19, real=0.17 secs] 
2023-10-20T16:26:41.603+0800: 167743.885: [GC (Allocation Failure) 2023-10-20T16:26:41.604+0800: 167743.885: [ParNew: 8107906K->239698K(9175040K), 0.1686765 secs] 39286459K->31420000K(65798144K), 0.1689920 secs] [Times: user=0.36 sys=2.53, real=0.17 secs] 
2023-10-20T16:28:52.917+0800: 167875.198: [GC (Allocation Failure) 2023-10-20T16:28:52.917+0800: 167875.198: [ParNew: 8104018K->245021K(9175040K), 0.1857540 secs] 39284320K->31426112K(65798144K), 0.1860625 secs] [Times: user=0.57 sys=2.65, real=0.18 secs] 
2023-10-20T16:30:22.500+0800: 167964.781: [GC (Allocation Failure) 2023-10-20T16:30:22.500+0800: 167964.781: [ParNew: 8109341K->241215K(9175040K), 0.1902977 secs] 39290432K->31423071K(65798144K), 0.1905852 secs] [Times: user=0.54 sys=2.74, real=0.19 secs] 
2023-10-20T16:31:47.445+0800: 168049.726: [GC (Allocation Failure) 2023-10-20T16:31:47.445+0800: 168049.727: [ParNew: 8105535K->244095K(9175040K), 0.1910737 secs] 39287391K->31427937K(65798144K), 0.1913725 secs] [Times: user=0.54 sys=2.77, real=0.20 secs] 
2023-10-20T16:33:34.213+0800: 168156.494: [GC (Allocation Failure) 2023-10-20T16:33:34.213+0800: 168156.495: [ParNew: 8108415K->262476K(9175040K), 0.1897996 secs] 39292257K->31446936K(65798144K), 0.1901237 secs] [Times: user=0.57 sys=2.67, real=0.19 secs] 
2023-10-20T16:35:13.141+0800: 168255.422: [GC (Allocation Failure) 2023-10-20T16:35:13.141+0800: 168255.422: [ParNew: 8126796K->254700K(9175040K), 0.1909954 secs] 39311256K->31440642K(65798144K), 0.1912665 secs] [Times: user=0.65 sys=2.65, real=0.19 secs] 
2023-10-20T16:36:53.313+0800: 168355.595: [GC (Allocation Failure) 2023-10-20T16:36:53.313+0800: 168355.595: [ParNew: 8119020K->277592K(9175040K), 0.1907543 secs] 39304962K->31464353K(65798144K), 0.1910545 secs] [Times: user=0.60 sys=2.78, real=0.19 secs] 
2023-10-20T16:38:17.902+0800: 168440.184: [GC (Allocation Failure) 2023-10-20T16:38:17.903+0800: 168440.184: [ParNew: 8141912K->269596K(9175040K), 0.1897930 secs] 39328673K->31456841K(65798144K), 0.1900766 secs] [Times: user=0.62 sys=2.67, real=0.19 secs] 
2023-10-20T16:40:14.960+0800: 168557.241: [GC (Allocation Failure) 2023-10-20T16:40:14.960+0800: 168557.241: [ParNew: 8133916K->287427K(9175040K), 0.1844898 secs] 39321161K->31474939K(65798144K), 0.1847700 secs] [Times: user=0.61 sys=2.59, real=0.18 secs] 
2023-10-20T16:42:13.772+0800: 168676.053: [GC (Allocation Failure) 2023-10-20T16:42:13.772+0800: 168676.054: [ParNew: 8151747K->267687K(9175040K), 0.1792406 secs] 39339259K->31458662K(65798144K), 0.1795244 secs] [Times: user=0.67 sys=2.39, real=0.18 secs] 
2023-10-20T16:43:56.806+0800: 168779.088: [GC (Allocation Failure) 2023-10-20T16:43:56.807+0800: 168779.088: [ParNew: 8132007K->260351K(9175040K), 0.1857319 secs] 39322982K->31456225K(65798144K), 0.1860131 secs] [Times: user=0.57 sys=2.64, real=0.18 secs] 
2023-10-20T16:45:52.731+0800: 168895.012: [GC (Allocation Failure) 2023-10-20T16:45:52.731+0800: 168895.012: [ParNew: 8124671K->278915K(9175040K), 0.1800162 secs] 39320545K->31480477K(65798144K), 0.1803250 secs] [Times: user=0.59 sys=2.51, real=0.18 secs] 
2023-10-20T16:47:49.277+0800: 169011.559: [GC (Allocation Failure) 2023-10-20T16:47:49.278+0800: 169011.559: [ParNew: 8143235K->269424K(9175040K), 0.1850034 secs] 39344797K->31476490K(65798144K), 0.1852876 secs] [Times: user=0.72 sys=2.45, real=0.18 secs] 
2023-10-20T16:49:26.821+0800: 169109.102: [GC (Allocation Failure) 2023-10-20T16:49:26.822+0800: 169109.103: [ParNew: 8133744K->274913K(9175040K), 0.1881171 secs] 39340810K->31489150K(65798144K), 0.1884928 secs] [Times: user=0.69 sys=2.50, real=0.19 secs] 
2023-10-20T16:51:06.241+0800: 169208.522: [GC (Allocation Failure) 2023-10-20T16:51:06.241+0800: 169208.522: [ParNew: 8139233K->257941K(9175040K), 0.1808928 secs] 39353470K->31476975K(65798144K), 0.1812182 secs] [Times: user=0.77 sys=2.33, real=0.18 secs] 
2023-10-20T16:54:33.509+0800: 169415.790: [GC (Allocation Failure) 2023-10-20T16:54:33.509+0800: 169415.790: [ParNew: 8122261K->245461K(9175040K), 0.2148665 secs] 39341295K->31470844K(65798144K), 0.2151499 secs] [Times: user=0.74 sys=2.83, real=0.21 secs] 
2023-10-20T16:56:53.550+0800: 169555.832: [GC (Allocation Failure) 2023-10-20T16:56:53.551+0800: 169555.832: [ParNew: 8109781K->297132K(9175040K), 0.2035626 secs] 39335164K->31526444K(65798144K), 0.2038409 secs] [Times: user=0.75 sys=2.74, real=0.20 secs] 
2023-10-20T17:01:15.429+0800: 169817.710: [GC (Allocation Failure) 2023-10-20T17:01:15.429+0800: 169817.711: [ParNew: 8161452K->226657K(9175040K), 0.2248581 secs] 39390764K->31461180K(65798144K), 0.2252099 secs] [Times: user=0.76 sys=3.09, real=0.22 secs] 
2023-10-20T17:04:00.122+0800: 169982.403: [GC (Allocation Failure) 2023-10-20T17:04:00.122+0800: 169982.403: [ParNew: 8090977K->242860K(9175040K), 0.1934805 secs] 39325500K->31482511K(65798144K), 0.1937480 secs] [Times: user=0.75 sys=2.56, real=0.19 secs] 
2023-10-20T17:08:11.653+0800: 170233.935: [GC (Allocation Failure) 2023-10-20T17:08:11.654+0800: 170233.935: [ParNew: 8107180K->261905K(9175040K), 0.2111799 secs] 39346831K->31507157K(65798144K), 0.2114693 secs] [Times: user=1.02 sys=2.61, real=0.21 secs] 
2023-10-20T17:10:44.083+0800: 170386.364: [GC (Allocation Failure) 2023-10-20T17:10:44.083+0800: 170386.364: [ParNew: 8126225K->258736K(9175040K), 0.1967145 secs] 39371477K->31509195K(65798144K), 0.1970828 secs] [Times: user=0.67 sys=2.71, real=0.20 secs] 
2023-10-20T17:16:00.781+0800: 170703.062: [GC (Allocation Failure) 2023-10-20T17:16:00.781+0800: 170703.063: [ParNew: 8123056K->252802K(9175040K), 0.2174539 secs] 39373515K->31508054K(65798144K), 0.2177299 secs] [Times: user=0.73 sys=3.01, real=0.22 secs] 
2023-10-20T17:18:18.955+0800: 170841.237: [GC (Allocation Failure) 2023-10-20T17:18:18.956+0800: 170841.237: [ParNew: 8117122K->242034K(9175040K), 0.1939369 secs] 39372374K->31502502K(65798144K), 0.1943033 secs] [Times: user=0.80 sys=2.45, real=0.20 secs] 
2023-10-20T17:22:23.910+0800: 171086.191: [GC (Allocation Failure) 2023-10-20T17:22:23.910+0800: 171086.191: [ParNew: 8106354K->286801K(9175040K), 0.2375832 secs] 39366822K->31551664K(65798144K), 0.2378654 secs] [Times: user=1.23 sys=2.85, real=0.24 secs] 
2023-10-20T17:25:52.668+0800: 171294.949: [GC (Allocation Failure) 2023-10-20T17:25:52.668+0800: 171294.949: [ParNew: 8151121K->288025K(9175040K), 0.1996517 secs] 39415984K->31557215K(65798144K), 0.1999258 secs] [Times: user=1.20 sys=2.22, real=0.20 secs] 
2023-10-20T17:31:50.330+0800: 171652.611: [GC (Allocation Failure) 2023-10-20T17:31:50.330+0800: 171652.611: [ParNew: 8152345K->261201K(9175040K), 0.2108876 secs] 39421535K->31535993K(65798144K), 0.2111761 secs] [Times: user=1.04 sys=2.58, real=0.21 secs] 
2023-10-20T17:37:17.286+0800: 171979.567: [GC (Allocation Failure) 2023-10-20T17:37:17.286+0800: 171979.568: [ParNew: 8125521K->302376K(9175040K), 0.2200856 secs] 39400313K->31581895K(65798144K), 0.2204225 secs] [Times: user=1.05 sys=2.73, real=0.22 secs] 
2023-10-20T17:39:48.131+0800: 172130.412: [GC (Allocation Failure) 2023-10-20T17:39:48.131+0800: 172130.412: [ParNew: 8166696K->282991K(9175040K), 0.1924947 secs] 39446215K->31567217K(65798144K), 0.1927685 secs] [Times: user=1.01 sys=2.31, real=0.19 secs] 
2023-10-20T17:40:24.516+0800: 172166.797: [GC (Allocation Failure) 2023-10-20T17:40:24.516+0800: 172166.797: [ParNew: 8147311K->265993K(9175040K), 0.0919510 secs] 39431537K->31555155K(65798144K), 0.0922171 secs] [Times: user=1.09 sys=0.47, real=0.09 secs] 
2023-10-20T17:40:44.025+0800: 172186.306: [GC (Allocation Failure) 2023-10-20T17:40:44.025+0800: 172186.306: [ParNew: 8130313K->271768K(9175040K), 0.0673512 secs] 39419475K->31566378K(65798144K), 0.0676820 secs] [Times: user=0.89 sys=0.24, real=0.07 secs] 
2023-10-20T17:41:00.159+0800: 172202.440: [GC (Allocation Failure) 2023-10-20T17:41:00.159+0800: 172202.440: [ParNew: 8136088K->232753K(9175040K), 0.1219871 secs] 39430698K->31534632K(65798144K), 0.1222655 secs] [Times: user=0.85 sys=1.25, real=0.12 secs] 
2023-10-20T17:41:14.203+0800: 172216.485: [GC (Allocation Failure) 2023-10-20T17:41:14.203+0800: 172216.485: [ParNew: 8097073K->267524K(9175040K), 0.0739062 secs] 39398952K->31577004K(65798144K), 0.0741562 secs] [Times: user=0.80 sys=0.44, real=0.08 secs] 
2023-10-20T17:41:29.057+0800: 172231.339: [GC (Allocation Failure) 2023-10-20T17:41:29.058+0800: 172231.339: [ParNew: 8131844K->233532K(9175040K), 0.0726932 secs] 39441324K->31549955K(65798144K), 0.0729409 secs] [Times: user=1.04 sys=0.18, real=0.07 secs] 
2023-10-20T17:41:42.672+0800: 172244.954: [GC (Allocation Failure) 2023-10-20T17:41:42.673+0800: 172244.954: [ParNew: 8097852K->204260K(9175040K), 0.0597377 secs] 39414275K->31527968K(65798144K), 0.0599981 secs] [Times: user=0.80 sys=0.18, real=0.06 secs] 
2023-10-20T17:41:53.229+0800: 172255.510: [GC (Allocation Failure) 2023-10-20T17:41:53.229+0800: 172255.510: [ParNew: 8068580K->205705K(9175040K), 0.1020211 secs] 39392288K->31536289K(65798144K), 0.1022821 secs] [Times: user=0.79 sys=0.95, real=0.10 secs] 
2023-10-20T17:42:05.343+0800: 172267.624: [GC (Allocation Failure) 2023-10-20T17:42:05.343+0800: 172267.625: [ParNew: 8070025K->189536K(9175040K), 0.0694563 secs] 39400609K->31527825K(65798144K), 0.0697113 secs] [Times: user=0.74 sys=0.39, real=0.07 secs] 
2023-10-20T17:42:17.665+0800: 172279.947: [GC (Allocation Failure) 2023-10-20T17:42:17.666+0800: 172279.947: [ParNew: 8053856K->194566K(9175040K), 0.0661062 secs] 39392145K->31539499K(65798144K), 0.0663970 secs] [Times: user=0.71 sys=0.35, real=0.07 secs] 
2023-10-20T17:42:28.266+0800: 172290.547: [GC (Allocation Failure) 2023-10-20T17:42:28.266+0800: 172290.547: [ParNew: 8058886K->192223K(9175040K), 0.0698996 secs] 39403819K->31544356K(65798144K), 0.0701501 secs] [Times: user=0.68 sys=0.46, real=0.07 secs] 
2023-10-20T17:42:38.153+0800: 172300.434: [GC (Allocation Failure) 2023-10-20T17:42:38.153+0800: 172300.434: [ParNew: 8056543K->184945K(9175040K), 0.0567136 secs] 39408676K->31544102K(65798144K), 0.0570233 secs] [Times: user=0.80 sys=0.13, real=0.06 secs] 
2023-10-20T17:42:48.639+0800: 172310.920: [GC (Allocation Failure) 2023-10-20T17:42:48.639+0800: 172310.920: [ParNew: 8049265K->145567K(9175040K), 0.1474776 secs] 39408422K->31537352K(65798144K), 0.1477563 secs] [Times: user=0.74 sys=1.28, real=0.15 secs] 
2023-10-20T17:43:01.241+0800: 172323.523: [GC (Allocation Failure) 2023-10-20T17:43:01.242+0800: 172323.523: [ParNew: 8009887K->140470K(9175040K), 0.0667764 secs] 39401672K->31539255K(65798144K), 0.0670410 secs] [Times: user=0.70 sys=0.41, real=0.07 secs] 
2023-10-20T17:43:14.570+0800: 172336.851: [GC (Allocation Failure) 2023-10-20T17:43:14.570+0800: 172336.851: [ParNew: 8004790K->132732K(9175040K), 0.0651674 secs] 39403575K->31538792K(65798144K), 0.0654319 secs] [Times: user=0.60 sys=0.47, real=0.06 secs] 
2023-10-20T17:43:27.296+0800: 172349.577: [GC (Allocation Failure) 2023-10-20T17:43:27.296+0800: 172349.577: [ParNew: 7997052K->95429K(9175040K), 0.0701681 secs] 39403112K->31544100K(65798144K), 0.0704489 secs] [Times: user=0.65 sys=0.38, real=0.08 secs] 
2023-10-20T17:43:52.388+0800: 172374.669: [GC (Allocation Failure) 2023-10-20T17:43:52.388+0800: 172374.670: [ParNew: 7959749K->74728K(9175040K), 0.1214451 secs] 39408420K->31525451K(65798144K), 0.1216987 secs] [Times: user=0.80 sys=1.31, real=0.12 secs] 
2023-10-20T17:44:34.435+0800: 172416.716: [GC (Allocation Failure) 2023-10-20T17:44:34.435+0800: 172416.716: [ParNew: 7939048K->102093K(9175040K), 0.1091973 secs] 39389771K->31553678K(65798144K), 0.1094662 secs] [Times: user=0.79 sys=1.09, real=0.11 secs] 
2023-10-20T17:45:19.841+0800: 172462.122: [GC (Allocation Failure) 2023-10-20T17:45:19.841+0800: 172462.122: [ParNew: 7966413K->124055K(9175040K), 0.1310861 secs] 39417998K->31577318K(65798144K), 0.1313626 secs] [Times: user=0.66 sys=1.60, real=0.13 secs] 
2023-10-20T17:46:03.751+0800: 172506.032: [GC (Allocation Failure) 2023-10-20T17:46:03.751+0800: 172506.033: [ParNew: 7988375K->129450K(9175040K), 0.1287577 secs] 39441638K->31582715K(65798144K), 0.1290412 secs] [Times: user=0.37 sys=1.86, real=0.13 secs] 
2023-10-20T17:46:45.475+0800: 172547.756: [GC (Allocation Failure) 2023-10-20T17:46:45.475+0800: 172547.756: [ParNew: 7993770K->137590K(9175040K), 0.0756803 secs] 39447035K->31591007K(65798144K), 0.0759416 secs] [Times: user=0.77 sys=0.51, real=0.08 secs] 
2023-10-20T17:47:02.641+0800: 172564.923: [GC (Allocation Failure) 2023-10-20T17:47:02.642+0800: 172564.923: [ParNew: 8001910K->131501K(9175040K), 0.0632440 secs] 39455327K->31584974K(65798144K), 0.0635078 secs] [Times: user=0.55 sys=0.52, real=0.06 secs] 
2023-10-20T17:47:17.806+0800: 172580.088: [GC (Allocation Failure) 2023-10-20T17:47:17.806+0800: 172580.088: [ParNew: 7995821K->140892K(9175040K), 0.0976900 secs] 39449294K->31594407K(65798144K), 0.0979531 secs] [Times: user=0.62 sys=1.07, real=0.09 secs] 
2023-10-20T17:47:28.024+0800: 172590.306: [GC (Allocation Failure) 2023-10-20T17:47:28.025+0800: 172590.306: [ParNew: 8005212K->162165K(9175040K), 0.0458601 secs] 39458727K->31615729K(65798144K), 0.0461110 secs] [Times: user=0.75 sys=0.01, real=0.05 secs] 
2023-10-20T17:47:36.356+0800: 172598.638: [GC (Allocation Failure) 2023-10-20T17:47:36.356+0800: 172598.638: [ParNew: 8026485K->157174K(9175040K), 0.0556213 secs] 39480049K->31610774K(65798144K), 0.0558799 secs] [Times: user=0.63 sys=0.30, real=0.05 secs] 
2023-10-20T17:47:42.995+0800: 172605.277: [GC (Allocation Failure) 2023-10-20T17:47:42.996+0800: 172605.277: [ParNew: 8021494K->168416K(9175040K), 0.0490777 secs] 39475094K->31622237K(65798144K), 0.0493572 secs] [Times: user=0.68 sys=0.14, real=0.05 secs] 
2023-10-20T17:47:51.303+0800: 172613.585: [GC (Allocation Failure) 2023-10-20T17:47:51.304+0800: 172613.585: [ParNew: 8032736K->159908K(9175040K), 0.0544895 secs] 39486557K->31614203K(65798144K), 0.0547681 secs] [Times: user=0.31 sys=0.60, real=0.06 secs] 
2023-10-20T17:48:00.164+0800: 172622.445: [GC (Allocation Failure) 2023-10-20T17:48:00.164+0800: 172622.445: [ParNew: 8024228K->175354K(9175040K), 0.0485219 secs] 39478523K->31630712K(65798144K), 0.0488012 secs] [Times: user=0.71 sys=0.10, real=0.05 secs] 
2023-10-20T17:48:06.970+0800: 172629.251: [GC (Allocation Failure) 2023-10-20T17:48:06.970+0800: 172629.252: [ParNew: 8039674K->160232K(9175040K), 0.1039291 secs] 39495032K->31615876K(65798144K), 0.1042256 secs] [Times: user=0.74 sys=1.06, real=0.10 secs] 
2023-10-20T17:48:16.108+0800: 172638.389: [GC (Allocation Failure) 2023-10-20T17:48:16.108+0800: 172638.389: [ParNew: 8024552K->169715K(9175040K), 0.0517789 secs] 39480196K->31626448K(65798144K), 0.0520530 secs] [Times: user=0.65 sys=0.21, real=0.05 secs] 
2023-10-20T17:48:25.800+0800: 172648.082: [GC (Allocation Failure) 2023-10-20T17:48:25.801+0800: 172648.082: [ParNew: 8034035K->175894K(9175040K), 0.0664129 secs] 39490768K->31633481K(65798144K), 0.0666676 secs] [Times: user=0.71 sys=0.21, real=0.07 secs] 
2023-10-20T17:48:35.198+0800: 172657.479: [GC (Allocation Failure) 2023-10-20T17:48:35.198+0800: 172657.479: [ParNew: 8040214K->156526K(9175040K), 0.0608538 secs] 39497801K->31616691K(65798144K), 0.0611622 secs] [Times: user=0.69 sys=0.34, real=0.06 secs] 
2023-10-20T17:48:43.547+0800: 172665.829: [GC (Allocation Failure) 2023-10-20T17:48:43.548+0800: 172665.829: [ParNew: 8020846K->130407K(9175040K), 0.0577604 secs] 39481011K->31610343K(65798144K), 0.0580266 secs] [Times: user=0.73 sys=0.13, real=0.05 secs] 
2023-10-20T17:48:52.672+0800: 172674.954: [GC (Allocation Failure) 2023-10-20T17:48:52.673+0800: 172674.954: [ParNew: 7994727K->109193K(9175040K), 0.1066180 secs] 39474663K->31613773K(65798144K), 0.1068877 secs] [Times: user=0.50 sys=1.24, real=0.11 secs] 
2023-10-20T17:49:00.282+0800: 172682.563: [GC (Allocation Failure) 2023-10-20T17:49:00.282+0800: 172682.563: [ParNew: 7973513K->90673K(9175040K), 0.0664900 secs] 39478093K->31609427K(65798144K), 0.0667419 secs] [Times: user=0.81 sys=0.25, real=0.07 secs] 
2023-10-20T17:49:06.798+0800: 172689.079: [GC (Allocation Failure) 2023-10-20T17:49:06.798+0800: 172689.079: [ParNew: 7954993K->88329K(9175040K), 0.0574550 secs] 39473747K->31616958K(65798144K), 0.0577208 secs] [Times: user=0.74 sys=0.20, real=0.06 secs] 
2023-10-20T17:49:13.716+0800: 172695.998: [GC (Allocation Failure) 2023-10-20T17:49:13.716+0800: 172695.998: [ParNew: 7952649K->59113K(9175040K), 0.0907695 secs] 39481278K->31593955K(65798144K), 0.0910268 secs] [Times: user=1.11 sys=0.45, real=0.09 secs] 
2023-10-20T17:49:21.402+0800: 172703.684: [GC (Allocation Failure) 2023-10-20T17:49:21.403+0800: 172703.684: [ParNew: 7923433K->68985K(9175040K), 0.0754109 secs] 39458275K->31606914K(65798144K), 0.0756917 secs] [Times: user=0.91 sys=0.37, real=0.08 secs] 
2023-10-20T17:49:28.003+0800: 172710.285: [GC (Allocation Failure) 2023-10-20T17:49:28.004+0800: 172710.285: [ParNew: 7933305K->70395K(9175040K), 0.0780671 secs] 39471234K->31613066K(65798144K), 0.0783430 secs] [Times: user=0.85 sys=0.47, real=0.08 secs] 
2023-10-20T17:49:35.213+0800: 172717.495: [GC (Allocation Failure) 2023-10-20T17:49:35.213+0800: 172717.495: [ParNew: 7934715K->67660K(9175040K), 0.1270176 secs] 39477386K->31614622K(65798144K), 0.1272687 secs] [Times: user=0.88 sys=1.32, real=0.13 secs] 
2023-10-20T17:49:42.177+0800: 172724.458: [GC (Allocation Failure) 2023-10-20T17:49:42.177+0800: 172724.458: [ParNew: 7931980K->63162K(9175040K), 0.0749095 secs] 39478942K->31613287K(65798144K), 0.0751946 secs] [Times: user=0.94 sys=0.33, real=0.07 secs] 
2023-10-20T17:49:49.472+0800: 172731.754: [GC (Allocation Failure) 2023-10-20T17:49:49.473+0800: 172731.754: [ParNew: 7927482K->61802K(9175040K), 0.0869078 secs] 39477607K->31615884K(65798144K), 0.0871982 secs] [Times: user=1.35 sys=0.14, real=0.09 secs] 
2023-10-20T17:49:57.438+0800: 172739.720: [GC (Allocation Failure) 2023-10-20T17:49:57.439+0800: 172739.720: [ParNew: 7926122K->60828K(9175040K), 0.0605994 secs] 39480204K->31618818K(65798144K), 0.0608829 secs] [Times: user=0.66 sys=0.35, real=0.06 secs] 
2023-10-20T17:50:05.359+0800: 172747.640: [GC (Allocation Failure) 2023-10-20T17:50:05.359+0800: 172747.640: [ParNew: 7925148K->55867K(9175040K), 0.0775699 secs] 39483138K->31615513K(65798144K), 0.0778575 secs] [Times: user=1.07 sys=0.25, real=0.08 secs] 
2023-10-20T17:50:11.645+0800: 172753.926: [GC (Allocation Failure) 2023-10-20T17:50:11.645+0800: 172753.927: [ParNew: 7920187K->62852K(9175040K), 0.1365745 secs] 39479833K->31623496K(65798144K), 0.1368476 secs] [Times: user=1.13 sys=1.24, real=0.14 secs] 
2023-10-20T17:50:17.736+0800: 172760.018: [GC (Allocation Failure) 2023-10-20T17:50:17.737+0800: 172760.018: [ParNew: 7927172K->62393K(9175040K), 0.0687582 secs] 39487816K->31624225K(65798144K), 0.0690433 secs] [Times: user=0.92 sys=0.24, real=0.06 secs] 
2023-10-20T17:50:23.563+0800: 172765.845: [GC (Allocation Failure) 2023-10-20T17:50:23.563+0800: 172765.845: [ParNew: 7926713K->66722K(9175040K), 0.0768439 secs] 39488545K->31630370K(65798144K), 0.0771263 secs] [Times: user=0.94 sys=0.36, real=0.08 secs] 
2023-10-20T17:50:29.978+0800: 172772.260: [GC (Allocation Failure) 2023-10-20T17:50:29.979+0800: 172772.260: [ParNew: 7931042K->68129K(9175040K), 0.0735078 secs] 39494690K->31633274K(65798144K), 0.0737672 secs] [Times: user=0.90 sys=0.35, real=0.07 secs] 
2023-10-20T17:50:35.483+0800: 172777.765: [GC (Allocation Failure) 2023-10-20T17:50:35.484+0800: 172777.765: [ParNew: 7932449K->77729K(9175040K), 0.0734241 secs] 39497594K->31643878K(65798144K), 0.0736910 secs] [Times: user=0.88 sys=0.38, real=0.08 secs] 
2023-10-20T17:50:41.124+0800: 172783.405: [GC (Allocation Failure) 2023-10-20T17:50:41.124+0800: 172783.405: [ParNew: 7942049K->85344K(9175040K), 0.0651218 secs] 39508198K->31652775K(65798144K), 0.0654221 secs] [Times: user=0.99 sys=0.11, real=0.07 secs] 
2023-10-20T17:50:46.846+0800: 172789.128: [GC (Allocation Failure) 2023-10-20T17:50:46.846+0800: 172789.128: [ParNew: 7949664K->82563K(9175040K), 0.1226406 secs] 39517095K->31652531K(65798144K), 0.1229537 secs] [Times: user=0.95 sys=1.17, real=0.12 secs] 
2023-10-20T17:50:57.914+0800: 172800.195: [GC (Allocation Failure) 2023-10-20T17:50:57.914+0800: 172800.196: [ParNew: 7946883K->77011K(9175040K), 0.0665987 secs] 39516851K->31651936K(65798144K), 0.0668638 secs] [Times: user=0.65 sys=0.46, real=0.07 secs] 
2023-10-20T17:51:08.179+0800: 172810.460: [GC (Allocation Failure) 2023-10-20T17:51:08.179+0800: 172810.460: [ParNew: 7941331K->58678K(9175040K), 0.0601161 secs] 39516256K->31637275K(65798144K), 0.0603709 secs] [Times: user=0.20 sys=0.80, real=0.06 secs] 
2023-10-20T17:51:18.277+0800: 172820.558: [GC (Allocation Failure) 2023-10-20T17:51:18.277+0800: 172820.558: [ParNew: 7922998K->47974K(9175040K), 0.0549174 secs] 39501595K->31628341K(65798144K), 0.0551778 secs] [Times: user=0.57 sys=0.33, real=0.05 secs] 
2023-10-20T17:51:26.716+0800: 172828.998: [GC (Allocation Failure) 2023-10-20T17:51:26.717+0800: 172828.998: [ParNew: 7912294K->64835K(9175040K), 0.1012335 secs] 39492661K->31645978K(65798144K), 0.1015091 secs] [Times: user=0.67 sys=1.07, real=0.10 secs] 
2023-10-20T17:51:34.509+0800: 172836.790: [GC (Allocation Failure) 2023-10-20T17:51:34.509+0800: 172836.790: [ParNew: 7929155K->88103K(9175040K), 0.0523186 secs] 39510298K->31669725K(65798144K), 0.0525772 secs] [Times: user=0.69 sys=0.18, real=0.05 secs] 
2023-10-20T17:51:41.425+0800: 172843.707: [GC (Allocation Failure) 2023-10-20T17:51:41.426+0800: 172843.707: [ParNew: 7952423K->95745K(9175040K), 0.0571340 secs] 39534045K->31678783K(65798144K), 0.0573917 secs] [Times: user=0.65 sys=0.30, real=0.06 secs] 
2023-10-20T17:51:46.800+0800: 172849.082: [GC (Allocation Failure) 2023-10-20T17:51:46.801+0800: 172849.082: [ParNew: 7960065K->95112K(9175040K), 0.0534409 secs] 39543103K->31680210K(65798144K), 0.0537388 secs] [Times: user=0.38 sys=0.51, real=0.05 secs] 
2023-10-20T17:51:51.374+0800: 172853.655: [GC (Allocation Failure) 2023-10-20T17:51:51.374+0800: 172853.655: [ParNew: 7959432K->94074K(9175040K), 0.0541316 secs] 39544530K->31681968K(65798144K), 0.0544041 secs] [Times: user=0.73 sys=0.18, real=0.06 secs] 
2023-10-20T17:51:55.356+0800: 172857.637: [GC (Allocation Failure) 2023-10-20T17:51:55.356+0800: 172857.637: [ParNew: 7958394K->91578K(9175040K), 0.0505338 secs] 39546288K->31681322K(65798144K), 0.0508017 secs] [Times: user=0.68 sys=0.16, real=0.05 secs] 
2023-10-20T17:51:59.195+0800: 172861.476: [GC (Allocation Failure) 2023-10-20T17:51:59.195+0800: 172861.476: [ParNew: 7955898K->84565K(9175040K), 0.0493769 secs] 39545642K->31676803K(65798144K), 0.0496689 secs] [Times: user=0.82 sys=0.00, real=0.05 secs] 
2023-10-20T17:52:02.789+0800: 172865.071: [GC (Allocation Failure) 2023-10-20T17:52:02.790+0800: 172865.071: [ParNew: 7948885K->88192K(9175040K), 0.1073686 secs] 39541123K->31682567K(65798144K), 0.1076806 secs] [Times: user=0.73 sys=1.12, real=0.11 secs] 
2023-10-20T17:52:06.335+0800: 172868.616: [GC (Allocation Failure) 2023-10-20T17:52:06.335+0800: 172868.616: [ParNew: 7952512K->81410K(9175040K), 0.0481401 secs] 39546887K->31678815K(65798144K), 0.0484448 secs] [Times: user=0.83 sys=0.00, real=0.05 secs] 
2023-10-20T17:52:09.706+0800: 172871.987: [GC (Allocation Failure) 2023-10-20T17:52:09.706+0800: 172871.987: [ParNew: 7945730K->79674K(9175040K), 0.0547831 secs] 39543135K->31679435K(65798144K), 0.0550588 secs] [Times: user=0.80 sys=0.11, real=0.05 secs] 
2023-10-20T17:52:13.016+0800: 172875.297: [GC (Allocation Failure) 2023-10-20T17:52:13.016+0800: 172875.297: [ParNew: 7943994K->74504K(9175040K), 0.0622319 secs] 39543755K->31677266K(65798144K), 0.0625143 secs] [Times: user=0.84 sys=0.19, real=0.07 secs] 
2023-10-20T17:52:16.305+0800: 172878.586: [GC (Allocation Failure) 2023-10-20T17:52:16.305+0800: 172878.586: [ParNew: 7938824K->86110K(9175040K), 0.0614369 secs] 39541586K->31690360K(65798144K), 0.0617675 secs] [Times: user=0.89 sys=0.13, real=0.07 secs] 
2023-10-20T17:52:19.560+0800: 172881.841: [GC (Allocation Failure) 2023-10-20T17:52:19.560+0800: 172881.841: [ParNew: 7950430K->87680K(9175040K), 0.0696425 secs] 39554680K->31692091K(65798144K), 0.0699168 secs] [Times: user=0.93 sys=0.24, real=0.07 secs] 
2023-10-20T17:52:22.803+0800: 172885.084: [GC (Allocation Failure) 2023-10-20T17:52:22.803+0800: 172885.085: [ParNew: 7952000K->86452K(9175040K), 0.0667886 secs] 39556411K->31693339K(65798144K), 0.0670756 secs] [Times: user=0.95 sys=0.17, real=0.07 secs] 
2023-10-20T17:52:25.998+0800: 172888.279: [GC (Allocation Failure) 2023-10-20T17:52:25.998+0800: 172888.279: [ParNew: 7950772K->96367K(9175040K), 0.0610226 secs] 39557659K->31707494K(65798144K), 0.0613441 secs] [Times: user=0.89 sys=0.14, real=0.06 secs] 
2023-10-20T17:52:29.228+0800: 172891.509: [GC (Allocation Failure) 2023-10-20T17:52:29.228+0800: 172891.510: [ParNew: 7960687K->79659K(9175040K), 0.0580991 secs] 39571814K->31700025K(65798144K), 0.0583798 secs] [Times: user=0.93 sys=0.01, real=0.06 secs] 
2023-10-20T17:52:32.519+0800: 172894.801: [GC (Allocation Failure) 2023-10-20T17:52:32.519+0800: 172894.801: [ParNew: 7943979K->75253K(9175040K), 0.1162162 secs] 39564345K->31706036K(65798144K), 0.1164973 secs] [Times: user=0.86 sys=1.12, real=0.12 secs] 
2023-10-20T17:52:35.725+0800: 172898.006: [GC (Allocation Failure) 2023-10-20T17:52:35.725+0800: 172898.006: [ParNew: 7939573K->72989K(9175040K), 0.0470692 secs] 39570356K->31711636K(65798144K), 0.0474126 secs] [Times: user=0.86 sys=0.00, real=0.05 secs] 
2023-10-20T17:52:38.941+0800: 172901.222: [GC (Allocation Failure) 2023-10-20T17:52:38.941+0800: 172901.222: [ParNew: 7937309K->74745K(9175040K), 0.0521735 secs] 39575956K->31715549K(65798144K), 0.0524504 secs] [Times: user=0.78 sys=0.09, real=0.05 secs] 
2023-10-20T17:52:49.757+0800: 172912.039: [GC (Allocation Failure) 2023-10-20T17:52:49.758+0800: 172912.039: [ParNew: 7939065K->72362K(9175040K), 0.0794578 secs] 39579869K->31713978K(65798144K), 0.0797327 secs] [Times: user=0.69 sys=0.67, real=0.08 secs] 
2023-10-20T17:53:01.665+0800: 172923.947: [GC (Allocation Failure) 2023-10-20T17:53:01.666+0800: 172923.947: [ParNew: 7936682K->80594K(9175040K), 0.0774306 secs] 39578298K->31723321K(65798144K), 0.0776959 secs] [Times: user=0.69 sys=0.64, real=0.08 secs] 
2023-10-20T17:53:14.006+0800: 172936.287: [GC (Allocation Failure) 2023-10-20T17:53:14.006+0800: 172936.287: [ParNew: 7944914K->75120K(9175040K), 0.1030687 secs] 39587641K->31718773K(65798144K), 0.1033754 secs] [Times: user=0.69 sys=1.10, real=0.11 secs] 
2023-10-20T17:53:24.129+0800: 172946.410: [GC (Allocation Failure) 2023-10-20T17:53:24.129+0800: 172946.411: [ParNew: 7939440K->68892K(9175040K), 0.0750188 secs] 39583093K->31713937K(65798144K), 0.0752853 secs] [Times: user=0.80 sys=0.48, real=0.07 secs] 
2023-10-20T17:53:33.842+0800: 172956.123: [GC (Allocation Failure) 2023-10-20T17:53:33.842+0800: 172956.123: [ParNew: 7933212K->74683K(9175040K), 0.0807577 secs] 39578257K->31721258K(65798144K), 0.0810427 secs] [Times: user=0.85 sys=0.52, real=0.08 secs] 
2023-10-20T17:53:44.147+0800: 172966.428: [GC (Allocation Failure) 2023-10-20T17:53:44.147+0800: 172966.428: [ParNew: 7939003K->77809K(9175040K), 0.0678982 secs] 39585578K->31726261K(65798144K), 0.0681565 secs] [Times: user=0.66 sys=0.49, real=0.06 secs] 
2023-10-20T17:53:55.377+0800: 172977.659: [GC (Allocation Failure) 2023-10-20T17:53:55.377+0800: 172977.659: [ParNew: 7942129K->79369K(9175040K), 0.0991882 secs] 39590581K->31729642K(65798144K), 0.0994586 secs] [Times: user=0.37 sys=1.28, real=0.10 secs] 
2023-10-20T17:54:06.642+0800: 172988.924: [GC (Allocation Failure) 2023-10-20T17:54:06.643+0800: 172988.924: [ParNew: 7943689K->69109K(9175040K), 0.0630415 secs] 39593962K->31721618K(65798144K), 0.0633011 secs] [Times: user=0.91 sys=0.14, real=0.07 secs] 
2023-10-20T17:54:17.933+0800: 173000.214: [GC (Allocation Failure) 2023-10-20T17:54:17.933+0800: 173000.214: [ParNew: 7933429K->70033K(9175040K), 0.0577982 secs] 39585938K->31725975K(65798144K), 0.0580490 secs] [Times: user=0.70 sys=0.26, real=0.06 secs] 
2023-10-20T17:54:28.455+0800: 173010.737: [GC (Allocation Failure) 2023-10-20T17:54:28.456+0800: 173010.737: [ParNew: 7934353K->70530K(9175040K), 0.0734927 secs] 39590295K->31729426K(65798144K), 0.0737739 secs] [Times: user=0.84 sys=0.41, real=0.08 secs] 
2023-10-20T17:54:47.154+0800: 173029.435: [GC (Allocation Failure) 2023-10-20T17:54:47.154+0800: 173029.435: [ParNew: 7934850K->72899K(9175040K), 0.0598650 secs] 39593746K->31735462K(65798144K), 0.0601568 secs] [Times: user=0.63 sys=0.37, real=0.06 secs] 
2023-10-20T17:55:12.670+0800: 173054.951: [GC (Allocation Failure) 2023-10-20T17:55:12.670+0800: 173054.951: [ParNew: 7937219K->71537K(9175040K), 0.1233653 secs] 39599782K->31737896K(65798144K), 0.1236340 secs] [Times: user=0.92 sys=1.20, real=0.12 secs] 
2023-10-20T17:55:23.310+0800: 173065.592: [GC (Allocation Failure) 2023-10-20T17:55:23.311+0800: 173065.592: [ParNew: 7935857K->68441K(9175040K), 0.0713913 secs] 39602216K->31738110K(65798144K), 0.0716534 secs] [Times: user=0.96 sys=0.25, real=0.07 secs] 
2023-10-20T17:55:33.460+0800: 173075.741: [GC (Allocation Failure) 2023-10-20T17:55:33.460+0800: 173075.741: [ParNew: 7932761K->68665K(9175040K), 0.0756397 secs] 39602430K->31741583K(65798144K), 0.0758910 secs] [Times: user=0.89 sys=0.39, real=0.08 secs] 
2023-10-20T17:55:43.893+0800: 173086.174: [GC (Allocation Failure) 2023-10-20T17:55:43.893+0800: 173086.174: [ParNew: 7932985K->66238K(9175040K), 0.0782511 secs] 39605903K->31742304K(65798144K), 0.0784948 secs] [Times: user=0.82 sys=0.51, real=0.08 secs] 
2023-10-20T17:55:54.303+0800: 173096.584: [GC (Allocation Failure) 2023-10-20T17:55:54.303+0800: 173096.585: [ParNew: 7930558K->74522K(9175040K), 0.0553736 secs] 39606624K->31754402K(65798144K), 0.0556381 secs] [Times: user=0.66 sys=0.25, real=0.06 secs] 
2023-10-20T17:56:05.182+0800: 173107.463: [GC (Allocation Failure) 2023-10-20T17:56:05.182+0800: 173107.463: [ParNew: 7938842K->54509K(9175040K), 0.0995249 secs] 39618722K->31735816K(65798144K), 0.0997749 secs] [Times: user=0.52 sys=1.19, real=0.10 secs] 
2023-10-20T17:56:15.803+0800: 173118.084: [GC (Allocation Failure) 2023-10-20T17:56:15.803+0800: 173118.084: [ParNew: 7918829K->42789K(9175040K), 0.0480754 secs] 39600136K->31725437K(65798144K), 0.0483226 secs] [Times: user=0.61 sys=0.18, real=0.05 secs] 
2023-10-20T17:56:25.158+0800: 173127.440: [GC (Allocation Failure) 2023-10-20T17:56:25.159+0800: 173127.440: [ParNew: 7907109K->54620K(9175040K), 0.0509709 secs] 39589757K->31738518K(65798144K), 0.0512294 secs] [Times: user=0.61 sys=0.23, real=0.05 secs] 
2023-10-20T17:56:34.591+0800: 173136.872: [GC (Allocation Failure) 2023-10-20T17:56:34.591+0800: 173136.872: [ParNew: 7918940K->57547K(9175040K), 0.0518578 secs] 39602838K->31743281K(65798144K), 0.0521170 secs] [Times: user=0.60 sys=0.26, real=0.05 secs] 
2023-10-20T17:56:43.569+0800: 173145.850: [GC (Allocation Failure) 2023-10-20T17:56:43.569+0800: 173145.851: [ParNew: 7921867K->72561K(9175040K), 0.0542772 secs] 39607601K->31759383K(65798144K), 0.0545331 secs] [Times: user=0.58 sys=0.33, real=0.05 secs] 
2023-10-20T17:56:52.420+0800: 173154.701: [GC (Allocation Failure) 2023-10-20T17:56:52.420+0800: 173154.701: [ParNew: 7936881K->81269K(9175040K), 0.0985304 secs] 39623703K->31768812K(65798144K), 0.0987992 secs] [Times: user=0.27 sys=1.43, real=0.10 secs] 
2023-10-20T17:57:02.381+0800: 173164.662: [GC (Allocation Failure) 2023-10-20T17:57:02.381+0800: 173164.663: [ParNew: 7945589K->84178K(9175040K), 0.0458761 secs] 39633132K->31772327K(65798144K), 0.0461427 secs] [Times: user=0.65 sys=0.11, real=0.05 secs] 
2023-10-20T17:57:12.381+0800: 173174.662: [GC (Allocation Failure) 2023-10-20T17:57:12.381+0800: 173174.663: [ParNew: 7948498K->81089K(9175040K), 0.0576854 secs] 39636647K->31769917K(65798144K), 0.0579470 secs] [Times: user=0.67 sys=0.31, real=0.06 secs] 
2023-10-20T17:57:21.665+0800: 173183.946: [GC (Allocation Failure) 2023-10-20T17:57:21.665+0800: 173183.946: [ParNew: 7945409K->89551K(9175040K), 0.0557407 secs] 39634237K->31779573K(65798144K), 0.0560043 secs] [Times: user=0.66 sys=0.27, real=0.06 secs] 
2023-10-20T17:57:31.469+0800: 173193.750: [GC (Allocation Failure) 2023-10-20T17:57:31.469+0800: 173193.750: [ParNew: 7953871K->96051K(9175040K), 0.0592174 secs] 39643893K->31791537K(65798144K), 0.0594707 secs] [Times: user=0.63 sys=0.35, real=0.06 secs] 
2023-10-20T17:57:41.092+0800: 173203.373: [GC (Allocation Failure) 2023-10-20T17:57:41.092+0800: 173203.373: [ParNew: 7960371K->92207K(9175040K), 0.1107672 secs] 39655857K->31794304K(65798144K), 0.1110372 secs] [Times: user=0.66 sys=1.23, real=0.11 secs] 
2023-10-20T17:57:50.845+0800: 173213.126: [GC (Allocation Failure) 2023-10-20T17:57:50.845+0800: 173213.126: [ParNew: 7956527K->94599K(9175040K), 0.0470440 secs] 39658624K->31797904K(65798144K), 0.0473079 secs] [Times: user=0.76 sys=0.02, real=0.05 secs] 
2023-10-20T17:58:00.535+0800: 173222.816: [GC (Allocation Failure) 2023-10-20T17:58:00.535+0800: 173222.816: [ParNew: 7958919K->101452K(9175040K), 0.0671851 secs] 39662224K->31806431K(65798144K), 0.0674553 secs] [Times: user=0.71 sys=0.43, real=0.07 secs] 
2023-10-20T17:58:09.892+0800: 173232.174: [GC (Allocation Failure) 2023-10-20T17:58:09.893+0800: 173232.174: [ParNew: 7965772K->109809K(9175040K), 0.0681195 secs] 39670751K->31816163K(65798144K), 0.0683968 secs] [Times: user=0.78 sys=0.38, real=0.07 secs] 
2023-10-20T17:58:19.678+0800: 173241.960: [GC (Allocation Failure) 2023-10-20T17:58:19.679+0800: 173241.960: [ParNew: 7974129K->100908K(9175040K), 0.0671381 secs] 39680483K->31808372K(65798144K), 0.0673906 secs] [Times: user=0.72 sys=0.43, real=0.07 secs] 
2023-10-20T17:58:28.737+0800: 173251.018: [GC (Allocation Failure) 2023-10-20T17:58:28.737+0800: 173251.018: [ParNew: 7965228K->107758K(9175040K), 0.1130853 secs] 39672692K->31816429K(65798144K), 0.1133487 secs] [Times: user=0.78 sys=1.17, real=0.11 secs] 
2023-10-20T17:58:37.961+0800: 173260.242: [GC (Allocation Failure) 2023-10-20T17:58:37.961+0800: 173260.242: [ParNew: 7972078K->133805K(9175040K), 0.0722630 secs] 39680749K->31844029K(65798144K), 0.0725304 secs] [Times: user=0.98 sys=0.24, real=0.07 secs] 
2023-10-20T17:58:48.972+0800: 173271.253: [GC (Allocation Failure) 2023-10-20T17:58:48.972+0800: 173271.253: [ParNew: 7998125K->148690K(9175040K), 0.0768186 secs] 39708349K->31863218K(65798144K), 0.0770743 secs] [Times: user=1.15 sys=0.15, real=0.08 secs] 
2023-10-20T17:58:58.230+0800: 173280.511: [GC (Allocation Failure) 2023-10-20T17:58:58.230+0800: 173280.511: [ParNew: 8013010K->118279K(9175040K), 0.0713727 secs] 39727538K->31836540K(65798144K), 0.0716340 secs] [Times: user=0.82 sys=0.39, real=0.07 secs] 
2023-10-20T17:59:07.327+0800: 173289.609: [GC (Allocation Failure) 2023-10-20T17:59:07.327+0800: 173289.609: [ParNew: 7982599K->124646K(9175040K), 0.0543659 secs] 39700860K->31847406K(65798144K), 0.0546910 secs] [Times: user=0.68 sys=0.22, real=0.05 secs] 
2023-10-20T17:59:16.219+0800: 173298.501: [GC (Allocation Failure) 2023-10-20T17:59:16.219+0800: 173298.501: [ParNew: 7988966K->122234K(9175040K), 0.1146251 secs] 39711726K->31849532K(65798144K), 0.1149028 secs] [Times: user=0.93 sys=1.04, real=0.11 secs] 
2023-10-20T17:59:25.403+0800: 173307.684: [GC (Allocation Failure) 2023-10-20T17:59:25.403+0800: 173307.684: [ParNew: 7986554K->145024K(9175040K), 0.0730072 secs] 39713852K->31874882K(65798144K), 0.0732726 secs] [Times: user=0.87 sys=0.09, real=0.08 secs] 
2023-10-20T17:59:34.829+0800: 173317.110: [GC (Allocation Failure) 2023-10-20T17:59:34.829+0800: 173317.110: [ParNew: 8009344K->143991K(9175040K), 0.0703947 secs] 39739202K->31875839K(65798144K), 0.0706494 secs] [Times: user=0.74 sys=0.46, real=0.07 secs] 
2023-10-20T17:59:43.998+0800: 173326.280: [GC (Allocation Failure) 2023-10-20T17:59:43.998+0800: 173326.280: [ParNew: 8008311K->143881K(9175040K), 0.0792342 secs] 39740159K->31879669K(65798144K), 0.0794954 secs] [Times: user=1.24 sys=0.11, real=0.08 secs] 
2023-10-20T17:59:54.608+0800: 173336.890: [GC (Allocation Failure) 2023-10-20T17:59:54.608+0800: 173336.890: [ParNew: 8008201K->142575K(9175040K), 0.0486996 secs] 39743989K->31880603K(65798144K), 0.0489847 secs] [Times: user=0.40 sys=0.41, real=0.05 secs] 
2023-10-20T18:00:06.056+0800: 173348.338: [GC (Allocation Failure) 2023-10-20T18:00:06.056+0800: 173348.338: [ParNew: 8006895K->135559K(9175040K), 0.1030554 secs] 39744923K->31877763K(65798144K), 0.1033360 secs] [Times: user=0.69 sys=1.08, real=0.10 secs] 
2023-10-20T18:00:16.857+0800: 173359.138: [GC (Allocation Failure) 2023-10-20T18:00:16.857+0800: 173359.138: [ParNew: 7999879K->126814K(9175040K), 0.0658686 secs] 39742083K->31875332K(65798144K), 0.0661294 secs] [Times: user=0.74 sys=0.35, real=0.06 secs] 
2023-10-20T18:00:26.200+0800: 173368.481: [GC (Allocation Failure) 2023-10-20T18:00:26.200+0800: 173368.481: [ParNew: 7991134K->143073K(9175040K), 0.0746348 secs] 39739652K->31898084K(65798144K), 0.0749006 secs] [Times: user=0.84 sys=0.42, real=0.07 secs] 
2023-10-20T18:00:36.271+0800: 173378.552: [GC (Allocation Failure) 2023-10-20T18:00:36.271+0800: 173378.552: [ParNew: 8007393K->135077K(9175040K), 0.0598315 secs] 39762404K->31893665K(65798144K), 0.0600864 secs] [Times: user=0.68 sys=0.33, real=0.06 secs] 
2023-10-20T18:00:47.865+0800: 173390.147: [GC (Allocation Failure) 2023-10-20T18:00:47.866+0800: 173390.147: [ParNew: 7999397K->138206K(9175040K), 0.0565630 secs] 39757985K->31899765K(65798144K), 0.0568301 secs] [Times: user=0.85 sys=0.05, real=0.06 secs] 
2023-10-20T18:00:58.019+0800: 173400.300: [GC (Allocation Failure) 2023-10-20T18:00:58.019+0800: 173400.300: [ParNew: 8002526K->132640K(9175040K), 0.1104585 secs] 39764085K->31903949K(65798144K), 0.1107301 secs] [Times: user=0.70 sys=1.18, real=0.11 secs] 
2023-10-20T18:01:10.117+0800: 173412.398: [GC (Allocation Failure) 2023-10-20T18:01:10.117+0800: 173412.398: [ParNew: 7996960K->96463K(9175040K), 0.0649272 secs] 39768269K->31881476K(65798144K), 0.0651773 secs] [Times: user=0.62 sys=0.43, real=0.06 secs] 
2023-10-20T18:01:19.486+0800: 173421.767: [GC (Allocation Failure) 2023-10-20T18:01:19.486+0800: 173421.767: [ParNew: 7960783K->86772K(9175040K), 0.0552540 secs] 39745796K->31877230K(65798144K), 0.0555050 secs] [Times: user=0.28 sys=0.64, real=0.06 secs] 
2023-10-20T18:01:29.555+0800: 173431.836: [GC (Allocation Failure) 2023-10-20T18:01:29.555+0800: 173431.836: [ParNew: 7951092K->87666K(9175040K), 0.0589618 secs] 39741550K->31880367K(65798144K), 0.0592218 secs] [Times: user=0.26 sys=0.72, real=0.06 secs] 
2023-10-20T18:01:38.597+0800: 173440.878: [GC (Allocation Failure) 2023-10-20T18:01:38.597+0800: 173440.878: [ParNew: 7951986K->94485K(9175040K), 0.0985652 secs] 39744687K->31890506K(65798144K), 0.0988723 secs] [Times: user=0.70 sys=1.00, real=0.10 secs] 
2023-10-20T18:01:48.990+0800: 173451.271: [GC (Allocation Failure) 2023-10-20T18:01:48.990+0800: 173451.271: [ParNew: 7958805K->79273K(9175040K), 0.0522571 secs] 39754826K->31882894K(65798144K), 0.0525177 secs] [Times: user=0.81 sys=0.03, real=0.05 secs] 
2023-10-20T18:02:00.381+0800: 173462.662: [GC (Allocation Failure) 2023-10-20T18:02:00.381+0800: 173462.663: [ParNew: 7943593K->76480K(9175040K), 0.0650069 secs] 39747214K->31887433K(65798144K), 0.0652616 secs] [Times: user=0.71 sys=0.38, real=0.07 secs] 
2023-10-20T18:02:11.510+0800: 173473.791: [GC (Allocation Failure) 2023-10-20T18:02:11.510+0800: 173473.791: [ParNew: 7940800K->71343K(9175040K), 0.0638402 secs] 39751753K->31885375K(65798144K), 0.0641043 secs] [Times: user=0.67 sys=0.40, real=0.06 secs] 
2023-10-20T18:02:20.537+0800: 173482.818: [GC (Allocation Failure) 2023-10-20T18:02:20.539+0800: 173482.820: [ParNew: 7935663K->70251K(9175040K), 0.0590068 secs] 39749695K->31888676K(65798144K), 0.0609649 secs] [Times: user=0.69 sys=0.29, real=0.06 secs] 
2023-10-20T18:02:31.889+0800: 173494.170: [GC (Allocation Failure) 2023-10-20T18:02:31.889+0800: 173494.170: [ParNew: 7934571K->68802K(9175040K), 0.0489073 secs] 39752996K->31891159K(65798144K), 0.0491628 secs] [Times: user=0.78 sys=0.01, real=0.05 secs] 
2023-10-20T18:02:41.758+0800: 173504.039: [GC (Allocation Failure) 2023-10-20T18:02:41.758+0800: 173504.039: [ParNew: 7933122K->70247K(9175040K), 0.1090034 secs] 39755479K->31896155K(65798144K), 0.1092652 secs] [Times: user=0.68 sys=1.19, real=0.11 secs] 
2023-10-20T18:02:51.924+0800: 173514.205: [GC (Allocation Failure) 2023-10-20T18:02:51.924+0800: 173514.205: [ParNew: 7934567K->63418K(9175040K), 0.0581706 secs] 39760475K->31894135K(65798144K), 0.0584229 secs] [Times: user=0.69 sys=0.28, real=0.06 secs] 
2023-10-20T18:03:01.411+0800: 173523.692: [GC (Allocation Failure) 2023-10-20T18:03:01.411+0800: 173523.692: [ParNew: 7927738K->66276K(9175040K), 0.0636593 secs] 39758455K->31899722K(65798144K), 0.0639137 secs] [Times: user=0.68 sys=0.39, real=0.06 secs] 
2023-10-20T18:04:03.884+0800: 173586.165: [GC (Allocation Failure) 2023-10-20T18:04:03.884+0800: 173586.166: [ParNew: 7930596K->82553K(9175040K), 0.1539280 secs] 39764042K->31916248K(65798144K), 0.1541916 secs] [Times: user=0.58 sys=2.06, real=0.16 secs] 
2023-10-20T18:06:01.347+0800: 173703.628: [GC (Allocation Failure) 2023-10-20T18:06:01.347+0800: 173703.628: [ParNew: 7946873K->135629K(9175040K), 0.2225640 secs] 39780568K->31969493K(65798144K), 0.2228644 secs] [Times: user=0.31 sys=3.56, real=0.22 secs] 
2023-10-20T18:07:12.940+0800: 173775.221: [GC (Allocation Failure) 2023-10-20T18:07:12.940+0800: 173775.222: [ParNew: 7999949K->159773K(9175040K), 0.1155414 secs] 39833813K->31993945K(65798144K), 0.1158080 secs] [Times: user=0.60 sys=1.38, real=0.12 secs] 
2023-10-20T18:08:27.214+0800: 173849.495: [GC (Allocation Failure) 2023-10-20T18:08:27.214+0800: 173849.495: [ParNew: 8024093K->189604K(9175040K), 0.1546735 secs] 39858265K->32023963K(65798144K), 0.1549534 secs] [Times: user=0.56 sys=2.14, real=0.16 secs] 
2023-10-20T18:09:35.326+0800: 173917.607: [GC (Allocation Failure) 2023-10-20T18:09:35.326+0800: 173917.607: [ParNew: 8053924K->134827K(9175040K), 0.1678015 secs] 39888283K->31969417K(65798144K), 0.1680846 secs] [Times: user=0.21 sys=2.72, real=0.17 secs] 
2023-10-20T18:10:48.463+0800: 173990.744: [GC (Allocation Failure) 2023-10-20T18:10:48.463+0800: 173990.745: [ParNew: 7999147K->125203K(9175040K), 0.1089721 secs] 39833737K->31960549K(65798144K), 0.1092176 secs] [Times: user=0.60 sys=1.28, real=0.11 secs] 
2023-10-20T18:11:55.878+0800: 174058.159: [GC (Allocation Failure) 2023-10-20T18:11:55.878+0800: 174058.159: [ParNew: 7989523K->143884K(9175040K), 0.1732726 secs] 39824869K->31979679K(65798144K), 0.1735449 secs] [Times: user=0.50 sys=2.52, real=0.17 secs] 
2023-10-20T18:13:07.097+0800: 174129.378: [GC (Allocation Failure) 2023-10-20T18:13:07.097+0800: 174129.378: [ParNew: 8008204K->145283K(9175040K), 0.1298446 secs] 39843999K->31981423K(65798144K), 0.1301596 secs] [Times: user=0.44 sys=1.80, real=0.13 secs] 
2023-10-20T18:14:16.028+0800: 174198.310: [GC (Allocation Failure) 2023-10-20T18:14:16.028+0800: 174198.310: [ParNew: 8009603K->127230K(9175040K), 0.0940367 secs] 39845743K->31963488K(65798144K), 0.0942994 secs] [Times: user=0.38 sys=1.23, real=0.09 secs] 
2023-10-20T18:15:19.508+0800: 174261.789: [GC (Allocation Failure) 2023-10-20T18:15:19.508+0800: 174261.790: [ParNew: 7991550K->167420K(9175040K), 0.1373352 secs] 39827808K->32003796K(65798144K), 0.1376432 secs] [Times: user=0.53 sys=1.84, real=0.14 secs] 
2023-10-20T18:16:22.691+0800: 174324.973: [GC (Allocation Failure) 2023-10-20T18:16:22.691+0800: 174324.973: [ParNew: 8031740K->157598K(9175040K), 0.0937399 secs] 39868116K->31994356K(65798144K), 0.0939999 secs] [Times: user=0.37 sys=1.24, real=0.09 secs] 
2023-10-20T18:20:07.495+0800: 174549.776: [GC (Allocation Failure) 2023-10-20T18:20:07.495+0800: 174549.776: [ParNew: 8021918K->151129K(9175040K), 0.1651658 secs] 39858676K->31988080K(65798144K), 0.1654892 secs] [Times: user=0.59 sys=2.25, real=0.17 secs] 
2023-10-20T18:24:48.757+0800: 174831.038: [GC (Allocation Failure) 2023-10-20T18:24:48.757+0800: 174831.038: [ParNew: 8015449K->215304K(9175040K), 0.1898196 secs] 39852400K->32052360K(65798144K), 0.1901018 secs] [Times: user=0.49 sys=2.77, real=0.19 secs] 
2023-10-20T18:27:41.914+0800: 175004.195: [GC (Allocation Failure) 2023-10-20T18:27:41.914+0800: 175004.195: [ParNew: 8079624K->212370K(9175040K), 0.1728098 secs] 39916680K->32049596K(65798144K), 0.1731485 secs] [Times: user=0.66 sys=2.30, real=0.18 secs] 
2023-10-20T18:31:54.629+0800: 175256.910: [GC (Allocation Failure) 2023-10-20T18:31:54.629+0800: 175256.910: [ParNew: 8076690K->226600K(9175040K), 0.1860110 secs] 39913916K->32064147K(65798144K), 0.1863025 secs] [Times: user=0.61 sys=2.57, real=0.18 secs] 
2023-10-20T18:37:07.418+0800: 175569.699: [GC (Allocation Failure) 2023-10-20T18:37:07.418+0800: 175569.699: [ParNew: 8090920K->204068K(9175040K), 0.2030904 secs] 39928467K->32044598K(65798144K), 0.2033700 secs] [Times: user=0.60 sys=2.87, real=0.20 secs] 
2023-10-20T18:41:06.357+0800: 175808.638: [GC (Allocation Failure) 2023-10-20T18:41:06.357+0800: 175808.638: [ParNew: 8068388K->247759K(9175040K), 0.1912589 secs] 39908918K->32096336K(65798144K), 0.1915341 secs] [Times: user=1.00 sys=2.24, real=0.19 secs] 
2023-10-20T18:46:22.269+0800: 176124.550: [GC (Allocation Failure) 2023-10-20T18:46:22.269+0800: 176124.550: [ParNew: 8112079K->221631K(9175040K), 0.2108198 secs] 39960656K->32072614K(65798144K), 0.2110925 secs] [Times: user=0.81 sys=2.82, real=0.21 secs] 
2023-10-20T18:48:51.294+0800: 176273.576: [GC (Allocation Failure) 2023-10-20T18:48:51.294+0800: 176273.576: [ParNew: 8085951K->258882K(9175040K), 0.1802074 secs] 39936934K->32111823K(65798144K), 0.1804800 secs] [Times: user=0.78 sys=2.31, real=0.18 secs] 
2023-10-20T18:54:14.381+0800: 176596.662: [GC (Allocation Failure) 2023-10-20T18:54:14.381+0800: 176596.662: [ParNew: 8123202K->247262K(9175040K), 0.1921573 secs] 39976143K->32102647K(65798144K), 0.1924421 secs] [Times: user=0.58 sys=2.71, real=0.19 secs] 
2023-10-20T18:57:01.685+0800: 176763.967: [GC (Allocation Failure) 2023-10-20T18:57:01.686+0800: 176763.967: [ParNew: 8111582K->295502K(9175040K), 0.1811037 secs] 39966967K->32152666K(65798144K), 0.1814169 secs] [Times: user=0.76 sys=2.28, real=0.19 secs] 
2023-10-20T19:00:41.486+0800: 176983.767: [GC (Allocation Failure) 2023-10-20T19:00:41.486+0800: 176983.767: [ParNew: 8159822K->321588K(9175040K), 0.2007675 secs] 40016986K->32181498K(65798144K), 0.2010974 secs] [Times: user=1.08 sys=2.36, real=0.20 secs] 
2023-10-20T19:04:28.025+0800: 177210.306: [GC (Allocation Failure) 2023-10-20T19:04:28.025+0800: 177210.307: [ParNew: 8185908K->308212K(9175040K), 0.2093252 secs] 40045818K->32169837K(65798144K), 0.2096172 secs] [Times: user=0.58 sys=3.01, real=0.21 secs] 
2023-10-20T19:07:42.965+0800: 177405.246: [GC (Allocation Failure) 2023-10-20T19:07:42.965+0800: 177405.246: [ParNew: 8172532K->335383K(9175040K), 0.2104350 secs] 40034157K->32199272K(65798144K), 0.2107519 secs] [Times: user=1.02 sys=2.47, real=0.21 secs] 
2023-10-20T19:11:56.421+0800: 177658.702: [GC (Allocation Failure) 2023-10-20T19:11:56.421+0800: 177658.702: [ParNew: 8199703K->302438K(9175040K), 0.2037858 secs] 40063592K->32169164K(65798144K), 0.2041038 secs] [Times: user=0.65 sys=2.84, real=0.20 secs] 
2023-10-20T19:16:31.029+0800: 177933.310: [GC (Allocation Failure) 2023-10-20T19:16:31.029+0800: 177933.310: [ParNew: 8166758K->310067K(9175040K), 0.1913954 secs] 40033484K->32179043K(65798144K), 0.1916729 secs] [Times: user=0.84 sys=2.44, real=0.19 secs] 
2023-10-20T19:22:14.115+0800: 178276.397: [GC (Allocation Failure) 2023-10-20T19:22:14.116+0800: 178276.397: [ParNew: 8174387K->294891K(9175040K), 0.1940088 secs] 40043363K->32172187K(65798144K), 0.1943001 secs] [Times: user=0.65 sys=2.56, real=0.20 secs] 
2023-10-20T19:27:06.790+0800: 178569.071: [GC (Allocation Failure) 2023-10-20T19:27:06.790+0800: 178569.071: [ParNew: 8159211K->326563K(9175040K), 0.2108065 secs] 40036507K->32213921K(65798144K), 0.2110951 secs] [Times: user=0.74 sys=2.85, real=0.21 secs] 
2023-10-20T19:31:19.430+0800: 178821.711: [GC (Allocation Failure) 2023-10-20T19:31:19.430+0800: 178821.711: [ParNew: 8190883K->311831K(9175040K), 0.1923179 secs] 40078241K->32208726K(65798144K), 0.1925854 secs] [Times: user=0.86 sys=2.39, real=0.19 secs] 
2023-10-20T19:36:17.495+0800: 179119.776: [GC (Allocation Failure) 2023-10-20T19:36:17.495+0800: 179119.776: [ParNew: 8176151K->265947K(9175040K), 0.2230354 secs] 40073046K->32172489K(65798144K), 0.2233454 secs] [Times: user=0.88 sys=2.94, real=0.23 secs] 
2023-10-20T19:41:52.964+0800: 179455.245: [GC (Allocation Failure) 2023-10-20T19:41:52.964+0800: 179455.245: [ParNew: 8130267K->280490K(9175040K), 0.2108657 secs] 40036809K->32197589K(65798144K), 0.2111502 secs] [Times: user=0.83 sys=2.64, real=0.21 secs] 
2023-10-20T19:46:09.464+0800: 179711.745: [GC (Allocation Failure) 2023-10-20T19:46:09.464+0800: 179711.745: [ParNew: 8144810K->257998K(9175040K), 0.1903787 secs] 40061909K->32184594K(65798144K), 0.1906491 secs] [Times: user=0.76 sys=2.48, real=0.19 secs] 
2023-10-20T19:50:13.851+0800: 179956.133: [GC (Allocation Failure) 2023-10-20T19:50:13.851+0800: 179956.133: [ParNew: 8122318K->257909K(9175040K), 0.1951259 secs] 40048914K->32194846K(65798144K), 0.1954003 secs] [Times: user=0.85 sys=2.45, real=0.20 secs] 
2023-10-20T19:53:12.464+0800: 180134.746: [GC (Allocation Failure) 2023-10-20T19:53:12.465+0800: 180134.746: [ParNew: 8122229K->296254K(9175040K), 0.2065327 secs] 40059166K->32242906K(65798144K), 0.2068098 secs] [Times: user=0.74 sys=2.59, real=0.21 secs] 
2023-10-20T19:56:13.923+0800: 180316.204: [GC (Allocation Failure) 2023-10-20T19:56:13.923+0800: 180316.204: [ParNew: 8160574K->306724K(9175040K), 0.2071764 secs] 40107226K->32262774K(65798144K), 0.2074794 secs] [Times: user=1.30 sys=2.21, real=0.21 secs] 
2023-10-20T19:59:34.472+0800: 180516.753: [GC (Allocation Failure) 2023-10-20T19:59:34.472+0800: 180516.753: [ParNew: 8171044K->306984K(9175040K), 0.2234804 secs] 40127094K->32270465K(65798144K), 0.2237855 secs] [Times: user=0.93 sys=2.89, real=0.22 secs] 
2023-10-20T20:02:17.529+0800: 180679.810: [GC (Allocation Failure) 2023-10-20T20:02:17.529+0800: 180679.810: [ParNew: 8171304K->278309K(9175040K), 0.1883397 secs] 40134785K->32248959K(65798144K), 0.1886614 secs] [Times: user=0.84 sys=2.36, real=0.19 secs] 
2023-10-20T20:06:03.651+0800: 180905.933: [GC (Allocation Failure) 2023-10-20T20:06:03.652+0800: 180905.933: [ParNew: 8142629K->312286K(9175040K), 0.2200500 secs] 40113279K->32290209K(65798144K), 0.2203303 secs] [Times: user=1.14 sys=2.64, real=0.22 secs] 
2023-10-20T20:09:14.769+0800: 181097.050: [GC (Allocation Failure) 2023-10-20T20:09:14.769+0800: 181097.050: [ParNew: 8176606K->279629K(9175040K), 0.2013819 secs] 40154529K->32264810K(65798144K), 0.2016514 secs] [Times: user=1.22 sys=2.20, real=0.20 secs] 
2023-10-20T20:13:43.997+0800: 181366.278: [GC (Allocation Failure) 2023-10-20T20:13:43.997+0800: 181366.279: [ParNew: 8143949K->276451K(9175040K), 0.1938714 secs] 40129130K->32268415K(65798144K), 0.1941494 secs] [Times: user=0.79 sys=2.51, real=0.19 secs] 
2023-10-20T20:16:43.131+0800: 181545.412: [GC (Allocation Failure) 2023-10-20T20:16:43.131+0800: 181545.412: [ParNew: 8140771K->286998K(9175040K), 0.2288363 secs] 40132735K->32286221K(65798144K), 0.2291506 secs] [Times: user=0.83 sys=2.85, real=0.23 secs] 
2023-10-20T20:20:39.697+0800: 181781.978: [GC (Allocation Failure) 2023-10-20T20:20:39.697+0800: 181781.978: [ParNew: 8151318K->262047K(9175040K), 0.2036945 secs] 40150541K->32268142K(65798144K), 0.2039726 secs] [Times: user=0.88 sys=2.60, real=0.20 secs] 
2023-10-20T20:24:43.688+0800: 182025.969: [GC (Allocation Failure) 2023-10-20T20:24:43.688+0800: 182025.969: [ParNew: 8126367K->316200K(9175040K), 0.2117500 secs] 40132462K->32329504K(65798144K), 0.2120226 secs] [Times: user=0.81 sys=2.72, real=0.21 secs] 
2023-10-20T20:27:27.947+0800: 182190.228: [GC (Allocation Failure) 2023-10-20T20:27:27.947+0800: 182190.228: [ParNew: 8180520K->286550K(9175040K), 0.2338432 secs] 40193824K->32306924K(65798144K), 0.2341441 secs] [Times: user=1.07 sys=2.94, real=0.23 secs] 
2023-10-20T20:30:03.514+0800: 182345.796: [GC (Allocation Failure) 2023-10-20T20:30:03.515+0800: 182345.796: [ParNew: 8150870K->315957K(9175040K), 0.2106594 secs] 40171244K->32343879K(65798144K), 0.2109198 secs] [Times: user=1.19 sys=2.41, real=0.21 secs] 
2023-10-20T20:32:26.893+0800: 182489.175: [GC (Allocation Failure) 2023-10-20T20:32:26.894+0800: 182489.175: [ParNew: 8180277K->338559K(9175040K), 0.2329875 secs] 40208199K->32373722K(65798144K), 0.2332776 secs] [Times: user=1.28 sys=2.96, real=0.24 secs] 
2023-10-20T20:36:03.630+0800: 182705.911: [GC (Allocation Failure) 2023-10-20T20:36:03.630+0800: 182705.911: [ParNew: 8202879K->282642K(9175040K), 0.2156793 secs] 40238042K->32325009K(65798144K), 0.2159715 secs] [Times: user=1.05 sys=2.64, real=0.22 secs] 
2023-10-20T20:38:19.651+0800: 182841.933: [GC (Allocation Failure) 2023-10-20T20:38:19.651+0800: 182841.933: [ParNew: 8146962K->316804K(9175040K), 0.2362321 secs] 40189329K->32366570K(65798144K), 0.2365197 secs] [Times: user=1.16 sys=2.91, real=0.24 secs] 
2023-10-20T20:40:29.863+0800: 182972.144: [GC (Allocation Failure) 2023-10-20T20:40:29.863+0800: 182972.145: [ParNew: 8181124K->307425K(9175040K), 0.2108517 secs] 40230890K->32364442K(65798144K), 0.2111158 secs] [Times: user=1.24 sys=2.36, real=0.21 secs] 
2023-10-20T20:42:50.926+0800: 183113.207: [GC (Allocation Failure) 2023-10-20T20:42:50.926+0800: 183113.208: [ParNew: 8171745K->335419K(9175040K), 0.2117475 secs] 40228762K->32399293K(65798144K), 0.2120528 secs] [Times: user=0.96 sys=2.60, real=0.21 secs] 
2023-10-20T20:46:15.003+0800: 183317.284: [GC (Allocation Failure) 2023-10-20T20:46:15.003+0800: 183317.284: [ParNew: 8199739K->304477K(9175040K), 0.2152880 secs] 40263613K->32375823K(65798144K), 0.2155722 secs] [Times: user=0.76 sys=2.91, real=0.22 secs] 
2023-10-20T20:51:03.361+0800: 183605.642: [GC (Allocation Failure) 2023-10-20T20:51:03.361+0800: 183605.642: [ParNew: 8168797K->282702K(9175040K), 0.2336864 secs] 40240143K->32361334K(65798144K), 0.2339881 secs] [Times: user=0.94 sys=2.91, real=0.23 secs] 
2023-10-20T20:53:52.964+0800: 183775.245: [GC (Allocation Failure) 2023-10-20T20:53:52.964+0800: 183775.245: [ParNew: 8147022K->266118K(9175040K), 0.2081320 secs] 40225654K->32352136K(65798144K), 0.2084063 secs] [Times: user=0.89 sys=2.66, real=0.21 secs] 
2023-10-20T20:56:20.885+0800: 183923.166: [GC (Allocation Failure) 2023-10-20T20:56:20.885+0800: 183923.166: [ParNew: 8130438K->342905K(9175040K), 0.2248557 secs] 40216456K->32435903K(65798144K), 0.2252050 secs] [Times: user=0.69 sys=3.15, real=0.23 secs] 
2023-10-20T20:59:10.146+0800: 184092.427: [GC (Allocation Failure) 2023-10-20T20:59:10.146+0800: 184092.427: [ParNew: 8207225K->315552K(9175040K), 0.2154080 secs] 40300223K->32415867K(65798144K), 0.2156938 secs] [Times: user=1.19 sys=2.48, real=0.21 secs] 
2023-10-20T21:01:42.542+0800: 184244.823: [GC (Allocation Failure) 2023-10-20T21:01:42.542+0800: 184244.823: [ParNew: 8179872K->344768K(9175040K), 0.2326324 secs] 40280187K->32452356K(65798144K), 0.2329663 secs] [Times: user=0.82 sys=3.16, real=0.23 secs] 
2023-10-20T21:05:02.967+0800: 184445.248: [GC (Allocation Failure) 2023-10-20T21:05:02.967+0800: 184445.249: [ParNew: 8209088K->292301K(9175040K), 0.1971597 secs] 40316676K->32407109K(65798144K), 0.1974810 secs] [Times: user=0.77 sys=2.60, real=0.19 secs] 
2023-10-20T21:08:31.706+0800: 184653.987: [GC (Allocation Failure) 2023-10-20T21:08:31.706+0800: 184653.987: [ParNew: 8156621K->289353K(9175040K), 0.2339377 secs] 40271429K->32411062K(65798144K), 0.2343167 secs] [Times: user=1.14 sys=2.87, real=0.24 secs] 
2023-10-20T21:11:45.355+0800: 184847.636: [GC (Allocation Failure) 2023-10-20T21:11:45.355+0800: 184847.636: [ParNew: 8153673K->276677K(9175040K), 0.2092614 secs] 40275382K->32405627K(65798144K), 0.2095591 secs] [Times: user=1.24 sys=2.35, real=0.21 secs] 
2023-10-20T21:15:12.060+0800: 185054.342: [GC (Allocation Failure) 2023-10-20T21:15:12.061+0800: 185054.342: [ParNew: 8140997K->267623K(9175040K), 0.1946095 secs] 40269947K->32403901K(65798144K), 0.1948858 secs] [Times: user=0.78 sys=2.53, real=0.19 secs] 
2023-10-20T21:18:16.389+0800: 185238.670: [GC (Allocation Failure) 2023-10-20T21:18:16.389+0800: 185238.670: [ParNew: 8131943K->295771K(9175040K), 0.2142617 secs] 40268221K->32439404K(65798144K), 0.2145418 secs] [Times: user=1.14 sys=2.52, real=0.21 secs] 
2023-10-20T21:20:49.687+0800: 185391.968: [GC (Allocation Failure) 2023-10-20T21:20:49.687+0800: 185391.968: [ParNew: 8160091K->294059K(9175040K), 0.2159389 secs] 40303724K->32444477K(65798144K), 0.2162640 secs] [Times: user=1.12 sys=2.57, real=0.21 secs] 
2023-10-20T21:24:20.030+0800: 185602.311: [GC (Allocation Failure) 2023-10-20T21:24:20.030+0800: 185602.311: [ParNew: 8158379K->283597K(9175040K), 0.2128812 secs] 40308797K->32441363K(65798144K), 0.2131623 secs] [Times: user=0.68 sys=2.96, real=0.21 secs] 
2023-10-20T21:26:25.159+0800: 185727.440: [GC (Allocation Failure) 2023-10-20T21:26:25.159+0800: 185727.440: [ParNew: 8147917K->315425K(9175040K), 0.1993598 secs] 40305683K->32480481K(65798144K), 0.1996360 secs] [Times: user=0.85 sys=2.54, real=0.20 secs] 
2023-10-20T21:28:14.024+0800: 185836.305: [GC (Allocation Failure) 2023-10-20T21:28:14.024+0800: 185836.306: [ParNew: 8179745K->332991K(9175040K), 0.2250412 secs] 40344801K->32505337K(65798144K), 0.2253725 secs] [Times: user=0.77 sys=3.08, real=0.23 secs] 
2023-10-20T21:30:12.098+0800: 185954.379: [GC (Allocation Failure) 2023-10-20T21:30:12.098+0800: 185954.379: [ParNew: 8197311K->356505K(9175040K), 0.2030849 secs] 40369657K->32535957K(65798144K), 0.2033568 secs] [Times: user=0.78 sys=2.70, real=0.20 secs] 
2023-10-20T21:32:39.735+0800: 186102.016: [GC (Allocation Failure) 2023-10-20T21:32:39.735+0800: 186102.017: [ParNew: 8220825K->360211K(9175040K), 0.1976207 secs] 40400277K->32546659K(65798144K), 0.1979125 secs] [Times: user=0.80 sys=2.56, real=0.20 secs] 
2023-10-20T21:34:47.616+0800: 186229.898: [GC (Allocation Failure) 2023-10-20T21:34:47.617+0800: 186229.898: [ParNew: 8224531K->371226K(9175040K), 0.2177802 secs] 40410979K->32565014K(65798144K), 0.2180672 secs] [Times: user=1.05 sys=2.68, real=0.21 secs] 
2023-10-20T21:37:23.542+0800: 186385.823: [GC (Allocation Failure) 2023-10-20T21:37:23.542+0800: 186385.823: [ParNew: 8235546K->318008K(9175040K), 0.1952761 secs] 40429334K->32519079K(65798144K), 0.1955645 secs] [Times: user=0.81 sys=2.51, real=0.20 secs] 
2023-10-20T21:40:07.101+0800: 186549.383: [GC (Allocation Failure) 2023-10-20T21:40:07.102+0800: 186549.383: [ParNew: 8182328K->329855K(9175040K), 0.2161519 secs] 40383399K->32538032K(65798144K), 0.2164391 secs] [Times: user=0.94 sys=2.76, real=0.22 secs] 
2023-10-20T21:42:18.373+0800: 186680.654: [GC (Allocation Failure) 2023-10-20T21:42:18.373+0800: 186680.654: [ParNew: 8194175K->353933K(9175040K), 0.2063860 secs] 40402352K->32569422K(65798144K), 0.2066744 secs] [Times: user=1.08 sys=2.43, real=0.21 secs] 
2023-10-20T21:45:26.398+0800: 186868.679: [GC (Allocation Failure) 2023-10-20T21:45:26.398+0800: 186868.679: [ParNew: 8218253K->321186K(9175040K), 0.1997485 secs] 40433742K->32543832K(65798144K), 0.2000359 secs] [Times: user=1.15 sys=2.25, real=0.20 secs] 
2023-10-20T21:48:01.249+0800: 187023.530: [GC (Allocation Failure) 2023-10-20T21:48:01.249+0800: 187023.530: [ParNew: 8185506K->309661K(9175040K), 0.2139985 secs] 40408152K->32539552K(65798144K), 0.2142859 secs] [Times: user=0.76 sys=2.90, real=0.21 secs] 
2023-10-20T21:50:22.792+0800: 187165.073: [GC (Allocation Failure) 2023-10-20T21:50:22.792+0800: 187165.074: [ParNew: 8173981K->305157K(9175040K), 0.1992970 secs] 40403872K->32541650K(65798144K), 0.1995787 secs] [Times: user=0.95 sys=2.46, real=0.20 secs] 
2023-10-20T21:54:13.976+0800: 187396.257: [GC (Allocation Failure) 2023-10-20T21:54:13.976+0800: 187396.257: [ParNew: 8169477K->276197K(9175040K), 0.2178523 secs] 40405970K->32520128K(65798144K), 0.2181276 secs] [Times: user=0.84 sys=2.89, real=0.21 secs] 
2023-10-20T21:56:52.218+0800: 187554.499: [GC (Allocation Failure) 2023-10-20T21:56:52.218+0800: 187554.499: [ParNew: 8140517K->285723K(9175040K), 0.1941107 secs] 40384448K->32536931K(65798144K), 0.1943837 secs] [Times: user=1.13 sys=2.18, real=0.19 secs] 
2023-10-20T22:00:22.238+0800: 187764.519: [GC (Allocation Failure) 2023-10-20T22:00:22.238+0800: 187764.519: [ParNew: 8150043K->307691K(9175040K), 0.2143834 secs] 40401251K->32566176K(65798144K), 0.2146644 secs] [Times: user=0.74 sys=2.93, real=0.21 secs] 
2023-10-20T22:03:03.133+0800: 187925.414: [GC (Allocation Failure) 2023-10-20T22:03:03.133+0800: 187925.414: [ParNew: 8172011K->257163K(9175040K), 0.1919023 secs] 40430496K->32522343K(65798144K), 0.1922298 secs] [Times: user=0.82 sys=2.44, real=0.19 secs] 
2023-10-20T22:05:11.224+0800: 188053.505: [GC (Allocation Failure) 2023-10-20T22:05:11.224+0800: 188053.505: [ParNew: 8121483K->338203K(9175040K), 0.2268825 secs] 40386663K->32610705K(65798144K), 0.2271954 secs] [Times: user=0.76 sys=3.05, real=0.23 secs] 
2023-10-20T22:07:52.794+0800: 188215.075: [GC (Allocation Failure) 2023-10-20T22:07:52.794+0800: 188215.075: [ParNew: 8202523K->326499K(9175040K), 0.2217132 secs] 40475025K->32606291K(65798144K), 0.2220362 secs] [Times: user=0.96 sys=2.85, real=0.23 secs] 
2023-10-20T22:09:41.745+0800: 188324.026: [GC (Allocation Failure) 2023-10-20T22:09:41.745+0800: 188324.027: [ParNew: 8190819K->334009K(9175040K), 0.2074650 secs] 40470611K->32621113K(65798144K), 0.2077669 secs] [Times: user=0.88 sys=2.60, real=0.21 secs] 
2023-10-20T22:12:29.280+0800: 188491.561: [GC (Allocation Failure) 2023-10-20T22:12:29.280+0800: 188491.562: [ParNew: 8198329K->311763K(9175040K), 0.2344973 secs] 40485433K->32605993K(65798144K), 0.2348240 secs] [Times: user=1.28 sys=2.76, real=0.23 secs] 
2023-10-20T22:15:08.646+0800: 188650.927: [GC (Allocation Failure) 2023-10-20T22:15:08.646+0800: 188650.927: [ParNew: 8176083K->316197K(9175040K), 0.2161351 secs] 40470313K->32617432K(65798144K), 0.2164359 secs] [Times: user=0.85 sys=2.85, real=0.21 secs] 
2023-10-20T22:17:51.407+0800: 188813.688: [GC (Allocation Failure) 2023-10-20T22:17:51.407+0800: 188813.688: [ParNew: 8180517K->315007K(9175040K), 0.2115718 secs] 40481752K->32623499K(65798144K), 0.2118675 secs] [Times: user=1.06 sys=2.56, real=0.21 secs] 
2023-10-20T22:20:05.411+0800: 188947.693: [GC (Allocation Failure) 2023-10-20T22:20:05.412+0800: 188947.693: [ParNew: 8179327K->321550K(9175040K), 0.2125084 secs] 40487819K->32637322K(65798144K), 0.2127781 secs] [Times: user=1.05 sys=2.59, real=0.21 secs] 
2023-10-20T22:23:27.420+0800: 189149.702: [GC (Allocation Failure) 2023-10-20T22:23:27.421+0800: 189149.702: [ParNew: 8185870K->300983K(9175040K), 0.1849270 secs] 40501642K->32624009K(65798144K), 0.1852790 secs] [Times: user=0.80 sys=2.35, real=0.18 secs] 
2023-10-20T22:26:09.538+0800: 189311.820: [GC (Allocation Failure) 2023-10-20T22:26:09.539+0800: 189311.820: [ParNew: 8165303K->305729K(9175040K), 0.2092071 secs] 40488329K->32635560K(65798144K), 0.2094864 secs] [Times: user=1.06 sys=2.51, real=0.21 secs] 
2023-10-20T22:28:14.535+0800: 189436.816: [GC (Allocation Failure) 2023-10-20T22:28:14.535+0800: 189436.816: [ParNew: 8170049K->304304K(9175040K), 0.1939284 secs] 40499880K->32641382K(65798144K), 0.1942059 secs] [Times: user=0.79 sys=2.52, real=0.20 secs] 
2023-10-20T22:31:05.052+0800: 189607.334: [GC (Allocation Failure) 2023-10-20T22:31:05.053+0800: 189607.334: [ParNew: 8168624K->306805K(9175040K), 0.2130304 secs] 40505702K->32651175K(65798144K), 0.2133259 secs] [Times: user=0.67 sys=3.04, real=0.22 secs] 
2023-10-20T22:33:36.205+0800: 189758.486: [GC (Allocation Failure) 2023-10-20T22:33:36.205+0800: 189758.486: [ParNew: 8171125K->304913K(9175040K), 0.2223168 secs] 40515495K->32656625K(65798144K), 0.2225878 secs] [Times: user=1.26 sys=2.56, real=0.23 secs] 
2023-10-20T22:35:39.336+0800: 189881.618: [GC (Allocation Failure) 2023-10-20T22:35:39.337+0800: 189881.618: [ParNew: 8169233K->330525K(9175040K), 0.1942605 secs] 40520945K->32689280K(65798144K), 0.1945330 secs] [Times: user=0.84 sys=2.48, real=0.19 secs] 
2023-10-20T22:37:39.177+0800: 190001.458: [GC (Allocation Failure) 2023-10-20T22:37:39.177+0800: 190001.459: [ParNew: 8194845K->347142K(9175040K), 0.2208218 secs] 40553600K->32713148K(65798144K), 0.2210851 secs] [Times: user=1.13 sys=2.67, real=0.22 secs] 
2023-10-20T22:39:16.246+0800: 190098.527: [GC (Allocation Failure) 2023-10-20T22:39:16.246+0800: 190098.527: [ParNew: 8211462K->358670K(9175040K), 0.2180674 secs] 40577468K->32732025K(65798144K), 0.2183372 secs] [Times: user=1.04 sys=2.68, real=0.21 secs] 
2023-10-20T22:41:28.510+0800: 190230.791: [GC (Allocation Failure) 2023-10-20T22:41:28.510+0800: 190230.791: [ParNew: 8222990K->339639K(9175040K), 0.2505264 secs] 40596345K->32720200K(65798144K), 0.2507939 secs] [Times: user=1.83 sys=2.50, real=0.25 secs] 
2023-10-20T22:42:57.712+0800: 190319.993: [GC (Allocation Failure) 2023-10-20T22:42:57.712+0800: 190319.994: [ParNew: 8203959K->334968K(9175040K), 0.1901359 secs] 40584520K->32722373K(65798144K), 0.1904137 secs] [Times: user=0.87 sys=2.38, real=0.19 secs] 
2023-10-20T22:43:58.809+0800: 190381.090: [GC (Allocation Failure) 2023-10-20T22:43:58.809+0800: 190381.091: [ParNew: 8199288K->380943K(9175040K), 0.1613474 secs] 40586693K->32775736K(65798144K), 0.1616255 secs] [Times: user=1.51 sys=1.20, real=0.16 secs] 
2023-10-20T22:45:51.937+0800: 190494.218: [GC (Allocation Failure) 2023-10-20T22:45:51.937+0800: 190494.218: [ParNew: 8245263K->439414K(9175040K), 0.2308234 secs] 40640056K->32841430K(65798144K), 0.2311167 secs] [Times: user=1.18 sys=2.78, real=0.23 secs] 
2023-10-20T22:47:00.645+0800: 190562.926: [GC (Allocation Failure) 2023-10-20T22:47:00.645+0800: 190562.927: [ParNew: 8303734K->439949K(9175040K), 0.2246934 secs] 40705750K->32849255K(65798144K), 0.2250336 secs] [Times: user=1.21 sys=2.60, real=0.23 secs] 
2023-10-20T22:48:00.340+0800: 190622.621: [GC (Allocation Failure) 2023-10-20T22:48:00.340+0800: 190622.621: [ParNew: 8304269K->452220K(9175040K), 0.2327658 secs] 40713575K->32868739K(65798144K), 0.2330645 secs] [Times: user=1.34 sys=2.65, real=0.23 secs] 
2023-10-20T22:49:37.117+0800: 190719.398: [GC (Allocation Failure) 2023-10-20T22:49:37.117+0800: 190719.398: [ParNew: 8316540K->427593K(9175040K), 0.2110205 secs] 40733059K->32851056K(65798144K), 0.2112986 secs] [Times: user=1.28 sys=2.33, real=0.21 secs] 
2023-10-20T22:51:28.017+0800: 190830.298: [GC (Allocation Failure) 2023-10-20T22:51:28.017+0800: 190830.298: [ParNew: 8291913K->400166K(9175040K), 0.2067971 secs] 40715376K->32830849K(65798144K), 0.2070652 secs] [Times: user=1.06 sys=2.47, real=0.20 secs] 
2023-10-20T22:53:34.769+0800: 190957.050: [GC (Allocation Failure) 2023-10-20T22:53:34.769+0800: 190957.051: [ParNew: 8264486K->353954K(9175040K), 0.2385403 secs] 40695169K->32791868K(65798144K), 0.2388254 secs] [Times: user=1.48 sys=2.62, real=0.24 secs] 
2023-10-20T22:55:05.273+0800: 191047.554: [GC (Allocation Failure) 2023-10-20T22:55:05.273+0800: 191047.554: [ParNew: 8218274K->397348K(9175040K), 0.2146982 secs] 40656188K->32842592K(65798144K), 0.2149681 secs] [Times: user=1.01 sys=2.67, real=0.22 secs] 
2023-10-20T22:57:10.108+0800: 191172.390: [GC (Allocation Failure) 2023-10-20T22:57:10.109+0800: 191172.390: [ParNew: 8261668K->361801K(9175040K), 0.2051485 secs] 40706912K->32813854K(65798144K), 0.2054248 secs] [Times: user=0.86 sys=2.64, real=0.20 secs] 
2023-10-20T22:59:07.099+0800: 191289.380: [GC (Allocation Failure) 2023-10-20T22:59:07.099+0800: 191289.380: [ParNew: 8226121K->339423K(9175040K), 0.2355515 secs] 40678174K->32798740K(65798144K), 0.2358348 secs] [Times: user=1.27 sys=2.78, real=0.23 secs] 
2023-10-20T23:01:06.452+0800: 191408.734: [GC (Allocation Failure) 2023-10-20T23:01:06.452+0800: 191408.734: [ParNew: 8203743K->326153K(9175040K), 0.2057545 secs] 40663060K->32792710K(65798144K), 0.2060264 secs] [Times: user=0.82 sys=2.68, real=0.21 secs] 
2023-10-20T23:02:11.957+0800: 191474.238: [GC (Allocation Failure) 2023-10-20T23:02:11.957+0800: 191474.239: [ParNew: 8190473K->385973K(9175040K), 0.2045677 secs] 40657030K->32859771K(65798144K), 0.2048933 secs] [Times: user=0.85 sys=2.43, real=0.20 secs] 
2023-10-20T23:03:16.130+0800: 191538.412: [GC (Allocation Failure) 2023-10-20T23:03:16.130+0800: 191538.412: [ParNew: 8250293K->409406K(9175040K), 0.2056133 secs] 40724091K->32890488K(65798144K), 0.2059358 secs] [Times: user=0.91 sys=2.60, real=0.21 secs] 
2023-10-20T23:04:46.684+0800: 191628.965: [GC (Allocation Failure) 2023-10-20T23:04:46.684+0800: 191628.965: [ParNew: 8273726K->429211K(9175040K), 0.2183368 secs] 40754808K->32917125K(65798144K), 0.2186354 secs] [Times: user=1.34 sys=2.34, real=0.22 secs] 
2023-10-20T23:05:52.502+0800: 191694.784: [GC (Allocation Failure) 2023-10-20T23:05:52.502+0800: 191694.784: [ParNew: 8293531K->459441K(9175040K), 0.2159880 secs] 40781445K->32954648K(65798144K), 0.2163194 secs] [Times: user=1.40 sys=2.29, real=0.22 secs] 
2023-10-20T23:06:59.620+0800: 191761.901: [GC (Allocation Failure) 2023-10-20T23:06:59.620+0800: 191761.901: [ParNew: 8323761K->476710K(9175040K), 0.2170029 secs] 40818968K->32979141K(65798144K), 0.2173878 secs] [Times: user=1.35 sys=2.31, real=0.22 secs] 
2023-10-20T23:07:52.787+0800: 191815.068: [GC (Allocation Failure) 2023-10-20T23:07:52.787+0800: 191815.068: [ParNew: 8341030K->439378K(9175040K), 0.2172087 secs] 40843461K->32949068K(65798144K), 0.2175463 secs] [Times: user=1.08 sys=2.64, real=0.21 secs] 
2023-10-20T23:09:22.113+0800: 191904.394: [GC (Allocation Failure) 2023-10-20T23:09:22.113+0800: 191904.394: [ParNew: 8303698K->450308K(9175040K), 0.2026640 secs] 40813388K->32967234K(65798144K), 0.2029589 secs] [Times: user=1.51 sys=2.15, real=0.20 secs] 
2023-10-20T23:11:09.475+0800: 192011.756: [GC (Allocation Failure) 2023-10-20T23:11:09.475+0800: 192011.756: [ParNew: 8314628K->413060K(9175040K), 0.2162176 secs] 40831554K->32937053K(65798144K), 0.2164858 secs] [Times: user=1.10 sys=2.62, real=0.22 secs] 
2023-10-20T23:12:28.040+0800: 192090.321: [GC (Allocation Failure) 2023-10-20T23:12:28.040+0800: 192090.322: [ParNew: 8277380K->392749K(9175040K), 0.2259877 secs] 40801373K->32923703K(65798144K), 0.2262677 secs] [Times: user=1.15 sys=2.72, real=0.23 secs] 
2023-10-20T23:14:27.304+0800: 192209.585: [GC (Allocation Failure) 2023-10-20T23:14:27.304+0800: 192209.585: [ParNew: 8257069K->380332K(9175040K), 0.1929186 secs] 40788023K->32918572K(65798144K), 0.1932399 secs] [Times: user=0.81 sys=2.48, real=0.20 secs] 
2023-10-20T23:15:46.720+0800: 192289.001: [GC (Allocation Failure) 2023-10-20T23:15:46.720+0800: 192289.002: [ParNew: 8244652K->381831K(9175040K), 0.1916897 secs] 40782892K->32927298K(65798144K), 0.1919980 secs] [Times: user=0.92 sys=2.34, real=0.19 secs] 
2023-10-20T23:17:35.318+0800: 192397.600: [GC (Allocation Failure) 2023-10-20T23:17:35.318+0800: 192397.600: [ParNew: 8246151K->385587K(9175040K), 0.2038869 secs] 40791618K->32938313K(65798144K), 0.2042008 secs] [Times: user=0.85 sys=2.62, real=0.20 secs] 
2023-10-20T23:18:46.310+0800: 192468.591: [GC (Allocation Failure) 2023-10-20T23:18:46.310+0800: 192468.592: [ParNew: 8249907K->453467K(9175040K), 0.2171470 secs] 40802633K->33013435K(65798144K), 0.2174668 secs] [Times: user=0.65 sys=3.07, real=0.22 secs] 
2023-10-20T23:19:56.817+0800: 192539.098: [GC (Allocation Failure) 2023-10-20T23:19:56.817+0800: 192539.098: [ParNew: 8317787K->443450K(9175040K), 0.2174300 secs] 40877755K->33010461K(65798144K), 0.2177589 secs] [Times: user=0.77 sys=2.95, real=0.21 secs] 
2023-10-20T23:21:13.806+0800: 192616.087: [GC (Allocation Failure) 2023-10-20T23:21:13.806+0800: 192616.087: [ParNew: 8307770K->446379K(9175040K), 0.2275554 secs] 40874781K->33020595K(65798144K), 0.2278449 secs] [Times: user=1.32 sys=2.58, real=0.22 secs] 
2023-10-20T23:22:40.664+0800: 192702.945: [GC (Allocation Failure) 2023-10-20T23:22:40.664+0800: 192702.945: [ParNew: 8310699K->444592K(9175040K), 0.2080939 secs] 40884915K->33026049K(65798144K), 0.2083727 secs] [Times: user=0.98 sys=2.58, real=0.21 secs] 
2023-10-20T23:23:50.615+0800: 192772.897: [GC (Allocation Failure) 2023-10-20T23:23:50.615+0800: 192772.897: [ParNew: 8308912K->417342K(9175040K), 0.2115441 secs] 40890369K->33006045K(65798144K), 0.2118210 secs] [Times: user=1.03 sys=2.58, real=0.22 secs] 
2023-10-20T23:25:17.424+0800: 192859.706: [GC (Allocation Failure) 2023-10-20T23:25:17.425+0800: 192859.706: [ParNew: 8281662K->415201K(9175040K), 0.1941066 secs] 40870365K->33010957K(65798144K), 0.1944353 secs] [Times: user=0.82 sys=2.49, real=0.20 secs] 
2023-10-20T23:26:28.192+0800: 192930.473: [GC (Allocation Failure) 2023-10-20T23:26:28.192+0800: 192930.473: [ParNew: 8279521K->435685K(9175040K), 0.2059698 secs] 40875277K->33038438K(65798144K), 0.2062820 secs] [Times: user=0.88 sys=2.58, real=0.21 secs] 
2023-10-20T23:28:10.062+0800: 193032.343: [GC (Allocation Failure) 2023-10-20T23:28:10.062+0800: 193032.343: [ParNew: 8300005K->437185K(9175040K), 0.2012959 secs] 40902758K->33046836K(65798144K), 0.2015850 secs] [Times: user=1.29 sys=2.15, real=0.20 secs] 
2023-10-20T23:29:11.076+0800: 193093.358: [GC (Allocation Failure) 2023-10-20T23:29:11.076+0800: 193093.358: [ParNew: 8301505K->415326K(9175040K), 0.1921008 secs] 40911156K->33032082K(65798144K), 0.1923888 secs] [Times: user=0.91 sys=2.36, real=0.19 secs] 
2023-10-20T23:30:09.165+0800: 193151.446: [GC (Allocation Failure) 2023-10-20T23:30:09.165+0800: 193151.446: [ParNew: 8279646K->438056K(9175040K), 0.1887599 secs] 40896402K->33062143K(65798144K), 0.1890667 secs] [Times: user=0.91 sys=2.30, real=0.19 secs] 
2023-10-20T23:30:45.498+0800: 193187.779: [GC (Allocation Failure) 2023-10-20T23:30:45.498+0800: 193187.779: [ParNew: 8302376K->447366K(9175040K), 0.1894632 secs] 40926463K->33078669K(65798144K), 0.1897838 secs] [Times: user=1.35 sys=1.87, real=0.19 secs] 
2023-10-20T23:32:15.766+0800: 193278.047: [GC (Allocation Failure) 2023-10-20T23:32:15.766+0800: 193278.047: [ParNew: 8311686K->449120K(9175040K), 0.2076428 secs] 40942989K->33087697K(65798144K), 0.2079628 secs] [Times: user=1.04 sys=2.45, real=0.20 secs] 
2023-10-20T23:33:26.232+0800: 193348.513: [GC (Allocation Failure) 2023-10-20T23:33:26.232+0800: 193348.513: [ParNew: 8313440K->479678K(9175040K), 0.2088604 secs] 40952017K->33125110K(65798144K), 0.2091692 secs] [Times: user=1.07 sys=2.46, real=0.21 secs] 
2023-10-20T23:34:39.222+0800: 193421.503: [GC (Allocation Failure) 2023-10-20T23:34:39.222+0800: 193421.504: [ParNew: 8343998K->494550K(9175040K), 0.2076059 secs] 40989430K->33147208K(65798144K), 0.2078725 secs] [Times: user=1.04 sys=2.51, real=0.21 secs] 
2023-10-20T23:36:49.811+0800: 193552.092: [GC (Allocation Failure) 2023-10-20T23:36:49.811+0800: 193552.092: [ParNew: 8358870K->411276K(9175040K), 0.2462853 secs] 41011528K->33071071K(65798144K), 0.2465805 secs] [Times: user=0.92 sys=3.21, real=0.25 secs] 
2023-10-20T23:38:06.042+0800: 193628.323: [GC (Allocation Failure) 2023-10-20T23:38:06.042+0800: 193628.323: [ParNew: 8275596K->394682K(9175040K), 0.2369790 secs] 40935391K->33061805K(65798144K), 0.2372845 secs] [Times: user=1.22 sys=2.85, real=0.24 secs] 
2023-10-20T23:39:55.913+0800: 193738.194: [GC (Allocation Failure) 2023-10-20T23:39:55.913+0800: 193738.194: [ParNew: 8259002K->370197K(9175040K), 0.2156666 secs] 40926125K->33044449K(65798144K), 0.2159829 secs] [Times: user=0.94 sys=2.76, real=0.22 secs] 
2023-10-20T23:41:10.721+0800: 193813.002: [GC (Allocation Failure) 2023-10-20T23:41:10.721+0800: 193813.002: [ParNew: 8234517K->444448K(9175040K), 0.2127707 secs] 40908769K->33125450K(65798144K), 0.2130611 secs] [Times: user=0.96 sys=2.68, real=0.21 secs] 
2023-10-20T23:42:12.467+0800: 193874.748: [GC (Allocation Failure) 2023-10-20T23:42:12.467+0800: 193874.748: [ParNew: 8308768K->447232K(9175040K), 0.2016745 secs] 40989770K->33135352K(65798144K), 0.2019808 secs] [Times: user=0.87 sys=2.51, real=0.20 secs] 
2023-10-20T23:43:41.577+0800: 193963.859: [GC (Allocation Failure) 2023-10-20T23:43:41.578+0800: 193963.859: [ParNew: 8311552K->432563K(9175040K), 0.1957371 secs] 40999672K->33127879K(65798144K), 0.1960619 secs] [Times: user=0.84 sys=2.45, real=0.19 secs] 
2023-10-20T23:45:37.125+0800: 194079.406: [GC (Allocation Failure) 2023-10-20T23:45:37.125+0800: 194079.406: [ParNew: 8296883K->408995K(9175040K), 0.2075229 secs] 40992199K->33111576K(65798144K), 0.2078151 secs] [Times: user=1.05 sys=2.40, real=0.21 secs] 
2023-10-20T23:46:56.748+0800: 194159.029: [GC (Allocation Failure) 2023-10-20T23:46:56.749+0800: 194159.030: [ParNew: 8273315K->401042K(9175040K), 0.2326076 secs] 40975896K->33110855K(65798144K), 0.2331413 secs] [Times: user=1.05 sys=2.94, real=0.23 secs] 
2023-10-20T23:48:29.558+0800: 194251.839: [GC (Allocation Failure) 2023-10-20T23:48:29.558+0800: 194251.839: [ParNew: 8265362K->374358K(9175040K), 0.2119216 secs] 40975175K->33091250K(65798144K), 0.2122307 secs] [Times: user=0.73 sys=2.89, real=0.21 secs] 
2023-10-20T23:50:01.340+0800: 194343.622: [GC (Allocation Failure) 2023-10-20T23:50:01.341+0800: 194343.622: [ParNew: 8238678K->384689K(9175040K), 0.2071810 secs] 40955570K->33108510K(65798144K), 0.2074596 secs] [Times: user=0.81 sys=2.74, real=0.21 secs] 
2023-10-20T23:52:03.466+0800: 194465.747: [GC (Allocation Failure) 2023-10-20T23:52:03.466+0800: 194465.748: [ParNew: 8249009K->398674K(9175040K), 0.2196135 secs] 40972830K->33129741K(65798144K), 0.2199277 secs] [Times: user=1.02 sys=2.68, real=0.22 secs] 
2023-10-20T23:53:25.425+0800: 194547.707: [GC (Allocation Failure) 2023-10-20T23:53:25.426+0800: 194547.707: [ParNew: 8262994K->378201K(9175040K), 0.2059488 secs] 40994061K->33116226K(65798144K), 0.2062427 secs] [Times: user=1.34 sys=2.18, real=0.21 secs] 
2023-10-20T23:54:52.216+0800: 194634.497: [GC (Allocation Failure) 2023-10-20T23:54:52.216+0800: 194634.497: [ParNew: 8242521K->375496K(9175040K), 0.2347027 secs] 40980546K->33120750K(65798144K), 0.2349888 secs] [Times: user=1.15 sys=2.88, real=0.23 secs] 
2023-10-20T23:57:08.042+0800: 194770.323: [GC (Allocation Failure) 2023-10-20T23:57:08.042+0800: 194770.324: [ParNew: 8239816K->386448K(9175040K), 0.2052806 secs] 40985070K->33138874K(65798144K), 0.2055642 secs] [Times: user=0.90 sys=2.51, real=0.21 secs] 
2023-10-20T23:58:43.729+0800: 194866.011: [GC (Allocation Failure) 2023-10-20T23:58:43.730+0800: 194866.011: [ParNew: 8250768K->373953K(9175040K), 0.1935574 secs] 41003194K->33133397K(65798144K), 0.1938710 secs] [Times: user=0.85 sys=2.41, real=0.19 secs] 
2023-10-21T00:00:56.705+0800: 194998.987: [GC (Allocation Failure) 2023-10-21T00:00:56.706+0800: 194998.987: [ParNew: 8238273K->325036K(9175040K), 0.2242721 secs] 40997717K->33091465K(65798144K), 0.2246517 secs] [Times: user=0.75 sys=3.10, real=0.23 secs] 
2023-10-21T00:02:40.725+0800: 195103.006: [GC (Allocation Failure) 2023-10-21T00:02:40.725+0800: 195103.006: [ParNew: 8189356K->367108K(9175040K), 0.2074536 secs] 40955785K->33140731K(65798144K), 0.2078790 secs] [Times: user=0.73 sys=2.82, real=0.21 secs] 
2023-10-21T00:04:45.204+0800: 195227.485: [GC (Allocation Failure) 2023-10-21T00:04:45.204+0800: 195227.485: [ParNew: 8231428K->352782K(9175040K), 0.1925355 secs] 41005051K->33133642K(65798144K), 0.1928429 secs] [Times: user=0.82 sys=2.46, real=0.20 secs] 
2023-10-21T00:06:08.135+0800: 195310.416: [GC (Allocation Failure) 2023-10-21T00:06:08.135+0800: 195310.416: [ParNew: 8217102K->393561K(9175040K), 0.1788590 secs] 40997962K->33181637K(65798144K), 0.1791456 secs] [Times: user=0.87 sys=2.17, real=0.18 secs] 
2023-10-21T00:08:04.111+0800: 195426.392: [GC (Allocation Failure) 2023-10-21T00:08:04.111+0800: 195426.392: [ParNew: 8257881K->408035K(9175040K), 0.2300268 secs] 41045957K->33203256K(65798144K), 0.2303201 secs] [Times: user=0.80 sys=3.14, real=0.23 secs] 
2023-10-21T00:10:03.696+0800: 195545.977: [GC (Allocation Failure) 2023-10-21T00:10:03.696+0800: 195545.977: [ParNew: 8272355K->336252K(9175040K), 0.2078259 secs] 41067576K->33138479K(65798144K), 0.2081239 secs] [Times: user=0.71 sys=2.84, real=0.20 secs] 
2023-10-21T00:12:16.216+0800: 195678.497: [GC (Allocation Failure) 2023-10-21T00:12:16.216+0800: 195678.497: [ParNew: 8200572K->317432K(9175040K), 0.1873346 secs] 41002799K->33126660K(65798144K), 0.1876245 secs] [Times: user=0.84 sys=2.35, real=0.18 secs] 
2023-10-21T00:15:39.503+0800: 195881.784: [GC (Allocation Failure) 2023-10-21T00:15:39.503+0800: 195881.784: [ParNew: 8181752K->292162K(9175040K), 0.2024406 secs] 40990980K->33108559K(65798144K), 0.2027145 secs] [Times: user=0.58 sys=2.88, real=0.20 secs] 
2023-10-21T00:17:40.254+0800: 196002.535: [GC (Allocation Failure) 2023-10-21T00:17:40.254+0800: 196002.536: [ParNew: 8156482K->326874K(9175040K), 0.1916810 secs] 40972879K->33150532K(65798144K), 0.1920016 secs] [Times: user=0.83 sys=2.44, real=0.20 secs] 
2023-10-21T00:20:01.024+0800: 196143.305: [GC (Allocation Failure) 2023-10-21T00:20:01.024+0800: 196143.305: [ParNew: 8191194K->309458K(9175040K), 0.2090818 secs] 41014852K->33140316K(65798144K), 0.2093578 secs] [Times: user=0.72 sys=2.85, real=0.21 secs] 
2023-10-21T00:21:58.221+0800: 196260.502: [GC (Allocation Failure) 2023-10-21T00:21:58.221+0800: 196260.502: [ParNew: 8173778K->358710K(9175040K), 0.2034560 secs] 41004636K->33196781K(65798144K), 0.2037690 secs] [Times: user=0.87 sys=2.60, real=0.20 secs] 
2023-10-21T00:23:52.790+0800: 196375.072: [GC (Allocation Failure) 2023-10-21T00:23:52.791+0800: 196375.072: [ParNew: 8223030K->344430K(9175040K), 0.2172543 secs] 41061101K->33189279K(65798144K), 0.2176622 secs] [Times: user=0.95 sys=2.77, real=0.22 secs] 
2023-10-21T00:25:02.253+0800: 196444.534: [GC (Allocation Failure) 2023-10-21T00:25:02.253+0800: 196444.534: [ParNew: 8208750K->370968K(9175040K), 0.2164735 secs] 41053599K->33223021K(65798144K), 0.2168525 secs] [Times: user=0.77 sys=2.94, real=0.22 secs] 
2023-10-21T00:26:09.688+0800: 196511.969: [GC (Allocation Failure) 2023-10-21T00:26:09.688+0800: 196511.969: [ParNew: 8235288K->422475K(9175040K), 0.2137907 secs] 41087341K->33281935K(65798144K), 0.2141153 secs] [Times: user=0.79 sys=2.83, real=0.21 secs] 
2023-10-21T00:27:41.357+0800: 196603.638: [GC (Allocation Failure) 2023-10-21T00:27:41.357+0800: 196603.638: [ParNew: 8286795K->420074K(9175040K), 0.2217517 secs] 41146255K->33286543K(65798144K), 0.2221230 secs] [Times: user=0.94 sys=2.87, real=0.22 secs] 
2023-10-21T00:28:45.745+0800: 196668.026: [GC (Allocation Failure) 2023-10-21T00:28:45.745+0800: 196668.027: [ParNew: 8284394K->422304K(9175040K), 0.2202477 secs] 41150863K->33295857K(65798144K), 0.2205443 secs] [Times: user=1.28 sys=2.50, real=0.23 secs] 
2023-10-21T00:29:57.962+0800: 196740.243: [GC (Allocation Failure) 2023-10-21T00:29:57.962+0800: 196740.243: [ParNew: 8286624K->447031K(9175040K), 0.2165543 secs] 41160177K->33327573K(65798144K), 0.2168676 secs] [Times: user=0.99 sys=2.59, real=0.22 secs] 
2023-10-21T00:31:01.178+0800: 196803.460: [GC (Allocation Failure) 2023-10-21T00:31:01.179+0800: 196803.460: [ParNew: 8311351K->431041K(9175040K), 0.2193032 secs] 41191893K->33318548K(65798144K), 0.2195889 secs] [Times: user=1.56 sys=2.19, real=0.22 secs] 
2023-10-21T00:32:17.668+0800: 196879.949: [GC (Allocation Failure) 2023-10-21T00:32:17.668+0800: 196879.949: [ParNew: 8295361K->432228K(9175040K), 0.2112751 secs] 41182868K->33326896K(65798144K), 0.2116180 secs] [Times: user=1.51 sys=2.10, real=0.21 secs] 
2023-10-21T00:33:14.454+0800: 196936.735: [GC (Allocation Failure) 2023-10-21T00:33:14.454+0800: 196936.735: [ParNew: 8296548K->445222K(9175040K), 0.2023192 secs] 41191216K->33347073K(65798144K), 0.2026244 secs] [Times: user=1.03 sys=2.36, real=0.21 secs] 
2023-10-21T00:34:09.298+0800: 196991.579: [GC (Allocation Failure) 2023-10-21T00:34:09.298+0800: 196991.580: [ParNew: 8309542K->474371K(9175040K), 0.2090937 secs] 41211393K->33383125K(65798144K), 0.2093890 secs] [Times: user=1.06 sys=2.52, real=0.21 secs] 
2023-10-21T00:35:29.264+0800: 197071.545: [GC (Allocation Failure) 2023-10-21T00:35:29.264+0800: 197071.546: [ParNew: 8338691K->446992K(9175040K), 0.2138438 secs] 41247445K->33363024K(65798144K), 0.2141127 secs] [Times: user=1.04 sys=2.62, real=0.22 secs] 
2023-10-21T00:36:38.213+0800: 197140.494: [GC (Allocation Failure) 2023-10-21T00:36:38.213+0800: 197140.495: [ParNew: 8311312K->488026K(9175040K), 0.1995969 secs] 41227344K->33411339K(65798144K), 0.1998826 secs] [Times: user=1.06 sys=2.34, real=0.20 secs] 
2023-10-21T00:37:46.413+0800: 197208.694: [GC (Allocation Failure) 2023-10-21T00:37:46.413+0800: 197208.694: [ParNew: 8352346K->449433K(9175040K), 0.2047365 secs] 41275659K->33380004K(65798144K), 0.2050674 secs] [Times: user=1.02 sys=2.41, real=0.21 secs] 
2023-10-21T00:38:45.140+0800: 197267.421: [GC (Allocation Failure) 2023-10-21T00:38:45.140+0800: 197267.422: [ParNew: 8313753K->453469K(9175040K), 0.1994236 secs] 41244324K->33391175K(65798144K), 0.1997253 secs] [Times: user=1.09 sys=2.32, real=0.20 secs] 
2023-10-21T00:39:51.407+0800: 197333.688: [GC (Allocation Failure) 2023-10-21T00:39:51.407+0800: 197333.688: [ParNew: 8317789K->467860K(9175040K), 0.2007064 secs] 41255495K->33412608K(65798144K), 0.2010576 secs] [Times: user=1.03 sys=2.33, real=0.20 secs] 
2023-10-21T00:40:52.116+0800: 197394.398: [GC (Allocation Failure) 2023-10-21T00:40:52.117+0800: 197394.398: [ParNew: 8332180K->516276K(9175040K), 0.2161781 secs] 41276928K->33468306K(65798144K), 0.2165131 secs] [Times: user=1.02 sys=2.63, real=0.21 secs] 
2023-10-21T00:42:16.898+0800: 197479.180: [GC (Allocation Failure) 2023-10-21T00:42:16.899+0800: 197479.180: [ParNew: 8380596K->420755K(9175040K), 0.2307169 secs] 41332626K->33379998K(65798144K), 0.2310087 secs] [Times: user=1.26 sys=2.70, real=0.23 secs] 
2023-10-21T00:43:10.660+0800: 197532.941: [GC (Allocation Failure) 2023-10-21T00:43:10.660+0800: 197532.941: [ParNew: 8285075K->464833K(9175040K), 0.2241269 secs] 41244318K->33431271K(65798144K), 0.2244789 secs] [Times: user=0.88 sys=2.95, real=0.22 secs] 
2023-10-21T00:44:18.838+0800: 197601.119: [GC (Allocation Failure) 2023-10-21T00:44:18.838+0800: 197601.119: [ParNew: 8329153K->440331K(9175040K), 0.2116214 secs] 41295591K->33413942K(65798144K), 0.2119258 secs] [Times: user=0.74 sys=2.88, real=0.21 secs] 
2023-10-21T00:45:36.320+0800: 197678.601: [GC (Allocation Failure) 2023-10-21T00:45:36.320+0800: 197678.601: [ParNew: 8304651K->449847K(9175040K), 0.2261235 secs] 41278262K->33430230K(65798144K), 0.2264043 secs] [Times: user=1.31 sys=2.53, real=0.23 secs] 
2023-10-21T00:46:41.335+0800: 197743.616: [GC (Allocation Failure) 2023-10-21T00:46:41.335+0800: 197743.616: [ParNew: 8314167K->471525K(9175040K), 0.2183062 secs] 41294550K->33459099K(65798144K), 0.2185997 secs] [Times: user=1.15 sys=2.58, real=0.22 secs] 
2023-10-21T00:47:37.687+0800: 197799.968: [GC (Allocation Failure) 2023-10-21T00:47:37.687+0800: 197799.968: [ParNew: 8335845K->455620K(9175040K), 0.2076037 secs] 41323419K->33450384K(65798144K), 0.2079373 secs] [Times: user=1.23 sys=2.31, real=0.20 secs] 
2023-10-21T00:48:29.873+0800: 197852.154: [GC (Allocation Failure) 2023-10-21T00:48:29.873+0800: 197852.154: [ParNew: 8319940K->466464K(9175040K), 0.2342531 secs] 41314704K->33468627K(65798144K), 0.2346057 secs] [Times: user=1.32 sys=2.70, real=0.24 secs] 
2023-10-21T00:49:44.549+0800: 197926.830: [GC (Allocation Failure) 2023-10-21T00:49:44.549+0800: 197926.831: [ParNew: 8330784K->464967K(9175040K), 0.2394389 secs] 41332947K->33474369K(65798144K), 0.2397657 secs] [Times: user=1.37 sys=2.75, real=0.24 secs] 
2023-10-21T00:51:09.510+0800: 198011.791: [GC (Allocation Failure) 2023-10-21T00:51:09.510+0800: 198011.791: [ParNew: 8329287K->461192K(9175040K), 0.2146222 secs] 41338689K->33477650K(65798144K), 0.2149383 secs] [Times: user=1.14 sys=2.54, real=0.21 secs] 
2023-10-21T00:51:53.616+0800: 198055.897: [GC (Allocation Failure) 2023-10-21T00:51:53.616+0800: 198055.897: [ParNew: 8325512K->520729K(9175040K), 0.2074368 secs] 41341970K->33544209K(65798144K), 0.2077786 secs] [Times: user=1.40 sys=2.15, real=0.20 secs] 
2023-10-21T00:52:32.517+0800: 198094.798: [GC (Allocation Failure) 2023-10-21T00:52:32.517+0800: 198094.798: [ParNew: 8385049K->586439K(9175040K), 0.1452093 secs] 41408529K->33617134K(65798144K), 0.1455273 secs] [Times: user=0.98 sys=1.44, real=0.14 secs] 
2023-10-21T00:53:17.908+0800: 198140.189: [GC (Allocation Failure) 2023-10-21T00:53:17.908+0800: 198140.189: [ParNew: 8450759K->508297K(9175040K), 0.2003775 secs] 41481454K->33546173K(65798144K), 0.2006605 secs] [Times: user=1.27 sys=2.15, real=0.20 secs] 
2023-10-21T00:54:02.775+0800: 198185.056: [GC (Allocation Failure) 2023-10-21T00:54:02.775+0800: 198185.057: [ParNew: 8372617K->492823K(9175040K), 0.1840494 secs] 41410493K->33537866K(65798144K), 0.1843609 secs] [Times: user=1.25 sys=1.88, real=0.19 secs] 
2023-10-21T00:54:46.904+0800: 198229.186: [GC (Allocation Failure) 2023-10-21T00:54:46.904+0800: 198229.186: [ParNew: 8357143K->532975K(9175040K), 0.2020615 secs] 41402186K->33585171K(65798144K), 0.2023941 secs] [Times: user=1.13 sys=2.32, real=0.21 secs] 
2023-10-21T00:55:26.159+0800: 198268.440: [GC (Allocation Failure) 2023-10-21T00:55:26.159+0800: 198268.440: [ParNew: 8397295K->571474K(9175040K), 0.2118392 secs] 41449491K->33630793K(65798144K), 0.2122032 secs] [Times: user=1.52 sys=2.11, real=0.21 secs] 
2023-10-21T00:55:57.122+0800: 198299.404: [GC (Allocation Failure) 2023-10-21T00:55:57.122+0800: 198299.404: [ParNew: 8435794K->604399K(9175040K), 0.1396166 secs] 41495113K->33670569K(65798144K), 0.1399382 secs] [Times: user=1.60 sys=0.72, real=0.14 secs] 
2023-10-21T00:56:38.771+0800: 198341.053: [GC (Allocation Failure) 2023-10-21T00:56:38.771+0800: 198341.053: [ParNew: 8468719K->586877K(9175040K), 0.1844844 secs] 41534889K->33660160K(65798144K), 0.1848279 secs] [Times: user=1.29 sys=1.84, real=0.19 secs] 
2023-10-21T00:57:19.709+0800: 198381.990: [GC (Allocation Failure) 2023-10-21T00:57:19.709+0800: 198381.991: [ParNew: 8451197K->593699K(9175040K), 0.1956346 secs] 41524480K->33674147K(65798144K), 0.1959571 secs] [Times: user=1.21 sys=2.12, real=0.19 secs] 
2023-10-21T00:57:48.554+0800: 198410.835: [GC (Allocation Failure) 2023-10-21T00:57:48.554+0800: 198410.835: [ParNew: 8458019K->608552K(9175040K), 0.1861507 secs] 41538467K->33696625K(65798144K), 0.1864768 secs] [Times: user=1.35 sys=1.80, real=0.19 secs] 
2023-10-21T00:58:18.814+0800: 198441.095: [GC (Allocation Failure) 2023-10-21T00:58:18.814+0800: 198441.096: [ParNew: 8472872K->693204K(9175040K), 0.1540610 secs] 41560945K->33788448K(65798144K), 0.1543573 secs] [Times: user=1.32 sys=1.27, real=0.16 secs] 
2023-10-21T00:59:04.714+0800: 198486.995: [GC (Allocation Failure) 2023-10-21T00:59:04.714+0800: 198486.996: [ParNew: 8557524K->633452K(9175040K), 0.2013913 secs] 41652768K->33735653K(65798144K), 0.2017078 secs] [Times: user=1.19 sys=2.25, real=0.21 secs] 
2023-10-21T00:59:42.361+0800: 198524.642: [GC (Allocation Failure) 2023-10-21T00:59:42.361+0800: 198524.642: [ParNew: 8497772K->652763K(9175040K), 0.1954895 secs] 41599973K->33761833K(65798144K), 0.1957873 secs] [Times: user=1.50 sys=1.83, real=0.20 secs] 
2023-10-21T01:00:23.029+0800: 198565.310: [GC (Allocation Failure) 2023-10-21T01:00:23.029+0800: 198565.310: [ParNew: 8517083K->632392K(9175040K), 0.2242073 secs] 41626153K->33748546K(65798144K), 0.2245567 secs] [Times: user=1.15 sys=2.68, real=0.22 secs] 
2023-10-21T01:01:08.470+0800: 198610.751: [GC (Allocation Failure) 2023-10-21T01:01:08.470+0800: 198610.752: [ParNew: 8496712K->606408K(9175040K), 0.1498100 secs] 41612866K->33729602K(65798144K), 0.1501267 secs] [Times: user=1.31 sys=1.21, real=0.15 secs] 
2023-10-21T01:01:44.785+0800: 198647.066: [GC (Allocation Failure) 2023-10-21T01:01:44.785+0800: 198647.067: [ParNew: 8470728K->606341K(9175040K), 0.2040760 secs] 41593922K->33736602K(65798144K), 0.2044009 secs] [Times: user=1.69 sys=1.70, real=0.21 secs] 
2023-10-21T01:02:17.816+0800: 198680.097: [GC (Allocation Failure) 2023-10-21T01:02:17.816+0800: 198680.097: [ParNew: 8470661K->711056K(9175040K), 0.2071506 secs] 41600922K->33848122K(65798144K), 0.2074948 secs] [Times: user=1.83 sys=1.70, real=0.20 secs] 
2023-10-21T01:03:16.757+0800: 198739.038: [GC (Allocation Failure) 2023-10-21T01:03:16.757+0800: 198739.038: [ParNew: 8575376K->640796K(9175040K), 0.2285928 secs] 41712442K->33784279K(65798144K), 0.2289335 secs] [Times: user=1.48 sys=2.39, real=0.23 secs] 
2023-10-21T01:03:50.949+0800: 198773.230: [GC (Allocation Failure) 2023-10-21T01:03:50.949+0800: 198773.230: [ParNew: 8505116K->575677K(9175040K), 0.1957983 secs] 41648599K->33725895K(65798144K), 0.1961861 secs] [Times: user=1.34 sys=1.93, real=0.19 secs] 
2023-10-21T01:04:24.267+0800: 198806.548: [GC (Allocation Failure) 2023-10-21T01:04:24.267+0800: 198806.548: [ParNew: 8439997K->646902K(9175040K), 0.1644237 secs] 41590215K->33803655K(65798144K), 0.1647560 secs] [Times: user=1.25 sys=1.47, real=0.16 secs] 
2023-10-21T01:05:19.744+0800: 198862.025: [GC (Allocation Failure) 2023-10-21T01:05:19.744+0800: 198862.026: [ParNew: 8511222K->586353K(9175040K), 0.2096681 secs] 41667975K->33749636K(65798144K), 0.2099908 secs] [Times: user=1.26 sys=2.32, real=0.21 secs] 
2023-10-21T01:05:59.632+0800: 198901.914: [GC (Allocation Failure) 2023-10-21T01:05:59.633+0800: 198901.914: [ParNew: 8450673K->636303K(9175040K), 0.2016973 secs] 41613956K->33805910K(65798144K), 0.2020002 secs] [Times: user=1.77 sys=1.66, real=0.20 secs] 
2023-10-21T01:06:34.366+0800: 198936.647: [GC (Allocation Failure) 2023-10-21T01:06:34.366+0800: 198936.647: [ParNew: 8500623K->642793K(9175040K), 0.2078593 secs] 41670230K->33819065K(65798144K), 0.2081906 secs] [Times: user=1.61 sys=1.93, real=0.20 secs] 
2023-10-21T01:07:11.202+0800: 198973.484: [GC (Allocation Failure) 2023-10-21T01:07:11.203+0800: 198973.484: [ParNew: 8507113K->622235K(9175040K), 0.1806169 secs] 41683385K->33805459K(65798144K), 0.1809192 secs] [Times: user=1.26 sys=1.80, real=0.18 secs] 
2023-10-21T01:07:43.697+0800: 199005.978: [GC (Allocation Failure) 2023-10-21T01:07:43.697+0800: 199005.978: [ParNew: 8486555K->685643K(9175040K), 0.1483254 secs] 41669779K->33875577K(65798144K), 0.1486521 secs] [Times: user=1.73 sys=0.75, real=0.14 secs] 
2023-10-21T01:08:42.934+0800: 199065.215: [GC (Allocation Failure) 2023-10-21T01:08:42.934+0800: 199065.216: [ParNew: 8549963K->631086K(9175040K), 0.2090863 secs] 41739897K->33827321K(65798144K), 0.2094013 secs] [Times: user=1.11 sys=2.46, real=0.21 secs] 
2023-10-21T01:09:42.450+0800: 199124.732: [GC (Allocation Failure) 2023-10-21T01:09:42.451+0800: 199124.732: [ParNew: 8495406K->619097K(9175040K), 0.2130376 secs] 41691641K->33821649K(65798144K), 0.2133526 secs] [Times: user=1.15 sys=2.45, real=0.21 secs] 
2023-10-21T01:10:21.688+0800: 199163.969: [GC (Allocation Failure) 2023-10-21T01:10:21.688+0800: 199163.969: [ParNew: 8483417K->585331K(9175040K), 0.1943801 secs] 41685969K->33794714K(65798144K), 0.1947066 secs] [Times: user=1.27 sys=2.04, real=0.19 secs] 
2023-10-21T01:11:07.173+0800: 199209.454: [GC (Allocation Failure) 2023-10-21T01:11:07.173+0800: 199209.454: [ParNew: 8449651K->592052K(9175040K), 0.2258110 secs] 41659034K->33808418K(65798144K), 0.2261891 secs] [Times: user=1.57 sys=2.25, real=0.23 secs] 
2023-10-21T01:12:20.461+0800: 199282.742: [GC (Allocation Failure) 2023-10-21T01:12:20.461+0800: 199282.742: [ParNew: 8456372K->528585K(9175040K), 0.2367484 secs] 41672738K->33751772K(65798144K), 0.2370640 secs] [Times: user=1.36 sys=2.66, real=0.24 secs] 
2023-10-21T01:13:16.853+0800: 199339.134: [GC (Allocation Failure) 2023-10-21T01:13:16.853+0800: 199339.134: [ParNew: 8392905K->539087K(9175040K), 0.2357252 secs] 41616092K->33768951K(65798144K), 0.2361189 secs] [Times: user=1.48 sys=2.52, real=0.24 secs] 
2023-10-21T01:14:12.168+0800: 199394.450: [GC (Allocation Failure) 2023-10-21T01:14:12.169+0800: 199394.450: [ParNew: 8403407K->503766K(9175040K), 0.2188143 secs] 41633271K->33740063K(65798144K), 0.2192221 secs] [Times: user=0.78 sys=2.91, real=0.22 secs] 
2023-10-21T01:15:01.418+0800: 199443.699: [GC (Allocation Failure) 2023-10-21T01:15:01.418+0800: 199443.700: [ParNew: 8368086K->546995K(9175040K), 0.2138273 secs] 41604383K->33790496K(65798144K), 0.2142329 secs] [Times: user=1.33 sys=2.32, real=0.21 secs] 
2023-10-21T01:15:52.016+0800: 199494.297: [GC (Allocation Failure) 2023-10-21T01:15:52.016+0800: 199494.297: [ParNew: 8411315K->541103K(9175040K), 0.1940353 secs] 41654816K->33791566K(65798144K), 0.1943292 secs] [Times: user=1.08 sys=2.21, real=0.19 secs] 
2023-10-21T01:16:49.467+0800: 199551.748: [GC (Allocation Failure) 2023-10-21T01:16:49.467+0800: 199551.748: [ParNew: 8405423K->490677K(9175040K), 0.2140851 secs] 41655886K->33748074K(65798144K), 0.2144332 secs] [Times: user=1.11 sys=2.52, real=0.21 secs] 
2023-10-21T01:17:44.522+0800: 199606.804: [GC (Allocation Failure) 2023-10-21T01:17:44.523+0800: 199606.804: [ParNew: 8354997K->521106K(9175040K), 0.2065716 secs] 41612394K->33785634K(65798144K), 0.2069202 secs] [Times: user=1.37 sys=2.15, real=0.21 secs] 
2023-10-21T01:18:28.919+0800: 199651.200: [GC (Allocation Failure) 2023-10-21T01:18:28.919+0800: 199651.200: [ParNew: 8385426K->556885K(9175040K), 0.1576615 secs] 41649954K->33828644K(65798144K), 0.1580093 secs] [Times: user=1.47 sys=1.17, real=0.16 secs] 
2023-10-21T01:19:06.449+0800: 199688.730: [GC (Allocation Failure) 2023-10-21T01:19:06.449+0800: 199688.730: [ParNew: 8421205K->545803K(9175040K), 0.1997720 secs] 41692964K->33824648K(65798144K), 0.2000930 secs] [Times: user=1.44 sys=1.97, real=0.20 secs] 
2023-10-21T01:19:55.568+0800: 199737.849: [GC (Allocation Failure) 2023-10-21T01:19:55.568+0800: 199737.850: [ParNew: 8410123K->534787K(9175040K), 0.2059192 secs] 41688968K->33820440K(65798144K), 0.2062475 secs] [Times: user=1.58 sys=1.92, real=0.20 secs] 
2023-10-21T01:20:32.707+0800: 199774.988: [GC (Allocation Failure) 2023-10-21T01:20:32.707+0800: 199774.988: [ParNew: 8399107K->558455K(9175040K), 0.2068088 secs] 41684760K->33851346K(65798144K), 0.2071261 secs] [Times: user=1.69 sys=1.83, real=0.20 secs] 
2023-10-21T01:21:05.318+0800: 199807.599: [GC (Allocation Failure) 2023-10-21T01:21:05.318+0800: 199807.599: [ParNew: 8422775K->593325K(9175040K), 0.1354388 secs] 41715666K->33893688K(65798144K), 0.1357659 secs] [Times: user=1.42 sys=0.82, real=0.13 secs] 
2023-10-21T01:21:41.952+0800: 199844.233: [GC (Allocation Failure) 2023-10-21T01:21:41.952+0800: 199844.233: [ParNew: 8457645K->580733K(9175040K), 0.1971828 secs] 41758008K->33888967K(65798144K), 0.1974850 secs] [Times: user=1.80 sys=1.55, real=0.20 secs] 
2023-10-21T01:22:20.678+0800: 199882.959: [GC (Allocation Failure) 2023-10-21T01:22:20.678+0800: 199882.959: [ParNew: 8445053K->663848K(9175040K), 0.2312254 secs] 41753287K->33979514K(65798144K), 0.2315576 secs] [Times: user=1.89 sys=2.07, real=0.23 secs] 
2023-10-21T01:23:11.459+0800: 199933.740: [GC (Allocation Failure) 2023-10-21T01:23:11.459+0800: 199933.740: [ParNew: 8528168K->629451K(9175040K), 0.2244325 secs] 41843834K->33952624K(65798144K), 0.2247360 secs] [Times: user=1.62 sys=2.22, real=0.22 secs] 
2023-10-21T01:23:58.593+0800: 199980.874: [GC (Allocation Failure) 2023-10-21T01:23:58.593+0800: 199980.874: [ParNew: 8493771K->602269K(9175040K), 0.2236290 secs] 41816944K->33933064K(65798144K), 0.2239371 secs] [Times: user=1.09 sys=2.73, real=0.23 secs] 
2023-10-21T01:24:36.522+0800: 200018.803: [GC (Allocation Failure) 2023-10-21T01:24:36.522+0800: 200018.803: [ParNew: 8466589K->614293K(9175040K), 0.1909899 secs] 41797384K->33952664K(65798144K), 0.1913364 secs] [Times: user=1.26 sys=1.97, real=0.19 secs] 
2023-10-21T01:25:13.330+0800: 200055.611: [GC (Allocation Failure) 2023-10-21T01:25:13.330+0800: 200055.612: [ParNew: 8478613K->711649K(9175040K), 0.1683526 secs] 41816984K->34057440K(65798144K), 0.1686478 secs] [Times: user=1.32 sys=1.52, real=0.17 secs] 
2023-10-21T01:25:46.689+0800: 200088.971: [GC (Allocation Failure) 2023-10-21T01:25:46.690+0800: 200088.971: [ParNew: 8575969K->662786K(9175040K), 0.1869114 secs] 41921760K->34016177K(65798144K), 0.1872146 secs] [Times: user=1.41 sys=1.75, real=0.19 secs] 
2023-10-21T01:26:24.148+0800: 200126.429: [GC (Allocation Failure) 2023-10-21T01:26:24.148+0800: 200126.429: [ParNew: 8527106K->664373K(9175040K), 0.2083508 secs] 41880497K->34025346K(65798144K), 0.2086572 secs] [Times: user=1.13 sys=2.42, real=0.21 secs] 
2023-10-21T01:27:05.593+0800: 200167.875: [GC (Allocation Failure) 2023-10-21T01:27:05.594+0800: 200167.875: [ParNew: 8528693K->630716K(9175040K), 0.1338701 secs] 41889666K->33999260K(65798144K), 0.1342253 secs] [Times: user=1.21 sys=1.01, real=0.14 secs] 
2023-10-21T01:27:40.089+0800: 200202.370: [GC (Allocation Failure) 2023-10-21T01:27:40.089+0800: 200202.371: [ParNew: 8495036K->571062K(9175040K), 0.1959697 secs] 41863580K->33947313K(65798144K), 0.1962795 secs] [Times: user=1.27 sys=2.06, real=0.19 secs] 
2023-10-21T01:28:21.792+0800: 200244.073: [GC (Allocation Failure) 2023-10-21T01:28:21.792+0800: 200244.073: [ParNew: 8435382K->653560K(9175040K), 0.1915843 secs] 41811633K->34037259K(65798144K), 0.1918697 secs] [Times: user=1.28 sys=1.99, real=0.19 secs] 
2023-10-21T01:28:59.114+0800: 200281.395: [GC (Allocation Failure) 2023-10-21T01:28:59.114+0800: 200281.395: [ParNew: 8517880K->652336K(9175040K), 0.2087066 secs] 41901579K->34042981K(65798144K), 0.2090373 secs] [Times: user=1.72 sys=1.83, real=0.21 secs] 
2023-10-21T01:29:35.918+0800: 200318.199: [GC (Allocation Failure) 2023-10-21T01:29:35.918+0800: 200318.200: [ParNew: 8516656K->679499K(9175040K), 0.1717768 secs] 41907301K->34077566K(65798144K), 0.1720764 secs] [Times: user=1.27 sys=1.61, real=0.17 secs] 
2023-10-21T01:30:22.784+0800: 200365.065: [GC (Allocation Failure) 2023-10-21T01:30:22.784+0800: 200365.065: [ParNew: 8543819K->683954K(9175040K), 0.1536932 secs] 41941886K->34089279K(65798144K), 0.1539862 secs] [Times: user=1.07 sys=1.50, real=0.16 secs] 
2023-10-21T01:30:59.659+0800: 200401.940: [GC (Allocation Failure) 2023-10-21T01:30:59.659+0800: 200401.940: [ParNew: 8548274K->640367K(9175040K), 0.1804561 secs] 41953599K->34052850K(65798144K), 0.1807514 secs] [Times: user=1.33 sys=1.73, real=0.18 secs] 
2023-10-21T01:31:32.041+0800: 200434.323: [GC (Allocation Failure) 2023-10-21T01:31:32.041+0800: 200434.323: [ParNew: 8504687K->682523K(9175040K), 0.1931798 secs] 41917170K->34102119K(65798144K), 0.1935635 secs] [Times: user=1.38 sys=1.89, real=0.19 secs] 
2023-10-21T01:32:01.512+0800: 200463.794: [GC (Allocation Failure) 2023-10-21T01:32:01.513+0800: 200463.794: [ParNew: 8546843K->628661K(9175040K), 0.1365763 secs] 41966439K->34055246K(65798144K), 0.1369272 secs] [Times: user=1.46 sys=0.81, real=0.14 secs] 
2023-10-21T01:32:25.435+0800: 200487.717: [GC (Allocation Failure) 2023-10-21T01:32:25.436+0800: 200487.717: [ParNew: 8492981K->714214K(9175040K), 0.1770096 secs] 41919566K->34147608K(65798144K), 0.1773394 secs] [Times: user=1.50 sys=1.48, real=0.18 secs] 
2023-10-21T01:32:55.059+0800: 200517.340: [GC (Allocation Failure) 2023-10-21T01:32:55.059+0800: 200517.340: [ParNew: 8578534K->670694K(9175040K), 0.2113012 secs] 42011928K->34111362K(65798144K), 0.2116160 secs] [Times: user=1.28 sys=2.32, real=0.21 secs] 
2023-10-21T01:33:23.533+0800: 200545.814: [GC (Allocation Failure) 2023-10-21T01:33:23.533+0800: 200545.814: [ParNew: 8535014K->769442K(9175040K), 0.1407642 secs] 41975682K->34217217K(65798144K), 0.1410431 secs] [Times: user=1.41 sys=0.93, real=0.14 secs] 
2023-10-21T01:33:57.614+0800: 200579.895: [GC (Allocation Failure) 2023-10-21T01:33:57.614+0800: 200579.895: [ParNew: 8633762K->698775K(9175040K), 0.2006129 secs] 42081537K->34153661K(65798144K), 0.2009282 secs] [Times: user=1.47 sys=1.94, real=0.20 secs] 
2023-10-21T01:34:33.996+0800: 200616.277: [GC (Allocation Failure) 2023-10-21T01:34:33.996+0800: 200616.277: [ParNew: 8563095K->761304K(9175040K), 0.2157326 secs] 42017981K->34223310K(65798144K), 0.2160680 secs] [Times: user=1.41 sys=2.27, real=0.22 secs] 
2023-10-21T01:35:03.820+0800: 200646.101: [GC (Allocation Failure) 2023-10-21T01:35:03.820+0800: 200646.101: [ParNew: 8625624K->788702K(9175040K), 0.1413946 secs] 42087630K->34257724K(65798144K), 0.1417150 secs] [Times: user=1.78 sys=0.58, real=0.14 secs] 
2023-10-21T01:35:33.402+0800: 200675.683: [GC (Allocation Failure) 2023-10-21T01:35:33.402+0800: 200675.683: [ParNew: 8653022K->735475K(9175040K), 0.2029454 secs] 42122044K->34211863K(65798144K), 0.2032796 secs] [Times: user=1.72 sys=1.74, real=0.20 secs] 
2023-10-21T01:36:08.936+0800: 200711.217: [GC (Allocation Failure) 2023-10-21T01:36:08.936+0800: 200711.217: [ParNew: 8599795K->748976K(9175040K), 0.2432382 secs] 42076183K->34232341K(65798144K), 0.2435364 secs] [Times: user=1.83 sys=2.35, real=0.24 secs] 
2023-10-21T01:36:55.423+0800: 200757.704: [GC (Allocation Failure) 2023-10-21T01:36:55.423+0800: 200757.705: [ParNew: 8613296K->686303K(9175040K), 0.2102373 secs] 42096661K->34176657K(65798144K), 0.2105943 secs] [Times: user=1.47 sys=2.11, real=0.21 secs] 
2023-10-21T01:37:25.403+0800: 200787.684: [GC (Allocation Failure) 2023-10-21T01:37:25.403+0800: 200787.684: [ParNew: 8550623K->774545K(9175040K), 0.1595772 secs] 42040977K->34271950K(65798144K), 0.1598803 secs] [Times: user=1.56 sys=1.12, real=0.16 secs] 
2023-10-21T01:37:51.745+0800: 200814.026: [GC (Allocation Failure) 2023-10-21T01:37:51.745+0800: 200814.027: [ParNew: 8638865K->725362K(9175040K), 0.1960322 secs] 42136270K->34229799K(65798144K), 0.1964187 secs] [Times: user=1.51 sys=1.80, real=0.20 secs] 
2023-10-21T01:38:15.400+0800: 200837.681: [GC (Allocation Failure) 2023-10-21T01:38:15.400+0800: 200837.681: [ParNew: 8589682K->771590K(9175040K), 0.1221797 secs] 42094119K->34283026K(65798144K), 0.1225276 secs] [Times: user=1.46 sys=0.53, real=0.12 secs] 
2023-10-21T01:38:42.190+0800: 200864.472: [GC (Allocation Failure) 2023-10-21T01:38:42.191+0800: 200864.472: [ParNew: 8635910K->696599K(9175040K), 0.2013045 secs] 42147346K->34215263K(65798144K), 0.2016451 secs] [Times: user=1.63 sys=1.79, real=0.20 secs] 
2023-10-21T01:39:16.982+0800: 200899.263: [GC (Allocation Failure) 2023-10-21T01:39:16.982+0800: 200899.263: [ParNew: 8560919K->788890K(9175040K), 0.2219598 secs] 42079583K->34314705K(65798144K), 0.2222866 secs] [Times: user=1.72 sys=2.08, real=0.22 secs] 
2023-10-21T01:39:49.770+0800: 200932.051: [GC (Allocation Failure) 2023-10-21T01:39:49.770+0800: 200932.052: [ParNew: 8653210K->763544K(9175040K), 0.1501744 secs] 42179025K->34296540K(65798144K), 0.1504925 secs] [Times: user=1.63 sys=0.88, real=0.15 secs] 
2023-10-21T01:40:20.738+0800: 200963.019: [GC (Allocation Failure) 2023-10-21T01:40:20.738+0800: 200963.020: [ParNew: 8627864K->730129K(9175040K), 0.2058218 secs] 42160860K->34270065K(65798144K), 0.2061665 secs] [Times: user=1.59 sys=1.91, real=0.20 secs] 
2023-10-21T01:40:55.337+0800: 200997.619: [GC (Allocation Failure) 2023-10-21T01:40:55.338+0800: 200997.619: [ParNew: 8594449K->781490K(9175040K), 0.2270561 secs] 42134385K->34328388K(65798144K), 0.2273627 secs] [Times: user=1.70 sys=2.18, real=0.22 secs] 
2023-10-21T01:41:21.426+0800: 201023.708: [GC (Allocation Failure) 2023-10-21T01:41:21.427+0800: 201023.708: [ParNew: 8645810K->778848K(9175040K), 0.1318488 secs] 42192708K->34332456K(65798144K), 0.1321758 secs] [Times: user=1.50 sys=0.67, real=0.13 secs] 
2023-10-21T01:41:49.387+0800: 201051.668: [GC (Allocation Failure) 2023-10-21T01:41:49.387+0800: 201051.669: [ParNew: 8643168K->816960K(9175040K), 0.1939603 secs] 42196776K->34377863K(65798144K), 0.1943320 secs] [Times: user=1.57 sys=1.71, real=0.19 secs] 
2023-10-21T01:42:17.564+0800: 201079.845: [GC (Allocation Failure) 2023-10-21T01:42:17.564+0800: 201079.845: [ParNew: 8681280K->783009K(9175040K), 0.2090154 secs] 42242183K->34351217K(65798144K), 0.2094016 secs] [Times: user=1.97 sys=1.58, real=0.21 secs] 
2023-10-21T01:42:47.416+0800: 201109.697: [GC (Allocation Failure) 2023-10-21T01:42:47.416+0800: 201109.697: [ParNew: 8647329K->854832K(9175040K), 0.1499491 secs] 42215537K->34430089K(65798144K), 0.1502622 secs] [Times: user=1.49 sys=1.02, real=0.15 secs] 
2023-10-21T01:43:22.860+0800: 201145.141: [GC (Allocation Failure) 2023-10-21T01:43:22.860+0800: 201145.141: [ParNew: 8719152K->788164K(9175040K), 0.1914111 secs] 42294409K->34370105K(65798144K), 0.1917234 secs] [Times: user=1.33 sys=1.92, real=0.19 secs] 
2023-10-21T01:43:53.816+0800: 201176.097: [GC (Allocation Failure) 2023-10-21T01:43:53.816+0800: 201176.098: [ParNew: 8652484K->793898K(9175040K), 0.1708890 secs] 42234425K->34382589K(65798144K), 0.1711959 secs] [Times: user=1.40 sys=1.49, real=0.17 secs] 
2023-10-21T01:44:16.365+0800: 201198.646: [GC (Allocation Failure) 2023-10-21T01:44:16.365+0800: 201198.646: [ParNew: 8658218K->809426K(9175040K), 0.1452930 secs] 42246909K->34405453K(65798144K), 0.1456353 secs] [Times: user=1.35 sys=1.07, real=0.15 secs] 
2023-10-21T01:44:35.837+0800: 201218.118: [GC (Allocation Failure) 2023-10-21T01:44:35.837+0800: 201218.118: [ParNew: 8673746K->794285K(9175040K), 0.1737832 secs] 42269773K->34397581K(65798144K), 0.1741210 secs] [Times: user=1.70 sys=1.23, real=0.17 secs] 
2023-10-21T01:45:13.404+0800: 201255.686: [GC (Allocation Failure) 2023-10-21T01:45:13.405+0800: 201255.686: [ParNew: 8658605K->819962K(9175040K), 0.1681338 secs] 42261901K->34430329K(65798144K), 0.1684647 secs] [Times: user=1.22 sys=1.55, real=0.17 secs] 
2023-10-21T01:46:03.681+0800: 201305.963: [GC (Allocation Failure) 2023-10-21T01:46:03.682+0800: 201305.963: [ParNew: 8684282K->792395K(9175040K), 0.2054166 secs] 42294649K->34409492K(65798144K), 0.2057160 secs] [Times: user=1.64 sys=1.87, real=0.21 secs] 
2023-10-21T01:46:31.868+0800: 201334.150: [GC (Allocation Failure) 2023-10-21T01:46:31.869+0800: 201334.150: [ParNew: 8656715K->799325K(9175040K), 0.1723097 secs] 42273812K->34423202K(65798144K), 0.1726386 secs] [Times: user=1.31 sys=1.59, real=0.17 secs] 
2023-10-21T01:46:57.832+0800: 201360.113: [GC (Allocation Failure) 2023-10-21T01:46:57.832+0800: 201360.114: [ParNew: 8663645K->754241K(9175040K), 0.1578419 secs] 42287522K->34385350K(65798144K), 0.1582140 secs] [Times: user=1.56 sys=1.08, real=0.16 secs] 
2023-10-21T01:47:26.544+0800: 201388.825: [GC (Allocation Failure) 2023-10-21T01:47:26.544+0800: 201388.825: [ParNew: 8618561K->841708K(9175040K), 0.1467496 secs] 42249670K->34480114K(65798144K), 0.1470785 secs] [Times: user=1.72 sys=0.73, real=0.15 secs] 
2023-10-21T01:48:00.306+0800: 201422.587: [GC (Allocation Failure) 2023-10-21T01:48:00.306+0800: 201422.588: [ParNew: 8706028K->747408K(9175040K), 0.2036933 secs] 42344434K->34393074K(65798144K), 0.2040044 secs] [Times: user=1.45 sys=2.02, real=0.20 secs] 
2023-10-21T01:48:39.126+0800: 201461.407: [GC (Allocation Failure) 2023-10-21T01:48:39.126+0800: 201461.407: [ParNew: 8611728K->770913K(9175040K), 0.1921723 secs] 42257394K->34423901K(65798144K), 0.1924946 secs] [Times: user=1.31 sys=1.95, real=0.20 secs] 
2023-10-21T01:49:26.265+0800: 201508.546: [GC (Allocation Failure) 2023-10-21T01:49:26.265+0800: 201508.546: [ParNew: 8635233K->784611K(9175040K), 0.2075569 secs] 42288221K->34444681K(65798144K), 0.2079890 secs] [Times: user=1.16 sys=2.36, real=0.21 secs] 
2023-10-21T01:49:57.982+0800: 201540.263: [GC (Allocation Failure) 2023-10-21T01:49:57.982+0800: 201540.263: [ParNew: 8648931K->736565K(9175040K), 0.1560683 secs] 42309001K->34403691K(65798144K), 0.1564226 secs] [Times: user=1.40 sys=1.17, real=0.16 secs] 
2023-10-21T01:50:23.275+0800: 201565.556: [GC (Allocation Failure) 2023-10-21T01:50:23.275+0800: 201565.556: [ParNew: 8600885K->721572K(9175040K), 0.2086608 secs] 42268011K->34395723K(65798144K), 0.2089947 secs] [Times: user=1.67 sys=1.82, real=0.21 secs] 
2023-10-21T01:50:46.665+0800: 201588.947: [GC (Allocation Failure) 2023-10-21T01:50:46.666+0800: 201588.947: [ParNew: 8585892K->762793K(9175040K), 0.1370498 secs] 42260043K->34443954K(65798144K), 0.1373979 secs] [Times: user=1.47 sys=0.80, real=0.14 secs] 
2023-10-21T01:51:07.423+0800: 201609.704: [GC (Allocation Failure) 2023-10-21T01:51:07.423+0800: 201609.705: [ParNew: 8627113K->703255K(9175040K), 0.1682148 secs] 42308274K->34391667K(65798144K), 0.1685540 secs] [Times: user=1.56 sys=1.26, real=0.17 secs] 
2023-10-21T01:51:40.370+0800: 201642.652: [GC (Allocation Failure) 2023-10-21T01:51:40.371+0800: 201642.652: [ParNew: 8567575K->754486K(9175040K), 0.1718947 secs] 42255987K->34450072K(65798144K), 0.1722208 secs] [Times: user=1.46 sys=1.44, real=0.17 secs] 
2023-10-21T01:52:26.447+0800: 201688.728: [GC (Allocation Failure) 2023-10-21T01:52:26.447+0800: 201688.728: [ParNew: 8618806K->809288K(9175040K), 0.1751217 secs] 42314392K->34511706K(65798144K), 0.1754398 secs] [Times: user=1.30 sys=1.66, real=0.17 secs] 
2023-10-21T01:52:52.538+0800: 201714.820: [GC (Allocation Failure) 2023-10-21T01:52:52.539+0800: 201714.820: [ParNew: 8673608K->736666K(9175040K), 0.1998580 secs] 42376026K->34445655K(65798144K), 0.2001872 secs] [Times: user=1.71 sys=1.68, real=0.20 secs] 
2023-10-21T01:53:13.930+0800: 201736.211: [GC (Allocation Failure) 2023-10-21T01:53:13.930+0800: 201736.212: [ParNew: 8600986K->769356K(9175040K), 0.1259136 secs] 42309975K->34485563K(65798144K), 0.1262412 secs] [Times: user=1.61 sys=0.45, real=0.13 secs] 
2023-10-21T01:53:41.296+0800: 201763.577: [GC (Allocation Failure) 2023-10-21T01:53:41.296+0800: 201763.577: [ParNew: 8633676K->789810K(9175040K), 0.1928575 secs] 42349883K->34513367K(65798144K), 0.1932291 secs] [Times: user=1.63 sys=1.65, real=0.19 secs] 
2023-10-21T01:54:10.059+0800: 201792.340: [GC (Allocation Failure) 2023-10-21T01:54:10.059+0800: 201792.341: [ParNew: 8654130K->833585K(9175040K), 0.2137717 secs] 42377687K->34564133K(65798144K), 0.2141865 secs] [Times: user=1.46 sys=2.17, real=0.21 secs] 
2023-10-21T01:54:35.523+0800: 201817.804: [GC (Allocation Failure) 2023-10-21T01:54:35.523+0800: 201817.804: [ParNew: 8697905K->821033K(9175040K), 0.1547966 secs] 42428453K->34558670K(65798144K), 0.1551073 secs] [Times: user=1.57 sys=1.01, real=0.16 secs] 
2023-10-21T01:55:07.917+0800: 201850.198: [GC (Allocation Failure) 2023-10-21T01:55:07.917+0800: 201850.199: [ParNew: 8685353K->811783K(9175040K), 0.2060366 secs] 42422990K->34556569K(65798144K), 0.2063837 secs] [Times: user=1.58 sys=1.93, real=0.20 secs] 
2023-10-21T01:55:33.201+0800: 201875.482: [GC (Allocation Failure) 2023-10-21T01:55:33.201+0800: 201875.483: [ParNew: 8676103K->806010K(9175040K), 0.1720682 secs] 42420889K->34558202K(65798144K), 0.1724128 secs] [Times: user=1.40 sys=1.41, real=0.17 secs] 
2023-10-21T01:55:52.970+0800: 201895.252: [GC (Allocation Failure) 2023-10-21T01:55:52.971+0800: 201895.252: [ParNew: 8670330K->898475K(9175040K), 0.1324790 secs] 42422522K->34658260K(65798144K), 0.1327861 secs] [Times: user=1.39 sys=0.80, real=0.13 secs] 
2023-10-21T01:56:12.174+0800: 201914.455: [GC (Allocation Failure) 2023-10-21T01:56:12.174+0800: 201914.455: [ParNew: 8762795K->889464K(9175040K), 0.1251665 secs] 42522580K->34656965K(65798144K), 0.1255011 secs] [Times: user=1.74 sys=0.32, real=0.13 secs] 
2023-10-21T01:56:38.292+0800: 201940.573: [GC (Allocation Failure) 2023-10-21T01:56:38.292+0800: 201940.574: [ParNew: 8753784K->856970K(9175040K), 0.1867288 secs] 42521285K->34631404K(65798144K), 0.1870465 secs] [Times: user=1.56 sys=1.60, real=0.19 secs] 
2023-10-21T01:57:03.623+0800: 201965.904: [GC (Allocation Failure) 2023-10-21T01:57:03.623+0800: 201965.904: [ParNew: 8721290K->829170K(9175040K), 0.1804172 secs] 42495724K->34610737K(65798144K), 0.1808011 secs] [Times: user=1.59 sys=1.46, real=0.18 secs] 
2023-10-21T01:57:30.984+0800: 201993.266: [GC (Allocation Failure) 2023-10-21T01:57:30.984+0800: 201993.266: [ParNew: 8693490K->910891K(9175040K), 0.1549027 secs] 42475057K->34699612K(65798144K), 0.1552201 secs] [Times: user=1.53 sys=1.06, real=0.16 secs] 
2023-10-21T01:57:55.543+0800: 202017.824: [GC (Allocation Failure) 2023-10-21T01:57:55.543+0800: 202017.824: [ParNew: 8775211K->893939K(9175040K), 0.1608527 secs] 42563932K->34689485K(65798144K), 0.1612283 secs] [Times: user=1.53 sys=1.17, real=0.16 secs] 
2023-10-21T01:58:22.530+0800: 202044.811: [GC (Allocation Failure) 2023-10-21T01:58:22.530+0800: 202044.811: [ParNew: 8758259K->930511K(9175040K), 0.1519968 secs] 42553805K->34733354K(65798144K), 0.1523244 secs] [Times: user=1.63 sys=0.91, real=0.15 secs] 
2023-10-21T01:58:43.535+0800: 202065.816: [GC (Allocation Failure) 2023-10-21T01:58:43.535+0800: 202065.816: [ParNew: 8794831K->882311K(9175040K), 0.2063962 secs] 42597674K->34692689K(65798144K), 0.2067809 secs] [Times: user=1.87 sys=1.64, real=0.21 secs] 
2023-10-21T01:59:08.449+0800: 202090.730: [GC (Allocation Failure) 2023-10-21T01:59:08.449+0800: 202090.731: [ParNew: 8746631K->948534K(9175040K), 0.1589968 secs] 42557009K->34766063K(65798144K), 0.1593337 secs] [Times: user=1.62 sys=1.05, real=0.16 secs] 
2023-10-21T01:59:40.743+0800: 202123.024: [GC (Allocation Failure) 2023-10-21T01:59:40.743+0800: 202123.025: [ParNew: 8812854K->885950K(9175040K), 0.2201448 secs] 42630383K->34710193K(65798144K), 0.2204704 secs] [Times: user=1.59 sys=2.18, real=0.22 secs] 
2023-10-21T02:00:13.346+0800: 202155.627: [GC (Allocation Failure) 2023-10-21T02:00:13.346+0800: 202155.628: [ParNew: 8750270K->870564K(9175040K), 0.1858471 secs] 42574513K->34701661K(65798144K), 0.1862130 secs] [Times: user=1.75 sys=1.39, real=0.18 secs] 
2023-10-21T02:00:31.590+0800: 202173.871: [GC (Allocation Failure) 2023-10-21T02:00:31.590+0800: 202173.872: [ParNew: 8734884K->968243K(9175040K), 0.1476507 secs] 42565981K->34806292K(65798144K), 0.1479683 secs] [Times: user=1.59 sys=0.87, real=0.15 secs] 
2023-10-21T02:01:01.132+0800: 202203.413: [GC (Allocation Failure) 2023-10-21T02:01:01.132+0800: 202203.413: [ParNew: 8832563K->802410K(9175040K), 0.2022624 secs] 42670612K->34647335K(65798144K), 0.2026107 secs] [Times: user=1.86 sys=1.57, real=0.20 secs] 
2023-10-21T02:01:34.406+0800: 202236.687: [GC (Allocation Failure) 2023-10-21T02:01:34.406+0800: 202236.687: [ParNew: 8666730K->882959K(9175040K), 0.1932414 secs] 42511655K->34734785K(65798144K), 0.1935407 secs] [Times: user=1.93 sys=1.36, real=0.19 secs] 
2023-10-21T02:02:02.661+0800: 202264.942: [GC (Allocation Failure) 2023-10-21T02:02:02.661+0800: 202264.942: [ParNew: 8747279K->805882K(9175040K), 0.2055846 secs] 42599105K->34664835K(65798144K), 0.2059318 secs] [Times: user=1.77 sys=1.73, real=0.21 secs] 
2023-10-21T02:02:26.238+0800: 202288.520: [GC (Allocation Failure) 2023-10-21T02:02:26.239+0800: 202288.520: [ParNew: 8670202K->863765K(9175040K), 0.1626052 secs] 42529155K->34729068K(65798144K), 0.1630139 secs] [Times: user=1.31 sys=1.42, real=0.16 secs] 
2023-10-21T02:02:51.029+0800: 202313.310: [GC (Allocation Failure) 2023-10-21T02:02:51.029+0800: 202313.311: [ParNew: 8728085K->931426K(9175040K), 0.1515095 secs] 42593388K->34802950K(65798144K), 0.1518170 secs] [Times: user=1.46 sys=1.07, real=0.15 secs] 
2023-10-21T02:03:09.786+0800: 202332.067: [GC (Allocation Failure) 2023-10-21T02:03:09.786+0800: 202332.068: [ParNew: 8795746K->797481K(9175040K), 0.1708627 secs] 42667270K->34675394K(65798144K), 0.1712073 secs] [Times: user=1.97 sys=0.90, real=0.17 secs] 
2023-10-21T02:03:28.650+0800: 202350.931: [GC (Allocation Failure) 2023-10-21T02:03:28.650+0800: 202350.931: [ParNew: 8661801K->973636K(9175040K), 0.1456791 secs] 42539714K->34858066K(65798144K), 0.1460174 secs] [Times: user=1.45 sys=0.98, real=0.14 secs] 
2023-10-21T02:03:52.322+0800: 202374.603: [GC (Allocation Failure) 2023-10-21T02:03:52.322+0800: 202374.603: [ParNew: 8837956K->851803K(9175040K), 0.1734965 secs] 42722386K->34743370K(65798144K), 0.1739616 secs] [Times: user=1.49 sys=1.43, real=0.18 secs] 
2023-10-21T02:04:25.262+0800: 202407.543: [GC (Allocation Failure) 2023-10-21T02:04:25.262+0800: 202407.543: [ParNew: 8716123K->912400K(9175040K), 0.1768217 secs] 42607690K->34810748K(65798144K), 0.1771781 secs] [Times: user=1.89 sys=1.05, real=0.18 secs] 
2023-10-21T02:04:50.025+0800: 202432.306: [GC (Allocation Failure) 2023-10-21T02:04:50.025+0800: 202432.306: [ParNew: 8776720K->871541K(9175040K), 0.2107832 secs] 42675068K->34776756K(65798144K), 0.2111860 secs] [Times: user=1.62 sys=1.97, real=0.22 secs] 
2023-10-21T02:05:16.654+0800: 202458.935: [GC (Allocation Failure) 2023-10-21T02:05:16.654+0800: 202458.935: [ParNew: 8735861K->901077K(9175040K), 0.1449581 secs] 42641076K->34812873K(65798144K), 0.1452863 secs] [Times: user=1.67 sys=0.75, real=0.15 secs] 
2023-10-21T02:05:36.996+0800: 202479.278: [GC (Allocation Failure) 2023-10-21T02:05:36.997+0800: 202479.278: [ParNew: 8765397K->840680K(9175040K), 0.1956929 secs] 42677193K->34759201K(65798144K), 0.1960075 secs] [Times: user=1.74 sys=1.58, real=0.19 secs] 
2023-10-21T02:06:00.175+0800: 202502.457: [GC (Allocation Failure) 2023-10-21T02:06:00.176+0800: 202502.457: [ParNew: 8705000K->940902K(9175040K), 0.1323060 secs] 42623521K->34865780K(65798144K), 0.1326277 secs] [Times: user=1.69 sys=0.49, real=0.14 secs] 
2023-10-21T02:06:23.615+0800: 202525.896: [GC (Allocation Failure) 2023-10-21T02:06:23.615+0800: 202525.896: [ParNew: 8805222K->880935K(9175040K), 0.1940272 secs] 42730100K->34812781K(65798144K), 0.1943629 secs] [Times: user=1.68 sys=1.61, real=0.20 secs] 
2023-10-21T02:06:48.385+0800: 202550.666: [GC (Allocation Failure) 2023-10-21T02:06:48.385+0800: 202550.666: [ParNew: 8745255K->856256K(9175040K), 0.1809868 secs] 42677101K->34794511K(65798144K), 0.1814058 secs] [Times: user=1.76 sys=1.29, real=0.19 secs] 
2023-10-21T02:07:14.942+0800: 202577.224: [GC (Allocation Failure) 2023-10-21T02:07:14.943+0800: 202577.224: [ParNew: 8720576K->938685K(9175040K), 0.1617329 secs] 42658831K->34883889K(65798144K), 0.1620663 secs] [Times: user=1.47 sys=1.25, real=0.16 secs] 
2023-10-21T02:07:39.599+0800: 202601.880: [GC (Allocation Failure) 2023-10-21T02:07:39.599+0800: 202601.880: [ParNew: 8803005K->900829K(9175040K), 0.2086786 secs] 42748209K->34853074K(65798144K), 0.2090514 secs] [Times: user=1.60 sys=1.96, real=0.21 secs] 
2023-10-21T02:08:18.705+0800: 202640.987: [GC (Allocation Failure) 2023-10-21T02:08:18.706+0800: 202640.987: [ParNew: 8765149K->950675K(9175040K), 0.1487246 secs] 42717394K->34910012K(65798144K), 0.1490774 secs] [Times: user=1.53 sys=0.95, real=0.15 secs] 
2023-10-21T02:08:53.033+0800: 202675.314: [GC (Allocation Failure) 2023-10-21T02:08:53.033+0800: 202675.314: [ParNew: 8814995K->868971K(9175040K), 0.1869532 secs] 42774332K->34834705K(65798144K), 0.1872972 secs] [Times: user=1.39 sys=1.79, real=0.19 secs] 
2023-10-21T02:09:17.601+0800: 202699.882: [GC (Allocation Failure) 2023-10-21T02:09:17.601+0800: 202699.883: [ParNew: 8733291K->831583K(9175040K), 0.2122218 secs] 42699025K->34804296K(65798144K), 0.2125673 secs] [Times: user=1.96 sys=1.65, real=0.21 secs] 
2023-10-21T02:09:36.720+0800: 202719.001: [GC (Allocation Failure) 2023-10-21T02:09:36.720+0800: 202719.001: [ParNew: 8695903K->900553K(9175040K), 0.1326379 secs] 42668616K->34879859K(65798144K), 0.1329856 secs] [Times: user=1.62 sys=0.58, real=0.13 secs] 
2023-10-21T02:09:56.547+0800: 202738.828: [GC (Allocation Failure) 2023-10-21T02:09:56.547+0800: 202738.828: [ParNew: 8764873K->838501K(9175040K), 0.2002760 secs] 42744179K->34824371K(65798144K), 0.2006194 secs] [Times: user=1.69 sys=1.71, real=0.20 secs] 
2023-10-21T02:10:18.756+0800: 202761.038: [GC (Allocation Failure) 2023-10-21T02:10:18.757+0800: 202761.038: [ParNew: 8702821K->880483K(9175040K), 0.1463490 secs] 42688691K->34873150K(65798144K), 0.1466613 secs] [Times: user=1.64 sys=0.80, real=0.14 secs] 
2023-10-21T02:10:48.685+0800: 202790.966: [GC (Allocation Failure) 2023-10-21T02:10:48.685+0800: 202790.966: [ParNew: 8744803K->869172K(9175040K), 0.2110078 secs] 42737470K->34869184K(65798144K), 0.2113667 secs] [Times: user=1.93 sys=1.66, real=0.22 secs] 
2023-10-21T02:11:19.789+0800: 202822.070: [GC (Allocation Failure) 2023-10-21T02:11:19.789+0800: 202822.070: [ParNew: 8733492K->851425K(9175040K), 0.1768283 secs] 42733504K->34858313K(65798144K), 0.1771484 secs] [Times: user=1.54 sys=1.39, real=0.18 secs] 
2023-10-21T02:11:48.911+0800: 202851.192: [GC (Allocation Failure) 2023-10-21T02:11:48.911+0800: 202851.192: [ParNew: 8715745K->926418K(9175040K), 0.1527687 secs] 42722633K->34940152K(65798144K), 0.1531086 secs] [Times: user=1.37 sys=1.14, real=0.15 secs] 
2023-10-21T02:12:07.883+0800: 202870.164: [GC (Allocation Failure) 2023-10-21T02:12:07.883+0800: 202870.164: [ParNew: 8790738K->899184K(9175040K), 0.1757436 secs] 42804472K->34919420K(65798144K), 0.1760657 secs] [Times: user=1.86 sys=1.10, real=0.18 secs] 
2023-10-21T02:12:28.155+0800: 202890.436: [GC (Allocation Failure) 2023-10-21T02:12:28.155+0800: 202890.437: [ParNew: 8763504K->836908K(9175040K), 0.1471775 secs] 42783740K->34864009K(65798144K), 0.1475152 secs] [Times: user=1.41 sys=1.03, real=0.15 secs] 
2023-10-21T02:12:46.466+0800: 202908.748: [GC (Allocation Failure) 2023-10-21T02:12:46.467+0800: 202908.748: [ParNew: 8701228K->863906K(9175040K), 0.1739838 secs] 42728329K->34897795K(65798144K), 0.1743951 secs] [Times: user=1.84 sys=1.08, real=0.17 secs] 
2023-10-21T02:13:03.442+0800: 202925.723: [GC (Allocation Failure) 2023-10-21T02:13:03.442+0800: 202925.723: [ParNew: 8728226K->949267K(9175040K), 0.1514859 secs] 42762115K->34990000K(65798144K), 0.1518251 secs] [Times: user=1.57 sys=0.95, real=0.15 secs] 
2023-10-21T02:13:24.273+0800: 202946.555: [GC (Allocation Failure) 2023-10-21T02:13:24.274+0800: 202946.555: [ParNew: 8813587K->948013K(9175040K), 0.1301415 secs] 42854320K->34995693K(65798144K), 0.1305338 secs] [Times: user=1.77 sys=0.37, real=0.13 secs] 
2023-10-21T02:13:50.185+0800: 202972.466: [GC (Allocation Failure) 2023-10-21T02:13:50.185+0800: 202972.467: [ParNew: 8812333K->905646K(9175040K), 0.2002613 secs] 42860013K->34960040K(65798144K), 0.2006018 secs] [Times: user=1.63 sys=1.76, real=0.21 secs] 
2023-10-21T02:14:20.797+0800: 203003.078: [GC (Allocation Failure) 2023-10-21T02:14:20.797+0800: 203003.078: [ParNew: 8769966K->918787K(9175040K), 0.2227111 secs] 42824360K->34986825K(65798144K), 0.2230744 secs] [Times: user=1.64 sys=2.02, real=0.22 secs] 
2023-10-21T02:14:45.610+0800: 203027.891: [GC (Allocation Failure) 2023-10-21T02:14:45.610+0800: 203027.891: [ParNew: 8783107K->933462K(9175040K), 0.1296306 secs] 42851145K->35001500K(65798144K), 0.1299523 secs] [Times: user=1.46 sys=0.69, real=0.13 secs] 
2023-10-21T02:15:08.965+0800: 203051.246: [GC (Allocation Failure) 2023-10-21T02:15:08.965+0800: 203051.246: [ParNew: 8797782K->921117K(9175040K), 0.1935737 secs] 42865820K->34996039K(65798144K), 0.1940140 secs] [Times: user=1.67 sys=1.62, real=0.20 secs] 
2023-10-21T02:15:30.634+0800: 203072.916: [GC (Allocation Failure) 2023-10-21T02:15:30.635+0800: 203072.916: [ParNew: 8785437K->970821K(9175040K), 0.1336204 secs] 42860359K->35052168K(65798144K), 0.1339392 secs] [Times: user=1.65 sys=0.56, real=0.14 secs] 
2023-10-21T02:15:54.010+0800: 203096.292: [GC (Allocation Failure) 2023-10-21T02:15:54.011+0800: 203096.292: [ParNew: 8835141K->903242K(9175040K), 0.2012458 secs] 42916488K->34990985K(65798144K), 0.2015837 secs] [Times: user=1.84 sys=1.58, real=0.20 secs] 
2023-10-21T02:16:16.284+0800: 203118.565: [GC (Allocation Failure) 2023-10-21T02:16:16.284+0800: 203118.565: [ParNew: 8767562K->950428K(9175040K), 0.1439135 secs] 42855305K->35044736K(65798144K), 0.1442437 secs] [Times: user=1.99 sys=0.40, real=0.15 secs] 
2023-10-21T02:16:39.283+0800: 203141.564: [GC (Allocation Failure) 2023-10-21T02:16:39.283+0800: 203141.565: [ParNew: 8814748K->885749K(9175040K), 0.2066976 secs] 42909056K->34993651K(65798144K), 0.2070203 secs] [Times: user=1.79 sys=1.69, real=0.21 secs] 
2023-10-21T02:17:08.093+0800: 203170.374: [GC (Allocation Failure) 2023-10-21T02:17:08.093+0800: 203170.374: [ParNew: 8750069K->965663K(9175040K), 0.1582924 secs] 42857971K->35080231K(65798144K), 0.1586011 secs] [Times: user=1.91 sys=0.73, real=0.16 secs] 
2023-10-21T02:17:35.215+0800: 203197.496: [GC (Allocation Failure) 2023-10-21T02:17:35.215+0800: 203197.496: [ParNew: 8829983K->948872K(9175040K), 0.1959923 secs] 42944551K->35063440K(65798144K), 0.1963224 secs] [Times: user=1.95 sys=1.40, real=0.20 secs] 
2023-10-21T02:18:08.027+0800: 203230.309: [GC (Allocation Failure) 2023-10-21T02:18:08.028+0800: 203230.309: [ParNew: 8813192K->901419K(9175040K), 0.2245885 secs] 42927760K->35022352K(65798144K), 0.2249618 secs] [Times: user=1.82 sys=2.02, real=0.22 secs] 
2023-10-21T02:18:40.375+0800: 203262.656: [GC (Allocation Failure) 2023-10-21T02:18:40.375+0800: 203262.656: [ParNew: 8765739K->878094K(9175040K), 0.1482431 secs] 42886672K->35005317K(65798144K), 0.1485440 secs] [Times: user=1.86 sys=0.61, real=0.15 secs] 
2023-10-21T02:19:27.927+0800: 203310.208: [GC (Allocation Failure) 2023-10-21T02:19:27.927+0800: 203310.208: [ParNew: 8742414K->857026K(9175040K), 0.2133249 secs] 42869637K->34990392K(65798144K), 0.2136669 secs] [Times: user=1.42 sys=2.21, real=0.21 secs] 
2023-10-21T02:19:55.752+0800: 203338.034: [GC (Allocation Failure) 2023-10-21T02:19:55.752+0800: 203338.034: [ParNew: 8721346K->789472K(9175040K), 0.2016454 secs] 42854712K->34929166K(65798144K), 0.2019650 secs] [Times: user=2.06 sys=1.37, real=0.20 secs] 
2023-10-21T02:20:32.497+0800: 203374.778: [GC (Allocation Failure) 2023-10-21T02:20:32.497+0800: 203374.779: [ParNew: 8653792K->740594K(9175040K), 0.2047490 secs] 42793486K->34886961K(65798144K), 0.2051101 secs] [Times: user=1.49 sys=1.98, real=0.20 secs] 
2023-10-21T02:21:11.550+0800: 203413.832: [GC (Allocation Failure) 2023-10-21T02:21:11.551+0800: 203413.832: [ParNew: 8604914K->771630K(9175040K), 0.1670856 secs] 42751281K->34924912K(65798144K), 0.1673990 secs] [Times: user=1.30 sys=1.50, real=0.17 secs] 
2023-10-21T02:21:44.552+0800: 203446.833: [GC (Allocation Failure) 2023-10-21T02:21:44.552+0800: 203446.834: [ParNew: 8635950K->731275K(9175040K), 0.1889523 secs] 42789232K->34891461K(65798144K), 0.1892828 secs] [Times: user=1.50 sys=1.70, real=0.19 secs] 
2023-10-21T02:22:13.363+0800: 203475.644: [GC (Allocation Failure) 2023-10-21T02:22:13.363+0800: 203475.645: [ParNew: 8595595K->758061K(9175040K), 0.2084579 secs] 42755781K->34925198K(65798144K), 0.2088412 secs] [Times: user=1.78 sys=1.77, real=0.21 secs] 
2023-10-21T02:22:41.001+0800: 203503.282: [GC (Allocation Failure) 2023-10-21T02:22:41.001+0800: 203503.282: [ParNew: 8622381K->772598K(9175040K), 0.1342666 secs] 42789518K->34946727K(65798144K), 0.1346132 secs] [Times: user=1.32 sys=0.89, real=0.13 secs] 
2023-10-21T02:23:04.663+0800: 203526.944: [GC (Allocation Failure) 2023-10-21T02:23:04.663+0800: 203526.945: [ParNew: 8636918K->713248K(9175040K), 0.1768541 secs] 42811047K->34894031K(65798144K), 0.1771714 secs] [Times: user=1.57 sys=1.41, real=0.18 secs] 
2023-10-21T02:23:29.806+0800: 203552.087: [GC (Allocation Failure) 2023-10-21T02:23:29.806+0800: 203552.087: [ParNew: 8577568K->752387K(9175040K), 0.1688103 secs] 42758351K->34939673K(65798144K), 0.1692260 secs] [Times: user=1.30 sys=1.53, real=0.16 secs] 
2023-10-21T02:23:56.667+0800: 203578.948: [GC (Allocation Failure) 2023-10-21T02:23:56.667+0800: 203578.948: [ParNew: 8616707K->762503K(9175040K), 0.1591410 secs] 42803993K->34956419K(65798144K), 0.1594756 secs] [Times: user=1.48 sys=1.19, real=0.16 secs] 
2023-10-21T02:24:19.443+0800: 203601.725: [GC (Allocation Failure) 2023-10-21T02:24:19.444+0800: 203601.725: [ParNew: 8626823K->743797K(9175040K), 0.2207594 secs] 42820739K->34944439K(65798144K), 0.2210919 secs] [Times: user=1.68 sys=2.07, real=0.22 secs] 
2023-10-21T02:24:49.201+0800: 203631.482: [GC (Allocation Failure) 2023-10-21T02:24:49.201+0800: 203631.482: [ParNew: 8608117K->804319K(9175040K), 0.1462938 secs] 42808759K->35012068K(65798144K), 0.1466414 secs] [Times: user=1.50 sys=0.93, real=0.15 secs] 
2023-10-21T02:25:14.933+0800: 203657.215: [GC (Allocation Failure) 2023-10-21T02:25:14.934+0800: 203657.215: [ParNew: 8668639K->811582K(9175040K), 0.1904941 secs] 42876388K->35026526K(65798144K), 0.1908477 secs] [Times: user=1.64 sys=1.57, real=0.19 secs] 
2023-10-21T02:25:38.380+0800: 203680.661: [GC (Allocation Failure) 2023-10-21T02:25:38.380+0800: 203680.661: [ParNew: 8675902K->880780K(9175040K), 0.1351220 secs] 42890846K->35103122K(65798144K), 0.1354726 secs] [Times: user=1.57 sys=0.65, real=0.13 secs] 
2023-10-21T02:26:00.579+0800: 203702.860: [GC (Allocation Failure) 2023-10-21T02:26:00.579+0800: 203702.861: [ParNew: 8745100K->888898K(9175040K), 0.1738478 secs] 42967442K->35118424K(65798144K), 0.1741622 secs] [Times: user=1.73 sys=1.19, real=0.17 secs] 
2023-10-21T02:26:22.255+0800: 203724.536: [GC (Allocation Failure) 2023-10-21T02:26:22.255+0800: 203724.536: [ParNew: 8753218K->848478K(9175040K), 0.1759970 secs] 42982744K->35085736K(65798144K), 0.1763668 secs] [Times: user=1.79 sys=1.17, real=0.18 secs] 
2023-10-21T02:26:49.460+0800: 203751.741: [GC (Allocation Failure) 2023-10-21T02:26:49.460+0800: 203751.741: [ParNew: 8712798K->969089K(9175040K), 0.1676866 secs] 42950056K->35213629K(65798144K), 0.1680100 secs] [Times: user=1.83 sys=0.98, real=0.17 secs] 
2023-10-21T02:27:13.179+0800: 203775.460: [GC (Allocation Failure) 2023-10-21T02:27:13.179+0800: 203775.461: [ParNew: 8833409K->944380K(9175040K), 0.2041352 secs] 43077949K->35196379K(65798144K), 0.2044881 secs] [Times: user=1.55 sys=1.82, real=0.20 secs] 
2023-10-21T02:27:46.387+0800: 203808.668: [GC (Allocation Failure) 2023-10-21T02:27:46.387+0800: 203808.668: [ParNew: 8808700K->915983K(9175040K), 0.1581106 secs] 43060699K->35175401K(65798144K), 0.1584353 secs] [Times: user=1.82 sys=0.82, real=0.15 secs] 
2023-10-21T02:28:19.205+0800: 203841.486: [GC (Allocation Failure) 2023-10-21T02:28:19.205+0800: 203841.486: [ParNew: 8780303K->870949K(9175040K), 0.2141320 secs] 43039721K->35137894K(65798144K), 0.2144319 secs] [Times: user=1.64 sys=2.01, real=0.22 secs] 
2023-10-21T02:28:42.919+0800: 203865.200: [GC (Allocation Failure) 2023-10-21T02:28:42.919+0800: 203865.201: [ParNew: 8735269K->848499K(9175040K), 0.2225382 secs] 43002214K->35122651K(65798144K), 0.2228755 secs] [Times: user=1.89 sys=1.90, real=0.22 secs] 
2023-10-21T02:29:05.548+0800: 203887.830: [GC (Allocation Failure) 2023-10-21T02:29:05.549+0800: 203887.830: [ParNew: 8712819K->1013854K(9175040K), 0.1500535 secs] 42986971K->35294972K(65798144K), 0.1503929 secs] [Times: user=2.10 sys=0.39, real=0.15 secs] 
2023-10-21T02:29:27.476+0800: 203909.758: [GC (Allocation Failure) 2023-10-21T02:29:27.477+0800: 203909.758: [ParNew: 8878174K->872664K(9175040K), 0.1920078 secs] 43159292K->35160399K(65798144K), 0.1923552 secs] [Times: user=1.40 sys=1.84, real=0.19 secs] 
2023-10-21T02:29:52.666+0800: 203934.947: [GC (Allocation Failure) 2023-10-21T02:29:52.666+0800: 203934.947: [ParNew: 8736984K->920823K(9175040K), 0.1472428 secs] 43024719K->35215530K(65798144K), 0.1475839 secs] [Times: user=1.64 sys=0.77, real=0.15 secs] 
2023-10-21T02:30:15.267+0800: 203957.548: [GC (Allocation Failure) 2023-10-21T02:30:15.267+0800: 203957.549: [ParNew: 8785143K->961021K(9175040K), 0.2066754 secs] 43079850K->35262653K(65798144K), 0.2070368 secs] [Times: user=1.74 sys=1.77, real=0.20 secs] 
2023-10-21T02:30:37.407+0800: 203979.688: [GC (Allocation Failure) 2023-10-21T02:30:37.407+0800: 203979.688: [ParNew: 8825341K->931924K(9175040K), 0.1425708 secs] 43126973K->35240359K(65798144K), 0.1429484 secs] [Times: user=1.77 sys=0.60, real=0.14 secs] 
2023-10-21T02:31:04.634+0800: 204006.915: [GC (Allocation Failure) 2023-10-21T02:31:04.634+0800: 204006.915: [ParNew: 8796244K->895245K(9175040K), 0.2215440 secs] 43104679K->35210844K(65798144K), 0.2219373 secs] [Times: user=2.27 sys=1.51, real=0.22 secs] 
2023-10-21T02:31:32.608+0800: 204034.889: [GC (Allocation Failure) 2023-10-21T02:31:32.608+0800: 204034.890: [ParNew: 8759565K->881653K(9175040K), 0.1873609 secs] 43075164K->35204197K(65798144K), 0.1878058 secs] [Times: user=1.62 sys=1.54, real=0.19 secs] 
2023-10-21T02:31:57.113+0800: 204059.394: [GC (Allocation Failure) 2023-10-21T02:31:57.113+0800: 204059.394: [ParNew: 8745973K->935170K(9175040K), 0.1594878 secs] 43068517K->35264561K(65798144K), 0.1598058 secs] [Times: user=1.78 sys=0.88, real=0.16 secs] 
2023-10-21T02:32:25.888+0800: 204088.169: [GC (Allocation Failure) 2023-10-21T02:32:25.888+0800: 204088.169: [ParNew: 8799490K->900976K(9175040K), 0.1969119 secs] 43128881K->35236965K(65798144K), 0.1972452 secs] [Times: user=1.86 sys=1.47, real=0.19 secs] 
2023-10-21T02:32:55.216+0800: 204117.497: [GC (Allocation Failure) 2023-10-21T02:32:55.216+0800: 204117.498: [ParNew: 8765296K->962611K(9175040K), 0.1333308 secs] 43101285K->35305030K(65798144K), 0.1336480 secs] [Times: user=1.50 sys=0.69, real=0.13 secs] 
2023-10-21T02:33:14.839+0800: 204137.121: [GC (Allocation Failure) 2023-10-21T02:33:14.840+0800: 204137.121: [ParNew: 8826931K->918861K(9175040K), 0.1944009 secs] 43169350K->35268223K(65798144K), 0.1947483 secs] [Times: user=1.68 sys=1.60, real=0.19 secs] 
2023-10-21T02:33:36.619+0800: 204158.901: [GC (Allocation Failure) 2023-10-21T02:33:36.620+0800: 204158.901: [ParNew: 8783181K->940957K(9175040K), 0.1288795 secs] 43132543K->35297156K(65798144K), 0.1292253 secs] [Times: user=1.36 sys=0.74, real=0.13 secs] 
2023-10-21T02:34:02.887+0800: 204185.168: [GC (Allocation Failure) 2023-10-21T02:34:02.887+0800: 204185.169: [ParNew: 8805277K->915299K(9175040K), 0.1994006 secs] 43161476K->35278806K(65798144K), 0.1997639 secs] [Times: user=1.60 sys=1.73, real=0.20 secs] 
2023-10-21T02:34:29.211+0800: 204211.492: [GC (Allocation Failure) 2023-10-21T02:34:29.211+0800: 204211.492: [ParNew: 8779619K->906063K(9175040K), 0.1846761 secs] 43143126K->35276924K(65798144K), 0.1851502 secs] [Times: user=1.62 sys=1.45, real=0.19 secs] 
2023-10-21T02:34:49.994+0800: 204232.276: [GC (Allocation Failure) 2023-10-21T02:34:49.995+0800: 204232.276: [ParNew: 8770383K->963574K(9175040K), 0.1607335 secs] 43141244K->35341392K(65798144K), 0.1611597 secs] [Times: user=1.55 sys=1.10, real=0.17 secs] 
2023-10-21T02:35:08.286+0800: 204250.567: [GC (Allocation Failure) 2023-10-21T02:35:08.286+0800: 204250.567: [ParNew: 8827894K->932542K(9175040K), 0.1642074 secs] 43205712K->35317314K(65798144K), 0.1646120 secs] [Times: user=1.89 sys=0.86, real=0.16 secs] 
2023-10-21T02:35:25.142+0800: 204267.423: [GC (Allocation Failure) 2023-10-21T02:35:25.142+0800: 204267.424: [ParNew: 8796862K->1014281K(9175040K), 0.1523631 secs] 43181634K->35405911K(65798144K), 0.1527244 secs] [Times: user=1.64 sys=0.89, real=0.15 secs] 
2023-10-21T02:35:49.704+0800: 204291.985: [GC (Allocation Failure) 2023-10-21T02:35:49.705+0800: 204291.986: [ParNew: 8878601K->914811K(9175040K), 0.1742590 secs] 43270231K->35313287K(65798144K), 0.1747560 secs] [Times: user=1.67 sys=1.25, real=0.18 secs] 
2023-10-21T02:36:14.831+0800: 204317.113: [GC (Allocation Failure) 2023-10-21T02:36:14.831+0800: 204317.113: [ParNew: 8779131K->952923K(9175040K), 0.1702894 secs] 43177607K->35358034K(65798144K), 0.1706229 secs] [Times: user=1.65 sys=1.22, real=0.17 secs] 
2023-10-21T02:36:35.801+0800: 204338.083: [GC (Allocation Failure) 2023-10-21T02:36:35.802+0800: 204338.083: [ParNew: 8817243K->987631K(9175040K), 0.1943306 secs] 43222354K->35399532K(65798144K), 0.1947076 secs] [Times: user=2.37 sys=0.92, real=0.20 secs] 
2023-10-21T02:36:55.789+0800: 204358.070: [GC (Allocation Failure) 2023-10-21T02:36:55.789+0800: 204358.070: [ParNew: 8851951K->1021624K(9175040K), 0.1627019 secs] 43263852K->35457850K(65798144K), 0.1630700 secs] [Times: user=1.93 sys=0.74, real=0.16 secs] 
2023-10-21T02:37:16.505+0800: 204378.786: [GC (Allocation Failure) 2023-10-21T02:37:16.505+0800: 204378.787: [ParNew: 8885944K->903378K(9175040K), 0.1661281 secs] 43322170K->35360362K(65798144K), 0.1665835 secs] [Times: user=1.34 sys=1.40, real=0.17 secs] 
2023-10-21T02:37:36.988+0800: 204399.270: [GC (Allocation Failure) 2023-10-21T02:37:36.989+0800: 204399.270: [ParNew: 8767698K->976200K(9175040K), 0.1633674 secs] 43224682K->35466194K(65798144K), 0.1637542 secs] [Times: user=1.81 sys=0.79, real=0.16 secs] 
2023-10-21T02:37:57.059+0800: 204419.341: [GC (Allocation Failure) 2023-10-21T02:37:57.060+0800: 204419.341: [ParNew: 8840520K->937890K(9175040K), 0.1706498 secs] 43330514K->35472366K(65798144K), 0.1711465 secs] [Times: user=1.74 sys=0.93, real=0.17 secs] 
2023-10-21T02:38:13.268+0800: 204435.550: [GC (Allocation Failure) 2023-10-21T02:38:13.269+0800: 204435.550: [ParNew: 8802210K->1011181K(9175040K), 0.1537512 secs] 43336686K->35593141K(65798144K), 0.1541478 secs] [Times: user=1.61 sys=0.84, real=0.15 secs] 
2023-10-21T02:38:32.175+0800: 204454.457: [GC (Allocation Failure) 2023-10-21T02:38:32.176+0800: 204454.457: [ParNew: 8875501K->1082910K(9175040K), 0.1315621 secs] 43457461K->35712825K(65798144K), 0.1319630 secs] [Times: user=1.67 sys=0.37, real=0.14 secs] 
2023-10-21T02:38:51.486+0800: 204473.768: [GC (Allocation Failure) 2023-10-21T02:38:51.487+0800: 204473.768: [ParNew: 8947230K->1079510K(9175040K), 0.1952820 secs] 43577145K->35758359K(65798144K), 0.1956857 secs] [Times: user=1.70 sys=1.43, real=0.19 secs] 
2023-10-21T02:39:16.313+0800: 204498.595: [GC (Allocation Failure) 2023-10-21T02:39:16.314+0800: 204498.595: [ParNew: 8943830K->927297K(9175040K), 0.1745774 secs] 43622679K->35654869K(65798144K), 0.1749813 secs] [Times: user=1.45 sys=1.37, real=0.18 secs] 
2023-10-21T02:39:38.195+0800: 204520.476: [GC (Allocation Failure) 2023-10-21T02:39:38.195+0800: 204520.476: [ParNew: 8791617K->1035372K(9175040K), 0.1609447 secs] 43519189K->35811416K(65798144K), 0.1612693 secs] [Times: user=1.88 sys=0.70, real=0.17 secs] 
2023-10-21T02:40:00.183+0800: 204542.464: [GC (Allocation Failure) 2023-10-21T02:40:00.183+0800: 204542.465: [ParNew: 8899692K->1033163K(9175040K), 0.1602769 secs] 43675736K->35857459K(65798144K), 0.1606404 secs] [Times: user=1.40 sys=1.17, real=0.16 secs] 
2023-10-21T02:40:25.100+0800: 204567.381: [GC (Allocation Failure) 2023-10-21T02:40:25.100+0800: 204567.382: [ParNew: 8897483K->994932K(9175040K), 0.1751259 secs] 43721779K->35867386K(65798144K), 0.1754608 secs] [Times: user=1.83 sys=1.01, real=0.18 secs] 
2023-10-21T02:40:49.243+0800: 204591.524: [GC (Allocation Failure) 2023-10-21T02:40:49.243+0800: 204591.524: [ParNew: 8859252K->956288K(9175040K), 0.2540746 secs] 43731706K->35876683K(65798144K), 0.2544449 secs] [Times: user=2.12 sys=2.11, real=0.26 secs] 
2023-10-21T02:41:12.366+0800: 204614.647: [GC (Allocation Failure) 2023-10-21T02:41:12.366+0800: 204614.648: [ParNew: 8820608K->1013015K(9175040K), 0.1478492 secs] 43741003K->35981196K(65798144K), 0.1482192 secs] [Times: user=1.67 sys=0.65, real=0.14 secs] 
2023-10-21T02:41:31.412+0800: 204633.693: [GC (Allocation Failure) 2023-10-21T02:41:31.412+0800: 204633.693: [ParNew: 8877335K->1050474K(9175040K), 0.2050505 secs] 43845516K->36066691K(65798144K), 0.2054140 secs] [Times: user=1.69 sys=1.65, real=0.21 secs] 
2023-10-21T02:41:52.818+0800: 204655.100: [GC (Allocation Failure) 2023-10-21T02:41:52.819+0800: 204655.100: [ParNew: 8914794K->1085169K(9175040K), 0.1399477 secs] 43931011K->36149763K(65798144K), 0.1403070 secs] [Times: user=1.61 sys=0.56, real=0.14 secs] 
2023-10-21T02:42:16.683+0800: 204678.965: [GC (Allocation Failure) 2023-10-21T02:42:16.684+0800: 204678.965: [ParNew: 8949489K->895309K(9175040K), 0.2120993 secs] 44014083K->36008143K(65798144K), 0.2125327 secs] [Times: user=1.67 sys=1.80, real=0.22 secs] 
2023-10-21T02:42:43.907+0800: 204706.188: [GC (Allocation Failure) 2023-10-21T02:42:43.907+0800: 204706.188: [ParNew: 8759629K->1003909K(9175040K), 0.1434078 secs] 43872463K->36150340K(65798144K), 0.1438044 secs] [Times: user=1.61 sys=0.67, real=0.14 secs] 
2023-10-21T02:43:06.782+0800: 204729.063: [GC (Allocation Failure) 2023-10-21T02:43:06.782+0800: 204729.063: [ParNew: 8868229K->926798K(9175040K), 0.2140004 secs] 44014660K->36095995K(65798144K), 0.2143626 secs] [Times: user=2.22 sys=1.35, real=0.22 secs] 
2023-10-21T02:43:28.790+0800: 204751.071: [GC (Allocation Failure) 2023-10-21T02:43:28.790+0800: 204751.072: [ParNew: 8791118K->923839K(9175040K), 0.1577219 secs] 43960315K->36106260K(65798144K), 0.1581140 secs] [Times: user=1.30 sys=1.29, real=0.16 secs] 
2023-10-21T02:43:49.796+0800: 204772.078: [GC (Allocation Failure) 2023-10-21T02:43:49.797+0800: 204772.078: [ParNew: 8788159K->995265K(9175040K), 0.1551801 secs] 43970580K->36187640K(65798144K), 0.1555770 secs] [Times: user=2.04 sys=0.68, real=0.15 secs] 
2023-10-21T02:44:10.281+0800: 204792.562: [GC (Allocation Failure) 2023-10-21T02:44:10.281+0800: 204792.562: [ParNew: 8859585K->1029216K(9175040K), 0.1218845 secs] 44051960K->36238172K(65798144K), 0.1222521 secs] [Times: user=1.68 sys=0.27, real=0.12 secs] 
2023-10-21T02:44:31.426+0800: 204813.707: [GC (Allocation Failure) 2023-10-21T02:44:31.426+0800: 204813.707: [ParNew: 8893536K->935703K(9175040K), 0.1921680 secs] 44102492K->36167160K(65798144K), 0.1925531 secs] [Times: user=1.56 sys=1.62, real=0.20 secs] 
2023-10-21T02:44:51.376+0800: 204833.657: [GC (Allocation Failure) 2023-10-21T02:44:51.376+0800: 204833.658: [ParNew: 8800023K->938739K(9175040K), 0.1351740 secs] 44031480K->36192094K(65798144K), 0.1356782 secs] [Times: user=1.77 sys=0.39, real=0.13 secs] 
2023-10-21T02:45:12.159+0800: 204854.440: [GC (Allocation Failure) 2023-10-21T02:45:12.159+0800: 204854.441: [ParNew: 8803059K->938207K(9175040K), 0.2117007 secs] 44056414K->36218766K(65798144K), 0.2120936 secs] [Times: user=2.21 sys=1.32, real=0.21 secs] 
2023-10-21T02:45:29.677+0800: 204871.958: [GC (Allocation Failure) 2023-10-21T02:45:29.677+0800: 204871.959: [ParNew: 8802527K->1011333K(9175040K), 0.1382705 secs] 44083086K->36332679K(65798144K), 0.1386658 secs] [Times: user=1.81 sys=0.34, real=0.14 secs] 
2023-10-21T02:45:47.469+0800: 204889.750: [GC (Allocation Failure) 2023-10-21T02:45:47.469+0800: 204889.750: [ParNew: 8875653K->1010136K(9175040K), 0.2265903 secs] 44196999K->36379080K(65798144K), 0.2270085 secs] [Times: user=2.21 sys=1.52, real=0.23 secs] 
2023-10-21T02:46:06.544+0800: 204908.826: [GC (Allocation Failure) 2023-10-21T02:46:06.545+0800: 204908.826: [ParNew: 8874456K->972006K(9175040K), 0.1420768 secs] 44243400K->36388297K(65798144K), 0.1425167 secs] [Times: user=1.75 sys=0.47, real=0.15 secs] 
2023-10-21T02:46:28.270+0800: 204930.551: [GC (Allocation Failure) 2023-10-21T02:46:28.270+0800: 204930.552: [ParNew: 8836326K->968798K(9175040K), 0.2180357 secs] 44252617K->36433001K(65798144K), 0.2184874 secs] [Times: user=1.85 sys=1.73, real=0.22 secs] 
2023-10-21T02:46:51.092+0800: 204953.373: [GC (Allocation Failure) 2023-10-21T02:46:51.092+0800: 204953.373: [ParNew: 8833118K->1003091K(9175040K), 0.1483232 secs] 44297321K->36515590K(65798144K), 0.1486764 secs] [Times: user=1.63 sys=0.70, real=0.15 secs] 
2023-10-21T02:47:13.371+0800: 204975.652: [GC (Allocation Failure) 2023-10-21T02:47:13.371+0800: 204975.653: [ParNew: 8867411K->1073296K(9175040K), 0.1986977 secs] 44379910K->36633561K(65798144K), 0.1990690 secs] [Times: user=1.79 sys=1.44, real=0.20 secs] 
2023-10-21T02:47:34.197+0800: 204996.479: [GC (Allocation Failure) 2023-10-21T02:47:34.198+0800: 204996.479: [ParNew: 8937616K->996602K(9175040K), 0.1526410 secs] 44497881K->36604750K(65798144K), 0.1530035 secs] [Times: user=1.76 sys=0.62, real=0.15 secs] 
2023-10-21T02:47:53.965+0800: 205016.246: [GC (Allocation Failure) 2023-10-21T02:47:53.965+0800: 205016.246: [ParNew: 8860922K->1068590K(9175040K), 0.1876086 secs] 44469070K->36724656K(65798144K), 0.1880208 secs] [Times: user=1.76 sys=1.27, real=0.19 secs] 
2023-10-21T02:48:15.782+0800: 205038.063: [GC (Allocation Failure) 2023-10-21T02:48:15.782+0800: 205038.063: [ParNew: 8932910K->1103620K(9175040K), 0.1431768 secs] 44588976K->36807622K(65798144K), 0.1435564 secs] [Times: user=1.69 sys=0.56, real=0.14 secs] 
2023-10-21T02:48:41.182+0800: 205063.463: [GC (Allocation Failure) 2023-10-21T02:48:41.182+0800: 205063.463: [ParNew: 8967940K->1012349K(9175040K), 0.2243845 secs] 44671942K->36764118K(65798144K), 0.2247761 secs] [Times: user=1.97 sys=1.72, real=0.23 secs] 
2023-10-21T02:49:03.311+0800: 205085.593: [GC (Allocation Failure) 2023-10-21T02:49:03.312+0800: 205085.593: [ParNew: 8876669K->1052865K(9175040K), 0.1678074 secs] 44628438K->36853042K(65798144K), 0.1682349 secs] [Times: user=1.56 sys=1.12, real=0.17 secs] 
2023-10-21T02:49:24.259+0800: 205106.540: [GC (Allocation Failure) 2023-10-21T02:49:24.259+0800: 205106.540: [ParNew: 8917185K->1050788K(9175040K), 0.1843374 secs] 44717362K->36899322K(65798144K), 0.1846978 secs] [Times: user=2.16 sys=0.81, real=0.18 secs] 
2023-10-21T02:49:43.218+0800: 205125.499: [GC (Allocation Failure) 2023-10-21T02:49:43.218+0800: 205125.499: [ParNew: 8915108K->973738K(9175040K), 0.1740123 secs] 44763642K->36870926K(65798144K), 0.1744688 secs] [Times: user=2.08 sys=0.71, real=0.17 secs] 
2023-10-21T02:50:02.324+0800: 205144.605: [GC (Allocation Failure) 2023-10-21T02:50:02.324+0800: 205144.605: [ParNew: 8838058K->1008629K(9175040K), 0.1812633 secs] 44735246K->36954077K(65798144K), 0.1816294 secs] [Times: user=1.85 sys=1.06, real=0.18 secs] 
2023-10-21T02:50:21.722+0800: 205164.003: [GC (Allocation Failure) 2023-10-21T02:50:21.722+0800: 205164.004: [ParNew: 8872949K->1007915K(9175040K), 0.1334638 secs] 44818397K->37001414K(65798144K), 0.1338303 secs] [Times: user=1.76 sys=0.30, real=0.14 secs] 
2023-10-21T02:50:37.892+0800: 205180.173: [GC (Allocation Failure) 2023-10-21T02:50:37.892+0800: 205180.173: [ParNew: 8872235K->1042912K(9175040K), 0.1955007 secs] 44865734K->37084732K(65798144K), 0.1958697 secs] [Times: user=1.84 sys=1.33, real=0.20 secs] 
2023-10-21T02:50:55.240+0800: 205197.522: [GC (Allocation Failure) 2023-10-21T02:50:55.241+0800: 205197.522: [ParNew: 8907232K->1004650K(9175040K), 0.1468564 secs] 44949052K->37094610K(65798144K), 0.1472819 secs] [Times: user=1.86 sys=0.43, real=0.15 secs] 
2023-10-21T02:51:12.648+0800: 205214.929: [GC (Allocation Failure) 2023-10-21T02:51:12.648+0800: 205214.929: [ParNew: 8868970K->965521K(9175040K), 0.2287883 secs] 44958930K->37103114K(65798144K), 0.2292177 secs] [Times: user=2.16 sys=1.57, real=0.23 secs] 
2023-10-21T02:51:30.127+0800: 205232.409: [GC (Allocation Failure) 2023-10-21T02:51:30.128+0800: 205232.409: [ParNew: 8829841K->1073237K(9175040K), 0.1576389 secs] 44967434K->37259001K(65798144K), 0.1580178 secs] [Times: user=1.90 sys=0.56, real=0.15 secs] 
2023-10-21T02:51:44.964+0800: 205247.245: [GC (Allocation Failure) 2023-10-21T02:51:44.964+0800: 205247.245: [ParNew: 8937557K->1071016K(9175040K), 0.1654296 secs] 45123321K->37304727K(65798144K), 0.1659558 secs] [Times: user=1.66 sys=0.94, real=0.17 secs] 
2023-10-21T02:52:01.273+0800: 205263.555: [GC (Allocation Failure) 2023-10-21T02:52:01.273+0800: 205263.555: [ParNew: 8935336K->1032749K(9175040K), 0.1720100 secs] 45169047K->37314779K(65798144K), 0.1723948 secs] [Times: user=1.75 sys=0.97, real=0.18 secs] 
2023-10-21T02:52:19.802+0800: 205282.083: [GC (Allocation Failure) 2023-10-21T02:52:19.802+0800: 205282.084: [ParNew: 8897069K->994348K(9175040K), 0.1415922 secs] 45179099K->37324481K(65798144K), 0.1419669 secs] [Times: user=1.93 sys=0.40, real=0.14 secs] 
2023-10-21T02:52:37.367+0800: 205299.648: [GC (Allocation Failure) 2023-10-21T02:52:37.367+0800: 205299.648: [ParNew: 8858668K->1137383K(9175040K), 0.1995913 secs] 45188801K->37515740K(65798144K), 0.1999843 secs] [Times: user=1.93 sys=1.20, real=0.20 secs] 
2023-10-21T02:52:54.381+0800: 205316.662: [GC (Allocation Failure) 2023-10-21T02:52:54.381+0800: 205316.662: [ParNew: 9001703K->885749K(9175040K), 0.1398575 secs] 45380060K->37311906K(65798144K), 0.1402528 secs] [Times: user=1.37 sys=0.70, real=0.14 secs] 
2023-10-21T02:53:13.604+0800: 205335.885: [GC (Allocation Failure) 2023-10-21T02:53:13.604+0800: 205335.885: [ParNew: 8750069K->1088878K(9175040K), 0.2066750 secs] 45176226K->37563207K(65798144K), 0.2070825 secs] [Times: user=1.74 sys=1.59, real=0.21 secs] 
2023-10-21T02:53:37.165+0800: 205359.447: [GC (Allocation Failure) 2023-10-21T02:53:37.166+0800: 205359.447: [ParNew: 8953198K->989791K(9175040K), 0.1502604 secs] 45427527K->37512456K(65798144K), 0.1506132 secs] [Times: user=1.64 sys=0.68, real=0.16 secs] 
2023-10-21T02:54:03.800+0800: 205386.082: [GC (Allocation Failure) 2023-10-21T02:54:03.801+0800: 205386.082: [ParNew: 8854111K->1118101K(9175040K), 0.2323722 secs] 45376776K->37689763K(65798144K), 0.2328231 secs] [Times: user=1.88 sys=1.91, real=0.23 secs] 
2023-10-21T02:54:24.096+0800: 205406.377: [GC (Allocation Failure) 2023-10-21T02:54:24.096+0800: 205406.377: [ParNew: 8982421K->970743K(9175040K), 0.1317392 secs] 45554083K->37590488K(65798144K), 0.1320919 secs] [Times: user=1.69 sys=0.31, real=0.14 secs] 
2023-10-21T02:54:42.015+0800: 205424.296: [GC (Allocation Failure) 2023-10-21T02:54:42.015+0800: 205424.297: [ParNew: 8835063K->1043126K(9175040K), 0.1900361 secs] 45454808K->37711193K(65798144K), 0.1903663 secs] [Times: user=1.86 sys=1.17, real=0.19 secs] 
2023-10-21T02:55:01.112+0800: 205443.394: [GC (Allocation Failure) 2023-10-21T02:55:01.112+0800: 205443.394: [ParNew: 8907446K->1039935K(9175040K), 0.1326728 secs] 45575513K->37756007K(65798144K), 0.1330186 secs] [Times: user=1.31 sys=0.69, real=0.13 secs] 
2023-10-21T02:55:23.015+0800: 205465.296: [GC (Allocation Failure) 2023-10-21T02:55:23.015+0800: 205465.296: [ParNew: 8904255K->963028K(9175040K), 0.1964266 secs] 45620327K->37727062K(65798144K), 0.1967828 secs] [Times: user=1.80 sys=1.36, real=0.20 secs] 
2023-10-21T02:55:41.591+0800: 205483.872: [GC (Allocation Failure) 2023-10-21T02:55:41.591+0800: 205483.873: [ParNew: 8827348K->960343K(9175040K), 0.1383936 secs] 45591382K->37772311K(65798144K), 0.1387353 secs] [Times: user=1.68 sys=0.45, real=0.14 secs] 
2023-10-21T02:56:02.696+0800: 205504.977: [GC (Allocation Failure) 2023-10-21T02:56:02.699+0800: 205504.980: [ParNew: 8824663K->1031530K(9175040K), 0.1996106 secs] 45636631K->37891090K(65798144K), 0.2029293 secs] [Times: user=1.81 sys=1.42, real=0.21 secs] 
2023-10-21T02:56:22.760+0800: 205525.041: [GC (Allocation Failure) 2023-10-21T02:56:22.760+0800: 205525.041: [ParNew: 8895850K->993678K(9175040K), 0.1351833 secs] 45755410K->37901061K(65798144K), 0.1355289 secs] [Times: user=1.69 sys=0.38, real=0.13 secs] 
2023-10-21T02:56:41.883+0800: 205544.164: [GC (Allocation Failure) 2023-10-21T02:56:41.883+0800: 205544.165: [ParNew: 8857998K->952842K(9175040K), 0.1881307 secs] 45765381K->37907728K(65798144K), 0.1885491 secs] [Times: user=1.86 sys=1.17, real=0.19 secs] 
2023-10-21T02:57:00.594+0800: 205562.875: [GC (Allocation Failure) 2023-10-21T02:57:00.594+0800: 205562.875: [ParNew: 8817162K->1133949K(9175040K), 0.1331156 secs] 45772048K->38136679K(65798144K), 0.1335127 secs] [Times: user=1.63 sys=0.40, real=0.14 secs] 
2023-10-21T02:57:20.632+0800: 205582.913: [GC (Allocation Failure) 2023-10-21T02:57:20.633+0800: 205582.914: [ParNew: 8998269K->906909K(9175040K), 0.2037265 secs] 46000999K->37957196K(65798144K), 0.2041898 secs] [Times: user=1.68 sys=1.62, real=0.21 secs] 
2023-10-21T02:57:40.701+0800: 205602.982: [GC (Allocation Failure) 2023-10-21T02:57:40.701+0800: 205602.982: [ParNew: 8771229K->1054473K(9175040K), 0.1385859 secs] 45821516K->38152913K(65798144K), 0.1389391 secs] [Times: user=1.58 sys=0.55, real=0.14 secs] 
2023-10-21T02:58:00.867+0800: 205623.148: [GC (Allocation Failure) 2023-10-21T02:58:00.867+0800: 205623.148: [ParNew: 8918793K->1063966K(9175040K), 0.2507814 secs] 46017233K->38210672K(65798144K), 0.2511723 secs] [Times: user=2.28 sys=1.86, real=0.25 secs] 
2023-10-21T02:58:21.379+0800: 205643.661: [GC (Allocation Failure) 2023-10-21T02:58:21.380+0800: 205643.661: [ParNew: 8928286K->1007713K(9175040K), 0.1405916 secs] 46074992K->38202557K(65798144K), 0.1409084 secs] [Times: user=1.63 sys=0.55, real=0.14 secs] 
2023-10-21T02:58:39.268+0800: 205661.549: [GC (Allocation Failure) 2023-10-21T02:58:39.268+0800: 205661.549: [ParNew: 8872033K->1046783K(9175040K), 0.2155346 secs] 46066877K->38289281K(65798144K), 0.2158796 secs] [Times: user=1.85 sys=1.65, real=0.21 secs] 
2023-10-21T02:58:56.868+0800: 205679.149: [GC (Allocation Failure) 2023-10-21T02:58:56.868+0800: 205679.150: [ParNew: 8911103K->1009440K(9175040K), 0.1478332 secs] 46153601K->38299251K(65798144K), 0.1481727 secs] [Times: user=1.80 sys=0.49, real=0.15 secs] 
2023-10-21T02:59:19.608+0800: 205701.890: [GC (Allocation Failure) 2023-10-21T02:59:19.609+0800: 205701.890: [ParNew: 8873760K->1008160K(9175040K), 0.2214044 secs] 46163571K->38345386K(65798144K), 0.2217760 secs] [Times: user=2.18 sys=1.43, real=0.22 secs] 
2023-10-21T02:59:41.155+0800: 205723.436: [GC (Allocation Failure) 2023-10-21T02:59:41.155+0800: 205723.436: [ParNew: 8872480K->1043510K(9175040K), 0.1570470 secs] 46209706K->38428398K(65798144K), 0.1573864 secs] [Times: user=1.81 sys=0.65, real=0.16 secs] 
2023-10-21T03:00:00.760+0800: 205743.042: [GC (Allocation Failure) 2023-10-21T03:00:00.761+0800: 205743.042: [ParNew: 8907830K->1006427K(9175040K), 0.2232682 secs] 46292718K->38439139K(65798144K), 0.2236417 secs] [Times: user=2.34 sys=1.31, real=0.22 secs] 
2023-10-21T03:00:17.991+0800: 205760.272: [GC (Allocation Failure) 2023-10-21T03:00:17.991+0800: 205760.273: [ParNew: 8870747K->1005812K(9175040K), 0.1426522 secs] 46303459K->38486728K(65798144K), 0.1429818 secs] [Times: user=1.73 sys=0.47, real=0.14 secs] 
2023-10-21T03:00:35.508+0800: 205777.789: [GC (Allocation Failure) 2023-10-21T03:00:35.508+0800: 205777.790: [ParNew: 8870132K->893067K(9175040K), 0.1601516 secs] 46351048K->38422164K(65798144K), 0.1605055 secs] [Times: user=1.53 sys=0.97, real=0.16 secs] 
2023-10-21T03:00:53.293+0800: 205795.574: [GC (Allocation Failure) 2023-10-21T03:00:53.293+0800: 205795.574: [ParNew: 8757387K->1002668K(9175040K), 0.1654529 secs] 46286484K->38579778K(65798144K), 0.1658590 secs] [Times: user=1.97 sys=0.64, real=0.17 secs] 
2023-10-21T03:01:14.403+0800: 205816.684: [GC (Allocation Failure) 2023-10-21T03:01:14.403+0800: 205816.685: [ParNew: 8866988K->1112237K(9175040K), 0.1363734 secs] 46444098K->38737794K(65798144K), 0.1368283 secs] [Times: user=1.76 sys=0.32, real=0.14 secs] 
2023-10-21T03:01:33.743+0800: 205836.024: [GC (Allocation Failure) 2023-10-21T03:01:33.743+0800: 205836.024: [ParNew: 8976557K->830464K(9175040K), 0.1932412 secs] 46602114K->38504717K(65798144K), 0.1935915 secs] [Times: user=1.86 sys=1.24, real=0.20 secs] 
2023-10-21T03:01:50.703+0800: 205852.984: [GC (Allocation Failure) 2023-10-21T03:01:50.703+0800: 205852.985: [ParNew: 8694784K->1022965K(9175040K), 0.1476877 secs] 46369037K->38745446K(65798144K), 0.1480313 secs] [Times: user=2.25 sys=0.03, real=0.15 secs] 
2023-10-21T03:02:07.655+0800: 205869.936: [GC (Allocation Failure) 2023-10-21T03:02:07.655+0800: 205869.936: [ParNew: 8887285K->1030485K(9175040K), 0.1934334 secs] 46609766K->38801305K(65798144K), 0.1937885 secs] [Times: user=1.54 sys=1.55, real=0.20 secs] 
2023-10-21T03:02:23.331+0800: 205885.612: [GC (Allocation Failure) 2023-10-21T03:02:23.331+0800: 205885.612: [ParNew: 8894805K->1011242K(9175040K), 0.1519174 secs] 46665625K->38830155K(65798144K), 0.1522660 secs] [Times: user=1.94 sys=0.44, real=0.15 secs] 
2023-10-21T03:02:39.599+0800: 205901.880: [GC (Allocation Failure) 2023-10-21T03:02:39.599+0800: 205901.881: [ParNew: 8875562K->1052755K(9175040K), 0.1625489 secs] 46694475K->38919625K(65798144K), 0.1630098 secs] [Times: user=1.68 sys=0.89, real=0.16 secs] 
2023-10-21T03:02:56.804+0800: 205919.086: [GC (Allocation Failure) 2023-10-21T03:02:56.805+0800: 205919.086: [ParNew: 8917075K->1053496K(9175040K), 0.1793908 secs] 46783945K->38968039K(65798144K), 0.1797352 secs] [Times: user=2.13 sys=0.74, real=0.18 secs] 
2023-10-21T03:03:12.641+0800: 205934.923: [GC (Allocation Failure) 2023-10-21T03:03:12.642+0800: 205934.923: [ParNew: 8917816K->1128548K(9175040K), 0.1282819 secs] 46832359K->39091624K(65798144K), 0.1286239 secs] [Times: user=1.68 sys=0.29, real=0.13 secs] 
2023-10-21T03:03:28.872+0800: 205951.153: [GC (Allocation Failure) 2023-10-21T03:03:28.872+0800: 205951.153: [ParNew: 8992868K->893025K(9175040K), 0.2071349 secs] 46955944K->38904665K(65798144K), 0.2075144 secs] [Times: user=1.95 sys=1.43, real=0.21 secs] 
2023-10-21T03:03:47.526+0800: 205969.807: [GC (Allocation Failure) 2023-10-21T03:03:47.526+0800: 205969.807: [ParNew: 8757345K->918355K(9175040K), 0.1565089 secs] 46768985K->38978659K(65798144K), 0.1569064 secs] [Times: user=1.89 sys=0.46, real=0.15 secs] 
2023-10-21T03:04:06.823+0800: 205989.104: [GC (Allocation Failure) 2023-10-21T03:04:06.823+0800: 205989.104: [ParNew: 8782675K->1059643K(9175040K), 0.2290638 secs] 46842979K->39168199K(65798144K), 0.2294756 secs] [Times: user=2.01 sys=1.70, real=0.23 secs] 
2023-10-21T03:04:24.119+0800: 206006.400: [GC (Allocation Failure) 2023-10-21T03:04:24.119+0800: 206006.400: [ParNew: 8923963K->1076522K(9175040K), 0.1523226 secs] 47032519K->39233162K(65798144K), 0.1527316 secs] [Times: user=2.05 sys=0.35, real=0.15 secs] 
2023-10-21T03:04:43.756+0800: 206026.037: [GC (Allocation Failure) 2023-10-21T03:04:43.756+0800: 206026.037: [ParNew: 8940842K->1004287K(9175040K), 0.1690375 secs] 47097482K->39209009K(65798144K), 0.1694342 secs] [Times: user=1.81 sys=0.89, real=0.17 secs] 
2023-10-21T03:05:07.108+0800: 206049.389: [GC (Allocation Failure) 2023-10-21T03:05:07.108+0800: 206049.389: [ParNew: 8868607K->965211K(9175040K), 0.1826155 secs] 47073329K->39218029K(65798144K), 0.1829405 secs] [Times: user=1.60 sys=1.27, real=0.18 secs] 
2023-10-21T03:05:24.853+0800: 206067.134: [GC (Allocation Failure) 2023-10-21T03:05:24.853+0800: 206067.134: [ParNew: 8829531K->925517K(9175040K), 0.1770931 secs] 47082349K->39226776K(65798144K), 0.1774586 secs] [Times: user=1.96 sys=0.89, real=0.18 secs] 
2023-10-21T03:05:39.568+0800: 206081.849: [GC (Allocation Failure) 2023-10-21T03:05:39.568+0800: 206081.850: [ParNew: 8789837K->958469K(9175040K), 0.1755111 secs] 47091096K->39307840K(65798144K), 0.1759113 secs] [Times: user=2.15 sys=0.68, real=0.17 secs] 
2023-10-21T03:05:56.108+0800: 206098.389: [GC (Allocation Failure) 2023-10-21T03:05:56.108+0800: 206098.389: [ParNew: 8822789K->955937K(9175040K), 0.1413624 secs] 47172160K->39353719K(65798144K), 0.1417540 secs] [Times: user=1.90 sys=0.30, real=0.14 secs] 
2023-10-21T03:06:22.381+0800: 206124.662: [GC (Allocation Failure) 2023-10-21T03:06:22.381+0800: 206124.662: [ParNew: 8820257K->953652K(9175040K), 0.2051876 secs] 47218039K->39399483K(65798144K), 0.2055590 secs] [Times: user=1.73 sys=1.63, real=0.21 secs] 
2023-10-21T03:06:42.193+0800: 206144.475: [GC (Allocation Failure) 2023-10-21T03:06:42.194+0800: 206144.475: [ParNew: 8817972K->895074K(9175040K), 0.1855824 secs] 47263803K->39388986K(65798144K), 0.1859762 secs] [Times: user=2.03 sys=0.96, real=0.19 secs] 
2023-10-21T03:07:01.330+0800: 206163.612: [GC (Allocation Failure) 2023-10-21T03:07:01.331+0800: 206163.612: [ParNew: 8759394K->1046832K(9175040K), 0.1626648 secs] 47253306K->39588932K(65798144K), 0.1630098 secs] [Times: user=1.55 sys=1.00, real=0.16 secs] 
2023-10-21T03:07:19.495+0800: 206181.776: [GC (Allocation Failure) 2023-10-21T03:07:19.495+0800: 206181.776: [ParNew: 8911152K->971666K(9175040K), 0.1284462 secs] 47453252K->39561868K(65798144K), 0.1288010 secs] [Times: user=1.39 sys=0.58, real=0.13 secs] 
2023-10-21T03:07:40.314+0800: 206202.595: [GC (Allocation Failure) 2023-10-21T03:07:40.314+0800: 206202.596: [ParNew: 8835986K->1005931K(9175040K), 0.1867407 secs] 47426188K->39644074K(65798144K), 0.1871619 secs] [Times: user=1.64 sys=1.39, real=0.19 secs] 
2023-10-21T03:08:02.342+0800: 206224.624: [GC (Allocation Failure) 2023-10-21T03:08:02.343+0800: 206224.624: [ParNew: 8870251K->966792K(9175040K), 0.1701420 secs] 47508394K->39652781K(65798144K), 0.1705453 secs] [Times: user=1.73 sys=0.99, real=0.17 secs] 
2023-10-21T03:08:20.766+0800: 206243.047: [GC (Allocation Failure) 2023-10-21T03:08:20.766+0800: 206243.047: [ParNew: 8831112K->1113569K(9175040K), 0.1790566 secs] 47517101K->39847692K(65798144K), 0.1793905 secs] [Times: user=2.07 sys=0.81, real=0.17 secs] 
2023-10-21T03:08:39.565+0800: 206261.847: [GC (Allocation Failure) 2023-10-21T03:08:39.565+0800: 206261.847: [ParNew: 8977889K->903996K(9175040K), 0.1386832 secs] 47712012K->39685596K(65798144K), 0.1390620 secs] [Times: user=1.88 sys=0.28, real=0.14 secs] 
2023-10-21T03:09:00.904+0800: 206283.185: [GC (Allocation Failure) 2023-10-21T03:09:00.904+0800: 206283.185: [ParNew: 8768316K->973618K(9175040K), 0.1950303 secs] 47549916K->39802508K(65798144K), 0.1954443 secs] [Times: user=1.83 sys=1.35, real=0.20 secs] 
2023-10-21T03:09:20.870+0800: 206303.152: [GC (Allocation Failure) 2023-10-21T03:09:20.871+0800: 206303.152: [ParNew: 8837938K->975921K(9175040K), 0.1382277 secs] 47666828K->39852349K(65798144K), 0.1386042 secs] [Times: user=1.87 sys=0.29, real=0.14 secs] 
2023-10-21T03:09:42.322+0800: 206324.603: [GC (Allocation Failure) 2023-10-21T03:09:42.322+0800: 206324.604: [ParNew: 8840241K->1028085K(9175040K), 0.2094629 secs] 47716669K->39951623K(65798144K), 0.2098032 secs] [Times: user=2.27 sys=1.15, real=0.21 secs] 
2023-10-21T03:10:01.237+0800: 206343.519: [GC (Allocation Failure) 2023-10-21T03:10:01.238+0800: 206343.519: [ParNew: 8892405K->1033010K(9175040K), 0.1823561 secs] 47815943K->40003790K(65798144K), 0.1829050 secs] [Times: user=2.17 sys=0.75, real=0.18 secs] 
2023-10-21T03:10:17.317+0800: 206359.598: [GC (Allocation Failure) 2023-10-21T03:10:17.317+0800: 206359.598: [ParNew: 8897330K->961176K(9175040K), 0.2434813 secs] 47868110K->39979830K(65798144K), 0.2438314 secs] [Times: user=2.18 sys=1.85, real=0.24 secs] 
2023-10-21T03:10:32.684+0800: 206374.966: [GC (Allocation Failure) 2023-10-21T03:10:32.685+0800: 206374.966: [ParNew: 8825496K->997988K(9175040K), 0.1424671 secs] 47844150K->40065065K(65798144K), 0.1428698 secs] [Times: user=1.79 sys=0.43, real=0.15 secs] 
2023-10-21T03:10:48.603+0800: 206390.885: [GC (Allocation Failure) 2023-10-21T03:10:48.604+0800: 206390.885: [ParNew: 8862308K->996833K(9175040K), 0.2413260 secs] 47929385K->40111841K(65798144K), 0.2417295 secs] [Times: user=1.61 sys=2.39, real=0.24 secs] 
2023-10-21T03:11:06.573+0800: 206408.854: [GC (Allocation Failure) 2023-10-21T03:11:06.573+0800: 206408.854: [ParNew: 8861153K->959732K(9175040K), 0.1562486 secs] 47976161K->40122712K(65798144K), 0.1566283 secs] [Times: user=2.14 sys=0.32, real=0.16 secs] 
2023-10-21T03:11:24.881+0800: 206427.162: [GC (Allocation Failure) 2023-10-21T03:11:24.881+0800: 206427.163: [ParNew: 8824052K->956256K(9175040K), 0.1965339 secs] 47987032K->40166777K(65798144K), 0.1969870 secs] [Times: user=1.66 sys=1.52, real=0.20 secs] 
2023-10-21T03:11:40.556+0800: 206442.838: [GC (Allocation Failure) 2023-10-21T03:11:40.557+0800: 206442.838: [ParNew: 8820576K->1163734K(9175040K), 0.1899794 secs] 48031097K->40422204K(65798144K), 0.1903713 secs] [Times: user=2.34 sys=0.71, real=0.19 secs] 
2023-10-21T03:11:55.437+0800: 206457.719: [GC (Allocation Failure) 2023-10-21T03:11:55.438+0800: 206457.719: [ParNew: 9028054K->942652K(9175040K), 0.1398178 secs] 48286524K->40249509K(65798144K), 0.1402082 secs] [Times: user=2.15 sys=0.01, real=0.14 secs] 
2023-10-21T03:12:13.271+0800: 206475.552: [GC (Allocation Failure) 2023-10-21T03:12:13.271+0800: 206475.552: [ParNew: 8806972K->958739K(9175040K), 0.1893528 secs] 48113829K->40314477K(65798144K), 0.1897853 secs] [Times: user=1.64 sys=1.40, real=0.19 secs] 
2023-10-21T03:12:28.980+0800: 206491.262: [GC (Allocation Failure) 2023-10-21T03:12:28.981+0800: 206491.262: [ParNew: 8823059K->994133K(9175040K), 0.1364656 secs] 48178797K->40398075K(65798144K), 0.1368912 secs] [Times: user=1.70 sys=0.34, real=0.14 secs] 
2023-10-21T03:12:46.048+0800: 206508.329: [GC (Allocation Failure) 2023-10-21T03:12:46.048+0800: 206508.330: [ParNew: 8858453K->1010282K(9175040K), 0.2019685 secs] 48262395K->40462388K(65798144K), 0.2024503 secs] [Times: user=1.69 sys=1.53, real=0.20 secs] 
2023-10-21T03:13:03.162+0800: 206525.443: [GC (Allocation Failure) 2023-10-21T03:13:03.162+0800: 206525.444: [ParNew: 8874602K->1014744K(9175040K), 0.1419579 secs] 48326708K->40515077K(65798144K), 0.1423619 secs] [Times: user=1.61 sys=0.53, real=0.14 secs] 
2023-10-21T03:13:19.668+0800: 206541.949: [GC (Allocation Failure) 2023-10-21T03:13:19.668+0800: 206541.949: [ParNew: 8879064K->941311K(9175040K), 0.1615264 secs] 48379397K->40490397K(65798144K), 0.1619355 secs] [Times: user=1.58 sys=0.97, real=0.16 secs] 
2023-10-21T03:13:35.355+0800: 206557.636: [GC (Allocation Failure) 2023-10-21T03:13:35.355+0800: 206557.636: [ParNew: 8805631K->1090071K(9175040K), 0.1675381 secs] 48354717K->40687727K(65798144K), 0.1679012 secs] [Times: user=1.72 sys=0.95, real=0.17 secs] 
2023-10-21T03:13:51.074+0800: 206573.355: [GC (Allocation Failure) 2023-10-21T03:13:51.074+0800: 206573.356: [ParNew: 8954391K->975290K(9175040K), 0.1326770 secs] 48552047K->40621325K(65798144K), 0.1330415 secs] [Times: user=1.73 sys=0.30, real=0.14 secs] 
2023-10-21T03:14:07.678+0800: 206589.959: [GC (Allocation Failure) 2023-10-21T03:14:07.678+0800: 206589.960: [ParNew: 8839610K->973831K(9175040K), 0.1917114 secs] 48485645K->40667932K(65798144K), 0.1920871 secs] [Times: user=1.58 sys=1.51, real=0.19 secs] 
2023-10-21T03:14:26.025+0800: 206608.306: [GC (Allocation Failure) 2023-10-21T03:14:26.025+0800: 206608.306: [ParNew: 8838151K->1010475K(9175040K), 0.1447632 secs] 48532252K->40752550K(65798144K), 0.1451206 secs] [Times: user=1.99 sys=0.27, real=0.15 secs] 
2023-10-21T03:14:42.851+0800: 206625.132: [GC (Allocation Failure) 2023-10-21T03:14:42.851+0800: 206625.132: [ParNew: 8874795K->973073K(9175040K), 0.1713117 secs] 48616870K->40763798K(65798144K), 0.1717950 secs] [Times: user=1.48 sys=1.24, real=0.17 secs] 
2023-10-21T03:15:03.543+0800: 206645.824: [GC (Allocation Failure) 2023-10-21T03:15:03.543+0800: 206645.825: [ParNew: 8837393K->1008233K(9175040K), 0.1762832 secs] 48628118K->40847450K(65798144K), 0.1766377 secs] [Times: user=1.69 sys=1.10, real=0.18 secs] 
2023-10-21T03:15:20.464+0800: 206662.745: [GC (Allocation Failure) 2023-10-21T03:15:20.464+0800: 206662.745: [ParNew: 8872553K->931868K(9175040K), 0.1622434 secs] 48711770K->40819345K(65798144K), 0.1626472 secs] [Times: user=1.94 sys=0.60, real=0.17 secs] 
2023-10-21T03:15:35.757+0800: 206678.038: [GC (Allocation Failure) 2023-10-21T03:15:35.757+0800: 206678.039: [ParNew: 8796188K->1005751K(9175040K), 0.1575135 secs] 48683665K->40940769K(65798144K), 0.1578793 secs] [Times: user=1.72 sys=0.76, real=0.15 secs] 
2023-10-21T03:15:54.572+0800: 206696.854: [GC (Allocation Failure) 2023-10-21T03:15:54.573+0800: 206696.854: [ParNew: 8870071K->967607K(9175040K), 0.1345400 secs] 48805089K->40951429K(65798144K), 0.1349372 secs] [Times: user=1.66 sys=0.41, real=0.14 secs] 
2023-10-21T03:16:15.166+0800: 206717.447: [GC (Allocation Failure) 2023-10-21T03:16:15.166+0800: 206717.447: [ParNew: 8831927K->1003134K(9175040K), 0.1880115 secs] 48815749K->41034664K(65798144K), 0.1883866 secs] [Times: user=1.69 sys=1.33, real=0.18 secs] 
2023-10-21T03:16:33.948+0800: 206736.229: [GC (Allocation Failure) 2023-10-21T03:16:33.948+0800: 206736.229: [ParNew: 8867454K->999075K(9175040K), 0.1345919 secs] 48898984K->41078798K(65798144K), 0.1349617 secs] [Times: user=1.66 sys=0.40, real=0.13 secs] 
2023-10-21T03:16:53.881+0800: 206756.162: [GC (Allocation Failure) 2023-10-21T03:16:53.881+0800: 206756.163: [ParNew: 8863395K->997838K(9175040K), 0.2024433 secs] 48943118K->41125965K(65798144K), 0.2028151 secs] [Times: user=1.78 sys=1.50, real=0.20 secs] 
2023-10-21T03:17:14.100+0800: 206776.381: [GC (Allocation Failure) 2023-10-21T03:17:14.100+0800: 206776.381: [ParNew: 8862158K->960249K(9175040K), 0.1430127 secs] 48990285K->41136497K(65798144K), 0.1433583 secs] [Times: user=1.79 sys=0.57, real=0.14 secs] 
2023-10-21T03:17:31.693+0800: 206793.974: [GC (Allocation Failure) 2023-10-21T03:17:31.693+0800: 206793.974: [ParNew: 8824569K->996559K(9175040K), 0.2124658 secs] 49000817K->41220776K(65798144K), 0.2128438 secs] [Times: user=2.47 sys=1.21, real=0.22 secs] 
2023-10-21T03:17:50.138+0800: 206812.419: [GC (Allocation Failure) 2023-10-21T03:17:50.138+0800: 206812.420: [ParNew: 8860879K->1143743K(9175040K), 0.1497938 secs] 49085096K->41415849K(65798144K), 0.1501230 secs] [Times: user=1.99 sys=0.52, real=0.15 secs] 
2023-10-21T03:18:04.835+0800: 206827.116: [GC (Allocation Failure) 2023-10-21T03:18:04.835+0800: 206827.116: [ParNew: 9008063K->962003K(9175040K), 0.1340412 secs] 49280169K->41282309K(65798144K), 0.1344013 secs] [Times: user=1.95 sys=0.26, real=0.14 secs] 
2023-10-21T03:18:19.953+0800: 206842.234: [GC (Allocation Failure) 2023-10-21T03:18:19.953+0800: 206842.235: [ParNew: 8826323K->996241K(9175040K), 0.1891854 secs] 49146629K->41364807K(65798144K), 0.1896001 secs] [Times: user=1.87 sys=1.19, real=0.19 secs] 
2023-10-21T03:18:35.471+0800: 206857.752: [GC (Allocation Failure) 2023-10-21T03:18:35.471+0800: 206857.752: [ParNew: 8860561K->962100K(9175040K), 0.1424085 secs] 49229127K->41378641K(65798144K), 0.1427787 secs] [Times: user=1.80 sys=0.42, real=0.14 secs] 
2023-10-21T03:18:53.803+0800: 206876.084: [GC (Allocation Failure) 2023-10-21T03:18:53.803+0800: 206876.084: [ParNew: 8826420K->978629K(9175040K), 0.1778294 secs] 49242961K->41443452K(65798144K), 0.1783111 secs] [Times: user=1.75 sys=1.10, real=0.18 secs] 
2023-10-21T03:19:14.602+0800: 206896.883: [GC (Allocation Failure) 2023-10-21T03:19:14.602+0800: 206896.883: [ParNew: 8842949K->1020733K(9175040K), 0.1687765 secs] 49307772K->41533615K(65798144K), 0.1691844 secs] [Times: user=1.67 sys=1.03, real=0.17 secs] 
2023-10-21T03:19:31.521+0800: 206913.803: [GC (Allocation Failure) 2023-10-21T03:19:31.522+0800: 206913.803: [ParNew: 8885053K->906972K(9175040K), 0.1587184 secs] 49397935K->41467916K(65798144K), 0.1591426 secs] [Times: user=1.47 sys=1.04, real=0.16 secs] 
2023-10-21T03:19:49.575+0800: 206931.856: [GC (Allocation Failure) 2023-10-21T03:19:49.575+0800: 206931.856: [ParNew: 8771292K->1018698K(9175040K), 0.1796114 secs] 49332236K->41627916K(65798144K), 0.1799893 secs] [Times: user=2.14 sys=0.75, real=0.18 secs] 
2023-10-21T03:20:09.454+0800: 206951.735: [GC (Allocation Failure) 2023-10-21T03:20:09.454+0800: 206951.735: [ParNew: 8883018K->979907K(9175040K), 0.1429876 secs] 49492236K->41637536K(65798144K), 0.1435206 secs] [Times: user=1.86 sys=0.37, real=0.15 secs] 
2023-10-21T03:20:30.796+0800: 206973.078: [GC (Allocation Failure) 2023-10-21T03:20:30.797+0800: 206973.078: [ParNew: 8844227K->977239K(9175040K), 0.1910467 secs] 49501856K->41683445K(65798144K), 0.1914187 secs] [Times: user=1.80 sys=1.30, real=0.19 secs] 
2023-10-21T03:20:48.494+0800: 206990.775: [GC (Allocation Failure) 2023-10-21T03:20:48.494+0800: 206990.775: [ParNew: 8841559K->974783K(9175040K), 0.1477803 secs] 49547765K->41729990K(65798144K), 0.1481139 secs] [Times: user=2.03 sys=0.29, real=0.15 secs] 
2023-10-21T03:21:08.374+0800: 207010.655: [GC (Allocation Failure) 2023-10-21T03:21:08.374+0800: 207010.656: [ParNew: 8839103K->1009054K(9175040K), 0.1912070 secs] 49594310K->41813201K(65798144K), 0.1916797 secs] [Times: user=1.87 sys=1.22, real=0.20 secs] 
2023-10-21T03:21:32.385+0800: 207034.666: [GC (Allocation Failure) 2023-10-21T03:21:32.385+0800: 207034.666: [ParNew: 8873374K->966294K(9175040K), 0.1359119 secs] 49677521K->41818850K(65798144K), 0.1362740 secs] [Times: user=1.66 sys=0.45, real=0.14 secs] 
2023-10-21T03:21:51.348+0800: 207053.630: [GC (Allocation Failure) 2023-10-21T03:21:51.349+0800: 207053.630: [ParNew: 8830614K->1037042K(9175040K), 0.1924626 secs] 49683170K->41938164K(65798144K), 0.1929248 secs] [Times: user=1.84 sys=1.20, real=0.19 secs] 
2023-10-21T03:22:10.052+0800: 207072.333: [GC (Allocation Failure) 2023-10-21T03:22:10.052+0800: 207072.333: [ParNew: 8901362K->996575K(9175040K), 0.1536917 secs] 49802484K->41945979K(65798144K), 0.1541002 secs] [Times: user=1.79 sys=0.49, real=0.16 secs] 
2023-10-21T03:22:29.522+0800: 207091.804: [GC (Allocation Failure) 2023-10-21T03:22:29.523+0800: 207091.804: [ParNew: 8860895K->920448K(9175040K), 0.2093689 secs] 49810299K->41917367K(65798144K), 0.2097859 secs] [Times: user=1.98 sys=1.44, real=0.21 secs] 
2023-10-21T03:22:46.764+0800: 207109.045: [GC (Allocation Failure) 2023-10-21T03:22:46.764+0800: 207109.045: [ParNew: 8784768K->993417K(9175040K), 0.1323917 secs] 49781687K->42037930K(65798144K), 0.1327716 secs] [Times: user=1.64 sys=0.41, real=0.14 secs] 
2023-10-21T03:23:01.845+0800: 207124.126: [GC (Allocation Failure) 2023-10-21T03:23:01.845+0800: 207124.127: [ParNew: 8857737K->993511K(9175040K), 0.1663157 secs] 49902250K->42086456K(65798144K), 0.1668291 secs] [Times: user=1.58 sys=1.07, real=0.17 secs] 
2023-10-21T03:23:16.890+0800: 207139.171: [GC (Allocation Failure) 2023-10-21T03:23:16.890+0800: 207139.171: [ParNew: 8857831K->1127112K(9175040K), 0.1663939 secs] 49950776K->42268372K(65798144K), 0.1668039 secs] [Times: user=2.02 sys=0.62, real=0.17 secs] 
2023-10-21T03:23:33.579+0800: 207155.860: [GC (Allocation Failure) 2023-10-21T03:23:33.579+0800: 207155.861: [ParNew: 8991432K->1018428K(9175040K), 0.1426801 secs] 50132692K->42207625K(65798144K), 0.1430961 secs] [Times: user=1.79 sys=0.22, real=0.14 secs] 
2023-10-21T03:23:49.949+0800: 207172.230: [GC (Allocation Failure) 2023-10-21T03:23:49.949+0800: 207172.230: [ParNew: 8882748K->1018360K(9175040K), 0.2024684 secs] 50071945K->42255684K(65798144K), 0.2028761 secs] [Times: user=1.86 sys=1.42, real=0.20 secs] 
2023-10-21T03:24:04.997+0800: 207187.278: [GC (Allocation Failure) 2023-10-21T03:24:04.997+0800: 207187.278: [ParNew: 8882680K->980557K(9175040K), 0.1354811 secs] 50120004K->42265756K(65798144K), 0.1359001 secs] [Times: user=1.71 sys=0.40, real=0.13 secs] 
2023-10-21T03:24:19.586+0800: 207201.867: [GC (Allocation Failure) 2023-10-21T03:24:19.586+0800: 207201.867: [ParNew: 8844877K->1053341K(9175040K), 0.1363474 secs] 50130076K->42386759K(65798144K), 0.1367761 secs] [Times: user=1.97 sys=0.14, real=0.14 secs] 
2023-10-21T03:24:39.542+0800: 207221.823: [GC (Allocation Failure) 2023-10-21T03:24:39.542+0800: 207221.824: [ParNew: 8917661K->978062K(9175040K), 0.1904409 secs] 50251079K->42359467K(65798144K), 0.1908309 secs] [Times: user=1.74 sys=1.34, real=0.19 secs] 
2023-10-21T03:24:54.605+0800: 207236.887: [GC (Allocation Failure) 2023-10-21T03:24:54.606+0800: 207236.887: [ParNew: 8842382K->1015165K(9175040K), 0.1243638 secs] 50223787K->42445036K(65798144K), 0.1247317 secs] [Times: user=1.67 sys=0.23, real=0.13 secs] 
2023-10-21T03:25:09.339+0800: 207251.620: [GC (Allocation Failure) 2023-10-21T03:25:09.339+0800: 207251.620: [ParNew: 8879485K->938810K(9175040K), 0.1661929 secs] 50309356K->42417018K(65798144K), 0.1666381 secs] [Times: user=1.83 sys=0.81, real=0.16 secs] 
2023-10-21T03:25:23.959+0800: 207266.241: [GC (Allocation Failure) 2023-10-21T03:25:23.960+0800: 207266.241: [ParNew: 8803130K->1087927K(9175040K), 0.1709495 secs] 50281338K->42614175K(65798144K), 0.1714136 secs] [Times: user=1.94 sys=0.75, real=0.17 secs] 
2023-10-21T03:25:39.589+0800: 207281.870: [GC (Allocation Failure) 2023-10-21T03:25:39.589+0800: 207281.871: [ParNew: 8952247K->974401K(9175040K), 0.1316190 secs] 50478495K->42548937K(65798144K), 0.1320373 secs] [Times: user=1.75 sys=0.25, real=0.13 secs] 
2023-10-21T03:25:57.405+0800: 207299.686: [GC (Allocation Failure) 2023-10-21T03:25:57.405+0800: 207299.687: [ParNew: 8838721K->1011811K(9175040K), 0.1930272 secs] 50413257K->42635142K(65798144K), 0.1934380 secs] [Times: user=1.82 sys=1.29, real=0.20 secs] 
2023-10-21T03:26:15.363+0800: 207317.644: [GC (Allocation Failure) 2023-10-21T03:26:15.363+0800: 207317.644: [ParNew: 8876131K->972693K(9175040K), 0.1359697 secs] 50499462K->42644383K(65798144K), 0.1364207 secs] [Times: user=1.70 sys=0.37, real=0.14 secs] 
2023-10-21T03:26:37.962+0800: 207340.243: [GC (Allocation Failure) 2023-10-21T03:26:37.962+0800: 207340.243: [ParNew: 8837013K->1007097K(9175040K), 0.2134530 secs] 50508703K->42726836K(65798144K), 0.2138476 secs] [Times: user=1.90 sys=1.57, real=0.21 secs] 
2023-10-21T03:27:02.562+0800: 207364.843: [GC (Allocation Failure) 2023-10-21T03:27:02.562+0800: 207364.843: [ParNew: 8871417K->1079849K(9175040K), 0.1395522 secs] 50591156K->42847271K(65798144K), 0.1399434 secs] [Times: user=1.69 sys=0.37, real=0.14 secs] 
2023-10-21T03:27:25.482+0800: 207387.763: [GC (Allocation Failure) 2023-10-21T03:27:25.482+0800: 207387.764: [ParNew: 8944169K->1042220K(9175040K), 0.1995957 secs] 50711591K->42857640K(65798144K), 0.2000159 secs] [Times: user=1.75 sys=1.48, real=0.20 secs] 
2023-10-21T03:27:43.211+0800: 207405.492: [GC (Allocation Failure) 2023-10-21T03:27:43.211+0800: 207405.493: [ParNew: 8906540K->966219K(9175040K), 0.1298218 secs] 50721960K->42829929K(65798144K), 0.1301672 secs] [Times: user=1.66 sys=0.29, real=0.13 secs] 
2023-10-21T03:28:06.053+0800: 207428.334: [GC (Allocation Failure) 2023-10-21T03:28:06.053+0800: 207428.334: [ParNew: 8830539K->1002450K(9175040K), 0.1883779 secs] 50694249K->42913694K(65798144K), 0.1887784 secs] [Times: user=1.72 sys=1.31, real=0.19 secs] 
2023-10-21T03:28:24.477+0800: 207446.758: [GC (Allocation Failure) 2023-10-21T03:28:24.477+0800: 207446.759: [ParNew: 8866770K->1001279K(9175040K), 0.1393182 secs] 50778014K->42960555K(65798144K), 0.1396740 secs] [Times: user=1.64 sys=0.50, real=0.14 secs] 
2023-10-21T03:28:42.220+0800: 207464.501: [GC (Allocation Failure) 2023-10-21T03:28:42.220+0800: 207464.501: [ParNew: 8865599K->1001806K(9175040K), 0.2070625 secs] 50824875K->43009174K(65798144K), 0.2074573 secs] [Times: user=1.72 sys=1.61, real=0.21 secs] 
2023-10-21T03:28:58.246+0800: 207480.528: [GC (Allocation Failure) 2023-10-21T03:28:58.246+0800: 207480.528: [ParNew: 8866126K->1001032K(9175040K), 0.1475986 secs] 50873494K->43056197K(65798144K), 0.1479671 secs] [Times: user=1.73 sys=0.48, real=0.14 secs] 
2023-10-21T03:29:14.683+0800: 207496.964: [GC (Allocation Failure) 2023-10-21T03:29:14.683+0800: 207496.964: [ParNew: 8865352K->963420K(9175040K), 0.2007705 secs] 50920517K->43066466K(65798144K), 0.2011677 secs] [Times: user=1.68 sys=1.53, real=0.20 secs] 
2023-10-21T03:29:31.328+0800: 207513.609: [GC (Allocation Failure) 2023-10-21T03:29:31.328+0800: 207513.609: [ParNew: 8827740K->1037003K(9175040K), 0.1474016 secs] 50930786K->43187868K(65798144K), 0.1477649 secs] [Times: user=1.65 sys=0.59, real=0.15 secs] 
2023-10-21T03:29:48.201+0800: 207530.482: [GC (Allocation Failure) 2023-10-21T03:29:48.201+0800: 207530.482: [ParNew: 8901323K->926400K(9175040K), 0.1877317 secs] 51052188K->43125050K(65798144K), 0.1881567 secs] [Times: user=1.92 sys=1.05, real=0.19 secs] 
2023-10-21T03:30:05.714+0800: 207547.995: [GC (Allocation Failure) 2023-10-21T03:30:05.714+0800: 207547.995: [ParNew: 8790720K->1036298K(9175040K), 0.1640758 secs] 50989370K->43283194K(65798144K), 0.1644542 secs] [Times: user=1.58 sys=1.00, real=0.17 secs] 
2023-10-21T03:30:21.737+0800: 207564.018: [GC (Allocation Failure) 2023-10-21T03:30:21.737+0800: 207564.018: [ParNew: 8900618K->1020794K(9175040K), 0.1392007 secs] 51147514K->43316284K(65798144K), 0.1396076 secs] [Times: user=1.72 sys=0.36, real=0.14 secs] 
2023-10-21T03:30:39.568+0800: 207581.850: [GC (Allocation Failure) 2023-10-21T03:30:39.569+0800: 207581.850: [ParNew: 8885114K->948684K(9175040K), 0.1992439 secs] 51180604K->43292923K(65798144K), 0.1995930 secs] [Times: user=1.74 sys=1.46, real=0.20 secs] 
2023-10-21T03:30:55.480+0800: 207597.761: [GC (Allocation Failure) 2023-10-21T03:30:55.480+0800: 207597.761: [ParNew: 8813004K->1023040K(9175040K), 0.1374499 secs] 51157243K->43416231K(65798144K), 0.1377775 secs] [Times: user=1.68 sys=0.41, real=0.14 secs] 
2023-10-21T03:31:11.874+0800: 207614.155: [GC (Allocation Failure) 2023-10-21T03:31:11.874+0800: 207614.155: [ParNew: 8887360K->869887K(9175040K), 0.2399625 secs] 51280551K->43311538K(65798144K), 0.2406053 secs] [Times: user=2.31 sys=1.64, real=0.24 secs] 
2023-10-21T03:31:29.857+0800: 207632.138: [GC (Allocation Failure) 2023-10-21T03:31:29.857+0800: 207632.138: [ParNew: 8734207K->1053360K(9175040K), 0.1626278 secs] 51175858K->43543086K(65798144K), 0.1630600 secs] [Times: user=1.61 sys=0.95, real=0.16 secs] 
2023-10-21T03:31:48.509+0800: 207650.791: [GC (Allocation Failure) 2023-10-21T03:31:48.510+0800: 207650.791: [ParNew: 8917680K->901799K(9175040K), 0.1877149 secs] 51407406K->43440311K(65798144K), 0.1881475 secs] [Times: user=2.03 sys=0.97, real=0.19 secs] 
2023-10-21T03:32:09.508+0800: 207671.790: [GC (Allocation Failure) 2023-10-21T03:32:09.509+0800: 207671.790: [ParNew: 8766119K->1013514K(9175040K), 0.1718395 secs] 51304631K->43600776K(65798144K), 0.1721922 secs] [Times: user=1.97 sys=0.75, real=0.17 secs] 
2023-10-21T03:32:27.602+0800: 207689.883: [GC (Allocation Failure) 2023-10-21T03:32:27.602+0800: 207689.883: [ParNew: 8877834K->974237K(9175040K), 0.1457588 secs] 51465096K->43610032K(65798144K), 0.1461126 secs] [Times: user=1.95 sys=0.31, real=0.15 secs] 
2023-10-21T03:32:50.280+0800: 207712.561: [GC (Allocation Failure) 2023-10-21T03:32:50.280+0800: 207712.561: [ParNew: 8838557K->1009816K(9175040K), 0.1985754 secs] 51474352K->43693296K(65798144K), 0.1990105 secs] [Times: user=1.73 sys=1.47, real=0.20 secs] 
2023-10-21T03:33:13.957+0800: 207736.238: [GC (Allocation Failure) 2023-10-21T03:33:13.957+0800: 207736.239: [ParNew: 8874136K->972498K(9175040K), 0.1720742 secs] 51557616K->43703981K(65798144K), 0.1724871 secs] [Times: user=1.74 sys=0.99, real=0.17 secs] 
2023-10-21T03:33:39.084+0800: 207761.365: [GC (Allocation Failure) 2023-10-21T03:33:39.084+0800: 207761.365: [ParNew: 8836818K->1045733K(9175040K), 0.1889880 secs] 51568301K->43825362K(65798144K), 0.1893186 secs] [Times: user=2.16 sys=0.89, real=0.19 secs] 
2023-10-21T03:33:57.518+0800: 207779.799: [GC (Allocation Failure) 2023-10-21T03:33:57.518+0800: 207779.799: [ParNew: 8910053K->932395K(9175040K), 0.1934801 secs] 51689682K->43760116K(65798144K), 0.1938565 secs] [Times: user=2.26 sys=0.89, real=0.19 secs] 
2023-10-21T03:34:15.343+0800: 207797.624: [GC (Allocation Failure) 2023-10-21T03:34:15.343+0800: 207797.624: [ParNew: 8796715K->1007037K(9175040K), 0.1746629 secs] 51624436K->43882880K(65798144K), 0.1750051 secs] [Times: user=2.11 sys=0.72, real=0.18 secs] 
2023-10-21T03:34:36.646+0800: 207818.927: [GC (Allocation Failure) 2023-10-21T03:34:36.646+0800: 207818.927: [ParNew: 8871357K->1042280K(9175040K), 0.1405685 secs] 51747200K->43965938K(65798144K), 0.1409294 secs] [Times: user=1.79 sys=0.42, real=0.14 secs] 
2023-10-21T03:35:00.355+0800: 207842.636: [GC (Allocation Failure) 2023-10-21T03:35:00.355+0800: 207842.637: [ParNew: 8906600K->930709K(9175040K), 0.2058410 secs] 51830258K->43902488K(65798144K), 0.2062508 secs] [Times: user=2.16 sys=1.34, real=0.21 secs] 
2023-10-21T03:35:20.748+0800: 207863.029: [GC (Allocation Failure) 2023-10-21T03:35:20.748+0800: 207863.030: [ParNew: 8795029K->892882K(9175040K), 0.1674094 secs] 51766808K->43912159K(65798144K), 0.1678344 secs] [Times: user=1.49 sys=1.21, real=0.17 secs] 
2023-10-21T03:35:43.066+0800: 207885.347: [GC (Allocation Failure) 2023-10-21T03:35:43.066+0800: 207885.348: [ParNew: 8757202K->1041513K(9175040K), 0.1629177 secs] 51776479K->44108402K(65798144K), 0.1632564 secs] [Times: user=1.57 sys=1.04, real=0.16 secs] 
2023-10-21T03:36:04.631+0800: 207906.912: [GC (Allocation Failure) 2023-10-21T03:36:04.631+0800: 207906.912: [ParNew: 8905833K->929420K(9175040K), 0.1776922 secs] 51972722K->44044522K(65798144K), 0.1780260 secs] [Times: user=1.56 sys=1.02, real=0.18 secs] 
2023-10-21T03:36:23.163+0800: 207925.445: [GC (Allocation Failure) 2023-10-21T03:36:23.164+0800: 207925.445: [ParNew: 8793740K->1000317K(9175040K), 0.1657088 secs] 51908842K->44163750K(65798144K), 0.1660312 secs] [Times: user=1.60 sys=1.05, real=0.17 secs] 
2023-10-21T03:36:41.515+0800: 207943.796: [GC (Allocation Failure) 2023-10-21T03:36:41.515+0800: 207943.796: [ParNew: 8864637K->944909K(9175040K), 0.1281672 secs] 52028070K->44156611K(65798144K), 0.1286240 secs] [Times: user=1.70 sys=0.29, real=0.13 secs] 
2023-10-21T03:36:59.006+0800: 207961.287: [GC (Allocation Failure) 2023-10-21T03:36:59.006+0800: 207961.287: [ParNew: 8809229K->1023291K(9175040K), 0.2060078 secs] 52020931K->44283124K(65798144K), 0.2063587 secs] [Times: user=1.89 sys=1.49, real=0.20 secs] 
2023-10-21T03:37:15.870+0800: 207978.151: [GC (Allocation Failure) 2023-10-21T03:37:15.870+0800: 207978.152: [ParNew: 8887611K->986177K(9175040K), 0.1283638 secs] 52147444K->44294621K(65798144K), 0.1287743 secs] [Times: user=1.64 sys=0.35, real=0.13 secs] 
2023-10-21T03:37:34.818+0800: 207997.099: [GC (Allocation Failure) 2023-10-21T03:37:34.818+0800: 207997.099: [ParNew: 8850497K->946337K(9175040K), 0.2149950 secs] 52158941K->44303164K(65798144K), 0.2154209 secs] [Times: user=1.69 sys=1.85, real=0.21 secs] 
2023-10-21T03:37:55.708+0800: 208017.989: [GC (Allocation Failure) 2023-10-21T03:37:55.708+0800: 208017.989: [ParNew: 8810657K->1020547K(9175040K), 0.1427248 secs] 52167484K->44425952K(65798144K), 0.1430733 secs] [Times: user=1.59 sys=0.66, real=0.14 secs] 
2023-10-21T03:38:14.635+0800: 208036.916: [GC (Allocation Failure) 2023-10-21T03:38:14.635+0800: 208036.916: [ParNew: 8884867K->943207K(9175040K), 0.1982509 secs] 52290272K->44397092K(65798144K), 0.1986651 secs] [Times: user=1.82 sys=1.43, real=0.20 secs] 
2023-10-21T03:38:30.518+0800: 208052.799: [GC (Allocation Failure) 2023-10-21T03:38:30.518+0800: 208052.799: [ParNew: 8807527K->1016257K(9175040K), 0.1560707 secs] 52261412K->44518175K(65798144K), 0.1564533 secs] [Times: user=1.73 sys=0.75, real=0.15 secs] 
2023-10-21T03:38:47.217+0800: 208069.498: [GC (Allocation Failure) 2023-10-21T03:38:47.217+0800: 208069.498: [ParNew: 8880577K->977266K(9175040K), 0.1261409 secs] 52382495K->44527842K(65798144K), 0.1265419 secs] [Times: user=1.77 sys=0.19, real=0.12 secs] 
2023-10-21T03:39:06.841+0800: 208089.122: [GC (Allocation Failure) 2023-10-21T03:39:06.841+0800: 208089.122: [ParNew: 8841586K->975142K(9175040K), 0.2042255 secs] 52392162K->44574545K(65798144K), 0.2046542 secs] [Times: user=1.94 sys=1.42, real=0.20 secs] 
2023-10-21T03:39:29.448+0800: 208111.729: [GC (Allocation Failure) 2023-10-21T03:39:29.448+0800: 208111.729: [ParNew: 8839462K->1047800K(9175040K), 0.1357065 secs] 52438865K->44695598K(65798144K), 0.1360939 secs] [Times: user=1.61 sys=0.51, real=0.13 secs] 
2023-10-21T03:39:47.364+0800: 208129.645: [GC (Allocation Failure) 2023-10-21T03:39:47.364+0800: 208129.645: [ParNew: 8912120K->934671K(9175040K), 0.1909207 secs] 52559918K->44631345K(65798144K), 0.1912662 secs] [Times: user=1.77 sys=1.35, real=0.19 secs] 
2023-10-21T03:40:07.935+0800: 208150.216: [GC (Allocation Failure) 2023-10-21T03:40:07.935+0800: 208150.216: [ParNew: 8798991K->1006838K(9175040K), 0.1405398 secs] 52495665K->44752061K(65798144K), 0.1408843 secs] [Times: user=1.65 sys=0.57, real=0.14 secs] 
2023-10-21T03:40:31.979+0800: 208174.260: [GC (Allocation Failure) 2023-10-21T03:40:31.979+0800: 208174.261: [ParNew: 8871158K->966962K(9175040K), 0.2136139 secs] 52616381K->44760801K(65798144K), 0.2139652 secs] [Times: user=1.81 sys=1.71, real=0.21 secs] 
2023-10-21T03:40:51.343+0800: 208193.624: [GC (Allocation Failure) 2023-10-21T03:40:51.343+0800: 208193.624: [ParNew: 8831282K->964421K(9175040K), 0.1332461 secs] 52625121K->44806346K(65798144K), 0.1335807 secs] [Times: user=1.27 sys=0.81, real=0.14 secs] 
2023-10-21T03:41:07.325+0800: 208209.607: [GC (Allocation Failure) 2023-10-21T03:41:07.326+0800: 208209.607: [ParNew: 8828741K->926230K(9175040K), 0.2040028 secs] 52670666K->44816589K(65798144K), 0.2044330 secs] [Times: user=1.78 sys=1.55, real=0.21 secs] 
2023-10-21T03:41:23.426+0800: 208225.707: [GC (Allocation Failure) 2023-10-21T03:41:23.426+0800: 208225.708: [ParNew: 8790550K->995703K(9175040K), 0.1429685 secs] 52680909K->44933702K(65798144K), 0.1433541 secs] [Times: user=2.03 sys=0.23, real=0.14 secs] 
2023-10-21T03:41:39.395+0800: 208241.676: [GC (Allocation Failure) 2023-10-21T03:41:39.395+0800: 208241.676: [ParNew: 8860023K->957199K(9175040K), 0.1310155 secs] 52798022K->44943509K(65798144K), 0.1316050 secs] [Times: user=1.78 sys=0.26, real=0.14 secs] 
2023-10-21T03:41:55.095+0800: 208257.376: [GC (Allocation Failure) 2023-10-21T03:41:55.095+0800: 208257.376: [ParNew: 8821519K->919672K(9175040K), 0.1869454 secs] 52807829K->44954110K(65798144K), 0.1873493 secs] [Times: user=1.80 sys=1.24, real=0.19 secs] 
2023-10-21T03:42:11.263+0800: 208273.545: [GC (Allocation Failure) 2023-10-21T03:42:11.264+0800: 208273.545: [ParNew: 8783992K->956778K(9175040K), 0.1333196 secs] 52818430K->45039508K(65798144K), 0.1337269 secs] [Times: user=1.71 sys=0.37, real=0.14 secs] 
2023-10-21T03:42:27.904+0800: 208290.186: [GC (Allocation Failure) 2023-10-21T03:42:27.905+0800: 208290.186: [ParNew: 8821098K->1027696K(9175040K), 0.1945369 secs] 52903828K->45158393K(65798144K), 0.1949701 secs] [Times: user=1.68 sys=1.48, real=0.20 secs] 
2023-10-21T03:42:44.315+0800: 208306.596: [GC (Allocation Failure) 2023-10-21T03:42:44.315+0800: 208306.597: [ParNew: 8892016K->1011030K(9175040K), 0.1454966 secs] 53022713K->45189434K(65798144K), 0.1458969 secs] [Times: user=1.77 sys=0.52, real=0.15 secs] 
2023-10-21T03:43:00.569+0800: 208322.850: [GC (Allocation Failure) 2023-10-21T03:43:00.569+0800: 208322.850: [ParNew: 8875350K->978325K(9175040K), 0.1956305 secs] 53053754K->45205800K(65798144K), 0.1961489 secs] [Times: user=1.84 sys=1.35, real=0.19 secs] 
2023-10-21T03:43:17.927+0800: 208340.208: [GC (Allocation Failure) 2023-10-21T03:43:17.927+0800: 208340.208: [ParNew: 8842645K->978503K(9175040K), 0.1657449 secs] 53070120K->45254747K(65798144K), 0.1661515 secs] [Times: user=2.08 sys=0.58, real=0.16 secs] 
2023-10-21T03:43:35.812+0800: 208358.093: [GC (Allocation Failure) 2023-10-21T03:43:35.812+0800: 208358.093: [ParNew: 8842823K->938491K(9175040K), 0.1671615 secs] 53119067K->45262596K(65798144K), 0.1675740 secs] [Times: user=1.83 sys=0.85, real=0.17 secs] 
2023-10-21T03:43:51.870+0800: 208374.151: [GC (Allocation Failure) 2023-10-21T03:43:51.870+0800: 208374.151: [ParNew: 8802811K->1049729K(9175040K), 0.1688038 secs] 53126916K->45422097K(65798144K), 0.1691736 secs] [Times: user=2.00 sys=0.70, real=0.17 secs] 
2023-10-21T03:44:07.746+0800: 208390.027: [GC (Allocation Failure) 2023-10-21T03:44:07.746+0800: 208390.028: [ParNew: 8914049K->974593K(9175040K), 0.1286612 secs] 53286417K->45395400K(65798144K), 0.1290903 secs] [Times: user=1.67 sys=0.31, real=0.12 secs] 
2023-10-21T03:44:23.951+0800: 208406.232: [GC (Allocation Failure) 2023-10-21T03:44:23.951+0800: 208406.232: [ParNew: 8838913K->1009787K(9175040K), 0.1985149 secs] 53259720K->45478840K(65798144K), 0.1989780 secs] [Times: user=1.90 sys=1.33, real=0.20 secs] 
2023-10-21T03:44:41.404+0800: 208423.685: [GC (Allocation Failure) 2023-10-21T03:44:41.404+0800: 208423.685: [ParNew: 8874107K->971880K(9175040K), 0.1369071 secs] 53343160K->45488956K(65798144K), 0.1373299 secs] [Times: user=1.64 sys=0.49, real=0.14 secs] 
2023-10-21T03:45:00.262+0800: 208442.543: [GC (Allocation Failure) 2023-10-21T03:45:00.262+0800: 208442.543: [ParNew: 8836200K->933250K(9175040K), 0.2073617 secs] 53353276K->45498052K(65798144K), 0.2077801 secs] [Times: user=2.00 sys=1.40, real=0.21 secs] 
2023-10-21T03:45:23.217+0800: 208465.498: [GC (Allocation Failure) 2023-10-21T03:45:23.217+0800: 208465.498: [ParNew: 8797570K->933665K(9175040K), 0.1428122 secs] 53362372K->45546547K(65798144K), 0.1432087 secs] [Times: user=1.58 sys=0.58, real=0.14 secs] 
2023-10-21T03:45:45.825+0800: 208488.106: [GC (Allocation Failure) 2023-10-21T03:45:45.825+0800: 208488.107: [ParNew: 8797985K->967735K(9175040K), 0.2019488 secs] 53410867K->45628944K(65798144K), 0.2024101 secs] [Times: user=1.60 sys=1.70, real=0.21 secs] 
2023-10-21T03:46:07.066+0800: 208509.347: [GC (Allocation Failure) 2023-10-21T03:46:07.066+0800: 208509.347: [ParNew: 8832055K->966153K(9175040K), 0.1402260 secs] 53493264K->45675149K(65798144K), 0.1405839 secs] [Times: user=1.54 sys=0.65, real=0.14 secs] 
2023-10-21T03:46:24.652+0800: 208526.933: [GC (Allocation Failure) 2023-10-21T03:46:24.652+0800: 208526.933: [ParNew: 8830473K->925084K(9175040K), 0.1990553 secs] 53539469K->45681546K(65798144K), 0.1994633 secs] [Times: user=1.94 sys=1.30, real=0.20 secs] 
2023-10-21T03:46:44.035+0800: 208546.316: [GC (Allocation Failure) 2023-10-21T03:46:44.035+0800: 208546.316: [ParNew: 8789404K->960781K(9175040K), 0.1414607 secs] 53545866K->45765173K(65798144K), 0.1418341 secs] [Times: user=1.68 sys=0.53, real=0.15 secs] 
2023-10-21T03:47:04.305+0800: 208566.586: [GC (Allocation Failure) 2023-10-21T03:47:04.305+0800: 208566.586: [ParNew: 8825101K->960160K(9175040K), 0.2015656 secs] 53629493K->45812189K(65798144K), 0.2019538 secs] [Times: user=1.62 sys=1.67, real=0.21 secs] 
2023-10-21T03:47:22.625+0800: 208584.906: [GC (Allocation Failure) 2023-10-21T03:47:22.625+0800: 208584.907: [ParNew: 8824480K->957405K(9175040K), 0.1447604 secs] 53676509K->45857730K(65798144K), 0.1451502 secs] [Times: user=2.02 sys=0.26, real=0.15 secs] 
2023-10-21T03:47:44.684+0800: 208606.965: [GC (Allocation Failure) 2023-10-21T03:47:44.684+0800: 208606.965: [ParNew: 8821725K->992342K(9175040K), 0.2032101 secs] 53722050K->45940664K(65798144K), 0.2036059 secs] [Times: user=1.59 sys=1.74, real=0.21 secs] 
2023-10-21T03:48:04.991+0800: 208627.272: [GC (Allocation Failure) 2023-10-21T03:48:04.991+0800: 208627.272: [ParNew: 8856662K->990529K(9175040K), 0.1369999 secs] 53804984K->45987082K(65798144K), 0.1374129 secs] [Times: user=1.60 sys=0.53, real=0.14 secs] 
2023-10-21T03:48:22.873+0800: 208645.154: [GC (Allocation Failure) 2023-10-21T03:48:22.873+0800: 208645.154: [ParNew: 8854849K->935534K(9175040K), 0.2069532 secs] 53851402K->45979661K(65798144K), 0.2074221 secs] [Times: user=1.67 sys=1.72, real=0.21 secs] 
2023-10-21T03:48:38.366+0800: 208660.648: [GC (Allocation Failure) 2023-10-21T03:48:38.367+0800: 208660.648: [ParNew: 8799854K->1015006K(9175040K), 0.1341668 secs] 53843981K->46106777K(65798144K), 0.1346340 secs] [Times: user=1.62 sys=0.46, real=0.13 secs] 
2023-10-21T03:48:53.981+0800: 208676.262: [GC (Allocation Failure) 2023-10-21T03:48:53.981+0800: 208676.263: [ParNew: 8879326K->979265K(9175040K), 0.1221876 secs] 53971097K->46119016K(65798144K), 0.1225769 secs] [Times: user=1.36 sys=0.49, real=0.12 secs] 
2023-10-21T03:49:09.814+0800: 208692.095: [GC (Allocation Failure) 2023-10-21T03:49:09.814+0800: 208692.096: [ParNew: 8843585K->1018742K(9175040K), 0.1844298 secs] 53983336K->46207116K(65798144K), 0.1848166 secs] [Times: user=1.71 sys=1.27, real=0.19 secs] 
2023-10-21T03:49:26.826+0800: 208709.107: [GC (Allocation Failure) 2023-10-21T03:49:26.826+0800: 208709.107: [ParNew: 8883062K->941889K(9175040K), 0.1313353 secs] 54071436K->46177855K(65798144K), 0.1317154 secs] [Times: user=1.67 sys=0.34, real=0.13 secs] 
2023-10-21T03:49:45.616+0800: 208727.897: [GC (Allocation Failure) 2023-10-21T03:49:45.616+0800: 208727.898: [ParNew: 8806209K->941347K(9175040K), 0.2174453 secs] 54042175K->46225799K(65798144K), 0.2179471 secs] [Times: user=1.60 sys=2.18, real=0.21 secs] 
2023-10-21T03:50:06.134+0800: 208748.416: [GC (Allocation Failure) 2023-10-21T03:50:06.135+0800: 208748.416: [ParNew: 8805667K->1091671K(9175040K), 0.1441480 secs] 54090119K->46424343K(65798144K), 0.1445076 secs] [Times: user=1.75 sys=0.64, real=0.15 secs] 
2023-10-21T03:50:06.283+0800: 208748.564: [GC (CMS Initial Mark) [1 CMS-initial-mark: 45332672K(56623104K)] 46425264K(65798144K), 0.0242636 secs] [Times: user=0.59 sys=0.05, real=0.03 secs] 
2023-10-21T03:50:06.307+0800: 208748.589: [CMS-concurrent-mark-start]
2023-10-21T03:50:15.520+0800: 208757.801: [CMS-concurrent-mark: 9.190/9.213 secs] [Times: user=71.21 sys=6.38, real=9.21 secs] 
2023-10-21T03:50:15.520+0800: 208757.801: [CMS-concurrent-preclean-start]
2023-10-21T03:50:15.649+0800: 208757.930: [CMS-concurrent-preclean: 0.127/0.129 secs] [Times: user=0.68 sys=0.00, real=0.13 secs] 
2023-10-21T03:50:15.649+0800: 208757.930: [CMS-concurrent-abortable-preclean-start]
2023-10-21T03:50:23.981+0800: 208766.262: [GC (Allocation Failure) 2023-10-21T03:50:23.981+0800: 208766.262: [ParNew: 8955991K->976577K(9175040K), 0.1861106 secs] 54288663K->46357252K(65798144K), 0.1866350 secs] [Times: user=1.83 sys=1.16, real=0.19 secs] 
 CMS: abort preclean due to time 2023-10-21T03:50:24.343+0800: 208766.624: [CMS-concurrent-abortable-preclean: 8.490/8.694 secs] [Times: user=36.42 sys=4.28, real=8.69 secs] 
2023-10-21T03:50:24.346+0800: 208766.628: [GC (CMS Final Remark) [YG occupancy: 1138452 K (9175040 K)]2023-10-21T03:50:24.347+0800: 208766.628: [Rescan (parallel) , 0.0432444 secs]2023-10-21T03:50:24.390+0800: 208766.671: [weak refs processing, 0.0072568 secs]2023-10-21T03:50:24.397+0800: 208766.678: [class unloading, 0.0612266 secs]2023-10-21T03:50:24.458+0800: 208766.740: [scrub symbol table, 0.0160933 secs]2023-10-21T03:50:24.474+0800: 208766.756: [scrub string table, 0.0017279 secs][1 CMS-remark: 45380674K(56623104K)] 46519127K(65798144K), 0.1308619 secs] [Times: user=0.92 sys=0.00, real=0.13 secs] 
2023-10-21T03:50:24.478+0800: 208766.759: [CMS-concurrent-sweep-start]
2023-10-21T03:50:45.169+0800: 208787.450: [GC (Allocation Failure) 2023-10-21T03:50:45.169+0800: 208787.450: [ParNew: 8840897K->974143K(9175040K), 0.1693743 secs] 35091340K->27272649K(65798144K), 0.1697808 secs] [Times: user=1.62 sys=1.03, real=0.17 secs] 
2023-10-21T03:50:52.919+0800: 208795.201: [CMS-concurrent-sweep: 28.207/28.441 secs] [Times: user=85.03 sys=18.41, real=28.44 secs] 
2023-10-21T03:50:52.920+0800: 208795.201: [CMS-concurrent-reset-start]
2023-10-21T03:50:53.060+0800: 208795.341: [CMS-concurrent-reset: 0.140/0.140 secs] [Times: user=0.63 sys=0.05, real=0.14 secs] 
2023-10-21T03:51:01.052+0800: 208803.333: [GC (Allocation Failure) 2023-10-21T03:51:01.052+0800: 208803.333: [ParNew: 8838463K->1009097K(9175040K), 0.1206107 secs] 31185552K->23403885K(65798144K), 0.1209813 secs] [Times: user=1.67 sys=0.19, real=0.12 secs] 
2023-10-21T03:51:17.154+0800: 208819.436: [GC (Allocation Failure) 2023-10-21T03:51:17.155+0800: 208819.436: [ParNew: 8873417K->1008808K(9175040K), 0.1818353 secs] 31268205K->23451943K(65798144K), 0.1823071 secs] [Times: user=1.42 sys=1.52, real=0.19 secs] 
2023-10-21T03:51:37.886+0800: 208840.168: [GC (Allocation Failure) 2023-10-21T03:51:37.887+0800: 208840.168: [ParNew: 8873128K->927443K(9175040K), 0.1370955 secs] 31316263K->23418750K(65798144K), 0.1375363 secs] [Times: user=1.52 sys=0.61, real=0.13 secs] 
2023-10-21T03:52:00.511+0800: 208862.792: [GC (Allocation Failure) 2023-10-21T03:52:00.511+0800: 208862.793: [ParNew: 8791763K->998051K(9175040K), 0.1970979 secs] 31283070K->23537332K(65798144K), 0.1974476 secs] [Times: user=1.85 sys=1.37, real=0.20 secs] 
2023-10-21T03:52:20.594+0800: 208882.875: [GC (Allocation Failure) 2023-10-21T03:52:20.594+0800: 208882.875: [ParNew: 8862371K->957901K(9175040K), 0.1384609 secs] 31401652K->23545538K(65798144K), 0.1388000 secs] [Times: user=1.61 sys=0.54, real=0.14 secs] 
2023-10-21T03:52:37.162+0800: 208899.443: [GC (Allocation Failure) 2023-10-21T03:52:37.162+0800: 208899.443: [ParNew: 8822221K->954607K(9175040K), 0.2060355 secs] 31409858K->23590118K(65798144K), 0.2064334 secs] [Times: user=2.23 sys=1.12, real=0.21 secs] 
2023-10-21T03:52:52.869+0800: 208915.150: [GC (Allocation Failure) 2023-10-21T03:52:52.869+0800: 208915.151: [ParNew: 8818927K->991205K(9175040K), 0.1254008 secs] 31454438K->23674521K(65798144K), 0.1257786 secs] [Times: user=1.66 sys=0.27, real=0.12 secs] 
2023-10-21T03:53:10.089+0800: 208932.371: [GC (Allocation Failure) 2023-10-21T03:53:10.090+0800: 208932.371: [ParNew: 8855525K->1025513K(9175040K), 0.1537938 secs] 31538841K->23757004K(65798144K), 0.1542175 secs] [Times: user=1.82 sys=0.62, real=0.15 secs] 
2023-10-21T03:53:25.491+0800: 208947.772: [GC (Allocation Failure) 2023-10-21T03:53:25.491+0800: 208947.772: [ParNew: 8889833K->950021K(9175040K), 0.1516366 secs] 31621324K->23729537K(65798144K), 0.1520457 secs] [Times: user=2.04 sys=0.37, real=0.15 secs] 
2023-10-21T03:53:40.344+0800: 208962.625: [GC (Allocation Failure) 2023-10-21T03:53:40.344+0800: 208962.625: [ParNew: 8814341K->949166K(9175040K), 0.1385710 secs] 31593857K->23776788K(65798144K), 0.1389458 secs] [Times: user=1.78 sys=0.37, real=0.14 secs] 
2023-10-21T03:53:55.278+0800: 208977.559: [GC (Allocation Failure) 2023-10-21T03:53:55.278+0800: 208977.560: [ParNew: 8813486K->839918K(9175040K), 0.1572492 secs] 31641108K->23715715K(65798144K), 0.1576399 secs] [Times: user=1.37 sys=1.11, real=0.16 secs] 
2023-10-21T03:54:10.660+0800: 208992.941: [GC (Allocation Failure) 2023-10-21T03:54:10.660+0800: 208992.941: [ParNew: 8704238K->1018762K(9175040K), 0.1451691 secs] 31580035K->23894558K(65798144K), 0.1455656 secs] [Times: user=1.60 sys=0.83, real=0.14 secs] 
2023-10-21T03:54:26.293+0800: 209008.574: [GC (Allocation Failure) 2023-10-21T03:54:26.293+0800: 209008.575: [ParNew: 8883082K->1149063K(9175040K), 0.1289085 secs] 31758878K->24072641K(65798144K), 0.1293150 secs] [Times: user=1.65 sys=0.32, real=0.13 secs] 
2023-10-21T03:54:42.670+0800: 209024.952: [GC (Allocation Failure) 2023-10-21T03:54:42.671+0800: 209024.952: [ParNew: 9013383K->1026229K(9175040K), 0.1953274 secs] 31936961K->24045018K(65798144K), 0.1957322 secs] [Times: user=1.61 sys=1.44, real=0.20 secs] 
2023-10-21T03:55:00.570+0800: 209042.852: [GC (Allocation Failure) 2023-10-21T03:55:00.571+0800: 209042.852: [ParNew: 8890549K->907661K(9175040K), 0.1376290 secs] 31909338K->23973489K(65798144K), 0.1379926 secs] [Times: user=1.64 sys=0.49, real=0.14 secs] 
2023-10-21T03:55:20.629+0800: 209062.910: [GC (Allocation Failure) 2023-10-21T03:55:20.629+0800: 209062.911: [ParNew: 8771981K->1008475K(9175040K), 0.1978831 secs] 31837809K->24122511K(65798144K), 0.1982793 secs] [Times: user=1.55 sys=1.68, real=0.20 secs] 
2023-10-21T03:55:39.593+0800: 209081.874: [GC (Allocation Failure) 2023-10-21T03:55:39.593+0800: 209081.875: [ParNew: 8872795K->854617K(9175040K), 0.1375471 secs] 31986831K->24016206K(65798144K), 0.1379148 secs] [Times: user=1.65 sys=0.51, real=0.14 secs] 
2023-10-21T03:55:58.958+0800: 209101.239: [GC (Allocation Failure) 2023-10-21T03:55:58.958+0800: 209101.239: [ParNew: 8718937K->927101K(9175040K), 0.1719935 secs] 31880526K->24136539K(65798144K), 0.1724320 secs] [Times: user=1.84 sys=0.94, real=0.17 secs] 
2023-10-21T03:56:16.599+0800: 209118.880: [GC (Allocation Failure) 2023-10-21T03:56:16.599+0800: 209118.880: [ParNew: 8791421K->962564K(9175040K), 0.1500475 secs] 32000859K->24219535K(65798144K), 0.1504013 secs] [Times: user=1.54 sys=0.85, real=0.15 secs] 
2023-10-21T03:56:34.237+0800: 209136.518: [GC (Allocation Failure) 2023-10-21T03:56:34.237+0800: 209136.519: [ParNew: 8826884K->884387K(9175040K), 0.1243343 secs] 32083855K->24188828K(65798144K), 0.1247294 secs] [Times: user=1.36 sys=0.57, real=0.12 secs] 
2023-10-21T03:56:53.643+0800: 209155.924: [GC (Allocation Failure) 2023-10-21T03:56:53.643+0800: 209155.924: [ParNew: 8748707K->917790K(9175040K), 0.2019494 secs] 32053148K->24269635K(65798144K), 0.2023670 secs] [Times: user=1.74 sys=1.59, real=0.20 secs] 
2023-10-21T03:57:14.862+0800: 209177.144: [GC (Allocation Failure) 2023-10-21T03:57:14.863+0800: 209177.144: [ParNew: 8782110K->879377K(9175040K), 0.1439412 secs] 32133955K->24278559K(65798144K), 0.1442853 secs] [Times: user=1.46 sys=0.82, real=0.15 secs] 
2023-10-21T03:57:35.262+0800: 209197.543: [GC (Allocation Failure) 2023-10-21T03:57:35.262+0800: 209197.543: [ParNew: 8743697K->1022636K(9175040K), 0.1879828 secs] 32142879K->24468572K(65798144K), 0.1883076 secs] [Times: user=1.53 sys=1.55, real=0.19 secs] 
2023-10-21T03:57:56.107+0800: 209218.388: [GC (Allocation Failure) 2023-10-21T03:57:56.107+0800: 209218.389: [ParNew: 8886956K->912511K(9175040K), 0.1437521 secs] 32332892K->24405517K(65798144K), 0.1441024 secs] [Times: user=1.70 sys=0.71, real=0.14 secs] 
2023-10-21T03:58:12.714+0800: 209234.995: [GC (Allocation Failure) 2023-10-21T03:58:12.714+0800: 209234.995: [ParNew: 8776831K->948327K(9175040K), 0.1826197 secs] 32269837K->24488284K(65798144K), 0.1829884 secs] [Times: user=1.69 sys=1.30, real=0.19 secs] 
2023-10-21T03:58:29.194+0800: 209251.476: [GC (Allocation Failure) 2023-10-21T03:58:29.195+0800: 209251.476: [ParNew: 8812647K->876219K(9175040K), 0.1364643 secs] 32352604K->24463016K(65798144K), 0.1368425 secs] [Times: user=1.71 sys=0.45, real=0.14 secs] 
2023-10-21T03:58:46.574+0800: 209268.855: [GC (Allocation Failure) 2023-10-21T03:58:46.574+0800: 209268.855: [ParNew: 8740539K->1128519K(9175040K), 0.1833407 secs] 32327336K->24715317K(65798144K), 0.1837272 secs] [Times: user=1.74 sys=1.37, real=0.19 secs] 
2023-10-21T03:59:06.181+0800: 209288.462: [GC (Allocation Failure) 2023-10-21T03:59:06.181+0800: 209288.463: [ParNew: 8992839K->1035927K(9175040K), 0.1607601 secs] 32579637K->24670317K(65798144K), 0.1610771 secs] [Times: user=1.74 sys=0.85, real=0.16 secs] 
2023-10-21T03:59:26.972+0800: 209309.253: [GC (Allocation Failure) 2023-10-21T03:59:26.972+0800: 209309.253: [ParNew: 8900247K->948446K(9175040K), 0.2225386 secs] 32534637K->24677091K(65798144K), 0.2230005 secs] [Times: user=1.80 sys=1.77, real=0.22 secs] 
2023-10-21T03:59:49.008+0800: 209331.289: [GC (Allocation Failure) 2023-10-21T03:59:49.008+0800: 209331.289: [ParNew: 8812766K->983412K(9175040K), 0.1534517 secs] 32541411K->24759860K(65798144K), 0.1538351 secs] [Times: user=1.65 sys=0.79, real=0.15 secs] 
2023-10-21T04:00:07.251+0800: 209349.533: [GC (Allocation Failure) 2023-10-21T04:00:07.251+0800: 209349.533: [ParNew: 8847732K->933366K(9175040K), 0.1768470 secs] 32624180K->24757096K(65798144K), 0.1771800 secs] [Times: user=1.86 sys=1.00, real=0.18 secs] 
2023-10-21T04:00:25.286+0800: 209367.567: [GC (Allocation Failure) 2023-10-21T04:00:25.286+0800: 209367.568: [ParNew: 8797686K->965254K(9175040K), 0.1502663 secs] 32621416K->24836179K(65798144K), 0.1506429 secs] [Times: user=1.59 sys=0.80, real=0.15 secs] 
2023-10-21T04:00:44.953+0800: 209387.234: [GC (Allocation Failure) 2023-10-21T04:00:44.953+0800: 209387.234: [ParNew: 8829574K->999104K(9175040K), 0.1270746 secs] 32700499K->24917095K(65798144K), 0.1274358 secs] [Times: user=1.59 sys=0.39, real=0.13 secs] 
2023-10-21T04:01:03.364+0800: 209405.646: [GC (Allocation Failure) 2023-10-21T04:01:03.365+0800: 209405.646: [ParNew: 8863424K->849229K(9175040K), 0.1906410 secs] 32781415K->24814334K(65798144K), 0.1910306 secs] [Times: user=1.76 sys=1.36, real=0.19 secs] 
2023-10-21T04:01:20.733+0800: 209423.014: [GC (Allocation Failure) 2023-10-21T04:01:20.733+0800: 209423.014: [ParNew: 8713549K->848179K(9175040K), 0.1395878 secs] 32678654K->24860717K(65798144K), 0.1399313 secs] [Times: user=1.56 sys=0.64, real=0.14 secs] 
2023-10-21T04:01:37.272+0800: 209439.553: [GC (Allocation Failure) 2023-10-21T04:01:37.272+0800: 209439.554: [ParNew: 8712499K->880960K(9175040K), 0.1814041 secs] 32725037K->24941457K(65798144K), 0.1817609 secs] [Times: user=1.67 sys=1.28, real=0.18 secs] 
2023-10-21T04:01:54.111+0800: 209456.392: [GC (Allocation Failure) 2023-10-21T04:01:54.111+0800: 209456.392: [ParNew: 8745280K->877846K(9175040K), 0.1390390 secs] 32805777K->24986338K(65798144K), 0.1394235 secs] [Times: user=1.71 sys=0.47, real=0.14 secs] 
2023-10-21T04:02:13.090+0800: 209475.372: [GC (Allocation Failure) 2023-10-21T04:02:13.091+0800: 209475.372: [ParNew: 8742166K->911453K(9175040K), 0.1691140 secs] 32850658K->25067670K(65798144K), 0.1695642 secs] [Times: user=1.26 sys=1.29, real=0.17 secs] 
2023-10-21T04:02:31.053+0800: 209493.334: [GC (Allocation Failure) 2023-10-21T04:02:31.053+0800: 209493.334: [ParNew: 8775773K->1125095K(9175040K), 0.1440639 secs] 32931990K->25281311K(65798144K), 0.1444398 secs] [Times: user=1.59 sys=0.82, real=0.15 secs] 
2023-10-21T04:02:48.455+0800: 209510.736: [GC (Allocation Failure) 2023-10-21T04:02:48.455+0800: 209510.736: [ParNew: 8989415K->955436K(9175040K), 0.1444294 secs] 33145631K->25158478K(65798144K), 0.1448427 secs] [Times: user=1.70 sys=0.57, real=0.15 secs] 
2023-10-21T04:03:06.657+0800: 209528.938: [GC (Allocation Failure) 2023-10-21T04:03:06.657+0800: 209528.938: [ParNew: 8819756K->1003952K(9175040K), 0.1967798 secs] 33022798K->25254172K(65798144K), 0.1972137 secs] [Times: user=1.77 sys=1.45, real=0.19 secs] 
2023-10-21T04:03:24.436+0800: 209546.717: [GC (Allocation Failure) 2023-10-21T04:03:24.436+0800: 209546.717: [ParNew: 8868272K->946732K(9175040K), 0.1458520 secs] 33118492K->25291999K(65798144K), 0.1462502 secs] [Times: user=1.64 sys=0.53, real=0.14 secs] 
2023-10-21T04:03:42.908+0800: 209565.189: [GC (Allocation Failure) 2023-10-21T04:03:42.908+0800: 209565.190: [ParNew: 8811052K->978262K(9175040K), 0.1933548 secs] 33156319K->25371492K(65798144K), 0.1937827 secs] [Times: user=1.49 sys=1.87, real=0.19 secs] 
2023-10-21T04:04:02.622+0800: 209584.903: [GC (Allocation Failure) 2023-10-21T04:04:02.622+0800: 209584.903: [ParNew: 8842582K->964064K(9175040K), 0.1371469 secs] 33235812K->25404310K(65798144K), 0.1375228 secs] [Times: user=1.65 sys=0.49, real=0.14 secs] 
2023-10-21T04:04:20.650+0800: 209602.931: [GC (Allocation Failure) 2023-10-21T04:04:20.650+0800: 209602.931: [ParNew: 8828384K->1034868K(9175040K), 0.1588314 secs] 33268630K->25522329K(65798144K), 0.1593275 secs] [Times: user=1.38 sys=1.16, real=0.16 secs] 
2023-10-21T04:04:42.269+0800: 209624.550: [GC (Allocation Failure) 2023-10-21T04:04:42.269+0800: 209624.550: [ParNew: 8899188K->993341K(9175040K), 0.1550251 secs] 33386649K->25527665K(65798144K), 0.1553918 secs] [Times: user=1.53 sys=0.94, real=0.15 secs] 
2023-10-21T04:05:03.252+0800: 209645.533: [GC (Allocation Failure) 2023-10-21T04:05:03.252+0800: 209645.533: [ParNew: 8857661K->844324K(9175040K), 0.1646495 secs] 33391985K->25426349K(65798144K), 0.1650361 secs] [Times: user=1.31 sys=1.33, real=0.17 secs] 
2023-10-21T04:05:23.797+0800: 209666.078: [GC (Allocation Failure) 2023-10-21T04:05:23.797+0800: 209666.079: [ParNew: 8708644K->917597K(9175040K), 0.1609387 secs] 33290669K->25546564K(65798144K), 0.1613081 secs] [Times: user=1.61 sys=0.97, real=0.16 secs] 
2023-10-21T04:05:44.545+0800: 209686.826: [GC (Allocation Failure) 2023-10-21T04:05:44.545+0800: 209686.827: [ParNew: 8781917K->879430K(9175040K), 0.1312447 secs] 33410884K->25556118K(65798144K), 0.1316140 secs] [Times: user=1.66 sys=0.38, real=0.14 secs] 
2023-10-21T04:06:02.015+0800: 209704.296: [GC (Allocation Failure) 2023-10-21T04:06:02.015+0800: 209704.296: [ParNew: 8743750K->841592K(9175040K), 0.1842080 secs] 33420438K->25565528K(65798144K), 0.1845659 secs] [Times: user=1.41 sys=1.58, real=0.19 secs] 
2023-10-21T04:06:17.261+0800: 209719.542: [GC (Allocation Failure) 2023-10-21T04:06:17.261+0800: 209719.543: [ParNew: 8705912K->949568K(9175040K), 0.1358690 secs] 33429848K->25720345K(65798144K), 0.1362292 secs] [Times: user=1.67 sys=0.47, real=0.14 secs] 
2023-10-21T04:06:32.703+0800: 209734.985: [GC (Allocation Failure) 2023-10-21T04:06:32.704+0800: 209734.985: [ParNew: 8813888K->981500K(9175040K), 0.1861646 secs] 33584665K->25752277K(65798144K), 0.1865591 secs] [Times: user=1.29 sys=1.86, real=0.19 secs] 
2023-10-21T04:06:49.259+0800: 209751.540: [GC (Allocation Failure) 2023-10-21T04:06:49.259+0800: 209751.540: [ParNew: 8845820K->1184309K(9175040K), 0.1319162 secs] 33616597K->26002332K(65798144K), 0.1322914 secs] [Times: user=1.66 sys=0.38, real=0.13 secs] 
2023-10-21T04:07:04.953+0800: 209767.234: [GC (Allocation Failure) 2023-10-21T04:07:04.953+0800: 209767.234: [ParNew: 9048629K->946992K(9175040K), 0.1470115 secs] 33866652K->25859727K(65798144K), 0.1473904 secs] [Times: user=1.80 sys=0.39, real=0.15 secs] 
2023-10-21T04:07:21.204+0800: 209783.485: [GC (Allocation Failure) 2023-10-21T04:07:21.204+0800: 209783.485: [ParNew: 8811312K->944294K(9175040K), 0.1751711 secs] 33724047K->25904163K(65798144K), 0.1756049 secs] [Times: user=1.64 sys=1.19, real=0.18 secs] 
2023-10-21T04:07:38.657+0800: 209800.938: [GC (Allocation Failure) 2023-10-21T04:07:38.658+0800: 209800.939: [ParNew: 8808614K->1044425K(9175040K), 0.1396821 secs] 33768483K->26051738K(65798144K), 0.1401267 secs] [Times: user=1.52 sys=0.67, real=0.14 secs] 
2023-10-21T04:07:54.565+0800: 209816.846: [GC (Allocation Failure) 2023-10-21T04:07:54.566+0800: 209816.847: [ParNew: 8908745K->929731K(9175040K), 0.1711035 secs] 33916058K->25984840K(65798144K), 0.1715525 secs] [Times: user=1.69 sys=1.06, real=0.18 secs] 
2023-10-21T04:08:11.099+0800: 209833.381: [GC (Allocation Failure) 2023-10-21T04:08:11.100+0800: 209833.381: [ParNew: 8794051K->1039052K(9175040K), 0.1380372 secs] 33849160K->26140850K(65798144K), 0.1384222 secs] [Times: user=1.56 sys=0.60, real=0.14 secs] 
2023-10-21T04:08:26.498+0800: 209848.780: [GC (Allocation Failure) 2023-10-21T04:08:26.499+0800: 209848.780: [ParNew: 8903372K->964881K(9175040K), 0.1256175 secs] 34005170K->26114468K(65798144K), 0.1259785 secs] [Times: user=1.60 sys=0.32, real=0.12 secs] 
2023-10-21T04:08:41.836+0800: 209864.117: [GC (Allocation Failure) 2023-10-21T04:08:41.836+0800: 209864.117: [ParNew: 8829201K->929478K(9175040K), 0.1790221 secs] 33978788K->26127647K(65798144K), 0.1794082 secs] [Times: user=1.81 sys=1.09, real=0.18 secs] 
2023-10-21T04:08:57.087+0800: 209879.368: [GC (Allocation Failure) 2023-10-21T04:08:57.087+0800: 209879.369: [ParNew: 8793798K->1075443K(9175040K), 0.1285252 secs] 33991967K->26321540K(65798144K), 0.1288941 secs] [Times: user=1.55 sys=0.44, real=0.13 secs] 
2023-10-21T04:09:12.490+0800: 209894.771: [GC (Allocation Failure) 2023-10-21T04:09:12.490+0800: 209894.772: [ParNew: 8939763K->851845K(9175040K), 0.1536932 secs] 34185860K->26146040K(65798144K), 0.1541789 secs] [Times: user=1.44 sys=0.99, real=0.15 secs] 
2023-10-21T04:09:29.024+0800: 209911.305: [GC (Allocation Failure) 2023-10-21T04:09:29.024+0800: 209911.305: [ParNew: 8716165K->885875K(9175040K), 0.1581340 secs] 34010360K->26227418K(65798144K), 0.1585964 secs] [Times: user=1.87 sys=0.64, real=0.16 secs] 
2023-10-21T04:09:45.642+0800: 209927.923: [GC (Allocation Failure) 2023-10-21T04:09:45.642+0800: 209927.923: [ParNew: 8750195K->959379K(9175040K), 0.1404866 secs] 34091738K->26347432K(65798144K), 0.1408690 secs] [Times: user=1.68 sys=0.53, real=0.14 secs] 
2023-10-21T04:10:06.475+0800: 209948.756: [GC (Allocation Failure) 2023-10-21T04:10:06.475+0800: 209948.756: [ParNew: 8823699K->923339K(9175040K), 0.1941002 secs] 34211752K->26358244K(65798144K), 0.1945116 secs] [Times: user=1.60 sys=1.57, real=0.20 secs] 
2023-10-21T04:10:30.815+0800: 209973.096: [GC (Allocation Failure) 2023-10-21T04:10:30.815+0800: 209973.097: [ParNew: 8787659K->960099K(9175040K), 0.1421258 secs] 34222564K->26442763K(65798144K), 0.1424904 secs] [Times: user=1.81 sys=0.44, real=0.15 secs] 
2023-10-21T04:10:51.207+0800: 209993.488: [GC (Allocation Failure) 2023-10-21T04:10:51.207+0800: 209993.489: [ParNew: 8824419K->995146K(9175040K), 0.1961062 secs] 34307083K->26525713K(65798144K), 0.1964857 secs] [Times: user=1.75 sys=1.47, real=0.19 secs] 
2023-10-21T04:11:12.674+0800: 210014.955: [GC (Allocation Failure) 2023-10-21T04:11:12.674+0800: 210014.956: [ParNew: 8859466K->957138K(9175040K), 0.1271898 secs] 34390033K->26535100K(65798144K), 0.1275752 secs] [Times: user=1.36 sys=0.63, real=0.13 secs] 
2023-10-21T04:11:31.795+0800: 210034.076: [GC (Allocation Failure) 2023-10-21T04:11:31.795+0800: 210034.076: [ParNew: 8821458K->953724K(9175040K), 0.2013976 secs] 34399420K->26579235K(65798144K), 0.2018155 secs] [Times: user=1.83 sys=1.48, real=0.21 secs] 
2023-10-21T04:11:48.046+0800: 210050.327: [GC (Allocation Failure) 2023-10-21T04:11:48.046+0800: 210050.327: [ParNew: 8818044K->881039K(9175040K), 0.1354934 secs] 34443555K->26553835K(65798144K), 0.1358737 secs] [Times: user=1.67 sys=0.46, real=0.13 secs] 
2023-10-21T04:12:05.830+0800: 210068.111: [GC (Allocation Failure) 2023-10-21T04:12:05.830+0800: 210068.111: [ParNew: 8745359K->881736K(9175040K), 0.2091310 secs] 34418155K->26602057K(65798144K), 0.2095818 secs] [Times: user=1.98 sys=1.55, real=0.21 secs] 
2023-10-21T04:12:24.301+0800: 210086.582: [GC (Allocation Failure) 2023-10-21T04:12:24.301+0800: 210086.582: [ParNew: 8746056K->879916K(9175040K), 0.1431268 secs] 34466377K->26647984K(65798144K), 0.1435298 secs] [Times: user=1.81 sys=0.58, real=0.14 secs] 
2023-10-21T04:12:43.344+0800: 210105.625: [GC (Allocation Failure) 2023-10-21T04:12:43.344+0800: 210105.626: [ParNew: 8744236K->879171K(9175040K), 0.1679455 secs] 34512304K->26694834K(65798144K), 0.1683652 secs] [Times: user=1.61 sys=1.09, real=0.17 secs] 
2023-10-21T04:13:04.181+0800: 210126.462: [GC (Allocation Failure) 2023-10-21T04:13:04.181+0800: 210126.462: [ParNew: 8743491K->952587K(9175040K), 0.1596403 secs] 34559154K->26815251K(65798144K), 0.1600002 secs] [Times: user=1.49 sys=1.08, real=0.16 secs] 
2023-10-21T04:13:22.769+0800: 210145.050: [GC (Allocation Failure) 2023-10-21T04:13:22.769+0800: 210145.051: [ParNew: 8816907K->1025802K(9175040K), 0.1798904 secs] 34679571K->26935698K(65798144K), 0.1803892 secs] [Times: user=1.46 sys=1.46, real=0.18 secs] 
2023-10-21T04:13:40.002+0800: 210162.283: [GC (Allocation Failure) 2023-10-21T04:13:40.002+0800: 210162.284: [ParNew: 8890122K->1010446K(9175040K), 0.1616689 secs] 34800018K->26968022K(65798144K), 0.1620149 secs] [Times: user=1.70 sys=0.93, real=0.16 secs] 
2023-10-21T04:13:56.557+0800: 210178.838: [GC (Allocation Failure) 2023-10-21T04:13:56.557+0800: 210178.838: [ParNew: 8874766K->1090697K(9175040K), 0.1327350 secs] 34832342K->27095653K(65798144K), 0.1331134 secs] [Times: user=1.73 sys=0.37, real=0.13 secs] 
2023-10-21T04:14:14.461+0800: 210196.743: [GC (Allocation Failure) 2023-10-21T04:14:14.462+0800: 210196.743: [ParNew: 8955017K->1130542K(9175040K), 0.1807367 secs] 34959973K->27183701K(65798144K), 0.1811168 secs] [Times: user=1.79 sys=1.15, real=0.18 secs] 
2023-10-21T04:14:31.242+0800: 210213.523: [GC (Allocation Failure) 2023-10-21T04:14:31.242+0800: 210213.523: [ParNew: 8994862K->894510K(9175040K), 0.1304562 secs] 35048021K->26995416K(65798144K), 0.1308237 secs] [Times: user=1.65 sys=0.41, real=0.13 secs] 
2023-10-21T04:14:49.044+0800: 210231.325: [GC (Allocation Failure) 2023-10-21T04:14:49.044+0800: 210231.325: [ParNew: 8758830K->1022833K(9175040K), 0.1932503 secs] 34859736K->27171964K(65798144K), 0.1939360 secs] [Times: user=1.80 sys=1.28, real=0.20 secs] 
2023-10-21T04:15:06.634+0800: 210248.915: [GC (Allocation Failure) 2023-10-21T04:15:06.634+0800: 210248.915: [ParNew: 8887153K->1063349K(9175040K), 0.1459462 secs] 35036284K->27260640K(65798144K), 0.1462897 secs] [Times: user=1.55 sys=0.78, real=0.15 secs] 
2023-10-21T04:15:23.310+0800: 210265.592: [GC (Allocation Failure) 2023-10-21T04:15:23.311+0800: 210265.592: [ParNew: 8927669K->894772K(9175040K), 0.1354172 secs] 35124960K->27140886K(65798144K), 0.1357935 secs] [Times: user=1.63 sys=0.51, real=0.14 secs] 
2023-10-21T04:15:42.925+0800: 210285.206: [GC (Allocation Failure) 2023-10-21T04:15:42.925+0800: 210285.206: [ParNew: 8759092K->897867K(9175040K), 0.2094664 secs] 35005206K->27191747K(65798144K), 0.2098924 secs] [Times: user=1.74 sys=1.72, real=0.21 secs] 
2023-10-21T04:16:02.348+0800: 210304.629: [GC (Allocation Failure) 2023-10-21T04:16:02.348+0800: 210304.630: [ParNew: 8762187K->973711K(9175040K), 0.1384527 secs] 35056067K->27315531K(65798144K), 0.1389247 secs] [Times: user=1.65 sys=0.54, real=0.14 secs] 
2023-10-21T04:16:22.617+0800: 210324.898: [GC (Allocation Failure) 2023-10-21T04:16:22.617+0800: 210324.898: [ParNew: 8838031K->897910K(9175040K), 0.1854071 secs] 35179851K->27288020K(65798144K), 0.1858561 secs] [Times: user=1.78 sys=1.27, real=0.18 secs] 
2023-10-21T04:16:49.878+0800: 210352.159: [GC (Allocation Failure) 2023-10-21T04:16:49.878+0800: 210352.160: [ParNew: 8762230K->891435K(9175040K), 0.1743572 secs] 35152340K->27329345K(65798144K), 0.1747145 secs] [Times: user=1.55 sys=1.30, real=0.17 secs] 
2023-10-21T04:17:12.969+0800: 210375.250: [GC (Allocation Failure) 2023-10-21T04:17:12.969+0800: 210375.250: [ParNew: 8755755K->849726K(9175040K), 0.2009133 secs] 35193665K->27335845K(65798144K), 0.2013012 secs] [Times: user=1.48 sys=1.84, real=0.20 secs] 
2023-10-21T04:17:34.192+0800: 210396.474: [GC (Allocation Failure) 2023-10-21T04:17:34.193+0800: 210396.474: [ParNew: 8714046K->919424K(9175040K), 0.1379215 secs] 35200165K->27453569K(65798144K), 0.1382457 secs] [Times: user=1.62 sys=0.57, real=0.14 secs] 
2023-10-21T04:17:51.872+0800: 210414.154: [GC (Allocation Failure) 2023-10-21T04:17:51.873+0800: 210414.154: [ParNew: 8783744K->988278K(9175040K), 0.1572234 secs] 35317889K->27570377K(65798144K), 0.1576071 secs] [Times: user=1.44 sys=1.09, real=0.16 secs] 
2023-10-21T04:18:09.700+0800: 210431.981: [GC (Allocation Failure) 2023-10-21T04:18:09.700+0800: 210431.981: [ParNew: 8852598K->951544K(9175040K), 0.1567235 secs] 35434697K->27581181K(65798144K), 0.1571074 secs] [Times: user=1.64 sys=0.84, real=0.16 secs] 
2023-10-21T04:18:30.181+0800: 210452.462: [GC (Allocation Failure) 2023-10-21T04:18:30.181+0800: 210452.462: [ParNew: 8815864K->912480K(9175040K), 0.1406298 secs] 35445501K->27589870K(65798144K), 0.1410050 secs] [Times: user=1.66 sys=0.59, real=0.14 secs] 
2023-10-21T04:18:50.865+0800: 210473.146: [GC (Allocation Failure) 2023-10-21T04:18:50.865+0800: 210473.147: [ParNew: 8776800K->1022324K(9175040K), 0.1830307 secs] 35454190K->27746991K(65798144K), 0.1834119 secs] [Times: user=1.86 sys=1.14, real=0.19 secs] 
2023-10-21T04:19:12.915+0800: 210495.196: [GC (Allocation Failure) 2023-10-21T04:19:12.915+0800: 210495.196: [ParNew: 8886644K->986691K(9175040K), 0.1333969 secs] 35611311K->27759194K(65798144K), 0.1337283 secs] [Times: user=1.56 sys=0.56, real=0.14 secs] 
2023-10-21T04:19:33.585+0800: 210515.866: [GC (Allocation Failure) 2023-10-21T04:19:33.585+0800: 210515.867: [ParNew: 8851011K->988201K(9175040K), 0.1815304 secs] 35623514K->27808387K(65798144K), 0.1819695 secs] [Times: user=1.58 sys=1.39, real=0.19 secs] 
2023-10-21T04:19:53.246+0800: 210535.527: [GC (Allocation Failure) 2023-10-21T04:19:53.246+0800: 210535.527: [ParNew: 8852521K->950511K(9175040K), 0.1304646 secs] 35672707K->27818456K(65798144K), 0.1307759 secs] [Times: user=1.54 sys=0.52, real=0.13 secs] 
2023-10-21T04:20:11.522+0800: 210553.803: [GC (Allocation Failure) 2023-10-21T04:20:11.522+0800: 210553.803: [ParNew: 8814831K->986576K(9175040K), 0.1831760 secs] 35682776K->27902454K(65798144K), 0.1835519 secs] [Times: user=1.79 sys=1.20, real=0.18 secs] 
2023-10-21T04:20:31.519+0800: 210573.801: [GC (Allocation Failure) 2023-10-21T04:20:31.520+0800: 210573.801: [ParNew: 8850896K->985939K(9175040K), 0.1409455 secs] 35766774K->27949530K(65798144K), 0.1412924 secs] [Times: user=1.59 sys=0.65, real=0.14 secs] 
2023-10-21T04:20:53.604+0800: 210595.885: [GC (Allocation Failure) 2023-10-21T04:20:53.604+0800: 210595.885: [ParNew: 8850259K->970725K(9175040K), 0.1715889 secs] 35813850K->27981063K(65798144K), 0.1719726 secs] [Times: user=1.39 sys=1.40, real=0.17 secs] 
2023-10-21T04:21:23.916+0800: 210626.197: [GC (Allocation Failure) 2023-10-21T04:21:23.916+0800: 210626.198: [ParNew: 8835045K->976381K(9175040K), 0.1714339 secs] 35845383K->28031724K(65798144K), 0.1717526 secs] [Times: user=1.82 sys=0.99, real=0.17 secs] 
2023-10-21T04:21:46.165+0800: 210648.447: [GC (Allocation Failure) 2023-10-21T04:21:46.166+0800: 210648.447: [ParNew: 8840701K->936637K(9175040K), 0.1610954 secs] 35896044K->28038875K(65798144K), 0.1614457 secs] [Times: user=1.52 sys=1.09, real=0.17 secs] 
2023-10-21T04:22:09.656+0800: 210671.937: [GC (Allocation Failure) 2023-10-21T04:22:09.656+0800: 210671.937: [ParNew: 8800957K->1086360K(9175040K), 0.1669400 secs] 35903195K->28235948K(65798144K), 0.1673015 secs] [Times: user=1.58 sys=1.13, real=0.17 secs] 
2023-10-21T04:22:30.909+0800: 210693.190: [GC (Allocation Failure) 2023-10-21T04:22:30.909+0800: 210693.190: [ParNew: 8950680K->1011390K(9175040K), 0.1729340 secs] 36100268K->28208656K(65798144K), 0.1733063 secs] [Times: user=1.47 sys=1.35, real=0.17 secs] 
2023-10-21T04:22:50.185+0800: 210712.466: [GC (Allocation Failure) 2023-10-21T04:22:50.185+0800: 210712.466: [ParNew: 8875710K->974884K(9175040K), 0.1673756 secs] 36072976K->28219550K(65798144K), 0.1677159 secs] [Times: user=1.62 sys=1.10, real=0.17 secs] 
2023-10-21T04:23:10.040+0800: 210732.321: [GC (Allocation Failure) 2023-10-21T04:23:10.040+0800: 210732.322: [ParNew: 8839204K->901639K(9175040K), 0.1591340 secs] 36083870K->28194484K(65798144K), 0.1594965 secs] [Times: user=1.52 sys=1.05, real=0.16 secs] 
2023-10-21T04:23:32.880+0800: 210755.161: [GC (Allocation Failure) 2023-10-21T04:23:32.880+0800: 210755.161: [ParNew: 8765959K->938104K(9175040K), 0.1611668 secs] 36058804K->28274548K(65798144K), 0.1614962 secs] [Times: user=1.90 sys=0.72, real=0.16 secs] 
2023-10-21T04:24:01.316+0800: 210783.597: [GC (Allocation Failure) 2023-10-21T04:24:01.316+0800: 210783.597: [ParNew: 8802424K->900105K(9175040K), 0.1811086 secs] 36138868K->28265178K(65798144K), 0.1815883 secs] [Times: user=1.32 sys=1.69, real=0.18 secs] 
2023-10-21T04:24:26.874+0800: 210809.156: [GC (Allocation Failure) 2023-10-21T04:24:26.875+0800: 210809.156: [ParNew: 8764425K->974298K(9175040K), 0.1610049 secs] 36129498K->28359273K(65798144K), 0.1613216 secs] [Times: user=1.37 sys=1.29, real=0.17 secs] 
2023-10-21T04:24:54.076+0800: 210836.357: [GC (Allocation Failure) 2023-10-21T04:24:54.076+0800: 210836.357: [ParNew: 8838618K->898599K(9175040K), 0.1990323 secs] 36223593K->28289591K(65798144K), 0.1994151 secs] [Times: user=1.38 sys=2.01, real=0.20 secs] 
2023-10-21T04:25:14.690+0800: 210856.972: [GC (Allocation Failure) 2023-10-21T04:25:14.691+0800: 210856.972: [ParNew: 8762919K->1008421K(9175040K), 0.1220699 secs] 36153911K->28405159K(65798144K), 0.1224099 secs] [Times: user=1.52 sys=0.49, real=0.12 secs] 
2023-10-21T04:25:34.187+0800: 210876.468: [GC (Allocation Failure) 2023-10-21T04:25:34.187+0800: 210876.468: [ParNew: 8872741K->964164K(9175040K), 0.1505716 secs] 36269479K->28366921K(65798144K), 0.1509814 secs] [Times: user=1.38 sys=1.14, real=0.15 secs] 
2023-10-21T04:25:55.212+0800: 210897.493: [GC (Allocation Failure) 2023-10-21T04:25:55.212+0800: 210897.494: [ParNew: 8828484K->1001357K(9175040K), 0.1434149 secs] 36231241K->28410668K(65798144K), 0.1437550 secs] [Times: user=1.67 sys=0.72, real=0.15 secs] 
2023-10-21T04:26:16.645+0800: 210918.927: [GC (Allocation Failure) 2023-10-21T04:26:16.646+0800: 210918.927: [ParNew: 8865677K->929355K(9175040K), 0.1571598 secs] 36274988K->28354643K(65798144K), 0.1575435 secs] [Times: user=1.70 sys=0.90, real=0.16 secs] 
2023-10-21T04:26:42.067+0800: 210944.348: [GC (Allocation Failure) 2023-10-21T04:26:42.067+0800: 210944.348: [ParNew: 8793675K->1003375K(9175040K), 0.1576982 secs] 36218963K->28442362K(65798144K), 0.1580379 secs] [Times: user=1.47 sys=1.14, real=0.15 secs] 
2023-10-21T04:27:08.815+0800: 210971.096: [GC (Allocation Failure) 2023-10-21T04:27:08.815+0800: 210971.096: [ParNew: 8867695K->965735K(9175040K), 0.1975755 secs] 36306682K->28412921K(65798144K), 0.1979757 secs] [Times: user=1.38 sys=1.97, real=0.20 secs] 
2023-10-21T04:27:31.920+0800: 210994.202: [GC (Allocation Failure) 2023-10-21T04:27:31.921+0800: 210994.202: [ParNew: 8830055K->927247K(9175040K), 0.1333726 secs] 36277241K->28380848K(65798144K), 0.1337201 secs] [Times: user=1.47 sys=0.74, real=0.13 secs] 
2023-10-21T04:27:52.936+0800: 211015.217: [GC (Allocation Failure) 2023-10-21T04:27:52.936+0800: 211015.218: [ParNew: 8791567K->922793K(9175040K), 0.1978352 secs] 36245168K->28382406K(65798144K), 0.1982844 secs] [Times: user=1.54 sys=1.82, real=0.19 secs] 
2023-10-21T04:28:18.068+0800: 211040.349: [GC (Allocation Failure) 2023-10-21T04:28:18.068+0800: 211040.350: [ParNew: 8787113K->974050K(9175040K), 0.1325720 secs] 36246726K->28439590K(65798144K), 0.1329069 secs] [Times: user=1.42 sys=0.77, real=0.13 secs] 
2023-10-21T04:28:39.497+0800: 211061.778: [GC (Allocation Failure) 2023-10-21T04:28:39.497+0800: 211061.779: [ParNew: 8838370K->929168K(9175040K), 0.1858940 secs] 36303910K->28401144K(65798144K), 0.1862226 secs] [Times: user=1.21 sys=1.94, real=0.18 secs] 
2023-10-21T04:28:59.626+0800: 211081.907: [GC (Allocation Failure) 2023-10-21T04:28:59.626+0800: 211081.907: [ParNew: 8793488K->1006682K(9175040K), 0.1262111 secs] 36265464K->28488552K(65798144K), 0.1265687 secs] [Times: user=1.53 sys=0.53, real=0.12 secs] 
2023-10-21T04:29:25.611+0800: 211107.892: [GC (Allocation Failure) 2023-10-21T04:29:25.611+0800: 211107.892: [ParNew: 8871002K->978948K(9175040K), 0.1942020 secs] 36352872K->28469419K(65798144K), 0.1945859 secs] [Times: user=1.61 sys=1.67, real=0.19 secs] 
2023-10-21T04:29:48.229+0800: 211130.511: [GC (Allocation Failure) 2023-10-21T04:29:48.229+0800: 211130.511: [ParNew: 8843268K->976174K(9175040K), 0.1257616 secs] 36333739K->28483295K(65798144K), 0.1261154 secs] [Times: user=1.50 sys=0.54, real=0.12 secs] 
2023-10-21T04:30:10.875+0800: 211153.156: [GC (Allocation Failure) 2023-10-21T04:30:10.875+0800: 211153.156: [ParNew: 8840494K->936351K(9175040K), 0.2007587 secs] 36347615K->28458130K(65798144K), 0.2011574 secs] [Times: user=2.06 sys=1.33, real=0.21 secs] 
2023-10-21T04:30:33.833+0800: 211176.114: [GC (Allocation Failure) 2023-10-21T04:30:33.833+0800: 211176.115: [ParNew: 8800671K->971080K(9175040K), 0.1166870 secs] 36322450K->28499735K(65798144K), 0.1170414 secs] [Times: user=1.54 sys=0.36, real=0.12 secs] 
2023-10-21T04:30:55.452+0800: 211197.733: [GC (Allocation Failure) 2023-10-21T04:30:55.452+0800: 211197.734: [ParNew: 8835400K->931572K(9175040K), 0.1759737 secs] 36364055K->28466664K(65798144K), 0.1763176 secs] [Times: user=1.51 sys=1.45, real=0.18 secs] 
2023-10-21T04:31:21.030+0800: 211223.311: [GC (Allocation Failure) 2023-10-21T04:31:21.030+0800: 211223.312: [ParNew: 8795892K->965540K(9175040K), 0.1170629 secs] 36330984K->28506950K(65798144K), 0.1174274 secs] [Times: user=1.51 sys=0.38, real=0.12 secs] 
2023-10-21T04:31:51.645+0800: 211253.926: [GC (Allocation Failure) 2023-10-21T04:31:51.645+0800: 211253.927: [ParNew: 8829860K->915733K(9175040K), 0.1867229 secs] 36371270K->28463889K(65798144K), 0.1871053 secs] [Times: user=1.51 sys=1.65, real=0.19 secs] 
2023-10-21T04:32:17.033+0800: 211279.315: [GC (Allocation Failure) 2023-10-21T04:32:17.034+0800: 211279.315: [ParNew: 8780053K->939035K(9175040K), 0.2005320 secs] 36328209K->28487191K(65798144K), 0.2009244 secs] [Times: user=1.57 sys=1.85, real=0.20 secs] 
2023-10-21T04:32:36.545+0800: 211298.826: [GC (Allocation Failure) 2023-10-21T04:32:36.545+0800: 211298.826: [ParNew: 8803355K->1013709K(9175040K), 0.1331113 secs] 36351511K->28561866K(65798144K), 0.1334572 secs] [Times: user=1.53 sys=0.68, real=0.14 secs] 
2023-10-21T04:32:56.813+0800: 211319.094: [GC (Allocation Failure) 2023-10-21T04:32:56.813+0800: 211319.094: [ParNew: 8878029K->917013K(9175040K), 0.1553164 secs] 36426186K->28478538K(65798144K), 0.1557733 secs] [Times: user=1.59 sys=0.97, real=0.16 secs] 
2023-10-21T04:33:18.060+0800: 211340.341: [GC (Allocation Failure) 2023-10-21T04:33:18.060+0800: 211340.341: [ParNew: 8781333K->1008979K(9175040K), 0.1610935 secs] 36342858K->28583587K(65798144K), 0.1614375 secs] [Times: user=1.51 sys=1.16, real=0.16 secs] 
2023-10-21T04:33:37.129+0800: 211359.410: [GC (Allocation Failure) 2023-10-21T04:33:37.129+0800: 211359.410: [ParNew: 8873299K->937552K(9175040K), 0.1523316 secs] 36447907K->28523795K(65798144K), 0.1527786 secs] [Times: user=1.36 sys=1.17, real=0.15 secs] 
2023-10-21T04:33:57.212+0800: 211379.493: [GC (Allocation Failure) 2023-10-21T04:33:57.212+0800: 211379.493: [ParNew: 8801872K->1050660K(9175040K), 0.1543727 secs] 36388115K->28647697K(65798144K), 0.1547967 secs] [Times: user=1.55 sys=1.01, real=0.16 secs] 
2023-10-21T04:34:17.684+0800: 211399.965: [GC (Allocation Failure) 2023-10-21T04:34:17.684+0800: 211399.965: [ParNew: 8914980K->1012644K(9175040K), 0.1231037 secs] 36512017K->28627113K(65798144K), 0.1234689 secs] [Times: user=1.58 sys=0.38, real=0.13 secs] 
2023-10-21T04:34:37.836+0800: 211420.117: [GC (Allocation Failure) 2023-10-21T04:34:37.836+0800: 211420.117: [ParNew: 8876964K->937108K(9175040K), 0.1890348 secs] 36491433K->28579246K(65798144K), 0.1895480 secs] [Times: user=1.64 sys=1.43, real=0.18 secs] 
2023-10-21T04:34:57.945+0800: 211440.227: [GC (Allocation Failure) 2023-10-21T04:34:57.946+0800: 211440.227: [ParNew: 8801428K->1012377K(9175040K), 0.1269760 secs] 36443566K->28684149K(65798144K), 0.1273933 secs] [Times: user=1.25 sys=0.72, real=0.13 secs] 
2023-10-21T04:35:16.353+0800: 211458.634: [GC (Allocation Failure) 2023-10-21T04:35:16.353+0800: 211458.634: [ParNew: 8876697K->974683K(9175040K), 0.1862826 secs] 36548469K->28684298K(65798144K), 0.1866773 secs] [Times: user=1.78 sys=1.27, real=0.19 secs] 
2023-10-21T04:35:38.218+0800: 211480.499: [GC (Allocation Failure) 2023-10-21T04:35:38.218+0800: 211480.500: [ParNew: 8839003K->972732K(9175040K), 0.1335747 secs] 36548618K->28722717K(65798144K), 0.1339771 secs] [Times: user=1.49 sys=0.63, real=0.13 secs] 
2023-10-21T04:35:57.563+0800: 211499.844: [GC (Allocation Failure) 2023-10-21T04:35:57.563+0800: 211499.844: [ParNew: 8837052K->935191K(9175040K), 0.1870757 secs] 36587037K->28729408K(65798144K), 0.1874348 secs] [Times: user=1.27 sys=1.78, real=0.19 secs] 
2023-10-21T04:36:17.015+0800: 211519.296: [GC (Allocation Failure) 2023-10-21T04:36:17.015+0800: 211519.296: [ParNew: 8799511K->934641K(9175040K), 0.1330687 secs] 36593728K->28776905K(65798144K), 0.1334355 secs] [Times: user=1.59 sys=0.48, real=0.14 secs] 
2023-10-21T04:36:45.711+0800: 211547.993: [GC (Allocation Failure) 2023-10-21T04:36:45.712+0800: 211547.993: [ParNew: 8798961K->1042972K(9175040K), 0.2154546 secs] 36641225K->28933444K(65798144K), 0.2158310 secs] [Times: user=2.05 sys=1.51, real=0.22 secs] 
2023-10-21T04:37:14.229+0800: 211576.510: [GC (Allocation Failure) 2023-10-21T04:37:14.229+0800: 211576.511: [ParNew: 8907292K->892312K(9175040K), 0.1400214 secs] 36797764K->28831041K(65798144K), 0.1404035 secs] [Times: user=1.56 sys=0.65, real=0.14 secs] 
2023-10-21T04:37:36.016+0800: 211598.298: [GC (Allocation Failure) 2023-10-21T04:37:36.017+0800: 211598.298: [ParNew: 8756632K->965717K(9175040K), 0.2004707 secs] 36695361K->28952793K(65798144K), 0.2008127 secs] [Times: user=1.77 sys=1.51, real=0.20 secs] 
2023-10-21T04:38:01.184+0800: 211623.466: [GC (Allocation Failure) 2023-10-21T04:38:01.185+0800: 211623.466: [ParNew: 8830037K->891493K(9175040K), 0.1850492 secs] 36817113K->28918530K(65798144K), 0.1854527 secs] [Times: user=1.60 sys=1.42, real=0.19 secs] 
2023-10-21T04:38:18.551+0800: 211640.832: [GC (Allocation Failure) 2023-10-21T04:38:18.551+0800: 211640.833: [ParNew: 8755813K->966523K(9175040K), 0.1650489 secs] 36782850K->29040989K(65798144K), 0.1654223 secs] [Times: user=1.92 sys=0.73, real=0.17 secs] 
2023-10-21T04:38:35.257+0800: 211657.538: [GC (Allocation Failure) 2023-10-21T04:38:35.257+0800: 211657.539: [ParNew: 8830843K->930982K(9175040K), 0.1264020 secs] 36905309K->29053636K(65798144K), 0.1267865 secs] [Times: user=1.71 sys=0.24, real=0.12 secs] 
2023-10-21T04:38:51.909+0800: 211674.190: [GC (Allocation Failure) 2023-10-21T04:38:51.909+0800: 211674.190: [ParNew: 8795302K->1041365K(9175040K), 0.1882745 secs] 36917956K->29211841K(65798144K), 0.1887231 secs] [Times: user=1.85 sys=1.20, real=0.19 secs] 
2023-10-21T04:39:09.388+0800: 211691.669: [GC (Allocation Failure) 2023-10-21T04:39:09.388+0800: 211691.670: [ParNew: 8905685K->967997K(9175040K), 0.1383937 secs] 37076161K->29186648K(65798144K), 0.1387647 secs] [Times: user=1.71 sys=0.45, real=0.14 secs] 
2023-10-21T04:39:26.834+0800: 211709.115: [GC (Allocation Failure) 2023-10-21T04:39:26.834+0800: 211709.116: [ParNew: 8832317K->1041406K(9175040K), 0.2035841 secs] 37050968K->29308208K(65798144K), 0.2040225 secs] [Times: user=1.75 sys=1.59, real=0.21 secs] 
2023-10-21T04:39:43.741+0800: 211726.022: [GC (Allocation Failure) 2023-10-21T04:39:43.741+0800: 211726.022: [ParNew: 8905726K->928572K(9175040K), 0.1409062 secs] 37172528K->29243110K(65798144K), 0.1413535 secs] [Times: user=1.66 sys=0.56, real=0.14 secs] 
2023-10-21T04:40:00.892+0800: 211743.173: [GC (Allocation Failure) 2023-10-21T04:40:00.892+0800: 211743.174: [ParNew: 8792892K->965808K(9175040K), 0.1882604 secs] 37107430K->29328849K(65798144K), 0.1886865 secs] [Times: user=2.07 sys=0.99, real=0.19 secs] 
2023-10-21T04:40:21.222+0800: 211763.503: [GC (Allocation Failure) 2023-10-21T04:40:21.222+0800: 211763.504: [ParNew: 8830128K->853336K(9175040K), 0.1746908 secs] 37193169K->29264629K(65798144K), 0.1751003 secs] [Times: user=1.53 sys=1.30, real=0.18 secs] 
2023-10-21T04:40:42.309+0800: 211784.591: [GC (Allocation Failure) 2023-10-21T04:40:42.310+0800: 211784.591: [ParNew: 8717656K->961830K(9175040K), 0.2280031 secs] 37128949K->29421251K(65798144K), 0.2284384 secs] [Times: user=1.72 sys=2.05, real=0.23 secs] 
2023-10-21T04:41:06.905+0800: 211809.186: [GC (Allocation Failure) 2023-10-21T04:41:06.905+0800: 211809.186: [ParNew: 8826150K->888441K(9175040K), 0.1434198 secs] 37285571K->29396602K(65798144K), 0.1437964 secs] [Times: user=1.51 sys=0.76, real=0.15 secs] 
2023-10-21T04:41:31.316+0800: 211833.597: [GC (Allocation Failure) 2023-10-21T04:41:31.316+0800: 211833.597: [ParNew: 8752761K->1068494K(9175040K), 0.2246387 secs] 37260922K->29625721K(65798144K), 0.2250115 secs] [Times: user=1.79 sys=1.94, real=0.22 secs] 
2023-10-21T04:41:50.772+0800: 211853.053: [GC (Allocation Failure) 2023-10-21T04:41:50.772+0800: 211853.053: [ParNew: 8932814K->1089757K(9175040K), 0.1373454 secs] 37490041K->29695961K(65798144K), 0.1377184 secs] [Times: user=1.61 sys=0.56, real=0.14 secs] 
2023-10-21T04:42:09.666+0800: 211871.947: [GC (Allocation Failure) 2023-10-21T04:42:09.666+0800: 211871.948: [ParNew: 8954077K->981291K(9175040K), 0.2223647 secs] 37560281K->29636681K(65798144K), 0.2227632 secs] [Times: user=2.19 sys=1.48, real=0.22 secs] 
2023-10-21T04:42:26.993+0800: 211889.274: [GC (Allocation Failure) 2023-10-21T04:42:26.993+0800: 211889.274: [ParNew: 8845611K->981305K(9175040K), 0.1401457 secs] 37501001K->29685107K(65798144K), 0.1405347 secs] [Times: user=1.68 sys=0.53, real=0.14 secs] 
2023-10-21T04:42:44.254+0800: 211906.535: [GC (Allocation Failure) 2023-10-21T04:42:44.254+0800: 211906.536: [ParNew: 8845625K->980196K(9175040K), 0.2119986 secs] 37549427K->29732087K(65798144K), 0.2124786 secs] [Times: user=1.86 sys=1.63, real=0.22 secs] 
2023-10-21T04:43:02.544+0800: 211924.825: [GC (Allocation Failure) 2023-10-21T04:43:02.544+0800: 211924.825: [ParNew: 8844516K->982018K(9175040K), 0.1460209 secs] 37596407K->29781744K(65798144K), 0.1464469 secs] [Times: user=1.93 sys=0.38, real=0.15 secs] 
2023-10-21T04:43:22.994+0800: 211945.275: [GC (Allocation Failure) 2023-10-21T04:43:22.994+0800: 211945.276: [ParNew: 8846338K->981956K(9175040K), 0.2137365 secs] 37646064K->29829653K(65798144K), 0.2141922 secs] [Times: user=1.69 sys=1.59, real=0.22 secs] 
2023-10-21T04:43:46.086+0800: 211968.367: [GC (Allocation Failure) 2023-10-21T04:43:46.086+0800: 211968.368: [ParNew: 8846276K->868571K(9175040K), 0.1672152 secs] 37693973K->29764241K(65798144K), 0.1675668 secs] [Times: user=1.63 sys=1.01, real=0.16 secs] 
2023-10-21T04:44:07.321+0800: 211989.602: [GC (Allocation Failure) 2023-10-21T04:44:07.321+0800: 211989.603: [ParNew: 8732891K->982161K(9175040K), 0.2731925 secs] 37628561K->29925607K(65798144K), 0.2736341 secs] [Times: user=2.20 sys=2.37, real=0.27 secs] 
2023-10-21T04:44:29.312+0800: 212011.593: [GC (Allocation Failure) 2023-10-21T04:44:29.312+0800: 212011.594: [ParNew: 8846481K->944488K(9175040K), 0.1481991 secs] 37789927K->29935760K(65798144K), 0.1485545 secs] [Times: user=1.59 sys=0.79, real=0.15 secs] 
2023-10-21T04:44:49.514+0800: 212031.795: [GC (Allocation Failure) 2023-10-21T04:44:49.514+0800: 212031.796: [ParNew: 8808808K->983143K(9175040K), 0.2222900 secs] 37800080K->30022346K(65798144K), 0.2226600 secs] [Times: user=2.18 sys=1.52, real=0.23 secs] 
2023-10-21T04:45:08.099+0800: 212050.380: [GC (Allocation Failure) 2023-10-21T04:45:08.099+0800: 212050.380: [ParNew: 8847463K->944075K(9175040K), 0.1408091 secs] 37886666K->30031983K(65798144K), 0.1411438 secs] [Times: user=1.94 sys=0.30, real=0.14 secs] 
2023-10-21T04:45:26.996+0800: 212069.277: [GC (Allocation Failure) 2023-10-21T04:45:26.996+0800: 212069.277: [ParNew: 8808395K->1017377K(9175040K), 0.1730876 secs] 37896303K->30153780K(65798144K), 0.1735984 secs] [Times: user=1.53 sys=1.28, real=0.18 secs] 
2023-10-21T04:45:45.239+0800: 212087.520: [GC (Allocation Failure) 2023-10-21T04:45:45.239+0800: 212087.521: [ParNew: 8881697K->939466K(9175040K), 0.1650395 secs] 38018100K->30124969K(65798144K), 0.1654012 secs] [Times: user=1.95 sys=0.73, real=0.16 secs] 
2023-10-21T04:46:06.292+0800: 212108.573: [GC (Allocation Failure) 2023-10-21T04:46:06.292+0800: 212108.574: [ParNew: 8803786K->973723K(9175040K), 0.1327658 secs] 37989289K->30207717K(65798144K), 0.1332195 secs] [Times: user=1.74 sys=0.35, real=0.13 secs] 
2023-10-21T04:46:27.380+0800: 212129.661: [GC (Allocation Failure) 2023-10-21T04:46:27.380+0800: 212129.661: [ParNew: 8838043K->1004357K(9175040K), 0.1935681 secs] 38072037K->30286598K(65798144K), 0.1939606 secs] [Times: user=1.66 sys=1.53, real=0.19 secs] 
2023-10-21T04:46:53.125+0800: 212155.406: [GC (Allocation Failure) 2023-10-21T04:46:53.125+0800: 212155.406: [ParNew: 8868677K->927921K(9175040K), 0.1720929 secs] 38150918K->30258040K(65798144K), 0.1725254 secs] [Times: user=1.71 sys=1.08, real=0.18 secs] 
2023-10-21T04:47:16.339+0800: 212178.620: [GC (Allocation Failure) 2023-10-21T04:47:16.339+0800: 212178.621: [ParNew: 8792241K->963097K(9175040K), 0.1779235 secs] 38122360K->30341142K(65798144K), 0.1782617 secs] [Times: user=2.13 sys=0.79, real=0.18 secs] 
2023-10-21T04:47:40.790+0800: 212203.071: [GC (Allocation Failure) 2023-10-21T04:47:40.790+0800: 212203.072: [ParNew: 8827417K->959964K(9175040K), 0.1672217 secs] 38205462K->30386397K(65798144K), 0.1676596 secs] [Times: user=1.79 sys=0.84, real=0.17 secs] 
2023-10-21T04:48:04.971+0800: 212227.253: [GC (Allocation Failure) 2023-10-21T04:48:04.972+0800: 212227.253: [ParNew: 8824284K->993173K(9175040K), 0.1717134 secs] 38250717K->30463027K(65798144K), 0.1720632 secs] [Times: user=1.55 sys=1.17, real=0.17 secs] 
2023-10-21T04:48:30.171+0800: 212252.452: [GC (Allocation Failure) 2023-10-21T04:48:30.171+0800: 212252.452: [ParNew: 8857493K->918716K(9175040K), 0.1698221 secs] 38327347K->30423789K(65798144K), 0.1702150 secs] [Times: user=1.36 sys=1.42, real=0.17 secs] 
2023-10-21T04:49:05.788+0800: 212288.069: [GC (Allocation Failure) 2023-10-21T04:49:05.788+0800: 212288.069: [ParNew: 8783036K->1063828K(9175040K), 0.1677429 secs] 38288109K->30578344K(65798144K), 0.1681102 secs] [Times: user=1.65 sys=1.18, real=0.17 secs] 
2023-10-21T04:49:41.645+0800: 212323.926: [GC (Allocation Failure) 2023-10-21T04:49:41.645+0800: 212323.926: [ParNew: 8928148K->931708K(9175040K), 0.1913383 secs] 38442664K->30452713K(65798144K), 0.1916888 secs] [Times: user=1.35 sys=1.91, real=0.20 secs] 
2023-10-21T04:50:14.012+0800: 212356.293: [GC (Allocation Failure) 2023-10-21T04:50:14.012+0800: 212356.293: [ParNew: 8796028K->939264K(9175040K), 0.1836448 secs] 38317033K->30460269K(65798144K), 0.1840214 secs] [Times: user=1.60 sys=1.72, real=0.19 secs] 
2023-10-21T04:50:43.655+0800: 212385.937: [GC (Allocation Failure) 2023-10-21T04:50:43.656+0800: 212385.937: [ParNew: 8803584K->902843K(9175040K), 0.1632064 secs] 38324589K->30423848K(65798144K), 0.1635877 secs] [Times: user=1.63 sys=1.31, real=0.17 secs] 
2023-10-21T04:51:12.965+0800: 212415.246: [GC (Allocation Failure) 2023-10-21T04:51:12.965+0800: 212415.247: [ParNew: 8767163K->836478K(9175040K), 0.1993812 secs] 38288168K->30363448K(65798144K), 0.1997716 secs] [Times: user=1.50 sys=1.90, real=0.20 secs] 
2023-10-21T04:51:45.289+0800: 212447.570: [GC (Allocation Failure) 2023-10-21T04:51:45.289+0800: 212447.570: [ParNew: 8700798K->839727K(9175040K), 0.1835505 secs] 38227768K->30372711K(65798144K), 0.1839159 secs] [Times: user=1.44 sys=1.68, real=0.18 secs] 
2023-10-21T04:52:12.368+0800: 212474.650: [GC (Allocation Failure) 2023-10-21T04:52:12.369+0800: 212474.650: [ParNew: 8704047K->812503K(9175040K), 0.1600185 secs] 38237031K->30351463K(65798144K), 0.1604010 secs] [Times: user=1.31 sys=1.39, real=0.16 secs] 
2023-10-21T04:52:38.174+0800: 212500.456: [GC (Allocation Failure) 2023-10-21T04:52:38.174+0800: 212500.456: [ParNew: 8676823K->766348K(9175040K), 0.1956933 secs] 38215783K->30311020K(65798144K), 0.1960825 secs] [Times: user=1.51 sys=1.82, real=0.20 secs] 
2023-10-21T04:53:02.553+0800: 212524.834: [GC (Allocation Failure) 2023-10-21T04:53:02.553+0800: 212524.835: [ParNew: 8630668K->872877K(9175040K), 0.1287437 secs] 38175340K->30423519K(65798144K), 0.1291031 secs] [Times: user=1.32 sys=0.81, real=0.13 secs] 
2023-10-21T04:53:28.364+0800: 212550.646: [GC (Allocation Failure) 2023-10-21T04:53:28.365+0800: 212550.646: [ParNew: 8737197K->779864K(9175040K), 0.1969098 secs] 38287839K->30336663K(65798144K), 0.1972924 secs] [Times: user=1.61 sys=1.73, real=0.20 secs] 
2023-10-21T04:53:52.044+0800: 212574.325: [GC (Allocation Failure) 2023-10-21T04:53:52.044+0800: 212574.325: [ParNew: 8644184K->807629K(9175040K), 0.1211005 secs] 38200983K->30370926K(65798144K), 0.1214288 secs] [Times: user=1.48 sys=0.50, real=0.12 secs] 
2023-10-21T04:54:20.885+0800: 212603.167: [GC (Allocation Failure) 2023-10-21T04:54:20.886+0800: 212603.167: [ParNew: 8671949K->815397K(9175040K), 0.2216825 secs] 38235246K->30385058K(65798144K), 0.2220293 secs] [Times: user=1.68 sys=2.10, real=0.23 secs] 
2023-10-21T04:54:48.476+0800: 212630.758: [GC (Allocation Failure) 2023-10-21T04:54:48.476+0800: 212630.758: [ParNew: 8679717K->834564K(9175040K), 0.2323740 secs] 38249378K->30410834K(65798144K), 0.2327000 secs] [Times: user=1.87 sys=2.11, real=0.23 secs] 
2023-10-21T04:55:14.624+0800: 212656.906: [GC (Allocation Failure) 2023-10-21T04:55:14.625+0800: 212656.906: [ParNew: 8698884K->816077K(9175040K), 0.1371149 secs] 38275154K->30398935K(65798144K), 0.1374201 secs] [Times: user=1.66 sys=0.60, real=0.14 secs] 
2023-10-21T04:55:42.589+0800: 212684.870: [GC (Allocation Failure) 2023-10-21T04:55:42.589+0800: 212684.870: [ParNew: 8680397K->794325K(9175040K), 0.2142393 secs] 38263255K->30383741K(65798144K), 0.2145943 secs] [Times: user=1.65 sys=1.99, real=0.21 secs] 
2023-10-21T04:56:11.253+0800: 212713.534: [GC (Allocation Failure) 2023-10-21T04:56:11.253+0800: 212713.535: [ParNew: 8658645K->832301K(9175040K), 0.1882199 secs] 38248061K->30428559K(65798144K), 0.1885730 secs] [Times: user=1.37 sys=1.81, real=0.19 secs] 
2023-10-21T04:56:40.648+0800: 212742.930: [GC (Allocation Failure) 2023-10-21T04:56:40.649+0800: 212742.930: [ParNew: 8696621K->929213K(9175040K), 0.1680664 secs] 38292879K->30532348K(65798144K), 0.1683953 secs] [Times: user=1.62 sys=1.19, real=0.17 secs] 
2023-10-21T04:57:10.063+0800: 212772.345: [GC (Allocation Failure) 2023-10-21T04:57:10.064+0800: 212772.345: [ParNew: 8793533K->831197K(9175040K), 0.1960171 secs] 38396668K->30441052K(65798144K), 0.1963770 secs] [Times: user=1.79 sys=1.53, real=0.20 secs] 
2023-10-21T04:57:35.850+0800: 212798.131: [GC (Allocation Failure) 2023-10-21T04:57:35.850+0800: 212798.131: [ParNew: 8695517K->824908K(9175040K), 0.1294977 secs] 38305372K->30442054K(65798144K), 0.1298273 secs] [Times: user=1.41 sys=0.70, real=0.13 secs] 
2023-10-21T04:58:03.196+0800: 212825.477: [GC (Allocation Failure) 2023-10-21T04:58:03.196+0800: 212825.477: [ParNew: 8689228K->888919K(9175040K), 0.1912920 secs] 38306374K->30513163K(65798144K), 0.1916144 secs] [Times: user=1.48 sys=1.75, real=0.20 secs] 
2023-10-21T04:58:25.271+0800: 212847.553: [GC (Allocation Failure) 2023-10-21T04:58:25.272+0800: 212847.553: [ParNew: 8753239K->870962K(9175040K), 0.1771378 secs] 38377483K->30502156K(65798144K), 0.1775210 secs] [Times: user=1.58 sys=1.39, real=0.18 secs] 
2023-10-21T04:58:52.392+0800: 212874.674: [GC (Allocation Failure) 2023-10-21T04:58:52.393+0800: 212874.674: [ParNew: 8735282K->949390K(9175040K), 0.1540058 secs] 38366476K->30587469K(65798144K), 0.1543535 secs] [Times: user=1.29 sys=1.27, real=0.16 secs] 
2023-10-21T04:59:21.742+0800: 212904.024: [GC (Allocation Failure) 2023-10-21T04:59:21.743+0800: 212904.024: [ParNew: 8813710K->842388K(9175040K), 0.2249451 secs] 38451789K->30487035K(65798144K), 0.2253231 secs] [Times: user=1.91 sys=1.92, real=0.23 secs] 
2023-10-21T04:59:46.844+0800: 212929.125: [GC (Allocation Failure) 2023-10-21T04:59:46.844+0800: 212929.126: [ParNew: 8706708K->838883K(9175040K), 0.1396945 secs] 38351355K->30490224K(65798144K), 0.1401351 secs] [Times: user=1.58 sys=0.72, real=0.14 secs] 
2023-10-21T05:00:16.522+0800: 212958.803: [GC (Allocation Failure) 2023-10-21T05:00:16.522+0800: 212958.803: [ParNew: 8703203K->839760K(9175040K), 0.1992222 secs] 38354544K->30497389K(65798144K), 0.1996344 secs] [Times: user=1.74 sys=1.63, real=0.20 secs] 
2023-10-21T05:00:41.475+0800: 212983.757: [GC (Allocation Failure) 2023-10-21T05:00:41.476+0800: 212983.757: [ParNew: 8704080K->862877K(9175040K), 0.2226378 secs] 38361709K->30526768K(65798144K), 0.2230345 secs] [Times: user=1.92 sys=1.88, real=0.23 secs] 
2023-10-21T05:01:04.501+0800: 213006.783: [GC (Allocation Failure) 2023-10-21T05:01:04.501+0800: 213006.783: [ParNew: 8727197K->831231K(9175040K), 0.1368996 secs] 38391088K->30501658K(65798144K), 0.1373406 secs] [Times: user=1.46 sys=0.80, real=0.14 secs] 
2023-10-21T05:01:29.782+0800: 213032.063: [GC (Allocation Failure) 2023-10-21T05:01:29.782+0800: 213032.063: [ParNew: 8695551K->838414K(9175040K), 0.2116786 secs] 38365978K->30515365K(65798144K), 0.2120879 secs] [Times: user=1.99 sys=1.59, real=0.21 secs] 
2023-10-21T05:02:00.774+0800: 213063.055: [GC (Allocation Failure) 2023-10-21T05:02:00.774+0800: 213063.055: [ParNew: 8702734K->879773K(9175040K), 0.1964995 secs] 38379685K->30563328K(65798144K), 0.1969220 secs] [Times: user=1.78 sys=1.55, real=0.20 secs] 
2023-10-21T05:02:23.845+0800: 213086.126: [GC (Allocation Failure) 2023-10-21T05:02:23.845+0800: 213086.126: [ParNew: 8744093K->841264K(9175040K), 0.1627655 secs] 38427648K->30531312K(65798144K), 0.1631305 secs] [Times: user=1.80 sys=0.94, real=0.17 secs] 
2023-10-21T05:02:50.215+0800: 213112.496: [GC (Allocation Failure) 2023-10-21T05:02:50.215+0800: 213112.496: [ParNew: 8705584K->851653K(9175040K), 0.2096226 secs] 38395632K->30548215K(65798144K), 0.2099873 secs] [Times: user=1.51 sys=2.05, real=0.21 secs] 
2023-10-21T05:03:15.653+0800: 213137.934: [GC (Allocation Failure) 2023-10-21T05:03:15.653+0800: 213137.934: [ParNew: 8715973K->919048K(9175040K), 0.1386518 secs] 38412535K->30622095K(65798144K), 0.1390068 secs] [Times: user=1.33 sys=0.96, real=0.14 secs] 
2023-10-21T05:03:44.008+0800: 213166.289: [GC (Allocation Failure) 2023-10-21T05:03:44.008+0800: 213166.289: [ParNew: 8783368K->815373K(9175040K), 0.1939124 secs] 38486415K->30524975K(65798144K), 0.1943286 secs] [Times: user=1.44 sys=1.83, real=0.19 secs] 
2023-10-21T05:04:15.919+0800: 213198.201: [GC (Allocation Failure) 2023-10-21T05:04:15.920+0800: 213198.201: [ParNew: 8679693K->806403K(9175040K), 0.2139991 secs] 38389295K->30522631K(65798144K), 0.2143894 secs] [Times: user=1.21 sys=2.44, real=0.21 secs] 
2023-10-21T05:04:47.910+0800: 213230.192: [GC (Allocation Failure) 2023-10-21T05:04:47.911+0800: 213230.192: [ParNew: 8670723K->887091K(9175040K), 0.1389199 secs] 38386951K->30609832K(65798144K), 0.1392301 secs] [Times: user=1.38 sys=0.92, real=0.14 secs] 
2023-10-21T05:05:17.910+0800: 213260.191: [GC (Allocation Failure) 2023-10-21T05:05:17.910+0800: 213260.192: [ParNew: 8751411K->847038K(9175040K), 0.1908680 secs] 38474152K->30575751K(65798144K), 0.1911888 secs] [Times: user=1.41 sys=1.82, real=0.19 secs] 
2023-10-21T05:05:42.292+0800: 213284.574: [GC (Allocation Failure) 2023-10-21T05:05:42.293+0800: 213284.574: [ParNew: 8711358K->878221K(9175040K), 0.1726356 secs] 38440071K->30613503K(65798144K), 0.1730272 secs] [Times: user=1.53 sys=1.37, real=0.17 secs] 
2023-10-21T05:06:07.980+0800: 213310.261: [GC (Allocation Failure) 2023-10-21T05:06:07.980+0800: 213310.261: [ParNew: 8742541K->843729K(9175040K), 0.1608668 secs] 38477823K->30585590K(65798144K), 0.1612462 secs] [Times: user=1.68 sys=1.01, real=0.16 secs] 
2023-10-21T05:06:34.292+0800: 213336.574: [GC (Allocation Failure) 2023-10-21T05:06:34.293+0800: 213336.574: [ParNew: 8708049K->834008K(9175040K), 0.2098689 secs] 38449910K->30582047K(65798144K), 0.2102101 secs] [Times: user=1.49 sys=1.85, real=0.21 secs] 
2023-10-21T05:07:00.396+0800: 213362.678: [GC (Allocation Failure) 2023-10-21T05:07:00.397+0800: 213362.678: [ParNew: 8698328K->862924K(9175040K), 0.1346062 secs] 38446367K->30617744K(65798144K), 0.1349212 secs] [Times: user=1.45 sys=0.77, real=0.13 secs] 
2023-10-21T05:07:21.240+0800: 213383.521: [GC (Allocation Failure) 2023-10-21T05:07:21.240+0800: 213383.522: [ParNew: 8727244K->869105K(9175040K), 0.1865555 secs] 38482064K->30630490K(65798144K), 0.1868735 secs] [Times: user=1.62 sys=1.50, real=0.19 secs] 
2023-10-21T05:07:41.690+0800: 213403.971: [GC (Allocation Failure) 2023-10-21T05:07:41.690+0800: 213403.971: [ParNew: 8733425K->874027K(9175040K), 0.1300554 secs] 38494810K->30641897K(65798144K), 0.1303962 secs] [Times: user=1.54 sys=0.61, real=0.13 secs] 
2023-10-21T05:08:01.172+0800: 213423.453: [GC (Allocation Failure) 2023-10-21T05:08:01.172+0800: 213423.453: [ParNew: 8738347K->847504K(9175040K), 0.1953732 secs] 38506217K->30621900K(65798144K), 0.1957292 secs] [Times: user=1.64 sys=1.67, real=0.20 secs] 
2023-10-21T05:08:23.229+0800: 213445.511: [GC (Allocation Failure) 2023-10-21T05:08:23.230+0800: 213445.511: [ParNew: 8711824K->964465K(9175040K), 0.1313717 secs] 38486220K->30745773K(65798144K), 0.1317081 secs] [Times: user=1.51 sys=0.62, real=0.13 secs] 
2023-10-21T05:08:50.671+0800: 213472.953: [GC (Allocation Failure) 2023-10-21T05:08:50.672+0800: 213472.953: [ParNew: 8828785K->869155K(9175040K), 0.2078324 secs] 38610093K->30656837K(65798144K), 0.2081907 secs] [Times: user=1.89 sys=1.65, real=0.21 secs] 
2023-10-21T05:09:22.158+0800: 213504.439: [GC (Allocation Failure) 2023-10-21T05:09:22.158+0800: 213504.439: [ParNew: 8733475K->908194K(9175040K), 0.1711866 secs] 38521157K->30702526K(65798144K), 0.1716534 secs] [Times: user=1.38 sys=1.51, real=0.17 secs] 
2023-10-21T05:09:48.242+0800: 213530.523: [GC (Allocation Failure) 2023-10-21T05:09:48.242+0800: 213530.524: [ParNew: 8772514K->945613K(9175040K), 0.1525246 secs] 38566846K->30746668K(65798144K), 0.1528754 secs] [Times: user=1.44 sys=1.11, real=0.15 secs] 
2023-10-21T05:10:06.666+0800: 213548.947: [GC (Allocation Failure) 2023-10-21T05:10:06.666+0800: 213548.947: [ParNew: 8809933K->950848K(9175040K), 0.1184510 secs] 38610988K->30758813K(65798144K), 0.1189253 secs] [Times: user=1.65 sys=0.28, real=0.12 secs] 
2023-10-21T05:10:24.014+0800: 213566.295: [GC (Allocation Failure) 2023-10-21T05:10:24.014+0800: 213566.296: [ParNew: 8815168K->969440K(9175040K), 0.1578181 secs] 38623133K->30784377K(65798144K), 0.1581825 secs] [Times: user=1.61 sys=1.03, real=0.16 secs] 
2023-10-21T05:10:41.971+0800: 213584.252: [GC (Allocation Failure) 2023-10-21T05:10:41.971+0800: 213584.252: [ParNew: 8833760K->991568K(9175040K), 0.1245788 secs] 38648697K->30820195K(65798144K), 0.1249425 secs] [Times: user=1.65 sys=0.37, real=0.13 secs] 
2023-10-21T05:10:59.527+0800: 213601.808: [GC (Allocation Failure) 2023-10-21T05:10:59.527+0800: 213601.809: [ParNew: 8855888K->927145K(9175040K), 0.2107513 secs] 38684515K->30780230K(65798144K), 0.2111727 secs] [Times: user=1.79 sys=1.74, real=0.21 secs] 
2023-10-21T05:11:17.180+0800: 213619.461: [GC (Allocation Failure) 2023-10-21T05:11:17.180+0800: 213619.462: [ParNew: 8791465K->995612K(9175040K), 0.1314318 secs] 38644550K->30883930K(65798144K), 0.1317922 secs] [Times: user=1.60 sys=0.49, real=0.13 secs] 
2023-10-21T05:11:35.415+0800: 213637.696: [GC (Allocation Failure) 2023-10-21T05:11:35.415+0800: 213637.696: [ParNew: 8859932K->918709K(9175040K), 0.1208820 secs] 38748250K->30853724K(65798144K), 0.1212521 secs] [Times: user=1.26 sys=0.61, real=0.13 secs] 
2023-10-21T05:11:53.219+0800: 213655.500: [GC (Allocation Failure) 2023-10-21T05:11:53.219+0800: 213655.500: [ParNew: 8783029K->1067564K(9175040K), 0.1876565 secs] 38718044K->31050758K(65798144K), 0.1880481 secs] [Times: user=1.76 sys=1.31, real=0.19 secs] 
2023-10-21T05:12:11.384+0800: 213673.665: [GC (Allocation Failure) 2023-10-21T05:12:11.384+0800: 213673.665: [ParNew: 8931884K->1030285K(9175040K), 0.1312358 secs] 38915078K->31061804K(65798144K), 0.1316587 secs] [Times: user=1.70 sys=0.35, real=0.14 secs] 
2023-10-21T05:12:30.549+0800: 213692.830: [GC (Allocation Failure) 2023-10-21T05:12:30.549+0800: 213692.830: [ParNew: 8894605K->1029993K(9175040K), 0.1999455 secs] 38926124K->31109662K(65798144K), 0.2003400 secs] [Times: user=1.95 sys=1.34, real=0.20 secs] 
2023-10-21T05:12:49.037+0800: 213711.319: [GC (Allocation Failure) 2023-10-21T05:12:49.038+0800: 213711.319: [ParNew: 8894313K->1065753K(9175040K), 0.1423053 secs] 38973982K->31193715K(65798144K), 0.1427312 secs] [Times: user=1.64 sys=0.53, real=0.14 secs] 
2023-10-21T05:13:07.345+0800: 213729.626: [GC (Allocation Failure) 2023-10-21T05:13:07.345+0800: 213729.626: [ParNew: 8930073K->921355K(9175040K), 0.1566706 secs] 39058035K->31097694K(65798144K), 0.1570624 secs] [Times: user=1.86 sys=0.65, real=0.16 secs] 
2023-10-21T05:13:24.866+0800: 213747.147: [GC (Allocation Failure) 2023-10-21T05:13:24.866+0800: 213747.147: [ParNew: 8785675K->1067399K(9175040K), 0.1681472 secs] 38962014K->31291944K(65798144K), 0.1685240 secs] [Times: user=1.68 sys=1.02, real=0.16 secs] 
2023-10-21T05:13:43.580+0800: 213765.861: [GC (Allocation Failure) 2023-10-21T05:13:43.580+0800: 213765.862: [ParNew: 8931719K->991077K(9175040K), 0.1215962 secs] 39156264K->31263812K(65798144K), 0.1219807 secs] [Times: user=1.61 sys=0.27, real=0.12 secs] 
2023-10-21T05:14:01.826+0800: 213784.108: [GC (Allocation Failure) 2023-10-21T05:14:01.826+0800: 213784.108: [ParNew: 8855397K->1101684K(9175040K), 0.1756173 secs] 39128132K->31421816K(65798144K), 0.1759789 secs] [Times: user=1.79 sys=1.06, real=0.17 secs] 
2023-10-21T05:14:21.245+0800: 213803.527: [GC (Allocation Failure) 2023-10-21T05:14:21.246+0800: 213803.527: [ParNew: 8966004K->958682K(9175040K), 0.1313783 secs] 39286136K->31326113K(65798144K), 0.1317220 secs] [Times: user=1.55 sys=0.51, real=0.14 secs] 
2023-10-21T05:14:42.526+0800: 213824.808: [GC (Allocation Failure) 2023-10-21T05:14:42.527+0800: 213824.808: [ParNew: 8823002K->995355K(9175040K), 0.1936504 secs] 39190433K->31411118K(65798144K), 0.1939907 secs] [Times: user=1.69 sys=1.48, real=0.19 secs] 
2023-10-21T05:15:03.363+0800: 213845.644: [GC (Allocation Failure) 2023-10-21T05:15:03.363+0800: 213845.644: [ParNew: 8859675K->959121K(9175040K), 0.1421906 secs] 39275438K->31422908K(65798144K), 0.1425504 secs] [Times: user=1.49 sys=0.76, real=0.14 secs] 
2023-10-21T05:15:22.781+0800: 213865.062: [GC (Allocation Failure) 2023-10-21T05:15:22.781+0800: 213865.062: [ParNew: 8823441K->960852K(9175040K), 0.2047985 secs] 39287228K->31473073K(65798144K), 0.2051558 secs] [Times: user=1.78 sys=1.60, real=0.21 secs] 
2023-10-21T05:15:41.871+0800: 213884.152: [GC (Allocation Failure) 2023-10-21T05:15:41.871+0800: 213884.152: [ParNew: 8825172K->998867K(9175040K), 0.1390134 secs] 39337393K->31559794K(65798144K), 0.1393838 secs] [Times: user=1.68 sys=0.51, real=0.14 secs] 
2023-10-21T05:16:00.675+0800: 213902.956: [GC (Allocation Failure) 2023-10-21T05:16:00.675+0800: 213902.956: [ParNew: 8863187K->1034314K(9175040K), 0.1623264 secs] 39424114K->31643192K(65798144K), 0.1627115 secs] [Times: user=1.93 sys=0.68, real=0.17 secs] 
2023-10-21T05:16:19.430+0800: 213921.711: [GC (Allocation Failure) 2023-10-21T05:16:19.430+0800: 213921.711: [ParNew: 8898634K->999298K(9175040K), 0.1576468 secs] 39507512K->31656313K(65798144K), 0.1580079 secs] [Times: user=1.66 sys=0.88, real=0.16 secs] 
2023-10-21T05:16:38.190+0800: 213940.471: [GC (Allocation Failure) 2023-10-21T05:16:38.190+0800: 213940.471: [ParNew: 8863618K->959550K(9175040K), 0.1291999 secs] 39520633K->31664893K(65798144K), 0.1295592 secs] [Times: user=1.54 sys=0.49, real=0.13 secs] 
2023-10-21T05:16:56.233+0800: 213958.514: [GC (Allocation Failure) 2023-10-21T05:16:56.233+0800: 213958.514: [ParNew: 8823870K->997242K(9175040K), 0.1967486 secs] 39529213K->31750781K(65798144K), 0.1971739 secs] [Times: user=1.85 sys=1.39, real=0.20 secs] 
2023-10-21T05:17:14.144+0800: 213976.425: [GC (Allocation Failure) 2023-10-21T05:17:14.144+0800: 213976.425: [ParNew: 8861562K->960123K(9175040K), 0.1355327 secs] 39615101K->31761972K(65798144K), 0.1358911 secs] [Times: user=1.55 sys=0.59, real=0.14 secs] 
2023-10-21T05:17:31.844+0800: 213994.126: [GC (Allocation Failure) 2023-10-21T05:17:31.845+0800: 213994.126: [ParNew: 8824443K->993227K(9175040K), 0.1938686 secs] 39626292K->31842163K(65798144K), 0.1942479 secs] [Times: user=1.59 sys=1.59, real=0.20 secs] 
2023-10-21T05:17:49.617+0800: 214011.898: [GC (Allocation Failure) 2023-10-21T05:17:49.617+0800: 214011.899: [ParNew: 8857547K->994525K(9175040K), 0.1318283 secs] 39706483K->31891649K(65798144K), 0.1321982 secs] [Times: user=1.57 sys=0.49, real=0.13 secs] 
2023-10-21T05:18:07.489+0800: 214029.770: [GC (Allocation Failure) 2023-10-21T05:18:07.489+0800: 214029.770: [ParNew: 8858845K->1030135K(9175040K), 0.1209763 secs] 39755969K->31975764K(65798144K), 0.1214225 secs] [Times: user=1.28 sys=0.59, real=0.12 secs] 
2023-10-21T05:18:24.616+0800: 214046.897: [GC (Allocation Failure) 2023-10-21T05:18:24.616+0800: 214046.897: [ParNew: 8894455K->918868K(9175040K), 0.1853928 secs] 39840084K->31912716K(65798144K), 0.1857545 secs] [Times: user=1.57 sys=1.46, real=0.18 secs] 
2023-10-21T05:18:41.862+0800: 214064.144: [GC (Allocation Failure) 2023-10-21T05:18:41.863+0800: 214064.144: [ParNew: 8783188K->955112K(9175040K), 0.1325107 secs] 39777036K->31997245K(65798144K), 0.1329400 secs] [Times: user=1.62 sys=0.47, real=0.13 secs] 
2023-10-21T05:18:58.885+0800: 214081.166: [GC (Allocation Failure) 2023-10-21T05:18:58.885+0800: 214081.167: [ParNew: 8819432K->1027822K(9175040K), 0.1814477 secs] 39861565K->32118777K(65798144K), 0.1818246 secs] [Times: user=1.58 sys=1.39, real=0.19 secs] 
2023-10-21T05:19:15.648+0800: 214097.929: [GC (Allocation Failure) 2023-10-21T05:19:15.648+0800: 214097.929: [ParNew: 8892142K->1027920K(9175040K), 0.1272260 secs] 39983097K->32167699K(65798144K), 0.1275955 secs] [Times: user=1.28 sys=0.70, real=0.12 secs] 
2023-10-21T05:19:33.092+0800: 214115.373: [GC (Allocation Failure) 2023-10-21T05:19:33.092+0800: 214115.373: [ParNew: 8892240K->1024461K(9175040K), 0.1192270 secs] 40032019K->32212433K(65798144K), 0.1196547 secs] [Times: user=1.42 sys=0.28, real=0.12 secs] 
2023-10-21T05:19:49.836+0800: 214132.118: [GC (Allocation Failure) 2023-10-21T05:19:49.837+0800: 214132.118: [ParNew: 8888781K->1024122K(9175040K), 0.1709871 secs] 40076753K->32260203K(65798144K), 0.1714894 secs] [Times: user=1.85 sys=0.93, real=0.17 secs] 
2023-10-21T05:20:08.483+0800: 214150.765: [GC (Allocation Failure) 2023-10-21T05:20:08.484+0800: 214150.765: [ParNew: 8888442K->950151K(9175040K), 0.1332774 secs] 40124523K->32234599K(65798144K), 0.1336940 secs] [Times: user=1.64 sys=0.46, real=0.14 secs] 
2023-10-21T05:20:27.855+0800: 214170.136: [GC (Allocation Failure) 2023-10-21T05:20:27.855+0800: 214170.136: [ParNew: 8814471K->948251K(9175040K), 0.1940057 secs] 40098919K->32280925K(65798144K), 0.1943862 secs] [Times: user=1.72 sys=1.46, real=0.20 secs] 
2023-10-21T05:20:47.850+0800: 214190.131: [GC (Allocation Failure) 2023-10-21T05:20:47.850+0800: 214190.131: [ParNew: 8812571K->1022477K(9175040K), 0.1356987 secs] 40145245K->32403101K(65798144K), 0.1360325 secs] [Times: user=1.54 sys=0.61, real=0.14 secs] 
2023-10-21T05:21:11.036+0800: 214213.318: [GC (Allocation Failure) 2023-10-21T05:21:11.037+0800: 214213.318: [ParNew: 8886797K->948224K(9175040K), 0.2165171 secs] 40267421K->32375865K(65798144K), 0.2168752 secs] [Times: user=1.80 sys=1.80, real=0.21 secs] 
2023-10-21T05:21:31.263+0800: 214233.544: [GC (Allocation Failure) 2023-10-21T05:21:31.263+0800: 214233.544: [ParNew: 8812544K->1093071K(9175040K), 0.1519591 secs] 40240185K->32568177K(65798144K), 0.1523495 secs] [Times: user=1.75 sys=0.68, real=0.15 secs] 
2023-10-21T05:21:50.410+0800: 214252.692: [GC (Allocation Failure) 2023-10-21T05:21:50.411+0800: 214252.692: [ParNew: 8957391K->931584K(9175040K), 0.1727943 secs] 40432497K->32454528K(65798144K), 0.1732305 secs] [Times: user=1.77 sys=1.03, real=0.17 secs] 
2023-10-21T05:22:08.682+0800: 214270.964: [GC (Allocation Failure) 2023-10-21T05:22:08.683+0800: 214270.964: [ParNew: 8795904K->1049824K(9175040K), 0.1519615 secs] 40318848K->32620088K(65798144K), 0.1523360 secs] [Times: user=1.53 sys=0.90, real=0.15 secs] 
2023-10-21T05:22:29.263+0800: 214291.544: [GC (Allocation Failure) 2023-10-21T05:22:29.263+0800: 214291.544: [ParNew: 8914144K->1052660K(9175040K), 0.1319494 secs] 40484408K->32670408K(65798144K), 0.1323175 secs] [Times: user=1.57 sys=0.51, real=0.13 secs] 
2023-10-21T05:22:50.113+0800: 214312.394: [GC (Allocation Failure) 2023-10-21T05:22:50.113+0800: 214312.394: [ParNew: 8916980K->1091686K(9175040K), 0.1967802 secs] 40534728K->32756838K(65798144K), 0.1971992 secs] [Times: user=1.86 sys=1.36, real=0.20 secs] 
2023-10-21T05:23:13.034+0800: 214335.315: [GC (Allocation Failure) 2023-10-21T05:23:13.034+0800: 214335.315: [ParNew: 8956006K->942604K(9175040K), 0.1278516 secs] 40621158K->32654970K(65798144K), 0.1281923 secs] [Times: user=1.62 sys=0.38, real=0.13 secs] 
2023-10-21T05:23:33.635+0800: 214355.917: [GC (Allocation Failure) 2023-10-21T05:23:33.636+0800: 214355.917: [ParNew: 8806924K->1169353K(9175040K), 0.1798689 secs] 40519290K->32928794K(65798144K), 0.1802314 secs] [Times: user=1.71 sys=1.22, real=0.19 secs] 
2023-10-21T05:23:54.053+0800: 214376.335: [GC (Allocation Failure) 2023-10-21T05:23:54.054+0800: 214376.335: [ParNew: 9033673K->851334K(9175040K), 0.1322525 secs] 40793114K->32659005K(65798144K), 0.1325774 secs] [Times: user=1.63 sys=0.45, real=0.14 secs] 
2023-10-21T05:24:13.152+0800: 214395.434: [GC (Allocation Failure) 2023-10-21T05:24:13.153+0800: 214395.434: [ParNew: 8715654K->1064832K(9175040K), 0.1849286 secs] 40523325K->32920121K(65798144K), 0.1853049 secs] [Times: user=1.78 sys=1.24, real=0.19 secs] 
2023-10-21T05:24:31.615+0800: 214413.896: [GC (Allocation Failure) 2023-10-21T05:24:31.615+0800: 214413.896: [ParNew: 8929152K->1037638K(9175040K), 0.1363981 secs] 40784441K->32941244K(65798144K), 0.1367552 secs] [Times: user=1.69 sys=0.45, real=0.14 secs] 
2023-10-21T05:24:50.936+0800: 214433.218: [GC (Allocation Failure) 2023-10-21T05:24:50.937+0800: 214433.218: [ParNew: 8901958K->1018740K(9175040K), 0.1843683 secs] 40805564K->32970639K(65798144K), 0.1848086 secs] [Times: user=1.85 sys=1.15, real=0.18 secs] 
2023-10-21T05:25:09.664+0800: 214451.946: [GC (Allocation Failure) 2023-10-21T05:25:09.665+0800: 214451.946: [ParNew: 8883060K->986406K(9175040K), 0.1428896 secs] 40834959K->32986224K(65798144K), 0.1432754 secs] [Times: user=1.56 sys=0.72, real=0.15 secs] 
2023-10-21T05:25:29.299+0800: 214471.580: [GC (Allocation Failure) 2023-10-21T05:25:29.299+0800: 214471.580: [ParNew: 8850726K->1062621K(9175040K), 0.1214105 secs] 40850544K->33111193K(65798144K), 0.1218384 secs] [Times: user=1.63 sys=0.26, real=0.12 secs] 
2023-10-21T05:25:50.587+0800: 214492.868: [GC (Allocation Failure) 2023-10-21T05:25:50.587+0800: 214492.869: [ParNew: 8926941K->1003850K(9175040K), 0.1734590 secs] 40975513K->33100935K(65798144K), 0.1738728 secs] [Times: user=1.78 sys=1.03, real=0.17 secs] 
2023-10-21T05:26:12.333+0800: 214514.614: [GC (Allocation Failure) 2023-10-21T05:26:12.333+0800: 214514.614: [ParNew: 8868170K->1036134K(9175040K), 0.1312290 secs] 40965255K->33181016K(65798144K), 0.1315673 secs] [Times: user=1.65 sys=0.41, real=0.13 secs] 
2023-10-21T05:26:33.972+0800: 214536.253: [GC (Allocation Failure) 2023-10-21T05:26:33.972+0800: 214536.254: [ParNew: 8900454K->1070633K(9175040K), 0.1954492 secs] 41045336K->33263617K(65798144K), 0.1957700 secs] [Times: user=1.83 sys=1.28, real=0.20 secs] 
2023-10-21T05:26:54.557+0800: 214556.838: [GC (Allocation Failure) 2023-10-21T05:26:54.557+0800: 214556.838: [ParNew: 8934953K->996097K(9175040K), 0.1337128 secs] 41127937K->33237413K(65798144K), 0.1340465 secs] [Times: user=1.72 sys=0.40, real=0.13 secs] 
2023-10-21T05:27:14.405+0800: 214576.686: [GC (Allocation Failure) 2023-10-21T05:27:14.405+0800: 214576.687: [ParNew: 8860417K->1071245K(9175040K), 0.1923802 secs] 41101733K->33361036K(65798144K), 0.1927638 secs] [Times: user=1.88 sys=1.26, real=0.20 secs] 
2023-10-21T05:27:37.091+0800: 214599.372: [GC (Allocation Failure) 2023-10-21T05:27:37.091+0800: 214599.373: [ParNew: 8935565K->996959K(9175040K), 0.1488935 secs] 41225356K->33335721K(65798144K), 0.1492224 secs] [Times: user=1.78 sys=0.51, real=0.15 secs] 
2023-10-21T05:27:57.585+0800: 214619.866: [GC (Allocation Failure) 2023-10-21T05:27:57.585+0800: 214619.866: [ParNew: 8861279K->1092386K(9175040K), 0.2174506 secs] 41200041K->33479709K(65798144K), 0.2178878 secs] [Times: user=1.86 sys=1.65, real=0.22 secs] 
2023-10-21T05:28:21.477+0800: 214643.758: [GC (Allocation Failure) 2023-10-21T05:28:21.477+0800: 214643.758: [ParNew: 8956706K->1021633K(9175040K), 0.1511295 secs] 41344029K->33457205K(65798144K), 0.1515169 secs] [Times: user=1.61 sys=0.73, real=0.15 secs] 
2023-10-21T05:28:44.926+0800: 214667.208: [GC (Allocation Failure) 2023-10-21T05:28:44.927+0800: 214667.208: [ParNew: 8885953K->1097866K(9175040K), 0.2051742 secs] 41321525K->33581071K(65798144K), 0.2055700 secs] [Times: user=1.77 sys=1.62, real=0.20 secs] 
2023-10-21T05:29:07.871+0800: 214690.152: [GC (Allocation Failure) 2023-10-21T05:29:07.871+0800: 214690.152: [ParNew: 8962186K->1024034K(9175040K), 0.1324825 secs] 41445391K->33555607K(65798144K), 0.1328718 secs] [Times: user=1.57 sys=0.51, real=0.13 secs] 
2023-10-21T05:29:27.106+0800: 214709.387: [GC (Allocation Failure) 2023-10-21T05:29:27.106+0800: 214709.388: [ParNew: 8888354K->983633K(9175040K), 0.1929856 secs] 41419927K->33563774K(65798144K), 0.1934278 secs] [Times: user=1.84 sys=1.51, real=0.19 secs] 
2023-10-21T05:29:46.190+0800: 214728.471: [GC (Allocation Failure) 2023-10-21T05:29:46.190+0800: 214728.472: [ParNew: 8847953K->1134100K(9175040K), 0.1482482 secs] 41428094K->33762364K(65798144K), 0.1486318 secs] [Times: user=1.69 sys=0.82, real=0.15 secs] 
2023-10-21T05:30:10.029+0800: 214752.310: [GC (Allocation Failure) 2023-10-21T05:30:10.029+0800: 214752.310: [ParNew: 8998420K->944637K(9175040K), 0.2134838 secs] 41626684K->33620905K(65798144K), 0.2139279 secs] [Times: user=1.78 sys=1.98, real=0.21 secs] 
2023-10-21T05:30:34.714+0800: 214776.996: [GC (Allocation Failure) 2023-10-21T05:30:34.715+0800: 214776.996: [ParNew: 8808957K->955612K(9175040K), 0.1339493 secs] 41485225K->33669626K(65798144K), 0.1342949 secs] [Times: user=1.54 sys=0.60, real=0.14 secs] 
2023-10-21T05:30:56.475+0800: 214798.756: [GC (Allocation Failure) 2023-10-21T05:30:56.475+0800: 214798.756: [ParNew: 8819932K->988997K(9175040K), 0.1951284 secs] 41533946K->33740671K(65798144K), 0.1954716 secs] [Times: user=1.73 sys=1.50, real=0.20 secs] 
2023-10-21T05:31:16.216+0800: 214818.497: [GC (Allocation Failure) 2023-10-21T05:31:16.216+0800: 214818.497: [ParNew: 8853317K->1083020K(9175040K), 0.1236323 secs] 41604991K->33875774K(65798144K), 0.1239645 secs] [Times: user=1.62 sys=0.33, real=0.12 secs] 
2023-10-21T05:31:35.791+0800: 214838.072: [GC (Allocation Failure) 2023-10-21T05:31:35.791+0800: 214838.073: [ParNew: 8947340K->934703K(9175040K), 0.1837105 secs] 41740094K->33772639K(65798144K), 0.1840483 secs] [Times: user=1.57 sys=1.43, real=0.18 secs] 
2023-10-21T05:31:55.595+0800: 214857.876: [GC (Allocation Failure) 2023-10-21T05:31:55.595+0800: 214857.876: [ParNew: 8799023K->1049796K(9175040K), 0.1294573 secs] 41636959K->33934272K(65798144K), 0.1297949 secs] [Times: user=1.57 sys=0.46, real=0.13 secs] 
2023-10-21T05:32:15.059+0800: 214877.340: [GC (Allocation Failure) 2023-10-21T05:32:15.059+0800: 214877.341: [ParNew: 8914116K->938287K(9175040K), 0.2053308 secs] 41798592K->33869694K(65798144K), 0.2057027 secs] [Times: user=1.72 sys=1.67, real=0.20 secs] 
2023-10-21T05:32:34.006+0800: 214896.287: [GC (Allocation Failure) 2023-10-21T05:32:34.006+0800: 214896.288: [ParNew: 8802607K->1051646K(9175040K), 0.1329833 secs] 41734014K->34031382K(65798144K), 0.1334257 secs] [Times: user=1.57 sys=0.52, real=0.13 secs] 
2023-10-21T05:32:53.466+0800: 214915.748: [GC (Allocation Failure) 2023-10-21T05:32:53.467+0800: 214915.748: [ParNew: 8915966K->1014727K(9175040K), 0.1742155 secs] 41895702K->34042755K(65798144K), 0.1747843 secs] [Times: user=1.58 sys=1.24, real=0.17 secs] 
2023-10-21T05:33:12.944+0800: 214935.226: [GC (Allocation Failure) 2023-10-21T05:33:12.944+0800: 214935.226: [ParNew: 8879047K->1091614K(9175040K), 0.1633079 secs] 41907075K->34168389K(65798144K), 0.1636962 secs] [Times: user=1.48 sys=1.14, real=0.17 secs] 
2023-10-21T05:33:32.631+0800: 214954.912: [GC (Allocation Failure) 2023-10-21T05:33:32.631+0800: 214954.912: [ParNew: 8955934K->978724K(9175040K), 0.1524932 secs] 42032709K->34103109K(65798144K), 0.1528759 secs] [Times: user=1.56 sys=0.88, real=0.15 secs] 
2023-10-21T05:33:51.091+0800: 214973.372: [GC (Allocation Failure) 2023-10-21T05:33:51.091+0800: 214973.372: [ParNew: 8843044K->1056437K(9175040K), 0.1620113 secs] 41967429K->34228533K(65798144K), 0.1624289 secs] [Times: user=1.65 sys=0.88, real=0.16 secs] 
2023-10-21T05:34:10.938+0800: 214993.219: [GC (Allocation Failure) 2023-10-21T05:34:10.938+0800: 214993.219: [ParNew: 8920757K->1055475K(9175040K), 0.1395577 secs] 42092853K->34275439K(65798144K), 0.1399582 secs] [Times: user=1.83 sys=0.29, real=0.14 secs] 
2023-10-21T05:34:32.882+0800: 215015.163: [GC (Allocation Failure) 2023-10-21T05:34:32.882+0800: 215015.164: [ParNew: 8919795K->1018161K(9175040K), 0.2035210 secs] 42139759K->34286056K(65798144K), 0.2039409 secs] [Times: user=2.01 sys=1.36, real=0.21 secs] 
2023-10-21T05:34:56.129+0800: 215038.410: [GC (Allocation Failure) 2023-10-21T05:34:56.129+0800: 215038.410: [ParNew: 8882481K->1055092K(9175040K), 0.1353120 secs] 42150376K->34370975K(65798144K), 0.1356781 secs] [Times: user=1.55 sys=0.58, real=0.13 secs] 
2023-10-21T05:35:16.339+0800: 215058.620: [GC (Allocation Failure) 2023-10-21T05:35:16.339+0800: 215058.620: [ParNew: 8919412K->1055342K(9175040K), 0.1883352 secs] 42235295K->34420233K(65798144K), 0.1887488 secs] [Times: user=1.31 sys=1.78, real=0.19 secs] 
2023-10-21T05:35:44.284+0800: 215086.566: [GC (Allocation Failure) 2023-10-21T05:35:44.285+0800: 215086.566: [ParNew: 8919662K->977741K(9175040K), 0.1416186 secs] 42284553K->34391179K(65798144K), 0.1420225 secs] [Times: user=1.49 sys=0.76, real=0.15 secs] 
2023-10-21T05:36:08.041+0800: 215110.322: [GC (Allocation Failure) 2023-10-21T05:36:08.041+0800: 215110.322: [ParNew: 8842061K->1125739K(9175040K), 0.1802928 secs] 42255499K->34587881K(65798144K), 0.1806205 secs] [Times: user=1.76 sys=1.18, real=0.18 secs] 
2023-10-21T05:36:29.026+0800: 215131.307: [GC (Allocation Failure) 2023-10-21T05:36:29.026+0800: 215131.307: [ParNew: 8990059K->841620K(9175040K), 0.1292541 secs] 42452201K->34352147K(65798144K), 0.1295753 secs] [Times: user=1.58 sys=0.44, real=0.13 secs] 
2023-10-21T05:36:49.638+0800: 215151.919: [GC (Allocation Failure) 2023-10-21T05:36:49.638+0800: 215151.919: [ParNew: 8705940K->1047336K(9175040K), 0.1843038 secs] 42216467K->34606831K(65798144K), 0.1847169 secs] [Times: user=1.75 sys=1.25, real=0.18 secs] 
2023-10-21T05:37:10.162+0800: 215172.443: [GC (Allocation Failure) 2023-10-21T05:37:10.162+0800: 215172.443: [ParNew: 8911656K->1092142K(9175040K), 0.1294154 secs] 42471151K->34699836K(65798144K), 0.1298143 secs] [Times: user=1.63 sys=0.39, real=0.13 secs] 
2023-10-21T05:37:29.577+0800: 215191.859: [GC (Allocation Failure) 2023-10-21T05:37:29.578+0800: 215191.859: [ParNew: 8956462K->1000025K(9175040K), 0.1879661 secs] 42564156K->34656025K(65798144K), 0.1883053 secs] [Times: user=1.71 sys=1.36, real=0.19 secs] 
2023-10-21T05:37:49.367+0800: 215211.648: [GC (Allocation Failure) 2023-10-21T05:37:49.367+0800: 215211.648: [ParNew: 8864345K->1044469K(9175040K), 0.1523681 secs] 42520345K->34748771K(65798144K), 0.1527254 secs] [Times: user=1.78 sys=0.65, real=0.15 secs] 
2023-10-21T05:38:14.021+0800: 215236.302: [GC (Allocation Failure) 2023-10-21T05:38:14.021+0800: 215236.302: [ParNew: 8908789K->932878K(9175040K), 0.1991018 secs] 42613091K->34683394K(65798144K), 0.1994983 secs] [Times: user=1.39 sys=1.89, real=0.20 secs] 
2023-10-21T05:38:43.104+0800: 215265.385: [GC (Allocation Failure) 2023-10-21T05:38:43.104+0800: 215265.385: [ParNew: 8797198K->1008283K(9175040K), 0.1412858 secs] 42547714K->34783010K(65798144K), 0.1416249 secs] [Times: user=1.54 sys=0.77, real=0.15 secs] 
2023-10-21T05:39:07.286+0800: 215289.568: [GC (Allocation Failure) 2023-10-21T05:39:07.287+0800: 215289.568: [ParNew: 8872603K->935075K(9175040K), 0.1884224 secs] 42647330K->34723496K(65798144K), 0.1887511 secs] [Times: user=1.59 sys=1.58, real=0.18 secs] 
2023-10-21T05:39:34.526+0800: 215316.807: [GC (Allocation Failure) 2023-10-21T05:39:34.526+0800: 215316.807: [ParNew: 8799395K->972207K(9175040K), 0.1652504 secs] 42587816K->34766550K(65798144K), 0.1656853 secs] [Times: user=1.60 sys=1.12, real=0.17 secs] 
2023-10-21T05:39:58.212+0800: 215340.493: [GC (Allocation Failure) 2023-10-21T05:39:58.212+0800: 215340.494: [ParNew: 8836527K->1008158K(9175040K), 0.1653604 secs] 42630870K->34809265K(65798144K), 0.1657010 secs] [Times: user=1.86 sys=0.88, real=0.17 secs] 
2023-10-21T05:40:19.517+0800: 215361.798: [GC (Allocation Failure) 2023-10-21T05:40:19.517+0800: 215361.799: [ParNew: 8872478K->894141K(9175040K), 0.1639592 secs] 42673585K->34701045K(65798144K), 0.1643966 secs] [Times: user=1.78 sys=0.97, real=0.16 secs] 
2023-10-21T05:40:38.841+0800: 215381.123: [GC (Allocation Failure) 2023-10-21T05:40:38.842+0800: 215381.123: [ParNew: 8758461K->1040999K(9175040K), 0.1565703 secs] 42565365K->34861553K(65798144K), 0.1569548 secs] [Times: user=1.54 sys=1.05, real=0.16 secs] 
2023-10-21T05:40:58.959+0800: 215401.240: [GC (Allocation Failure) 2023-10-21T05:40:58.959+0800: 215401.241: [ParNew: 8905319K->1011233K(9175040K), 0.1188755 secs] 42725873K->34854995K(65798144K), 0.1192514 secs] [Times: user=1.61 sys=0.29, real=0.12 secs] 
2023-10-21T05:41:20.878+0800: 215423.159: [GC (Allocation Failure) 2023-10-21T05:41:20.878+0800: 215423.159: [ParNew: 8875553K->939919K(9175040K), 0.2102156 secs] 42719315K->34805351K(65798144K), 0.2106018 secs] [Times: user=2.22 sys=1.31, real=0.21 secs] 
2023-10-21T05:41:47.516+0800: 215449.797: [GC (Allocation Failure) 2023-10-21T05:41:47.516+0800: 215449.798: [ParNew: 8804239K->938003K(9175040K), 0.1208669 secs] 42669671K->34813688K(65798144K), 0.1212229 secs] [Times: user=1.55 sys=0.41, real=0.12 secs] 
2023-10-21T05:42:12.927+0800: 215475.208: [GC (Allocation Failure) 2023-10-21T05:42:12.927+0800: 215475.208: [ParNew: 8802323K->976031K(9175040K), 0.1765611 secs] 42678008K->34857585K(65798144K), 0.1769368 secs] [Times: user=1.46 sys=1.53, real=0.17 secs] 
2023-10-21T05:42:38.788+0800: 215501.069: [GC (Allocation Failure) 2023-10-21T05:42:38.788+0800: 215501.069: [ParNew: 8840351K->894886K(9175040K), 0.1622104 secs] 42721905K->34782026K(65798144K), 0.1626010 secs] [Times: user=1.61 sys=1.11, real=0.16 secs] 
2023-10-21T05:43:04.032+0800: 215526.313: [GC (Allocation Failure) 2023-10-21T05:43:04.032+0800: 215526.313: [ParNew: 8759206K->951584K(9175040K), 0.1483818 secs] 42646346K->34838724K(65798144K), 0.1487375 secs] [Times: user=1.68 sys=0.82, real=0.15 secs] 
2023-10-21T05:43:29.086+0800: 215551.367: [GC (Allocation Failure) 2023-10-21T05:43:29.086+0800: 215551.368: [ParNew: 8815904K->946215K(9175040K), 0.1667116 secs] 42703044K->34833354K(65798144K), 0.1670991 secs] [Times: user=1.27 sys=1.55, real=0.16 secs] 
2023-10-21T05:43:56.667+0800: 215578.948: [GC (Allocation Failure) 2023-10-21T05:43:56.667+0800: 215578.948: [ParNew: 8810535K->994706K(9175040K), 0.1656638 secs] 42697674K->34893794K(65798144K), 0.1660079 secs] [Times: user=1.68 sys=1.10, real=0.16 secs] 
2023-10-21T05:44:22.617+0800: 215604.898: [GC (Allocation Failure) 2023-10-21T05:44:22.617+0800: 215604.898: [ParNew: 8859026K->952516K(9175040K), 0.2285794 secs] 42758114K->34858400K(65798144K), 0.2289464 secs] [Times: user=1.78 sys=2.13, real=0.22 secs] 
2023-10-21T05:44:46.874+0800: 215629.155: [GC (Allocation Failure) 2023-10-21T05:44:46.874+0800: 215629.156: [ParNew: 8816836K->988062K(9175040K), 0.1367734 secs] 42722720K->34900281K(65798144K), 0.1370961 secs] [Times: user=1.54 sys=0.72, real=0.14 secs] 
2023-10-21T05:45:09.168+0800: 215651.449: [GC (Allocation Failure) 2023-10-21T05:45:09.168+0800: 215651.449: [ParNew: 8852382K->918173K(9175040K), 0.1979700 secs] 42764601K->34843368K(65798144K), 0.1983681 secs] [Times: user=1.59 sys=1.75, real=0.20 secs] 
2023-10-21T05:45:29.480+0800: 215671.762: [GC (Allocation Failure) 2023-10-21T05:45:29.481+0800: 215671.762: [ParNew: 8782493K->1019653K(9175040K), 0.1212351 secs] 42707688K->34944848K(65798144K), 0.1215656 secs] [Times: user=1.49 sys=0.52, real=0.12 secs] 
2023-10-21T05:45:49.965+0800: 215692.247: [GC (Allocation Failure) 2023-10-21T05:45:49.965+0800: 215692.247: [ParNew: 8883973K->985926K(9175040K), 0.1939604 secs] 42809168K->34916876K(65798144K), 0.1943824 secs] [Times: user=1.72 sys=1.56, real=0.20 secs] 
2023-10-21T05:46:15.160+0800: 215717.441: [GC (Allocation Failure) 2023-10-21T05:46:15.160+0800: 215717.441: [ParNew: 8850246K->949647K(9175040K), 0.1477358 secs] 42781196K->34886297K(65798144K), 0.1480837 secs] [Times: user=1.77 sys=0.70, real=0.15 secs] 
2023-10-21T05:46:42.968+0800: 215745.250: [GC (Allocation Failure) 2023-10-21T05:46:42.969+0800: 215745.250: [ParNew: 8813967K->899150K(9175040K), 0.1896934 secs] 42750617K->34835799K(65798144K), 0.1900323 secs] [Times: user=1.47 sys=1.77, real=0.19 secs] 
2023-10-21T05:47:10.131+0800: 215772.413: [GC (Allocation Failure) 2023-10-21T05:47:10.132+0800: 215772.413: [ParNew: 8763470K->898857K(9175040K), 0.1323867 secs] 42700119K->34841211K(65798144K), 0.1327241 secs] [Times: user=1.43 sys=0.77, real=0.13 secs] 
2023-10-21T05:47:34.765+0800: 215797.047: [GC (Allocation Failure) 2023-10-21T05:47:34.766+0800: 215797.047: [ParNew: 8763177K->928986K(9175040K), 0.1837974 secs] 42705531K->34877234K(65798144K), 0.1841324 secs] [Times: user=1.45 sys=1.65, real=0.19 secs] 
2023-10-21T05:47:55.680+0800: 215817.961: [GC (Allocation Failure) 2023-10-21T05:47:55.680+0800: 215817.961: [ParNew: 8793306K->966488K(9175040K), 0.1184542 secs] 42741554K->34921422K(65798144K), 0.1188161 secs] [Times: user=1.52 sys=0.42, real=0.12 secs] 
2023-10-21T05:48:15.135+0800: 215837.416: [GC (Allocation Failure) 2023-10-21T05:48:15.135+0800: 215837.416: [ParNew: 8830808K->940351K(9175040K), 0.1772479 secs] 42785742K->34901693K(65798144K), 0.1776193 secs] [Times: user=1.65 sys=1.34, real=0.18 secs] 
2023-10-21T05:48:37.864+0800: 215860.146: [GC (Allocation Failure) 2023-10-21T05:48:37.865+0800: 215860.146: [ParNew: 8804671K->949389K(9175040K), 0.1269270 secs] 42766013K->34917231K(65798144K), 0.1272869 secs] [Times: user=1.16 sys=0.93, real=0.13 secs] 
2023-10-21T05:48:59.761+0800: 215882.043: [GC (Allocation Failure) 2023-10-21T05:48:59.762+0800: 215882.043: [ParNew: 8813709K->923918K(9175040K), 0.1829585 secs] 42781551K->34904924K(65798144K), 0.1833111 secs] [Times: user=1.58 sys=1.68, real=0.18 secs] 
2023-10-21T05:49:22.568+0800: 215904.850: [GC (Allocation Failure) 2023-10-21T05:49:22.569+0800: 215904.850: [ParNew: 8788238K->925149K(9175040K), 0.1307341 secs] 42769244K->34919341K(65798144K), 0.1311314 secs] [Times: user=1.59 sys=0.51, real=0.13 secs] 
2023-10-21T05:49:44.808+0800: 215927.089: [GC (Allocation Failure) 2023-10-21T05:49:44.808+0800: 215927.089: [ParNew: 8789469K->923989K(9175040K), 0.1810344 secs] 42783661K->34928328K(65798144K), 0.1814133 secs] [Times: user=1.56 sys=1.49, real=0.18 secs] 
2023-10-21T05:50:06.551+0800: 215948.832: [GC (Allocation Failure) 2023-10-21T05:50:06.551+0800: 215948.832: [ParNew: 8788309K->925061K(9175040K), 0.1221919 secs] 42792648K->34941645K(65798144K), 0.1226026 secs] [Times: user=1.29 sys=0.70, real=0.12 secs] 
2023-10-21T05:50:32.750+0800: 215975.031: [GC (Allocation Failure) 2023-10-21T05:50:32.750+0800: 215975.031: [ParNew: 8789381K->924113K(9175040K), 0.1915627 secs] 42805965K->34946479K(65798144K), 0.1918977 secs] [Times: user=1.62 sys=1.64, real=0.19 secs] 
2023-10-21T05:50:56.665+0800: 215998.947: [GC (Allocation Failure) 2023-10-21T05:50:56.666+0800: 215998.947: [ParNew: 8788433K->917506K(9175040K), 0.1681302 secs] 42810799K->34945647K(65798144K), 0.1685422 secs] [Times: user=1.48 sys=1.34, real=0.17 secs] 
2023-10-21T05:51:23.255+0800: 216025.537: [GC (Allocation Failure) 2023-10-21T05:51:23.256+0800: 216025.537: [ParNew: 8781826K->1005220K(9175040K), 0.1623110 secs] 42809967K->35039754K(65798144K), 0.1626458 secs] [Times: user=1.57 sys=1.15, real=0.17 secs] 
2023-10-21T05:51:48.495+0800: 216050.776: [GC (Allocation Failure) 2023-10-21T05:51:48.495+0800: 216050.776: [ParNew: 8869540K->891679K(9175040K), 0.2003035 secs] 42904074K->34932723K(65798144K), 0.2006965 secs] [Times: user=1.46 sys=1.88, real=0.20 secs] 
2023-10-21T05:52:16.461+0800: 216078.742: [GC (Allocation Failure) 2023-10-21T05:52:16.461+0800: 216078.742: [ParNew: 8755999K->972275K(9175040K), 0.1362039 secs] 42797043K->35019818K(65798144K), 0.1365646 secs] [Times: user=1.45 sys=0.74, real=0.14 secs] 
2023-10-21T05:52:41.589+0800: 216103.870: [GC (Allocation Failure) 2023-10-21T05:52:41.589+0800: 216103.870: [ParNew: 8836595K->971160K(9175040K), 0.1842477 secs] 42884138K->35025016K(65798144K), 0.1846494 secs] [Times: user=1.39 sys=1.67, real=0.18 secs] 
2023-10-21T05:53:07.186+0800: 216129.467: [GC (Allocation Failure) 2023-10-21T05:53:07.186+0800: 216129.467: [ParNew: 8835480K->929093K(9175040K), 0.1888621 secs] 42889336K->34988768K(65798144K), 0.1892235 secs] [Times: user=1.63 sys=1.55, real=0.18 secs] 
2023-10-21T05:53:27.187+0800: 216149.468: [GC (Allocation Failure) 2023-10-21T05:53:27.187+0800: 216149.468: [ParNew: 8793413K->987740K(9175040K), 0.1711129 secs] 42853088K->35053039K(65798144K), 0.1714764 secs] [Times: user=1.93 sys=0.93, real=0.17 secs] 
2023-10-21T05:53:46.053+0800: 216168.334: [GC (Allocation Failure) 2023-10-21T05:53:46.053+0800: 216168.334: [ParNew: 8852060K->951487K(9175040K), 0.1587416 secs] 42917359K->35022722K(65798144K), 0.1591512 secs] [Times: user=1.42 sys=1.19, real=0.16 secs] 
2023-10-21T05:54:04.406+0800: 216186.687: [GC (Allocation Failure) 2023-10-21T05:54:04.406+0800: 216186.687: [ParNew: 8815807K->1072278K(9175040K), 0.1550977 secs] 42887042K->35149570K(65798144K), 0.1554664 secs] [Times: user=1.47 sys=1.11, real=0.16 secs] 
2023-10-21T05:54:24.553+0800: 216206.834: [GC (Allocation Failure) 2023-10-21T05:54:24.553+0800: 216206.834: [ParNew: 8936598K->933451K(9175040K), 0.1566654 secs] 43013890K->35016921K(65798144K), 0.1570608 secs] [Times: user=1.30 sys=1.27, real=0.16 secs] 
2023-10-21T05:54:44.820+0800: 216227.102: [GC (Allocation Failure) 2023-10-21T05:54:44.820+0800: 216227.102: [ParNew: 8797771K->1090212K(9175040K), 0.1502156 secs] 42881241K->35179787K(65798144K), 0.1505758 secs] [Times: user=1.49 sys=0.98, real=0.15 secs] 
2023-10-21T05:55:10.617+0800: 216252.898: [GC (Allocation Failure) 2023-10-21T05:55:10.618+0800: 216252.899: [ParNew: 8954532K->946196K(9175040K), 0.1675914 secs] 43044107K->35041712K(65798144K), 0.1680739 secs] [Times: user=1.57 sys=1.23, real=0.16 secs] 
2023-10-21T05:55:39.486+0800: 216281.767: [GC (Allocation Failure) 2023-10-21T05:55:39.486+0800: 216281.767: [ParNew: 8810516K->1053742K(9175040K), 0.1615735 secs] 42906032K->35155847K(65798144K), 0.1619472 secs] [Times: user=1.30 sys=1.40, real=0.16 secs] 
2023-10-21T05:56:04.358+0800: 216306.639: [GC (Allocation Failure) 2023-10-21T05:56:04.358+0800: 216306.639: [ParNew: 8918062K->934591K(9175040K), 0.1978116 secs] 43020167K->35042988K(65798144K), 0.1981581 secs] [Times: user=1.51 sys=1.83, real=0.20 secs] 
2023-10-21T05:56:27.040+0800: 216329.321: [GC (Allocation Failure) 2023-10-21T05:56:27.040+0800: 216329.321: [ParNew: 8798911K->1003292K(9175040K), 0.1319567 secs] 42907308K->35118289K(65798144K), 0.1322893 secs] [Times: user=1.51 sys=0.65, real=0.13 secs] 
2023-10-21T05:56:47.588+0800: 216349.869: [GC (Allocation Failure) 2023-10-21T05:56:47.588+0800: 216349.870: [ParNew: 8867612K->973025K(9175040K), 0.1933804 secs] 42982609K->35095990K(65798144K), 0.1937658 secs] [Times: user=1.57 sys=1.68, real=0.19 secs] 
2023-10-21T05:57:07.996+0800: 216370.277: [GC (Allocation Failure) 2023-10-21T05:57:07.996+0800: 216370.278: [ParNew: 8837345K->1018023K(9175040K), 0.1307964 secs] 42960310K->35159777K(65798144K), 0.1312274 secs] [Times: user=1.51 sys=0.59, real=0.13 secs] 
2023-10-21T05:57:26.928+0800: 216389.210: [GC (Allocation Failure) 2023-10-21T05:57:26.929+0800: 216389.210: [ParNew: 8882343K->981322K(9175040K), 0.1978659 secs] 43024097K->35155037K(65798144K), 0.1982515 secs] [Times: user=1.61 sys=1.64, real=0.20 secs] 
2023-10-21T05:57:46.697+0800: 216408.978: [GC (Allocation Failure) 2023-10-21T05:57:46.697+0800: 216408.978: [ParNew: 8845642K->981580K(9175040K), 0.1377762 secs] 43019357K->35196497K(65798144K), 0.1381781 secs] [Times: user=1.63 sys=0.54, real=0.13 secs] 
2023-10-21T05:58:08.350+0800: 216430.632: [GC (Allocation Failure) 2023-10-21T05:58:08.351+0800: 216430.632: [ParNew: 8845900K->981200K(9175040K), 0.2021495 secs] 43060817K->35243251K(65798144K), 0.2025613 secs] [Times: user=1.64 sys=1.67, real=0.20 secs] 
2023-10-21T05:58:30.978+0800: 216453.260: [GC (Allocation Failure) 2023-10-21T05:58:30.979+0800: 216453.260: [ParNew: 8845520K->1053953K(9175040K), 0.1397736 secs] 43107571K->35355847K(65798144K), 0.1401515 secs] [Times: user=1.51 sys=0.70, real=0.14 secs] 
2023-10-21T05:59:00.909+0800: 216483.190: [GC (Allocation Failure) 2023-10-21T05:59:00.909+0800: 216483.191: [ParNew: 8918273K->939752K(9175040K), 0.1958917 secs] 43220167K->35254610K(65798144K), 0.1962662 secs] [Times: user=1.52 sys=1.77, real=0.19 secs] 
2023-10-21T05:59:31.150+0800: 216513.431: [GC (Allocation Failure) 2023-10-21T05:59:31.150+0800: 216513.431: [ParNew: 8804072K->939905K(9175040K), 0.2124466 secs] 43118930K->35260293K(65798144K), 0.2128153 secs] [Times: user=1.25 sys=2.38, real=0.21 secs] 
2023-10-21T05:59:59.736+0800: 216542.017: [GC (Allocation Failure) 2023-10-21T05:59:59.736+0800: 216542.017: [ParNew: 8804225K->1034559K(9175040K), 0.1386500 secs] 43124613K->35360560K(65798144K), 0.1390147 secs] [Times: user=1.44 sys=0.84, real=0.13 secs] 
2023-10-21T06:00:25.072+0800: 216567.353: [GC (Allocation Failure) 2023-10-21T06:00:25.072+0800: 216567.353: [ParNew: 8898879K->941482K(9175040K), 0.1833272 secs] 43224880K->35267483K(65798144K), 0.1836874 secs] [Times: user=1.41 sys=1.70, real=0.18 secs] 
2023-10-21T06:00:48.728+0800: 216591.009: [GC (Allocation Failure) 2023-10-21T06:00:48.728+0800: 216591.010: [ParNew: 8805802K->987510K(9175040K), 0.1792956 secs] 43131803K->35319735K(65798144K), 0.1798600 secs] [Times: user=1.57 sys=1.45, real=0.18 secs] 
2023-10-21T06:01:12.867+0800: 216615.148: [GC (Allocation Failure) 2023-10-21T06:01:12.867+0800: 216615.148: [ParNew: 8851830K->954380K(9175040K), 0.1637940 secs] 43184055K->35299073K(65798144K), 0.1641390 secs] [Times: user=1.67 sys=1.06, real=0.16 secs] 
2023-10-21T06:01:33.914+0800: 216636.196: [GC (Allocation Failure) 2023-10-21T06:01:33.915+0800: 216636.196: [ParNew: 8818700K->912262K(9175040K), 0.2129800 secs] 43163393K->35263065K(65798144K), 0.2133084 secs] [Times: user=2.13 sys=1.64, real=0.22 secs] 
2023-10-21T06:01:56.931+0800: 216659.212: [GC (Allocation Failure) 2023-10-21T06:01:56.931+0800: 216659.212: [ParNew: 8776582K->912450K(9175040K), 0.1334611 secs] 43127385K->35268927K(65798144K), 0.1337980 secs] [Times: user=1.48 sys=0.72, real=0.13 secs] 
2023-10-21T06:02:23.164+0800: 216685.445: [GC (Allocation Failure) 2023-10-21T06:02:23.164+0800: 216685.445: [ParNew: 8776770K->942621K(9175040K), 0.1920709 secs] 43133247K->35299099K(65798144K), 0.1924692 secs] [Times: user=1.54 sys=1.65, real=0.20 secs] 
2023-10-21T06:02:45.382+0800: 216707.663: [GC (Allocation Failure) 2023-10-21T06:02:45.382+0800: 216707.663: [ParNew: 8806941K->932742K(9175040K), 0.1210649 secs] 43163419K->35289220K(65798144K), 0.1214790 secs] [Times: user=1.47 sys=0.54, real=0.12 secs] 
2023-10-21T06:03:09.311+0800: 216731.592: [GC (Allocation Failure) 2023-10-21T06:03:09.311+0800: 216731.593: [ParNew: 8797062K->893725K(9175040K), 0.1896618 secs] 43153540K->35255950K(65798144K), 0.1900064 secs] [Times: user=1.58 sys=1.62, real=0.19 secs] 
2023-10-21T06:03:33.134+0800: 216755.415: [GC (Allocation Failure) 2023-10-21T06:03:33.134+0800: 216755.415: [ParNew: 8758045K->924511K(9175040K), 0.1225569 secs] 43120270K->35292251K(65798144K), 0.1229085 secs] [Times: user=1.55 sys=0.45, real=0.13 secs] 
2023-10-21T06:03:56.141+0800: 216778.422: [GC (Allocation Failure) 2023-10-21T06:03:56.141+0800: 216778.422: [ParNew: 8788831K->924992K(9175040K), 0.2135905 secs] 43156571K->35298646K(65798144K), 0.2139082 secs] [Times: user=2.12 sys=1.51, real=0.21 secs] 
2023-10-21T06:04:20.445+0800: 216802.726: [GC (Allocation Failure) 2023-10-21T06:04:20.445+0800: 216802.727: [ParNew: 8789312K->934960K(9175040K), 0.1570767 secs] 43162966K->35314377K(65798144K), 0.1574640 secs] [Times: user=1.59 sys=1.03, real=0.16 secs] 
2023-10-21T06:04:41.243+0800: 216823.524: [GC (Allocation Failure) 2023-10-21T06:04:41.243+0800: 216823.525: [ParNew: 8799280K->1057034K(9175040K), 0.1718207 secs] 43178697K->35442584K(65798144K), 0.1721444 secs] [Times: user=2.15 sys=0.91, real=0.17 secs] 
2023-10-21T06:05:02.115+0800: 216844.396: [GC (Allocation Failure) 2023-10-21T06:05:02.115+0800: 216844.396: [ParNew: 8921354K->892740K(9175040K), 0.1535680 secs] 43306904K->35298525K(65798144K), 0.1540381 secs] [Times: user=1.94 sys=0.57, real=0.16 secs] 
2023-10-21T06:05:23.400+0800: 216865.681: [GC (Allocation Failure) 2023-10-21T06:05:23.400+0800: 216865.681: [ParNew: 8757060K->970075K(9175040K), 0.1737169 secs] 43162845K->35385338K(65798144K), 0.1740873 secs] [Times: user=1.41 sys=1.51, real=0.17 secs] 
2023-10-21T06:05:43.607+0800: 216885.888: [GC (Allocation Failure) 2023-10-21T06:05:43.607+0800: 216885.889: [ParNew: 8834395K->1011924K(9175040K), 0.1144093 secs] 43249658K->35441891K(65798144K), 0.1147941 secs] [Times: user=1.60 sys=0.30, real=0.11 secs] 
2023-10-21T06:06:04.139+0800: 216906.420: [GC (Allocation Failure) 2023-10-21T06:06:04.139+0800: 216906.420: [ParNew: 8876244K->976034K(9175040K), 0.1842987 secs] 43306211K->35427910K(65798144K), 0.1846364 secs] [Times: user=1.27 sys=1.79, real=0.18 secs] 
2023-10-21T06:06:24.551+0800: 216926.833: [GC (Allocation Failure) 2023-10-21T06:06:24.552+0800: 216926.833: [ParNew: 8840354K->1011929K(9175040K), 0.1207470 secs] 43292230K->35489858K(65798144K), 0.1211583 secs] [Times: user=1.53 sys=0.38, real=0.12 secs] 
2023-10-21T06:06:47.500+0800: 216949.782: [GC (Allocation Failure) 2023-10-21T06:06:47.501+0800: 216949.782: [ParNew: 8876249K->974330K(9175040K), 0.1871782 secs] 43354178K->35476236K(65798144K), 0.1875402 secs] [Times: user=1.60 sys=1.57, real=0.19 secs] 
2023-10-21T06:07:12.537+0800: 216974.818: [GC (Allocation Failure) 2023-10-21T06:07:12.537+0800: 216974.819: [ParNew: 8838650K->973397K(9175040K), 0.1262826 secs] 43340556K->35498321K(65798144K), 0.1266089 secs] [Times: user=1.59 sys=0.44, real=0.12 secs] 
2023-10-21T06:07:34.693+0800: 216996.975: [GC (Allocation Failure) 2023-10-21T06:07:34.694+0800: 216996.975: [ParNew: 8837717K->972106K(9175040K), 0.1877974 secs] 43362641K->35522604K(65798144K), 0.1881418 secs] [Times: user=1.60 sys=1.53, real=0.19 secs] 
2023-10-21T06:07:59.151+0800: 217021.433: [GC (Allocation Failure) 2023-10-21T06:07:59.152+0800: 217021.433: [ParNew: 8836426K->1009740K(9175040K), 0.1277634 secs] 43386924K->35583857K(65798144K), 0.1280840 secs] [Times: user=1.62 sys=0.43, real=0.13 secs] 
2023-10-21T06:08:22.658+0800: 217044.940: [GC (Allocation Failure) 2023-10-21T06:08:22.659+0800: 217044.940: [ParNew: 8874060K->1012615K(9175040K), 0.1905710 secs] 43448177K->35612576K(65798144K), 0.1909475 secs] [Times: user=1.60 sys=1.55, real=0.19 secs] 
2023-10-21T06:08:46.986+0800: 217069.267: [GC (Allocation Failure) 2023-10-21T06:08:46.986+0800: 217069.267: [ParNew: 8876935K->937142K(9175040K), 0.1628978 secs] 43476896K->35559192K(65798144K), 0.1633041 secs] [Times: user=1.34 sys=1.34, real=0.16 secs] 
2023-10-21T06:09:10.695+0800: 217092.976: [GC (Allocation Failure) 2023-10-21T06:09:10.695+0800: 217092.976: [ParNew: 8801462K->1088284K(9175040K), 0.1644197 secs] 43423512K->35735778K(65798144K), 0.1647343 secs] [Times: user=1.48 sys=1.26, real=0.17 secs] 
2023-10-21T06:09:32.241+0800: 217114.523: [GC (Allocation Failure) 2023-10-21T06:09:32.242+0800: 217114.523: [ParNew: 8952604K->938661K(9175040K), 0.2070057 secs] 43600098K->35610465K(65798144K), 0.2073914 secs] [Times: user=1.73 sys=1.96, real=0.21 secs] 
2023-10-21T06:09:55.332+0800: 217137.613: [GC (Allocation Failure) 2023-10-21T06:09:55.332+0800: 217137.613: [ParNew: 8802981K->938096K(9175040K), 0.1366727 secs] 43474785K->35630172K(65798144K), 0.1370379 secs] [Times: user=1.56 sys=0.81, real=0.14 secs] 
2023-10-21T06:10:18.184+0800: 217160.465: [GC (Allocation Failure) 2023-10-21T06:10:18.184+0800: 217160.466: [ParNew: 8802416K->936999K(9175040K), 0.1794789 secs] 43494492K->35645936K(65798144K), 0.1798519 secs] [Times: user=1.55 sys=1.45, real=0.18 secs] 
2023-10-21T06:10:41.387+0800: 217183.668: [GC (Allocation Failure) 2023-10-21T06:10:41.387+0800: 217183.668: [ParNew: 8801319K->1050690K(9175040K), 0.1498043 secs] 43510256K->35770054K(65798144K), 0.1501294 secs] [Times: user=1.83 sys=0.66, real=0.15 secs] 
2023-10-21T06:11:05.296+0800: 217207.577: [GC (Allocation Failure) 2023-10-21T06:11:05.296+0800: 217207.577: [ParNew: 8915010K->1013511K(9175040K), 0.1949697 secs] 43634374K->35738641K(65798144K), 0.1954105 secs] [Times: user=1.47 sys=1.84, real=0.19 secs] 
2023-10-21T06:11:32.029+0800: 217234.310: [GC (Allocation Failure) 2023-10-21T06:11:32.029+0800: 217234.310: [ParNew: 8877831K->1008547K(9175040K), 0.1340015 secs] 43602961K->35739154K(65798144K), 0.1343406 secs] [Times: user=1.45 sys=0.77, real=0.13 secs] 
2023-10-21T06:11:54.024+0800: 217256.305: [GC (Allocation Failure) 2023-10-21T06:11:54.024+0800: 217256.305: [ParNew: 8872867K->920616K(9175040K), 0.2010191 secs] 43603474K->35657284K(65798144K), 0.2013748 secs] [Times: user=1.53 sys=1.88, real=0.20 secs] 
2023-10-21T06:12:15.178+0800: 217277.459: [GC (Allocation Failure) 2023-10-21T06:12:15.178+0800: 217277.459: [ParNew: 8784936K->959916K(9175040K), 0.1305694 secs] 43521604K->35702860K(65798144K), 0.1309074 secs] [Times: user=1.54 sys=0.61, real=0.13 secs] 
2023-10-21T06:12:36.222+0800: 217298.503: [GC (Allocation Failure) 2023-10-21T06:12:36.222+0800: 217298.503: [ParNew: 8824236K->965947K(9175040K), 0.1805254 secs] 43567180K->35714855K(65798144K), 0.1808799 secs] [Times: user=1.74 sys=1.31, real=0.18 secs] 
2023-10-21T06:12:57.585+0800: 217319.866: [GC (Allocation Failure) 2023-10-21T06:12:57.585+0800: 217319.866: [ParNew: 8830267K->970390K(9175040K), 0.1593061 secs] 43579175K->35728512K(65798144K), 0.1596729 secs] [Times: user=1.76 sys=0.90, real=0.16 secs] 
2023-10-21T06:13:21.855+0800: 217344.137: [GC (Allocation Failure) 2023-10-21T06:13:21.856+0800: 217344.137: [ParNew: 8834710K->937459K(9175040K), 0.1784941 secs] 43592832K->35703367K(65798144K), 0.1789262 secs] [Times: user=1.35 sys=1.66, real=0.18 secs] 
2023-10-21T06:13:48.048+0800: 217370.329: [GC (Allocation Failure) 2023-10-21T06:13:48.048+0800: 217370.329: [ParNew: 8801779K->1012001K(9175040K), 0.1692526 secs] 43567687K->35784089K(65798144K), 0.1695864 secs] [Times: user=1.74 sys=1.11, real=0.17 secs] 
2023-10-21T06:14:11.540+0800: 217393.821: [GC (Allocation Failure) 2023-10-21T06:14:11.540+0800: 217393.822: [ParNew: 8876321K->973691K(9175040K), 0.1955778 secs] 43648409K->35751975K(65798144K), 0.1959673 secs] [Times: user=1.54 sys=1.78, real=0.20 secs] 
2023-10-21T06:14:38.314+0800: 217420.595: [GC (Allocation Failure) 2023-10-21T06:14:38.314+0800: 217420.596: [ParNew: 8838011K->973381K(9175040K), 0.1396469 secs] 43616295K->35757944K(65798144K), 0.1399959 secs] [Times: user=1.56 sys=0.76, real=0.14 secs] 
2023-10-21T06:15:03.090+0800: 217445.371: [GC (Allocation Failure) 2023-10-21T06:15:03.090+0800: 217445.372: [ParNew: 8837701K->962351K(9175040K), 0.1842490 secs] 43622264K->35753202K(65798144K), 0.1845981 secs] [Times: user=1.40 sys=1.72, real=0.18 secs] 
2023-10-21T06:15:33.867+0800: 217476.148: [GC (Allocation Failure) 2023-10-21T06:15:33.867+0800: 217476.148: [ParNew: 8826671K->958779K(9175040K), 0.1355316 secs] 43617522K->35755563K(65798144K), 0.1359158 secs] [Times: user=1.43 sys=0.68, real=0.13 secs] 
2023-10-21T06:16:03.238+0800: 217505.520: [GC (Allocation Failure) 2023-10-21T06:16:03.239+0800: 217505.520: [ParNew: 8823099K->903586K(9175040K), 0.1857581 secs] 43619883K->35700370K(65798144K), 0.1860871 secs] [Times: user=1.45 sys=1.68, real=0.18 secs] 
2023-10-21T06:16:36.274+0800: 217538.555: [GC (Allocation Failure) 2023-10-21T06:16:36.274+0800: 217538.556: [ParNew: 8767906K->893531K(9175040K), 0.2151794 secs] 43564690K->35690315K(65798144K), 0.2155075 secs] [Times: user=1.46 sys=2.23, real=0.22 secs] 
2023-10-21T06:17:09.020+0800: 217571.302: [GC (Allocation Failure) 2023-10-21T06:17:09.021+0800: 217571.302: [ParNew: 8757851K->918116K(9175040K), 0.1348160 secs] 43554635K->35721053K(65798144K), 0.1351703 secs] [Times: user=1.37 sys=0.86, real=0.13 secs] 
2023-10-21T06:17:39.878+0800: 217602.160: [GC (Allocation Failure) 2023-10-21T06:17:39.879+0800: 217602.160: [ParNew: 8782436K->855023K(9175040K), 0.1897263 secs] 43585373K->35664096K(65798144K), 0.1900398 secs] [Times: user=1.40 sys=1.82, real=0.19 secs] 
2023-10-21T06:18:05.875+0800: 217628.156: [GC (Allocation Failure) 2023-10-21T06:18:05.875+0800: 217628.156: [ParNew: 8719343K->826979K(9175040K), 0.1932667 secs] 43528416K->35642500K(65798144K), 0.1935951 secs] [Times: user=1.33 sys=1.95, real=0.20 secs] 
2023-10-21T06:18:31.278+0800: 217653.559: [GC (Allocation Failure) 2023-10-21T06:18:31.278+0800: 217653.559: [ParNew: 8691299K->845360K(9175040K), 0.1348454 secs] 43506820K->35666732K(65798144K), 0.1351968 secs] [Times: user=1.42 sys=0.81, real=0.13 secs] 
2023-10-21T06:18:55.844+0800: 217678.125: [GC (Allocation Failure) 2023-10-21T06:18:55.844+0800: 217678.125: [ParNew: 8709680K->807335K(9175040K), 0.1985463 secs] 43531052K->35634553K(65798144K), 0.1988883 secs] [Times: user=1.62 sys=1.76, real=0.20 secs] 
2023-10-21T06:19:22.600+0800: 217704.881: [GC (Allocation Failure) 2023-10-21T06:19:22.600+0800: 217704.881: [ParNew: 8671655K->842197K(9175040K), 0.1316301 secs] 43498873K->35675150K(65798144K), 0.1319695 secs] [Times: user=1.69 sys=0.49, real=0.13 secs] 
2023-10-21T06:19:44.269+0800: 217726.550: [GC (Allocation Failure) 2023-10-21T06:19:44.269+0800: 217726.550: [ParNew: 8706517K->825537K(9175040K), 0.1781294 secs] 43539470K->35664319K(65798144K), 0.1784436 secs] [Times: user=1.63 sys=1.38, real=0.18 secs] 
2023-10-21T06:20:05.978+0800: 217748.259: [GC (Allocation Failure) 2023-10-21T06:20:05.978+0800: 217748.260: [ParNew: 8689857K->851376K(9175040K), 0.1301299 secs] 43528639K->35696420K(65798144K), 0.1304734 secs] [Times: user=1.58 sys=0.60, real=0.13 secs] 
2023-10-21T06:20:27.792+0800: 217770.073: [GC (Allocation Failure) 2023-10-21T06:20:27.792+0800: 217770.073: [ParNew: 8715696K->888474K(9175040K), 0.2044109 secs] 43560740K->35739938K(65798144K), 0.2048000 secs] [Times: user=1.84 sys=1.63, real=0.21 secs] 
2023-10-21T06:20:48.379+0800: 217790.660: [GC (Allocation Failure) 2023-10-21T06:20:48.379+0800: 217790.660: [ParNew: 8752794K->872239K(9175040K), 0.1220497 secs] 43604258K->35729852K(65798144K), 0.1223986 secs] [Times: user=1.46 sys=0.55, real=0.12 secs] 
2023-10-21T06:21:08.694+0800: 217810.976: [GC (Allocation Failure) 2023-10-21T06:21:08.695+0800: 217810.976: [ParNew: 8736559K->859662K(9175040K), 0.1844692 secs] 43594172K->35723754K(65798144K), 0.1848221 secs] [Times: user=1.54 sys=1.58, real=0.19 secs] 
2023-10-21T06:21:33.675+0800: 217835.957: [GC (Allocation Failure) 2023-10-21T06:21:33.676+0800: 217835.957: [ParNew: 8723982K->875143K(9175040K), 0.1323069 secs] 43588074K->35745643K(65798144K), 0.1326402 secs] [Times: user=1.83 sys=0.50, real=0.14 secs] 
2023-10-21T06:21:57.739+0800: 217860.020: [GC (Allocation Failure) 2023-10-21T06:21:57.739+0800: 217860.021: [ParNew: 8739463K->853450K(9175040K), 0.1986412 secs] 43609963K->35730748K(65798144K), 0.1990314 secs] [Times: user=1.59 sys=1.78, real=0.20 secs] 
2023-10-21T06:22:22.616+0800: 217884.897: [GC (Allocation Failure) 2023-10-21T06:22:22.616+0800: 217884.897: [ParNew: 8717770K->1032947K(9175040K), 0.1425673 secs] 43595068K->35930788K(65798144K), 0.1429461 secs] [Times: user=1.61 sys=0.71, real=0.15 secs] 
2023-10-21T06:22:43.111+0800: 217905.392: [GC (Allocation Failure) 2023-10-21T06:22:43.111+0800: 217905.392: [ParNew: 8897267K->887391K(9175040K), 0.1900094 secs] 43795108K->35792114K(65798144K), 0.1903891 secs] [Times: user=1.77 sys=1.45, real=0.19 secs] 
2023-10-21T06:23:03.041+0800: 217925.322: [GC (Allocation Failure) 2023-10-21T06:23:03.041+0800: 217925.323: [ParNew: 8751711K->1085641K(9175040K), 0.1267676 secs] 43656434K->36001153K(65798144K), 0.1271563 secs] [Times: user=1.57 sys=0.51, real=0.13 secs] 
2023-10-21T06:23:22.079+0800: 217944.360: [GC (Allocation Failure) 2023-10-21T06:23:22.079+0800: 217944.361: [ParNew: 8949961K->981848K(9175040K), 0.2100905 secs] 43865473K->35919806K(65798144K), 0.2105435 secs] [Times: user=1.65 sys=1.88, real=0.21 secs] 
2023-10-21T06:23:41.213+0800: 217963.495: [GC (Allocation Failure) 2023-10-21T06:23:41.214+0800: 217963.495: [ParNew: 8846168K->1095942K(9175040K), 0.1372581 secs] 43784126K->36066566K(65798144K), 0.1376174 secs] [Times: user=1.59 sys=0.60, real=0.14 secs] 
2023-10-21T06:23:59.888+0800: 217982.169: [GC (Allocation Failure) 2023-10-21T06:23:59.888+0800: 217982.169: [ParNew: 8960262K->906851K(9175040K), 0.1863668 secs] 43930886K->35920315K(65798144K), 0.1867669 secs] [Times: user=1.98 sys=1.06, real=0.18 secs] 
2023-10-21T06:24:18.283+0800: 218000.565: [GC (Allocation Failure) 2023-10-21T06:24:18.283+0800: 218000.565: [ParNew: 8771171K->1018543K(9175040K), 0.1619507 secs] 43784635K->36080715K(65798144K), 0.1623148 secs] [Times: user=1.53 sys=1.06, real=0.16 secs] 
2023-10-21T06:24:38.197+0800: 218020.478: [GC (Allocation Failure) 2023-10-21T06:24:38.197+0800: 218020.478: [ParNew: 8882863K->1015639K(9175040K), 0.1348827 secs] 43945035K->36126793K(65798144K), 0.1353145 secs] [Times: user=1.82 sys=0.30, real=0.13 secs] 
2023-10-21T06:24:58.217+0800: 218040.498: [GC (Allocation Failure) 2023-10-21T06:24:58.217+0800: 218040.499: [ParNew: 8879959K->975232K(9175040K), 0.1986461 secs] 43991113K->36135527K(65798144K), 0.1990181 secs] [Times: user=1.67 sys=1.60, real=0.20 secs] 
2023-10-21T06:25:20.187+0800: 218062.468: [GC (Allocation Failure) 2023-10-21T06:25:20.187+0800: 218062.468: [ParNew: 8839552K->1008602K(9175040K), 0.1251448 secs] 43999847K->36217068K(65798144K), 0.1254922 secs] [Times: user=1.60 sys=0.35, real=0.12 secs] 
2023-10-21T06:25:44.572+0800: 218086.853: [GC (Allocation Failure) 2023-10-21T06:25:44.572+0800: 218086.853: [ParNew: 8872922K->1078239K(9175040K), 0.1909494 secs] 44081388K->36334832K(65798144K), 0.1913276 secs] [Times: user=1.70 sys=1.36, real=0.19 secs] 
2023-10-21T06:26:05.918+0800: 218108.200: [GC (Allocation Failure) 2023-10-21T06:26:05.919+0800: 218108.200: [ParNew: 8942559K->1037556K(9175040K), 0.1260040 secs] 44199152K->36342806K(65798144K), 0.1263635 secs] [Times: user=1.66 sys=0.30, real=0.12 secs] 
2023-10-21T06:26:25.767+0800: 218128.048: [GC (Allocation Failure) 2023-10-21T06:26:25.767+0800: 218128.048: [ParNew: 8901876K->1030928K(9175040K), 0.1826972 secs] 44207126K->36384251K(65798144K), 0.1830290 secs] [Times: user=1.45 sys=1.50, real=0.18 secs] 
2023-10-21T06:26:46.278+0800: 218148.559: [GC (Allocation Failure) 2023-10-21T06:26:46.278+0800: 218148.559: [ParNew: 8895248K->989526K(9175040K), 0.1288842 secs] 44248571K->36390298K(65798144K), 0.1292981 secs] [Times: user=1.64 sys=0.37, real=0.13 secs] 
2023-10-21T06:27:05.758+0800: 218168.039: [GC (Allocation Failure) 2023-10-21T06:27:05.758+0800: 218168.039: [ParNew: 8853846K->986302K(9175040K), 0.1905761 secs] 44254618K->36434224K(65798144K), 0.1909515 secs] [Times: user=1.77 sys=1.34, real=0.19 secs] 
2023-10-21T06:27:26.545+0800: 218188.827: [GC (Allocation Failure) 2023-10-21T06:27:26.546+0800: 218188.827: [ParNew: 8850622K->1096790K(9175040K), 0.1310420 secs] 44298544K->36592749K(65798144K), 0.1314580 secs] [Times: user=1.49 sys=0.53, real=0.14 secs] 
2023-10-21T06:27:46.037+0800: 218208.318: [GC (Allocation Failure) 2023-10-21T06:27:46.037+0800: 218208.318: [ParNew: 8961110K->798031K(9175040K), 0.1918396 secs] 44457069K->36341354K(65798144K), 0.1922123 secs] [Times: user=1.66 sys=1.48, real=0.19 secs] 
2023-10-21T06:28:05.682+0800: 218227.964: [GC (Allocation Failure) 2023-10-21T06:28:05.683+0800: 218227.964: [ParNew: 8662351K->1119311K(9175040K), 0.1367939 secs] 44205674K->36662634K(65798144K), 0.1371499 secs] [Times: user=1.61 sys=0.67, real=0.14 secs] 
2023-10-21T06:28:26.077+0800: 218248.358: [GC (Allocation Failure) 2023-10-21T06:28:26.077+0800: 218248.358: [ParNew: 8983631K->970939K(9175040K), 0.1615799 secs] 44526954K->36554101K(65798144K), 0.1619557 secs] [Times: user=1.73 sys=0.88, real=0.16 secs] 
2023-10-21T06:28:45.379+0800: 218267.660: [GC (Allocation Failure) 2023-10-21T06:28:45.379+0800: 218267.660: [ParNew: 8835259K->1075340K(9175040K), 0.1568506 secs] 44418421K->36696510K(65798144K), 0.1572725 secs] [Times: user=1.58 sys=0.97, real=0.16 secs] 
2023-10-21T06:29:04.597+0800: 218286.878: [GC (Allocation Failure) 2023-10-21T06:29:04.597+0800: 218286.878: [ParNew: 8939660K->1044869K(9175040K), 0.1272301 secs] 44560830K->36702803K(65798144K), 0.1276006 secs] [Times: user=1.70 sys=0.45, real=0.12 secs] 
2023-10-21T06:29:23.101+0800: 218305.382: [GC (Allocation Failure) 2023-10-21T06:29:23.101+0800: 218305.382: [ParNew: 8909189K->1007878K(9175040K), 0.1850066 secs] 44567123K->36702912K(65798144K), 0.1853790 secs] [Times: user=1.32 sys=1.60, real=0.19 secs] 
2023-10-21T06:29:42.147+0800: 218324.429: [GC (Allocation Failure) 2023-10-21T06:29:42.148+0800: 218324.429: [ParNew: 8872198K->1083487K(9175040K), 0.1285082 secs] 44567232K->36817430K(65798144K), 0.1288902 secs] [Times: user=1.27 sys=0.75, real=0.13 secs] 
2023-10-21T06:30:01.508+0800: 218343.789: [GC (Allocation Failure) 2023-10-21T06:30:01.508+0800: 218343.789: [ParNew: 8947807K->1009285K(9175040K), 0.2010182 secs] 44681750K->36784356K(65798144K), 0.2013975 secs] [Times: user=1.60 sys=1.72, real=0.20 secs] 
2023-10-21T06:30:17.907+0800: 218360.188: [GC (Allocation Failure) 2023-10-21T06:30:17.907+0800: 218360.189: [ParNew: 8873605K->1088166K(9175040K), 0.1368606 secs] 44648676K->36910281K(65798144K), 0.1372220 secs] [Times: user=1.69 sys=0.46, real=0.13 secs] 
2023-10-21T06:30:37.261+0800: 218379.542: [GC (Allocation Failure) 2023-10-21T06:30:37.261+0800: 218379.542: [ParNew: 8952486K->1088098K(9175040K), 0.1560126 secs] 44774601K->36958110K(65798144K), 0.1564800 secs] [Times: user=1.92 sys=0.57, real=0.16 secs] 
2023-10-21T06:30:56.207+0800: 218398.488: [GC (Allocation Failure) 2023-10-21T06:30:56.207+0800: 218398.488: [ParNew: 8952418K->1087103K(9175040K), 0.1614624 secs] 44822430K->37002977K(65798144K), 0.1618433 secs] [Times: user=1.61 sys=0.99, real=0.16 secs] 
2023-10-21T06:31:15.088+0800: 218417.369: [GC (Allocation Failure) 2023-10-21T06:31:15.088+0800: 218417.370: [ParNew: 8951423K->1011787K(9175040K), 0.1256383 secs] 44867297K->36974817K(65798144K), 0.1260569 secs] [Times: user=1.71 sys=0.25, real=0.12 secs] 
2023-10-21T06:31:33.949+0800: 218436.230: [GC (Allocation Failure) 2023-10-21T06:31:33.949+0800: 218436.230: [ParNew: 8876107K->1204221K(9175040K), 0.1846050 secs] 44839137K->37215016K(65798144K), 0.1849898 secs] [Times: user=1.56 sys=1.44, real=0.18 secs] 
2023-10-21T06:31:53.045+0800: 218455.327: [GC (Allocation Failure) 2023-10-21T06:31:53.046+0800: 218455.327: [ParNew: 9068541K->849925K(9175040K), 0.1348371 secs] 45079336K->36907192K(65798144K), 0.1352598 secs] [Times: user=1.68 sys=0.45, real=0.14 secs] 
2023-10-21T06:32:12.302+0800: 218474.583: [GC (Allocation Failure) 2023-10-21T06:32:12.302+0800: 218474.583: [ParNew: 8714245K->1092396K(9175040K), 0.2018716 secs] 44771512K->37196121K(65798144K), 0.2022596 secs] [Times: user=1.86 sys=1.43, real=0.20 secs] 
2023-10-21T06:32:30.545+0800: 218492.826: [GC (Allocation Failure) 2023-10-21T06:32:30.545+0800: 218492.826: [ParNew: 8956716K->1178080K(9175040K), 0.1335142 secs] 45060441K->37328505K(65798144K), 0.1338743 secs] [Times: user=1.28 sys=0.81, real=0.14 secs] 
2023-10-21T06:32:49.536+0800: 218511.818: [GC (Allocation Failure) 2023-10-21T06:32:49.537+0800: 218511.818: [ParNew: 9042400K->867625K(9175040K), 0.1599173 secs] 45192825K->37065414K(65798144K), 0.1603722 secs] [Times: user=1.90 sys=0.67, real=0.16 secs] 
2023-10-21T06:33:08.019+0800: 218530.301: [GC (Allocation Failure) 2023-10-21T06:33:08.020+0800: 218530.301: [ParNew: 8731945K->1056191K(9175040K), 0.1555829 secs] 44929734K->37300755K(65798144K), 0.1560183 secs] [Times: user=1.45 sys=1.06, real=0.15 secs] 
2023-10-21T06:33:27.351+0800: 218549.632: [GC (Allocation Failure) 2023-10-21T06:33:27.351+0800: 218549.633: [ParNew: 8920511K->1101274K(9175040K), 0.1243785 secs] 45165075K->37393131K(65798144K), 0.1247687 secs] [Times: user=1.65 sys=0.30, real=0.13 secs] 
2023-10-21T06:33:45.590+0800: 218567.871: [GC (Allocation Failure) 2023-10-21T06:33:45.590+0800: 218567.872: [ParNew: 8965594K->1121772K(9175040K), 0.1751476 secs] 45257451K->37460571K(65798144K), 0.1755848 secs] [Times: user=1.75 sys=1.10, real=0.18 secs] 
2023-10-21T06:34:03.848+0800: 218586.130: [GC (Allocation Failure) 2023-10-21T06:34:03.849+0800: 218586.130: [ParNew: 8986092K->1010454K(9175040K), 0.1263865 secs] 45324891K->37396876K(65798144K), 0.1267687 secs] [Times: user=1.61 sys=0.36, real=0.12 secs] 
2023-10-21T06:34:22.042+0800: 218604.323: [GC (Allocation Failure) 2023-10-21T06:34:22.042+0800: 218604.324: [ParNew: 8874774K->1166891K(9175040K), 0.1856963 secs] 45261196K->37600970K(65798144K), 0.1860776 secs] [Times: user=1.63 sys=1.40, real=0.19 secs] 
2023-10-21T06:34:40.026+0800: 218622.308: [GC (Allocation Failure) 2023-10-21T06:34:40.027+0800: 218622.308: [ParNew: 9031211K->874701K(9175040K), 0.1391107 secs] 45465290K->37355500K(65798144K), 0.1394865 secs] [Times: user=1.58 sys=0.61, real=0.14 secs] 
2023-10-21T06:34:58.434+0800: 218640.716: [GC (Allocation Failure) 2023-10-21T06:34:58.435+0800: 218640.716: [ParNew: 8739021K->1091932K(9175040K), 0.1637440 secs] 45219820K->37619771K(65798144K), 0.1641207 secs] [Times: user=1.52 sys=1.12, real=0.17 secs] 
2023-10-21T06:35:16.315+0800: 218658.596: [GC (Allocation Failure) 2023-10-21T06:35:16.315+0800: 218658.597: [ParNew: 8956252K->1176456K(9175040K), 0.1646980 secs] 45484091K->37751883K(65798144K), 0.1651258 secs] [Times: user=1.67 sys=0.99, real=0.17 secs] 
2023-10-21T06:35:34.638+0800: 218676.919: [GC (Allocation Failure) 2023-10-21T06:35:34.638+0800: 218676.919: [ParNew: 9040776K->914057K(9175040K), 0.1350165 secs] 45616203K->37537189K(65798144K), 0.1353794 secs] [Times: user=1.76 sys=0.36, real=0.13 secs] 
2023-10-21T06:35:52.694+0800: 218694.976: [GC (Allocation Failure) 2023-10-21T06:35:52.695+0800: 218694.976: [ParNew: 8778377K->1076922K(9175040K), 0.1916020 secs] 45401509K->37794816K(65798144K), 0.1920376 secs] [Times: user=1.86 sys=1.15, real=0.20 secs] 
2023-10-21T06:36:10.985+0800: 218713.266: [GC (Allocation Failure) 2023-10-21T06:36:10.985+0800: 218713.266: [ParNew: 8941242K->1069270K(9175040K), 0.1291786 secs] 45659136K->37834500K(65798144K), 0.1295311 secs] [Times: user=1.56 sys=0.45, real=0.13 secs] 
2023-10-21T06:36:29.476+0800: 218731.757: [GC (Allocation Failure) 2023-10-21T06:36:29.476+0800: 218731.758: [ParNew: 8933590K->1036578K(9175040K), 0.2026144 secs] 45698820K->37848550K(65798144K), 0.2030081 secs] [Times: user=2.04 sys=1.29, real=0.20 secs] 
2023-10-21T06:36:47.868+0800: 218750.149: [GC (Allocation Failure) 2023-10-21T06:36:47.868+0800: 218750.149: [ParNew: 8900898K->1001608K(9175040K), 0.1334618 secs] 45712870K->37860621K(65798144K), 0.1338073 secs] [Times: user=1.55 sys=0.54, real=0.13 secs] 
2023-10-21T06:37:06.415+0800: 218768.696: [GC (Allocation Failure) 2023-10-21T06:37:06.415+0800: 218768.697: [ParNew: 8865928K->966357K(9175040K), 0.1588566 secs] 45724941K->37872469K(65798144K), 0.1592952 secs] [Times: user=1.87 sys=0.85, real=0.16 secs] 
2023-10-21T06:37:24.530+0800: 218786.811: [GC (Allocation Failure) 2023-10-21T06:37:24.530+0800: 218786.811: [ParNew: 8830677K->930231K(9175040K), 0.1546583 secs] 45736789K->37883517K(65798144K), 0.1550820 secs] [Times: user=1.58 sys=0.91, real=0.15 secs] 
2023-10-21T06:37:43.290+0800: 218805.571: [GC (Allocation Failure) 2023-10-21T06:37:43.290+0800: 218805.572: [ParNew: 8794551K->1079584K(9175040K), 0.1281213 secs] 45747837K->38080015K(65798144K), 0.1284893 secs] [Times: user=1.65 sys=0.35, real=0.13 secs] 
2023-10-21T06:38:01.591+0800: 218823.872: [GC (Allocation Failure) 2023-10-21T06:38:01.591+0800: 218823.872: [ParNew: 8943904K->1081183K(9175040K), 0.1915329 secs] 45944335K->38128754K(65798144K), 0.1920051 secs] [Times: user=1.88 sys=1.26, real=0.19 secs] 
2023-10-21T06:38:20.815+0800: 218843.097: [GC (Allocation Failure) 2023-10-21T06:38:20.816+0800: 218843.097: [ParNew: 8945503K->933630K(9175040K), 0.1428500 secs] 45993074K->38028320K(65798144K), 0.1432362 secs] [Times: user=1.72 sys=0.56, real=0.15 secs] 
2023-10-21T06:38:40.053+0800: 218862.334: [GC (Allocation Failure) 2023-10-21T06:38:40.053+0800: 218862.334: [ParNew: 8797950K->1097740K(9175040K), 0.1920610 secs] 45892640K->38192430K(65798144K), 0.1924875 secs] [Times: user=1.56 sys=1.69, real=0.19 secs] 
2023-10-21T06:38:58.321+0800: 218880.602: [GC (Allocation Failure) 2023-10-21T06:38:58.321+0800: 218880.603: [ParNew: 8962060K->1228282K(9175040K), 0.1357446 secs] 46056750K->38370066K(65798144K), 0.1361219 secs] [Times: user=1.60 sys=0.54, real=0.14 secs] 
2023-10-21T06:39:16.816+0800: 218899.097: [GC (Allocation Failure) 2023-10-21T06:39:16.816+0800: 218899.097: [ParNew: 9092602K->872896K(9175040K), 0.1697722 secs] 46234386K->38108885K(65798144K), 0.1701721 secs] [Times: user=1.84 sys=0.80, real=0.18 secs] 
2023-10-21T06:39:35.778+0800: 218918.059: [GC (Allocation Failure) 2023-10-21T06:39:35.778+0800: 218918.059: [ParNew: 8737216K->1068251K(9175040K), 0.1656866 secs] 45973205K->38351345K(65798144K), 0.1660708 secs] [Times: user=1.71 sys=0.98, real=0.16 secs] 
2023-10-21T06:39:55.214+0800: 218937.495: [GC (Allocation Failure) 2023-10-21T06:39:55.214+0800: 218937.496: [ParNew: 8932571K->999749K(9175040K), 0.1346569 secs] 46215665K->38329979K(65798144K), 0.1350441 secs] [Times: user=1.62 sys=0.51, real=0.14 secs] 
2023-10-21T06:40:13.687+0800: 218955.969: [GC (Allocation Failure) 2023-10-21T06:40:13.688+0800: 218955.969: [ParNew: 8864069K->1053246K(9175040K), 0.1784553 secs] 46194299K->38430663K(65798144K), 0.1788945 secs] [Times: user=1.87 sys=1.05, real=0.18 secs] 
2023-10-21T06:40:32.841+0800: 218975.122: [GC (Allocation Failure) 2023-10-21T06:40:32.841+0800: 218975.122: [ParNew: 8917566K->985491K(9175040K), 0.1280725 secs] 46294983K->38410355K(65798144K), 0.1285085 secs] [Times: user=1.61 sys=0.40, real=0.13 secs] 
2023-10-21T06:40:51.657+0800: 218993.938: [GC (Allocation Failure) 2023-10-21T06:40:51.657+0800: 218993.938: [ParNew: 8849811K->987157K(9175040K), 0.1956980 secs] 46274675K->38459823K(65798144K), 0.1960896 secs] [Times: user=1.82 sys=1.39, real=0.19 secs] 
2023-10-21T06:41:10.364+0800: 219012.645: [GC (Allocation Failure) 2023-10-21T06:41:10.364+0800: 219012.645: [ParNew: 8851477K->914897K(9175040K), 0.1341640 secs] 46324143K->38435265K(65798144K), 0.1345552 secs] [Times: user=1.72 sys=0.53, real=0.14 secs] 
2023-10-21T06:41:28.960+0800: 219031.241: [GC (Allocation Failure) 2023-10-21T06:41:28.960+0800: 219031.241: [ParNew: 8779217K->913294K(9175040K), 0.1761577 secs] 46299585K->38480983K(65798144K), 0.1766166 secs] [Times: user=1.85 sys=1.00, real=0.18 secs] 
2023-10-21T06:41:48.048+0800: 219050.329: [GC (Allocation Failure) 2023-10-21T06:41:48.048+0800: 219050.329: [ParNew: 8777614K->985390K(9175040K), 0.1651474 secs] 46345303K->38600681K(65798144K), 0.1655740 secs] [Times: user=1.65 sys=0.75, real=0.16 secs] 
2023-10-21T06:42:07.056+0800: 219069.337: [GC (Allocation Failure) 2023-10-21T06:42:07.056+0800: 219069.337: [ParNew: 8849710K->1058183K(9175040K), 0.1244227 secs] 46465001K->38721020K(65798144K), 0.1248023 secs] [Times: user=1.33 sys=0.61, real=0.12 secs] 
2023-10-21T06:42:25.583+0800: 219087.864: [GC (Allocation Failure) 2023-10-21T06:42:25.583+0800: 219087.865: [ParNew: 8922503K->1131559K(9175040K), 0.1791504 secs] 46585340K->38841939K(65798144K), 0.1795566 secs] [Times: user=1.88 sys=1.22, real=0.18 secs] 
2023-10-21T06:42:45.672+0800: 219107.953: [GC (Allocation Failure) 2023-10-21T06:42:45.672+0800: 219107.953: [ParNew: 8995879K->798636K(9175040K), 0.1356933 secs] 46706259K->38556517K(65798144K), 0.1360838 secs] [Times: user=1.69 sys=0.45, real=0.14 secs] 
2023-10-21T06:43:05.403+0800: 219127.684: [GC (Allocation Failure) 2023-10-21T06:43:05.403+0800: 219127.684: [ParNew: 8662956K->1126797K(9175040K), 0.1856597 secs] 46420837K->38932171K(65798144K), 0.1860445 secs] [Times: user=1.66 sys=1.38, real=0.19 secs] 
2023-10-21T06:43:24.586+0800: 219146.867: [GC (Allocation Failure) 2023-10-21T06:43:24.586+0800: 219146.867: [ParNew: 8991117K->814946K(9175040K), 0.1296855 secs] 46796491K->38667835K(65798144K), 0.1300794 secs] [Times: user=1.24 sys=0.79, real=0.13 secs] 
2023-10-21T06:43:43.595+0800: 219165.876: [GC (Allocation Failure) 2023-10-21T06:43:43.595+0800: 219165.877: [ParNew: 8679266K->1023526K(9175040K), 0.1815323 secs] 46532155K->38923906K(65798144K), 0.1820312 secs] [Times: user=1.35 sys=1.61, real=0.19 secs] 
2023-10-21T06:44:03.141+0800: 219185.422: [GC (Allocation Failure) 2023-10-21T06:44:03.141+0800: 219185.422: [ParNew: 8887846K->1038468K(9175040K), 0.1526268 secs] 46788226K->38986442K(65798144K), 0.1530565 secs] [Times: user=1.91 sys=0.46, real=0.15 secs] 
2023-10-21T06:44:22.234+0800: 219204.515: [GC (Allocation Failure) 2023-10-21T06:44:22.234+0800: 219204.515: [ParNew: 8902788K->987245K(9175040K), 0.1606417 secs] 46850762K->38982732K(65798144K), 0.1610328 secs] [Times: user=1.45 sys=1.14, real=0.16 secs] 
2023-10-21T06:44:41.420+0800: 219223.701: [GC (Allocation Failure) 2023-10-21T06:44:41.420+0800: 219223.702: [ParNew: 8851565K->957167K(9175040K), 0.1595352 secs] 46847052K->39000216K(65798144K), 0.1599081 secs] [Times: user=2.02 sys=0.56, real=0.16 secs] 
2023-10-21T06:45:00.914+0800: 219243.195: [GC (Allocation Failure) 2023-10-21T06:45:00.914+0800: 219243.195: [ParNew: 8821487K->922665K(9175040K), 0.1345311 secs] 46864536K->39013243K(65798144K), 0.1349256 secs] [Times: user=1.60 sys=0.53, real=0.14 secs] 
2023-10-21T06:45:17.906+0800: 219260.187: [GC (Allocation Failure) 2023-10-21T06:45:17.906+0800: 219260.187: [ParNew: 8786985K->1110106K(9175040K), 0.1857610 secs] 46877563K->39248068K(65798144K), 0.1861689 secs] [Times: user=2.02 sys=1.21, real=0.18 secs] 
2023-10-21T06:45:36.282+0800: 219278.563: [GC (Allocation Failure) 2023-10-21T06:45:36.282+0800: 219278.564: [ParNew: 8974426K->1149004K(9175040K), 0.1398111 secs] 47112388K->39334316K(65798144K), 0.1401928 secs] [Times: user=1.72 sys=0.51, real=0.14 secs] 
2023-10-21T06:45:55.236+0800: 219297.517: [GC (Allocation Failure) 2023-10-21T06:45:55.236+0800: 219297.517: [ParNew: 9013324K->834198K(9175040K), 0.2034407 secs] 47198636K->39067131K(65798144K), 0.2038485 secs] [Times: user=1.84 sys=1.49, real=0.20 secs] 
2023-10-21T06:46:14.192+0800: 219316.473: [GC (Allocation Failure) 2023-10-21T06:46:14.192+0800: 219316.473: [ParNew: 8698518K->1075667K(9175040K), 0.1314051 secs] 46931451K->39355989K(65798144K), 0.1318530 secs] [Times: user=1.57 sys=0.49, real=0.13 secs] 
2023-10-21T06:46:32.597+0800: 219334.879: [GC (Allocation Failure) 2023-10-21T06:46:32.598+0800: 219334.879: [ParNew: 8939987K->1085146K(9175040K), 0.1176361 secs] 47220309K->39412967K(65798144K), 0.1180690 secs] [Times: user=1.41 sys=0.41, real=0.11 secs] 
2023-10-21T06:46:50.913+0800: 219353.194: [GC (Allocation Failure) 2023-10-21T06:46:50.913+0800: 219353.195: [ParNew: 8949466K->994419K(9175040K), 0.1715873 secs] 47277287K->39370627K(65798144K), 0.1720248 secs] [Times: user=1.78 sys=1.18, real=0.17 secs] 
2023-10-21T06:47:09.716+0800: 219371.998: [GC (Allocation Failure) 2023-10-21T06:47:09.717+0800: 219371.998: [ParNew: 8858739K->959493K(9175040K), 0.1252500 secs] 47234947K->39383551K(65798144K), 0.1256294 secs] [Times: user=1.58 sys=0.37, real=0.12 secs] 
2023-10-21T06:47:28.649+0800: 219390.930: [GC (Allocation Failure) 2023-10-21T06:47:28.649+0800: 219390.930: [ParNew: 8823813K->993771K(9175040K), 0.1873645 secs] 47247871K->39465727K(65798144K), 0.1878117 secs] [Times: user=1.78 sys=1.28, real=0.19 secs] 
2023-10-21T06:47:47.115+0800: 219409.397: [GC (Allocation Failure) 2023-10-21T06:47:47.116+0800: 219409.397: [ParNew: 8858091K->991346K(9175040K), 0.1362780 secs] 47330047K->39511194K(65798144K), 0.1366489 secs] [Times: user=1.56 sys=0.60, real=0.14 secs] 
2023-10-21T06:48:05.761+0800: 219428.042: [GC (Allocation Failure) 2023-10-21T06:48:05.761+0800: 219428.042: [ParNew: 8855666K->1061377K(9175040K), 0.1880218 secs] 47375514K->39629317K(65798144K), 0.1886035 secs] [Times: user=1.49 sys=1.49, real=0.19 secs] 
2023-10-21T06:48:24.628+0800: 219446.909: [GC (Allocation Failure) 2023-10-21T06:48:24.628+0800: 219446.909: [ParNew: 8925697K->1023210K(9175040K), 0.1560650 secs] 47493637K->39639230K(65798144K), 0.1564134 secs] [Times: user=1.60 sys=0.83, real=0.15 secs] 
2023-10-21T06:48:43.896+0800: 219466.178: [GC (Allocation Failure) 2023-10-21T06:48:43.897+0800: 219466.178: [ParNew: 8887530K->1055411K(9175040K), 0.1550479 secs] 47503550K->39671431K(65798144K), 0.1555021 secs] [Times: user=1.36 sys=1.26, real=0.15 secs] 
2023-10-21T06:49:02.414+0800: 219484.695: [GC (Allocation Failure) 2023-10-21T06:49:02.414+0800: 219484.695: [ParNew: 8919731K->1035730K(9175040K), 0.1570276 secs] 47535751K->39699690K(65798144K), 0.1573813 secs] [Times: user=1.80 sys=0.74, real=0.16 secs] 
2023-10-21T06:49:21.786+0800: 219504.067: [GC (Allocation Failure) 2023-10-21T06:49:21.786+0800: 219504.068: [ParNew: 8900050K->1083950K(9175040K), 0.1255018 secs] 47564010K->39796149K(65798144K), 0.1258650 secs] [Times: user=1.63 sys=0.33, real=0.12 secs] 
2023-10-21T06:49:41.107+0800: 219523.388: [GC (Allocation Failure) 2023-10-21T06:49:41.107+0800: 219523.389: [ParNew: 8948270K->1164418K(9175040K), 0.1878657 secs] 47660469K->39923947K(65798144K), 0.1882322 secs] [Times: user=1.51 sys=1.45, real=0.18 secs] 
2023-10-21T06:50:00.978+0800: 219543.259: [GC (Allocation Failure) 2023-10-21T06:50:00.978+0800: 219543.259: [ParNew: 9028738K->872352K(9175040K), 0.1291768 secs] 47788267K->39679794K(65798144K), 0.1295345 secs] [Times: user=1.64 sys=0.38, real=0.13 secs] 
2023-10-21T06:50:20.362+0800: 219562.643: [GC (Allocation Failure) 2023-10-21T06:50:20.362+0800: 219562.643: [ParNew: 8736672K->1124943K(9175040K), 0.1827060 secs] 47544114K->39980078K(65798144K), 0.1831037 secs] [Times: user=1.49 sys=1.50, real=0.18 secs] 
2023-10-21T06:50:40.585+0800: 219582.866: [GC (Allocation Failure) 2023-10-21T06:50:40.585+0800: 219582.867: [ParNew: 8989263K->1099802K(9175040K), 0.1373226 secs] 47844398K->40002431K(65798144K), 0.1377379 secs] [Times: user=1.59 sys=0.59, real=0.14 secs] 
2023-10-21T06:51:00.709+0800: 219602.990: [GC (Allocation Failure) 2023-10-21T06:51:00.709+0800: 219602.990: [ParNew: 8964122K->1118298K(9175040K), 0.1974759 secs] 47866751K->40068398K(65798144K), 0.1978492 secs] [Times: user=1.83 sys=1.42, real=0.20 secs] 
2023-10-21T06:51:22.292+0800: 219624.573: [GC (Allocation Failure) 2023-10-21T06:51:22.292+0800: 219624.573: [ParNew: 8982618K->1161455K(9175040K), 0.1401571 secs] 47932718K->40158176K(65798144K), 0.1405030 secs] [Times: user=1.61 sys=0.62, real=0.14 secs] 
2023-10-21T06:51:43.448+0800: 219645.729: [GC (Allocation Failure) 2023-10-21T06:51:43.448+0800: 219645.729: [ParNew: 9025775K->869996K(9175040K), 0.2075199 secs] 48022496K->39913222K(65798144K), 0.2078668 secs] [Times: user=1.90 sys=1.53, real=0.20 secs] 
2023-10-21T06:52:04.545+0800: 219666.827: [GC (Allocation Failure) 2023-10-21T06:52:04.545+0800: 219666.827: [ParNew: 8734316K->1225888K(9175040K), 0.1596847 secs] 47777542K->40315931K(65798144K), 0.1600391 secs] [Times: user=1.84 sys=0.73, real=0.16 secs] 
2023-10-21T06:52:24.911+0800: 219687.192: [GC (Allocation Failure) 2023-10-21T06:52:24.911+0800: 219687.193: [ParNew: 9090208K->886517K(9175040K), 0.1966138 secs] 48180251K->40022724K(65798144K), 0.1970596 secs] [Times: user=1.74 sys=1.54, real=0.20 secs] 
2023-10-21T06:52:44.885+0800: 219707.166: [GC (Allocation Failure) 2023-10-21T06:52:44.885+0800: 219707.166: [ParNew: 8750837K->946450K(9175040K), 0.1385578 secs] 47887044K->40129466K(65798144K), 0.1389704 secs] [Times: user=1.88 sys=0.31, real=0.14 secs] 
2023-10-21T06:53:05.643+0800: 219727.924: [GC (Allocation Failure) 2023-10-21T06:53:05.643+0800: 219727.925: [ParNew: 8810770K->990873K(9175040K), 0.1758944 secs] 47993786K->40267563K(65798144K), 0.1763561 secs] [Times: user=1.83 sys=0.92, real=0.18 secs] 
2023-10-21T06:53:24.879+0800: 219747.160: [GC (Allocation Failure) 2023-10-21T06:53:24.879+0800: 219747.160: [ParNew: 8855193K->1001883K(9175040K), 0.1706183 secs] 48131883K->40325215K(65798144K), 0.1710124 secs] [Times: user=1.94 sys=0.83, real=0.17 secs] 
2023-10-21T06:53:44.941+0800: 219767.222: [GC (Allocation Failure) 2023-10-21T06:53:44.941+0800: 219767.222: [ParNew: 8866203K->997444K(9175040K), 0.1606037 secs] 48189535K->40367879K(65798144K), 0.1610297 secs] [Times: user=1.50 sys=1.09, real=0.16 secs] 
2023-10-21T06:54:04.458+0800: 219786.739: [GC (Allocation Failure) 2023-10-21T06:54:04.458+0800: 219786.739: [ParNew: 8861764K->963702K(9175040K), 0.1639684 secs] 48232199K->40381578K(65798144K), 0.1643448 secs] [Times: user=1.91 sys=0.74, real=0.16 secs] 
2023-10-21T06:54:24.814+0800: 219807.095: [GC (Allocation Failure) 2023-10-21T06:54:24.814+0800: 219807.095: [ParNew: 8828022K->1074997K(9175040K), 0.1366054 secs] 48245898K->40541008K(65798144K), 0.1369852 secs] [Times: user=1.86 sys=0.29, real=0.14 secs] 
2023-10-21T06:54:44.323+0800: 219826.604: [GC (Allocation Failure) 2023-10-21T06:54:44.323+0800: 219826.605: [ParNew: 8939317K->1003747K(9175040K), 0.1783188 secs] 48405328K->40517582K(65798144K), 0.1786966 secs] [Times: user=1.26 sys=1.65, real=0.18 secs] 
2023-10-21T06:55:04.133+0800: 219846.414: [GC (Allocation Failure) 2023-10-21T06:55:04.133+0800: 219846.414: [ParNew: 8868067K->1079269K(9175040K), 0.1304701 secs] 48381902K->40640777K(65798144K), 0.1308354 secs] [Times: user=1.72 sys=0.32, real=0.13 secs] 
2023-10-21T06:55:23.969+0800: 219866.250: [GC (Allocation Failure) 2023-10-21T06:55:23.969+0800: 219866.250: [ParNew: 8943589K->1117829K(9175040K), 0.1869240 secs] 48505097K->40726678K(65798144K), 0.1873053 secs] [Times: user=1.82 sys=1.25, real=0.19 secs] 
2023-10-21T06:55:44.084+0800: 219886.365: [GC (Allocation Failure) 2023-10-21T06:55:44.084+0800: 219886.366: [ParNew: 8982149K->1007756K(9175040K), 0.1384155 secs] 48590998K->40664230K(65798144K), 0.1387948 secs] [Times: user=1.68 sys=0.50, real=0.14 secs] 
2023-10-21T06:56:03.897+0800: 219906.178: [GC (Allocation Failure) 2023-10-21T06:56:03.897+0800: 219906.179: [ParNew: 8872076K->1009140K(9175040K), 0.2010732 secs] 48528550K->40713452K(65798144K), 0.2015054 secs] [Times: user=1.77 sys=1.54, real=0.20 secs] 
2023-10-21T06:56:23.923+0800: 219926.204: [GC (Allocation Failure) 2023-10-21T06:56:23.923+0800: 219926.205: [ParNew: 8873460K->1045863K(9175040K), 0.1412112 secs] 48577772K->40798777K(65798144K), 0.1416542 secs] [Times: user=1.72 sys=0.46, real=0.14 secs] 
2023-10-21T06:56:43.289+0800: 219945.570: [GC (Allocation Failure) 2023-10-21T06:56:43.289+0800: 219945.571: [ParNew: 8910183K->1045133K(9175040K), 0.1518416 secs] 48663097K->40846260K(65798144K), 0.1522354 secs] [Times: user=1.50 sys=0.93, real=0.15 secs] 
2023-10-21T06:57:03.486+0800: 219965.768: [GC (Allocation Failure) 2023-10-21T06:57:03.486+0800: 219965.768: [ParNew: 8909453K->971782K(9175040K), 0.1511675 secs] 48710580K->40821609K(65798144K), 0.1515302 secs] [Times: user=1.46 sys=0.95, real=0.15 secs] 
2023-10-21T06:57:24.236+0800: 219986.517: [GC (Allocation Failure) 2023-10-21T06:57:24.236+0800: 219986.517: [ParNew: 8836102K->1119729K(9175040K), 0.1300976 secs] 48685929K->41018403K(65798144K), 0.1304722 secs] [Times: user=1.67 sys=0.36, real=0.13 secs] 
2023-10-21T06:57:44.974+0800: 220007.255: [GC (Allocation Failure) 2023-10-21T06:57:44.974+0800: 220007.255: [ParNew: 8984049K->1045145K(9175040K), 0.1941260 secs] 48882723K->40992277K(65798144K), 0.1944825 secs] [Times: user=1.69 sys=1.52, real=0.20 secs] 
2023-10-21T06:58:07.256+0800: 220029.538: [GC (Allocation Failure) 2023-10-21T06:58:07.257+0800: 220029.538: [ParNew: 8909465K->969338K(9175040K), 0.1252557 secs] 48856597K->40964675K(65798144K), 0.1256296 secs] [Times: user=1.66 sys=0.30, real=0.12 secs] 
2023-10-21T06:58:28.195+0800: 220050.476: [GC (Allocation Failure) 2023-10-21T06:58:28.195+0800: 220050.476: [ParNew: 8833658K->1080488K(9175040K), 0.1766317 secs] 48828995K->41123586K(65798144K), 0.1770253 secs] [Times: user=1.71 sys=1.17, real=0.18 secs] 
2023-10-21T06:58:49.054+0800: 220071.336: [GC (Allocation Failure) 2023-10-21T06:58:49.054+0800: 220071.336: [ParNew: 8944808K->1045354K(9175040K), 0.1273182 secs] 48987906K->41136431K(65798144K), 0.1276667 secs] [Times: user=1.61 sys=0.37, real=0.13 secs] 
2023-10-21T06:59:11.233+0800: 220093.514: [GC (Allocation Failure) 2023-10-21T06:59:11.233+0800: 220093.514: [ParNew: 8909674K->1081952K(9175040K), 0.1893554 secs] 49000751K->41220856K(65798144K), 0.1896763 secs] [Times: user=1.82 sys=1.28, real=0.19 secs] 
2023-10-21T06:59:32.781+0800: 220115.062: [GC (Allocation Failure) 2023-10-21T06:59:32.781+0800: 220115.062: [ParNew: 8946272K->1045814K(9175040K), 0.1301375 secs] 49085176K->41232590K(65798144K), 0.1305258 secs] [Times: user=1.66 sys=0.39, real=0.13 secs] 
2023-10-21T06:59:52.822+0800: 220135.103: [GC (Allocation Failure) 2023-10-21T06:59:52.822+0800: 220135.104: [ParNew: 8910134K->1049690K(9175040K), 0.1856339 secs] 49096910K->41284294K(65798144K), 0.1859642 secs] [Times: user=1.72 sys=1.29, real=0.19 secs] 
2023-10-21T07:00:11.523+0800: 220153.804: [GC (Allocation Failure) 2023-10-21T07:00:11.523+0800: 220153.804: [ParNew: 8914010K->1089640K(9175040K), 0.1283123 secs] 49148614K->41372101K(65798144K), 0.1286518 secs] [Times: user=1.62 sys=0.39, real=0.13 secs] 
2023-10-21T07:00:30.960+0800: 220173.242: [GC (Allocation Failure) 2023-10-21T07:00:30.961+0800: 220173.242: [ParNew: 8953960K->1055616K(9175040K), 0.1910349 secs] 49236421K->41385990K(65798144K), 0.1914274 secs] [Times: user=1.65 sys=1.48, real=0.19 secs] 
2023-10-21T07:00:50.670+0800: 220192.951: [GC (Allocation Failure) 2023-10-21T07:00:50.670+0800: 220192.951: [ParNew: 8919936K->1058375K(9175040K), 0.1335745 secs] 49250310K->41436727K(65798144K), 0.1339847 secs] [Times: user=1.58 sys=0.54, real=0.13 secs] 
2023-10-21T07:01:11.197+0800: 220213.478: [GC (Allocation Failure) 2023-10-21T07:01:11.197+0800: 220213.478: [ParNew: 8922695K->983797K(9175040K), 0.1856682 secs] 49301047K->41410257K(65798144K), 0.1861207 secs] [Times: user=1.67 sys=1.37, real=0.18 secs] 
2023-10-21T07:01:30.909+0800: 220233.191: [GC (Allocation Failure) 2023-10-21T07:01:30.910+0800: 220233.191: [ParNew: 8848117K->1057846K(9175040K), 0.1432833 secs] 49274577K->41532379K(65798144K), 0.1436285 secs] [Times: user=1.51 sys=0.77, real=0.14 secs] 
2023-10-21T07:01:51.679+0800: 220253.960: [GC (Allocation Failure) 2023-10-21T07:01:51.679+0800: 220253.961: [ParNew: 8922166K->984222K(9175040K), 0.1694599 secs] 49396699K->41507193K(65798144K), 0.1698435 secs] [Times: user=1.47 sys=1.27, real=0.17 secs] 
2023-10-21T07:02:14.518+0800: 220276.799: [GC (Allocation Failure) 2023-10-21T07:02:14.518+0800: 220276.799: [ParNew: 8848542K->1019176K(9175040K), 0.1753657 secs] 49371513K->41590504K(65798144K), 0.1758065 secs] [Times: user=1.86 sys=0.99, real=0.17 secs] 
2023-10-21T07:02:35.543+0800: 220297.824: [GC (Allocation Failure) 2023-10-21T07:02:35.543+0800: 220297.824: [ParNew: 8883496K->984133K(9175040K), 0.1809064 secs] 49454824K->41603802K(65798144K), 0.1812782 secs] [Times: user=1.59 sys=1.36, real=0.18 secs] 
2023-10-21T07:02:55.595+0800: 220317.877: [GC (Allocation Failure) 2023-10-21T07:02:55.596+0800: 220317.877: [ParNew: 8848453K->1020211K(9175040K), 0.1619518 secs] 49468122K->41688147K(65798144K), 0.1623484 secs] [Times: user=1.78 sys=0.83, real=0.17 secs] 
2023-10-21T07:03:16.269+0800: 220338.550: [GC (Allocation Failure) 2023-10-21T07:03:16.269+0800: 220338.551: [ParNew: 8884531K->943479K(9175040K), 0.1696961 secs] 49552467K->41659727K(65798144K), 0.1702045 secs] [Times: user=1.86 sys=0.89, real=0.17 secs] 
2023-10-21T07:03:35.116+0800: 220357.397: [GC (Allocation Failure) 2023-10-21T07:03:35.116+0800: 220357.397: [ParNew: 8807799K->979576K(9175040K), 0.1566408 secs] 49524047K->41744163K(65798144K), 0.1570659 secs] [Times: user=1.57 sys=0.95, real=0.15 secs] 
2023-10-21T07:03:54.245+0800: 220376.526: [GC (Allocation Failure) 2023-10-21T07:03:54.245+0800: 220376.526: [ParNew: 8843896K->978228K(9175040K), 0.1250559 secs] 49608483K->41791325K(65798144K), 0.1254114 secs] [Times: user=1.62 sys=0.33, real=0.13 secs] 
2023-10-21T07:04:13.347+0800: 220395.628: [GC (Allocation Failure) 2023-10-21T07:04:13.347+0800: 220395.628: [ParNew: 8842548K->1047548K(9175040K), 0.1943873 secs] 49655645K->41909341K(65798144K), 0.1948022 secs] [Times: user=1.86 sys=1.33, real=0.19 secs] 
2023-10-21T07:04:32.866+0800: 220415.147: [GC (Allocation Failure) 2023-10-21T07:04:32.866+0800: 220415.147: [ParNew: 8911868K->932427K(9175040K), 0.1308707 secs] 49773661K->41842557K(65798144K), 0.1312425 secs] [Times: user=1.62 sys=0.42, real=0.13 secs] 
2023-10-21T07:04:51.960+0800: 220434.241: [GC (Allocation Failure) 2023-10-21T07:04:51.960+0800: 220434.241: [ParNew: 8796747K->1077853K(9175040K), 0.1908700 secs] 49706877K->42036680K(65798144K), 0.1912764 secs] [Times: user=1.82 sys=1.31, real=0.19 secs] 
2023-10-21T07:05:12.245+0800: 220454.526: [GC (Allocation Failure) 2023-10-21T07:05:12.245+0800: 220454.526: [ParNew: 8942173K->964173K(9175040K), 0.1387213 secs] 49901000K->41970875K(65798144K), 0.1391540 secs] [Times: user=1.63 sys=0.55, real=0.14 secs] 
2023-10-21T07:05:33.177+0800: 220475.458: [GC (Allocation Failure) 2023-10-21T07:05:33.177+0800: 220475.458: [ParNew: 8828493K->1109443K(9175040K), 0.1989674 secs] 49835195K->42164829K(65798144K), 0.1993220 secs] [Times: user=1.77 sys=1.45, real=0.20 secs] 
2023-10-21T07:05:58.562+0800: 220500.844: [GC (Allocation Failure) 2023-10-21T07:05:58.563+0800: 220500.844: [ParNew: 8973763K->877436K(9175040K), 0.1439130 secs] 50029149K->41981343K(65798144K), 0.1442829 secs] [Times: user=1.57 sys=0.71, real=0.15 secs] 
2023-10-21T07:06:28.107+0800: 220530.388: [GC (Allocation Failure) 2023-10-21T07:06:28.108+0800: 220530.389: [ParNew: 8741756K->1034709K(9175040K), 0.2076263 secs] 49845663K->42186790K(65798144K), 0.2081130 secs] [Times: user=1.60 sys=1.71, real=0.20 secs] 
2023-10-21T07:06:51.730+0800: 220554.011: [GC (Allocation Failure) 2023-10-21T07:06:51.730+0800: 220554.011: [ParNew: 8899029K->929748K(9175040K), 0.1294396 secs] 50051110K->42130407K(65798144K), 0.1298331 secs] [Times: user=1.26 sys=0.76, real=0.13 secs] 
2023-10-21T07:07:14.491+0800: 220576.772: [GC (Allocation Failure) 2023-10-21T07:07:14.491+0800: 220576.772: [ParNew: 8794068K->906670K(9175040K), 0.2023289 secs] 49994727K->42154971K(65798144K), 0.2026693 secs] [Times: user=1.73 sys=1.60, real=0.20 secs] 
2023-10-21T07:07:36.168+0800: 220598.449: [GC (Allocation Failure) 2023-10-21T07:07:36.168+0800: 220598.449: [ParNew: 8770990K->981464K(9175040K), 0.1195868 secs] 50019291K->42229766K(65798144K), 0.1199327 secs] [Times: user=1.57 sys=0.41, real=0.12 secs] 
2023-10-21T07:08:00.270+0800: 220622.551: [GC (Allocation Failure) 2023-10-21T07:08:00.270+0800: 220622.551: [ParNew: 8845784K->918987K(9175040K), 0.1936284 secs] 50094086K->42172856K(65798144K), 0.1939870 secs] [Times: user=1.54 sys=1.75, real=0.19 secs] 
2023-10-21T07:08:25.895+0800: 220648.176: [GC (Allocation Failure) 2023-10-21T07:08:25.895+0800: 220648.177: [ParNew: 8783307K->963367K(9175040K), 0.1313037 secs] 50037176K->42248449K(65798144K), 0.1318414 secs] [Times: user=1.55 sys=0.53, real=0.14 secs] 
2023-10-21T07:08:46.438+0800: 220668.719: [GC (Allocation Failure) 2023-10-21T07:08:46.438+0800: 220668.720: [ParNew: 8827687K->964716K(9175040K), 0.1819963 secs] 50112769K->42272187K(65798144K), 0.1823436 secs] [Times: user=1.53 sys=1.50, real=0.18 secs] 
2023-10-21T07:09:06.323+0800: 220688.605: [GC (Allocation Failure) 2023-10-21T07:09:06.324+0800: 220688.605: [ParNew: 8829036K->958827K(9175040K), 0.1179719 secs] 50136507K->42286692K(65798144K), 0.1183206 secs] [Times: user=1.61 sys=0.27, real=0.12 secs] 
2023-10-21T07:09:26.030+0800: 220708.311: [GC (Allocation Failure) 2023-10-21T07:09:26.030+0800: 220708.311: [ParNew: 8823147K->955999K(9175040K), 0.1952036 secs] 50151012K->42304675K(65798144K), 0.1955576 secs] [Times: user=1.74 sys=1.53, real=0.19 secs] 
2023-10-21T07:09:45.874+0800: 220728.155: [GC (Allocation Failure) 2023-10-21T07:09:45.874+0800: 220728.155: [ParNew: 8820319K->992482K(9175040K), 0.1247070 secs] 50168995K->42359513K(65798144K), 0.1250694 secs] [Times: user=1.62 sys=0.39, real=0.13 secs] 
2023-10-21T07:10:05.383+0800: 220747.664: [GC (Allocation Failure) 2023-10-21T07:10:05.383+0800: 220747.665: [ParNew: 8856802K->881789K(9175040K), 0.1892577 secs] 50223833K->42268390K(65798144K), 0.1896191 secs] [Times: user=1.58 sys=1.58, real=0.19 secs] 
2023-10-21T07:10:24.634+0800: 220766.915: [GC (Allocation Failure) 2023-10-21T07:10:24.634+0800: 220766.915: [ParNew: 8746109K->988370K(9175040K), 0.1303219 secs] 50132710K->42398166K(65798144K), 0.1306999 secs] [Times: user=1.54 sys=0.55, real=0.13 secs] 
2023-10-21T07:10:44.067+0800: 220786.349: [GC (Allocation Failure) 2023-10-21T07:10:44.068+0800: 220786.349: [ParNew: 8852690K->984092K(9175040K), 0.1964591 secs] 50262486K->42421788K(65798144K), 0.1968137 secs] [Times: user=1.69 sys=1.58, real=0.19 secs] 
2023-10-21T07:11:03.860+0800: 220806.141: [GC (Allocation Failure) 2023-10-21T07:11:03.860+0800: 220806.141: [ParNew: 8848412K->1051387K(9175040K), 0.1278927 secs] 50286108K->42489082K(65798144K), 0.1283158 secs] [Times: user=1.56 sys=0.56, real=0.13 secs] 
2023-10-21T07:11:23.562+0800: 220825.844: [GC (Allocation Failure) 2023-10-21T07:11:23.563+0800: 220825.844: [ParNew: 8915707K->962157K(9175040K), 0.1755373 secs] 50353402K->42459430K(65798144K), 0.1760247 secs] [Times: user=1.64 sys=1.14, real=0.18 secs] 
2023-10-21T07:11:45.300+0800: 220847.581: [GC (Allocation Failure) 2023-10-21T07:11:45.300+0800: 220847.581: [ParNew: 8826477K->932617K(9175040K), 0.1621920 secs] 50323750K->42477423K(65798144K), 0.1625432 secs] [Times: user=1.70 sys=0.90, real=0.16 secs] 
2023-10-21T07:12:06.640+0800: 220868.921: [GC (Allocation Failure) 2023-10-21T07:12:06.640+0800: 220868.922: [ParNew: 8796937K->995877K(9175040K), 0.1767307 secs] 50341743K->42588598K(65798144K), 0.1771188 secs] [Times: user=1.76 sys=1.09, real=0.18 secs] 
2023-10-21T07:12:26.144+0800: 220888.425: [GC (Allocation Failure) 2023-10-21T07:12:26.144+0800: 220888.425: [ParNew: 8860197K->1028404K(9175040K), 0.1630653 secs] 50452918K->42669930K(65798144K), 0.1634492 secs] [Times: user=1.52 sys=1.09, real=0.17 secs] 
2023-10-21T07:12:46.742+0800: 220909.023: [GC (Allocation Failure) 2023-10-21T07:12:46.742+0800: 220909.023: [ParNew: 8892724K->949538K(9175040K), 0.1815086 secs] 50534250K->42640278K(65798144K), 0.1819043 secs] [Times: user=1.76 sys=1.15, real=0.18 secs] 
2023-10-21T07:13:06.576+0800: 220928.858: [GC (Allocation Failure) 2023-10-21T07:13:06.577+0800: 220928.858: [ParNew: 8813858K->1197044K(9175040K), 0.1454770 secs] 50504598K->42887785K(65798144K), 0.1458535 secs] [Times: user=1.67 sys=0.77, real=0.14 secs] 
2023-10-21T07:13:27.474+0800: 220949.755: [GC (Allocation Failure) 2023-10-21T07:13:27.474+0800: 220949.756: [ParNew: 9061364K->894097K(9175040K), 0.1673513 secs] 50752105K->42629385K(65798144K), 0.1677620 secs] [Times: user=1.45 sys=1.23, real=0.17 secs] 
2023-10-21T07:13:49.284+0800: 220971.565: [GC (Allocation Failure) 2023-10-21T07:13:49.284+0800: 220971.565: [ParNew: 8758417K->1041352K(9175040K), 0.1692591 secs] 50493705K->42817830K(65798144K), 0.1696172 secs] [Times: user=1.88 sys=0.85, real=0.17 secs] 
2023-10-21T07:14:16.499+0800: 220998.781: [GC (Allocation Failure) 2023-10-21T07:14:16.500+0800: 220998.781: [ParNew: 8905672K->934499K(9175040K), 0.1888557 secs] 50682150K->42737168K(65798144K), 0.1893089 secs] [Times: user=1.70 sys=1.43, real=0.19 secs] 
2023-10-21T07:14:42.937+0800: 221025.218: [GC (Allocation Failure) 2023-10-21T07:14:42.937+0800: 221025.218: [ParNew: 8798819K->1101421K(9175040K), 0.1652068 secs] 50601488K->42915305K(65798144K), 0.1655546 secs] [Times: user=1.71 sys=1.05, real=0.16 secs] 
2023-10-21T07:15:06.111+0800: 221048.392: [GC (Allocation Failure) 2023-10-21T07:15:06.111+0800: 221048.392: [ParNew: 8965741K->993754K(9175040K), 0.1817754 secs] 50779625K->42812981K(65798144K), 0.1821828 secs] [Times: user=1.51 sys=1.56, real=0.18 secs] 
2023-10-21T07:15:29.664+0800: 221071.945: [GC (Allocation Failure) 2023-10-21T07:15:29.664+0800: 221071.945: [ParNew: 8858074K->1034432K(9175040K), 0.1400615 secs] 50677301K->42859058K(65798144K), 0.1403972 secs] [Times: user=1.75 sys=0.58, real=0.14 secs] 
2023-10-21T07:15:53.286+0800: 221095.568: [GC (Allocation Failure) 2023-10-21T07:15:53.287+0800: 221095.568: [ParNew: 8898752K->950300K(9175040K), 0.2147973 secs] 50723378K->42780155K(65798144K), 0.2151460 secs] [Times: user=1.62 sys=2.04, real=0.21 secs] 
2023-10-21T07:16:16.005+0800: 221118.287: [GC (Allocation Failure) 2023-10-21T07:16:16.006+0800: 221118.287: [ParNew: 8814620K->1016197K(9175040K), 0.1300311 secs] 50644475K->42851132K(65798144K), 0.1303790 secs] [Times: user=1.54 sys=0.61, real=0.14 secs] 
2023-10-21T07:16:38.818+0800: 221141.099: [GC (Allocation Failure) 2023-10-21T07:16:38.818+0800: 221141.099: [ParNew: 8880517K->1009649K(9175040K), 0.2056955 secs] 50715452K->42849908K(65798144K), 0.2060528 secs] [Times: user=1.50 sys=2.00, real=0.20 secs] 
2023-10-21T07:17:02.659+0800: 221164.940: [GC (Allocation Failure) 2023-10-21T07:17:02.659+0800: 221164.941: [ParNew: 8873969K->1004907K(9175040K), 0.1436614 secs] 50714228K->42850750K(65798144K), 0.1439998 secs] [Times: user=1.61 sys=0.78, real=0.14 secs] 
2023-10-21T07:17:23.741+0800: 221186.022: [GC (Allocation Failure) 2023-10-21T07:17:23.741+0800: 221186.023: [ParNew: 8869227K->928691K(9175040K), 0.2009643 secs] 50715070K->42780159K(65798144K), 0.2013762 secs] [Times: user=1.62 sys=1.79, real=0.20 secs] 
2023-10-21T07:17:44.429+0800: 221206.710: [GC (Allocation Failure) 2023-10-21T07:17:44.429+0800: 221206.711: [ParNew: 8793011K->925938K(9175040K), 0.1364491 secs] 50644479K->42792787K(65798144K), 0.1368338 secs] [Times: user=1.59 sys=0.59, real=0.14 secs] 
2023-10-21T07:18:06.078+0800: 221228.359: [GC (Allocation Failure) 2023-10-21T07:18:06.078+0800: 221228.359: [ParNew: 8790258K->917198K(9175040K), 0.1912637 secs] 50657107K->42790354K(65798144K), 0.1916561 secs] [Times: user=1.82 sys=1.39, real=0.19 secs] 
2023-10-21T07:18:26.867+0800: 221249.148: [GC (Allocation Failure) 2023-10-21T07:18:26.867+0800: 221249.148: [ParNew: 8781518K->990086K(9175040K), 0.1586032 secs] 50654674K->42869938K(65798144K), 0.1589917 secs] [Times: user=1.35 sys=1.28, real=0.15 secs] 
2023-10-21T07:18:47.478+0800: 221269.759: [GC (Allocation Failure) 2023-10-21T07:18:47.478+0800: 221269.759: [ParNew: 8854406K->956992K(9175040K), 0.1641983 secs] 50734258K->42845877K(65798144K), 0.1646416 secs] [Times: user=1.27 sys=1.44, real=0.16 secs] 
2023-10-21T07:19:07.318+0800: 221289.599: [GC (Allocation Failure) 2023-10-21T07:19:07.318+0800: 221289.600: [ParNew: 8821312K->999685K(9175040K), 0.1608504 secs] 50710197K->42907979K(65798144K), 0.1612296 secs] [Times: user=1.80 sys=0.78, real=0.16 secs] 
2023-10-21T07:19:27.776+0800: 221310.058: [GC (Allocation Failure) 2023-10-21T07:19:27.777+0800: 221310.058: [ParNew: 8864005K->891857K(9175040K), 0.1678376 secs] 50772299K->42830832K(65798144K), 0.1683262 secs] [Times: user=1.41 sys=1.20, real=0.16 secs] 
2023-10-21T07:19:47.964+0800: 221330.245: [GC (Allocation Failure) 2023-10-21T07:19:47.964+0800: 221330.246: [ParNew: 8756177K->965411K(9175040K), 0.1659034 secs] 50695152K->42943304K(65798144K), 0.1662522 secs] [Times: user=1.58 sys=0.98, real=0.17 secs] 
2023-10-21T07:20:08.779+0800: 221351.060: [GC (Allocation Failure) 2023-10-21T07:20:08.779+0800: 221351.060: [ParNew: 8829731K->927301K(9175040K), 0.1443398 secs] 50807624K->42948928K(65798144K), 0.1447873 secs] [Times: user=1.75 sys=0.40, real=0.14 secs] 
2023-10-21T07:20:28.546+0800: 221370.827: [GC (Allocation Failure) 2023-10-21T07:20:28.546+0800: 221370.827: [ParNew: 8791621K->1003886K(9175040K), 0.1959322 secs] 50813248K->43073946K(65798144K), 0.1963364 secs] [Times: user=1.73 sys=1.43, real=0.20 secs] 
2023-10-21T07:20:48.407+0800: 221390.688: [GC (Allocation Failure) 2023-10-21T07:20:48.407+0800: 221390.688: [ParNew: 8868206K->966697K(9175040K), 0.1470946 secs] 50938266K->43085279K(65798144K), 0.1474953 secs] [Times: user=1.75 sys=0.50, real=0.14 secs] 
2023-10-21T07:21:07.126+0800: 221409.407: [GC (Allocation Failure) 2023-10-21T07:21:07.126+0800: 221409.407: [ParNew: 8831017K->1116117K(9175040K), 0.2054845 secs] 50949599K->43283354K(65798144K), 0.2059137 secs] [Times: user=2.28 sys=1.24, real=0.21 secs] 
2023-10-21T07:21:27.073+0800: 221429.354: [GC (Allocation Failure) 2023-10-21T07:21:27.073+0800: 221429.355: [ParNew: 8980437K->880370K(9175040K), 0.1462842 secs] 51147674K->43095963K(65798144K), 0.1466524 secs] [Times: user=1.65 sys=0.75, real=0.15 secs] 
2023-10-21T07:21:46.523+0800: 221448.804: [GC (Allocation Failure) 2023-10-21T07:21:46.523+0800: 221448.804: [ParNew: 8744690K->1003494K(9175040K), 0.1908303 secs] 50960283K->43266952K(65798144K), 0.1912054 secs] [Times: user=1.81 sys=1.26, real=0.19 secs] 
2023-10-21T07:22:09.003+0800: 221471.285: [GC (Allocation Failure) 2023-10-21T07:22:09.003+0800: 221471.285: [ParNew: 8867814K->1045002K(9175040K), 0.1395552 secs] 51131272K->43356493K(65798144K), 0.1398857 secs] [Times: user=1.59 sys=0.55, real=0.14 secs] 
2023-10-21T07:22:33.706+0800: 221495.987: [GC (Allocation Failure) 2023-10-21T07:22:33.706+0800: 221495.987: [ParNew: 8909322K->1098091K(9175040K), 0.1974051 secs] 51220813K->43457631K(65798144K), 0.1978031 secs] [Times: user=1.71 sys=1.47, real=0.19 secs] 
2023-10-21T07:23:00.143+0800: 221522.424: [GC (Allocation Failure) 2023-10-21T07:23:00.143+0800: 221522.424: [ParNew: 8962411K->918274K(9175040K), 0.1771295 secs] 51321951K->43326421K(65798144K), 0.1774881 secs] [Times: user=1.63 sys=1.17, real=0.18 secs] 
2023-10-21T07:23:32.703+0800: 221554.985: [GC (Allocation Failure) 2023-10-21T07:23:32.704+0800: 221554.985: [ParNew: 8782594K->1026886K(9175040K), 0.1728054 secs] 51190741K->43471757K(65798144K), 0.1731464 secs] [Times: user=1.70 sys=1.09, real=0.18 secs] 
2023-10-21T07:24:00.565+0800: 221582.846: [GC (Allocation Failure) 2023-10-21T07:24:00.565+0800: 221582.846: [ParNew: 8891206K->952105K(9175040K), 0.2298038 secs] 51336077K->43417110K(65798144K), 0.2301629 secs] [Times: user=1.95 sys=1.98, real=0.23 secs] 
2023-10-21T07:24:25.687+0800: 221607.968: [GC (Allocation Failure) 2023-10-21T07:24:25.687+0800: 221607.968: [ParNew: 8816425K->1024238K(9175040K), 0.1358300 secs] 51281430K->43499065K(65798144K), 0.1361646 secs] [Times: user=1.46 sys=0.76, real=0.13 secs] 
2023-10-21T07:24:50.794+0800: 221633.075: [GC (Allocation Failure) 2023-10-21T07:24:50.794+0800: 221633.075: [ParNew: 8888558K->896575K(9175040K), 0.2006159 secs] 51363385K->43377090K(65798144K), 0.2009941 secs] [Times: user=1.54 sys=1.86, real=0.20 secs] 
2023-10-21T07:25:12.548+0800: 221654.829: [GC (Allocation Failure) 2023-10-21T07:25:12.548+0800: 221654.829: [ParNew: 8760895K->969620K(9175040K), 0.1522299 secs] 51241410K->43455707K(65798144K), 0.1526774 secs] [Times: user=1.76 sys=0.76, real=0.15 secs] 
2023-10-21T07:25:34.478+0800: 221676.759: [GC (Allocation Failure) 2023-10-21T07:25:34.478+0800: 221676.759: [ParNew: 8833940K->930977K(9175040K), 0.2237372 secs] 51320027K->43422349K(65798144K), 0.2241656 secs] [Times: user=1.89 sys=1.93, real=0.22 secs] 
2023-10-21T07:25:57.345+0800: 221699.627: [GC (Allocation Failure) 2023-10-21T07:25:57.346+0800: 221699.627: [ParNew: 8795297K->962771K(9175040K), 0.1372194 secs] 51286669K->43459664K(65798144K), 0.1375510 secs] [Times: user=1.51 sys=0.76, real=0.14 secs] 
2023-10-21T07:26:21.349+0800: 221723.630: [GC (Allocation Failure) 2023-10-21T07:26:21.349+0800: 221723.630: [ParNew: 8827091K->882026K(9175040K), 0.2062259 secs] 51323984K->43384290K(65798144K), 0.2066042 secs] [Times: user=1.54 sys=1.96, real=0.21 secs] 
2023-10-21T07:26:47.526+0800: 221749.808: [GC (Allocation Failure) 2023-10-21T07:26:47.527+0800: 221749.808: [ParNew: 8746346K->940117K(9175040K), 0.1271730 secs] 51248610K->43442381K(65798144K), 0.1274889 secs] [Times: user=1.40 sys=0.73, real=0.12 secs] 
2023-10-21T07:27:14.164+0800: 221776.445: [GC (Allocation Failure) 2023-10-21T07:27:14.164+0800: 221776.445: [ParNew: 8804437K->893234K(9175040K), 0.1932471 secs] 51306701K->43395498K(65798144K), 0.1935972 secs] [Times: user=1.41 sys=1.90, real=0.20 secs] 
2023-10-21T07:27:40.932+0800: 221803.213: [GC (Allocation Failure) 2023-10-21T07:27:40.932+0800: 221803.213: [ParNew: 8757554K->924763K(9175040K), 0.1228000 secs] 51259818K->43432629K(65798144K), 0.1233290 secs] [Times: user=1.43 sys=0.57, real=0.12 secs] 
2023-10-21T07:28:10.111+0800: 221832.392: [GC (Allocation Failure) 2023-10-21T07:28:10.111+0800: 221832.393: [ParNew: 8789083K->886697K(9175040K), 0.2137617 secs] 51296949K->43400249K(65798144K), 0.2141695 secs] [Times: user=1.62 sys=2.02, real=0.21 secs] 
2023-10-21T07:28:47.051+0800: 221869.332: [GC (Allocation Failure) 2023-10-21T07:28:47.051+0800: 221869.333: [ParNew: 8751017K->850362K(9175040K), 0.2304184 secs] 51264569K->43369605K(65798144K), 0.2307709 secs] [Times: user=1.90 sys=2.04, real=0.23 secs] 
2023-10-21T07:29:20.205+0800: 221902.486: [GC (Allocation Failure) 2023-10-21T07:29:20.205+0800: 221902.486: [ParNew: 8714682K->913287K(9175040K), 0.1381136 secs] 51233925K->43438621K(65798144K), 0.1384521 secs] [Times: user=1.48 sys=0.79, real=0.14 secs] 
2023-10-21T07:30:05.566+0800: 221947.848: [GC (Allocation Failure) 2023-10-21T07:30:05.566+0800: 221947.848: [ParNew: 8777607K->830188K(9175040K), 0.2123231 secs] 51302941K->43361677K(65798144K), 0.2126516 secs] [Times: user=1.62 sys=2.00, real=0.21 secs] 
2023-10-21T07:30:48.682+0800: 221990.963: [GC (Allocation Failure) 2023-10-21T07:30:48.682+0800: 221990.963: [ParNew: 8694508K->821158K(9175040K), 0.2220486 secs] 51225997K->43359256K(65798144K), 0.2223485 secs] [Times: user=1.40 sys=2.38, real=0.22 secs] 
2023-10-21T07:31:38.309+0800: 222040.590: [GC (Allocation Failure) 2023-10-21T07:31:38.309+0800: 222040.590: [ParNew: 8685478K->765516K(9175040K), 0.2188821 secs] 51223576K->43309884K(65798144K), 0.2192175 secs] [Times: user=1.60 sys=2.14, real=0.22 secs] 
2023-10-21T07:32:14.989+0800: 222077.270: [GC (Allocation Failure) 2023-10-21T07:32:14.989+0800: 222077.270: [ParNew: 8629836K->673694K(9175040K), 0.2224941 secs] 51174204K->43224195K(65798144K), 0.2228198 secs] [Times: user=1.39 sys=2.40, real=0.22 secs] 
2023-10-21T07:32:46.210+0800: 222108.491: [GC (Allocation Failure) 2023-10-21T07:32:46.210+0800: 222108.492: [ParNew: 8538014K->668850K(9175040K), 0.1402612 secs] 51088515K->43225417K(65798144K), 0.1405560 secs] [Times: user=1.31 sys=1.00, real=0.14 secs] 
2023-10-21T07:33:17.573+0800: 222139.854: [GC (Allocation Failure) 2023-10-21T07:33:17.573+0800: 222139.855: [ParNew: 8533170K->730799K(9175040K), 0.1931129 secs] 51089737K->43293110K(65798144K), 0.1934436 secs] [Times: user=1.40 sys=1.88, real=0.20 secs] 
2023-10-21T07:33:46.982+0800: 222169.263: [GC (Allocation Failure) 2023-10-21T07:33:46.982+0800: 222169.263: [ParNew: 8595119K->648108K(9175040K), 0.2213380 secs] 51157430K->43216089K(65798144K), 0.2216956 secs] [Times: user=1.32 sys=2.46, real=0.22 secs] 
2023-10-21T07:34:23.733+0800: 222206.014: [GC (Allocation Failure) 2023-10-21T07:34:23.733+0800: 222206.014: [ParNew: 8512428K->684376K(9175040K), 0.1412777 secs] 51080409K->43258247K(65798144K), 0.1415866 secs] [Times: user=1.22 sys=1.10, real=0.14 secs] 
2023-10-21T07:34:57.763+0800: 222240.044: [GC (Allocation Failure) 2023-10-21T07:34:57.763+0800: 222240.044: [ParNew: 8548696K->679038K(9175040K), 0.1886204 secs] 51122567K->43258826K(65798144K), 0.1889925 secs] [Times: user=1.17 sys=2.02, real=0.19 secs] 
2023-10-21T07:35:41.983+0800: 222284.264: [GC (Allocation Failure) 2023-10-21T07:35:41.983+0800: 222284.264: [ParNew: 8543358K->690266K(9175040K), 0.2062608 secs] 51123146K->43276268K(65798144K), 0.2066672 secs] [Times: user=1.14 sys=2.35, real=0.21 secs] 
2023-10-21T07:36:33.928+0800: 222336.209: [GC (Allocation Failure) 2023-10-21T07:36:33.928+0800: 222336.210: [ParNew: 8554586K->662713K(9175040K), 0.2430097 secs] 51140588K->43254886K(65798144K), 0.2434252 secs] [Times: user=1.42 sys=2.67, real=0.24 secs] 
2023-10-21T07:37:33.196+0800: 222395.478: [GC (Allocation Failure) 2023-10-21T07:37:33.197+0800: 222395.478: [ParNew: 8527033K->704169K(9175040K), 0.2542973 secs] 51119206K->43302736K(65798144K), 0.2546935 secs] [Times: user=1.39 sys=2.91, real=0.25 secs] 
2023-10-21T07:38:13.370+0800: 222435.651: [GC (Allocation Failure) 2023-10-21T07:38:13.370+0800: 222435.652: [ParNew: 8568489K->623521K(9175040K), 0.2300575 secs] 51167056K->43228598K(65798144K), 0.2304176 secs] [Times: user=1.48 sys=2.43, real=0.23 secs] 
2023-10-21T07:38:51.229+0800: 222473.510: [GC (Allocation Failure) 2023-10-21T07:38:51.229+0800: 222473.511: [ParNew: 8487841K->601721K(9175040K), 0.2098458 secs] 51092918K->43213750K(65798144K), 0.2102587 secs] [Times: user=1.25 sys=2.31, real=0.21 secs] 
2023-10-21T07:39:28.077+0800: 222510.358: [GC (Allocation Failure) 2023-10-21T07:39:28.077+0800: 222510.358: [ParNew: 8466041K->682008K(9175040K), 0.1735135 secs] 51078070K->43300751K(65798144K), 0.1738304 secs] [Times: user=1.53 sys=1.37, real=0.17 secs] 
2023-10-21T07:40:15.255+0800: 222557.536: [GC (Allocation Failure) 2023-10-21T07:40:15.255+0800: 222557.536: [ParNew: 8546328K->603669K(9175040K), 0.2190115 secs] 51165071K->43229633K(65798144K), 0.2193168 secs] [Times: user=1.36 sys=2.34, real=0.22 secs] 
2023-10-21T07:41:01.371+0800: 222603.653: [GC (Allocation Failure) 2023-10-21T07:41:01.372+0800: 222603.653: [ParNew: 8467989K->590427K(9175040K), 0.1974541 secs] 51093953K->43223506K(65798144K), 0.1978344 secs] [Times: user=1.25 sys=2.09, real=0.20 secs] 
2023-10-21T07:41:31.888+0800: 222634.169: [GC (Allocation Failure) 2023-10-21T07:41:31.888+0800: 222634.169: [ParNew: 8454747K->606871K(9175040K), 0.2469066 secs] 51087826K->43247467K(65798144K), 0.2472816 secs] [Times: user=1.97 sys=2.24, real=0.24 secs] 
2023-10-21T07:42:02.632+0800: 222664.914: [GC (Allocation Failure) 2023-10-21T07:42:02.632+0800: 222664.914: [ParNew: 8471191K->620002K(9175040K), 0.1459522 secs] 51111787K->43267635K(65798144K), 0.1463286 secs] [Times: user=1.61 sys=0.80, real=0.15 secs] 
2023-10-21T07:42:36.303+0800: 222698.584: [GC (Allocation Failure) 2023-10-21T07:42:36.303+0800: 222698.585: [ParNew: 8484322K->640147K(9175040K), 0.2091070 secs] 51131955K->43294571K(65798144K), 0.2095647 secs] [Times: user=1.46 sys=1.98, real=0.21 secs] 
2023-10-21T07:43:11.800+0800: 222734.081: [GC (Allocation Failure) 2023-10-21T07:43:11.800+0800: 222734.081: [ParNew: 8504467K->691679K(9175040K), 0.2300581 secs] 51158891K->43352945K(65798144K), 0.2304414 secs] [Times: user=1.44 sys=2.48, real=0.23 secs] 
2023-10-21T07:43:47.281+0800: 222769.563: [GC (Allocation Failure) 2023-10-21T07:43:47.282+0800: 222769.563: [ParNew: 8555999K->694703K(9175040K), 0.2394918 secs] 51217265K->43362676K(65798144K), 0.2399904 secs] [Times: user=1.58 sys=2.50, real=0.24 secs] 
2023-10-21T07:44:32.754+0800: 222815.036: [GC (Allocation Failure) 2023-10-21T07:44:32.755+0800: 222815.036: [ParNew: 8559023K->646477K(9175040K), 0.2148124 secs] 51226996K->43321291K(65798144K), 0.2152425 secs] [Times: user=1.16 sys=2.48, real=0.22 secs] 
2023-10-21T07:45:28.832+0800: 222871.114: [GC (Allocation Failure) 2023-10-21T07:45:28.833+0800: 222871.114: [ParNew: 8510797K->687531K(9175040K), 0.1694212 secs] 51185611K->43369307K(65798144K), 0.1698109 secs] [Times: user=1.08 sys=1.76, real=0.17 secs] 
2023-10-21T07:46:26.378+0800: 222928.659: [GC (Allocation Failure) 2023-10-21T07:46:26.378+0800: 222928.659: [ParNew: 8551851K->643065K(9175040K), 0.2155221 secs] 51233627K->43332067K(65798144K), 0.2158128 secs] [Times: user=1.23 sys=2.43, real=0.21 secs] 
2023-10-21T07:47:15.474+0800: 222977.755: [GC (Allocation Failure) 2023-10-21T07:47:15.474+0800: 222977.755: [ParNew: 8507385K->602905K(9175040K), 0.2215930 secs] 51196387K->43299363K(65798144K), 0.2219460 secs] [Times: user=1.60 sys=2.17, real=0.22 secs] 
2023-10-21T07:48:10.870+0800: 223033.151: [GC (Allocation Failure) 2023-10-21T07:48:10.870+0800: 223033.151: [ParNew: 8467225K->562966K(9175040K), 0.2180755 secs] 51163683K->43267073K(65798144K), 0.2184709 secs] [Times: user=1.27 sys=2.43, real=0.22 secs] 
2023-10-21T07:48:48.217+0800: 223070.498: [GC (Allocation Failure) 2023-10-21T07:48:48.217+0800: 223070.498: [ParNew: 8427286K->553094K(9175040K), 0.2096348 secs] 51131393K->43264051K(65798144K), 0.2099534 secs] [Times: user=1.35 sys=2.19, real=0.21 secs] 
2023-10-21T07:49:29.569+0800: 223111.850: [GC (Allocation Failure) 2023-10-21T07:49:29.569+0800: 223111.851: [ParNew: 8417414K->542006K(9175040K), 0.2179985 secs] 51128371K->43260255K(65798144K), 0.2183914 secs] [Times: user=1.39 sys=2.31, real=0.22 secs] 
2023-10-21T07:50:18.370+0800: 223160.652: [GC (Allocation Failure) 2023-10-21T07:50:18.371+0800: 223160.652: [ParNew: 8406326K->606841K(9175040K), 0.2558796 secs] 51124575K->43332192K(65798144K), 0.2563093 secs] [Times: user=1.34 sys=3.04, real=0.26 secs] 
2023-10-21T07:50:50.907+0800: 223193.188: [GC (Allocation Failure) 2023-10-21T07:50:50.907+0800: 223193.189: [ParNew: 8471161K->545868K(9175040K), 0.1812798 secs] 51196512K->43278662K(65798144K), 0.1816664 secs] [Times: user=1.26 sys=1.78, real=0.18 secs] 
2023-10-21T07:51:18.589+0800: 223220.870: [GC (Allocation Failure) 2023-10-21T07:51:18.589+0800: 223220.870: [ParNew: 8410188K->683270K(9175040K), 0.1383345 secs] 51142982K->43423443K(65798144K), 0.1387194 secs] [Times: user=1.21 sys=1.06, real=0.14 secs] 
2023-10-21T07:52:00.902+0800: 223263.183: [GC (Allocation Failure) 2023-10-21T07:52:00.902+0800: 223263.183: [ParNew: 8547590K->670918K(9175040K), 0.2292527 secs] 51287763K->43417734K(65798144K), 0.2297410 secs] [Times: user=1.77 sys=2.08, real=0.23 secs] 
2023-10-21T07:52:49.579+0800: 223311.860: [GC (Allocation Failure) 2023-10-21T07:52:49.579+0800: 223311.860: [ParNew: 8535238K->657228K(9175040K), 0.2587639 secs] 51282054K->43410790K(65798144K), 0.2591136 secs] [Times: user=1.61 sys=2.81, real=0.26 secs] 
2023-10-21T07:54:03.088+0800: 223385.370: [GC (Allocation Failure) 2023-10-21T07:54:03.089+0800: 223385.370: [ParNew: 8521548K->648857K(9175040K), 0.2494575 secs] 51275110K->43409249K(65798144K), 0.2497510 secs] [Times: user=1.31 sys=2.97, real=0.25 secs] 
2023-10-21T07:55:16.325+0800: 223458.606: [GC (Allocation Failure) 2023-10-21T07:55:16.325+0800: 223458.606: [ParNew: 8513177K->603919K(9175040K), 0.2188379 secs] 51273569K->43371070K(65798144K), 0.2191659 secs] [Times: user=1.27 sys=2.46, real=0.22 secs] 
2023-10-21T07:56:01.541+0800: 223503.822: [GC (Allocation Failure) 2023-10-21T07:56:01.541+0800: 223503.822: [ParNew: 8468239K->548289K(9175040K), 0.2156326 secs] 51235390K->43321783K(65798144K), 0.2160071 secs] [Times: user=1.39 sys=2.26, real=0.22 secs] 
2023-10-21T07:56:48.774+0800: 223551.055: [GC (Allocation Failure) 2023-10-21T07:56:48.774+0800: 223551.056: [ParNew: 8412609K->519162K(9175040K), 0.2516164 secs] 51186103K->43299850K(65798144K), 0.2519628 secs] [Times: user=1.60 sys=2.71, real=0.26 secs] 
2023-10-21T07:57:58.174+0800: 223620.456: [GC (Allocation Failure) 2023-10-21T07:57:58.175+0800: 223620.456: [ParNew: 8383482K->531389K(9175040K), 0.2403167 secs] 51164170K->43319297K(65798144K), 0.2406555 secs] [Times: user=1.28 sys=2.78, real=0.24 secs] 
2023-10-21T07:58:41.014+0800: 223663.295: [GC (Allocation Failure) 2023-10-21T07:58:41.014+0800: 223663.295: [ParNew: 8395709K->525165K(9175040K), 0.2249663 secs] 51183617K->43320290K(65798144K), 0.2253116 secs] [Times: user=1.46 sys=2.37, real=0.23 secs] 
2023-10-21T07:59:14.279+0800: 223696.560: [GC (Allocation Failure) 2023-10-21T07:59:14.279+0800: 223696.560: [ParNew: 8389485K->557113K(9175040K), 0.2145686 secs] 51184610K->43359666K(65798144K), 0.2149862 secs] [Times: user=1.31 sys=2.32, real=0.21 secs] 
2023-10-21T07:59:59.533+0800: 223741.814: [GC (Allocation Failure) 2023-10-21T07:59:59.533+0800: 223741.815: [ParNew: 8421433K->675170K(9175040K), 0.1590532 secs] 51223986K->43485132K(65798144K), 0.1593723 secs] [Times: user=1.08 sys=1.56, real=0.16 secs] 
2023-10-21T08:01:10.954+0800: 223813.236: [GC (Allocation Failure) 2023-10-21T08:01:10.955+0800: 223813.236: [ParNew: 8539490K->533122K(9175040K), 0.2737639 secs] 51349452K->43349923K(65798144K), 0.2741024 secs] [Times: user=1.32 sys=3.39, real=0.28 secs] 
2023-10-21T08:03:04.275+0800: 223926.556: [GC (Allocation Failure) 2023-10-21T08:03:04.275+0800: 223926.556: [ParNew: 8397442K->529376K(9175040K), 0.2668298 secs] 51214243K->43353428K(65798144K), 0.2671129 secs] [Times: user=1.32 sys=3.15, real=0.27 secs] 
2023-10-21T08:04:38.534+0800: 224020.815: [GC (Allocation Failure) 2023-10-21T08:04:38.534+0800: 224020.815: [ParNew: 8393696K->442329K(9175040K), 0.2131877 secs] 51217748K->43273733K(65798144K), 0.2134709 secs] [Times: user=0.98 sys=2.65, real=0.22 secs] 
2023-10-21T08:05:38.065+0800: 224080.347: [GC (Allocation Failure) 2023-10-21T08:05:38.066+0800: 224080.347: [ParNew: 8306649K->393620K(9175040K), 0.2269776 secs] 51138053K->43231810K(65798144K), 0.2274009 secs] [Times: user=1.06 sys=2.82, real=0.23 secs] 
2023-10-21T08:06:59.073+0800: 224161.354: [GC (Allocation Failure) 2023-10-21T08:06:59.073+0800: 224161.354: [ParNew: 8257940K->386289K(9175040K), 0.2074326 secs] 51096130K->43231149K(65798144K), 0.2077185 secs] [Times: user=0.92 sys=2.61, real=0.21 secs] 
2023-10-21T08:07:52.125+0800: 224214.406: [GC (Allocation Failure) 2023-10-21T08:07:52.125+0800: 224214.406: [ParNew: 8250609K->451342K(9175040K), 0.2100675 secs] 51095469K->43303223K(65798144K), 0.2103618 secs] [Times: user=1.37 sys=2.21, real=0.21 secs] 
2023-10-21T08:08:48.736+0800: 224271.017: [GC (Allocation Failure) 2023-10-21T08:08:48.736+0800: 224271.017: [ParNew: 8315662K->425208K(9175040K), 0.2226417 secs] 51167543K->43284507K(65798144K), 0.2230069 secs] [Times: user=1.63 sys=2.17, real=0.22 secs] 
2023-10-21T08:10:35.904+0800: 224378.186: [GC (Allocation Failure) 2023-10-21T08:10:35.905+0800: 224378.186: [ParNew: 8289528K->420838K(9175040K), 0.2622247 secs] 51148827K->43287758K(65798144K), 0.2626479 secs] [Times: user=1.21 sys=3.30, real=0.27 secs] 
2023-10-21T08:12:50.281+0800: 224512.562: [GC (Allocation Failure) 2023-10-21T08:12:50.281+0800: 224512.562: [ParNew: 8285158K->394743K(9175040K), 0.2490382 secs] 51152078K->43268658K(65798144K), 0.2493364 secs] [Times: user=1.43 sys=2.85, real=0.25 secs] 
2023-10-21T08:13:56.939+0800: 224579.221: [GC (Allocation Failure) 2023-10-21T08:13:56.940+0800: 224579.221: [ParNew: 8259063K->379491K(9175040K), 0.2405495 secs] 51132978K->43260022K(65798144K), 0.2408807 secs] [Times: user=1.25 sys=2.88, real=0.24 secs] 
2023-10-21T08:15:42.220+0800: 224684.502: [GC (Allocation Failure) 2023-10-21T08:15:42.220+0800: 224684.502: [ParNew: 8243811K->376585K(9175040K), 0.2097020 secs] 51124342K->43264013K(65798144K), 0.2099760 secs] [Times: user=1.04 sys=2.53, real=0.21 secs] 
2023-10-21T08:16:58.604+0800: 224760.885: [GC (Allocation Failure) 2023-10-21T08:16:58.604+0800: 224760.886: [ParNew: 8240905K->387599K(9175040K), 0.2580595 secs] 51128333K->43282560K(65798144K), 0.2583886 secs] [Times: user=1.11 sys=3.33, real=0.26 secs] 
2023-10-21T08:18:42.214+0800: 224864.495: [GC (Allocation Failure) 2023-10-21T08:18:42.214+0800: 224864.495: [ParNew: 8251919K->406121K(9175040K), 0.2566624 secs] 51146880K->43307902K(65798144K), 0.2570388 secs] [Times: user=1.28 sys=3.07, real=0.26 secs] 
2023-10-21T08:21:10.645+0800: 225012.926: [GC (Allocation Failure) 2023-10-21T08:21:10.645+0800: 225012.926: [ParNew: 8270441K->334788K(9175040K), 0.2339001 secs] 51172222K->43243026K(65798144K), 0.2341899 secs] [Times: user=1.50 sys=2.51, real=0.24 secs] 
2023-10-21T08:22:47.071+0800: 225109.352: [GC (Allocation Failure) 2023-10-21T08:22:47.071+0800: 225109.352: [ParNew: 8199108K->364820K(9175040K), 0.2844411 secs] 51107346K->43279913K(65798144K), 0.2847410 secs] [Times: user=1.57 sys=3.34, real=0.28 secs] 
2023-10-21T08:24:47.546+0800: 225229.827: [GC (Allocation Failure) 2023-10-21T08:24:47.546+0800: 225229.827: [ParNew: 8229140K->346507K(9175040K), 0.2451562 secs] 51144233K->43268902K(65798144K), 0.2454583 secs] [Times: user=1.20 sys=3.00, real=0.24 secs] 
2023-10-21T08:26:00.336+0800: 225302.617: [GC (Allocation Failure) 2023-10-21T08:26:00.336+0800: 225302.617: [ParNew: 8210827K->364029K(9175040K), 0.2252808 secs] 51133222K->43294143K(65798144K), 0.2255581 secs] [Times: user=1.00 sys=2.84, real=0.22 secs] 
2023-10-21T08:27:23.748+0800: 225386.029: [GC (Allocation Failure) 2023-10-21T08:27:23.748+0800: 225386.029: [ParNew: 8228349K->357015K(9175040K), 0.2181468 secs] 51158463K->43294284K(65798144K), 0.2184173 secs] [Times: user=1.33 sys=2.39, real=0.22 secs] 
2023-10-21T08:29:48.550+0800: 225530.831: [GC (Allocation Failure) 2023-10-21T08:29:48.550+0800: 225530.832: [ParNew: 8221335K->387434K(9175040K), 0.2576990 secs] 51158604K->43331964K(65798144K), 0.2579947 secs] [Times: user=1.40 sys=3.03, real=0.26 secs] 
2023-10-21T08:31:18.718+0800: 225620.999: [GC (Allocation Failure) 2023-10-21T08:31:18.718+0800: 225621.000: [ParNew: 8251754K->384767K(9175040K), 0.2722114 secs] 51196284K->43336639K(65798144K), 0.2726019 secs] [Times: user=1.41 sys=3.27, real=0.27 secs] 
2023-10-21T08:33:24.952+0800: 225747.233: [GC (Allocation Failure) 2023-10-21T08:33:24.952+0800: 225747.233: [ParNew: 8249087K->368267K(9175040K), 0.2117579 secs] 51200959K->43327109K(65798144K), 0.2120868 secs] [Times: user=1.18 sys=2.43, real=0.21 secs] 
2023-10-21T08:34:25.453+0800: 225807.735: [GC (Allocation Failure) 2023-10-21T08:34:25.454+0800: 225807.735: [ParNew: 8232587K->362061K(9175040K), 0.2179107 secs] 51191429K->43327867K(65798144K), 0.2181853 secs] [Times: user=0.91 sys=2.80, real=0.22 secs] 
2023-10-21T08:35:22.650+0800: 225864.932: [GC (Allocation Failure) 2023-10-21T08:35:22.651+0800: 225864.932: [ParNew: 8226381K->420463K(9175040K), 0.2324879 secs] 51192187K->43393518K(65798144K), 0.2327956 secs] [Times: user=1.44 sys=2.54, real=0.23 secs] 
2023-10-21T08:36:41.016+0800: 225943.298: [GC (Allocation Failure) 2023-10-21T08:36:41.016+0800: 225943.298: [ParNew: 8284783K->432743K(9175040K), 0.2200991 secs] 51257838K->43412975K(65798144K), 0.2203911 secs] [Times: user=1.37 sys=2.39, real=0.22 secs] 
2023-10-21T08:38:23.406+0800: 226045.688: [GC (Allocation Failure) 2023-10-21T08:38:23.406+0800: 226045.688: [ParNew: 8297063K->417702K(9175040K), 0.2334986 secs] 51277295K->43404812K(65798144K), 0.2337837 secs] [Times: user=1.06 sys=2.88, real=0.23 secs] 
2023-10-21T08:39:42.427+0800: 226124.708: [GC (Allocation Failure) 2023-10-21T08:39:42.427+0800: 226124.708: [ParNew: 8282022K->442733K(9175040K), 0.2713162 secs] 51269132K->43436718K(65798144K), 0.2716370 secs] [Times: user=1.28 sys=3.40, real=0.27 secs] 
2023-10-21T08:41:45.607+0800: 226247.889: [GC (Allocation Failure) 2023-10-21T08:41:45.607+0800: 226247.889: [ParNew: 8307053K->388840K(9175040K), 0.2335523 secs] 51301038K->43389939K(65798144K), 0.2338307 secs] [Times: user=1.41 sys=2.60, real=0.23 secs] 
2023-10-21T08:42:43.817+0800: 226306.099: [GC (Allocation Failure) 2023-10-21T08:42:43.818+0800: 226306.099: [ParNew: 8253160K->401806K(9175040K), 0.2255851 secs] 51254259K->43410060K(65798144K), 0.2259154 secs] [Times: user=1.17 sys=2.68, real=0.22 secs] 
2023-10-21T08:43:42.069+0800: 226364.350: [GC (Allocation Failure) 2023-10-21T08:43:42.069+0800: 226364.351: [ParNew: 8266126K->403259K(9175040K), 0.2141759 secs] 51274380K->43418829K(65798144K), 0.2144823 secs] [Times: user=1.00 sys=2.64, real=0.21 secs] 
2023-10-21T08:44:39.921+0800: 226422.202: [GC (Allocation Failure) 2023-10-21T08:44:39.921+0800: 226422.202: [ParNew: 8267579K->418506K(9175040K), 0.2148701 secs] 51283149K->43441134K(65798144K), 0.2151740 secs] [Times: user=1.04 sys=2.62, real=0.22 secs] 
2023-10-21T08:45:36.960+0800: 226479.241: [GC (Allocation Failure) 2023-10-21T08:45:36.960+0800: 226479.241: [ParNew: 8282826K->478206K(9175040K), 0.2171731 secs] 51305454K->43507745K(65798144K), 0.2175118 secs] [Times: user=1.10 sys=2.60, real=0.22 secs] 
2023-10-21T08:47:24.264+0800: 226586.545: [GC (Allocation Failure) 2023-10-21T08:47:24.264+0800: 226586.545: [ParNew: 8342526K->439854K(9175040K), 0.2172963 secs] 51372065K->43475998K(65798144K), 0.2176166 secs] [Times: user=1.31 sys=2.40, real=0.22 secs] 
2023-10-21T08:48:20.750+0800: 226643.031: [GC (Allocation Failure) 2023-10-21T08:48:20.750+0800: 226643.031: [ParNew: 8304174K->456637K(9175040K), 0.2016959 secs] 51340318K->43499621K(65798144K), 0.2020080 secs] [Times: user=1.01 sys=2.42, real=0.20 secs] 
2023-10-21T08:50:23.354+0800: 226765.635: [GC (Allocation Failure) 2023-10-21T08:50:23.354+0800: 226765.635: [ParNew: 8320957K->383944K(9175040K), 0.2413444 secs] 51363941K->43433719K(65798144K), 0.2416205 secs] [Times: user=1.14 sys=3.00, real=0.25 secs] 
2023-10-21T08:51:40.013+0800: 226842.294: [GC (Allocation Failure) 2023-10-21T08:51:40.013+0800: 226842.294: [ParNew: 8248264K->416323K(9175040K), 0.2362937 secs] 51298039K->43473046K(65798144K), 0.2366198 secs] [Times: user=1.12 sys=2.92, real=0.24 secs] 
2023-10-21T08:52:42.853+0800: 226905.134: [GC (Allocation Failure) 2023-10-21T08:52:42.853+0800: 226905.134: [ParNew: 8280643K->432370K(9175040K), 0.2222051 secs] 51337366K->43495512K(65798144K), 0.2225483 secs] [Times: user=1.01 sys=2.73, real=0.22 secs] 
2023-10-21T08:53:49.196+0800: 226971.478: [GC (Allocation Failure) 2023-10-21T08:53:49.197+0800: 226971.478: [ParNew: 8296690K->415426K(9175040K), 0.2043384 secs] 51359832K->43485415K(65798144K), 0.2046195 secs] [Times: user=1.21 sys=2.26, real=0.20 secs] 
2023-10-21T08:55:07.178+0800: 227049.459: [GC (Allocation Failure) 2023-10-21T08:55:07.178+0800: 227049.459: [ParNew: 8279746K->505247K(9175040K), 0.2537189 secs] 51349735K->43581592K(65798144K), 0.2540669 secs] [Times: user=1.21 sys=3.15, real=0.25 secs] 
2023-10-21T08:57:02.536+0800: 227164.817: [GC (Allocation Failure) 2023-10-21T08:57:02.536+0800: 227164.817: [ParNew: 8369567K->469080K(9175040K), 0.2528514 secs] 51445912K->43552230K(65798144K), 0.2532290 secs] [Times: user=1.60 sys=2.74, real=0.25 secs] 
2023-10-21T08:59:06.276+0800: 227288.557: [GC (Allocation Failure) 2023-10-21T08:59:06.276+0800: 227288.557: [ParNew: 8333400K->401082K(9175040K), 0.2318813 secs] 51416550K->43491143K(65798144K), 0.2321688 secs] [Times: user=1.02 sys=2.94, real=0.23 secs] 
2023-10-21T09:00:01.922+0800: 227344.203: [GC (Allocation Failure) 2023-10-21T09:00:01.922+0800: 227344.203: [ParNew: 8265402K->372922K(9175040K), 0.1916263 secs] 51355463K->43469440K(65798144K), 0.1919141 secs] [Times: user=0.94 sys=2.30, real=0.19 secs] 
2023-10-21T09:00:49.789+0800: 227392.071: [GC (Allocation Failure) 2023-10-21T09:00:49.790+0800: 227392.071: [ParNew: 8237242K->402988K(9175040K), 0.2002984 secs] 51333760K->43506504K(65798144K), 0.2006695 secs] [Times: user=1.08 sys=2.31, real=0.20 secs] 
2023-10-21T09:02:10.880+0800: 227473.161: [GC (Allocation Failure) 2023-10-21T09:02:10.880+0800: 227473.161: [ParNew: 8267308K->441814K(9175040K), 0.2022619 secs] 51370824K->43552205K(65798144K), 0.2025811 secs] [Times: user=0.90 sys=2.54, real=0.20 secs] 
2023-10-21T09:04:08.087+0800: 227590.369: [GC (Allocation Failure) 2023-10-21T09:04:08.088+0800: 227590.369: [ParNew: 8306134K->471909K(9175040K), 0.2612841 secs] 51416525K->43589140K(65798144K), 0.2616381 secs] [Times: user=1.65 sys=2.85, real=0.26 secs] 
2023-10-21T09:05:14.662+0800: 227656.943: [GC (Allocation Failure) 2023-10-21T09:05:14.662+0800: 227656.943: [ParNew: 8336229K->446126K(9175040K), 0.2275395 secs] 51453460K->43570053K(65798144K), 0.2278736 secs] [Times: user=0.89 sys=3.00, real=0.23 secs] 
2023-10-21T09:07:32.966+0800: 227795.248: [GC (Allocation Failure) 2023-10-21T09:07:32.967+0800: 227795.248: [ParNew: 8310446K->352929K(9175040K), 0.2316874 secs] 51434373K->43483654K(65798144K), 0.2320594 secs] [Times: user=1.25 sys=2.72, real=0.23 secs] 
2023-10-21T09:08:31.224+0800: 227853.505: [GC (Allocation Failure) 2023-10-21T09:08:31.224+0800: 227853.505: [ParNew: 8217249K->372183K(9175040K), 0.2038840 secs] 51347974K->43509982K(65798144K), 0.2042143 secs] [Times: user=0.99 sys=2.47, real=0.21 secs] 
2023-10-21T09:09:28.324+0800: 227910.606: [GC (Allocation Failure) 2023-10-21T09:09:28.325+0800: 227910.606: [ParNew: 8236503K->392500K(9175040K), 0.2037447 secs] 51374302K->43536948K(65798144K), 0.2040973 secs] [Times: user=0.96 sys=2.51, real=0.21 secs] 
2023-10-21T09:10:17.306+0800: 227959.587: [GC (Allocation Failure) 2023-10-21T09:10:17.306+0800: 227959.587: [ParNew: 8256818K->406925K(9175040K), 0.2383590 secs] 51401267K->43558194K(65798144K), 0.2387505 secs] [Times: user=1.50 sys=2.81, real=0.24 secs] 
2023-10-21T09:11:45.875+0800: 228048.156: [GC (Allocation Failure) 2023-10-21T09:11:45.875+0800: 228048.157: [ParNew: 8271245K->449236K(9175040K), 0.2546975 secs] 51422514K->43607409K(65798144K), 0.2550736 secs] [Times: user=1.59 sys=2.77, real=0.26 secs] 
2023-10-21T09:13:08.880+0800: 228131.161: [GC (Allocation Failure) 2023-10-21T09:13:08.880+0800: 228131.161: [ParNew: 8313556K->446091K(9175040K), 0.2366321 secs] 51471729K->43611079K(65798144K), 0.2369516 secs] [Times: user=1.28 sys=2.69, real=0.24 secs] 
2023-10-21T09:14:13.078+0800: 228195.359: [GC (Allocation Failure) 2023-10-21T09:14:13.078+0800: 228195.359: [ParNew: 8310411K->489794K(9175040K), 0.2373799 secs] 51475399K->43661666K(65798144K), 0.2376499 secs] [Times: user=1.36 sys=2.72, real=0.24 secs] 
2023-10-21T09:15:41.429+0800: 228283.710: [GC (Allocation Failure) 2023-10-21T09:15:41.429+0800: 228283.710: [ParNew: 8354114K->453212K(9175040K), 0.2190367 secs] 51525986K->43632015K(65798144K), 0.2193189 secs] [Times: user=1.33 sys=2.41, real=0.22 secs] 
2023-10-21T09:16:27.494+0800: 228329.775: [GC (Allocation Failure) 2023-10-21T09:16:27.494+0800: 228329.776: [ParNew: 8317532K->439365K(9175040K), 0.2000293 secs] 51496335K->43625309K(65798144K), 0.2003373 secs] [Times: user=1.10 sys=2.30, real=0.20 secs] 
2023-10-21T09:17:22.323+0800: 228384.604: [GC (Allocation Failure) 2023-10-21T09:17:22.323+0800: 228384.604: [ParNew: 8303685K->484924K(9175040K), 0.2334676 secs] 51489629K->43677757K(65798144K), 0.2338223 secs] [Times: user=1.51 sys=2.49, real=0.24 secs] 
2023-10-21T09:18:27.560+0800: 228449.841: [GC (Allocation Failure) 2023-10-21T09:18:27.560+0800: 228449.842: [ParNew: 8349244K->478439K(9175040K), 0.2194004 secs] 51542077K->43678177K(65798144K), 0.2197185 secs] [Times: user=1.20 sys=2.49, real=0.22 secs] 
2023-10-21T09:19:50.738+0800: 228533.020: [GC (Allocation Failure) 2023-10-21T09:19:50.739+0800: 228533.020: [ParNew: 8342759K->440304K(9175040K), 0.2544764 secs] 51542497K->43646724K(65798144K), 0.2547723 secs] [Times: user=1.54 sys=2.83, real=0.25 secs] 
2023-10-21T09:21:17.537+0800: 228619.819: [GC (Allocation Failure) 2023-10-21T09:21:17.537+0800: 228619.819: [ParNew: 8304624K->506195K(9175040K), 0.2678080 secs] 51511044K->43719437K(65798144K), 0.2681206 secs] [Times: user=1.39 sys=3.11, real=0.26 secs] 
2023-10-21T09:22:29.386+0800: 228691.667: [GC (Allocation Failure) 2023-10-21T09:22:29.386+0800: 228691.667: [ParNew: 8370515K->467398K(9175040K), 0.2525248 secs] 51583757K->43687569K(65798144K), 0.2529142 secs] [Times: user=1.16 sys=3.17, real=0.25 secs] 
2023-10-21T09:23:36.331+0800: 228758.612: [GC (Allocation Failure) 2023-10-21T09:23:36.331+0800: 228758.612: [ParNew: 8331718K->449604K(9175040K), 0.2453283 secs] 51551889K->43676575K(65798144K), 0.2457408 secs] [Times: user=1.32 sys=2.88, real=0.25 secs] 
2023-10-21T09:24:27.303+0800: 228809.584: [GC (Allocation Failure) 2023-10-21T09:24:27.303+0800: 228809.585: [ParNew: 8313924K->507496K(9175040K), 0.2499328 secs] 51540895K->43741142K(65798144K), 0.2502954 secs] [Times: user=1.45 sys=2.84, real=0.25 secs] 
2023-10-21T09:25:23.600+0800: 228865.882: [GC (Allocation Failure) 2023-10-21T09:25:23.601+0800: 228865.882: [ParNew: 8371816K->519659K(9175040K), 0.2356075 secs] 51605462K->43759796K(65798144K), 0.2359176 secs] [Times: user=1.24 sys=2.79, real=0.24 secs] 
2023-10-21T09:26:17.336+0800: 228919.617: [GC (Allocation Failure) 2023-10-21T09:26:17.336+0800: 228919.618: [ParNew: 8383979K->455501K(9175040K), 0.2532668 secs] 51624116K->43702402K(65798144K), 0.2535966 secs] [Times: user=1.54 sys=2.79, real=0.25 secs] 
2023-10-21T09:27:55.793+0800: 229018.074: [GC (Allocation Failure) 2023-10-21T09:27:55.793+0800: 229018.075: [ParNew: 8319821K->454846K(9175040K), 0.2289595 secs] 51566722K->43708708K(65798144K), 0.2293201 secs] [Times: user=1.40 sys=2.51, real=0.23 secs] 
2023-10-21T09:29:20.013+0800: 229102.294: [GC (Allocation Failure) 2023-10-21T09:29:20.013+0800: 229102.294: [ParNew: 8319166K->446225K(9175040K), 0.2120159 secs] 51573028K->43707243K(65798144K), 0.2123138 secs] [Times: user=1.09 sys=2.53, real=0.21 secs] 
2023-10-21T09:30:47.678+0800: 229189.959: [GC (Allocation Failure) 2023-10-21T09:30:47.678+0800: 229189.959: [ParNew: 8310545K->414508K(9175040K), 0.2675113 secs] 51571563K->43682282K(65798144K), 0.2678655 secs] [Times: user=1.19 sys=3.43, real=0.26 secs] 
2023-10-21T09:31:46.963+0800: 229249.245: [GC (Allocation Failure) 2023-10-21T09:31:46.964+0800: 229249.245: [ParNew: 8278828K->461215K(9175040K), 0.2664694 secs] 51546602K->43735876K(65798144K), 0.2668109 secs] [Times: user=1.25 sys=3.32, real=0.27 secs] 
2023-10-21T09:32:36.862+0800: 229299.143: [GC (Allocation Failure) 2023-10-21T09:32:36.862+0800: 229299.143: [ParNew: 8325535K->478674K(9175040K), 0.1875637 secs] 51600196K->43759906K(65798144K), 0.1878962 secs] [Times: user=0.86 sys=2.31, real=0.19 secs] 
2023-10-21T09:33:35.947+0800: 229358.228: [GC (Allocation Failure) 2023-10-21T09:33:35.947+0800: 229358.228: [ParNew: 8342994K->481725K(9175040K), 0.2620852 secs] 51624226K->43769520K(65798144K), 0.2624968 secs] [Times: user=1.32 sys=3.19, real=0.26 secs] 
2023-10-21T09:34:41.333+0800: 229423.614: [GC (Allocation Failure) 2023-10-21T09:34:41.333+0800: 229423.614: [ParNew: 8346045K->485982K(9175040K), 0.2845416 secs] 51633840K->43780402K(65798144K), 0.2848962 secs] [Times: user=1.90 sys=3.00, real=0.29 secs] 
2023-10-21T09:36:11.443+0800: 229513.724: [GC (Allocation Failure) 2023-10-21T09:36:11.443+0800: 229513.724: [ParNew: 8350302K->445688K(9175040K), 0.2650168 secs] 51644722K->43746987K(65798144K), 0.2652914 secs] [Times: user=1.60 sys=2.96, real=0.27 secs] 
2023-10-21T09:37:22.401+0800: 229584.682: [GC (Allocation Failure) 2023-10-21T09:37:22.401+0800: 229584.683: [ParNew: 8310008K->431755K(9175040K), 0.2462705 secs] 51611307K->43739975K(65798144K), 0.2465689 secs] [Times: user=1.50 sys=2.72, real=0.25 secs] 
2023-10-21T09:38:33.629+0800: 229655.910: [GC (Allocation Failure) 2023-10-21T09:38:33.629+0800: 229655.911: [ParNew: 8296075K->469216K(9175040K), 0.2321540 secs] 51604295K->43784326K(65798144K), 0.2325730 secs] [Times: user=1.46 sys=2.51, real=0.23 secs] 
2023-10-21T09:39:24.363+0800: 229706.644: [GC (Allocation Failure) 2023-10-21T09:39:24.363+0800: 229706.644: [ParNew: 8333536K->439495K(9175040K), 0.2410197 secs] 51648646K->43761400K(65798144K), 0.2413333 secs] [Times: user=1.55 sys=2.58, real=0.24 secs] 
2023-10-21T09:40:18.963+0800: 229761.244: [GC (Allocation Failure) 2023-10-21T09:40:18.963+0800: 229761.244: [ParNew: 8303815K->458426K(9175040K), 0.2257609 secs] 51625720K->43786738K(65798144K), 0.2260864 secs] [Times: user=1.37 sys=2.48, real=0.23 secs] 
2023-10-21T09:41:37.712+0800: 229839.993: [GC (Allocation Failure) 2023-10-21T09:41:37.712+0800: 229839.993: [ParNew: 8322746K->506708K(9175040K), 0.2188214 secs] 51651058K->43841735K(65798144K), 0.2191712 secs] [Times: user=1.32 sys=2.42, real=0.22 secs] 
2023-10-21T09:42:44.063+0800: 229906.344: [GC (Allocation Failure) 2023-10-21T09:42:44.063+0800: 229906.344: [ParNew: 8371028K->465014K(9175040K), 0.2022157 secs] 51706055K->43806779K(65798144K), 0.2024940 secs] [Times: user=1.26 sys=2.18, real=0.20 secs] 
2023-10-21T09:44:02.354+0800: 229984.635: [GC (Allocation Failure) 2023-10-21T09:44:02.354+0800: 229984.635: [ParNew: 8329334K->424964K(9175040K), 0.1943341 secs] 51671099K->43773460K(65798144K), 0.1946183 secs] [Times: user=0.96 sys=2.34, real=0.20 secs] 
2023-10-21T09:45:11.243+0800: 230053.525: [GC (Allocation Failure) 2023-10-21T09:45:11.244+0800: 230053.525: [ParNew: 8289284K->440380K(9175040K), 0.2044744 secs] 51637780K->43795925K(65798144K), 0.2047641 secs] [Times: user=1.03 sys=2.45, real=0.21 secs] 
2023-10-21T09:46:24.937+0800: 230127.218: [GC (Allocation Failure) 2023-10-21T09:46:24.937+0800: 230127.218: [ParNew: 8304700K->471693K(9175040K), 0.2568104 secs] 51660245K->43834171K(65798144K), 0.2571063 secs] [Times: user=1.16 sys=3.24, real=0.25 secs] 
2023-10-21T09:47:47.323+0800: 230209.605: [GC (Allocation Failure) 2023-10-21T09:47:47.324+0800: 230209.605: [ParNew: 8336013K->470269K(9175040K), 0.2706565 secs] 51698491K->43839751K(65798144K), 0.2710228 secs] [Times: user=1.59 sys=3.07, real=0.27 secs] 
2023-10-21T09:49:06.522+0800: 230288.803: [GC (Allocation Failure) 2023-10-21T09:49:06.522+0800: 230288.803: [ParNew: 8334589K->435122K(9175040K), 0.2316403 secs] 51704071K->43811277K(65798144K), 0.2319792 secs] [Times: user=1.08 sys=2.89, real=0.23 secs] 
2023-10-21T09:50:17.325+0800: 230359.606: [GC (Allocation Failure) 2023-10-21T09:50:17.325+0800: 230359.607: [ParNew: 8299442K->427957K(9175040K), 0.2247508 secs] 51675597K->43810401K(65798144K), 0.2250970 secs] [Times: user=1.40 sys=2.49, real=0.23 secs] 
2023-10-21T09:51:17.469+0800: 230419.750: [GC (Allocation Failure) 2023-10-21T09:51:17.469+0800: 230419.750: [ParNew: 8292277K->455064K(9175040K), 0.2184149 secs] 51674721K->43844330K(65798144K), 0.2187224 secs] [Times: user=0.98 sys=2.74, real=0.22 secs] 
2023-10-21T09:52:24.305+0800: 230486.586: [GC (Allocation Failure) 2023-10-21T09:52:24.305+0800: 230486.586: [ParNew: 8319384K->447681K(9175040K), 0.2317830 secs] 51708650K->43843821K(65798144K), 0.2320545 secs] [Times: user=1.43 sys=2.54, real=0.24 secs] 
2023-10-21T09:53:25.604+0800: 230547.885: [GC (Allocation Failure) 2023-10-21T09:53:25.604+0800: 230547.885: [ParNew: 8312001K->513781K(9175040K), 0.2217388 secs] 51708141K->43916817K(65798144K), 0.2220987 secs] [Times: user=1.07 sys=2.67, real=0.23 secs] 
2023-10-21T09:55:08.381+0800: 230650.662: [GC (Allocation Failure) 2023-10-21T09:55:08.381+0800: 230650.662: [ParNew: 8378101K->418805K(9175040K), 0.2044435 secs] 51781137K->43828619K(65798144K), 0.2047316 secs] [Times: user=0.98 sys=2.45, real=0.20 secs] 
2023-10-21T09:56:35.029+0800: 230737.310: [GC (Allocation Failure) 2023-10-21T09:56:35.029+0800: 230737.310: [ParNew: 8283125K->373795K(9175040K), 0.2619543 secs] 51692939K->43790516K(65798144K), 0.2622736 secs] [Times: user=1.36 sys=3.15, real=0.26 secs] 
2023-10-21T09:57:41.594+0800: 230803.875: [GC (Allocation Failure) 2023-10-21T09:57:41.594+0800: 230803.875: [ParNew: 8238115K->422135K(9175040K), 0.2344512 secs] 51654836K->43845401K(65798144K), 0.2347193 secs] [Times: user=1.10 sys=2.91, real=0.24 secs] 
2023-10-21T09:58:34.249+0800: 230856.530: [GC (Allocation Failure) 2023-10-21T09:58:34.249+0800: 230856.530: [ParNew: 8286455K->432177K(9175040K), 0.2350754 secs] 51709721K->43861889K(65798144K), 0.2354284 secs] [Times: user=1.25 sys=2.77, real=0.23 secs] 
2023-10-21T09:59:24.493+0800: 230906.774: [GC (Allocation Failure) 2023-10-21T09:59:24.493+0800: 230906.774: [ParNew: 8296497K->448596K(9175040K), 0.2648361 secs] 51726209K->43885360K(65798144K), 0.2652170 secs] [Times: user=1.73 sys=2.82, real=0.27 secs] 
2023-10-21T10:00:10.629+0800: 230952.910: [GC (Allocation Failure) 2023-10-21T10:00:10.629+0800: 230952.910: [ParNew: 8312916K->504452K(9175040K), 0.2492562 secs] 51749680K->43948030K(65798144K), 0.2495920 secs] [Times: user=1.17 sys=3.09, real=0.25 secs] 
2023-10-21T10:01:18.481+0800: 231020.763: [GC (Allocation Failure) 2023-10-21T10:01:18.482+0800: 231020.763: [ParNew: 8368772K->522720K(9175040K), 0.2719074 secs] 51812350K->43972916K(65798144K), 0.2722551 secs] [Times: user=1.30 sys=3.39, real=0.27 secs] 
2023-10-21T10:02:21.020+0800: 231083.301: [GC (Allocation Failure) 2023-10-21T10:02:21.020+0800: 231083.302: [ParNew: 8387040K->517835K(9175040K), 0.2486831 secs] 51837236K->43974748K(65798144K), 0.2490268 secs] [Times: user=1.17 sys=3.08, real=0.25 secs] 
2023-10-21T10:03:19.341+0800: 231141.622: [GC (Allocation Failure) 2023-10-21T10:03:19.341+0800: 231141.622: [ParNew: 8382155K->511105K(9175040K), 0.2297911 secs] 51839068K->43974762K(65798144K), 0.2301343 secs] [Times: user=1.26 sys=2.65, real=0.23 secs] 
2023-10-21T10:04:00.701+0800: 231182.982: [GC (Allocation Failure) 2023-10-21T10:04:00.701+0800: 231182.983: [ParNew: 8375425K->531345K(9175040K), 0.2216715 secs] 51839082K->44001555K(65798144K), 0.2221050 secs] [Times: user=1.11 sys=2.65, real=0.22 secs] 
2023-10-21T10:04:34.717+0800: 231216.998: [GC (Allocation Failure) 2023-10-21T10:04:34.717+0800: 231216.998: [ParNew: 8395665K->556442K(9175040K), 0.1545840 secs] 51865875K->44033503K(65798144K), 0.1548976 secs] [Times: user=1.13 sys=1.44, real=0.15 secs] 
2023-10-21T10:05:16.240+0800: 231258.522: [GC (Allocation Failure) 2023-10-21T10:05:16.241+0800: 231258.522: [ParNew: 8420762K->512695K(9175040K), 0.2008074 secs] 51897823K->43996641K(65798144K), 0.2011321 secs] [Times: user=1.21 sys=2.19, real=0.20 secs] 
2023-10-21T10:06:07.817+0800: 231310.099: [GC (Allocation Failure) 2023-10-21T10:06:07.817+0800: 231310.099: [ParNew: 8377015K->561533K(9175040K), 0.2081351 secs] 51860961K->44052268K(65798144K), 0.2084464 secs] [Times: user=1.41 sys=2.13, real=0.21 secs] 
2023-10-21T10:06:55.283+0800: 231357.564: [GC (Allocation Failure) 2023-10-21T10:06:55.283+0800: 231357.564: [ParNew: 8425853K->553068K(9175040K), 0.2225700 secs] 51916588K->44050578K(65798144K), 0.2229579 secs] [Times: user=1.30 sys=2.49, real=0.23 secs] 
2023-10-21T10:07:56.239+0800: 231418.520: [GC (Allocation Failure) 2023-10-21T10:07:56.239+0800: 231418.520: [ParNew: 8417388K->612024K(9175040K), 0.2334536 secs] 51914898K->44116011K(65798144K), 0.2338100 secs] [Times: user=1.08 sys=2.90, real=0.23 secs] 
2023-10-21T10:08:56.715+0800: 231478.996: [GC (Allocation Failure) 2023-10-21T10:08:56.715+0800: 231478.997: [ParNew: 8476344K->570322K(9175040K), 0.2402357 secs] 51980331K->44080442K(65798144K), 0.2405664 secs] [Times: user=1.44 sys=2.66, real=0.25 secs] 
2023-10-21T10:10:03.324+0800: 231545.605: [GC (Allocation Failure) 2023-10-21T10:10:03.324+0800: 231545.605: [ParNew: 8434642K->530967K(9175040K), 0.2346022 secs] 51944762K->44047884K(65798144K), 0.2348883 secs] [Times: user=1.47 sys=2.49, real=0.24 secs] 
2023-10-21T10:10:53.793+0800: 231596.074: [GC (Allocation Failure) 2023-10-21T10:10:53.793+0800: 231596.074: [ParNew: 8395287K->465969K(9175040K), 0.2178984 secs] 51912204K->43989765K(65798144K), 0.2181963 secs] [Times: user=1.45 sys=2.25, real=0.22 secs] 
2023-10-21T10:11:42.704+0800: 231644.985: [GC (Allocation Failure) 2023-10-21T10:11:42.704+0800: 231644.985: [ParNew: 8330289K->475748K(9175040K), 0.2213915 secs] 51854085K->44006331K(65798144K), 0.2216907 secs] [Times: user=1.05 sys=2.72, real=0.23 secs] 
2023-10-21T10:12:55.023+0800: 231717.304: [GC (Allocation Failure) 2023-10-21T10:12:55.023+0800: 231717.304: [ParNew: 8340068K->490197K(9175040K), 0.2325688 secs] 51870651K->44027093K(65798144K), 0.2328619 secs] [Times: user=1.32 sys=2.69, real=0.23 secs] 
2023-10-21T10:14:19.056+0800: 231801.337: [GC (Allocation Failure) 2023-10-21T10:14:19.056+0800: 231801.337: [ParNew: 8354517K->512909K(9175040K), 0.2264743 secs] 51891413K->44056327K(65798144K), 0.2267668 secs] [Times: user=1.33 sys=2.53, real=0.23 secs] 
2023-10-21T10:16:00.663+0800: 231902.944: [GC (Allocation Failure) 2023-10-21T10:16:00.663+0800: 231902.945: [ParNew: 8377229K->452682K(9175040K), 0.3549404 secs] 51920647K->44003005K(65798144K), 0.3553570 secs] [Times: user=1.59 sys=4.52, real=0.36 secs] 
2023-10-21T10:17:30.051+0800: 231992.333: [GC (Allocation Failure) 2023-10-21T10:17:30.052+0800: 231992.333: [ParNew: 8317002K->379660K(9175040K), 0.2611634 secs] 51867325K->43936827K(65798144K), 0.2615600 secs] [Times: user=1.81 sys=2.68, real=0.26 secs] 
2023-10-21T10:18:51.847+0800: 232074.128: [GC (Allocation Failure) 2023-10-21T10:18:51.847+0800: 232074.128: [ParNew: 8243980K->396034K(9175040K), 0.2649028 secs] 51801147K->43959988K(65798144K), 0.2652688 secs] [Times: user=1.74 sys=2.79, real=0.26 secs] 
2023-10-21T10:20:35.982+0800: 232178.263: [GC (Allocation Failure) 2023-10-21T10:20:35.982+0800: 232178.264: [ParNew: 8260354K->365533K(9175040K), 0.2169008 secs] 51824308K->43936000K(65798144K), 0.2171798 secs] [Times: user=1.36 sys=2.34, real=0.22 secs] 
2023-10-21T10:22:45.085+0800: 232307.367: [GC (Allocation Failure) 2023-10-21T10:22:45.085+0800: 232307.367: [ParNew: 8229853K->384138K(9175040K), 0.2518679 secs] 51800320K->43960886K(65798144K), 0.2521641 secs] [Times: user=1.31 sys=3.04, real=0.26 secs] 
2023-10-21T10:24:19.919+0800: 232402.200: [GC (Allocation Failure) 2023-10-21T10:24:19.919+0800: 232402.201: [ParNew: 8248458K->396279K(9175040K), 0.2203732 secs] 51825206K->43979460K(65798144K), 0.2207323 secs] [Times: user=1.19 sys=2.60, real=0.22 secs] 
2023-10-21T10:25:28.379+0800: 232470.661: [GC (Allocation Failure) 2023-10-21T10:25:28.379+0800: 232470.661: [ParNew: 8260599K->357039K(9175040K), 0.2060026 secs] 51843780K->43946981K(65798144K), 0.2062714 secs] [Times: user=0.88 sys=2.64, real=0.20 secs] 
2023-10-21T10:26:55.196+0800: 232557.477: [GC (Allocation Failure) 2023-10-21T10:26:55.196+0800: 232557.477: [ParNew: 8221359K->471940K(9175040K), 0.2181843 secs] 51811301K->44068131K(65798144K), 0.2184565 secs] [Times: user=1.08 sys=2.64, real=0.22 secs] 
2023-10-21T10:28:41.563+0800: 232663.844: [GC (Allocation Failure) 2023-10-21T10:28:41.563+0800: 232663.844: [ParNew: 8336260K->361337K(9175040K), 0.2425575 secs] 51932451K->43964424K(65798144K), 0.2428388 secs] [Times: user=1.25 sys=2.93, real=0.25 secs] 
2023-10-21T10:30:28.109+0800: 232770.390: [GC (Allocation Failure) 2023-10-21T10:30:28.109+0800: 232770.391: [ParNew: 8225657K->394662K(9175040K), 0.2314124 secs] 51828744K->44004593K(65798144K), 0.2317685 secs] [Times: user=1.00 sys=2.99, real=0.23 secs] 
2023-10-21T10:31:56.635+0800: 232858.916: [GC (Allocation Failure) 2023-10-21T10:31:56.635+0800: 232858.916: [ParNew: 8258982K->370813K(9175040K), 0.2094396 secs] 51868913K->43987445K(65798144K), 0.2097081 secs] [Times: user=0.94 sys=2.65, real=0.21 secs] 
2023-10-21T10:33:45.293+0800: 232967.574: [GC (Allocation Failure) 2023-10-21T10:33:45.293+0800: 232967.574: [ParNew: 8235133K->404052K(9175040K), 0.2455465 secs] 51851765K->44027456K(65798144K), 0.2458740 secs] [Times: user=1.25 sys=2.97, real=0.25 secs] 
2023-10-21T10:35:22.579+0800: 233064.861: [GC (Allocation Failure) 2023-10-21T10:35:22.579+0800: 233064.861: [ParNew: 8268372K->419335K(9175040K), 0.2266937 secs] 51891776K->44049325K(65798144K), 0.2269644 secs] [Times: user=1.15 sys=2.74, real=0.23 secs] 
2023-10-21T10:37:05.937+0800: 233168.218: [GC (Allocation Failure) 2023-10-21T10:37:05.937+0800: 233168.219: [ParNew: 8283655K->359292K(9175040K), 0.2118882 secs] 51913645K->43996101K(65798144K), 0.2121499 secs] [Times: user=1.01 sys=2.61, real=0.21 secs] 
2023-10-21T10:38:36.450+0800: 233258.731: [GC (Allocation Failure) 2023-10-21T10:38:36.450+0800: 233258.732: [ParNew: 8223612K->405233K(9175040K), 0.2519232 secs] 51860421K->44048988K(65798144K), 0.2522931 secs] [Times: user=1.30 sys=3.03, real=0.25 secs] 
2023-10-21T10:39:43.342+0800: 233325.623: [GC (Allocation Failure) 2023-10-21T10:39:43.342+0800: 233325.623: [ParNew: 8269553K->380005K(9175040K), 0.2342449 secs] 51913308K->44030263K(65798144K), 0.2345955 secs] [Times: user=0.97 sys=2.95, real=0.24 secs] 
2023-10-21T10:41:06.314+0800: 233408.595: [GC (Allocation Failure) 2023-10-21T10:41:06.314+0800: 233408.595: [ParNew: 8244325K->449588K(9175040K), 0.2229597 secs] 51894583K->44106907K(65798144K), 0.2232844 secs] [Times: user=1.26 sys=2.55, real=0.23 secs] 
2023-10-21T10:43:01.745+0800: 233524.026: [GC (Allocation Failure) 2023-10-21T10:43:01.745+0800: 233524.026: [ParNew: 8313908K->418524K(9175040K), 0.2483069 secs] 51971227K->44082828K(65798144K), 0.2486072 secs] [Times: user=1.32 sys=2.95, real=0.25 secs] 
2023-10-21T10:44:34.967+0800: 233617.249: [GC (Allocation Failure) 2023-10-21T10:44:34.967+0800: 233617.249: [ParNew: 8282844K->340363K(9175040K), 0.2193368 secs] 51947148K->44011682K(65798144K), 0.2196465 secs] [Times: user=1.07 sys=2.59, real=0.22 secs] 
2023-10-21T10:46:12.400+0800: 233714.681: [GC (Allocation Failure) 2023-10-21T10:46:12.400+0800: 233714.681: [ParNew: 8204683K->414349K(9175040K), 0.2369557 secs] 51876002K->44092674K(65798144K), 0.2373517 secs] [Times: user=1.25 sys=2.83, real=0.24 secs] 
2023-10-21T10:47:35.048+0800: 233797.329: [GC (Allocation Failure) 2023-10-21T10:47:35.048+0800: 233797.330: [ParNew: 8278669K->368317K(9175040K), 0.2343868 secs] 51956994K->44053622K(65798144K), 0.2347605 secs] [Times: user=1.19 sys=2.80, real=0.23 secs] 
2023-10-21T10:49:38.689+0800: 233920.970: [GC (Allocation Failure) 2023-10-21T10:49:38.689+0800: 233920.971: [ParNew: 8232637K->388699K(9175040K), 0.1953123 secs] 51917942K->44080428K(65798144K), 0.1956012 secs] [Times: user=1.20 sys=2.12, real=0.19 secs] 
2023-10-21T10:51:03.878+0800: 234006.160: [GC (Allocation Failure) 2023-10-21T10:51:03.878+0800: 234006.160: [ParNew: 8253019K->432278K(9175040K), 0.2587250 secs] 51944748K->44130968K(65798144K), 0.2590395 secs] [Times: user=1.08 sys=3.38, real=0.26 secs] 
2023-10-21T10:52:10.658+0800: 234072.939: [GC (Allocation Failure) 2023-10-21T10:52:10.658+0800: 234072.939: [ParNew: 8296598K->398836K(9175040K), 0.2411992 secs] 51995288K->44104560K(65798144K), 0.2414790 secs] [Times: user=1.26 sys=2.88, real=0.24 secs] 
2023-10-21T10:53:12.922+0800: 234135.203: [GC (Allocation Failure) 2023-10-21T10:53:12.922+0800: 234135.204: [ParNew: 8263156K->421838K(9175040K), 0.2562218 secs] 51968880K->44134710K(65798144K), 0.2565007 secs] [Times: user=1.76 sys=2.65, real=0.26 secs] 
2023-10-21T10:54:30.866+0800: 234213.147: [GC (Allocation Failure) 2023-10-21T10:54:30.866+0800: 234213.148: [ParNew: 8286158K->473980K(9175040K), 0.2429116 secs] 51999030K->44193834K(65798144K), 0.2432517 secs] [Times: user=1.45 sys=2.72, real=0.24 secs] 
2023-10-21T10:55:24.264+0800: 234266.545: [GC (Allocation Failure) 2023-10-21T10:55:24.264+0800: 234266.545: [ParNew: 8338300K->463594K(9175040K), 0.2328535 secs] 52058154K->44190420K(65798144K), 0.2331363 secs] [Times: user=1.44 sys=2.55, real=0.24 secs] 
2023-10-21T10:56:35.282+0800: 234337.564: [GC (Allocation Failure) 2023-10-21T10:56:35.282+0800: 234337.564: [ParNew: 8327914K->468805K(9175040K), 0.2353796 secs] 52054740K->44202175K(65798144K), 0.2356515 secs] [Times: user=1.57 sys=2.46, real=0.24 secs] 
2023-10-21T10:57:36.641+0800: 234398.922: [GC (Allocation Failure) 2023-10-21T10:57:36.641+0800: 234398.923: [ParNew: 8333125K->475812K(9175040K), 0.2181204 secs] 52066495K->44216145K(65798144K), 0.2185263 secs] [Times: user=1.40 sys=2.33, real=0.22 secs] 
2023-10-21T10:58:24.624+0800: 234446.906: [GC (Allocation Failure) 2023-10-21T10:58:24.625+0800: 234446.906: [ParNew: 8340132K->486191K(9175040K), 0.2279373 secs] 52080465K->44233521K(65798144K), 0.2282910 secs] [Times: user=1.66 sys=2.25, real=0.23 secs] 
2023-10-21T10:59:34.771+0800: 234517.052: [GC (Allocation Failure) 2023-10-21T10:59:34.771+0800: 234517.052: [ParNew: 8350511K->499678K(9175040K), 0.2183845 secs] 52097841K->44253868K(65798144K), 0.2187208 secs] [Times: user=0.82 sys=2.91, real=0.22 secs] 
2023-10-21T11:00:27.325+0800: 234569.606: [GC (Allocation Failure) 2023-10-21T11:00:27.325+0800: 234569.606: [ParNew: 8363998K->468880K(9175040K), 0.2164438 secs] 52118188K->44229964K(65798144K), 0.2167869 secs] [Times: user=0.99 sys=2.69, real=0.22 secs] 
2023-10-21T11:01:44.796+0800: 234647.077: [GC (Allocation Failure) 2023-10-21T11:01:44.796+0800: 234647.077: [ParNew: 8333200K->491582K(9175040K), 0.2279636 secs] 52094284K->44259704K(65798144K), 0.2282607 secs] [Times: user=1.16 sys=2.74, real=0.23 secs] 
2023-10-21T11:02:54.317+0800: 234716.598: [GC (Allocation Failure) 2023-10-21T11:02:54.317+0800: 234716.598: [ParNew: 8355902K->466231K(9175040K), 0.2089499 secs] 52124024K->44241056K(65798144K), 0.2092984 secs] [Times: user=1.13 sys=2.44, real=0.21 secs] 
2023-10-21T11:03:48.806+0800: 234771.087: [GC (Allocation Failure) 2023-10-21T11:03:48.806+0800: 234771.087: [ParNew: 8330551K->508310K(9175040K), 0.1959989 secs] 52105376K->44290090K(65798144K), 0.1962831 secs] [Times: user=0.92 sys=2.40, real=0.20 secs] 
2023-10-21T11:04:58.039+0800: 234840.320: [GC (Allocation Failure) 2023-10-21T11:04:58.039+0800: 234840.320: [ParNew: 8372630K->485560K(9175040K), 0.2022379 secs] 52154410K->44274310K(65798144K), 0.2025088 secs] [Times: user=1.01 sys=2.42, real=0.20 secs] 
2023-10-21T11:06:22.719+0800: 234925.000: [GC (Allocation Failure) 2023-10-21T11:06:22.719+0800: 234925.000: [ParNew: 8349880K->477144K(9175040K), 0.2628160 secs] 52138630K->44273008K(65798144K), 0.2631908 secs] [Times: user=1.44 sys=3.08, real=0.26 secs] 
2023-10-21T11:07:55.291+0800: 235017.572: [GC (Allocation Failure) 2023-10-21T11:07:55.291+0800: 235017.573: [ParNew: 8341464K->406537K(9175040K), 0.2518583 secs] 52137328K->44209354K(65798144K), 0.2522205 secs] [Times: user=1.54 sys=2.77, real=0.25 secs] 
2023-10-21T11:08:47.274+0800: 235069.555: [GC (Allocation Failure) 2023-10-21T11:08:47.274+0800: 235069.555: [ParNew: 8270857K->486181K(9175040K), 0.2424435 secs] 52073674K->44295852K(65798144K), 0.2427701 secs] [Times: user=1.36 sys=2.80, real=0.25 secs] 
2023-10-21T11:09:50.306+0800: 235132.587: [GC (Allocation Failure) 2023-10-21T11:09:50.306+0800: 235132.587: [ParNew: 8350501K->450973K(9175040K), 0.2669828 secs] 52160172K->44267296K(65798144K), 0.2673086 secs] [Times: user=1.44 sys=3.11, real=0.27 secs] 
2023-10-21T11:11:04.496+0800: 235206.777: [GC (Allocation Failure) 2023-10-21T11:11:04.496+0800: 235206.778: [ParNew: 8315293K->435251K(9175040K), 0.2251559 secs] 52131616K->44258211K(65798144K), 0.2254436 secs] [Times: user=1.07 sys=2.79, real=0.22 secs] 
2023-10-21T11:12:06.838+0800: 235269.119: [GC (Allocation Failure) 2023-10-21T11:12:06.838+0800: 235269.119: [ParNew: 8299571K->458147K(9175040K), 0.2064681 secs] 52122531K->44287865K(65798144K), 0.2067618 secs] [Times: user=1.22 sys=2.30, real=0.20 secs] 
2023-10-21T11:13:14.753+0800: 235337.034: [GC (Allocation Failure) 2023-10-21T11:13:14.753+0800: 235337.034: [ParNew: 8322467K->476035K(9175040K), 0.2071663 secs] 52152185K->44312623K(65798144K), 0.2074601 secs] [Times: user=1.39 sys=2.14, real=0.21 secs] 
2023-10-21T11:14:24.926+0800: 235407.207: [GC (Allocation Failure) 2023-10-21T11:14:24.926+0800: 235407.208: [ParNew: 8340355K->456172K(9175040K), 0.1992923 secs] 52176943K->44299568K(65798144K), 0.1995891 secs] [Times: user=0.97 sys=2.43, real=0.20 secs] 
2023-10-21T11:15:31.247+0800: 235473.528: [GC (Allocation Failure) 2023-10-21T11:15:31.247+0800: 235473.528: [ParNew: 8320492K->439472K(9175040K), 0.2119633 secs] 52163888K->44289820K(65798144K), 0.2122700 secs] [Times: user=0.91 sys=2.70, real=0.21 secs] 
2023-10-21T11:16:16.893+0800: 235519.174: [GC (Allocation Failure) 2023-10-21T11:16:16.893+0800: 235519.174: [ParNew: 8303792K->528962K(9175040K), 0.1674131 secs] 52154140K->44386164K(65798144K), 0.1677528 secs] [Times: user=1.48 sys=1.33, real=0.17 secs] 
2023-10-21T11:17:14.999+0800: 235577.280: [GC (Allocation Failure) 2023-10-21T11:17:14.999+0800: 235577.280: [ParNew: 8393282K->470472K(9175040K), 0.2208538 secs] 52250484K->44334410K(65798144K), 0.2211569 secs] [Times: user=1.29 sys=2.49, real=0.22 secs] 
2023-10-21T11:18:15.164+0800: 235637.446: [GC (Allocation Failure) 2023-10-21T11:18:15.165+0800: 235637.446: [ParNew: 8334792K->516359K(9175040K), 0.2030838 secs] 52198730K->44387016K(65798144K), 0.2034584 secs] [Times: user=0.96 sys=2.50, real=0.21 secs] 
2023-10-21T11:19:09.536+0800: 235691.817: [GC (Allocation Failure) 2023-10-21T11:19:09.536+0800: 235691.817: [ParNew: 8380679K->462160K(9175040K), 0.2117986 secs] 52251336K->44339385K(65798144K), 0.2121016 secs] [Times: user=1.37 sys=2.25, real=0.21 secs] 
2023-10-21T11:20:22.229+0800: 235764.510: [GC (Allocation Failure) 2023-10-21T11:20:22.229+0800: 235764.511: [ParNew: 8326480K->491314K(9175040K), 0.2108638 secs] 52203705K->44375310K(65798144K), 0.2112258 secs] [Times: user=1.45 sys=2.15, real=0.21 secs] 
2023-10-21T11:21:31.719+0800: 235834.000: [GC (Allocation Failure) 2023-10-21T11:21:31.719+0800: 235834.000: [ParNew: 8355634K->447111K(9175040K), 0.2648098 secs] 52239630K->44337929K(65798144K), 0.2651810 secs] [Times: user=1.34 sys=3.21, real=0.26 secs] 
2023-10-21T11:22:35.091+0800: 235897.372: [GC (Allocation Failure) 2023-10-21T11:22:35.091+0800: 235897.372: [ParNew: 8311431K->464597K(9175040K), 0.2643076 secs] 52202249K->44362307K(65798144K), 0.2646376 secs] [Times: user=1.48 sys=3.07, real=0.26 secs] 
2023-10-21T11:23:49.731+0800: 235972.012: [GC (Allocation Failure) 2023-10-21T11:23:49.731+0800: 235972.012: [ParNew: 8328917K->506944K(9175040K), 0.2677685 secs] 52226627K->44411557K(65798144K), 0.2680992 secs] [Times: user=1.53 sys=3.08, real=0.27 secs] 
2023-10-21T11:24:38.603+0800: 236020.884: [GC (Allocation Failure) 2023-10-21T11:24:38.603+0800: 236020.884: [ParNew: 8371264K->472183K(9175040K), 0.2281261 secs] 52275877K->44383457K(65798144K), 0.2284508 secs] [Times: user=0.94 sys=2.95, real=0.23 secs] 
2023-10-21T11:25:17.969+0800: 236060.250: [GC (Allocation Failure) 2023-10-21T11:25:17.969+0800: 236060.250: [ParNew: 8336503K->552764K(9175040K), 0.2225540 secs] 52247777K->44470544K(65798144K), 0.2229226 secs] [Times: user=1.37 sys=2.44, real=0.22 secs] 
2023-10-21T11:26:34.877+0800: 236137.158: [GC (Allocation Failure) 2023-10-21T11:26:34.877+0800: 236137.158: [ParNew: 8417084K->521475K(9175040K), 0.2612386 secs] 52334864K->44446044K(65798144K), 0.2615346 secs] [Times: user=1.28 sys=3.20, real=0.26 secs] 
2023-10-21T11:27:30.253+0800: 236192.535: [GC (Allocation Failure) 2023-10-21T11:27:30.254+0800: 236192.535: [ParNew: 8385795K->501359K(9175040K), 0.2451879 secs] 52310364K->44432831K(65798144K), 0.2456107 secs] [Times: user=1.13 sys=3.06, real=0.25 secs] 
2023-10-21T11:28:47.606+0800: 236269.887: [GC (Allocation Failure) 2023-10-21T11:28:47.606+0800: 236269.887: [ParNew: 8365679K->503944K(9175040K), 0.2468276 secs] 52297151K->44442274K(65798144K), 0.2471444 secs] [Times: user=1.35 sys=2.90, real=0.24 secs] 
2023-10-21T11:30:19.393+0800: 236361.674: [GC (Allocation Failure) 2023-10-21T11:30:19.393+0800: 236361.675: [ParNew: 8368264K->442408K(9175040K), 0.2303385 secs] 52306594K->44387627K(65798144K), 0.2306375 secs] [Times: user=1.32 sys=2.63, real=0.23 secs] 
2023-10-21T11:31:52.952+0800: 236455.233: [GC (Allocation Failure) 2023-10-21T11:31:52.952+0800: 236455.233: [ParNew: 8306728K->429523K(9175040K), 0.2496252 secs] 52251947K->44381526K(65798144K), 0.2499838 secs] [Times: user=1.62 sys=2.68, real=0.25 secs] 
2023-10-21T11:33:49.677+0800: 236571.958: [GC (Allocation Failure) 2023-10-21T11:33:49.677+0800: 236571.959: [ParNew: 8293843K->404214K(9175040K), 0.2523530 secs] 52245846K->44362726K(65798144K), 0.2526456 secs] [Times: user=1.36 sys=2.96, real=0.25 secs] 
2023-10-21T11:36:00.491+0800: 236702.772: [GC (Allocation Failure) 2023-10-21T11:36:00.491+0800: 236702.772: [ParNew: 8268534K->353278K(9175040K), 0.2396947 secs] 52227046K->44318281K(65798144K), 0.2400402 secs] [Times: user=1.15 sys=2.97, real=0.24 secs] 
2023-10-21T11:38:11.689+0800: 236833.971: [GC (Allocation Failure) 2023-10-21T11:38:11.690+0800: 236833.971: [ParNew: 8217598K->327599K(9175040K), 0.2174757 secs] 52182601K->44299114K(65798144K), 0.2178229 secs] [Times: user=1.27 sys=2.44, real=0.22 secs] 
2023-10-21T11:40:19.267+0800: 236961.549: [GC (Allocation Failure) 2023-10-21T11:40:19.268+0800: 236961.549: [ParNew: 8191919K->330786K(9175040K), 0.2288005 secs] 52163434K->44309043K(65798144K), 0.2291256 secs] [Times: user=0.90 sys=3.01, real=0.23 secs] 
2023-10-21T11:42:50.557+0800: 237112.838: [GC (Allocation Failure) 2023-10-21T11:42:50.557+0800: 237112.838: [ParNew: 8195106K->324365K(9175040K), 0.2173194 secs] 52173363K->44309594K(65798144K), 0.2176060 secs] [Times: user=0.93 sys=2.57, real=0.21 secs] 
2023-10-21T11:45:19.109+0800: 237261.390: [GC (Allocation Failure) 2023-10-21T11:45:19.109+0800: 237261.391: [ParNew: 8188685K->334963K(9175040K), 0.2191300 secs] 52173914K->44326941K(65798144K), 0.2194483 secs] [Times: user=0.93 sys=2.81, real=0.22 secs] 
2023-10-21T11:46:52.534+0800: 237354.815: [GC (Allocation Failure) 2023-10-21T11:46:52.534+0800: 237354.815: [ParNew: 8199283K->376540K(9175040K), 0.2221523 secs] 52191261K->44375239K(65798144K), 0.2224664 secs] [Times: user=0.76 sys=2.94, real=0.23 secs] 
2023-10-21T11:49:00.426+0800: 237482.707: [GC (Allocation Failure) 2023-10-21T11:49:00.426+0800: 237482.708: [ParNew: 8240860K->367552K(9175040K), 0.2175545 secs] 52239559K->44373034K(65798144K), 0.2179064 secs] [Times: user=0.95 sys=2.77, real=0.21 secs] 
2023-10-21T11:51:37.390+0800: 237639.671: [GC (Allocation Failure) 2023-10-21T11:51:37.390+0800: 237639.672: [ParNew: 8231872K->295878K(9175040K), 0.2277689 secs] 52237354K->44307964K(65798144K), 0.2281362 secs] [Times: user=0.79 sys=3.12, real=0.23 secs] 
2023-10-21T11:53:06.484+0800: 237728.766: [GC (Allocation Failure) 2023-10-21T11:53:06.485+0800: 237728.766: [ParNew: 8160198K->350795K(9175040K), 0.2212565 secs] 52172284K->44369080K(65798144K), 0.2216122 secs] [Times: user=1.15 sys=2.65, real=0.23 secs] 
2023-10-21T11:54:50.971+0800: 237833.253: [GC (Allocation Failure) 2023-10-21T11:54:50.972+0800: 237833.253: [ParNew: 8215115K->364735K(9175040K), 0.2343932 secs] 52233400K->44389718K(65798144K), 0.2346721 secs] [Times: user=1.34 sys=2.68, real=0.24 secs] 
2023-10-21T11:57:02.962+0800: 237965.244: [GC (Allocation Failure) 2023-10-21T11:57:02.963+0800: 237965.244: [ParNew: 8229055K->387120K(9175040K), 0.2260349 secs] 52254038K->44418758K(65798144K), 0.2263738 secs] [Times: user=1.08 sys=2.79, real=0.23 secs] 
2023-10-21T12:00:16.397+0800: 238158.679: [GC (Allocation Failure) 2023-10-21T12:00:16.397+0800: 238158.679: [ParNew: 8251440K->315885K(9175040K), 0.2256094 secs] 52283078K->44354450K(65798144K), 0.2259161 secs] [Times: user=0.70 sys=3.16, real=0.22 secs] 
2023-10-21T12:02:31.106+0800: 238293.388: [GC (Allocation Failure) 2023-10-21T12:02:31.107+0800: 238293.388: [ParNew: 8180205K->327334K(9175040K), 0.2279924 secs] 52218770K->44372862K(65798144K), 0.2283182 secs] [Times: user=0.86 sys=3.05, real=0.22 secs] 
2023-10-21T12:04:45.440+0800: 238427.721: [GC (Allocation Failure) 2023-10-21T12:04:45.440+0800: 238427.721: [ParNew: 8191654K->300482K(9175040K), 0.2007113 secs] 52237182K->44352997K(65798144K), 0.2009981 secs] [Times: user=0.82 sys=2.61, real=0.20 secs] 
2023-10-21T12:08:08.952+0800: 238631.233: [GC (Allocation Failure) 2023-10-21T12:08:08.952+0800: 238631.233: [ParNew: 8164802K->330173K(9175040K), 0.2390182 secs] 52217317K->44389715K(65798144K), 0.2393583 secs] [Times: user=1.20 sys=2.90, real=0.24 secs] 
2023-10-21T12:11:06.181+0800: 238808.462: [GC (Allocation Failure) 2023-10-21T12:11:06.181+0800: 238808.463: [ParNew: 8194493K->346418K(9175040K), 0.2337288 secs] 52254035K->44412609K(65798144K), 0.2340186 secs] [Times: user=1.04 sys=2.97, real=0.23 secs] 
2023-10-21T12:15:02.962+0800: 239045.244: [GC (Allocation Failure) 2023-10-21T12:15:02.963+0800: 239045.244: [ParNew: 8210738K->283668K(9175040K), 0.2121671 secs] 52276929K->44356837K(65798144K), 0.2124513 secs] [Times: user=1.14 sys=2.48, real=0.21 secs] 
2023-10-21T12:17:53.201+0800: 239215.482: [GC (Allocation Failure) 2023-10-21T12:17:53.201+0800: 239215.482: [ParNew: 8147988K->268476K(9175040K), 0.2484884 secs] 52221157K->44348684K(65798144K), 0.2487829 secs] [Times: user=1.11 sys=3.15, real=0.25 secs] 
2023-10-21T12:19:41.429+0800: 239323.710: [GC (Allocation Failure) 2023-10-21T12:19:41.429+0800: 239323.710: [ParNew: 8132796K->329091K(9175040K), 0.2220370 secs] 52213004K->44416347K(65798144K), 0.2223121 secs] [Times: user=1.18 sys=2.61, real=0.22 secs] 
2023-10-21T12:21:40.622+0800: 239442.904: [GC (Allocation Failure) 2023-10-21T12:21:40.622+0800: 239442.904: [ParNew: 8193411K->363342K(9175040K), 0.2144821 secs] 52280667K->44457707K(65798144K), 0.2147686 secs] [Times: user=1.35 sys=2.31, real=0.22 secs] 
2023-10-21T12:23:06.914+0800: 239529.196: [GC (Allocation Failure) 2023-10-21T12:23:06.915+0800: 239529.196: [ParNew: 8227662K->419953K(9175040K), 0.2428656 secs] 52322027K->44520787K(65798144K), 0.2431771 secs] [Times: user=1.19 sys=2.98, real=0.25 secs] 
2023-10-21T12:24:23.515+0800: 239605.796: [GC (Allocation Failure) 2023-10-21T12:24:23.515+0800: 239605.796: [ParNew: 8284273K->416567K(9175040K), 0.2353815 secs] 52385107K->44524361K(65798144K), 0.2356601 secs] [Times: user=1.30 sys=2.74, real=0.24 secs] 
2023-10-21T12:25:13.590+0800: 239655.871: [GC (Allocation Failure) 2023-10-21T12:25:13.590+0800: 239655.872: [ParNew: 8280887K->464261K(9175040K), 0.2355358 secs] 52388681K->44579104K(65798144K), 0.2359023 secs] [Times: user=1.18 sys=2.86, real=0.24 secs] 
2023-10-21T12:26:10.388+0800: 239712.669: [GC (Allocation Failure) 2023-10-21T12:26:10.388+0800: 239712.669: [ParNew: 8328581K->469090K(9175040K), 0.2419273 secs] 52443424K->44590835K(65798144K), 0.2422261 secs] [Times: user=1.31 sys=2.84, real=0.24 secs] 
2023-10-21T12:27:24.503+0800: 239786.784: [GC (Allocation Failure) 2023-10-21T12:27:24.503+0800: 239786.784: [ParNew: 8333410K->469444K(9175040K), 0.2585987 secs] 52455155K->44598151K(65798144K), 0.2589470 secs] [Times: user=1.45 sys=3.01, real=0.26 secs] 
2023-10-21T12:28:52.850+0800: 239875.131: [GC (Allocation Failure) 2023-10-21T12:28:52.850+0800: 239875.131: [ParNew: 8333764K->449195K(9175040K), 0.2514229 secs] 52462471K->44584794K(65798144K), 0.2517696 secs] [Times: user=1.55 sys=2.78, real=0.25 secs] 
2023-10-21T12:30:20.185+0800: 239962.466: [GC (Allocation Failure) 2023-10-21T12:30:20.185+0800: 239962.466: [ParNew: 8313515K->445146K(9175040K), 0.2067649 secs] 52449114K->44587845K(65798144K), 0.2070810 secs] [Times: user=0.98 sys=2.54, real=0.21 secs] 
2023-10-21T12:31:26.169+0800: 240028.450: [GC (Allocation Failure) 2023-10-21T12:31:26.169+0800: 240028.450: [ParNew: 8309466K->423437K(9175040K), 0.2077405 secs] 52452165K->44573127K(65798144K), 0.2081460 secs] [Times: user=1.04 sys=2.50, real=0.21 secs] 
2023-10-21T12:32:26.589+0800: 240088.870: [GC (Allocation Failure) 2023-10-21T12:32:26.589+0800: 240088.870: [ParNew: 8287757K->459451K(9175040K), 0.2639279 secs] 52437447K->44616136K(65798144K), 0.2642797 secs] [Times: user=1.56 sys=2.98, real=0.26 secs] 
2023-10-21T12:33:17.616+0800: 240139.897: [GC (Allocation Failure) 2023-10-21T12:33:17.616+0800: 240139.898: [ParNew: 8323771K->478534K(9175040K), 0.2200843 secs] 52480456K->44642263K(65798144K), 0.2205358 secs] [Times: user=1.26 sys=2.49, real=0.22 secs] 
2023-10-21T12:34:15.944+0800: 240198.225: [GC (Allocation Failure) 2023-10-21T12:34:15.944+0800: 240198.225: [ParNew: 8342854K->504276K(9175040K), 0.2466289 secs] 52506583K->44674812K(65798144K), 0.2470194 secs] [Times: user=1.38 sys=2.86, real=0.25 secs] 
2023-10-21T12:35:32.878+0800: 240275.159: [GC (Allocation Failure) 2023-10-21T12:35:32.878+0800: 240275.159: [ParNew: 8368596K->504002K(9175040K), 0.2698766 secs] 52539132K->44681661K(65798144K), 0.2702914 secs] [Times: user=1.44 sys=3.21, real=0.27 secs] 
2023-10-21T12:36:38.736+0800: 240341.017: [GC (Allocation Failure) 2023-10-21T12:36:38.736+0800: 240341.018: [ParNew: 8368322K->524922K(9175040K), 0.2634539 secs] 52545981K->44709556K(65798144K), 0.2638261 secs] [Times: user=1.35 sys=3.18, real=0.26 secs] 
2023-10-21T12:37:30.907+0800: 240393.188: [GC (Allocation Failure) 2023-10-21T12:37:30.907+0800: 240393.189: [ParNew: 8389242K->521907K(9175040K), 0.2444481 secs] 52573876K->44713546K(65798144K), 0.2447989 secs] [Times: user=1.36 sys=2.82, real=0.24 secs] 
2023-10-21T12:38:41.610+0800: 240463.891: [GC (Allocation Failure) 2023-10-21T12:38:41.610+0800: 240463.892: [ParNew: 8386227K->505440K(9175040K), 0.2485147 secs] 52577866K->44704072K(65798144K), 0.2489104 secs] [Times: user=1.31 sys=2.97, real=0.25 secs] 
2023-10-21T12:40:11.583+0800: 240553.864: [GC (Allocation Failure) 2023-10-21T12:40:11.583+0800: 240553.864: [ParNew: 8369760K->451147K(9175040K), 0.2244875 secs] 52568392K->44656344K(65798144K), 0.2247735 secs] [Times: user=1.16 sys=2.67, real=0.23 secs] 
2023-10-21T12:41:46.827+0800: 240649.108: [GC (Allocation Failure) 2023-10-21T12:41:46.827+0800: 240649.108: [ParNew: 8315467K->453045K(9175040K), 0.2044561 secs] 52520664K->44665200K(65798144K), 0.2047469 secs] [Times: user=1.26 sys=2.23, real=0.20 secs] 
2023-10-21T12:43:34.189+0800: 240756.470: [GC (Allocation Failure) 2023-10-21T12:43:34.189+0800: 240756.470: [ParNew: 8317365K->371439K(9175040K), 0.2719651 secs] 52529520K->44590220K(65798144K), 0.2722590 secs] [Times: user=1.71 sys=2.98, real=0.27 secs] 
2023-10-21T12:47:03.276+0800: 240965.557: [GC (Allocation Failure) 2023-10-21T12:47:03.276+0800: 240965.557: [ParNew: 8235759K->314691K(9175040K), 0.2250456 secs] 52454540K->44540237K(65798144K), 0.2253916 secs] [Times: user=1.32 sys=2.54, real=0.23 secs] 
2023-10-21T12:50:03.301+0800: 241145.582: [GC (Allocation Failure) 2023-10-21T12:50:03.301+0800: 241145.583: [ParNew: 8179011K->275676K(9175040K), 0.2133297 secs] 52404557K->44508182K(65798144K), 0.2136832 secs] [Times: user=1.08 sys=2.55, real=0.21 secs] 
2023-10-21T12:53:33.040+0800: 241355.321: [GC (Allocation Failure) 2023-10-21T12:53:33.040+0800: 241355.321: [ParNew: 8139996K->297085K(9175040K), 0.2305653 secs] 52372502K->44536654K(65798144K), 0.2308568 secs] [Times: user=0.73 sys=3.19, real=0.23 secs] 
2023-10-21T12:57:54.572+0800: 241616.853: [GC (Allocation Failure) 2023-10-21T12:57:54.572+0800: 241616.853: [ParNew: 8161405K->260491K(9175040K), 0.2442405 secs] 52400974K->44507097K(65798144K), 0.2445400 secs] [Times: user=1.30 sys=2.90, real=0.25 secs] 
2023-10-21T13:01:41.506+0800: 241843.788: [GC (Allocation Failure) 2023-10-21T13:01:41.507+0800: 241843.788: [ParNew: 8124811K->256081K(9175040K), 0.2213036 secs] 52371417K->44509380K(65798144K), 0.2215872 secs] [Times: user=1.02 sys=2.76, real=0.22 secs] 
2023-10-21T13:07:20.798+0800: 242183.079: [GC (Allocation Failure) 2023-10-21T13:07:20.798+0800: 242183.079: [ParNew: 8120401K->252796K(9175040K), 0.2589061 secs] 52373700K->44512632K(65798144K), 0.2592337 secs] [Times: user=1.29 sys=3.17, real=0.26 secs] 
2023-10-21T13:14:35.310+0800: 242617.591: [GC (Allocation Failure) 2023-10-21T13:14:35.310+0800: 242617.591: [ParNew: 8117116K->260141K(9175040K), 0.2234132 secs] 52376952K->44526688K(65798144K), 0.2237049 secs] [Times: user=0.73 sys=3.06, real=0.22 secs] 
2023-10-21T13:17:31.518+0800: 242793.800: [GC (Allocation Failure) 2023-10-21T13:17:31.519+0800: 242793.800: [ParNew: 8124461K->296640K(9175040K), 0.2183476 secs] 52391008K->44570072K(65798144K), 0.2186441 secs] [Times: user=1.27 sys=2.46, real=0.22 secs] 
2023-10-21T13:19:55.004+0800: 242937.285: [GC (Allocation Failure) 2023-10-21T13:19:55.004+0800: 242937.285: [ParNew: 8160960K->340263K(9175040K), 0.2344841 secs] 52434392K->44620661K(65798144K), 0.2348093 secs] [Times: user=1.03 sys=2.99, real=0.24 secs] 
2023-10-21T13:21:49.243+0800: 243051.524: [GC (Allocation Failure) 2023-10-21T13:21:49.243+0800: 243051.524: [ParNew: 8204583K->375320K(9175040K), 0.2264334 secs] 52484981K->44662551K(65798144K), 0.2267165 secs] [Times: user=1.31 sys=2.56, real=0.23 secs] 
2023-10-21T13:23:10.560+0800: 243132.841: [GC (Allocation Failure) 2023-10-21T13:23:10.560+0800: 243132.842: [ParNew: 8239640K->386711K(9175040K), 0.2112589 secs] 52526871K->44680588K(65798144K), 0.2115500 secs] [Times: user=0.95 sys=2.65, real=0.21 secs] 
2023-10-21T13:24:32.269+0800: 243214.550: [GC (Allocation Failure) 2023-10-21T13:24:32.269+0800: 243214.550: [ParNew: 8251031K->404027K(9175040K), 0.2079595 secs] 52544908K->44704659K(65798144K), 0.2082512 secs] [Times: user=0.85 sys=2.70, real=0.21 secs] 
2023-10-21T13:25:37.851+0800: 243280.132: [GC (Allocation Failure) 2023-10-21T13:25:37.851+0800: 243280.132: [ParNew: 8268347K->388894K(9175040K), 0.2311000 secs] 52568979K->44696213K(65798144K), 0.2314098 secs] [Times: user=1.01 sys=2.95, real=0.23 secs] 
2023-10-21T13:26:34.304+0800: 243336.586: [GC (Allocation Failure) 2023-10-21T13:26:34.305+0800: 243336.586: [ParNew: 8253214K->409923K(9175040K), 0.2180196 secs] 52560533K->44723743K(65798144K), 0.2183294 secs] [Times: user=1.05 sys=2.58, real=0.22 secs] 
2023-10-21T13:27:58.496+0800: 243420.777: [GC (Allocation Failure) 2023-10-21T13:27:58.496+0800: 243420.777: [ParNew: 8274243K->421695K(9175040K), 0.2345102 secs] 52588063K->44742440K(65798144K), 0.2348189 secs] [Times: user=1.12 sys=2.89, real=0.23 secs] 
2023-10-21T13:30:01.523+0800: 243543.804: [GC (Allocation Failure) 2023-10-21T13:30:01.523+0800: 243543.804: [ParNew: 8286015K->407393K(9175040K), 0.2218449 secs] 52606760K->44735211K(65798144K), 0.2221362 secs] [Times: user=1.21 sys=2.58, real=0.22 secs] 
2023-10-21T13:31:08.329+0800: 243610.610: [GC (Allocation Failure) 2023-10-21T13:31:08.329+0800: 243610.610: [ParNew: 8271713K->420236K(9175040K), 0.2265096 secs] 52599531K->44755112K(65798144K), 0.2268113 secs] [Times: user=1.30 sys=2.58, real=0.23 secs] 
2023-10-21T13:32:38.690+0800: 243700.971: [GC (Allocation Failure) 2023-10-21T13:32:38.691+0800: 243700.972: [ParNew: 8284556K->401518K(9175040K), 0.1966013 secs] 52619432K->44743004K(65798144K), 0.1976743 secs] [Times: user=0.88 sys=2.47, real=0.20 secs] 
2023-10-21T13:35:10.990+0800: 243853.272: [GC (Allocation Failure) 2023-10-21T13:35:10.991+0800: 243853.272: [ParNew: 8265838K->408290K(9175040K), 0.2425413 secs] 52607324K->44756782K(65798144K), 0.2429417 secs] [Times: user=1.09 sys=3.07, real=0.24 secs] 
2023-10-21T13:36:34.336+0800: 243936.617: [GC (Allocation Failure) 2023-10-21T13:36:34.336+0800: 243936.618: [ParNew: 8272610K->381893K(9175040K), 0.2258132 secs] 52621102K->44737689K(65798144K), 0.2261125 secs] [Times: user=1.16 sys=2.71, real=0.22 secs] 
2023-10-21T13:38:33.908+0800: 244056.189: [GC (Allocation Failure) 2023-10-21T13:38:33.908+0800: 244056.190: [ParNew: 8246213K->353105K(9175040K), 0.2132639 secs] 52602009K->44715803K(65798144K), 0.2135256 secs] [Times: user=1.14 sys=2.50, real=0.21 secs] 
2023-10-21T13:40:23.329+0800: 244165.610: [GC (Allocation Failure) 2023-10-21T13:40:23.329+0800: 244165.610: [ParNew: 8217425K->368671K(9175040K), 0.2091640 secs] 52580123K->44737939K(65798144K), 0.2094506 secs] [Times: user=0.91 sys=2.55, real=0.21 secs] 
2023-10-21T13:41:48.482+0800: 244250.763: [GC (Allocation Failure) 2023-10-21T13:41:48.482+0800: 244250.763: [ParNew: 8232991K->374601K(9175040K), 0.2017182 secs] 52602259K->44750863K(65798144K), 0.2020119 secs] [Times: user=0.89 sys=2.54, real=0.20 secs] 
2023-10-21T13:44:20.119+0800: 244402.400: [GC (Allocation Failure) 2023-10-21T13:44:20.119+0800: 244402.401: [ParNew: 8238921K->388457K(9175040K), 0.2271107 secs] 52615183K->44771697K(65798144K), 0.2274275 secs] [Times: user=0.77 sys=3.12, real=0.23 secs] 
2023-10-21T13:46:16.045+0800: 244518.326: [GC (Allocation Failure) 2023-10-21T13:46:16.045+0800: 244518.326: [ParNew: 8252777K->328878K(9175040K), 0.2064230 secs] 52636017K->44719152K(65798144K), 0.2067469 secs] [Times: user=0.91 sys=2.61, real=0.21 secs] 
2023-10-21T13:48:29.850+0800: 244652.132: [GC (Allocation Failure) 2023-10-21T13:48:29.851+0800: 244652.132: [ParNew: 8193198K->353479K(9175040K), 0.2258317 secs] 52583472K->44750420K(65798144K), 0.2261171 secs] [Times: user=0.92 sys=3.13, real=0.23 secs] 
2023-10-21T13:54:33.357+0800: 245015.639: [GC (Allocation Failure) 2023-10-21T13:54:33.358+0800: 245015.639: [ParNew: 8217799K->264663K(9175040K), 0.2355868 secs] 52614740K->44668292K(65798144K), 0.2358718 secs] [Times: user=1.01 sys=3.04, real=0.23 secs] 
2023-10-21T14:28:33.084+0800: 247055.366: [GC (Allocation Failure) 2023-10-21T14:28:33.085+0800: 247055.366: [ParNew: 8128983K->214934K(9175040K), 0.2106621 secs] 52532612K->44625212K(65798144K), 0.2109423 secs] [Times: user=0.80 sys=2.83, real=0.21 secs] 
2023-10-21T14:33:51.788+0800: 247374.070: [GC (Allocation Failure) 2023-10-21T14:33:51.789+0800: 247374.070: [ParNew: 8079254K->275651K(9175040K), 0.2156782 secs] 52489532K->44692713K(65798144K), 0.2159557 secs] [Times: user=1.24 sys=2.45, real=0.21 secs] 
2023-10-21T14:38:09.179+0800: 247631.461: [GC (Allocation Failure) 2023-10-21T14:38:09.180+0800: 247631.461: [ParNew: 8139971K->267422K(9175040K), 0.2120753 secs] 52557033K->44691432K(65798144K), 0.2123710 secs] [Times: user=0.68 sys=2.95, real=0.21 secs] 
2023-10-21T14:45:21.705+0800: 248063.987: [GC (Allocation Failure) 2023-10-21T14:45:21.705+0800: 248063.987: [ParNew: 8131742K->248045K(9175040K), 0.2171903 secs] 52555752K->44679130K(65798144K), 0.2174808 secs] [Times: user=0.61 sys=3.12, real=0.22 secs] 
2023-10-21T14:50:07.665+0800: 248349.947: [GC (Allocation Failure) 2023-10-21T14:50:07.666+0800: 248349.947: [ParNew: 8112365K->281170K(9175040K), 0.2008410 secs] 52543450K->44719081K(65798144K), 0.2011290 secs] [Times: user=0.66 sys=2.76, real=0.21 secs] 
2023-10-21T14:53:08.748+0800: 248531.029: [GC (Allocation Failure) 2023-10-21T14:53:08.748+0800: 248531.029: [ParNew: 8145490K->295479K(9175040K), 0.2320297 secs] 52583401K->44740260K(65798144K), 0.2323699 secs] [Times: user=1.22 sys=2.75, real=0.23 secs] 
2023-10-21T14:55:06.809+0800: 248649.090: [GC (Allocation Failure) 2023-10-21T14:55:06.809+0800: 248649.090: [ParNew: 8159799K->321090K(9175040K), 0.1910595 secs] 52604580K->44772654K(65798144K), 0.1913448 secs] [Times: user=0.77 sys=2.47, real=0.19 secs] 
2023-10-21T14:56:50.421+0800: 248752.703: [GC (Allocation Failure) 2023-10-21T14:56:50.422+0800: 248752.703: [ParNew: 8185410K->337698K(9175040K), 0.2299215 secs] 52636974K->44796129K(65798144K), 0.2302449 secs] [Times: user=1.11 sys=2.83, real=0.23 secs] 
2023-10-21T14:58:43.224+0800: 248865.505: [GC (Allocation Failure) 2023-10-21T14:58:43.224+0800: 248865.505: [ParNew: 8202018K->347956K(9175040K), 0.2085865 secs] 52660449K->44813364K(65798144K), 0.2088544 secs] [Times: user=0.74 sys=2.82, real=0.21 secs] 
2023-10-21T15:00:52.940+0800: 248995.222: [GC (Allocation Failure) 2023-10-21T15:00:52.940+0800: 248995.222: [ParNew: 8212276K->350580K(9175040K), 0.2101357 secs] 52677684K->44822888K(65798144K), 0.2104308 secs] [Times: user=1.19 sys=2.39, real=0.21 secs] 
2023-10-21T15:02:23.088+0800: 249085.369: [GC (Allocation Failure) 2023-10-21T15:02:23.088+0800: 249085.369: [ParNew: 8214900K->388889K(9175040K), 0.2426056 secs] 52687208K->44868125K(65798144K), 0.2428947 secs] [Times: user=1.19 sys=2.97, real=0.24 secs] 
2023-10-21T15:04:04.034+0800: 249186.316: [GC (Allocation Failure) 2023-10-21T15:04:04.035+0800: 249186.316: [ParNew: 8253209K->352875K(9175040K), 0.2297856 secs] 52732445K->44839119K(65798144K), 0.2301858 secs] [Times: user=1.26 sys=2.67, real=0.23 secs] 
2023-10-21T15:05:15.599+0800: 249257.880: [GC (Allocation Failure) 2023-10-21T15:05:15.599+0800: 249257.880: [ParNew: 8217195K->377201K(9175040K), 0.2326300 secs] 52703439K->44870120K(65798144K), 0.2329231 secs] [Times: user=1.45 sys=2.53, real=0.23 secs] 
2023-10-21T15:06:40.011+0800: 249342.292: [GC (Allocation Failure) 2023-10-21T15:06:40.011+0800: 249342.292: [ParNew: 8241521K->352149K(9175040K), 0.1999821 secs] 52734440K->44852224K(65798144K), 0.2002694 secs] [Times: user=0.91 sys=2.49, real=0.20 secs] 
2023-10-21T15:07:57.443+0800: 249419.725: [GC (Allocation Failure) 2023-10-21T15:07:57.443+0800: 249419.725: [ParNew: 8216469K->423774K(9175040K), 0.2277752 secs] 52716544K->44930717K(65798144K), 0.2280717 secs] [Times: user=1.24 sys=2.66, real=0.23 secs] 
2023-10-21T15:09:22.507+0800: 249504.788: [GC (Allocation Failure) 2023-10-21T15:09:22.507+0800: 249504.789: [ParNew: 8288094K->484575K(9175040K), 0.2434547 secs] 52795037K->44995960K(65798144K), 0.2437449 secs] [Times: user=1.28 sys=2.91, real=0.24 secs] 
2023-10-21T15:10:38.019+0800: 249580.300: [GC (Allocation Failure) 2023-10-21T15:10:38.019+0800: 249580.300: [ParNew: 8348895K->447340K(9175040K), 0.2393396 secs] 52860280K->44965360K(65798144K), 0.2396217 secs] [Times: user=1.27 sys=2.84, real=0.24 secs] 
2023-10-21T15:12:31.915+0800: 249694.196: [GC (Allocation Failure) 2023-10-21T15:12:31.915+0800: 249694.197: [ParNew: 8311660K->408697K(9175040K), 0.2164559 secs] 52829680K->44933254K(65798144K), 0.2168223 secs] [Times: user=0.91 sys=2.79, real=0.22 secs] 
2023-10-21T15:13:55.259+0800: 249777.541: [GC (Allocation Failure) 2023-10-21T15:13:55.259+0800: 249777.541: [ParNew: 8273017K->381047K(9175040K), 0.2069285 secs] 52797574K->44912050K(65798144K), 0.2072048 secs] [Times: user=0.98 sys=2.55, real=0.21 secs] 
2023-10-21T15:15:00.055+0800: 249842.336: [GC (Allocation Failure) 2023-10-21T15:15:00.055+0800: 249842.337: [ParNew: 8245367K->404358K(9175040K), 0.2037320 secs] 52776370K->44942255K(65798144K), 0.2040255 secs] [Times: user=0.99 sys=2.47, real=0.21 secs] 
2023-10-21T15:16:26.551+0800: 249928.832: [GC (Allocation Failure) 2023-10-21T15:16:26.551+0800: 249928.832: [ParNew: 8268678K->358115K(9175040K), 0.2421644 secs] 52806575K->44902743K(65798144K), 0.2424461 secs] [Times: user=0.95 sys=3.21, real=0.24 secs] 
2023-10-21T15:17:38.842+0800: 250001.123: [GC (Allocation Failure) 2023-10-21T15:17:38.842+0800: 250001.123: [ParNew: 8222435K->471722K(9175040K), 0.2441403 secs] 52767063K->45023320K(65798144K), 0.2444772 secs] [Times: user=1.31 sys=2.89, real=0.25 secs] 
2023-10-21T15:18:44.108+0800: 250066.389: [GC (Allocation Failure) 2023-10-21T15:18:44.108+0800: 250066.389: [ParNew: 8336042K->457816K(9175040K), 0.2404535 secs] 52887640K->45016348K(65798144K), 0.2408511 secs] [Times: user=0.67 sys=3.45, real=0.24 secs] 
2023-10-21T15:19:59.057+0800: 250141.339: [GC (Allocation Failure) 2023-10-21T15:19:59.058+0800: 250141.339: [ParNew: 8322136K->438233K(9175040K), 0.2199723 secs] 52880668K->45003741K(65798144K), 0.2202805 secs] [Times: user=1.14 sys=2.62, real=0.22 secs] 
2023-10-21T15:21:02.392+0800: 250204.674: [GC (Allocation Failure) 2023-10-21T15:21:02.393+0800: 250204.674: [ParNew: 8302553K->468994K(9175040K), 0.2308449 secs] 52868061K->45041785K(65798144K), 0.2311999 secs] [Times: user=1.27 sys=2.68, real=0.23 secs] 
2023-10-21T15:21:59.536+0800: 250261.817: [GC (Allocation Failure) 2023-10-21T15:21:59.536+0800: 250261.818: [ParNew: 8333314K->494008K(9175040K), 0.2292064 secs] 52906105K->45073321K(65798144K), 0.2295866 secs] [Times: user=1.38 sys=2.55, real=0.23 secs] 
2023-10-21T15:22:58.652+0800: 250320.933: [GC (Allocation Failure) 2023-10-21T15:22:58.652+0800: 250320.934: [ParNew: 8358328K->418642K(9175040K), 0.2253323 secs] 52937641K->45004909K(65798144K), 0.2256517 secs] [Times: user=1.43 sys=2.42, real=0.23 secs] 
2023-10-21T15:24:04.913+0800: 250387.194: [GC (Allocation Failure) 2023-10-21T15:24:04.913+0800: 250387.194: [ParNew: 8282962K->512131K(9175040K), 0.2522645 secs] 52869229K->45105272K(65798144K), 0.2525605 secs] [Times: user=1.47 sys=2.86, real=0.25 secs] 
2023-10-21T15:25:31.553+0800: 250473.834: [GC (Allocation Failure) 2023-10-21T15:25:31.553+0800: 250473.835: [ParNew: 8376451K->444047K(9175040K), 0.1977279 secs] 52969592K->45044120K(65798144K), 0.1980250 secs] [Times: user=0.83 sys=2.54, real=0.20 secs] 
2023-10-21T15:26:29.695+0800: 250531.977: [GC (Allocation Failure) 2023-10-21T15:26:29.696+0800: 250531.977: [ParNew: 8308367K->465118K(9175040K), 0.1973303 secs] 52908440K->45072032K(65798144K), 0.1976663 secs] [Times: user=0.98 sys=2.38, real=0.21 secs] 
2023-10-21T15:27:38.791+0800: 250601.073: [GC (Allocation Failure) 2023-10-21T15:27:38.791+0800: 250601.073: [ParNew: 8329438K->469621K(9175040K), 0.2027906 secs] 52936352K->45083385K(65798144K), 0.2030961 secs] [Times: user=1.20 sys=2.26, real=0.20 secs] 
2023-10-21T15:28:32.972+0800: 250655.254: [GC (Allocation Failure) 2023-10-21T15:28:32.973+0800: 250655.254: [ParNew: 8333941K->458437K(9175040K), 0.1823151 secs] 52947705K->45078851K(65798144K), 0.1826255 secs] [Times: user=0.87 sys=2.20, real=0.18 secs] 
2023-10-21T15:29:45.840+0800: 250728.122: [GC (Allocation Failure) 2023-10-21T15:29:45.841+0800: 250728.122: [ParNew: 8322757K->455834K(9175040K), 0.2127911 secs] 52943171K->45083183K(65798144K), 0.2130730 secs] [Times: user=1.30 sys=2.34, real=0.21 secs] 
2023-10-21T15:30:42.917+0800: 250785.199: [GC (Allocation Failure) 2023-10-21T15:30:42.917+0800: 250785.199: [ParNew: 8320154K->451740K(9175040K), 0.2018376 secs] 52947503K->45085987K(65798144K), 0.2021404 secs] [Times: user=1.01 sys=2.42, real=0.20 secs] 
2023-10-21T15:31:42.739+0800: 250845.020: [GC (Allocation Failure) 2023-10-21T15:31:42.739+0800: 250845.020: [ParNew: 8316060K->467622K(9175040K), 0.2046149 secs] 52950307K->45108633K(65798144K), 0.2049323 secs] [Times: user=1.08 sys=2.40, real=0.20 secs] 
2023-10-21T15:32:37.064+0800: 250899.345: [GC (Allocation Failure) 2023-10-21T15:32:37.064+0800: 250899.346: [ParNew: 8331942K->463508K(9175040K), 0.2084659 secs] 52972953K->45111451K(65798144K), 0.2087708 secs] [Times: user=1.10 sys=2.45, real=0.21 secs] 
2023-10-21T15:33:21.819+0800: 250944.100: [GC (Allocation Failure) 2023-10-21T15:33:21.819+0800: 250944.100: [ParNew: 8327828K->508465K(9175040K), 0.2060055 secs] 52975771K->45163262K(65798144K), 0.2063072 secs] [Times: user=1.34 sys=2.17, real=0.20 secs] 
2023-10-21T15:34:15.248+0800: 250997.530: [GC (Allocation Failure) 2023-10-21T15:34:15.249+0800: 250997.530: [ParNew: 8372785K->555942K(9175040K), 0.2271297 secs] 53027582K->45217541K(65798144K), 0.2274407 secs] [Times: user=1.43 sys=2.46, real=0.23 secs] 
2023-10-21T15:35:03.487+0800: 251045.768: [GC (Allocation Failure) 2023-10-21T15:35:03.487+0800: 251045.768: [ParNew: 8420262K->608287K(9175040K), 0.2567965 secs] 53081861K->45276364K(65798144K), 0.2571283 secs] [Times: user=1.77 sys=2.65, real=0.25 secs] 
2023-10-21T15:35:56.606+0800: 251098.887: [GC (Allocation Failure) 2023-10-21T15:35:56.606+0800: 251098.888: [ParNew: 8472607K->506917K(9175040K), 0.2498494 secs] 53140684K->45181850K(65798144K), 0.2502495 secs] [Times: user=1.59 sys=2.71, real=0.25 secs] 
2023-10-21T15:36:55.391+0800: 251157.673: [GC (Allocation Failure) 2023-10-21T15:36:55.392+0800: 251157.673: [ParNew: 8371237K->575076K(9175040K), 0.2664133 secs] 53046170K->45256731K(65798144K), 0.2667765 secs] [Times: user=1.53 sys=3.06, real=0.27 secs] 
2023-10-21T15:37:37.780+0800: 251200.062: [GC (Allocation Failure) 2023-10-21T15:37:37.781+0800: 251200.062: [ParNew: 8439396K->550269K(9175040K), 0.2173424 secs] 53121051K->45238796K(65798144K), 0.2176788 secs] [Times: user=1.44 sys=2.26, real=0.22 secs] 
2023-10-21T15:38:25.075+0800: 251247.357: [GC (Allocation Failure) 2023-10-21T15:38:25.076+0800: 251247.357: [ParNew: 8414589K->555722K(9175040K), 0.1465894 secs] 53103116K->45251173K(65798144K), 0.1469167 secs] [Times: user=1.00 sys=1.45, real=0.15 secs] 
2023-10-21T15:39:06.870+0800: 251289.151: [GC (Allocation Failure) 2023-10-21T15:39:06.870+0800: 251289.152: [ParNew: 8420042K->530985K(9175040K), 0.1995755 secs] 53115493K->45233334K(65798144K), 0.1999209 secs] [Times: user=1.14 sys=2.25, real=0.20 secs] 
2023-10-21T15:39:43.856+0800: 251326.137: [GC (Allocation Failure) 2023-10-21T15:39:43.856+0800: 251326.137: [ParNew: 8395305K->563614K(9175040K), 0.2051494 secs] 53097654K->45272711K(65798144K), 0.2055026 secs] [Times: user=1.33 sys=2.16, real=0.20 secs] 
2023-10-21T15:40:31.672+0800: 251373.954: [GC (Allocation Failure) 2023-10-21T15:40:31.673+0800: 251373.954: [ParNew: 8427934K->594540K(9175040K), 0.2404217 secs] 53137031K->45310447K(65798144K), 0.2408067 secs] [Times: user=1.64 sys=2.48, real=0.24 secs] 
2023-10-21T15:41:12.563+0800: 251414.844: [GC (Allocation Failure) 2023-10-21T15:41:12.563+0800: 251414.845: [ParNew: 8458860K->600480K(9175040K), 0.2329218 secs] 53174767K->45322470K(65798144K), 0.2332985 secs] [Times: user=1.56 sys=2.44, real=0.24 secs] 
2023-10-21T15:41:54.848+0800: 251457.129: [GC (Allocation Failure) 2023-10-21T15:41:54.848+0800: 251457.129: [ParNew: 8464800K->655426K(9175040K), 0.2150723 secs] 53186790K->45384215K(65798144K), 0.2154603 secs] [Times: user=1.22 sys=2.45, real=0.21 secs] 
2023-10-21T15:43:01.679+0800: 251523.960: [GC (Allocation Failure) 2023-10-21T15:43:01.679+0800: 251523.961: [ParNew: 8519746K->553874K(9175040K), 0.3002381 secs] 53248535K->45289352K(65798144K), 0.3006331 secs] [Times: user=1.65 sys=3.54, real=0.30 secs] 
2023-10-21T15:43:59.897+0800: 251582.178: [GC (Allocation Failure) 2023-10-21T15:43:59.897+0800: 251582.178: [ParNew: 8418194K->587430K(9175040K), 0.2526457 secs] 53153672K->45329669K(65798144K), 0.2529612 secs] [Times: user=0.98 sys=3.33, real=0.25 secs] 
2023-10-21T15:45:17.276+0800: 251659.558: [GC (Allocation Failure) 2023-10-21T15:45:17.277+0800: 251659.558: [ParNew: 8451750K->521774K(9175040K), 0.2411270 secs] 53193989K->45270670K(65798144K), 0.2414200 secs] [Times: user=1.22 sys=3.10, real=0.24 secs] 
2023-10-21T15:46:33.195+0800: 251735.476: [GC (Allocation Failure) 2023-10-21T15:46:33.195+0800: 251735.476: [ParNew: 8386094K->538374K(9175040K), 0.2241058 secs] 53134990K->45293750K(65798144K), 0.2243912 secs] [Times: user=1.15 sys=2.68, real=0.23 secs] 
2023-10-21T15:48:00.983+0800: 251823.265: [GC (Allocation Failure) 2023-10-21T15:48:00.984+0800: 251823.265: [ParNew: 8402694K->416926K(9175040K), 0.2221466 secs] 53158070K->45178806K(65798144K), 0.2225529 secs] [Times: user=1.29 sys=2.50, real=0.23 secs] 
2023-10-21T15:49:35.625+0800: 251917.907: [GC (Allocation Failure) 2023-10-21T15:49:35.625+0800: 251917.907: [ParNew: 8280912K->357146K(9175040K), 0.2048978 secs] 53042792K->45125348K(65798144K), 0.2051802 secs] [Times: user=1.29 sys=2.21, real=0.21 secs] 
2023-10-21T15:50:40.455+0800: 251982.736: [GC (Allocation Failure) 2023-10-21T15:50:40.455+0800: 251982.736: [ParNew: 8221466K->397405K(9175040K), 0.2048131 secs] 52989668K->45171966K(65798144K), 0.2051391 secs] [Times: user=1.42 sys=2.55, real=0.21 secs] 
2023-10-21T15:52:45.130+0800: 252107.412: [GC (Allocation Failure) 2023-10-21T15:52:45.130+0800: 252107.412: [ParNew: 8261725K->441731K(9175040K), 0.2388806 secs] 53036286K->45223048K(65798144K), 0.2391936 secs] [Times: user=1.23 sys=2.88, real=0.24 secs] 
2023-10-21T15:54:00.954+0800: 252183.235: [GC (Allocation Failure) 2023-10-21T15:54:00.954+0800: 252183.235: [ParNew: 8306051K->388134K(9175040K), 0.2116532 secs] 53087368K->45175996K(65798144K), 0.2119495 secs] [Times: user=0.81 sys=2.81, real=0.22 secs] 
2023-10-21T15:55:31.930+0800: 252274.211: [GC (Allocation Failure) 2023-10-21T15:55:31.930+0800: 252274.211: [ParNew: 8252454K->397927K(9175040K), 0.2145777 secs] 53040316K->45192365K(65798144K), 0.2149237 secs] [Times: user=0.88 sys=2.73, real=0.21 secs] 
2023-10-21T15:57:08.427+0800: 252370.708: [GC (Allocation Failure) 2023-10-21T15:57:08.427+0800: 252370.708: [ParNew: 8262247K->380910K(9175040K), 0.2089094 secs] 53056685K->45181897K(65798144K), 0.2092093 secs] [Times: user=0.99 sys=2.34, real=0.21 secs] 
2023-10-21T15:58:41.290+0800: 252463.571: [GC (Allocation Failure) 2023-10-21T15:58:41.290+0800: 252463.572: [ParNew: 8245230K->398953K(9175040K), 0.2519460 secs] 53046217K->45206245K(65798144K), 0.2522777 secs] [Times: user=1.25 sys=3.06, real=0.25 secs] 
2023-10-21T16:00:06.450+0800: 252548.731: [GC (Allocation Failure) 2023-10-21T16:00:06.450+0800: 252548.731: [ParNew: 8263273K->397104K(9175040K), 0.2494923 secs] 53070565K->45211009K(65798144K), 0.2498177 secs] [Times: user=1.20 sys=3.10, real=0.25 secs] 
2023-10-21T16:01:24.383+0800: 252626.664: [GC (Allocation Failure) 2023-10-21T16:01:24.383+0800: 252626.664: [ParNew: 8261424K->402528K(9175040K), 0.2234820 secs] 53075329K->45222878K(65798144K), 0.2237897 secs] [Times: user=1.17 sys=2.66, real=0.23 secs] 
2023-10-21T16:02:56.227+0800: 252718.509: [GC (Allocation Failure) 2023-10-21T16:02:56.227+0800: 252718.509: [ParNew: 8266848K->428444K(9175040K), 0.2245852 secs] 53087198K->45255301K(65798144K), 0.2248774 secs] [Times: user=0.95 sys=2.89, real=0.22 secs] 
2023-10-21T16:04:50.603+0800: 252832.885: [GC (Allocation Failure) 2023-10-21T16:04:50.604+0800: 252832.885: [ParNew: 8292764K->405215K(9175040K), 0.2383586 secs] 53119621K->45239056K(65798144K), 0.2386835 secs] [Times: user=1.56 sys=2.48, real=0.24 secs] 
2023-10-21T16:05:57.815+0800: 252900.096: [GC (Allocation Failure) 2023-10-21T16:05:57.815+0800: 252900.096: [ParNew: 8269535K->389687K(9175040K), 0.2190713 secs] 53103376K->45230232K(65798144K), 0.2194038 secs] [Times: user=1.44 sys=2.31, real=0.22 secs] 
2023-10-21T16:07:42.107+0800: 253004.389: [GC (Allocation Failure) 2023-10-21T16:07:42.108+0800: 253004.389: [ParNew: 8254007K->408930K(9175040K), 0.2116030 secs] 53094552K->45256276K(65798144K), 0.2119059 secs] [Times: user=0.69 sys=2.92, real=0.21 secs] 
2023-10-21T16:09:34.539+0800: 253116.820: [GC (Allocation Failure) 2023-10-21T16:09:34.539+0800: 253116.820: [ParNew: 8273250K->378629K(9175040K), 0.2213817 secs] 53120596K->45232950K(65798144K), 0.2216673 secs] [Times: user=0.95 sys=2.83, real=0.22 secs] 
2023-10-21T16:11:13.496+0800: 253215.778: [GC (Allocation Failure) 2023-10-21T16:11:13.497+0800: 253215.778: [ParNew: 8242949K->347985K(9175040K), 0.2190136 secs] 53097270K->45209386K(65798144K), 0.2193682 secs] [Times: user=1.33 sys=2.42, real=0.22 secs] 
2023-10-21T16:12:53.388+0800: 253315.670: [GC (Allocation Failure) 2023-10-21T16:12:53.389+0800: 253315.670: [ParNew: 8212305K->425022K(9175040K), 0.2527350 secs] 53073706K->45293434K(65798144K), 0.2530990 secs] [Times: user=1.36 sys=2.95, real=0.25 secs] 
2023-10-21T16:14:23.377+0800: 253405.659: [GC (Allocation Failure) 2023-10-21T16:14:23.378+0800: 253405.659: [ParNew: 8289342K->385430K(9175040K), 0.2195671 secs] 53157754K->45260897K(65798144K), 0.2199221 secs] [Times: user=1.08 sys=2.68, real=0.22 secs] 
2023-10-21T16:16:20.067+0800: 253522.348: [GC (Allocation Failure) 2023-10-21T16:16:20.067+0800: 253522.348: [ParNew: 8249750K->379984K(9175040K), 0.2237642 secs] 53125217K->45262696K(65798144K), 0.2241277 secs] [Times: user=1.37 sys=2.47, real=0.22 secs] 
2023-10-21T16:18:09.784+0800: 253632.066: [GC (Allocation Failure) 2023-10-21T16:18:09.785+0800: 253632.066: [ParNew: 8244304K->386565K(9175040K), 0.2284219 secs] 53127016K->45276069K(65798144K), 0.2287431 secs] [Times: user=0.94 sys=2.98, real=0.23 secs] 
2023-10-21T16:19:57.675+0800: 253739.956: [GC (Allocation Failure) 2023-10-21T16:19:57.675+0800: 253739.957: [ParNew: 8250885K->357823K(9175040K), 0.2439151 secs] 53140389K->45254240K(65798144K), 0.2442010 secs] [Times: user=1.38 sys=2.79, real=0.25 secs] 
2023-10-21T16:21:08.892+0800: 253811.174: [GC (Allocation Failure) 2023-10-21T16:21:08.893+0800: 253811.174: [ParNew: 8222143K->385859K(9175040K), 0.2310046 secs] 53118560K->45289473K(65798144K), 0.2312834 secs] [Times: user=1.23 sys=2.72, real=0.23 secs] 
2023-10-21T16:22:51.290+0800: 253913.572: [GC (Allocation Failure) 2023-10-21T16:22:51.291+0800: 253913.572: [ParNew: 8250179K->396786K(9175040K), 0.2176794 secs] 53153793K->45307445K(65798144K), 0.2179640 secs] [Times: user=0.89 sys=2.83, real=0.22 secs] 
2023-10-21T16:24:16.878+0800: 253999.160: [GC (Allocation Failure) 2023-10-21T16:24:16.879+0800: 253999.160: [ParNew: 8261106K->371595K(9175040K), 0.2131892 secs] 53171765K->45289629K(65798144K), 0.2134947 secs] [Times: user=1.38 sys=2.27, real=0.21 secs] 
2023-10-21T16:25:39.404+0800: 254081.685: [GC (Allocation Failure) 2023-10-21T16:25:39.404+0800: 254081.685: [ParNew: 8235915K->415063K(9175040K), 0.2444237 secs] 53153949K->45340131K(65798144K), 0.2447959 secs] [Times: user=0.79 sys=3.34, real=0.25 secs] 
2023-10-21T16:27:06.117+0800: 254168.398: [GC (Allocation Failure) 2023-10-21T16:27:06.117+0800: 254168.399: [ParNew: 8279383K->445198K(9175040K), 0.2434428 secs] 53204451K->45377319K(65798144K), 0.2437454 secs] [Times: user=1.22 sys=2.96, real=0.24 secs] 
2023-10-21T16:28:19.008+0800: 254241.289: [GC (Allocation Failure) 2023-10-21T16:28:19.008+0800: 254241.289: [ParNew: 8309518K->409414K(9175040K), 0.2640822 secs] 53241639K->45348269K(65798144K), 0.2643562 secs] [Times: user=1.31 sys=3.25, real=0.26 secs] 
2023-10-21T16:29:45.670+0800: 254327.951: [GC (Allocation Failure) 2023-10-21T16:29:45.670+0800: 254327.951: [ParNew: 8273734K->405435K(9175040K), 0.2383605 secs] 53212589K->45351189K(65798144K), 0.2387450 secs] [Times: user=1.59 sys=2.68, real=0.24 secs] 
2023-10-21T16:30:44.371+0800: 254386.652: [GC (Allocation Failure) 2023-10-21T16:30:44.371+0800: 254386.652: [ParNew: 8269755K->444569K(9175040K), 0.2126123 secs] 53215509K->45397413K(65798144K), 0.2129005 secs] [Times: user=1.01 sys=2.61, real=0.21 secs] 
2023-10-21T16:32:27.830+0800: 254490.111: [GC (Allocation Failure) 2023-10-21T16:32:27.830+0800: 254490.111: [ParNew: 8308889K->394023K(9175040K), 0.2151651 secs] 53261733K->45354077K(65798144K), 0.2154462 secs] [Times: user=1.10 sys=2.58, real=0.21 secs] 
2023-10-21T16:33:26.866+0800: 254549.147: [GC (Allocation Failure) 2023-10-21T16:33:26.866+0800: 254549.148: [ParNew: 8258343K->432977K(9175040K), 0.2301932 secs] 53218397K->45400189K(65798144K), 0.2305557 secs] [Times: user=1.20 sys=2.74, real=0.23 secs] 
2023-10-21T16:34:35.158+0800: 254617.440: [GC (Allocation Failure) 2023-10-21T16:34:35.158+0800: 254617.440: [ParNew: 8297297K->425551K(9175040K), 0.1963876 secs] 53264509K->45400035K(65798144K), 0.1966464 secs] [Times: user=0.93 sys=2.41, real=0.19 secs] 
2023-10-21T16:35:43.751+0800: 254686.032: [GC (Allocation Failure) 2023-10-21T16:35:43.751+0800: 254686.033: [ParNew: 8289871K->428329K(9175040K), 0.2022395 secs] 53264355K->45409691K(65798144K), 0.2025377 secs] [Times: user=1.27 sys=2.18, real=0.20 secs] 
2023-10-21T16:36:36.892+0800: 254739.174: [GC (Allocation Failure) 2023-10-21T16:36:36.893+0800: 254739.174: [ParNew: 8292649K->442695K(9175040K), 0.1887597 secs] 53274011K->45430911K(65798144K), 0.1890883 secs] [Times: user=0.96 sys=2.25, real=0.19 secs] 
2023-10-21T16:37:47.664+0800: 254809.945: [GC (Allocation Failure) 2023-10-21T16:37:47.664+0800: 254809.945: [ParNew: 8307015K->461287K(9175040K), 0.1998324 secs] 53295231K->45456736K(65798144K), 0.2001046 secs] [Times: user=0.89 sys=2.51, real=0.20 secs] 
2023-10-21T16:39:06.844+0800: 254889.126: [GC (Allocation Failure) 2023-10-21T16:39:06.845+0800: 254889.126: [ParNew: 8325607K->470658K(9175040K), 0.2426078 secs] 53321056K->45473329K(65798144K), 0.2429042 secs] [Times: user=1.19 sys=2.95, real=0.25 secs] 
2023-10-21T16:40:16.492+0800: 254958.773: [GC (Allocation Failure) 2023-10-21T16:40:16.492+0800: 254958.774: [ParNew: 8334978K->474361K(9175040K), 0.2578898 secs] 53337649K->45484003K(65798144K), 0.2582270 secs] [Times: user=1.06 sys=3.26, real=0.26 secs] 
2023-10-21T16:42:09.603+0800: 255071.885: [GC (Allocation Failure) 2023-10-21T16:42:09.604+0800: 255071.885: [ParNew: 8338681K->420452K(9175040K), 0.2230368 secs] 53348323K->45437197K(65798144K), 0.2234087 secs] [Times: user=1.27 sys=2.55, real=0.23 secs] 
2023-10-21T16:43:05.476+0800: 255127.757: [GC (Allocation Failure) 2023-10-21T16:43:05.476+0800: 255127.757: [ParNew: 8284772K->407763K(9175040K), 0.2204748 secs] 53301517K->45431412K(65798144K), 0.2207766 secs] [Times: user=0.94 sys=2.83, real=0.22 secs] 
2023-10-21T16:44:46.942+0800: 255229.223: [GC (Allocation Failure) 2023-10-21T16:44:46.942+0800: 255229.224: [ParNew: 8272083K->381050K(9175040K), 0.2069215 secs] 53295732K->45411313K(65798144K), 0.2072196 secs] [Times: user=0.88 sys=2.66, real=0.21 secs] 
2023-10-21T16:46:40.698+0800: 255342.980: [GC (Allocation Failure) 2023-10-21T16:46:40.699+0800: 255342.980: [ParNew: 8245370K->419776K(9175040K), 0.2597756 secs] 53275633K->45456902K(65798144K), 0.2601629 secs] [Times: user=1.07 sys=3.41, real=0.26 secs] 
2023-10-21T16:48:17.580+0800: 255439.861: [GC (Allocation Failure) 2023-10-21T16:48:17.580+0800: 255439.861: [ParNew: 8284096K->362008K(9175040K), 0.2338099 secs] 53321222K->45405991K(65798144K), 0.2341138 secs] [Times: user=1.18 sys=2.83, real=0.23 secs] 
2023-10-21T16:49:30.601+0800: 255512.882: [GC (Allocation Failure) 2023-10-21T16:49:30.601+0800: 255512.883: [ParNew: 8226328K->383002K(9175040K), 0.2278347 secs] 53270311K->45433915K(65798144K), 0.2281214 secs] [Times: user=1.27 sys=2.64, real=0.23 secs] 
2023-10-21T16:50:46.031+0800: 255588.312: [GC (Allocation Failure) 2023-10-21T16:50:46.031+0800: 255588.313: [ParNew: 8247322K->412229K(9175040K), 0.2232435 secs] 53298235K->45469986K(65798144K), 0.2236638 secs] [Times: user=1.01 sys=2.81, real=0.22 secs] 
2023-10-21T16:52:15.333+0800: 255677.614: [GC (Allocation Failure) 2023-10-21T16:52:15.333+0800: 255677.615: [ParNew: 8276549K->373667K(9175040K), 0.2115530 secs] 53334306K->45438272K(65798144K), 0.2118991 secs] [Times: user=1.21 sys=2.41, real=0.21 secs] 
2023-10-21T16:53:10.633+0800: 255732.914: [GC (Allocation Failure) 2023-10-21T16:53:10.633+0800: 255732.915: [ParNew: 8237987K->427220K(9175040K), 0.2127058 secs] 53302592K->45498246K(65798144K), 0.2130130 secs] [Times: user=1.17 sys=2.46, real=0.22 secs] 
2023-10-21T16:54:30.728+0800: 255813.009: [GC (Allocation Failure) 2023-10-21T16:54:30.728+0800: 255813.010: [ParNew: 8291540K->440918K(9175040K), 0.2185326 secs] 53362566K->45518155K(65798144K), 0.2188141 secs] [Times: user=1.25 sys=2.49, real=0.22 secs] 
2023-10-21T16:55:34.018+0800: 255876.299: [GC (Allocation Failure) 2023-10-21T16:55:34.018+0800: 255876.300: [ParNew: 8305238K->426676K(9175040K), 0.2074452 secs] 53382475K->45510106K(65798144K), 0.2077276 secs] [Times: user=0.94 sys=2.61, real=0.21 secs] 
2023-10-21T16:56:43.425+0800: 255945.706: [GC (Allocation Failure) 2023-10-21T16:56:43.425+0800: 255945.706: [ParNew: 8290996K->449604K(9175040K), 0.2070173 secs] 53374426K->45539459K(65798144K), 0.2072994 secs] [Times: user=0.98 sys=2.55, real=0.21 secs] 
2023-10-21T16:57:58.750+0800: 256021.032: [GC (Allocation Failure) 2023-10-21T16:57:58.751+0800: 256021.032: [ParNew: 8313924K->441341K(9175040K), 0.2112096 secs] 53403779K->45537925K(65798144K), 0.2115034 secs] [Times: user=1.24 sys=2.34, real=0.21 secs] 
2023-10-21T16:59:15.601+0800: 256097.882: [GC (Allocation Failure) 2023-10-21T16:59:15.601+0800: 256097.882: [ParNew: 8305661K->451462K(9175040K), 0.2333482 secs] 53402245K->45554268K(65798144K), 0.2337038 secs] [Times: user=1.04 sys=2.97, real=0.23 secs] 
2023-10-21T17:00:42.786+0800: 256185.067: [GC (Allocation Failure) 2023-10-21T17:00:42.786+0800: 256185.068: [ParNew: 8315782K->426880K(9175040K), 0.2244108 secs] 53418588K->45536486K(65798144K), 0.2247008 secs] [Times: user=1.09 sys=2.77, real=0.22 secs] 
2023-10-21T17:02:19.372+0800: 256281.653: [GC (Allocation Failure) 2023-10-21T17:02:19.372+0800: 256281.654: [ParNew: 8291200K->429595K(9175040K), 0.2141623 secs] 53400806K->45546228K(65798144K), 0.2144569 secs] [Times: user=0.78 sys=2.75, real=0.22 secs] 
2023-10-21T17:03:22.811+0800: 256345.092: [GC (Allocation Failure) 2023-10-21T17:03:22.811+0800: 256345.093: [ParNew: 8293915K->421986K(9175040K), 0.2266105 secs] 53410548K->45545346K(65798144K), 0.2268878 secs] [Times: user=1.01 sys=2.87, real=0.23 secs] 
2023-10-21T17:04:56.204+0800: 256438.485: [GC (Allocation Failure) 2023-10-21T17:04:56.204+0800: 256438.485: [ParNew: 8286306K->389722K(9175040K), 0.2055181 secs] 53409666K->45520031K(65798144K), 0.2058317 secs] [Times: user=0.88 sys=2.64, real=0.21 secs] 
2023-10-21T17:06:19.770+0800: 256522.052: [GC (Allocation Failure) 2023-10-21T17:06:19.771+0800: 256522.052: [ParNew: 8254042K->388989K(9175040K), 0.2056068 secs] 53384351K->45526266K(65798144K), 0.2058692 secs] [Times: user=1.28 sys=2.23, real=0.21 secs] 
2023-10-21T17:08:23.929+0800: 256646.210: [GC (Allocation Failure) 2023-10-21T17:08:23.929+0800: 256646.210: [ParNew: 8253309K->386241K(9175040K), 0.2364204 secs] 53390586K->45529973K(65798144K), 0.2367146 secs] [Times: user=1.06 sys=3.01, real=0.23 secs] 
2023-10-21T17:10:13.637+0800: 256755.918: [GC (Allocation Failure) 2023-10-21T17:10:13.637+0800: 256755.919: [ParNew: 8250561K->372880K(9175040K), 0.2107994 secs] 53394293K->45523406K(65798144K), 0.2110597 secs] [Times: user=0.80 sys=2.81, real=0.21 secs] 
2023-10-21T17:13:34.050+0800: 256956.331: [GC (Allocation Failure) 2023-10-21T17:13:34.050+0800: 256956.332: [ParNew: 8237200K->301042K(9175040K), 0.1951157 secs] 53387726K->45458459K(65798144K), 0.1953955 secs] [Times: user=0.75 sys=2.57, real=0.20 secs] 
2023-10-21T17:19:31.216+0800: 257313.497: [GC (Allocation Failure) 2023-10-21T17:19:31.216+0800: 257313.498: [ParNew: 8165362K->248376K(9175040K), 0.2152123 secs] 53322779K->45412573K(65798144K), 0.2154978 secs] [Times: user=1.08 sys=2.61, real=0.21 secs] 
2023-10-21T17:24:35.100+0800: 257617.382: [GC (Allocation Failure) 2023-10-21T17:24:35.101+0800: 257617.382: [ParNew: 8112696K->291370K(9175040K), 0.2327306 secs] 53276893K->45462196K(65798144K), 0.2330308 secs] [Times: user=1.06 sys=2.94, real=0.23 secs] 
2023-10-21T17:32:22.967+0800: 258085.248: [GC (Allocation Failure) 2023-10-21T17:32:22.967+0800: 258085.248: [ParNew: 8155690K->243459K(9175040K), 0.2320416 secs] 53326516K->45420994K(65798144K), 0.2323206 secs] [Times: user=1.18 sys=2.81, real=0.23 secs] 
2023-10-21T17:37:31.650+0800: 258393.931: [GC (Allocation Failure) 2023-10-21T17:37:31.650+0800: 258393.931: [ParNew: 8107779K->247565K(9175040K), 0.2215660 secs] 53285314K->45431431K(65798144K), 0.2219871 secs] [Times: user=1.31 sys=2.49, real=0.22 secs] 
2023-10-21T17:41:27.322+0800: 258629.604: [GC (Allocation Failure) 2023-10-21T17:41:27.323+0800: 258629.604: [ParNew: 8111885K->298662K(9175040K), 0.2277963 secs] 53295751K->45489308K(65798144K), 0.2280939 secs] [Times: user=1.11 sys=2.80, real=0.23 secs] 
2023-10-21T17:43:24.728+0800: 258747.009: [GC (Allocation Failure) 2023-10-21T17:43:24.728+0800: 258747.009: [ParNew: 8162982K->282670K(9175040K), 0.2182977 secs] 53353628K->45480073K(65798144K), 0.2185907 secs] [Times: user=0.89 sys=2.85, real=0.22 secs] 
2023-10-21T17:45:16.753+0800: 258859.034: [GC (Allocation Failure) 2023-10-21T17:45:16.753+0800: 258859.034: [ParNew: 8146990K->318735K(9175040K), 0.2023504 secs] 53344393K->45523242K(65798144K), 0.2026292 secs] [Times: user=0.83 sys=2.63, real=0.21 secs] 
2023-10-21T17:47:08.390+0800: 258970.671: [GC (Allocation Failure) 2023-10-21T17:47:08.390+0800: 258970.671: [ParNew: 8183055K->352388K(9175040K), 0.2351611 secs] 53387562K->45563590K(65798144K), 0.2354839 secs] [Times: user=0.84 sys=3.19, real=0.23 secs] 
2023-10-21T17:49:28.553+0800: 259110.834: [GC (Allocation Failure) 2023-10-21T17:49:28.553+0800: 259110.834: [ParNew: 8216708K->343195K(9175040K), 0.2143025 secs] 53427910K->45561337K(65798144K), 0.2145735 secs] [Times: user=1.30 sys=2.37, real=0.22 secs] 
2023-10-21T17:51:38.270+0800: 259240.551: [GC (Allocation Failure) 2023-10-21T17:51:38.270+0800: 259240.551: [ParNew: 8207515K->369346K(9175040K), 0.2439167 secs] 53425657K->45593912K(65798144K), 0.2443155 secs] [Times: user=1.22 sys=2.99, real=0.24 secs] 
2023-10-21T17:53:29.993+0800: 259352.274: [GC (Allocation Failure) 2023-10-21T17:53:29.993+0800: 259352.274: [ParNew: 8233666K->333468K(9175040K), 0.2204222 secs] 53458232K->45564632K(65798144K), 0.2207113 secs] [Times: user=0.78 sys=3.00, real=0.22 secs] 
2023-10-21T17:55:53.811+0800: 259496.092: [GC (Allocation Failure) 2023-10-21T17:55:53.811+0800: 259496.092: [ParNew: 8197788K->303937K(9175040K), 0.2163350 secs] 53428952K->45541870K(65798144K), 0.2166718 secs] [Times: user=1.19 sys=2.51, real=0.22 secs] 
2023-10-21T17:58:33.105+0800: 259655.386: [GC (Allocation Failure) 2023-10-21T17:58:33.105+0800: 259655.386: [ParNew: 8168257K->324053K(9175040K), 0.2243826 secs] 53406190K->45568752K(65798144K), 0.2246895 secs] [Times: user=1.03 sys=2.82, real=0.23 secs] 
2023-10-21T18:02:03.420+0800: 259865.702: [GC (Allocation Failure) 2023-10-21T18:02:03.421+0800: 259865.702: [ParNew: 8188373K->289065K(9175040K), 0.2093140 secs] 53433072K->45540292K(65798144K), 0.2095945 secs] [Times: user=1.06 sys=2.52, real=0.21 secs] 
2023-10-21T18:04:36.639+0800: 260018.920: [GC (Allocation Failure) 2023-10-21T18:04:36.639+0800: 260018.920: [ParNew: 8153385K->300327K(9175040K), 0.2342932 secs] 53404612K->45558463K(65798144K), 0.2345821 secs] [Times: user=1.03 sys=3.01, real=0.23 secs] 
2023-10-21T18:07:17.864+0800: 260180.145: [GC (Allocation Failure) 2023-10-21T18:07:17.864+0800: 260180.145: [ParNew: 8164647K->308390K(9175040K), 0.2164288 secs] 53422783K->45573540K(65798144K), 0.2167110 secs] [Times: user=0.91 sys=2.80, real=0.22 secs] 
2023-10-21T18:09:00.371+0800: 260282.652: [GC (Allocation Failure) 2023-10-21T18:09:00.371+0800: 260282.653: [ParNew: 8172710K->319826K(9175040K), 0.2286030 secs] 53437860K->45591836K(65798144K), 0.2289452 secs] [Times: user=1.05 sys=2.93, real=0.23 secs] 
2023-10-21T18:11:51.010+0800: 260453.291: [GC (Allocation Failure) 2023-10-21T18:11:51.010+0800: 260453.291: [ParNew: 8184146K->347532K(9175040K), 0.2331213 secs] 53456156K->45625736K(65798144K), 0.2333968 secs] [Times: user=1.32 sys=2.69, real=0.23 secs] 
2023-10-21T18:13:42.037+0800: 260564.318: [GC (Allocation Failure) 2023-10-21T18:13:42.037+0800: 260564.318: [ParNew: 8211852K->351578K(9175040K), 0.2393621 secs] 53490056K->45636540K(65798144K), 0.2396655 secs] [Times: user=1.28 sys=2.84, real=0.24 secs] 
2023-10-21T18:15:55.778+0800: 260698.060: [GC (Allocation Failure) 2023-10-21T18:15:55.779+0800: 260698.060: [ParNew: 8215898K->350800K(9175040K), 0.2385136 secs] 53500860K->45642299K(65798144K), 0.2388029 secs] [Times: user=1.21 sys=2.90, real=0.24 secs] 
2023-10-21T18:17:49.417+0800: 260811.698: [GC (Allocation Failure) 2023-10-21T18:17:49.417+0800: 260811.698: [ParNew: 8215120K->354938K(9175040K), 0.2030878 secs] 53506619K->45652968K(65798144K), 0.2033887 secs] [Times: user=1.12 sys=2.35, real=0.20 secs] 
2023-10-21T18:20:07.183+0800: 260949.464: [GC (Allocation Failure) 2023-10-21T18:20:07.183+0800: 260949.465: [ParNew: 8219258K->338099K(9175040K), 0.2386060 secs] 53517288K->45643150K(65798144K), 0.2388918 secs] [Times: user=1.10 sys=3.00, real=0.24 secs] 
2023-10-21T18:20:07.425+0800: 260949.707: [GC (CMS Initial Mark) [1 CMS-initial-mark: 45305050K(56623104K)] 45643654K(65798144K), 0.0203621 secs] [Times: user=0.12 sys=0.06, real=0.03 secs] 
2023-10-21T18:20:07.446+0800: 260949.727: [CMS-concurrent-mark-start]
2023-10-21T18:20:19.563+0800: 260961.845: [CMS-concurrent-mark: 12.085/12.117 secs] [Times: user=59.15 sys=6.13, real=12.11 secs] 
2023-10-21T18:20:19.564+0800: 260961.845: [CMS-concurrent-preclean-start]
2023-10-21T18:20:19.674+0800: 260961.955: [CMS-concurrent-preclean: 0.109/0.110 secs] [Times: user=0.00 sys=0.00, real=0.11 secs] 
2023-10-21T18:20:19.674+0800: 260961.955: [CMS-concurrent-abortable-preclean-start]
 CMS: abort preclean due to time 2023-10-21T18:20:25.065+0800: 260967.346: [CMS-concurrent-abortable-preclean: 5.387/5.391 secs] [Times: user=6.62 sys=0.00, real=5.39 secs] 
2023-10-21T18:20:25.068+0800: 260967.350: [GC (CMS Final Remark) [YG occupancy: 1004167 K (9175040 K)]2023-10-21T18:20:25.068+0800: 260967.350: [Rescan (parallel) , 0.0644512 secs]2023-10-21T18:20:25.133+0800: 260967.414: [weak refs processing, 0.0006050 secs]2023-10-21T18:20:25.134+0800: 260967.415: [class unloading, 0.0574126 secs]2023-10-21T18:20:25.191+0800: 260967.472: [scrub symbol table, 0.0191744 secs]2023-10-21T18:20:25.210+0800: 260967.491: [scrub string table, 0.0012796 secs][1 CMS-remark: 45305050K(56623104K)] 46309217K(65798144K), 0.1597741 secs] [Times: user=1.22 sys=0.03, real=0.16 secs] 
2023-10-21T18:20:25.229+0800: 260967.510: [CMS-concurrent-sweep-start]
2023-10-21T18:20:54.034+0800: 260996.315: [CMS-concurrent-sweep: 28.761/28.805 secs] [Times: user=30.65 sys=6.82, real=28.80 secs] 
2023-10-21T18:20:54.034+0800: 260996.315: [CMS-concurrent-reset-start]
2023-10-21T18:20:54.162+0800: 260996.443: [CMS-concurrent-reset: 0.128/0.128 secs] [Times: user=0.09 sys=0.07, real=0.13 secs] 
2023-10-21T18:26:17.704+0800: 261319.985: [GC (Allocation Failure) 2023-10-21T18:26:17.704+0800: 261319.985: [ParNew: 8202419K->260547K(9175040K), 0.2342013 secs] 36459297K->28524367K(65798144K), 0.2344920 secs] [Times: user=0.86 sys=3.15, real=0.24 secs] 
2023-10-21T18:28:58.497+0800: 261480.778: [GC (Allocation Failure) 2023-10-21T18:28:58.497+0800: 261480.778: [ParNew: 8124867K->269782K(9175040K), 0.1891744 secs] 36388687K->28540647K(65798144K), 0.1894446 secs] [Times: user=0.60 sys=2.62, real=0.19 secs] 
2023-10-21T18:31:34.498+0800: 261636.780: [GC (Allocation Failure) 2023-10-21T18:31:34.498+0800: 261636.780: [ParNew: 8134102K->341136K(9175040K), 0.2287893 secs] 36404967K->28618824K(65798144K), 0.2290604 secs] [Times: user=0.82 sys=3.11, real=0.23 secs] 
2023-10-21T18:34:12.189+0800: 261794.470: [GC (Allocation Failure) 2023-10-21T18:34:12.189+0800: 261794.470: [ParNew: 8205456K->310212K(9175040K), 0.1927410 secs] 36483144K->28594315K(65798144K), 0.1930202 secs] [Times: user=0.30 sys=2.98, real=0.19 secs] 
2023-10-21T18:36:25.479+0800: 261927.760: [GC (Allocation Failure) 2023-10-21T18:36:25.479+0800: 261927.760: [ParNew: 8174532K->322389K(9175040K), 0.1965720 secs] 36458635K->28613433K(65798144K), 0.1968901 secs] [Times: user=0.39 sys=2.94, real=0.20 secs] 
2023-10-21T18:40:05.154+0800: 262147.435: [GC (Allocation Failure) 2023-10-21T18:40:05.154+0800: 262147.435: [ParNew: 8186709K->277437K(9175040K), 0.2080619 secs] 36477753K->28575423K(65798144K), 0.2083552 secs] [Times: user=0.27 sys=3.09, real=0.21 secs] 
2023-10-21T18:43:15.925+0800: 262338.206: [GC (Allocation Failure) 2023-10-21T18:43:15.925+0800: 262338.206: [ParNew: 8141757K->284661K(9175040K), 0.2047463 secs] 36439743K->28589558K(65798144K), 0.2050873 secs] [Times: user=0.31 sys=3.18, real=0.21 secs] 
2023-10-21T18:45:35.672+0800: 262477.953: [GC (Allocation Failure) 2023-10-21T18:45:35.672+0800: 262477.953: [ParNew: 8148981K->311911K(9175040K), 0.2196673 secs] 36453878K->28623424K(65798144K), 0.2200380 secs] [Times: user=0.44 sys=3.31, real=0.22 secs] 
2023-10-21T18:48:29.905+0800: 262652.186: [GC (Allocation Failure) 2023-10-21T18:48:29.905+0800: 262652.186: [ParNew: 8176231K->293761K(9175040K), 0.1952593 secs] 36487744K->28612342K(65798144K), 0.1955612 secs] [Times: user=0.94 sys=2.37, real=0.20 secs] 
2023-10-21T18:52:15.691+0800: 262877.972: [GC (Allocation Failure) 2023-10-21T18:52:15.691+0800: 262877.972: [ParNew: 8158081K->260511K(9175040K), 0.2040476 secs] 36476662K->28586069K(65798144K), 0.2043399 secs] [Times: user=0.89 sys=2.60, real=0.20 secs] 
2023-10-21T18:55:14.650+0800: 263056.932: [GC (Allocation Failure) 2023-10-21T18:55:14.651+0800: 263056.932: [ParNew: 8124831K->294291K(9175040K), 0.1981192 secs] 36450389K->28626913K(65798144K), 0.1983910 secs] [Times: user=0.83 sys=2.54, real=0.20 secs] 
2023-10-21T18:59:43.992+0800: 263326.274: [GC (Allocation Failure) 2023-10-21T18:59:43.993+0800: 263326.274: [ParNew: 8158611K->280088K(9175040K), 0.2101411 secs] 36491233K->28619754K(65798144K), 0.2105285 secs] [Times: user=0.33 sys=3.03, real=0.21 secs] 
2023-10-21T19:03:53.215+0800: 263575.496: [GC (Allocation Failure) 2023-10-21T19:03:53.215+0800: 263575.496: [ParNew: 8144408K->275621K(9175040K), 0.2060339 secs] 36484074K->28621899K(65798144K), 0.2063313 secs] [Times: user=0.82 sys=2.70, real=0.21 secs] 
2023-10-21T19:07:38.672+0800: 263800.954: [GC (Allocation Failure) 2023-10-21T19:07:38.673+0800: 263800.954: [ParNew: 8139941K->240366K(9175040K), 0.1966182 secs] 36486219K->28593673K(65798144K), 0.1969759 secs] [Times: user=0.93 sys=2.42, real=0.20 secs] 
2023-10-21T19:10:15.859+0800: 263958.141: [GC (Allocation Failure) 2023-10-21T19:10:15.860+0800: 263958.141: [ParNew: 8104686K->296637K(9175040K), 0.2010910 secs] 36457993K->28656883K(65798144K), 0.2014071 secs] [Times: user=0.90 sys=2.53, real=0.20 secs] 
2023-10-21T19:12:21.475+0800: 264083.756: [GC (Allocation Failure) 2023-10-21T19:12:21.475+0800: 264083.756: [ParNew: 8160957K->318503K(9175040K), 0.2274766 secs] 36521203K->28685762K(65798144K), 0.2277497 secs] [Times: user=0.85 sys=3.05, real=0.23 secs] 
2023-10-21T19:14:45.336+0800: 264227.617: [GC (Allocation Failure) 2023-10-21T19:14:45.336+0800: 264227.618: [ParNew: 8182823K->337002K(9175040K), 0.1955446 secs] 36550082K->28711078K(65798144K), 0.1958697 secs] [Times: user=0.95 sys=2.38, real=0.19 secs] 
2023-10-21T19:16:46.603+0800: 264348.884: [GC (Allocation Failure) 2023-10-21T19:16:46.603+0800: 264348.884: [ParNew: 8201322K->310799K(9175040K), 0.1909808 secs] 36575398K->28691589K(65798144K), 0.1912752 secs] [Times: user=0.30 sys=2.94, real=0.19 secs] 
2023-10-21T19:19:22.143+0800: 264504.424: [GC (Allocation Failure) 2023-10-21T19:19:22.143+0800: 264504.424: [ParNew: 8175119K->303968K(9175040K), 0.2025794 secs] 36555909K->28691813K(65798144K), 0.2029004 secs] [Times: user=0.20 sys=3.01, real=0.21 secs] 
2023-10-21T19:21:43.808+0800: 264646.089: [GC (Allocation Failure) 2023-10-21T19:21:43.808+0800: 264646.089: [ParNew: 8168288K->308130K(9175040K), 0.2103524 secs] 36556133K->28702906K(65798144K), 0.2106988 secs] [Times: user=0.37 sys=2.88, real=0.21 secs] 
2023-10-21T19:23:18.764+0800: 264741.045: [GC (Allocation Failure) 2023-10-21T19:23:18.764+0800: 264741.045: [ParNew: 8172450K->344127K(9175040K), 0.1973625 secs] 36567226K->28745915K(65798144K), 0.1976465 secs] [Times: user=1.00 sys=2.35, real=0.20 secs] 
2023-10-21T19:25:19.504+0800: 264861.785: [GC (Allocation Failure) 2023-10-21T19:25:19.504+0800: 264861.786: [ParNew: 8208447K->367990K(9175040K), 0.2156127 secs] 36610235K->28776534K(65798144K), 0.2158744 secs] [Times: user=0.35 sys=2.79, real=0.22 secs] 
2023-10-21T19:27:46.302+0800: 265008.584: [GC (Allocation Failure) 2023-10-21T19:27:46.303+0800: 265008.584: [ParNew: 8232310K->344870K(9175040K), 0.2305340 secs] 36640854K->28760074K(65798144K), 0.2308439 secs] [Times: user=1.14 sys=3.05, real=0.23 secs] 
2023-10-21T19:29:37.916+0800: 265120.197: [GC (Allocation Failure) 2023-10-21T19:29:37.916+0800: 265120.197: [ParNew: 8209190K->358363K(9175040K), 0.1975260 secs] 36624394K->28780620K(65798144K), 0.1978220 secs] [Times: user=0.30 sys=3.07, real=0.19 secs] 
2023-10-21T19:31:14.491+0800: 265216.773: [GC (Allocation Failure) 2023-10-21T19:31:14.491+0800: 265216.773: [ParNew: 8222683K->340787K(9175040K), 0.1959808 secs] 36644940K->28769907K(65798144K), 0.1962646 secs] [Times: user=0.37 sys=2.62, real=0.20 secs] 
2023-10-21T19:32:18.235+0800: 265280.516: [GC (Allocation Failure) 2023-10-21T19:32:18.235+0800: 265280.516: [ParNew: 8205107K->397196K(9175040K), 0.1888900 secs] 36634227K->28833318K(65798144K), 0.1891650 secs] [Times: user=0.44 sys=2.78, real=0.19 secs] 
2023-10-21T19:33:27.741+0800: 265350.022: [GC (Allocation Failure) 2023-10-21T19:33:27.741+0800: 265350.022: [ParNew: 8261516K->434976K(9175040K), 0.1919971 secs] 36697638K->28877990K(65798144K), 0.1923263 secs] [Times: user=1.09 sys=2.19, real=0.19 secs] 
2023-10-21T19:34:26.288+0800: 265408.569: [GC (Allocation Failure) 2023-10-21T19:34:26.288+0800: 265408.569: [ParNew: 8299296K->417124K(9175040K), 0.1850186 secs] 36742310K->28867091K(65798144K), 0.1852996 secs] [Times: user=0.53 sys=2.61, real=0.18 secs] 
2023-10-21T19:35:55.411+0800: 265497.693: [GC (Allocation Failure) 2023-10-21T19:35:55.412+0800: 265497.693: [ParNew: 8281444K->478120K(9175040K), 0.1990577 secs] 36731411K->28935078K(65798144K), 0.1993310 secs] [Times: user=1.07 sys=2.33, real=0.20 secs] 
2023-10-21T19:37:04.668+0800: 265566.950: [GC (Allocation Failure) 2023-10-21T19:37:04.669+0800: 265566.950: [ParNew: 8342440K->439212K(9175040K), 0.1948951 secs] 36799398K->28903098K(65798144K), 0.1951758 secs] [Times: user=0.59 sys=2.88, real=0.19 secs] 
2023-10-21T19:38:12.628+0800: 265634.909: [GC (Allocation Failure) 2023-10-21T19:38:12.628+0800: 265634.909: [ParNew: 8303532K->451495K(9175040K), 0.2000779 secs] 36767418K->28922325K(65798144K), 0.2003477 secs] [Times: user=1.02 sys=2.40, real=0.20 secs] 
2023-10-21T19:39:26.631+0800: 265708.912: [GC (Allocation Failure) 2023-10-21T19:39:26.631+0800: 265708.912: [ParNew: 8315815K->444961K(9175040K), 0.1945613 secs] 36786645K->28922507K(65798144K), 0.1948375 secs] [Times: user=1.07 sys=2.24, real=0.19 secs] 
2023-10-21T19:40:38.269+0800: 265780.550: [GC (Allocation Failure) 2023-10-21T19:40:38.269+0800: 265780.550: [ParNew: 8309281K->455095K(9175040K), 0.1960681 secs] 36786827K->28939624K(65798144K), 0.1964197 secs] [Times: user=1.12 sys=2.17, real=0.19 secs] 
2023-10-21T19:42:02.954+0800: 265865.235: [GC (Allocation Failure) 2023-10-21T19:42:02.954+0800: 265865.236: [ParNew: 8319415K->461467K(9175040K), 0.1936309 secs] 36803944K->28953011K(65798144K), 0.1939176 secs] [Times: user=1.04 sys=2.25, real=0.20 secs] 
2023-10-21T19:43:13.931+0800: 265936.212: [GC (Allocation Failure) 2023-10-21T19:43:13.931+0800: 265936.212: [ParNew: 8325787K->452654K(9175040K), 0.1885092 secs] 36817331K->28951161K(65798144K), 0.1887944 secs] [Times: user=1.10 sys=2.11, real=0.19 secs] 
2023-10-21T19:44:32.611+0800: 266014.893: [GC (Allocation Failure) 2023-10-21T19:44:32.611+0800: 266014.893: [ParNew: 8316974K->427931K(9175040K), 0.1953935 secs] 36815481K->28933332K(65798144K), 0.1956786 secs] [Times: user=0.58 sys=2.61, real=0.20 secs] 
2023-10-21T19:45:36.881+0800: 266079.162: [GC (Allocation Failure) 2023-10-21T19:45:36.881+0800: 266079.162: [ParNew: 8292251K->437388K(9175040K), 0.1890722 secs] 36797652K->28949309K(65798144K), 0.1893615 secs] [Times: user=1.09 sys=2.12, real=0.19 secs] 
2023-10-21T19:46:19.941+0800: 266122.222: [GC (Allocation Failure) 2023-10-21T19:46:19.941+0800: 266122.223: [ParNew: 8301708K->439643K(9175040K), 0.1774010 secs] 36813629K->28958598K(65798144K), 0.1776911 secs] [Times: user=1.17 sys=1.83, real=0.18 secs] 
2023-10-21T19:47:22.563+0800: 266184.844: [GC (Allocation Failure) 2023-10-21T19:47:22.563+0800: 266184.844: [ParNew: 8303963K->449097K(9175040K), 0.2045751 secs] 36822918K->28975131K(65798144K), 0.2049104 secs] [Times: user=0.47 sys=2.96, real=0.21 secs] 
2023-10-21T19:48:16.997+0800: 266239.278: [GC (Allocation Failure) 2023-10-21T19:48:16.997+0800: 266239.278: [ParNew: 8313417K->495436K(9175040K), 0.2191204 secs] 36839451K->29028541K(65798144K), 0.2194555 secs] [Times: user=1.17 sys=2.57, real=0.22 secs] 
2023-10-21T19:48:54.137+0800: 266276.418: [GC (Allocation Failure) 2023-10-21T19:48:54.137+0800: 266276.418: [ParNew: 8359756K->529227K(9175040K), 0.2027377 secs] 36892861K->29069294K(65798144K), 0.2031190 secs] [Times: user=0.65 sys=2.80, real=0.20 secs] 
2023-10-21T19:49:56.962+0800: 266339.243: [GC (Allocation Failure) 2023-10-21T19:49:56.962+0800: 266339.244: [ParNew: 8393547K->559572K(9175040K), 0.2333482 secs] 36933614K->29106463K(65798144K), 0.2336522 secs] [Times: user=1.07 sys=2.94, real=0.24 secs] 
2023-10-21T19:51:02.796+0800: 266405.078: [GC (Allocation Failure) 2023-10-21T19:51:02.797+0800: 266405.078: [ParNew: 8423892K->504932K(9175040K), 0.2219841 secs] 36970783K->29058399K(65798144K), 0.2223609 secs] [Times: user=1.10 sys=2.70, real=0.22 secs] 
2023-10-21T19:52:05.635+0800: 266467.916: [GC (Allocation Failure) 2023-10-21T19:52:05.635+0800: 266467.917: [ParNew: 8369252K->516341K(9175040K), 0.2111123 secs] 36922719K->29076844K(65798144K), 0.2114702 secs] [Times: user=1.10 sys=2.50, real=0.22 secs] 
2023-10-21T19:53:02.784+0800: 266525.065: [GC (Allocation Failure) 2023-10-21T19:53:02.784+0800: 266525.065: [ParNew: 8380661K->524978K(9175040K), 0.2089207 secs] 36941164K->29092519K(65798144K), 0.2092287 secs] [Times: user=1.16 sys=2.40, real=0.21 secs] 
2023-10-21T19:53:55.247+0800: 266577.529: [GC (Allocation Failure) 2023-10-21T19:53:55.248+0800: 266577.529: [ParNew: 8389298K->457492K(9175040K), 0.2038992 secs] 36956839K->29032050K(65798144K), 0.2042208 secs] [Times: user=0.49 sys=2.97, real=0.20 secs] 
2023-10-21T19:54:40.155+0800: 266622.436: [GC (Allocation Failure) 2023-10-21T19:54:40.155+0800: 266622.436: [ParNew: 8321812K->519540K(9175040K), 0.2151559 secs] 36896370K->29101203K(65798144K), 0.2154785 secs] [Times: user=1.17 sys=2.49, real=0.22 secs] 
2023-10-21T19:55:21.432+0800: 266663.714: [GC (Allocation Failure) 2023-10-21T19:55:21.433+0800: 266663.714: [ParNew: 8383860K->507606K(9175040K), 0.1392503 secs] 36965523K->29096417K(65798144K), 0.1395517 secs] [Times: user=0.97 sys=1.34, real=0.14 secs] 
2023-10-21T19:56:10.430+0800: 266712.711: [GC (Allocation Failure) 2023-10-21T19:56:10.430+0800: 266712.712: [ParNew: 8371926K->486230K(9175040K), 0.1873846 secs] 36960737K->29081846K(65798144K), 0.1876648 secs] [Times: user=0.70 sys=2.48, real=0.19 secs] 
2023-10-21T19:57:05.163+0800: 266767.445: [GC (Allocation Failure) 2023-10-21T19:57:05.164+0800: 266767.445: [ParNew: 8350550K->540727K(9175040K), 0.2060316 secs] 36946166K->29143327K(65798144K), 0.2063454 secs] [Times: user=0.49 sys=3.02, real=0.21 secs] 
2023-10-21T19:57:50.183+0800: 266812.464: [GC (Allocation Failure) 2023-10-21T19:57:50.183+0800: 266812.464: [ParNew: 8405047K->527169K(9175040K), 0.1885544 secs] 37007647K->29136676K(65798144K), 0.1888604 secs] [Times: user=0.70 sys=2.49, real=0.19 secs] 
2023-10-21T19:58:30.807+0800: 266853.089: [GC (Allocation Failure) 2023-10-21T19:58:30.808+0800: 266853.089: [ParNew: 8391489K->558908K(9175040K), 0.1944873 secs] 37000996K->29175281K(65798144K), 0.1947820 secs] [Times: user=0.62 sys=2.69, real=0.19 secs] 
2023-10-21T19:59:20.692+0800: 266902.973: [GC (Allocation Failure) 2023-10-21T19:59:20.692+0800: 266902.974: [ParNew: 8423228K->597004K(9175040K), 0.2165212 secs] 37039601K->29219815K(65798144K), 0.2168331 secs] [Times: user=1.21 sys=2.49, real=0.22 secs] 
2023-10-21T19:59:57.955+0800: 266940.236: [GC (Allocation Failure) 2023-10-21T19:59:57.955+0800: 266940.237: [ParNew: 8461324K->615026K(9175040K), 0.1838318 secs] 37084135K->29244555K(65798144K), 0.1841653 secs] [Times: user=1.37 sys=1.74, real=0.19 secs] 
2023-10-21T20:00:41.015+0800: 266983.296: [GC (Allocation Failure) 2023-10-21T20:00:41.015+0800: 266983.296: [ParNew: 8479346K->644301K(9175040K), 0.1515850 secs] 37108875K->29280456K(65798144K), 0.1518916 secs] [Times: user=0.95 sys=1.59, real=0.16 secs] 
2023-10-21T20:01:13.716+0800: 267015.997: [GC (Allocation Failure) 2023-10-21T20:01:13.716+0800: 267015.997: [ParNew: 8508621K->581732K(9175040K), 0.1820037 secs] 37144776K->29224194K(65798144K), 0.1823964 secs] [Times: user=1.54 sys=1.53, real=0.18 secs] 
2023-10-21T20:02:00.583+0800: 267062.864: [GC (Allocation Failure) 2023-10-21T20:02:00.583+0800: 267062.865: [ParNew: 8446052K->615550K(9175040K), 0.2138757 secs] 37088514K->29264562K(65798144K), 0.2142639 secs] [Times: user=0.70 sys=2.95, real=0.22 secs] 
2023-10-21T20:02:40.310+0800: 267102.592: [GC (Allocation Failure) 2023-10-21T20:02:40.311+0800: 267102.592: [ParNew: 8479870K->575318K(9175040K), 0.1811559 secs] 37128882K->29230593K(65798144K), 0.1816598 secs] [Times: user=1.38 sys=1.66, real=0.18 secs] 
2023-10-21T20:03:23.746+0800: 267146.027: [GC (Allocation Failure) 2023-10-21T20:03:23.746+0800: 267146.028: [ParNew: 8439638K->658765K(9175040K), 0.1573236 secs] 37094913K->29320728K(65798144K), 0.1576156 secs] [Times: user=0.99 sys=1.65, real=0.15 secs] 
2023-10-21T20:04:17.517+0800: 267199.798: [GC (Allocation Failure) 2023-10-21T20:04:17.517+0800: 267199.798: [ParNew: 8523085K->606916K(9175040K), 0.1953501 secs] 37185048K->29275632K(65798144K), 0.1956364 secs] [Times: user=1.23 sys=2.10, real=0.19 secs] 
2023-10-21T20:05:03.598+0800: 267245.879: [GC (Allocation Failure) 2023-10-21T20:05:03.598+0800: 267245.880: [ParNew: 8471236K->624863K(9175040K), 0.1832126 secs] 37139952K->29300244K(65798144K), 0.1835205 secs] [Times: user=0.79 sys=2.27, real=0.18 secs] 
2023-10-21T20:05:49.618+0800: 267291.900: [GC (Allocation Failure) 2023-10-21T20:05:49.619+0800: 267291.900: [ParNew: 8489183K->611742K(9175040K), 0.1937746 secs] 37164564K->29293655K(65798144K), 0.1941428 secs] [Times: user=1.22 sys=2.08, real=0.19 secs] 
2023-10-21T20:06:34.450+0800: 267336.732: [GC (Allocation Failure) 2023-10-21T20:06:34.450+0800: 267336.732: [ParNew: 8476062K->600836K(9175040K), 0.1955613 secs] 37157975K->29289171K(65798144K), 0.1958805 secs] [Times: user=1.29 sys=2.03, real=0.20 secs] 
2023-10-21T20:07:17.563+0800: 267379.844: [GC (Allocation Failure) 2023-10-21T20:07:17.563+0800: 267379.844: [ParNew: 8465156K->544855K(9175040K), 0.1779271 secs] 37153491K->29239758K(65798144K), 0.1782499 secs] [Times: user=0.68 sys=2.33, real=0.18 secs] 
2023-10-21T20:08:05.629+0800: 267427.910: [GC (Allocation Failure) 2023-10-21T20:08:05.629+0800: 267427.910: [ParNew: 8409175K->608266K(9175040K), 0.1473033 secs] 37104078K->29309885K(65798144K), 0.1475923 secs] [Times: user=0.92 sys=1.54, real=0.15 secs] 
2023-10-21T20:09:06.220+0800: 267488.501: [GC (Allocation Failure) 2023-10-21T20:09:06.220+0800: 267488.502: [ParNew: 8472586K->553404K(9175040K), 0.1988940 secs] 37174205K->29261549K(65798144K), 0.1991807 secs] [Times: user=1.17 sys=2.23, real=0.20 secs] 
2023-10-21T20:09:57.836+0800: 267540.118: [GC (Allocation Failure) 2023-10-21T20:09:57.837+0800: 267540.118: [ParNew: 8417724K->562878K(9175040K), 0.1971016 secs] 37125869K->29277172K(65798144K), 0.1974042 secs] [Times: user=1.17 sys=2.19, real=0.19 secs] 
2023-10-21T20:10:45.544+0800: 267587.825: [GC (Allocation Failure) 2023-10-21T20:10:45.544+0800: 267587.825: [ParNew: 8427198K->557399K(9175040K), 0.1894966 secs] 37141492K->29278301K(65798144K), 0.1898818 secs] [Times: user=1.19 sys=2.03, real=0.19 secs] 
2023-10-21T20:11:39.444+0800: 267641.725: [GC (Allocation Failure) 2023-10-21T20:11:39.444+0800: 267641.726: [ParNew: 8421719K->549253K(9175040K), 0.2118574 secs] 37142621K->29276434K(65798144K), 0.2122310 secs] [Times: user=0.78 sys=2.85, real=0.22 secs] 
2023-10-21T20:12:31.024+0800: 267693.306: [GC (Allocation Failure) 2023-10-21T20:12:31.025+0800: 267693.306: [ParNew: 8413573K->554610K(9175040K), 0.1994034 secs] 37140754K->29288312K(65798144K), 0.1997790 secs] [Times: user=0.53 sys=2.68, real=0.20 secs] 
2023-10-21T20:13:17.198+0800: 267739.480: [GC (Allocation Failure) 2023-10-21T20:13:17.199+0800: 267739.480: [ParNew: 8418930K->521685K(9175040K), 0.2425907 secs] 37152632K->29261516K(65798144K), 0.2429303 secs] [Times: user=1.58 sys=2.69, real=0.24 secs] 
2023-10-21T20:14:03.471+0800: 267785.753: [GC (Allocation Failure) 2023-10-21T20:14:03.471+0800: 267785.753: [ParNew: 8386005K->582772K(9175040K), 0.2235268 secs] 37125836K->29329188K(65798144K), 0.2238518 secs] [Times: user=1.11 sys=2.58, real=0.22 secs] 
2023-10-21T20:14:40.416+0800: 267822.697: [GC (Allocation Failure) 2023-10-21T20:14:40.416+0800: 267822.697: [ParNew: 8447092K->552252K(9175040K), 0.1383526 secs] 37193508K->29305027K(65798144K), 0.1386616 secs] [Times: user=1.55 sys=0.74, real=0.13 secs] 
2023-10-21T20:15:09.174+0800: 267851.455: [GC (Allocation Failure) 2023-10-21T20:15:09.174+0800: 267851.455: [ParNew: 8416572K->565961K(9175040K), 0.1648831 secs] 37169347K->29325195K(65798144K), 0.1651771 secs] [Times: user=0.83 sys=1.95, real=0.17 secs] 
2023-10-21T20:15:43.489+0800: 267885.770: [GC (Allocation Failure) 2023-10-21T20:15:43.489+0800: 267885.770: [ParNew: 8430281K->567897K(9175040K), 0.1925868 secs] 37189515K->29333720K(65798144K), 0.1928934 secs] [Times: user=1.27 sys=2.00, real=0.19 secs] 
2023-10-21T20:16:32.609+0800: 267934.890: [GC (Allocation Failure) 2023-10-21T20:16:32.609+0800: 267934.891: [ParNew: 8432217K->634019K(9175040K), 0.2018044 secs] 37198040K->29406400K(65798144K), 0.2021563 secs] [Times: user=0.63 sys=2.82, real=0.20 secs] 
2023-10-21T20:17:20.498+0800: 267982.779: [GC (Allocation Failure) 2023-10-21T20:17:20.498+0800: 267982.780: [ParNew: 8498339K->636957K(9175040K), 0.1590526 secs] 37270720K->29415919K(65798144K), 0.1593420 secs] [Times: user=1.60 sys=1.08, real=0.16 secs] 
2023-10-21T20:17:58.785+0800: 268021.066: [GC (Allocation Failure) 2023-10-21T20:17:58.785+0800: 268021.066: [ParNew: 8501277K->626672K(9175040K), 0.1863522 secs] 37280239K->29412274K(65798144K), 0.1867363 secs] [Times: user=1.37 sys=1.80, real=0.19 secs] 
2023-10-21T20:18:37.308+0800: 268059.590: [GC (Allocation Failure) 2023-10-21T20:18:37.308+0800: 268059.590: [ParNew: 8490992K->609452K(9175040K), 0.1906321 secs] 37276594K->29401664K(65798144K), 0.1909891 secs] [Times: user=1.42 sys=1.81, real=0.19 secs] 
2023-10-21T20:19:22.801+0800: 268105.083: [GC (Allocation Failure) 2023-10-21T20:19:22.802+0800: 268105.083: [ParNew: 8473772K->643945K(9175040K), 0.2168377 secs] 37265984K->29442838K(65798144K), 0.2172062 secs] [Times: user=1.23 sys=2.48, real=0.22 secs] 
2023-10-21T20:20:01.516+0800: 268143.797: [GC (Allocation Failure) 2023-10-21T20:20:01.516+0800: 268143.797: [ParNew: 8508265K->689975K(9175040K), 0.1374029 secs] 37307158K->29495635K(65798144K), 0.1377028 secs] [Times: user=1.02 sys=1.26, real=0.13 secs] 
2023-10-21T20:20:47.499+0800: 268189.781: [GC (Allocation Failure) 2023-10-21T20:20:47.499+0800: 268189.781: [ParNew: 8554295K->602935K(9175040K), 0.1881847 secs] 37359955K->29415104K(65798144K), 0.1885134 secs] [Times: user=1.29 sys=1.91, real=0.19 secs] 
2023-10-21T20:21:34.964+0800: 268237.245: [GC (Allocation Failure) 2023-10-21T20:21:34.964+0800: 268237.245: [ParNew: 8467255K->607811K(9175040K), 0.1848194 secs] 37279424K->29426552K(65798144K), 0.1851897 secs] [Times: user=0.73 sys=2.41, real=0.19 secs] 
2023-10-21T20:22:10.811+0800: 268273.092: [GC (Allocation Failure) 2023-10-21T20:22:10.811+0800: 268273.092: [ParNew: 8472131K->625562K(9175040K), 0.2242312 secs] 37290872K->29451078K(65798144K), 0.2245501 secs] [Times: user=1.62 sys=2.22, real=0.22 secs] 
2023-10-21T20:22:43.131+0800: 268305.413: [GC (Allocation Failure) 2023-10-21T20:22:43.132+0800: 268305.413: [ParNew: 8489882K->633511K(9175040K), 0.1299935 secs] 37315398K->29465833K(65798144K), 0.1303053 secs] [Times: user=1.15 sys=1.00, real=0.13 secs] 
2023-10-21T20:23:30.930+0800: 268353.212: [GC (Allocation Failure) 2023-10-21T20:23:30.930+0800: 268353.212: [ParNew: 8497831K->598844K(9175040K), 0.1943722 secs] 37330153K->29437864K(65798144K), 0.1946597 secs] [Times: user=0.71 sys=2.60, real=0.19 secs] 
2023-10-21T20:24:08.671+0800: 268390.952: [GC (Allocation Failure) 2023-10-21T20:24:08.671+0800: 268390.952: [ParNew: 8463164K->610861K(9175040K), 0.1893177 secs] 37302184K->29456549K(65798144K), 0.1896429 secs] [Times: user=0.93 sys=2.28, real=0.19 secs] 
2023-10-21T20:24:49.199+0800: 268431.480: [GC (Allocation Failure) 2023-10-21T20:24:49.199+0800: 268431.480: [ParNew: 8475181K->613782K(9175040K), 0.2010723 secs] 37320869K->29465952K(65798144K), 0.2014002 secs] [Times: user=1.27 sys=2.16, real=0.20 secs] 
2023-10-21T20:25:27.109+0800: 268469.390: [GC (Allocation Failure) 2023-10-21T20:25:27.109+0800: 268469.391: [ParNew: 8478102K->636713K(9175040K), 0.1831747 secs] 37330272K->29495119K(65798144K), 0.1835785 secs] [Times: user=1.43 sys=1.66, real=0.18 secs] 
2023-10-21T20:26:11.546+0800: 268513.827: [GC (Allocation Failure) 2023-10-21T20:26:11.546+0800: 268513.827: [ParNew: 8501033K->670926K(9175040K), 0.1587767 secs] 37359439K->29535697K(65798144K), 0.1591206 secs] [Times: user=0.96 sys=1.71, real=0.15 secs] 
2023-10-21T20:26:51.736+0800: 268554.018: [GC (Allocation Failure) 2023-10-21T20:26:51.737+0800: 268554.018: [ParNew: 8535246K->621688K(9175040K), 0.1829865 secs] 37400017K->29493138K(65798144K), 0.1832866 secs] [Times: user=0.79 sys=2.31, real=0.18 secs] 
2023-10-21T20:27:35.727+0800: 268598.009: [GC (Allocation Failure) 2023-10-21T20:27:35.728+0800: 268598.009: [ParNew: 8486008K->675708K(9175040K), 0.1958934 secs] 37357458K->29553923K(65798144K), 0.1963089 secs] [Times: user=0.66 sys=2.67, real=0.19 secs] 
2023-10-21T20:28:18.259+0800: 268640.540: [GC (Allocation Failure) 2023-10-21T20:28:18.259+0800: 268640.540: [ParNew: 8540028K->680813K(9175040K), 0.2103702 secs] 37418243K->29565289K(65798144K), 0.2106746 secs] [Times: user=1.29 sys=2.29, real=0.21 secs] 
2023-10-21T20:29:10.038+0800: 268692.320: [GC (Allocation Failure) 2023-10-21T20:29:10.038+0800: 268692.320: [ParNew: 8545133K->635019K(9175040K), 0.2226440 secs] 37429609K->29525879K(65798144K), 0.2229691 secs] [Times: user=1.06 sys=2.76, real=0.22 secs] 
2023-10-21T20:30:04.540+0800: 268746.821: [GC (Allocation Failure) 2023-10-21T20:30:04.540+0800: 268746.822: [ParNew: 8499339K->642929K(9175040K), 0.2138509 secs] 37390199K->29540276K(65798144K), 0.2141450 secs] [Times: user=1.22 sys=2.43, real=0.21 secs] 
2023-10-21T20:31:08.424+0800: 268810.705: [GC (Allocation Failure) 2023-10-21T20:31:08.424+0800: 268810.706: [ParNew: 8507249K->590073K(9175040K), 0.2206535 secs] 37404596K->29494121K(65798144K), 0.2209220 secs] [Times: user=0.48 sys=3.29, real=0.22 secs] 
2023-10-21T20:32:07.568+0800: 268869.849: [GC (Allocation Failure) 2023-10-21T20:32:07.568+0800: 268869.849: [ParNew: 8454393K->516039K(9175040K), 0.2123193 secs] 37358441K->29426997K(65798144K), 0.2127446 secs] [Times: user=0.52 sys=3.13, real=0.21 secs] 
2023-10-21T20:32:56.948+0800: 268919.229: [GC (Allocation Failure) 2023-10-21T20:32:56.948+0800: 268919.229: [ParNew: 8380359K->510224K(9175040K), 0.1508591 secs] 37291317K->29427976K(65798144K), 0.1511594 secs] [Times: user=0.90 sys=1.63, real=0.15 secs] 
2023-10-21T20:34:01.980+0800: 268984.261: [GC (Allocation Failure) 2023-10-21T20:34:01.980+0800: 268984.262: [ParNew: 8374544K->501255K(9175040K), 0.1987768 secs] 37292296K->29425474K(65798144K), 0.1990472 secs] [Times: user=1.05 sys=2.34, real=0.20 secs] 
2023-10-21T20:34:37.283+0800: 269019.565: [GC (Allocation Failure) 2023-10-21T20:34:37.284+0800: 269019.565: [ParNew: 8365575K->477232K(9175040K), 0.1705817 secs] 37289794K->29407798K(65798144K), 0.1708951 secs] [Times: user=1.34 sys=1.53, real=0.17 secs] 
2023-10-21T20:35:46.183+0800: 269088.464: [GC (Allocation Failure) 2023-10-21T20:35:46.183+0800: 269088.465: [ParNew: 8341552K->507462K(9175040K), 0.2079251 secs] 37272118K->29444736K(65798144K), 0.2081934 secs] [Times: user=0.50 sys=2.69, real=0.21 secs] 
2023-10-21T20:36:58.433+0800: 269160.715: [GC (Allocation Failure) 2023-10-21T20:36:58.433+0800: 269160.715: [ParNew: 8371782K->516818K(9175040K), 0.2064052 secs] 37309056K->29460576K(65798144K), 0.2066784 secs] [Times: user=1.06 sys=2.47, real=0.21 secs] 
2023-10-21T20:37:50.661+0800: 269212.942: [GC (Allocation Failure) 2023-10-21T20:37:50.661+0800: 269212.942: [ParNew: 8381138K->481351K(9175040K), 0.1980551 secs] 37324896K->29431618K(65798144K), 0.1983916 secs] [Times: user=1.21 sys=2.17, real=0.20 secs] 
2023-10-21T20:39:01.906+0800: 269284.187: [GC (Allocation Failure) 2023-10-21T20:39:01.906+0800: 269284.188: [ParNew: 8345671K->498285K(9175040K), 0.2035817 secs] 37295938K->29454890K(65798144K), 0.2039241 secs] [Times: user=1.10 sys=2.32, real=0.20 secs] 
2023-10-21T20:40:01.963+0800: 269344.245: [GC (Allocation Failure) 2023-10-21T20:40:01.963+0800: 269344.245: [ParNew: 8362605K->509493K(9175040K), 0.2136773 secs] 37319210K->29472663K(65798144K), 0.2139493 secs] [Times: user=1.16 sys=2.50, real=0.22 secs] 
2023-10-21T20:41:25.915+0800: 269428.196: [GC (Allocation Failure) 2023-10-21T20:41:25.915+0800: 269428.196: [ParNew: 8373813K->479207K(9175040K), 0.1925695 secs] 37336983K->29448950K(65798144K), 0.1928693 secs] [Times: user=1.09 sys=2.19, real=0.20 secs] 
2023-10-21T20:42:13.282+0800: 269475.563: [GC (Allocation Failure) 2023-10-21T20:42:13.282+0800: 269475.564: [ParNew: 8343527K->487885K(9175040K), 0.1806845 secs] 37313270K->29464347K(65798144K), 0.1809625 secs] [Times: user=0.59 sys=2.05, real=0.18 secs] 
2023-10-21T20:43:34.317+0800: 269556.598: [GC (Allocation Failure) 2023-10-21T20:43:34.317+0800: 269556.598: [ParNew: 8352205K->442031K(9175040K), 0.1965121 secs] 37328667K->29425089K(65798144K), 0.1968740 secs] [Times: user=1.06 sys=2.29, real=0.19 secs] 
2023-10-21T20:44:32.484+0800: 269614.765: [GC (Allocation Failure) 2023-10-21T20:44:32.484+0800: 269614.765: [ParNew: 8306351K->465657K(9175040K), 0.1952744 secs] 37289409K->29455579K(65798144K), 0.1955798 secs] [Times: user=0.45 sys=2.87, real=0.20 secs] 
2023-10-21T20:46:16.662+0800: 269718.943: [GC (Allocation Failure) 2023-10-21T20:46:16.662+0800: 269718.943: [ParNew: 8329977K->494167K(9175040K), 0.2417434 secs] 37319899K->29490978K(65798144K), 0.2421061 secs] [Times: user=0.21 sys=3.60, real=0.24 secs] 
2023-10-21T20:47:26.664+0800: 269788.945: [GC (Allocation Failure) 2023-10-21T20:47:26.664+0800: 269788.945: [ParNew: 8358487K->448416K(9175040K), 0.2131863 secs] 37355298K->29452226K(65798144K), 0.2134886 secs] [Times: user=0.90 sys=2.74, real=0.22 secs] 
2023-10-21T20:48:39.203+0800: 269861.485: [GC (Allocation Failure) 2023-10-21T20:48:39.204+0800: 269861.485: [ParNew: 8312736K->465180K(9175040K), 0.2473253 secs] 37316546K->29476210K(65798144K), 0.2476665 secs] [Times: user=0.96 sys=3.24, real=0.25 secs] 
2023-10-21T20:49:50.321+0800: 269932.602: [GC (Allocation Failure) 2023-10-21T20:49:50.321+0800: 269932.602: [ParNew: 8329500K->461580K(9175040K), 0.2200508 secs] 37340530K->29479613K(65798144K), 0.2204574 secs] [Times: user=0.90 sys=2.82, real=0.22 secs] 
2023-10-21T20:50:45.805+0800: 269988.086: [GC (Allocation Failure) 2023-10-21T20:50:45.805+0800: 269988.087: [ParNew: 8325900K->436901K(9175040K), 0.2168098 secs] 37343933K->29462121K(65798144K), 0.2173810 secs] [Times: user=1.00 sys=2.70, real=0.22 secs] 
2023-10-21T20:52:02.974+0800: 270065.255: [GC (Allocation Failure) 2023-10-21T20:52:02.974+0800: 270065.255: [ParNew: 8301221K->505760K(9175040K), 0.2243748 secs] 37326441K->29537604K(65798144K), 0.2246971 secs] [Times: user=0.93 sys=2.92, real=0.23 secs] 
2023-10-21T20:53:28.648+0800: 270150.929: [GC (Allocation Failure) 2023-10-21T20:53:28.648+0800: 270150.929: [ParNew: 8370080K->436406K(9175040K), 0.2151437 secs] 37401924K->29475157K(65798144K), 0.2154434 secs] [Times: user=0.96 sys=2.72, real=0.21 secs] 
2023-10-21T20:55:03.864+0800: 270246.145: [GC (Allocation Failure) 2023-10-21T20:55:03.864+0800: 270246.145: [ParNew: 8300726K->434788K(9175040K), 0.2068430 secs] 37339477K->29480689K(65798144K), 0.2071452 secs] [Times: user=0.93 sys=2.60, real=0.21 secs] 
2023-10-21T20:56:15.568+0800: 270317.849: [GC (Allocation Failure) 2023-10-21T20:56:15.568+0800: 270317.849: [ParNew: 8299108K->410381K(9175040K), 0.2181499 secs] 37345009K->29463393K(65798144K), 0.2184389 secs] [Times: user=0.48 sys=3.25, real=0.22 secs] 
2023-10-21T20:57:27.215+0800: 270389.497: [GC (Allocation Failure) 2023-10-21T20:57:27.216+0800: 270389.497: [ParNew: 8274701K->429870K(9175040K), 0.1988661 secs] 37327713K->29489622K(65798144K), 0.1991582 secs] [Times: user=1.03 sys=2.36, real=0.20 secs] 
2023-10-21T20:58:59.020+0800: 270481.301: [GC (Allocation Failure) 2023-10-21T20:58:59.020+0800: 270481.301: [ParNew: 8294190K->419211K(9175040K), 0.1924772 secs] 37353942K->29486129K(65798144K), 0.1927669 secs] [Times: user=0.46 sys=2.82, real=0.19 secs] 
2023-10-21T21:00:07.367+0800: 270549.649: [GC (Allocation Failure) 2023-10-21T21:00:07.368+0800: 270549.649: [ParNew: 8283531K->426090K(9175040K), 0.1907862 secs] 37350449K->29500385K(65798144K), 0.1910506 secs] [Times: user=0.41 sys=2.84, real=0.19 secs] 
2023-10-21T21:01:49.085+0800: 270651.367: [GC (Allocation Failure) 2023-10-21T21:01:49.085+0800: 270651.367: [ParNew: 8290410K->434170K(9175040K), 0.1910932 secs] 37364705K->29515459K(65798144K), 0.1913730 secs] [Times: user=0.45 sys=2.51, real=0.20 secs] 
2023-10-21T21:03:00.727+0800: 270723.008: [GC (Allocation Failure) 2023-10-21T21:03:00.727+0800: 270723.008: [ParNew: 8298490K->428057K(9175040K), 0.2221420 secs] 37379779K->29516686K(65798144K), 0.2225158 secs] [Times: user=0.88 sys=2.94, real=0.22 secs] 
2023-10-21T21:04:49.089+0800: 270831.371: [GC (Allocation Failure) 2023-10-21T21:04:49.089+0800: 270831.371: [ParNew: 8292377K->342494K(9175040K), 0.2204496 secs] 37381006K->29438367K(65798144K), 0.2207363 secs] [Times: user=0.86 sys=2.93, real=0.22 secs] 
2023-10-21T21:06:23.845+0800: 270926.126: [GC (Allocation Failure) 2023-10-21T21:06:23.845+0800: 270926.126: [ParNew: 8206814K->367076K(9175040K), 0.2270586 secs] 37302687K->29470463K(65798144K), 0.2273542 secs] [Times: user=0.23 sys=3.50, real=0.23 secs] 
2023-10-21T21:08:07.057+0800: 271029.338: [GC (Allocation Failure) 2023-10-21T21:08:07.057+0800: 271029.338: [ParNew: 8231396K->356383K(9175040K), 0.2066348 secs] 37334783K->29466570K(65798144K), 0.2069304 secs] [Times: user=0.97 sys=2.57, real=0.20 secs] 
2023-10-21T21:10:28.433+0800: 271170.714: [GC (Allocation Failure) 2023-10-21T21:10:28.433+0800: 271170.715: [ParNew: 8220703K->347289K(9175040K), 0.2057831 secs] 37330890K->29464852K(65798144K), 0.2061355 secs] [Times: user=0.40 sys=3.12, real=0.21 secs] 
2023-10-21T21:13:01.702+0800: 271323.983: [GC (Allocation Failure) 2023-10-21T21:13:01.702+0800: 271323.983: [ParNew: 8211609K->333821K(9175040K), 0.1891373 secs] 37329172K->29458695K(65798144K), 0.1894013 secs] [Times: user=0.33 sys=2.89, real=0.19 secs] 
2023-10-21T21:15:46.463+0800: 271488.744: [GC (Allocation Failure) 2023-10-21T21:15:46.463+0800: 271488.745: [ParNew: 8198141K->289626K(9175040K), 0.2134563 secs] 37323015K->29421573K(65798144K), 0.2137478 secs] [Times: user=0.72 sys=2.94, real=0.22 secs] 
2023-10-21T21:17:23.253+0800: 271585.535: [GC (Allocation Failure) 2023-10-21T21:17:23.253+0800: 271585.535: [ParNew: 8153946K->310838K(9175040K), 0.2153718 secs] 37285893K->29450056K(65798144K), 0.2156528 secs] [Times: user=0.88 sys=2.82, real=0.22 secs] 
2023-10-21T21:19:51.869+0800: 271734.150: [GC (Allocation Failure) 2023-10-21T21:19:51.869+0800: 271734.150: [ParNew: 8175158K->300204K(9175040K), 0.2039402 secs] 37314376K->29447113K(65798144K), 0.2042267 secs] [Times: user=0.91 sys=2.58, real=0.20 secs] 
2023-10-21T21:21:59.610+0800: 271861.891: [GC (Allocation Failure) 2023-10-21T21:21:59.610+0800: 271861.891: [ParNew: 8164524K->327774K(9175040K), 0.1999967 secs] 37311433K->29481799K(65798144K), 0.2002724 secs] [Times: user=0.87 sys=2.55, real=0.20 secs] 
2023-10-21T21:23:27.864+0800: 271950.145: [GC (Allocation Failure) 2023-10-21T21:23:27.864+0800: 271950.145: [ParNew: 8192094K->330903K(9175040K), 0.1942733 secs] 37346119K->29492023K(65798144K), 0.1945861 secs] [Times: user=0.30 sys=3.02, real=0.20 secs] 
2023-10-21T21:25:15.727+0800: 272058.008: [GC (Allocation Failure) 2023-10-21T21:25:15.727+0800: 272058.009: [ParNew: 8195223K->329947K(9175040K), 0.2033288 secs] 37356343K->29497796K(65798144K), 0.2036125 secs] [Times: user=0.29 sys=3.20, real=0.20 secs] 
2023-10-21T21:26:42.834+0800: 272145.116: [GC (Allocation Failure) 2023-10-21T21:26:42.835+0800: 272145.116: [ParNew: 8194267K->376332K(9175040K), 0.2014474 secs] 37362116K->29551161K(65798144K), 0.2017284 secs] [Times: user=0.33 sys=3.12, real=0.21 secs] 
2023-10-21T21:29:14.294+0800: 272296.575: [GC (Allocation Failure) 2023-10-21T21:29:14.294+0800: 272296.575: [ParNew: 8240587K->363681K(9175040K), 0.1945414 secs] 37415416K->29545772K(65798144K), 0.1948192 secs] [Times: user=0.94 sys=2.37, real=0.20 secs] 
2023-10-21T21:32:25.438+0800: 272487.719: [GC (Allocation Failure) 2023-10-21T21:32:25.438+0800: 272487.719: [ParNew: 8228001K->290485K(9175040K), 0.2159369 secs] 37410092K->29479321K(65798144K), 0.2162188 secs] [Times: user=0.89 sys=2.82, real=0.21 secs] 
2023-10-21T21:34:40.274+0800: 272622.555: [GC (Allocation Failure) 2023-10-21T21:34:40.274+0800: 272622.556: [ParNew: 8154805K->294193K(9175040K), 0.1931288 secs] 37343641K->29489131K(65798144K), 0.1934491 secs] [Times: user=0.32 sys=2.98, real=0.20 secs] 
2023-10-21T21:36:20.806+0800: 272723.088: [GC (Allocation Failure) 2023-10-21T21:36:20.807+0800: 272723.088: [ParNew: 8158513K->313450K(9175040K), 0.2010153 secs] 37353451K->29514697K(65798144K), 0.2013468 secs] [Times: user=0.83 sys=2.56, real=0.20 secs] 
2023-10-21T21:38:06.276+0800: 272828.557: [GC (Allocation Failure) 2023-10-21T21:38:06.276+0800: 272828.557: [ParNew: 8177770K->375620K(9175040K), 0.2099081 secs] 37379017K->29583135K(65798144K), 0.2102157 secs] [Times: user=0.85 sys=2.74, real=0.22 secs] 
2023-10-21T21:39:15.902+0800: 272898.183: [GC (Allocation Failure) 2023-10-21T21:39:15.902+0800: 272898.184: [ParNew: 8239940K->435162K(9175040K), 0.2215369 secs] 37447455K->29649043K(65798144K), 0.2218086 secs] [Times: user=0.97 sys=2.84, real=0.22 secs] 
2023-10-21T21:41:03.933+0800: 273006.214: [GC (Allocation Failure) 2023-10-21T21:41:03.933+0800: 273006.214: [ParNew: 8299482K->363642K(9175040K), 0.2004116 secs] 37513363K->29584182K(65798144K), 0.2007046 secs] [Times: user=0.30 sys=2.91, real=0.20 secs] 
2023-10-21T21:42:32.836+0800: 273095.117: [GC (Allocation Failure) 2023-10-21T21:42:32.836+0800: 273095.117: [ParNew: 8227962K->393638K(9175040K), 0.2067924 secs] 37448502K->29621000K(65798144K), 0.2071305 secs] [Times: user=0.90 sys=2.58, real=0.21 secs] 
2023-10-21T21:44:16.924+0800: 273199.205: [GC (Allocation Failure) 2023-10-21T21:44:16.924+0800: 273199.205: [ParNew: 8257958K->351417K(9175040K), 0.2083640 secs] 37485320K->29585340K(65798144K), 0.2086954 secs] [Times: user=0.32 sys=3.26, real=0.21 secs] 
2023-10-21T21:45:41.001+0800: 273283.282: [GC (Allocation Failure) 2023-10-21T21:45:41.001+0800: 273283.282: [ParNew: 8215737K->379346K(9175040K), 0.2153047 secs] 37449660K->29619953K(65798144K), 0.2156443 secs] [Times: user=0.90 sys=2.80, real=0.22 secs] 
2023-10-21T21:46:46.535+0800: 273348.816: [GC (Allocation Failure) 2023-10-21T21:46:46.535+0800: 273348.816: [ParNew: 8243666K->395396K(9175040K), 0.2089362 secs] 37484273K->29642563K(65798144K), 0.2092555 secs] [Times: user=0.25 sys=3.33, real=0.21 secs] 
2023-10-21T21:48:34.942+0800: 273457.224: [GC (Allocation Failure) 2023-10-21T21:48:34.943+0800: 273457.224: [ParNew: 8259716K->433300K(9175040K), 0.2072569 secs] 37506883K->29686876K(65798144K), 0.2075839 secs] [Times: user=0.83 sys=2.72, real=0.21 secs] 
2023-10-21T21:50:11.307+0800: 273553.589: [GC (Allocation Failure) 2023-10-21T21:50:11.307+0800: 273553.589: [ParNew: 8297620K->410129K(9175040K), 0.1984611 secs] 37551196K->29670478K(65798144K), 0.1987402 secs] [Times: user=0.40 sys=2.99, real=0.20 secs] 
2023-10-21T21:51:54.049+0800: 273656.330: [GC (Allocation Failure) 2023-10-21T21:51:54.049+0800: 273656.331: [ParNew: 8274449K->360505K(9175040K), 0.1909337 secs] 37534798K->29627541K(65798144K), 0.1912178 secs] [Times: user=1.02 sys=2.19, real=0.19 secs] 
2023-10-21T21:53:16.447+0800: 273738.728: [GC (Allocation Failure) 2023-10-21T21:53:16.447+0800: 273738.728: [ParNew: 8224825K->382418K(9175040K), 0.1874732 secs] 37491861K->29656308K(65798144K), 0.1877779 secs] [Times: user=0.39 sys=2.80, real=0.18 secs] 
2023-10-21T21:54:56.674+0800: 273838.955: [GC (Allocation Failure) 2023-10-21T21:54:56.674+0800: 273838.955: [ParNew: 8246738K->373351K(9175040K), 0.2195673 secs] 37520628K->29654206K(65798144K), 0.2198840 secs] [Times: user=0.90 sys=2.87, real=0.22 secs] 
2023-10-21T21:57:05.613+0800: 273967.895: [GC (Allocation Failure) 2023-10-21T21:57:05.613+0800: 273967.895: [ParNew: 8237671K->370493K(9175040K), 0.2092492 secs] 37518526K->29658180K(65798144K), 0.2095515 secs] [Times: user=0.25 sys=3.32, real=0.21 secs] 
2023-10-21T21:58:45.077+0800: 274067.358: [GC (Allocation Failure) 2023-10-21T21:58:45.077+0800: 274067.358: [ParNew: 8234813K->368699K(9175040K), 0.1998566 secs] 37522500K->29663154K(65798144K), 0.2001162 secs] [Times: user=0.36 sys=3.06, real=0.20 secs] 
2023-10-21T22:00:51.217+0800: 274193.498: [GC (Allocation Failure) 2023-10-21T22:00:51.217+0800: 274193.498: [ParNew: 8233019K->365319K(9175040K), 0.2198415 secs] 37527474K->29666715K(65798144K), 0.2201610 secs] [Times: user=0.64 sys=3.07, real=0.22 secs] 
2023-10-21T22:03:25.919+0800: 274348.200: [GC (Allocation Failure) 2023-10-21T22:03:25.919+0800: 274348.200: [ParNew: 8229639K->303875K(9175040K), 0.2104085 secs] 37531035K->29612169K(65798144K), 0.2107135 secs] [Times: user=0.81 sys=2.80, real=0.21 secs] 
2023-10-21T22:04:40.722+0800: 274423.003: [GC (Allocation Failure) 2023-10-21T22:04:40.722+0800: 274423.003: [ParNew: 8168195K->315103K(9175040K), 0.2056823 secs] 37476489K->29630193K(65798144K), 0.2059961 secs] [Times: user=0.85 sys=2.68, real=0.21 secs] 
2023-10-21T22:06:31.284+0800: 274533.565: [GC (Allocation Failure) 2023-10-21T22:06:31.284+0800: 274533.565: [ParNew: 8179423K->339824K(9175040K), 0.1904774 secs] 37494513K->29661754K(65798144K), 0.1907927 secs] [Times: user=0.92 sys=2.34, real=0.19 secs] 
2023-10-21T22:08:30.965+0800: 274653.247: [GC (Allocation Failure) 2023-10-21T22:08:30.965+0800: 274653.247: [ParNew: 8204144K->376451K(9175040K), 0.2418973 secs] 37526074K->29704849K(65798144K), 0.2421816 secs] [Times: user=1.24 sys=2.92, real=0.25 secs] 
2023-10-21T22:10:13.354+0800: 274755.636: [GC (Allocation Failure) 2023-10-21T22:10:13.355+0800: 274755.636: [ParNew: 8240771K->382809K(9175040K), 0.2081569 secs] 37569169K->29718016K(65798144K), 0.2084535 secs] [Times: user=0.89 sys=2.68, real=0.21 secs] 
2023-10-21T22:12:32.399+0800: 274894.680: [GC (Allocation Failure) 2023-10-21T22:12:32.399+0800: 274894.680: [ParNew: 8247129K->363885K(9175040K), 0.1936982 secs] 37582336K->29705814K(65798144K), 0.1939780 secs] [Times: user=0.97 sys=2.34, real=0.19 secs] 
2023-10-21T22:14:38.679+0800: 275020.960: [GC (Allocation Failure) 2023-10-21T22:14:38.679+0800: 275020.960: [ParNew: 8228205K->354749K(9175040K), 0.1969557 secs] 37570134K->29703331K(65798144K), 0.1972331 secs] [Times: user=0.30 sys=3.06, real=0.20 secs] 
2023-10-21T22:16:46.039+0800: 275148.321: [GC (Allocation Failure) 2023-10-21T22:16:46.040+0800: 275148.321: [ParNew: 8219069K->334022K(9175040K), 0.2135709 secs] 37567651K->29689451K(65798144K), 0.2138715 secs] [Times: user=0.85 sys=2.81, real=0.21 secs] 
2023-10-21T22:19:00.298+0800: 275282.579: [GC (Allocation Failure) 2023-10-21T22:19:00.298+0800: 275282.580: [ParNew: 8198342K->307746K(9175040K), 0.1923500 secs] 37553771K->29669669K(65798144K), 0.1926508 secs] [Times: user=0.91 sys=2.37, real=0.19 secs] 
2023-10-21T22:21:53.144+0800: 275455.425: [GC (Allocation Failure) 2023-10-21T22:21:53.144+0800: 275455.426: [ParNew: 8172066K->318234K(9175040K), 0.2208035 secs] 37533989K->29687023K(65798144K), 0.2210944 secs] [Times: user=0.78 sys=3.02, real=0.22 secs] 
2023-10-21T22:24:10.602+0800: 275592.883: [GC (Allocation Failure) 2023-10-21T22:24:10.602+0800: 275592.883: [ParNew: 8182554K->292347K(9175040K), 0.1981504 secs] 37551343K->29668028K(65798144K), 0.1984327 secs] [Times: user=0.92 sys=2.46, real=0.20 secs] 
2023-10-21T22:25:57.148+0800: 275699.429: [GC (Allocation Failure) 2023-10-21T22:25:57.148+0800: 275699.429: [ParNew: 8156667K->337543K(9175040K), 0.2088530 secs] 37532348K->29720153K(65798144K), 0.2091358 secs] [Times: user=0.82 sys=2.76, real=0.21 secs] 
2023-10-21T22:28:18.438+0800: 275840.720: [GC (Allocation Failure) 2023-10-21T22:28:18.438+0800: 275840.720: [ParNew: 8201863K->317233K(9175040K), 0.2606690 secs] 37584473K->29706786K(65798144K), 0.2609670 secs] [Times: user=0.60 sys=3.89, real=0.26 secs] 
2023-10-21T22:30:37.576+0800: 275979.857: [GC (Allocation Failure) 2023-10-21T22:30:37.576+0800: 275979.858: [ParNew: 8181553K->328018K(9175040K), 0.2432474 secs] 37571106K->29724490K(65798144K), 0.2435671 secs] [Times: user=0.64 sys=3.56, real=0.24 secs] 
2023-10-21T22:32:01.593+0800: 276063.875: [GC (Allocation Failure) 2023-10-21T22:32:01.594+0800: 276063.875: [ParNew: 8192338K->353048K(9175040K), 0.2745864 secs] 37588810K->29756419K(65798144K), 0.2749824 secs] [Times: user=0.45 sys=4.29, real=0.28 secs] 
2023-10-21T22:33:55.462+0800: 276177.744: [GC (Allocation Failure) 2023-10-21T22:33:55.463+0800: 276177.744: [ParNew: 8217368K->372420K(9175040K), 0.2604917 secs] 37620739K->29782803K(65798144K), 0.2607906 secs] [Times: user=0.64 sys=3.86, real=0.26 secs] 
2023-10-21T22:36:04.554+0800: 276306.835: [GC (Allocation Failure) 2023-10-21T22:36:04.554+0800: 276306.835: [ParNew: 8236740K->352250K(9175040K), 0.2390953 secs] 37647123K->29769495K(65798144K), 0.2394086 secs] [Times: user=0.74 sys=3.14, real=0.24 secs] 
2023-10-21T22:37:15.294+0800: 276377.575: [GC (Allocation Failure) 2023-10-21T22:37:15.294+0800: 276377.575: [ParNew: 8216570K->380252K(9175040K), 0.2389737 secs] 37633815K->29804452K(65798144K), 0.2392781 secs] [Times: user=0.81 sys=3.28, real=0.24 secs] 
2023-10-21T22:38:45.209+0800: 276467.490: [GC (Allocation Failure) 2023-10-21T22:38:45.209+0800: 276467.490: [ParNew: 8244572K->374766K(9175040K), 0.2069001 secs] 37668772K->29805976K(65798144K), 0.2072116 secs] [Times: user=0.95 sys=2.58, real=0.21 secs] 
2023-10-21T22:39:50.794+0800: 276533.075: [GC (Allocation Failure) 2023-10-21T22:39:50.794+0800: 276533.075: [ParNew: 8239086K->369398K(9175040K), 0.1929393 secs] 37670296K->29807544K(65798144K), 0.1932320 secs] [Times: user=0.52 sys=2.76, real=0.20 secs] 
2023-10-21T22:40:51.745+0800: 276594.027: [GC (Allocation Failure) 2023-10-21T22:40:51.745+0800: 276594.027: [ParNew: 8233718K->432212K(9175040K), 0.1925093 secs] 37671864K->29876888K(65798144K), 0.1927985 secs] [Times: user=1.13 sys=2.13, real=0.20 secs] 
2023-10-21T22:42:29.168+0800: 276691.449: [GC (Allocation Failure) 2023-10-21T22:42:29.168+0800: 276691.449: [ParNew: 8296532K->399133K(9175040K), 0.1898350 secs] 37741208K->29851053K(65798144K), 0.1901151 secs] [Times: user=1.02 sys=2.21, real=0.19 secs] 
2023-10-21T22:43:58.545+0800: 276780.827: [GC (Allocation Failure) 2023-10-21T22:43:58.545+0800: 276780.827: [ParNew: 8263453K->468290K(9175040K), 0.2356608 secs] 37715373K->29927117K(65798144K), 0.2359433 secs] [Times: user=0.95 sys=3.11, real=0.24 secs] 
2023-10-21T22:45:43.172+0800: 276885.453: [GC (Allocation Failure) 2023-10-21T22:45:43.172+0800: 276885.453: [ParNew: 8332610K->403588K(9175040K), 0.2261357 secs] 37791437K->29869307K(65798144K), 0.2264327 secs] [Times: user=0.33 sys=3.02, real=0.23 secs] 
2023-10-21T22:47:35.058+0800: 276997.339: [GC (Allocation Failure) 2023-10-21T22:47:35.058+0800: 276997.339: [ParNew: 8267908K->375989K(9175040K), 0.1998117 secs] 37733627K->29848716K(65798144K), 0.2000855 secs] [Times: user=0.45 sys=3.13, real=0.20 secs] 
2023-10-21T22:50:05.458+0800: 277147.740: [GC (Allocation Failure) 2023-10-21T22:50:05.459+0800: 277147.740: [ParNew: 8240309K->326138K(9175040K), 0.1991497 secs] 37713036K->29805669K(65798144K), 0.1994878 secs] [Times: user=0.97 sys=2.44, real=0.20 secs] 
2023-10-21T22:52:51.762+0800: 277314.043: [GC (Allocation Failure) 2023-10-21T22:52:51.762+0800: 277314.043: [ParNew: 8190458K->297705K(9175040K), 0.2015837 secs] 37669989K->29783938K(65798144K), 0.2018799 secs] [Times: user=0.84 sys=2.61, real=0.20 secs] 
2023-10-21T22:56:37.899+0800: 277540.180: [GC (Allocation Failure) 2023-10-21T22:56:37.899+0800: 277540.181: [ParNew: 8162025K->289676K(9175040K), 0.2238019 secs] 37648258K->29782785K(65798144K), 0.2240793 secs] [Times: user=0.74 sys=3.11, real=0.22 secs] 
2023-10-21T23:00:43.715+0800: 277785.997: [GC (Allocation Failure) 2023-10-21T23:00:43.716+0800: 277785.997: [ParNew: 8153996K->244192K(9175040K), 0.1891983 secs] 37647105K->29744259K(65798144K), 0.1894844 secs] [Times: user=0.28 sys=2.95, real=0.19 secs] 
2023-10-21T23:03:41.550+0800: 277963.832: [GC (Allocation Failure) 2023-10-21T23:03:41.550+0800: 277963.832: [ParNew: 8108512K->269171K(9175040K), 0.2102005 secs] 37608579K->29776088K(65798144K), 0.2104931 secs] [Times: user=0.90 sys=2.70, real=0.21 secs] 
2023-10-21T23:08:32.647+0800: 278254.929: [GC (Allocation Failure) 2023-10-21T23:08:32.648+0800: 278254.929: [ParNew: 8133491K->238918K(9175040K), 0.2029215 secs] 37640408K->29752723K(65798144K), 0.2032425 secs] [Times: user=0.92 sys=2.72, real=0.20 secs] 
2023-10-21T23:12:33.427+0800: 278495.708: [GC (Allocation Failure) 2023-10-21T23:12:33.427+0800: 278495.708: [ParNew: 8103238K->248401K(9175040K), 0.2004389 secs] 37617043K->29768989K(65798144K), 0.2007723 secs] [Times: user=0.83 sys=2.61, real=0.20 secs] 
2023-10-21T23:15:59.718+0800: 278702.000: [GC (Allocation Failure) 2023-10-21T23:15:59.719+0800: 278702.000: [ParNew: 8112721K->262728K(9175040K), 0.2122701 secs] 37633309K->29789891K(65798144K), 0.2126417 secs] [Times: user=0.74 sys=2.90, real=0.21 secs] 
2023-10-21T23:20:16.202+0800: 278958.483: [GC (Allocation Failure) 2023-10-21T23:20:16.202+0800: 278958.484: [ParNew: 8127048K->281082K(9175040K), 0.1957150 secs] 37654211K->29815063K(65798144K), 0.1959921 secs] [Times: user=1.05 sys=2.50, real=0.20 secs] 
2023-10-21T23:23:46.839+0800: 279169.120: [GC (Allocation Failure) 2023-10-21T23:23:46.839+0800: 279169.120: [ParNew: 8145402K->258753K(9175040K), 0.2111783 secs] 37679383K->29799550K(65798144K), 0.2114809 secs] [Times: user=0.15 sys=3.48, real=0.21 secs] 
2023-10-21T23:26:54.099+0800: 279356.380: [GC (Allocation Failure) 2023-10-21T23:26:54.099+0800: 279356.380: [ParNew: 8123073K->270275K(9175040K), 0.1944640 secs] 37663870K->29817850K(65798144K), 0.1947465 secs] [Times: user=0.25 sys=3.07, real=0.19 secs] 
2023-10-21T23:30:35.085+0800: 279577.366: [GC (Allocation Failure) 2023-10-21T23:30:35.085+0800: 279577.366: [ParNew: 8134595K->274039K(9175040K), 0.1995591 secs] 37682170K->29828535K(65798144K), 0.1998432 secs] [Times: user=0.77 sys=2.64, real=0.20 secs] 
2023-10-21T23:36:17.823+0800: 279920.104: [GC (Allocation Failure) 2023-10-21T23:36:17.823+0800: 279920.105: [ParNew: 8138359K->235228K(9175040K), 0.2036790 secs] 37692855K->29796592K(65798144K), 0.2039497 secs] [Times: user=0.75 sys=2.74, real=0.21 secs] 
2023-10-21T23:40:07.767+0800: 280150.048: [GC (Allocation Failure) 2023-10-21T23:40:07.767+0800: 280150.048: [ParNew: 8099548K->279797K(9175040K), 0.2035295 secs] 37660912K->29847940K(65798144K), 0.2038135 secs] [Times: user=0.80 sys=2.69, real=0.20 secs] 
2023-10-21T23:44:18.472+0800: 280400.754: [GC (Allocation Failure) 2023-10-21T23:44:18.472+0800: 280400.754: [ParNew: 8144117K->258872K(9175040K), 0.1903995 secs] 37712260K->29833751K(65798144K), 0.1906840 secs] [Times: user=0.31 sys=2.94, real=0.19 secs] 
2023-10-21T23:49:50.097+0800: 280732.378: [GC (Allocation Failure) 2023-10-21T23:49:50.097+0800: 280732.378: [ParNew: 8123192K->221061K(9175040K), 0.1965082 secs] 37698071K->29802774K(65798144K), 0.1967911 secs] [Times: user=0.22 sys=2.59, real=0.19 secs] 
2023-10-21T23:53:15.307+0800: 280937.589: [GC (Allocation Failure) 2023-10-21T23:53:15.307+0800: 280937.589: [ParNew: 8085381K->253326K(9175040K), 0.1921295 secs] 37667094K->29841885K(65798144K), 0.1924021 secs] [Times: user=0.83 sys=2.45, real=0.19 secs] 
2023-10-21T23:56:27.837+0800: 281130.119: [GC (Allocation Failure) 2023-10-21T23:56:27.837+0800: 281130.119: [ParNew: 8117646K->260226K(9175040K), 0.2090262 secs] 37706205K->29855489K(65798144K), 0.2093034 secs] [Times: user=0.88 sys=2.71, real=0.21 secs] 
2023-10-21T23:59:53.957+0800: 281336.238: [GC (Allocation Failure) 2023-10-21T23:59:53.957+0800: 281336.239: [ParNew: 8124546K->280892K(9175040K), 0.1952860 secs] 37719809K->29882520K(65798144K), 0.1955703 secs] [Times: user=0.55 sys=2.68, real=0.19 secs] 
2023-10-22T00:02:58.360+0800: 281520.642: [GC (Allocation Failure) 2023-10-22T00:02:58.360+0800: 281520.642: [ParNew: 8145212K->277016K(9175040K), 0.2053166 secs] 37746840K->29885346K(65798144K), 0.2055952 secs] [Times: user=0.27 sys=3.24, real=0.21 secs] 
2023-10-22T00:09:16.298+0800: 281898.580: [GC (Allocation Failure) 2023-10-22T00:09:16.299+0800: 281898.580: [ParNew: 8141336K->227792K(9175040K), 0.2082975 secs] 37749666K->29842849K(65798144K), 0.2085696 secs] [Times: user=0.79 sys=2.78, real=0.21 secs] 
2023-10-22T00:13:41.485+0800: 282163.766: [GC (Allocation Failure) 2023-10-22T00:13:41.485+0800: 282163.766: [ParNew: 8092112K->251136K(9175040K), 0.1888372 secs] 37707169K->29872298K(65798144K), 0.1891269 secs] [Times: user=0.44 sys=2.97, real=0.19 secs] 
2023-10-22T00:17:40.401+0800: 282402.682: [GC (Allocation Failure) 2023-10-22T00:17:40.401+0800: 282402.682: [ParNew: 8115456K->258334K(9175040K), 0.1972011 secs] 37736618K->29886577K(65798144K), 0.1975055 secs] [Times: user=0.81 sys=2.56, real=0.20 secs] 
2023-10-22T00:22:42.908+0800: 282705.190: [GC (Allocation Failure) 2023-10-22T00:22:42.909+0800: 282705.190: [ParNew: 8122654K->221180K(9175040K), 0.2036824 secs] 37750897K->29856382K(65798144K), 0.2039768 secs] [Times: user=0.75 sys=2.75, real=0.20 secs] 
2023-10-22T00:26:26.680+0800: 282928.961: [GC (Allocation Failure) 2023-10-22T00:26:26.680+0800: 282928.961: [ParNew: 8085500K->272122K(9175040K), 0.2056073 secs] 37720702K->29914102K(65798144K), 0.2058788 secs] [Times: user=0.78 sys=2.74, real=0.20 secs] 
2023-10-22T00:30:51.554+0800: 283193.836: [GC (Allocation Failure) 2023-10-22T00:30:51.554+0800: 283193.836: [ParNew: 8136442K->278326K(9175040K), 0.1980015 secs] 37778422K->29926959K(65798144K), 0.1982719 secs] [Times: user=0.20 sys=3.19, real=0.20 secs] 
2023-10-22T00:35:51.767+0800: 283494.048: [GC (Allocation Failure) 2023-10-22T00:35:51.767+0800: 283494.048: [ParNew: 8142646K->237198K(9175040K), 0.2010196 secs] 37791279K->29892828K(65798144K), 0.2012992 secs] [Times: user=1.01 sys=2.43, real=0.20 secs] 
2023-10-22T00:39:22.684+0800: 283704.966: [GC (Allocation Failure) 2023-10-22T00:39:22.685+0800: 283704.966: [ParNew: 8101518K->251601K(9175040K), 0.2061948 secs] 37757148K->29914114K(65798144K), 0.2064745 secs] [Times: user=0.84 sys=2.69, real=0.21 secs] 
2023-10-22T00:42:48.065+0800: 283910.347: [GC (Allocation Failure) 2023-10-22T00:42:48.066+0800: 283910.347: [ParNew: 8115921K->278004K(9175040K), 0.1939052 secs] 37778434K->29947335K(65798144K), 0.1941799 secs] [Times: user=0.87 sys=2.45, real=0.20 secs] 
2023-10-22T00:46:57.083+0800: 284159.364: [GC (Allocation Failure) 2023-10-22T00:46:57.083+0800: 284159.364: [ParNew: 8142324K->260494K(9175040K), 0.2067653 secs] 37811655K->29936464K(65798144K), 0.2070577 secs] [Times: user=0.19 sys=3.31, real=0.21 secs] 
2023-10-22T00:51:19.828+0800: 284422.109: [GC (Allocation Failure) 2023-10-22T00:51:19.828+0800: 284422.109: [ParNew: 8124814K->246369K(9175040K), 0.2018923 secs] 37800784K->29929219K(65798144K), 0.2021739 secs] [Times: user=0.18 sys=3.15, real=0.20 secs] 
2023-10-22T00:55:24.198+0800: 284666.480: [GC (Allocation Failure) 2023-10-22T00:55:24.199+0800: 284666.480: [ParNew: 8110689K->236293K(9175040K), 0.1898015 secs] 37793539K->29926089K(65798144K), 0.1900696 secs] [Times: user=0.89 sys=2.35, real=0.19 secs] 
2023-10-22T00:59:15.666+0800: 284897.947: [GC (Allocation Failure) 2023-10-22T00:59:15.666+0800: 284897.948: [ParNew: 8100613K->291773K(9175040K), 0.2074097 secs] 37790409K->29988069K(65798144K), 0.2076914 secs] [Times: user=0.17 sys=3.38, real=0.20 secs] 
2023-10-22T01:04:44.010+0800: 285226.292: [GC (Allocation Failure) 2023-10-22T01:04:44.011+0800: 285226.292: [ParNew: 8156093K->249171K(9175040K), 0.1986904 secs] 37852389K->29952401K(65798144K), 0.1989846 secs] [Times: user=0.25 sys=2.74, real=0.20 secs] 
2023-10-22T01:11:08.892+0800: 285611.173: [GC (Allocation Failure) 2023-10-22T01:11:08.892+0800: 285611.173: [ParNew: 8113491K->222490K(9175040K), 0.1897832 secs] 37816721K->29932745K(65798144K), 0.1900636 secs] [Times: user=0.18 sys=2.77, real=0.19 secs] 
2023-10-22T01:16:43.508+0800: 285945.789: [GC (Allocation Failure) 2023-10-22T01:16:43.508+0800: 285945.789: [ParNew: 8086810K->262171K(9175040K), 0.2186987 secs] 37797065K->29979341K(65798144K), 0.2189962 secs] [Times: user=0.79 sys=2.97, real=0.22 secs] 
2023-10-22T01:21:05.820+0800: 286208.101: [GC (Allocation Failure) 2023-10-22T01:21:05.820+0800: 286208.101: [ParNew: 8126491K->251713K(9175040K), 0.2023474 secs] 37843661K->29975660K(65798144K), 0.2026476 secs] [Times: user=0.15 sys=3.30, real=0.20 secs] 
2023-10-22T01:26:45.813+0800: 286548.094: [GC (Allocation Failure) 2023-10-22T01:26:45.813+0800: 286548.095: [ParNew: 8116033K->236922K(9175040K), 0.1847156 secs] 37839980K->29967627K(65798144K), 0.1850248 secs] [Times: user=0.23 sys=2.92, real=0.19 secs] 
2023-10-22T01:32:19.888+0800: 286882.169: [GC (Allocation Failure) 2023-10-22T01:32:19.888+0800: 286882.169: [ParNew: 8101242K->221849K(9175040K), 0.1839244 secs] 37831947K->29959449K(65798144K), 0.1841987 secs] [Times: user=0.84 sys=2.29, real=0.18 secs] 
2023-10-22T01:37:53.116+0800: 287215.397: [GC (Allocation Failure) 2023-10-22T01:37:53.116+0800: 287215.397: [ParNew: 8086169K->254233K(9175040K), 0.2041603 secs] 37823769K->29998752K(65798144K), 0.2044524 secs] [Times: user=0.19 sys=3.30, real=0.20 secs] 
2023-10-22T01:43:28.036+0800: 287550.317: [GC (Allocation Failure) 2023-10-22T01:43:28.036+0800: 287550.317: [ParNew: 8118553K->246378K(9175040K), 0.2263181 secs] 37863072K->29997458K(65798144K), 0.2266011 secs] [Times: user=0.68 sys=3.22, real=0.22 secs] 
2023-10-22T01:49:23.814+0800: 287906.095: [GC (Allocation Failure) 2023-10-22T01:49:23.814+0800: 287906.095: [ParNew: 8110698K->245681K(9175040K), 0.2094656 secs] 37861778K->30003627K(65798144K), 0.2097434 secs] [Times: user=0.97 sys=2.56, real=0.21 secs] 
2023-10-22T01:53:35.202+0800: 288157.484: [GC (Allocation Failure) 2023-10-22T01:53:35.203+0800: 288157.484: [ParNew: 8110001K->261879K(9175040K), 0.1949216 secs] 37867947K->30026804K(65798144K), 0.1952148 secs] [Times: user=0.28 sys=2.98, real=0.20 secs] 
2023-10-22T01:57:24.835+0800: 288387.116: [GC (Allocation Failure) 2023-10-22T01:57:24.835+0800: 288387.116: [ParNew: 8126199K->253347K(9175040K), 0.2161400 secs] 37891124K->30025288K(65798144K), 0.2164302 secs] [Times: user=0.84 sys=2.87, real=0.22 secs] 
2023-10-22T02:01:58.092+0800: 288660.373: [GC (Allocation Failure) 2023-10-22T02:01:58.092+0800: 288660.373: [ParNew: 8117667K->223879K(9175040K), 0.1846693 secs] 37889608K->30002844K(65798144K), 0.1849513 secs] [Times: user=0.31 sys=2.84, real=0.19 secs] 
2023-10-22T02:05:14.857+0800: 288857.139: [GC (Allocation Failure) 2023-10-22T02:05:14.858+0800: 288857.139: [ParNew: 8088199K->254124K(9175040K), 0.2028331 secs] 37867164K->30039986K(65798144K), 0.2031566 secs] [Times: user=1.01 sys=2.66, real=0.20 secs] 
2023-10-22T02:07:28.580+0800: 288990.862: [GC (Allocation Failure) 2023-10-22T02:07:28.581+0800: 288990.862: [ParNew: 8118444K->327209K(9175040K), 0.1925839 secs] 37904306K->30120029K(65798144K), 0.1928628 secs] [Times: user=0.31 sys=2.97, real=0.19 secs] 
2023-10-22T02:09:29.749+0800: 289112.030: [GC (Allocation Failure) 2023-10-22T02:09:29.749+0800: 289112.030: [ParNew: 8191529K->320947K(9175040K), 0.2124458 secs] 37984349K->30120735K(65798144K), 0.2127261 secs] [Times: user=0.19 sys=3.45, real=0.21 secs] 
2023-10-22T02:11:06.661+0800: 289208.943: [GC (Allocation Failure) 2023-10-22T02:11:06.662+0800: 289208.943: [ParNew: 8185267K->327541K(9175040K), 0.2042752 secs] 37985055K->30133805K(65798144K), 0.2045669 secs] [Times: user=0.83 sys=2.66, real=0.21 secs] 
2023-10-22T02:12:05.841+0800: 289268.122: [GC (Allocation Failure) 2023-10-22T02:12:05.841+0800: 289268.122: [ParNew: 8191861K->396631K(9175040K), 0.2006334 secs] 37998125K->30209765K(65798144K), 0.2009403 secs] [Times: user=0.93 sys=2.49, real=0.20 secs] 
2023-10-22T02:13:37.311+0800: 289359.592: [GC (Allocation Failure) 2023-10-22T02:13:37.311+0800: 289359.592: [ParNew: 8260951K->360514K(9175040K), 0.2030169 secs] 38074085K->30180698K(65798144K), 0.2033079 secs] [Times: user=0.94 sys=2.53, real=0.20 secs] 
2023-10-22T02:14:45.671+0800: 289427.953: [GC (Allocation Failure) 2023-10-22T02:14:45.671+0800: 289427.953: [ParNew: 8224834K->379445K(9175040K), 0.1974383 secs] 38045018K->30206430K(65798144K), 0.1977569 secs] [Times: user=0.93 sys=2.44, real=0.20 secs] 
2023-10-22T02:16:17.073+0800: 289519.354: [GC (Allocation Failure) 2023-10-22T02:16:17.073+0800: 289519.355: [ParNew: 8243765K->404848K(9175040K), 0.2008058 secs] 38070750K->30238478K(65798144K), 0.2010939 secs] [Times: user=0.39 sys=3.03, real=0.20 secs] 
2023-10-22T02:17:48.898+0800: 289611.179: [GC (Allocation Failure) 2023-10-22T02:17:48.898+0800: 289611.179: [ParNew: 8269168K->400886K(9175040K), 0.1913641 secs] 38102798K->30241417K(65798144K), 0.1917137 secs] [Times: user=0.37 sys=2.88, real=0.19 secs] 
2023-10-22T02:19:14.814+0800: 289697.096: [GC (Allocation Failure) 2023-10-22T02:19:14.815+0800: 289697.096: [ParNew: 8265206K->358099K(9175040K), 0.2156846 secs] 38105737K->30205575K(65798144K), 0.2159940 secs] [Times: user=0.90 sys=2.80, real=0.22 secs] 
2023-10-22T02:20:50.953+0800: 289793.235: [GC (Allocation Failure) 2023-10-22T02:20:50.954+0800: 289793.235: [ParNew: 8222419K->394646K(9175040K), 0.2210046 secs] 38069895K->30248525K(65798144K), 0.2213583 secs] [Times: user=0.82 sys=2.97, real=0.22 secs] 
2023-10-22T02:22:23.471+0800: 289885.752: [GC (Allocation Failure) 2023-10-22T02:22:23.471+0800: 289885.752: [ParNew: 8258966K->386213K(9175040K), 0.2016816 secs] 38112845K->30246891K(65798144K), 0.2020499 secs] [Times: user=0.94 sys=2.49, real=0.20 secs] 
2023-10-22T02:24:33.043+0800: 290015.324: [GC (Allocation Failure) 2023-10-22T02:24:33.043+0800: 290015.324: [ParNew: 8250533K->378732K(9175040K), 0.2011676 secs] 38111211K->30246009K(65798144K), 0.2015493 secs] [Times: user=0.27 sys=3.11, real=0.20 secs] 
2023-10-22T02:27:57.896+0800: 290220.178: [GC (Allocation Failure) 2023-10-22T02:27:57.897+0800: 290220.178: [ParNew: 8243052K->308660K(9175040K), 0.2165906 secs] 38110329K->30182183K(65798144K), 0.2168998 secs] [Times: user=0.74 sys=2.97, real=0.21 secs] 
2023-10-22T03:22:12.964+0800: 293475.245: [GC (Allocation Failure) 2023-10-22T03:22:12.964+0800: 293475.245: [ParNew: 8172980K->253191K(9175040K), 0.1967930 secs] 38046503K->30133604K(65798144K), 0.1970698 secs] [Times: user=0.34 sys=2.88, real=0.20 secs] 
2023-10-22T04:36:24.926+0800: 297927.207: [GC (Allocation Failure) 2023-10-22T04:36:24.926+0800: 297927.207: [ParNew: 8117511K->161314K(9175040K), 0.1687365 secs] 37997924K->30048613K(65798144K), 0.1690418 secs] [Times: user=0.16 sys=2.74, real=0.17 secs] 
2023-10-22T05:50:23.383+0800: 302365.664: [GC (Allocation Failure) 2023-10-22T05:50:23.383+0800: 302365.664: [ParNew: 8025634K->162585K(9175040K), 0.1709004 secs] 37912933K->30056913K(65798144K), 0.1712244 secs] [Times: user=0.69 sys=2.26, real=0.17 secs] 
2023-10-22T07:03:50.854+0800: 306773.135: [GC (Allocation Failure) 2023-10-22T07:03:50.854+0800: 306773.135: [ParNew: 8026905K->160684K(9175040K), 0.1719602 secs] 37921233K->30061451K(65798144K), 0.1722925 secs] [Times: user=0.20 sys=2.61, real=0.18 secs] 
2023-10-22T08:05:13.539+0800: 310455.820: [GC (Allocation Failure) 2023-10-22T08:05:13.539+0800: 310455.820: [ParNew: 8025004K->155653K(9175040K), 0.1724272 secs] 37925771K->30063171K(65798144K), 0.1727319 secs] [Times: user=0.12 sys=2.83, real=0.17 secs] 
2023-10-22T09:12:32.947+0800: 314495.228: [GC (Allocation Failure) 2023-10-22T09:12:32.947+0800: 314495.229: [ParNew: 8019973K->142267K(9175040K), 0.1715642 secs] 37927491K->30056510K(65798144K), 0.1718845 secs] [Times: user=0.71 sys=2.23, real=0.17 secs] 
2023-10-22T10:25:03.766+0800: 318846.047: [GC (Allocation Failure) 2023-10-22T10:25:03.766+0800: 318846.047: [ParNew: 8006587K->134223K(9175040K), 0.1704878 secs] 37920830K->30055350K(65798144K), 0.1708359 secs] [Times: user=0.11 sys=2.79, real=0.18 secs] 
2023-10-22T11:40:26.078+0800: 323368.359: [GC (Allocation Failure) 2023-10-22T11:40:26.078+0800: 323368.359: [ParNew: 7998543K->126119K(9175040K), 0.1692969 secs] 37919670K->30054009K(65798144K), 0.1695903 secs] [Times: user=0.09 sys=2.84, real=0.17 secs] 
2023-10-22T12:55:15.353+0800: 327857.634: [GC (Allocation Failure) 2023-10-22T12:55:15.353+0800: 327857.635: [ParNew: 7990397K->118277K(9175040K), 0.1702130 secs] 37918287K->30053116K(65798144K), 0.1705064 secs] [Times: user=0.24 sys=2.60, real=0.17 secs] 
2023-10-22T14:11:43.520+0800: 332445.801: [GC (Allocation Failure) 2023-10-22T14:11:43.520+0800: 332445.801: [ParNew: 7982597K->105978K(9175040K), 0.1699384 secs] 37917436K->30047588K(65798144K), 0.1702396 secs] [Times: user=0.19 sys=2.61, real=0.17 secs] 
2023-10-22T15:28:33.374+0800: 337055.655: [GC (Allocation Failure) 2023-10-22T15:28:33.374+0800: 337055.655: [ParNew: 7970298K->101323K(9175040K), 0.1689452 secs] 37911908K->30049525K(65798144K), 0.1692803 secs] [Times: user=0.01 sys=2.91, real=0.17 secs] 
2023-10-22T16:45:47.827+0800: 341690.109: [GC (Allocation Failure) 2023-10-22T16:45:47.828+0800: 341690.109: [ParNew: 7965643K->92638K(9175040K), 0.1681592 secs] 37913845K->30047738K(65798144K), 0.1684651 secs] [Times: user=0.63 sys=2.28, real=0.17 secs] 
2023-10-22T18:01:24.251+0800: 346226.532: [GC (Allocation Failure) 2023-10-22T18:01:24.251+0800: 346226.533: [ParNew: 7956958K->80710K(9175040K), 0.1666064 secs] 37912058K->30042717K(65798144K), 0.1669453 secs] [Times: user=0.05 sys=2.80, real=0.17 secs] 
2023-10-22T19:18:33.733+0800: 350856.014: [GC (Allocation Failure) 2023-10-22T19:18:33.733+0800: 350856.014: [ParNew: 7945030K->72490K(9175040K), 0.1680970 secs] 37907037K->30041546K(65798144K), 0.1684357 secs] [Times: user=0.67 sys=2.20, real=0.17 secs] 
2023-10-22T20:35:33.891+0800: 355476.172: [GC (Allocation Failure) 2023-10-22T20:35:33.891+0800: 355476.172: [ParNew: 7936810K->52645K(9175040K), 0.1708376 secs] 37905866K->30047440K(65798144K), 0.1711585 secs] [Times: user=0.23 sys=2.34, real=0.17 secs] 
2023-10-22T21:52:20.291+0800: 360082.572: [GC (Allocation Failure) 2023-10-22T21:52:20.291+0800: 360082.573: [ParNew: 7916851K->25898K(9175040K), 0.1710896 secs] 37911646K->30032751K(65798144K), 0.1714073 secs] [Times: user=0.00 sys=2.62, real=0.17 secs] 
2023-10-22T23:09:45.347+0800: 364727.629: [GC (Allocation Failure) 2023-10-22T23:09:45.348+0800: 364727.629: [ParNew: 7890218K->18659K(9175040K), 0.1596592 secs] 37897071K->30025752K(65798144K), 0.1599821 secs] [Times: user=0.00 sys=2.78, real=0.16 secs] 
2023-10-23T00:26:33.338+0800: 369335.620: [GC (Allocation Failure) 2023-10-23T00:26:33.339+0800: 369335.620: [ParNew: 7882979K->20126K(9175040K), 0.1625723 secs] 37890072K->30027432K(65798144K), 0.1628502 secs] [Times: user=0.05 sys=2.61, real=0.16 secs] 
2023-10-23T01:40:34.435+0800: 373776.716: [GC (Allocation Failure) 2023-10-23T01:40:34.435+0800: 373776.716: [ParNew: 7884446K->19601K(9175040K), 0.1666920 secs] 37891752K->30027207K(65798144K), 0.1669831 secs] [Times: user=0.60 sys=2.25, real=0.17 secs] 
2023-10-23T02:55:58.017+0800: 378300.298: [GC (Allocation Failure) 2023-10-23T02:55:58.017+0800: 378300.298: [ParNew: 7883921K->21026K(9175040K), 0.1645241 secs] 37891527K->30029873K(65798144K), 0.1648519 secs] [Times: user=0.57 sys=2.27, real=0.16 secs] 
2023-10-23T04:12:53.786+0800: 382916.067: [GC (Allocation Failure) 2023-10-23T04:12:53.786+0800: 382916.067: [ParNew: 7885346K->20425K(9175040K), 0.1608213 secs] 37894193K->30030060K(65798144K), 0.1611194 secs] [Times: user=0.00 sys=2.85, real=0.16 secs] 
2023-10-23T05:30:14.240+0800: 387556.521: [GC (Allocation Failure) 2023-10-23T05:30:14.240+0800: 387556.521: [ParNew: 7884563K->17559K(9175040K), 0.1627596 secs] 37894198K->30027538K(65798144K), 0.1630993 secs] [Times: user=0.59 sys=2.24, real=0.16 secs] 
2023-10-23T06:46:33.315+0800: 392135.596: [GC (Allocation Failure) 2023-10-23T06:46:33.315+0800: 392135.597: [ParNew: 7881879K->19357K(9175040K), 0.1625172 secs] 37891858K->30029774K(65798144K), 0.1628387 secs] [Times: user=0.00 sys=2.87, real=0.17 secs] 
2023-10-23T08:00:17.305+0800: 396559.587: [GC (Allocation Failure) 2023-10-23T08:00:17.306+0800: 396559.587: [ParNew: 7883677K->15784K(9175040K), 0.1635096 secs] 37894094K->30026796K(65798144K), 0.1638298 secs] [Times: user=0.00 sys=2.27, real=0.17 secs] 
2023-10-23T09:01:10.000+0800: 400212.281: [GC (Allocation Failure) 2023-10-23T09:01:10.000+0800: 400212.282: [ParNew: 7879874K->19494K(9175040K), 0.1666227 secs] 37890887K->30030748K(65798144K), 0.1669649 secs] [Times: user=0.02 sys=2.85, real=0.17 secs] 
2023-10-23T09:38:12.899+0800: 402435.181: [GC (Allocation Failure) 2023-10-23T09:38:12.899+0800: 402435.181: [ParNew: 7883814K->53504K(9175040K), 0.1655999 secs] 37895068K->30064994K(65798144K), 0.1658891 secs] [Times: user=0.15 sys=2.68, real=0.16 secs] 
2023-10-23T09:54:32.966+0800: 403415.248: [GC (Allocation Failure) 2023-10-23T09:54:32.966+0800: 403415.248: [ParNew: 7917824K->94967K(9175040K), 0.1750379 secs] 37929314K->30106509K(65798144K), 0.1753502 secs] [Times: user=0.05 sys=2.89, real=0.17 secs] 
2023-10-23T09:59:11.595+0800: 403693.877: [GC (Allocation Failure) 2023-10-23T09:59:11.596+0800: 403693.877: [ParNew: 7959287K->135750K(9175040K), 0.1856771 secs] 37970829K->30147378K(65798144K), 0.1859453 secs] [Times: user=0.67 sys=2.52, real=0.19 secs] 
2023-10-23T10:02:02.836+0800: 403865.117: [GC (Allocation Failure) 2023-10-23T10:02:02.836+0800: 403865.117: [ParNew: 8000070K->184218K(9175040K), 0.1773183 secs] 38011698K->30195897K(65798144K), 0.1776009 secs] [Times: user=0.81 sys=2.24, real=0.17 secs] 
2023-10-23T10:05:41.266+0800: 404083.547: [GC (Allocation Failure) 2023-10-23T10:05:41.266+0800: 404083.547: [ParNew: 8048538K->176389K(9175040K), 0.1934807 secs] 38060217K->30188124K(65798144K), 0.1937543 secs] [Times: user=0.68 sys=2.65, real=0.19 secs] 
2023-10-23T10:09:13.203+0800: 404295.485: [GC (Allocation Failure) 2023-10-23T10:09:13.204+0800: 404295.485: [ParNew: 8040709K->168321K(9175040K), 0.1773435 secs] 38052444K->30180116K(65798144K), 0.1776249 secs] [Times: user=0.17 sys=2.39, real=0.18 secs] 
2023-10-23T10:13:35.109+0800: 404557.390: [GC (Allocation Failure) 2023-10-23T10:13:35.109+0800: 404557.390: [ParNew: 8032641K->190197K(9175040K), 0.1959875 secs] 38044436K->30202039K(65798144K), 0.1962596 secs] [Times: user=0.70 sys=2.68, real=0.19 secs] 
2023-10-23T10:16:37.718+0800: 404739.999: [GC (Allocation Failure) 2023-10-23T10:16:37.718+0800: 404739.999: [ParNew: 8054517K->191488K(9175040K), 0.1814546 secs] 38066359K->30203384K(65798144K), 0.1817418 secs] [Times: user=0.23 sys=2.88, real=0.18 secs] 
2023-10-23T10:19:09.473+0800: 404891.755: [GC (Allocation Failure) 2023-10-23T10:19:09.474+0800: 404891.755: [ParNew: 8055808K->238199K(9175040K), 0.2054495 secs] 38067704K->30250166K(65798144K), 0.2057314 secs] [Times: user=0.05 sys=3.48, real=0.21 secs] 
2023-10-23T10:22:00.806+0800: 405063.087: [GC (Allocation Failure) 2023-10-23T10:22:00.806+0800: 405063.087: [ParNew: 8102519K->239787K(9175040K), 0.1869358 secs] 38114486K->30251866K(65798144K), 0.1872021 secs] [Times: user=0.18 sys=3.03, real=0.19 secs] 
2023-10-23T10:22:47.973+0800: 405110.254: [GC (Allocation Failure) 2023-10-23T10:22:47.973+0800: 405110.254: [ParNew: 8104107K->258183K(9175040K), 0.1331227 secs] 38116186K->30270325K(65798144K), 0.1333910 secs] [Times: user=0.48 sys=1.81, real=0.14 secs] 
2023-10-23T10:23:03.144+0800: 405125.426: [GC (Allocation Failure) 2023-10-23T10:23:03.144+0800: 405125.426: [ParNew: 8122503K->259975K(9175040K), 0.0685649 secs] 38134645K->30272252K(65798144K), 0.0688116 secs] [Times: user=0.43 sys=0.35, real=0.07 secs] 
2023-10-23T10:23:18.206+0800: 405140.487: [GC (Allocation Failure) 2023-10-23T10:23:18.206+0800: 405140.487: [ParNew: 8124295K->242093K(9175040K), 0.0699241 secs] 38136572K->30254574K(65798144K), 0.0701788 secs] [Times: user=0.38 sys=0.53, real=0.07 secs] 
2023-10-23T10:23:32.105+0800: 405154.386: [GC (Allocation Failure) 2023-10-23T10:23:32.105+0800: 405154.387: [ParNew: 8106413K->233598K(9175040K), 0.1060831 secs] 38118894K->30246655K(65798144K), 0.1063441 secs] [Times: user=0.79 sys=1.02, real=0.11 secs] 
2023-10-23T10:23:48.636+0800: 405170.918: [GC (Allocation Failure) 2023-10-23T10:23:48.636+0800: 405170.918: [ParNew: 8097918K->244563K(9175040K), 0.0662421 secs] 38110975K->30258143K(65798144K), 0.0665188 secs] [Times: user=0.47 sys=0.65, real=0.06 secs] 
2023-10-23T10:24:02.757+0800: 405185.038: [GC (Allocation Failure) 2023-10-23T10:24:02.757+0800: 405185.038: [ParNew: 8108883K->246076K(9175040K), 0.0623167 secs] 38122463K->30263386K(65798144K), 0.0625875 secs] [Times: user=0.95 sys=0.09, real=0.06 secs] 
2023-10-23T10:24:15.838+0800: 405198.119: [GC (Allocation Failure) 2023-10-23T10:24:15.838+0800: 405198.119: [ParNew: 8110396K->237032K(9175040K), 0.0727790 secs] 38127706K->30260414K(65798144K), 0.0730423 secs] [Times: user=0.38 sys=0.83, real=0.07 secs] 
2023-10-23T10:24:30.646+0800: 405212.927: [GC (Allocation Failure) 2023-10-23T10:24:30.646+0800: 405212.927: [ParNew: 8101352K->229474K(9175040K), 0.1034607 secs] 38124734K->30259194K(65798144K), 0.1037604 secs] [Times: user=0.71 sys=1.06, real=0.11 secs] 
2023-10-23T10:24:50.867+0800: 405233.148: [GC (Allocation Failure) 2023-10-23T10:24:50.867+0800: 405233.148: [ParNew: 8093794K->235736K(9175040K), 0.0849181 secs] 38123514K->30271910K(65798144K), 0.0851828 secs] [Times: user=0.93 sys=0.52, real=0.08 secs] 
2023-10-23T10:24:59.594+0800: 405241.875: [GC (Allocation Failure) 2023-10-23T10:24:59.594+0800: 405241.875: [ParNew: 8100056K->217503K(9175040K), 0.0655885 secs] 38136230K->30260321K(65798144K), 0.0658562 secs] [Times: user=0.42 sys=0.66, real=0.07 secs] 
2023-10-23T10:25:07.461+0800: 405249.742: [GC (Allocation Failure) 2023-10-23T10:25:07.461+0800: 405249.742: [ParNew: 8081823K->211898K(9175040K), 0.0555366 secs] 38124641K->30260730K(65798144K), 0.0558067 secs] [Times: user=0.96 sys=0.00, real=0.06 secs] 
2023-10-23T10:25:15.137+0800: 405257.418: [GC (Allocation Failure) 2023-10-23T10:25:15.137+0800: 405257.419: [ParNew: 8076218K->229041K(9175040K), 0.1101247 secs] 38125050K->30284888K(65798144K), 0.1103984 secs] [Times: user=0.70 sys=1.18, real=0.11 secs] 
2023-10-23T10:25:24.026+0800: 405266.307: [GC (Allocation Failure) 2023-10-23T10:25:24.026+0800: 405266.307: [ParNew: 8093361K->196452K(9175040K), 0.0578197 secs] 38149208K->30258607K(65798144K), 0.0580986 secs] [Times: user=0.48 sys=0.47, real=0.06 secs] 
2023-10-23T10:25:31.285+0800: 405273.566: [GC (Allocation Failure) 2023-10-23T10:25:31.285+0800: 405273.566: [ParNew: 8060772K->175786K(9175040K), 0.0608549 secs] 38122927K->30244905K(65798144K), 0.0611382 secs] [Times: user=1.03 sys=0.00, real=0.07 secs] 
2023-10-23T10:25:39.975+0800: 405282.257: [GC (Allocation Failure) 2023-10-23T10:25:39.975+0800: 405282.257: [ParNew: 8040106K->139065K(9175040K), 0.0728464 secs] 38109225K->30234051K(65798144K), 0.0731238 secs] [Times: user=0.46 sys=0.68, real=0.08 secs] 
2023-10-23T10:25:48.217+0800: 405290.499: [GC (Allocation Failure) 2023-10-23T10:25:48.217+0800: 405290.499: [ParNew: 8003385K->130739K(9175040K), 0.0538591 secs] 38098371K->30244919K(65798144K), 0.0541328 secs] [Times: user=0.35 sys=0.49, real=0.05 secs] 
2023-10-23T10:25:56.329+0800: 405298.611: [GC (Allocation Failure) 2023-10-23T10:25:56.329+0800: 405298.611: [ParNew: 7995059K->129037K(9175040K), 0.1015430 secs] 38109239K->30245002K(65798144K), 0.1018159 secs] [Times: user=0.66 sys=1.09, real=0.10 secs] 
2023-10-23T10:26:05.438+0800: 405307.719: [GC (Allocation Failure) 2023-10-23T10:26:05.438+0800: 405307.719: [ParNew: 7993357K->94190K(9175040K), 0.0437817 secs] 38109322K->30213564K(65798144K), 0.0440497 secs] [Times: user=0.97 sys=0.00, real=0.04 secs] 
2023-10-23T10:26:13.950+0800: 405316.231: [GC (Allocation Failure) 2023-10-23T10:26:13.950+0800: 405316.232: [ParNew: 7958510K->101823K(9175040K), 0.0601667 secs] 38077884K->30227762K(65798144K), 0.0604437 secs] [Times: user=0.92 sys=0.07, real=0.06 secs] 
2023-10-23T10:26:22.243+0800: 405324.524: [GC (Allocation Failure) 2023-10-23T10:26:22.243+0800: 405324.524: [ParNew: 7966143K->105797K(9175040K), 0.0540771 secs] 38092082K->30233491K(65798144K), 0.0543537 secs] [Times: user=0.88 sys=0.02, real=0.06 secs] 
2023-10-23T10:26:30.237+0800: 405332.519: [GC (Allocation Failure) 2023-10-23T10:26:30.237+0800: 405332.519: [ParNew: 7970117K->99395K(9175040K), 0.0536176 secs] 38097811K->30231666K(65798144K), 0.0538851 secs] [Times: user=0.88 sys=0.00, real=0.05 secs] 
2023-10-23T10:26:37.636+0800: 405339.918: [GC (Allocation Failure) 2023-10-23T10:26:37.637+0800: 405339.918: [ParNew: 7963715K->78185K(9175040K), 0.0445219 secs] 38095986K->30223459K(65798144K), 0.0447936 secs] [Times: user=1.05 sys=0.00, real=0.04 secs] 
2023-10-23T10:26:44.949+0800: 405347.230: [GC (Allocation Failure) 2023-10-23T10:26:44.949+0800: 405347.230: [ParNew: 7942505K->86083K(9175040K), 0.1144272 secs] 38087779K->30236758K(65798144K), 0.1146962 secs] [Times: user=0.52 sys=1.45, real=0.11 secs] 
2023-10-23T10:26:52.437+0800: 405354.718: [GC (Allocation Failure) 2023-10-23T10:26:52.437+0800: 405354.718: [ParNew: 7950403K->83359K(9175040K), 0.0487450 secs] 38101078K->30235561K(65798144K), 0.0490310 secs] [Times: user=0.29 sys=0.52, real=0.05 secs] 
2023-10-23T10:26:59.752+0800: 405362.033: [GC (Allocation Failure) 2023-10-23T10:26:59.752+0800: 405362.033: [ParNew: 7947679K->98164K(9175040K), 0.0512834 secs] 38099881K->30252862K(65798144K), 0.0515447 secs] [Times: user=0.34 sys=0.52, real=0.05 secs] 
2023-10-23T10:27:07.976+0800: 405370.257: [GC (Allocation Failure) 2023-10-23T10:27:07.976+0800: 405370.257: [ParNew: 7962484K->79292K(9175040K), 0.0592520 secs] 38117182K->30237122K(65798144K), 0.0595195 secs] [Times: user=0.34 sys=0.66, real=0.05 secs] 
2023-10-23T10:27:15.176+0800: 405377.458: [GC (Allocation Failure) 2023-10-23T10:27:15.176+0800: 405377.458: [ParNew: 7943612K->80429K(9175040K), 0.0586466 secs] 38101442K->30240958K(65798144K), 0.0589179 secs] [Times: user=0.98 sys=0.00, real=0.05 secs] 
2023-10-23T10:27:22.489+0800: 405384.770: [GC (Allocation Failure) 2023-10-23T10:27:22.489+0800: 405384.770: [ParNew: 7944749K->86044K(9175040K), 0.1084959 secs] 38105278K->30251129K(65798144K), 0.1087595 secs] [Times: user=0.07 sys=1.80, real=0.11 secs] 
2023-10-23T10:27:30.447+0800: 405392.729: [GC (Allocation Failure) 2023-10-23T10:27:30.448+0800: 405392.729: [ParNew: 7950364K->89610K(9175040K), 0.0442695 secs] 38115449K->30257577K(65798144K), 0.0445368 secs] [Times: user=0.34 sys=0.38, real=0.04 secs] 
2023-10-23T10:27:57.434+0800: 405419.715: [GC (Allocation Failure) 2023-10-23T10:27:57.434+0800: 405419.716: [ParNew: 7953930K->92123K(9175040K), 0.0973545 secs] 38121897K->30261934K(65798144K), 0.0976331 secs] [Times: user=0.81 sys=0.85, real=0.10 secs] 
2023-10-23T10:28:18.277+0800: 405440.559: [GC (Allocation Failure) 2023-10-23T10:28:18.277+0800: 405440.559: [ParNew: 7956443K->109215K(9175040K), 0.1250493 secs] 38126254K->30282222K(65798144K), 0.1253077 secs] [Times: user=0.57 sys=1.60, real=0.12 secs] 
2023-10-23T10:28:27.979+0800: 405450.260: [GC (Allocation Failure) 2023-10-23T10:28:27.979+0800: 405450.260: [ParNew: 7973535K->124661K(9175040K), 0.0452466 secs] 38146542K->30301375K(65798144K), 0.0455193 secs] [Times: user=0.42 sys=0.31, real=0.04 secs] 
2023-10-23T10:28:37.642+0800: 405459.923: [GC (Allocation Failure) 2023-10-23T10:28:37.642+0800: 405459.924: [ParNew: 7988981K->117087K(9175040K), 0.0622668 secs] 38165695K->30295074K(65798144K), 0.0625465 secs] [Times: user=0.37 sys=0.67, real=0.06 secs] 
2023-10-23T10:28:44.227+0800: 405466.508: [GC (Allocation Failure) 2023-10-23T10:28:44.227+0800: 405466.508: [ParNew: 7981407K->127112K(9175040K), 0.0557046 secs] 38159394K->30310238K(65798144K), 0.0560083 secs] [Times: user=0.95 sys=0.27, real=0.05 secs] 
2023-10-23T10:28:49.020+0800: 405471.301: [GC (Allocation Failure) 2023-10-23T10:28:49.020+0800: 405471.301: [ParNew: 7991432K->132751K(9175040K), 0.0547121 secs] 38174558K->30320027K(65798144K), 0.0550362 secs] [Times: user=0.44 sys=0.47, real=0.05 secs] 
2023-10-23T10:28:53.246+0800: 405475.527: [GC (Allocation Failure) 2023-10-23T10:28:53.246+0800: 405475.527: [ParNew: 7997071K->122084K(9175040K), 0.0528381 secs] 38184347K->30313477K(65798144K), 0.0531375 secs] [Times: user=1.01 sys=0.00, real=0.05 secs] 
2023-10-23T10:28:56.855+0800: 405479.136: [GC (Allocation Failure) 2023-10-23T10:28:56.855+0800: 405479.136: [ParNew: 7986404K->119262K(9175040K), 0.0455359 secs] 38177797K->30315779K(65798144K), 0.0458424 secs] [Times: user=0.44 sys=0.29, real=0.05 secs] 
2023-10-23T10:29:00.019+0800: 405482.300: [GC (Allocation Failure) 2023-10-23T10:29:00.019+0800: 405482.301: [ParNew: 7983582K->125070K(9175040K), 0.0400487 secs] 38180099K->30325652K(65798144K), 0.0403132 secs] [Times: user=0.47 sys=0.18, real=0.04 secs] 
2023-10-23T10:29:03.660+0800: 405485.942: [GC (Allocation Failure) 2023-10-23T10:29:03.660+0800: 405485.942: [ParNew: 7989390K->117911K(9175040K), 0.1027902 secs] 38189972K->30321085K(65798144K), 0.1030661 secs] [Times: user=0.68 sys=1.11, real=0.10 secs] 
2023-10-23T10:29:07.239+0800: 405489.521: [GC (Allocation Failure) 2023-10-23T10:29:07.240+0800: 405489.521: [ParNew: 7982231K->109200K(9175040K), 0.0439461 secs] 38185405K->30315058K(65798144K), 0.0442342 secs] [Times: user=0.44 sys=0.28, real=0.04 secs] 
2023-10-23T10:29:10.598+0800: 405492.879: [GC (Allocation Failure) 2023-10-23T10:29:10.598+0800: 405492.879: [ParNew: 7973520K->106291K(9175040K), 0.0464672 secs] 38179378K->30315392K(65798144K), 0.0467544 secs] [Times: user=0.42 sys=0.34, real=0.04 secs] 
2023-10-23T10:29:13.861+0800: 405496.142: [GC (Allocation Failure) 2023-10-23T10:29:13.861+0800: 405496.142: [ParNew: 7970611K->107209K(9175040K), 0.0462602 secs] 38179712K->30318771K(65798144K), 0.0465925 secs] [Times: user=1.03 sys=0.00, real=0.05 secs] 
2023-10-23T10:29:17.286+0800: 405499.567: [GC (Allocation Failure) 2023-10-23T10:29:17.286+0800: 405499.567: [ParNew: 7971529K->102674K(9175040K), 0.0464799 secs] 38183091K->30318264K(65798144K), 0.0467613 secs] [Times: user=0.99 sys=0.00, real=0.04 secs] 
2023-10-23T10:29:20.596+0800: 405502.877: [GC (Allocation Failure) 2023-10-23T10:29:20.596+0800: 405502.877: [ParNew: 7966994K->97862K(9175040K), 0.0479555 secs] 38182584K->30317437K(65798144K), 0.0482885 secs] [Times: user=0.40 sys=0.39, real=0.05 secs] 
2023-10-23T10:29:23.936+0800: 405506.218: [GC (Allocation Failure) 2023-10-23T10:29:23.937+0800: 405506.218: [ParNew: 7962182K->95241K(9175040K), 0.0440409 secs] 38181757K->30329574K(65798144K), 0.0443860 secs] [Times: user=0.34 sys=0.35, real=0.04 secs] 
2023-10-23T10:29:27.308+0800: 405509.589: [GC (Allocation Failure) 2023-10-23T10:29:27.308+0800: 405509.589: [ParNew: 7959561K->91778K(9175040K), 0.0493037 secs] 38193894K->30333885K(65798144K), 0.0496405 secs] [Times: user=0.43 sys=0.37, real=0.05 secs] 
2023-10-23T10:29:30.700+0800: 405512.982: [GC (Allocation Failure) 2023-10-23T10:29:30.700+0800: 405512.982: [ParNew: 7956098K->61328K(9175040K), 0.0411941 secs] 38198205K->30310463K(65798144K), 0.0414801 secs] [Times: user=0.47 sys=0.19, real=0.04 secs] 
2023-10-23T10:29:33.824+0800: 405516.105: [GC (Allocation Failure) 2023-10-23T10:29:33.824+0800: 405516.106: [ParNew: 7925648K->61210K(9175040K), 0.1077377 secs] 38174783K->30321060K(65798144K), 0.1080536 secs] [Times: user=0.04 sys=1.80, real=0.11 secs] 
2023-10-23T10:29:37.170+0800: 405519.451: [GC (Allocation Failure) 2023-10-23T10:29:37.170+0800: 405519.451: [ParNew: 7925530K->55258K(9175040K), 0.0533526 secs] 38185380K->30318353K(65798144K), 0.0536288 secs] [Times: user=0.62 sys=0.26, real=0.05 secs] 
2023-10-23T10:29:40.413+0800: 405522.694: [GC (Allocation Failure) 2023-10-23T10:29:40.413+0800: 405522.695: [ParNew: 7919578K->56249K(9175040K), 0.0539514 secs] 38182673K->30321608K(65798144K), 0.0542669 secs] [Times: user=1.08 sys=0.00, real=0.06 secs] 
2023-10-23T10:29:43.721+0800: 405526.002: [GC (Allocation Failure) 2023-10-23T10:29:43.721+0800: 405526.003: [ParNew: 7920569K->54595K(9175040K), 0.0595649 secs] 38185928K->30321654K(65798144K), 0.0598412 secs] [Times: user=0.55 sys=0.46, real=0.06 secs] 
2023-10-23T10:29:47.239+0800: 405529.521: [GC (Allocation Failure) 2023-10-23T10:29:47.240+0800: 405529.521: [ParNew: 7918915K->53646K(9175040K), 0.0602973 secs] 38185974K->30322383K(65798144K), 0.0605724 secs] [Times: user=1.16 sys=0.00, real=0.06 secs] 
2023-10-23T10:29:50.836+0800: 405533.118: [GC (Allocation Failure) 2023-10-23T10:29:50.837+0800: 405533.118: [ParNew: 7917966K->62258K(9175040K), 0.0634216 secs] 38186703K->30332847K(65798144K), 0.0637516 secs] [Times: user=0.56 sys=0.52, real=0.06 secs] 
2023-10-23T10:29:54.213+0800: 405536.494: [GC (Allocation Failure) 2023-10-23T10:29:54.213+0800: 405536.495: [ParNew: 7926578K->50567K(9175040K), 0.0633504 secs] 38197167K->30323213K(65798144K), 0.0636470 secs] [Times: user=0.61 sys=0.46, real=0.07 secs] 
2023-10-23T10:29:57.844+0800: 405540.125: [GC (Allocation Failure) 2023-10-23T10:29:57.844+0800: 405540.125: [ParNew: 7914887K->52532K(9175040K), 0.0690081 secs] 38187533K->30327358K(65798144K), 0.0692936 secs] [Times: user=0.67 sys=0.50, real=0.07 secs] 
2023-10-23T10:30:01.206+0800: 405543.487: [GC (Allocation Failure) 2023-10-23T10:30:01.206+0800: 405543.487: [ParNew: 7916852K->55385K(9175040K), 0.0433890 secs] 38191678K->30332621K(65798144K), 0.0436730 secs] [Times: user=1.04 sys=0.00, real=0.04 secs] 
2023-10-23T10:30:04.744+0800: 405547.025: [GC (Allocation Failure) 2023-10-23T10:30:04.744+0800: 405547.026: [ParNew: 7919705K->58412K(9175040K), 0.1110256 secs] 38196941K->30338244K(65798144K), 0.1113419 secs] [Times: user=0.11 sys=1.83, real=0.11 secs] 
2023-10-23T10:30:08.550+0800: 405550.831: [GC (Allocation Failure) 2023-10-23T10:30:08.550+0800: 405550.831: [ParNew: 7922732K->44130K(9175040K), 0.0430953 secs] 38202564K->30326215K(65798144K), 0.0434235 secs] [Times: user=0.48 sys=0.23, real=0.04 secs] 
2023-10-23T10:30:12.125+0800: 405554.406: [GC (Allocation Failure) 2023-10-23T10:30:12.125+0800: 405554.406: [ParNew: 7908450K->33982K(9175040K), 0.0482199 secs] 38190535K->30317588K(65798144K), 0.0485499 secs] [Times: user=0.38 sys=0.42, real=0.05 secs] 
2023-10-23T10:30:15.658+0800: 405557.939: [GC (Allocation Failure) 2023-10-23T10:30:15.658+0800: 405557.939: [ParNew: 7898302K->39033K(9175040K), 0.0457640 secs] 38181908K->30323393K(65798144K), 0.0460724 secs] [Times: user=0.34 sys=0.43, real=0.04 secs] 
2023-10-23T10:30:19.121+0800: 405561.402: [GC (Allocation Failure) 2023-10-23T10:30:19.121+0800: 405561.403: [ParNew: 7903353K->37478K(9175040K), 0.0484492 secs] 38187713K->30323125K(65798144K), 0.0487839 secs] [Times: user=0.94 sys=0.00, real=0.05 secs] 
2023-10-23T10:30:22.568+0800: 405564.850: [GC (Allocation Failure) 2023-10-23T10:30:22.569+0800: 405564.850: [ParNew: 7901798K->40903K(9175040K), 0.0461410 secs] 38187445K->30327263K(65798144K), 0.0464561 secs] [Times: user=0.96 sys=0.00, real=0.04 secs] 
2023-10-23T10:30:25.965+0800: 405568.246: [GC (Allocation Failure) 2023-10-23T10:30:25.965+0800: 405568.246: [ParNew: 7905223K->47191K(9175040K), 0.0485183 secs] 38191583K->30334967K(65798144K), 0.0488239 secs] [Times: user=0.38 sys=0.42, real=0.05 secs] 
2023-10-23T10:30:29.511+0800: 405571.792: [GC (Allocation Failure) 2023-10-23T10:30:29.511+0800: 405571.792: [ParNew: 7911511K->41411K(9175040K), 0.0488300 secs] 38199287K->30330866K(65798144K), 0.0491247 secs] [Times: user=0.39 sys=0.42, real=0.05 secs] 
2023-10-23T10:30:32.979+0800: 405575.260: [GC (Allocation Failure) 2023-10-23T10:30:32.979+0800: 405575.260: [ParNew: 7905731K->41698K(9175040K), 0.0431816 secs] 38195186K->30333442K(65798144K), 0.0434783 secs] [Times: user=0.49 sys=0.22, real=0.04 secs] 
2023-10-23T10:30:36.534+0800: 405578.815: [GC (Allocation Failure) 2023-10-23T10:30:36.534+0800: 405578.815: [ParNew: 7906018K->37993K(9175040K), 0.1196483 secs] 38197762K->30331508K(65798144K), 0.1199347 secs] [Times: user=0.66 sys=1.36, real=0.12 secs] 
2023-10-23T10:30:40.537+0800: 405582.818: [GC (Allocation Failure) 2023-10-23T10:30:40.537+0800: 405582.818: [ParNew: 7902313K->37520K(9175040K), 0.0485142 secs] 38195828K->30332939K(65798144K), 0.0488272 secs] [Times: user=0.50 sys=0.30, real=0.04 secs] 
2023-10-23T10:30:44.190+0800: 405586.471: [GC (Allocation Failure) 2023-10-23T10:30:44.190+0800: 405586.472: [ParNew: 7901840K->38386K(9175040K), 0.0604402 secs] 38197259K->30335116K(65798144K), 0.0607705 secs] [Times: user=1.12 sys=0.00, real=0.06 secs] 
2023-10-23T10:30:47.830+0800: 405590.111: [GC (Allocation Failure) 2023-10-23T10:30:47.830+0800: 405590.111: [ParNew: 7902706K->40653K(9175040K), 0.0608767 secs] 38199436K->30338371K(65798144K), 0.0612239 secs] [Times: user=0.53 sys=0.50, real=0.06 secs] 
2023-10-23T10:30:51.577+0800: 405593.858: [GC (Allocation Failure) 2023-10-23T10:30:51.577+0800: 405593.858: [ParNew: 7904973K->40082K(9175040K), 0.0647113 secs] 38202691K->30339014K(65798144K), 0.0650169 secs] [Times: user=0.60 sys=0.51, real=0.06 secs] 
2023-10-23T10:30:55.415+0800: 405597.696: [GC (Allocation Failure) 2023-10-23T10:30:55.415+0800: 405597.696: [ParNew: 7904402K->41995K(9175040K), 0.0669827 secs] 38203334K->30342498K(65798144K), 0.0673232 secs] [Times: user=1.19 sys=0.00, real=0.07 secs] 
2023-10-23T10:30:59.163+0800: 405601.444: [GC (Allocation Failure) 2023-10-23T10:30:59.163+0800: 405601.444: [ParNew: 7906315K->44338K(9175040K), 0.0643789 secs] 38206818K->30345904K(65798144K), 0.0646504 secs] [Times: user=1.16 sys=0.00, real=0.07 secs] 
2023-10-23T10:31:03.020+0800: 405605.301: [GC (Allocation Failure) 2023-10-23T10:31:03.020+0800: 405605.301: [ParNew: 7908658K->44624K(9175040K), 0.0643787 secs] 38210224K->30347868K(65798144K), 0.0647201 secs] [Times: user=0.64 sys=0.01, real=0.06 secs] 
2023-10-23T10:31:06.684+0800: 405608.965: [GC (Allocation Failure) 2023-10-23T10:31:06.684+0800: 405608.965: [ParNew: 7908944K->42495K(9175040K), 0.0938288 secs] 38212188K->30346711K(65798144K), 0.0941467 secs] [Times: user=0.00 sys=1.67, real=0.10 secs] 
2023-10-23T10:31:10.324+0800: 405612.605: [GC (Allocation Failure) 2023-10-23T10:31:10.324+0800: 405612.605: [ParNew: 7906815K->23224K(9175040K), 0.0338783 secs] 38211031K->30327770K(65798144K), 0.0342002 secs] [Times: user=0.36 sys=0.18, real=0.04 secs] 
2023-10-23T10:31:13.667+0800: 405615.949: [GC (Allocation Failure) 2023-10-23T10:31:13.668+0800: 405615.949: [ParNew: 7886977K->29519K(9175040K), 0.0409454 secs] 38191522K->30334333K(65798144K), 0.0412126 secs] [Times: user=0.33 sys=0.35, real=0.04 secs] 
2023-10-23T10:31:17.001+0800: 405619.282: [GC (Allocation Failure) 2023-10-23T10:31:17.001+0800: 405619.282: [ParNew: 7893839K->32705K(9175040K), 0.0435783 secs] 38198653K->30338361K(65798144K), 0.0438748 secs] [Times: user=0.33 sys=0.39, real=0.04 secs] 
2023-10-23T10:31:20.389+0800: 405622.670: [GC (Allocation Failure) 2023-10-23T10:31:20.389+0800: 405622.670: [ParNew: 7897025K->36328K(9175040K), 0.0453424 secs] 38202681K->30342265K(65798144K), 0.0456317 secs] [Times: user=0.35 sys=0.40, real=0.04 secs] 
2023-10-23T10:31:23.818+0800: 405626.099: [GC (Allocation Failure) 2023-10-23T10:31:23.818+0800: 405626.099: [ParNew: 7900648K->39493K(9175040K), 0.0461495 secs] 38206585K->30345608K(65798144K), 0.0464850 secs] [Times: user=0.37 sys=0.41, real=0.04 secs] 
2023-10-23T10:31:27.103+0800: 405629.385: [GC (Allocation Failure) 2023-10-23T10:31:27.104+0800: 405629.385: [ParNew: 7903813K->42126K(9175040K), 0.0466316 secs] 38209928K->30348740K(65798144K), 0.0469155 secs] [Times: user=1.01 sys=0.00, real=0.05 secs] 
2023-10-23T10:31:30.392+0800: 405632.673: [GC (Allocation Failure) 2023-10-23T10:31:30.392+0800: 405632.673: [ParNew: 7906446K->47420K(9175040K), 0.0507740 secs] 38213060K->30354411K(65798144K), 0.0511044 secs] [Times: user=1.03 sys=0.00, real=0.05 secs] 
2023-10-23T10:31:33.726+0800: 405636.007: [GC (Allocation Failure) 2023-10-23T10:31:33.726+0800: 405636.007: [ParNew: 7911740K->50469K(9175040K), 0.0472032 secs] 38218731K->30357833K(65798144K), 0.0475387 secs] [Times: user=1.04 sys=0.00, real=0.05 secs] 
2023-10-23T10:31:37.095+0800: 405639.376: [GC (Allocation Failure) 2023-10-23T10:31:37.095+0800: 405639.376: [ParNew: 7914789K->51332K(9175040K), 0.0453272 secs] 38222153K->30359116K(65798144K), 0.0456575 secs] [Times: user=0.48 sys=0.26, real=0.05 secs] 
2023-10-23T10:31:47.956+0800: 405650.238: [GC (Allocation Failure) 2023-10-23T10:31:47.957+0800: 405650.238: [ParNew: 7915652K->60859K(9175040K), 0.1090024 secs] 38223436K->30369045K(65798144K), 0.1092787 secs] [Times: user=0.62 sys=1.27, real=0.11 secs] 
2023-10-23T10:31:59.725+0800: 405662.006: [GC (Allocation Failure) 2023-10-23T10:31:59.725+0800: 405662.006: [ParNew: 7925179K->72277K(9175040K), 0.0705781 secs] 38233365K->30380645K(65798144K), 0.0708519 secs] [Times: user=0.91 sys=0.29, real=0.07 secs] 
2023-10-23T10:32:11.249+0800: 405673.530: [GC (Allocation Failure) 2023-10-23T10:32:11.249+0800: 405673.530: [ParNew: 7936597K->68996K(9175040K), 0.0768956 secs] 38244965K->30378230K(65798144K), 0.0771773 secs] [Times: user=0.95 sys=0.36, real=0.08 secs] 
2023-10-23T10:32:19.231+0800: 405681.513: [GC (Allocation Failure) 2023-10-23T10:32:19.231+0800: 405681.513: [ParNew: 7933316K->55792K(9175040K), 0.0496451 secs] 38242550K->30366464K(65798144K), 0.0499143 secs] [Times: user=1.12 sys=0.00, real=0.05 secs] 
2023-10-23T10:32:24.791+0800: 405687.072: [GC (Allocation Failure) 2023-10-23T10:32:24.791+0800: 405687.073: [ParNew: 7920112K->65521K(9175040K), 0.1109174 secs] 38230784K->30377334K(65798144K), 0.1111874 secs] [Times: user=0.23 sys=1.69, real=0.11 secs] 
2023-10-23T10:32:29.516+0800: 405691.797: [GC (Allocation Failure) 2023-10-23T10:32:29.516+0800: 405691.797: [ParNew: 7929841K->71666K(9175040K), 0.0613639 secs] 38241654K->30385990K(65798144K), 0.0616369 secs] [Times: user=1.16 sys=0.00, real=0.07 secs] 
2023-10-23T10:32:33.591+0800: 405695.872: [GC (Allocation Failure) 2023-10-23T10:32:33.591+0800: 405695.872: [ParNew: 7935986K->69910K(9175040K), 0.0688980 secs] 38250310K->30385864K(65798144K), 0.0692185 secs] [Times: user=0.66 sys=0.51, real=0.07 secs] 
2023-10-23T10:32:37.400+0800: 405699.681: [GC (Allocation Failure) 2023-10-23T10:32:37.400+0800: 405699.681: [ParNew: 7934230K->73533K(9175040K), 0.0473319 secs] 38250184K->30392421K(65798144K), 0.0476293 secs] [Times: user=0.40 sys=0.38, real=0.05 secs] 
2023-10-23T10:32:40.909+0800: 405703.190: [GC (Allocation Failure) 2023-10-23T10:32:40.909+0800: 405703.190: [ParNew: 7937853K->77316K(9175040K), 0.0489328 secs] 38256741K->30399248K(65798144K), 0.0492390 secs] [Times: user=0.39 sys=0.41, real=0.05 secs] 
2023-10-23T10:32:44.248+0800: 405706.529: [GC (Allocation Failure) 2023-10-23T10:32:44.248+0800: 405706.529: [ParNew: 7941636K->74168K(9175040K), 0.0660365 secs] 38263568K->30398477K(65798144K), 0.0663012 secs] [Times: user=1.19 sys=0.00, real=0.06 secs] 
2023-10-23T10:32:47.483+0800: 405709.764: [GC (Allocation Failure) 2023-10-23T10:32:47.483+0800: 405709.764: [ParNew: 7938488K->67814K(9175040K), 0.0520267 secs] 38262797K->30394670K(65798144K), 0.0523073 secs] [Times: user=0.48 sys=0.39, real=0.05 secs] 
2023-10-23T10:32:51.951+0800: 405714.232: [GC (Allocation Failure) 2023-10-23T10:32:51.951+0800: 405714.232: [ParNew: 7932134K->77485K(9175040K), 0.0496106 secs] 38258990K->30406223K(65798144K), 0.0499073 secs] [Times: user=1.14 sys=0.00, real=0.05 secs] 
2023-10-23T10:33:05.288+0800: 405727.569: [GC (Allocation Failure) 2023-10-23T10:33:05.288+0800: 405727.569: [ParNew: 7941805K->71354K(9175040K), 0.1162633 secs] 38270543K->30401078K(65798144K), 0.1165316 secs] [Times: user=0.76 sys=1.37, real=0.11 secs] 
2023-10-23T10:37:54.826+0800: 406017.107: [GC (Allocation Failure) 2023-10-23T10:37:54.826+0800: 406017.107: [ParNew: 7935674K->111577K(9175040K), 0.2216202 secs] 38265398K->30441378K(65798144K), 0.2219765 secs] [Times: user=0.73 sys=3.10, real=0.22 secs] 
2023-10-23T10:40:47.957+0800: 406190.238: [GC (Allocation Failure) 2023-10-23T10:40:47.957+0800: 406190.239: [ParNew: 7975897K->131673K(9175040K), 0.1748882 secs] 38305698K->30461566K(65798144K), 0.1751654 secs] [Times: user=0.10 sys=2.63, real=0.17 secs] 
2023-10-23T10:41:11.711+0800: 406213.992: [GC (Allocation Failure) 2023-10-23T10:41:11.711+0800: 406213.992: [ParNew: 7995993K->123829K(9175040K), 0.0720861 secs] 38325886K->30454310K(65798144K), 0.0723569 secs] [Times: user=0.77 sys=0.46, real=0.07 secs] 
2023-10-23T10:41:28.962+0800: 406231.243: [GC (Allocation Failure) 2023-10-23T10:41:28.962+0800: 406231.243: [ParNew: 7988149K->135731K(9175040K), 0.1055625 secs] 38318630K->30466654K(65798144K), 0.1058406 secs] [Times: user=0.50 sys=1.33, real=0.11 secs] 
2023-10-23T10:41:46.191+0800: 406248.472: [GC (Allocation Failure) 2023-10-23T10:41:46.191+0800: 406248.472: [ParNew: 8000051K->135510K(9175040K), 0.0494633 secs] 38330974K->30467023K(65798144K), 0.0497261 secs] [Times: user=0.30 sys=0.52, real=0.05 secs] 
2023-10-23T10:42:01.642+0800: 406263.923: [GC (Allocation Failure) 2023-10-23T10:42:01.642+0800: 406263.923: [ParNew: 7999830K->134969K(9175040K), 0.0573009 secs] 38331343K->30466829K(65798144K), 0.0575514 secs] [Times: user=0.27 sys=0.70, real=0.06 secs] 
2023-10-23T10:42:18.015+0800: 406280.296: [GC (Allocation Failure) 2023-10-23T10:42:18.015+0800: 406280.296: [ParNew: 7999289K->145466K(9175040K), 0.0633508 secs] 38331149K->30477623K(65798144K), 0.0635978 secs] [Times: user=0.83 sys=0.24, real=0.07 secs] 
2023-10-23T10:42:34.084+0800: 406296.365: [GC (Allocation Failure) 2023-10-23T10:42:34.084+0800: 406296.365: [ParNew: 8009786K->156830K(9175040K), 0.0507865 secs] 38341943K->30489355K(65798144K), 0.0510788 secs] [Times: user=0.94 sys=0.00, real=0.05 secs] 
2023-10-23T10:42:48.167+0800: 406310.448: [GC (Allocation Failure) 2023-10-23T10:42:48.167+0800: 406310.448: [ParNew: 8021150K->156006K(9175040K), 0.1065475 secs] 38353675K->30488794K(65798144K), 0.1067953 secs] [Times: user=0.51 sys=1.34, real=0.10 secs] 
2023-10-23T10:43:05.927+0800: 406328.208: [GC (Allocation Failure) 2023-10-23T10:43:05.927+0800: 406328.208: [ParNew: 8020326K->143021K(9175040K), 0.0575311 secs] 38353114K->30476035K(65798144K), 0.0577857 secs] [Times: user=0.27 sys=0.69, real=0.05 secs] 
2023-10-23T10:43:22.539+0800: 406344.820: [GC (Allocation Failure) 2023-10-23T10:43:22.539+0800: 406344.820: [ParNew: 8007341K->139435K(9175040K), 0.0582876 secs] 38340355K->30472629K(65798144K), 0.0585397 secs] [Times: user=0.25 sys=0.74, real=0.06 secs] 
2023-10-23T10:43:38.334+0800: 406360.615: [GC (Allocation Failure) 2023-10-23T10:43:38.334+0800: 406360.615: [ParNew: 8003755K->135637K(9175040K), 0.0604733 secs] 38336949K->30468887K(65798144K), 0.0607264 secs] [Times: user=0.86 sys=0.17, real=0.06 secs] 
2023-10-23T10:43:54.496+0800: 406376.778: [GC (Allocation Failure) 2023-10-23T10:43:54.496+0800: 406376.778: [ParNew: 7999957K->152631K(9175040K), 0.1023693 secs] 38333207K->30485936K(65798144K), 0.1026411 secs] [Times: user=0.00 sys=1.81, real=0.10 secs] 
2023-10-23T10:44:13.885+0800: 406396.166: [GC (Allocation Failure) 2023-10-23T10:44:13.885+0800: 406396.166: [ParNew: 8016951K->137673K(9175040K), 0.0627477 secs] 38350256K->30471036K(65798144K), 0.0630186 secs] [Times: user=0.22 sys=0.83, real=0.07 secs] 
2023-10-23T10:44:30.067+0800: 406412.348: [GC (Allocation Failure) 2023-10-23T10:44:30.067+0800: 406412.348: [ParNew: 8001993K->121371K(9175040K), 0.0744619 secs] 38335356K->30455443K(65798144K), 0.0747322 secs] [Times: user=0.32 sys=0.94, real=0.07 secs] 
2023-10-23T10:44:44.007+0800: 406426.288: [GC (Allocation Failure) 2023-10-23T10:44:44.007+0800: 406426.288: [ParNew: 7985691K->128257K(9175040K), 0.0669141 secs] 38319763K->30472483K(65798144K), 0.0671986 secs] [Times: user=0.99 sys=0.08, real=0.06 secs] 
2023-10-23T10:44:58.507+0800: 406440.788: [GC (Allocation Failure) 2023-10-23T10:44:58.507+0800: 406440.789: [ParNew: 7992577K->111565K(9175040K), 0.1125824 secs] 38336803K->30469155K(65798144K), 0.1128611 secs] [Times: user=0.51 sys=1.40, real=0.11 secs] 
2023-10-23T10:45:09.954+0800: 406452.236: [GC (Allocation Failure) 2023-10-23T10:45:09.955+0800: 406452.236: [ParNew: 7975885K->101522K(9175040K), 0.0691342 secs] 38333475K->30467026K(65798144K), 0.0693937 secs] [Times: user=0.51 sys=0.64, real=0.07 secs] 
2023-10-23T10:45:24.239+0800: 406466.520: [GC (Allocation Failure) 2023-10-23T10:45:24.239+0800: 406466.520: [ParNew: 7965842K->103780K(9175040K), 0.0706524 secs] 38331346K->30471575K(65798144K), 0.0708973 secs] [Times: user=0.25 sys=0.95, real=0.07 secs] 
2023-10-23T10:45:37.607+0800: 406479.888: [GC (Allocation Failure) 2023-10-23T10:45:37.607+0800: 406479.888: [ParNew: 7968100K->109369K(9175040K), 0.0511302 secs] 38335895K->30479124K(65798144K), 0.0514028 secs] [Times: user=0.85 sys=0.00, real=0.05 secs] 
2023-10-23T10:45:55.505+0800: 406497.786: [GC (Allocation Failure) 2023-10-23T10:45:55.505+0800: 406497.786: [ParNew: 7973689K->103686K(9175040K), 0.1263231 secs] 38343444K->30477737K(65798144K), 0.1266275 secs] [Times: user=0.87 sys=1.32, real=0.13 secs] 
2023-10-23T10:46:11.738+0800: 406514.019: [GC (Allocation Failure) 2023-10-23T10:46:11.738+0800: 406514.019: [ParNew: 7968006K->95009K(9175040K), 0.0610109 secs] 38342057K->30476054K(65798144K), 0.0612636 secs] [Times: user=0.86 sys=0.16, real=0.06 secs] 
2023-10-23T10:46:23.818+0800: 406526.100: [GC (Allocation Failure) 2023-10-23T10:46:23.819+0800: 406526.100: [ParNew: 7959329K->74925K(9175040K), 0.0590363 secs] 38340374K->30460365K(65798144K), 0.0592914 secs] [Times: user=0.23 sys=0.77, real=0.06 secs] 
2023-10-23T10:46:35.783+0800: 406538.064: [GC (Allocation Failure) 2023-10-23T10:46:35.783+0800: 406538.065: [ParNew: 7939245K->78912K(9175040K), 0.0525902 secs] 38324685K->30466679K(65798144K), 0.0528494 secs] [Times: user=0.84 sys=0.05, real=0.06 secs] 
2023-10-23T10:46:47.809+0800: 406550.090: [GC (Allocation Failure) 2023-10-23T10:46:47.809+0800: 406550.090: [ParNew: 7943232K->80391K(9175040K), 0.0983143 secs] 38330999K->30469117K(65798144K), 0.0985789 secs] [Times: user=0.48 sys=1.22, real=0.10 secs] 
2023-10-23T10:46:59.332+0800: 406561.614: [GC (Allocation Failure) 2023-10-23T10:46:59.332+0800: 406561.614: [ParNew: 7944711K->91974K(9175040K), 0.0481017 secs] 38333437K->30482411K(65798144K), 0.0483581 secs] [Times: user=0.33 sys=0.46, real=0.05 secs] 
2023-10-23T10:47:08.396+0800: 406570.678: [GC (Allocation Failure) 2023-10-23T10:47:08.396+0800: 406570.678: [ParNew: 7956294K->92531K(9175040K), 0.0517906 secs] 38346731K->30484464K(65798144K), 0.0520268 secs] [Times: user=0.82 sys=0.03, real=0.05 secs] 
2023-10-23T10:47:18.336+0800: 406580.618: [GC (Allocation Failure) 2023-10-23T10:47:18.337+0800: 406580.618: [ParNew: 7956851K->88945K(9175040K), 0.0550868 secs] 38348784K->30482366K(65798144K), 0.0553465 secs] [Times: user=0.29 sys=0.63, real=0.05 secs] 
2023-10-23T10:47:30.249+0800: 406592.530: [GC (Allocation Failure) 2023-10-23T10:47:30.249+0800: 406592.530: [ParNew: 7953265K->99014K(9175040K), 0.0621106 secs] 38346686K->30493966K(65798144K), 0.0623818 secs] [Times: user=0.92 sys=0.13, real=0.06 secs] 
2023-10-23T10:47:40.118+0800: 406602.399: [GC (Allocation Failure) 2023-10-23T10:47:40.118+0800: 406602.399: [ParNew: 7963334K->96331K(9175040K), 0.0977077 secs] 38358286K->30497408K(65798144K), 0.0979728 secs] [Times: user=0.55 sys=1.11, real=0.10 secs] 
2023-10-23T10:47:49.952+0800: 406612.233: [GC (Allocation Failure) 2023-10-23T10:47:49.952+0800: 406612.234: [ParNew: 7960651K->92902K(9175040K), 0.0500383 secs] 38361728K->30500461K(65798144K), 0.0503028 secs] [Times: user=0.34 sys=0.47, real=0.05 secs] 
2023-10-23T10:48:12.169+0800: 406634.450: [GC (Allocation Failure) 2023-10-23T10:48:12.169+0800: 406634.450: [ParNew: 7957222K->100737K(9175040K), 0.0815110 secs] 38364781K->30513077K(65798144K), 0.0817583 secs] [Times: user=0.89 sys=0.49, real=0.08 secs] 
2023-10-23T10:48:34.141+0800: 406656.423: [GC (Allocation Failure) 2023-10-23T10:48:34.142+0800: 406656.423: [ParNew: 7965057K->105607K(9175040K), 0.0695309 secs] 38377397K->30520928K(65798144K), 0.0697884 secs] [Times: user=0.31 sys=0.73, real=0.07 secs] 
2023-10-23T10:48:52.786+0800: 406675.068: [GC (Allocation Failure) 2023-10-23T10:48:52.787+0800: 406675.068: [ParNew: 7969927K->95904K(9175040K), 0.1222624 secs] 38385248K->30515572K(65798144K), 0.1225113 secs] [Times: user=0.56 sys=1.56, real=0.12 secs] 
2023-10-23T10:49:06.190+0800: 406688.471: [GC (Allocation Failure) 2023-10-23T10:49:06.190+0800: 406688.471: [ParNew: 7960224K->96047K(9175040K), 0.0636894 secs] 38379892K->30517592K(65798144K), 0.0639393 secs] [Times: user=0.98 sys=0.10, real=0.06 secs] 
2023-10-23T10:49:13.838+0800: 406696.119: [GC (Allocation Failure) 2023-10-23T10:49:13.838+0800: 406696.120: [ParNew: 7960367K->95642K(9175040K), 0.0570342 secs] 38381912K->30522452K(65798144K), 0.0573300 secs] [Times: user=0.48 sys=0.47, real=0.05 secs] 
2023-10-23T10:49:19.470+0800: 406701.752: [GC (Allocation Failure) 2023-10-23T10:49:19.471+0800: 406701.752: [ParNew: 7959962K->82602K(9175040K), 0.0634987 secs] 38386772K->30513676K(65798144K), 0.0638063 secs] [Times: user=0.54 sys=0.53, real=0.06 secs] 
2023-10-23T10:49:24.426+0800: 406706.708: [GC (Allocation Failure) 2023-10-23T10:49:24.426+0800: 406706.708: [ParNew: 7946922K->81744K(9175040K), 0.0662727 secs] 38377996K->30514400K(65798144K), 0.0665896 secs] [Times: user=1.19 sys=0.00, real=0.06 secs] 
2023-10-23T10:49:29.209+0800: 406711.491: [GC (Allocation Failure) 2023-10-23T10:49:29.209+0800: 406711.491: [ParNew: 7946064K->83492K(9175040K), 0.0406395 secs] 38378720K->30517457K(65798144K), 0.0409554 secs] [Times: user=0.46 sys=0.21, real=0.04 secs] 
2023-10-23T10:49:33.936+0800: 406716.217: [GC (Allocation Failure) 2023-10-23T10:49:33.936+0800: 406716.217: [ParNew: 7947812K->77391K(9175040K), 0.1071048 secs] 38381777K->30514624K(65798144K), 0.1073838 secs] [Times: user=0.63 sys=1.22, real=0.10 secs] 
2023-10-23T10:49:38.635+0800: 406720.916: [GC (Allocation Failure) 2023-10-23T10:49:38.635+0800: 406720.916: [ParNew: 7941711K->77187K(9175040K), 0.0520836 secs] 38378944K->30523125K(65798144K), 0.0523674 secs] [Times: user=1.03 sys=0.00, real=0.06 secs] 
2023-10-23T10:49:42.807+0800: 406725.088: [GC (Allocation Failure) 2023-10-23T10:49:42.807+0800: 406725.088: [ParNew: 7941507K->73709K(9175040K), 0.0641566 secs] 38387445K->30522992K(65798144K), 0.0644296 secs] [Times: user=1.15 sys=0.00, real=0.06 secs] 
2023-10-23T10:49:47.298+0800: 406729.580: [GC (Allocation Failure) 2023-10-23T10:49:47.298+0800: 406729.580: [ParNew: 7938029K->83441K(9175040K), 0.0490021 secs] 38387312K->30534290K(65798144K), 0.0492808 secs] [Times: user=0.38 sys=0.44, real=0.05 secs] 
2023-10-23T10:49:51.482+0800: 406733.763: [GC (Allocation Failure) 2023-10-23T10:49:51.482+0800: 406733.763: [ParNew: 7947761K->82094K(9175040K), 0.0511114 secs] 38398610K->30537405K(65798144K), 0.0514070 secs] [Times: user=0.41 sys=0.43, real=0.05 secs] 
2023-10-23T10:49:56.215+0800: 406738.497: [GC (Allocation Failure) 2023-10-23T10:49:56.215+0800: 406738.497: [ParNew: 7946414K->78964K(9175040K), 0.0620939 secs] 38401725K->30538680K(65798144K), 0.0624181 secs] [Times: user=1.07 sys=0.00, real=0.07 secs] 
2023-10-23T10:50:00.530+0800: 406742.811: [GC (Allocation Failure) 2023-10-23T10:50:00.530+0800: 406742.811: [ParNew: 7943284K->83938K(9175040K), 0.0598961 secs] 38403000K->30549452K(65798144K), 0.0602101 secs] [Times: user=1.17 sys=0.00, real=0.06 secs] 
2023-10-23T10:50:04.978+0800: 406747.259: [GC (Allocation Failure) 2023-10-23T10:50:04.978+0800: 406747.259: [ParNew: 7948258K->79462K(9175040K), 0.1092196 secs] 38413772K->30553542K(65798144K), 0.1095685 secs] [Times: user=0.83 sys=1.05, real=0.11 secs] 
2023-10-23T10:50:09.236+0800: 406751.517: [GC (Allocation Failure) 2023-10-23T10:50:09.236+0800: 406751.517: [ParNew: 7943782K->54481K(9175040K), 0.0406463 secs] 38417862K->30532223K(65798144K), 0.0409353 secs] [Times: user=1.07 sys=0.00, real=0.04 secs] 
2023-10-23T10:50:13.427+0800: 406755.708: [GC (Allocation Failure) 2023-10-23T10:50:13.427+0800: 406755.708: [ParNew: 7918801K->60507K(9175040K), 0.0724144 secs] 38396543K->30540127K(65798144K), 0.0726937 secs] [Times: user=1.33 sys=0.00, real=0.07 secs] 
2023-10-23T10:50:17.729+0800: 406760.010: [GC (Allocation Failure) 2023-10-23T10:50:17.729+0800: 406760.010: [ParNew: 7924827K->59278K(9175040K), 0.0478523 secs] 38404447K->30540596K(65798144K), 0.0481529 secs] [Times: user=0.95 sys=0.00, real=0.05 secs] 
2023-10-23T10:50:22.185+0800: 406764.466: [GC (Allocation Failure) 2023-10-23T10:50:22.185+0800: 406764.467: [ParNew: 7923598K->55870K(9175040K), 0.0483287 secs] 38404916K->30539304K(65798144K), 0.0486175 secs] [Times: user=0.95 sys=0.00, real=0.05 secs] 
2023-10-23T10:50:26.461+0800: 406768.743: [GC (Allocation Failure) 2023-10-23T10:50:26.462+0800: 406768.743: [ParNew: 7920190K->57528K(9175040K), 0.0478443 secs] 38403624K->30542232K(65798144K), 0.0481293 secs] [Times: user=0.94 sys=0.00, real=0.05 secs] 
2023-10-23T10:50:30.736+0800: 406773.017: [GC (Allocation Failure) 2023-10-23T10:50:30.736+0800: 406773.017: [ParNew: 7921848K->62055K(9175040K), 0.0504842 secs] 38406552K->30547455K(65798144K), 0.0507617 secs] [Times: user=0.42 sys=0.43, real=0.06 secs] 
2023-10-23T10:50:34.994+0800: 406777.275: [GC (Allocation Failure) 2023-10-23T10:50:34.994+0800: 406777.275: [ParNew: 7926375K->63678K(9175040K), 0.0493884 secs] 38411775K->30550209K(65798144K), 0.0497211 secs] [Times: user=1.02 sys=0.00, real=0.05 secs] 
2023-10-23T10:50:39.554+0800: 406781.835: [GC (Allocation Failure) 2023-10-23T10:50:39.554+0800: 406781.835: [ParNew: 7927998K->60258K(9175040K), 0.0435612 secs] 38414529K->30549146K(65798144K), 0.0438889 secs] [Times: user=1.09 sys=0.00, real=0.05 secs] 
2023-10-23T10:50:44.014+0800: 406786.295: [GC (Allocation Failure) 2023-10-23T10:50:44.014+0800: 406786.295: [ParNew: 7924578K->55980K(9175040K), 0.1180939 secs] 38413466K->30545842K(65798144K), 0.1183954 secs] [Times: user=0.70 sys=1.36, real=0.12 secs] 
2023-10-23T10:50:48.555+0800: 406790.837: [GC (Allocation Failure) 2023-10-23T10:50:48.555+0800: 406790.837: [ParNew: 7920300K->63415K(9175040K), 0.0541133 secs] 38410162K->30555675K(65798144K), 0.0544095 secs] [Times: user=0.45 sys=0.46, real=0.06 secs] 
2023-10-23T10:50:53.172+0800: 406795.453: [GC (Allocation Failure) 2023-10-23T10:50:53.172+0800: 406795.453: [ParNew: 7927735K->64849K(9175040K), 0.0593500 secs] 38419995K->30560086K(65798144K), 0.0596515 secs] [Times: user=1.08 sys=0.00, real=0.06 secs] 
2023-10-23T10:50:57.652+0800: 406799.933: [GC (Allocation Failure) 2023-10-23T10:50:57.652+0800: 406799.933: [ParNew: 7929169K->58564K(9175040K), 0.0635186 secs] 38424406K->30557026K(65798144K), 0.0638127 secs] [Times: user=1.11 sys=0.00, real=0.06 secs] 
2023-10-23T10:51:02.133+0800: 406804.414: [GC (Allocation Failure) 2023-10-23T10:51:02.133+0800: 406804.414: [ParNew: 7922884K->53218K(9175040K), 0.0635351 secs] 38421346K->30555066K(65798144K), 0.0638170 secs] [Times: user=0.58 sys=0.49, real=0.07 secs] 
2023-10-23T10:51:06.147+0800: 406808.429: [GC (Allocation Failure) 2023-10-23T10:51:06.147+0800: 406808.429: [ParNew: 7917538K->40305K(9175040K), 0.0647921 secs] 38419386K->30545309K(65798144K), 0.0651052 secs] [Times: user=1.13 sys=0.00, real=0.06 secs] 
2023-10-23T10:51:10.236+0800: 406812.517: [GC (Allocation Failure) 2023-10-23T10:51:10.236+0800: 406812.517: [ParNew: 7904625K->35656K(9175040K), 0.0402818 secs] 38409629K->30542614K(65798144K), 0.0405635 secs] [Times: user=0.91 sys=0.00, real=0.04 secs] 
2023-10-23T10:51:14.633+0800: 406816.915: [GC (Allocation Failure) 2023-10-23T10:51:14.634+0800: 406816.915: [ParNew: 7899976K->23389K(9175040K), 0.0992997 secs] 38406934K->30532045K(65798144K), 0.0996145 secs] [Times: user=0.52 sys=1.20, real=0.10 secs] 
2023-10-23T10:51:19.027+0800: 406821.308: [GC (Allocation Failure) 2023-10-23T10:51:19.027+0800: 406821.308: [ParNew: 7887709K->29145K(9175040K), 0.0336188 secs] 38396365K->30538301K(65798144K), 0.0339035 secs] [Times: user=0.39 sys=0.15, real=0.03 secs] 
2023-10-23T10:51:23.309+0800: 406825.590: [GC (Allocation Failure) 2023-10-23T10:51:23.309+0800: 406825.590: [ParNew: 7893465K->25343K(9175040K), 0.0460559 secs] 38402621K->30534894K(65798144K), 0.0463399 secs] [Times: user=0.93 sys=0.00, real=0.04 secs] 
2023-10-23T10:51:27.486+0800: 406829.767: [GC (Allocation Failure) 2023-10-23T10:51:27.486+0800: 406829.768: [ParNew: 7889663K->29369K(9175040K), 0.0495859 secs] 38399214K->30539448K(65798144K), 0.0498603 secs] [Times: user=0.95 sys=0.00, real=0.05 secs] 
2023-10-23T10:51:31.468+0800: 406833.749: [GC (Allocation Failure) 2023-10-23T10:51:31.468+0800: 406833.749: [ParNew: 7893689K->36021K(9175040K), 0.0514327 secs] 38403768K->30546743K(65798144K), 0.0517602 secs] [Times: user=0.99 sys=0.00, real=0.05 secs] 
2023-10-23T10:51:36.289+0800: 406838.570: [GC (Allocation Failure) 2023-10-23T10:51:36.289+0800: 406838.570: [ParNew: 7900341K->38064K(9175040K), 0.0499064 secs] 38411063K->30549997K(65798144K), 0.0502385 secs] [Times: user=0.35 sys=0.49, real=0.05 secs] 
2023-10-23T10:51:41.144+0800: 406843.426: [GC (Allocation Failure) 2023-10-23T10:51:41.144+0800: 406843.426: [ParNew: 7902384K->38693K(9175040K), 0.0570422 secs] 38414317K->30551839K(65798144K), 0.0573329 secs] [Times: user=0.97 sys=0.00, real=0.06 secs] 
2023-10-23T10:51:46.056+0800: 406848.337: [GC (Allocation Failure) 2023-10-23T10:51:46.056+0800: 406848.338: [ParNew: 7903013K->36334K(9175040K), 0.0496105 secs] 38416159K->30551177K(65798144K), 0.0499472 secs] [Times: user=0.97 sys=0.00, real=0.05 secs] 
2023-10-23T10:51:50.822+0800: 406853.103: [GC (Allocation Failure) 2023-10-23T10:51:50.822+0800: 406853.104: [ParNew: 7900654K->36047K(9175040K), 0.1095226 secs] 38415497K->30552271K(65798144K), 0.1098531 secs] [Times: user=0.61 sys=1.29, real=0.11 secs] 
2023-10-23T10:51:55.538+0800: 406857.819: [GC (Allocation Failure) 2023-10-23T10:51:55.538+0800: 406857.819: [ParNew: 7900367K->37416K(9175040K), 0.0429723 secs] 38416591K->30554687K(65798144K), 0.0432706 secs] [Times: user=0.44 sys=0.26, real=0.04 secs] 
2023-10-23T10:52:00.254+0800: 406862.535: [GC (Allocation Failure) 2023-10-23T10:52:00.254+0800: 406862.535: [ParNew: 7901736K->39821K(9175040K), 0.0572418 secs] 38419007K->30557609K(65798144K), 0.0575161 secs] [Times: user=0.47 sys=0.00, real=0.06 secs] 
2023-10-23T10:52:04.973+0800: 406867.254: [GC (Allocation Failure) 2023-10-23T10:52:04.973+0800: 406867.254: [ParNew: 7904141K->45723K(9175040K), 0.0531153 secs] 38421929K->30564300K(65798144K), 0.0534099 secs] [Times: user=1.00 sys=0.00, real=0.06 secs] 
2023-10-23T10:52:09.985+0800: 406872.266: [GC (Allocation Failure) 2023-10-23T10:52:09.985+0800: 406872.266: [ParNew: 7910043K->41629K(9175040K), 0.0675844 secs] 38428620K->30560661K(65798144K), 0.0679158 secs] [Times: user=0.57 sys=0.58, real=0.07 secs] 
2023-10-23T10:52:14.876+0800: 406877.157: [GC (Allocation Failure) 2023-10-23T10:52:14.876+0800: 406877.157: [ParNew: 7905949K->39299K(9175040K), 0.0663199 secs] 38424981K->30558796K(65798144K), 0.0666018 secs] [Times: user=1.19 sys=0.32, real=0.06 secs] 
2023-10-23T10:53:00.460+0800: 406922.742: [GC (Allocation Failure) 2023-10-23T10:53:00.461+0800: 406922.742: [ParNew: 7903619K->59033K(9175040K), 0.1225922 secs] 38423116K->30579312K(65798144K), 0.1229207 secs] [Times: user=0.50 sys=1.62, real=0.12 secs] 
2023-10-23T10:53:16.443+0800: 406938.724: [GC (Allocation Failure) 2023-10-23T10:53:16.443+0800: 406938.724: [ParNew: 7923353K->75727K(9175040K), 0.0723946 secs] 38443632K->30596887K(65798144K), 0.0727172 secs] [Times: user=0.83 sys=0.39, real=0.08 secs] 
2023-10-23T10:53:24.265+0800: 406946.546: [GC (Allocation Failure) 2023-10-23T10:53:24.265+0800: 406946.546: [ParNew: 7940047K->77862K(9175040K), 0.0554658 secs] 38461207K->30599758K(65798144K), 0.0557503 secs] [Times: user=0.33 sys=0.60, real=0.06 secs] 
2023-10-23T10:53:31.411+0800: 406953.692: [GC (Allocation Failure) 2023-10-23T10:53:31.411+0800: 406953.692: [ParNew: 7942182K->82178K(9175040K), 0.0533201 secs] 38464078K->30605084K(65798144K), 0.0536505 secs] [Times: user=0.37 sys=0.52, real=0.05 secs] 
2023-10-23T10:53:37.576+0800: 406959.857: [GC (Allocation Failure) 2023-10-23T10:53:37.576+0800: 406959.857: [ParNew: 7946498K->93089K(9175040K), 0.0606720 secs] 38469404K->30617113K(65798144K), 0.0609758 secs] [Times: user=1.32 sys=0.00, real=0.07 secs] 
2023-10-23T10:53:43.336+0800: 406965.617: [GC (Allocation Failure) 2023-10-23T10:53:43.336+0800: 406965.617: [ParNew: 7957409K->90132K(9175040K), 0.1012569 secs] 38481433K->30616164K(65798144K), 0.1016029 secs] [Times: user=0.66 sys=1.08, real=0.11 secs] 
2023-10-23T10:53:48.980+0800: 406971.261: [GC (Allocation Failure) 2023-10-23T10:53:48.980+0800: 406971.261: [ParNew: 7954452K->84953K(9175040K), 0.0747331 secs] 38480484K->30612788K(65798144K), 0.0750243 secs] [Times: user=1.28 sys=0.00, real=0.07 secs] 
2023-10-23T10:53:54.397+0800: 406976.678: [GC (Allocation Failure) 2023-10-23T10:53:54.397+0800: 406976.679: [ParNew: 7949273K->89454K(9175040K), 0.0539257 secs] 38477108K->30619020K(65798144K), 0.0542195 secs] [Times: user=0.44 sys=0.46, real=0.05 secs] 
2023-10-23T10:54:00.473+0800: 406982.754: [GC (Allocation Failure) 2023-10-23T10:54:00.473+0800: 406982.754: [ParNew: 7953774K->88768K(9175040K), 0.0523475 secs] 38483340K->30619355K(65798144K), 0.0526374 secs] [Times: user=0.97 sys=0.00, real=0.05 secs] 
2023-10-23T10:54:05.989+0800: 406988.270: [GC (Allocation Failure) 2023-10-23T10:54:05.989+0800: 406988.270: [ParNew: 7953088K->89690K(9175040K), 0.0527228 secs] 38483675K->30621292K(65798144K), 0.0530176 secs] [Times: user=1.05 sys=0.00, real=0.05 secs] 
2023-10-23T10:54:11.380+0800: 406993.662: [GC (Allocation Failure) 2023-10-23T10:54:11.381+0800: 406993.662: [ParNew: 7954010K->94920K(9175040K), 0.0501903 secs] 38485612K->30628091K(65798144K), 0.0504762 secs] [Times: user=0.93 sys=0.00, real=0.05 secs] 
2023-10-23T10:54:17.145+0800: 406999.426: [GC (Allocation Failure) 2023-10-23T10:54:17.145+0800: 406999.426: [ParNew: 7959240K->92397K(9175040K), 0.0439172 secs] 38492411K->30627396K(65798144K), 0.0442555 secs] [Times: user=0.42 sys=0.31, real=0.05 secs] 
2023-10-23T10:54:22.943+0800: 407005.224: [GC (Allocation Failure) 2023-10-23T10:54:22.943+0800: 407005.224: [ParNew: 7956717K->83721K(9175040K), 0.1074272 secs] 38491716K->30621074K(65798144K), 0.1077440 secs] [Times: user=0.62 sys=1.22, real=0.11 secs] 
2023-10-23T10:54:28.783+0800: 407011.065: [GC (Allocation Failure) 2023-10-23T10:54:28.783+0800: 407011.065: [ParNew: 7948041K->72561K(9175040K), 0.0514026 secs] 38485394K->30612248K(65798144K), 0.0516914 secs] [Times: user=0.44 sys=0.38, real=0.05 secs] 
2023-10-23T10:54:34.544+0800: 407016.825: [GC (Allocation Failure) 2023-10-23T10:54:34.544+0800: 407016.826: [ParNew: 7936881K->78171K(9175040K), 0.0560119 secs] 38476568K->30619188K(65798144K), 0.0562971 secs] [Times: user=1.03 sys=0.00, real=0.06 secs] 
2023-10-23T10:54:40.449+0800: 407022.730: [GC (Allocation Failure) 2023-10-23T10:54:40.449+0800: 407022.730: [ParNew: 7942491K->72916K(9175040K), 0.0526190 secs] 38483508K->30629176K(65798144K), 0.0529058 secs] [Times: user=0.39 sys=0.43, real=0.05 secs] 
2023-10-23T10:54:46.910+0800: 407029.192: [GC (Allocation Failure) 2023-10-23T10:54:46.911+0800: 407029.192: [ParNew: 7937236K->68580K(9175040K), 0.0570124 secs] 38493496K->30633190K(65798144K), 0.0573580 secs] [Times: user=0.42 sys=0.51, real=0.06 secs] 
2023-10-23T10:54:52.978+0800: 407035.259: [GC (Allocation Failure) 2023-10-23T10:54:52.978+0800: 407035.259: [ParNew: 7932900K->47993K(9175040K), 0.0595249 secs] 38497510K->30619073K(65798144K), 0.0598504 secs] [Times: user=0.40 sys=0.59, real=0.06 secs] 
2023-10-23T10:54:58.973+0800: 407041.254: [GC (Allocation Failure) 2023-10-23T10:54:58.973+0800: 407041.254: [ParNew: 7912313K->52758K(9175040K), 0.0526579 secs] 38483393K->30628531K(65798144K), 0.0529939 secs] [Times: user=0.48 sys=0.39, real=0.06 secs] 
2023-10-23T10:55:04.547+0800: 407046.829: [GC (Allocation Failure) 2023-10-23T10:55:04.548+0800: 407046.829: [ParNew: 7917078K->56414K(9175040K), 0.1132118 secs] 38492851K->30634469K(65798144K), 0.1135048 secs] [Times: user=0.71 sys=1.24, real=0.11 secs] 
2023-10-23T10:55:09.748+0800: 407052.029: [GC (Allocation Failure) 2023-10-23T10:55:09.748+0800: 407052.029: [ParNew: 7920734K->49008K(9175040K), 0.0424356 secs] 38498789K->30628704K(65798144K), 0.0427350 secs] [Times: user=0.47 sys=0.22, real=0.04 secs] 
2023-10-23T10:55:15.532+0800: 407057.813: [GC (Allocation Failure) 2023-10-23T10:55:15.532+0800: 407057.813: [ParNew: 7913328K->45795K(9175040K), 0.0484996 secs] 38493024K->30627119K(65798144K), 0.0487997 secs] [Times: user=0.94 sys=0.00, real=0.05 secs] 
2023-10-23T10:55:21.053+0800: 407063.334: [GC (Allocation Failure) 2023-10-23T10:55:21.053+0800: 407063.334: [ParNew: 7910115K->47239K(9175040K), 0.0630219 secs] 38491439K->30629918K(65798144K), 0.0633645 secs] [Times: user=0.56 sys=0.51, real=0.07 secs] 
2023-10-23T10:55:27.537+0800: 407069.819: [GC (Allocation Failure) 2023-10-23T10:55:27.537+0800: 407069.819: [ParNew: 7911559K->52191K(9175040K), 0.0491491 secs] 38494238K->30636114K(65798144K), 0.0494493 secs] [Times: user=0.94 sys=0.00, real=0.05 secs] 
2023-10-23T10:55:33.106+0800: 407075.387: [GC (Allocation Failure) 2023-10-23T10:55:33.106+0800: 407075.387: [ParNew: 7916511K->51406K(9175040K), 0.0511244 secs] 38500434K->30637215K(65798144K), 0.0514171 secs] [Times: user=0.38 sys=0.46, real=0.06 secs] 
2023-10-23T10:55:39.556+0800: 407081.837: [GC (Allocation Failure) 2023-10-23T10:55:39.556+0800: 407081.837: [ParNew: 7915726K->49347K(9175040K), 0.0519701 secs] 38501535K->30636287K(65798144K), 0.0522960 secs] [Times: user=0.33 sys=0.53, real=0.05 secs] 
2023-10-23T10:55:46.321+0800: 407088.602: [GC (Allocation Failure) 2023-10-23T10:55:46.321+0800: 407088.602: [ParNew: 7913667K->53746K(9175040K), 0.0471447 secs] 38500607K->30641345K(65798144K), 0.0474794 secs] [Times: user=0.46 sys=0.33, real=0.05 secs] 
2023-10-23T10:55:53.718+0800: 407095.999: [GC (Allocation Failure) 2023-10-23T10:55:53.718+0800: 407095.999: [ParNew: 7918066K->58422K(9175040K), 0.1053556 secs] 38505665K->30646867K(65798144K), 0.1056539 secs] [Times: user=0.65 sys=1.16, real=0.10 secs] 
2023-10-23T10:55:59.682+0800: 407101.964: [GC (Allocation Failure) 2023-10-23T10:55:59.683+0800: 407101.964: [ParNew: 7922742K->59847K(9175040K), 0.0511957 secs] 38511187K->30649597K(65798144K), 0.0514812 secs] [Times: user=1.06 sys=0.00, real=0.05 secs] 
2023-10-23T10:56:05.690+0800: 407107.972: [GC (Allocation Failure) 2023-10-23T10:56:05.690+0800: 407107.972: [ParNew: 7924167K->66672K(9175040K), 0.0505462 secs] 38513917K->30657678K(65798144K), 0.0508658 secs] [Times: user=0.97 sys=0.00, real=0.05 secs] 
2023-10-23T10:56:11.520+0800: 407113.801: [GC (Allocation Failure) 2023-10-23T10:56:11.520+0800: 407113.802: [ParNew: 7930992K->70451K(9175040K), 0.0496442 secs] 38521998K->30662565K(65798144K), 0.0499348 secs] [Times: user=0.95 sys=0.00, real=0.05 secs] 
2023-10-23T10:56:17.810+0800: 407120.091: [GC (Allocation Failure) 2023-10-23T10:56:17.810+0800: 407120.091: [ParNew: 7934771K->54057K(9175040K), 0.0477853 secs] 38526885K->30648763K(65798144K), 0.0480873 secs] [Times: user=0.94 sys=0.00, real=0.05 secs] 
2023-10-23T10:56:24.726+0800: 407127.007: [GC (Allocation Failure) 2023-10-23T10:56:24.726+0800: 407127.007: [ParNew: 7918377K->63910K(9175040K), 0.0484354 secs] 38513083K->30660507K(65798144K), 0.0487505 secs] [Times: user=0.32 sys=0.48, real=0.04 secs] 
2023-10-23T10:56:32.099+0800: 407134.380: [GC (Allocation Failure) 2023-10-23T10:56:32.099+0800: 407134.380: [ParNew: 7928230K->55739K(9175040K), 0.0437392 secs] 38524827K->30654916K(65798144K), 0.0440811 secs] [Times: user=0.40 sys=0.32, real=0.04 secs] 
2023-10-23T10:56:37.992+0800: 407140.273: [GC (Allocation Failure) 2023-10-23T10:56:37.992+0800: 407140.273: [ParNew: 7920059K->60737K(9175040K), 0.1027859 secs] 38519236K->30662538K(65798144K), 0.1030934 secs] [Times: user=0.58 sys=1.19, real=0.10 secs] 
2023-10-23T10:56:43.984+0800: 407146.265: [GC (Allocation Failure) 2023-10-23T10:56:43.984+0800: 407146.265: [ParNew: 7925057K->55942K(9175040K), 0.0379837 secs] 38526858K->30659749K(65798144K), 0.0382915 secs] [Times: user=1.04 sys=0.00, real=0.04 secs] 
2023-10-23T10:56:49.913+0800: 407152.194: [GC (Allocation Failure) 2023-10-23T10:56:49.913+0800: 407152.194: [ParNew: 7920262K->66187K(9175040K), 0.0499286 secs] 38524069K->30671869K(65798144K), 0.0502247 secs] [Times: user=0.39 sys=0.44, real=0.05 secs] 
2023-10-23T10:56:56.369+0800: 407158.651: [GC (Allocation Failure) 2023-10-23T10:56:56.369+0800: 407158.651: [ParNew: 7930507K->68218K(9175040K), 0.0511869 secs] 38536189K->30674447K(65798144K), 0.0515068 secs] [Times: user=0.96 sys=0.00, real=0.05 secs] 
2023-10-23T11:01:59.829+0800: 407462.110: [GC (Allocation Failure) 2023-10-23T11:01:59.829+0800: 407462.110: [ParNew: 7932538K->86797K(9175040K), 0.1705219 secs] 38538767K->30693152K(65798144K), 0.1708013 secs] [Times: user=0.17 sys=2.76, real=0.17 secs] 
2023-10-23T11:05:39.255+0800: 407681.536: [GC (Allocation Failure) 2023-10-23T11:05:39.255+0800: 407681.536: [ParNew: 7951117K->112616K(9175040K), 0.2069547 secs] 38557472K->30719057K(65798144K), 0.2073013 secs] [Times: user=0.72 sys=2.87, real=0.21 secs] 
2023-10-23T11:07:14.764+0800: 407777.046: [GC (Allocation Failure) 2023-10-23T11:07:14.765+0800: 407777.046: [ParNew: 7976936K->118220K(9175040K), 0.1185818 secs] 38583377K->30724745K(65798144K), 0.1188801 secs] [Times: user=0.47 sys=1.58, real=0.12 secs] 
2023-10-23T11:08:42.045+0800: 407864.326: [GC (Allocation Failure) 2023-10-23T11:08:42.045+0800: 407864.326: [ParNew: 7982540K->115724K(9175040K), 0.1658713 secs] 38589065K->30722496K(65798144K), 0.1661537 secs] [Times: user=0.72 sys=2.16, real=0.17 secs] 
2023-10-23T11:10:03.373+0800: 407945.655: [GC (Allocation Failure) 2023-10-23T11:10:03.373+0800: 407945.655: [ParNew: 7980044K->141850K(9175040K), 0.1439902 secs] 38586816K->30749118K(65798144K), 0.1442551 secs] [Times: user=0.26 sys=2.24, real=0.15 secs] 
2023-10-23T11:11:16.771+0800: 408019.052: [GC (Allocation Failure) 2023-10-23T11:11:16.771+0800: 408019.052: [ParNew: 8006170K->156772K(9175040K), 0.1466323 secs] 38613438K->30764857K(65798144K), 0.1469129 secs] [Times: user=0.32 sys=2.23, real=0.15 secs] 
2023-10-23T11:12:36.764+0800: 408099.045: [GC (Allocation Failure) 2023-10-23T11:12:36.764+0800: 408099.046: [ParNew: 8021092K->133785K(9175040K), 0.1029846 secs] 38629177K->30742554K(65798144K), 0.1032566 secs] [Times: user=0.54 sys=1.23, real=0.11 secs] 
2023-10-23T11:13:51.237+0800: 408173.518: [GC (Allocation Failure) 2023-10-23T11:13:51.237+0800: 408173.518: [ParNew: 7998105K->144162K(9175040K), 0.1486558 secs] 38606874K->30753409K(65798144K), 0.1489267 secs] [Times: user=0.21 sys=2.37, real=0.15 secs] 
2023-10-23T11:14:59.266+0800: 408241.548: [GC (Allocation Failure) 2023-10-23T11:14:59.267+0800: 408241.548: [ParNew: 8008482K->159772K(9175040K), 0.1288790 secs] 38617729K->30769319K(65798144K), 0.1291484 secs] [Times: user=0.43 sys=1.80, real=0.13 secs] 
2023-10-23T11:16:03.950+0800: 408306.231: [GC (Allocation Failure) 2023-10-23T11:16:03.950+0800: 408306.232: [ParNew: 8024092K->136393K(9175040K), 0.0991031 secs] 38633639K->30746056K(65798144K), 0.0993608 secs] [Times: user=0.01 sys=1.45, real=0.10 secs] 
2023-10-23T11:19:35.881+0800: 408518.163: [GC (Allocation Failure) 2023-10-23T11:19:35.882+0800: 408518.163: [ParNew: 8000713K->149837K(9175040K), 0.1764383 secs] 38610376K->30759602K(65798144K), 0.1767484 secs] [Times: user=0.16 sys=2.89, real=0.18 secs] 
2023-10-23T11:25:51.563+0800: 408893.844: [GC (Allocation Failure) 2023-10-23T11:25:51.563+0800: 408893.844: [ParNew: 8014157K->145530K(9175040K), 0.1767303 secs] 38623922K->30755580K(65798144K), 0.1770131 secs] [Times: user=0.09 sys=2.94, real=0.18 secs] 
2023-10-23T11:37:29.243+0800: 409591.524: [GC (Allocation Failure) 2023-10-23T11:37:29.243+0800: 409591.524: [ParNew: 8009850K->117944K(9175040K), 0.1686674 secs] 38619900K->30728164K(65798144K), 0.1689367 secs] [Times: user=0.06 sys=2.87, real=0.17 secs] 
2023-10-23T11:37:50.811+0800: 409613.092: [GC (Allocation Failure) 2023-10-23T11:37:50.811+0800: 409613.092: [ParNew: 7982264K->110608K(9175040K), 0.1024569 secs] 38592484K->30721029K(65798144K), 0.1027134 secs] [Times: user=0.55 sys=1.22, real=0.10 secs] 
2023-10-23T11:38:12.483+0800: 409634.765: [GC (Allocation Failure) 2023-10-23T11:38:12.484+0800: 409634.765: [ParNew: 7974928K->112411K(9175040K), 0.0616596 secs] 38585349K->30722987K(65798144K), 0.0619139 secs] [Times: user=0.20 sys=0.85, real=0.06 secs] 
2023-10-23T11:38:30.858+0800: 409653.139: [GC (Allocation Failure) 2023-10-23T11:38:30.858+0800: 409653.139: [ParNew: 7976731K->106665K(9175040K), 0.0627829 secs] 38587307K->30723127K(65798144K), 0.0630225 secs] [Times: user=0.23 sys=0.80, real=0.06 secs] 
2023-10-23T11:38:47.169+0800: 409669.450: [GC (Allocation Failure) 2023-10-23T11:38:47.169+0800: 409669.450: [ParNew: 7970985K->102497K(9175040K), 0.0518849 secs] 38587447K->30724616K(65798144K), 0.0521441 secs] [Times: user=1.00 sys=0.00, real=0.05 secs] 
2023-10-23T11:39:02.651+0800: 409684.932: [GC (Allocation Failure) 2023-10-23T11:39:02.651+0800: 409684.933: [ParNew: 7966817K->106196K(9175040K), 0.0981461 secs] 38588936K->30730013K(65798144K), 0.0984372 secs] [Times: user=0.57 sys=1.12, real=0.10 secs] 
2023-10-23T11:39:17.223+0800: 409699.505: [GC (Allocation Failure) 2023-10-23T11:39:17.224+0800: 409699.505: [ParNew: 7970516K->105056K(9175040K), 0.0536098 secs] 38594333K->30731800K(65798144K), 0.0539038 secs] [Times: user=0.88 sys=0.02, real=0.06 secs] 
2023-10-23T11:39:31.364+0800: 409713.646: [GC (Allocation Failure) 2023-10-23T11:39:31.365+0800: 409713.646: [ParNew: 7969376K->104176K(9175040K), 0.0552526 secs] 38596120K->30732723K(65798144K), 0.0555430 secs] [Times: user=0.85 sys=0.09, real=0.06 secs] 
2023-10-23T11:39:44.572+0800: 409726.853: [GC (Allocation Failure) 2023-10-23T11:39:44.572+0800: 409726.853: [ParNew: 7968496K->95059K(9175040K), 0.0571190 secs] 38597043K->30726199K(65798144K), 0.0573979 secs] [Times: user=0.81 sys=0.15, real=0.06 secs] 
2023-10-23T11:39:58.249+0800: 409740.530: [GC (Allocation Failure) 2023-10-23T11:39:58.249+0800: 409740.530: [ParNew: 7959379K->94021K(9175040K), 0.0991246 secs] 38590519K->30726640K(65798144K), 0.0994184 secs] [Times: user=0.58 sys=1.14, real=0.10 secs] 
2023-10-23T11:40:17.254+0800: 409759.535: [GC (Allocation Failure) 2023-10-23T11:40:17.254+0800: 409759.535: [ParNew: 7958341K->90216K(9175040K), 0.0507684 secs] 38590960K->30724427K(65798144K), 0.0510431 secs] [Times: user=0.95 sys=0.00, real=0.05 secs] 
2023-10-23T11:40:36.665+0800: 409778.946: [GC (Allocation Failure) 2023-10-23T11:40:36.665+0800: 409778.946: [ParNew: 7954536K->105503K(9175040K), 0.0668699 secs] 38588747K->30741140K(65798144K), 0.0671582 secs] [Times: user=0.82 sys=0.32, real=0.07 secs] 
2023-10-23T11:40:51.711+0800: 409793.992: [GC (Allocation Failure) 2023-10-23T11:40:51.711+0800: 409793.992: [ParNew: 7969823K->93800K(9175040K), 0.0654305 secs] 38605460K->30730987K(65798144K), 0.0657155 secs] [Times: user=0.88 sys=0.23, real=0.07 secs] 
2023-10-23T11:41:03.719+0800: 409806.000: [GC (Allocation Failure) 2023-10-23T11:41:03.719+0800: 409806.001: [ParNew: 7958120K->97665K(9175040K), 0.0471943 secs] 38595307K->30740126K(65798144K), 0.0475051 secs] [Times: user=0.40 sys=0.36, real=0.05 secs] 
2023-10-23T11:41:16.547+0800: 409818.828: [GC (Allocation Failure) 2023-10-23T11:41:16.547+0800: 409818.828: [ParNew: 7961985K->65095K(9175040K), 0.1832038 secs] 38604446K->30741341K(65798144K), 0.1835034 secs] [Times: user=0.03 sys=3.06, real=0.18 secs] 
2023-10-23T11:41:27.731+0800: 409830.012: [GC (Allocation Failure) 2023-10-23T11:41:27.731+0800: 409830.012: [ParNew: 7929415K->20384K(9175040K), 0.0580937 secs] 38605661K->30707327K(65798144K), 0.0583763 secs] [Times: user=0.92 sys=0.04, real=0.06 secs] 
2023-10-23T11:41:39.554+0800: 409841.835: [GC (Allocation Failure) 2023-10-23T11:41:39.554+0800: 409841.835: [ParNew: 7884704K->13216K(9175040K), 0.0532557 secs] 38571647K->30700186K(65798144K), 0.0535290 secs] [Times: user=0.20 sys=0.70, real=0.06 secs] 
2023-10-23T11:41:51.270+0800: 409853.551: [GC (Allocation Failure) 2023-10-23T11:41:51.270+0800: 409853.551: [ParNew: 7877536K->16187K(9175040K), 0.0565966 secs] 38564506K->30703335K(65798144K), 0.0568722 secs] [Times: user=0.21 sys=0.75, real=0.06 secs] 
2023-10-23T11:42:02.586+0800: 409864.868: [GC (Allocation Failure) 2023-10-23T11:42:02.587+0800: 409864.868: [ParNew: 7880507K->19817K(9175040K), 0.0439578 secs] 38567655K->30706979K(65798144K), 0.0442348 secs] [Times: user=0.30 sys=0.43, real=0.04 secs] 
2023-10-23T11:42:17.486+0800: 409879.767: [GC (Allocation Failure) 2023-10-23T11:42:17.486+0800: 409879.768: [ParNew: 7884137K->18455K(9175040K), 0.1028972 secs] 38571299K->30705618K(65798144K), 0.1031808 secs] [Times: user=0.00 sys=1.80, real=0.10 secs] 
2023-10-23T11:42:33.772+0800: 409896.053: [GC (Allocation Failure) 2023-10-23T11:42:33.772+0800: 409896.053: [ParNew: 7882775K->15532K(9175040K), 0.0570385 secs] 38569938K->30702697K(65798144K), 0.0573171 secs] [Times: user=0.26 sys=0.71, real=0.06 secs] 
2023-10-23T11:42:48.926+0800: 409911.207: [GC (Allocation Failure) 2023-10-23T11:42:48.926+0800: 409911.207: [ParNew: 7879852K->19429K(9175040K), 0.0588276 secs] 38567017K->30706595K(65798144K), 0.0591095 secs] [Times: user=0.24 sys=0.75, real=0.06 secs] 
2023-10-23T11:43:01.435+0800: 409923.716: [GC (Allocation Failure) 2023-10-23T11:43:01.435+0800: 409923.716: [ParNew: 7883749K->23779K(9175040K), 0.0573554 secs] 38570915K->30710947K(65798144K), 0.0576258 secs] [Times: user=0.92 sys=0.06, real=0.06 secs] 
2023-10-23T11:43:16.655+0800: 409938.936: [GC (Allocation Failure) 2023-10-23T11:43:16.655+0800: 409938.937: [ParNew: 7888099K->23272K(9175040K), 0.1090688 secs] 38575267K->30710442K(65798144K), 0.1093490 secs] [Times: user=0.62 sys=0.88, real=0.11 secs] 
2023-10-23T11:43:32.712+0800: 409954.993: [GC (Allocation Failure) 2023-10-23T11:43:32.712+0800: 409954.993: [ParNew: 7887592K->21231K(9175040K), 0.0479597 secs] 38574762K->30708424K(65798144K), 0.0482364 secs] [Times: user=0.36 sys=0.44, real=0.05 secs] 
2023-10-23T11:43:48.414+0800: 409970.695: [GC (Allocation Failure) 2023-10-23T11:43:48.414+0800: 409970.696: [ParNew: 7885551K->25340K(9175040K), 0.0657326 secs] 38572744K->30712535K(65798144K), 0.0659999 secs] [Times: user=0.95 sys=0.17, real=0.07 secs] 
2023-10-23T11:44:09.464+0800: 409991.745: [GC (Allocation Failure) 2023-10-23T11:44:09.464+0800: 409991.745: [ParNew: 7889660K->26451K(9175040K), 0.0772991 secs] 38576855K->30713677K(65798144K), 0.0775674 secs] [Times: user=0.93 sys=0.39, real=0.08 secs] 
2023-10-23T11:45:56.357+0800: 410098.638: [GC (Allocation Failure) 2023-10-23T11:45:56.357+0800: 410098.639: [ParNew: 7890771K->26754K(9175040K), 0.1262083 secs] 38577997K->30713989K(65798144K), 0.1265612 secs] [Times: user=0.57 sys=1.64, real=0.12 secs] 
2023-10-23T11:46:27.729+0800: 410130.010: [GC (Allocation Failure) 2023-10-23T11:46:27.729+0800: 410130.010: [ParNew: 7891074K->19702K(9175040K), 0.0637619 secs] 38578309K->30706950K(65798144K), 0.0640091 secs] [Times: user=0.10 sys=0.99, real=0.06 secs] 
2023-10-23T11:46:54.240+0800: 410156.521: [GC (Allocation Failure) 2023-10-23T11:46:54.240+0800: 410156.521: [ParNew: 7884022K->15196K(9175040K), 0.0664904 secs] 38571270K->30702445K(65798144K), 0.0667267 secs] [Times: user=0.67 sys=0.47, real=0.07 secs] 
2023-10-23T11:47:19.211+0800: 410181.492: [GC (Allocation Failure) 2023-10-23T11:47:19.211+0800: 410181.492: [ParNew: 7879516K->19479K(9175040K), 0.1085420 secs] 38566765K->30706730K(65798144K), 0.1088045 secs] [Times: user=0.42 sys=1.47, real=0.11 secs] 
2023-10-23T11:47:42.944+0800: 410205.225: [GC (Allocation Failure) 2023-10-23T11:47:42.944+0800: 410205.226: [ParNew: 7883799K->24110K(9175040K), 0.0545913 secs] 38571050K->30711363K(65798144K), 0.0548446 secs] [Times: user=0.23 sys=0.68, real=0.06 secs] 
2023-10-23T11:48:05.745+0800: 410228.026: [GC (Allocation Failure) 2023-10-23T11:48:05.745+0800: 410228.026: [ParNew: 7888430K->32801K(9175040K), 0.0654677 secs] 38575683K->30720058K(65798144K), 0.0657175 secs] [Times: user=0.16 sys=0.95, real=0.07 secs] 
2023-10-23T11:48:28.762+0800: 410251.043: [GC (Allocation Failure) 2023-10-23T11:48:28.762+0800: 410251.043: [ParNew: 7897121K->36489K(9175040K), 0.0641098 secs] 38584378K->30723748K(65798144K), 0.0643810 secs] [Times: user=0.23 sys=0.86, real=0.07 secs] 
2023-10-23T11:48:51.227+0800: 410273.508: [GC (Allocation Failure) 2023-10-23T11:48:51.227+0800: 410273.508: [ParNew: 7900809K->42490K(9175040K), 0.1114425 secs] 38588068K->30729753K(65798144K), 0.1116894 secs] [Times: user=0.59 sys=1.35, real=0.11 secs] 
2023-10-23T11:49:14.037+0800: 410296.319: [GC (Allocation Failure) 2023-10-23T11:49:14.037+0800: 410296.319: [ParNew: 7906810K->43461K(9175040K), 0.0727295 secs] 38594073K->30730733K(65798144K), 0.0729747 secs] [Times: user=0.21 sys=1.04, real=0.07 secs] 
2023-10-23T11:49:36.968+0800: 410319.249: [GC (Allocation Failure) 2023-10-23T11:49:36.968+0800: 410319.249: [ParNew: 7907781K->47726K(9175040K), 0.0708575 secs] 38595053K->30735002K(65798144K), 0.0711076 secs] [Times: user=0.81 sys=0.41, real=0.07 secs] 
2023-10-23T11:49:59.456+0800: 410341.738: [GC (Allocation Failure) 2023-10-23T11:49:59.456+0800: 410341.738: [ParNew: 7912046K->51815K(9175040K), 0.1106372 secs] 38599322K->30739092K(65798144K), 0.1109125 secs] [Times: user=0.64 sys=1.29, real=0.11 secs] 
2023-10-23T11:50:22.561+0800: 410364.842: [GC (Allocation Failure) 2023-10-23T11:50:22.561+0800: 410364.842: [ParNew: 7916135K->53876K(9175040K), 0.0681274 secs] 38603412K->30741156K(65798144K), 0.0684214 secs] [Times: user=0.90 sys=0.26, real=0.07 secs] 
2023-10-23T11:50:45.201+0800: 410387.483: [GC (Allocation Failure) 2023-10-23T11:50:45.201+0800: 410387.483: [ParNew: 7918196K->56136K(9175040K), 0.0760817 secs] 38605476K->30743418K(65798144K), 0.0763365 secs] [Times: user=0.35 sys=0.96, real=0.08 secs] 
2023-10-23T11:51:08.273+0800: 410410.555: [GC (Allocation Failure) 2023-10-23T11:51:08.274+0800: 410410.555: [ParNew: 7920456K->49672K(9175040K), 0.0492950 secs] 38607738K->30736957K(65798144K), 0.0495503 secs] [Times: user=0.23 sys=0.60, real=0.05 secs] 
2023-10-23T11:51:31.877+0800: 410434.159: [GC (Allocation Failure) 2023-10-23T11:51:31.878+0800: 410434.159: [ParNew: 7913992K->41979K(9175040K), 0.1092152 secs] 38601277K->30729266K(65798144K), 0.1094646 secs] [Times: user=0.42 sys=1.47, real=0.11 secs] 
2023-10-23T11:51:55.139+0800: 410457.421: [GC (Allocation Failure) 2023-10-23T11:51:55.139+0800: 410457.421: [ParNew: 7906299K->45582K(9175040K), 0.0618627 secs] 38593586K->30734760K(65798144K), 0.0621186 secs] [Times: user=0.17 sys=0.86, real=0.06 secs] 
2023-10-23T11:52:18.629+0800: 410480.910: [GC (Allocation Failure) 2023-10-23T11:52:18.629+0800: 410480.911: [ParNew: 7909902K->52657K(9175040K), 0.0614684 secs] 38599080K->30742860K(65798144K), 0.0617590 secs] [Times: user=0.81 sys=0.23, real=0.06 secs] 
2023-10-23T11:52:42.531+0800: 410504.812: [GC (Allocation Failure) 2023-10-23T11:52:42.531+0800: 410504.812: [ParNew: 7916977K->57778K(9175040K), 0.1078850 secs] 38607180K->30748104K(65798144K), 0.1081820 secs] [Times: user=0.46 sys=1.42, real=0.11 secs] 
2023-10-23T11:53:06.589+0800: 410528.871: [GC (Allocation Failure) 2023-10-23T11:53:06.590+0800: 410528.871: [ParNew: 7922098K->51455K(9175040K), 0.0568500 secs] 38612424K->30742835K(65798144K), 0.0570888 secs] [Times: user=0.26 sys=0.70, real=0.06 secs] 
2023-10-23T11:53:30.336+0800: 410552.617: [GC (Allocation Failure) 2023-10-23T11:53:30.336+0800: 410552.617: [ParNew: 7915775K->51684K(9175040K), 0.0679621 secs] 38607155K->30745426K(65798144K), 0.0682183 secs] [Times: user=0.20 sys=0.96, real=0.06 secs] 
2023-10-23T11:53:53.586+0800: 410575.868: [GC (Allocation Failure) 2023-10-23T11:53:53.587+0800: 410575.868: [ParNew: 7916004K->54357K(9175040K), 0.0601766 secs] 38609746K->30749798K(65798144K), 0.0604416 secs] [Times: user=0.25 sys=0.76, real=0.06 secs] 
2023-10-23T11:54:15.800+0800: 410598.081: [GC (Allocation Failure) 2023-10-23T11:54:15.800+0800: 410598.082: [ParNew: 7918677K->61026K(9175040K), 0.1179913 secs] 38614118K->30757958K(65798144K), 0.1182545 secs] [Times: user=0.52 sys=1.52, real=0.12 secs] 
2023-10-23T11:54:38.813+0800: 410621.094: [GC (Allocation Failure) 2023-10-23T11:54:38.813+0800: 410621.095: [ParNew: 7925346K->59096K(9175040K), 0.0778759 secs] 38622278K->30757859K(65798144K), 0.0781420 secs] [Times: user=0.80 sys=0.53, real=0.08 secs] 
2023-10-23T11:55:02.334+0800: 410644.615: [GC (Allocation Failure) 2023-10-23T11:55:02.334+0800: 410644.615: [ParNew: 7923416K->65300K(9175040K), 0.0669968 secs] 38622179K->30765403K(65798144K), 0.0672413 secs] [Times: user=0.26 sys=0.88, real=0.07 secs] 
2023-10-23T11:55:25.569+0800: 410667.850: [GC (Allocation Failure) 2023-10-23T11:55:25.569+0800: 410667.850: [ParNew: 7929620K->67529K(9175040K), 0.1199822 secs] 38629723K->30768198K(65798144K), 0.1202468 secs] [Times: user=0.51 sys=1.58, real=0.12 secs] 
2023-10-23T11:55:47.460+0800: 410689.741: [GC (Allocation Failure) 2023-10-23T11:55:47.460+0800: 410689.741: [ParNew: 7931849K->73780K(9175040K), 0.0769415 secs] 38632518K->30774965K(65798144K), 0.0772273 secs] [Times: user=0.82 sys=0.49, real=0.08 secs] 
2023-10-23T11:56:09.297+0800: 410711.578: [GC (Allocation Failure) 2023-10-23T11:56:09.297+0800: 410711.578: [ParNew: 7938100K->65172K(9175040K), 0.0595205 secs] 38639285K->30766360K(65798144K), 0.0598076 secs] [Times: user=0.78 sys=0.23, real=0.06 secs] 
2023-10-23T11:56:31.570+0800: 410733.852: [GC (Allocation Failure) 2023-10-23T11:56:31.571+0800: 410733.852: [ParNew: 7929492K->59667K(9175040K), 0.1125384 secs] 38630680K->30762175K(65798144K), 0.1127993 secs] [Times: user=0.46 sys=1.50, real=0.11 secs] 
2023-10-23T11:56:54.195+0800: 410756.477: [GC (Allocation Failure) 2023-10-23T11:56:54.195+0800: 410756.477: [ParNew: 7923987K->66890K(9175040K), 0.0622569 secs] 38626495K->30770113K(65798144K), 0.0625378 secs] [Times: user=0.77 sys=0.29, real=0.07 secs] 
2023-10-23T11:57:16.662+0800: 410778.944: [GC (Allocation Failure) 2023-10-23T11:57:16.662+0800: 410778.944: [ParNew: 7931210K->61178K(9175040K), 0.0672280 secs] 38634433K->30765263K(65798144K), 0.0674910 secs] [Times: user=0.79 sys=0.35, real=0.07 secs] 
2023-10-23T11:57:39.269+0800: 410801.550: [GC (Allocation Failure) 2023-10-23T11:57:39.269+0800: 410801.550: [ParNew: 7925498K->61140K(9175040K), 0.1085332 secs] 38629583K->30767258K(65798144K), 0.1088323 secs] [Times: user=0.56 sys=1.31, real=0.11 secs] 
2023-10-23T11:58:00.849+0800: 410823.131: [GC (Allocation Failure) 2023-10-23T11:58:00.850+0800: 410823.131: [ParNew: 7925460K->60840K(9175040K), 0.0647592 secs] 38631578K->30769001K(65798144K), 0.0650163 secs] [Times: user=0.86 sys=0.24, real=0.06 secs] 
2023-10-23T11:58:22.462+0800: 410844.744: [GC (Allocation Failure) 2023-10-23T11:58:22.463+0800: 410844.744: [ParNew: 7925160K->71569K(9175040K), 0.0700944 secs] 38633321K->30780961K(65798144K), 0.0703568 secs] [Times: user=0.19 sys=1.00, real=0.08 secs] 
2023-10-23T11:58:45.233+0800: 410867.514: [GC (Allocation Failure) 2023-10-23T11:58:45.233+0800: 410867.514: [ParNew: 7935889K->77779K(9175040K), 0.1137920 secs] 38645281K->30787268K(65798144K), 0.1140440 secs] [Times: user=0.54 sys=1.45, real=0.12 secs] 
2023-10-23T11:59:08.082+0800: 410890.363: [GC (Allocation Failure) 2023-10-23T11:59:08.082+0800: 410890.363: [ParNew: 7942099K->61706K(9175040K), 0.0571989 secs] 38651588K->30771718K(65798144K), 0.0574554 secs] [Times: user=0.33 sys=0.64, real=0.06 secs] 
2023-10-23T11:59:43.686+0800: 410925.967: [GC (Allocation Failure) 2023-10-23T11:59:43.686+0800: 410925.967: [ParNew: 7926026K->75093K(9175040K), 0.0831416 secs] 38636038K->30787675K(65798144K), 0.0834291 secs] [Times: user=0.20 sys=1.09, real=0.08 secs] 
2023-10-23T12:00:05.960+0800: 410948.241: [GC (Allocation Failure) 2023-10-23T12:00:05.960+0800: 410948.241: [ParNew: 7939413K->75694K(9175040K), 0.1174155 secs] 38651995K->30791707K(65798144K), 0.1177109 secs] [Times: user=0.53 sys=1.51, real=0.12 secs] 
2023-10-23T12:00:28.584+0800: 410970.865: [GC (Allocation Failure) 2023-10-23T12:00:28.584+0800: 410970.865: [ParNew: 7940014K->68863K(9175040K), 0.0615047 secs] 38656027K->30786785K(65798144K), 0.0617543 secs] [Times: user=0.34 sys=0.69, real=0.06 secs] 
2023-10-23T12:00:51.402+0800: 410993.684: [GC (Allocation Failure) 2023-10-23T12:00:51.402+0800: 410993.684: [ParNew: 7933183K->73642K(9175040K), 0.0750008 secs] 38651105K->30792129K(65798144K), 0.0752709 secs] [Times: user=0.92 sys=0.37, real=0.08 secs] 
2023-10-23T12:01:14.254+0800: 411016.535: [GC (Allocation Failure) 2023-10-23T12:01:14.254+0800: 411016.535: [ParNew: 7937962K->60733K(9175040K), 0.0558994 secs] 38656449K->30780260K(65798144K), 0.0561996 secs] [Times: user=0.18 sys=0.74, real=0.06 secs] 
2023-10-23T12:01:36.967+0800: 411039.248: [GC (Allocation Failure) 2023-10-23T12:01:36.967+0800: 411039.248: [ParNew: 7925053K->44740K(9175040K), 0.1110765 secs] 38644580K->30767821K(65798144K), 0.1114110 secs] [Times: user=0.56 sys=1.33, real=0.11 secs] 
2023-10-23T12:01:59.978+0800: 411062.260: [GC (Allocation Failure) 2023-10-23T12:01:59.979+0800: 411062.260: [ParNew: 7909060K->51875K(9175040K), 0.0669074 secs] 38632141K->30777524K(65798144K), 0.0672311 secs] [Times: user=0.18 sys=0.93, real=0.07 secs] 
2023-10-23T12:02:23.556+0800: 411085.837: [GC (Allocation Failure) 2023-10-23T12:02:23.556+0800: 411085.837: [ParNew: 7916195K->48760K(9175040K), 0.0641891 secs] 38641844K->30774979K(65798144K), 0.0644604 secs] [Times: user=0.19 sys=0.88, real=0.06 secs] 
2023-10-23T12:02:46.711+0800: 411108.993: [GC (Allocation Failure) 2023-10-23T12:02:46.712+0800: 411108.993: [ParNew: 7913080K->52149K(9175040K), 0.1111405 secs] 38639299K->30778618K(65798144K), 0.1115107 secs] [Times: user=0.47 sys=1.44, real=0.11 secs] 
2023-10-23T12:03:08.793+0800: 411131.074: [GC (Allocation Failure) 2023-10-23T12:03:08.793+0800: 411131.074: [ParNew: 7916469K->52804K(9175040K), 0.0591968 secs] 38642938K->30780037K(65798144K), 0.0594750 secs] [Times: user=0.91 sys=0.15, real=0.06 secs] 
2023-10-23T12:03:30.962+0800: 411153.244: [GC (Allocation Failure) 2023-10-23T12:03:30.962+0800: 411153.244: [ParNew: 7917124K->63244K(9175040K), 0.0761870 secs] 38644357K->30791191K(65798144K), 0.0764361 secs] [Times: user=0.79 sys=0.52, real=0.08 secs] 
2023-10-23T12:03:53.289+0800: 411175.571: [GC (Allocation Failure) 2023-10-23T12:03:53.289+0800: 411175.571: [ParNew: 7927564K->70629K(9175040K), 0.0548413 secs] 38655511K->30800505K(65798144K), 0.0550901 secs] [Times: user=0.90 sys=0.01, real=0.05 secs] 
2023-10-23T12:04:16.742+0800: 411199.023: [GC (Allocation Failure) 2023-10-23T12:04:16.742+0800: 411199.023: [ParNew: 7934949K->72973K(9175040K), 0.1199248 secs] 38664825K->30805273K(65798144K), 0.1201881 secs] [Times: user=0.50 sys=1.60, real=0.12 secs] 
2023-10-23T12:04:39.516+0800: 411221.797: [GC (Allocation Failure) 2023-10-23T12:04:39.516+0800: 411221.797: [ParNew: 7937293K->67364K(9175040K), 0.0671642 secs] 38669593K->30800294K(65798144K), 0.0674161 secs] [Times: user=0.24 sys=0.90, real=0.06 secs] 
2023-10-23T12:05:02.572+0800: 411244.854: [GC (Allocation Failure) 2023-10-23T12:05:02.573+0800: 411244.854: [ParNew: 7931684K->73931K(9175040K), 0.0705221 secs] 38664614K->30806874K(65798144K), 0.0708369 secs] [Times: user=0.91 sys=0.27, real=0.07 secs] 
2023-10-23T12:05:24.663+0800: 411266.945: [GC (Allocation Failure) 2023-10-23T12:05:24.664+0800: 411266.945: [ParNew: 7938251K->70555K(9175040K), 0.1137412 secs] 38671194K->30806638K(65798144K), 0.1140701 secs] [Times: user=0.60 sys=1.33, real=0.12 secs] 
2023-10-23T12:05:46.547+0800: 411288.829: [GC (Allocation Failure) 2023-10-23T12:05:46.547+0800: 411288.829: [ParNew: 7934875K->83318K(9175040K), 0.0771016 secs] 38670958K->30821182K(65798144K), 0.0774016 secs] [Times: user=0.89 sys=0.40, real=0.07 secs] 
2023-10-23T12:06:09.075+0800: 411311.356: [GC (Allocation Failure) 2023-10-23T12:06:09.075+0800: 411311.356: [ParNew: 7947638K->70748K(9175040K), 0.0694281 secs] 38685502K->30809638K(65798144K), 0.0697296 secs] [Times: user=0.74 sys=0.43, real=0.07 secs] 
2023-10-23T12:06:31.411+0800: 411333.692: [GC (Allocation Failure) 2023-10-23T12:06:31.411+0800: 411333.692: [ParNew: 7935068K->67921K(9175040K), 0.1069543 secs] 38673958K->30807134K(65798144K), 0.1072555 secs] [Times: user=0.49 sys=1.35, real=0.11 secs] 
2023-10-23T12:06:54.318+0800: 411356.599: [GC (Allocation Failure) 2023-10-23T12:06:54.318+0800: 411356.599: [ParNew: 7932241K->63206K(9175040K), 0.0615092 secs] 38671454K->30803200K(65798144K), 0.0618053 secs] [Times: user=0.87 sys=0.14, real=0.06 secs] 
2023-10-23T12:07:17.389+0800: 411379.670: [GC (Allocation Failure) 2023-10-23T12:07:17.389+0800: 411379.670: [ParNew: 7927526K->64332K(9175040K), 0.0689943 secs] 38667520K->30805392K(65798144K), 0.0692718 secs] [Times: user=0.80 sys=0.36, real=0.07 secs] 
2023-10-23T12:07:39.786+0800: 411402.068: [GC (Allocation Failure) 2023-10-23T12:07:39.786+0800: 411402.068: [ParNew: 7928652K->58010K(9175040K), 0.0573976 secs] 38669712K->30799515K(65798144K), 0.0577117 secs] [Times: user=0.23 sys=0.74, real=0.05 secs] 
2023-10-23T12:11:14.225+0800: 411616.506: [GC (Allocation Failure) 2023-10-23T12:11:14.225+0800: 411616.506: [ParNew: 7922330K->91424K(9175040K), 0.1692539 secs] 38663835K->30833554K(65798144K), 0.1695727 secs] [Times: user=0.18 sys=2.75, real=0.17 secs] 
2023-10-23T12:20:23.239+0800: 412165.520: [GC (Allocation Failure) 2023-10-23T12:20:23.239+0800: 412165.520: [ParNew: 7955744K->110219K(9175040K), 0.1750506 secs] 38697874K->30852662K(65798144K), 0.1753293 secs] [Times: user=0.72 sys=2.26, real=0.17 secs] 
2023-10-23T12:30:13.583+0800: 412755.864: [GC (Allocation Failure) 2023-10-23T12:30:13.583+0800: 412755.865: [ParNew: 7974539K->141942K(9175040K), 0.1805239 secs] 38716982K->30885573K(65798144K), 0.1807820 secs] [Times: user=0.80 sys=2.28, real=0.18 secs] 
2023-10-23T12:39:23.702+0800: 413305.983: [GC (Allocation Failure) 2023-10-23T12:39:23.702+0800: 413305.983: [ParNew: 8006262K->149990K(9175040K), 0.1847433 secs] 38749893K->30894772K(65798144K), 0.1850714 secs] [Times: user=0.75 sys=2.42, real=0.19 secs] 
2023-10-23T12:47:57.085+0800: 413819.366: [GC (Allocation Failure) 2023-10-23T12:47:57.085+0800: 413819.367: [ParNew: 8014310K->170827K(9175040K), 0.1818769 secs] 38759092K->30916513K(65798144K), 0.1821563 secs] [Times: user=0.19 sys=2.93, real=0.19 secs] 
2023-10-23T12:56:52.897+0800: 414355.179: [GC (Allocation Failure) 2023-10-23T12:56:52.898+0800: 414355.179: [ParNew: 8035147K->189145K(9175040K), 0.1774044 secs] 38780833K->30935099K(65798144K), 0.1777177 secs] [Times: user=0.26 sys=2.79, real=0.17 secs] 
2023-10-23T13:09:22.964+0800: 415105.245: [GC (Allocation Failure) 2023-10-23T13:09:22.964+0800: 415105.245: [ParNew: 8053465K->196006K(9175040K), 0.1715319 secs] 38799419K->30942292K(65798144K), 0.1718196 secs] [Times: user=0.72 sys=2.27, real=0.18 secs] 
2023-10-23T14:21:55.168+0800: 419457.449: [GC (Allocation Failure) 2023-10-23T14:21:55.168+0800: 419457.450: [ParNew: 8060323K->193583K(9175040K), 0.1637794 secs] 38806609K->30940142K(65798144K), 0.1640429 secs] [Times: user=0.12 sys=2.19, real=0.16 secs] 
2023-10-23T14:47:09.507+0800: 420971.788: [GC (Allocation Failure) 2023-10-23T14:47:09.507+0800: 420971.788: [ParNew: 8057903K->233637K(9175040K), 0.1747174 secs] 38804462K->30981772K(65798144K), 0.1750512 secs] [Times: user=0.85 sys=2.16, real=0.17 secs] 
2023-10-23T14:48:39.533+0800: 421061.814: [GC (Allocation Failure) 2023-10-23T14:48:39.533+0800: 421061.815: [ParNew: 8097957K->294090K(9175040K), 0.1785968 secs] 38846092K->31043013K(65798144K), 0.1789169 secs] [Times: user=0.36 sys=2.67, real=0.18 secs] 
2023-10-23T14:49:28.884+0800: 421111.165: [GC (Allocation Failure) 2023-10-23T14:49:28.884+0800: 421111.165: [ParNew: 8158410K->387635K(9175040K), 0.1690988 secs] 38907333K->31136780K(65798144K), 0.1693678 secs] [Times: user=0.50 sys=2.38, real=0.17 secs] 
2023-10-23T14:49:39.354+0800: 421121.636: [GC (Allocation Failure) 2023-10-23T14:49:39.355+0800: 421121.636: [ParNew: 8251955K->405951K(9175040K), 0.0628716 secs] 39001100K->31155121K(65798144K), 0.0631467 secs] [Times: user=1.12 sys=0.00, real=0.07 secs] 
2023-10-23T14:49:49.848+0800: 421132.130: [GC (Allocation Failure) 2023-10-23T14:49:49.849+0800: 421132.130: [ParNew: 8270271K->395705K(9175040K), 0.0941795 secs] 39019441K->31145148K(65798144K), 0.0944879 secs] [Times: user=0.28 sys=1.22, real=0.09 secs] 
2023-10-23T14:50:00.485+0800: 421142.767: [GC (Allocation Failure) 2023-10-23T14:50:00.486+0800: 421142.767: [ParNew: 8260025K->481073K(9175040K), 0.0740091 secs] 39009468K->31230528K(65798144K), 0.0742846 secs] [Times: user=1.13 sys=0.09, real=0.08 secs] 
2023-10-23T14:50:10.694+0800: 421152.975: [GC (Allocation Failure) 2023-10-23T14:50:10.694+0800: 421152.976: [ParNew: 8345393K->479701K(9175040K), 0.0678307 secs] 39094848K->31229159K(65798144K), 0.0681100 secs] [Times: user=1.17 sys=0.00, real=0.07 secs] 
2023-10-23T14:50:20.685+0800: 421162.966: [GC (Allocation Failure) 2023-10-23T14:50:20.685+0800: 421162.966: [ParNew: 8344021K->496817K(9175040K), 0.0718695 secs] 39093479K->31254025K(65798144K), 0.0721780 secs] [Times: user=1.19 sys=0.00, real=0.08 secs] 
2023-10-23T14:50:30.025+0800: 421172.306: [GC (Allocation Failure) 2023-10-23T14:50:30.025+0800: 421172.306: [ParNew: 8361137K->446490K(9175040K), 0.0686938 secs] 39118345K->31217315K(65798144K), 0.0689858 secs] [Times: user=0.64 sys=0.43, real=0.07 secs] 
2023-10-23T14:50:39.987+0800: 421182.268: [GC (Allocation Failure) 2023-10-23T14:50:39.987+0800: 421182.269: [ParNew: 8310810K->457260K(9175040K), 0.1163783 secs] 39081635K->31242355K(65798144K), 0.1166890 secs] [Times: user=0.92 sys=1.01, real=0.11 secs] 
2023-10-23T14:50:50.849+0800: 421193.130: [GC (Allocation Failure) 2023-10-23T14:50:50.849+0800: 421193.130: [ParNew: 8321580K->448076K(9175040K), 0.0772789 secs] 39106675K->31246072K(65798144K), 0.0775696 secs] [Times: user=0.56 sys=0.68, real=0.08 secs] 
2023-10-23T14:51:00.533+0800: 421202.814: [GC (Allocation Failure) 2023-10-23T14:51:00.533+0800: 421202.814: [ParNew: 8312396K->447833K(9175040K), 0.0730091 secs] 39110392K->31258584K(65798144K), 0.0732974 secs] [Times: user=1.21 sys=0.01, real=0.08 secs] 
2023-10-23T14:51:10.580+0800: 421212.861: [GC (Allocation Failure) 2023-10-23T14:51:10.580+0800: 421212.861: [ParNew: 8312153K->447020K(9175040K), 0.0713210 secs] 39122904K->31269759K(65798144K), 0.0716076 secs] [Times: user=0.57 sys=0.56, real=0.07 secs] 
2023-10-23T14:51:20.189+0800: 421222.470: [GC (Allocation Failure) 2023-10-23T14:51:20.189+0800: 421222.470: [ParNew: 8311340K->407411K(9175040K), 0.0997685 secs] 39134079K->31231715K(65798144K), 0.1001679 secs] [Times: user=0.92 sys=0.74, real=0.10 secs] 
2023-10-23T14:51:31.573+0800: 421233.854: [GC (Allocation Failure) 2023-10-23T14:51:31.573+0800: 421233.854: [ParNew: 8271731K->445349K(9175040K), 0.0838789 secs] 39096035K->31270808K(65798144K), 0.0841936 secs] [Times: user=0.47 sys=0.88, real=0.09 secs] 
2023-10-23T14:51:41.741+0800: 421244.023: [GC (Allocation Failure) 2023-10-23T14:51:41.742+0800: 421244.023: [ParNew: 8309669K->343310K(9175040K), 0.0803696 secs] 39135128K->31215624K(65798144K), 0.0806988 secs] [Times: user=0.58 sys=0.57, real=0.08 secs] 
2023-10-23T14:51:51.551+0800: 421253.832: [GC (Allocation Failure) 2023-10-23T14:51:51.551+0800: 421253.833: [ParNew: 8207630K->357072K(9175040K), 0.0824474 secs] 39079944K->31278657K(65798144K), 0.0827771 secs] [Times: user=1.15 sys=0.04, real=0.08 secs] 
2023-10-23T14:52:01.068+0800: 421263.350: [GC (Allocation Failure) 2023-10-23T14:52:01.069+0800: 421263.350: [ParNew: 8221392K->297681K(9175040K), 0.0649080 secs] 39142977K->31262995K(65798144K), 0.0653751 secs] [Times: user=1.17 sys=0.00, real=0.06 secs] 
2023-10-23T14:52:09.977+0800: 421272.258: [GC (Allocation Failure) 2023-10-23T14:52:09.977+0800: 421272.258: [ParNew: 8162001K->255547K(9175040K), 0.1045106 secs] 39127315K->31230431K(65798144K), 0.1048536 secs] [Times: user=0.72 sys=1.04, real=0.10 secs] 
2023-10-23T14:52:19.302+0800: 421281.583: [GC (Allocation Failure) 2023-10-23T14:52:19.302+0800: 421281.583: [ParNew: 8119867K->292803K(9175040K), 0.0643039 secs] 39094751K->31276345K(65798144K), 0.0645746 secs] [Times: user=0.50 sys=0.55, real=0.07 secs] 
2023-10-23T14:52:28.794+0800: 421291.075: [GC (Allocation Failure) 2023-10-23T14:52:28.794+0800: 421291.075: [ParNew: 8157123K->263043K(9175040K), 0.0636084 secs] 39140665K->31257923K(65798144K), 0.0639076 secs] [Times: user=0.50 sys=0.52, real=0.07 secs] 
2023-10-23T14:52:37.306+0800: 421299.588: [GC (Allocation Failure) 2023-10-23T14:52:37.307+0800: 421299.588: [ParNew: 8127363K->265204K(9175040K), 0.0618609 secs] 39122243K->31268461K(65798144K), 0.0621324 secs] [Times: user=0.43 sys=0.58, real=0.06 secs] 
2023-10-23T14:52:46.402+0800: 421308.683: [GC (Allocation Failure) 2023-10-23T14:52:46.402+0800: 421308.683: [ParNew: 8129524K->255661K(9175040K), 0.1060383 secs] 39132781K->31270687K(65798144K), 0.1063789 secs] [Times: user=0.84 sys=0.95, real=0.11 secs] 
2023-10-23T14:52:55.862+0800: 421318.143: [GC (Allocation Failure) 2023-10-23T14:52:55.862+0800: 421318.143: [ParNew: 8119981K->289929K(9175040K), 0.0660265 secs] 39135007K->31317971K(65798144K), 0.0663185 secs] [Times: user=0.46 sys=0.60, real=0.07 secs] 
2023-10-23T14:53:04.926+0800: 421327.208: [GC (Allocation Failure) 2023-10-23T14:53:04.927+0800: 421327.208: [ParNew: 8154249K->293041K(9175040K), 0.0612450 secs] 39182291K->31333016K(65798144K), 0.0615341 secs] [Times: user=0.52 sys=0.46, real=0.06 secs] 
2023-10-23T14:53:51.008+0800: 421373.289: [GC (Allocation Failure) 2023-10-23T14:53:51.008+0800: 421373.290: [ParNew: 8157361K->356618K(9175040K), 0.1827082 secs] 39197336K->31404742K(65798144K), 0.1830876 secs] [Times: user=0.43 sys=2.61, real=0.18 secs] 
2023-10-23T14:54:17.824+0800: 421400.106: [GC (Allocation Failure) 2023-10-23T14:54:17.825+0800: 421400.106: [ParNew: 8220938K->422580K(9175040K), 0.1103948 secs] 39269062K->31478949K(65798144K), 0.1107751 secs] [Times: user=0.87 sys=0.93, real=0.11 secs] 
2023-10-23T14:54:31.303+0800: 421413.584: [GC (Allocation Failure) 2023-10-23T14:54:31.303+0800: 421413.585: [ParNew: 8286900K->420830K(9175040K), 0.1245186 secs] 39343269K->31488812K(65798144K), 0.1248446 secs] [Times: user=0.83 sys=1.26, real=0.13 secs] 
2023-10-23T14:54:38.439+0800: 421420.720: [GC (Allocation Failure) 2023-10-23T14:54:38.439+0800: 421420.720: [ParNew: 8285150K->332088K(9175040K), 0.0676101 secs] 39353132K->31408698K(65798144K), 0.0678911 secs] [Times: user=0.62 sys=0.44, real=0.07 secs] 
2023-10-23T14:54:44.151+0800: 421426.432: [GC (Allocation Failure) 2023-10-23T14:54:44.151+0800: 421426.432: [ParNew: 8196408K->364918K(9175040K), 0.0713654 secs] 39273018K->31450266K(65798144K), 0.0716737 secs] [Times: user=0.64 sys=0.50, real=0.07 secs] 
2023-10-23T14:54:49.373+0800: 421431.654: [GC (Allocation Failure) 2023-10-23T14:54:49.373+0800: 421431.654: [ParNew: 8229238K->340925K(9175040K), 0.0648008 secs] 39314586K->31432791K(65798144K), 0.0651210 secs] [Times: user=1.12 sys=0.00, real=0.07 secs] 
2023-10-23T14:54:54.323+0800: 421436.604: [GC (Allocation Failure) 2023-10-23T14:54:54.323+0800: 421436.604: [ParNew: 8205245K->379771K(9175040K), 0.0658566 secs] 39297111K->31478221K(65798144K), 0.0661468 secs] [Times: user=0.63 sys=0.43, real=0.07 secs] 
2023-10-23T14:54:58.942+0800: 421441.223: [GC (Allocation Failure) 2023-10-23T14:54:58.942+0800: 421441.223: [ParNew: 8244091K->401394K(9175040K), 0.0607905 secs] 39342541K->31509752K(65798144K), 0.0611415 secs] [Times: user=1.30 sys=0.00, real=0.06 secs] 
2023-10-23T14:55:03.408+0800: 421445.689: [GC (Allocation Failure) 2023-10-23T14:55:03.408+0800: 421445.689: [ParNew: 8265714K->362661K(9175040K), 0.0960847 secs] 39374072K->31484077K(65798144K), 0.0963863 secs] [Times: user=0.47 sys=1.15, real=0.09 secs] 
2023-10-23T14:55:07.719+0800: 421450.001: [GC (Allocation Failure) 2023-10-23T14:55:07.720+0800: 421450.001: [ParNew: 8226981K->357151K(9175040K), 0.0690063 secs] 39348397K->31489470K(65798144K), 0.0693497 secs] [Times: user=1.16 sys=0.00, real=0.07 secs] 
2023-10-23T14:55:12.204+0800: 421454.485: [GC (Allocation Failure) 2023-10-23T14:55:12.204+0800: 421454.485: [ParNew: 8221471K->333142K(9175040K), 0.0616072 secs] 39353790K->31474923K(65798144K), 0.0619340 secs] [Times: user=1.21 sys=0.00, real=0.06 secs] 
2023-10-23T14:55:17.117+0800: 421459.398: [GC (Allocation Failure) 2023-10-23T14:55:17.117+0800: 421459.398: [ParNew: 8197462K->372052K(9175040K), 0.0668576 secs] 39339243K->31525417K(65798144K), 0.0672120 secs] [Times: user=0.61 sys=0.48, real=0.06 secs] 
2023-10-23T14:55:21.726+0800: 421464.007: [GC (Allocation Failure) 2023-10-23T14:55:21.726+0800: 421464.007: [ParNew: 8236372K->306330K(9175040K), 0.0754361 secs] 39389737K->31471854K(65798144K), 0.0757415 secs] [Times: user=1.34 sys=0.00, real=0.07 secs] 
2023-10-23T14:55:26.240+0800: 421468.521: [GC (Allocation Failure) 2023-10-23T14:55:26.240+0800: 421468.521: [ParNew: 8170650K->311787K(9175040K), 0.0590827 secs] 39336174K->31486999K(65798144K), 0.0594306 secs] [Times: user=1.12 sys=0.00, real=0.06 secs] 
2023-10-23T14:55:30.779+0800: 421473.060: [GC (Allocation Failure) 2023-10-23T14:55:30.779+0800: 421473.060: [ParNew: 8176107K->324370K(9175040K), 0.0579749 secs] 39351319K->31510089K(65798144K), 0.0583345 secs] [Times: user=1.13 sys=0.00, real=0.06 secs] 
2023-10-23T14:55:35.095+0800: 421477.376: [GC (Allocation Failure) 2023-10-23T14:55:35.095+0800: 421477.376: [ParNew: 8188690K->268246K(9175040K), 0.1044950 secs] 39374409K->31505091K(65798144K), 0.1048146 secs] [Times: user=0.95 sys=0.69, real=0.11 secs] 
2023-10-23T14:55:39.115+0800: 421481.396: [GC (Allocation Failure) 2023-10-23T14:55:39.115+0800: 421481.396: [ParNew: 8132566K->231307K(9175040K), 0.0621042 secs] 39369411K->31499174K(65798144K), 0.0624600 secs] [Times: user=0.56 sys=0.40, real=0.07 secs] 
2023-10-23T14:55:43.163+0800: 421485.445: [GC (Allocation Failure) 2023-10-23T14:55:43.164+0800: 421485.445: [ParNew: 8095627K->213082K(9175040K), 0.0608215 secs] 39363494K->31494323K(65798144K), 0.0611619 secs] [Times: user=0.56 sys=0.40, real=0.06 secs] 
2023-10-23T14:55:47.340+0800: 421489.622: [GC (Allocation Failure) 2023-10-23T14:55:47.341+0800: 421489.622: [ParNew: 8077402K->232821K(9175040K), 0.0569858 secs] 39358643K->31525464K(65798144K), 0.0573519 secs] [Times: user=1.15 sys=0.00, real=0.06 secs] 
2023-10-23T14:55:52.040+0800: 421494.321: [GC (Allocation Failure) 2023-10-23T14:55:52.040+0800: 421494.321: [ParNew: 8097141K->195537K(9175040K), 0.0621058 secs] 39389784K->31497775K(65798144K), 0.0624130 secs] [Times: user=1.12 sys=0.00, real=0.06 secs] 
2023-10-23T14:55:57.127+0800: 421499.408: [GC (Allocation Failure) 2023-10-23T14:55:57.127+0800: 421499.408: [ParNew: 8059857K->194664K(9175040K), 0.0534393 secs] 39362095K->31504440K(65798144K), 0.0537447 secs] [Times: user=0.38 sys=0.49, real=0.05 secs] 
2023-10-23T14:56:01.650+0800: 421503.932: [GC (Allocation Failure) 2023-10-23T14:56:01.651+0800: 421503.932: [ParNew: 8058984K->193556K(9175040K), 0.0601788 secs] 39368760K->31509276K(65798144K), 0.0604616 secs] [Times: user=1.14 sys=0.00, real=0.06 secs] 
2023-10-23T14:56:06.176+0800: 421508.457: [GC (Allocation Failure) 2023-10-23T14:56:06.176+0800: 421508.457: [ParNew: 8057876K->191767K(9175040K), 0.0447199 secs] 39373596K->31514057K(65798144K), 0.0450613 secs] [Times: user=1.10 sys=0.00, real=0.04 secs] 
2023-10-23T14:56:10.529+0800: 421512.811: [GC (Allocation Failure) 2023-10-23T14:56:10.530+0800: 421512.811: [ParNew: 8056087K->202375K(9175040K), 0.0911490 secs] 39378377K->31531091K(65798144K), 0.0914810 secs] [Times: user=0.70 sys=0.83, real=0.09 secs] 
2023-10-23T14:56:14.702+0800: 421516.984: [GC (Allocation Failure) 2023-10-23T14:56:14.703+0800: 421516.984: [ParNew: 8066695K->187165K(9175040K), 0.0538630 secs] 39395411K->31521652K(65798144K), 0.0541938 secs] [Times: user=0.49 sys=0.38, real=0.06 secs] 
2023-10-23T14:56:18.893+0800: 421521.174: [GC (Allocation Failure) 2023-10-23T14:56:18.893+0800: 421521.174: [ParNew: 8051485K->203997K(9175040K), 0.0536816 secs] 39385972K->31543936K(65798144K), 0.0539833 secs] [Times: user=0.50 sys=0.37, real=0.06 secs] 
2023-10-23T14:56:23.615+0800: 421525.896: [GC (Allocation Failure) 2023-10-23T14:56:23.615+0800: 421525.897: [ParNew: 8068317K->190875K(9175040K), 0.0529593 secs] 39408256K->31537587K(65798144K), 0.0532611 secs] [Times: user=0.52 sys=0.35, real=0.06 secs] 
2023-10-23T14:56:28.325+0800: 421530.606: [GC (Allocation Failure) 2023-10-23T14:56:28.325+0800: 421530.606: [ParNew: 8055195K->184342K(9175040K), 0.0495608 secs] 39401907K->31537127K(65798144K), 0.0498604 secs] [Times: user=0.99 sys=0.00, real=0.05 secs] 
2023-10-23T14:56:32.638+0800: 421534.919: [GC (Allocation Failure) 2023-10-23T14:56:32.638+0800: 421534.919: [ParNew: 8048662K->194198K(9175040K), 0.0492711 secs] 39401447K->31554518K(65798144K), 0.0496111 secs] [Times: user=0.98 sys=0.00, real=0.05 secs] 
2023-10-23T14:56:36.892+0800: 421539.173: [GC (Allocation Failure) 2023-10-23T14:56:36.892+0800: 421539.173: [ParNew: 8058518K->185406K(9175040K), 0.0483638 secs] 39418838K->31554669K(65798144K), 0.0486934 secs] [Times: user=0.42 sys=0.36, real=0.05 secs] 
2023-10-23T14:56:41.224+0800: 421543.505: [GC (Allocation Failure) 2023-10-23T14:56:41.224+0800: 421543.506: [ParNew: 8049726K->193586K(9175040K), 0.0446039 secs] 39418989K->31571107K(65798144K), 0.0449034 secs] [Times: user=0.49 sys=0.22, real=0.05 secs] 
2023-10-23T14:56:45.586+0800: 421547.867: [GC (Allocation Failure) 2023-10-23T14:56:45.586+0800: 421547.867: [ParNew: 8057906K->166054K(9175040K), 0.0950344 secs] 39435427K->31550981K(65798144K), 0.0953506 secs] [Times: user=0.78 sys=0.83, real=0.10 secs] 
2023-10-23T14:56:49.844+0800: 421552.126: [GC (Allocation Failure) 2023-10-23T14:56:49.844+0800: 421552.126: [ParNew: 8030374K->169262K(9175040K), 0.0527825 secs] 39415301K->31561326K(65798144K), 0.0531145 secs] [Times: user=0.47 sys=0.38, real=0.06 secs] 
2023-10-23T14:56:54.296+0800: 421556.578: [GC (Allocation Failure) 2023-10-23T14:56:54.297+0800: 421556.578: [ParNew: 8033582K->181071K(9175040K), 0.0508538 secs] 39425646K->31579303K(65798144K), 0.0511776 secs] [Times: user=0.48 sys=0.35, real=0.05 secs] 
2023-10-23T14:56:58.724+0800: 421561.006: [GC (Allocation Failure) 2023-10-23T14:56:58.724+0800: 421561.006: [ParNew: 8045391K->186045K(9175040K), 0.0569306 secs] 39443623K->31589270K(65798144K), 0.0572820 secs] [Times: user=1.15 sys=0.00, real=0.06 secs] 
2023-10-23T14:57:03.207+0800: 421565.488: [GC (Allocation Failure) 2023-10-23T14:57:03.207+0800: 421565.488: [ParNew: 8050365K->202126K(9175040K), 0.0562339 secs] 39453590K->31608284K(65798144K), 0.0565498 secs] [Times: user=0.44 sys=0.48, real=0.05 secs] 
2023-10-23T14:57:07.625+0800: 421569.906: [GC (Allocation Failure) 2023-10-23T14:57:07.625+0800: 421569.906: [ParNew: 8066446K->161208K(9175040K), 0.0602383 secs] 39472604K->31569481K(65798144K), 0.0605378 secs] [Times: user=0.55 sys=0.45, real=0.06 secs] 
2023-10-23T14:57:12.040+0800: 421574.321: [GC (Allocation Failure) 2023-10-23T14:57:12.040+0800: 421574.321: [ParNew: 8025528K->189418K(9175040K), 0.0629940 secs] 39433801K->31600373K(65798144K), 0.0632960 secs] [Times: user=0.59 sys=0.47, real=0.06 secs] 
2023-10-23T14:57:16.393+0800: 421578.674: [GC (Allocation Failure) 2023-10-23T14:57:16.393+0800: 421578.674: [ParNew: 8053738K->197588K(9175040K), 0.0469686 secs] 39464693K->31613481K(65798144K), 0.0473261 secs] [Times: user=0.54 sys=0.19, real=0.05 secs] 
2023-10-23T14:57:20.823+0800: 421583.104: [GC (Allocation Failure) 2023-10-23T14:57:20.823+0800: 421583.104: [ParNew: 8061908K->198608K(9175040K), 0.1023048 secs] 39477801K->31620105K(65798144K), 0.1026283 secs] [Times: user=0.72 sys=1.04, real=0.11 secs] 
2023-10-23T14:57:25.017+0800: 421587.298: [GC (Allocation Failure) 2023-10-23T14:57:25.017+0800: 421587.299: [ParNew: 8062928K->205678K(9175040K), 0.0573591 secs] 39484425K->31633592K(65798144K), 0.0576619 secs] [Times: user=1.04 sys=0.00, real=0.05 secs] 
2023-10-23T14:57:29.198+0800: 421591.479: [GC (Allocation Failure) 2023-10-23T14:57:29.198+0800: 421591.480: [ParNew: 8069998K->175778K(9175040K), 0.0490146 secs] 39497912K->31610517K(65798144K), 0.0493627 secs] [Times: user=0.45 sys=0.34, real=0.05 secs] 
2023-10-23T14:57:33.296+0800: 421595.577: [GC (Allocation Failure) 2023-10-23T14:57:33.296+0800: 421595.577: [ParNew: 8040098K->173951K(9175040K), 0.0506649 secs] 39474837K->31615443K(65798144K), 0.0510108 secs] [Times: user=0.46 sys=0.14, real=0.06 secs] 
2023-10-23T14:57:48.518+0800: 421610.799: [GC (Allocation Failure) 2023-10-23T14:57:48.518+0800: 421610.799: [ParNew: 8038271K->188537K(9175040K), 0.0780226 secs] 39479763K->31636102K(65798144K), 0.0783341 secs] [Times: user=0.88 sys=0.39, real=0.08 secs] 
2023-10-23T14:58:28.008+0800: 421650.289: [GC (Allocation Failure) 2023-10-23T14:58:28.008+0800: 421650.290: [ParNew: 8052857K->252046K(9175040K), 0.1544960 secs] 39500422K->31704825K(65798144K), 0.1548232 secs] [Times: user=1.08 sys=1.51, real=0.15 secs] 
2023-10-23T14:58:56.681+0800: 421678.962: [GC (Allocation Failure) 2023-10-23T14:58:56.681+0800: 421678.963: [ParNew: 8116366K->326248K(9175040K), 0.1538588 secs] 39569145K->31784155K(65798144K), 0.1541727 secs] [Times: user=0.58 sys=2.00, real=0.15 secs] 
2023-10-23T14:59:26.925+0800: 421709.206: [GC (Allocation Failure) 2023-10-23T14:59:26.925+0800: 421709.206: [ParNew: 8190568K->342729K(9175040K), 0.1079695 secs] 39648475K->31806032K(65798144K), 0.1083569 secs] [Times: user=0.37 sys=1.39, real=0.11 secs] 
2023-10-23T15:00:06.426+0800: 421748.707: [GC (Allocation Failure) 2023-10-23T15:00:06.426+0800: 421748.707: [ParNew: 8207049K->411638K(9175040K), 0.1482911 secs] 39670352K->31880933K(65798144K), 0.1486135 secs] [Times: user=0.63 sys=1.86, real=0.14 secs] 
2023-10-23T15:00:38.738+0800: 421781.019: [GC (Allocation Failure) 2023-10-23T15:00:38.738+0800: 421781.019: [ParNew: 8275958K->508319K(9175040K), 0.1919206 secs] 39745253K->31983437K(65798144K), 0.1922285 secs] [Times: user=0.75 sys=2.52, real=0.19 secs] 
2023-10-23T15:01:09.597+0800: 421811.878: [GC (Allocation Failure) 2023-10-23T15:01:09.597+0800: 421811.878: [ParNew: 8372639K->465963K(9175040K), 0.1108859 secs] 39847757K->31947088K(65798144K), 0.1111708 secs] [Times: user=0.98 sys=0.86, real=0.11 secs] 
2023-10-23T15:01:44.574+0800: 421846.855: [GC (Allocation Failure) 2023-10-23T15:01:44.574+0800: 421846.855: [ParNew: 8330283K->525733K(9175040K), 0.1504936 secs] 39811408K->32011528K(65798144K), 0.1508446 secs] [Times: user=0.79 sys=1.75, real=0.15 secs] 
2023-10-23T15:02:14.900+0800: 421877.181: [GC (Allocation Failure) 2023-10-23T15:02:14.900+0800: 421877.182: [ParNew: 8390053K->562134K(9175040K), 0.1020170 secs] 39875848K->32048526K(65798144K), 0.1023423 secs] [Times: user=1.08 sys=0.63, real=0.10 secs] 
2023-10-23T15:02:37.402+0800: 421899.683: [GC (Allocation Failure) 2023-10-23T15:02:37.402+0800: 421899.683: [ParNew: 8426454K->551919K(9175040K), 0.1334324 secs] 39912846K->32038844K(65798144K), 0.1337383 secs] [Times: user=0.84 sys=1.45, real=0.13 secs] 
2023-10-23T15:02:58.036+0800: 421920.317: [GC (Allocation Failure) 2023-10-23T15:02:58.036+0800: 421920.317: [ParNew: 8416239K->556173K(9175040K), 0.0868146 secs] 39903164K->32043758K(65798144K), 0.0871264 secs] [Times: user=1.17 sys=0.29, real=0.09 secs] 
2023-10-23T15:03:17.482+0800: 421939.763: [GC (Allocation Failure) 2023-10-23T15:03:17.482+0800: 421939.764: [ParNew: 8420493K->526635K(9175040K), 0.1133854 secs] 39908078K->32014863K(65798144K), 0.1136824 secs] [Times: user=0.94 sys=0.99, real=0.12 secs] 
2023-10-23T15:03:37.859+0800: 421960.140: [GC (Allocation Failure) 2023-10-23T15:03:37.859+0800: 421960.140: [ParNew: 8390955K->603502K(9175040K), 0.1015595 secs] 39879183K->32093612K(65798144K), 0.1018461 secs] [Times: user=0.54 sys=1.18, real=0.10 secs] 
2023-10-23T15:03:57.218+0800: 421979.499: [GC (Allocation Failure) 2023-10-23T15:03:57.218+0800: 421979.500: [ParNew: 8467822K->528292K(9175040K), 0.0912899 secs] 39957932K->32019017K(65798144K), 0.0915716 secs] [Times: user=1.26 sys=0.29, real=0.09 secs] 
2023-10-23T15:04:20.124+0800: 422002.405: [GC (Allocation Failure) 2023-10-23T15:04:20.124+0800: 422002.405: [ParNew: 8392612K->494957K(9175040K), 0.1116695 secs] 39883337K->31986355K(65798144K), 0.1119942 secs] [Times: user=0.97 sys=0.95, real=0.12 secs] 
2023-10-23T15:04:44.064+0800: 422026.345: [GC (Allocation Failure) 2023-10-23T15:04:44.064+0800: 422026.345: [ParNew: 8359277K->478951K(9175040K), 0.0963258 secs] 39850675K->31973417K(65798144K), 0.0965893 secs] [Times: user=1.12 sys=0.52, real=0.10 secs] 
2023-10-23T15:05:06.702+0800: 422048.983: [GC (Allocation Failure) 2023-10-23T15:05:06.702+0800: 422048.983: [ParNew: 8343271K->496940K(9175040K), 0.0837814 secs] 39837737K->31998364K(65798144K), 0.0840491 secs] [Times: user=1.13 sys=0.28, real=0.08 secs] 
2023-10-23T15:05:27.229+0800: 422069.510: [GC (Allocation Failure) 2023-10-23T15:05:27.229+0800: 422069.510: [ParNew: 8361260K->450368K(9175040K), 0.1340169 secs] 39862684K->31956943K(65798144K), 0.1342858 secs] [Times: user=1.01 sys=1.29, real=0.13 secs] 
2023-10-23T15:05:48.760+0800: 422091.042: [GC (Allocation Failure) 2023-10-23T15:05:48.760+0800: 422091.042: [ParNew: 8314688K->425886K(9175040K), 0.0889360 secs] 39821263K->31938337K(65798144K), 0.0892088 secs] [Times: user=1.13 sys=0.37, real=0.09 secs] 
2023-10-23T15:06:08.047+0800: 422110.328: [GC (Allocation Failure) 2023-10-23T15:06:08.047+0800: 422110.329: [ParNew: 8290206K->419257K(9175040K), 0.1148427 secs] 39802657K->31937066K(65798144K), 0.1151437 secs] [Times: user=0.76 sys=1.20, real=0.11 secs] 
2023-10-23T15:06:32.095+0800: 422134.376: [GC (Allocation Failure) 2023-10-23T15:06:32.095+0800: 422134.377: [ParNew: 8283577K->388977K(9175040K), 0.0872207 secs] 39801386K->31912680K(65798144K), 0.0874913 secs] [Times: user=1.07 sys=0.41, real=0.09 secs] 
2023-10-23T15:06:55.119+0800: 422157.400: [GC (Allocation Failure) 2023-10-23T15:06:55.119+0800: 422157.400: [ParNew: 8253297K->382842K(9175040K), 0.0807943 secs] 39777000K->31911290K(65798144K), 0.0810799 secs] [Times: user=0.99 sys=0.37, real=0.08 secs] 
2023-10-23T15:07:20.687+0800: 422182.968: [GC (Allocation Failure) 2023-10-23T15:07:20.687+0800: 422182.969: [ParNew: 8247162K->360394K(9175040K), 0.1239719 secs] 39775610K->31895687K(65798144K), 0.1242651 secs] [Times: user=0.69 sys=1.42, real=0.12 secs] 
2023-10-23T15:07:41.505+0800: 422203.787: [GC (Allocation Failure) 2023-10-23T15:07:41.506+0800: 422203.787: [ParNew: 8224714K->335609K(9175040K), 0.0769628 secs] 39760007K->31875263K(65798144K), 0.0772395 secs] [Times: user=0.36 sys=0.93, real=0.08 secs] 
2023-10-23T15:08:37.494+0800: 422259.775: [GC (Allocation Failure) 2023-10-23T15:08:37.494+0800: 422259.775: [ParNew: 8199929K->352384K(9175040K), 0.1722934 secs] 39739583K->31895083K(65798144K), 0.1725773 secs] [Times: user=1.06 sys=1.88, real=0.18 secs] 
2023-10-23T15:10:00.018+0800: 422342.299: [GC (Allocation Failure) 2023-10-23T15:10:00.018+0800: 422342.299: [ParNew: 8216704K->321048K(9175040K), 0.1931735 secs] 39759403K->31868553K(65798144K), 0.1934434 secs] [Times: user=0.91 sys=2.39, real=0.19 secs] 
2023-10-23T15:11:13.013+0800: 422415.295: [GC (Allocation Failure) 2023-10-23T15:11:13.014+0800: 422415.295: [ParNew: 8185368K->338616K(9175040K), 0.1883942 secs] 39732873K->31889091K(65798144K), 0.1886819 secs] [Times: user=0.41 sys=3.00, real=0.19 secs] 
2023-10-23T15:12:48.734+0800: 422511.016: [GC (Allocation Failure) 2023-10-23T15:12:48.735+0800: 422511.016: [ParNew: 8202936K->355185K(9175040K), 0.1824316 secs] 39753411K->31908160K(65798144K), 0.1827143 secs] [Times: user=0.36 sys=2.75, real=0.19 secs] 
2023-10-23T15:14:15.061+0800: 422597.342: [GC (Allocation Failure) 2023-10-23T15:14:15.061+0800: 422597.342: [ParNew: 8219505K->366964K(9175040K), 0.2148052 secs] 39772480K->31922535K(65798144K), 0.2150925 secs] [Times: user=0.80 sys=2.88, real=0.22 secs] 
2023-10-23T15:15:27.655+0800: 422669.936: [GC (Allocation Failure) 2023-10-23T15:15:27.655+0800: 422669.936: [ParNew: 8231284K->367039K(9175040K), 0.2171570 secs] 39786855K->31924610K(65798144K), 0.2174578 secs] [Times: user=0.81 sys=2.93, real=0.22 secs] 
2023-10-23T15:16:25.200+0800: 422727.481: [GC (Allocation Failure) 2023-10-23T15:16:25.200+0800: 422727.481: [ParNew: 8231359K->385264K(9175040K), 0.2149856 secs] 39788930K->31944140K(65798144K), 0.2154148 secs] [Times: user=0.22 sys=3.46, real=0.21 secs] 
2023-10-23T15:17:23.115+0800: 422785.396: [GC (Allocation Failure) 2023-10-23T15:17:23.115+0800: 422785.396: [ParNew: 8249584K->465369K(9175040K), 0.2282182 secs] 39808460K->32025767K(65798144K), 0.2285514 secs] [Times: user=0.92 sys=3.00, real=0.23 secs] 
2023-10-23T15:18:13.734+0800: 422836.015: [GC (Allocation Failure) 2023-10-23T15:18:13.734+0800: 422836.015: [ParNew: 8329689K->469760K(9175040K), 0.2108568 secs] 39890087K->32032624K(65798144K), 0.2112408 secs] [Times: user=1.07 sys=2.54, real=0.21 secs] 
2023-10-23T15:18:57.747+0800: 422880.028: [GC (Allocation Failure) 2023-10-23T15:18:57.747+0800: 422880.029: [ParNew: 8334080K->501555K(9175040K), 0.1399817 secs] 39896944K->32066149K(65798144K), 0.1402623 secs] [Times: user=0.92 sys=1.43, real=0.14 secs] 
2023-10-23T15:19:36.899+0800: 422919.180: [GC (Allocation Failure) 2023-10-23T15:19:36.899+0800: 422919.181: [ParNew: 8365875K->541259K(9175040K), 0.1864680 secs] 39930469K->32108587K(65798144K), 0.1867761 secs] [Times: user=0.81 sys=2.37, real=0.19 secs] 
2023-10-23T15:20:18.916+0800: 422961.197: [GC (Allocation Failure) 2023-10-23T15:20:18.916+0800: 422961.197: [ParNew: 8405579K->530139K(9175040K), 0.1957302 secs] 39972907K->32098733K(65798144K), 0.1960323 secs] [Times: user=0.79 sys=2.56, real=0.20 secs] 
2023-10-23T15:21:12.458+0800: 423014.739: [GC (Allocation Failure) 2023-10-23T15:21:12.458+0800: 423014.740: [ParNew: 8394459K->537353K(9175040K), 0.2294774 secs] 39963053K->32107984K(65798144K), 0.2297849 secs] [Times: user=1.22 sys=2.71, real=0.23 secs] 
2023-10-23T15:21:53.147+0800: 423055.428: [GC (Allocation Failure) 2023-10-23T15:21:53.147+0800: 423055.428: [ParNew: 8401673K->637628K(9175040K), 0.2214934 secs] 39972304K->32212080K(65798144K), 0.2218158 secs] [Times: user=1.00 sys=2.34, real=0.22 secs] 
2023-10-23T15:22:48.294+0800: 423110.575: [GC (Allocation Failure) 2023-10-23T15:22:48.294+0800: 423110.576: [ParNew: 8501948K->568802K(9175040K), 0.2459845 secs] 40076400K->32145571K(65798144K), 0.2463136 secs] [Times: user=1.38 sys=2.85, real=0.25 secs] 
2023-10-23T15:23:23.368+0800: 423145.650: [GC (Allocation Failure) 2023-10-23T15:23:23.369+0800: 423145.650: [ParNew: 8433122K->623772K(9175040K), 0.1612445 secs] 40009891K->32206506K(65798144K), 0.1615449 secs] [Times: user=1.10 sys=1.61, real=0.16 secs] 
2023-10-23T15:23:58.249+0800: 423180.530: [GC (Allocation Failure) 2023-10-23T15:23:58.249+0800: 423180.530: [ParNew: 8488092K->646542K(9175040K), 0.1944792 secs] 40070826K->32237352K(65798144K), 0.1947947 secs] [Times: user=1.08 sys=2.20, real=0.19 secs] 
2023-10-23T15:24:36.614+0800: 423218.895: [GC (Allocation Failure) 2023-10-23T15:24:36.614+0800: 423218.895: [ParNew: 8510862K->583787K(9175040K), 0.2239687 secs] 40101672K->32182659K(65798144K), 0.2242883 secs] [Times: user=1.08 sys=2.74, real=0.23 secs] 
2023-10-23T15:25:17.686+0800: 423259.967: [GC (Allocation Failure) 2023-10-23T15:25:17.686+0800: 423259.968: [ParNew: 8448107K->609237K(9175040K), 0.1324445 secs] 40046979K->32216161K(65798144K), 0.1327598 secs] [Times: user=1.20 sys=0.98, real=0.13 secs] 
2023-10-23T15:25:48.907+0800: 423291.188: [GC (Allocation Failure) 2023-10-23T15:25:48.907+0800: 423291.188: [ParNew: 8473557K->632805K(9175040K), 0.1821509 secs] 40080481K->32247728K(65798144K), 0.1824568 secs] [Times: user=1.03 sys=2.03, real=0.18 secs] 
2023-10-23T15:26:25.609+0800: 423327.890: [GC (Allocation Failure) 2023-10-23T15:26:25.609+0800: 423327.891: [ParNew: 8497125K->653211K(9175040K), 0.2118177 secs] 40112048K->32275985K(65798144K), 0.2123374 secs] [Times: user=1.49 sys=2.12, real=0.21 secs] 
2023-10-23T15:26:56.400+0800: 423358.681: [GC (Allocation Failure) 2023-10-23T15:26:56.400+0800: 423358.681: [ParNew: 8517531K->685909K(9175040K), 0.1297000 secs] 40140305K->32317881K(65798144K), 0.1300088 secs] [Times: user=1.20 sys=0.93, real=0.13 secs] 
2023-10-23T15:27:30.334+0800: 423392.615: [GC (Allocation Failure) 2023-10-23T15:27:30.334+0800: 423392.615: [ParNew: 8550229K->703323K(9175040K), 0.2027444 secs] 40182201K->32342524K(65798144K), 0.2030775 secs] [Times: user=1.60 sys=1.85, real=0.21 secs] 
2023-10-23T15:28:08.701+0800: 423430.982: [GC (Allocation Failure) 2023-10-23T15:28:08.701+0800: 423430.982: [ParNew: 8567643K->779826K(9175040K), 0.2178593 secs] 40206844K->32426366K(65798144K), 0.2182345 secs] [Times: user=1.66 sys=2.01, real=0.22 secs] 
2023-10-23T15:28:55.084+0800: 423477.366: [GC (Allocation Failure) 2023-10-23T15:28:55.085+0800: 423477.366: [ParNew: 8644146K->678744K(9175040K), 0.2291845 secs] 40290686K->32332226K(65798144K), 0.2296452 secs] [Times: user=1.43 sys=2.49, real=0.23 secs] 
2023-10-23T15:29:34.995+0800: 423517.276: [GC (Allocation Failure) 2023-10-23T15:29:34.995+0800: 423517.276: [ParNew: 8543064K->665224K(9175040K), 0.2039234 secs] 40196546K->32325573K(65798144K), 0.2043070 secs] [Times: user=1.01 sys=2.46, real=0.21 secs] 
2023-10-23T15:29:49.580+0800: 423531.861: [GC (Allocation Failure) 2023-10-23T15:29:49.580+0800: 423531.861: [ParNew: 8529544K->734078K(9175040K), 0.1255071 secs] 40189893K->32401430K(65798144K), 0.1258442 secs] [Times: user=1.48 sys=0.65, real=0.13 secs] 
2023-10-23T15:30:02.314+0800: 423544.595: [GC (Allocation Failure) 2023-10-23T15:30:02.314+0800: 423544.595: [ParNew: 8598398K->772032K(9175040K), 0.0976274 secs] 40265750K->32446643K(65798144K), 0.0979130 secs] [Times: user=1.52 sys=0.12, real=0.10 secs] 
2023-10-23T15:30:21.129+0800: 423563.410: [GC (Allocation Failure) 2023-10-23T15:30:21.129+0800: 423563.410: [ParNew: 8636352K->671784K(9175040K), 0.1317602 secs] 40310963K->32353344K(65798144K), 0.1321289 secs] [Times: user=1.10 sys=1.14, real=0.13 secs] 
2023-10-23T15:30:43.260+0800: 423585.541: [GC (Allocation Failure) 2023-10-23T15:30:43.260+0800: 423585.542: [ParNew: 8536104K->678529K(9175040K), 0.1249716 secs] 40217664K->32367334K(65798144K), 0.1252652 secs] [Times: user=1.33 sys=0.78, real=0.12 secs] 
2023-10-23T15:31:03.239+0800: 423605.520: [GC (Allocation Failure) 2023-10-23T15:31:03.239+0800: 423605.520: [ParNew: 8542849K->618592K(9175040K), 0.0985410 secs] 40231654K->32314143K(65798144K), 0.0988138 secs] [Times: user=0.59 sys=0.82, real=0.10 secs] 
2023-10-23T15:31:23.001+0800: 423625.282: [GC (Allocation Failure) 2023-10-23T15:31:23.001+0800: 423625.283: [ParNew: 8482912K->597900K(9175040K), 0.1539118 secs] 40178463K->32300251K(65798144K), 0.1542588 secs] [Times: user=1.04 sys=1.59, real=0.15 secs] 
2023-10-23T15:31:42.349+0800: 423644.630: [GC (Allocation Failure) 2023-10-23T15:31:42.349+0800: 423644.631: [ParNew: 8462220K->597737K(9175040K), 0.0992220 secs] 40164571K->32306850K(65798144K), 0.0995252 secs] [Times: user=1.27 sys=0.39, real=0.10 secs] 
2023-10-23T15:31:56.423+0800: 423658.705: [GC (Allocation Failure) 2023-10-23T15:31:56.424+0800: 423658.705: [ParNew: 8462057K->581814K(9175040K), 0.0773061 secs] 40171170K->32297812K(65798144K), 0.0775975 secs] [Times: user=1.29 sys=0.00, real=0.08 secs] 
2023-10-23T15:32:11.300+0800: 423673.581: [GC (Allocation Failure) 2023-10-23T15:32:11.300+0800: 423673.582: [ParNew: 8446134K->552575K(9175040K), 0.1362620 secs] 40162132K->32275022K(65798144K), 0.1365521 secs] [Times: user=0.96 sys=1.37, real=0.14 secs] 
2023-10-23T15:32:23.106+0800: 423685.387: [GC (Allocation Failure) 2023-10-23T15:32:23.106+0800: 423685.387: [ParNew: 8416895K->539568K(9175040K), 0.0798716 secs] 40139342K->32269603K(65798144K), 0.0801721 secs] [Times: user=1.18 sys=0.14, real=0.09 secs] 
2023-10-23T15:32:38.509+0800: 423700.790: [GC (Allocation Failure) 2023-10-23T15:32:38.509+0800: 423700.790: [ParNew: 8403888K->491232K(9175040K), 0.0947760 secs] 40133923K->32227545K(65798144K), 0.0950743 secs] [Times: user=1.23 sys=0.36, real=0.09 secs] 
2023-10-23T15:32:51.631+0800: 423713.912: [GC (Allocation Failure) 2023-10-23T15:32:51.631+0800: 423713.912: [ParNew: 8355552K->483810K(9175040K), 0.1423683 secs] 40091865K->32226667K(65798144K), 0.1426461 secs] [Times: user=1.10 sys=1.35, real=0.14 secs] 
2023-10-23T15:33:06.890+0800: 423729.171: [GC (Allocation Failure) 2023-10-23T15:33:06.890+0800: 423729.171: [ParNew: 8348130K->461375K(9175040K), 0.0989535 secs] 40090987K->32213665K(65798144K), 0.0992604 secs] [Times: user=1.24 sys=0.41, real=0.10 secs] 
2023-10-23T15:33:24.037+0800: 423746.318: [GC (Allocation Failure) 2023-10-23T15:33:24.037+0800: 423746.318: [ParNew: 8325695K->481004K(9175040K), 0.0992086 secs] 40077985K->32267290K(65798144K), 0.0994965 secs] [Times: user=1.19 sys=0.37, real=0.10 secs] 
2023-10-23T15:33:41.464+0800: 423763.745: [GC (Allocation Failure) 2023-10-23T15:33:41.464+0800: 423763.745: [ParNew: 8345324K->418783K(9175040K), 0.1295663 secs] 40131610K->32251861K(65798144K), 0.1299072 secs] [Times: user=0.94 sys=1.13, real=0.13 secs] 
2023-10-23T15:33:53.142+0800: 423775.424: [GC (Allocation Failure) 2023-10-23T15:33:53.143+0800: 423775.424: [ParNew: 8283103K->434821K(9175040K), 0.0721795 secs] 40116181K->32284990K(65798144K), 0.0724745 secs] [Times: user=0.54 sys=0.55, real=0.07 secs] 
2023-10-23T15:34:03.155+0800: 423785.437: [GC (Allocation Failure) 2023-10-23T15:34:03.156+0800: 423785.437: [ParNew: 8299141K->374302K(9175040K), 0.0740003 secs] 40149310K->32240620K(65798144K), 0.0743330 secs] [Times: user=1.11 sys=0.09, real=0.08 secs] 
2023-10-23T15:34:12.365+0800: 423794.646: [GC (Allocation Failure) 2023-10-23T15:34:12.365+0800: 423794.646: [ParNew: 8238622K->380446K(9175040K), 0.0634199 secs] 40104940K->32262275K(65798144K), 0.0637471 secs] [Times: user=1.17 sys=0.00, real=0.07 secs] 
2023-10-23T15:34:21.695+0800: 423803.976: [GC (Allocation Failure) 2023-10-23T15:34:21.695+0800: 423803.976: [ParNew: 8244766K->362036K(9175040K), 0.1056092 secs] 40126595K->32261014K(65798144K), 0.1059717 secs] [Times: user=0.88 sys=0.88, real=0.11 secs] 
2023-10-23T15:34:31.845+0800: 423814.126: [GC (Allocation Failure) 2023-10-23T15:34:31.845+0800: 423814.126: [ParNew: 8226356K->342945K(9175040K), 0.0800697 secs] 40125334K->32262120K(65798144K), 0.0803925 secs] [Times: user=1.17 sys=0.12, real=0.08 secs] 
2023-10-23T15:34:41.666+0800: 423823.948: [GC (Allocation Failure) 2023-10-23T15:34:41.667+0800: 423823.948: [ParNew: 8207265K->324536K(9175040K), 0.0757091 secs] 40126440K->32267230K(65798144K), 0.0760113 secs] [Times: user=1.28 sys=0.00, real=0.07 secs] 
2023-10-23T15:34:51.123+0800: 423833.404: [GC (Allocation Failure) 2023-10-23T15:34:51.123+0800: 423833.404: [ParNew: 8188856K->300577K(9175040K), 0.0697209 secs] 40131550K->32262379K(65798144K), 0.0700410 secs] [Times: user=0.55 sys=0.58, real=0.07 secs] 
2023-10-23T15:35:00.385+0800: 423842.666: [GC (Allocation Failure) 2023-10-23T15:35:00.385+0800: 423842.666: [ParNew: 8164897K->325811K(9175040K), 0.0604381 secs] 40126699K->32302019K(65798144K), 0.0607667 secs] [Times: user=1.15 sys=0.00, real=0.07 secs] 
2023-10-23T15:35:09.894+0800: 423852.175: [GC (Allocation Failure) 2023-10-23T15:35:09.894+0800: 423852.175: [ParNew: 8190131K->300096K(9175040K), 0.1094266 secs] 40166339K->32289539K(65798144K), 0.1097384 secs] [Times: user=0.84 sys=1.00, real=0.11 secs] 
2023-10-23T15:35:42.580+0800: 423884.861: [GC (Allocation Failure) 2023-10-23T15:35:42.580+0800: 423884.861: [ParNew: 8164416K->340441K(9175040K), 0.1061589 secs] 40153859K->32340365K(65798144K), 0.1064783 secs] [Times: user=0.81 sys=0.95, real=0.11 secs] 
2023-10-23T15:35:54.201+0800: 423896.482: [GC (Allocation Failure) 2023-10-23T15:35:54.201+0800: 423896.482: [ParNew: 8204761K->326387K(9175040K), 0.1043994 secs] 40204685K->32338940K(65798144K), 0.1047391 secs] [Times: user=0.79 sys=0.96, real=0.10 secs] 
2023-10-23T15:36:06.172+0800: 423908.453: [GC (Allocation Failure) 2023-10-23T15:36:06.172+0800: 423908.453: [ParNew: 8190707K->278533K(9175040K), 0.0671825 secs] 40203260K->32300791K(65798144K), 0.0674917 secs] [Times: user=1.10 sys=0.00, real=0.07 secs] 
2023-10-23T15:36:17.113+0800: 423919.394: [GC (Allocation Failure) 2023-10-23T15:36:17.113+0800: 423919.394: [ParNew: 8142853K->277265K(9175040K), 0.0671818 secs] 40165111K->32315444K(65798144K), 0.0674990 secs] [Times: user=0.48 sys=0.60, real=0.07 secs] 
2023-10-23T15:36:28.245+0800: 423930.526: [GC (Allocation Failure) 2023-10-23T15:36:28.245+0800: 423930.526: [ParNew: 8141585K->271691K(9175040K), 0.0691811 secs] 40179764K->32328666K(65798144K), 0.0695158 secs] [Times: user=1.02 sys=0.09, real=0.07 secs] 
2023-10-23T15:36:40.119+0800: 423942.400: [GC (Allocation Failure) 2023-10-23T15:36:40.119+0800: 423942.400: [ParNew: 8136011K->232046K(9175040K), 0.0539270 secs] 40192986K->32302988K(65798144K), 0.0542020 secs] [Times: user=1.09 sys=0.00, real=0.05 secs] 
2023-10-23T15:36:51.885+0800: 423954.166: [GC (Allocation Failure) 2023-10-23T15:36:51.885+0800: 423954.166: [ParNew: 8096366K->256560K(9175040K), 0.1073198 secs] 40167308K->32334224K(65798144K), 0.1076969 secs] [Times: user=0.72 sys=1.12, real=0.11 secs] 
2023-10-23T15:37:02.692+0800: 423964.974: [GC (Allocation Failure) 2023-10-23T15:37:02.693+0800: 423964.974: [ParNew: 8120880K->239535K(9175040K), 0.0658200 secs] 40198544K->32324993K(65798144K), 0.0660869 secs] [Times: user=1.07 sys=0.00, real=0.07 secs] 
2023-10-23T15:37:14.592+0800: 423976.874: [GC (Allocation Failure) 2023-10-23T15:37:14.593+0800: 423976.874: [ParNew: 8103855K->224231K(9175040K), 0.0724024 secs] 40189313K->32320329K(65798144K), 0.0726932 secs] [Times: user=0.92 sys=0.26, real=0.07 secs] 
2023-10-23T15:37:26.960+0800: 423989.241: [GC (Allocation Failure) 2023-10-23T15:37:26.960+0800: 423989.242: [ParNew: 8088551K->245175K(9175040K), 0.0591667 secs] 40184649K->32351945K(65798144K), 0.0594393 secs] [Times: user=0.41 sys=0.56, real=0.06 secs] 
2023-10-23T15:37:39.148+0800: 424001.429: [GC (Allocation Failure) 2023-10-23T15:37:39.148+0800: 424001.429: [ParNew: 8109495K->216527K(9175040K), 0.1055315 secs] 40216265K->32333788K(65798144K), 0.1058112 secs] [Times: user=0.70 sys=1.09, real=0.10 secs] 
2023-10-23T15:37:51.332+0800: 424013.613: [GC (Allocation Failure) 2023-10-23T15:37:51.332+0800: 424013.613: [ParNew: 8080847K->262824K(9175040K), 0.0645371 secs] 40198108K->32387278K(65798144K), 0.0647938 secs] [Times: user=1.02 sys=0.04, real=0.07 secs] 
2023-10-23T15:37:59.325+0800: 424021.606: [GC (Allocation Failure) 2023-10-23T15:37:59.325+0800: 424021.606: [ParNew: 8127144K->364362K(9175040K), 0.0695527 secs] 40251598K->32497849K(65798144K), 0.0698512 secs] [Times: user=0.66 sys=0.45, real=0.07 secs] 
2023-10-23T15:38:10.730+0800: 424033.011: [GC (Allocation Failure) 2023-10-23T15:38:10.730+0800: 424033.011: [ParNew: 8228682K->437943K(9175040K), 0.0837521 secs] 40362169K->32581124K(65798144K), 0.0840077 secs] [Times: user=1.28 sys=0.07, real=0.08 secs] 
2023-10-23T15:38:23.450+0800: 424045.731: [GC (Allocation Failure) 2023-10-23T15:38:23.450+0800: 424045.731: [ParNew: 8302263K->482900K(9175040K), 0.0674372 secs] 40445444K->32632130K(65798144K), 0.0677176 secs] [Times: user=0.72 sys=0.18, real=0.07 secs] 
2023-10-23T15:38:35.982+0800: 424058.263: [GC (Allocation Failure) 2023-10-23T15:38:35.982+0800: 424058.263: [ParNew: 8347220K->408626K(9175040K), 0.1198067 secs] 40496450K->32586618K(65798144K), 0.1200592 secs] [Times: user=0.37 sys=1.58, real=0.12 secs] 
2023-10-23T15:38:47.784+0800: 424070.066: [GC (Allocation Failure) 2023-10-23T15:38:47.785+0800: 424070.066: [ParNew: 8272946K->387256K(9175040K), 0.0729347 secs] 40450938K->32579818K(65798144K), 0.0732182 secs] [Times: user=1.21 sys=0.00, real=0.08 secs] 
2023-10-23T15:38:55.803+0800: 424078.084: [GC (Allocation Failure) 2023-10-23T15:38:55.803+0800: 424078.084: [ParNew: 8251576K->461084K(9175040K), 0.0824528 secs] 40444138K->32657857K(65798144K), 0.0827562 secs] [Times: user=1.37 sys=0.00, real=0.09 secs] 
2023-10-23T15:39:06.415+0800: 424088.696: [GC (Allocation Failure) 2023-10-23T15:39:06.415+0800: 424088.696: [ParNew: 8325404K->525101K(9175040K), 0.0900074 secs] 40522177K->32730152K(65798144K), 0.0902966 secs] [Times: user=1.41 sys=0.00, real=0.09 secs] 
2023-10-23T15:39:15.343+0800: 424097.624: [GC (Allocation Failure) 2023-10-23T15:39:15.343+0800: 424097.624: [ParNew: 8389421K->552461K(9175040K), 0.0846417 secs] 40594472K->32765529K(65798144K), 0.0850550 secs] [Times: user=0.90 sys=0.36, real=0.09 secs] 
2023-10-23T15:39:23.255+0800: 424105.536: [GC (Allocation Failure) 2023-10-23T15:39:23.255+0800: 424105.536: [ParNew: 8416781K->601729K(9175040K), 0.1209604 secs] 40629849K->32819432K(65798144K), 0.1212534 secs] [Times: user=1.25 sys=0.66, real=0.13 secs] 
2023-10-23T15:39:34.052+0800: 424116.333: [GC (Allocation Failure) 2023-10-23T15:39:34.052+0800: 424116.333: [ParNew: 8466049K->570044K(9175040K), 0.0955949 secs] 40683752K->32793400K(65798144K), 0.0958688 secs] [Times: user=1.41 sys=0.00, real=0.10 secs] 
2023-10-23T15:39:43.877+0800: 424126.158: [GC (Allocation Failure) 2023-10-23T15:39:43.877+0800: 424126.158: [ParNew: 8434364K->550399K(9175040K), 0.0993251 secs] 40657720K->32786072K(65798144K), 0.0995724 secs] [Times: user=1.46 sys=0.00, real=0.10 secs] 
2023-10-23T15:39:57.155+0800: 424139.437: [GC (Allocation Failure) 2023-10-23T15:39:57.156+0800: 424139.437: [ParNew: 8414719K->605515K(9175040K), 0.0889986 secs] 40650392K->32846684K(65798144K), 0.0892980 secs] [Times: user=1.36 sys=0.00, real=0.09 secs] 
2023-10-23T15:40:09.759+0800: 424152.041: [GC (Allocation Failure) 2023-10-23T15:40:09.760+0800: 424152.041: [ParNew: 8469835K->538910K(9175040K), 0.1052695 secs] 40711004K->32783190K(65798144K), 0.1055750 secs] [Times: user=1.31 sys=0.25, real=0.10 secs] 
2023-10-23T15:40:22.686+0800: 424164.967: [GC (Allocation Failure) 2023-10-23T15:40:22.686+0800: 424164.967: [ParNew: 8403230K->545858K(9175040K), 0.1083648 secs] 40647510K->32795803K(65798144K), 0.1086691 secs] [Times: user=1.35 sys=0.23, real=0.10 secs] 
2023-10-23T15:40:35.408+0800: 424177.689: [GC (Allocation Failure) 2023-10-23T15:40:35.408+0800: 424177.689: [ParNew: 8410178K->544272K(9175040K), 0.0991243 secs] 40660123K->32807040K(65798144K), 0.0994399 secs] [Times: user=0.87 sys=0.54, real=0.10 secs] 
2023-10-23T15:40:48.059+0800: 424190.341: [GC (Allocation Failure) 2023-10-23T15:40:48.060+0800: 424190.341: [ParNew: 8408592K->410596K(9175040K), 0.1389700 secs] 40671360K->32806824K(65798144K), 0.1392624 secs] [Times: user=0.96 sys=0.29, real=0.14 secs] 
2023-10-23T15:41:00.925+0800: 424203.207: [GC (Allocation Failure) 2023-10-23T15:41:00.925+0800: 424203.207: [ParNew: 8274916K->273726K(9175040K), 0.1033986 secs] 40671144K->32698313K(65798144K), 0.1037049 secs] [Times: user=0.43 sys=1.15, real=0.11 secs] 
2023-10-23T15:41:13.631+0800: 424215.912: [GC (Allocation Failure) 2023-10-23T15:41:13.631+0800: 424215.913: [ParNew: 8138046K->312844K(9175040K), 0.0710826 secs] 40562633K->32738201K(65798144K), 0.0713381 secs] [Times: user=1.10 sys=0.00, real=0.07 secs] 
2023-10-23T15:41:26.277+0800: 424228.559: [GC (Allocation Failure) 2023-10-23T15:41:26.278+0800: 424228.559: [ParNew: 8177164K->320003K(9175040K), 0.0734233 secs] 40602521K->32748292K(65798144K), 0.0736770 secs] [Times: user=0.56 sys=0.55, real=0.07 secs] 
2023-10-23T15:41:38.654+0800: 424240.935: [GC (Allocation Failure) 2023-10-23T15:41:38.654+0800: 424240.935: [ParNew: 8184323K->288285K(9175040K), 0.0776578 secs] 40612612K->32729850K(65798144K), 0.0779297 secs] [Times: user=1.15 sys=0.02, real=0.08 secs] 
2023-10-23T15:41:50.742+0800: 424253.023: [GC (Allocation Failure) 2023-10-23T15:41:50.742+0800: 424253.023: [ParNew: 8152605K->235587K(9175040K), 0.0885071 secs] 40594170K->32746993K(65798144K), 0.0888409 secs] [Times: user=1.25 sys=0.00, real=0.09 secs] 
2023-10-23T15:42:02.970+0800: 424265.252: [GC (Allocation Failure) 2023-10-23T15:42:02.971+0800: 424265.252: [ParNew: 8099907K->204500K(9175040K), 0.1231702 secs] 40611313K->32754007K(65798144K), 0.1234662 secs] [Times: user=0.79 sys=1.09, real=0.12 secs] 
2023-10-23T15:42:15.047+0800: 424277.328: [GC (Allocation Failure) 2023-10-23T15:42:15.047+0800: 424277.328: [ParNew: 8068820K->196477K(9175040K), 0.0766552 secs] 40618327K->32764442K(65798144K), 0.0769498 secs] [Times: user=0.42 sys=0.75, real=0.07 secs] 
2023-10-23T15:42:27.136+0800: 424289.418: [GC (Allocation Failure) 2023-10-23T15:42:27.136+0800: 424289.418: [ParNew: 8060797K->169412K(9175040K), 0.0702785 secs] 40628762K->32745263K(65798144K), 0.0705531 secs] [Times: user=0.90 sys=0.22, real=0.07 secs] 
2023-10-23T15:42:38.979+0800: 424301.261: [GC (Allocation Failure) 2023-10-23T15:42:38.980+0800: 424301.261: [ParNew: 8033732K->161514K(9175040K), 0.0549287 secs] 40609583K->32744398K(65798144K), 0.0551992 secs] [Times: user=0.45 sys=0.41, real=0.05 secs] 
2023-10-23T15:42:51.597+0800: 424313.878: [GC (Allocation Failure) 2023-10-23T15:42:51.597+0800: 424313.878: [ParNew: 8025834K->160493K(9175040K), 0.1198107 secs] 40608718K->32757345K(65798144K), 0.1201000 secs] [Times: user=0.65 sys=1.37, real=0.12 secs] 
2023-10-23T15:43:04.510+0800: 424326.791: [GC (Allocation Failure) 2023-10-23T15:43:04.510+0800: 424326.791: [ParNew: 8024813K->156695K(9175040K), 0.0616914 secs] 40621665K->32754454K(65798144K), 0.0620031 secs] [Times: user=0.30 sys=0.73, real=0.06 secs] 
2023-10-23T15:43:16.222+0800: 424338.503: [GC (Allocation Failure) 2023-10-23T15:43:16.222+0800: 424338.504: [ParNew: 8021015K->177797K(9175040K), 0.0718362 secs] 40618774K->32786160K(65798144K), 0.0721054 secs] [Times: user=0.29 sys=0.90, real=0.07 secs] 
2023-10-23T15:43:28.175+0800: 424350.457: [GC (Allocation Failure) 2023-10-23T15:43:28.175+0800: 424350.457: [ParNew: 8042117K->168317K(9175040K), 0.1106532 secs] 40650480K->32777415K(65798144K), 0.1109403 secs] [Times: user=0.73 sys=1.18, real=0.12 secs] 
2023-10-23T15:43:39.996+0800: 424362.277: [GC (Allocation Failure) 2023-10-23T15:43:39.996+0800: 424362.277: [ParNew: 8032637K->202158K(9175040K), 0.0625001 secs] 40641735K->32812701K(65798144K), 0.0627610 secs] [Times: user=0.41 sys=0.63, real=0.06 secs] 
2023-10-23T15:44:18.454+0800: 424400.735: [GC (Allocation Failure) 2023-10-23T15:44:18.454+0800: 424400.735: [ParNew: 8066478K->204791K(9175040K), 0.1079611 secs] 40677021K->32817133K(65798144K), 0.1082331 secs] [Times: user=0.77 sys=1.05, real=0.11 secs] 
2023-10-23T15:45:11.823+0800: 424454.104: [GC (Allocation Failure) 2023-10-23T15:45:11.823+0800: 424454.104: [ParNew: 8069111K->280499K(9175040K), 0.1633660 secs] 40681453K->32895207K(65798144K), 0.1636491 secs] [Times: user=0.42 sys=2.33, real=0.17 secs] 
2023-10-23T15:45:38.949+0800: 424481.230: [GC (Allocation Failure) 2023-10-23T15:45:38.949+0800: 424481.230: [ParNew: 8144819K->319574K(9175040K), 0.1516573 secs] 40759527K->32943893K(65798144K), 0.1519764 secs] [Times: user=0.69 sys=1.85, real=0.15 secs] 
2023-10-23T15:46:07.690+0800: 424509.971: [GC (Allocation Failure) 2023-10-23T15:46:07.690+0800: 424509.971: [ParNew: 8183894K->410150K(9175040K), 0.1200478 secs] 40808213K->33036571K(65798144K), 0.1203960 secs] [Times: user=0.98 sys=0.93, real=0.12 secs] 
2023-10-23T15:46:33.518+0800: 424535.799: [GC (Allocation Failure) 2023-10-23T15:46:33.518+0800: 424535.799: [ParNew: 8274470K->451256K(9175040K), 0.1498186 secs] 40900891K->33079207K(65798144K), 0.1501424 secs] [Times: user=0.78 sys=1.74, real=0.15 secs] 
2023-10-23T15:46:48.423+0800: 424550.704: [GC (Allocation Failure) 2023-10-23T15:46:48.423+0800: 424550.704: [ParNew: 8315576K->570751K(9175040K), 0.0952182 secs] 40943527K->33200834K(65798144K), 0.0955107 secs] [Times: user=0.59 sys=0.95, real=0.10 secs] 
2023-10-23T15:47:00.052+0800: 424562.333: [GC (Allocation Failure) 2023-10-23T15:47:00.052+0800: 424562.333: [ParNew: 8435071K->547332K(9175040K), 0.1298485 secs] 41065154K->33179681K(65798144K), 0.1302781 secs] [Times: user=1.06 sys=1.09, real=0.13 secs] 
2023-10-23T15:47:19.184+0800: 424581.465: [GC (Allocation Failure) 2023-10-23T15:47:19.184+0800: 424581.466: [ParNew: 8411652K->560629K(9175040K), 0.1281344 secs] 41044001K->33195529K(65798144K), 0.1284983 secs] [Times: user=1.23 sys=0.83, real=0.13 secs] 
2023-10-23T15:47:41.763+0800: 424604.044: [GC (Allocation Failure) 2023-10-23T15:47:41.763+0800: 424604.044: [ParNew: 8424949K->671079K(9175040K), 0.1154428 secs] 41059849K->33307154K(65798144K), 0.1159283 secs] [Times: user=1.32 sys=0.47, real=0.12 secs] 
2023-10-23T15:48:03.798+0800: 424626.079: [GC (Allocation Failure) 2023-10-23T15:48:03.798+0800: 424626.079: [ParNew: 8535399K->681028K(9175040K), 0.1693735 secs] 41171474K->33318467K(65798144K), 0.1698087 secs] [Times: user=1.83 sys=0.92, real=0.17 secs] 
2023-10-23T15:48:22.439+0800: 424644.720: [GC (Allocation Failure) 2023-10-23T15:48:22.439+0800: 424644.720: [ParNew: 8545348K->691254K(9175040K), 0.1234143 secs] 41182787K->33329458K(65798144K), 0.1238514 secs] [Times: user=1.40 sys=0.54, real=0.12 secs] 
2023-10-23T15:48:34.951+0800: 424657.232: [GC (Allocation Failure) 2023-10-23T15:48:34.951+0800: 424657.232: [ParNew: 8555574K->773652K(9175040K), 0.1592629 secs] 41193778K->33412304K(65798144K), 0.1596591 secs] [Times: user=1.17 sys=1.41, real=0.16 secs] 
2023-10-23T15:48:47.494+0800: 424669.775: [GC (Allocation Failure) 2023-10-23T15:48:47.494+0800: 424669.776: [ParNew: 8637972K->788680K(9175040K), 0.1137972 secs] 41276624K->33431062K(65798144K), 0.1141763 secs] [Times: user=1.48 sys=0.27, real=0.12 secs] 
2023-10-23T15:49:00.868+0800: 424683.149: [GC (Allocation Failure) 2023-10-23T15:49:00.868+0800: 424683.149: [ParNew: 8653000K->855011K(9175040K), 0.1159343 secs] 41295382K->33498221K(65798144K), 0.1163742 secs] [Times: user=1.54 sys=0.25, real=0.11 secs] 
2023-10-23T15:49:13.699+0800: 424695.980: [GC (Allocation Failure) 2023-10-23T15:49:13.699+0800: 424695.981: [ParNew: 8719331K->823454K(9175040K), 0.1531909 secs] 41362541K->33468050K(65798144K), 0.1536615 secs] [Times: user=1.26 sys=1.19, real=0.15 secs] 
2023-10-23T15:49:26.433+0800: 424708.715: [GC (Allocation Failure) 2023-10-23T15:49:26.434+0800: 424708.715: [ParNew: 8687774K->927888K(9175040K), 0.1316934 secs] 41332370K->33579058K(65798144K), 0.1320763 secs] [Times: user=1.53 sys=0.53, real=0.13 secs] 
2023-10-23T15:49:39.546+0800: 424721.828: [GC (Allocation Failure) 2023-10-23T15:49:39.547+0800: 424721.828: [ParNew: 8792208K->891175K(9175040K), 0.1228999 secs] 41443378K->33581136K(65798144K), 0.1232931 secs] [Times: user=1.56 sys=0.23, real=0.12 secs] 
2023-10-23T15:49:52.332+0800: 424734.613: [GC (Allocation Failure) 2023-10-23T15:49:52.332+0800: 424734.614: [ParNew: 8755495K->976523K(9175040K), 0.1407235 secs] 41445456K->33719630K(65798144K), 0.1411071 secs] [Times: user=1.60 sys=0.50, real=0.14 secs] 
2023-10-23T15:50:04.381+0800: 424746.662: [GC (Allocation Failure) 2023-10-23T15:50:04.381+0800: 424746.663: [ParNew: 8840843K->771392K(9175040K), 0.1519754 secs] 41583950K->33563937K(65798144K), 0.1523820 secs] [Times: user=1.72 sys=0.60, real=0.15 secs] 
2023-10-23T15:50:17.254+0800: 424759.535: [GC (Allocation Failure) 2023-10-23T15:50:17.254+0800: 424759.535: [ParNew: 8635712K->815448K(9175040K), 0.1201839 secs] 41428257K->33659120K(65798144K), 0.1205512 secs] [Times: user=1.65 sys=0.09, real=0.12 secs] 
2023-10-23T15:50:29.748+0800: 424772.030: [GC (Allocation Failure) 2023-10-23T15:50:29.749+0800: 424772.030: [ParNew: 8679768K->854531K(9175040K), 0.1145505 secs] 41523440K->33734349K(65798144K), 0.1149364 secs] [Times: user=1.57 sys=0.12, real=0.11 secs] 
2023-10-23T15:50:41.934+0800: 424784.216: [GC (Allocation Failure) 2023-10-23T15:50:41.935+0800: 424784.216: [ParNew: 8718851K->807681K(9175040K), 0.1659018 secs] 41598669K->33719223K(65798144K), 0.1663419 secs] [Times: user=1.42 sys=1.25, real=0.17 secs] 
2023-10-23T15:50:54.183+0800: 424796.464: [GC (Allocation Failure) 2023-10-23T15:50:54.183+0800: 424796.465: [ParNew: 8672001K->739443K(9175040K), 0.1115375 secs] 41583543K->33701340K(65798144K), 0.1119272 secs] [Times: user=1.58 sys=0.13, real=0.11 secs] 
2023-10-23T15:51:06.448+0800: 424808.729: [GC (Allocation Failure) 2023-10-23T15:51:06.448+0800: 424808.729: [ParNew: 8603763K->750393K(9175040K), 0.1098178 secs] 41565660K->33761352K(65798144K), 0.1102124 secs] [Times: user=1.44 sys=0.22, real=0.11 secs] 
2023-10-23T15:51:18.455+0800: 424820.736: [GC (Allocation Failure) 2023-10-23T15:51:18.455+0800: 424820.736: [ParNew: 8614713K->722854K(9175040K), 0.1263438 secs] 41625672K->33782451K(65798144K), 0.1268006 secs] [Times: user=1.22 sys=0.73, real=0.13 secs] 
2023-10-23T15:51:30.054+0800: 424832.335: [GC (Allocation Failure) 2023-10-23T15:51:30.054+0800: 424832.336: [ParNew: 8587174K->666328K(9175040K), 0.1207841 secs] 41646771K->33775276K(65798144K), 0.1212296 secs] [Times: user=1.46 sys=0.39, real=0.12 secs] 
2023-10-23T15:51:41.424+0800: 424843.705: [GC (Allocation Failure) 2023-10-23T15:51:41.424+0800: 424843.705: [ParNew: 8530648K->677715K(9175040K), 0.1064722 secs] 41639596K->33817483K(65798144K), 0.1068811 secs] [Times: user=0.90 sys=0.73, real=0.11 secs] 
2023-10-23T15:51:52.542+0800: 424854.823: [GC (Allocation Failure) 2023-10-23T15:51:52.542+0800: 424854.823: [ParNew: 8542035K->638450K(9175040K), 0.1056969 secs] 41681803K->33805958K(65798144K), 0.1061315 secs] [Times: user=0.84 sys=0.80, real=0.11 secs] 
2023-10-23T15:52:03.381+0800: 424865.662: [GC (Allocation Failure) 2023-10-23T15:52:03.381+0800: 424865.662: [ParNew: 8502770K->554013K(9175040K), 0.1343972 secs] 41670278K->33750634K(65798144K), 0.1347821 secs] [Times: user=1.28 sys=0.86, real=0.13 secs] 
2023-10-23T15:52:14.123+0800: 424876.404: [GC (Allocation Failure) 2023-10-23T15:52:14.123+0800: 424876.404: [ParNew: 8418333K->724918K(9175040K), 0.1176050 secs] 41614954K->33950613K(65798144K), 0.1180455 secs] [Times: user=1.45 sys=0.39, real=0.12 secs] 
2023-10-23T15:52:24.949+0800: 424887.230: [GC (Allocation Failure) 2023-10-23T15:52:24.949+0800: 424887.230: [ParNew: 8589238K->642087K(9175040K), 0.1023756 secs] 41814933K->33902427K(65798144K), 0.1027540 secs] [Times: user=0.90 sys=0.68, real=0.10 secs] 
2023-10-23T15:52:35.176+0800: 424897.457: [GC (Allocation Failure) 2023-10-23T15:52:35.176+0800: 424897.458: [ParNew: 8506407K->630656K(9175040K), 0.0968110 secs] 41766747K->33920542K(65798144K), 0.0971851 secs] [Times: user=1.39 sys=0.09, real=0.09 secs] 
2023-10-23T15:52:44.927+0800: 424907.208: [GC (Allocation Failure) 2023-10-23T15:52:44.927+0800: 424907.209: [ParNew: 8494976K->649354K(9175040K), 0.1080031 secs] 41784862K->33967710K(65798144K), 0.1084037 secs] [Times: user=1.54 sys=0.12, real=0.11 secs] 
2023-10-23T15:52:54.341+0800: 424916.622: [GC (Allocation Failure) 2023-10-23T15:52:54.341+0800: 424916.623: [ParNew: 8513674K->640912K(9175040K), 0.1123201 secs] 41832030K->33987083K(65798144K), 0.1127044 secs] [Times: user=1.46 sys=0.30, real=0.11 secs] 
2023-10-23T15:53:04.422+0800: 424926.703: [GC (Allocation Failure) 2023-10-23T15:53:04.422+0800: 424926.704: [ParNew: 8505232K->630543K(9175040K), 0.0955949 secs] 41851403K->34005495K(65798144K), 0.0960467 secs] [Times: user=1.43 sys=0.01, real=0.10 secs] 
2023-10-23T15:53:14.273+0800: 424936.554: [GC (Allocation Failure) 2023-10-23T15:53:14.273+0800: 424936.554: [ParNew: 8494863K->594609K(9175040K), 0.1024471 secs] 41869815K->34003791K(65798144K), 0.1028855 secs] [Times: user=1.44 sys=0.13, real=0.11 secs] 
2023-10-23T15:53:24.341+0800: 424946.623: [GC (Allocation Failure) 2023-10-23T15:53:24.342+0800: 424946.623: [ParNew: 8458929K->623908K(9175040K), 0.0917510 secs] 41868111K->34061098K(65798144K), 0.0921366 secs] [Times: user=1.35 sys=0.02, real=0.09 secs] 
2023-10-23T15:53:33.992+0800: 424956.273: [GC (Allocation Failure) 2023-10-23T15:53:33.992+0800: 424956.273: [ParNew: 8488228K->609973K(9175040K), 0.1356218 secs] 41925418K->34075210K(65798144K), 0.1360932 secs] [Times: user=1.21 sys=0.94, real=0.14 secs] 
2023-10-23T15:53:43.341+0800: 424965.622: [GC (Allocation Failure) 2023-10-23T15:53:43.341+0800: 424965.622: [ParNew: 8474293K->594450K(9175040K), 0.1115487 secs] 41939530K->34087132K(65798144K), 0.1119294 secs] [Times: user=0.69 sys=1.04, real=0.11 secs] 
2023-10-23T15:53:53.629+0800: 424975.911: [GC (Allocation Failure) 2023-10-23T15:53:53.630+0800: 424975.911: [ParNew: 8458770K->595912K(9175040K), 0.0968747 secs] 41951452K->34116340K(65798144K), 0.0972733 secs] [Times: user=1.41 sys=0.01, real=0.10 secs] 
2023-10-23T15:54:03.620+0800: 424985.901: [GC (Allocation Failure) 2023-10-23T15:54:03.620+0800: 424985.902: [ParNew: 8460232K->588172K(9175040K), 0.0928573 secs] 41980660K->34137417K(65798144K), 0.0932231 secs] [Times: user=1.28 sys=0.12, real=0.09 secs] 
2023-10-23T15:54:12.910+0800: 424995.191: [GC (Allocation Failure) 2023-10-23T15:54:12.910+0800: 424995.192: [ParNew: 8452492K->577469K(9175040K), 0.0865755 secs] 42001737K->34156268K(65798144K), 0.0869638 secs] [Times: user=1.44 sys=0.00, real=0.09 secs] 
2023-10-23T15:54:22.018+0800: 425004.299: [GC (Allocation Failure) 2023-10-23T15:54:22.018+0800: 425004.299: [ParNew: 8441789K->583354K(9175040K), 0.1361086 secs] 42020588K->34187288K(65798144K), 0.1365348 secs] [Times: user=1.07 sys=1.11, real=0.13 secs] 
2023-10-23T15:54:31.040+0800: 425013.321: [GC (Allocation Failure) 2023-10-23T15:54:31.040+0800: 425013.321: [ParNew: 8447674K->593179K(9175040K), 0.0912454 secs] 42051608K->34221477K(65798144K), 0.0916036 secs] [Times: user=0.78 sys=0.59, real=0.09 secs] 
2023-10-23T15:54:40.267+0800: 425022.548: [GC (Allocation Failure) 2023-10-23T15:54:40.267+0800: 425022.548: [ParNew: 8457499K->536757K(9175040K), 0.0978973 secs] 42085797K->34190015K(65798144K), 0.0982752 secs] [Times: user=1.44 sys=0.07, real=0.09 secs] 
2023-10-23T15:54:49.497+0800: 425031.778: [GC (Allocation Failure) 2023-10-23T15:54:49.497+0800: 425031.778: [ParNew: 8401077K->596718K(9175040K), 0.0927596 secs] 42054335K->34274351K(65798144K), 0.0931508 secs] [Times: user=0.80 sys=0.61, real=0.09 secs] 
2023-10-23T15:54:59.171+0800: 425041.452: [GC (Allocation Failure) 2023-10-23T15:54:59.171+0800: 425041.452: [ParNew: 8461038K->573616K(9175040K), 0.1278587 secs] 42138671K->34278333K(65798144K), 0.1282572 secs] [Times: user=1.16 sys=0.88, real=0.13 secs] 
2023-10-23T15:55:08.859+0800: 425051.140: [GC (Allocation Failure) 2023-10-23T15:55:08.859+0800: 425051.141: [ParNew: 8437936K->499782K(9175040K), 0.1055435 secs] 42142653K->34229389K(65798144K), 0.1059333 secs] [Times: user=0.74 sys=0.90, real=0.10 secs] 
2023-10-23T15:55:19.025+0800: 425061.307: [GC (Allocation Failure) 2023-10-23T15:55:19.026+0800: 425061.307: [ParNew: 8364102K->511885K(9175040K), 0.0904997 secs] 42093709K->34263869K(65798144K), 0.0908564 secs] [Times: user=1.43 sys=0.00, real=0.10 secs] 
2023-10-23T15:55:29.332+0800: 425071.614: [GC (Allocation Failure) 2023-10-23T15:55:29.333+0800: 425071.614: [ParNew: 8376205K->570973K(9175040K), 0.0967065 secs] 42128189K->34345769K(65798144K), 0.0971316 secs] [Times: user=1.39 sys=0.09, real=0.10 secs] 
2023-10-23T15:55:39.407+0800: 425081.689: [GC (Allocation Failure) 2023-10-23T15:55:39.408+0800: 425081.689: [ParNew: 8435293K->596092K(9175040K), 0.1197545 secs] 42210089K->34393398K(65798144K), 0.1201552 secs] [Times: user=1.10 sys=0.80, real=0.12 secs] 
2023-10-23T15:55:48.872+0800: 425091.153: [GC (Allocation Failure) 2023-10-23T15:55:48.872+0800: 425091.154: [ParNew: 8460412K->550305K(9175040K), 0.1025279 secs] 42257718K->34370328K(65798144K), 0.1029700 secs] [Times: user=1.42 sys=0.18, real=0.10 secs] 
2023-10-23T15:55:59.095+0800: 425101.377: [GC (Allocation Failure) 2023-10-23T15:55:59.096+0800: 425101.377: [ParNew: 8414625K->638660K(9175040K), 0.0891376 secs] 42234648K->34480630K(65798144K), 0.0895120 secs] [Times: user=1.34 sys=0.00, real=0.09 secs] 
2023-10-23T15:56:09.203+0800: 425111.485: [GC (Allocation Failure) 2023-10-23T15:56:09.204+0800: 425111.485: [ParNew: 8502980K->548933K(9175040K), 0.0931250 secs] 42344950K->34420537K(65798144K), 0.0935040 secs] [Times: user=0.79 sys=0.64, real=0.10 secs] 
2023-10-23T15:56:19.401+0800: 425121.682: [GC (Allocation Failure) 2023-10-23T15:56:19.401+0800: 425121.682: [ParNew: 8413253K->532402K(9175040K), 0.0857332 secs] 42284857K->34426451K(65798144K), 0.0861762 secs] [Times: user=0.77 sys=0.51, real=0.09 secs] 
2023-10-23T15:56:29.291+0800: 425131.573: [GC (Allocation Failure) 2023-10-23T15:56:29.292+0800: 425131.573: [ParNew: 8396722K->546566K(9175040K), 0.1443592 secs] 42290771K->34462927K(65798144K), 0.1448792 secs] [Times: user=1.12 sys=1.21, real=0.15 secs] 
2023-10-23T15:56:39.259+0800: 425141.541: [GC (Allocation Failure) 2023-10-23T15:56:39.260+0800: 425141.541: [ParNew: 8410886K->583937K(9175040K), 0.0960161 secs] 42327247K->34521485K(65798144K), 0.0964360 secs] [Times: user=0.78 sys=0.70, real=0.10 secs] 
2023-10-23T15:56:49.527+0800: 425151.808: [GC (Allocation Failure) 2023-10-23T15:56:49.527+0800: 425151.808: [ParNew: 8448257K->583237K(9175040K), 0.0935181 secs] 42385805K->34541872K(65798144K), 0.0938818 secs] [Times: user=1.45 sys=0.07, real=0.09 secs] 
2023-10-23T15:56:59.329+0800: 425161.611: [GC (Allocation Failure) 2023-10-23T15:56:59.329+0800: 425161.611: [ParNew: 8447557K->523951K(9175040K), 0.0952874 secs] 42406192K->34502925K(65798144K), 0.0956469 secs] [Times: user=0.81 sys=0.66, real=0.09 secs] 
2023-10-23T15:57:09.148+0800: 425171.430: [GC (Allocation Failure) 2023-10-23T15:57:09.149+0800: 425171.430: [ParNew: 8388271K->550496K(9175040K), 0.1208612 secs] 42367245K->34550293K(65798144K), 0.1212575 secs] [Times: user=1.20 sys=0.71, real=0.12 secs] 
2023-10-23T15:57:18.789+0800: 425181.070: [GC (Allocation Failure) 2023-10-23T15:57:18.789+0800: 425181.070: [ParNew: 8414816K->505083K(9175040K), 0.1010075 secs] 42414613K->34532964K(65798144K), 0.1013688 secs] [Times: user=0.79 sys=0.77, real=0.10 secs] 
2023-10-23T15:57:29.219+0800: 425191.500: [GC (Allocation Failure) 2023-10-23T15:57:29.219+0800: 425191.501: [ParNew: 8369403K->583282K(9175040K), 0.0901720 secs] 42397284K->34632845K(65798144K), 0.0905336 secs] [Times: user=1.42 sys=0.00, real=0.09 secs] 
2023-10-23T15:57:39.117+0800: 425201.398: [GC (Allocation Failure) 2023-10-23T15:57:39.117+0800: 425201.398: [ParNew: 8447602K->494654K(9175040K), 0.0957740 secs] 42497165K->34566175K(65798144K), 0.0961529 secs] [Times: user=1.42 sys=0.05, real=0.09 secs] 
2023-10-23T15:57:49.215+0800: 425211.497: [GC (Allocation Failure) 2023-10-23T15:57:49.216+0800: 425211.497: [ParNew: 8358974K->555228K(9175040K), 0.0856326 secs] 42430495K->34649321K(65798144K), 0.0859865 secs] [Times: user=1.39 sys=0.00, real=0.09 secs] 
2023-10-23T15:57:59.195+0800: 425221.476: [GC (Allocation Failure) 2023-10-23T15:57:59.195+0800: 425221.477: [ParNew: 8419548K->572078K(9175040K), 0.1404061 secs] 42513641K->34689147K(65798144K), 0.1408227 secs] [Times: user=1.14 sys=1.11, real=0.15 secs] 
2023-10-23T15:58:09.042+0800: 425231.323: [GC (Allocation Failure) 2023-10-23T15:58:09.042+0800: 425231.323: [ParNew: 8436398K->578950K(9175040K), 0.0974394 secs] 42553467K->34718396K(65798144K), 0.0978202 secs] [Times: user=1.38 sys=0.11, real=0.10 secs] 
2023-10-23T15:58:18.949+0800: 425241.230: [GC (Allocation Failure) 2023-10-23T15:58:18.949+0800: 425241.230: [ParNew: 8443270K->531764K(9175040K), 0.0876062 secs] 42582716K->34697232K(65798144K), 0.0879768 secs] [Times: user=1.37 sys=0.00, real=0.09 secs] 
2023-10-23T15:58:29.138+0800: 425251.419: [GC (Allocation Failure) 2023-10-23T15:58:29.138+0800: 425251.419: [ParNew: 8396084K->567567K(9175040K), 0.0936103 secs] 42561552K->34755483K(65798144K), 0.0940121 secs] [Times: user=0.78 sys=0.64, real=0.09 secs] 
2023-10-23T15:58:38.994+0800: 425261.276: [GC (Allocation Failure) 2023-10-23T15:58:38.995+0800: 425261.276: [ParNew: 8431887K->519743K(9175040K), 0.1264382 secs] 42619803K->34729859K(65798144K), 0.1269010 secs] [Times: user=1.15 sys=0.85, real=0.13 secs] 
2023-10-23T15:58:48.330+0800: 425270.611: [GC (Allocation Failure) 2023-10-23T15:58:48.330+0800: 425270.611: [ParNew: 8384063K->580244K(9175040K), 0.0956232 secs] 42594179K->34812907K(65798144K), 0.0960210 secs] [Times: user=1.37 sys=0.10, real=0.10 secs] 
2023-10-23T15:58:57.405+0800: 425279.686: [GC (Allocation Failure) 2023-10-23T15:58:57.405+0800: 425279.686: [ParNew: 8444564K->617463K(9175040K), 0.0903429 secs] 42677227K->34872488K(65798144K), 0.0907100 secs] [Times: user=1.38 sys=0.04, real=0.09 secs] 
2023-10-23T15:59:06.354+0800: 425288.635: [GC (Allocation Failure) 2023-10-23T15:59:06.354+0800: 425288.635: [ParNew: 8481783K->570891K(9175040K), 0.0936539 secs] 42736808K->34848580K(65798144K), 0.0940034 secs] [Times: user=1.34 sys=0.09, real=0.10 secs] 
2023-10-23T15:59:20.568+0800: 425302.850: [GC (Allocation Failure) 2023-10-23T15:59:20.569+0800: 425302.850: [ParNew: 8435211K->568362K(9175040K), 0.0933485 secs] 42712900K->34870216K(65798144K), 0.0937172 secs] [Times: user=0.76 sys=0.66, real=0.09 secs] 
2023-10-23T15:59:55.602+0800: 425337.883: [GC (Allocation Failure) 2023-10-23T15:59:55.602+0800: 425337.883: [ParNew: 8432682K->542473K(9175040K), 0.1820836 secs] 42734536K->34870190K(65798144K), 0.1823945 secs] [Times: user=1.41 sys=1.62, real=0.18 secs] 
2023-10-23T16:00:43.154+0800: 425385.435: [GC (Allocation Failure) 2023-10-23T16:00:43.154+0800: 425385.436: [ParNew: 8406793K->624587K(9175040K), 0.1949308 secs] 42734510K->34974299K(65798144K), 0.1952269 secs] [Times: user=1.39 sys=1.87, real=0.20 secs] 
2023-10-23T16:01:26.107+0800: 425428.388: [GC (Allocation Failure) 2023-10-23T16:01:26.107+0800: 425428.388: [ParNew: 8488907K->662951K(9175040K), 0.2150691 secs] 42838619K->35034806K(65798144K), 0.2154080 secs] [Times: user=1.37 sys=2.24, real=0.21 secs] 
2023-10-23T16:01:58.495+0800: 425460.776: [GC (Allocation Failure) 2023-10-23T16:01:58.495+0800: 425460.776: [ParNew: 8527271K->653617K(9175040K), 0.1348506 secs] 42899126K->35048221K(65798144K), 0.1351894 secs] [Times: user=1.31 sys=0.90, real=0.14 secs] 
2023-10-23T16:02:51.083+0800: 425513.365: [GC (Allocation Failure) 2023-10-23T16:02:51.083+0800: 425513.365: [ParNew: 8517937K->622962K(9175040K), 0.2145125 secs] 42912541K->35020391K(65798144K), 0.2148029 secs] [Times: user=1.46 sys=2.19, real=0.22 secs] 
2023-10-23T16:03:44.754+0800: 425567.036: [GC (Allocation Failure) 2023-10-23T16:03:44.755+0800: 425567.036: [ParNew: 8487282K->646998K(9175040K), 0.1905798 secs] 42884711K->35047021K(65798144K), 0.1909647 secs] [Times: user=1.32 sys=1.88, real=0.19 secs] 
2023-10-23T16:04:10.554+0800: 425592.835: [GC (Allocation Failure) 2023-10-23T16:04:10.554+0800: 425592.835: [ParNew: 8511318K->599424K(9175040K), 0.1102904 secs] 42911341K->35003546K(65798144K), 0.1105756 secs] [Times: user=1.21 sys=0.59, real=0.11 secs] 
2023-10-23T16:05:19.039+0800: 425661.321: [GC (Allocation Failure) 2023-10-23T16:05:19.039+0800: 425661.321: [ParNew: 8463744K->614919K(9175040K), 0.1997731 secs] 42867866K->35021492K(65798144K), 0.2000285 secs] [Times: user=1.24 sys=2.11, real=0.20 secs] 
2023-10-23T16:06:21.365+0800: 425723.646: [GC (Allocation Failure) 2023-10-23T16:06:21.365+0800: 425723.646: [ParNew: 8479239K->583932K(9175040K), 0.1972183 secs] 42885812K->34993049K(65798144K), 0.1974965 secs] [Times: user=1.24 sys=2.06, real=0.20 secs] 
2023-10-23T16:07:31.614+0800: 425793.896: [GC (Allocation Failure) 2023-10-23T16:07:31.615+0800: 425793.896: [ParNew: 8448252K->557743K(9175040K), 0.1967587 secs] 42857369K->34969432K(65798144K), 0.1970242 secs] [Times: user=1.23 sys=2.07, real=0.20 secs] 
2023-10-23T16:08:26.071+0800: 425848.353: [GC (Allocation Failure) 2023-10-23T16:08:26.072+0800: 425848.353: [ParNew: 8422063K->573587K(9175040K), 0.1965475 secs] 42833752K->34987906K(65798144K), 0.1968194 secs] [Times: user=1.20 sys=2.08, real=0.20 secs] 
2023-10-23T16:09:27.584+0800: 425909.865: [GC (Allocation Failure) 2023-10-23T16:09:27.584+0800: 425909.865: [ParNew: 8437907K->580278K(9175040K), 0.1999793 secs] 42852226K->34997237K(65798144K), 0.2002603 secs] [Times: user=1.29 sys=2.06, real=0.20 secs] 
2023-10-23T16:10:27.119+0800: 425969.400: [GC (Allocation Failure) 2023-10-23T16:10:27.119+0800: 425969.400: [ParNew: 8444598K->606434K(9175040K), 0.2039783 secs] 42861557K->35027214K(65798144K), 0.2042646 secs] [Times: user=0.86 sys=2.81, real=0.20 secs] 
2023-10-23T16:11:17.698+0800: 426019.979: [GC (Allocation Failure) 2023-10-23T16:11:17.698+0800: 426019.979: [ParNew: 8470754K->590759K(9175040K), 0.1880820 secs] 42891534K->35014001K(65798144K), 0.1884084 secs] [Times: user=0.73 sys=2.41, real=0.19 secs] 
2023-10-23T16:12:15.178+0800: 426077.459: [GC (Allocation Failure) 2023-10-23T16:12:15.178+0800: 426077.459: [ParNew: 8455079K->592204K(9175040K), 0.2129719 secs] 42878321K->35018614K(65798144K), 0.2132574 secs] [Times: user=1.41 sys=2.17, real=0.21 secs] 
2023-10-23T16:13:10.597+0800: 426132.878: [GC (Allocation Failure) 2023-10-23T16:13:10.597+0800: 426132.878: [ParNew: 8456524K->621201K(9175040K), 0.2024962 secs] 42882934K->35053707K(65798144K), 0.2028190 secs] [Times: user=1.20 sys=2.20, real=0.20 secs] 
2023-10-23T16:14:07.223+0800: 426189.504: [GC (Allocation Failure) 2023-10-23T16:14:07.223+0800: 426189.504: [ParNew: 8485521K->675006K(9175040K), 0.2106163 secs] 42918027K->35116321K(65798144K), 0.2109884 secs] [Times: user=0.79 sys=2.72, real=0.21 secs] 
2023-10-23T16:15:01.098+0800: 426243.379: [GC (Allocation Failure) 2023-10-23T16:15:01.098+0800: 426243.380: [ParNew: 8539326K->613990K(9175040K), 0.1613756 secs] 42980641K->35063224K(65798144K), 0.1617209 secs] [Times: user=0.90 sys=1.75, real=0.16 secs] 
2023-10-23T16:15:42.478+0800: 426284.759: [GC (Allocation Failure) 2023-10-23T16:15:42.478+0800: 426284.759: [ParNew: 8478310K->627904K(9175040K), 0.1870766 secs] 42927544K->35085583K(65798144K), 0.1873733 secs] [Times: user=1.55 sys=1.78, real=0.18 secs] 
2023-10-23T16:16:38.459+0800: 426340.740: [GC (Allocation Failure) 2023-10-23T16:16:38.459+0800: 426340.740: [ParNew: 8492224K->601572K(9175040K), 0.1939415 secs] 42949903K->35072044K(65798144K), 0.1942365 secs] [Times: user=0.73 sys=2.56, real=0.19 secs] 
2023-10-23T16:17:33.150+0800: 426395.431: [GC (Allocation Failure) 2023-10-23T16:17:33.150+0800: 426395.432: [ParNew: 8465892K->583562K(9175040K), 0.2011321 secs] 42936364K->35079943K(65798144K), 0.2014398 secs] [Times: user=0.85 sys=2.51, real=0.20 secs] 
2023-10-23T16:18:11.135+0800: 426433.416: [GC (Allocation Failure) 2023-10-23T16:18:11.135+0800: 426433.416: [ParNew: 8447882K->584904K(9175040K), 0.1107224 secs] 42944263K->35097227K(65798144K), 0.1110505 secs] [Times: user=1.08 sys=0.74, real=0.12 secs] 
2023-10-23T16:19:11.549+0800: 426493.830: [GC (Allocation Failure) 2023-10-23T16:19:11.549+0800: 426493.830: [ParNew: 8449224K->593480K(9175040K), 0.1901332 secs] 42961547K->35119924K(65798144K), 0.1904004 secs] [Times: user=0.68 sys=2.57, real=0.19 secs] 
2023-10-23T16:20:09.978+0800: 426552.259: [GC (Allocation Failure) 2023-10-23T16:20:09.978+0800: 426552.259: [ParNew: 8457800K->615441K(9175040K), 0.1915853 secs] 42984244K->35154769K(65798144K), 0.1919622 secs] [Times: user=0.72 sys=2.54, real=0.19 secs] 
2023-10-23T16:21:03.896+0800: 426606.177: [GC (Allocation Failure) 2023-10-23T16:21:03.896+0800: 426606.177: [ParNew: 8479761K->576763K(9175040K), 0.2074624 secs] 43019089K->35131020K(65798144K), 0.2078268 secs] [Times: user=0.66 sys=2.88, real=0.20 secs] 
2023-10-23T16:21:54.175+0800: 426656.457: [GC (Allocation Failure) 2023-10-23T16:21:54.176+0800: 426656.457: [ParNew: 8441083K->585122K(9175040K), 0.2058605 secs] 42995340K->35152002K(65798144K), 0.2062706 secs] [Times: user=1.42 sys=2.10, real=0.21 secs] 
2023-10-23T16:22:47.021+0800: 426709.302: [GC (Allocation Failure) 2023-10-23T16:22:47.021+0800: 426709.302: [ParNew: 8449442K->553639K(9175040K), 0.2156820 secs] 43016322K->35130356K(65798144K), 0.2160149 secs] [Times: user=1.27 sys=2.44, real=0.22 secs] 
2023-10-23T16:23:36.860+0800: 426759.141: [GC (Allocation Failure) 2023-10-23T16:23:36.860+0800: 426759.142: [ParNew: 8417959K->555244K(9175040K), 0.1819823 secs] 42994676K->35142231K(65798144K), 0.1822854 secs] [Times: user=1.15 sys=1.94, real=0.18 secs] 
2023-10-23T16:24:12.516+0800: 426794.798: [GC (Allocation Failure) 2023-10-23T16:24:12.517+0800: 426794.798: [ParNew: 8419564K->587164K(9175040K), 0.1428160 secs] 43006551K->35181762K(65798144K), 0.1431459 secs] [Times: user=1.15 sys=1.39, real=0.14 secs] 
2023-10-23T16:25:04.814+0800: 426847.095: [GC (Allocation Failure) 2023-10-23T16:25:04.814+0800: 426847.095: [ParNew: 8451484K->573738K(9175040K), 0.2054329 secs] 43046082K->35180259K(65798144K), 0.2057215 secs] [Times: user=0.86 sys=2.64, real=0.21 secs] 
2023-10-23T16:25:58.570+0800: 426900.851: [GC (Allocation Failure) 2023-10-23T16:25:58.570+0800: 426900.851: [ParNew: 8438058K->582515K(9175040K), 0.2059281 secs] 43044579K->35199647K(65798144K), 0.2062137 secs] [Times: user=1.33 sys=2.20, real=0.21 secs] 
2023-10-23T16:26:37.289+0800: 426939.570: [GC (Allocation Failure) 2023-10-23T16:26:37.289+0800: 426939.570: [ParNew: 8446835K->560790K(9175040K), 0.2163760 secs] 43063967K->35189029K(65798144K), 0.2166986 secs] [Times: user=1.52 sys=2.17, real=0.21 secs] 
2023-10-23T16:27:26.438+0800: 426988.719: [GC (Allocation Failure) 2023-10-23T16:27:26.438+0800: 426988.719: [ParNew: 8425110K->619374K(9175040K), 0.1403312 secs] 43053349K->35257493K(65798144K), 0.1407576 secs] [Times: user=1.03 sys=1.39, real=0.14 secs] 
2023-10-23T16:28:24.482+0800: 427046.763: [GC (Allocation Failure) 2023-10-23T16:28:24.482+0800: 427046.764: [ParNew: 8483694K->562616K(9175040K), 0.1875501 secs] 43121813K->35208815K(65798144K), 0.1878855 secs] [Times: user=1.36 sys=1.83, real=0.19 secs] 
2023-10-23T16:29:13.989+0800: 427096.270: [GC (Allocation Failure) 2023-10-23T16:29:13.989+0800: 427096.270: [ParNew: 8426936K->572899K(9175040K), 0.1933627 secs] 43073135K->35227399K(65798144K), 0.1936678 secs] [Times: user=0.65 sys=2.63, real=0.19 secs] 
2023-10-23T16:30:08.770+0800: 427151.051: [GC (Allocation Failure) 2023-10-23T16:30:08.770+0800: 427151.052: [ParNew: 8437219K->568655K(9175040K), 0.1958168 secs] 43091719K->35234854K(65798144K), 0.1961252 secs] [Times: user=1.31 sys=2.00, real=0.20 secs] 
2023-10-23T16:30:58.989+0800: 427201.270: [GC (Allocation Failure) 2023-10-23T16:30:58.989+0800: 427201.270: [ParNew: 8432975K->585025K(9175040K), 0.2060540 secs] 43099174K->35258785K(65798144K), 0.2063997 secs] [Times: user=1.32 sys=2.19, real=0.20 secs] 
2023-10-23T16:31:51.475+0800: 427253.756: [GC (Allocation Failure) 2023-10-23T16:31:51.475+0800: 427253.757: [ParNew: 8449345K->590600K(9175040K), 0.2109261 secs] 43123105K->35274363K(65798144K), 0.2112260 secs] [Times: user=1.39 sys=2.19, real=0.22 secs] 
2023-10-23T16:32:39.883+0800: 427302.164: [GC (Allocation Failure) 2023-10-23T16:32:39.883+0800: 427302.164: [ParNew: 8454920K->636212K(9175040K), 0.2115093 secs] 43138683K->35328408K(65798144K), 0.2119177 secs] [Times: user=1.43 sys=2.17, real=0.21 secs] 
2023-10-23T16:33:39.867+0800: 427362.149: [GC (Allocation Failure) 2023-10-23T16:33:39.868+0800: 427362.149: [ParNew: 8500532K->594117K(9175040K), 0.2190229 secs] 43192728K->35295120K(65798144K), 0.2194392 secs] [Times: user=1.19 sys=2.54, real=0.22 secs] 
2023-10-23T16:34:30.387+0800: 427412.668: [GC (Allocation Failure) 2023-10-23T16:34:30.387+0800: 427412.668: [ParNew: 8458437K->641887K(9175040K), 0.2373934 secs] 43159440K->35348892K(65798144K), 0.2377388 secs] [Times: user=0.81 sys=3.24, real=0.23 secs] 
2023-10-23T16:35:19.368+0800: 427461.649: [GC (Allocation Failure) 2023-10-23T16:35:19.368+0800: 427461.650: [ParNew: 8506207K->645040K(9175040K), 0.2294716 secs] 43213212K->35362903K(65798144K), 0.2297881 secs] [Times: user=1.26 sys=2.65, real=0.23 secs] 
2023-10-23T16:36:26.343+0800: 427528.624: [GC (Allocation Failure) 2023-10-23T16:36:26.343+0800: 427528.625: [ParNew: 8509360K->526735K(9175040K), 0.2389369 secs] 43227223K->35253671K(65798144K), 0.2392350 secs] [Times: user=0.55 sys=3.54, real=0.24 secs] 
2023-10-23T16:37:27.931+0800: 427590.212: [GC (Allocation Failure) 2023-10-23T16:37:27.931+0800: 427590.212: [ParNew: 8391055K->568893K(9175040K), 0.2356350 secs] 43117991K->35302522K(65798144K), 0.2359248 secs] [Times: user=1.17 sys=2.84, real=0.24 secs] 
2023-10-23T16:38:24.222+0800: 427646.503: [GC (Allocation Failure) 2023-10-23T16:38:24.222+0800: 427646.504: [ParNew: 8433213K->595616K(9175040K), 0.2370321 secs] 43166842K->35338481K(65798144K), 0.2373720 secs] [Times: user=1.04 sys=3.02, real=0.24 secs] 
2023-10-23T16:39:21.623+0800: 427703.904: [GC (Allocation Failure) 2023-10-23T16:39:21.623+0800: 427703.904: [ParNew: 8459936K->556220K(9175040K), 0.2396153 secs] 43202801K->35308827K(65798144K), 0.2399932 secs] [Times: user=1.13 sys=2.98, real=0.24 secs] 
2023-10-23T16:40:02.137+0800: 427744.418: [GC (Allocation Failure) 2023-10-23T16:40:02.137+0800: 427744.418: [ParNew: 8420540K->590389K(9175040K), 0.1281161 secs] 43173147K->35350726K(65798144K), 0.1284136 secs] [Times: user=0.98 sys=1.13, real=0.12 secs] 
2023-10-23T16:40:45.457+0800: 427787.738: [GC (Allocation Failure) 2023-10-23T16:40:45.457+0800: 427787.738: [ParNew: 8454709K->569394K(9175040K), 0.1776933 secs] 43215046K->35337804K(65798144K), 0.1779970 secs] [Times: user=0.74 sys=2.25, real=0.17 secs] 
2023-10-23T16:41:30.572+0800: 427832.854: [GC (Allocation Failure) 2023-10-23T16:41:30.573+0800: 427832.854: [ParNew: 8433714K->622235K(9175040K), 0.2105896 secs] 43202124K->35398022K(65798144K), 0.2108893 secs] [Times: user=1.49 sys=2.09, real=0.21 secs] 
2023-10-23T16:42:19.123+0800: 427881.404: [GC (Allocation Failure) 2023-10-23T16:42:19.123+0800: 427881.404: [ParNew: 8486555K->606059K(9175040K), 0.2166035 secs] 43262342K->35390775K(65798144K), 0.2169185 secs] [Times: user=1.35 sys=2.34, real=0.22 secs] 
2023-10-23T16:43:10.096+0800: 427932.377: [GC (Allocation Failure) 2023-10-23T16:43:10.096+0800: 427932.377: [ParNew: 8470379K->593561K(9175040K), 0.2310782 secs] 43255095K->35389088K(65798144K), 0.2314141 secs] [Times: user=1.32 sys=2.63, real=0.23 secs] 
2023-10-23T16:44:11.749+0800: 427994.030: [GC (Allocation Failure) 2023-10-23T16:44:11.749+0800: 427994.031: [ParNew: 8457881K->567705K(9175040K), 0.2462535 secs] 43253408K->35370439K(65798144K), 0.2466016 secs] [Times: user=1.17 sys=3.06, real=0.25 secs] 
2023-10-23T16:45:18.385+0800: 428060.666: [GC (Allocation Failure) 2023-10-23T16:45:18.385+0800: 428060.667: [ParNew: 8432025K->557287K(9175040K), 0.2348066 secs] 43234759K->35369064K(65798144K), 0.2351465 secs] [Times: user=1.22 sys=2.81, real=0.24 secs] 
2023-10-23T16:46:07.056+0800: 428109.337: [GC (Allocation Failure) 2023-10-23T16:46:07.056+0800: 428109.337: [ParNew: 8421607K->553110K(9175040K), 0.2393577 secs] 43233384K->35371958K(65798144K), 0.2396755 secs] [Times: user=1.13 sys=2.96, real=0.24 secs] 
2023-10-23T16:46:56.460+0800: 428158.741: [GC (Allocation Failure) 2023-10-23T16:46:56.460+0800: 428158.742: [ParNew: 8417430K->594413K(9175040K), 0.2393985 secs] 43236278K->35423202K(65798144K), 0.2397944 secs] [Times: user=1.31 sys=3.02, real=0.24 secs] 
2023-10-23T16:47:19.103+0800: 428181.384: [GC (Allocation Failure) 2023-10-23T16:47:19.103+0800: 428181.384: [ParNew: 8458733K->574486K(9175040K), 0.1105435 secs] 43287522K->35411035K(65798144K), 0.1108662 secs] [Times: user=1.31 sys=0.52, real=0.11 secs] 
2023-10-23T16:47:35.878+0800: 428198.159: [GC (Allocation Failure) 2023-10-23T16:47:35.878+0800: 428198.160: [ParNew: 8438806K->532090K(9175040K), 0.0968645 secs] 43275355K->35375812K(65798144K), 0.0971667 secs] [Times: user=1.50 sys=0.07, real=0.09 secs] 
2023-10-23T16:48:17.822+0800: 428240.103: [GC (Allocation Failure) 2023-10-23T16:48:17.822+0800: 428240.103: [ParNew: 8396410K->508113K(9175040K), 0.2045393 secs] 43240132K->35359964K(65798144K), 0.2048945 secs] [Times: user=1.67 sys=1.75, real=0.21 secs] 
2023-10-23T16:48:49.946+0800: 428272.228: [GC (Allocation Failure) 2023-10-23T16:48:49.947+0800: 428272.228: [ParNew: 8372433K->481304K(9175040K), 0.2018960 secs] 43224284K->35341469K(65798144K), 0.2022432 secs] [Times: user=1.38 sys=1.96, real=0.20 secs] 
2023-10-23T16:48:59.472+0800: 428281.753: [GC (Allocation Failure) 2023-10-23T16:48:59.472+0800: 428281.753: [ParNew: 8345624K->664535K(9175040K), 0.1122291 secs] 43205789K->35531772K(65798144K), 0.1125907 secs] [Times: user=0.88 sys=0.84, real=0.11 secs] 
2023-10-23T16:49:06.987+0800: 428289.268: [GC (Allocation Failure) 2023-10-23T16:49:06.987+0800: 428289.269: [ParNew: 8528855K->609144K(9175040K), 0.0991563 secs] 43396092K->35484002K(65798144K), 0.0995561 secs] [Times: user=1.53 sys=0.04, real=0.10 secs] 
2023-10-23T16:49:14.561+0800: 428296.842: [GC (Allocation Failure) 2023-10-23T16:49:14.561+0800: 428296.843: [ParNew: 8473464K->621256K(9175040K), 0.0936748 secs] 43348322K->35502787K(65798144K), 0.0940381 secs] [Times: user=1.42 sys=0.00, real=0.09 secs] 
2023-10-23T16:49:22.422+0800: 428304.704: [GC (Allocation Failure) 2023-10-23T16:49:22.423+0800: 428304.704: [ParNew: 8485576K->578580K(9175040K), 0.0993079 secs] 43367107K->35466788K(65798144K), 0.0996756 secs] [Times: user=1.56 sys=0.00, real=0.10 secs] 
2023-10-23T16:49:29.657+0800: 428311.939: [GC (Allocation Failure) 2023-10-23T16:49:29.658+0800: 428311.939: [ParNew: 8442900K->549076K(9175040K), 0.1505279 secs] 43331108K->35445678K(65798144K), 0.1509186 secs] [Times: user=1.13 sys=1.25, real=0.15 secs] 
2023-10-23T16:49:36.854+0800: 428319.135: [GC (Allocation Failure) 2023-10-23T16:49:36.854+0800: 428319.135: [ParNew: 8413396K->667740K(9175040K), 0.0954274 secs] 43309998K->35571121K(65798144K), 0.0957878 secs] [Times: user=0.80 sys=0.61, real=0.10 secs] 
2023-10-23T16:49:44.458+0800: 428326.739: [GC (Allocation Failure) 2023-10-23T16:49:44.458+0800: 428326.739: [ParNew: 8532060K->639060K(9175040K), 0.0948893 secs] 43435441K->35549978K(65798144K), 0.0952603 secs] [Times: user=1.39 sys=0.01, real=0.09 secs] 
2023-10-23T16:49:51.871+0800: 428334.153: [GC (Allocation Failure) 2023-10-23T16:49:51.872+0800: 428334.153: [ParNew: 8503380K->641529K(9175040K), 0.0964568 secs] 43414298K->35559431K(65798144K), 0.0968533 secs] [Times: user=1.39 sys=0.04, real=0.10 secs] 
2023-10-23T16:49:59.398+0800: 428341.680: [GC (Allocation Failure) 2023-10-23T16:49:59.399+0800: 428341.680: [ParNew: 8505849K->637291K(9175040K), 0.1015170 secs] 43423751K->35578575K(65798144K), 0.1019565 secs] [Times: user=1.43 sys=0.03, real=0.10 secs] 
2023-10-23T16:50:06.523+0800: 428348.805: [GC (Allocation Failure) 2023-10-23T16:50:06.523+0800: 428348.805: [ParNew: 8501611K->573484K(9175040K), 0.1287204 secs] 43442895K->35561670K(65798144K), 0.1291738 secs] [Times: user=1.34 sys=0.56, real=0.13 secs] 
2023-10-23T16:50:13.690+0800: 428355.971: [GC (Allocation Failure) 2023-10-23T16:50:13.690+0800: 428355.972: [ParNew: 8437804K->556385K(9175040K), 0.1060072 secs] 43425990K->35592983K(65798144K), 0.1064402 secs] [Times: user=1.41 sys=0.09, real=0.11 secs] 
2023-10-23T16:50:21.162+0800: 428363.443: [GC (Allocation Failure) 2023-10-23T16:50:21.162+0800: 428363.443: [ParNew: 8420705K->483539K(9175040K), 0.0940271 secs] 43457303K->35551677K(65798144K), 0.0944251 secs] [Times: user=0.76 sys=0.58, real=0.10 secs] 
2023-10-23T16:50:28.319+0800: 428370.600: [GC (Allocation Failure) 2023-10-23T16:50:28.319+0800: 428370.600: [ParNew: 8347859K->557753K(9175040K), 0.0837149 secs] 43415997K->35644081K(65798144K), 0.0841079 secs] [Times: user=1.35 sys=0.00, real=0.08 secs] 
2023-10-23T16:50:35.305+0800: 428377.586: [GC (Allocation Failure) 2023-10-23T16:50:35.305+0800: 428377.586: [ParNew: 8422073K->436106K(9175040K), 0.0857537 secs] 43508401K->35568815K(65798144K), 0.0861558 secs] [Times: user=1.34 sys=0.00, real=0.09 secs] 
2023-10-23T16:50:42.823+0800: 428385.104: [GC (Allocation Failure) 2023-10-23T16:50:42.823+0800: 428385.105: [ParNew: 8300426K->421036K(9175040K), 0.0828921 secs] 43433135K->35598814K(65798144K), 0.0833323 secs] [Times: user=0.77 sys=0.41, real=0.09 secs] 
2023-10-23T16:50:50.235+0800: 428392.516: [GC (Allocation Failure) 2023-10-23T16:50:50.235+0800: 428392.516: [ParNew: 8285356K->415268K(9175040K), 0.1257963 secs] 43463134K->35613629K(65798144K), 0.1261477 secs] [Times: user=1.10 sys=0.85, real=0.13 secs] 
2023-10-23T16:50:57.457+0800: 428399.738: [GC (Allocation Failure) 2023-10-23T16:50:57.457+0800: 428399.738: [ParNew: 8279588K->414172K(9175040K), 0.0904812 secs] 43477949K->35634632K(65798144K), 0.0908554 secs] [Times: user=0.67 sys=0.63, real=0.09 secs] 
2023-10-23T16:51:05.183+0800: 428407.464: [GC (Allocation Failure) 2023-10-23T16:51:05.183+0800: 428407.464: [ParNew: 8278492K->412596K(9175040K), 0.0837648 secs] 43498952K->35653371K(65798144K), 0.0841209 secs] [Times: user=0.63 sys=0.39, real=0.09 secs] 
2023-10-23T16:51:13.104+0800: 428415.386: [GC (Allocation Failure) 2023-10-23T16:51:13.105+0800: 428415.386: [ParNew: 8276916K->395605K(9175040K), 0.0827397 secs] 43517691K->35652843K(65798144K), 0.0830954 secs] [Times: user=1.16 sys=0.03, real=0.09 secs] 
2023-10-23T16:51:21.014+0800: 428423.296: [GC (Allocation Failure) 2023-10-23T16:51:21.015+0800: 428423.296: [ParNew: 8259925K->393883K(9175040K), 0.0779146 secs] 43517163K->35667392K(65798144K), 0.0783587 secs] [Times: user=1.18 sys=0.00, real=0.08 secs] 
2023-10-23T16:51:29.043+0800: 428431.324: [GC (Allocation Failure) 2023-10-23T16:51:29.043+0800: 428431.324: [ParNew: 8258203K->467684K(9175040K), 0.1202582 secs] 43531712K->35756989K(65798144K), 0.1206953 secs] [Times: user=1.03 sys=0.87, real=0.12 secs] 
2023-10-23T16:51:36.669+0800: 428438.950: [GC (Allocation Failure) 2023-10-23T16:51:36.669+0800: 428438.950: [ParNew: 8332004K->416186K(9175040K), 0.0903767 secs] 43621309K->35721406K(65798144K), 0.0908042 secs] [Times: user=0.67 sys=0.80, real=0.09 secs] 
2023-10-23T16:51:44.628+0800: 428446.909: [GC (Allocation Failure) 2023-10-23T16:51:44.628+0800: 428446.910: [ParNew: 8280506K->446336K(9175040K), 0.0822010 secs] 43585726K->35767600K(65798144K), 0.0825898 secs] [Times: user=0.70 sys=0.53, real=0.08 secs] 
2023-10-23T16:51:53.318+0800: 428455.599: [GC (Allocation Failure) 2023-10-23T16:51:53.318+0800: 428455.599: [ParNew: 8310656K->443286K(9175040K), 0.0876096 secs] 43631920K->35780715K(65798144K), 0.0902846 secs] [Times: user=0.66 sys=0.58, real=0.09 secs] 
2023-10-23T16:52:02.125+0800: 428464.406: [GC (Allocation Failure) 2023-10-23T16:52:02.125+0800: 428464.407: [ParNew: 8307606K->443962K(9175040K), 0.0867326 secs] 43645035K->35797604K(65798144K), 0.0871723 secs] [Times: user=0.67 sys=0.66, real=0.09 secs] 
2023-10-23T16:52:10.122+0800: 428472.403: [GC (Allocation Failure) 2023-10-23T16:52:10.122+0800: 428472.404: [ParNew: 8308282K->455585K(9175040K), 0.1207980 secs] 43661924K->35829495K(65798144K), 0.1212580 secs] [Times: user=0.97 sys=0.94, real=0.12 secs] 
2023-10-23T16:52:17.505+0800: 428479.786: [GC (Allocation Failure) 2023-10-23T16:52:17.505+0800: 428479.786: [ParNew: 8319905K->451079K(9175040K), 0.0875185 secs] 43693815K->35841162K(65798144K), 0.0879227 secs] [Times: user=0.69 sys=0.64, real=0.09 secs] 
2023-10-23T16:52:25.077+0800: 428487.359: [GC (Allocation Failure) 2023-10-23T16:52:25.078+0800: 428487.359: [ParNew: 8315399K->430263K(9175040K), 0.0869324 secs] 43705482K->35835898K(65798144K), 0.0873914 secs] [Times: user=0.71 sys=0.31, real=0.08 secs] 
2023-10-23T16:52:32.771+0800: 428495.052: [GC (Allocation Failure) 2023-10-23T16:52:32.771+0800: 428495.052: [ParNew: 8294583K->472271K(9175040K), 0.0902384 secs] 43700218K->35893069K(65798144K), 0.0906395 secs] [Times: user=1.29 sys=0.09, real=0.09 secs] 
2023-10-23T16:52:40.418+0800: 428502.699: [GC (Allocation Failure) 2023-10-23T16:52:40.418+0800: 428502.699: [ParNew: 8336591K->415870K(9175040K), 0.0878698 secs] 43757389K->35853306K(65798144K), 0.0882711 secs] [Times: user=0.76 sys=0.57, real=0.09 secs] 
2023-10-23T16:52:47.795+0800: 428510.076: [GC (Allocation Failure) 2023-10-23T16:52:47.795+0800: 428510.076: [ParNew: 8280190K->478502K(9175040K), 0.0795332 secs] 43717626K->35931942K(65798144K), 0.0800013 secs] [Times: user=1.36 sys=0.00, real=0.08 secs] 
2023-10-23T16:52:55.351+0800: 428517.632: [GC (Allocation Failure) 2023-10-23T16:52:55.351+0800: 428517.632: [ParNew: 8342822K->473958K(9175040K), 0.1304574 secs] 43796262K->35943696K(65798144K), 0.1309620 secs] [Times: user=1.12 sys=0.98, real=0.13 secs] 
2023-10-23T16:53:02.817+0800: 428525.098: [GC (Allocation Failure) 2023-10-23T16:53:02.817+0800: 428525.098: [ParNew: 8338278K->416889K(9175040K), 0.0892211 secs] 43808016K->35903102K(65798144K), 0.0896166 secs] [Times: user=1.28 sys=0.07, real=0.09 secs] 
2023-10-23T16:53:10.315+0800: 428532.597: [GC (Allocation Failure) 2023-10-23T16:53:10.316+0800: 428532.597: [ParNew: 8281209K->441867K(9175040K), 0.0871881 secs] 43767422K->35952160K(65798144K), 0.0875700 secs] [Times: user=1.31 sys=0.01, real=0.09 secs] 
2023-10-23T16:53:18.167+0800: 428540.448: [GC (Allocation Failure) 2023-10-23T16:53:18.167+0800: 428540.448: [ParNew: 8306187K->444762K(9175040K), 0.0948512 secs] 43816480K->35972687K(65798144K), 0.0953153 secs] [Times: user=1.28 sys=0.17, real=0.09 secs] 
2023-10-23T16:53:25.459+0800: 428547.740: [GC (Allocation Failure) 2023-10-23T16:53:25.459+0800: 428547.740: [ParNew: 8309082K->475372K(9175040K), 0.0783744 secs] 43837007K->36020250K(65798144K), 0.0787888 secs] [Times: user=0.67 sys=0.49, real=0.08 secs] 
2023-10-23T16:53:33.033+0800: 428555.315: [GC (Allocation Failure) 2023-10-23T16:53:33.034+0800: 428555.315: [ParNew: 8339692K->452214K(9175040K), 0.1207263 secs] 43884570K->36014462K(65798144K), 0.1212194 secs] [Times: user=0.45 sys=0.99, real=0.12 secs] 
2023-10-23T16:53:40.837+0800: 428563.119: [GC (Allocation Failure) 2023-10-23T16:53:40.838+0800: 428563.119: [ParNew: 8316534K->377803K(9175040K), 0.0925125 secs] 43878782K->35957234K(65798144K), 0.0929130 secs] [Times: user=1.29 sys=0.13, real=0.09 secs] 
2023-10-23T16:53:48.789+0800: 428571.071: [GC (Allocation Failure) 2023-10-23T16:53:48.790+0800: 428571.071: [ParNew: 8242123K->469472K(9175040K), 0.0898554 secs] 43821554K->36067484K(65798144K), 0.0903339 secs] [Times: user=0.70 sys=0.47, real=0.09 secs] 
2023-10-23T16:53:56.694+0800: 428578.976: [GC (Allocation Failure) 2023-10-23T16:53:56.695+0800: 428578.976: [ParNew: 8333792K->412773K(9175040K), 0.0891252 secs] 43931804K->36029207K(65798144K), 0.0895852 secs] [Times: user=1.27 sys=0.08, real=0.09 secs] 
2023-10-23T16:54:04.146+0800: 428586.427: [GC (Allocation Failure) 2023-10-23T16:54:04.146+0800: 428586.427: [ParNew: 8277093K->458941K(9175040K), 0.0855570 secs] 43893527K->36097146K(65798144K), 0.0860071 secs] [Times: user=1.31 sys=0.00, real=0.08 secs] 
2023-10-23T16:54:11.697+0800: 428593.978: [GC (Allocation Failure) 2023-10-23T16:54:11.697+0800: 428593.978: [ParNew: 8323261K->484530K(9175040K), 0.0795187 secs] 43961466K->36139423K(65798144K), 0.0799247 secs] [Times: user=0.78 sys=0.42, real=0.08 secs] 
2023-10-23T16:54:19.262+0800: 428601.543: [GC (Allocation Failure) 2023-10-23T16:54:19.262+0800: 428601.543: [ParNew: 8348850K->409840K(9175040K), 0.1113881 secs] 44003743K->36081528K(65798144K), 0.1118771 secs] [Times: user=1.19 sys=0.56, real=0.11 secs] 
2023-10-23T16:54:27.287+0800: 428609.568: [GC (Allocation Failure) 2023-10-23T16:54:27.287+0800: 428609.569: [ParNew: 8274160K->437693K(9175040K), 0.0869897 secs] 43945848K->36125589K(65798144K), 0.0874674 secs] [Times: user=0.69 sys=0.63, real=0.08 secs] 
2023-10-23T16:54:35.539+0800: 428617.820: [GC (Allocation Failure) 2023-10-23T16:54:35.539+0800: 428617.820: [ParNew: 8302013K->452428K(9175040K), 0.0886979 secs] 43989909K->36156771K(65798144K), 0.0891475 secs] [Times: user=1.27 sys=0.07, real=0.09 secs] 
2023-10-23T16:54:43.598+0800: 428625.880: [GC (Allocation Failure) 2023-10-23T16:54:43.599+0800: 428625.880: [ParNew: 8316748K->469386K(9175040K), 0.0844179 secs] 44021091K->36189958K(65798144K), 0.0848002 secs] [Times: user=1.27 sys=0.00, real=0.08 secs] 
2023-10-23T16:54:51.560+0800: 428633.841: [GC (Allocation Failure) 2023-10-23T16:54:51.560+0800: 428633.841: [ParNew: 8333706K->497713K(9175040K), 0.0780295 secs] 44054278K->36234803K(65798144K), 0.0785081 secs] [Times: user=1.35 sys=0.00, real=0.08 secs] 
2023-10-23T16:55:00.056+0800: 428642.337: [GC (Allocation Failure) 2023-10-23T16:55:00.056+0800: 428642.337: [ParNew: 8362033K->460702K(9175040K), 0.1367603 secs] 44099123K->36214501K(65798144K), 0.1372332 secs] [Times: user=1.01 sys=1.20, real=0.14 secs] 
2023-10-23T16:55:08.781+0800: 428651.063: [GC (Allocation Failure) 2023-10-23T16:55:08.782+0800: 428651.063: [ParNew: 8325022K->445479K(9175040K), 0.0891356 secs] 44078821K->36219116K(65798144K), 0.0896004 secs] [Times: user=1.28 sys=0.08, real=0.09 secs] 
2023-10-23T16:55:17.667+0800: 428659.948: [GC (Allocation Failure) 2023-10-23T16:55:17.667+0800: 428659.948: [ParNew: 8309799K->456259K(9175040K), 0.0844642 secs] 44083436K->36250611K(65798144K), 0.0849118 secs] [Times: user=1.28 sys=0.00, real=0.08 secs] 
2023-10-23T16:55:26.577+0800: 428668.858: [GC (Allocation Failure) 2023-10-23T16:55:26.577+0800: 428668.858: [ParNew: 8320579K->435921K(9175040K), 0.0882886 secs] 44114931K->36246047K(65798144K), 0.0886746 secs] [Times: user=0.76 sys=0.58, real=0.09 secs] 
2023-10-23T16:55:35.309+0800: 428677.590: [GC (Allocation Failure) 2023-10-23T16:55:35.309+0800: 428677.590: [ParNew: 8300241K->490417K(9175040K), 0.1171189 secs] 44110367K->36317250K(65798144K), 0.1175684 secs] [Times: user=1.07 sys=0.78, real=0.12 secs] 
2023-10-23T16:55:44.264+0800: 428686.546: [GC (Allocation Failure) 2023-10-23T16:55:44.265+0800: 428686.546: [ParNew: 8354737K->456172K(9175040K), 0.0925599 secs] 44181570K->36300301K(65798144K), 0.0929544 secs] [Times: user=1.29 sys=0.12, real=0.10 secs] 
2023-10-23T16:55:53.197+0800: 428695.478: [GC (Allocation Failure) 2023-10-23T16:55:53.197+0800: 428695.479: [ParNew: 8320492K->507900K(9175040K), 0.0908612 secs] 44164621K->36369370K(65798144K), 0.0912514 secs] [Times: user=1.30 sys=0.08, real=0.09 secs] 
2023-10-23T16:56:02.085+0800: 428704.366: [GC (Allocation Failure) 2023-10-23T16:56:02.085+0800: 428704.367: [ParNew: 8372220K->470350K(9175040K), 0.0899980 secs] 44233690K->36349750K(65798144K), 0.0903772 secs] [Times: user=1.31 sys=0.05, real=0.10 secs] 
2023-10-23T16:56:10.417+0800: 428712.698: [GC (Allocation Failure) 2023-10-23T16:56:10.417+0800: 428712.698: [ParNew: 8334670K->451677K(9175040K), 0.0856837 secs] 44214070K->36348076K(65798144K), 0.0860683 secs] [Times: user=1.33 sys=0.00, real=0.08 secs] 
2023-10-23T16:56:19.179+0800: 428721.460: [GC (Allocation Failure) 2023-10-23T16:56:19.179+0800: 428721.460: [ParNew: 8315997K->496170K(9175040K), 0.1269201 secs] 44212396K->36411252K(65798144K), 0.1273586 secs] [Times: user=1.06 sys=0.87, real=0.13 secs] 
2023-10-23T16:56:27.593+0800: 428729.874: [GC (Allocation Failure) 2023-10-23T16:56:27.593+0800: 428729.874: [ParNew: 8360490K->545718K(9175040K), 0.0979788 secs] 44275572K->36479788K(65798144K), 0.0983668 secs] [Times: user=0.70 sys=0.81, real=0.10 secs] 
2023-10-23T16:56:35.948+0800: 428738.230: [GC (Allocation Failure) 2023-10-23T16:56:35.949+0800: 428738.230: [ParNew: 8410038K->506470K(9175040K), 0.0897546 secs] 44344108K->36458566K(65798144K), 0.0902045 secs] [Times: user=1.32 sys=0.03, real=0.09 secs] 
2023-10-23T16:56:44.550+0800: 428746.832: [GC (Allocation Failure) 2023-10-23T16:56:44.551+0800: 428746.832: [ParNew: 8370790K->448078K(9175040K), 0.0920703 secs] 44322886K->36418200K(65798144K), 0.0925258 secs] [Times: user=1.29 sys=0.06, real=0.09 secs] 
2023-10-23T16:56:52.397+0800: 428754.678: [GC (Allocation Failure) 2023-10-23T16:56:52.397+0800: 428754.678: [ParNew: 8312398K->459999K(9175040K), 0.0828567 secs] 44282520K->36447850K(65798144K), 0.0832561 secs] [Times: user=0.69 sys=0.55, real=0.08 secs] 
2023-10-23T16:56:59.830+0800: 428762.111: [GC (Allocation Failure) 2023-10-23T16:56:59.830+0800: 428762.112: [ParNew: 8324319K->470988K(9175040K), 0.1184206 secs] 44312170K->36476363K(65798144K), 0.1188197 secs] [Times: user=1.05 sys=0.81, real=0.12 secs] 
2023-10-23T16:57:07.011+0800: 428769.292: [GC (Allocation Failure) 2023-10-23T16:57:07.011+0800: 428769.293: [ParNew: 8335308K->556595K(9175040K), 0.0935786 secs] 44340683K->36581814K(65798144K), 0.0939768 secs] [Times: user=0.72 sys=0.70, real=0.09 secs] 
2023-10-23T16:57:14.292+0800: 428776.573: [GC (Allocation Failure) 2023-10-23T16:57:14.292+0800: 428776.573: [ParNew: 8420915K->453034K(9175040K), 0.0854584 secs] 44446134K->36498110K(65798144K), 0.0858714 secs] [Times: user=1.32 sys=0.00, real=0.09 secs] 
2023-10-23T16:57:21.774+0800: 428784.055: [GC (Allocation Failure) 2023-10-23T16:57:21.774+0800: 428784.055: [ParNew: 8317354K->422882K(9175040K), 0.0901369 secs] 44362430K->36492148K(65798144K), 0.0905062 secs] [Times: user=1.32 sys=0.00, real=0.09 secs] 
2023-10-23T16:57:29.105+0800: 428791.386: [GC (Allocation Failure) 2023-10-23T16:57:29.105+0800: 428791.387: [ParNew: 8287202K->447916K(9175040K), 0.0874427 secs] 44356468K->36536257K(65798144K), 0.0878299 secs] [Times: user=1.36 sys=0.00, real=0.09 secs] 
2023-10-23T16:57:36.805+0800: 428799.086: [GC (Allocation Failure) 2023-10-23T16:57:36.805+0800: 428799.087: [ParNew: 8312236K->437099K(9175040K), 0.0806107 secs] 44400577K->36544664K(65798144K), 0.0809952 secs] [Times: user=1.38 sys=0.00, real=0.09 secs] 
2023-10-23T16:57:45.118+0800: 428807.399: [GC (Allocation Failure) 2023-10-23T16:57:45.118+0800: 428807.400: [ParNew: 8301419K->482261K(9175040K), 0.1355994 secs] 44408984K->36609449K(65798144K), 0.1360441 secs] [Times: user=0.97 sys=1.19, real=0.13 secs] 
2023-10-23T16:57:54.035+0800: 428816.316: [GC (Allocation Failure) 2023-10-23T16:57:54.035+0800: 428816.316: [ParNew: 8346581K->475129K(9175040K), 0.0929737 secs] 44473769K->36621429K(65798144K), 0.0934107 secs] [Times: user=1.27 sys=0.13, real=0.10 secs] 
2023-10-23T16:58:03.604+0800: 428825.885: [GC (Allocation Failure) 2023-10-23T16:58:03.604+0800: 428825.886: [ParNew: 8339449K->472952K(9175040K), 0.0882851 secs] 44485749K->36638128K(65798144K), 0.0886829 secs] [Times: user=1.29 sys=0.04, real=0.09 secs] 
2023-10-23T16:58:12.829+0800: 428835.110: [GC (Allocation Failure) 2023-10-23T16:58:12.829+0800: 428835.110: [ParNew: 8337272K->505433K(9175040K), 0.0832399 secs] 44502448K->36689100K(65798144K), 0.0836894 secs] [Times: user=1.32 sys=0.02, real=0.08 secs] 
2023-10-23T16:58:21.366+0800: 428843.647: [GC (Allocation Failure) 2023-10-23T16:58:21.366+0800: 428843.647: [ParNew: 8369753K->534605K(9175040K), 0.0766030 secs] 44553420K->36741064K(65798144K), 0.0769937 secs] [Times: user=1.45 sys=0.00, real=0.08 secs] 
2023-10-23T16:58:31.336+0800: 428853.617: [GC (Allocation Failure) 2023-10-23T16:58:31.336+0800: 428853.617: [ParNew: 8398925K->516802K(9175040K), 0.1325339 secs] 44605384K->36742050K(65798144K), 0.1329088 secs] [Times: user=1.02 sys=1.24, real=0.13 secs] 
2023-10-23T16:58:42.773+0800: 428865.054: [GC (Allocation Failure) 2023-10-23T16:58:42.773+0800: 428865.055: [ParNew: 8381122K->523485K(9175040K), 0.0922352 secs] 44606370K->36767312K(65798144K), 0.0926019 secs] [Times: user=1.39 sys=0.11, real=0.10 secs] 
2023-10-23T16:59:01.163+0800: 428883.444: [GC (Allocation Failure) 2023-10-23T16:59:01.163+0800: 428883.444: [ParNew: 8387805K->528043K(9175040K), 0.1059411 secs] 44631632K->36790469K(65798144K), 0.1063415 secs] [Times: user=1.23 sys=0.54, real=0.11 secs] 
2023-10-23T16:59:26.947+0800: 428909.228: [GC (Allocation Failure) 2023-10-23T16:59:26.947+0800: 428909.228: [ParNew: 8392363K->557118K(9175040K), 0.1669084 secs] 44654789K->36836496K(65798144K), 0.1672163 secs] [Times: user=1.64 sys=1.30, real=0.16 secs] 
2023-10-23T17:00:14.295+0800: 428956.576: [GC (Allocation Failure) 2023-10-23T17:00:14.295+0800: 428956.576: [ParNew: 8421438K->544829K(9175040K), 0.2129975 secs] 44700816K->36840659K(65798144K), 0.2133000 secs] [Times: user=1.36 sys=2.24, real=0.22 secs] 
2023-10-23T17:00:53.198+0800: 428995.479: [GC (Allocation Failure) 2023-10-23T17:00:53.198+0800: 428995.479: [ParNew: 8409149K->658454K(9175040K), 0.1812103 secs] 44704979K->36970547K(65798144K), 0.1815546 secs] [Times: user=1.33 sys=1.70, real=0.18 secs] 
2023-10-23T17:01:52.677+0800: 429054.958: [GC (Allocation Failure) 2023-10-23T17:01:52.677+0800: 429054.958: [ParNew: 8522774K->610019K(9175040K), 0.1610506 secs] 44834867K->36937843K(65798144K), 0.1613839 secs] [Times: user=1.02 sys=1.65, real=0.16 secs] 
2023-10-23T17:03:16.195+0800: 429138.476: [GC (Allocation Failure) 2023-10-23T17:03:16.195+0800: 429138.476: [ParNew: 8474339K->576703K(9175040K), 0.1918064 secs] 44802163K->36913081K(65798144K), 0.1920974 secs] [Times: user=1.16 sys=2.10, real=0.20 secs] 
2023-10-23T17:04:13.679+0800: 429195.960: [GC (Allocation Failure) 2023-10-23T17:04:13.679+0800: 429195.960: [ParNew: 8441023K->459509K(9175040K), 0.1906037 secs] 44777401K->36797650K(65798144K), 0.1909051 secs] [Times: user=0.65 sys=2.35, real=0.19 secs] 
2023-10-23T17:05:16.454+0800: 429258.735: [GC (Allocation Failure) 2023-10-23T17:05:16.454+0800: 429258.735: [ParNew: 8323488K->509997K(9175040K), 0.1863486 secs] 44661629K->36850341K(65798144K), 0.1866718 secs] [Times: user=0.53 sys=2.65, real=0.19 secs] 
2023-10-23T17:05:35.959+0800: 429278.240: [GC (Allocation Failure) 2023-10-23T17:05:35.959+0800: 429278.240: [ParNew: 8374317K->428548K(9175040K), 0.1363164 secs] 44714661K->36771169K(65798144K), 0.1366559 secs] [Times: user=0.89 sys=1.42, real=0.13 secs] 
2023-10-23T17:06:01.269+0800: 429303.550: [GC (Allocation Failure) 2023-10-23T17:06:01.269+0800: 429303.550: [ParNew: 8292868K->433805K(9175040K), 0.0963349 secs] 44635489K->36778407K(65798144K), 0.0966680 secs] [Times: user=1.07 sys=0.50, real=0.09 secs] 
2023-10-23T17:06:56.344+0800: 429358.625: [GC (Allocation Failure) 2023-10-23T17:06:56.344+0800: 429358.625: [ParNew: 8298125K->463535K(9175040K), 0.2032072 secs] 44642727K->36810593K(65798144K), 0.2034954 secs] [Times: user=0.61 sys=2.81, real=0.21 secs] 
2023-10-23T17:07:27.453+0800: 429389.734: [GC (Allocation Failure) 2023-10-23T17:07:27.453+0800: 429389.735: [ParNew: 8327855K->470226K(9175040K), 0.1118619 secs] 44674913K->36819714K(65798144K), 0.1121671 secs] [Times: user=1.12 sys=0.69, real=0.11 secs] 
2023-10-23T17:08:07.878+0800: 429430.159: [GC (Allocation Failure) 2023-10-23T17:08:07.878+0800: 429430.159: [ParNew: 8334546K->495068K(9175040K), 0.1791633 secs] 44684034K->36847721K(65798144K), 0.1795288 secs] [Times: user=0.80 sys=2.18, real=0.18 secs] 
2023-10-23T17:08:24.477+0800: 429446.758: [GC (Allocation Failure) 2023-10-23T17:08:24.477+0800: 429446.758: [ParNew: 8359379K->496591K(9175040K), 0.0927592 secs] 44712031K->36851709K(65798144K), 0.0930503 secs] [Times: user=1.22 sys=0.26, real=0.09 secs] 
2023-10-23T17:09:17.619+0800: 429499.901: [GC (Allocation Failure) 2023-10-23T17:09:17.620+0800: 429499.901: [ParNew: 8360911K->510755K(9175040K), 0.2061482 secs] 44716029K->36868799K(65798144K), 0.2064595 secs] [Times: user=0.72 sys=2.71, real=0.21 secs] 
2023-10-23T17:10:51.449+0800: 429593.730: [GC (Allocation Failure) 2023-10-23T17:10:51.449+0800: 429593.730: [ParNew: 8375075K->549669K(9175040K), 0.2158431 secs] 44733119K->36911636K(65798144K), 0.2161304 secs] [Times: user=1.26 sys=2.33, real=0.21 secs] 
2023-10-23T17:11:36.132+0800: 429638.413: [GC (Allocation Failure) 2023-10-23T17:11:36.132+0800: 429638.413: [ParNew: 8413989K->502810K(9175040K), 0.1661749 secs] 44775956K->36869456K(65798144K), 0.1664723 secs] [Times: user=0.89 sys=1.98, real=0.17 secs] 
2023-10-23T17:12:29.202+0800: 429691.483: [GC (Allocation Failure) 2023-10-23T17:12:29.202+0800: 429691.483: [ParNew: 8367130K->509639K(9175040K), 0.2042666 secs] 44733776K->36881359K(65798144K), 0.2045627 secs] [Times: user=1.35 sys=2.01, real=0.21 secs] 
2023-10-23T17:12:38.639+0800: 429700.921: [GC (Allocation Failure) 2023-10-23T17:12:38.640+0800: 429700.921: [ParNew: 8373959K->565040K(9175040K), 0.0964258 secs] 44745679K->36942947K(65798144K), 0.0967475 secs] [Times: user=1.40 sys=0.10, real=0.10 secs] 
2023-10-23T17:12:46.012+0800: 429708.294: [GC (Allocation Failure) 2023-10-23T17:12:46.013+0800: 429708.294: [ParNew: 8429360K->571428K(9175040K), 0.1008944 secs] 44807267K->36956128K(65798144K), 0.1013293 secs] [Times: user=1.48 sys=0.00, real=0.10 secs] 
2023-10-23T17:12:53.245+0800: 429715.526: [GC (Allocation Failure) 2023-10-23T17:12:53.245+0800: 429715.527: [ParNew: 8435748K->625690K(9175040K), 0.1025067 secs] 44820448K->37017795K(65798144K), 0.1028733 secs] [Times: user=1.51 sys=0.00, real=0.11 secs] 
2023-10-23T17:13:00.195+0800: 429722.476: [GC (Allocation Failure) 2023-10-23T17:13:00.195+0800: 429722.476: [ParNew: 8490010K->625414K(9175040K), 0.1171594 secs] 44882115K->37025297K(65798144K), 0.1175390 secs] [Times: user=1.30 sys=0.44, real=0.12 secs] 
2023-10-23T17:13:06.797+0800: 429729.078: [GC (Allocation Failure) 2023-10-23T17:13:06.797+0800: 429729.078: [ParNew: 8489734K->603082K(9175040K), 0.1035954 secs] 44889617K->37009911K(65798144K), 0.1040477 secs] [Times: user=1.39 sys=0.09, real=0.10 secs] 
2023-10-23T17:13:13.071+0800: 429735.352: [GC (Allocation Failure) 2023-10-23T17:13:13.071+0800: 429735.352: [ParNew: 8467402K->596884K(9175040K), 0.0866441 secs] 44874231K->37009160K(65798144K), 0.0870931 secs] [Times: user=0.78 sys=0.13, real=0.09 secs] 
2023-10-23T17:13:19.936+0800: 429742.217: [GC (Allocation Failure) 2023-10-23T17:13:19.936+0800: 429742.217: [ParNew: 8461204K->596029K(9175040K), 0.1013055 secs] 44873480K->37034635K(65798144K), 0.1017292 secs] [Times: user=1.48 sys=0.00, real=0.10 secs] 
2023-10-23T17:13:26.821+0800: 429749.102: [GC (Allocation Failure) 2023-10-23T17:13:26.821+0800: 429749.102: [ParNew: 8460349K->612458K(9175040K), 0.0944006 secs] 44898955K->37060412K(65798144K), 0.0947855 secs] [Times: user=0.82 sys=0.54, real=0.09 secs] 
2023-10-23T17:13:33.584+0800: 429755.865: [GC (Allocation Failure) 2023-10-23T17:13:33.584+0800: 429755.865: [ParNew: 8476778K->596936K(9175040K), 0.0967583 secs] 44924732K->37053401K(65798144K), 0.0971976 secs] [Times: user=0.90 sys=0.54, real=0.10 secs] 
2023-10-23T17:13:40.154+0800: 429762.436: [GC (Allocation Failure) 2023-10-23T17:13:40.155+0800: 429762.436: [ParNew: 8461256K->590685K(9175040K), 0.1154847 secs] 44917721K->37054850K(65798144K), 0.1159238 secs] [Times: user=1.39 sys=0.51, real=0.12 secs] 
2023-10-23T17:13:46.912+0800: 429769.193: [GC (Allocation Failure) 2023-10-23T17:13:46.912+0800: 429769.193: [ParNew: 8455005K->601826K(9175040K), 0.0968227 secs] 44919170K->37073407K(65798144K), 0.0972555 secs] [Times: user=0.83 sys=0.67, real=0.10 secs] 
2023-10-23T17:13:53.725+0800: 429776.006: [GC (Allocation Failure) 2023-10-23T17:13:53.725+0800: 429776.006: [ParNew: 8466146K->605651K(9175040K), 0.0992338 secs] 44937727K->37108118K(65798144K), 0.0996722 secs] [Times: user=0.80 sys=0.68, real=0.10 secs] 
2023-10-23T17:14:00.661+0800: 429782.942: [GC (Allocation Failure) 2023-10-23T17:14:00.661+0800: 429782.942: [ParNew: 8469971K->485380K(9175040K), 0.0909756 secs] 44972438K->37040679K(65798144K), 0.0913979 secs] [Times: user=0.75 sys=0.54, real=0.09 secs] 
2023-10-23T17:14:07.564+0800: 429789.845: [GC (Allocation Failure) 2023-10-23T17:14:07.564+0800: 429789.845: [ParNew: 8349700K->480468K(9175040K), 0.0876830 secs] 44904999K->37074963K(65798144K), 0.0881408 secs] [Times: user=0.77 sys=0.50, real=0.09 secs] 
2023-10-23T17:14:13.534+0800: 429795.815: [GC (Allocation Failure) 2023-10-23T17:14:13.534+0800: 429795.816: [ParNew: 8344788K->377631K(9175040K), 0.0852454 secs] 44939283K->37021281K(65798144K), 0.0856807 secs] [Times: user=0.82 sys=0.37, real=0.09 secs] 
2023-10-23T17:14:20.083+0800: 429802.364: [GC (Allocation Failure) 2023-10-23T17:14:20.083+0800: 429802.365: [ParNew: 8241951K->404190K(9175040K), 0.1189861 secs] 44885601K->37068446K(65798144K), 0.1193850 secs] [Times: user=0.95 sys=0.94, real=0.12 secs] 
2023-10-23T17:14:26.806+0800: 429809.087: [GC (Allocation Failure) 2023-10-23T17:14:26.806+0800: 429809.088: [ParNew: 8268510K->407949K(9175040K), 0.0806987 secs] 44932766K->37093805K(65798144K), 0.0810908 secs] [Times: user=1.28 sys=0.00, real=0.08 secs] 
2023-10-23T17:14:33.741+0800: 429816.022: [GC (Allocation Failure) 2023-10-23T17:14:33.741+0800: 429816.022: [ParNew: 8272269K->360012K(9175040K), 0.0849176 secs] 44958125K->37062096K(65798144K), 0.0852902 secs] [Times: user=1.22 sys=0.06, real=0.09 secs] 
2023-10-23T17:14:41.439+0800: 429823.720: [GC (Allocation Failure) 2023-10-23T17:14:41.439+0800: 429823.720: [ParNew: 8224332K->425389K(9175040K), 0.0810785 secs] 44926416K->37143039K(65798144K), 0.0814151 secs] [Times: user=0.65 sys=0.56, real=0.08 secs] 
2023-10-23T17:14:57.349+0800: 429839.630: [GC (Allocation Failure) 2023-10-23T17:14:57.349+0800: 429839.630: [ParNew: 8289709K->421189K(9175040K), 0.0865500 secs] 45007359K->37154067K(65798144K), 0.0869072 secs] [Times: user=1.10 sys=0.22, real=0.08 secs] 
2023-10-23T17:16:09.178+0800: 429911.459: [GC (Allocation Failure) 2023-10-23T17:16:09.178+0800: 429911.460: [ParNew: 8285509K->487461K(9175040K), 0.1942758 secs] 45018387K->37234271K(65798144K), 0.1945734 secs] [Times: user=0.50 sys=2.79, real=0.19 secs] 
2023-10-23T17:17:29.437+0800: 429991.718: [GC (Allocation Failure) 2023-10-23T17:17:29.437+0800: 429991.718: [ParNew: 8351781K->463769K(9175040K), 0.1804456 secs] 45098591K->37225666K(65798144K), 0.1807246 secs] [Times: user=1.13 sys=1.93, real=0.18 secs] 
2023-10-23T17:18:44.608+0800: 430066.890: [GC (Allocation Failure) 2023-10-23T17:18:44.608+0800: 430066.890: [ParNew: 8328089K->445959K(9175040K), 0.1731351 secs] 45089986K->37209943K(65798144K), 0.1734389 secs] [Times: user=0.55 sys=2.41, real=0.17 secs] 
2023-10-23T17:19:37.611+0800: 430119.892: [GC (Allocation Failure) 2023-10-23T17:19:37.611+0800: 430119.892: [ParNew: 8310279K->348186K(9175040K), 0.1549869 secs] 45074263K->37114348K(65798144K), 0.1552935 secs] [Times: user=0.63 sys=1.87, real=0.16 secs] 
2023-10-23T17:20:43.300+0800: 430185.581: [GC (Allocation Failure) 2023-10-23T17:20:43.300+0800: 430185.581: [ParNew: 8212506K->363097K(9175040K), 0.1959566 secs] 44978668K->37130999K(65798144K), 0.1962340 secs] [Times: user=0.30 sys=3.05, real=0.20 secs] 
2023-10-23T17:22:00.874+0800: 430263.155: [GC (Allocation Failure) 2023-10-23T17:22:00.874+0800: 430263.155: [ParNew: 8227417K->386728K(9175040K), 0.2066074 secs] 44995319K->37160378K(65798144K), 0.2069349 secs] [Times: user=0.44 sys=3.30, real=0.21 secs] 
2023-10-23T17:23:16.869+0800: 430339.151: [GC (Allocation Failure) 2023-10-23T17:23:16.869+0800: 430339.151: [ParNew: 8251048K->382086K(9175040K), 0.1631459 secs] 45024698K->37157759K(65798144K), 0.1634083 secs] [Times: user=0.52 sys=2.26, real=0.16 secs] 
2023-10-23T17:24:18.785+0800: 430401.066: [GC (Allocation Failure) 2023-10-23T17:24:18.785+0800: 430401.066: [ParNew: 8246406K->419884K(9175040K), 0.1457060 secs] 45022079K->37197496K(65798144K), 0.1459780 secs] [Times: user=0.85 sys=1.59, real=0.15 secs] 
2023-10-23T17:25:32.964+0800: 430475.245: [GC (Allocation Failure) 2023-10-23T17:25:32.964+0800: 430475.245: [ParNew: 8284204K->442817K(9175040K), 0.1883068 secs] 45061816K->37222609K(65798144K), 0.1886336 secs] [Times: user=0.49 sys=2.72, real=0.19 secs] 
2023-10-23T17:26:19.271+0800: 430521.552: [GC (Allocation Failure) 2023-10-23T17:26:19.271+0800: 430521.552: [ParNew: 8307137K->453254K(9175040K), 0.1675747 secs] 45086929K->37234869K(65798144K), 0.1678893 secs] [Times: user=1.25 sys=1.58, real=0.17 secs] 
2023-10-23T17:27:34.313+0800: 430596.595: [GC (Allocation Failure) 2023-10-23T17:27:34.314+0800: 430596.595: [ParNew: 8317574K->495542K(9175040K), 0.2015651 secs] 45099189K->37279305K(65798144K), 0.2018343 secs] [Times: user=0.46 sys=2.81, real=0.20 secs] 
2023-10-23T17:29:09.078+0800: 430691.359: [GC (Allocation Failure) 2023-10-23T17:29:09.078+0800: 430691.359: [ParNew: 8359862K->513495K(9175040K), 0.2086322 secs] 45143625K->37299078K(65798144K), 0.2089157 secs] [Times: user=1.03 sys=2.58, real=0.21 secs] 
2023-10-23T17:30:09.166+0800: 430751.447: [GC (Allocation Failure) 2023-10-23T17:30:09.166+0800: 430751.447: [ParNew: 8377815K->567745K(9175040K), 0.2051454 secs] 45163398K->37355581K(65798144K), 0.2054702 secs] [Times: user=1.30 sys=2.21, real=0.20 secs] 
2023-10-23T17:31:25.761+0800: 430828.043: [GC (Allocation Failure) 2023-10-23T17:31:25.761+0800: 430828.043: [ParNew: 8432065K->516679K(9175040K), 0.1877365 secs] 45219901K->37306505K(65798144K), 0.1880259 secs] [Times: user=1.06 sys=2.16, real=0.19 secs] 
2023-10-23T17:33:10.301+0800: 430932.582: [GC (Allocation Failure) 2023-10-23T17:33:10.301+0800: 430932.582: [ParNew: 8380999K->519004K(9175040K), 0.1530841 secs] 45170825K->37313646K(65798144K), 0.1533750 secs] [Times: user=1.03 sys=1.57, real=0.15 secs] 
2023-10-23T17:35:09.498+0800: 431051.779: [GC (Allocation Failure) 2023-10-23T17:35:09.498+0800: 431051.779: [ParNew: 8383324K->497279K(9175040K), 0.1935396 secs] 45177966K->37301331K(65798144K), 0.1938176 secs] [Times: user=0.78 sys=2.54, real=0.19 secs] 
2023-10-23T17:36:43.924+0800: 431146.205: [GC (Allocation Failure) 2023-10-23T17:36:43.924+0800: 431146.206: [ParNew: 8361599K->439586K(9175040K), 0.1860486 secs] 45165651K->37253795K(65798144K), 0.1863733 secs] [Times: user=0.59 sys=2.39, real=0.19 secs] 
2023-10-23T17:38:47.673+0800: 431269.954: [GC (Allocation Failure) 2023-10-23T17:38:47.673+0800: 431269.954: [ParNew: 8303906K->420173K(9175040K), 0.1788701 secs] 45118115K->37243247K(65798144K), 0.1791937 secs] [Times: user=1.02 sys=2.04, real=0.18 secs] 
2023-10-23T17:40:33.765+0800: 431376.046: [GC (Allocation Failure) 2023-10-23T17:40:33.765+0800: 431376.046: [ParNew: 8284493K->413610K(9175040K), 0.1976516 secs] 45107567K->37253085K(65798144K), 0.1979137 secs] [Times: user=1.01 sys=2.39, real=0.20 secs] 
2023-10-23T17:41:55.868+0800: 431458.150: [GC (Allocation Failure) 2023-10-23T17:41:55.868+0800: 431458.150: [ParNew: 8277930K->442211K(9175040K), 0.2036982 secs] 45117405K->37296402K(65798144K), 0.2039756 secs] [Times: user=1.03 sys=2.45, real=0.20 secs] 
2023-10-23T17:43:42.614+0800: 431564.895: [GC (Allocation Failure) 2023-10-23T17:43:42.614+0800: 431564.895: [ParNew: 8306531K->437165K(9175040K), 0.1940365 secs] 45160722K->37306127K(65798144K), 0.1943225 secs] [Times: user=0.97 sys=2.37, real=0.20 secs] 
2023-10-23T17:45:52.896+0800: 431695.178: [GC (Allocation Failure) 2023-10-23T17:45:52.896+0800: 431695.178: [ParNew: 8301485K->451059K(9175040K), 0.2048794 secs] 45170447K->37338572K(65798144K), 0.2051511 secs] [Times: user=0.43 sys=2.70, real=0.20 secs] 
2023-10-23T17:47:55.238+0800: 431817.519: [GC (Allocation Failure) 2023-10-23T17:47:55.238+0800: 431817.519: [ParNew: 8315379K->392755K(9175040K), 0.1920048 secs] 45202892K->37291673K(65798144K), 0.1922876 secs] [Times: user=0.53 sys=2.72, real=0.19 secs] 
2023-10-23T17:49:36.484+0800: 431918.765: [GC (Allocation Failure) 2023-10-23T17:49:36.484+0800: 431918.765: [ParNew: 8257075K->439138K(9175040K), 0.2287979 secs] 45155993K->37351409K(65798144K), 0.2290938 secs] [Times: user=0.96 sys=2.95, real=0.23 secs] 
2023-10-23T17:51:01.843+0800: 432004.124: [GC (Allocation Failure) 2023-10-23T17:51:01.843+0800: 432004.125: [ParNew: 8303458K->504861K(9175040K), 0.2300033 secs] 45215729K->37426107K(65798144K), 0.2302999 secs] [Times: user=0.37 sys=3.56, real=0.23 secs] 
2023-10-23T17:52:21.885+0800: 432084.167: [GC (Allocation Failure) 2023-10-23T17:52:21.886+0800: 432084.167: [ParNew: 8369181K->541760K(9175040K), 0.2185796 secs] 45290427K->37472599K(65798144K), 0.2188670 secs] [Times: user=0.96 sys=2.78, real=0.22 secs] 
2023-10-23T17:53:34.309+0800: 432156.590: [GC (Allocation Failure) 2023-10-23T17:53:34.309+0800: 432156.590: [ParNew: 8406080K->524883K(9175040K), 0.2210269 secs] 45336919K->37465554K(65798144K), 0.2212990 secs] [Times: user=1.03 sys=2.74, real=0.22 secs] 
2023-10-23T17:53:51.932+0800: 432174.213: [GC (Allocation Failure) 2023-10-23T17:53:51.932+0800: 432174.213: [ParNew: 8389203K->553031K(9175040K), 0.0996003 secs] 45329874K->37500456K(65798144K), 0.0998903 secs] [Times: user=1.41 sys=0.22, real=0.10 secs] 
2023-10-23T17:54:07.993+0800: 432190.274: [GC (Allocation Failure) 2023-10-23T17:54:07.993+0800: 432190.274: [ParNew: 8417351K->523189K(9175040K), 0.0842066 secs] 45364776K->37477366K(65798144K), 0.0844893 secs] [Times: user=1.32 sys=0.00, real=0.09 secs] 
2023-10-23T17:54:22.962+0800: 432205.243: [GC (Allocation Failure) 2023-10-23T17:54:22.962+0800: 432205.243: [ParNew: 8387509K->518113K(9175040K), 0.1313321 secs] 45341686K->37478292K(65798144K), 0.1316633 secs] [Times: user=1.22 sys=0.91, real=0.13 secs] 
2023-10-23T17:54:41.638+0800: 432223.919: [GC (Allocation Failure) 2023-10-23T17:54:41.638+0800: 432223.920: [ParNew: 8382433K->584458K(9175040K), 0.1131674 secs] 45342612K->37551126K(65798144K), 0.1134681 secs] [Times: user=1.36 sys=0.42, real=0.11 secs] 
2023-10-23T17:56:02.095+0800: 432304.377: [GC (Allocation Failure) 2023-10-23T17:56:02.096+0800: 432304.377: [ParNew: 8448778K->574985K(9175040K), 0.2374671 secs] 45415446K->37548889K(65798144K), 0.2377357 secs] [Times: user=1.36 sys=2.55, real=0.24 secs] 
2023-10-23T17:56:16.186+0800: 432318.467: [GC (Allocation Failure) 2023-10-23T17:56:16.186+0800: 432318.467: [ParNew: 8439305K->629360K(9175040K), 0.1145962 secs] 45413209K->37609333K(65798144K), 0.1148928 secs] [Times: user=1.44 sys=0.26, real=0.12 secs] 
2023-10-23T17:56:23.299+0800: 432325.580: [GC (Allocation Failure) 2023-10-23T17:56:23.299+0800: 432325.580: [ParNew: 8493680K->634053K(9175040K), 0.1097526 secs] 45473653K->37620618K(65798144K), 0.1100824 secs] [Times: user=1.58 sys=0.00, real=0.11 secs] 
2023-10-23T17:56:30.602+0800: 432332.883: [GC (Allocation Failure) 2023-10-23T17:56:30.602+0800: 432332.884: [ParNew: 8498373K->639961K(9175040K), 0.1008358 secs] 45484938K->37634191K(65798144K), 0.1011958 secs] [Times: user=1.56 sys=0.00, real=0.10 secs] 
2023-10-23T17:56:37.328+0800: 432339.610: [GC (Allocation Failure) 2023-10-23T17:56:37.329+0800: 432339.610: [ParNew: 8504281K->589901K(9175040K), 0.1379012 secs] 45498511K->37590243K(65798144K), 0.1382771 secs] [Times: user=1.38 sys=0.81, real=0.14 secs] 
2023-10-23T17:56:44.357+0800: 432346.638: [GC (Allocation Failure) 2023-10-23T17:56:44.357+0800: 432346.639: [ParNew: 8454221K->684096K(9175040K), 0.1216376 secs] 45454563K->37693422K(65798144K), 0.1220318 secs] [Times: user=0.92 sys=0.82, real=0.12 secs] 
2023-10-23T17:56:51.885+0800: 432354.166: [GC (Allocation Failure) 2023-10-23T17:56:51.885+0800: 432354.166: [ParNew: 8548416K->629504K(9175040K), 0.1011927 secs] 45557742K->37647657K(65798144K), 0.1015820 secs] [Times: user=1.44 sys=0.00, real=0.11 secs] 
2023-10-23T17:56:59.455+0800: 432361.736: [GC (Allocation Failure) 2023-10-23T17:56:59.455+0800: 432361.736: [ParNew: 8493824K->651448K(9175040K), 0.1074094 secs] 45511977K->37678148K(65798144K), 0.1077899 secs] [Times: user=1.49 sys=0.00, real=0.11 secs] 
2023-10-23T17:57:07.618+0800: 432369.900: [GC (Allocation Failure) 2023-10-23T17:57:07.619+0800: 432369.900: [ParNew: 8515768K->649300K(9175040K), 0.1160612 secs] 45542468K->37684208K(65798144K), 0.1164479 secs] [Times: user=1.58 sys=0.06, real=0.11 secs] 
2023-10-23T17:57:14.723+0800: 432377.005: [GC (Allocation Failure) 2023-10-23T17:57:14.724+0800: 432377.005: [ParNew: 8513620K->699869K(9175040K), 0.0988819 secs] 45548528K->37745217K(65798144K), 0.0992894 secs] [Times: user=1.54 sys=0.00, real=0.10 secs] 
2023-10-23T17:57:22.807+0800: 432385.088: [GC (Allocation Failure) 2023-10-23T17:57:22.807+0800: 432385.088: [ParNew: 8564189K->602465K(9175040K), 0.1574535 secs] 45609537K->37705244K(65798144K), 0.1578468 secs] [Times: user=1.82 sys=0.41, real=0.15 secs] 
2023-10-23T17:57:31.244+0800: 432393.525: [GC (Allocation Failure) 2023-10-23T17:57:31.244+0800: 432393.526: [ParNew: 8466785K->581303K(9175040K), 0.1151746 secs] 45569564K->37726490K(65798144K), 0.1155596 secs] [Times: user=0.95 sys=0.61, real=0.12 secs] 
2023-10-23T17:57:39.482+0800: 432401.763: [GC (Allocation Failure) 2023-10-23T17:57:39.482+0800: 432401.763: [ParNew: 8445623K->513675K(9175040K), 0.1079825 secs] 45590810K->37692452K(65798144K), 0.1083595 secs] [Times: user=1.49 sys=0.03, real=0.11 secs] 
2023-10-23T17:57:47.461+0800: 432409.742: [GC (Allocation Failure) 2023-10-23T17:57:47.461+0800: 432409.742: [ParNew: 8377995K->508582K(9175040K), 0.1029227 secs] 45556772K->37715491K(65798144K), 0.1032930 secs] [Times: user=1.40 sys=0.10, real=0.10 secs] 
2023-10-23T17:57:55.213+0800: 432417.494: [GC (Allocation Failure) 2023-10-23T17:57:55.213+0800: 432417.494: [ParNew: 8372902K->482806K(9175040K), 0.0827080 secs] 45579811K->37719305K(65798144K), 0.0832175 secs] [Times: user=1.41 sys=0.00, real=0.09 secs] 
2023-10-23T17:58:02.410+0800: 432424.691: [GC (Allocation Failure) 2023-10-23T17:58:02.410+0800: 432424.692: [ParNew: 8347126K->421972K(9175040K), 0.1456077 secs] 45583625K->37720016K(65798144K), 0.1460673 secs] [Times: user=1.07 sys=1.15, real=0.15 secs] 
2023-10-23T17:58:09.409+0800: 432431.690: [GC (Allocation Failure) 2023-10-23T17:58:09.409+0800: 432431.690: [ParNew: 8286292K->527664K(9175040K), 0.0852335 secs] 45584336K->37844540K(65798144K), 0.0856153 secs] [Times: user=1.30 sys=0.00, real=0.08 secs] 
2023-10-23T17:58:16.315+0800: 432438.597: [GC (Allocation Failure) 2023-10-23T17:58:16.316+0800: 432438.597: [ParNew: 8391911K->432076K(9175040K), 0.0862862 secs] 45708787K->37765034K(65798144K), 0.0866831 secs] [Times: user=1.29 sys=0.00, real=0.09 secs] 
2023-10-23T17:58:24.160+0800: 432446.441: [GC (Allocation Failure) 2023-10-23T17:58:24.160+0800: 432446.441: [ParNew: 8296396K->437265K(9175040K), 0.0936881 secs] 45629354K->37786355K(65798144K), 0.0941013 secs] [Times: user=1.30 sys=0.11, real=0.09 secs] 
2023-10-23T17:58:31.989+0800: 432454.271: [GC (Allocation Failure) 2023-10-23T17:58:31.990+0800: 432454.271: [ParNew: 8301585K->458244K(9175040K), 0.0897559 secs] 45650675K->37822351K(65798144K), 0.0901667 secs] [Times: user=1.24 sys=0.09, real=0.09 secs] 
2023-10-23T17:58:39.255+0800: 432461.536: [GC (Allocation Failure) 2023-10-23T17:58:39.255+0800: 432461.536: [ParNew: 8322564K->420816K(9175040K), 0.1228724 secs] 45686671K->37801209K(65798144K), 0.1232798 secs] [Times: user=1.04 sys=0.87, real=0.13 secs] 
2023-10-23T17:58:46.483+0800: 432468.765: [GC (Allocation Failure) 2023-10-23T17:58:46.484+0800: 432468.765: [ParNew: 8285136K->514934K(9175040K), 0.0893398 secs] 45665529K->37912061K(65798144K), 0.0898054 secs] [Times: user=1.27 sys=0.06, real=0.09 secs] 
2023-10-23T17:58:53.677+0800: 432475.958: [GC (Allocation Failure) 2023-10-23T17:58:53.677+0800: 432475.958: [ParNew: 8379254K->438057K(9175040K), 0.0922436 secs] 45776381K->37853402K(65798144K), 0.0926100 secs] [Times: user=0.74 sys=0.58, real=0.09 secs] 
2023-10-23T17:59:01.138+0800: 432483.419: [GC (Allocation Failure) 2023-10-23T17:59:01.138+0800: 432483.419: [ParNew: 8302377K->480137K(9175040K), 0.0935242 secs] 45717722K->37920167K(65798144K), 0.0938720 secs] [Times: user=0.70 sys=0.63, real=0.09 secs] 
2023-10-23T17:59:08.293+0800: 432490.574: [GC (Allocation Failure) 2023-10-23T17:59:08.293+0800: 432490.575: [ParNew: 8344457K->396534K(9175040K), 0.0908058 secs] 45784487K->37852744K(65798144K), 0.0912547 secs] [Times: user=0.72 sys=0.71, real=0.09 secs] 
2023-10-23T17:59:14.042+0800: 432496.324: [GC (Allocation Failure) 2023-10-23T17:59:14.043+0800: 432496.324: [ParNew: 8260854K->402878K(9175040K), 0.0781089 secs] 45717064K->37877420K(65798144K), 0.0785608 secs] [Times: user=1.33 sys=0.00, real=0.08 secs] 
2023-10-23T17:59:21.281+0800: 432503.562: [GC (Allocation Failure) 2023-10-23T17:59:21.281+0800: 432503.562: [ParNew: 8267198K->425571K(9175040K), 0.1253248 secs] 45741740K->37918176K(65798144K), 0.1257199 secs] [Times: user=1.08 sys=0.90, real=0.13 secs] 
2023-10-23T17:59:28.401+0800: 432510.682: [GC (Allocation Failure) 2023-10-23T17:59:28.401+0800: 432510.682: [ParNew: 8289891K->416838K(9175040K), 0.0909677 secs] 45782496K->37927689K(65798144K), 0.0913737 secs] [Times: user=0.60 sys=0.74, real=0.09 secs] 
2023-10-23T17:59:35.344+0800: 432517.625: [GC (Allocation Failure) 2023-10-23T17:59:35.344+0800: 432517.625: [ParNew: 8281158K->442318K(9175040K), 0.0843889 secs] 45792009K->37970940K(65798144K), 0.0847911 secs] [Times: user=1.28 sys=0.00, real=0.09 secs] 
2023-10-23T17:59:42.441+0800: 432524.722: [GC (Allocation Failure) 2023-10-23T17:59:42.444+0800: 432524.725: [ParNew: 8306638K->383054K(9175040K), 0.0889460 secs] 45835260K->37928185K(65798144K), 0.0920054 secs] [Times: user=1.24 sys=0.05, real=0.09 secs] 
2023-10-23T17:59:49.711+0800: 432531.992: [GC (Allocation Failure) 2023-10-23T17:59:49.711+0800: 432531.992: [ParNew: 8247374K->424831K(9175040K), 0.0845348 secs] 45792505K->37986355K(65798144K), 0.0849243 secs] [Times: user=1.29 sys=0.00, real=0.08 secs] 
2023-10-23T17:59:57.031+0800: 432539.313: [GC (Allocation Failure) 2023-10-23T17:59:57.032+0800: 432539.313: [ParNew: 8289151K->385572K(9175040K), 0.0767949 secs] 45850675K->37969903K(65798144K), 0.0775016 secs] [Times: user=0.73 sys=0.34, real=0.08 secs] 
2023-10-23T18:00:04.454+0800: 432546.735: [GC (Allocation Failure) 2023-10-23T18:00:04.454+0800: 432546.735: [ParNew: 8249892K->406069K(9175040K), 0.1335564 secs] 45834223K->38005551K(65798144K), 0.1340226 secs] [Times: user=1.02 sys=1.12, real=0.14 secs] 
2023-10-23T18:00:10.394+0800: 432552.675: [GC (Allocation Failure) 2023-10-23T18:00:10.394+0800: 432552.675: [ParNew: 8270389K->566983K(9175040K), 0.0860782 secs] 45869871K->38183365K(65798144K), 0.0864810 secs] [Times: user=1.39 sys=0.00, real=0.09 secs] 
2023-10-23T18:00:18.051+0800: 432560.332: [GC (Allocation Failure) 2023-10-23T18:00:18.051+0800: 432560.332: [ParNew: 8431303K->393536K(9175040K), 0.0855893 secs] 46047685K->38026472K(65798144K), 0.0860379 secs] [Times: user=1.33 sys=0.00, real=0.09 secs] 
2023-10-23T18:00:26.059+0800: 432568.340: [GC (Allocation Failure) 2023-10-23T18:00:26.059+0800: 432568.341: [ParNew: 8257856K->445245K(9175040K), 0.0894227 secs] 45890792K->38094667K(65798144K), 0.0898132 secs] [Times: user=1.28 sys=0.05, real=0.09 secs] 
2023-10-23T18:00:33.966+0800: 432576.247: [GC (Allocation Failure) 2023-10-23T18:00:33.966+0800: 432576.248: [ParNew: 8309565K->439883K(9175040K), 0.0834127 secs] 45958987K->38105086K(65798144K), 0.0838287 secs] [Times: user=0.72 sys=0.45, real=0.08 secs] 
2023-10-23T18:00:41.817+0800: 432584.098: [GC (Allocation Failure) 2023-10-23T18:00:41.817+0800: 432584.098: [ParNew: 8304203K->484950K(9175040K), 0.1288711 secs] 45969406K->38166339K(65798144K), 0.1292882 secs] [Times: user=1.05 sys=0.94, real=0.13 secs] 
2023-10-23T18:00:49.752+0800: 432592.033: [GC (Allocation Failure) 2023-10-23T18:00:49.752+0800: 432592.033: [ParNew: 8349270K->477034K(9175040K), 0.0918659 secs] 46030659K->38174776K(65798144K), 0.0923149 secs] [Times: user=0.61 sys=0.77, real=0.09 secs] 
2023-10-23T18:00:57.598+0800: 432599.880: [GC (Allocation Failure) 2023-10-23T18:00:57.599+0800: 432599.880: [ParNew: 8341354K->424943K(9175040K), 0.0869791 secs] 46039096K->38139396K(65798144K), 0.0874451 secs] [Times: user=0.69 sys=0.58, real=0.09 secs] 
2023-10-23T18:01:05.247+0800: 432607.528: [GC (Allocation Failure) 2023-10-23T18:01:05.247+0800: 432607.529: [ParNew: 8289263K->420585K(9175040K), 0.0821267 secs] 46003716K->38154657K(65798144K), 0.0825370 secs] [Times: user=0.70 sys=0.51, real=0.08 secs] 
2023-10-23T18:01:11.546+0800: 432613.827: [GC (Allocation Failure) 2023-10-23T18:01:11.546+0800: 432613.828: [ParNew: 8284905K->397763K(9175040K), 0.0808261 secs] 46018977K->38147280K(65798144K), 0.0812982 secs] [Times: user=0.74 sys=0.47, real=0.08 secs] 
2023-10-23T18:01:19.121+0800: 432621.402: [GC (Allocation Failure) 2023-10-23T18:01:19.121+0800: 432621.402: [ParNew: 8262083K->418815K(9175040K), 0.0749044 secs] 46011600K->38184789K(65798144K), 0.0753188 secs] [Times: user=0.78 sys=0.32, real=0.08 secs] 
2023-10-23T18:01:27.007+0800: 432629.288: [GC (Allocation Failure) 2023-10-23T18:01:27.007+0800: 432629.288: [ParNew: 8283135K->407235K(9175040K), 0.1330186 secs] 46049109K->38188514K(65798144K), 0.1335253 secs] [Times: user=1.00 sys=1.11, real=0.13 secs] 
2023-10-23T18:01:34.839+0800: 432637.120: [GC (Allocation Failure) 2023-10-23T18:01:34.839+0800: 432637.121: [ParNew: 8271555K->460412K(9175040K), 0.0918807 secs] 46052834K->38257531K(65798144K), 0.0922613 secs] [Times: user=1.24 sys=0.15, real=0.09 secs] 
2023-10-23T18:01:42.724+0800: 432645.005: [GC (Allocation Failure) 2023-10-23T18:01:42.724+0800: 432645.005: [ParNew: 8324732K->460879K(9175040K), 0.0869492 secs] 46121851K->38273763K(65798144K), 0.0874229 secs] [Times: user=1.29 sys=0.02, real=0.09 secs] 
2023-10-23T18:01:50.445+0800: 432652.726: [GC (Allocation Failure) 2023-10-23T18:01:50.445+0800: 432652.726: [ParNew: 8325199K->441893K(9175040K), 0.0876749 secs] 46138083K->38270659K(65798144K), 0.0880998 secs] [Times: user=1.29 sys=0.03, real=0.09 secs] 
2023-10-23T18:01:58.125+0800: 432660.406: [GC (Allocation Failure) 2023-10-23T18:01:58.125+0800: 432660.406: [ParNew: 8306213K->468014K(9175040K), 0.0848248 secs] 46134979K->38313480K(65798144K), 0.0852226 secs] [Times: user=0.77 sys=0.49, real=0.09 secs] 
2023-10-23T18:02:05.582+0800: 432667.864: [GC (Allocation Failure) 2023-10-23T18:02:05.583+0800: 432667.864: [ParNew: 8332334K->480883K(9175040K), 0.1343734 secs] 46177800K->38340273K(65798144K), 0.1348026 secs] [Times: user=1.03 sys=1.11, real=0.14 secs] 
2023-10-23T18:02:13.045+0800: 432675.326: [GC (Allocation Failure) 2023-10-23T18:02:13.045+0800: 432675.326: [ParNew: 8345203K->427851K(9175040K), 0.0968790 secs] 46204593K->38311697K(65798144K), 0.0973279 secs] [Times: user=1.26 sys=0.18, real=0.10 secs] 
2023-10-23T18:02:20.117+0800: 432682.398: [GC (Allocation Failure) 2023-10-23T18:02:20.117+0800: 432682.398: [ParNew: 8292171K->464785K(9175040K), 0.0870401 secs] 46176017K->38365946K(65798144K), 0.0875340 secs] [Times: user=0.73 sys=0.57, real=0.08 secs] 
2023-10-23T18:02:27.751+0800: 432690.033: [GC (Allocation Failure) 2023-10-23T18:02:27.752+0800: 432690.033: [ParNew: 8329105K->409671K(9175040K), 0.0921921 secs] 46230266K->38327822K(65798144K), 0.0926350 secs] [Times: user=0.78 sys=0.63, real=0.09 secs] 
2023-10-23T18:02:35.306+0800: 432697.587: [GC (Allocation Failure) 2023-10-23T18:02:35.306+0800: 432697.588: [ParNew: 8273991K->466025K(9175040K), 0.0888088 secs] 46192142K->38401509K(65798144K), 0.0892456 secs] [Times: user=1.26 sys=0.08, real=0.08 secs] 
2023-10-23T18:02:42.656+0800: 432704.937: [GC (Allocation Failure) 2023-10-23T18:02:42.656+0800: 432704.937: [ParNew: 8330345K->426224K(9175040K), 0.1302848 secs] 46265829K->38378849K(65798144K), 0.1307223 secs] [Times: user=0.94 sys=1.14, real=0.13 secs] 
2023-10-23T18:02:49.827+0800: 432712.109: [GC (Allocation Failure) 2023-10-23T18:02:49.828+0800: 432712.109: [ParNew: 8290544K->452358K(9175040K), 0.0841553 secs] 46243169K->38421953K(65798144K), 0.0846202 secs] [Times: user=1.26 sys=0.00, real=0.08 secs] 
2023-10-23T18:02:57.106+0800: 432719.387: [GC (Allocation Failure) 2023-10-23T18:02:57.106+0800: 432719.387: [ParNew: 8316678K->393648K(9175040K), 0.0902762 secs] 46286273K->38379913K(65798144K), 0.0907413 secs] [Times: user=1.29 sys=0.08, real=0.09 secs] 
2023-10-23T18:03:04.472+0800: 432726.753: [GC (Allocation Failure) 2023-10-23T18:03:04.472+0800: 432726.754: [ParNew: 8257968K->502985K(9175040K), 0.0861154 secs] 46244233K->38503060K(65798144K), 0.0865831 secs] [Times: user=1.29 sys=0.01, real=0.09 secs] 
2023-10-23T18:03:12.162+0800: 432734.443: [GC (Allocation Failure) 2023-10-23T18:03:12.162+0800: 432734.444: [ParNew: 8367305K->415797K(9175040K), 0.0938624 secs] 46367380K->38438862K(65798144K), 0.0943212 secs] [Times: user=1.29 sys=0.13, real=0.10 secs] 
2023-10-23T18:03:19.782+0800: 432742.063: [GC (Allocation Failure) 2023-10-23T18:03:19.782+0800: 432742.063: [ParNew: 8280117K->452701K(9175040K), 0.0836328 secs] 46303182K->38493419K(65798144K), 0.0840917 secs] [Times: user=1.33 sys=0.00, real=0.09 secs] 
2023-10-23T18:03:27.355+0800: 432749.636: [GC (Allocation Failure) 2023-10-23T18:03:27.355+0800: 432749.637: [ParNew: 8317021K->472272K(9175040K), 0.1308073 secs] 46357739K->38530242K(65798144K), 0.1312466 secs] [Times: user=1.00 sys=1.06, real=0.14 secs] 
2023-10-23T18:03:35.012+0800: 432757.293: [GC (Allocation Failure) 2023-10-23T18:03:35.012+0800: 432757.293: [ParNew: 8336592K->442041K(9175040K), 0.0929510 secs] 46394562K->38517434K(65798144K), 0.0934254 secs] [Times: user=1.24 sys=0.18, real=0.09 secs] 
2023-10-23T18:03:42.336+0800: 432764.617: [GC (Allocation Failure) 2023-10-23T18:03:42.336+0800: 432764.617: [ParNew: 8306361K->471668K(9175040K), 0.0823894 secs] 46381754K->38564419K(65798144K), 0.0828387 secs] [Times: user=0.72 sys=0.50, real=0.08 secs] 
2023-10-23T18:03:49.586+0800: 432771.868: [GC (Allocation Failure) 2023-10-23T18:03:49.587+0800: 432771.868: [ParNew: 8335988K->465744K(9175040K), 0.0891875 secs] 46428739K->38575265K(65798144K), 0.0896425 secs] [Times: user=0.73 sys=0.60, real=0.09 secs] 
2023-10-23T18:03:56.947+0800: 432779.229: [GC (Allocation Failure) 2023-10-23T18:03:56.948+0800: 432779.229: [ParNew: 8330064K->442069K(9175040K), 0.0896829 secs] 46439585K->38568591K(65798144K), 0.0901482 secs] [Times: user=1.32 sys=0.03, real=0.09 secs] 
2023-10-23T18:04:04.377+0800: 432786.658: [GC (Allocation Failure) 2023-10-23T18:04:04.377+0800: 432786.659: [ParNew: 8306389K->451394K(9175040K), 0.0751759 secs] 46432911K->38593951K(65798144K), 0.0755652 secs] [Times: user=1.36 sys=0.00, real=0.07 secs] 
2023-10-23T18:04:11.603+0800: 432793.885: [GC (Allocation Failure) 2023-10-23T18:04:11.604+0800: 432793.885: [ParNew: 8315714K->462207K(9175040K), 0.1399503 secs] 46458271K->38626302K(65798144K), 0.1403541 secs] [Times: user=0.95 sys=1.31, real=0.14 secs] 
2023-10-23T18:04:18.819+0800: 432801.101: [GC (Allocation Failure) 2023-10-23T18:04:18.820+0800: 432801.101: [ParNew: 8326527K->458711K(9175040K), 0.0871706 secs] 46490622K->38639474K(65798144K), 0.0876114 secs] [Times: user=1.28 sys=0.02, real=0.09 secs] 
2023-10-23T18:04:25.549+0800: 432807.830: [GC (Allocation Failure) 2023-10-23T18:04:25.549+0800: 432807.831: [ParNew: 8323031K->464930K(9175040K), 0.0836016 secs] 46503794K->38662023K(65798144K), 0.0840484 secs] [Times: user=1.37 sys=0.00, real=0.08 secs] 
2023-10-23T18:04:31.621+0800: 432813.902: [GC (Allocation Failure) 2023-10-23T18:04:31.621+0800: 432813.902: [ParNew: 8329250K->518757K(9175040K), 0.0815893 secs] 46526343K->38732206K(65798144K), 0.0820006 secs] [Times: user=0.74 sys=0.50, real=0.08 secs] 
2023-10-23T18:04:37.506+0800: 432819.787: [GC (Allocation Failure) 2023-10-23T18:04:37.506+0800: 432819.788: [ParNew: 8383077K->540191K(9175040K), 0.0928425 secs] 46596526K->38769400K(65798144K), 0.0932702 secs] [Times: user=1.40 sys=0.03, real=0.09 secs] 
2023-10-23T18:04:44.257+0800: 432826.538: [GC (Allocation Failure) 2023-10-23T18:04:44.257+0800: 432826.538: [ParNew: 8404511K->610110K(9175040K), 0.0818670 secs] 46633720K->38855149K(65798144K), 0.0822575 secs] [Times: user=1.43 sys=0.00, real=0.08 secs] 
2023-10-23T18:04:50.778+0800: 432833.060: [GC (Allocation Failure) 2023-10-23T18:04:50.779+0800: 432833.060: [ParNew: 8474430K->596906K(9175040K), 0.1410786 secs] 46719469K->38858212K(65798144K), 0.1415632 secs] [Times: user=1.13 sys=1.10, real=0.14 secs] 
2023-10-23T18:04:58.121+0800: 432840.402: [GC (Allocation Failure) 2023-10-23T18:04:58.121+0800: 432840.402: [ParNew: 8461226K->550932K(9175040K), 0.1053207 secs] 46722532K->38828967K(65798144K), 0.1057195 secs] [Times: user=1.37 sys=0.25, real=0.11 secs] 
2023-10-23T18:05:05.545+0800: 432847.826: [GC (Allocation Failure) 2023-10-23T18:05:05.545+0800: 432847.826: [ParNew: 8415252K->522192K(9175040K), 0.0918400 secs] 46693287K->38817389K(65798144K), 0.0922225 secs] [Times: user=1.42 sys=0.00, real=0.10 secs] 
2023-10-23T18:05:13.027+0800: 432855.308: [GC (Allocation Failure) 2023-10-23T18:05:13.027+0800: 432855.308: [ParNew: 8386512K->495179K(9175040K), 0.1004518 secs] 46681709K->38812460K(65798144K), 0.1008298 secs] [Times: user=1.36 sys=0.16, real=0.10 secs] 
2023-10-23T18:05:20.243+0800: 432862.524: [GC (Allocation Failure) 2023-10-23T18:05:20.243+0800: 432862.524: [ParNew: 8359499K->477411K(9175040K), 0.0966888 secs] 46676780K->38811802K(65798144K), 0.0970714 secs] [Times: user=1.50 sys=0.00, real=0.10 secs] 
2023-10-23T18:05:26.079+0800: 432868.360: [GC (Allocation Failure) 2023-10-23T18:05:26.079+0800: 432868.360: [ParNew: 8341731K->549126K(9175040K), 0.0847577 secs] 46676122K->38899612K(65798144K), 0.0851567 secs] [Times: user=0.91 sys=0.34, real=0.08 secs] 
2023-10-23T18:05:31.883+0800: 432874.164: [GC (Allocation Failure) 2023-10-23T18:05:31.883+0800: 432874.164: [ParNew: 8413446K->521922K(9175040K), 0.1256381 secs] 46763932K->38888453K(65798144K), 0.1261026 secs] [Times: user=1.20 sys=0.81, real=0.13 secs] 
2023-10-23T18:05:37.859+0800: 432880.140: [GC (Allocation Failure) 2023-10-23T18:05:37.859+0800: 432880.140: [ParNew: 8386242K->529518K(9175040K), 0.0990143 secs] 46752773K->38912192K(65798144K), 0.0994272 secs] [Times: user=0.80 sys=0.70, real=0.10 secs] 
2023-10-23T18:05:43.890+0800: 432886.171: [GC (Allocation Failure) 2023-10-23T18:05:43.890+0800: 432886.171: [ParNew: 8392557K->565584K(9175040K), 0.0903401 secs] 46775232K->38964342K(65798144K), 0.0907806 secs] [Times: user=1.43 sys=0.00, real=0.09 secs] 
2023-10-23T18:05:49.694+0800: 432891.975: [GC (Allocation Failure) 2023-10-23T18:05:49.694+0800: 432891.975: [ParNew: 8429865K->643198K(9175040K), 0.0928524 secs] 46828623K->39058006K(65798144K), 0.0933153 secs] [Times: user=1.48 sys=0.00, real=0.10 secs] 
2023-10-23T18:05:55.531+0800: 432897.813: [GC (Allocation Failure) 2023-10-23T18:05:55.532+0800: 432897.813: [ParNew: 8507518K->594757K(9175040K), 0.0929917 secs] 46922326K->39024996K(65798144K), 0.0933997 secs] [Times: user=1.49 sys=0.00, real=0.09 secs] 
2023-10-23T18:06:01.357+0800: 432903.638: [GC (Allocation Failure) 2023-10-23T18:06:01.357+0800: 432903.638: [ParNew: 8459077K->570658K(9175040K), 0.1029815 secs] 46889316K->39030410K(65798144K), 0.1033902 secs] [Times: user=1.00 sys=0.53, real=0.10 secs] 
2023-10-23T18:06:07.093+0800: 432909.374: [GC (Allocation Failure) 2023-10-23T18:06:07.093+0800: 432909.375: [ParNew: 8434978K->500593K(9175040K), 0.0923505 secs] 46894730K->38981256K(65798144K), 0.0927543 secs] [Times: user=0.94 sys=0.38, real=0.10 secs] 
2023-10-23T18:06:12.801+0800: 432915.082: [GC (Allocation Failure) 2023-10-23T18:06:12.801+0800: 432915.082: [ParNew: 8364913K->434593K(9175040K), 0.1455439 secs] 46845576K->38972390K(65798144K), 0.1460430 secs] [Times: user=1.36 sys=0.75, real=0.15 secs] 
2023-10-23T18:06:19.877+0800: 432922.158: [GC (Allocation Failure) 2023-10-23T18:06:19.877+0800: 432922.158: [ParNew: 8298913K->460043K(9175040K), 0.1068441 secs] 46836710K->39020611K(65798144K), 0.1072221 secs] [Times: user=0.78 sys=0.24, real=0.10 secs] 
2023-10-23T18:06:26.831+0800: 432929.113: [GC (Allocation Failure) 2023-10-23T18:06:26.832+0800: 432929.113: [ParNew: 8324363K->492972K(9175040K), 0.0946050 secs] 46884931K->39069344K(65798144K), 0.0950283 secs] [Times: user=1.43 sys=0.00, real=0.10 secs] 
2023-10-23T18:06:33.653+0800: 432935.934: [GC (Allocation Failure) 2023-10-23T18:06:33.653+0800: 432935.934: [ParNew: 8357292K->440861K(9175040K), 0.1002379 secs] 46933664K->39033250K(65798144K), 0.1006938 secs] [Times: user=0.85 sys=0.58, real=0.10 secs] 
2023-10-23T18:06:40.790+0800: 432943.071: [GC (Allocation Failure) 2023-10-23T18:06:40.790+0800: 432943.072: [ParNew: 8305181K->470385K(9175040K), 0.1053963 secs] 46897570K->39079055K(65798144K), 0.1057758 secs] [Times: user=1.43 sys=0.09, real=0.11 secs] 
2023-10-23T18:06:48.037+0800: 432950.318: [GC (Allocation Failure) 2023-10-23T18:06:48.037+0800: 432950.318: [ParNew: 8334705K->478748K(9175040K), 0.0923917 secs] 46943375K->39104100K(65798144K), 0.0927857 secs] [Times: user=1.43 sys=0.00, real=0.09 secs] 
2023-10-23T18:06:55.113+0800: 432957.394: [GC (Allocation Failure) 2023-10-23T18:06:55.113+0800: 432957.395: [ParNew: 8343068K->490066K(9175040K), 0.1406805 secs] 46968420K->39131158K(65798144K), 0.1411096 secs] [Times: user=1.20 sys=0.95, real=0.14 secs] 
2023-10-23T18:07:01.877+0800: 432964.158: [GC (Allocation Failure) 2023-10-23T18:07:01.877+0800: 432964.158: [ParNew: 8354386K->480545K(9175040K), 0.1011748 secs] 46995478K->39136772K(65798144K), 0.1015615 secs] [Times: user=0.80 sys=0.67, real=0.10 secs] 
2023-10-23T18:07:08.720+0800: 432971.001: [GC (Allocation Failure) 2023-10-23T18:07:08.720+0800: 432971.001: [ParNew: 8344865K->474263K(9175040K), 0.0943991 secs] 47001092K->39145784K(65798144K), 0.0948424 secs] [Times: user=1.44 sys=0.00, real=0.09 secs] 
2023-10-23T18:07:15.626+0800: 432977.907: [GC (Allocation Failure) 2023-10-23T18:07:15.626+0800: 432977.908: [ParNew: 8338583K->461039K(9175040K), 0.0976128 secs] 47010104K->39155361K(65798144K), 0.0980082 secs] [Times: user=1.42 sys=0.00, real=0.09 secs] 
2023-10-23T18:07:22.472+0800: 432984.753: [GC (Allocation Failure) 2023-10-23T18:07:22.472+0800: 432984.753: [ParNew: 8325359K->481815K(9175040K), 0.0976783 secs] 47019681K->39203374K(65798144K), 0.0980682 secs] [Times: user=0.84 sys=0.53, real=0.10 secs] 
2023-10-23T18:07:29.130+0800: 432991.411: [GC (Allocation Failure) 2023-10-23T18:07:29.130+0800: 432991.412: [ParNew: 8346135K->403200K(9175040K), 0.0949661 secs] 47067694K->39163562K(65798144K), 0.0953564 secs] [Times: user=0.88 sys=0.44, real=0.09 secs] 
2023-10-23T18:07:35.572+0800: 432997.853: [GC (Allocation Failure) 2023-10-23T18:07:35.572+0800: 432997.853: [ParNew: 8267520K->437285K(9175040K), 0.1288834 secs] 47027882K->39226330K(65798144K), 0.1292835 secs] [Times: user=1.15 sys=0.79, real=0.13 secs] 
2023-10-23T18:07:41.962+0800: 433004.243: [GC (Allocation Failure) 2023-10-23T18:07:41.962+0800: 433004.243: [ParNew: 8301605K->400135K(9175040K), 0.0908402 secs] 47090650K->39205541K(65798144K), 0.0912138 secs] [Times: user=1.29 sys=0.06, real=0.09 secs] 
2023-10-23T18:07:48.827+0800: 433011.108: [GC (Allocation Failure) 2023-10-23T18:07:48.827+0800: 433011.108: [ParNew: 8264455K->468451K(9175040K), 0.0817740 secs] 47069861K->39289930K(65798144K), 0.0822165 secs] [Times: user=0.67 sys=0.54, real=0.08 secs] 
2023-10-23T18:07:55.954+0800: 433018.235: [GC (Allocation Failure) 2023-10-23T18:07:55.954+0800: 433018.235: [ParNew: 8332771K->410161K(9175040K), 0.0844969 secs] 47154250K->39247213K(65798144K), 0.0849440 secs] [Times: user=1.24 sys=0.03, real=0.09 secs] 
2023-10-23T18:08:02.927+0800: 433025.208: [GC (Allocation Failure) 2023-10-23T18:08:02.927+0800: 433025.209: [ParNew: 8274481K->403022K(9175040K), 0.0844234 secs] 47111533K->39256904K(65798144K), 0.0848614 secs] [Times: user=1.31 sys=0.00, real=0.08 secs] 
2023-10-23T18:08:09.895+0800: 433032.176: [GC (Allocation Failure) 2023-10-23T18:08:09.895+0800: 433032.176: [ParNew: 8267342K->394350K(9175040K), 0.0772993 secs] 47121224K->39263769K(65798144K), 0.0777404 secs] [Times: user=0.80 sys=0.36, real=0.08 secs] 
2023-10-23T18:08:17.225+0800: 433039.507: [GC (Allocation Failure) 2023-10-23T18:08:17.226+0800: 433039.507: [ParNew: 8258670K->399779K(9175040K), 0.1244648 secs] 47128089K->39292999K(65798144K), 0.1249156 secs] [Times: user=1.09 sys=0.89, real=0.13 secs] 
2023-10-23T18:08:24.138+0800: 433046.420: [GC (Allocation Failure) 2023-10-23T18:08:24.139+0800: 433046.420: [ParNew: 8264099K->369167K(9175040K), 0.0872617 secs] 47157319K->39277706K(65798144K), 0.0876939 secs] [Times: user=1.27 sys=0.06, real=0.09 secs] 
2023-10-23T18:08:31.087+0800: 433053.369: [GC (Allocation Failure) 2023-10-23T18:08:31.088+0800: 433053.369: [ParNew: 8233487K->423701K(9175040K), 0.0835691 secs] 47142026K->39348552K(65798144K), 0.0839624 secs] [Times: user=0.71 sys=0.54, real=0.08 secs] 
2023-10-23T18:08:38.007+0800: 433060.288: [GC (Allocation Failure) 2023-10-23T18:08:38.007+0800: 433060.289: [ParNew: 8288021K->399892K(9175040K), 0.0868500 secs] 47212872K->39339939K(65798144K), 0.0873058 secs] [Times: user=1.38 sys=0.00, real=0.08 secs] 
2023-10-23T18:08:44.828+0800: 433067.110: [GC (Allocation Failure) 2023-10-23T18:08:44.829+0800: 433067.110: [ParNew: 8264212K->416229K(9175040K), 0.0879072 secs] 47204259K->39371858K(65798144K), 0.0883113 secs] [Times: user=1.28 sys=0.05, real=0.09 secs] 
2023-10-23T18:08:51.392+0800: 433073.673: [GC (Allocation Failure) 2023-10-23T18:08:51.392+0800: 433073.673: [ParNew: 8280549K->393904K(9175040K), 0.0784198 secs] 47236178K->39364580K(65798144K), 0.0788184 secs] [Times: user=0.76 sys=0.40, real=0.08 secs] 
2023-10-23T18:08:58.049+0800: 433080.330: [GC (Allocation Failure) 2023-10-23T18:08:58.049+0800: 433080.330: [ParNew: 8258224K->433195K(9175040K), 0.1247353 secs] 47228900K->39418929K(65798144K), 0.1251415 secs] [Times: user=1.04 sys=0.94, real=0.12 secs] 
2023-10-23T18:09:04.817+0800: 433087.099: [GC (Allocation Failure) 2023-10-23T18:09:04.818+0800: 433087.099: [ParNew: 8297515K->394182K(9175040K), 0.0931165 secs] 47283249K->39394851K(65798144K), 0.0935491 secs] [Times: user=0.77 sys=0.74, real=0.09 secs] 
2023-10-23T18:09:11.257+0800: 433093.539: [GC (Allocation Failure) 2023-10-23T18:09:11.258+0800: 433093.539: [ParNew: 8258502K->452483K(9175040K), 0.0823194 secs] 47259171K->39468154K(65798144K), 0.0826975 secs] [Times: user=1.36 sys=0.00, real=0.08 secs] 
2023-10-23T18:09:17.655+0800: 433099.937: [GC (Allocation Failure) 2023-10-23T18:09:17.656+0800: 433099.937: [ParNew: 8316803K->410003K(9175040K), 0.0845064 secs] 47332474K->39448924K(65798144K), 0.0848787 secs] [Times: user=0.76 sys=0.60, real=0.09 secs] 
2023-10-23T18:09:23.993+0800: 433106.275: [GC (Allocation Failure) 2023-10-23T18:09:23.993+0800: 433106.275: [ParNew: 8274323K->470940K(9175040K), 0.0856087 secs] 47313244K->39524946K(65798144K), 0.0859764 secs] [Times: user=0.76 sys=0.62, real=0.09 secs] 
2023-10-23T18:09:30.483+0800: 433112.765: [GC (Allocation Failure) 2023-10-23T18:09:30.483+0800: 433112.765: [ParNew: 8335260K->383214K(9175040K), 0.0766603 secs] 47389266K->39452281K(65798144K), 0.0770325 secs] [Times: user=0.84 sys=0.36, real=0.08 secs] 
2023-10-23T18:09:36.910+0800: 433119.191: [GC (Allocation Failure) 2023-10-23T18:09:36.910+0800: 433119.191: [ParNew: 8247534K->452473K(9175040K), 0.1284805 secs] 47316601K->39537069K(65798144K), 0.1289199 secs] [Times: user=1.08 sys=0.97, real=0.13 secs] 
2023-10-23T18:09:43.438+0800: 433125.719: [GC (Allocation Failure) 2023-10-23T18:09:43.438+0800: 433125.719: [ParNew: 8316793K->405740K(9175040K), 0.0893845 secs] 47401389K->39505458K(65798144K), 0.0897670 secs] [Times: user=0.66 sys=0.70, real=0.09 secs] 
2023-10-23T18:09:50.355+0800: 433132.636: [GC (Allocation Failure) 2023-10-23T18:09:50.355+0800: 433132.636: [ParNew: 8270060K->415578K(9175040K), 0.0845105 secs] 47369778K->39530968K(65798144K), 0.0849570 secs] [Times: user=0.70 sys=0.57, real=0.09 secs] 
2023-10-23T18:09:57.167+0800: 433139.449: [GC (Allocation Failure) 2023-10-23T18:09:57.168+0800: 433139.449: [ParNew: 8279898K->391720K(9175040K), 0.0866130 secs] 47395288K->39523114K(65798144K), 0.0869872 secs] [Times: user=0.70 sys=0.48, real=0.08 secs] 
2023-10-23T18:10:03.915+0800: 433146.196: [GC (Allocation Failure) 2023-10-23T18:10:03.915+0800: 433146.197: [ParNew: 8256040K->383440K(9175040K), 0.0841774 secs] 47387434K->39530478K(65798144K), 0.0846222 secs] [Times: user=0.71 sys=0.56, real=0.09 secs] 
2023-10-23T18:10:10.725+0800: 433153.006: [GC (Allocation Failure) 2023-10-23T18:10:10.725+0800: 433153.006: [ParNew: 8247760K->373887K(9175040K), 0.0797300 secs] 47394798K->39536304K(65798144K), 0.0801065 secs] [Times: user=1.31 sys=0.00, real=0.08 secs] 
2023-10-23T18:10:17.670+0800: 433159.952: [GC (Allocation Failure) 2023-10-23T18:10:17.671+0800: 433159.952: [ParNew: 8238207K->347675K(9175040K), 0.1243380 secs] 47400624K->39532880K(65798144K), 0.1247416 secs] [Times: user=0.92 sys=1.04, real=0.12 secs] 
2023-10-23T18:10:24.621+0800: 433166.902: [GC (Allocation Failure) 2023-10-23T18:10:24.621+0800: 433166.902: [ParNew: 8211995K->433935K(9175040K), 0.0848879 secs] 47397200K->39634076K(65798144K), 0.0853672 secs] [Times: user=1.23 sys=0.05, real=0.09 secs] 
2023-10-23T18:10:31.704+0800: 433173.985: [GC (Allocation Failure) 2023-10-23T18:10:31.704+0800: 433173.985: [ParNew: 8298255K->351529K(9175040K), 0.0862532 secs] 47498396K->39565996K(65798144K), 0.0866502 secs] [Times: user=1.29 sys=0.01, real=0.09 secs] 
2023-10-23T18:10:38.850+0800: 433181.132: [GC (Allocation Failure) 2023-10-23T18:10:38.851+0800: 433181.132: [ParNew: 8215234K->419250K(9175040K), 0.0859648 secs] 47429700K->39648758K(65798144K), 0.0864348 secs] [Times: user=0.73 sys=0.55, real=0.09 secs] 
2023-10-23T18:10:46.034+0800: 433188.315: [GC (Allocation Failure) 2023-10-23T18:10:46.034+0800: 433188.316: [ParNew: 8283570K->376832K(9175040K), 0.0892711 secs] 47513078K->39621351K(65798144K), 0.0897111 secs] [Times: user=0.76 sys=0.60, real=0.09 secs] 
2023-10-23T18:10:53.124+0800: 433195.405: [GC (Allocation Failure) 2023-10-23T18:10:53.124+0800: 433195.406: [ParNew: 8241152K->372914K(9175040K), 0.0799984 secs] 47485671K->39632585K(65798144K), 0.0803863 secs] [Times: user=1.36 sys=0.00, real=0.08 secs] 
2023-10-23T18:11:00.068+0800: 433202.349: [GC (Allocation Failure) 2023-10-23T18:11:00.068+0800: 433202.349: [ParNew: 8237234K->382575K(9175040K), 0.1181568 secs] 47496905K->39656985K(65798144K), 0.1185968 secs] [Times: user=1.11 sys=0.75, real=0.12 secs] 
2023-10-23T18:11:06.692+0800: 433208.974: [GC (Allocation Failure) 2023-10-23T18:11:06.693+0800: 433208.974: [ParNew: 8246895K->391280K(9175040K), 0.0849427 secs] 47521305K->39680304K(65798144K), 0.0853311 secs] [Times: user=0.61 sys=0.67, real=0.09 secs] 
2023-10-23T18:11:13.672+0800: 433215.953: [GC (Allocation Failure) 2023-10-23T18:11:13.672+0800: 433215.953: [ParNew: 8255600K->364058K(9175040K), 0.0816631 secs] 47544624K->39667441K(65798144K), 0.0820460 secs] [Times: user=1.24 sys=0.00, real=0.08 secs] 
2023-10-23T18:11:20.699+0800: 433222.980: [GC (Allocation Failure) 2023-10-23T18:11:20.699+0800: 433222.980: [ParNew: 8228378K->400439K(9175040K), 0.0864335 secs] 47531761K->39725529K(65798144K), 0.0867781 secs] [Times: user=1.29 sys=0.03, real=0.08 secs] 
2023-10-23T18:11:27.728+0800: 433230.009: [GC (Allocation Failure) 2023-10-23T18:11:27.728+0800: 433230.010: [ParNew: 8264759K->385751K(9175040K), 0.0899043 secs] 47589849K->39725202K(65798144K), 0.0902612 secs] [Times: user=1.28 sys=0.04, real=0.09 secs] 
2023-10-23T18:11:35.088+0800: 433237.369: [GC (Allocation Failure) 2023-10-23T18:11:35.088+0800: 433237.369: [ParNew: 8250071K->406839K(9175040K), 0.0803089 secs] 47589522K->39761372K(65798144K), 0.0808039 secs] [Times: user=0.76 sys=0.37, real=0.08 secs] 
2023-10-23T18:11:43.380+0800: 433245.661: [GC (Allocation Failure) 2023-10-23T18:11:43.380+0800: 433245.661: [ParNew: 8271159K->400831K(9175040K), 0.1487511 secs] 47625692K->39769643K(65798144K), 0.1490708 secs] [Times: user=0.96 sys=1.41, real=0.15 secs] 
2023-10-23T18:11:53.745+0800: 433256.026: [GC (Allocation Failure) 2023-10-23T18:11:53.745+0800: 433256.027: [ParNew: 8265151K->420854K(9175040K), 0.0930246 secs] 47633963K->39804155K(65798144K), 0.0933360 secs] [Times: user=0.66 sys=0.69, real=0.10 secs] 
2023-10-23T18:12:14.921+0800: 433277.202: [GC (Allocation Failure) 2023-10-23T18:12:14.921+0800: 433277.202: [ParNew: 8285174K->450363K(9175040K), 0.1148552 secs] 47668475K->39848139K(65798144K), 0.1152604 secs] [Times: user=1.08 sys=0.72, real=0.12 secs] 
2023-10-23T18:12:56.493+0800: 433318.774: [GC (Allocation Failure) 2023-10-23T18:12:56.493+0800: 433318.775: [ParNew: 8314683K->520736K(9175040K), 0.1668021 secs] 47712459K->39933485K(65798144K), 0.1670906 secs] [Times: user=1.27 sys=1.49, real=0.17 secs] 
2023-10-23T18:14:36.183+0800: 433418.464: [GC (Allocation Failure) 2023-10-23T18:14:36.183+0800: 433418.464: [ParNew: 8385056K->527109K(9175040K), 0.2079104 secs] 47797805K->39954548K(65798144K), 0.2081964 secs] [Times: user=1.08 sys=2.43, real=0.21 secs] 
2023-10-23T18:16:32.467+0800: 433534.748: [GC (Allocation Failure) 2023-10-23T18:16:32.467+0800: 433534.749: [ParNew: 8391429K->500252K(9175040K), 0.1993153 secs] 47818868K->39930160K(65798144K), 0.1996005 secs] [Times: user=0.33 sys=3.06, real=0.20 secs] 
2023-10-23T18:17:58.114+0800: 433620.396: [GC (Allocation Failure) 2023-10-23T18:17:58.114+0800: 433620.396: [ParNew: 8364572K->344034K(9175040K), 0.2264014 secs] 47794480K->39782882K(65798144K), 0.2267304 secs] [Times: user=0.93 sys=2.96, real=0.23 secs] 
2023-10-23T18:19:30.818+0800: 433713.099: [GC (Allocation Failure) 2023-10-23T18:19:30.818+0800: 433713.099: [ParNew: 8208354K->384590K(9175040K), 0.2200895 secs] 47647202K->39825717K(65798144K), 0.2203888 secs] [Times: user=0.99 sys=2.77, real=0.22 secs] 
2023-10-23T18:21:21.612+0800: 433823.894: [GC (Allocation Failure) 2023-10-23T18:21:21.613+0800: 433823.894: [ParNew: 8248910K->418411K(9175040K), 0.2109400 secs] 47690037K->39861411K(65798144K), 0.2111946 secs] [Times: user=0.99 sys=2.61, real=0.21 secs] 
2023-10-23T18:23:23.661+0800: 433945.942: [GC (Allocation Failure) 2023-10-23T18:23:23.661+0800: 433945.942: [ParNew: 8282731K->418641K(9175040K), 0.1999160 secs] 47725731K->39863921K(65798144K), 0.2001981 secs] [Times: user=0.42 sys=2.92, real=0.20 secs] 
2023-10-23T18:24:57.431+0800: 434039.713: [GC (Allocation Failure) 2023-10-23T18:24:57.432+0800: 434039.713: [ParNew: 8282961K->435426K(9175040K), 0.2378974 secs] 47728241K->39882534K(65798144K), 0.2383053 secs] [Times: user=0.87 sys=3.22, real=0.24 secs] 
2023-10-23T18:26:36.701+0800: 434138.982: [GC (Allocation Failure) 2023-10-23T18:26:36.701+0800: 434138.982: [ParNew: 8299746K->419505K(9175040K), 0.2284957 secs] 47746854K->39868899K(65798144K), 0.2288526 secs] [Times: user=0.96 sys=2.96, real=0.23 secs] 
2023-10-23T18:27:12.080+0800: 434174.361: [GC (Allocation Failure) 2023-10-23T18:27:12.080+0800: 434174.361: [ParNew: 8283825K->502456K(9175040K), 0.1168258 secs] 47733219K->39953684K(65798144K), 0.1171357 secs] [Times: user=0.96 sys=0.96, real=0.12 secs] 
2023-10-23T18:27:27.526+0800: 434189.808: [GC (Allocation Failure) 2023-10-23T18:27:27.527+0800: 434189.808: [ParNew: 8366776K->497026K(9175040K), 0.1342541 secs] 47818004K->39950465K(65798144K), 0.1345557 secs] [Times: user=1.00 sys=1.27, real=0.13 secs] 
2023-10-23T18:27:41.154+0800: 434203.435: [GC (Allocation Failure) 2023-10-23T18:27:41.154+0800: 434203.436: [ParNew: 8361346K->512229K(9175040K), 0.0825398 secs] 47814785K->39967774K(65798144K), 0.0828214 secs] [Times: user=1.21 sys=0.14, real=0.09 secs] 
2023-10-23T18:27:53.980+0800: 434216.261: [GC (Allocation Failure) 2023-10-23T18:27:53.980+0800: 434216.261: [ParNew: 8376549K->513358K(9175040K), 0.0930313 secs] 47832094K->39977286K(65798144K), 0.0933119 secs] [Times: user=1.26 sys=0.27, real=0.09 secs] 
2023-10-23T18:28:08.590+0800: 434230.871: [GC (Allocation Failure) 2023-10-23T18:28:08.590+0800: 434230.871: [ParNew: 8377678K->479119K(9175040K), 0.0799032 secs] 47841606K->39945757K(65798144K), 0.0801973 secs] [Times: user=1.33 sys=0.00, real=0.08 secs] 
2023-10-23T18:28:20.471+0800: 434242.752: [GC (Allocation Failure) 2023-10-23T18:28:20.471+0800: 434242.752: [ParNew: 8343439K->543081K(9175040K), 0.1333801 secs] 47810077K->40013092K(65798144K), 0.1337121 secs] [Times: user=0.92 sys=1.33, real=0.13 secs] 
2023-10-23T18:28:32.867+0800: 434255.149: [GC (Allocation Failure) 2023-10-23T18:28:32.867+0800: 434255.149: [ParNew: 8407401K->514823K(9175040K), 0.0824184 secs] 47877412K->39996738K(65798144K), 0.0826973 secs] [Times: user=0.64 sys=0.69, real=0.08 secs] 
2023-10-23T18:28:48.516+0800: 434270.797: [GC (Allocation Failure) 2023-10-23T18:28:48.516+0800: 434270.797: [ParNew: 8379143K->469867K(9175040K), 0.0884064 secs] 47861058K->39965122K(65798144K), 0.0886985 secs] [Times: user=1.14 sys=0.27, real=0.08 secs] 
2023-10-23T18:29:04.426+0800: 434286.707: [GC (Allocation Failure) 2023-10-23T18:29:04.426+0800: 434286.707: [ParNew: 8334187K->477773K(9175040K), 0.0747180 secs] 47829442K->39995528K(65798144K), 0.0750321 secs] [Times: user=1.25 sys=0.00, real=0.07 secs] 
2023-10-23T18:29:19.758+0800: 434302.040: [GC (Allocation Failure) 2023-10-23T18:29:19.759+0800: 434302.040: [ParNew: 8342093K->412738K(9175040K), 0.1338196 secs] 47859848K->39949482K(65798144K), 0.1341063 secs] [Times: user=0.83 sys=1.40, real=0.13 secs] 
2023-10-23T18:29:37.123+0800: 434319.404: [GC (Allocation Failure) 2023-10-23T18:29:37.123+0800: 434319.404: [ParNew: 8277058K->404950K(9175040K), 0.0813716 secs] 47813802K->39953555K(65798144K), 0.0817062 secs] [Times: user=1.11 sys=0.19, real=0.08 secs] 
2023-10-23T18:29:54.232+0800: 434336.513: [GC (Allocation Failure) 2023-10-23T18:29:54.232+0800: 434336.514: [ParNew: 8269270K->339915K(9175040K), 0.0837740 secs] 47817875K->39906060K(65798144K), 0.0840560 secs] [Times: user=1.08 sys=0.25, real=0.09 secs] 
2023-10-23T18:30:09.700+0800: 434351.981: [GC (Allocation Failure) 2023-10-23T18:30:09.700+0800: 434351.981: [ParNew: 8204235K->349500K(9175040K), 0.1177619 secs] 47770380K->39932294K(65798144K), 0.1180620 secs] [Times: user=0.83 sys=1.11, real=0.12 secs] 
2023-10-23T18:30:29.753+0800: 434372.034: [GC (Allocation Failure) 2023-10-23T18:30:29.753+0800: 434372.034: [ParNew: 8213820K->335997K(9175040K), 0.0938301 secs] 47796614K->39933246K(65798144K), 0.0941130 secs] [Times: user=0.46 sys=1.05, real=0.10 secs] 
2023-10-23T18:30:49.881+0800: 434392.162: [GC (Allocation Failure) 2023-10-23T18:30:49.881+0800: 434392.162: [ParNew: 8200317K->288470K(9175040K), 0.0989440 secs] 47797566K->39915674K(65798144K), 0.0992265 secs] [Times: user=1.05 sys=0.49, real=0.10 secs] 
2023-10-23T18:31:16.375+0800: 434418.656: [GC (Allocation Failure) 2023-10-23T18:31:16.375+0800: 434418.656: [ParNew: 8152790K->258721K(9175040K), 0.1400298 secs] 47779994K->39918669K(65798144K), 0.1403347 secs] [Times: user=0.73 sys=1.53, real=0.14 secs] 
2023-10-23T18:33:07.871+0800: 434530.152: [GC (Allocation Failure) 2023-10-23T18:33:07.871+0800: 434530.153: [ParNew: 8123041K->297306K(9175040K), 0.2039579 secs] 47782989K->39959119K(65798144K), 0.2042514 secs] [Times: user=0.33 sys=3.14, real=0.20 secs] 
2023-10-23T18:33:48.050+0800: 434570.331: [GC (Allocation Failure) 2023-10-23T18:33:48.050+0800: 434570.331: [ParNew: 8161626K->291425K(9175040K), 0.1578836 secs] 47823439K->39954014K(65798144K), 0.1582130 secs] [Times: user=0.54 sys=2.13, real=0.16 secs] 
2023-10-23T18:34:00.949+0800: 434583.231: [GC (Allocation Failure) 2023-10-23T18:34:00.949+0800: 434583.231: [ParNew: 8155745K->323146K(9175040K), 0.0722616 secs] 47818334K->39989644K(65798144K), 0.0725843 secs] [Times: user=1.08 sys=0.14, real=0.07 secs] 
2023-10-23T18:34:10.230+0800: 434592.511: [GC (Allocation Failure) 2023-10-23T18:34:10.230+0800: 434592.511: [ParNew: 8187466K->322057K(9175040K), 0.0699637 secs] 47853964K->39989887K(65798144K), 0.0702747 secs] [Times: user=0.59 sys=0.54, real=0.07 secs] 
2023-10-23T18:34:18.287+0800: 434600.568: [GC (Allocation Failure) 2023-10-23T18:34:18.287+0800: 434600.568: [ParNew: 8186377K->312637K(9175040K), 0.0723812 secs] 47854207K->39982235K(65798144K), 0.0726724 secs] [Times: user=0.55 sys=0.61, real=0.07 secs] 
2023-10-23T18:34:25.945+0800: 434608.227: [GC (Allocation Failure) 2023-10-23T18:34:25.945+0800: 434608.227: [ParNew: 8176957K->293561K(9175040K), 0.0670649 secs] 47846555K->39964410K(65798144K), 0.0673729 secs] [Times: user=1.17 sys=0.00, real=0.07 secs] 
2023-10-23T18:34:33.124+0800: 434615.405: [GC (Allocation Failure) 2023-10-23T18:34:33.124+0800: 434615.405: [ParNew: 8157881K->298633K(9175040K), 0.0540074 secs] 47828730K->39970910K(65798144K), 0.0543014 secs] [Times: user=0.57 sys=0.25, real=0.06 secs] 
2023-10-23T18:34:39.758+0800: 434622.039: [GC (Allocation Failure) 2023-10-23T18:34:39.758+0800: 434622.039: [ParNew: 8162953K->276992K(9175040K), 0.1120495 secs] 47835230K->39954616K(65798144K), 0.1123755 secs] [Times: user=0.73 sys=1.14, real=0.11 secs] 
2023-10-23T18:34:46.334+0800: 434628.615: [GC (Allocation Failure) 2023-10-23T18:34:46.334+0800: 434628.615: [ParNew: 8141312K->302994K(9175040K), 0.0660793 secs] 47818936K->39982218K(65798144K), 0.0664061 secs] [Times: user=1.10 sys=0.00, real=0.07 secs] 
2023-10-23T18:34:53.570+0800: 434635.851: [GC (Allocation Failure) 2023-10-23T18:34:53.570+0800: 434635.852: [ParNew: 8167314K->332035K(9175040K), 0.0652427 secs] 47846538K->40012304K(65798144K), 0.0655673 secs] [Times: user=0.47 sys=0.56, real=0.07 secs] 
2023-10-23T18:35:00.089+0800: 434642.370: [GC (Allocation Failure) 2023-10-23T18:35:00.089+0800: 434642.371: [ParNew: 8196355K->320599K(9175040K), 0.0728188 secs] 47876624K->40001872K(65798144K), 0.0731014 secs] [Times: user=1.15 sys=0.02, real=0.07 secs] 
2023-10-23T18:35:08.485+0800: 434650.766: [GC (Allocation Failure) 2023-10-23T18:35:08.485+0800: 434650.766: [ParNew: 8184919K->270765K(9175040K), 0.0633374 secs] 47866192K->39956584K(65798144K), 0.0636608 secs] [Times: user=0.46 sys=0.54, real=0.07 secs] 
2023-10-23T18:35:15.932+0800: 434658.213: [GC (Allocation Failure) 2023-10-23T18:35:15.932+0800: 434658.213: [ParNew: 8135085K->282730K(9175040K), 0.1123718 secs] 47820904K->39977764K(65798144K), 0.1126622 secs] [Times: user=0.86 sys=1.00, real=0.11 secs] 
2023-10-23T18:35:22.893+0800: 434665.174: [GC (Allocation Failure) 2023-10-23T18:35:22.893+0800: 434665.174: [ParNew: 8147050K->278606K(9175040K), 0.0682185 secs] 47842084K->39981118K(65798144K), 0.0685085 secs] [Times: user=1.15 sys=0.00, real=0.07 secs] 
2023-10-23T18:35:29.534+0800: 434671.815: [GC (Allocation Failure) 2023-10-23T18:35:29.534+0800: 434671.815: [ParNew: 8142926K->255082K(9175040K), 0.0741835 secs] 47845438K->39974479K(65798144K), 0.0744975 secs] [Times: user=1.16 sys=0.00, real=0.08 secs] 
2023-10-23T18:35:35.820+0800: 434678.101: [GC (Allocation Failure) 2023-10-23T18:35:35.820+0800: 434678.101: [ParNew: 8119402K->186418K(9175040K), 0.0732349 secs] 47838799K->39960336K(65798144K), 0.0735577 secs] [Times: user=0.53 sys=0.51, real=0.07 secs] 
2023-10-23T18:35:42.563+0800: 434684.845: [GC (Allocation Failure) 2023-10-23T18:35:42.563+0800: 434684.845: [ParNew: 8050738K->173776K(9175040K), 0.0674401 secs] 47824656K->39969478K(65798144K), 0.0677635 secs] [Times: user=0.45 sys=0.57, real=0.07 secs] 
2023-10-23T18:35:48.639+0800: 434690.920: [GC (Allocation Failure) 2023-10-23T18:35:48.639+0800: 434690.921: [ParNew: 8038096K->184735K(9175040K), 0.0633202 secs] 47833798K->39985610K(65798144K), 0.0636346 secs] [Times: user=0.47 sys=0.51, real=0.06 secs] 
2023-10-23T18:35:54.759+0800: 434697.040: [GC (Allocation Failure) 2023-10-23T18:35:54.759+0800: 434697.040: [ParNew: 8049055K->154510K(9175040K), 0.1096412 secs] 47849930K->39960863K(65798144K), 0.1099867 secs] [Times: user=0.74 sys=1.09, real=0.11 secs] 
2023-10-23T18:36:01.018+0800: 434703.300: [GC (Allocation Failure) 2023-10-23T18:36:01.019+0800: 434703.300: [ParNew: 8018830K->152422K(9175040K), 0.0580123 secs] 47825183K->39963899K(65798144K), 0.0583256 secs] [Times: user=1.14 sys=0.00, real=0.06 secs] 
2023-10-23T18:36:07.899+0800: 434710.180: [GC (Allocation Failure) 2023-10-23T18:36:07.899+0800: 434710.180: [ParNew: 8016742K->181308K(9175040K), 0.0645856 secs] 47828219K->39996110K(65798144K), 0.0648856 secs] [Times: user=1.02 sys=0.00, real=0.06 secs] 
2023-10-23T18:36:14.210+0800: 434716.492: [GC (Allocation Failure) 2023-10-23T18:36:14.210+0800: 434716.492: [ParNew: 8045628K->173328K(9175040K), 0.0584387 secs] 47860430K->39991805K(65798144K), 0.0587802 secs] [Times: user=0.96 sys=0.00, real=0.06 secs] 
2023-10-23T18:36:20.256+0800: 434722.537: [GC (Allocation Failure) 2023-10-23T18:36:20.256+0800: 434722.537: [ParNew: 8037648K->159986K(9175040K), 0.0590610 secs] 47856125K->39983617K(65798144K), 0.0593504 secs] [Times: user=0.39 sys=0.52, real=0.05 secs] 
2023-10-23T18:36:26.346+0800: 434728.627: [GC (Allocation Failure) 2023-10-23T18:36:26.346+0800: 434728.627: [ParNew: 8024306K->166050K(9175040K), 0.0583896 secs] 47847937K->39994120K(65798144K), 0.0587429 secs] [Times: user=0.36 sys=0.54, real=0.06 secs] 
2023-10-23T18:36:33.236+0800: 434735.517: [GC (Allocation Failure) 2023-10-23T18:36:33.236+0800: 434735.518: [ParNew: 8030370K->159416K(9175040K), 0.0581082 secs] 47858440K->39993834K(65798144K), 0.0584511 secs] [Times: user=0.49 sys=0.40, real=0.05 secs] 
2023-10-23T18:36:39.925+0800: 434742.206: [GC (Allocation Failure) 2023-10-23T18:36:39.925+0800: 434742.206: [ParNew: 8023736K->160125K(9175040K), 0.1115938 secs] 47858154K->40000369K(65798144K), 0.1119221 secs] [Times: user=0.54 sys=1.31, real=0.12 secs] 
2023-10-23T18:36:47.657+0800: 434749.938: [GC (Allocation Failure) 2023-10-23T18:36:47.657+0800: 434749.938: [ParNew: 8024445K->175912K(9175040K), 0.0621377 secs] 47864689K->40019885K(65798144K), 0.0624246 secs] [Times: user=0.94 sys=0.03, real=0.06 secs] 
2023-10-23T18:36:53.889+0800: 434756.170: [GC (Allocation Failure) 2023-10-23T18:36:53.889+0800: 434756.170: [ParNew: 8040232K->167728K(9175040K), 0.0576401 secs] 47884205K->40013800K(65798144K), 0.0579669 secs] [Times: user=0.37 sys=0.53, real=0.06 secs] 
2023-10-23T18:36:59.902+0800: 434762.183: [GC (Allocation Failure) 2023-10-23T18:36:59.902+0800: 434762.184: [ParNew: 8032048K->172648K(9175040K), 0.0587691 secs] 47878120K->40023378K(65798144K), 0.0590440 secs] [Times: user=0.97 sys=0.00, real=0.06 secs] 
2023-10-23T18:37:06.240+0800: 434768.522: [GC (Allocation Failure) 2023-10-23T18:37:06.241+0800: 434768.522: [ParNew: 8036968K->165430K(9175040K), 0.0586642 secs] 47887698K->40021959K(65798144K), 0.0589404 secs] [Times: user=0.98 sys=0.00, real=0.06 secs] 
2023-10-23T18:37:12.309+0800: 434774.590: [GC (Allocation Failure) 2023-10-23T18:37:12.309+0800: 434774.590: [ParNew: 8029750K->155730K(9175040K), 0.0472863 secs] 47886279K->40015654K(65798144K), 0.0476411 secs] [Times: user=0.46 sys=0.23, real=0.05 secs] 
2023-10-23T18:38:39.761+0800: 434862.042: [GC (Allocation Failure) 2023-10-23T18:38:39.761+0800: 434862.043: [ParNew: 8020050K->205926K(9175040K), 0.2108453 secs] 47879974K->40069297K(65798144K), 0.2111494 secs] [Times: user=0.85 sys=2.75, real=0.21 secs] 
2023-10-23T18:39:31.013+0800: 434913.295: [GC (Allocation Failure) 2023-10-23T18:39:31.014+0800: 434913.295: [ParNew: 8070246K->308014K(9175040K), 0.1840511 secs] 47933617K->40176603K(65798144K), 0.1844007 secs] [Times: user=1.06 sys=2.04, real=0.19 secs] 
2023-10-23T18:39:50.260+0800: 434932.541: [GC (Allocation Failure) 2023-10-23T18:39:50.260+0800: 434932.541: [ParNew: 8172334K->368437K(9175040K), 0.0827499 secs] 48040923K->40242350K(65798144K), 0.0830455 secs] [Times: user=0.56 sys=0.78, real=0.08 secs] 
2023-10-23T18:40:19.131+0800: 434961.413: [GC (Allocation Failure) 2023-10-23T18:40:19.132+0800: 434961.413: [ParNew: 8232757K->343336K(9175040K), 0.1089645 secs] 48106670K->40220765K(65798144K), 0.1092459 secs] [Times: user=1.05 sys=0.71, real=0.11 secs] 
2023-10-23T18:41:22.089+0800: 435024.371: [GC (Allocation Failure) 2023-10-23T18:41:22.090+0800: 435024.371: [ParNew: 8207656K->367851K(9175040K), 0.1766724 secs] 48085085K->40246254K(65798144K), 0.1769596 secs] [Times: user=0.56 sys=2.37, real=0.18 secs] 
2023-10-23T18:41:39.005+0800: 435041.286: [GC (Allocation Failure) 2023-10-23T18:41:39.005+0800: 435041.286: [ParNew: 8232171K->390542K(9175040K), 0.0903268 secs] 48110574K->40269764K(65798144K), 0.0906038 secs] [Times: user=0.68 sys=0.75, real=0.09 secs] 
2023-10-23T18:42:10.436+0800: 435072.718: [GC (Allocation Failure) 2023-10-23T18:42:10.437+0800: 435072.718: [ParNew: 8254224K->401012K(9175040K), 0.1523852 secs] 48133446K->40281505K(65798144K), 0.1526763 secs] [Times: user=1.38 sys=1.11, real=0.15 secs] 
2023-10-23T18:42:28.519+0800: 435090.800: [GC (Allocation Failure) 2023-10-23T18:42:28.519+0800: 435090.800: [ParNew: 8265332K->484563K(9175040K), 0.0995804 secs] 48145825K->40365885K(65798144K), 0.0998753 secs] [Times: user=1.28 sys=0.27, real=0.10 secs] 
2023-10-23T18:42:59.525+0800: 435121.806: [GC (Allocation Failure) 2023-10-23T18:42:59.525+0800: 435121.807: [ParNew: 8348883K->415031K(9175040K), 0.1496592 secs] 48230205K->40297032K(65798144K), 0.1499546 secs] [Times: user=0.94 sys=1.48, real=0.15 secs] 
2023-10-23T18:44:19.269+0800: 435201.551: [GC (Allocation Failure) 2023-10-23T18:44:19.269+0800: 435201.551: [ParNew: 8279351K->473822K(9175040K), 0.2517961 secs] 48161352K->40356544K(65798144K), 0.2521048 secs] [Times: user=1.10 sys=3.05, real=0.25 secs] 
2023-10-23T18:45:26.731+0800: 435269.012: [GC (Allocation Failure) 2023-10-23T18:45:26.731+0800: 435269.013: [ParNew: 8338142K->497940K(9175040K), 0.2448172 secs] 48220864K->40381393K(65798144K), 0.2451128 secs] [Times: user=1.06 sys=2.94, real=0.25 secs] 
2023-10-23T18:46:36.117+0800: 435338.399: [GC (Allocation Failure) 2023-10-23T18:46:36.118+0800: 435338.399: [ParNew: 8362260K->533063K(9175040K), 0.2405120 secs] 48245713K->40417119K(65798144K), 0.2408032 secs] [Times: user=1.28 sys=2.66, real=0.24 secs] 
2023-10-23T18:47:36.674+0800: 435398.955: [GC (Allocation Failure) 2023-10-23T18:47:36.674+0800: 435398.956: [ParNew: 8397383K->557414K(9175040K), 0.2429940 secs] 48281439K->40442423K(65798144K), 0.2432701 secs] [Times: user=1.30 sys=2.67, real=0.25 secs] 
2023-10-23T18:48:34.564+0800: 435456.845: [GC (Allocation Failure) 2023-10-23T18:48:34.564+0800: 435456.845: [ParNew: 8421731K->602689K(9175040K), 0.2319823 secs] 48306739K->40488648K(65798144K), 0.2323681 secs] [Times: user=1.08 sys=2.71, real=0.24 secs] 
2023-10-23T18:49:26.055+0800: 435508.336: [GC (Allocation Failure) 2023-10-23T18:49:26.055+0800: 435508.336: [ParNew: 8467009K->644244K(9175040K), 0.2082653 secs] 48352968K->40532018K(65798144K), 0.2085631 secs] [Times: user=0.71 sys=2.66, real=0.21 secs] 
2023-10-23T18:50:27.124+0800: 435569.406: [GC (Allocation Failure) 2023-10-23T18:50:27.125+0800: 435569.406: [ParNew: 8508564K->653265K(9175040K), 0.1868547 secs] 48396338K->40548780K(65798144K), 0.1871652 secs] [Times: user=1.16 sys=1.78, real=0.19 secs] 
2023-10-23T18:51:29.188+0800: 435631.469: [GC (Allocation Failure) 2023-10-23T18:51:29.188+0800: 435631.469: [ParNew: 8517585K->647964K(9175040K), 0.2226535 secs] 48413100K->40551632K(65798144K), 0.2229532 secs] [Times: user=0.80 sys=2.81, real=0.22 secs] 
2023-10-23T18:52:46.468+0800: 435708.749: [GC (Allocation Failure) 2023-10-23T18:52:46.468+0800: 435708.749: [ParNew: 8512284K->637022K(9175040K), 0.2583233 secs] 48415952K->40550240K(65798144K), 0.2587746 secs] [Times: user=1.17 sys=3.10, real=0.26 secs] 
2023-10-23T18:53:58.606+0800: 435780.887: [GC (Allocation Failure) 2023-10-23T18:53:58.606+0800: 435780.887: [ParNew: 8501342K->607862K(9175040K), 0.2421943 secs] 48414560K->40531156K(65798144K), 0.2425034 secs] [Times: user=1.17 sys=2.83, real=0.24 secs] 
2023-10-23T18:54:45.566+0800: 435827.848: [GC (Allocation Failure) 2023-10-23T18:54:45.567+0800: 435827.848: [ParNew: 8472182K->591397K(9175040K), 0.2103989 secs] 48395476K->40523202K(65798144K), 0.2107517 secs] [Times: user=1.45 sys=1.98, real=0.21 secs] 
2023-10-23T18:55:56.952+0800: 435899.234: [GC (Allocation Failure) 2023-10-23T18:55:56.953+0800: 435899.234: [ParNew: 8455717K->628553K(9175040K), 0.2587772 secs] 48387522K->40571163K(65798144K), 0.2590729 secs] [Times: user=1.27 sys=3.05, real=0.26 secs] 
2023-10-23T18:56:49.558+0800: 435951.839: [GC (Allocation Failure) 2023-10-23T18:56:49.558+0800: 435951.839: [ParNew: 8492873K->660499K(9175040K), 0.2107733 secs] 48435483K->40612880K(65798144K), 0.2111753 secs] [Times: user=1.32 sys=2.17, real=0.21 secs] 
2023-10-23T18:58:00.352+0800: 436022.634: [GC (Allocation Failure) 2023-10-23T18:58:00.353+0800: 436022.634: [ParNew: 8524819K->626269K(9175040K), 0.2611942 secs] 48477200K->40590821K(65798144K), 0.2615274 secs] [Times: user=1.09 sys=3.39, real=0.26 secs] 
2023-10-23T18:59:08.733+0800: 436091.014: [GC (Allocation Failure) 2023-10-23T18:59:08.733+0800: 436091.014: [ParNew: 8490589K->583771K(9175040K), 0.2383251 secs] 48455141K->40561111K(65798144K), 0.2386313 secs] [Times: user=1.20 sys=2.87, real=0.24 secs] 
2023-10-23T19:00:26.316+0800: 436168.598: [GC (Allocation Failure) 2023-10-23T19:00:26.317+0800: 436168.598: [ParNew: 8448091K->588373K(9175040K), 0.2473144 secs] 48425431K->40582112K(65798144K), 0.2476896 secs] [Times: user=1.15 sys=3.09, real=0.24 secs] 
2023-10-23T19:01:48.129+0800: 436250.411: [GC (Allocation Failure) 2023-10-23T19:01:48.130+0800: 436250.411: [ParNew: 8452693K->561949K(9175040K), 0.2457323 secs] 48446432K->40577919K(65798144K), 0.2460423 secs] [Times: user=1.23 sys=2.98, real=0.24 secs] 
2023-10-23T19:02:43.646+0800: 436305.927: [GC (Allocation Failure) 2023-10-23T19:02:43.646+0800: 436305.927: [ParNew: 8426269K->548839K(9175040K), 0.2565122 secs] 48442239K->40579937K(65798144K), 0.2568409 secs] [Times: user=1.23 sys=3.16, real=0.26 secs] 
2023-10-23T19:03:28.603+0800: 436350.884: [GC (Allocation Failure) 2023-10-23T19:03:28.603+0800: 436350.884: [ParNew: 8413159K->647255K(9175040K), 0.2206800 secs] 48444257K->40693305K(65798144K), 0.2210262 secs] [Times: user=1.43 sys=2.32, real=0.22 secs] 
2023-10-23T19:04:22.579+0800: 436404.860: [GC (Allocation Failure) 2023-10-23T19:04:22.579+0800: 436404.860: [ParNew: 8511575K->608549K(9175040K), 0.1676189 secs] 48557625K->40667065K(65798144K), 0.1679232 secs] [Times: user=1.09 sys=1.89, real=0.17 secs] 
2023-10-23T19:05:41.909+0800: 436484.190: [GC (Allocation Failure) 2023-10-23T19:05:41.909+0800: 436484.190: [ParNew: 8472869K->643407K(9175040K), 0.2108465 secs] 48531385K->40709962K(65798144K), 0.2111321 secs] [Times: user=0.62 sys=2.96, real=0.21 secs] 
2023-10-23T19:07:00.341+0800: 436562.622: [GC (Allocation Failure) 2023-10-23T19:07:00.341+0800: 436562.622: [ParNew: 8507727K->625826K(9175040K), 0.2401530 secs] 48574282K->40706569K(65798144K), 0.2404465 secs] [Times: user=1.32 sys=2.79, real=0.24 secs] 
2023-10-23T19:08:02.101+0800: 436624.382: [GC (Allocation Failure) 2023-10-23T19:08:02.101+0800: 436624.383: [ParNew: 8490146K->641564K(9175040K), 0.2343439 secs] 48570889K->40735137K(65798144K), 0.2346314 secs] [Times: user=1.47 sys=2.54, real=0.24 secs] 
2023-10-23T19:09:34.213+0800: 436716.494: [GC (Allocation Failure) 2023-10-23T19:09:34.213+0800: 436716.495: [ParNew: 8505884K->530940K(9175040K), 0.2491321 secs] 48599457K->40643203K(65798144K), 0.2494852 secs] [Times: user=1.03 sys=3.16, real=0.25 secs] 
2023-10-23T19:10:42.466+0800: 436784.748: [GC (Allocation Failure) 2023-10-23T19:10:42.467+0800: 436784.748: [ParNew: 8395260K->522139K(9175040K), 0.2542143 secs] 48507523K->40646679K(65798144K), 0.2545473 secs] [Times: user=1.22 sys=3.14, real=0.25 secs] 
2023-10-23T19:12:05.112+0800: 436867.394: [GC (Allocation Failure) 2023-10-23T19:12:05.112+0800: 436867.394: [ParNew: 8386459K->560768K(9175040K), 0.2535216 secs] 48510999K->40693072K(65798144K), 0.2537991 secs] [Times: user=1.35 sys=2.99, real=0.26 secs] 
2023-10-23T19:13:17.156+0800: 436939.437: [GC (Allocation Failure) 2023-10-23T19:13:17.156+0800: 436939.437: [ParNew: 8425088K->537459K(9175040K), 0.2685133 secs] 48557392K->40685697K(65798144K), 0.2688028 secs] [Times: user=1.57 sys=3.05, real=0.26 secs] 
2023-10-23T19:14:26.456+0800: 437008.737: [GC (Allocation Failure) 2023-10-23T19:14:26.456+0800: 437008.737: [ParNew: 8401779K->540095K(9175040K), 0.2345044 secs] 48550017K->40695847K(65798144K), 0.2348246 secs] [Times: user=1.19 sys=2.83, real=0.24 secs] 
2023-10-23T19:15:38.627+0800: 437080.909: [GC (Allocation Failure) 2023-10-23T19:15:38.628+0800: 437080.909: [ParNew: 8404415K->548012K(9175040K), 0.2241419 secs] 48560167K->40715853K(65798144K), 0.2244397 secs] [Times: user=1.22 sys=2.60, real=0.22 secs] 
2023-10-23T19:17:20.514+0800: 437182.795: [GC (Allocation Failure) 2023-10-23T19:17:20.514+0800: 437182.796: [ParNew: 8412332K->519844K(9175040K), 0.2354897 secs] 48580173K->40704653K(65798144K), 0.2357611 secs] [Times: user=1.36 sys=2.68, real=0.24 secs] 
2023-10-23T19:18:23.756+0800: 437246.037: [GC (Allocation Failure) 2023-10-23T19:18:23.756+0800: 437246.037: [ParNew: 8384164K->508751K(9175040K), 0.2230621 secs] 48568973K->40706134K(65798144K), 0.2233494 secs] [Times: user=1.30 sys=2.51, real=0.23 secs] 
2023-10-23T19:19:29.396+0800: 437311.677: [GC (Allocation Failure) 2023-10-23T19:19:29.396+0800: 437311.677: [ParNew: 8373071K->503168K(9175040K), 0.2111992 secs] 48570454K->40712305K(65798144K), 0.2114766 secs] [Times: user=1.15 sys=2.44, real=0.21 secs] 
2023-10-23T19:20:34.661+0800: 437376.942: [GC (Allocation Failure) 2023-10-23T19:20:34.661+0800: 437376.943: [ParNew: 8367488K->532680K(9175040K), 0.2244321 secs] 48576625K->40749824K(65798144K), 0.2247160 secs] [Times: user=1.31 sys=2.51, real=0.23 secs] 
2023-10-23T19:21:31.491+0800: 437433.772: [GC (Allocation Failure) 2023-10-23T19:21:31.491+0800: 437433.772: [ParNew: 8397000K->511253K(9175040K), 0.2044914 secs] 48614144K->40736899K(65798144K), 0.2047986 secs] [Times: user=1.32 sys=2.16, real=0.21 secs] 
2023-10-23T19:21:47.117+0800: 437449.398: [GC (Allocation Failure) 2023-10-23T19:21:47.117+0800: 437449.398: [ParNew: 8375573K->531013K(9175040K), 0.1146315 secs] 48601219K->40765351K(65798144K), 0.1149235 secs] [Times: user=1.59 sys=0.32, real=0.11 secs] 
2023-10-23T19:22:05.901+0800: 437468.183: [GC (Allocation Failure) 2023-10-23T19:22:05.902+0800: 437468.183: [ParNew: 8395333K->567389K(9175040K), 0.1370533 secs] 48629671K->40810606K(65798144K), 0.1373963 secs] [Times: user=1.12 sys=1.17, real=0.14 secs] 
2023-10-23T19:23:07.338+0800: 437529.620: [GC (Allocation Failure) 2023-10-23T19:23:07.339+0800: 437529.620: [ParNew: 8431709K->556627K(9175040K), 0.2150345 secs] 48674926K->40806921K(65798144K), 0.2153138 secs] [Times: user=1.29 sys=2.30, real=0.21 secs] 
2023-10-23T19:24:20.930+0800: 437603.211: [GC (Allocation Failure) 2023-10-23T19:24:20.930+0800: 437603.211: [ParNew: 8420947K->557679K(9175040K), 0.2320726 secs] 48671241K->40814989K(65798144K), 0.2323603 secs] [Times: user=1.50 sys=2.42, real=0.23 secs] 
2023-10-23T19:24:51.657+0800: 437633.939: [GC (Allocation Failure) 2023-10-23T19:24:51.657+0800: 437633.939: [ParNew: 8421999K->697100K(9175040K), 0.1219426 secs] 48679309K->40962420K(65798144K), 0.1222539 secs] [Times: user=1.39 sys=0.59, real=0.12 secs] 
2023-10-23T19:25:01.843+0800: 437644.125: [GC (Allocation Failure) 2023-10-23T19:25:01.844+0800: 437644.125: [ParNew: 8559191K->674291K(9175040K), 0.1058053 secs] 48824511K->40946740K(65798144K), 0.1061010 secs] [Times: user=1.12 sys=0.58, real=0.11 secs] 
2023-10-23T19:25:12.319+0800: 437654.600: [GC (Allocation Failure) 2023-10-23T19:25:12.319+0800: 437654.600: [ParNew: 8538611K->681768K(9175040K), 0.0920959 secs] 48811060K->40961109K(65798144K), 0.0924164 secs] [Times: user=1.50 sys=0.00, real=0.09 secs] 
2023-10-23T19:25:22.399+0800: 437664.681: [GC (Allocation Failure) 2023-10-23T19:25:22.400+0800: 437664.681: [ParNew: 8546088K->654186K(9175040K), 0.0927322 secs] 48825429K->40940105K(65798144K), 0.0930225 secs] [Times: user=0.97 sys=0.46, real=0.09 secs] 
2023-10-23T19:25:33.170+0800: 437675.451: [GC (Allocation Failure) 2023-10-23T19:25:33.170+0800: 437675.452: [ParNew: 8516907K->656007K(9175040K), 0.1284292 secs] 48802826K->40948582K(65798144K), 0.1288500 secs] [Times: user=1.30 sys=0.71, real=0.13 secs] 
2023-10-23T19:25:44.341+0800: 437686.622: [GC (Allocation Failure) 2023-10-23T19:25:44.341+0800: 437686.623: [ParNew: 8520327K->707483K(9175040K), 0.1414223 secs] 48812902K->41006756K(65798144K), 0.1418009 secs] [Times: user=1.77 sys=0.43, real=0.14 secs] 
2023-10-23T19:25:55.105+0800: 437697.386: [GC (Allocation Failure) 2023-10-23T19:25:55.105+0800: 437697.386: [ParNew: 8571803K->802998K(9175040K), 0.1086869 secs] 48871076K->41108914K(65798144K), 0.1089640 secs] [Times: user=1.05 sys=0.55, real=0.11 secs] 
2023-10-23T19:26:06.279+0800: 437708.561: [GC (Allocation Failure) 2023-10-23T19:26:06.280+0800: 437708.561: [ParNew: 8667318K->710989K(9175040K), 0.1064095 secs] 48973234K->41023641K(65798144K), 0.1067209 secs] [Times: user=1.56 sys=0.00, real=0.11 secs] 
2023-10-23T19:26:15.855+0800: 437718.136: [GC (Allocation Failure) 2023-10-23T19:26:15.855+0800: 437718.136: [ParNew: 8575309K->786084K(9175040K), 0.1118502 secs] 48887961K->41104855K(65798144K), 0.1121749 secs] [Times: user=1.61 sys=0.02, real=0.12 secs] 
2023-10-23T19:26:25.833+0800: 437728.114: [GC (Allocation Failure) 2023-10-23T19:26:25.833+0800: 437728.114: [ParNew: 8650404K->812303K(9175040K), 0.1072581 secs] 48969175K->41137483K(65798144K), 0.1075537 secs] [Times: user=1.63 sys=0.00, real=0.11 secs] 
2023-10-23T19:26:36.961+0800: 437739.242: [GC (Allocation Failure) 2023-10-23T19:26:36.961+0800: 437739.242: [ParNew: 8676623K->753005K(9175040K), 0.1676415 secs] 49001803K->41099412K(65798144K), 0.1679557 secs] [Times: user=1.40 sys=1.07, real=0.17 secs] 
2023-10-23T19:26:47.926+0800: 437750.208: [GC (Allocation Failure) 2023-10-23T19:26:47.927+0800: 437750.208: [ParNew: 8617325K->712750K(9175040K), 0.1197714 secs] 48963732K->41071576K(65798144K), 0.1201162 secs] [Times: user=0.97 sys=0.67, real=0.12 secs] 
2023-10-23T19:26:59.207+0800: 437761.488: [GC (Allocation Failure) 2023-10-23T19:26:59.207+0800: 437761.488: [ParNew: 8577070K->816817K(9175040K), 0.1156037 secs] 48935896K->41188969K(65798144K), 0.1158889 secs] [Times: user=1.60 sys=0.00, real=0.11 secs] 
2023-10-23T19:27:09.434+0800: 437771.715: [GC (Allocation Failure) 2023-10-23T19:27:09.434+0800: 437771.715: [ParNew: 8681137K->672914K(9175040K), 0.1202204 secs] 49053289K->41087931K(65798144K), 0.1205101 secs] [Times: user=1.66 sys=0.00, real=0.12 secs] 
2023-10-23T19:27:19.243+0800: 437781.524: [GC (Allocation Failure) 2023-10-23T19:27:19.243+0800: 437781.524: [ParNew: 8537234K->730042K(9175040K), 0.1218649 secs] 48952251K->41190131K(65798144K), 0.1221601 secs] [Times: user=1.66 sys=0.00, real=0.12 secs] 
2023-10-23T19:27:29.906+0800: 437792.187: [GC (Allocation Failure) 2023-10-23T19:27:29.906+0800: 437792.188: [ParNew: 8594258K->588158K(9175040K), 0.1356912 secs] 49054347K->41121389K(65798144K), 0.1359891 secs] [Times: user=1.76 sys=0.00, real=0.13 secs] 
2023-10-23T19:27:42.090+0800: 437804.371: [GC (Allocation Failure) 2023-10-23T19:27:42.090+0800: 437804.371: [ParNew: 8452478K->510406K(9175040K), 0.1575850 secs] 48985709K->41076809K(65798144K), 0.1579722 secs] [Times: user=1.40 sys=0.81, real=0.16 secs] 
2023-10-23T19:27:59.007+0800: 437821.289: [GC (Allocation Failure) 2023-10-23T19:27:59.008+0800: 437821.289: [ParNew: 8374726K->650239K(9175040K), 0.1360768 secs] 48941129K->41229655K(65798144K), 0.1364145 secs] [Times: user=1.03 sys=0.38, real=0.13 secs] 
2023-10-23T19:28:14.323+0800: 437836.604: [GC (Allocation Failure) 2023-10-23T19:28:14.323+0800: 437836.605: [ParNew: 8514559K->606395K(9175040K), 0.1408460 secs] 49093975K->41226640K(65798144K), 0.1411855 secs] [Times: user=1.63 sys=0.19, real=0.14 secs] 
2023-10-23T19:28:30.930+0800: 437853.211: [GC (Allocation Failure) 2023-10-23T19:28:30.930+0800: 437853.211: [ParNew: 8469945K->643385K(9175040K), 0.1613604 secs] 49090189K->41295307K(65798144K), 0.1616877 secs] [Times: user=1.54 sys=0.74, real=0.16 secs] 
2023-10-23T19:28:49.186+0800: 437871.467: [GC (Allocation Failure) 2023-10-23T19:28:49.186+0800: 437871.468: [ParNew: 8507705K->563520K(9175040K), 0.1452451 secs] 49159627K->41253956K(65798144K), 0.1455435 secs] [Times: user=1.53 sys=0.46, real=0.14 secs] 
2023-10-23T19:29:08.104+0800: 437890.385: [GC (Allocation Failure) 2023-10-23T19:29:08.104+0800: 437890.386: [ParNew: 8427117K->611117K(9175040K), 0.1325175 secs] 49117553K->41322580K(65798144K), 0.1328204 secs] [Times: user=1.03 sys=0.80, real=0.14 secs] 
2023-10-23T19:29:22.967+0800: 437905.248: [GC (Allocation Failure) 2023-10-23T19:29:22.967+0800: 437905.248: [ParNew: 8473006K->671464K(9175040K), 0.1240981 secs] 49184469K->41406922K(65798144K), 0.1244357 secs] [Times: user=1.63 sys=0.08, real=0.12 secs] 
2023-10-23T19:29:40.885+0800: 437923.166: [GC (Allocation Failure) 2023-10-23T19:29:40.885+0800: 437923.166: [ParNew: 8535784K->655487K(9175040K), 0.1657309 secs] 49271242K->41408309K(65798144K), 0.1660758 secs] [Times: user=1.39 sys=1.06, real=0.17 secs] 
2023-10-23T19:29:56.693+0800: 437938.974: [GC (Allocation Failure) 2023-10-23T19:29:56.693+0800: 437938.974: [ParNew: 8519807K->608798K(9175040K), 0.1359395 secs] 49272629K->41381687K(65798144K), 0.1362248 secs] [Times: user=1.66 sys=0.24, real=0.14 secs] 
2023-10-23T19:30:09.978+0800: 437952.259: [GC (Allocation Failure) 2023-10-23T19:30:09.978+0800: 437952.259: [ParNew: 8470793K->696573K(9175040K), 0.1291900 secs] 49243682K->41488839K(65798144K), 0.1294934 secs] [Times: user=1.67 sys=0.14, real=0.13 secs] 
2023-10-23T19:30:26.920+0800: 437969.201: [GC (Allocation Failure) 2023-10-23T19:30:26.920+0800: 437969.202: [ParNew: 8560893K->647039K(9175040K), 0.1589907 secs] 49353159K->41455139K(65798144K), 0.1593018 secs] [Times: user=2.07 sys=0.51, real=0.16 secs] 
2023-10-23T19:30:46.813+0800: 437989.094: [GC (Allocation Failure) 2023-10-23T19:30:46.813+0800: 437989.095: [ParNew: 8511359K->646707K(9175040K), 0.1315568 secs] 49319459K->41478433K(65798144K), 0.1318543 secs] [Times: user=1.51 sys=0.35, real=0.13 secs] 
2023-10-23T19:31:03.384+0800: 438005.665: [GC (Allocation Failure) 2023-10-23T19:31:03.384+0800: 438005.665: [ParNew: 8511027K->635648K(9175040K), 0.1272916 secs] 49342753K->41486284K(65798144K), 0.1275833 secs] [Times: user=1.00 sys=0.56, real=0.13 secs] 
2023-10-23T19:31:17.431+0800: 438019.713: [GC (Allocation Failure) 2023-10-23T19:31:17.432+0800: 438019.713: [ParNew: 8499968K->654176K(9175040K), 0.1245015 secs] 49350604K->41523534K(65798144K), 0.1247883 secs] [Times: user=1.65 sys=0.15, real=0.13 secs] 
2023-10-23T19:31:34.082+0800: 438036.363: [GC (Allocation Failure) 2023-10-23T19:31:34.082+0800: 438036.363: [ParNew: 8518496K->634702K(9175040K), 0.1510723 secs] 49387854K->41520103K(65798144K), 0.1513591 secs] [Times: user=1.50 sys=0.75, real=0.15 secs] 
2023-10-23T19:31:52.908+0800: 438055.190: [GC (Allocation Failure) 2023-10-23T19:31:52.908+0800: 438055.190: [ParNew: 8499022K->637181K(9175040K), 0.1349065 secs] 49384423K->41544935K(65798144K), 0.1352430 secs] [Times: user=1.43 sys=0.54, real=0.13 secs] 
2023-10-23T19:32:09.208+0800: 438071.490: [GC (Allocation Failure) 2023-10-23T19:32:09.209+0800: 438071.490: [ParNew: 8501501K->603434K(9175040K), 0.1382971 secs] 49409255K->41583576K(65798144K), 0.1385854 secs] [Times: user=1.74 sys=0.22, real=0.14 secs] 
2023-10-23T19:32:23.474+0800: 438085.756: [GC (Allocation Failure) 2023-10-23T19:32:23.475+0800: 438085.756: [ParNew: 8467754K->557384K(9175040K), 0.1312182 secs] 49447896K->41564725K(65798144K), 0.1315164 secs] [Times: user=1.73 sys=0.16, real=0.14 secs] 
2023-10-23T19:32:41.655+0800: 438103.937: [GC (Allocation Failure) 2023-10-23T19:32:41.656+0800: 438103.937: [ParNew: 8421704K->597315K(9175040K), 0.1789265 secs] 49429045K->41630575K(65798144K), 0.1792310 secs] [Times: user=1.44 sys=1.30, real=0.18 secs] 
2023-10-23T19:32:59.721+0800: 438122.002: [GC (Allocation Failure) 2023-10-23T19:32:59.721+0800: 438122.002: [ParNew: 8461635K->503724K(9175040K), 0.1251271 secs] 49494895K->41566728K(65798144K), 0.1254089 secs] [Times: user=1.51 sys=0.27, real=0.13 secs] 
2023-10-23T19:33:12.527+0800: 438134.809: [GC (Allocation Failure) 2023-10-23T19:33:12.528+0800: 438134.809: [ParNew: 8368044K->591882K(9175040K), 0.1175934 secs] 49431048K->41675417K(65798144K), 0.1178844 secs] [Times: user=1.56 sys=0.15, real=0.11 secs] 
2023-10-23T19:33:28.454+0800: 438150.735: [GC (Allocation Failure) 2023-10-23T19:33:28.454+0800: 438150.735: [ParNew: 8456202K->537352K(9175040K), 0.1280235 secs] 49539737K->41640137K(65798144K), 0.1283407 secs] [Times: user=1.76 sys=0.11, real=0.13 secs] 
2023-10-23T19:33:47.900+0800: 438170.181: [GC (Allocation Failure) 2023-10-23T19:33:47.900+0800: 438170.182: [ParNew: 8401672K->571008K(9175040K), 0.1798823 secs] 49504457K->41698247K(65798144K), 0.1801826 secs] [Times: user=1.45 sys=1.37, real=0.18 secs] 
2023-10-23T19:34:04.076+0800: 438186.357: [GC (Allocation Failure) 2023-10-23T19:34:04.076+0800: 438186.357: [ParNew: 8435328K->693519K(9175040K), 0.1320061 secs] 49562567K->41846590K(65798144K), 0.1323101 secs] [Times: user=1.72 sys=0.07, real=0.14 secs] 
2023-10-23T19:34:16.752+0800: 438199.033: [GC (Allocation Failure) 2023-10-23T19:34:16.752+0800: 438199.033: [ParNew: 8557839K->667168K(9175040K), 0.1390099 secs] 49710910K->41839679K(65798144K), 0.1392935 secs] [Times: user=1.84 sys=0.18, real=0.14 secs] 
2023-10-23T19:34:34.249+0800: 438216.531: [GC (Allocation Failure) 2023-10-23T19:34:34.249+0800: 438216.531: [ParNew: 8531488K->707631K(9175040K), 0.1708592 secs] 49703999K->41901934K(65798144K), 0.1711692 secs] [Times: user=1.63 sys=1.00, real=0.17 secs] 
2023-10-23T19:34:53.072+0800: 438235.354: [GC (Allocation Failure) 2023-10-23T19:34:53.073+0800: 438235.354: [ParNew: 8571951K->708547K(9175040K), 0.1593496 secs] 49766254K->41923477K(65798144K), 0.1596491 secs] [Times: user=2.31 sys=0.08, real=0.16 secs] 
2023-10-23T19:35:09.377+0800: 438251.658: [GC (Allocation Failure) 2023-10-23T19:35:09.377+0800: 438251.659: [ParNew: 8572867K->656381K(9175040K), 0.1399351 secs] 49787797K->41890593K(65798144K), 0.1402309 secs] [Times: user=1.93 sys=0.12, real=0.14 secs] 
2023-10-23T19:35:25.719+0800: 438268.001: [GC (Allocation Failure) 2023-10-23T19:35:25.720+0800: 438268.001: [ParNew: 8520701K->732832K(9175040K), 0.1327507 secs] 49754913K->41984837K(65798144K), 0.1330538 secs] [Times: user=1.84 sys=0.06, real=0.13 secs] 
2023-10-23T19:35:44.004+0800: 438286.285: [GC (Allocation Failure) 2023-10-23T19:35:44.004+0800: 438286.285: [ParNew: 8597152K->705771K(9175040K), 0.1886403 secs] 49849157K->41980233K(65798144K), 0.1889604 secs] [Times: user=1.56 sys=1.34, real=0.19 secs] 
2023-10-23T19:36:02.566+0800: 438304.847: [GC (Allocation Failure) 2023-10-23T19:36:02.566+0800: 438304.847: [ParNew: 8569069K->653613K(9175040K), 0.1514093 secs] 49843532K->41948201K(65798144K), 0.1517088 secs] [Times: user=1.83 sys=0.36, real=0.15 secs] 
2023-10-23T19:36:15.201+0800: 438317.483: [GC (Allocation Failure) 2023-10-23T19:36:15.201+0800: 438317.483: [ParNew: 8517933K->789717K(9175040K), 0.1440153 secs] 49812521K->42106675K(65798144K), 0.1442912 secs] [Times: user=1.91 sys=0.09, real=0.15 secs] 
2023-10-23T19:36:33.400+0800: 438335.681: [GC (Allocation Failure) 2023-10-23T19:36:33.400+0800: 438335.682: [ParNew: 8654037K->760516K(9175040K), 0.1492114 secs] 49970995K->42093929K(65798144K), 0.1495299 secs] [Times: user=2.02 sys=0.00, real=0.15 secs] 
2023-10-23T19:36:49.039+0800: 438351.320: [GC (Allocation Failure) 2023-10-23T19:36:49.039+0800: 438351.320: [ParNew: 8624836K->779269K(9175040K), 0.2122059 secs] 49958249K->42164174K(65798144K), 0.2125203 secs] [Times: user=2.31 sys=0.80, real=0.21 secs] 
2023-10-23T19:37:04.966+0800: 438367.247: [GC (Allocation Failure) 2023-10-23T19:37:04.966+0800: 438367.247: [ParNew: 8643589K->703580K(9175040K), 0.1578907 secs] 50028494K->42109233K(65798144K), 0.1582747 secs] [Times: user=1.94 sys=0.34, real=0.15 secs] 
2023-10-23T19:37:18.556+0800: 438380.837: [GC (Allocation Failure) 2023-10-23T19:37:18.556+0800: 438380.837: [ParNew: 8567900K->796259K(9175040K), 0.1414844 secs] 49973553K->42218245K(65798144K), 0.1417921 secs] [Times: user=1.93 sys=0.15, real=0.15 secs] 
2023-10-23T19:37:34.339+0800: 438396.620: [GC (Allocation Failure) 2023-10-23T19:37:34.339+0800: 438396.620: [ParNew: 8660579K->733861K(9175040K), 0.1651638 secs] 50082565K->42178259K(65798144K), 0.1654895 secs] [Times: user=1.68 sys=0.78, real=0.16 secs] 
2023-10-23T19:37:51.241+0800: 438413.523: [GC (Allocation Failure) 2023-10-23T19:37:51.242+0800: 438413.523: [ParNew: 8598181K->843003K(9175040K), 0.1693665 secs] 50042579K->42304317K(65798144K), 0.1696624 secs] [Times: user=2.40 sys=0.04, real=0.17 secs] 
2023-10-23T19:38:09.176+0800: 438431.458: [GC (Allocation Failure) 2023-10-23T19:38:09.177+0800: 438431.458: [ParNew: 8707323K->796514K(9175040K), 0.1931026 secs] 50168637K->42363014K(65798144K), 0.1934059 secs] [Times: user=2.33 sys=0.35, real=0.19 secs] 
2023-10-23T19:38:25.775+0800: 438448.056: [GC (Allocation Failure) 2023-10-23T19:38:25.775+0800: 438448.056: [ParNew: 8660834K->672228K(9175040K), 0.1614601 secs] 50227334K->42314035K(65798144K), 0.1617406 secs] [Times: user=2.00 sys=0.13, real=0.17 secs] 
2023-10-23T19:38:45.186+0800: 438467.468: [GC (Allocation Failure) 2023-10-23T19:38:45.186+0800: 438467.468: [ParNew: 8536548K->714889K(9175040K), 0.1647581 secs] 50178355K->42381280K(65798144K), 0.1650593 secs] [Times: user=2.18 sys=0.25, real=0.16 secs] 
2023-10-23T19:39:05.589+0800: 438487.870: [GC (Allocation Failure) 2023-10-23T19:39:05.589+0800: 438487.871: [ParNew: 8579209K->658066K(9175040K), 0.1534492 secs] 50245600K->42344846K(65798144K), 0.1537531 secs] [Times: user=1.72 sys=0.53, real=0.15 secs] 
2023-10-23T19:39:22.802+0800: 438505.083: [GC (Allocation Failure) 2023-10-23T19:39:22.802+0800: 438505.083: [ParNew: 8522386K->670067K(9175040K), 0.1269965 secs] 50209166K->42377369K(65798144K), 0.1273106 secs] [Times: user=1.78 sys=0.02, real=0.13 secs] 
2023-10-23T19:39:40.946+0800: 438523.228: [GC (Allocation Failure) 2023-10-23T19:39:40.947+0800: 438523.228: [ParNew: 8534387K->643872K(9175040K), 0.1377902 secs] 50241689K->42367030K(65798144K), 0.1381081 secs] [Times: user=1.70 sys=0.30, real=0.13 secs] 
2023-10-23T19:39:56.985+0800: 438539.266: [GC (Allocation Failure) 2023-10-23T19:39:56.985+0800: 438539.266: [ParNew: 8508192K->744441K(9175040K), 0.1753695 secs] 50231350K->42488147K(65798144K), 0.1757257 secs] [Times: user=1.59 sys=1.05, real=0.18 secs] 
2023-10-23T19:40:13.207+0800: 438555.488: [GC (Allocation Failure) 2023-10-23T19:40:13.207+0800: 438555.488: [ParNew: 8608761K->677710K(9175040K), 0.1520060 secs] 50352467K->42449565K(65798144K), 0.1522865 secs] [Times: user=1.62 sys=0.60, real=0.15 secs] 
2023-10-23T19:41:04.249+0800: 438606.530: [GC (Allocation Failure) 2023-10-23T19:41:04.249+0800: 438606.531: [ParNew: 8542030K->714464K(9175040K), 0.2693727 secs] 50313885K->42543467K(65798144K), 0.2696882 secs] [Times: user=1.58 sys=2.51, real=0.27 secs] 
2023-10-23T19:41:59.701+0800: 438661.983: [GC (Allocation Failure) 2023-10-23T19:41:59.702+0800: 438661.983: [ParNew: 8578784K->660414K(9175040K), 0.2212701 secs] 50407787K->42499847K(65798144K), 0.2215824 secs] [Times: user=1.18 sys=2.04, real=0.22 secs] 
2023-10-23T19:42:42.743+0800: 438705.024: [GC (Allocation Failure) 2023-10-23T19:42:42.743+0800: 438705.024: [ParNew: 8524734K->674581K(9175040K), 0.1829024 secs] 50364167K->42523394K(65798144K), 0.1831982 secs] [Times: user=1.33 sys=1.46, real=0.19 secs] 
2023-10-23T19:43:12.856+0800: 438735.137: [GC (Allocation Failure) 2023-10-23T19:43:12.856+0800: 438735.138: [ParNew: 8538901K->655329K(9175040K), 0.2089218 secs] 50387714K->42526849K(65798144K), 0.2092214 secs] [Times: user=1.86 sys=1.36, real=0.20 secs] 
2023-10-23T19:44:03.813+0800: 438786.094: [GC (Allocation Failure) 2023-10-23T19:44:03.813+0800: 438786.094: [ParNew: 8519649K->758642K(9175040K), 0.2540370 secs] 50391169K->42645486K(65798144K), 0.2544427 secs] [Times: user=1.51 sys=2.47, real=0.26 secs] 
2023-10-23T19:44:54.691+0800: 438836.973: [GC (Allocation Failure) 2023-10-23T19:44:54.692+0800: 438836.973: [ParNew: 8622962K->702078K(9175040K), 0.1767006 secs] 50509806K->42599216K(65798144K), 0.1769824 secs] [Times: user=1.24 sys=1.48, real=0.18 secs] 
2023-10-23T19:45:33.831+0800: 438876.113: [GC (Allocation Failure) 2023-10-23T19:45:33.831+0800: 438876.113: [ParNew: 8566398K->680054K(9175040K), 0.2055071 secs] 50463536K->42587074K(65798144K), 0.2058005 secs] [Times: user=1.58 sys=1.71, real=0.21 secs] 
2023-10-23T19:46:11.548+0800: 438913.830: [GC (Allocation Failure) 2023-10-23T19:46:11.549+0800: 438913.830: [ParNew: 8544374K->638653K(9175040K), 0.2104415 secs] 50451394K->42561820K(65798144K), 0.2107787 secs] [Times: user=1.08 sys=2.30, real=0.21 secs] 
2023-10-23T19:46:52.085+0800: 438954.366: [GC (Allocation Failure) 2023-10-23T19:46:52.085+0800: 438954.367: [ParNew: 8502973K->745911K(9175040K), 0.2043055 secs] 50426140K->42682952K(65798144K), 0.2046601 secs] [Times: user=1.06 sys=2.20, real=0.21 secs] 
2023-10-23T19:47:52.161+0800: 439014.442: [GC (Allocation Failure) 2023-10-23T19:47:52.161+0800: 439014.442: [ParNew: 8610231K->706506K(9175040K), 0.1839201 secs] 50547272K->42656531K(65798144K), 0.1842236 secs] [Times: user=1.08 sys=1.89, real=0.18 secs] 
2023-10-23T19:48:28.229+0800: 439050.510: [GC (Allocation Failure) 2023-10-23T19:48:28.229+0800: 439050.510: [ParNew: 8570826K->738700K(9175040K), 0.1905258 secs] 50520851K->42704265K(65798144K), 0.1909107 secs] [Times: user=1.55 sys=1.54, real=0.19 secs] 
2023-10-23T19:49:01.503+0800: 439083.784: [GC (Allocation Failure) 2023-10-23T19:49:01.503+0800: 439083.785: [ParNew: 8603020K->711962K(9175040K), 0.2196239 secs] 50568585K->42689896K(65798144K), 0.2199985 secs] [Times: user=1.60 sys=2.00, real=0.22 secs] 
2023-10-23T19:49:27.120+0800: 439109.401: [GC (Allocation Failure) 2023-10-23T19:49:27.120+0800: 439109.401: [ParNew: 8576282K->785736K(9175040K), 0.1211149 secs] 50554216K->42777947K(65798144K), 0.1214669 secs] [Times: user=1.38 sys=0.54, real=0.12 secs] 
2023-10-23T19:50:09.333+0800: 439151.614: [GC (Allocation Failure) 2023-10-23T19:50:09.333+0800: 439151.615: [ParNew: 8650056K->795848K(9175040K), 0.2018664 secs] 50642267K->42804983K(65798144K), 0.2021991 secs] [Times: user=1.49 sys=1.89, real=0.20 secs] 
2023-10-23T19:51:09.404+0800: 439211.685: [GC (Allocation Failure) 2023-10-23T19:51:09.404+0800: 439211.686: [ParNew: 8660168K->766560K(9175040K), 0.2212677 secs] 50669303K->42784591K(65798144K), 0.2216443 secs] [Times: user=0.91 sys=2.89, real=0.23 secs] 
2023-10-23T19:51:47.594+0800: 439249.876: [GC (Allocation Failure) 2023-10-23T19:51:47.595+0800: 439249.876: [ParNew: 8630880K->713608K(9175040K), 0.1679324 secs] 50648911K->42749350K(65798144K), 0.1682367 secs] [Times: user=0.83 sys=1.71, real=0.17 secs] 
2023-10-23T19:52:13.914+0800: 439276.196: [GC (Allocation Failure) 2023-10-23T19:52:13.914+0800: 439276.196: [ParNew: 8577928K->739679K(9175040K), 0.1459381 secs] 50613670K->42790115K(65798144K), 0.1462220 secs] [Times: user=1.29 sys=1.15, real=0.15 secs] 
2023-10-23T19:53:09.562+0800: 439331.843: [GC (Allocation Failure) 2023-10-23T19:53:09.562+0800: 439331.843: [ParNew: 8603999K->737501K(9175040K), 0.2159567 secs] 50654435K->42796602K(65798144K), 0.2162849 secs] [Times: user=0.88 sys=2.80, real=0.22 secs] 
2023-10-23T19:54:04.389+0800: 439386.671: [GC (Allocation Failure) 2023-10-23T19:54:04.390+0800: 439386.671: [ParNew: 8601821K->672337K(9175040K), 0.2281332 secs] 50660922K->42745999K(65798144K), 0.2285703 secs] [Times: user=1.44 sys=2.48, real=0.23 secs] 
2023-10-23T19:54:44.353+0800: 439426.635: [GC (Allocation Failure) 2023-10-23T19:54:44.354+0800: 439426.635: [ParNew: 8536657K->622423K(9175040K), 0.1265833 secs] 50610319K->42711688K(65798144K), 0.1268971 secs] [Times: user=1.69 sys=0.39, real=0.13 secs] 
2023-10-23T19:55:12.488+0800: 439454.769: [GC (Allocation Failure) 2023-10-23T19:55:12.488+0800: 439454.769: [ParNew: 8486743K->636819K(9175040K), 0.1734048 secs] 50576008K->42741084K(65798144K), 0.1737217 secs] [Times: user=0.43 sys=2.50, real=0.17 secs] 
2023-10-23T19:55:44.560+0800: 439486.842: [GC (Allocation Failure) 2023-10-23T19:55:44.561+0800: 439486.842: [ParNew: 8501139K->675678K(9175040K), 0.2245791 secs] 50605404K->42786437K(65798144K), 0.2249557 secs] [Times: user=1.76 sys=2.27, real=0.22 secs] 
2023-10-23T19:56:26.193+0800: 439528.475: [GC (Allocation Failure) 2023-10-23T19:56:26.193+0800: 439528.475: [ParNew: 8539998K->676053K(9175040K), 0.1440973 secs] 50650757K->42799950K(65798144K), 0.1443958 secs] [Times: user=0.56 sys=1.86, real=0.15 secs] 
2023-10-23T19:57:09.355+0800: 439571.636: [GC (Allocation Failure) 2023-10-23T19:57:09.355+0800: 439571.636: [ParNew: 8540373K->732186K(9175040K), 0.1971886 secs] 50664270K->42863355K(65798144K), 0.1975523 secs] [Times: user=1.54 sys=1.79, real=0.20 secs] 
2023-10-23T19:57:41.092+0800: 439603.373: [GC (Allocation Failure) 2023-10-23T19:57:41.092+0800: 439603.373: [ParNew: 8596506K->699969K(9175040K), 0.2099428 secs] 50727675K->42845665K(65798144K), 0.2103778 secs] [Times: user=1.71 sys=1.87, real=0.21 secs] 
2023-10-23T19:58:09.388+0800: 439631.669: [GC (Allocation Failure) 2023-10-23T19:58:09.388+0800: 439631.670: [ParNew: 8564289K->722759K(9175040K), 0.1324244 secs] 50709985K->42882241K(65798144K), 0.1327418 secs] [Times: user=0.64 sys=1.53, real=0.13 secs] 
2023-10-23T19:58:35.032+0800: 439657.313: [GC (Allocation Failure) 2023-10-23T19:58:35.032+0800: 439657.313: [ParNew: 8587079K->747720K(9175040K), 0.1934611 secs] 50746561K->42918518K(65798144K), 0.1937991 secs] [Times: user=1.77 sys=1.51, real=0.20 secs] 
2023-10-23T19:59:09.241+0800: 439691.522: [GC (Allocation Failure) 2023-10-23T19:59:09.241+0800: 439691.523: [ParNew: 8612040K->780321K(9175040K), 0.1299697 secs] 50782838K->42956922K(65798144K), 0.1303992 secs] [Times: user=1.91 sys=0.31, real=0.13 secs] 
2023-10-23T19:59:43.999+0800: 439726.281: [GC (Allocation Failure) 2023-10-23T19:59:43.999+0800: 439726.281: [ParNew: 8644641K->756309K(9175040K), 0.1826867 secs] 50821242K->42943629K(65798144K), 0.1830158 secs] [Times: user=1.55 sys=1.53, real=0.18 secs] 
2023-10-23T20:00:16.489+0800: 439758.770: [GC (Allocation Failure) 2023-10-23T20:00:16.489+0800: 439758.770: [ParNew: 8620629K->745601K(9175040K), 0.2290146 secs] 50807949K->42943929K(65798144K), 0.2294163 secs] [Times: user=1.74 sys=2.18, real=0.23 secs] 
2023-10-23T20:01:00.016+0800: 439802.297: [GC (Allocation Failure) 2023-10-23T20:01:00.016+0800: 439802.297: [ParNew: 8609921K->688546K(9175040K), 0.2082666 secs] 50808249K->42892951K(65798144K), 0.2086547 secs] [Times: user=1.58 sys=1.94, real=0.21 secs] 
2023-10-23T20:01:27.132+0800: 439829.414: [GC (Allocation Failure) 2023-10-23T20:01:27.133+0800: 439829.414: [ParNew: 8552866K->766863K(9175040K), 0.1437747 secs] 50757271K->42982482K(65798144K), 0.1440767 secs] [Times: user=1.98 sys=0.42, real=0.15 secs] 
2023-10-23T20:02:10.613+0800: 439872.894: [GC (Allocation Failure) 2023-10-23T20:02:10.613+0800: 439872.895: [ParNew: 8631183K->795852K(9175040K), 0.2258828 secs] 50846802K->43023168K(65798144K), 0.2262115 secs] [Times: user=1.66 sys=1.66, real=0.23 secs] 
2023-10-23T20:03:02.498+0800: 439924.779: [GC (Allocation Failure) 2023-10-23T20:03:02.498+0800: 439924.780: [ParNew: 8660172K->688558K(9175040K), 0.2420167 secs] 50887488K->42927283K(65798144K), 0.2423968 secs] [Times: user=1.47 sys=2.64, real=0.24 secs] 
2023-10-23T20:03:40.384+0800: 439962.665: [GC (Allocation Failure) 2023-10-23T20:03:40.384+0800: 439962.665: [ParNew: 8552878K->721820K(9175040K), 0.1567737 secs] 50791603K->42967692K(65798144K), 0.1570679 secs] [Times: user=1.70 sys=0.94, real=0.16 secs] 
2023-10-23T20:04:22.283+0800: 440004.564: [GC (Allocation Failure) 2023-10-23T20:04:22.283+0800: 440004.564: [ParNew: 8586140K->706111K(9175040K), 0.1913560 secs] 50832012K->42963492K(65798144K), 0.1916404 secs] [Times: user=1.46 sys=1.79, real=0.19 secs] 
2023-10-23T20:04:55.918+0800: 440038.199: [GC (Allocation Failure) 2023-10-23T20:04:55.918+0800: 440038.200: [ParNew: 8570431K->622286K(9175040K), 0.2178880 secs] 50827812K->42886752K(65798144K), 0.2181900 secs] [Times: user=1.47 sys=2.22, real=0.22 secs] 
2023-10-23T20:05:29.616+0800: 440071.897: [GC (Allocation Failure) 2023-10-23T20:05:29.616+0800: 440071.898: [ParNew: 8486606K->679449K(9175040K), 0.1250770 secs] 50751072K->42953810K(65798144K), 0.1253984 secs] [Times: user=1.70 sys=0.36, real=0.12 secs] 
2023-10-23T20:06:05.185+0800: 440107.467: [GC (Allocation Failure) 2023-10-23T20:06:05.186+0800: 440107.467: [ParNew: 8543769K->665765K(9175040K), 0.1942959 secs] 50818130K->42951162K(65798144K), 0.1945915 secs] [Times: user=1.61 sys=1.66, real=0.20 secs] 
2023-10-23T20:06:44.421+0800: 440146.703: [GC (Allocation Failure) 2023-10-23T20:06:44.422+0800: 440146.703: [ParNew: 8530085K->690970K(9175040K), 0.1997824 secs] 50815482K->42981774K(65798144K), 0.2001391 secs] [Times: user=1.39 sys=2.01, real=0.20 secs] 
2023-10-23T20:07:25.641+0800: 440187.922: [GC (Allocation Failure) 2023-10-23T20:07:25.641+0800: 440187.922: [ParNew: 8555290K->620778K(9175040K), 0.1401149 secs] 50846094K->42920708K(65798144K), 0.1404192 secs] [Times: user=1.60 sys=0.74, real=0.14 secs] 
2023-10-23T20:08:09.574+0800: 440231.855: [GC (Allocation Failure) 2023-10-23T20:08:09.574+0800: 440231.855: [ParNew: 8485098K->696288K(9175040K), 0.1810330 secs] 50785028K->43001529K(65798144K), 0.1813406 secs] [Times: user=1.40 sys=1.65, real=0.18 secs] 
2023-10-23T20:08:41.653+0800: 440263.934: [GC (Allocation Failure) 2023-10-23T20:08:41.653+0800: 440263.934: [ParNew: 8560608K->716527K(9175040K), 0.2042541 secs] 50865849K->43036623K(65798144K), 0.2046278 secs] [Times: user=1.63 sys=1.83, real=0.21 secs] 
2023-10-23T20:09:16.427+0800: 440298.708: [GC (Allocation Failure) 2023-10-23T20:09:16.427+0800: 440298.708: [ParNew: 8580847K->681895K(9175040K), 0.1294456 secs] 50900943K->43008977K(65798144K), 0.1298345 secs] [Times: user=1.84 sys=0.31, real=0.13 secs] 
2023-10-23T20:10:01.984+0800: 440344.266: [GC (Allocation Failure) 2023-10-23T20:10:01.985+0800: 440344.266: [ParNew: 8546215K->648871K(9175040K), 0.1995623 secs] 50873297K->42983217K(65798144K), 0.1998533 secs] [Times: user=1.26 sys=2.10, real=0.20 secs] 
2023-10-23T20:10:39.997+0800: 440382.278: [GC (Allocation Failure) 2023-10-23T20:10:39.997+0800: 440382.278: [ParNew: 8513191K->694974K(9175040K), 0.1909588 secs] 50847537K->43036413K(65798144K), 0.1912822 secs] [Times: user=1.64 sys=1.60, real=0.19 secs] 
2023-10-23T20:11:15.467+0800: 440417.748: [GC (Allocation Failure) 2023-10-23T20:11:15.468+0800: 440417.749: [ParNew: 8559294K->631434K(9175040K), 0.2146182 secs] 50900733K->42980839K(65798144K), 0.2150323 secs] [Times: user=1.51 sys=2.16, real=0.21 secs] 
2023-10-23T20:11:56.222+0800: 440458.503: [GC (Allocation Failure) 2023-10-23T20:11:56.222+0800: 440458.504: [ParNew: 8495754K->661270K(9175040K), 0.1552544 secs] 50845159K->43017623K(65798144K), 0.1555520 secs] [Times: user=1.76 sys=0.79, real=0.16 secs] 
2023-10-23T20:12:40.935+0800: 440503.217: [GC (Allocation Failure) 2023-10-23T20:12:40.935+0800: 440503.217: [ParNew: 8525590K->647198K(9175040K), 0.1877247 secs] 50881943K->43014074K(65798144K), 0.1880379 secs] [Times: user=1.46 sys=1.74, real=0.19 secs] 
2023-10-23T20:13:14.848+0800: 440537.129: [GC (Allocation Failure) 2023-10-23T20:13:14.848+0800: 440537.129: [ParNew: 8511518K->642110K(9175040K), 0.1977563 secs] 50878394K->43019456K(65798144K), 0.1981616 secs] [Times: user=1.50 sys=1.87, real=0.20 secs] 
2023-10-23T20:13:57.461+0800: 440579.742: [GC (Allocation Failure) 2023-10-23T20:13:57.461+0800: 440579.743: [ParNew: 8506430K->649382K(9175040K), 0.1945203 secs] 50883776K->43032505K(65798144K), 0.1948371 secs] [Times: user=0.20 sys=3.07, real=0.20 secs] 
2023-10-23T20:14:28.173+0800: 440610.454: [GC (Allocation Failure) 2023-10-23T20:14:28.173+0800: 440610.454: [ParNew: 8513702K->670931K(9175040K), 0.1464751 secs] 50896825K->43061064K(65798144K), 0.1467656 secs] [Times: user=1.83 sys=0.61, real=0.15 secs] 
2023-10-23T20:15:09.131+0800: 440651.412: [GC (Allocation Failure) 2023-10-23T20:15:09.131+0800: 440651.412: [ParNew: 8535251K->670665K(9175040K), 0.2159193 secs] 50925384K->43070192K(65798144K), 0.2162574 secs] [Times: user=1.54 sys=2.12, real=0.22 secs] 
2023-10-23T20:15:58.137+0800: 440700.418: [GC (Allocation Failure) 2023-10-23T20:15:58.137+0800: 440700.418: [ParNew: 8534985K->600549K(9175040K), 0.2352748 secs] 50934512K->43006900K(65798144K), 0.2356451 secs] [Times: user=1.35 sys=2.68, real=0.23 secs] 
2023-10-23T20:16:37.831+0800: 440740.112: [GC (Allocation Failure) 2023-10-23T20:16:37.831+0800: 440740.112: [ParNew: 8464869K->641936K(9175040K), 0.1375937 secs] 50871220K->43057742K(65798144K), 0.1378912 secs] [Times: user=1.64 sys=0.64, real=0.14 secs] 
2023-10-23T20:17:10.202+0800: 440772.483: [GC (Allocation Failure) 2023-10-23T20:17:10.202+0800: 440772.483: [ParNew: 8506256K->658538K(9175040K), 0.1856854 secs] 50922062K->43085416K(65798144K), 0.1860549 secs] [Times: user=1.72 sys=1.42, real=0.19 secs] 
2023-10-23T20:17:48.616+0800: 440810.897: [GC (Allocation Failure) 2023-10-23T20:17:48.616+0800: 440810.897: [ParNew: 8522858K->636763K(9175040K), 0.2178711 secs] 50949736K->43070623K(65798144K), 0.2181674 secs] [Times: user=1.42 sys=2.29, real=0.21 secs] 
2023-10-23T20:18:26.609+0800: 440848.890: [GC (Allocation Failure) 2023-10-23T20:18:26.609+0800: 440848.890: [ParNew: 8501083K->621971K(9175040K), 0.1335271 secs] 50934943K->43063888K(65798144K), 0.1339610 secs] [Times: user=0.58 sys=1.63, real=0.13 secs] 
2023-10-23T20:19:09.791+0800: 440892.072: [GC (Allocation Failure) 2023-10-23T20:19:09.791+0800: 440892.072: [ParNew: 8486291K->639820K(9175040K), 0.1996411 secs] 50928208K->43087692K(65798144K), 0.2000259 secs] [Times: user=0.35 sys=3.02, real=0.20 secs] 
2023-10-23T20:19:52.739+0800: 440935.020: [GC (Allocation Failure) 2023-10-23T20:19:52.739+0800: 440935.020: [ParNew: 8504140K->642200K(9175040K), 0.1939211 secs] 50952012K->43100384K(65798144K), 0.1942489 secs] [Times: user=1.58 sys=1.71, real=0.19 secs] 
2023-10-23T20:20:24.706+0800: 440966.987: [GC (Allocation Failure) 2023-10-23T20:20:24.706+0800: 440966.987: [ParNew: 8506520K->634729K(9175040K), 0.1997770 secs] 50964704K->43101390K(65798144K), 0.2001574 secs] [Times: user=1.68 sys=1.71, real=0.21 secs] 
2023-10-23T20:21:09.293+0800: 441011.575: [GC (Allocation Failure) 2023-10-23T20:21:09.294+0800: 441011.575: [ParNew: 8499049K->657743K(9175040K), 0.1659819 secs] 50965710K->43131774K(65798144K), 0.1662832 secs] [Times: user=1.73 sys=1.21, real=0.17 secs] 
2023-10-23T20:21:49.424+0800: 441051.706: [GC (Allocation Failure) 2023-10-23T20:21:49.425+0800: 441051.706: [ParNew: 8522063K->642393K(9175040K), 0.1881283 secs] 50996094K->43126457K(65798144K), 0.1884349 secs] [Times: user=1.59 sys=1.60, real=0.19 secs] 
2023-10-23T20:22:36.345+0800: 441098.626: [GC (Allocation Failure) 2023-10-23T20:22:36.345+0800: 441098.626: [ParNew: 8506713K->572002K(9175040K), 0.2069880 secs] 50990777K->43065071K(65798144K), 0.2072880 secs] [Times: user=1.29 sys=2.23, real=0.21 secs] 
2023-10-23T20:23:19.269+0800: 441141.550: [GC (Allocation Failure) 2023-10-23T20:23:19.269+0800: 441141.550: [ParNew: 8436322K->593654K(9175040K), 0.2379702 secs] 50929391K->43092388K(65798144K), 0.2383221 secs] [Times: user=1.59 sys=2.47, real=0.24 secs] 
2023-10-23T20:23:59.452+0800: 441181.733: [GC (Allocation Failure) 2023-10-23T20:23:59.452+0800: 441181.733: [ParNew: 8457974K->550717K(9175040K), 0.2111303 secs] 50956708K->43056603K(65798144K), 0.2114865 secs] [Times: user=0.28 sys=3.29, real=0.21 secs] 
2023-10-23T20:24:49.211+0800: 441231.492: [GC (Allocation Failure) 2023-10-23T20:24:49.211+0800: 441231.493: [ParNew: 8415037K->553568K(9175040K), 0.1754013 secs] 50920923K->43066497K(65798144K), 0.1757189 secs] [Times: user=0.47 sys=2.47, real=0.18 secs] 
2023-10-23T20:25:33.705+0800: 441275.986: [GC (Allocation Failure) 2023-10-23T20:25:33.705+0800: 441275.986: [ParNew: 8417888K->606496K(9175040K), 0.2003759 secs] 50930817K->43128282K(65798144K), 0.2006761 secs] [Times: user=0.22 sys=2.67, real=0.20 secs] 
2023-10-23T20:26:07.556+0800: 441309.838: [GC (Allocation Failure) 2023-10-23T20:26:07.556+0800: 441309.838: [ParNew: 8470816K->643030K(9175040K), 0.1981158 secs] 50992602K->43174077K(65798144K), 0.1983954 secs] [Times: user=1.72 sys=1.79, real=0.19 secs] 
2023-10-23T20:26:38.609+0800: 441340.890: [GC (Allocation Failure) 2023-10-23T20:26:38.609+0800: 441340.890: [ParNew: 8507350K->623734K(9175040K), 0.1888145 secs] 51038397K->43161810K(65798144K), 0.1892066 secs] [Times: user=1.60 sys=1.58, real=0.19 secs] 
2023-10-23T20:27:23.523+0800: 441385.804: [GC (Allocation Failure) 2023-10-23T20:27:23.523+0800: 441385.804: [ParNew: 8488054K->671103K(9175040K), 0.1673690 secs] 51026130K->43220265K(65798144K), 0.1677209 secs] [Times: user=1.65 sys=1.13, real=0.17 secs] 
2023-10-23T20:28:28.973+0800: 441451.255: [GC (Allocation Failure) 2023-10-23T20:28:28.974+0800: 441451.255: [ParNew: 8535423K->629539K(9175040K), 0.2674248 secs] 51084585K->43188871K(65798144K), 0.2677201 secs] [Times: user=1.79 sys=2.80, real=0.27 secs] 
2023-10-23T20:29:15.593+0800: 441497.874: [GC (Allocation Failure) 2023-10-23T20:29:15.593+0800: 441497.874: [ParNew: 8493859K->633969K(9175040K), 0.2005635 secs] 51053191K->43201577K(65798144K), 0.2008706 secs] [Times: user=1.52 sys=1.87, real=0.20 secs] 
2023-10-23T20:29:47.657+0800: 441529.938: [GC (Allocation Failure) 2023-10-23T20:29:47.657+0800: 441529.938: [ParNew: 8498289K->650182K(9175040K), 0.2005888 secs] 51065897K->43226880K(65798144K), 0.2009040 secs] [Times: user=1.48 sys=1.90, real=0.20 secs] 
2023-10-23T20:30:18.190+0800: 441560.471: [GC (Allocation Failure) 2023-10-23T20:30:18.190+0800: 441560.472: [ParNew: 8514502K->662306K(9175040K), 0.1809900 secs] 51091200K->43247304K(65798144K), 0.1813803 secs] [Times: user=1.59 sys=1.43, real=0.18 secs] 
2023-10-23T20:31:10.008+0800: 441612.290: [GC (Allocation Failure) 2023-10-23T20:31:10.009+0800: 441612.290: [ParNew: 8526626K->623729K(9175040K), 0.1988208 secs] 51111624K->43214666K(65798144K), 0.1991507 secs] [Times: user=1.95 sys=1.41, real=0.20 secs] 
2023-10-23T20:31:52.520+0800: 441654.801: [GC (Allocation Failure) 2023-10-23T20:31:52.520+0800: 441654.802: [ParNew: 8488049K->636479K(9175040K), 0.2060428 secs] 51078986K->43235679K(65798144K), 0.2063323 secs] [Times: user=1.66 sys=1.81, real=0.21 secs] 
2023-10-23T20:32:26.148+0800: 441688.430: [GC (Allocation Failure) 2023-10-23T20:32:26.148+0800: 441688.430: [ParNew: 8500799K->622753K(9175040K), 0.2035935 secs] 51099999K->43228040K(65798144K), 0.2038893 secs] [Times: user=0.32 sys=3.12, real=0.20 secs] 
2023-10-23T20:32:56.848+0800: 441719.129: [GC (Allocation Failure) 2023-10-23T20:32:56.848+0800: 441719.129: [ParNew: 8487073K->632594K(9175040K), 0.1562065 secs] 51092360K->43245466K(65798144K), 0.1564951 secs] [Times: user=2.02 sys=0.55, real=0.15 secs] 
2023-10-23T20:33:25.697+0800: 441747.978: [GC (Allocation Failure) 2023-10-23T20:33:25.697+0800: 441747.978: [ParNew: 8496914K->636027K(9175040K), 0.1972660 secs] 51109786K->43257988K(65798144K), 0.1975743 secs] [Times: user=1.78 sys=1.54, real=0.19 secs] 
2023-10-23T20:34:02.425+0800: 441784.706: [GC (Allocation Failure) 2023-10-23T20:34:02.425+0800: 441784.706: [ParNew: 8500347K->746073K(9175040K), 0.2389086 secs] 51122308K->43375290K(65798144K), 0.2392391 secs] [Times: user=0.39 sys=3.55, real=0.24 secs] 
2023-10-23T20:34:43.445+0800: 441825.726: [GC (Allocation Failure) 2023-10-23T20:34:43.445+0800: 441825.726: [ParNew: 8610393K->683905K(9175040K), 0.1660676 secs] 51239610K->43322447K(65798144K), 0.1663673 secs] [Times: user=0.83 sys=1.17, real=0.17 secs] 
2023-10-23T20:35:23.370+0800: 441865.651: [GC (Allocation Failure) 2023-10-23T20:35:23.370+0800: 441865.651: [ParNew: 8548225K->701763K(9175040K), 0.2067283 secs] 51186767K->43347741K(65798144K), 0.2070823 secs] [Times: user=1.61 sys=1.87, real=0.21 secs] 
2023-10-23T20:36:00.800+0800: 441903.081: [GC (Allocation Failure) 2023-10-23T20:36:00.800+0800: 441903.081: [ParNew: 8566083K->714859K(9175040K), 0.2136975 secs] 51212061K->43367786K(65798144K), 0.2140176 secs] [Times: user=1.59 sys=2.02, real=0.21 secs] 
2023-10-23T20:36:50.787+0800: 441953.068: [GC (Allocation Failure) 2023-10-23T20:36:50.787+0800: 441953.068: [ParNew: 8579179K->701511K(9175040K), 0.2524848 secs] 51232106K->43362150K(65798144K), 0.2528375 secs] [Times: user=1.62 sys=2.69, real=0.25 secs] 
2023-10-23T20:37:42.932+0800: 442005.213: [GC (Allocation Failure) 2023-10-23T20:37:42.932+0800: 442005.214: [ParNew: 8565831K->665248K(9175040K), 0.2719508 secs] 51226470K->43334145K(65798144K), 0.2723198 secs] [Times: user=1.40 sys=3.25, real=0.27 secs] 
2023-10-23T20:38:23.725+0800: 442046.006: [GC (Allocation Failure) 2023-10-23T20:38:23.725+0800: 442046.007: [ParNew: 8529568K->690633K(9175040K), 0.1573818 secs] 51198465K->43369807K(65798144K), 0.1577569 secs] [Times: user=1.72 sys=0.89, real=0.16 secs] 
2023-10-23T20:39:04.874+0800: 442087.155: [GC (Allocation Failure) 2023-10-23T20:39:04.874+0800: 442087.155: [ParNew: 8554953K->631830K(9175040K), 0.2016482 secs] 51234127K->43320268K(65798144K), 0.2019560 secs] [Times: user=1.44 sys=1.95, real=0.21 secs] 
2023-10-23T20:39:47.340+0800: 442129.621: [GC (Allocation Failure) 2023-10-23T20:39:47.340+0800: 442129.621: [ParNew: 8496150K->616914K(9175040K), 0.2267478 secs] 51184588K->43312190K(65798144K), 0.2271309 secs] [Times: user=1.69 sys=2.16, real=0.23 secs] 
2023-10-23T20:40:35.281+0800: 442177.563: [GC (Allocation Failure) 2023-10-23T20:40:35.282+0800: 442177.563: [ParNew: 8481234K->658033K(9175040K), 0.2513270 secs] 51176510K->43360261K(65798144K), 0.2516805 secs] [Times: user=1.57 sys=2.69, real=0.25 secs] 
2023-10-23T20:41:26.835+0800: 442229.116: [GC (Allocation Failure) 2023-10-23T20:41:26.835+0800: 442229.116: [ParNew: 8522353K->595770K(9175040K), 0.2613928 secs] 51224581K->43306540K(65798144K), 0.2617605 secs] [Times: user=1.36 sys=3.11, real=0.27 secs] 
2023-10-23T20:42:20.616+0800: 442282.898: [GC (Allocation Failure) 2023-10-23T20:42:20.617+0800: 442282.898: [ParNew: 8460090K->629689K(9175040K), 0.2261107 secs] 51170860K->43350021K(65798144K), 0.2264511 secs] [Times: user=1.49 sys=2.36, real=0.22 secs] 
2023-10-23T20:43:22.218+0800: 442344.499: [GC (Allocation Failure) 2023-10-23T20:43:22.218+0800: 442344.499: [ParNew: 8494009K->623999K(9175040K), 0.2493023 secs] 51214341K->43351318K(65798144K), 0.2496267 secs] [Times: user=1.47 sys=2.80, real=0.25 secs] 
2023-10-23T20:44:16.241+0800: 442398.522: [GC (Allocation Failure) 2023-10-23T20:44:16.241+0800: 442398.522: [ParNew: 8488319K->554970K(9175040K), 0.1777034 secs] 51215638K->43290008K(65798144K), 0.1779938 secs] [Times: user=0.42 sys=2.56, real=0.18 secs] 
2023-10-23T20:44:56.100+0800: 442438.381: [GC (Allocation Failure) 2023-10-23T20:44:56.100+0800: 442438.381: [ParNew: 8419290K->572585K(9175040K), 0.2095253 secs] 51154328K->43314168K(65798144K), 0.2098465 secs] [Times: user=1.71 sys=1.84, real=0.21 secs] 
2023-10-23T20:45:36.525+0800: 442478.806: [GC (Allocation Failure) 2023-10-23T20:45:36.525+0800: 442478.806: [ParNew: 8436905K->567022K(9175040K), 0.2330973 secs] 51178488K->43315723K(65798144K), 0.2334146 secs] [Times: user=1.68 sys=2.27, real=0.24 secs] 
2023-10-23T20:46:29.188+0800: 442531.469: [GC (Allocation Failure) 2023-10-23T20:46:29.188+0800: 442531.469: [ParNew: 8431342K->570393K(9175040K), 0.2510343 secs] 51180043K->43327324K(65798144K), 0.2513297 secs] [Times: user=1.52 sys=2.76, real=0.25 secs] 
2023-10-23T20:47:21.128+0800: 442583.409: [GC (Allocation Failure) 2023-10-23T20:47:21.128+0800: 442583.409: [ParNew: 8434713K->570123K(9175040K), 0.2784637 secs] 51191644K->43334295K(65798144K), 0.2789272 secs] [Times: user=1.71 sys=3.04, real=0.28 secs] 
2023-10-23T20:47:52.538+0800: 442614.820: [GC (Allocation Failure) 2023-10-23T20:47:52.539+0800: 442614.820: [ParNew: 8434443K->590830K(9175040K), 0.1627352 secs] 51198615K->43363015K(65798144K), 0.1630268 secs] [Times: user=1.94 sys=0.76, real=0.16 secs] 
2023-10-23T20:48:32.806+0800: 442655.087: [GC (Allocation Failure) 2023-10-23T20:48:32.806+0800: 442655.087: [ParNew: 8455150K->589286K(9175040K), 0.2157518 secs] 51227335K->43369042K(65798144K), 0.2160601 secs] [Times: user=1.57 sys=2.08, real=0.21 secs] 
2023-10-23T20:49:11.760+0800: 442694.041: [GC (Allocation Failure) 2023-10-23T20:49:11.760+0800: 442694.042: [ParNew: 8453606K->662475K(9175040K), 0.2498778 secs] 51233362K->43451026K(65798144K), 0.2501934 secs] [Times: user=1.66 sys=2.60, real=0.25 secs] 
2023-10-23T20:50:02.467+0800: 442744.748: [GC (Allocation Failure) 2023-10-23T20:50:02.467+0800: 442744.748: [ParNew: 8526795K->656200K(9175040K), 0.2504454 secs] 51315346K->43452165K(65798144K), 0.2508688 secs] [Times: user=1.79 sys=2.47, real=0.25 secs] 
2023-10-23T20:50:51.396+0800: 442793.677: [GC (Allocation Failure) 2023-10-23T20:50:51.396+0800: 442793.677: [ParNew: 8520520K->671671K(9175040K), 0.1868841 secs] 51316485K->43474984K(65798144K), 0.1871867 secs] [Times: user=0.62 sys=2.51, real=0.18 secs] 
2023-10-23T20:51:40.781+0800: 442843.063: [GC (Allocation Failure) 2023-10-23T20:51:40.782+0800: 442843.063: [ParNew: 8535991K->590748K(9175040K), 0.2137586 secs] 51339304K->43401368K(65798144K), 0.2140496 secs] [Times: user=1.52 sys=2.10, real=0.21 secs] 
2023-10-23T20:52:15.372+0800: 442877.654: [GC (Allocation Failure) 2023-10-23T20:52:15.372+0800: 442877.654: [ParNew: 8455068K->590948K(9175040K), 0.2159355 secs] 51265688K->43411743K(65798144K), 0.2162623 secs] [Times: user=0.62 sys=3.03, real=0.22 secs] 
2023-10-23T20:52:51.219+0800: 442913.500: [GC (Allocation Failure) 2023-10-23T20:52:51.219+0800: 442913.500: [ParNew: 8455268K->625216K(9175040K), 0.2285136 secs] 51276063K->43454340K(65798144K), 0.2289129 secs] [Times: user=1.70 sys=2.18, real=0.23 secs] 
2023-10-23T20:53:34.043+0800: 442956.324: [GC (Allocation Failure) 2023-10-23T20:53:34.043+0800: 442956.324: [ParNew: 8489536K->621535K(9175040K), 0.1912909 secs] 51318660K->43458478K(65798144K), 0.1916777 secs] [Times: user=1.85 sys=1.36, real=0.19 secs] 
2023-10-23T20:54:20.833+0800: 443003.114: [GC (Allocation Failure) 2023-10-23T20:54:20.833+0800: 443003.114: [ParNew: 8485855K->589792K(9175040K), 0.2046682 secs] 51322798K->43435235K(65798144K), 0.2049766 secs] [Times: user=1.56 sys=1.90, real=0.21 secs] 
2023-10-23T20:55:06.067+0800: 443048.348: [GC (Allocation Failure) 2023-10-23T20:55:06.067+0800: 443048.349: [ParNew: 8454112K->621898K(9175040K), 0.2348241 secs] 51299555K->43475860K(65798144K), 0.2351283 secs] [Times: user=1.68 sys=2.32, real=0.23 secs] 
2023-10-23T20:55:46.971+0800: 443089.253: [GC (Allocation Failure) 2023-10-23T20:55:46.972+0800: 443089.253: [ParNew: 8486218K->625188K(9175040K), 0.2411202 secs] 51340180K->43486506K(65798144K), 0.2414554 secs] [Times: user=1.39 sys=2.72, real=0.24 secs] 
2023-10-23T20:56:23.652+0800: 443125.934: [GC (Allocation Failure) 2023-10-23T20:56:23.653+0800: 443125.934: [ParNew: 8489508K->681323K(9175040K), 0.1401156 secs] 51350826K->43549925K(65798144K), 0.1404275 secs] [Times: user=1.71 sys=0.59, real=0.14 secs] 
2023-10-23T20:56:53.031+0800: 443155.313: [GC (Allocation Failure) 2023-10-23T20:56:53.032+0800: 443155.313: [ParNew: 8545643K->666337K(9175040K), 0.1826103 secs] 51414245K->43545663K(65798144K), 0.1829442 secs] [Times: user=1.68 sys=1.37, real=0.18 secs] 
2023-10-23T20:57:27.656+0800: 443189.937: [GC (Allocation Failure) 2023-10-23T20:57:27.656+0800: 443189.938: [ParNew: 8530657K->653332K(9175040K), 0.2117028 secs] 51409983K->43540272K(65798144K), 0.2121380 secs] [Times: user=1.57 sys=2.01, real=0.21 secs] 
2023-10-23T20:58:08.984+0800: 443231.266: [GC (Allocation Failure) 2023-10-23T20:58:08.984+0800: 443231.266: [ParNew: 8517652K->710979K(9175040K), 0.1665020 secs] 51404592K->43605420K(65798144K), 0.1668160 secs] [Times: user=1.68 sys=1.10, real=0.17 secs] 
2023-10-23T20:58:50.532+0800: 443272.813: [GC (Allocation Failure) 2023-10-23T20:58:50.532+0800: 443272.813: [ParNew: 8575299K->679493K(9175040K), 0.1914767 secs] 51469740K->43583109K(65798144K), 0.1918021 secs] [Times: user=1.50 sys=1.72, real=0.19 secs] 
2023-10-23T20:59:27.833+0800: 443310.115: [GC (Allocation Failure) 2023-10-23T20:59:27.834+0800: 443310.115: [ParNew: 8543813K->683228K(9175040K), 0.2020671 secs] 51447429K->43594000K(65798144K), 0.2023891 secs] [Times: user=0.21 sys=3.19, real=0.21 secs] 
2023-10-23T21:00:00.707+0800: 443342.988: [GC (Allocation Failure) 2023-10-23T21:00:00.707+0800: 443342.988: [ParNew: 8547548K->667745K(9175040K), 0.1391166 secs] 51458320K->43587165K(65798144K), 0.1394425 secs] [Times: user=0.65 sys=1.64, real=0.14 secs] 
2023-10-23T21:00:31.020+0800: 443373.302: [GC (Allocation Failure) 2023-10-23T21:00:31.021+0800: 443373.302: [ParNew: 8532065K->680752K(9175040K), 0.1907239 secs] 51451485K->43607714K(65798144K), 0.1910368 secs] [Times: user=1.63 sys=1.57, real=0.19 secs] 
2023-10-23T21:00:58.785+0800: 443401.066: [GC (Allocation Failure) 2023-10-23T21:00:58.785+0800: 443401.066: [ParNew: 8545072K->722541K(9175040K), 0.2083564 secs] 51472034K->43657967K(65798144K), 0.2087291 secs] [Times: user=1.79 sys=1.73, real=0.21 secs] 
2023-10-23T21:01:31.473+0800: 443433.754: [GC (Allocation Failure) 2023-10-23T21:01:31.473+0800: 443433.754: [ParNew: 8586861K->712228K(9175040K), 0.1568117 secs] 51522287K->43654676K(65798144K), 0.1571427 secs] [Times: user=0.63 sys=1.14, real=0.16 secs] 
2023-10-23T21:02:00.265+0800: 443462.547: [GC (Allocation Failure) 2023-10-23T21:02:00.265+0800: 443462.547: [ParNew: 8576548K->742633K(9175040K), 0.1911357 secs] 51518996K->43692965K(65798144K), 0.1915172 secs] [Times: user=1.68 sys=1.54, real=0.20 secs] 
2023-10-23T21:02:34.563+0800: 443496.844: [GC (Allocation Failure) 2023-10-23T21:02:34.563+0800: 443496.844: [ParNew: 8606953K->744838K(9175040K), 0.1833154 secs] 51557285K->43703239K(65798144K), 0.1837445 secs] [Times: user=1.53 sys=1.53, real=0.19 secs] 
2023-10-23T21:03:14.080+0800: 443536.361: [GC (Allocation Failure) 2023-10-23T21:03:14.080+0800: 443536.361: [ParNew: 8609158K->745163K(9175040K), 0.1681373 secs] 51567559K->43711906K(65798144K), 0.1684720 secs] [Times: user=0.62 sys=1.90, real=0.17 secs] 
2023-10-23T21:03:50.493+0800: 443572.775: [GC (Allocation Failure) 2023-10-23T21:03:50.494+0800: 443572.775: [ParNew: 8609483K->716767K(9175040K), 0.1975182 secs] 51576226K->43690729K(65798144K), 0.1978211 secs] [Times: user=1.58 sys=1.75, real=0.20 secs] 
2023-10-23T21:04:25.630+0800: 443607.912: [GC (Allocation Failure) 2023-10-23T21:04:25.631+0800: 443607.912: [ParNew: 8581087K->721103K(9175040K), 0.1915397 secs] 51555049K->43702196K(65798144K), 0.1919054 secs] [Times: user=1.59 sys=1.63, real=0.19 secs] 
2023-10-23T21:04:59.611+0800: 443641.892: [GC (Allocation Failure) 2023-10-23T21:04:59.611+0800: 443641.892: [ParNew: 8585423K->692687K(9175040K), 0.1707233 secs] 51566516K->43681903K(65798144K), 0.1710244 secs] [Times: user=0.68 sys=2.17, real=0.17 secs] 
2023-10-23T21:05:28.772+0800: 443671.053: [GC (Allocation Failure) 2023-10-23T21:05:28.772+0800: 443671.054: [ParNew: 8557007K->803559K(9175040K), 0.1998783 secs] 51546223K->43799486K(65798144K), 0.2002546 secs] [Times: user=1.70 sys=1.68, real=0.20 secs] 
2023-10-23T21:05:59.183+0800: 443701.464: [GC (Allocation Failure) 2023-10-23T21:05:59.183+0800: 443701.465: [ParNew: 8667879K->738445K(9175040K), 0.1360897 secs] 51663806K->43741340K(65798144K), 0.1364226 secs] [Times: user=0.74 sys=1.49, real=0.14 secs] 
2023-10-23T21:06:32.072+0800: 443734.353: [GC (Allocation Failure) 2023-10-23T21:06:32.072+0800: 443734.353: [ParNew: 8602765K->709481K(9175040K), 0.1979187 secs] 51605660K->43719345K(65798144K), 0.1982410 secs] [Times: user=1.67 sys=1.67, real=0.20 secs] 
2023-10-23T21:07:10.174+0800: 443772.455: [GC (Allocation Failure) 2023-10-23T21:07:10.174+0800: 443772.455: [ParNew: 8573801K->737411K(9175040K), 0.2352533 secs] 51583665K->43754296K(65798144K), 0.2357144 secs] [Times: user=1.85 sys=2.40, real=0.24 secs] 
2023-10-23T21:07:42.371+0800: 443804.653: [GC (Allocation Failure) 2023-10-23T21:07:42.372+0800: 443804.653: [ParNew: 8601731K->723936K(9175040K), 0.2310422 secs] 51618616K->43747623K(65798144K), 0.2313923 secs] [Times: user=1.99 sys=2.18, real=0.23 secs] 
2023-10-23T21:08:26.316+0800: 443848.598: [GC (Allocation Failure) 2023-10-23T21:08:26.317+0800: 443848.598: [ParNew: 8588256K->751806K(9175040K), 0.1744340 secs] 51611943K->43783106K(65798144K), 0.1747484 secs] [Times: user=0.47 sys=2.45, real=0.17 secs] 
2023-10-23T21:08:59.428+0800: 443881.709: [GC (Allocation Failure) 2023-10-23T21:08:59.428+0800: 443881.710: [ParNew: 8616126K->712889K(9175040K), 0.1967756 secs] 51647426K->43750751K(65798144K), 0.1970820 secs] [Times: user=1.68 sys=1.65, real=0.19 secs] 
2023-10-23T21:09:34.986+0800: 443917.267: [GC (Allocation Failure) 2023-10-23T21:09:34.986+0800: 443917.267: [ParNew: 8577209K->744135K(9175040K), 0.2172733 secs] 51615071K->43788144K(65798144K), 0.2176797 secs] [Times: user=1.48 sys=2.21, real=0.22 secs] 
2023-10-23T21:10:11.241+0800: 443953.522: [GC (Allocation Failure) 2023-10-23T21:10:11.241+0800: 443953.522: [ParNew: 8608455K->716556K(9175040K), 0.1403001 secs] 51652464K->43767126K(65798144K), 0.1406134 secs] [Times: user=1.81 sys=0.49, real=0.14 secs] 
2023-10-23T21:10:58.210+0800: 444000.492: [GC (Allocation Failure) 2023-10-23T21:10:58.210+0800: 444000.492: [ParNew: 8580876K->712124K(9175040K), 0.2066153 secs] 51631446K->43768933K(65798144K), 0.2069193 secs] [Times: user=1.55 sys=1.95, real=0.21 secs] 
2023-10-23T21:11:33.159+0800: 444035.440: [GC (Allocation Failure) 2023-10-23T21:11:33.159+0800: 444035.441: [ParNew: 8576444K->712369K(9175040K), 0.1968920 secs] 51633253K->43776690K(65798144K), 0.1972143 secs] [Times: user=1.50 sys=1.82, real=0.20 secs] 
2023-10-23T21:12:09.038+0800: 444071.319: [GC (Allocation Failure) 2023-10-23T21:12:09.038+0800: 444071.319: [ParNew: 8576689K->645397K(9175040K), 0.1837927 secs] 51641010K->43716576K(65798144K), 0.1840991 secs] [Times: user=1.53 sys=1.55, real=0.18 secs] 
2023-10-23T21:12:44.070+0800: 444106.351: [GC (Allocation Failure) 2023-10-23T21:12:44.070+0800: 444106.351: [ParNew: 8509717K->697083K(9175040K), 0.1611198 secs] 51580896K->43775016K(65798144K), 0.1614432 secs] [Times: user=0.65 sys=1.63, real=0.16 secs] 
2023-10-23T21:13:29.839+0800: 444152.120: [GC (Allocation Failure) 2023-10-23T21:13:29.839+0800: 444152.120: [ParNew: 8561403K->695101K(9175040K), 0.2177836 secs] 51639336K->43779670K(65798144K), 0.2181318 secs] [Times: user=1.62 sys=2.09, real=0.22 secs] 
2023-10-23T21:14:11.203+0800: 444193.484: [GC (Allocation Failure) 2023-10-23T21:14:11.203+0800: 444193.484: [ParNew: 8559421K->720392K(9175040K), 0.2172911 secs] 51643990K->43811860K(65798144K), 0.2175937 secs] [Times: user=1.44 sys=2.25, real=0.22 secs] 
2023-10-23T21:14:59.058+0800: 444241.339: [GC (Allocation Failure) 2023-10-23T21:14:59.058+0800: 444241.339: [ParNew: 8584712K->625597K(9175040K), 0.2156622 secs] 51676180K->43723484K(65798144K), 0.2159893 secs] [Times: user=1.36 sys=2.30, real=0.21 secs] 
2023-10-23T21:15:40.934+0800: 444283.215: [GC (Allocation Failure) 2023-10-23T21:15:40.934+0800: 444283.216: [ParNew: 8489917K->659704K(9175040K), 0.1630135 secs] 51587804K->43763923K(65798144K), 0.1632978 secs] [Times: user=0.49 sys=1.78, real=0.17 secs] 
2023-10-23T21:16:11.597+0800: 444313.878: [GC (Allocation Failure) 2023-10-23T21:16:11.597+0800: 444313.878: [ParNew: 8524024K->705820K(9175040K), 0.1828380 secs] 51628243K->43816829K(65798144K), 0.1831426 secs] [Times: user=1.61 sys=1.46, real=0.18 secs] 
2023-10-23T21:16:43.643+0800: 444345.924: [GC (Allocation Failure) 2023-10-23T21:16:43.643+0800: 444345.924: [ParNew: 8570140K->642231K(9175040K), 0.1959145 secs] 51681149K->43761138K(65798144K), 0.1962405 secs] [Times: user=0.46 sys=2.23, real=0.20 secs] 
2023-10-23T21:17:14.512+0800: 444376.794: [GC (Allocation Failure) 2023-10-23T21:17:14.513+0800: 444376.794: [ParNew: 8506551K->648411K(9175040K), 0.1742177 secs] 51625458K->43774194K(65798144K), 0.1745213 secs] [Times: user=0.77 sys=2.13, real=0.18 secs] 
2023-10-23T21:17:51.858+0800: 444414.139: [GC (Allocation Failure) 2023-10-23T21:17:51.858+0800: 444414.139: [ParNew: 8512731K->656250K(9175040K), 0.2103494 secs] 51638514K->43789118K(65798144K), 0.2106342 secs] [Times: user=1.60 sys=1.95, real=0.21 secs] 
2023-10-23T21:18:40.160+0800: 444462.441: [GC (Allocation Failure) 2023-10-23T21:18:40.160+0800: 444462.441: [ParNew: 8520570K->684634K(9175040K), 0.2308253 secs] 51653438K->43824356K(65798144K), 0.2312039 secs] [Times: user=1.47 sys=2.47, real=0.23 secs] 
2023-10-23T21:19:11.769+0800: 444494.050: [GC (Allocation Failure) 2023-10-23T21:19:11.769+0800: 444494.050: [ParNew: 8548954K->681570K(9175040K), 0.1434421 secs] 51688676K->43828238K(65798144K), 0.1437381 secs] [Times: user=1.86 sys=0.60, real=0.14 secs] 
2023-10-23T21:19:39.900+0800: 444522.182: [GC (Allocation Failure) 2023-10-23T21:19:39.901+0800: 444522.182: [ParNew: 8545890K->691638K(9175040K), 0.1792183 secs] 51692558K->43845484K(65798144K), 0.1795258 secs] [Times: user=1.54 sys=1.46, real=0.18 secs] 
2023-10-23T21:20:14.976+0800: 444557.257: [GC (Allocation Failure) 2023-10-23T21:20:14.976+0800: 444557.257: [ParNew: 8555958K->738117K(9175040K), 0.2207255 secs] 51709804K->43899470K(65798144K), 0.2210793 secs] [Times: user=0.33 sys=3.41, real=0.23 secs] 
2023-10-23T21:20:45.735+0800: 444588.016: [GC (Allocation Failure) 2023-10-23T21:20:45.735+0800: 444588.016: [ParNew: 8602437K->756366K(9175040K), 0.1468940 secs] 51763790K->43924787K(65798144K), 0.1471768 secs] [Times: user=1.91 sys=0.52, real=0.15 secs] 
2023-10-23T21:21:22.981+0800: 444625.262: [GC (Allocation Failure) 2023-10-23T21:21:22.981+0800: 444625.262: [ParNew: 8620686K->703989K(9175040K), 0.2044826 secs] 51789107K->43879331K(65798144K), 0.2048575 secs] [Times: user=1.55 sys=1.91, real=0.20 secs] 
2023-10-23T21:22:06.243+0800: 444668.524: [GC (Allocation Failure) 2023-10-23T21:22:06.243+0800: 444668.524: [ParNew: 8568309K->699735K(9175040K), 0.2267828 secs] 51743651K->43883061K(65798144K), 0.2271291 secs] [Times: user=1.32 sys=2.53, real=0.23 secs] 
2023-10-23T21:22:49.716+0800: 444711.997: [GC (Allocation Failure) 2023-10-23T21:22:49.716+0800: 444711.997: [ParNew: 8564055K->707636K(9175040K), 0.1919643 secs] 51747381K->43898242K(65798144K), 0.1923257 secs] [Times: user=0.38 sys=2.48, real=0.19 secs] 
2023-10-23T21:23:35.580+0800: 444757.861: [GC (Allocation Failure) 2023-10-23T21:23:35.580+0800: 444757.861: [ParNew: 8571956K->746426K(9175040K), 0.1712687 secs] 51762562K->43944295K(65798144K), 0.1715643 secs] [Times: user=1.67 sys=1.21, real=0.17 secs] 
2023-10-23T21:24:05.705+0800: 444787.986: [GC (Allocation Failure) 2023-10-23T21:24:05.705+0800: 444787.986: [ParNew: 8610746K->716188K(9175040K), 0.2165234 secs] 51808615K->43921477K(65798144K), 0.2168279 secs] [Times: user=2.00 sys=1.66, real=0.22 secs] 
2023-10-23T21:24:37.668+0800: 444819.950: [GC (Allocation Failure) 2023-10-23T21:24:37.668+0800: 444819.950: [ParNew: 8580508K->691397K(9175040K), 0.1338995 secs] 51785797K->43903968K(65798144K), 0.1342107 secs] [Times: user=0.81 sys=1.38, real=0.13 secs] 
2023-10-23T21:25:06.532+0800: 444848.814: [GC (Allocation Failure) 2023-10-23T21:25:06.532+0800: 444848.814: [ParNew: 8555717K->687040K(9175040K), 0.1990392 secs] 51768288K->43906617K(65798144K), 0.1993748 secs] [Times: user=1.83 sys=1.52, real=0.20 secs] 
2023-10-23T21:25:51.561+0800: 444893.842: [GC (Allocation Failure) 2023-10-23T21:25:51.561+0800: 444893.842: [ParNew: 8551360K->693193K(9175040K), 0.2265854 secs] 51770937K->43919630K(65798144K), 0.2269065 secs] [Times: user=1.59 sys=2.26, real=0.23 secs] 
2023-10-23T21:26:28.505+0800: 444930.786: [GC (Allocation Failure) 2023-10-23T21:26:28.505+0800: 444930.786: [ParNew: 8557513K->673597K(9175040K), 0.1923036 secs] 51783950K->43906784K(65798144K), 0.1926205 secs] [Times: user=0.56 sys=2.68, real=0.20 secs] 
2023-10-23T21:27:15.711+0800: 444977.992: [GC (Allocation Failure) 2023-10-23T21:27:15.711+0800: 444977.992: [ParNew: 8537917K->695641K(9175040K), 0.1897825 secs] 51771104K->43935893K(65798144K), 0.1901030 secs] [Times: user=1.99 sys=1.21, real=0.19 secs] 
2023-10-23T21:27:52.115+0800: 445014.396: [GC (Allocation Failure) 2023-10-23T21:27:52.115+0800: 445014.396: [ParNew: 8559961K->690331K(9175040K), 0.2168092 secs] 51800213K->43937974K(65798144K), 0.2171304 secs] [Times: user=0.70 sys=2.94, real=0.22 secs] 
2023-10-23T21:28:28.913+0800: 445051.195: [GC (Allocation Failure) 2023-10-23T21:28:28.913+0800: 445051.195: [ParNew: 8554651K->717683K(9175040K), 0.2115548 secs] 51802294K->43972144K(65798144K), 0.2118729 secs] [Times: user=1.37 sys=2.21, real=0.21 secs] 
2023-10-23T21:29:02.663+0800: 445084.944: [GC (Allocation Failure) 2023-10-23T21:29:02.663+0800: 445084.944: [ParNew: 8582003K->701213K(9175040K), 0.1442440 secs] 51836464K->43962326K(65798144K), 0.1445344 secs] [Times: user=0.63 sys=1.25, real=0.15 secs] 
2023-10-23T21:29:36.130+0800: 445118.412: [GC (Allocation Failure) 2023-10-23T21:29:36.130+0800: 445118.412: [ParNew: 8565533K->644960K(9175040K), 0.1851957 secs] 51826646K->43913119K(65798144K), 0.1855092 secs] [Times: user=1.68 sys=1.26, real=0.19 secs] 
2023-10-23T21:30:14.104+0800: 445156.385: [GC (Allocation Failure) 2023-10-23T21:30:14.104+0800: 445156.386: [ParNew: 8509280K->640598K(9175040K), 0.2204383 secs] 51777439K->43915591K(65798144K), 0.2207615 secs] [Times: user=1.50 sys=2.23, real=0.22 secs] 
2023-10-23T21:30:47.965+0800: 445190.247: [GC (Allocation Failure) 2023-10-23T21:30:47.966+0800: 445190.247: [ParNew: 8504918K->706687K(9175040K), 0.1388556 secs] 51779911K->43988789K(65798144K), 0.1392139 secs] [Times: user=0.67 sys=1.60, real=0.14 secs] 
2023-10-23T21:31:25.529+0800: 445227.810: [GC (Allocation Failure) 2023-10-23T21:31:25.529+0800: 445227.810: [ParNew: 8571007K->663885K(9175040K), 0.2209134 secs] 51853109K->43953265K(65798144K), 0.2212470 secs] [Times: user=1.98 sys=1.77, real=0.22 secs] 
2023-10-23T21:32:03.017+0800: 445265.298: [GC (Allocation Failure) 2023-10-23T21:32:03.017+0800: 445265.299: [ParNew: 8528205K->691631K(9175040K), 0.2325823 secs] 51817585K->43988454K(65798144K), 0.2329232 secs] [Times: user=1.65 sys=2.29, real=0.23 secs] 
2023-10-23T21:32:40.765+0800: 445303.047: [GC (Allocation Failure) 2023-10-23T21:32:40.766+0800: 445303.047: [ParNew: 8555951K->698619K(9175040K), 0.1528990 secs] 51852774K->44002722K(65798144K), 0.1532047 secs] [Times: user=0.73 sys=1.80, real=0.16 secs] 
2023-10-23T21:33:21.694+0800: 445343.975: [GC (Allocation Failure) 2023-10-23T21:33:21.694+0800: 445343.975: [ParNew: 8562939K->703432K(9175040K), 0.2086613 secs] 51867042K->44014277K(65798144K), 0.2089598 secs] [Times: user=1.78 sys=1.75, real=0.21 secs] 
2023-10-23T21:33:56.511+0800: 445378.792: [GC (Allocation Failure) 2023-10-23T21:33:56.511+0800: 445378.792: [ParNew: 8567752K->650287K(9175040K), 0.2432567 secs] 51878597K->43968101K(65798144K), 0.2436115 secs] [Times: user=1.86 sys=2.27, real=0.24 secs] 
2023-10-23T21:34:27.658+0800: 445409.940: [GC (Allocation Failure) 2023-10-23T21:34:27.658+0800: 445409.940: [ParNew: 8514607K->695718K(9175040K), 0.1429888 secs] 51832421K->44019940K(65798144K), 0.1433204 secs] [Times: user=1.86 sys=0.48, real=0.14 secs] 
2023-10-23T21:35:04.023+0800: 445446.304: [GC (Allocation Failure) 2023-10-23T21:35:04.023+0800: 445446.304: [ParNew: 8560038K->704560K(9175040K), 0.2005199 secs] 51884260K->44036197K(65798144K), 0.2008225 secs] [Times: user=1.47 sys=1.91, real=0.20 secs] 
2023-10-23T21:35:42.352+0800: 445484.633: [GC (Allocation Failure) 2023-10-23T21:35:42.352+0800: 445484.633: [ParNew: 8568880K->707173K(9175040K), 0.2350784 secs] 51900517K->44045985K(65798144K), 0.2354166 secs] [Times: user=1.54 sys=2.46, real=0.24 secs] 
2023-10-23T21:36:12.112+0800: 445514.393: [GC (Allocation Failure) 2023-10-23T21:36:12.112+0800: 445514.393: [ParNew: 8571493K->702940K(9175040K), 0.1546631 secs] 51910305K->44049103K(65798144K), 0.1549553 secs] [Times: user=2.08 sys=0.48, real=0.16 secs] 
2023-10-23T21:36:43.437+0800: 445545.719: [GC (Allocation Failure) 2023-10-23T21:36:43.437+0800: 445545.719: [ParNew: 8567260K->681483K(9175040K), 0.1997733 secs] 51913423K->44034759K(65798144K), 0.2000726 secs] [Times: user=1.62 sys=1.73, real=0.20 secs] 
2023-10-23T21:37:12.730+0800: 445575.011: [GC (Allocation Failure) 2023-10-23T21:37:12.730+0800: 445575.011: [ParNew: 8545803K->687770K(9175040K), 0.1845253 secs] 51899079K->44048169K(65798144K), 0.1848417 secs] [Times: user=1.84 sys=1.26, real=0.18 secs] 
2023-10-23T21:37:49.099+0800: 445611.381: [GC (Allocation Failure) 2023-10-23T21:37:49.100+0800: 445611.381: [ParNew: 8552090K->726657K(9175040K), 0.1723530 secs] 51912489K->44094119K(65798144K), 0.1726446 secs] [Times: user=1.90 sys=0.98, real=0.17 secs] 
2023-10-23T21:38:21.698+0800: 445643.979: [GC (Allocation Failure) 2023-10-23T21:38:21.698+0800: 445643.979: [ParNew: 8590977K->734238K(9175040K), 0.2344060 secs] 51958439K->44108702K(65798144K), 0.2348019 secs] [Times: user=2.03 sys=1.94, real=0.23 secs] 
2023-10-23T21:38:54.811+0800: 445677.093: [GC (Allocation Failure) 2023-10-23T21:38:54.811+0800: 445677.093: [ParNew: 8598558K->713329K(9175040K), 0.1905090 secs] 51973022K->44095129K(65798144K), 0.1908561 secs] [Times: user=0.59 sys=2.61, real=0.19 secs] 
2023-10-23T21:39:25.101+0800: 445707.382: [GC (Allocation Failure) 2023-10-23T21:39:25.101+0800: 445707.382: [ParNew: 8577649K->836867K(9175040K), 0.1590451 secs] 51959449K->44225697K(65798144K), 0.1593704 secs] [Times: user=2.00 sys=0.64, real=0.16 secs] 
2023-10-23T21:39:56.454+0800: 445738.735: [GC (Allocation Failure) 2023-10-23T21:39:56.454+0800: 445738.735: [ParNew: 8701187K->748551K(9175040K), 0.2262177 secs] 52090017K->44145557K(65798144K), 0.2265421 secs] [Times: user=1.75 sys=2.07, real=0.23 secs] 
2023-10-23T21:40:37.504+0800: 445779.785: [GC (Allocation Failure) 2023-10-23T21:40:37.504+0800: 445779.785: [ParNew: 8612871K->782618K(9175040K), 0.2032158 secs] 52009877K->44186777K(65798144K), 0.2036046 secs] [Times: user=0.51 sys=2.91, real=0.21 secs] 
2023-10-23T21:41:12.027+0800: 445814.308: [GC (Allocation Failure) 2023-10-23T21:41:12.027+0800: 445814.309: [ParNew: 8646938K->781252K(9175040K), 0.1662721 secs] 52051097K->44192821K(65798144K), 0.1665653 secs] [Times: user=1.86 sys=0.90, real=0.16 secs] 
2023-10-23T21:41:38.305+0800: 445840.586: [GC (Allocation Failure) 2023-10-23T21:41:38.305+0800: 445840.587: [ParNew: 8645572K->711051K(9175040K), 0.2081283 secs] 52057141K->44130013K(65798144K), 0.2084451 secs] [Times: user=1.89 sys=1.60, real=0.21 secs] 
2023-10-23T21:42:04.975+0800: 445867.257: [GC (Allocation Failure) 2023-10-23T21:42:04.976+0800: 445867.257: [ParNew: 8575371K->773992K(9175040K), 0.1466565 secs] 51994333K->44200128K(65798144K), 0.1469737 secs] [Times: user=2.03 sys=0.37, real=0.15 secs] 
2023-10-23T21:42:34.263+0800: 445896.545: [GC (Allocation Failure) 2023-10-23T21:42:34.264+0800: 445896.545: [ParNew: 8638312K->752169K(9175040K), 0.2084146 secs] 52064448K->44185039K(65798144K), 0.2087514 secs] [Times: user=1.77 sys=1.75, real=0.21 secs] 
2023-10-23T21:43:03.190+0800: 445925.471: [GC (Allocation Failure) 2023-10-23T21:43:03.190+0800: 445925.471: [ParNew: 8616489K->759357K(9175040K), 0.1891382 secs] 52049359K->44199535K(65798144K), 0.1895606 secs] [Times: user=1.92 sys=1.25, real=0.19 secs] 
2023-10-23T21:43:32.192+0800: 445954.474: [GC (Allocation Failure) 2023-10-23T21:43:32.193+0800: 445954.474: [ParNew: 8623677K->826839K(9175040K), 0.1547310 secs] 52063855K->44274105K(65798144K), 0.1550594 secs] [Times: user=0.78 sys=1.77, real=0.16 secs] 
2023-10-23T21:44:01.430+0800: 445983.711: [GC (Allocation Failure) 2023-10-23T21:44:01.430+0800: 445983.712: [ParNew: 8691159K->740449K(9175040K), 0.2257384 secs] 52138425K->44194642K(65798144K), 0.2261175 secs] [Times: user=1.76 sys=2.07, real=0.23 secs] 
2023-10-23T21:44:29.692+0800: 446011.973: [GC (Allocation Failure) 2023-10-23T21:44:29.692+0800: 446011.974: [ParNew: 8604769K->806137K(9175040K), 0.1426946 secs] 52058962K->44267037K(65798144K), 0.1430428 secs] [Times: user=0.77 sys=1.57, real=0.14 secs] 
2023-10-23T21:45:03.478+0800: 446045.759: [GC (Allocation Failure) 2023-10-23T21:45:03.478+0800: 446045.759: [ParNew: 8670457K->744776K(9175040K), 0.2135919 secs] 52131357K->44212291K(65798144K), 0.2139189 secs] [Times: user=1.88 sys=1.48, real=0.21 secs] 
2023-10-23T21:45:37.250+0800: 446079.532: [GC (Allocation Failure) 2023-10-23T21:45:37.250+0800: 446079.532: [ParNew: 8609096K->741478K(9175040K), 0.1877137 secs] 52076611K->44216185K(65798144K), 0.1880653 secs] [Times: user=0.56 sys=2.54, real=0.19 secs] 
2023-10-23T21:46:08.275+0800: 446110.556: [GC (Allocation Failure) 2023-10-23T21:46:08.275+0800: 446110.556: [ParNew: 8605798K->841027K(9175040K), 0.1584767 secs] 52080505K->44322470K(65798144K), 0.1587831 secs] [Times: user=0.72 sys=1.89, real=0.16 secs] 
2023-10-23T21:46:39.132+0800: 446141.413: [GC (Allocation Failure) 2023-10-23T21:46:39.132+0800: 446141.413: [ParNew: 8705347K->783513K(9175040K), 0.2099914 secs] 52186790K->44272037K(65798144K), 0.2103160 secs] [Times: user=1.74 sys=1.79, real=0.21 secs] 
2023-10-23T21:47:12.575+0800: 446174.856: [GC (Allocation Failure) 2023-10-23T21:47:12.575+0800: 446174.856: [ParNew: 8647833K->808435K(9175040K), 0.1461378 secs] 52136357K->44303869K(65798144K), 0.1464655 secs] [Times: user=1.95 sys=0.47, real=0.15 secs] 
2023-10-23T21:47:46.906+0800: 446209.187: [GC (Allocation Failure) 2023-10-23T21:47:46.906+0800: 446209.187: [ParNew: 8672755K->761907K(9175040K), 0.1928003 secs] 52168189K->44264013K(65798144K), 0.1930978 secs] [Times: user=1.62 sys=1.62, real=0.19 secs] 
2023-10-23T21:48:20.991+0800: 446243.272: [GC (Allocation Failure) 2023-10-23T21:48:20.991+0800: 446243.272: [ParNew: 8626227K->749356K(9175040K), 0.2337613 secs] 52128333K->44258891K(65798144K), 0.2341196 secs] [Times: user=1.65 sys=2.30, real=0.23 secs] 
2023-10-23T21:49:00.510+0800: 446282.791: [GC (Allocation Failure) 2023-10-23T21:49:00.510+0800: 446282.791: [ParNew: 8613676K->766785K(9175040K), 0.1543230 secs] 52123211K->44283990K(65798144K), 0.1546418 secs] [Times: user=1.85 sys=0.70, real=0.15 secs] 
2023-10-23T21:49:29.982+0800: 446312.263: [GC (Allocation Failure) 2023-10-23T21:49:29.982+0800: 446312.263: [ParNew: 8631105K->716757K(9175040K), 0.1972142 secs] 52148310K->44240234K(65798144K), 0.1975096 secs] [Times: user=0.62 sys=2.70, real=0.20 secs] 
2023-10-23T21:50:00.531+0800: 446342.812: [GC (Allocation Failure) 2023-10-23T21:50:00.531+0800: 446342.812: [ParNew: 8581077K->700563K(9175040K), 0.2048016 secs] 52104554K->44230600K(65798144K), 0.2051771 secs] [Times: user=0.62 sys=2.82, real=0.21 secs] 
2023-10-23T21:50:28.088+0800: 446370.369: [GC (Allocation Failure) 2023-10-23T21:50:28.088+0800: 446370.369: [ParNew: 8564883K->797836K(9175040K), 0.1549384 secs] 52094920K->44334447K(65798144K), 0.1552521 secs] [Times: user=1.76 sys=0.79, real=0.15 secs] 
2023-10-23T21:50:54.663+0800: 446396.945: [GC (Allocation Failure) 2023-10-23T21:50:54.664+0800: 446396.945: [ParNew: 8662156K->778499K(9175040K), 0.2082680 secs] 52198767K->44321476K(65798144K), 0.2086711 secs] [Times: user=0.49 sys=3.01, real=0.21 secs] 
2023-10-23T21:51:23.162+0800: 446425.443: [GC (Allocation Failure) 2023-10-23T21:51:23.162+0800: 446425.443: [ParNew: 8642819K->791636K(9175040K), 0.1377991 secs] 52185796K->44341171K(65798144K), 0.1381281 secs] [Times: user=0.73 sys=0.51, real=0.14 secs] 
2023-10-23T21:51:59.789+0800: 446462.071: [GC (Allocation Failure) 2023-10-23T21:51:59.790+0800: 446462.071: [ParNew: 8655956K->763855K(9175040K), 0.1986095 secs] 52205491K->44320120K(65798144K), 0.1989202 secs] [Times: user=1.50 sys=1.84, real=0.20 secs] 
2023-10-23T21:52:31.589+0800: 446493.870: [GC (Allocation Failure) 2023-10-23T21:52:31.589+0800: 446493.870: [ParNew: 8628175K->759609K(9175040K), 0.2386837 secs] 52184440K->44322347K(65798144K), 0.2390068 secs] [Times: user=1.72 sys=2.32, real=0.24 secs] 
2023-10-23T21:53:07.626+0800: 446529.907: [GC (Allocation Failure) 2023-10-23T21:53:07.626+0800: 446529.908: [ParNew: 8623929K->760334K(9175040K), 0.1481897 secs] 52186667K->44330183K(65798144K), 0.1484866 secs] [Times: user=0.67 sys=1.77, real=0.14 secs] 
2023-10-23T21:53:37.487+0800: 446559.769: [GC (Allocation Failure) 2023-10-23T21:53:37.488+0800: 446559.769: [ParNew: 8624654K->751497K(9175040K), 0.2018421 secs] 52194503K->44328446K(65798144K), 0.2021753 secs] [Times: user=1.83 sys=1.57, real=0.20 secs] 
2023-10-23T21:54:02.280+0800: 446584.561: [GC (Allocation Failure) 2023-10-23T21:54:02.280+0800: 446584.561: [ParNew: 8615817K->815985K(9175040K), 0.1347861 secs] 52192766K->44399857K(65798144K), 0.1351181 secs] [Times: user=0.99 sys=1.19, real=0.13 secs] 
2023-10-23T21:54:28.640+0800: 446610.921: [GC (Allocation Failure) 2023-10-23T21:54:28.640+0800: 446610.922: [ParNew: 8680305K->772311K(9175040K), 0.1987908 secs] 52264177K->44362962K(65798144K), 0.1991216 secs] [Times: user=1.78 sys=1.54, real=0.20 secs] 
2023-10-23T21:55:00.077+0800: 446642.359: [GC (Allocation Failure) 2023-10-23T21:55:00.078+0800: 446642.359: [ParNew: 8636631K->777559K(9175040K), 0.2371104 secs] 52227282K->44375071K(65798144K), 0.2374632 secs] [Times: user=1.69 sys=2.34, real=0.23 secs] 
2023-10-23T21:55:26.765+0800: 446669.047: [GC (Allocation Failure) 2023-10-23T21:55:26.765+0800: 446669.047: [ParNew: 8641879K->777277K(9175040K), 0.1378374 secs] 52239391K->44381773K(65798144K), 0.1381770 secs] [Times: user=0.72 sys=1.51, real=0.14 secs] 
2023-10-23T21:55:58.626+0800: 446700.907: [GC (Allocation Failure) 2023-10-23T21:55:58.626+0800: 446700.907: [ParNew: 8641597K->715102K(9175040K), 0.2126454 secs] 52246093K->44326559K(65798144K), 0.2130591 secs] [Times: user=1.72 sys=1.86, real=0.21 secs] 
2023-10-23T21:56:31.884+0800: 446734.165: [GC (Allocation Failure) 2023-10-23T21:56:31.884+0800: 446734.165: [ParNew: 8579422K->798599K(9175040K), 0.1466153 secs] 52190879K->44417288K(65798144K), 0.1469370 secs] [Times: user=0.83 sys=1.56, real=0.15 secs] 
2023-10-23T21:57:11.300+0800: 446773.581: [GC (Allocation Failure) 2023-10-23T21:57:11.300+0800: 446773.581: [ParNew: 8662919K->757007K(9175040K), 0.2088584 secs] 52281608K->44382345K(65798144K), 0.2091539 secs] [Times: user=0.54 sys=2.70, real=0.21 secs] 
2023-10-23T21:57:44.320+0800: 446806.601: [GC (Allocation Failure) 2023-10-23T21:57:44.320+0800: 446806.602: [ParNew: 8621327K->723075K(9175040K), 0.2212216 secs] 52246665K->44355061K(65798144K), 0.2215513 secs] [Times: user=1.67 sys=2.06, real=0.22 secs] 
2023-10-23T21:58:16.615+0800: 446838.896: [GC (Allocation Failure) 2023-10-23T21:58:16.615+0800: 446838.896: [ParNew: 8587395K->781393K(9175040K), 0.1463134 secs] 52219381K->44420074K(65798144K), 0.1466778 secs] [Times: user=1.90 sys=0.50, real=0.15 secs] 
2023-10-23T21:58:49.276+0800: 446871.557: [GC (Allocation Failure) 2023-10-23T21:58:49.276+0800: 446871.557: [ParNew: 8645713K->753355K(9175040K), 0.1868828 secs] 52284394K->44398481K(65798144K), 0.1871865 secs] [Times: user=0.38 sys=2.53, real=0.18 secs] 
2023-10-23T21:59:18.757+0800: 446901.038: [GC (Allocation Failure) 2023-10-23T21:59:18.757+0800: 446901.039: [ParNew: 8617675K->745915K(9175040K), 0.1871011 secs] 52262801K->44397529K(65798144K), 0.1874430 secs] [Times: user=1.73 sys=1.41, real=0.18 secs] 
2023-10-23T21:59:52.966+0800: 446935.247: [GC (Allocation Failure) 2023-10-23T21:59:52.966+0800: 446935.247: [ParNew: 8610235K->795620K(9175040K), 0.1664354 secs] 52261849K->44454105K(65798144K), 0.1667454 secs] [Times: user=0.62 sys=1.72, real=0.16 secs] 
2023-10-23T22:00:30.707+0800: 446972.989: [GC (Allocation Failure) 2023-10-23T22:00:30.707+0800: 446972.989: [ParNew: 8659940K->672007K(9175040K), 0.2078667 secs] 52318425K->44337062K(65798144K), 0.2082212 secs] [Times: user=1.70 sys=1.79, real=0.20 secs] 
2023-10-23T22:00:58.556+0800: 447000.837: [GC (Allocation Failure) 2023-10-23T22:00:58.556+0800: 447000.838: [ParNew: 8536327K->739454K(9175040K), 0.1250703 secs] 52201382K->44411495K(65798144K), 0.1254002 secs] [Times: user=1.97 sys=0.05, real=0.12 secs] 
2023-10-23T22:01:30.901+0800: 447033.182: [GC (Allocation Failure) 2023-10-23T22:01:30.901+0800: 447033.182: [ParNew: 8603774K->711390K(9175040K), 0.1885877 secs] 52275815K->44390159K(65798144K), 0.1888928 secs] [Times: user=1.75 sys=1.40, real=0.19 secs] 
2023-10-23T22:01:58.981+0800: 447061.262: [GC (Allocation Failure) 2023-10-23T22:01:58.981+0800: 447061.262: [ParNew: 8575710K->710212K(9175040K), 0.2257076 secs] 52254479K->44395129K(65798144K), 0.2260549 secs] [Times: user=1.76 sys=2.04, real=0.23 secs] 
2023-10-23T22:02:32.820+0800: 447095.101: [GC (Allocation Failure) 2023-10-23T22:02:32.820+0800: 447095.101: [ParNew: 8574532K->841107K(9175040K), 0.1506624 secs] 52259449K->44532355K(65798144K), 0.1510648 secs] [Times: user=0.73 sys=1.76, real=0.15 secs] 
2023-10-23T22:03:00.963+0800: 447123.244: [GC (Allocation Failure) 2023-10-23T22:03:00.963+0800: 447123.244: [ParNew: 8705427K->780978K(9175040K), 0.2037977 secs] 52396675K->44478993K(65798144K), 0.2041286 secs] [Times: user=1.81 sys=1.60, real=0.21 secs] 
2023-10-23T22:03:31.271+0800: 447153.552: [GC (Allocation Failure) 2023-10-23T22:03:31.271+0800: 447153.552: [ParNew: 8645298K->731354K(9175040K), 0.1869498 secs] 52343313K->44435747K(65798144K), 0.1873521 secs] [Times: user=0.66 sys=2.47, real=0.19 secs] 
2023-10-23T22:03:59.223+0800: 447181.504: [GC (Allocation Failure) 2023-10-23T22:03:59.223+0800: 447181.504: [ParNew: 8595674K->860026K(9175040K), 0.1619753 secs] 52300067K->44571209K(65798144K), 0.1622776 secs] [Times: user=2.05 sys=0.63, real=0.16 secs] 
2023-10-23T22:04:27.421+0800: 447209.702: [GC (Allocation Failure) 2023-10-23T22:04:27.421+0800: 447209.702: [ParNew: 8724346K->776164K(9175040K), 0.2210469 secs] 52435529K->44494338K(65798144K), 0.2214127 secs] [Times: user=1.65 sys=2.07, real=0.22 secs] 
2023-10-23T22:04:59.389+0800: 447241.670: [GC (Allocation Failure) 2023-10-23T22:04:59.389+0800: 447241.670: [ParNew: 8640484K->843358K(9175040K), 0.1486262 secs] 52358658K->44568982K(65798144K), 0.1489336 secs] [Times: user=1.85 sys=0.57, real=0.15 secs] 
2023-10-23T22:05:34.045+0800: 447276.326: [GC (Allocation Failure) 2023-10-23T22:05:34.045+0800: 447276.326: [ParNew: 8707678K->785804K(9175040K), 0.2039633 secs] 52433302K->44518028K(65798144K), 0.2042656 secs] [Times: user=0.56 sys=2.04, real=0.21 secs] 
2023-10-23T22:06:00.575+0800: 447302.856: [GC (Allocation Failure) 2023-10-23T22:06:00.575+0800: 447302.857: [ParNew: 8650124K->790797K(9175040K), 0.1297697 secs] 52382348K->44529548K(65798144K), 0.1302532 secs] [Times: user=0.91 sys=1.19, real=0.13 secs] 
2023-10-23T22:06:25.696+0800: 447327.978: [GC (Allocation Failure) 2023-10-23T22:06:25.697+0800: 447327.978: [ParNew: 8655117K->893130K(9175040K), 0.1843354 secs] 52393868K->44638417K(65798144K), 0.1846560 secs] [Times: user=1.69 sys=1.39, real=0.18 secs] 
2023-10-23T22:06:50.682+0800: 447352.964: [GC (Allocation Failure) 2023-10-23T22:06:50.683+0800: 447352.964: [ParNew: 8757450K->838849K(9175040K), 0.1260239 secs] 52502737K->44590553K(65798144K), 0.1263611 secs] [Times: user=2.23 sys=0.00, real=0.13 secs] 
2023-10-23T22:07:22.000+0800: 447384.281: [GC (Allocation Failure) 2023-10-23T22:07:22.000+0800: 447384.281: [ParNew: 8703169K->856890K(9175040K), 0.2081350 secs] 52454873K->44615230K(65798144K), 0.2084587 secs] [Times: user=0.45 sys=3.06, real=0.21 secs] 
2023-10-23T22:07:53.958+0800: 447416.239: [GC (Allocation Failure) 2023-10-23T22:07:53.958+0800: 447416.239: [ParNew: 8721210K->777137K(9175040K), 0.2076990 secs] 52479550K->44542374K(65798144K), 0.2080649 secs] [Times: user=0.41 sys=2.45, real=0.21 secs] 
2023-10-23T22:08:24.313+0800: 447446.594: [GC (Allocation Failure) 2023-10-23T22:08:24.313+0800: 447446.595: [ParNew: 8641457K->845582K(9175040K), 0.1382956 secs] 52406694K->44616986K(65798144K), 0.1386073 secs] [Times: user=2.06 sys=0.18, real=0.14 secs] 
2023-10-23T22:09:00.465+0800: 447482.746: [GC (Allocation Failure) 2023-10-23T22:09:00.465+0800: 447482.747: [ParNew: 8709902K->847054K(9175040K), 0.2029672 secs] 52481306K->44624968K(65798144K), 0.2032606 secs] [Times: user=1.67 sys=1.73, real=0.21 secs] 
2023-10-23T22:09:33.906+0800: 447516.188: [GC (Allocation Failure) 2023-10-23T22:09:33.907+0800: 447516.188: [ParNew: 8711374K->737566K(9175040K), 0.2227710 secs] 52489288K->44521659K(65798144K), 0.2230715 secs] [Times: user=1.82 sys=1.95, real=0.22 secs] 
2023-10-23T22:10:07.415+0800: 447549.696: [GC (Allocation Failure) 2023-10-23T22:10:07.415+0800: 447549.696: [ParNew: 8601886K->822923K(9175040K), 0.1478764 secs] 52385979K->44613651K(65798144K), 0.1481865 secs] [Times: user=0.80 sys=1.62, real=0.15 secs] 
2023-10-23T22:10:35.410+0800: 447577.692: [GC (Allocation Failure) 2023-10-23T22:10:35.411+0800: 447577.692: [ParNew: 8687243K->788719K(9175040K), 0.1956972 secs] 52477971K->44585639K(65798144K), 0.1959941 secs] [Times: user=1.81 sys=1.46, real=0.20 secs] 
2023-10-23T22:11:05.337+0800: 447607.619: [GC (Allocation Failure) 2023-10-23T22:11:05.338+0800: 447607.619: [ParNew: 8653039K->826842K(9175040K), 0.2039098 secs] 52449959K->44630175K(65798144K), 0.2042852 secs] [Times: user=1.92 sys=1.51, real=0.20 secs] 
2023-10-23T22:11:36.385+0800: 447638.666: [GC (Allocation Failure) 2023-10-23T22:11:36.385+0800: 447638.666: [ParNew: 8691162K->852069K(9175040K), 0.1650287 secs] 52494495K->44661655K(65798144K), 0.1653625 secs] [Times: user=1.91 sys=0.82, real=0.17 secs] 
2023-10-23T22:12:08.191+0800: 447670.472: [GC (Allocation Failure) 2023-10-23T22:12:08.191+0800: 447670.472: [ParNew: 8716389K->744174K(9175040K), 0.2187333 secs] 52525975K->44560004K(65798144K), 0.2191006 secs] [Times: user=0.54 sys=3.14, real=0.22 secs] 
2023-10-23T22:12:36.906+0800: 447699.187: [GC (Allocation Failure) 2023-10-23T22:12:36.906+0800: 447699.187: [ParNew: 8608494K->829236K(9175040K), 0.1348442 secs] 52424324K->44651978K(65798144K), 0.1351853 secs] [Times: user=1.94 sys=0.24, real=0.13 secs] 
2023-10-23T22:13:09.192+0800: 447731.473: [GC (Allocation Failure) 2023-10-23T22:13:09.192+0800: 447731.473: [ParNew: 8693556K->770954K(9175040K), 0.2012957 secs] 52516298K->44600332K(65798144K), 0.2016316 secs] [Times: user=1.73 sys=1.64, real=0.20 secs] 
2023-10-23T22:13:40.534+0800: 447762.815: [GC (Allocation Failure) 2023-10-23T22:13:40.534+0800: 447762.816: [ParNew: 8635274K->769822K(9175040K), 0.2354212 secs] 52464652K->44605691K(65798144K), 0.2357436 secs] [Times: user=1.74 sys=2.23, real=0.24 secs] 
2023-10-23T22:14:08.518+0800: 447790.799: [GC (Allocation Failure) 2023-10-23T22:14:08.518+0800: 447790.799: [ParNew: 8634142K->799696K(9175040K), 0.1440843 secs] 52470011K->44641742K(65798144K), 0.1444279 secs] [Times: user=0.73 sys=1.62, real=0.14 secs] 
2023-10-23T22:14:34.981+0800: 447817.263: [GC (Allocation Failure) 2023-10-23T22:14:34.982+0800: 447817.263: [ParNew: 8664016K->780484K(9175040K), 0.1980059 secs] 52506062K->44629336K(65798144K), 0.1983627 secs] [Times: user=0.54 sys=2.77, real=0.20 secs] 
2023-10-23T22:15:01.184+0800: 447843.465: [GC (Allocation Failure) 2023-10-23T22:15:01.184+0800: 447843.465: [ParNew: 8644804K->888694K(9175040K), 0.1398127 secs] 52493656K->44744526K(65798144K), 0.1401263 secs] [Times: user=0.82 sys=1.44, real=0.14 secs] 
2023-10-23T22:15:26.395+0800: 447868.676: [GC (Allocation Failure) 2023-10-23T22:15:26.395+0800: 447868.676: [ParNew: 8753014K->806041K(9175040K), 0.1844243 secs] 52608846K->44668517K(65798144K), 0.1848154 secs] [Times: user=1.73 sys=1.36, real=0.19 secs] 
2023-10-23T22:15:54.580+0800: 447896.861: [GC (Allocation Failure) 2023-10-23T22:15:54.580+0800: 447896.861: [ParNew: 8670361K->814279K(9175040K), 0.1722963 secs] 52532837K->44683601K(65798144K), 0.1727682 secs] [Times: user=0.51 sys=2.35, real=0.17 secs] 
2023-10-23T22:16:28.059+0800: 447930.340: [GC (Allocation Failure) 2023-10-23T22:16:28.059+0800: 447930.340: [ParNew: 8678599K->912142K(9175040K), 0.1619688 secs] 52547921K->44788593K(65798144K), 0.1622778 secs] [Times: user=1.99 sys=0.69, real=0.16 secs] 
2023-10-23T22:16:56.807+0800: 447959.088: [GC (Allocation Failure) 2023-10-23T22:16:56.807+0800: 447959.088: [ParNew: 8776462K->743715K(9175040K), 0.2121464 secs] 52652913K->44626972K(65798144K), 0.2124864 secs] [Times: user=1.72 sys=1.85, real=0.21 secs] 
2023-10-23T22:17:24.707+0800: 447986.988: [GC (Allocation Failure) 2023-10-23T22:17:24.707+0800: 447986.988: [ParNew: 8608035K->844473K(9175040K), 0.1408695 secs] 52491292K->44734786K(65798144K), 0.1412342 secs] [Times: user=0.79 sys=1.49, real=0.14 secs] 
2023-10-23T22:17:54.601+0800: 448016.882: [GC (Allocation Failure) 2023-10-23T22:17:54.601+0800: 448016.882: [ParNew: 8708793K->748205K(9175040K), 0.2005177 secs] 52599106K->44645033K(65798144K), 0.2008564 secs] [Times: user=1.68 sys=1.67, real=0.20 secs] 
2023-10-23T22:18:22.617+0800: 448044.899: [GC (Allocation Failure) 2023-10-23T22:18:22.618+0800: 448044.899: [ParNew: 8612525K->817553K(9175040K), 0.1477153 secs] 52509353K->44721032K(65798144K), 0.1480990 secs] [Times: user=2.14 sys=0.29, real=0.14 secs] 
2023-10-23T22:18:50.710+0800: 448072.992: [GC (Allocation Failure) 2023-10-23T22:18:50.711+0800: 448072.992: [ParNew: 8681873K->825776K(9175040K), 0.1973036 secs] 52585352K->44735940K(65798144K), 0.1976149 secs] [Times: user=1.75 sys=1.54, real=0.20 secs] 
2023-10-23T22:19:16.721+0800: 448099.002: [GC (Allocation Failure) 2023-10-23T22:19:16.721+0800: 448099.003: [ParNew: 8690096K->861811K(9175040K), 0.2071499 secs] 52600260K->44778753K(65798144K), 0.2075341 secs] [Times: user=2.16 sys=1.53, real=0.21 secs] 
2023-10-23T22:19:41.493+0800: 448123.774: [GC (Allocation Failure) 2023-10-23T22:19:41.493+0800: 448123.775: [ParNew: 8726131K->898463K(9175040K), 0.1507609 secs] 52643073K->44821758K(65798144K), 0.1511175 secs] [Times: user=1.87 sys=0.61, real=0.15 secs] 
2023-10-23T22:20:06.505+0800: 448148.786: [GC (Allocation Failure) 2023-10-23T22:20:06.505+0800: 448148.786: [ParNew: 8762783K->836191K(9175040K), 0.2198289 secs] 52686078K->44766080K(65798144K), 0.2202638 secs] [Times: user=2.03 sys=1.65, real=0.22 secs] 
2023-10-23T22:20:31.275+0800: 448173.557: [GC (Allocation Failure) 2023-10-23T22:20:31.276+0800: 448173.557: [ParNew: 8700511K->905759K(9175040K), 0.1443623 secs] 52630400K->44842483K(65798144K), 0.1447347 secs] [Times: user=0.81 sys=1.54, real=0.15 secs] 
2023-10-23T22:20:55.782+0800: 448198.064: [GC (Allocation Failure) 2023-10-23T22:20:55.783+0800: 448198.064: [ParNew: 8770079K->841737K(9175040K), 0.2316958 secs] 52706803K->44784869K(65798144K), 0.2321172 secs] [Times: user=1.89 sys=2.02, real=0.23 secs] 
2023-10-23T22:21:20.605+0800: 448222.886: [GC (Allocation Failure) 2023-10-23T22:21:20.605+0800: 448222.886: [ParNew: 8706057K->918369K(9175040K), 0.1411161 secs] 52649189K->44867742K(65798144K), 0.1414833 secs] [Times: user=2.01 sys=0.26, real=0.15 secs] 
2023-10-23T22:21:47.635+0800: 448249.917: [GC (Allocation Failure) 2023-10-23T22:21:47.636+0800: 448249.917: [ParNew: 8782689K->863482K(9175040K), 0.2224302 secs] 52732062K->44819080K(65798144K), 0.2228383 secs] [Times: user=0.67 sys=3.09, real=0.23 secs] 
2023-10-23T22:22:14.475+0800: 448276.756: [GC (Allocation Failure) 2023-10-23T22:22:14.475+0800: 448276.756: [ParNew: 8727802K->940050K(9175040K), 0.1436718 secs] 52683400K->44901926K(65798144K), 0.1439981 secs] [Times: user=1.95 sys=0.40, real=0.15 secs] 
2023-10-23T22:22:44.619+0800: 448306.900: [GC (Allocation Failure) 2023-10-23T22:22:44.619+0800: 448306.900: [ParNew: 8804370K->840723K(9175040K), 0.2082431 secs] 52766246K->44808856K(65798144K), 0.2086257 secs] [Times: user=1.74 sys=1.75, real=0.21 secs] 
2023-10-23T22:23:10.478+0800: 448332.759: [GC (Allocation Failure) 2023-10-23T22:23:10.478+0800: 448332.759: [ParNew: 8705043K->912859K(9175040K), 0.1393972 secs] 52673176K->44888128K(65798144K), 0.1397298 secs] [Times: user=2.03 sys=0.23, real=0.14 secs] 
2023-10-23T22:23:36.650+0800: 448358.932: [GC (Allocation Failure) 2023-10-23T22:23:36.651+0800: 448358.932: [ParNew: 8777179K->845567K(9175040K), 0.2041355 secs] 52752448K->44827233K(65798144K), 0.2044940 secs] [Times: user=1.91 sys=1.51, real=0.20 secs] 
2023-10-23T22:24:05.062+0800: 448387.343: [GC (Allocation Failure) 2023-10-23T22:24:05.062+0800: 448387.343: [ParNew: 8709887K->888731K(9175040K), 0.1949877 secs] 52691553K->44876770K(65798144K), 0.1953456 secs] [Times: user=1.93 sys=1.34, real=0.20 secs] 
2023-10-23T22:24:34.552+0800: 448416.833: [GC (Allocation Failure) 2023-10-23T22:24:34.552+0800: 448416.833: [ParNew: 8753051K->994728K(9175040K), 0.1638915 secs] 52741090K->44989347K(65798144K), 0.1642089 secs] [Times: user=1.90 sys=0.81, real=0.17 secs] 
2023-10-23T22:25:02.698+0800: 448444.979: [GC (Allocation Failure) 2023-10-23T22:25:02.698+0800: 448444.979: [ParNew: 8859048K->878071K(9175040K), 0.2196132 secs] 52853667K->44879144K(65798144K), 0.2199886 secs] [Times: user=1.81 sys=1.89, real=0.22 secs] 
2023-10-23T22:25:29.924+0800: 448472.205: [GC (Allocation Failure) 2023-10-23T22:25:29.924+0800: 448472.206: [ParNew: 8742391K->906816K(9175040K), 0.1402623 secs] 52743464K->44914326K(65798144K), 0.1406304 secs] [Times: user=0.85 sys=0.95, real=0.14 secs] 
2023-10-23T22:25:54.700+0800: 448496.981: [GC (Allocation Failure) 2023-10-23T22:25:54.700+0800: 448496.981: [ParNew: 8771136K->831764K(9175040K), 0.1997594 secs] 52778646K->44845641K(65798144K), 0.2000968 secs] [Times: user=1.83 sys=1.50, real=0.20 secs] 
2023-10-23T22:26:18.918+0800: 448521.199: [GC (Allocation Failure) 2023-10-23T22:26:18.918+0800: 448521.199: [ParNew: 8696084K->898991K(9175040K), 0.1369016 secs] 52709961K->44919205K(65798144K), 0.1373257 secs] [Times: user=1.99 sys=0.21, real=0.13 secs] 
2023-10-23T22:26:42.595+0800: 448544.876: [GC (Allocation Failure) 2023-10-23T22:26:42.595+0800: 448544.876: [ParNew: 8763311K->845919K(9175040K), 0.1813701 secs] 52783525K->44872312K(65798144K), 0.1818042 secs] [Times: user=1.66 sys=1.35, real=0.19 secs] 
2023-10-23T22:27:05.859+0800: 448568.140: [GC (Allocation Failure) 2023-10-23T22:27:05.859+0800: 448568.140: [ParNew: 8710239K->879784K(9175040K), 0.1366149 secs] 52736632K->44912350K(65798144K), 0.1369946 secs] [Times: user=1.02 sys=1.18, real=0.14 secs] 
2023-10-23T22:27:28.975+0800: 448591.256: [GC (Allocation Failure) 2023-10-23T22:27:28.975+0800: 448591.256: [ParNew: 8744104K->854387K(9175040K), 0.1917786 secs] 52776670K->44893022K(65798144K), 0.1921808 secs] [Times: user=1.74 sys=1.45, real=0.20 secs] 
2023-10-23T22:27:53.019+0800: 448615.300: [GC (Allocation Failure) 2023-10-23T22:27:53.019+0800: 448615.300: [ParNew: 8718707K->900661K(9175040K), 0.1322752 secs] 52757342K->44945472K(65798144K), 0.1327001 secs] [Times: user=2.15 sys=0.00, real=0.13 secs] 
2023-10-23T22:28:16.081+0800: 448638.363: [GC (Allocation Failure) 2023-10-23T22:28:16.082+0800: 448638.363: [ParNew: 8764981K->910805K(9175040K), 0.1979360 secs] 52809792K->44961972K(65798144K), 0.1983182 secs] [Times: user=1.80 sys=1.50, real=0.20 secs] 
2023-10-23T22:28:40.071+0800: 448662.352: [GC (Allocation Failure) 2023-10-23T22:28:40.071+0800: 448662.352: [ParNew: 8775125K->882695K(9175040K), 0.1734338 secs] 52826292K->44940287K(65798144K), 0.1738144 secs] [Times: user=1.99 sys=0.88, real=0.17 secs] 
2023-10-23T22:29:03.578+0800: 448685.860: [GC (Allocation Failure) 2023-10-23T22:29:03.579+0800: 448685.860: [ParNew: 8747015K->958090K(9175040K), 0.1518900 secs] 52804607K->45022640K(65798144K), 0.1522568 secs] [Times: user=1.95 sys=0.65, real=0.15 secs] 
2023-10-23T22:29:27.150+0800: 448709.432: [GC (Allocation Failure) 2023-10-23T22:29:27.151+0800: 448709.432: [ParNew: 8822410K->861295K(9175040K), 0.1654292 secs] 52886960K->44931957K(65798144K), 0.1658036 secs] [Times: user=0.78 sys=1.94, real=0.17 secs] 
2023-10-23T22:29:51.207+0800: 448733.488: [GC (Allocation Failure) 2023-10-23T22:29:51.207+0800: 448733.488: [ParNew: 8725615K->978968K(9175040K), 0.1545405 secs] 52796277K->45056267K(65798144K), 0.1549060 secs] [Times: user=1.98 sys=0.56, real=0.15 secs] 
2023-10-23T22:30:13.431+0800: 448755.713: [GC (Allocation Failure) 2023-10-23T22:30:13.432+0800: 448755.713: [ParNew: 8843288K->989527K(9175040K), 0.1263151 secs] 52920587K->45079731K(65798144K), 0.1267124 secs] [Times: user=2.26 sys=0.00, real=0.13 secs] 
2023-10-23T22:30:37.080+0800: 448779.361: [GC (Allocation Failure) 2023-10-23T22:30:37.080+0800: 448779.361: [ParNew: 8853847K->995261K(9175040K), 0.1934400 secs] 52944051K->45098604K(65798144K), 0.1938256 secs] [Times: user=1.70 sys=1.49, real=0.19 secs] 
2023-10-23T22:31:01.793+0800: 448804.074: [GC (Allocation Failure) 2023-10-23T22:31:01.793+0800: 448804.074: [ParNew: 8859581K->919320K(9175040K), 0.1779946 secs] 52962924K->45028914K(65798144K), 0.1784389 secs] [Times: user=1.95 sys=1.00, real=0.18 secs] 
2023-10-23T22:31:24.794+0800: 448827.075: [GC (Allocation Failure) 2023-10-23T22:31:24.794+0800: 448827.076: [ParNew: 8783640K->996027K(9175040K), 0.1538396 secs] 52893234K->45111905K(65798144K), 0.1541967 secs] [Times: user=1.96 sys=0.56, real=0.16 secs] 
2023-10-23T22:31:49.292+0800: 448851.573: [GC (Allocation Failure) 2023-10-23T22:31:49.292+0800: 448851.574: [ParNew: 8860347K->923087K(9175040K), 0.1752124 secs] 52976225K->45045050K(65798144K), 0.1756505 secs] [Times: user=1.84 sys=1.05, real=0.18 secs] 
2023-10-23T22:32:12.487+0800: 448874.768: [GC (Allocation Failure) 2023-10-23T22:32:12.487+0800: 448874.769: [ParNew: 8787407K->998087K(9175040K), 0.1560223 secs] 52909370K->45126017K(65798144K), 0.1564366 secs] [Times: user=1.95 sys=0.61, real=0.15 secs] 
2023-10-23T22:32:36.241+0800: 448898.522: [GC (Allocation Failure) 2023-10-23T22:32:36.241+0800: 448898.523: [ParNew: 8862407K->924648K(9175040K), 0.1961776 secs] 52990337K->45058325K(65798144K), 0.1965693 secs] [Times: user=0.95 sys=2.26, real=0.20 secs] 
2023-10-23T22:32:59.784+0800: 448922.065: [GC (Allocation Failure) 2023-10-23T22:32:59.784+0800: 448922.065: [ParNew: 8788968K->999489K(9175040K), 0.1606017 secs] 52922645K->45138920K(65798144K), 0.1609675 secs] [Times: user=1.94 sys=0.72, real=0.16 secs] 
2023-10-23T22:33:23.744+0800: 448946.026: [GC (Allocation Failure) 2023-10-23T22:33:23.745+0800: 448946.026: [ParNew: 8863809K->890533K(9175040K), 0.2035664 secs] 53003240K->45036569K(65798144K), 0.2039941 secs] [Times: user=2.16 sys=1.23, real=0.21 secs] 
2023-10-23T22:33:47.271+0800: 448969.553: [GC (Allocation Failure) 2023-10-23T22:33:47.272+0800: 448969.553: [ParNew: 8754853K->1038483K(9175040K), 0.1616733 secs] 52900889K->45190283K(65798144K), 0.1621087 secs] [Times: user=0.74 sys=1.93, real=0.16 secs] 
2023-10-23T22:34:11.250+0800: 448993.531: [GC (Allocation Failure) 2023-10-23T22:34:11.250+0800: 448993.532: [ParNew: 8902803K->928628K(9175040K), 0.1911530 secs] 53054603K->45086384K(65798144K), 0.1915680 secs] [Times: user=1.96 sys=1.21, real=0.19 secs] 
2023-10-23T22:34:35.366+0800: 449017.647: [GC (Allocation Failure) 2023-10-23T22:34:35.366+0800: 449017.647: [ParNew: 8792948K->1000588K(9175040K), 0.1608329 secs] 52950704K->45164423K(65798144K), 0.1612080 secs] [Times: user=0.73 sys=1.93, real=0.16 secs] 
2023-10-23T22:35:03.114+0800: 449045.395: [GC (Allocation Failure) 2023-10-23T22:35:03.114+0800: 449045.395: [ParNew: 8864908K->925424K(9175040K), 0.2339312 secs] 53028743K->45095330K(65798144K), 0.2342797 secs] [Times: user=1.88 sys=2.07, real=0.24 secs] 
2023-10-23T22:35:29.152+0800: 449071.434: [GC (Allocation Failure) 2023-10-23T22:35:29.153+0800: 449071.434: [ParNew: 8789744K->954362K(9175040K), 0.1381523 secs] 52959650K->45130423K(65798144K), 0.1384943 secs] [Times: user=0.92 sys=1.31, real=0.14 secs] 
2023-10-23T22:35:53.888+0800: 449096.169: [GC (Allocation Failure) 2023-10-23T22:35:53.888+0800: 449096.169: [ParNew: 8818682K->912194K(9175040K), 0.1996260 secs] 52994743K->45094381K(65798144K), 0.1999576 secs] [Times: user=0.64 sys=2.48, real=0.20 secs] 
2023-10-23T22:36:18.383+0800: 449120.664: [GC (Allocation Failure) 2023-10-23T22:36:18.383+0800: 449120.664: [ParNew: 8776514K->985037K(9175040K), 0.1368107 secs] 52958701K->45173317K(65798144K), 0.1371996 secs] [Times: user=2.04 sys=0.18, real=0.14 secs] 
2023-10-23T22:36:43.220+0800: 449145.501: [GC (Allocation Failure) 2023-10-23T22:36:43.220+0800: 449145.502: [ParNew: 8849357K->872175K(9175040K), 0.1889844 secs] 53037637K->45060455K(65798144K), 0.1893431 secs] [Times: user=1.67 sys=1.52, real=0.19 secs] 
2023-10-23T22:37:09.253+0800: 449171.534: [GC (Allocation Failure) 2023-10-23T22:37:09.253+0800: 449171.535: [ParNew: 8736495K->948166K(9175040K), 0.1426529 secs] 52924775K->45142211K(65798144K), 0.1430378 secs] [Times: user=0.89 sys=1.43, real=0.15 secs] 
2023-10-23T22:37:37.044+0800: 449199.326: [GC (Allocation Failure) 2023-10-23T22:37:37.045+0800: 449199.326: [ParNew: 8812486K->944545K(9175040K), 0.1889996 secs] 53006531K->45138590K(65798144K), 0.1893579 secs] [Times: user=1.71 sys=1.47, real=0.19 secs] 
2023-10-23T22:38:05.747+0800: 449228.028: [GC (Allocation Failure) 2023-10-23T22:38:05.747+0800: 449228.028: [ParNew: 8808865K->943944K(9175040K), 0.1809532 secs] 53002910K->45143811K(65798144K), 0.1813512 secs] [Times: user=1.78 sys=1.25, real=0.18 secs] 
2023-10-23T22:38:35.420+0800: 449257.701: [GC (Allocation Failure) 2023-10-23T22:38:35.420+0800: 449257.701: [ParNew: 8808264K->970441K(9175040K), 0.1613425 secs] 53008131K->45176075K(65798144K), 0.1616752 secs] [Times: user=0.77 sys=1.90, real=0.16 secs] 
2023-10-23T22:39:06.702+0800: 449288.983: [GC (Allocation Failure) 2023-10-23T22:39:06.702+0800: 449288.983: [ParNew: 8834761K->885430K(9175040K), 0.2087707 secs] 53040395K->45096834K(65798144K), 0.2091151 secs] [Times: user=1.63 sys=1.87, real=0.21 secs] 
2023-10-23T22:39:37.858+0800: 449320.139: [GC (Allocation Failure) 2023-10-23T22:39:37.858+0800: 449320.139: [ParNew: 8749750K->905478K(9175040K), 0.1399325 secs] 52961154K->45122680K(65798144K), 0.1402267 secs] [Times: user=2.05 sys=0.22, real=0.14 secs] 
2023-10-23T22:40:13.844+0800: 449356.125: [GC (Allocation Failure) 2023-10-23T22:40:13.844+0800: 449356.125: [ParNew: 8769798K->821232K(9175040K), 0.2022693 secs] 52987000K->45044305K(65798144K), 0.2026161 secs] [Times: user=1.59 sys=1.80, real=0.21 secs] 
2023-10-23T22:40:49.284+0800: 449391.566: [GC (Allocation Failure) 2023-10-23T22:40:49.284+0800: 449391.566: [ParNew: 8685552K->837216K(9175040K), 0.2090102 secs] 52908625K->45066072K(65798144K), 0.2093357 secs] [Times: user=1.64 sys=2.08, real=0.21 secs] 
2023-10-23T22:41:17.286+0800: 449419.567: [GC (Allocation Failure) 2023-10-23T22:41:17.286+0800: 449419.567: [ParNew: 8701536K->845674K(9175040K), 0.1378618 secs] 52930392K->45080366K(65798144K), 0.1382098 secs] [Times: user=1.93 sys=0.30, real=0.14 secs] 
2023-10-23T22:41:42.428+0800: 449444.709: [GC (Allocation Failure) 2023-10-23T22:41:42.428+0800: 449444.709: [ParNew: 8709994K->829991K(9175040K), 0.1947059 secs] 52944686K->45070777K(65798144K), 0.1950333 secs] [Times: user=1.73 sys=1.50, real=0.19 secs] 
2023-10-23T22:42:09.315+0800: 449471.596: [GC (Allocation Failure) 2023-10-23T22:42:09.315+0800: 449471.596: [ParNew: 8694311K->826209K(9175040K), 0.1371550 secs] 52935097K->45073473K(65798144K), 0.1374828 secs] [Times: user=0.82 sys=1.41, real=0.14 secs] 
2023-10-23T22:42:37.167+0800: 449499.449: [GC (Allocation Failure) 2023-10-23T22:42:37.168+0800: 449499.449: [ParNew: 8690529K->791600K(9175040K), 0.1874398 secs] 52937793K->45045191K(65798144K), 0.1877594 secs] [Times: user=1.65 sys=1.48, real=0.18 secs] 
2023-10-23T22:43:02.152+0800: 449524.433: [GC (Allocation Failure) 2023-10-23T22:43:02.152+0800: 449524.433: [ParNew: 8655920K->823049K(9175040K), 0.1255107 secs] 52909511K->45082798K(65798144K), 0.1258961 secs] [Times: user=2.02 sys=0.00, real=0.13 secs] 
2023-10-23T22:43:25.997+0800: 449548.278: [GC (Allocation Failure) 2023-10-23T22:43:25.997+0800: 449548.278: [ParNew: 8687369K->830297K(9175040K), 0.1834171 secs] 52947118K->45096199K(65798144K), 0.1837690 secs] [Times: user=1.75 sys=1.30, real=0.18 secs] 
2023-10-23T22:43:51.324+0800: 449573.605: [GC (Allocation Failure) 2023-10-23T22:43:51.324+0800: 449573.606: [ParNew: 8694617K->810316K(9175040K), 0.1297942 secs] 52960519K->45082393K(65798144K), 0.1301560 secs] [Times: user=2.12 sys=0.00, real=0.13 secs] 
2023-10-23T22:44:18.235+0800: 449600.517: [GC (Allocation Failure) 2023-10-23T22:44:18.236+0800: 449600.517: [ParNew: 8674636K->789221K(9175040K), 0.2032756 secs] 52946713K->45067751K(65798144K), 0.2036596 secs] [Times: user=1.77 sys=1.62, real=0.21 secs] 
2023-10-23T22:44:46.633+0800: 449628.914: [GC (Allocation Failure) 2023-10-23T22:44:46.633+0800: 449628.915: [ParNew: 8653541K->796217K(9175040K), 0.2125133 secs] 52932071K->45081293K(65798144K), 0.2128853 secs] [Times: user=1.71 sys=1.85, real=0.22 secs] 
2023-10-23T22:45:11.459+0800: 449653.741: [GC (Allocation Failure) 2023-10-23T22:45:11.460+0800: 449653.741: [ParNew: 8660537K->869921K(9175040K), 0.1527797 secs] 52945613K->45162027K(65798144K), 0.1531157 secs] [Times: user=1.98 sys=0.53, real=0.15 secs] 
2023-10-23T22:45:40.554+0800: 449682.835: [GC (Allocation Failure) 2023-10-23T22:45:40.554+0800: 449682.835: [ParNew: 8734241K->855051K(9175040K), 0.2231836 secs] 53026347K->45153844K(65798144K), 0.2235613 secs] [Times: user=1.73 sys=2.03, real=0.23 secs] 
2023-10-23T22:46:10.581+0800: 449712.862: [GC (Allocation Failure) 2023-10-23T22:46:10.581+0800: 449712.863: [ParNew: 8719371K->905543K(9175040K), 0.1499828 secs] 53018164K->45211212K(65798144K), 0.1503267 secs] [Times: user=2.00 sys=0.44, real=0.15 secs] 
2023-10-23T22:46:38.016+0800: 449740.297: [GC (Allocation Failure) 2023-10-23T22:46:38.016+0800: 449740.297: [ParNew: 8769863K->838073K(9175040K), 0.2007466 secs] 53075532K->45150419K(65798144K), 0.2011180 secs] [Times: user=1.83 sys=1.50, real=0.21 secs] 
2023-10-23T22:47:04.460+0800: 449766.741: [GC (Allocation Failure) 2023-10-23T22:47:04.460+0800: 449766.741: [ParNew: 8702393K->835158K(9175040K), 0.1292766 secs] 53014739K->45154624K(65798144K), 0.1296616 secs] [Times: user=2.04 sys=0.06, real=0.13 secs] 
2023-10-23T22:47:29.434+0800: 449791.715: [GC (Allocation Failure) 2023-10-23T22:47:29.434+0800: 449791.715: [ParNew: 8699478K->869229K(9175040K), 0.1971817 secs] 53018944K->45195759K(65798144K), 0.1975201 secs] [Times: user=1.77 sys=1.53, real=0.20 secs] 
2023-10-23T22:47:55.995+0800: 449818.277: [GC (Allocation Failure) 2023-10-23T22:47:55.996+0800: 449818.277: [ParNew: 8733549K->908974K(9175040K), 0.1966611 secs] 53060079K->45242043K(65798144K), 0.1971004 secs] [Times: user=1.97 sys=1.31, real=0.20 secs] 
2023-10-23T22:48:23.544+0800: 449845.825: [GC (Allocation Failure) 2023-10-23T22:48:23.544+0800: 449845.825: [ParNew: 8773294K->908232K(9175040K), 0.1656986 secs] 53106363K->45247601K(65798144K), 0.1660363 secs] [Times: user=0.82 sys=1.32, real=0.17 secs] 
2023-10-23T22:48:51.175+0800: 449873.457: [GC (Allocation Failure) 2023-10-23T22:48:51.176+0800: 449873.457: [ParNew: 8772552K->832542K(9175040K), 0.2383269 secs] 53111921K->45178389K(65798144K), 0.2387019 secs] [Times: user=2.00 sys=2.03, real=0.24 secs] 
2023-10-23T22:49:26.049+0800: 449908.330: [GC (Allocation Failure) 2023-10-23T22:49:26.049+0800: 449908.330: [ParNew: 8696862K->896406K(9175040K), 0.1526972 secs] 53042709K->45248727K(65798144K), 0.1530338 secs] [Times: user=0.74 sys=1.76, real=0.15 secs] 
2023-10-23T22:49:56.543+0800: 449938.824: [GC (Allocation Failure) 2023-10-23T22:49:56.543+0800: 449938.824: [ParNew: 8760726K->813510K(9175040K), 0.2014543 secs] 53113047K->45172029K(65798144K), 0.2017745 secs] [Times: user=1.65 sys=1.73, real=0.20 secs] 
2023-10-23T22:50:26.307+0800: 449968.588: [GC (Allocation Failure) 2023-10-23T22:50:26.307+0800: 449968.588: [ParNew: 8677830K->841689K(9175040K), 0.2335664 secs] 53036349K->45206281K(65798144K), 0.2338829 secs] [Times: user=1.72 sys=2.23, real=0.23 secs] 
2023-10-23T22:50:53.948+0800: 449996.229: [GC (Allocation Failure) 2023-10-23T22:50:53.948+0800: 449996.229: [ParNew: 8706009K->831115K(9175040K), 0.1481916 secs] 53070601K->45201998K(65798144K), 0.1485557 secs] [Times: user=1.96 sys=0.45, real=0.15 secs] 
2023-10-23T22:51:25.837+0800: 450028.119: [GC (Allocation Failure) 2023-10-23T22:51:25.838+0800: 450028.119: [ParNew: 8695435K->802818K(9175040K), 0.2081876 secs] 53066318K->45180112K(65798144K), 0.2085471 secs] [Times: user=0.54 sys=3.04, real=0.21 secs] 
2023-10-23T22:51:55.598+0800: 450057.879: [GC (Allocation Failure) 2023-10-23T22:51:55.598+0800: 450057.880: [ParNew: 8667138K->829559K(9175040K), 0.1805194 secs] 53044432K->45213472K(65798144K), 0.1808486 secs] [Times: user=1.69 sys=1.32, real=0.18 secs] 
2023-10-23T22:52:25.153+0800: 450087.434: [GC (Allocation Failure) 2023-10-23T22:52:25.153+0800: 450087.434: [ParNew: 8693879K->820859K(9175040K), 0.1574490 secs] 53077792K->45211081K(65798144K), 0.1578424 secs] [Times: user=1.86 sys=0.74, real=0.16 secs] 
2023-10-23T22:52:52.143+0800: 450114.424: [GC (Allocation Failure) 2023-10-23T22:52:52.143+0800: 450114.424: [ParNew: 8685179K->778673K(9175040K), 0.2267683 secs] 53075401K->45175442K(65798144K), 0.2271953 secs] [Times: user=1.84 sys=1.98, real=0.23 secs] 
2023-10-23T22:53:16.227+0800: 450138.509: [GC (Allocation Failure) 2023-10-23T22:53:16.227+0800: 450138.509: [ParNew: 8642993K->775986K(9175040K), 0.1379483 secs] 53039762K->45179531K(65798144K), 0.1382767 secs] [Times: user=2.06 sys=0.32, real=0.13 secs] 
2023-10-23T22:53:40.048+0800: 450162.330: [GC (Allocation Failure) 2023-10-23T22:53:40.048+0800: 450162.330: [ParNew: 8640306K->876652K(9175040K), 0.2093413 secs] 53043851K->45286781K(65798144K), 0.2096782 secs] [Times: user=1.76 sys=1.96, real=0.21 secs] 
2023-10-23T22:54:14.056+0800: 450196.338: [GC (Allocation Failure) 2023-10-23T22:54:14.057+0800: 450196.338: [ParNew: 8740972K->817006K(9175040K), 0.1910776 secs] 53151101K->45233417K(65798144K), 0.1915087 secs] [Times: user=1.63 sys=1.47, real=0.19 secs] 
2023-10-23T22:54:52.842+0800: 450235.124: [GC (Allocation Failure) 2023-10-23T22:54:52.843+0800: 450235.124: [ParNew: 8681326K->879192K(9175040K), 0.1781264 secs] 53097737K->45301781K(65798144K), 0.1784876 secs] [Times: user=1.79 sys=1.13, real=0.18 secs] 
2023-10-23T22:55:31.123+0800: 450273.404: [GC (Allocation Failure) 2023-10-23T22:55:31.123+0800: 450273.404: [ParNew: 8743512K->804209K(9175040K), 0.2110365 secs] 53166101K->45233054K(65798144K), 0.2113417 secs] [Times: user=1.68 sys=1.87, real=0.21 secs] 
2023-10-23T22:55:58.321+0800: 450300.603: [GC (Allocation Failure) 2023-10-23T22:55:58.322+0800: 450300.603: [ParNew: 8668529K->788847K(9175040K), 0.1822807 secs] 53097374K->45224337K(65798144K), 0.1827166 secs] [Times: user=1.74 sys=1.29, real=0.18 secs] 
2023-10-23T22:56:25.575+0800: 450327.856: [GC (Allocation Failure) 2023-10-23T22:56:25.575+0800: 450327.856: [ParNew: 8653167K->881544K(9175040K), 0.1536287 secs] 53088657K->45323448K(65798144K), 0.1539830 secs] [Times: user=1.86 sys=0.66, real=0.16 secs] 
2023-10-23T22:56:53.862+0800: 450356.144: [GC (Allocation Failure) 2023-10-23T22:56:53.863+0800: 450356.144: [ParNew: 8745864K->791096K(9175040K), 0.2203178 secs] 53187768K->45239800K(65798144K), 0.2207084 secs] [Times: user=1.64 sys=2.08, real=0.22 secs] 
2023-10-23T22:57:21.086+0800: 450383.367: [GC (Allocation Failure) 2023-10-23T22:57:21.086+0800: 450383.367: [ParNew: 8655416K->859505K(9175040K), 0.1490087 secs] 53104120K->45314915K(65798144K), 0.1493440 secs] [Times: user=0.78 sys=1.65, real=0.15 secs] 
2023-10-23T22:57:49.023+0800: 450411.305: [GC (Allocation Failure) 2023-10-23T22:57:49.024+0800: 450411.305: [ParNew: 8723825K->831997K(9175040K), 0.1979534 secs] 53179235K->45294207K(65798144K), 0.1983021 secs] [Times: user=1.73 sys=1.57, real=0.20 secs] 
2023-10-23T22:58:13.885+0800: 450436.166: [GC (Allocation Failure) 2023-10-23T22:58:13.885+0800: 450436.167: [ParNew: 8696317K->832955K(9175040K), 0.1305067 secs] 53158527K->45301593K(65798144K), 0.1308518 secs] [Times: user=0.85 sys=1.07, real=0.14 secs] 
2023-10-23T22:58:38.103+0800: 450460.384: [GC (Allocation Failure) 2023-10-23T22:58:38.103+0800: 450460.384: [ParNew: 8697275K->801483K(9175040K), 0.1858686 secs] 53165913K->45276799K(65798144K), 0.1862157 secs] [Times: user=1.69 sys=1.41, real=0.19 secs] 
2023-10-23T22:59:03.811+0800: 450486.092: [GC (Allocation Failure) 2023-10-23T22:59:03.811+0800: 450486.093: [ParNew: 8665803K->831865K(9175040K), 0.1315648 secs] 53141119K->45313899K(65798144K), 0.1319578 secs] [Times: user=2.01 sys=0.11, real=0.13 secs] 
2023-10-23T22:59:28.002+0800: 450510.284: [GC (Allocation Failure) 2023-10-23T22:59:28.003+0800: 450510.284: [ParNew: 8696185K->846380K(9175040K), 0.1862214 secs] 53178219K->45335124K(65798144K), 0.1866051 secs] [Times: user=1.66 sys=1.45, real=0.19 secs] 
2023-10-23T22:59:54.162+0800: 450536.443: [GC (Allocation Failure) 2023-10-23T22:59:54.162+0800: 450536.443: [ParNew: 8710700K->795029K(9175040K), 0.1860386 secs] 53199444K->45290076K(65798144K), 0.1864617 secs] [Times: user=0.68 sys=2.32, real=0.19 secs] 
2023-10-23T23:00:18.932+0800: 450561.213: [GC (Allocation Failure) 2023-10-23T23:00:18.932+0800: 450561.213: [ParNew: 8659349K->986470K(9175040K), 0.1745731 secs] 53154396K->45487667K(65798144K), 0.1749147 secs] [Times: user=2.18 sys=0.72, real=0.18 secs] 
2023-10-23T23:00:44.618+0800: 450586.899: [GC (Allocation Failure) 2023-10-23T23:00:44.618+0800: 450586.899: [ParNew: 8850790K->910791K(9175040K), 0.2461960 secs] 53351987K->45418234K(65798144K), 0.2465455 secs] [Times: user=1.92 sys=2.26, real=0.24 secs] 
2023-10-23T23:01:09.939+0800: 450612.220: [GC (Allocation Failure) 2023-10-23T23:01:09.939+0800: 450612.220: [ParNew: 8775111K->886620K(9175040K), 0.1450116 secs] 53282554K->45400845K(65798144K), 0.1453466 secs] [Times: user=1.02 sys=1.47, real=0.14 secs] 
2023-10-23T23:01:36.087+0800: 450638.368: [GC (Allocation Failure) 2023-10-23T23:01:36.087+0800: 450638.369: [ParNew: 8750940K->921337K(9175040K), 0.2237432 secs] 53265165K->45442846K(65798144K), 0.2241271 secs] [Times: user=1.92 sys=1.53, real=0.22 secs] 
2023-10-23T23:02:01.323+0800: 450663.604: [GC (Allocation Failure) 2023-10-23T23:02:01.323+0800: 450663.604: [ParNew: 8785657K->926693K(9175040K), 0.1467416 secs] 53307166K->45455480K(65798144K), 0.1470589 secs] [Times: user=2.09 sys=0.30, real=0.15 secs] 
2023-10-23T23:02:26.115+0800: 450688.396: [GC (Allocation Failure) 2023-10-23T23:02:26.115+0800: 450688.397: [ParNew: 8791013K->931911K(9175040K), 0.2088561 secs] 53319800K->45467212K(65798144K), 0.2091948 secs] [Times: user=1.83 sys=1.67, real=0.21 secs] 
2023-10-23T23:02:51.056+0800: 450713.337: [GC (Allocation Failure) 2023-10-23T23:02:51.056+0800: 450713.337: [ParNew: 8796231K->902780K(9175040K), 0.1393691 secs] 53331532K->45444533K(65798144K), 0.1396703 secs] [Times: user=0.95 sys=1.33, real=0.14 secs] 
2023-10-23T23:03:14.404+0800: 450736.686: [GC (Allocation Failure) 2023-10-23T23:03:14.404+0800: 450736.686: [ParNew: 8767100K->907752K(9175040K), 0.2061087 secs] 53308853K->45456007K(65798144K), 0.2064951 secs] [Times: user=1.97 sys=1.49, real=0.21 secs] 
2023-10-23T23:03:38.047+0800: 450760.328: [GC (Allocation Failure) 2023-10-23T23:03:38.047+0800: 450760.328: [ParNew: 8772072K->948344K(9175040K), 0.1366834 secs] 53320327K->45503082K(65798144K), 0.1370930 secs] [Times: user=0.98 sys=1.22, real=0.13 secs] 
2023-10-23T23:04:03.236+0800: 450785.518: [GC (Allocation Failure) 2023-10-23T23:04:03.236+0800: 450785.518: [ParNew: 8812664K->876984K(9175040K), 0.2131619 secs] 53367402K->45437887K(65798144K), 0.2135225 secs] [Times: user=1.85 sys=1.71, real=0.21 secs] 
2023-10-23T23:04:33.295+0800: 450815.576: [GC (Allocation Failure) 2023-10-23T23:04:33.295+0800: 450815.576: [ParNew: 8741304K->912512K(9175040K), 0.1437213 secs] 53302207K->45479373K(65798144K), 0.1440449 secs] [Times: user=0.85 sys=1.48, real=0.15 secs] 
2023-10-23T23:05:02.492+0800: 450844.773: [GC (Allocation Failure) 2023-10-23T23:05:02.492+0800: 450844.773: [ParNew: 8776832K->866492K(9175040K), 0.2158967 secs] 53343693K->45439226K(65798144K), 0.2162158 secs] [Times: user=0.64 sys=2.99, real=0.22 secs] 
2023-10-23T23:05:32.516+0800: 450874.797: [GC (Allocation Failure) 2023-10-23T23:05:32.516+0800: 450874.798: [ParNew: 8730812K->875571K(9175040K), 0.2215547 secs] 53303546K->45454219K(65798144K), 0.2218895 secs] [Times: user=1.59 sys=2.13, real=0.22 secs] 
2023-10-23T23:05:57.653+0800: 450899.935: [GC (Allocation Failure) 2023-10-23T23:05:57.654+0800: 450899.935: [ParNew: 8739891K->896087K(9175040K), 0.1436876 secs] 53318539K->45480605K(65798144K), 0.1440821 secs] [Times: user=2.03 sys=0.29, real=0.15 secs] 
2023-10-23T23:06:22.873+0800: 450925.155: [GC (Allocation Failure) 2023-10-23T23:06:22.873+0800: 450925.155: [ParNew: 8760407K->863907K(9175040K), 0.2047164 secs] 53344925K->45454403K(65798144K), 0.2050828 secs] [Times: user=1.71 sys=1.70, real=0.21 secs] 
2023-10-23T23:06:48.615+0800: 450950.896: [GC (Allocation Failure) 2023-10-23T23:06:48.615+0800: 450950.896: [ParNew: 8728227K->862962K(9175040K), 0.1375225 secs] 53318723K->45459620K(65798144K), 0.1378671 secs] [Times: user=0.81 sys=1.43, real=0.14 secs] 
2023-10-23T23:07:14.432+0800: 450976.714: [GC (Allocation Failure) 2023-10-23T23:07:14.433+0800: 450976.714: [ParNew: 8727282K->827815K(9175040K), 0.2115129 secs] 53323940K->45430496K(65798144K), 0.2118506 secs] [Times: user=0.73 sys=2.78, real=0.21 secs] 
2023-10-23T23:07:39.007+0800: 451001.288: [GC (Allocation Failure) 2023-10-23T23:07:39.007+0800: 451001.288: [ParNew: 8692135K->897697K(9175040K), 0.1337221 secs] 53294816K->45506443K(65798144K), 0.1340502 secs] [Times: user=2.06 sys=0.12, real=0.13 secs] 
2023-10-23T23:08:04.149+0800: 451026.431: [GC (Allocation Failure) 2023-10-23T23:08:04.150+0800: 451026.431: [ParNew: 8762017K->829430K(9175040K), 0.2090853 secs] 53370763K->45444637K(65798144K), 0.2094782 secs] [Times: user=1.93 sys=1.58, real=0.21 secs] 
2023-10-23T23:08:30.013+0800: 451052.295: [GC (Allocation Failure) 2023-10-23T23:08:30.014+0800: 451052.295: [ParNew: 8693750K->828575K(9175040K), 0.1386621 secs] 53308957K->45449821K(65798144K), 0.1390134 secs] [Times: user=0.84 sys=1.42, real=0.14 secs] 
2023-10-23T23:09:01.286+0800: 451083.567: [GC (Allocation Failure) 2023-10-23T23:09:01.286+0800: 451083.567: [ParNew: 8692895K->823242K(9175040K), 0.1987289 secs] 53314141K->45450744K(65798144K), 0.1990843 secs] [Times: user=1.76 sys=1.58, real=0.19 secs] 
2023-10-23T23:09:36.903+0800: 451119.184: [GC (Allocation Failure) 2023-10-23T23:09:36.903+0800: 451119.184: [ParNew: 8687562K->845851K(9175040K), 0.2379240 secs] 53315064K->45479606K(65798144K), 0.2382475 secs] [Times: user=1.66 sys=2.16, real=0.24 secs] 
2023-10-23T23:10:10.476+0800: 451152.757: [GC (Allocation Failure) 2023-10-23T23:10:10.476+0800: 451152.757: [ParNew: 8710171K->865227K(9175040K), 0.1560351 secs] 53343926K->45504895K(65798144K), 0.1563754 secs] [Times: user=0.77 sys=1.81, real=0.15 secs] 
2023-10-23T23:10:42.582+0800: 451184.863: [GC (Allocation Failure) 2023-10-23T23:10:42.582+0800: 451184.863: [ParNew: 8729547K->823984K(9175040K), 0.2012235 secs] 53369215K->45469583K(65798144K), 0.2015267 secs] [Times: user=1.72 sys=1.66, real=0.20 secs] 
2023-10-23T23:11:15.084+0800: 451217.366: [GC (Allocation Failure) 2023-10-23T23:11:15.085+0800: 451217.366: [ParNew: 8688304K->849907K(9175040K), 0.2276072 secs] 53333903K->45501708K(65798144K), 0.2279838 secs] [Times: user=1.69 sys=2.16, real=0.23 secs] 
2023-10-23T23:11:45.860+0800: 451248.141: [GC (Allocation Failure) 2023-10-23T23:11:45.860+0800: 451248.142: [ParNew: 8714227K->798564K(9175040K), 0.1448704 secs] 53366028K->45457012K(65798144K), 0.1452568 secs] [Times: user=0.79 sys=1.58, real=0.14 secs] 
2023-10-23T23:12:12.146+0800: 451274.428: [GC (Allocation Failure) 2023-10-23T23:12:12.147+0800: 451274.428: [ParNew: 8662884K->784877K(9175040K), 0.1906428 secs] 53321332K->45450125K(65798144K), 0.1909762 secs] [Times: user=0.60 sys=2.59, real=0.19 secs] 
2023-10-23T23:12:39.373+0800: 451301.655: [GC (Allocation Failure) 2023-10-23T23:12:39.374+0800: 451301.655: [ParNew: 8649197K->748161K(9175040K), 0.1482856 secs] 53314445K->45420051K(65798144K), 0.1487552 secs] [Times: user=2.17 sys=0.26, real=0.15 secs] 
2023-10-23T23:13:05.647+0800: 451327.929: [GC (Allocation Failure) 2023-10-23T23:13:05.647+0800: 451327.929: [ParNew: 8612481K->773872K(9175040K), 0.1979970 secs] 53284371K->45451929K(65798144K), 0.1983108 secs] [Times: user=1.74 sys=1.59, real=0.20 secs] 
2023-10-23T23:13:33.566+0800: 451355.847: [GC (Allocation Failure) 2023-10-23T23:13:33.566+0800: 451355.847: [ParNew: 8638192K->771953K(9175040K), 0.2201449 secs] 53316249K->45456193K(65798144K), 0.2205005 secs] [Times: user=1.66 sys=2.06, real=0.22 secs] 
2023-10-23T23:14:00.980+0800: 451383.261: [GC (Allocation Failure) 2023-10-23T23:14:00.980+0800: 451383.262: [ParNew: 8636273K->798151K(9175040K), 0.1427056 secs] 53320513K->45488612K(65798144K), 0.1430527 secs] [Times: user=1.96 sys=0.38, real=0.14 secs] 
2023-10-23T23:14:33.330+0800: 451415.611: [GC (Allocation Failure) 2023-10-23T23:14:33.330+0800: 451415.611: [ParNew: 8662471K->773478K(9175040K), 0.2277895 secs] 53352932K->45470192K(65798144K), 0.2281992 secs] [Times: user=1.94 sys=1.93, real=0.23 secs] 
2023-10-23T23:15:06.537+0800: 451448.818: [GC (Allocation Failure) 2023-10-23T23:15:06.537+0800: 451448.818: [ParNew: 8637798K->778741K(9175040K), 0.1826998 secs] 53334512K->45481604K(65798144K), 0.1830561 secs] [Times: user=1.73 sys=1.32, real=0.18 secs] 
2023-10-23T23:15:38.965+0800: 451481.246: [GC (Allocation Failure) 2023-10-23T23:15:38.965+0800: 451481.246: [ParNew: 8643061K->876594K(9175040K), 0.1541310 secs] 53345924K->45585615K(65798144K), 0.1544601 secs] [Times: user=1.89 sys=0.66, real=0.16 secs] 
2023-10-23T23:16:06.964+0800: 451509.245: [GC (Allocation Failure) 2023-10-23T23:16:06.964+0800: 451509.246: [ParNew: 8740914K->783927K(9175040K), 0.2205252 secs] 53449935K->45499150K(65798144K), 0.2208959 secs] [Times: user=1.80 sys=1.93, real=0.22 secs] 
2023-10-23T23:16:33.396+0800: 451535.678: [GC (Allocation Failure) 2023-10-23T23:16:33.397+0800: 451535.678: [ParNew: 8648247K->790612K(9175040K), 0.1379030 secs] 53363470K->45512567K(65798144K), 0.1382731 secs] [Times: user=0.81 sys=0.82, real=0.13 secs] 
2023-10-23T23:17:00.881+0800: 451563.162: [GC (Allocation Failure) 2023-10-23T23:17:00.881+0800: 451563.162: [ParNew: 8654932K->800049K(9175040K), 0.2081523 secs] 53376887K->45529112K(65798144K), 0.2085148 secs] [Times: user=0.68 sys=2.81, real=0.21 secs] 
2023-10-23T23:17:29.119+0800: 451591.400: [GC (Allocation Failure) 2023-10-23T23:17:29.119+0800: 451591.401: [ParNew: 8664369K->836851K(9175040K), 0.1354626 secs] 53393432K->45572877K(65798144K), 0.1358081 secs] [Times: user=1.98 sys=0.23, real=0.13 secs] 
2023-10-23T23:17:56.727+0800: 451619.008: [GC (Allocation Failure) 2023-10-23T23:17:56.727+0800: 451619.008: [ParNew: 8701171K->772254K(9175040K), 0.2114421 secs] 53437197K->45515115K(65798144K), 0.2118249 secs] [Times: user=2.04 sys=1.53, real=0.21 secs] 
2023-10-23T23:18:27.200+0800: 451649.481: [GC (Allocation Failure) 2023-10-23T23:18:27.200+0800: 451649.481: [ParNew: 8636574K->770492K(9175040K), 0.2096125 secs] 53379435K->45520094K(65798144K), 0.2099778 secs] [Times: user=1.96 sys=1.57, real=0.21 secs] 
2023-10-23T23:19:01.211+0800: 451683.492: [GC (Allocation Failure) 2023-10-23T23:19:01.211+0800: 451683.493: [ParNew: 8634812K->892199K(9175040K), 0.1691405 secs] 53384414K->45648374K(65798144K), 0.1694663 secs] [Times: user=0.67 sys=2.15, real=0.17 secs] 
2023-10-23T23:19:33.140+0800: 451715.421: [GC (Allocation Failure) 2023-10-23T23:19:33.140+0800: 451715.421: [ParNew: 8756519K->786210K(9175040K), 0.2110901 secs] 53512694K->45548603K(65798144K), 0.2114211 secs] [Times: user=1.75 sys=1.82, real=0.21 secs] 
2023-10-23T23:20:10.337+0800: 451752.618: [GC (Allocation Failure) 2023-10-23T23:20:10.337+0800: 451752.618: [ParNew: 8650530K->753345K(9175040K), 0.2243759 secs] 53412923K->45522041K(65798144K), 0.2248886 secs] [Times: user=1.55 sys=2.26, real=0.22 secs] 
2023-10-23T23:20:43.069+0800: 451785.350: [GC (Allocation Failure) 2023-10-23T23:20:43.069+0800: 451785.350: [ParNew: 8617665K->841681K(9175040K), 0.1630507 secs] 53386361K->45616585K(65798144K), 0.1634104 secs] [Times: user=0.63 sys=1.03, real=0.16 secs] 
2023-10-23T23:21:12.058+0800: 451814.340: [GC (Allocation Failure) 2023-10-23T23:21:12.058+0800: 451814.340: [ParNew: 8706001K->836770K(9175040K), 0.1951242 secs] 53480905K->45617999K(65798144K), 0.1954783 secs] [Times: user=1.76 sys=1.52, real=0.19 secs] 
2023-10-23T23:21:37.228+0800: 451839.509: [GC (Allocation Failure) 2023-10-23T23:21:37.228+0800: 451839.509: [ParNew: 8701090K->800220K(9175040K), 0.1319778 secs] 53482319K->45587673K(65798144K), 0.1323225 secs] [Times: user=2.02 sys=0.12, real=0.13 secs] 
2023-10-23T23:22:00.764+0800: 451863.045: [GC (Allocation Failure) 2023-10-23T23:22:00.764+0800: 451863.045: [ParNew: 8664540K->801700K(9175040K), 0.1880754 secs] 53451993K->45595856K(65798144K), 0.1884555 secs] [Times: user=1.84 sys=1.30, real=0.19 secs] 
2023-10-23T23:22:24.436+0800: 451886.717: [GC (Allocation Failure) 2023-10-23T23:22:24.436+0800: 451886.718: [ParNew: 8666020K->838283K(9175040K), 0.1334024 secs] 53460176K->45639378K(65798144K), 0.1337916 secs] [Times: user=0.99 sys=1.18, real=0.13 secs] 
2023-10-23T23:22:47.857+0800: 451910.138: [GC (Allocation Failure) 2023-10-23T23:22:47.857+0800: 451910.139: [ParNew: 8702603K->784777K(9175040K), 0.2140684 secs] 53503698K->45592779K(65798144K), 0.2144227 secs] [Times: user=0.87 sys=2.36, real=0.21 secs] 
2023-10-23T23:23:11.936+0800: 451934.217: [GC (Allocation Failure) 2023-10-23T23:23:11.936+0800: 451934.218: [ParNew: 8649097K->823530K(9175040K), 0.1327229 secs] 53457099K->45637980K(65798144K), 0.1331027 secs] [Times: user=2.15 sys=0.00, real=0.13 secs] 
2023-10-23T23:23:35.886+0800: 451958.167: [GC (Allocation Failure) 2023-10-23T23:23:35.886+0800: 451958.167: [ParNew: 8687850K->830158K(9175040K), 0.1845728 secs] 53502300K->45650837K(65798144K), 0.1849743 secs] [Times: user=1.84 sys=1.25, real=0.18 secs] 
2023-10-23T23:24:01.207+0800: 451983.488: [GC (Allocation Failure) 2023-10-23T23:24:01.207+0800: 451983.488: [ParNew: 8694478K->843536K(9175040K), 0.1716974 secs] 53515157K->45670982K(65798144K), 0.1720929 secs] [Times: user=1.82 sys=1.04, real=0.17 secs] 
2023-10-23T23:24:30.202+0800: 452012.484: [GC (Allocation Failure) 2023-10-23T23:24:30.203+0800: 452012.484: [ParNew: 8707856K->893563K(9175040K), 0.1589807 secs] 53535302K->45727468K(65798144K), 0.1593317 secs] [Times: user=1.89 sys=0.74, real=0.16 secs] 
2023-10-23T23:25:02.996+0800: 452045.277: [GC (Allocation Failure) 2023-10-23T23:25:02.996+0800: 452045.277: [ParNew: 8757883K->800232K(9175040K), 0.2259587 secs] 53591788K->45640531K(65798144K), 0.2262972 secs] [Times: user=1.74 sys=2.09, real=0.23 secs] 
2023-10-23T23:25:36.467+0800: 452078.749: [GC (Allocation Failure) 2023-10-23T23:25:36.468+0800: 452078.749: [ParNew: 8664552K->875928K(9175040K), 0.1473552 secs] 53504851K->45722937K(65798144K), 0.1477083 secs] [Times: user=2.07 sys=0.35, real=0.14 secs] 
2023-10-23T23:26:05.717+0800: 452107.998: [GC (Allocation Failure) 2023-10-23T23:26:05.717+0800: 452107.998: [ParNew: 8740248K->878774K(9175040K), 0.1974066 secs] 53587257K->45732890K(65798144K), 0.1977299 secs] [Times: user=1.63 sys=1.69, real=0.19 secs] 
2023-10-23T23:26:33.487+0800: 452135.768: [GC (Allocation Failure) 2023-10-23T23:26:33.487+0800: 452135.768: [ParNew: 8743094K->879935K(9175040K), 0.2110807 secs] 53597210K->45740876K(65798144K), 0.2114614 secs] [Times: user=1.67 sys=1.89, real=0.21 secs] 
2023-10-23T23:26:57.671+0800: 452159.952: [GC (Allocation Failure) 2023-10-23T23:26:57.671+0800: 452159.952: [ParNew: 8744255K->875239K(9175040K), 0.1509913 secs] 53605196K->45743351K(65798144K), 0.1513375 secs] [Times: user=2.16 sys=0.32, real=0.15 secs] 
2023-10-23T23:27:22.303+0800: 452184.584: [GC (Allocation Failure) 2023-10-23T23:27:22.303+0800: 452184.585: [ParNew: 8739559K->872871K(9175040K), 0.2097169 secs] 53607671K->45747943K(65798144K), 0.2100817 secs] [Times: user=1.85 sys=1.67, real=0.21 secs] 
2023-10-23T23:27:46.953+0800: 452209.234: [GC (Allocation Failure) 2023-10-23T23:27:46.953+0800: 452209.234: [ParNew: 8737191K->872078K(9175040K), 0.1343288 secs] 53612263K->45753778K(65798144K), 0.1346960 secs] [Times: user=0.85 sys=1.38, real=0.14 secs] 
2023-10-23T23:28:10.766+0800: 452233.047: [GC (Allocation Failure) 2023-10-23T23:28:10.766+0800: 452233.048: [ParNew: 8736398K->838354K(9175040K), 0.2061957 secs] 53618098K->45726283K(65798144K), 0.2065637 secs] [Times: user=1.93 sys=1.54, real=0.20 secs] 
2023-10-23T23:28:35.384+0800: 452257.666: [GC (Allocation Failure) 2023-10-23T23:28:35.385+0800: 452257.666: [ParNew: 8702674K->869845K(9175040K), 0.1350922 secs] 53590603K->45763904K(65798144K), 0.1354551 secs] [Times: user=0.88 sys=1.16, real=0.14 secs] 
2023-10-23T23:29:01.201+0800: 452283.482: [GC (Allocation Failure) 2023-10-23T23:29:01.201+0800: 452283.482: [ParNew: 8734165K->836514K(9175040K), 0.2015833 secs] 53628224K->45736596K(65798144K), 0.2019400 secs] [Times: user=1.98 sys=1.58, real=0.20 secs] 
2023-10-23T23:29:29.075+0800: 452311.356: [GC (Allocation Failure) 2023-10-23T23:29:29.075+0800: 452311.356: [ParNew: 8700834K->867495K(9175040K), 0.1388057 secs] 53600916K->45773635K(65798144K), 0.1391586 secs] [Times: user=2.00 sys=0.28, real=0.14 secs] 
2023-10-23T23:29:57.675+0800: 452339.956: [GC (Allocation Failure) 2023-10-23T23:29:57.675+0800: 452339.956: [ParNew: 8731815K->800769K(9175040K), 0.1988568 secs] 53637955K->45712969K(65798144K), 0.1991957 secs] [Times: user=0.68 sys=2.65, real=0.20 secs] 
2023-10-23T23:30:24.546+0800: 452366.827: [GC (Allocation Failure) 2023-10-23T23:30:24.546+0800: 452366.827: [ParNew: 8665089K->807050K(9175040K), 0.1779387 secs] 53577289K->45725351K(65798144K), 0.1782823 secs] [Times: user=1.79 sys=1.18, real=0.17 secs] 
2023-10-23T23:30:52.913+0800: 452395.194: [GC (Allocation Failure) 2023-10-23T23:30:52.913+0800: 452395.195: [ParNew: 8671370K->920059K(9175040K), 0.1635600 secs] 53589671K->45844616K(65798144K), 0.1638927 secs] [Times: user=1.95 sys=0.76, real=0.17 secs] 
2023-10-23T23:31:21.748+0800: 452424.029: [GC (Allocation Failure) 2023-10-23T23:31:21.748+0800: 452424.029: [ParNew: 8784379K->824073K(9175040K), 0.2261989 secs] 53708936K->45755245K(65798144K), 0.2265445 secs] [Times: user=1.74 sys=2.09, real=0.22 secs] 
2023-10-23T23:31:48.027+0800: 452450.308: [GC (Allocation Failure) 2023-10-23T23:31:48.027+0800: 452450.309: [ParNew: 8688393K->892518K(9175040K), 0.1431367 secs] 53619565K->45831016K(65798144K), 0.1434506 secs] [Times: user=1.99 sys=0.36, real=0.14 secs] 
2023-10-23T23:32:12.950+0800: 452475.231: [GC (Allocation Failure) 2023-10-23T23:32:12.950+0800: 452475.231: [ParNew: 8756838K->826354K(9175040K), 0.2051787 secs] 53695336K->45771846K(65798144K), 0.2055071 secs] [Times: user=1.81 sys=1.65, real=0.20 secs] 
2023-10-23T23:32:37.465+0800: 452499.746: [GC (Allocation Failure) 2023-10-23T23:32:37.465+0800: 452499.747: [ParNew: 8690674K->926598K(9175040K), 0.1382591 secs] 53636166K->45878686K(65798144K), 0.1386252 secs] [Times: user=2.18 sys=0.08, real=0.14 secs] 
2023-10-23T23:33:01.629+0800: 452523.910: [GC (Allocation Failure) 2023-10-23T23:33:01.629+0800: 452523.910: [ParNew: 8790918K->860917K(9175040K), 0.2026028 secs] 53743006K->45819420K(65798144K), 0.2029890 secs] [Times: user=1.97 sys=1.43, real=0.20 secs] 
2023-10-23T23:33:25.637+0800: 452547.918: [GC (Allocation Failure) 2023-10-23T23:33:25.637+0800: 452547.918: [ParNew: 8725237K->931425K(9175040K), 0.1464516 secs] 53683740K->45896089K(65798144K), 0.1468204 secs] [Times: user=2.10 sys=0.30, real=0.14 secs] 
2023-10-23T23:33:50.118+0800: 452572.399: [GC (Allocation Failure) 2023-10-23T23:33:50.118+0800: 452572.399: [ParNew: 8795745K->862928K(9175040K), 0.1936403 secs] 53760409K->45833684K(65798144K), 0.1940225 secs] [Times: user=1.81 sys=1.44, real=0.19 secs] 
2023-10-23T23:34:13.910+0800: 452596.191: [GC (Allocation Failure) 2023-10-23T23:34:13.910+0800: 452596.191: [ParNew: 8727248K->866207K(9175040K), 0.1309200 secs] 53698004K->45843042K(65798144K), 0.1313289 secs] [Times: user=0.89 sys=0.97, real=0.13 secs] 
2023-10-23T23:34:37.704+0800: 452619.985: [GC (Allocation Failure) 2023-10-23T23:34:37.704+0800: 452619.985: [ParNew: 8730527K->872030K(9175040K), 0.1874498 secs] 53707362K->45854619K(65798144K), 0.1878122 secs] [Times: user=1.75 sys=1.39, real=0.19 secs] 
2023-10-23T23:35:01.223+0800: 452643.504: [GC (Allocation Failure) 2023-10-23T23:35:01.223+0800: 452643.504: [ParNew: 8736350K->919640K(9175040K), 0.1281986 secs] 53718939K->45908300K(65798144K), 0.1286115 secs] [Times: user=2.07 sys=0.01, real=0.13 secs] 
2023-10-23T23:35:24.763+0800: 452667.044: [GC (Allocation Failure) 2023-10-23T23:35:24.763+0800: 452667.044: [ParNew: 8783960K->930930K(9175040K), 0.1831166 secs] 53772620K->45925854K(65798144K), 0.1835954 secs] [Times: user=0.55 sys=2.49, real=0.19 secs] 
2023-10-23T23:35:48.377+0800: 452690.658: [GC (Allocation Failure) 2023-10-23T23:35:48.377+0800: 452690.659: [ParNew: 8795250K->977535K(9175040K), 0.1289126 secs] 53790174K->45978948K(65798144K), 0.1294108 secs] [Times: user=1.01 sys=1.08, real=0.13 secs] 
2023-10-23T23:36:11.984+0800: 452714.266: [GC (Allocation Failure) 2023-10-23T23:36:11.985+0800: 452714.266: [ParNew: 8841855K->951853K(9175040K), 0.1890463 secs] 53843268K->45959788K(65798144K), 0.1894283 secs] [Times: user=1.87 sys=1.30, real=0.19 secs] 
2023-10-23T23:36:36.505+0800: 452738.787: [GC (Allocation Failure) 2023-10-23T23:36:36.506+0800: 452738.787: [ParNew: 8816173K->925723K(9175040K), 0.1349083 secs] 53824108K->45953204K(65798144K), 0.1354196 secs] [Times: user=0.98 sys=0.98, real=0.14 secs] 
2023-10-23T23:37:00.035+0800: 452762.317: [GC (Allocation Failure) 2023-10-23T23:37:00.036+0800: 452762.317: [ParNew: 8790043K->917798K(9175040K), 0.1820736 secs] 53817524K->45951568K(65798144K), 0.1825044 secs] [Times: user=0.62 sys=2.41, real=0.19 secs] 
2023-10-23T23:37:23.611+0800: 452785.892: [GC (Allocation Failure) 2023-10-23T23:37:23.611+0800: 452785.893: [ParNew: 8782118K->993547K(9175040K), 0.1304787 secs] 53815888K->46033569K(65798144K), 0.1308809 secs] [Times: user=0.99 sys=1.12, real=0.13 secs] 
2023-10-23T23:37:47.388+0800: 452809.669: [GC (Allocation Failure) 2023-10-23T23:37:47.388+0800: 452809.669: [ParNew: 8857867K->885987K(9175040K), 0.1900631 secs] 53897889K->45932246K(65798144K), 0.1905150 secs] [Times: user=1.85 sys=1.34, real=0.19 secs] 
2023-10-23T23:38:11.430+0800: 452833.711: [GC (Allocation Failure) 2023-10-23T23:38:11.430+0800: 452833.711: [ParNew: 8750307K->924974K(9175040K), 0.1367004 secs] 53796566K->45977526K(65798144K), 0.1370830 secs] [Times: user=1.03 sys=1.19, real=0.14 secs] 
2023-10-23T23:38:34.999+0800: 452857.280: [GC (Allocation Failure) 2023-10-23T23:38:34.999+0800: 452857.280: [ParNew: 8789294K->924984K(9175040K), 0.1982026 secs] 53841846K->45983453K(65798144K), 0.1985819 secs] [Times: user=2.01 sys=1.32, real=0.20 secs] 
2023-10-23T23:38:58.906+0800: 452881.187: [GC (Allocation Failure) 2023-10-23T23:38:58.906+0800: 452881.187: [ParNew: 8789304K->964045K(9175040K), 0.1315659 secs] 53847773K->46028448K(65798144K), 0.1319484 secs] [Times: user=2.07 sys=0.07, real=0.14 secs] 
2023-10-23T23:39:22.487+0800: 452904.768: [GC (Allocation Failure) 2023-10-23T23:39:22.487+0800: 452904.768: [ParNew: 8828365K->928145K(9175040K), 0.1913380 secs] 53892768K->45998660K(65798144K), 0.1917161 secs] [Times: user=1.86 sys=1.34, real=0.19 secs] 
2023-10-23T23:39:45.556+0800: 452927.837: [GC (Allocation Failure) 2023-10-23T23:39:45.556+0800: 452927.837: [ParNew: 8792465K->965481K(9175040K), 0.1301953 secs] 53862980K->46042008K(65798144K), 0.1305631 secs] [Times: user=2.19 sys=0.04, real=0.13 secs] 
2023-10-23T23:40:07.672+0800: 452949.953: [GC (Allocation Failure) 2023-10-23T23:40:07.672+0800: 452949.954: [ParNew: 8829801K->930021K(9175040K), 0.1770544 secs] 53906328K->46012321K(65798144K), 0.1774237 secs] [Times: user=0.78 sys=2.34, real=0.18 secs] 
2023-10-23T23:40:30.066+0800: 452972.348: [GC (Allocation Failure) 2023-10-23T23:40:30.067+0800: 452972.348: [ParNew: 8794341K->971407K(9175040K), 0.1355381 secs] 53876641K->46059569K(65798144K), 0.1359041 secs] [Times: user=1.09 sys=1.12, real=0.13 secs] 
2023-10-23T23:40:53.991+0800: 452996.272: [GC (Allocation Failure) 2023-10-23T23:40:53.991+0800: 452996.272: [ParNew: 8835727K->936983K(9175040K), 0.2092960 secs] 53923889K->46031053K(65798144K), 0.2096700 secs] [Times: user=0.72 sys=2.71, real=0.21 secs] 
2023-10-23T23:41:17.811+0800: 453020.092: [GC (Allocation Failure) 2023-10-23T23:41:17.811+0800: 453020.092: [ParNew: 8801303K->975832K(9175040K), 0.1339808 secs] 53895373K->46075739K(65798144K), 0.1343444 secs] [Times: user=2.12 sys=0.12, real=0.13 secs] 
2023-10-23T23:41:41.985+0800: 453044.266: [GC (Allocation Failure) 2023-10-23T23:41:41.985+0800: 453044.266: [ParNew: 8840152K->974184K(9175040K), 0.2024725 secs] 53940059K->46079822K(65798144K), 0.2028466 secs] [Times: user=1.76 sys=1.65, real=0.21 secs] 
2023-10-23T23:42:05.765+0800: 453068.047: [GC (Allocation Failure) 2023-10-23T23:42:05.766+0800: 453068.047: [ParNew: 8838504K->974520K(9175040K), 0.1375115 secs] 53944142K->46086020K(65798144K), 0.1378587 secs] [Times: user=0.90 sys=1.34, real=0.14 secs] 
2023-10-23T23:42:29.359+0800: 453091.640: [GC (Allocation Failure) 2023-10-23T23:42:29.359+0800: 453091.640: [ParNew: 8838840K->936355K(9175040K), 0.2060352 secs] 53950340K->46053623K(65798144K), 0.2064242 secs] [Times: user=1.83 sys=1.63, real=0.20 secs] 
2023-10-23T23:42:53.142+0800: 453115.423: [GC (Allocation Failure) 2023-10-23T23:42:53.142+0800: 453115.424: [ParNew: 8800675K->974251K(9175040K), 0.1433278 secs] 53917943K->46097408K(65798144K), 0.1437436 secs] [Times: user=0.92 sys=0.45, real=0.15 secs] 
2023-10-23T23:43:17.252+0800: 453139.533: [GC (Allocation Failure) 2023-10-23T23:43:17.252+0800: 453139.533: [ParNew: 8838571K->973532K(9175040K), 0.1993899 secs] 53961728K->46102445K(65798144K), 0.1997765 secs] [Times: user=1.77 sys=1.57, real=0.20 secs] 
2023-10-23T23:43:41.514+0800: 453163.795: [GC (Allocation Failure) 2023-10-23T23:43:41.514+0800: 453163.795: [ParNew: 8837852K->973778K(9175040K), 0.1397883 secs] 53966765K->46108500K(65798144K), 0.1401306 secs] [Times: user=0.91 sys=1.37, real=0.14 secs] 
2023-10-23T23:44:06.232+0800: 453188.513: [GC (Allocation Failure) 2023-10-23T23:44:06.232+0800: 453188.513: [ParNew: 8838098K->897569K(9175040K), 0.1991430 secs] 53972820K->46038050K(65798144K), 0.1994811 secs] [Times: user=1.78 sys=1.55, real=0.20 secs] 
2023-10-23T23:44:31.129+0800: 453213.410: [GC (Allocation Failure) 2023-10-23T23:44:31.129+0800: 453213.411: [ParNew: 8761889K->914630K(9175040K), 0.1462809 secs] 53902370K->46055111K(65798144K), 0.1466332 secs] [Times: user=2.17 sys=0.24, real=0.15 secs] 
2023-10-23T23:44:56.148+0800: 453238.429: [GC (Allocation Failure) 2023-10-23T23:44:56.148+0800: 453238.429: [ParNew: 8778950K->876920K(9175040K), 0.1972267 secs] 53919431K->46023289K(65798144K), 0.1975764 secs] [Times: user=1.86 sys=1.45, real=0.19 secs] 
2023-10-23T23:45:19.224+0800: 453261.505: [GC (Allocation Failure) 2023-10-23T23:45:19.224+0800: 453261.505: [ParNew: 8741240K->947189K(9175040K), 0.1351490 secs] 53887609K->46099298K(65798144K), 0.1355050 secs] [Times: user=2.25 sys=0.00, real=0.14 secs] 
2023-10-23T23:45:43.144+0800: 453285.425: [GC (Allocation Failure) 2023-10-23T23:45:43.144+0800: 453285.426: [ParNew: 8811509K->905978K(9175040K), 0.1977120 secs] 53963618K->46058087K(65798144K), 0.1981460 secs] [Times: user=0.73 sys=2.61, real=0.20 secs] 
2023-10-23T23:46:07.162+0800: 453309.444: [GC (Allocation Failure) 2023-10-23T23:46:07.163+0800: 453309.444: [ParNew: 8770298K->947511K(9175040K), 0.1391072 secs] 53922407K->46105391K(65798144K), 0.1395159 secs] [Times: user=1.12 sys=1.14, real=0.14 secs] 
2023-10-23T23:46:30.792+0800: 453333.073: [GC (Allocation Failure) 2023-10-23T23:46:30.792+0800: 453333.073: [ParNew: 8811831K->947301K(9175040K), 0.1870329 secs] 53969711K->46111037K(65798144K), 0.1874028 secs] [Times: user=0.58 sys=2.62, real=0.19 secs] 
2023-10-23T23:46:55.179+0800: 453357.460: [GC (Allocation Failure) 2023-10-23T23:46:55.179+0800: 453357.460: [ParNew: 8811621K->949604K(9175040K), 0.1288183 secs] 53975357K->46119064K(65798144K), 0.1291929 secs] [Times: user=2.07 sys=0.01, real=0.13 secs] 
2023-10-23T23:47:18.743+0800: 453381.024: [GC (Allocation Failure) 2023-10-23T23:47:18.743+0800: 453381.024: [ParNew: 8813924K->912764K(9175040K), 0.1918786 secs] 53983384K->46087977K(65798144K), 0.1922519 secs] [Times: user=1.84 sys=1.38, real=0.19 secs] 
2023-10-23T23:47:42.789+0800: 453405.070: [GC (Allocation Failure) 2023-10-23T23:47:42.789+0800: 453405.070: [ParNew: 8777084K->951708K(9175040K), 0.1319090 secs] 53952297K->46132679K(65798144K), 0.1323234 secs] [Times: user=0.95 sys=1.18, real=0.13 secs] 
2023-10-23T23:48:06.508+0800: 453428.789: [GC (Allocation Failure) 2023-10-23T23:48:06.508+0800: 453428.789: [ParNew: 8816028K->916646K(9175040K), 0.2030002 secs] 53996999K->46103272K(65798144K), 0.2033610 secs] [Times: user=1.98 sys=1.43, real=0.20 secs] 
2023-10-23T23:48:30.465+0800: 453452.746: [GC (Allocation Failure) 2023-10-23T23:48:30.465+0800: 453452.746: [ParNew: 8780966K->955533K(9175040K), 0.1647433 secs] 53967592K->46153982K(65798144K), 0.1651236 secs] [Times: user=2.54 sys=0.17, real=0.17 secs] 
2023-10-23T23:48:54.324+0800: 453476.605: [GC (Allocation Failure) 2023-10-23T23:48:54.324+0800: 453476.606: [ParNew: 8819853K->947910K(9175040K), 0.2017039 secs] 54018302K->46146359K(65798144K), 0.2020792 secs] [Times: user=1.89 sys=1.52, real=0.21 secs] 
2023-10-23T23:49:19.031+0800: 453501.312: [GC (Allocation Failure) 2023-10-23T23:49:19.031+0800: 453501.312: [ParNew: 8812230K->918927K(9175040K), 0.1353202 secs] 54010679K->46129558K(65798144K), 0.1357341 secs] [Times: user=1.06 sys=0.52, real=0.14 secs] 
2023-10-23T23:49:42.748+0800: 453525.029: [GC (Allocation Failure) 2023-10-23T23:49:42.748+0800: 453525.029: [ParNew: 8783247K->951879K(9175040K), 0.2000382 secs] 53993878K->46168751K(65798144K), 0.2004058 secs] [Times: user=0.61 sys=2.76, real=0.20 secs] 
2023-10-23T23:50:07.448+0800: 453549.729: [GC (Allocation Failure) 2023-10-23T23:50:07.448+0800: 453549.729: [ParNew: 8816199K->879462K(9175040K), 0.1786039 secs] 54033071K->46102449K(65798144K), 0.1789816 secs] [Times: user=1.99 sys=0.98, real=0.18 secs] 
2023-10-23T23:50:31.063+0800: 453573.344: [GC (Allocation Failure) 2023-10-23T23:50:31.063+0800: 453573.344: [ParNew: 8743782K->1025535K(9175040K), 0.1629910 secs] 53966769K->46254686K(65798144K), 0.1633271 secs] [Times: user=0.89 sys=1.80, real=0.17 secs] 
2023-10-23T23:50:54.986+0800: 453597.268: [GC (Allocation Failure) 2023-10-23T23:50:54.987+0800: 453597.268: [ParNew: 8889855K->914559K(9175040K), 0.1896970 secs] 54119006K->46149911K(65798144K), 0.1900825 secs] [Times: user=2.00 sys=1.15, real=0.19 secs] 
2023-10-23T23:51:18.641+0800: 453620.922: [GC (Allocation Failure) 2023-10-23T23:51:18.641+0800: 453620.922: [ParNew: 8778879K->1024573K(9175040K), 0.1583267 secs] 54014231K->46265971K(65798144K), 0.1586950 secs] [Times: user=0.90 sys=1.72, real=0.16 secs] 
2023-10-23T23:51:42.691+0800: 453644.972: [GC (Allocation Failure) 2023-10-23T23:51:42.691+0800: 453644.973: [ParNew: 8888893K->878534K(9175040K), 0.1683187 secs] 54130291K->46125737K(65798144K), 0.1687072 secs] [Times: user=0.68 sys=1.79, real=0.17 secs] 
2023-10-23T23:52:06.224+0800: 453668.505: [GC (Allocation Failure) 2023-10-23T23:52:06.224+0800: 453668.506: [ParNew: 8742854K->987896K(9175040K), 0.1535194 secs] 53990057K->46240846K(65798144K), 0.1538858 secs] [Times: user=1.84 sys=0.68, real=0.16 secs] 
2023-10-23T23:52:30.381+0800: 453692.662: [GC (Allocation Failure) 2023-10-23T23:52:30.381+0800: 453692.663: [ParNew: 8852216K->879569K(9175040K), 0.1782920 secs] 54105166K->46138311K(65798144K), 0.1787044 secs] [Times: user=1.90 sys=1.07, real=0.18 secs] 
2023-10-23T23:52:53.720+0800: 453716.001: [GC (Allocation Failure) 2023-10-23T23:52:53.720+0800: 453716.002: [ParNew: 8743889K->989587K(9175040K), 0.1550744 secs] 54002631K->46254086K(65798144K), 0.1554489 secs] [Times: user=1.88 sys=0.67, real=0.15 secs] 
2023-10-23T23:53:17.663+0800: 453739.944: [GC (Allocation Failure) 2023-10-23T23:53:17.663+0800: 453739.944: [ParNew: 8853907K->881148K(9175040K), 0.1855566 secs] 54118406K->46157112K(65798144K), 0.1859448 secs] [Times: user=1.96 sys=1.09, real=0.19 secs] 
2023-10-23T23:53:41.003+0800: 453763.284: [GC (Allocation Failure) 2023-10-23T23:53:41.003+0800: 453763.284: [ParNew: 8745468K->911309K(9175040K), 0.1598457 secs] 54021432K->46187274K(65798144K), 0.1602837 secs] [Times: user=2.06 sys=0.60, real=0.16 secs] 
2023-10-23T23:54:04.886+0800: 453787.167: [GC (Allocation Failure) 2023-10-23T23:54:04.886+0800: 453787.168: [ParNew: 8775629K->954436K(9175040K), 0.1869706 secs] 54051594K->46242010K(65798144K), 0.1873574 secs] [Times: user=0.77 sys=2.33, real=0.18 secs] 
2023-10-23T23:54:28.540+0800: 453810.822: [GC (Allocation Failure) 2023-10-23T23:54:28.541+0800: 453810.822: [ParNew: 8818756K->950516K(9175040K), 0.1566182 secs] 54106330K->46244182K(65798144K), 0.1569877 secs] [Times: user=1.83 sys=0.73, real=0.16 secs] 
2023-10-23T23:54:53.583+0800: 453835.864: [GC (Allocation Failure) 2023-10-23T23:54:53.583+0800: 453835.865: [ParNew: 8814836K->913806K(9175040K), 0.2252713 secs] 54108502K->46213494K(65798144K), 0.2256929 secs] [Times: user=1.73 sys=2.08, real=0.23 secs] 
2023-10-23T23:54:53.813+0800: 453836.094: [GC (CMS Initial Mark) [1 CMS-initial-mark: 45299688K(56623104K)] 46213552K(65798144K), 0.0233590 secs] [Times: user=0.26 sys=0.08, real=0.03 secs] 
2023-10-23T23:54:53.836+0800: 453836.118: [CMS-concurrent-mark-start]
2023-10-23T23:55:08.210+0800: 453850.491: [CMS-concurrent-mark: 14.356/14.373 secs] [Times: user=97.50 sys=10.91, real=14.37 secs] 
2023-10-23T23:55:08.210+0800: 453850.491: [CMS-concurrent-preclean-start]
2023-10-23T23:55:08.597+0800: 453850.878: [CMS-concurrent-preclean: 0.384/0.387 secs] [Times: user=0.85 sys=0.46, real=0.39 secs] 
2023-10-23T23:55:08.597+0800: 453850.878: [CMS-concurrent-abortable-preclean-start]
2023-10-23T23:55:16.686+0800: 453858.967: [GC (Allocation Failure) 2023-10-23T23:55:16.686+0800: 453858.967: [ParNew: 8778126K->949232K(9175040K), 0.1252869 secs] 54077814K->46254928K(65798144K), 0.1256781 secs] [Times: user=1.00 sys=1.02, real=0.12 secs] 
 CMS: abort preclean due to time 2023-10-23T23:55:17.077+0800: 453859.358: [CMS-concurrent-abortable-preclean: 8.332/8.480 secs] [Times: user=28.72 sys=3.40, real=8.48 secs] 
2023-10-23T23:55:17.081+0800: 453859.363: [GC (CMS Final Remark) [YG occupancy: 1110590 K (9175040 K)]2023-10-23T23:55:17.081+0800: 453859.363: [Rescan (parallel) , 0.0524213 secs]2023-10-23T23:55:17.134+0800: 453859.415: [weak refs processing, 0.6494088 secs]2023-10-23T23:55:17.783+0800: 453860.065: [class unloading, 0.0468089 secs]2023-10-23T23:55:17.830+0800: 453860.111: [scrub symbol table, 0.0158536 secs]2023-10-23T23:55:17.846+0800: 453860.127: [scrub string table, 0.0013477 secs][1 CMS-remark: 45305695K(56623104K)] 46416286K(65798144K), 1.0106948 secs] [Times: user=1.43 sys=0.00, real=1.01 secs] 
2023-10-23T23:55:18.093+0800: 453860.374: [CMS-concurrent-sweep-start]
2023-10-23T23:55:40.892+0800: 453883.173: [GC (Allocation Failure) 2023-10-23T23:55:40.892+0800: 453883.173: [ParNew: 8813552K->879860K(9175040K), 0.2009573 secs] 47690458K->39762611K(65798144K), 0.2013557 secs] [Times: user=2.09 sys=1.27, real=0.20 secs] 
2023-10-23T23:55:46.092+0800: 453888.373: [CMS-concurrent-sweep: 27.725/27.999 secs] [Times: user=79.71 sys=15.99, real=28.00 secs] 
2023-10-23T23:55:46.092+0800: 453888.373: [CMS-concurrent-reset-start]
2023-10-23T23:55:46.307+0800: 453888.588: [CMS-concurrent-reset: 0.215/0.215 secs] [Times: user=0.35 sys=0.37, real=0.22 secs] 
2023-10-23T23:56:04.749+0800: 453907.030: [GC (Allocation Failure) 2023-10-23T23:56:04.749+0800: 453907.030: [ParNew: 8744180K->914125K(9175040K), 0.1582215 secs] 44674305K->36849850K(65798144K), 0.1586119 secs] [Times: user=2.15 sys=0.47, real=0.16 secs] 
2023-10-23T23:56:28.806+0800: 453931.087: [GC (Allocation Failure) 2023-10-23T23:56:28.806+0800: 453931.087: [ParNew: 8778445K->875897K(9175040K), 0.1607077 secs] 44714170K->36817160K(65798144K), 0.1611219 secs] [Times: user=1.90 sys=0.76, real=0.16 secs] 
2023-10-23T23:56:52.190+0800: 453954.471: [GC (Allocation Failure) 2023-10-23T23:56:52.190+0800: 453954.472: [ParNew: 8740217K->1023229K(9175040K), 0.1482369 secs] 44681480K->36969959K(65798144K), 0.1486236 secs] [Times: user=1.88 sys=0.56, real=0.15 secs] 
2023-10-23T23:57:16.509+0800: 453978.790: [GC (Allocation Failure) 2023-10-23T23:57:16.509+0800: 453978.790: [ParNew: 8887549K->914482K(9175040K), 0.1750885 secs] 44834279K->36866744K(65798144K), 0.1754969 secs] [Times: user=1.89 sys=1.02, real=0.17 secs] 
2023-10-23T23:57:39.646+0800: 454001.927: [GC (Allocation Failure) 2023-10-23T23:57:39.646+0800: 454001.927: [ParNew: 8778802K->1024954K(9175040K), 0.1501082 secs] 44731064K->36982679K(65798144K), 0.1505055 secs] [Times: user=0.84 sys=1.63, real=0.16 secs] 
2023-10-23T23:58:04.167+0800: 454026.448: [GC (Allocation Failure) 2023-10-23T23:58:04.167+0800: 454026.448: [ParNew: 8889274K->954716K(9175040K), 0.1259214 secs] 44846999K->36917922K(65798144K), 0.1264920 secs] [Times: user=0.91 sys=0.94, real=0.12 secs] 
2023-10-23T23:58:27.309+0800: 454049.590: [GC (Allocation Failure) 2023-10-23T23:58:27.309+0800: 454049.590: [ParNew: 8819036K->881546K(9175040K), 0.1803460 secs] 44782242K->36850168K(65798144K), 0.1807969 secs] [Times: user=1.74 sys=1.26, real=0.18 secs] 
2023-10-23T23:58:51.333+0800: 454073.615: [GC (Allocation Failure) 2023-10-23T23:58:51.334+0800: 454073.615: [ParNew: 8745866K->919251K(9175040K), 0.1282453 secs] 44714488K->36893316K(65798144K), 0.1286476 secs] [Times: user=2.10 sys=0.00, real=0.13 secs] 
2023-10-23T23:59:14.174+0800: 454096.455: [GC (Allocation Failure) 2023-10-23T23:59:14.174+0800: 454096.455: [ParNew: 8783571K->883323K(9175040K), 0.1795834 secs] 44757636K->36862766K(65798144K), 0.1799751 secs] [Times: user=1.79 sys=1.21, real=0.18 secs] 
2023-10-23T23:59:38.353+0800: 454120.634: [GC (Allocation Failure) 2023-10-23T23:59:38.353+0800: 454120.634: [ParNew: 8747643K->957820K(9175040K), 0.1248348 secs] 44727086K->36942844K(65798144K), 0.1252306 secs] [Times: user=0.97 sys=1.02, real=0.13 secs] 
2023-10-24T00:00:01.949+0800: 454144.230: [GC (Allocation Failure) 2023-10-24T00:00:01.949+0800: 454144.231: [ParNew: 8822140K->921281K(9175040K), 0.1866270 secs] 44807164K->36912179K(65798144K), 0.1870075 secs] [Times: user=1.79 sys=1.33, real=0.19 secs] 
2023-10-24T00:00:24.499+0800: 454166.780: [GC (Allocation Failure) 2023-10-24T00:00:24.499+0800: 454166.780: [ParNew: 8785601K->957493K(9175040K), 0.1303327 secs] 44776499K->36954243K(65798144K), 0.1307102 secs] [Times: user=0.98 sys=1.13, real=0.13 secs] 
2023-10-24T00:00:47.949+0800: 454190.231: [GC (Allocation Failure) 2023-10-24T00:00:47.950+0800: 454190.231: [ParNew: 8821813K->923889K(9175040K), 0.1884877 secs] 44818563K->36926503K(65798144K), 0.1889411 secs] [Times: user=1.78 sys=1.37, real=0.19 secs] 
2023-10-24T00:01:12.016+0800: 454214.297: [GC (Allocation Failure) 2023-10-24T00:01:12.016+0800: 454214.298: [ParNew: 8788209K->999918K(9175040K), 0.1282088 secs] 44790823K->37008430K(65798144K), 0.1285876 secs] [Times: user=2.04 sys=0.02, real=0.12 secs] 
2023-10-24T00:01:35.372+0800: 454237.654: [GC (Allocation Failure) 2023-10-24T00:01:35.373+0800: 454237.654: [ParNew: 8864238K->923143K(9175040K), 0.1925708 secs] 44872750K->36937568K(65798144K), 0.1929441 secs] [Times: user=1.81 sys=1.25, real=0.19 secs] 
2023-10-24T00:01:59.736+0800: 454262.017: [GC (Allocation Failure) 2023-10-24T00:01:59.736+0800: 454262.018: [ParNew: 8787463K->925470K(9175040K), 0.1339177 secs] 44801888K->36945584K(65798144K), 0.1343260 secs] [Times: user=1.04 sys=1.14, real=0.13 secs] 
2023-10-24T00:02:23.387+0800: 454285.668: [GC (Allocation Failure) 2023-10-24T00:02:23.387+0800: 454285.668: [ParNew: 8789790K->890256K(9175040K), 0.1871410 secs] 44809904K->36916170K(65798144K), 0.1875269 secs] [Times: user=1.84 sys=1.42, real=0.18 secs] 
2023-10-24T00:02:47.216+0800: 454309.498: [GC (Allocation Failure) 2023-10-24T00:02:47.217+0800: 454309.498: [ParNew: 8754576K->927921K(9175040K), 0.1339548 secs] 44780490K->36959320K(65798144K), 0.1343614 secs] [Times: user=0.87 sys=1.30, real=0.13 secs] 
2023-10-24T00:03:11.338+0800: 454333.619: [GC (Allocation Failure) 2023-10-24T00:03:11.338+0800: 454333.619: [ParNew: 8792241K->965867K(9175040K), 0.1884657 secs] 44823640K->37002766K(65798144K), 0.1888663 secs] [Times: user=1.80 sys=1.34, real=0.19 secs] 
2023-10-24T00:03:34.610+0800: 454356.891: [GC (Allocation Failure) 2023-10-24T00:03:34.610+0800: 454356.891: [ParNew: 8830187K->967264K(9175040K), 0.1313139 secs] 44867086K->37009640K(65798144K), 0.1317154 secs] [Times: user=1.06 sys=0.60, real=0.13 secs] 
2023-10-24T00:03:58.114+0800: 454380.395: [GC (Allocation Failure) 2023-10-24T00:03:58.114+0800: 454380.395: [ParNew: 8831584K->894206K(9175040K), 0.1905487 secs] 44873960K->36942069K(65798144K), 0.1909411 secs] [Times: user=0.70 sys=2.49, real=0.19 secs] 
2023-10-24T00:04:21.941+0800: 454404.223: [GC (Allocation Failure) 2023-10-24T00:04:21.942+0800: 454404.223: [ParNew: 8758526K->933589K(9175040K), 0.1271372 secs] 44806389K->36986891K(65798144K), 0.1275257 secs] [Times: user=0.93 sys=1.12, real=0.13 secs] 
2023-10-24T00:04:45.154+0800: 454427.435: [GC (Allocation Failure) 2023-10-24T00:04:45.154+0800: 454427.435: [ParNew: 8797909K->877758K(9175040K), 0.1906290 secs] 44851211K->36931061K(65798144K), 0.1910363 secs] [Times: user=1.76 sys=1.46, real=0.19 secs] 
2023-10-24T00:05:09.305+0800: 454451.586: [GC (Allocation Failure) 2023-10-24T00:05:09.305+0800: 454451.586: [ParNew: 8742078K->918683K(9175040K), 0.1329280 secs] 44795381K->36982900K(65798144K), 0.1333379 secs] [Times: user=0.97 sys=1.15, real=0.14 secs] 
2023-10-24T00:05:32.952+0800: 454475.233: [GC (Allocation Failure) 2023-10-24T00:05:32.952+0800: 454475.233: [ParNew: 8783003K->876112K(9175040K), 0.1799671 secs] 44847220K->36946104K(65798144K), 0.1804349 secs] [Times: user=1.71 sys=1.28, real=0.18 secs] 
2023-10-24T00:05:56.965+0800: 454499.246: [GC (Allocation Failure) 2023-10-24T00:05:56.965+0800: 454499.246: [ParNew: 8740432K->948964K(9175040K), 0.1340596 secs] 44810424K->37024967K(65798144K), 0.1344470 secs] [Times: user=1.03 sys=1.14, real=0.14 secs] 
2023-10-24T00:06:21.044+0800: 454523.325: [GC (Allocation Failure) 2023-10-24T00:06:21.044+0800: 454523.326: [ParNew: 8813284K->875781K(9175040K), 0.2086738 secs] 44889287K->36957343K(65798144K), 0.2090840 secs] [Times: user=1.74 sys=1.77, real=0.21 secs] 
2023-10-24T00:06:45.398+0800: 454547.679: [GC (Allocation Failure) 2023-10-24T00:06:45.398+0800: 454547.679: [ParNew: 8740101K->874274K(9175040K), 0.1424207 secs] 44821663K->36961894K(65798144K), 0.1428785 secs] [Times: user=2.12 sys=0.19, real=0.14 secs] 
2023-10-24T00:07:08.734+0800: 454571.015: [GC (Allocation Failure) 2023-10-24T00:07:08.734+0800: 454571.015: [ParNew: 8738594K->909259K(9175040K), 0.2199617 secs] 44826214K->36996880K(65798144K), 0.2204043 secs] [Times: user=1.74 sys=1.99, real=0.22 secs] 
2023-10-24T00:07:32.433+0800: 454594.715: [GC (Allocation Failure) 2023-10-24T00:07:32.434+0800: 454594.715: [ParNew: 8773579K->917080K(9175040K), 0.1265996 secs] 44861200K->37016064K(65798144K), 0.1270093 secs] [Times: user=2.10 sys=0.00, real=0.13 secs] 
2023-10-24T00:07:55.885+0800: 454618.166: [GC (Allocation Failure) 2023-10-24T00:07:55.885+0800: 454618.166: [ParNew: 8781400K->912695K(9175040K), 0.1765129 secs] 44880384K->37017618K(65798144K), 0.1769164 secs] [Times: user=1.74 sys=1.23, real=0.18 secs] 
2023-10-24T00:08:19.363+0800: 454641.644: [GC (Allocation Failure) 2023-10-24T00:08:19.363+0800: 454641.644: [ParNew: 8777015K->914353K(9175040K), 0.1253103 secs] 44881938K->37025171K(65798144K), 0.1257233 secs] [Times: user=0.91 sys=1.10, real=0.13 secs] 
2023-10-24T00:08:42.372+0800: 454664.653: [GC (Allocation Failure) 2023-10-24T00:08:42.372+0800: 454664.653: [ParNew: 8778673K->915696K(9175040K), 0.1795486 secs] 44889491K->37032263K(65798144K), 0.1799633 secs] [Times: user=0.57 sys=1.61, real=0.18 secs] 
2023-10-24T00:09:05.863+0800: 454688.144: [GC (Allocation Failure) 2023-10-24T00:09:05.863+0800: 454688.144: [ParNew: 8780016K->917826K(9175040K), 0.1349628 secs] 44896583K->37040171K(65798144K), 0.1353796 secs] [Times: user=1.11 sys=1.23, real=0.14 secs] 
2023-10-24T00:09:29.135+0800: 454711.416: [GC (Allocation Failure) 2023-10-24T00:09:29.135+0800: 454711.416: [ParNew: 8782146K->881787K(9175040K), 0.1837682 secs] 44904491K->37009923K(65798144K), 0.1841826 secs] [Times: user=1.84 sys=1.22, real=0.19 secs] 
2023-10-24T00:09:52.851+0800: 454735.132: [GC (Allocation Failure) 2023-10-24T00:09:52.851+0800: 454735.132: [ParNew: 8746107K->956247K(9175040K), 0.1378740 secs] 44874243K->37090496K(65798144K), 0.1383322 secs] [Times: user=0.98 sys=1.28, real=0.14 secs] 
2023-10-24T00:10:16.094+0800: 454758.375: [GC (Allocation Failure) 2023-10-24T00:10:16.094+0800: 454758.376: [ParNew: 8820567K->918842K(9175040K), 0.1772954 secs] 44954816K->37058854K(65798144K), 0.1777148 secs] [Times: user=1.83 sys=1.12, real=0.18 secs] 
2023-10-24T00:10:39.583+0800: 454781.864: [GC (Allocation Failure) 2023-10-24T00:10:39.583+0800: 454781.864: [ParNew: 8783162K->957340K(9175040K), 0.1322109 secs] 44923174K->37103150K(65798144K), 0.1326890 secs] [Times: user=2.06 sys=0.08, real=0.13 secs] 
2023-10-24T00:11:03.415+0800: 454805.696: [GC (Allocation Failure) 2023-10-24T00:11:03.415+0800: 454805.697: [ParNew: 8821660K->921815K(9175040K), 0.1856757 secs] 44967470K->37073389K(65798144K), 0.1860777 secs] [Times: user=1.84 sys=1.26, real=0.19 secs] 
2023-10-24T00:11:27.175+0800: 454829.456: [GC (Allocation Failure) 2023-10-24T00:11:27.175+0800: 454829.456: [ParNew: 8786135K->996824K(9175040K), 0.1323265 secs] 44937709K->37154151K(65798144K), 0.1327330 secs] [Times: user=2.07 sys=0.07, real=0.14 secs] 
2023-10-24T00:11:50.880+0800: 454853.161: [GC (Allocation Failure) 2023-10-24T00:11:50.880+0800: 454853.162: [ParNew: 8861144K->959614K(9175040K), 0.1897060 secs] 45018471K->37122741K(65798144K), 0.1901226 secs] [Times: user=1.86 sys=1.32, real=0.19 secs] 
2023-10-24T00:12:14.029+0800: 454876.310: [GC (Allocation Failure) 2023-10-24T00:12:14.029+0800: 454876.310: [ParNew: 8823934K->1034318K(9175040K), 0.1334040 secs] 44987061K->37203722K(65798144K), 0.1338275 secs] [Times: user=2.10 sys=0.07, real=0.13 secs] 
2023-10-24T00:12:36.352+0800: 454898.633: [GC (Allocation Failure) 2023-10-24T00:12:36.352+0800: 454898.633: [ParNew: 8898638K->924174K(9175040K), 0.1896466 secs] 45068042K->37099402K(65798144K), 0.1900822 secs] [Times: user=0.75 sys=2.42, real=0.19 secs] 
2023-10-24T00:13:00.243+0800: 454922.525: [GC (Allocation Failure) 2023-10-24T00:13:00.244+0800: 454922.525: [ParNew: 8788494K->889467K(9175040K), 0.1435282 secs] 44963722K->37070475K(65798144K), 0.1439490 secs] [Times: user=0.92 sys=1.42, real=0.15 secs] 
2023-10-24T00:13:23.508+0800: 454945.789: [GC (Allocation Failure) 2023-10-24T00:13:23.508+0800: 454945.790: [ParNew: 8753787K->888775K(9175040K), 0.1904760 secs] 44934795K->37075552K(65798144K), 0.1909128 secs] [Times: user=1.78 sys=1.40, real=0.19 secs] 
2023-10-24T00:13:47.025+0800: 454969.306: [GC (Allocation Failure) 2023-10-24T00:13:47.025+0800: 454969.306: [ParNew: 8753095K->925675K(9175040K), 0.1306683 secs] 44939872K->37118319K(65798144K), 0.1310647 secs] [Times: user=2.06 sys=0.06, real=0.14 secs] 
2023-10-24T00:14:10.751+0800: 454993.032: [GC (Allocation Failure) 2023-10-24T00:14:10.751+0800: 454993.032: [ParNew: 8789995K->962085K(9175040K), 0.1871291 secs] 44982639K->37160484K(65798144K), 0.1875361 secs] [Times: user=1.67 sys=1.45, real=0.19 secs] 
2023-10-24T00:14:34.416+0800: 455016.697: [GC (Allocation Failure) 2023-10-24T00:14:34.416+0800: 455016.698: [ParNew: 8826405K->923885K(9175040K), 0.1380756 secs] 45024804K->37128058K(65798144K), 0.1385327 secs] [Times: user=0.97 sys=1.28, real=0.13 secs] 
2023-10-24T00:14:58.617+0800: 455040.898: [GC (Allocation Failure) 2023-10-24T00:14:58.617+0800: 455040.898: [ParNew: 8788205K->886167K(9175040K), 0.1856073 secs] 44992378K->37096080K(65798144K), 0.1860061 secs] [Times: user=1.73 sys=1.36, real=0.18 secs] 
2023-10-24T00:15:21.302+0800: 455063.584: [GC (Allocation Failure) 2023-10-24T00:15:21.303+0800: 455063.584: [ParNew: 8750487K->886401K(9175040K), 0.1372865 secs] 44960400K->37102135K(65798144K), 0.1376808 secs] [Times: user=2.09 sys=0.14, real=0.14 secs] 
2023-10-24T00:15:45.340+0800: 455087.622: [GC (Allocation Failure) 2023-10-24T00:15:45.341+0800: 455087.622: [ParNew: 8750721K->887632K(9175040K), 0.1961123 secs] 44966455K->37109193K(65798144K), 0.1965269 secs] [Times: user=1.71 sys=1.58, real=0.20 secs] 
2023-10-24T00:16:09.704+0800: 455111.985: [GC (Allocation Failure) 2023-10-24T00:16:09.704+0800: 455111.986: [ParNew: 8751952K->924801K(9175040K), 0.1418552 secs] 44973513K->37152058K(65798144K), 0.1422602 secs] [Times: user=2.15 sys=0.32, real=0.15 secs] 
2023-10-24T00:16:33.557+0800: 455135.838: [GC (Allocation Failure) 2023-10-24T00:16:33.557+0800: 455135.838: [ParNew: 8789121K->923377K(9175040K), 0.1903436 secs] 45016378K->37156338K(65798144K), 0.1907750 secs] [Times: user=0.51 sys=2.20, real=0.19 secs] 
2023-10-24T00:16:57.987+0800: 455160.268: [GC (Allocation Failure) 2023-10-24T00:16:57.987+0800: 455160.268: [ParNew: 8787697K->960617K(9175040K), 0.1413768 secs] 45020658K->37199252K(65798144K), 0.1417858 secs] [Times: user=1.04 sys=1.26, real=0.14 secs] 
2023-10-24T00:17:22.182+0800: 455184.464: [GC (Allocation Failure) 2023-10-24T00:17:22.183+0800: 455184.464: [ParNew: 8824937K->923546K(9175040K), 0.1925427 secs] 45063572K->37167878K(65798144K), 0.1929414 secs] [Times: user=1.88 sys=1.34, real=0.19 secs] 
2023-10-24T00:17:46.532+0800: 455208.813: [GC (Allocation Failure) 2023-10-24T00:17:46.532+0800: 455208.813: [ParNew: 8787866K->921592K(9175040K), 0.1346040 secs] 45032198K->37172061K(65798144K), 0.1350165 secs] [Times: user=0.99 sys=1.20, real=0.14 secs] 
2023-10-24T00:18:10.585+0800: 455232.866: [GC (Allocation Failure) 2023-10-24T00:18:10.585+0800: 455232.866: [ParNew: 8785912K->956666K(9175040K), 0.1904595 secs] 45036381K->37212778K(65798144K), 0.1908771 secs] [Times: user=1.75 sys=1.44, real=0.19 secs] 
2023-10-24T00:18:35.820+0800: 455258.102: [GC (Allocation Failure) 2023-10-24T00:18:35.821+0800: 455258.102: [ParNew: 8820986K->880826K(9175040K), 0.1289596 secs] 45077098K->37142590K(65798144K), 0.1294595 secs] [Times: user=0.91 sys=1.18, real=0.13 secs] 
2023-10-24T00:19:03.213+0800: 455285.494: [GC (Allocation Failure) 2023-10-24T00:19:03.213+0800: 455285.494: [ParNew: 8745146K->915728K(9175040K), 0.1968371 secs] 45006910K->37183300K(65798144K), 0.1971982 secs] [Times: user=1.73 sys=1.57, real=0.20 secs] 
2023-10-24T00:19:38.751+0800: 455321.032: [GC (Allocation Failure) 2023-10-24T00:19:38.751+0800: 455321.032: [ParNew: 8780048K->909306K(9175040K), 0.2185908 secs] 45047620K->37176878K(65798144K), 0.2189569 secs] [Times: user=1.45 sys=2.26, real=0.22 secs] 
2023-10-24T00:20:13.429+0800: 455355.710: [GC (Allocation Failure) 2023-10-24T00:20:13.429+0800: 455355.710: [ParNew: 8773626K->927069K(9175040K), 0.1490165 secs] 45041198K->37194641K(65798144K), 0.1493486 secs] [Times: user=0.83 sys=0.91, real=0.15 secs] 
2023-10-24T00:20:42.384+0800: 455384.666: [GC (Allocation Failure) 2023-10-24T00:20:42.385+0800: 455384.666: [ParNew: 8791389K->871576K(9175040K), 0.1909149 secs] 45058961K->37144775K(65798144K), 0.1912440 secs] [Times: user=1.91 sys=1.49, real=0.19 secs] 
2023-10-24T00:21:10.207+0800: 455412.488: [GC (Allocation Failure) 2023-10-24T00:21:10.207+0800: 455412.488: [ParNew: 8735896K->891511K(9175040K), 0.1708064 secs] 45009095K->37170517K(65798144K), 0.1712111 secs] [Times: user=1.78 sys=1.16, real=0.17 secs] 
2023-10-24T00:21:37.025+0800: 455439.307: [GC (Allocation Failure) 2023-10-24T00:21:37.025+0800: 455439.307: [ParNew: 8755831K->846647K(9175040K), 0.1520920 secs] 45034837K->37131342K(65798144K), 0.1525032 secs] [Times: user=1.87 sys=0.63, real=0.16 secs] 
2023-10-24T00:22:02.806+0800: 455465.087: [GC (Allocation Failure) 2023-10-24T00:22:02.806+0800: 455465.088: [ParNew: 8710967K->874096K(9175040K), 0.1979405 secs] 44995662K->37164541K(65798144K), 0.1983743 secs] [Times: user=1.64 sys=1.67, real=0.19 secs] 
2023-10-24T00:22:28.294+0800: 455490.575: [GC (Allocation Failure) 2023-10-24T00:22:28.294+0800: 455490.575: [ParNew: 8738416K->872599K(9175040K), 0.1485525 secs] 45028861K->37168787K(65798144K), 0.1489313 secs] [Times: user=0.80 sys=1.63, real=0.15 secs] 
2023-10-24T00:22:53.062+0800: 455515.343: [GC (Allocation Failure) 2023-10-24T00:22:53.062+0800: 455515.343: [ParNew: 8736919K->872203K(9175040K), 0.2104665 secs] 45033107K->37174158K(65798144K), 0.2108545 secs] [Times: user=1.64 sys=1.89, real=0.21 secs] 
2023-10-24T00:23:17.898+0800: 455540.179: [GC (Allocation Failure) 2023-10-24T00:23:17.898+0800: 455540.179: [ParNew: 8736523K->839277K(9175040K), 0.1469333 secs] 45038478K->37147144K(65798144K), 0.1472969 secs] [Times: user=1.95 sys=0.47, real=0.14 secs] 
2023-10-24T00:23:43.534+0800: 455565.815: [GC (Allocation Failure) 2023-10-24T00:23:43.534+0800: 455565.816: [ParNew: 8703597K->836581K(9175040K), 0.2034562 secs] 45011464K->37150204K(65798144K), 0.2038869 secs] [Times: user=1.74 sys=1.68, real=0.21 secs] 
2023-10-24T00:24:08.810+0800: 455591.091: [GC (Allocation Failure) 2023-10-24T00:24:08.810+0800: 455591.092: [ParNew: 8700901K->873255K(9175040K), 0.1385168 secs] 45014524K->37192643K(65798144K), 0.1388780 secs] [Times: user=0.82 sys=1.44, real=0.14 secs] 
2023-10-24T00:24:34.243+0800: 455616.524: [GC (Allocation Failure) 2023-10-24T00:24:34.243+0800: 455616.524: [ParNew: 8737575K->880862K(9175040K), 0.1965672 secs] 45056963K->37206099K(65798144K), 0.1969278 secs] [Times: user=1.72 sys=1.58, real=0.20 secs] 
2023-10-24T00:25:01.054+0800: 455643.335: [GC (Allocation Failure) 2023-10-24T00:25:01.054+0800: 455643.335: [ParNew: 8745182K->808184K(9175040K), 0.1410736 secs] 45070419K->37139340K(65798144K), 0.1414963 secs] [Times: user=0.92 sys=1.39, real=0.14 secs] 
2023-10-24T00:25:32.373+0800: 455674.655: [GC (Allocation Failure) 2023-10-24T00:25:32.374+0800: 455674.655: [ParNew: 8672504K->821039K(9175040K), 0.1983862 secs] 45003660K->37158353K(65798144K), 0.1987534 secs] [Times: user=1.66 sys=1.68, real=0.20 secs] 
2023-10-24T00:26:01.857+0800: 455704.138: [GC (Allocation Failure) 2023-10-24T00:26:01.857+0800: 455704.138: [ParNew: 8685359K->856350K(9175040K), 0.1888901 secs] 45022673K->37200052K(65798144K), 0.1892928 secs] [Times: user=1.76 sys=1.39, real=0.19 secs] 
2023-10-24T00:26:33.706+0800: 455735.987: [GC (Allocation Failure) 2023-10-24T00:26:33.706+0800: 455735.988: [ParNew: 8720670K->924591K(9175040K), 0.1779415 secs] 45064372K->37275611K(65798144K), 0.1782663 secs] [Times: user=1.85 sys=1.12, real=0.17 secs] 
2023-10-24T00:27:01.087+0800: 455763.368: [GC (Allocation Failure) 2023-10-24T00:27:01.087+0800: 455763.368: [ParNew: 8788911K->879507K(9175040K), 0.2003064 secs] 45139931K->37237598K(65798144K), 0.2006927 secs] [Times: user=1.67 sys=1.69, real=0.20 secs] 
2023-10-24T00:27:26.158+0800: 455788.440: [GC (Allocation Failure) 2023-10-24T00:27:26.159+0800: 455788.440: [ParNew: 8743827K->839684K(9175040K), 0.1347929 secs] 45101918K->37204376K(65798144K), 0.1351490 secs] [Times: user=2.00 sys=0.20, real=0.13 secs] 
2023-10-24T00:27:50.754+0800: 455813.035: [GC (Allocation Failure) 2023-10-24T00:27:50.754+0800: 455813.036: [ParNew: 8704004K->837187K(9175040K), 0.1818416 secs] 45068696K->37208341K(65798144K), 0.1822055 secs] [Times: user=1.74 sys=1.29, real=0.19 secs] 
2023-10-24T00:28:15.889+0800: 455838.170: [GC (Allocation Failure) 2023-10-24T00:28:15.889+0800: 455838.171: [ParNew: 8701507K->871324K(9175040K), 0.1334179 secs] 45072661K->37248821K(65798144K), 0.1337654 secs] [Times: user=2.03 sys=0.13, real=0.13 secs] 
2023-10-24T00:28:41.743+0800: 455864.024: [GC (Allocation Failure) 2023-10-24T00:28:41.743+0800: 455864.024: [ParNew: 8735644K->836734K(9175040K), 0.1875660 secs] 45113141K->37220545K(65798144K), 0.1879047 secs] [Times: user=1.71 sys=1.45, real=0.19 secs] 
2023-10-24T00:29:06.678+0800: 455888.960: [GC (Allocation Failure) 2023-10-24T00:29:06.679+0800: 455888.960: [ParNew: 8701054K->801371K(9175040K), 0.1626947 secs] 45084865K->37191328K(65798144K), 0.1630727 secs] [Times: user=0.55 sys=2.14, real=0.16 secs] 
2023-10-24T00:29:33.735+0800: 455916.017: [GC (Allocation Failure) 2023-10-24T00:29:33.736+0800: 455916.017: [ParNew: 8665691K->935632K(9175040K), 0.1566195 secs] 45055648K->37331689K(65798144K), 0.1569665 secs] [Times: user=2.10 sys=0.64, real=0.16 secs] 
2023-10-24T00:30:01.433+0800: 455943.715: [GC (Allocation Failure) 2023-10-24T00:30:01.434+0800: 455943.715: [ParNew: 8799952K->867017K(9175040K), 0.2014876 secs] 45196009K->37269166K(65798144K), 0.2018738 secs] [Times: user=1.56 sys=1.83, real=0.20 secs] 
2023-10-24T00:30:26.101+0800: 455968.382: [GC (Allocation Failure) 2023-10-24T00:30:26.101+0800: 455968.382: [ParNew: 8731337K->833348K(9175040K), 0.1318784 secs] 45133486K->37241669K(65798144K), 0.1322242 secs] [Times: user=1.99 sys=0.16, real=0.13 secs] 
2023-10-24T00:30:52.277+0800: 455994.559: [GC (Allocation Failure) 2023-10-24T00:30:52.278+0800: 455994.559: [ParNew: 8697668K->840994K(9175040K), 0.1973975 secs] 45105989K->37255425K(65798144K), 0.1977336 secs] [Times: user=1.52 sys=1.78, real=0.19 secs] 
2023-10-24T00:31:18.414+0800: 456020.695: [GC (Allocation Failure) 2023-10-24T00:31:18.414+0800: 456020.695: [ParNew: 8705314K->920076K(9175040K), 0.1341428 secs] 45119745K->37340922K(65798144K), 0.1345324 secs] [Times: user=2.04 sys=0.15, real=0.14 secs] 
2023-10-24T00:31:44.270+0800: 456046.551: [GC (Allocation Failure) 2023-10-24T00:31:44.270+0800: 456046.551: [ParNew: 8784396K->862638K(9175040K), 0.1995012 secs] 45205242K->37289836K(65798144K), 0.1998513 secs] [Times: user=1.98 sys=1.57, real=0.20 secs] 
2023-10-24T00:32:09.937+0800: 456072.218: [GC (Allocation Failure) 2023-10-24T00:32:09.937+0800: 456072.218: [ParNew: 8726958K->871104K(9175040K), 0.1355839 secs] 45154156K->37304992K(65798144K), 0.1359484 secs] [Times: user=2.12 sys=0.22, real=0.13 secs] 
2023-10-24T00:32:35.277+0800: 456097.558: [GC (Allocation Failure) 2023-10-24T00:32:35.277+0800: 456097.558: [ParNew: 8735424K->875584K(9175040K), 0.1805637 secs] 45169312K->37316025K(65798144K), 0.1809692 secs] [Times: user=1.74 sys=1.27, real=0.18 secs] 
2023-10-24T00:32:59.982+0800: 456122.263: [GC (Allocation Failure) 2023-10-24T00:32:59.982+0800: 456122.263: [ParNew: 8739904K->879316K(9175040K), 0.1347477 secs] 45180345K->37326724K(65798144K), 0.1351721 secs] [Times: user=1.05 sys=1.15, real=0.14 secs] 
2023-10-24T00:33:25.231+0800: 456147.513: [GC (Allocation Failure) 2023-10-24T00:33:25.232+0800: 456147.513: [ParNew: 8743636K->915281K(9175040K), 0.1861355 secs] 45191044K->37369382K(65798144K), 0.1865197 secs] [Times: user=0.60 sys=2.51, real=0.19 secs] 
2023-10-24T00:33:51.525+0800: 456173.806: [GC (Allocation Failure) 2023-10-24T00:33:51.525+0800: 456173.806: [ParNew: 8779601K->913957K(9175040K), 0.1736051 secs] 45233702K->37374315K(65798144K), 0.1739828 secs] [Times: user=1.68 sys=1.22, real=0.18 secs] 
2023-10-24T00:34:19.123+0800: 456201.404: [GC (Allocation Failure) 2023-10-24T00:34:19.123+0800: 456201.404: [ParNew: 8778277K->911501K(9175040K), 0.1586778 secs] 45238635K->37378023K(65798144K), 0.1590280 secs] [Times: user=1.85 sys=0.77, real=0.16 secs] 
2023-10-24T00:34:45.770+0800: 456228.051: [GC (Allocation Failure) 2023-10-24T00:34:45.770+0800: 456228.051: [ParNew: 8775821K->874118K(9175040K), 0.2005159 secs] 45242343K->37346844K(65798144K), 0.2008619 secs] [Times: user=0.47 sys=2.91, real=0.20 secs] 
2023-10-24T00:35:14.799+0800: 456257.080: [GC (Allocation Failure) 2023-10-24T00:35:14.799+0800: 456257.080: [ParNew: 8738438K->876455K(9175040K), 0.1481121 secs] 45211164K->37355521K(65798144K), 0.1484859 secs] [Times: user=0.81 sys=1.63, real=0.15 secs] 
2023-10-24T00:35:41.638+0800: 456283.919: [GC (Allocation Failure) 2023-10-24T00:35:41.638+0800: 456283.919: [ParNew: 8740775K->871012K(9175040K), 0.1824556 secs] 45219841K->37356332K(65798144K), 0.1828071 secs] [Times: user=1.75 sys=1.30, real=0.18 secs] 
2023-10-24T00:36:06.710+0800: 456308.991: [GC (Allocation Failure) 2023-10-24T00:36:06.710+0800: 456308.991: [ParNew: 8735332K->871203K(9175040K), 0.1363470 secs] 45220652K->37362986K(65798144K), 0.1367202 secs] [Times: user=2.05 sys=0.18, real=0.14 secs] 
2023-10-24T00:36:32.025+0800: 456334.306: [GC (Allocation Failure) 2023-10-24T00:36:32.025+0800: 456334.306: [ParNew: 8735523K->905422K(9175040K), 0.1808173 secs] 45227306K->37403558K(65798144K), 0.1812391 secs] [Times: user=1.72 sys=1.30, real=0.19 secs] 
2023-10-24T00:36:57.015+0800: 456359.297: [GC (Allocation Failure) 2023-10-24T00:36:57.016+0800: 456359.297: [ParNew: 8769742K->873568K(9175040K), 0.1279893 secs] 45267878K->37377845K(65798144K), 0.1284000 secs] [Times: user=2.01 sys=0.06, real=0.13 secs] 
2023-10-24T00:37:21.586+0800: 456383.867: [GC (Allocation Failure) 2023-10-24T00:37:21.586+0800: 456383.867: [ParNew: 8737888K->876224K(9175040K), 0.1906789 secs] 45242165K->37386663K(65798144K), 0.1910622 secs] [Times: user=1.74 sys=1.47, real=0.19 secs] 
2023-10-24T00:37:46.820+0800: 456409.101: [GC (Allocation Failure) 2023-10-24T00:37:46.820+0800: 456409.101: [ParNew: 8740544K->914416K(9175040K), 0.1783015 secs] 45250983K->37431097K(65798144K), 0.1787609 secs] [Times: user=1.85 sys=1.07, real=0.18 secs] 
2023-10-24T00:38:11.684+0800: 456433.965: [GC (Allocation Failure) 2023-10-24T00:38:11.684+0800: 456433.965: [ParNew: 8778736K->986046K(9175040K), 0.1577953 secs] 45295417K->37508917K(65798144K), 0.1582170 secs] [Times: user=1.93 sys=0.68, real=0.16 secs] 
2023-10-24T00:38:36.580+0800: 456458.861: [GC (Allocation Failure) 2023-10-24T00:38:36.580+0800: 456458.862: [ParNew: 8850366K->845903K(9175040K), 0.1904667 secs] 45373237K->37374900K(65798144K), 0.1910315 secs] [Times: user=1.76 sys=1.43, real=0.19 secs] 
2023-10-24T00:39:01.499+0800: 456483.780: [GC (Allocation Failure) 2023-10-24T00:39:01.499+0800: 456483.780: [ParNew: 8710223K->955160K(9175040K), 0.1549813 secs] 45239220K->37490171K(65798144K), 0.1553701 secs] [Times: user=1.82 sys=0.73, real=0.15 secs] 
2023-10-24T00:39:26.495+0800: 456508.776: [GC (Allocation Failure) 2023-10-24T00:39:26.495+0800: 456508.776: [ParNew: 8819480K->891132K(9175040K), 0.2111945 secs] 45354491K->37431956K(65798144K), 0.2116513 secs] [Times: user=1.60 sys=1.91, real=0.22 secs] 
2023-10-24T00:39:51.749+0800: 456534.030: [GC (Allocation Failure) 2023-10-24T00:39:51.749+0800: 456534.030: [ParNew: 8755452K->1000709K(9175040K), 0.1395250 secs] 45296276K->37547678K(65798144K), 0.1399066 secs] [Times: user=2.02 sys=0.26, real=0.14 secs] 
2023-10-24T00:40:16.739+0800: 456559.020: [GC (Allocation Failure) 2023-10-24T00:40:16.739+0800: 456559.020: [ParNew: 8865029K->897629K(9175040K), 0.2107311 secs] 45411998K->37450797K(65798144K), 0.2111746 secs] [Times: user=1.70 sys=1.83, real=0.21 secs] 
2023-10-24T00:40:42.404+0800: 456584.685: [GC (Allocation Failure) 2023-10-24T00:40:42.404+0800: 456584.685: [ParNew: 8761949K->906315K(9175040K), 0.1381797 secs] 45315117K->37465815K(65798144K), 0.1385331 secs] [Times: user=2.02 sys=0.24, real=0.14 secs] 
2023-10-24T00:41:09.093+0800: 456611.374: [GC (Allocation Failure) 2023-10-24T00:41:09.093+0800: 456611.374: [ParNew: 8770635K->872040K(9175040K), 0.2030533 secs] 45330135K->37437786K(65798144K), 0.2034505 secs] [Times: user=1.73 sys=1.69, real=0.21 secs] 
2023-10-24T00:41:34.576+0800: 456636.857: [GC (Allocation Failure) 2023-10-24T00:41:34.576+0800: 456636.857: [ParNew: 8736360K->941804K(9175040K), 0.1437441 secs] 45302106K->37514126K(65798144K), 0.1441107 secs] [Times: user=2.07 sys=0.29, real=0.15 secs] 
2023-10-24T00:42:00.989+0800: 456663.271: [GC (Allocation Failure) 2023-10-24T00:42:00.990+0800: 456663.271: [ParNew: 8806124K->904942K(9175040K), 0.1846799 secs] 45378446K->37483639K(65798144K), 0.1850305 secs] [Times: user=1.73 sys=1.36, real=0.18 secs] 
2023-10-24T00:42:26.601+0800: 456688.882: [GC (Allocation Failure) 2023-10-24T00:42:26.601+0800: 456688.882: [ParNew: 8769262K->937803K(9175040K), 0.1289134 secs] 45347959K->37522729K(65798144K), 0.1293140 secs] [Times: user=2.09 sys=0.00, real=0.13 secs] 
2023-10-24T00:42:51.485+0800: 456713.766: [GC (Allocation Failure) 2023-10-24T00:42:51.485+0800: 456713.767: [ParNew: 8802123K->971638K(9175040K), 0.1858805 secs] 45387049K->37562670K(65798144K), 0.1862443 secs] [Times: user=1.76 sys=1.36, real=0.19 secs] 
2023-10-24T00:43:16.177+0800: 456738.459: [GC (Allocation Failure) 2023-10-24T00:43:16.178+0800: 456738.459: [ParNew: 8835958K->901405K(9175040K), 0.1555660 secs] 45426990K->37498536K(65798144K), 0.1559301 secs] [Times: user=1.93 sys=0.65, real=0.15 secs] 
2023-10-24T00:43:41.092+0800: 456763.373: [GC (Allocation Failure) 2023-10-24T00:43:41.092+0800: 456763.373: [ParNew: 8765725K->1009023K(9175040K), 0.1607499 secs] 45362856K->37611937K(65798144K), 0.1611524 secs] [Times: user=2.01 sys=0.65, real=0.16 secs] 
2023-10-24T00:44:05.468+0800: 456787.749: [GC (Allocation Failure) 2023-10-24T00:44:05.468+0800: 456787.749: [ParNew: 8873343K->974911K(9175040K), 0.2293249 secs] 45476257K->37583655K(65798144K), 0.2297699 secs] [Times: user=1.92 sys=1.97, real=0.23 secs] 
2023-10-24T00:44:31.247+0800: 456813.529: [GC (Allocation Failure) 2023-10-24T00:44:31.248+0800: 456813.529: [ParNew: 8839231K->937065K(9175040K), 0.1588947 secs] 45447975K->37551658K(65798144K), 0.1592933 secs] [Times: user=0.71 sys=1.93, real=0.16 secs] 
2023-10-24T00:44:57.289+0800: 456839.570: [GC (Allocation Failure) 2023-10-24T00:44:57.289+0800: 456839.571: [ParNew: 8801385K->898248K(9175040K), 0.2256922 secs] 45415978K->37518720K(65798144K), 0.2261636 secs] [Times: user=1.90 sys=1.93, real=0.22 secs] 
2023-10-24T00:45:21.379+0800: 456863.660: [GC (Allocation Failure) 2023-10-24T00:45:21.379+0800: 456863.660: [ParNew: 8762568K->934793K(9175040K), 0.1324297 secs] 45383040K->37561178K(65798144K), 0.1327819 secs] [Times: user=0.83 sys=1.33, real=0.13 secs] 
2023-10-24T00:45:47.255+0800: 456889.536: [GC (Allocation Failure) 2023-10-24T00:45:47.255+0800: 456889.537: [ParNew: 8799113K->898740K(9175040K), 0.2065145 secs] 45425498K->37531537K(65798144K), 0.2069002 secs] [Times: user=1.80 sys=1.67, real=0.21 secs] 
2023-10-24T00:46:12.226+0800: 456914.507: [GC (Allocation Failure) 2023-10-24T00:46:12.226+0800: 456914.508: [ParNew: 8763060K->899054K(9175040K), 0.1399992 secs] 45395857K->37537739K(65798144K), 0.1403943 secs] [Times: user=0.91 sys=1.39, real=0.14 secs] 
2023-10-24T00:46:36.940+0800: 456939.221: [GC (Allocation Failure) 2023-10-24T00:46:36.940+0800: 456939.221: [ParNew: 8763374K->937909K(9175040K), 0.1840934 secs] 45402059K->37582801K(65798144K), 0.1844788 secs] [Times: user=1.73 sys=1.35, real=0.18 secs] 
2023-10-24T00:47:01.092+0800: 456963.373: [GC (Allocation Failure) 2023-10-24T00:47:01.092+0800: 456963.373: [ParNew: 8802229K->905011K(9175040K), 0.1361995 secs] 45447121K->37556074K(65798144K), 0.1365650 secs] [Times: user=2.05 sys=0.17, real=0.14 secs] 
2023-10-24T00:47:25.278+0800: 456987.559: [GC (Allocation Failure) 2023-10-24T00:47:25.278+0800: 456987.559: [ParNew: 8769331K->910275K(9175040K), 0.1899656 secs] 45420394K->37567630K(65798144K), 0.1904084 secs] [Times: user=1.76 sys=1.44, real=0.19 secs] 
2023-10-24T00:47:49.433+0800: 457011.714: [GC (Allocation Failure) 2023-10-24T00:47:49.433+0800: 457011.715: [ParNew: 8774595K->894089K(9175040K), 0.1454204 secs] 45431950K->37557620K(65798144K), 0.1458074 secs] [Times: user=1.06 sys=1.33, real=0.15 secs] 
2023-10-24T00:48:13.387+0800: 457035.668: [GC (Allocation Failure) 2023-10-24T00:48:13.387+0800: 457035.668: [ParNew: 8758409K->891205K(9175040K), 0.1958060 secs] 45421940K->37560923K(65798144K), 0.1962093 secs] [Times: user=1.93 sys=1.36, real=0.19 secs] 
2023-10-24T00:48:37.570+0800: 457059.851: [GC (Allocation Failure) 2023-10-24T00:48:37.570+0800: 457059.851: [ParNew: 8755525K->927532K(9175040K), 0.1311966 secs] 45425243K->37603397K(65798144K), 0.1315765 secs] [Times: user=0.90 sys=1.23, real=0.13 secs] 
2023-10-24T00:49:01.452+0800: 457083.734: [GC (Allocation Failure) 2023-10-24T00:49:01.453+0800: 457083.734: [ParNew: 8791852K->929436K(9175040K), 0.1824473 secs] 45467717K->37611482K(65798144K), 0.1828404 secs] [Times: user=1.75 sys=1.29, real=0.18 secs] 
2023-10-24T00:49:25.550+0800: 457107.831: [GC (Allocation Failure) 2023-10-24T00:49:25.550+0800: 457107.832: [ParNew: 8793756K->932372K(9175040K), 0.1323734 secs] 45475802K->37620454K(65798144K), 0.1327532 secs] [Times: user=0.92 sys=1.22, real=0.13 secs] 
2023-10-24T00:49:49.913+0800: 457132.195: [GC (Allocation Failure) 2023-10-24T00:49:49.914+0800: 457132.195: [ParNew: 8796692K->899829K(9175040K), 0.1899429 secs] 45484774K->37594015K(65798144K), 0.1903329 secs] [Times: user=1.86 sys=1.32, real=0.19 secs] 
2023-10-24T00:50:14.211+0800: 457156.493: [GC (Allocation Failure) 2023-10-24T00:50:14.212+0800: 457156.493: [ParNew: 8764149K->903977K(9175040K), 0.1296203 secs] 45458335K->37604192K(65798144K), 0.1299971 secs] [Times: user=0.90 sys=1.08, real=0.13 secs] 
2023-10-24T00:50:38.302+0800: 457180.583: [GC (Allocation Failure) 2023-10-24T00:50:38.302+0800: 457180.584: [ParNew: 8768297K->943134K(9175040K), 0.1871162 secs] 45468512K->37649510K(65798144K), 0.1875507 secs] [Times: user=1.81 sys=1.20, real=0.19 secs] 
2023-10-24T00:51:02.603+0800: 457204.884: [GC (Allocation Failure) 2023-10-24T00:51:02.603+0800: 457204.884: [ParNew: 8807454K->947123K(9175040K), 0.1408058 secs] 45513830K->37659682K(65798144K), 0.1411991 secs] [Times: user=2.11 sys=0.19, real=0.14 secs] 
2023-10-24T00:51:26.870+0800: 457229.151: [GC (Allocation Failure) 2023-10-24T00:51:26.870+0800: 457229.151: [ParNew: 8811443K->950201K(9175040K), 0.1838234 secs] 45524002K->37669039K(65798144K), 0.1842687 secs] [Times: user=0.57 sys=2.49, real=0.18 secs] 
2023-10-24T00:51:51.123+0800: 457253.404: [GC (Allocation Failure) 2023-10-24T00:51:51.123+0800: 457253.404: [ParNew: 8814521K->987514K(9175040K), 0.1324352 secs] 45533359K->37712488K(65798144K), 0.1328647 secs] [Times: user=2.08 sys=0.08, real=0.14 secs] 
2023-10-24T00:52:14.956+0800: 457277.237: [GC (Allocation Failure) 2023-10-24T00:52:14.956+0800: 457277.237: [ParNew: 8851834K->877769K(9175040K), 0.2053017 secs] 45576808K->37608914K(65798144K), 0.2057071 secs] [Times: user=1.93 sys=1.52, real=0.20 secs] 
2023-10-24T00:52:39.563+0800: 457301.844: [GC (Allocation Failure) 2023-10-24T00:52:39.563+0800: 457301.844: [ParNew: 8742089K->914964K(9175040K), 0.1374460 secs] 45473234K->37651956K(65798144K), 0.1378279 secs] [Times: user=2.08 sys=0.18, real=0.14 secs] 
2023-10-24T00:53:03.726+0800: 457326.007: [GC (Allocation Failure) 2023-10-24T00:53:03.726+0800: 457326.007: [ParNew: 8779284K->915155K(9175040K), 0.1976638 secs] 45516276K->37657934K(65798144K), 0.1981046 secs] [Times: user=1.91 sys=1.40, real=0.19 secs] 
2023-10-24T00:53:28.163+0800: 457350.444: [GC (Allocation Failure) 2023-10-24T00:53:28.163+0800: 457350.444: [ParNew: 8779475K->916997K(9175040K), 0.1482681 secs] 45522254K->37665502K(65798144K), 0.1486512 secs] [Times: user=0.99 sys=1.46, real=0.15 secs] 
2023-10-24T00:53:52.438+0800: 457374.719: [GC (Allocation Failure) 2023-10-24T00:53:52.438+0800: 457374.720: [ParNew: 8781317K->916445K(9175040K), 0.2171380 secs] 45529822K->37670681K(65798144K), 0.2175332 secs] [Times: user=1.81 sys=1.86, real=0.22 secs] 
2023-10-24T00:54:16.850+0800: 457399.131: [GC (Allocation Failure) 2023-10-24T00:54:16.850+0800: 457399.131: [ParNew: 8780765K->952884K(9175040K), 0.1405179 secs] 45535001K->37712842K(65798144K), 0.1409102 secs] [Times: user=0.94 sys=1.35, real=0.14 secs] 
2023-10-24T00:54:41.292+0800: 457423.573: [GC (Allocation Failure) 2023-10-24T00:54:41.292+0800: 457423.573: [ParNew: 8817204K->953015K(9175040K), 0.2155835 secs] 45577162K->37718675K(65798144K), 0.2159725 secs] [Times: user=1.82 sys=1.81, real=0.22 secs] 
2023-10-24T00:55:05.154+0800: 457447.436: [GC (Allocation Failure) 2023-10-24T00:55:05.155+0800: 457447.436: [ParNew: 8817335K->953847K(9175040K), 0.1455219 secs] 45582995K->37725263K(65798144K), 0.1458967 secs] [Times: user=2.08 sys=0.30, real=0.15 secs] 
2023-10-24T00:55:29.536+0800: 457471.818: [GC (Allocation Failure) 2023-10-24T00:55:29.537+0800: 457471.818: [ParNew: 8818167K->918746K(9175040K), 0.2146615 secs] 45589583K->37701646K(65798144K), 0.2150517 secs] [Times: user=0.63 sys=2.94, real=0.21 secs] 
2023-10-24T00:55:53.614+0800: 457495.895: [GC (Allocation Failure) 2023-10-24T00:55:53.614+0800: 457495.895: [ParNew: 8783066K->877108K(9175040K), 0.1382649 secs] 45565966K->37665746K(65798144K), 0.1386322 secs] [Times: user=2.08 sys=0.18, real=0.14 secs] 
2023-10-24T00:56:18.042+0800: 457520.323: [GC (Allocation Failure) 2023-10-24T00:56:18.042+0800: 457520.323: [ParNew: 8741428K->913141K(9175040K), 0.2003046 secs] 45530066K->37707519K(65798144K), 0.2006930 secs] [Times: user=0.55 sys=2.82, real=0.20 secs] 
2023-10-24T00:56:42.783+0800: 457545.064: [GC (Allocation Failure) 2023-10-24T00:56:42.783+0800: 457545.065: [ParNew: 8777461K->912307K(9175040K), 0.1456273 secs] 45571839K->37712498K(65798144K), 0.1460170 secs] [Times: user=2.06 sys=0.34, real=0.15 secs] 
2023-10-24T00:57:06.778+0800: 457569.060: [GC (Allocation Failure) 2023-10-24T00:57:06.779+0800: 457569.060: [ParNew: 8776627K->911889K(9175040K), 0.1857954 secs] 45576818K->37717849K(65798144K), 0.1861734 secs] [Times: user=1.83 sys=1.29, real=0.18 secs] 
2023-10-24T00:57:30.987+0800: 457593.269: [GC (Allocation Failure) 2023-10-24T00:57:30.988+0800: 457593.269: [ParNew: 8776209K->986927K(9175040K), 0.1289367 secs] 45582169K->37798648K(65798144K), 0.1293403 secs] [Times: user=0.95 sys=1.14, real=0.13 secs] 
2023-10-24T00:57:54.980+0800: 457617.261: [GC (Allocation Failure) 2023-10-24T00:57:54.980+0800: 457617.261: [ParNew: 8851247K->878161K(9175040K), 0.1921426 secs] 45662968K->37695655K(65798144K), 0.1925350 secs] [Times: user=1.82 sys=1.41, real=0.19 secs] 
2023-10-24T00:58:19.311+0800: 457641.592: [GC (Allocation Failure) 2023-10-24T00:58:19.311+0800: 457641.592: [ParNew: 8742481K->989956K(9175040K), 0.1349788 secs] 45559975K->37813239K(65798144K), 0.1354181 secs] [Times: user=0.93 sys=1.28, real=0.14 secs] 
2023-10-24T00:58:44.132+0800: 457666.413: [GC (Allocation Failure) 2023-10-24T00:58:44.132+0800: 457666.414: [ParNew: 8854276K->953531K(9175040K), 0.2020826 secs] 45677559K->37782691K(65798144K), 0.2024643 secs] [Times: user=1.78 sys=1.57, real=0.20 secs] 
2023-10-24T00:59:08.629+0800: 457690.911: [GC (Allocation Failure) 2023-10-24T00:59:08.630+0800: 457690.911: [ParNew: 8817851K->954003K(9175040K), 0.1389492 secs] 45647011K->37788940K(65798144K), 0.1393649 secs] [Times: user=2.06 sys=0.23, real=0.14 secs] 
2023-10-24T00:59:33.207+0800: 457715.488: [GC (Allocation Failure) 2023-10-24T00:59:33.207+0800: 457715.489: [ParNew: 8818323K->953753K(9175040K), 0.1950966 secs] 45653260K->37794452K(65798144K), 0.1955545 secs] [Times: user=0.64 sys=1.75, real=0.19 secs] 
2023-10-24T00:59:57.569+0800: 457739.850: [GC (Allocation Failure) 2023-10-24T00:59:57.569+0800: 457739.851: [ParNew: 8818073K->918511K(9175040K), 0.1321719 secs] 45658772K->37770786K(65798144K), 0.1325414 secs] [Times: user=0.89 sys=1.25, real=0.13 secs] 
2023-10-24T01:00:20.134+0800: 457762.416: [GC (Allocation Failure) 2023-10-24T01:00:20.135+0800: 457762.416: [ParNew: 8782831K->948839K(9175040K), 0.2052487 secs] 45635106K->37806899K(65798144K), 0.2056581 secs] [Times: user=1.95 sys=1.51, real=0.21 secs] 
2023-10-24T01:00:44.714+0800: 457786.996: [GC (Allocation Failure) 2023-10-24T01:00:44.715+0800: 457786.996: [ParNew: 8813159K->912895K(9175040K), 0.1514550 secs] 45671219K->37776745K(65798144K), 0.1518460 secs] [Times: user=0.93 sys=1.56, real=0.16 secs] 
2023-10-24T01:01:09.230+0800: 457811.511: [GC (Allocation Failure) 2023-10-24T01:01:09.230+0800: 457811.511: [ParNew: 8777215K->913505K(9175040K), 0.1995808 secs] 45641065K->37783264K(65798144K), 0.1999524 secs] [Times: user=1.84 sys=1.51, real=0.20 secs] 
2023-10-24T01:01:33.783+0800: 457836.064: [GC (Allocation Failure) 2023-10-24T01:01:33.783+0800: 457836.064: [ParNew: 8777825K->912278K(9175040K), 0.1558694 secs] 45647584K->37787853K(65798144K), 0.1562466 secs] [Times: user=0.89 sys=1.23, real=0.16 secs] 
2023-10-24T01:01:58.033+0800: 457860.314: [GC (Allocation Failure) 2023-10-24T01:01:58.033+0800: 457860.314: [ParNew: 8776598K->985713K(9175040K), 0.1910632 secs] 45652173K->37867100K(65798144K), 0.1914374 secs] [Times: user=1.88 sys=1.32, real=0.19 secs] 
2023-10-24T01:02:22.639+0800: 457884.920: [GC (Allocation Failure) 2023-10-24T01:02:22.639+0800: 457884.921: [ParNew: 8850033K->914012K(9175040K), 0.1369992 secs] 45731420K->37801454K(65798144K), 0.1373814 secs] [Times: user=1.98 sys=0.26, real=0.14 secs] 
2023-10-24T01:02:46.976+0800: 457909.257: [GC (Allocation Failure) 2023-10-24T01:02:46.976+0800: 457909.257: [ParNew: 8778332K->876627K(9175040K), 0.1853791 secs] 45665774K->37769587K(65798144K), 0.1858230 secs] [Times: user=1.74 sys=1.36, real=0.18 secs] 
2023-10-24T01:03:11.456+0800: 457933.737: [GC (Allocation Failure) 2023-10-24T01:03:11.456+0800: 457933.737: [ParNew: 8740947K->895064K(9175040K), 0.1332813 secs] 45633907K->37788023K(65798144K), 0.1336676 secs] [Times: user=0.94 sys=1.26, real=0.13 secs] 
2023-10-24T01:03:34.607+0800: 457956.888: [GC (Allocation Failure) 2023-10-24T01:03:34.607+0800: 457956.888: [ParNew: 8759384K->931817K(9175040K), 0.1745860 secs] 45652343K->37824776K(65798144K), 0.1750001 secs] [Times: user=1.93 sys=1.16, real=0.17 secs] 
2023-10-24T01:03:57.237+0800: 457979.519: [GC (Allocation Failure) 2023-10-24T01:03:57.238+0800: 457979.519: [ParNew: 8796137K->1051224K(9175040K), 0.1193748 secs] 45689096K->37949756K(65798144K), 0.1197815 secs] [Times: user=1.05 sys=0.99, real=0.12 secs] 
2023-10-24T01:04:20.324+0800: 458002.605: [GC (Allocation Failure) 2023-10-24T01:04:20.324+0800: 458002.605: [ParNew: 8915544K->948507K(9175040K), 0.1898533 secs] 45814076K->37852531K(65798144K), 0.1902558 secs] [Times: user=1.78 sys=1.40, real=0.19 secs] 
2023-10-24T01:04:44.343+0800: 458026.624: [GC (Allocation Failure) 2023-10-24T01:04:44.343+0800: 458026.625: [ParNew: 8812827K->991858K(9175040K), 0.1340515 secs] 45716851K->37906924K(65798144K), 0.1344177 secs] [Times: user=2.03 sys=0.14, real=0.14 secs] 
2023-10-24T01:05:08.278+0800: 458050.559: [GC (Allocation Failure) 2023-10-24T01:05:08.278+0800: 458050.559: [ParNew: 8856178K->915518K(9175040K), 0.1957081 secs] 45771244K->37836231K(65798144K), 0.1961215 secs] [Times: user=1.68 sys=1.60, real=0.19 secs] 
2023-10-24T01:05:32.590+0800: 458074.871: [GC (Allocation Failure) 2023-10-24T01:05:32.590+0800: 458074.872: [ParNew: 8779838K->952536K(9175040K), 0.1322107 secs] 45700551K->37878800K(65798144K), 0.1326065 secs] [Times: user=0.96 sys=1.20, real=0.13 secs] 
2023-10-24T01:05:56.782+0800: 458099.063: [GC (Allocation Failure) 2023-10-24T01:05:56.782+0800: 458099.063: [ParNew: 8816856K->951942K(9175040K), 0.2005969 secs] 45743120K->37884097K(65798144K), 0.2010485 secs] [Times: user=0.65 sys=2.72, real=0.20 secs] 
2023-10-24T01:06:21.018+0800: 458123.299: [GC (Allocation Failure) 2023-10-24T01:06:21.018+0800: 458123.299: [ParNew: 8816262K->917619K(9175040K), 0.1366196 secs] 45748417K->37860920K(65798144K), 0.1369968 secs] [Times: user=2.06 sys=0.16, real=0.13 secs] 
2023-10-24T01:06:45.737+0800: 458148.019: [GC (Allocation Failure) 2023-10-24T01:06:45.738+0800: 458148.019: [ParNew: 8781939K->911451K(9175040K), 0.2053096 secs] 45725240K->37854753K(65798144K), 0.2057542 secs] [Times: user=1.83 sys=1.65, real=0.20 secs] 
2023-10-24T01:07:10.522+0800: 458172.803: [GC (Allocation Failure) 2023-10-24T01:07:10.522+0800: 458172.803: [ParNew: 8775771K->953339K(9175040K), 0.1344310 secs] 45719073K->37907789K(65798144K), 0.1348072 secs] [Times: user=0.94 sys=1.23, real=0.14 secs] 
2023-10-24T01:07:35.323+0800: 458197.605: [GC (Allocation Failure) 2023-10-24T01:07:35.324+0800: 458197.605: [ParNew: 8817659K->948188K(9175040K), 0.2200346 secs] 45772109K->37908612K(65798144K), 0.2204337 secs] [Times: user=1.92 sys=1.81, real=0.22 secs] 
2023-10-24T01:07:59.512+0800: 458221.793: [GC (Allocation Failure) 2023-10-24T01:07:59.512+0800: 458221.793: [ParNew: 8812508K->947528K(9175040K), 0.1413685 secs] 45772932K->37913757K(65798144K), 0.1417655 secs] [Times: user=2.10 sys=0.21, real=0.14 secs] 
2023-10-24T01:08:24.123+0800: 458246.404: [GC (Allocation Failure) 2023-10-24T01:08:24.123+0800: 458246.404: [ParNew: 8811848K->948746K(9175040K), 0.2067409 secs] 45778077K->37920938K(65798144K), 0.2072016 secs] [Times: user=1.62 sys=1.81, real=0.21 secs] 
2023-10-24T01:08:48.632+0800: 458270.914: [GC (Allocation Failure) 2023-10-24T01:08:48.633+0800: 458270.914: [ParNew: 8813066K->911839K(9175040K), 0.1300123 secs] 45785258K->37889843K(65798144K), 0.1303796 secs] [Times: user=2.03 sys=0.08, real=0.13 secs] 
2023-10-24T01:09:13.123+0800: 458295.404: [GC (Allocation Failure) 2023-10-24T01:09:13.123+0800: 458295.404: [ParNew: 8776159K->908902K(9175040K), 0.1797565 secs] 45754163K->37886906K(65798144K), 0.1801920 secs] [Times: user=1.82 sys=1.21, real=0.18 secs] 
2023-10-24T01:09:37.736+0800: 458320.017: [GC (Allocation Failure) 2023-10-24T01:09:37.736+0800: 458320.017: [ParNew: 8773222K->947589K(9175040K), 0.1553926 secs] 45751226K->37931387K(65798144K), 0.1557722 secs] [Times: user=0.91 sys=1.66, real=0.15 secs] 
2023-10-24T01:10:01.968+0800: 458344.249: [GC (Allocation Failure) 2023-10-24T01:10:01.968+0800: 458344.249: [ParNew: 8811909K->911194K(9175040K), 0.1689485 secs] 45795707K->37900845K(65798144K), 0.1693740 secs] [Times: user=0.81 sys=2.00, real=0.17 secs] 
2023-10-24T01:10:25.783+0800: 458368.064: [GC (Allocation Failure) 2023-10-24T01:10:25.783+0800: 458368.064: [ParNew: 8775514K->875714K(9175040K), 0.1595299 secs] 45765165K->37871172K(65798144K), 0.1599120 secs] [Times: user=2.00 sys=0.64, real=0.16 secs] 
2023-10-24T01:10:50.668+0800: 458392.949: [GC (Allocation Failure) 2023-10-24T01:10:50.668+0800: 458392.949: [ParNew: 8740034K->913157K(9175040K), 0.2202629 secs] 45735492K->37914768K(65798144K), 0.2206571 secs] [Times: user=1.64 sys=2.07, real=0.22 secs] 
2023-10-24T01:11:14.623+0800: 458416.904: [GC (Allocation Failure) 2023-10-24T01:11:14.623+0800: 458416.904: [ParNew: 8777477K->913798K(9175040K), 0.1337408 secs] 45779088K->37921239K(65798144K), 0.1341265 secs] [Times: user=0.87 sys=1.31, real=0.14 secs] 
2023-10-24T01:11:39.214+0800: 458441.495: [GC (Allocation Failure) 2023-10-24T01:11:39.214+0800: 458441.495: [ParNew: 8778118K->875997K(9175040K), 0.2175668 secs] 45785559K->37889702K(65798144K), 0.2179490 secs] [Times: user=1.77 sys=1.91, real=0.22 secs] 
2023-10-24T01:12:02.757+0800: 458465.038: [GC (Allocation Failure) 2023-10-24T01:12:02.757+0800: 458465.039: [ParNew: 8740317K->986809K(9175040K), 0.1345300 secs] 45754022K->38006315K(65798144K), 0.1348962 secs] [Times: user=2.13 sys=0.05, real=0.13 secs] 
2023-10-24T01:12:27.506+0800: 458489.787: [GC (Allocation Failure) 2023-10-24T01:12:27.506+0800: 458489.787: [ParNew: 8851129K->879828K(9175040K), 0.1900477 secs] 45870635K->37905117K(65798144K), 0.1904786 secs] [Times: user=1.76 sys=1.41, real=0.20 secs] 
2023-10-24T01:12:51.978+0800: 458514.259: [GC (Allocation Failure) 2023-10-24T01:12:51.978+0800: 458514.259: [ParNew: 8744148K->990405K(9175040K), 0.1414202 secs] 45769437K->38021510K(65798144K), 0.1418037 secs] [Times: user=0.93 sys=1.52, real=0.14 secs] 
2023-10-24T01:13:16.462+0800: 458538.743: [GC (Allocation Failure) 2023-10-24T01:13:16.462+0800: 458538.743: [ParNew: 8854725K->918416K(9175040K), 0.2072767 secs] 45885830K->37961173K(65798144K), 0.2077272 secs] [Times: user=1.82 sys=1.64, real=0.21 secs] 
2023-10-24T01:13:40.399+0800: 458562.680: [GC (Allocation Failure) 2023-10-24T01:13:40.399+0800: 458562.680: [ParNew: 8782736K->986168K(9175040K), 0.1403046 secs] 45825493K->38034726K(65798144K), 0.1406883 secs] [Times: user=1.95 sys=0.34, real=0.14 secs] 
2023-10-24T01:14:05.079+0800: 458587.360: [GC (Allocation Failure) 2023-10-24T01:14:05.079+0800: 458587.361: [ParNew: 8850488K->913738K(9175040K), 0.1782333 secs] 45899046K->37968132K(65798144K), 0.1786263 secs] [Times: user=1.90 sys=1.05, real=0.18 secs] 
2023-10-24T01:14:28.634+0800: 458610.915: [GC (Allocation Failure) 2023-10-24T01:14:28.634+0800: 458610.916: [ParNew: 8778058K->950684K(9175040K), 0.1614857 secs] 45832452K->38010927K(65798144K), 0.1618800 secs] [Times: user=0.87 sys=1.81, real=0.17 secs] 
2023-10-24T01:14:53.715+0800: 458635.996: [GC (Allocation Failure) 2023-10-24T01:14:53.715+0800: 458635.996: [ParNew: 8815004K->990053K(9175040K), 0.2293653 secs] 45875247K->38056260K(65798144K), 0.2297738 secs] [Times: user=1.92 sys=1.97, real=0.23 secs] 
2023-10-24T01:15:16.484+0800: 458658.765: [GC (Allocation Failure) 2023-10-24T01:15:16.484+0800: 458658.765: [ParNew: 8854373K->953752K(9175040K), 0.1320782 secs] 45920580K->38025816K(65798144K), 0.1325188 secs] [Times: user=1.99 sys=0.15, real=0.14 secs] 
2023-10-24T01:15:41.563+0800: 458683.844: [GC (Allocation Failure) 2023-10-24T01:15:41.563+0800: 458683.845: [ParNew: 8818072K->919213K(9175040K), 0.2048065 secs] 45890136K->37997180K(65798144K), 0.2052160 secs] [Times: user=0.59 sys=2.38, real=0.21 secs] 
2023-10-24T01:16:05.935+0800: 458708.216: [GC (Allocation Failure) 2023-10-24T01:16:05.935+0800: 458708.216: [ParNew: 8783533K->993297K(9175040K), 0.1460781 secs] 45861500K->38077109K(65798144K), 0.1464655 secs] [Times: user=1.98 sys=0.41, real=0.15 secs] 
2023-10-24T01:16:30.810+0800: 458733.091: [GC (Allocation Failure) 2023-10-24T01:16:30.810+0800: 458733.092: [ParNew: 8857617K->882064K(9175040K), 0.2144833 secs] 45941429K->37971674K(65798144K), 0.2148957 secs] [Times: user=1.57 sys=2.05, real=0.21 secs] 
2023-10-24T01:16:55.241+0800: 458757.523: [GC (Allocation Failure) 2023-10-24T01:16:55.242+0800: 458757.523: [ParNew: 8746384K->881538K(9175040K), 0.1365410 secs] 45835994K->37976912K(65798144K), 0.1369146 secs] [Times: user=2.02 sys=0.21, real=0.14 secs] 
2023-10-24T01:17:19.983+0800: 458782.265: [GC (Allocation Failure) 2023-10-24T01:17:19.984+0800: 458782.265: [ParNew: 8745858K->898192K(9175040K), 0.2053840 secs] 45841232K->37993566K(65798144K), 0.2058058 secs] [Times: user=1.81 sys=1.66, real=0.21 secs] 
2023-10-24T01:17:44.487+0800: 458806.769: [GC (Allocation Failure) 2023-10-24T01:17:44.488+0800: 458806.769: [ParNew: 8762512K->1007988K(9175040K), 0.1379883 secs] 45857886K->38103362K(65798144K), 0.1383613 secs] [Times: user=0.91 sys=1.36, real=0.14 secs] 
2023-10-24T01:18:08.720+0800: 458831.001: [GC (Allocation Failure) 2023-10-24T01:18:08.720+0800: 458831.001: [ParNew: 8872308K->943610K(9175040K), 0.2039163 secs] 45967682K->38044755K(65798144K), 0.2044048 secs] [Times: user=1.76 sys=1.50, real=0.20 secs] 
2023-10-24T01:18:32.596+0800: 458854.877: [GC (Allocation Failure) 2023-10-24T01:18:32.596+0800: 458854.878: [ParNew: 8807930K->946981K(9175040K), 0.1375208 secs] 45909075K->38053858K(65798144K), 0.1378871 secs] [Times: user=2.04 sys=0.19, real=0.13 secs] 
2023-10-24T01:18:57.414+0800: 458879.696: [GC (Allocation Failure) 2023-10-24T01:18:57.415+0800: 458879.696: [ParNew: 8811301K->913353K(9175040K), 0.2060647 secs] 45918178K->38025875K(65798144K), 0.2066130 secs] [Times: user=1.61 sys=1.85, real=0.21 secs] 
2023-10-24T01:19:21.325+0800: 458903.607: [GC (Allocation Failure) 2023-10-24T01:19:21.326+0800: 458903.607: [ParNew: 8777673K->914481K(9175040K), 0.1328430 secs] 45890195K->38032974K(65798144K), 0.1332489 secs] [Times: user=0.90 sys=1.26, real=0.14 secs] 
2023-10-24T01:19:45.876+0800: 458928.157: [GC (Allocation Failure) 2023-10-24T01:19:45.876+0800: 458928.158: [ParNew: 8778801K->914566K(9175040K), 0.2053131 secs] 45897294K->38038893K(65798144K), 0.2057314 secs] [Times: user=0.89 sys=2.55, real=0.20 secs] 
2023-10-24T01:20:10.005+0800: 458952.286: [GC (Allocation Failure) 2023-10-24T01:20:10.005+0800: 458952.286: [ParNew: 8778886K->951685K(9175040K), 0.1526929 secs] 45903213K->38081731K(65798144K), 0.1530638 secs] [Times: user=2.10 sys=0.56, real=0.16 secs] 
2023-10-24T01:20:35.033+0800: 458977.314: [GC (Allocation Failure) 2023-10-24T01:20:35.033+0800: 458977.315: [ParNew: 8816005K->988281K(9175040K), 0.2010304 secs] 45946051K->38124105K(65798144K), 0.2014366 secs] [Times: user=1.97 sys=1.39, real=0.20 secs] 
2023-10-24T01:20:59.395+0800: 459001.676: [GC (Allocation Failure) 2023-10-24T01:20:59.395+0800: 459001.676: [ParNew: 8852601K->951549K(9175040K), 0.1406523 secs] 45988425K->38093132K(65798144K), 0.1410227 secs] [Times: user=2.04 sys=0.26, real=0.15 secs] 
2023-10-24T01:21:24.153+0800: 459026.434: [GC (Allocation Failure) 2023-10-24T01:21:24.153+0800: 459026.435: [ParNew: 8815869K->879602K(9175040K), 0.2028146 secs] 45957452K->38026906K(65798144K), 0.2033247 secs] [Times: user=2.06 sys=1.34, real=0.21 secs] 
2023-10-24T01:21:48.780+0800: 459051.061: [GC (Allocation Failure) 2023-10-24T01:21:48.780+0800: 459051.061: [ParNew: 8743922K->988870K(9175040K), 0.1783711 secs] 45891226K->38142172K(65798144K), 0.1787643 secs] [Times: user=2.19 sys=0.78, real=0.18 secs] 
2023-10-24T01:22:13.321+0800: 459075.602: [GC (Allocation Failure) 2023-10-24T01:22:13.321+0800: 459075.602: [ParNew: 8853190K->952530K(9175040K), 0.2129644 secs] 46006492K->38111588K(65798144K), 0.2133795 secs] [Times: user=1.86 sys=1.72, real=0.21 secs] 
2023-10-24T01:22:37.882+0800: 459100.163: [GC (Allocation Failure) 2023-10-24T01:22:37.882+0800: 459100.163: [ParNew: 8816850K->990203K(9175040K), 0.1426116 secs] 45975908K->38155027K(65798144K), 0.1429783 secs] [Times: user=1.01 sys=1.33, real=0.14 secs] 
2023-10-24T01:23:02.954+0800: 459125.236: [GC (Allocation Failure) 2023-10-24T01:23:02.955+0800: 459125.236: [ParNew: 8854523K->918383K(9175040K), 0.2182786 secs] 46019347K->38095090K(65798144K), 0.2186758 secs] [Times: user=1.78 sys=1.89, real=0.22 secs] 
2023-10-24T01:23:27.096+0800: 459149.377: [GC (Allocation Failure) 2023-10-24T01:23:27.096+0800: 459149.377: [ParNew: 8782703K->911990K(9175040K), 0.1349731 secs] 45959410K->38094514K(65798144K), 0.1353562 secs] [Times: user=0.99 sys=1.19, real=0.13 secs] 
2023-10-24T01:23:51.962+0800: 459174.244: [GC (Allocation Failure) 2023-10-24T01:23:51.963+0800: 459174.244: [ParNew: 8776310K->910770K(9175040K), 0.2086489 secs] 45958834K->38099165K(65798144K), 0.2091033 secs] [Times: user=1.73 sys=1.78, real=0.21 secs] 
2023-10-24T01:24:15.680+0800: 459197.962: [GC (Allocation Failure) 2023-10-24T01:24:15.681+0800: 459197.962: [ParNew: 8775090K->874372K(9175040K), 0.1349243 secs] 45963485K->38068614K(65798144K), 0.1353090 secs] [Times: user=0.91 sys=1.21, real=0.14 secs] 
2023-10-24T01:24:39.970+0800: 459222.251: [GC (Allocation Failure) 2023-10-24T01:24:39.970+0800: 459222.252: [ParNew: 8738692K->912032K(9175040K), 0.2163483 secs] 45932934K->38112119K(65798144K), 0.2167872 secs] [Times: user=1.82 sys=1.82, real=0.22 secs] 
2023-10-24T01:25:04.434+0800: 459246.715: [GC (Allocation Failure) 2023-10-24T01:25:04.434+0800: 459246.715: [ParNew: 8776352K->912376K(9175040K), 0.1496963 secs] 45976439K->38118369K(65798144K), 0.1500767 secs] [Times: user=2.12 sys=0.32, real=0.15 secs] 
2023-10-24T01:25:29.136+0800: 459271.417: [GC (Allocation Failure) 2023-10-24T01:25:29.136+0800: 459271.417: [ParNew: 8776696K->912918K(9175040K), 0.1963432 secs] 45982689K->38124708K(65798144K), 0.1967525 secs] [Times: user=0.61 sys=2.67, real=0.19 secs] 
2023-10-24T01:25:53.370+0800: 459295.651: [GC (Allocation Failure) 2023-10-24T01:25:53.370+0800: 459295.651: [ParNew: 8777238K->914292K(9175040K), 0.1611000 secs] 45989028K->38131926K(65798144K), 0.1614710 secs] [Times: user=2.42 sys=0.23, real=0.16 secs] 
2023-10-24T01:26:17.649+0800: 459319.930: [GC (Allocation Failure) 2023-10-24T01:26:17.649+0800: 459319.931: [ParNew: 8778612K->879321K(9175040K), 0.2204520 secs] 45996246K->38102787K(65798144K), 0.2208541 secs] [Times: user=2.01 sys=1.70, real=0.22 secs] 
2023-10-24T01:26:42.334+0800: 459344.615: [GC (Allocation Failure) 2023-10-24T01:26:42.334+0800: 459344.615: [ParNew: 8743641K->953045K(9175040K), 0.1424145 secs] 45967107K->38182359K(65798144K), 0.1428032 secs] [Times: user=1.05 sys=1.29, real=0.15 secs] 
2023-10-24T01:27:06.969+0800: 459369.250: [GC (Allocation Failure) 2023-10-24T01:27:06.969+0800: 459369.250: [ParNew: 8817365K->953483K(9175040K), 0.2078602 secs] 46046679K->38188594K(65798144K), 0.2082715 secs] [Times: user=1.79 sys=1.70, real=0.21 secs] 
2023-10-24T01:27:31.808+0800: 459394.090: [GC (Allocation Failure) 2023-10-24T01:27:31.809+0800: 459394.090: [ParNew: 8817803K->917522K(9175040K), 0.1397541 secs] 46052914K->38158927K(65798144K), 0.1401462 secs] [Times: user=2.00 sys=0.27, real=0.14 secs] 
2023-10-24T01:27:56.717+0800: 459418.998: [GC (Allocation Failure) 2023-10-24T01:27:56.717+0800: 459418.999: [ParNew: 8781842K->916995K(9175040K), 0.1968904 secs] 46023247K->38164271K(65798144K), 0.1973667 secs] [Times: user=1.79 sys=1.51, real=0.19 secs] 
2023-10-24T01:28:20.675+0800: 459442.956: [GC (Allocation Failure) 2023-10-24T01:28:20.675+0800: 459442.956: [ParNew: 8781315K->917913K(9175040K), 0.1416444 secs] 46028591K->38176877K(65798144K), 0.1420116 secs] [Times: user=0.91 sys=1.39, real=0.15 secs] 
2023-10-24T01:28:45.199+0800: 459467.481: [GC (Allocation Failure) 2023-10-24T01:28:45.200+0800: 459467.481: [ParNew: 8782233K->913287K(9175040K), 0.1943124 secs] 46041197K->38178273K(65798144K), 0.1946881 secs] [Times: user=1.80 sys=1.45, real=0.19 secs] 
2023-10-24T01:29:09.622+0800: 459491.903: [GC (Allocation Failure) 2023-10-24T01:29:09.622+0800: 459491.904: [ParNew: 8777607K->949315K(9175040K), 0.1345074 secs] 46042593K->38220141K(65798144K), 0.1348823 secs] [Times: user=1.02 sys=1.30, real=0.14 secs] 
2023-10-24T01:29:33.787+0800: 459516.068: [GC (Allocation Failure) 2023-10-24T01:29:33.787+0800: 459516.068: [ParNew: 8813635K->985327K(9175040K), 0.2041033 secs] 46084461K->38262063K(65798144K), 0.2045322 secs] [Times: user=0.72 sys=2.33, real=0.20 secs] 
2023-10-24T01:29:57.847+0800: 459540.128: [GC (Allocation Failure) 2023-10-24T01:29:57.847+0800: 459540.129: [ParNew: 8849647K->912773K(9175040K), 0.1413636 secs] 46126383K->38195262K(65798144K), 0.1417523 secs] [Times: user=2.08 sys=0.22, real=0.14 secs] 
2023-10-24T01:30:20.326+0800: 459562.608: [GC (Allocation Failure) 2023-10-24T01:30:20.327+0800: 459562.608: [ParNew: 8777093K->913416K(9175040K), 0.1938644 secs] 46059582K->38201685K(65798144K), 0.1942913 secs] [Times: user=2.07 sys=0.70, real=0.19 secs] 
2023-10-24T01:30:44.085+0800: 459586.366: [GC (Allocation Failure) 2023-10-24T01:30:44.085+0800: 459586.366: [ParNew: 8777736K->953800K(9175040K), 0.1471583 secs] 46066005K->38247917K(65798144K), 0.1475455 secs] [Times: user=2.02 sys=0.16, real=0.15 secs] 
2023-10-24T01:31:08.862+0800: 459611.143: [GC (Allocation Failure) 2023-10-24T01:31:08.862+0800: 459611.143: [ParNew: 8818120K->881938K(9175040K), 0.1805749 secs] 46112237K->38181941K(65798144K), 0.1810573 secs] [Times: user=1.80 sys=1.31, real=0.18 secs] 
2023-10-24T01:31:32.630+0800: 459634.911: [GC (Allocation Failure) 2023-10-24T01:31:32.630+0800: 459634.911: [ParNew: 8746258K->989222K(9175040K), 0.1612233 secs] 46046261K->38295064K(65798144K), 0.1616627 secs] [Times: user=0.82 sys=1.80, real=0.16 secs] 
2023-10-24T01:31:57.303+0800: 459659.584: [GC (Allocation Failure) 2023-10-24T01:31:57.304+0800: 459659.585: [ParNew: 8853542K->916968K(9175040K), 0.1777852 secs] 46159384K->38228671K(65798144K), 0.1782284 secs] [Times: user=0.76 sys=2.14, real=0.18 secs] 
2023-10-24T01:32:21.014+0800: 459683.295: [GC (Allocation Failure) 2023-10-24T01:32:21.014+0800: 459683.295: [ParNew: 8781288K->990295K(9175040K), 0.1620142 secs] 46092991K->38307837K(65798144K), 0.1624292 secs] [Times: user=2.11 sys=0.53, real=0.17 secs] 
2023-10-24T01:32:45.410+0800: 459707.691: [GC (Allocation Failure) 2023-10-24T01:32:45.410+0800: 459707.692: [ParNew: 8854615K->917928K(9175040K), 0.1648737 secs] 46172157K->38241442K(65798144K), 0.1652851 secs] [Times: user=1.94 sys=0.78, real=0.16 secs] 
2023-10-24T01:33:09.452+0800: 459731.733: [GC (Allocation Failure) 2023-10-24T01:33:09.452+0800: 459731.733: [ParNew: 8782248K->992851K(9175040K), 0.1626297 secs] 46105762K->38322296K(65798144K), 0.1630301 secs] [Times: user=1.00 sys=1.68, real=0.16 secs] 
2023-10-24T01:33:33.978+0800: 459756.260: [GC (Allocation Failure) 2023-10-24T01:33:33.979+0800: 459756.260: [ParNew: 8857171K->883058K(9175040K), 0.1262292 secs] 46186616K->38218406K(65798144K), 0.1266271 secs] [Times: user=0.96 sys=1.07, real=0.12 secs] 
2023-10-24T01:33:58.085+0800: 459780.366: [GC (Allocation Failure) 2023-10-24T01:33:58.085+0800: 459780.367: [ParNew: 8747378K->920204K(9175040K), 0.1897037 secs] 46082726K->38261370K(65798144K), 0.1900912 secs] [Times: user=1.79 sys=1.39, real=0.19 secs] 
2023-10-24T01:34:22.557+0800: 459804.839: [GC (Allocation Failure) 2023-10-24T01:34:22.557+0800: 459804.839: [ParNew: 8784524K->957075K(9175040K), 0.1322774 secs] 46125690K->38304094K(65798144K), 0.1327308 secs] [Times: user=2.10 sys=0.03, real=0.13 secs] 
2023-10-24T01:34:46.171+0800: 459828.453: [GC (Allocation Failure) 2023-10-24T01:34:46.172+0800: 459828.453: [ParNew: 8821395K->919843K(9175040K), 0.1822843 secs] 46168414K->38272672K(65798144K), 0.1826668 secs] [Times: user=1.78 sys=1.25, real=0.18 secs] 
2023-10-24T01:35:11.043+0800: 459853.324: [GC (Allocation Failure) 2023-10-24T01:35:11.043+0800: 459853.325: [ParNew: 8784163K->921180K(9175040K), 0.1237211 secs] 46136992K->38279863K(65798144K), 0.1241969 secs] [Times: user=0.98 sys=1.01, real=0.13 secs] 
2023-10-24T01:35:35.248+0800: 459877.529: [GC (Allocation Failure) 2023-10-24T01:35:35.248+0800: 459877.529: [ParNew: 8785500K->936437K(9175040K), 0.1860864 secs] 46144183K->38295120K(65798144K), 0.1864856 secs] [Times: user=1.74 sys=1.39, real=0.18 secs] 
2023-10-24T01:36:00.367+0800: 459902.648: [GC (Allocation Failure) 2023-10-24T01:36:00.367+0800: 459902.648: [ParNew: 8800757K->972005K(9175040K), 0.1264508 secs] 46159440K->38330688K(65798144K), 0.1268596 secs] [Times: user=2.14 sys=0.00, real=0.12 secs] 
2023-10-24T01:36:24.651+0800: 459926.932: [GC (Allocation Failure) 2023-10-24T01:36:24.651+0800: 459926.932: [ParNew: 8836325K->942154K(9175040K), 0.1918547 secs] 46195008K->38306615K(65798144K), 0.1922482 secs] [Times: user=1.80 sys=1.41, real=0.19 secs] 
2023-10-24T01:36:48.954+0800: 459951.236: [GC (Allocation Failure) 2023-10-24T01:36:48.955+0800: 459951.236: [ParNew: 8806474K->905695K(9175040K), 0.1253949 secs] 46170935K->38276156K(65798144K), 0.1259293 secs] [Times: user=2.12 sys=0.00, real=0.13 secs] 
2023-10-24T01:37:12.415+0800: 459974.696: [GC (Allocation Failure) 2023-10-24T01:37:12.415+0800: 459974.697: [ParNew: 8770015K->943209K(9175040K), 0.2129976 secs] 46140476K->38319415K(65798144K), 0.2134247 secs] [Times: user=2.11 sys=1.47, real=0.22 secs] 
2023-10-24T01:37:37.021+0800: 459999.302: [GC (Allocation Failure) 2023-10-24T01:37:37.021+0800: 459999.303: [ParNew: 8807529K->981821K(9175040K), 0.1222631 secs] 46183735K->38363833K(65798144K), 0.1226238 secs] [Times: user=0.95 sys=0.87, real=0.12 secs] 
2023-10-24T01:38:01.061+0800: 460023.342: [GC (Allocation Failure) 2023-10-24T01:38:01.061+0800: 460023.342: [ParNew: 8846141K->873309K(9175040K), 0.2100410 secs] 46228153K->38261096K(65798144K), 0.2104120 secs] [Times: user=2.10 sys=1.44, real=0.21 secs] 
2023-10-24T01:38:25.510+0800: 460047.791: [GC (Allocation Failure) 2023-10-24T01:38:25.510+0800: 460047.791: [ParNew: 8737629K->910815K(9175040K), 0.1335407 secs] 46125416K->38304392K(65798144K), 0.1339134 secs] [Times: user=2.14 sys=0.02, real=0.13 secs] 
2023-10-24T01:38:49.516+0800: 460071.797: [GC (Allocation Failure) 2023-10-24T01:38:49.516+0800: 460071.797: [ParNew: 8775135K->911573K(9175040K), 0.1926949 secs] 46168712K->38310952K(65798144K), 0.1931256 secs] [Times: user=1.91 sys=1.32, real=0.20 secs] 
2023-10-24T01:39:14.469+0800: 460096.751: [GC (Allocation Failure) 2023-10-24T01:39:14.470+0800: 460096.751: [ParNew: 8775893K->950211K(9175040K), 0.1310743 secs] 46175272K->38355570K(65798144K), 0.1314782 secs] [Times: user=1.01 sys=1.11, real=0.13 secs] 
2023-10-24T01:39:38.520+0800: 460120.801: [GC (Allocation Failure) 2023-10-24T01:39:38.520+0800: 460120.801: [ParNew: 8814531K->912772K(9175040K), 0.1947124 secs] 46219890K->38323908K(65798144K), 0.1951122 secs] [Times: user=1.76 sys=1.50, real=0.19 secs] 
2023-10-24T01:40:03.242+0800: 460145.524: [GC (Allocation Failure) 2023-10-24T01:40:03.242+0800: 460145.524: [ParNew: 8777092K->913292K(9175040K), 0.1265154 secs] 46188228K->38330211K(65798144K), 0.1268893 secs] [Times: user=2.14 sys=0.00, real=0.13 secs] 
2023-10-24T01:40:27.305+0800: 460169.586: [GC (Allocation Failure) 2023-10-24T01:40:27.305+0800: 460169.586: [ParNew: 8777612K->877352K(9175040K), 0.2188452 secs] 46194531K->38300001K(65798144K), 0.2192461 secs] [Times: user=1.05 sys=2.64, real=0.22 secs] 
2023-10-24T01:40:51.923+0800: 460194.205: [GC (Allocation Failure) 2023-10-24T01:40:51.924+0800: 460194.205: [ParNew: 8741672K->951564K(9175040K), 0.1298449 secs] 46164321K->38380048K(65798144K), 0.1302149 secs] [Times: user=2.21 sys=0.03, real=0.13 secs] 
2023-10-24T01:41:16.372+0800: 460218.653: [GC (Allocation Failure) 2023-10-24T01:41:16.372+0800: 460218.653: [ParNew: 8815884K->915929K(9175040K), 0.1910242 secs] 46244368K->38350178K(65798144K), 0.1914419 secs] [Times: user=1.77 sys=1.44, real=0.19 secs] 
2023-10-24T01:41:41.337+0800: 460243.619: [GC (Allocation Failure) 2023-10-24T01:41:41.338+0800: 460243.619: [ParNew: 8780249K->915523K(9175040K), 0.1258891 secs] 46214498K->38355631K(65798144K), 0.1262932 secs] [Times: user=2.10 sys=0.00, real=0.12 secs] 
2023-10-24T01:42:05.153+0800: 460267.434: [GC (Allocation Failure) 2023-10-24T01:42:05.153+0800: 460267.434: [ParNew: 8779843K->878142K(9175040K), 0.1888958 secs] 46219951K->38324060K(65798144K), 0.1892997 secs] [Times: user=1.84 sys=1.32, real=0.19 secs] 
2023-10-24T01:42:29.752+0800: 460292.034: [GC (Allocation Failure) 2023-10-24T01:42:29.753+0800: 460292.034: [ParNew: 8742462K->989532K(9175040K), 0.1361665 secs] 46188380K->38441239K(65798144K), 0.1366103 secs] [Times: user=1.03 sys=1.17, real=0.14 secs] 
2023-10-24T01:42:54.121+0800: 460316.402: [GC (Allocation Failure) 2023-10-24T01:42:54.121+0800: 460316.403: [ParNew: 8853852K->952035K(9175040K), 0.1871396 secs] 46305559K->38409506K(65798144K), 0.1876412 secs] [Times: user=1.86 sys=1.20, real=0.19 secs] 
2023-10-24T01:43:19.214+0800: 460341.495: [GC (Allocation Failure) 2023-10-24T01:43:19.214+0800: 460341.496: [ParNew: 8816355K->951768K(9175040K), 0.1296601 secs] 46273826K->38415073K(65798144K), 0.1300377 secs] [Times: user=0.98 sys=1.13, real=0.13 secs] 
2023-10-24T01:43:42.937+0800: 460365.219: [GC (Allocation Failure) 2023-10-24T01:43:42.938+0800: 460365.219: [ParNew: 8816088K->987404K(9175040K), 0.1908575 secs] 46279393K->38456501K(65798144K), 0.1912441 secs] [Times: user=1.86 sys=1.33, real=0.19 secs] 
2023-10-24T01:44:07.533+0800: 460389.814: [GC (Allocation Failure) 2023-10-24T01:44:07.533+0800: 460389.815: [ParNew: 8851724K->951998K(9175040K), 0.1318623 secs] 46320821K->38426884K(65798144K), 0.1322475 secs] [Times: user=2.11 sys=0.02, real=0.13 secs] 
2023-10-24T01:44:31.654+0800: 460413.935: [GC (Allocation Failure) 2023-10-24T01:44:31.654+0800: 460413.936: [ParNew: 8816318K->953695K(9175040K), 0.1872032 secs] 46291204K->38434353K(65798144K), 0.1875958 secs] [Times: user=1.82 sys=1.31, real=0.19 secs] 
2023-10-24T01:44:54.661+0800: 460436.942: [GC (Allocation Failure) 2023-10-24T01:44:54.661+0800: 460436.942: [ParNew: 8818015K->918465K(9175040K), 0.1343931 secs] 46298673K->38411155K(65798144K), 0.1348289 secs] [Times: user=2.22 sys=0.07, real=0.14 secs] 
2023-10-24T01:45:16.520+0800: 460458.801: [GC (Allocation Failure) 2023-10-24T01:45:16.520+0800: 460458.802: [ParNew: 8782785K->878825K(9175040K), 0.1874467 secs] 46275475K->38377323K(65798144K), 0.1878711 secs] [Times: user=1.98 sys=1.33, real=0.19 secs] 
2023-10-24T01:45:40.267+0800: 460482.548: [GC (Allocation Failure) 2023-10-24T01:45:40.267+0800: 460482.548: [ParNew: 8743145K->956702K(9175040K), 0.1343520 secs] 46241643K->38466856K(65798144K), 0.1347566 secs] [Times: user=2.15 sys=0.02, real=0.13 secs] 
2023-10-24T01:46:04.607+0800: 460506.888: [GC (Allocation Failure) 2023-10-24T01:46:04.607+0800: 460506.888: [ParNew: 8821022K->952267K(9175040K), 0.2010894 secs] 46331176K->38468231K(65798144K), 0.2015004 secs] [Times: user=1.65 sys=1.72, real=0.20 secs] 
2023-10-24T01:46:28.810+0800: 460531.092: [GC (Allocation Failure) 2023-10-24T01:46:28.811+0800: 460531.092: [ParNew: 8816587K->953069K(9175040K), 0.1318973 secs] 46332551K->38474892K(65798144K), 0.1322790 secs] [Times: user=0.91 sys=1.23, real=0.13 secs] 
2023-10-24T01:46:53.578+0800: 460555.859: [GC (Allocation Failure) 2023-10-24T01:46:53.578+0800: 460555.859: [ParNew: 8817389K->878575K(9175040K), 0.2019579 secs] 46339212K->38406232K(65798144K), 0.2023618 secs] [Times: user=1.63 sys=1.76, real=0.20 secs] 
2023-10-24T01:47:17.865+0800: 460580.146: [GC (Allocation Failure) 2023-10-24T01:47:17.865+0800: 460580.146: [ParNew: 8742895K->987902K(9175040K), 0.1320301 secs] 46270552K->38521438K(65798144K), 0.1324486 secs] [Times: user=2.00 sys=0.13, real=0.14 secs] 
2023-10-24T01:47:42.072+0800: 460604.353: [GC (Allocation Failure) 2023-10-24T01:47:42.072+0800: 460604.354: [ParNew: 8852222K->914275K(9175040K), 0.2093818 secs] 46385758K->38453624K(65798144K), 0.2098255 secs] [Times: user=1.68 sys=1.84, real=0.21 secs] 
2023-10-24T01:48:06.394+0800: 460628.675: [GC (Allocation Failure) 2023-10-24T01:48:06.394+0800: 460628.676: [ParNew: 8778595K->952216K(9175040K), 0.1397190 secs] 46317944K->38497428K(65798144K), 0.1401063 secs] [Times: user=2.11 sys=0.17, real=0.14 secs] 
2023-10-24T01:48:30.492+0800: 460652.773: [GC (Allocation Failure) 2023-10-24T01:48:30.492+0800: 460652.773: [ParNew: 8816536K->916988K(9175040K), 0.1996637 secs] 46361748K->38468000K(65798144K), 0.2001229 secs] [Times: user=0.58 sys=2.78, real=0.20 secs] 
2023-10-24T01:48:54.248+0800: 460676.529: [GC (Allocation Failure) 2023-10-24T01:48:54.248+0800: 460676.529: [ParNew: 8781308K->955574K(9175040K), 0.1366871 secs] 46332320K->38512425K(65798144K), 0.1370623 secs] [Times: user=2.11 sys=0.11, real=0.13 secs] 
2023-10-24T01:49:17.767+0800: 460700.048: [GC (Allocation Failure) 2023-10-24T01:49:17.767+0800: 460700.048: [ParNew: 8819894K->920353K(9175040K), 0.1864316 secs] 46376745K->38483024K(65798144K), 0.1868699 secs] [Times: user=1.78 sys=1.33, real=0.18 secs] 
2023-10-24T01:49:41.361+0800: 460723.642: [GC (Allocation Failure) 2023-10-24T01:49:41.361+0800: 460723.642: [ParNew: 8784673K->1033387K(9175040K), 0.1397423 secs] 46347344K->38601886K(65798144K), 0.1401524 secs] [Times: user=1.95 sys=0.33, real=0.14 secs] 
2023-10-24T01:50:05.135+0800: 460747.416: [GC (Allocation Failure) 2023-10-24T01:50:05.135+0800: 460747.417: [ParNew: 8897707K->960297K(9175040K), 0.1726540 secs] 46466206K->38534754K(65798144K), 0.1731231 secs] [Times: user=0.74 sys=2.12, real=0.18 secs] 
2023-10-24T01:50:28.165+0800: 460770.446: [GC (Allocation Failure) 2023-10-24T01:50:28.165+0800: 460770.447: [ParNew: 8824617K->1031250K(9175040K), 0.1606608 secs] 46399074K->38611599K(65798144K), 0.1611243 secs] [Times: user=0.85 sys=1.80, real=0.17 secs] 
2023-10-24T01:50:51.784+0800: 460794.065: [GC (Allocation Failure) 2023-10-24T01:50:51.784+0800: 460794.066: [ParNew: 8895570K->920618K(9175040K), 0.1630551 secs] 46475919K->38507035K(65798144K), 0.1635055 secs] [Times: user=1.88 sys=0.80, real=0.17 secs] 
2023-10-24T01:51:15.134+0800: 460817.415: [GC (Allocation Failure) 2023-10-24T01:51:15.134+0800: 460817.415: [ParNew: 8784938K->958111K(9175040K), 0.1551078 secs] 46371355K->38550314K(65798144K), 0.1554995 secs] [Times: user=1.99 sys=0.56, real=0.16 secs] 
2023-10-24T01:51:38.842+0800: 460841.123: [GC (Allocation Failure) 2023-10-24T01:51:38.842+0800: 460841.123: [ParNew: 8822431K->957494K(9175040K), 0.1216986 secs] 46414634K->38555439K(65798144K), 0.1221152 secs] [Times: user=0.96 sys=1.00, real=0.12 secs] 
2023-10-24T01:52:02.282+0800: 460864.563: [GC (Allocation Failure) 2023-10-24T01:52:02.282+0800: 460864.564: [ParNew: 8821814K->996463K(9175040K), 0.1934725 secs] 46419759K->38600163K(65798144K), 0.1938758 secs] [Times: user=1.89 sys=1.36, real=0.20 secs] 
2023-10-24T01:52:26.720+0800: 460889.001: [GC (Allocation Failure) 2023-10-24T01:52:26.720+0800: 460889.001: [ParNew: 8860783K->925298K(9175040K), 0.1632141 secs] 46464483K->38534768K(65798144K), 0.1636802 secs] [Times: user=1.95 sys=0.76, real=0.16 secs] 
2023-10-24T01:52:50.844+0800: 460913.125: [GC (Allocation Failure) 2023-10-24T01:52:50.844+0800: 460913.125: [ParNew: 8789618K->999846K(9175040K), 0.1620955 secs] 46399088K->38615129K(65798144K), 0.1624953 secs] [Times: user=2.10 sys=0.58, real=0.17 secs] 
2023-10-24T01:53:15.074+0800: 460937.355: [GC (Allocation Failure) 2023-10-24T01:53:15.074+0800: 460937.356: [ParNew: 8864166K->963073K(9175040K), 0.1559589 secs] 46479449K->38584145K(65798144K), 0.1564180 secs] [Times: user=1.93 sys=0.64, real=0.16 secs] 
2023-10-24T01:53:38.776+0800: 460961.058: [GC (Allocation Failure) 2023-10-24T01:53:38.777+0800: 460961.058: [ParNew: 8827393K->926903K(9175040K), 0.1554901 secs] 46448465K->38553768K(65798144K), 0.1558978 secs] [Times: user=2.08 sys=0.49, real=0.15 secs] 
2023-10-24T01:54:02.941+0800: 460985.222: [GC (Allocation Failure) 2023-10-24T01:54:02.941+0800: 460985.222: [ParNew: 8791223K->928373K(9175040K), 0.1278803 secs] 46418088K->38561088K(65798144K), 0.1283093 secs] [Times: user=0.96 sys=1.11, real=0.13 secs] 
2023-10-24T01:54:26.654+0800: 461008.935: [GC (Allocation Failure) 2023-10-24T01:54:26.654+0800: 461008.936: [ParNew: 8792693K->964902K(9175040K), 0.1834473 secs] 46425408K->38603566K(65798144K), 0.1838808 secs] [Times: user=1.82 sys=1.24, real=0.19 secs] 
2023-10-24T01:54:50.633+0800: 461032.914: [GC (Allocation Failure) 2023-10-24T01:54:50.633+0800: 461032.915: [ParNew: 8829222K->927413K(9175040K), 0.1300138 secs] 46467886K->38571860K(65798144K), 0.1304217 secs] [Times: user=2.20 sys=0.00, real=0.13 secs] 
2023-10-24T01:55:14.577+0800: 461056.859: [GC (Allocation Failure) 2023-10-24T01:55:14.578+0800: 461056.859: [ParNew: 8791733K->927628K(9175040K), 0.1812279 secs] 46436180K->38577689K(65798144K), 0.1816561 secs] [Times: user=0.63 sys=2.39, real=0.18 secs] 
2023-10-24T01:55:38.680+0800: 461080.962: [GC (Allocation Failure) 2023-10-24T01:55:38.681+0800: 461080.962: [ParNew: 8791948K->927201K(9175040K), 0.1254977 secs] 46442009K->38583170K(65798144K), 0.1259061 secs] [Times: user=0.95 sys=1.07, real=0.13 secs] 
2023-10-24T01:56:02.358+0800: 461104.639: [GC (Allocation Failure) 2023-10-24T01:56:02.358+0800: 461104.639: [ParNew: 8791521K->963515K(9175040K), 0.1873948 secs] 46447490K->38625541K(65798144K), 0.1878097 secs] [Times: user=0.75 sys=2.38, real=0.19 secs] 
2023-10-24T01:56:26.560+0800: 461128.841: [GC (Allocation Failure) 2023-10-24T01:56:26.560+0800: 461128.841: [ParNew: 8827835K->925716K(9175040K), 0.1363106 secs] 46489861K->38593561K(65798144K), 0.1367231 secs] [Times: user=0.99 sys=1.22, real=0.14 secs] 
2023-10-24T01:56:50.443+0800: 461152.724: [GC (Allocation Failure) 2023-10-24T01:56:50.443+0800: 461152.724: [ParNew: 8790036K->922957K(9175040K), 0.1926182 secs] 46457881K->38596564K(65798144K), 0.1930713 secs] [Times: user=0.78 sys=2.44, real=0.20 secs] 
2023-10-24T01:57:14.572+0800: 461176.854: [GC (Allocation Failure) 2023-10-24T01:57:14.573+0800: 461176.854: [ParNew: 8787277K->959005K(9175040K), 0.1335506 secs] 46460884K->38638522K(65798144K), 0.1339575 secs] [Times: user=2.02 sys=0.14, real=0.14 secs] 
2023-10-24T01:57:38.544+0800: 461200.825: [GC (Allocation Failure) 2023-10-24T01:57:38.544+0800: 461200.825: [ParNew: 8823325K->922624K(9175040K), 0.1884850 secs] 46502842K->38607911K(65798144K), 0.1889015 secs] [Times: user=1.65 sys=1.49, real=0.19 secs] 
2023-10-24T01:58:02.069+0800: 461224.350: [GC (Allocation Failure) 2023-10-24T01:58:02.069+0800: 461224.351: [ParNew: 8786944K->960577K(9175040K), 0.1369884 secs] 46472231K->38651665K(65798144K), 0.1374015 secs] [Times: user=0.94 sys=1.30, real=0.14 secs] 
2023-10-24T01:58:25.313+0800: 461247.594: [GC (Allocation Failure) 2023-10-24T01:58:25.313+0800: 461247.594: [ParNew: 8824897K->962673K(9175040K), 0.1878548 secs] 46515985K->38659544K(65798144K), 0.1882861 secs] [Times: user=1.81 sys=1.32, real=0.19 secs] 
2023-10-24T01:58:48.719+0800: 461271.000: [GC (Allocation Failure) 2023-10-24T01:58:48.719+0800: 461271.000: [ParNew: 8826993K->943999K(9175040K), 0.1323442 secs] 46523864K->38640870K(65798144K), 0.1327496 secs] [Times: user=0.94 sys=0.85, real=0.13 secs] 
2023-10-24T01:59:12.249+0800: 461294.530: [GC (Allocation Failure) 2023-10-24T01:59:12.249+0800: 461294.530: [ParNew: 8808319K->946362K(9175040K), 0.1941976 secs] 46505190K->38649199K(65798144K), 0.1946814 secs] [Times: user=1.77 sys=1.47, real=0.19 secs] 
2023-10-24T01:59:36.095+0800: 461318.376: [GC (Allocation Failure) 2023-10-24T01:59:36.095+0800: 461318.376: [ParNew: 8810682K->911560K(9175040K), 0.1317641 secs] 46513519K->38620231K(65798144K), 0.1321880 secs] [Times: user=0.98 sys=1.15, real=0.14 secs] 
2023-10-24T01:59:59.977+0800: 461342.258: [GC (Allocation Failure) 2023-10-24T01:59:59.977+0800: 461342.258: [ParNew: 8775880K->948990K(9175040K), 0.1902938 secs] 46484551K->38663458K(65798144K), 0.1907515 secs] [Times: user=0.58 sys=2.60, real=0.19 secs] 
2023-10-24T02:00:22.707+0800: 461364.989: [GC (Allocation Failure) 2023-10-24T02:00:22.708+0800: 461364.989: [ParNew: 8813310K->949459K(9175040K), 0.1279963 secs] 46527778K->38669717K(65798144K), 0.1284728 secs] [Times: user=0.93 sys=1.14, real=0.13 secs] 
2023-10-24T02:00:46.210+0800: 461388.491: [GC (Allocation Failure) 2023-10-24T02:00:46.210+0800: 461388.491: [ParNew: 8813779K->951145K(9175040K), 0.1699732 secs] 46534037K->38677161K(65798144K), 0.1704316 secs] [Times: user=2.02 sys=0.80, real=0.17 secs] 
2023-10-24T02:01:09.444+0800: 461411.725: [GC (Allocation Failure) 2023-10-24T02:01:09.444+0800: 461411.725: [ParNew: 8815465K->989579K(9175040K), 0.1619204 secs] 46541481K->38721399K(65798144K), 0.1623387 secs] [Times: user=1.92 sys=0.75, real=0.17 secs] 
2023-10-24T02:01:32.715+0800: 461434.997: [GC (Allocation Failure) 2023-10-24T02:01:32.716+0800: 461434.997: [ParNew: 8853899K->953306K(9175040K), 0.1654233 secs] 46585719K->38690936K(65798144K), 0.1658425 secs] [Times: user=1.88 sys=0.84, real=0.17 secs] 
2023-10-24T02:01:56.124+0800: 461458.405: [GC (Allocation Failure) 2023-10-24T02:01:56.124+0800: 461458.406: [ParNew: 8817626K->955611K(9175040K), 0.1569779 secs] 46555256K->38704807K(65798144K), 0.1574659 secs] [Times: user=2.04 sys=0.52, real=0.16 secs] 
2023-10-24T02:02:20.192+0800: 461482.473: [GC (Allocation Failure) 2023-10-24T02:02:20.192+0800: 461482.474: [ParNew: 8819931K->914950K(9175040K), 0.1199801 secs] 46569127K->38670061K(65798144K), 0.1204468 secs] [Times: user=2.11 sys=0.00, real=0.12 secs] 
2023-10-24T02:02:44.001+0800: 461506.282: [GC (Allocation Failure) 2023-10-24T02:02:44.001+0800: 461506.282: [ParNew: 8779270K->914240K(9175040K), 0.1851703 secs] 46534381K->38674911K(65798144K), 0.1855893 secs] [Times: user=0.66 sys=2.32, real=0.19 secs] 
2023-10-24T02:03:07.868+0800: 461530.149: [GC (Allocation Failure) 2023-10-24T02:03:07.868+0800: 461530.149: [ParNew: 8778560K->988621K(9175040K), 0.1232084 secs] 46539231K->38754801K(65798144K), 0.1236149 secs] [Times: user=2.06 sys=0.00, real=0.12 secs] 
2023-10-24T02:03:30.914+0800: 461553.195: [GC (Allocation Failure) 2023-10-24T02:03:30.914+0800: 461553.195: [ParNew: 8852941K->988708K(9175040K), 0.1819786 secs] 46619121K->38760423K(65798144K), 0.1824867 secs] [Times: user=1.80 sys=1.23, real=0.19 secs] 
2023-10-24T02:03:55.148+0800: 461577.430: [GC (Allocation Failure) 2023-10-24T02:03:55.148+0800: 461577.430: [ParNew: 8853028K->953787K(9175040K), 0.1312826 secs] 46624743K->38731032K(65798144K), 0.1317215 secs] [Times: user=2.04 sys=0.09, real=0.13 secs] 
2023-10-24T02:04:19.334+0800: 461601.615: [GC (Allocation Failure) 2023-10-24T02:04:19.334+0800: 461601.616: [ParNew: 8818107K->953585K(9175040K), 0.1753057 secs] 46595352K->38736370K(65798144K), 0.1756930 secs] [Times: user=0.68 sys=2.24, real=0.18 secs] 
2023-10-24T02:04:43.354+0800: 461625.636: [GC (Allocation Failure) 2023-10-24T02:04:43.355+0800: 461625.636: [ParNew: 8817905K->915903K(9175040K), 0.1298636 secs] 46600690K->38704248K(65798144K), 0.1302582 secs] [Times: user=0.95 sys=0.33, real=0.13 secs] 
2023-10-24T02:05:06.506+0800: 461648.787: [GC (Allocation Failure) 2023-10-24T02:05:06.506+0800: 461648.787: [ParNew: 8780223K->953483K(9175040K), 0.1897400 secs] 46568568K->38747402K(65798144K), 0.1902378 secs] [Times: user=0.62 sys=2.56, real=0.19 secs] 
2023-10-24T02:05:30.133+0800: 461672.414: [GC (Allocation Failure) 2023-10-24T02:05:30.133+0800: 461672.414: [ParNew: 8817803K->992759K(9175040K), 0.1350333 secs] 46611722K->38792415K(65798144K), 0.1354348 secs] [Times: user=1.03 sys=1.17, real=0.14 secs] 
2023-10-24T02:05:53.558+0800: 461695.839: [GC (Allocation Failure) 2023-10-24T02:05:53.558+0800: 461695.839: [ParNew: 8857079K->956190K(9175040K), 0.1873588 secs] 46656735K->38761410K(65798144K), 0.1878027 secs] [Times: user=1.80 sys=1.34, real=0.18 secs] 
2023-10-24T02:06:17.000+0800: 461719.281: [GC (Allocation Failure) 2023-10-24T02:06:17.000+0800: 461719.281: [ParNew: 8820510K->956842K(9175040K), 0.1315606 secs] 46625730K->38767645K(65798144K), 0.1320138 secs] [Times: user=0.98 sys=1.14, real=0.13 secs] 
2023-10-24T02:06:40.521+0800: 461742.803: [GC (Allocation Failure) 2023-10-24T02:06:40.522+0800: 461742.803: [ParNew: 8821162K->918936K(9175040K), 0.1972595 secs] 46631965K->38735359K(65798144K), 0.1977012 secs] [Times: user=1.67 sys=1.64, real=0.20 secs] 
2023-10-24T02:07:04.856+0800: 461767.137: [GC (Allocation Failure) 2023-10-24T02:07:04.856+0800: 461767.138: [ParNew: 8783256K->956100K(9175040K), 0.1363083 secs] 46599679K->38778165K(65798144K), 0.1367573 secs] [Times: user=0.96 sys=1.21, real=0.13 secs] 
2023-10-24T02:07:29.045+0800: 461791.327: [GC (Allocation Failure) 2023-10-24T02:07:29.046+0800: 461791.327: [ParNew: 8820420K->992634K(9175040K), 0.1973530 secs] 46642485K->38820383K(65798144K), 0.1977912 secs] [Times: user=0.53 sys=2.78, real=0.20 secs] 
2023-10-24T02:07:53.805+0800: 461816.086: [GC (Allocation Failure) 2023-10-24T02:07:53.805+0800: 461816.086: [ParNew: 8856954K->956037K(9175040K), 0.1381773 secs] 46684703K->38789546K(65798144K), 0.1385795 secs] [Times: user=2.12 sys=0.13, real=0.14 secs] 
2023-10-24T02:08:18.121+0800: 461840.402: [GC (Allocation Failure) 2023-10-24T02:08:18.121+0800: 461840.402: [ParNew: 8820357K->918194K(9175040K), 0.2044181 secs] 46653866K->38757496K(65798144K), 0.2049135 secs] [Times: user=1.78 sys=1.65, real=0.21 secs] 
2023-10-24T02:08:42.813+0800: 461865.094: [GC (Allocation Failure) 2023-10-24T02:08:42.813+0800: 461865.094: [ParNew: 8782514K->953304K(9175040K), 0.1361938 secs] 46621816K->38798400K(65798144K), 0.1366148 secs] [Times: user=2.09 sys=0.12, real=0.14 secs] 
2023-10-24T02:09:07.288+0800: 461889.569: [GC (Allocation Failure) 2023-10-24T02:09:07.288+0800: 461889.569: [ParNew: 8817624K->914425K(9175040K), 0.1910982 secs] 46662720K->38765292K(65798144K), 0.1915016 secs] [Times: user=1.61 sys=1.58, real=0.19 secs] 
2023-10-24T02:09:31.377+0800: 461913.659: [GC (Allocation Failure) 2023-10-24T02:09:31.378+0800: 461913.659: [ParNew: 8778745K->987807K(9175040K), 0.1397633 secs] 46629612K->38844468K(65798144K), 0.1401648 secs] [Times: user=1.01 sys=1.27, real=0.14 secs] 
2023-10-24T02:09:54.413+0800: 461936.694: [GC (Allocation Failure) 2023-10-24T02:09:54.413+0800: 461936.694: [ParNew: 8852127K->951883K(9175040K), 0.1934142 secs] 46708788K->38814360K(65798144K), 0.1938257 secs] [Times: user=1.63 sys=1.61, real=0.20 secs] 
2023-10-24T02:10:18.617+0800: 461960.898: [GC (Allocation Failure) 2023-10-24T02:10:18.617+0800: 461960.898: [ParNew: 8816203K->953439K(9175040K), 0.1332755 secs] 46678680K->38822057K(65798144K), 0.1337407 secs] [Times: user=1.00 sys=1.14, real=0.13 secs] 
2023-10-24T02:10:42.652+0800: 461984.933: [GC (Allocation Failure) 2023-10-24T02:10:42.652+0800: 461984.933: [ParNew: 8817759K->952158K(9175040K), 0.2000411 secs] 46686377K->38826565K(65798144K), 0.2004714 secs] [Times: user=0.49 sys=2.86, real=0.20 secs] 
2023-10-24T02:11:06.172+0800: 462008.453: [GC (Allocation Failure) 2023-10-24T02:11:06.172+0800: 462008.453: [ParNew: 8816478K->951987K(9175040K), 0.1321983 secs] 46690885K->38832196K(65798144K), 0.1326083 secs] [Times: user=0.99 sys=1.16, real=0.13 secs] 
2023-10-24T02:11:30.487+0800: 462032.769: [GC (Allocation Failure) 2023-10-24T02:11:30.488+0800: 462032.769: [ParNew: 8816307K->950477K(9175040K), 0.1986590 secs] 46696516K->38836489K(65798144K), 0.1991006 secs] [Times: user=1.73 sys=1.60, real=0.20 secs] 
2023-10-24T02:11:54.996+0800: 462057.278: [GC (Allocation Failure) 2023-10-24T02:11:54.997+0800: 462057.278: [ParNew: 8814797K->912780K(9175040K), 0.1366809 secs] 46700809K->38804597K(65798144K), 0.1371585 secs] [Times: user=2.19 sys=0.04, real=0.13 secs] 
2023-10-24T02:12:19.268+0800: 462081.549: [GC (Allocation Failure) 2023-10-24T02:12:19.268+0800: 462081.549: [ParNew: 8777100K->948370K(9175040K), 0.1991270 secs] 46668917K->38845979K(65798144K), 0.1995619 secs] [Times: user=0.43 sys=2.76, real=0.20 secs] 
2023-10-24T02:12:43.588+0800: 462105.870: [GC (Allocation Failure) 2023-10-24T02:12:43.589+0800: 462105.870: [ParNew: 8812690K->912234K(9175040K), 0.1335676 secs] 46710299K->38816102K(65798144K), 0.1339576 secs] [Times: user=2.06 sys=0.11, real=0.13 secs] 
2023-10-24T02:13:07.596+0800: 462129.877: [GC (Allocation Failure) 2023-10-24T02:13:07.596+0800: 462129.877: [ParNew: 8776554K->949483K(9175040K), 0.1980755 secs] 46680422K->38859128K(65798144K), 0.1985685 secs] [Times: user=1.59 sys=1.73, real=0.19 secs] 
2023-10-24T02:13:31.264+0800: 462153.545: [GC (Allocation Failure) 2023-10-24T02:13:31.264+0800: 462153.545: [ParNew: 8813803K->950906K(9175040K), 0.1492251 secs] 46723448K->38866360K(65798144K), 0.1496399 secs] [Times: user=2.22 sys=0.23, real=0.15 secs] 
2023-10-24T02:13:55.233+0800: 462177.515: [GC (Allocation Failure) 2023-10-24T02:13:55.234+0800: 462177.515: [ParNew: 8815226K->916923K(9175040K), 0.2000770 secs] 46730680K->38838183K(65798144K), 0.2004975 secs] [Times: user=1.61 sys=1.74, real=0.20 secs] 
2023-10-24T02:14:19.043+0800: 462201.324: [GC (Allocation Failure) 2023-10-24T02:14:19.043+0800: 462201.324: [ParNew: 8781243K->992548K(9175040K), 0.1339574 secs] 46702503K->38919757K(65798144K), 0.1343691 secs] [Times: user=0.96 sys=0.81, real=0.14 secs] 
2023-10-24T02:14:42.379+0800: 462224.660: [GC (Allocation Failure) 2023-10-24T02:14:42.379+0800: 462224.660: [ParNew: 8856868K->993806K(9175040K), 0.1655393 secs] 46784077K->38926845K(65798144K), 0.1659837 secs] [Times: user=1.98 sys=0.76, real=0.16 secs] 
2023-10-24T02:15:05.077+0800: 462247.358: [GC (Allocation Failure) 2023-10-24T02:15:05.077+0800: 462247.358: [ParNew: 8858126K->996296K(9175040K), 0.1634783 secs] 46791165K->38935184K(65798144K), 0.1639598 secs] [Times: user=0.92 sys=1.77, real=0.16 secs] 
2023-10-24T02:15:27.805+0800: 462270.086: [GC (Allocation Failure) 2023-10-24T02:15:27.805+0800: 462270.086: [ParNew: 8860616K->925185K(9175040K), 0.1551643 secs] 46799504K->38869858K(65798144K), 0.1555945 secs] [Times: user=1.95 sys=0.60, real=0.16 secs] 
2023-10-24T02:15:52.270+0800: 462294.551: [GC (Allocation Failure) 2023-10-24T02:15:52.270+0800: 462294.552: [ParNew: 8789505K->965716K(9175040K), 0.1568513 secs] 46734178K->38916277K(65798144K), 0.1572541 secs] [Times: user=0.97 sys=1.61, real=0.16 secs] 
2023-10-24T02:16:16.135+0800: 462318.416: [GC (Allocation Failure) 2023-10-24T02:16:16.135+0800: 462318.416: [ParNew: 8830036K->965520K(9175040K), 0.1242819 secs] 46780597K->38921834K(65798144K), 0.1247735 secs] [Times: user=1.01 sys=0.99, real=0.13 secs] 
2023-10-24T02:16:39.491+0800: 462341.773: [GC (Allocation Failure) 2023-10-24T02:16:39.492+0800: 462341.773: [ParNew: 8829840K->964850K(9175040K), 0.1822777 secs] 46786154K->38926892K(65798144K), 0.1827019 secs] [Times: user=1.77 sys=1.27, real=0.18 secs] 
2023-10-24T02:17:02.798+0800: 462365.079: [GC (Allocation Failure) 2023-10-24T02:17:02.798+0800: 462365.080: [ParNew: 8829170K->967398K(9175040K), 0.1205266 secs] 46791212K->38935178K(65798144K), 0.1210173 secs] [Times: user=0.96 sys=0.97, real=0.12 secs] 
2023-10-24T02:17:25.656+0800: 462387.937: [GC (Allocation Failure) 2023-10-24T02:17:25.656+0800: 462387.937: [ParNew: 8831718K->972146K(9175040K), 0.1800359 secs] 46799498K->38945636K(65798144K), 0.1804479 secs] [Times: user=1.79 sys=1.21, real=0.18 secs] 
2023-10-24T02:17:49.366+0800: 462411.647: [GC (Allocation Failure) 2023-10-24T02:17:49.366+0800: 462411.647: [ParNew: 8836466K->939017K(9175040K), 0.1346970 secs] 46809956K->38918196K(65798144K), 0.1351132 secs] [Times: user=0.94 sys=1.16, real=0.14 secs] 
2023-10-24T02:18:13.219+0800: 462435.501: [GC (Allocation Failure) 2023-10-24T02:18:13.220+0800: 462435.501: [ParNew: 8803337K->940940K(9175040K), 0.2021547 secs] 46782516K->38925893K(65798144K), 0.2025951 secs] [Times: user=1.98 sys=1.41, real=0.20 secs] 
2023-10-24T02:18:37.274+0800: 462459.555: [GC (Allocation Failure) 2023-10-24T02:18:37.274+0800: 462459.556: [ParNew: 8805260K->959184K(9175040K), 0.1423063 secs] 46790213K->38949858K(65798144K), 0.1427324 secs] [Times: user=2.14 sys=0.20, real=0.15 secs] 
2023-10-24T02:19:02.398+0800: 462484.679: [GC (Allocation Failure) 2023-10-24T02:19:02.398+0800: 462484.679: [ParNew: 8823504K->918044K(9175040K), 0.1953985 secs] 46814178K->38914547K(65798144K), 0.1958421 secs] [Times: user=1.84 sys=1.44, real=0.19 secs] 
2023-10-24T02:19:27.456+0800: 462509.737: [GC (Allocation Failure) 2023-10-24T02:19:27.456+0800: 462509.737: [ParNew: 8782364K->952176K(9175040K), 0.1389116 secs] 46778867K->38954416K(65798144K), 0.1393856 secs] [Times: user=2.06 sys=0.21, real=0.13 secs] 
2023-10-24T02:19:52.039+0800: 462534.320: [GC (Allocation Failure) 2023-10-24T02:19:52.039+0800: 462534.320: [ParNew: 8816496K->912872K(9175040K), 0.1901117 secs] 46818736K->38920867K(65798144K), 0.1905338 secs] [Times: user=0.70 sys=2.10, real=0.19 secs] 
2023-10-24T02:20:16.915+0800: 462559.196: [GC (Allocation Failure) 2023-10-24T02:20:16.916+0800: 462559.197: [ParNew: 8777192K->910114K(9175040K), 0.1331939 secs] 46785187K->38918108K(65798144K), 0.1337101 secs] [Times: user=0.96 sys=1.25, real=0.14 secs] 
2023-10-24T02:20:41.908+0800: 462584.190: [GC (Allocation Failure) 2023-10-24T02:20:41.909+0800: 462584.190: [ParNew: 8774434K->946676K(9175040K), 0.1827837 secs] 46782428K->38960434K(65798144K), 0.1831854 secs] [Times: user=1.79 sys=1.26, real=0.18 secs] 
2023-10-24T02:21:07.408+0800: 462609.689: [GC (Allocation Failure) 2023-10-24T02:21:07.408+0800: 462609.689: [ParNew: 8810996K->909832K(9175040K), 0.1279444 secs] 46824754K->38923590K(65798144K), 0.1283316 secs] [Times: user=2.10 sys=0.00, real=0.13 secs] 
2023-10-24T02:21:32.981+0800: 462635.262: [GC (Allocation Failure) 2023-10-24T02:21:32.981+0800: 462635.262: [ParNew: 8774152K->949061K(9175040K), 0.1871981 secs] 46787910K->38968787K(65798144K), 0.1876158 secs] [Times: user=1.81 sys=1.33, real=0.19 secs] 
2023-10-24T02:21:58.581+0800: 462660.862: [GC (Allocation Failure) 2023-10-24T02:21:58.581+0800: 462660.862: [ParNew: 8813381K->945499K(9175040K), 0.1599791 secs] 46833107K->38971001K(65798144K), 0.1603926 secs] [Times: user=0.71 sys=1.92, real=0.16 secs] 
2023-10-24T02:22:23.840+0800: 462686.122: [GC (Allocation Failure) 2023-10-24T02:22:23.841+0800: 462686.122: [ParNew: 8809819K->976847K(9175040K), 0.1577195 secs] 46835321K->39008123K(65798144K), 0.1581943 secs] [Times: user=0.89 sys=1.45, real=0.16 secs] 
2023-10-24T02:22:48.573+0800: 462710.854: [GC (Allocation Failure) 2023-10-24T02:22:48.573+0800: 462710.855: [ParNew: 8841167K->863363K(9175040K), 0.1698838 secs] 46872443K->38900587K(65798144K), 0.1703034 secs] [Times: user=1.85 sys=0.95, real=0.17 secs] 
2023-10-24T02:23:13.914+0800: 462736.195: [GC (Allocation Failure) 2023-10-24T02:23:13.914+0800: 462736.196: [ParNew: 8727683K->1004050K(9175040K), 0.1538966 secs] 46764907K->39047066K(65798144K), 0.1543060 secs] [Times: user=1.89 sys=0.64, real=0.16 secs] 
2023-10-24T02:23:39.581+0800: 462761.863: [GC (Allocation Failure) 2023-10-24T02:23:39.582+0800: 462761.863: [ParNew: 8868370K->893814K(9175040K), 0.1986012 secs] 46911386K->38942669K(65798144K), 0.1990537 secs] [Times: user=0.40 sys=2.92, real=0.20 secs] 
2023-10-24T02:24:04.902+0800: 462787.183: [GC (Allocation Failure) 2023-10-24T02:24:04.902+0800: 462787.183: [ParNew: 8758134K->926953K(9175040K), 0.1391567 secs] 46806989K->38981545K(65798144K), 0.1395640 secs] [Times: user=2.10 sys=0.17, real=0.14 secs] 
2023-10-24T02:24:30.378+0800: 462812.659: [GC (Allocation Failure) 2023-10-24T02:24:30.378+0800: 462812.659: [ParNew: 8791273K->855743K(9175040K), 0.2025417 secs] 46845865K->38916153K(65798144K), 0.2029958 secs] [Times: user=1.72 sys=1.67, real=0.20 secs] 
2023-10-24T02:24:55.608+0800: 462837.890: [GC (Allocation Failure) 2023-10-24T02:24:55.609+0800: 462837.890: [ParNew: 8720063K->961921K(9175040K), 0.1375964 secs] 46780473K->39028119K(65798144K), 0.1379886 secs] [Times: user=0.99 sys=1.26, real=0.14 secs] 
2023-10-24T02:25:20.364+0800: 462862.645: [GC (Allocation Failure) 2023-10-24T02:25:20.364+0800: 462862.646: [ParNew: 8826241K->925658K(9175040K), 0.1888585 secs] 46892439K->38997634K(65798144K), 0.1893260 secs] [Times: user=1.65 sys=1.51, real=0.19 secs] 
2023-10-24T02:25:44.105+0800: 462886.386: [GC (Allocation Failure) 2023-10-24T02:25:44.105+0800: 462886.387: [ParNew: 8789978K->961969K(9175040K), 0.1325418 secs] 46861954K->39039700K(65798144K), 0.1329393 secs] [Times: user=2.19 sys=0.10, real=0.14 secs] 
2023-10-24T02:26:07.093+0800: 462909.374: [GC (Allocation Failure) 2023-10-24T02:26:07.093+0800: 462909.374: [ParNew: 8826289K->1001575K(9175040K), 0.1831031 secs] 46904020K->39085051K(65798144K), 0.1835718 secs] [Times: user=0.85 sys=2.22, real=0.19 secs] 
2023-10-24T02:26:32.432+0800: 462934.713: [GC (Allocation Failure) 2023-10-24T02:26:32.432+0800: 462934.714: [ParNew: 8865895K->969574K(9175040K), 0.1487189 secs] 46949371K->39058827K(65798144K), 0.1491426 secs] [Times: user=0.94 sys=1.51, real=0.15 secs] 
2023-10-24T02:26:57.429+0800: 462959.710: [GC (Allocation Failure) 2023-10-24T02:26:57.429+0800: 462959.710: [ParNew: 8833894K->900119K(9175040K), 0.1955010 secs] 46923147K->38995182K(65798144K), 0.1959648 secs] [Times: user=1.60 sys=1.69, real=0.19 secs] 
2023-10-24T02:27:22.359+0800: 462984.640: [GC (Allocation Failure) 2023-10-24T02:27:22.359+0800: 462984.640: [ParNew: 8764439K->938913K(9175040K), 0.1399676 secs] 46859502K->39039770K(65798144K), 0.1403503 secs] [Times: user=2.14 sys=0.16, real=0.14 secs] 
2023-10-24T02:27:47.621+0800: 463009.903: [GC (Allocation Failure) 2023-10-24T02:27:47.622+0800: 463009.903: [ParNew: 8803233K->904176K(9175040K), 0.1949188 secs] 46904090K->39010847K(65798144K), 0.1953991 secs] [Times: user=1.78 sys=1.49, real=0.20 secs] 
2023-10-24T02:28:13.033+0800: 463035.314: [GC (Allocation Failure) 2023-10-24T02:28:13.033+0800: 463035.314: [ParNew: 8768496K->940950K(9175040K), 0.1357813 secs] 46875167K->39053439K(65798144K), 0.1361727 secs] [Times: user=2.07 sys=0.13, real=0.14 secs] 
2023-10-24T02:28:38.234+0800: 463060.515: [GC (Allocation Failure) 2023-10-24T02:28:38.234+0800: 463060.515: [ParNew: 8805270K->976927K(9175040K), 0.1874152 secs] 46917759K->39095239K(65798144K), 0.1878267 secs] [Times: user=0.57 sys=2.57, real=0.19 secs] 
2023-10-24T02:29:03.552+0800: 463085.834: [GC (Allocation Failure) 2023-10-24T02:29:03.553+0800: 463085.834: [ParNew: 8841247K->906553K(9175040K), 0.1383777 secs] 46959559K->39030696K(65798144K), 0.1387997 secs] [Times: user=2.10 sys=0.15, real=0.14 secs] 
2023-10-24T02:29:28.619+0800: 463110.901: [GC (Allocation Failure) 2023-10-24T02:29:28.620+0800: 463110.901: [ParNew: 8770873K->871703K(9175040K), 0.2172931 secs] 46895016K->39001683K(65798144K), 0.2177086 secs] [Times: user=2.13 sys=1.54, real=0.22 secs] 
2023-10-24T02:29:53.967+0800: 463136.248: [GC (Allocation Failure) 2023-10-24T02:29:53.967+0800: 463136.248: [ParNew: 8736023K->945911K(9175040K), 0.1368778 secs] 46866003K->39081740K(65798144K), 0.1373077 secs] [Times: user=0.93 sys=1.04, real=0.13 secs] 
2023-10-24T02:30:17.634+0800: 463159.915: [GC (Allocation Failure) 2023-10-24T02:30:17.634+0800: 463159.915: [ParNew: 8810231K->946854K(9175040K), 0.1784581 secs] 46946060K->39088515K(65798144K), 0.1788668 secs] [Times: user=0.72 sys=2.25, real=0.18 secs] 
2023-10-24T02:30:42.588+0800: 463184.869: [GC (Allocation Failure) 2023-10-24T02:30:42.588+0800: 463184.870: [ParNew: 8811174K->950179K(9175040K), 0.1324302 secs] 46952835K->39097682K(65798144K), 0.1328852 secs] [Times: user=2.11 sys=0.03, real=0.13 secs] 
2023-10-24T02:31:07.552+0800: 463209.833: [GC (Allocation Failure) 2023-10-24T02:31:07.552+0800: 463209.833: [ParNew: 8814499K->912738K(9175040K), 0.1837478 secs] 46962002K->39066054K(65798144K), 0.1841499 secs] [Times: user=1.66 sys=1.40, real=0.19 secs] 
2023-10-24T02:31:33.477+0800: 463235.759: [GC (Allocation Failure) 2023-10-24T02:31:33.478+0800: 463235.759: [ParNew: 8777058K->909628K(9175040K), 0.1595641 secs] 46930374K->39068794K(65798144K), 0.1599788 secs] [Times: user=0.77 sys=1.18, real=0.16 secs] 
2023-10-24T02:31:59.260+0800: 463261.541: [GC (Allocation Failure) 2023-10-24T02:31:59.260+0800: 463261.542: [ParNew: 8773948K->907874K(9175040K), 0.1549454 secs] 46933114K->39072919K(65798144K), 0.1553296 secs] [Times: user=0.86 sys=1.69, real=0.15 secs] 
2023-10-24T02:32:25.131+0800: 463287.412: [GC (Allocation Failure) 2023-10-24T02:32:25.131+0800: 463287.413: [ParNew: 8772194K->870684K(9175040K), 0.1706397 secs] 46937239K->39041696K(65798144K), 0.1710572 secs] [Times: user=1.86 sys=0.96, real=0.17 secs] 
2023-10-24T02:32:51.538+0800: 463313.819: [GC (Allocation Failure) 2023-10-24T02:32:51.538+0800: 463313.819: [ParNew: 8735004K->977913K(9175040K), 0.1601549 secs] 46906016K->39154755K(65798144K), 0.1605418 secs] [Times: user=1.95 sys=0.69, real=0.16 secs] 
2023-10-24T02:33:17.290+0800: 463339.571: [GC (Allocation Failure) 2023-10-24T02:33:17.290+0800: 463339.571: [ParNew: 8842233K->903897K(9175040K), 0.2053652 secs] 47019075K->39086636K(65798144K), 0.2058227 secs] [Times: user=1.64 sys=1.83, real=0.21 secs] 
2023-10-24T02:33:43.233+0800: 463365.514: [GC (Allocation Failure) 2023-10-24T02:33:43.233+0800: 463365.515: [ParNew: 8768217K->940098K(9175040K), 0.1363328 secs] 46950956K->39128640K(65798144K), 0.1367378 secs] [Times: user=2.03 sys=0.20, real=0.14 secs] 
2023-10-24T02:34:09.668+0800: 463391.949: [GC (Allocation Failure) 2023-10-24T02:34:09.668+0800: 463391.949: [ParNew: 8804418K->904118K(9175040K), 0.1980030 secs] 46992960K->39098441K(65798144K), 0.1984130 secs] [Times: user=1.81 sys=1.51, real=0.20 secs] 
2023-10-24T02:34:35.846+0800: 463418.128: [GC (Allocation Failure) 2023-10-24T02:34:35.847+0800: 463418.128: [ParNew: 8768438K->883309K(9175040K), 0.1413441 secs] 46962761K->39083429K(65798144K), 0.1417173 secs] [Times: user=2.02 sys=0.29, real=0.14 secs] 
2023-10-24T02:35:02.002+0800: 463444.283: [GC (Allocation Failure) 2023-10-24T02:35:02.002+0800: 463444.284: [ParNew: 8747629K->912103K(9175040K), 0.1868588 secs] 46947749K->39118044K(65798144K), 0.1872715 secs] [Times: user=1.78 sys=1.35, real=0.19 secs] 
2023-10-24T02:35:28.025+0800: 463470.306: [GC (Allocation Failure) 2023-10-24T02:35:28.025+0800: 463470.306: [ParNew: 8776423K->874609K(9175040K), 0.1349183 secs] 46982364K->39086388K(65798144K), 0.1353776 secs] [Times: user=2.10 sys=0.10, real=0.14 secs] 
2023-10-24T02:35:54.231+0800: 463496.512: [GC (Allocation Failure) 2023-10-24T02:35:54.231+0800: 463496.512: [ParNew: 8738929K->871583K(9175040K), 0.1903898 secs] 46950708K->39089246K(65798144K), 0.1907682 secs] [Times: user=1.80 sys=1.39, real=0.19 secs] 
2023-10-24T02:36:20.023+0800: 463522.305: [GC (Allocation Failure) 2023-10-24T02:36:20.024+0800: 463522.305: [ParNew: 8735903K->904000K(9175040K), 0.1277481 secs] 46953566K->39127445K(65798144K), 0.1282464 secs] [Times: user=2.07 sys=0.00, real=0.13 secs] 
2023-10-24T02:36:46.023+0800: 463548.304: [GC (Allocation Failure) 2023-10-24T02:36:46.023+0800: 463548.304: [ParNew: 8768320K->868071K(9175040K), 0.1890849 secs] 46991765K->39097425K(65798144K), 0.1894778 secs] [Times: user=1.63 sys=1.55, real=0.19 secs] 
2023-10-24T02:37:11.696+0800: 463573.977: [GC (Allocation Failure) 2023-10-24T02:37:11.696+0800: 463573.978: [ParNew: 8732391K->868470K(9175040K), 0.1610493 secs] 46961745K->39103609K(65798144K), 0.1614823 secs] [Times: user=0.69 sys=1.97, real=0.16 secs] 
2023-10-24T02:37:38.227+0800: 463600.508: [GC (Allocation Failure) 2023-10-24T02:37:38.227+0800: 463600.508: [ParNew: 8732790K->938804K(9175040K), 0.1545043 secs] 46967929K->39179852K(65798144K), 0.1549143 secs] [Times: user=1.87 sys=0.68, real=0.15 secs] 
2023-10-24T02:38:04.035+0800: 463626.317: [GC (Allocation Failure) 2023-10-24T02:38:04.036+0800: 463626.317: [ParNew: 8803124K->904725K(9175040K), 0.2085510 secs] 47044172K->39151552K(65798144K), 0.2089890 secs] [Times: user=1.53 sys=1.95, real=0.21 secs] 
2023-10-24T02:38:29.866+0800: 463652.147: [GC (Allocation Failure) 2023-10-24T02:38:29.866+0800: 463652.148: [ParNew: 8769045K->941368K(9175040K), 0.1403376 secs] 47015872K->39194009K(65798144K), 0.1407401 secs] [Times: user=1.99 sys=0.30, real=0.14 secs] 
2023-10-24T02:38:55.814+0800: 463678.095: [GC (Allocation Failure) 2023-10-24T02:38:55.814+0800: 463678.095: [ParNew: 8805688K->907618K(9175040K), 0.2032326 secs] 47058329K->39166057K(65798144K), 0.2036700 secs] [Times: user=1.64 sys=1.78, real=0.21 secs] 
2023-10-24T02:39:21.669+0800: 463703.950: [GC (Allocation Failure) 2023-10-24T02:39:21.669+0800: 463703.951: [ParNew: 8771938K->874360K(9175040K), 0.1426076 secs] 47030377K->39138600K(65798144K), 0.1429926 secs] [Times: user=2.04 sys=0.30, real=0.14 secs] 
2023-10-24T02:39:47.550+0800: 463729.831: [GC (Allocation Failure) 2023-10-24T02:39:47.550+0800: 463729.831: [ParNew: 8738680K->875963K(9175040K), 0.1863606 secs] 47002920K->39146309K(65798144K), 0.1868503 secs] [Times: user=0.55 sys=2.24, real=0.19 secs] 
2023-10-24T02:40:13.068+0800: 463755.349: [GC (Allocation Failure) 2023-10-24T02:40:13.068+0800: 463755.349: [ParNew: 8740283K->878257K(9175040K), 0.1439251 secs] 47010629K->39154514K(65798144K), 0.1443416 secs] [Times: user=0.91 sys=1.45, real=0.14 secs] 
2023-10-24T02:40:38.958+0800: 463781.239: [GC (Allocation Failure) 2023-10-24T02:40:38.958+0800: 463781.239: [ParNew: 8742577K->915078K(9175040K), 0.1881315 secs] 47018834K->39197213K(65798144K), 0.1885351 secs] [Times: user=1.76 sys=1.39, real=0.19 secs] 
2023-10-24T02:41:05.128+0800: 463807.409: [GC (Allocation Failure) 2023-10-24T02:41:05.128+0800: 463807.409: [ParNew: 8779398K->916824K(9175040K), 0.1294823 secs] 47061533K->39204823K(65798144K), 0.1298971 secs] [Times: user=2.00 sys=0.10, real=0.13 secs] 
2023-10-24T02:41:31.062+0800: 463833.344: [GC (Allocation Failure) 2023-10-24T02:41:31.063+0800: 463833.344: [ParNew: 8781144K->881923K(9175040K), 0.1867057 secs] 47069143K->39175804K(65798144K), 0.1871418 secs] [Times: user=0.54 sys=2.58, real=0.19 secs] 
2023-10-24T02:41:57.188+0800: 463859.469: [GC (Allocation Failure) 2023-10-24T02:41:57.188+0800: 463859.469: [ParNew: 8746243K->847155K(9175040K), 0.1888860 secs] 47040124K->39146884K(65798144K), 0.1893666 secs] [Times: user=1.74 sys=1.42, real=0.19 secs] 
2023-10-24T02:42:23.642+0800: 463885.924: [GC (Allocation Failure) 2023-10-24T02:42:23.643+0800: 463885.924: [ParNew: 8711475K->988932K(9175040K), 0.1625543 secs] 47011204K->39294481K(65798144K), 0.1629373 secs] [Times: user=0.85 sys=1.43, real=0.16 secs] 
2023-10-24T02:42:49.958+0800: 463912.239: [GC (Allocation Failure) 2023-10-24T02:42:49.958+0800: 463912.240: [ParNew: 8853252K->883229K(9175040K), 0.2095837 secs] 47158801K->39194778K(65798144K), 0.2100504 secs] [Times: user=1.76 sys=1.69, real=0.21 secs] 
2023-10-24T02:43:15.996+0800: 463938.277: [GC (Allocation Failure) 2023-10-24T02:43:15.996+0800: 463938.277: [ParNew: 8747549K->919334K(9175040K), 0.1388451 secs] 47059098K->39236715K(65798144K), 0.1392647 secs] [Times: user=1.98 sys=0.29, real=0.13 secs] 
2023-10-24T02:43:42.374+0800: 463964.656: [GC (Allocation Failure) 2023-10-24T02:43:42.375+0800: 463964.656: [ParNew: 8783654K->920441K(9175040K), 0.1981431 secs] 47101035K->39243706K(65798144K), 0.1985360 secs] [Times: user=0.58 sys=2.75, real=0.20 secs] 
2023-10-24T02:44:08.264+0800: 463990.546: [GC (Allocation Failure) 2023-10-24T02:44:08.265+0800: 463990.546: [ParNew: 8784761K->920527K(9175040K), 0.1371705 secs] 47108026K->39249609K(65798144K), 0.1376186 secs] [Times: user=0.89 sys=1.36, real=0.14 secs] 
2023-10-24T02:44:34.610+0800: 464016.891: [GC (Allocation Failure) 2023-10-24T02:44:34.610+0800: 464016.891: [ParNew: 8784847K->921479K(9175040K), 0.2012940 secs] 47113929K->39256436K(65798144K), 0.2017095 secs] [Times: user=1.72 sys=1.66, real=0.20 secs] 
2023-10-24T02:45:00.744+0800: 464043.025: [GC (Allocation Failure) 2023-10-24T02:45:00.744+0800: 464043.025: [ParNew: 8785799K->886562K(9175040K), 0.1406286 secs] 47120756K->39227355K(65798144K), 0.1410140 secs] [Times: user=0.90 sys=1.39, real=0.14 secs] 
2023-10-24T02:45:24.631+0800: 464066.912: [GC (Allocation Failure) 2023-10-24T02:45:24.631+0800: 464066.913: [ParNew: 8750882K->922765K(9175040K), 0.1854679 secs] 47091675K->39269441K(65798144K), 0.1858753 secs] [Times: user=1.86 sys=1.24, real=0.19 secs] 
2023-10-24T02:45:50.407+0800: 464092.688: [GC (Allocation Failure) 2023-10-24T02:45:50.407+0800: 464092.688: [ParNew: 8787085K->925415K(9175040K), 0.1366723 secs] 47133761K->39277954K(65798144K), 0.1370890 secs] [Times: user=2.09 sys=0.14, real=0.13 secs] 
2023-10-24T02:46:15.795+0800: 464118.076: [GC (Allocation Failure) 2023-10-24T02:46:15.795+0800: 464118.077: [ParNew: 8789735K->891331K(9175040K), 0.1819993 secs] 47142274K->39249717K(65798144K), 0.1824046 secs] [Times: user=1.74 sys=1.31, real=0.19 secs] 
2023-10-24T02:46:41.270+0800: 464143.551: [GC (Allocation Failure) 2023-10-24T02:46:41.270+0800: 464143.552: [ParNew: 8755651K->926672K(9175040K), 0.1301002 secs] 47114037K->39291049K(65798144K), 0.1305092 secs] [Times: user=0.93 sys=1.14, real=0.13 secs] 
2023-10-24T02:47:06.919+0800: 464169.201: [GC (Allocation Failure) 2023-10-24T02:47:06.920+0800: 464169.201: [ParNew: 8790992K->892587K(9175040K), 0.1910633 secs] 47155369K->39262822K(65798144K), 0.1914832 secs] [Times: user=1.76 sys=1.45, real=0.19 secs] 
2023-10-24T02:47:32.658+0800: 464194.939: [GC (Allocation Failure) 2023-10-24T02:47:32.658+0800: 464194.939: [ParNew: 8756907K->874067K(9175040K), 0.1653562 secs] 47127142K->39250171K(65798144K), 0.1658268 secs] [Times: user=0.64 sys=1.27, real=0.16 secs] 
2023-10-24T02:47:58.265+0800: 464220.546: [GC (Allocation Failure) 2023-10-24T02:47:58.265+0800: 464220.546: [ParNew: 8738387K->940694K(9175040K), 0.1615702 secs] 47114491K->39322661K(65798144K), 0.1619624 secs] [Times: user=1.01 sys=1.69, real=0.17 secs] 
2023-10-24T02:48:24.357+0800: 464246.638: [GC (Allocation Failure) 2023-10-24T02:48:24.357+0800: 464246.638: [ParNew: 8805014K->906845K(9175040K), 0.2092357 secs] 47186981K->39294728K(65798144K), 0.2096955 secs] [Times: user=1.66 sys=1.88, real=0.21 secs] 
2023-10-24T02:48:50.643+0800: 464272.925: [GC (Allocation Failure) 2023-10-24T02:48:50.644+0800: 464272.925: [ParNew: 8771165K->907558K(9175040K), 0.1370857 secs] 47159048K->39301316K(65798144K), 0.1374731 secs] [Times: user=0.90 sys=1.34, real=0.14 secs] 
2023-10-24T02:49:16.515+0800: 464298.797: [GC (Allocation Failure) 2023-10-24T02:49:16.516+0800: 464298.797: [ParNew: 8771878K->873969K(9175040K), 0.1955234 secs] 47165636K->39273591K(65798144K), 0.1959512 secs] [Times: user=1.62 sys=1.66, real=0.20 secs] 
2023-10-24T02:49:42.283+0800: 464324.564: [GC (Allocation Failure) 2023-10-24T02:49:42.283+0800: 464324.565: [ParNew: 8738289K->944419K(9175040K), 0.1370475 secs] 47137911K->39350040K(65798144K), 0.1374500 secs] [Times: user=0.82 sys=1.42, real=0.14 secs] 
2023-10-24T02:50:08.041+0800: 464350.322: [GC (Allocation Failure) 2023-10-24T02:50:08.041+0800: 464350.323: [ParNew: 8808739K->911215K(9175040K), 0.1920195 secs] 47214360K->39322688K(65798144K), 0.1924255 secs] [Times: user=1.85 sys=1.38, real=0.19 secs] 
2023-10-24T02:50:33.693+0800: 464375.975: [GC (Allocation Failure) 2023-10-24T02:50:33.694+0800: 464375.975: [ParNew: 8775535K->912094K(9175040K), 0.1379661 secs] 47187008K->39329425K(65798144K), 0.1384193 secs] [Times: user=2.10 sys=0.17, real=0.14 secs] 
2023-10-24T02:50:59.288+0800: 464401.569: [GC (Allocation Failure) 2023-10-24T02:50:59.288+0800: 464401.570: [ParNew: 8776414K->911912K(9175040K), 0.1972794 secs] 47193745K->39335141K(65798144K), 0.1976714 secs] [Times: user=0.72 sys=2.61, real=0.20 secs] 
2023-10-24T02:51:25.093+0800: 464427.374: [GC (Allocation Failure) 2023-10-24T02:51:25.093+0800: 464427.374: [ParNew: 8776232K->877434K(9175040K), 0.1330266 secs] 47199461K->39306560K(65798144K), 0.1334227 secs] [Times: user=2.06 sys=0.12, real=0.14 secs] 
2023-10-24T02:51:50.758+0800: 464453.039: [GC (Allocation Failure) 2023-10-24T02:51:50.758+0800: 464453.039: [ParNew: 8741754K->911447K(9175040K), 0.1862338 secs] 47170880K->39346539K(65798144K), 0.1866459 secs] [Times: user=1.78 sys=1.35, real=0.18 secs] 
2023-10-24T02:52:16.282+0800: 464478.563: [GC (Allocation Failure) 2023-10-24T02:52:16.282+0800: 464478.563: [ParNew: 8775767K->876458K(9175040K), 0.1285927 secs] 47210859K->39317274K(65798144K), 0.1290606 secs] [Times: user=2.07 sys=0.03, real=0.13 secs] 
2023-10-24T02:52:42.050+0800: 464504.332: [GC (Allocation Failure) 2023-10-24T02:52:42.051+0800: 464504.332: [ParNew: 8740778K->878130K(9175040K), 0.1899214 secs] 47181594K->39324726K(65798144K), 0.1903509 secs] [Times: user=1.84 sys=1.34, real=0.19 secs] 
2023-10-24T02:53:07.951+0800: 464530.232: [GC (Allocation Failure) 2023-10-24T02:53:07.951+0800: 464530.232: [ParNew: 8742450K->913705K(9175040K), 0.1656258 secs] 47189046K->39366027K(65798144K), 0.1660338 secs] [Times: user=0.89 sys=1.86, real=0.17 secs] 
2023-10-24T02:53:33.416+0800: 464555.697: [GC (Allocation Failure) 2023-10-24T02:53:33.416+0800: 464555.698: [ParNew: 8778025K->949900K(9175040K), 0.1583290 secs] 47230347K->39408017K(65798144K), 0.1587282 secs] [Times: user=2.03 sys=0.60, real=0.15 secs] 
2023-10-24T02:53:59.186+0800: 464581.467: [GC (Allocation Failure) 2023-10-24T02:53:59.186+0800: 464581.468: [ParNew: 8814220K->952538K(9175040K), 0.1778446 secs] 47272337K->39416419K(65798144K), 0.1783113 secs] [Times: user=1.73 sys=1.24, real=0.17 secs] 
2023-10-24T02:54:24.602+0800: 464606.884: [GC (Allocation Failure) 2023-10-24T02:54:24.603+0800: 464606.884: [ParNew: 8816858K->919189K(9175040K), 0.1548616 secs] 47280739K->39388844K(65798144K), 0.1552740 secs] [Times: user=1.84 sys=0.72, real=0.16 secs] 
2023-10-24T02:54:49.952+0800: 464632.233: [GC (Allocation Failure) 2023-10-24T02:54:49.952+0800: 464632.234: [ParNew: 8783509K->920834K(9175040K), 0.2200096 secs] 47253164K->39396279K(65798144K), 0.2205079 secs] [Times: user=1.93 sys=1.43, real=0.22 secs] 
2023-10-24T02:55:14.752+0800: 464657.033: [GC (Allocation Failure) 2023-10-24T02:55:14.752+0800: 464657.033: [ParNew: 8785154K->888648K(9175040K), 0.1560734 secs] 47260599K->39369916K(65798144K), 0.1564541 secs] [Times: user=2.32 sys=0.27, real=0.16 secs] 
2023-10-24T02:55:39.730+0800: 464682.011: [GC (Allocation Failure) 2023-10-24T02:55:39.730+0800: 464682.011: [ParNew: 8752968K->819994K(9175040K), 0.2232139 secs] 47234236K->39307057K(65798144K), 0.2236556 secs] [Times: user=1.87 sys=1.92, real=0.22 secs] 
2023-10-24T02:56:04.354+0800: 464706.635: [GC (Allocation Failure) 2023-10-24T02:56:04.355+0800: 464706.636: [ParNew: 8684314K->1000664K(9175040K), 0.1455609 secs] 47171377K->39493530K(65798144K), 0.1460390 secs] [Times: user=0.95 sys=1.45, real=0.15 secs] 
2023-10-24T02:56:28.572+0800: 464730.853: [GC (Allocation Failure) 2023-10-24T02:56:28.572+0800: 464730.853: [ParNew: 8864984K->931239K(9175040K), 0.2034382 secs] 47357850K->39429911K(65798144K), 0.2038550 secs] [Times: user=1.81 sys=1.62, real=0.21 secs] 
2023-10-24T02:56:53.543+0800: 464755.824: [GC (Allocation Failure) 2023-10-24T02:56:53.543+0800: 464755.825: [ParNew: 8795559K->897758K(9175040K), 0.1674546 secs] 47294231K->39402264K(65798144K), 0.1678419 secs] [Times: user=2.44 sys=0.35, real=0.17 secs] 
2023-10-24T02:57:18.774+0800: 464781.055: [GC (Allocation Failure) 2023-10-24T02:57:18.774+0800: 464781.055: [ParNew: 8762078K->864190K(9175040K), 0.2032345 secs] 47266584K->39374483K(65798144K), 0.2036416 secs] [Times: user=0.64 sys=2.79, real=0.21 secs] 
2023-10-24T02:57:43.871+0800: 464806.152: [GC (Allocation Failure) 2023-10-24T02:57:43.871+0800: 464806.152: [ParNew: 8728510K->938633K(9175040K), 0.1380905 secs] 47238803K->39454753K(65798144K), 0.1384660 secs] [Times: user=1.02 sys=1.05, real=0.14 secs] 
2023-10-24T02:58:08.479+0800: 464830.761: [GC (Allocation Failure) 2023-10-24T02:58:08.480+0800: 464830.761: [ParNew: 8802953K->940676K(9175040K), 0.1982044 secs] 47319073K->39462578K(65798144K), 0.1985850 secs] [Times: user=1.90 sys=1.44, real=0.20 secs] 
2023-10-24T02:58:33.520+0800: 464855.801: [GC (Allocation Failure) 2023-10-24T02:58:33.520+0800: 464855.801: [ParNew: 8804996K->943595K(9175040K), 0.1412154 secs] 47326898K->39471356K(65798144K), 0.1416039 secs] [Times: user=2.12 sys=0.12, real=0.14 secs] 
2023-10-24T02:58:58.729+0800: 464881.010: [GC (Allocation Failure) 2023-10-24T02:58:58.729+0800: 464881.011: [ParNew: 8807915K->872756K(9175040K), 0.2003634 secs] 47335676K->39406318K(65798144K), 0.2007536 secs] [Times: user=1.90 sys=1.48, real=0.20 secs] 
2023-10-24T02:59:23.738+0800: 464906.020: [GC (Allocation Failure) 2023-10-24T02:59:23.738+0800: 464906.020: [ParNew: 8737076K->947092K(9175040K), 0.1258941 secs] 47270638K->39486479K(65798144K), 0.1263572 secs] [Times: user=0.91 sys=0.69, real=0.12 secs] 
2023-10-24T02:59:48.772+0800: 464931.053: [GC (Allocation Failure) 2023-10-24T02:59:48.772+0800: 464931.054: [ParNew: 8811412K->948452K(9175040K), 0.1898205 secs] 47350799K->39493715K(65798144K), 0.1902577 secs] [Times: user=1.79 sys=1.41, real=0.19 secs] 
2023-10-24T03:00:13.410+0800: 464955.692: [GC (Allocation Failure) 2023-10-24T03:00:13.411+0800: 464955.692: [ParNew: 8812772K->949387K(9175040K), 0.1260602 secs] 47358035K->39500632K(65798144K), 0.1264690 secs] [Times: user=0.99 sys=0.36, real=0.13 secs] 
2023-10-24T03:00:36.889+0800: 464979.170: [GC (Allocation Failure) 2023-10-24T03:00:36.889+0800: 464979.171: [ParNew: 8813707K->951756K(9175040K), 0.1901103 secs] 47364952K->39508895K(65798144K), 0.1905858 secs] [Times: user=1.85 sys=1.34, real=0.19 secs] 
2023-10-24T03:01:01.855+0800: 465004.136: [GC (Allocation Failure) 2023-10-24T03:01:01.855+0800: 465004.137: [ParNew: 8816076K->917002K(9175040K), 0.1581074 secs] 47373215K->39480016K(65798144K), 0.1585136 secs] [Times: user=0.68 sys=1.95, real=0.16 secs] 
2023-10-24T03:01:26.827+0800: 465029.108: [GC (Allocation Failure) 2023-10-24T03:01:26.827+0800: 465029.108: [ParNew: 8781322K->989820K(9175040K), 0.1563507 secs] 47344336K->39558720K(65798144K), 0.1567535 secs] [Times: user=2.00 sys=0.59, real=0.15 secs] 
2023-10-24T03:01:52.020+0800: 465054.301: [GC (Allocation Failure) 2023-10-24T03:01:52.020+0800: 465054.302: [ParNew: 8854140K->913578K(9175040K), 0.1751986 secs] 47423040K->39488288K(65798144K), 0.1756518 secs] [Times: user=1.78 sys=1.08, real=0.18 secs] 
2023-10-24T03:02:16.942+0800: 465079.223: [GC (Allocation Failure) 2023-10-24T03:02:16.942+0800: 465079.223: [ParNew: 8777898K->1022085K(9175040K), 0.1626038 secs] 47352608K->39602616K(65798144K), 0.1630061 secs] [Times: user=0.86 sys=1.78, real=0.16 secs] 
2023-10-24T03:02:42.207+0800: 465104.488: [GC (Allocation Failure) 2023-10-24T03:02:42.207+0800: 465104.488: [ParNew: 8886405K->949374K(9175040K), 0.1882722 secs] 47466936K->39535729K(65798144K), 0.1886840 secs] [Times: user=1.68 sys=1.49, real=0.18 secs] 
2023-10-24T03:03:07.025+0800: 465129.306: [GC (Allocation Failure) 2023-10-24T03:03:07.025+0800: 465129.307: [ParNew: 8813694K->986116K(9175040K), 0.1550378 secs] 47400049K->39578265K(65798144K), 0.1554182 secs] [Times: user=0.90 sys=1.67, real=0.16 secs] 
2023-10-24T03:03:32.145+0800: 465154.426: [GC (Allocation Failure) 2023-10-24T03:03:32.145+0800: 465154.427: [ParNew: 8850436K->913081K(9175040K), 0.1996386 secs] 47442585K->39511138K(65798144K), 0.2000629 secs] [Times: user=1.58 sys=1.80, real=0.20 secs] 
2023-10-24T03:03:57.362+0800: 465179.643: [GC (Allocation Failure) 2023-10-24T03:03:57.362+0800: 465179.643: [ParNew: 8777401K->928305K(9175040K), 0.1381523 secs] 47375458K->39531911K(65798144K), 0.1385784 secs] [Times: user=1.98 sys=0.29, real=0.14 secs] 
2023-10-24T03:04:22.651+0800: 465204.933: [GC (Allocation Failure) 2023-10-24T03:04:22.652+0800: 465204.933: [ParNew: 8792625K->923247K(9175040K), 0.1866532 secs] 47396231K->39532527K(65798144K), 0.1871074 secs] [Times: user=1.57 sys=1.56, real=0.19 secs] 
2023-10-24T03:04:47.596+0800: 465229.877: [GC (Allocation Failure) 2023-10-24T03:04:47.596+0800: 465229.877: [ParNew: 8787567K->921855K(9175040K), 0.1365580 secs] 47396847K->39536646K(65798144K), 0.1369471 secs] [Times: user=0.93 sys=1.32, real=0.14 secs] 
2023-10-24T03:05:12.761+0800: 465255.042: [GC (Allocation Failure) 2023-10-24T03:05:12.761+0800: 465255.042: [ParNew: 8786175K->886962K(9175040K), 0.1883056 secs] 47400966K->39507288K(65798144K), 0.1886867 secs] [Times: user=1.68 sys=1.49, real=0.19 secs] 
2023-10-24T03:05:38.154+0800: 465280.435: [GC (Allocation Failure) 2023-10-24T03:05:38.154+0800: 465280.436: [ParNew: 8751282K->922586K(9175040K), 0.1426494 secs] 47371608K->39548485K(65798144K), 0.1430516 secs] [Times: user=0.84 sys=1.50, real=0.15 secs] 
2023-10-24T03:06:03.363+0800: 465305.644: [GC (Allocation Failure) 2023-10-24T03:06:03.363+0800: 465305.644: [ParNew: 8786906K->920770K(9175040K), 0.1827307 secs] 47412805K->39552227K(65798144K), 0.1831234 secs] [Times: user=0.56 sys=1.81, real=0.19 secs] 
2023-10-24T03:06:28.638+0800: 465330.920: [GC (Allocation Failure) 2023-10-24T03:06:28.639+0800: 465330.920: [ParNew: 8785090K->850018K(9175040K), 0.1315089 secs] 47416547K->39487066K(65798144K), 0.1318964 secs] [Times: user=2.01 sys=0.14, real=0.13 secs] 
2023-10-24T03:06:53.676+0800: 465355.957: [GC (Allocation Failure) 2023-10-24T03:06:53.676+0800: 465355.958: [ParNew: 8714338K->884108K(9175040K), 0.1880390 secs] 47351386K->39527061K(65798144K), 0.1884223 secs] [Times: user=0.70 sys=1.99, real=0.18 secs] 
2023-10-24T03:07:19.128+0800: 465381.410: [GC (Allocation Failure) 2023-10-24T03:07:19.129+0800: 465381.410: [ParNew: 8748428K->884963K(9175040K), 0.1351704 secs] 47391381K->39533439K(65798144K), 0.1355747 secs] [Times: user=0.91 sys=0.43, real=0.13 secs] 
2023-10-24T03:07:44.090+0800: 465406.371: [GC (Allocation Failure) 2023-10-24T03:07:44.090+0800: 465406.371: [ParNew: 8749283K->884704K(9175040K), 0.1894065 secs] 47397759K->39538745K(65798144K), 0.1898091 secs] [Times: user=1.87 sys=1.30, real=0.19 secs] 
2023-10-24T03:08:09.309+0800: 465431.590: [GC (Allocation Failure) 2023-10-24T03:08:09.309+0800: 465431.590: [ParNew: 8749024K->886425K(9175040K), 0.1408810 secs] 47403065K->39546006K(65798144K), 0.1412778 secs] [Times: user=1.02 sys=1.29, real=0.14 secs] 
2023-10-24T03:08:33.386+0800: 465455.667: [GC (Allocation Failure) 2023-10-24T03:08:33.386+0800: 465455.667: [ParNew: 8750745K->921959K(9175040K), 0.1894283 secs] 47410326K->39587085K(65798144K), 0.1898725 secs] [Times: user=1.91 sys=1.47, real=0.19 secs] 
2023-10-24T03:08:55.714+0800: 465477.995: [GC (Allocation Failure) 2023-10-24T03:08:55.714+0800: 465477.995: [ParNew: 8786279K->890559K(9175040K), 0.1323673 secs] 47451405K->39561229K(65798144K), 0.1327839 secs] [Times: user=2.16 sys=0.13, real=0.14 secs] 
2023-10-24T03:09:17.473+0800: 465499.755: [GC (Allocation Failure) 2023-10-24T03:09:17.474+0800: 465499.755: [ParNew: 8754879K->931345K(9175040K), 0.1989774 secs] 47425549K->39607608K(65798144K), 0.1993812 secs] [Times: user=0.69 sys=2.86, real=0.20 secs] 
2023-10-24T03:09:41.552+0800: 465523.833: [GC (Allocation Failure) 2023-10-24T03:09:41.552+0800: 465523.833: [ParNew: 8795665K->938941K(9175040K), 0.1325292 secs] 47471928K->39620840K(65798144K), 0.1329634 secs] [Times: user=0.96 sys=0.92, real=0.13 secs] 
2023-10-24T03:10:06.500+0800: 465548.781: [GC (Allocation Failure) 2023-10-24T03:10:06.500+0800: 465548.781: [ParNew: 8803261K->904547K(9175040K), 0.2135284 secs] 47485160K->39592151K(65798144K), 0.2139350 secs] [Times: user=1.73 sys=1.86, real=0.21 secs] 
2023-10-24T03:10:32.218+0800: 465574.499: [GC (Allocation Failure) 2023-10-24T03:10:32.218+0800: 465574.499: [ParNew: 8768867K->979360K(9175040K), 0.1798325 secs] 47456471K->39672685K(65798144K), 0.1802830 secs] [Times: user=1.84 sys=1.16, real=0.18 secs] 
2023-10-24T03:10:56.904+0800: 465599.185: [GC (Allocation Failure) 2023-10-24T03:10:56.904+0800: 465599.186: [ParNew: 8843680K->980348K(9175040K), 0.1582328 secs] 47537005K->39679440K(65798144K), 0.1586114 secs] [Times: user=1.96 sys=0.65, real=0.16 secs] 
2023-10-24T03:11:21.096+0800: 465623.377: [GC (Allocation Failure) 2023-10-24T03:11:21.096+0800: 465623.377: [ParNew: 8844668K->910598K(9175040K), 0.1602226 secs] 47543760K->39615805K(65798144K), 0.1606317 secs] [Times: user=1.87 sys=0.77, real=0.17 secs] 
2023-10-24T03:11:44.985+0800: 465647.267: [GC (Allocation Failure) 2023-10-24T03:11:44.986+0800: 465647.267: [ParNew: 8774918K->983786K(9175040K), 0.1550029 secs] 47480125K->39694750K(65798144K), 0.1553862 secs] [Times: user=2.00 sys=0.55, real=0.16 secs] 
2023-10-24T03:12:09.373+0800: 465671.654: [GC (Allocation Failure) 2023-10-24T03:12:09.373+0800: 465671.654: [ParNew: 8848106K->913659K(9175040K), 0.1656245 secs] 47559070K->39630390K(65798144K), 0.1660961 secs] [Times: user=1.91 sys=0.82, real=0.17 secs] 
2023-10-24T03:12:33.869+0800: 465696.151: [GC (Allocation Failure) 2023-10-24T03:12:33.870+0800: 465696.151: [ParNew: 8777979K->915018K(9175040K), 0.1733489 secs] 47494710K->39637561K(65798144K), 0.1737415 secs] [Times: user=2.25 sys=0.61, real=0.17 secs] 
2023-10-24T03:12:58.057+0800: 465720.338: [GC (Allocation Failure) 2023-10-24T03:12:58.057+0800: 465720.339: [ParNew: 8779338K->917396K(9175040K), 0.1657209 secs] 47501881K->39651644K(65798144K), 0.1661677 secs] [Times: user=0.89 sys=1.99, real=0.16 secs] 
2023-10-24T03:13:22.001+0800: 465744.282: [GC (Allocation Failure) 2023-10-24T03:13:22.001+0800: 465744.283: [ParNew: 8781716K->988232K(9175040K), 0.1524770 secs] 47515964K->39728282K(65798144K), 0.1528699 secs] [Times: user=2.02 sys=0.49, real=0.15 secs] 
2023-10-24T03:13:46.393+0800: 465768.674: [GC (Allocation Failure) 2023-10-24T03:13:46.393+0800: 465768.675: [ParNew: 8852552K->916597K(9175040K), 0.1545087 secs] 47592602K->39662449K(65798144K), 0.1548904 secs] [Times: user=1.91 sys=0.63, real=0.16 secs] 
2023-10-24T03:14:10.601+0800: 465792.882: [GC (Allocation Failure) 2023-10-24T03:14:10.601+0800: 465792.882: [ParNew: 8780917K->951438K(9175040K), 0.1573309 secs] 47526769K->39703300K(65798144K), 0.1577209 secs] [Times: user=0.94 sys=1.82, real=0.16 secs] 
2023-10-24T03:14:35.647+0800: 465817.928: [GC (Allocation Failure) 2023-10-24T03:14:35.647+0800: 465817.929: [ParNew: 8815758K->983003K(9175040K), 0.1594418 secs] 47567620K->39734866K(65798144K), 0.1599306 secs] [Times: user=1.82 sys=0.84, real=0.16 secs] 
2023-10-24T03:15:00.651+0800: 465842.932: [GC (Allocation Failure) 2023-10-24T03:15:00.651+0800: 465842.932: [ParNew: 8847323K->986131K(9175040K), 0.1526874 secs] 47599186K->39744114K(65798144K), 0.1530823 secs] [Times: user=1.90 sys=0.61, real=0.15 secs] 
2023-10-24T03:15:24.942+0800: 465867.223: [GC (Allocation Failure) 2023-10-24T03:15:24.942+0800: 465867.223: [ParNew: 8850451K->914417K(9175040K), 0.1647766 secs] 47608434K->39678554K(65798144K), 0.1651940 secs] [Times: user=1.93 sys=0.79, real=0.17 secs] 
2023-10-24T03:15:49.769+0800: 465892.050: [GC (Allocation Failure) 2023-10-24T03:15:49.769+0800: 465892.050: [ParNew: 8778737K->1025966K(9175040K), 0.1550221 secs] 47542874K->39796020K(65798144K), 0.1554205 secs] [Times: user=2.04 sys=0.52, real=0.15 secs] 
2023-10-24T03:16:15.002+0800: 465917.283: [GC (Allocation Failure) 2023-10-24T03:16:15.002+0800: 465917.283: [ParNew: 8890286K->918027K(9175040K), 0.1782064 secs] 47660340K->39699681K(65798144K), 0.1786127 secs] [Times: user=1.82 sys=1.13, real=0.18 secs] 
2023-10-24T03:16:40.228+0800: 465942.509: [GC (Allocation Failure) 2023-10-24T03:16:40.228+0800: 465942.509: [ParNew: 8782347K->981942K(9175040K), 0.1560948 secs] 47564001K->39763595K(65798144K), 0.1564939 secs] [Times: user=1.96 sys=0.63, real=0.15 secs] 
2023-10-24T03:17:06.162+0800: 465968.444: [GC (Allocation Failure) 2023-10-24T03:17:06.163+0800: 465968.444: [ParNew: 8846262K->948556K(9175040K), 0.1784905 secs] 47627915K->39735981K(65798144K), 0.1789711 secs] [Times: user=1.81 sys=1.17, real=0.18 secs] 
2023-10-24T03:17:31.066+0800: 465993.347: [GC (Allocation Failure) 2023-10-24T03:17:31.066+0800: 465993.347: [ParNew: 8812876K->984059K(9175040K), 0.1680326 secs] 47600301K->39777189K(65798144K), 0.1684283 secs] [Times: user=2.04 sys=0.74, real=0.16 secs] 
2023-10-24T03:17:56.990+0800: 466019.271: [GC (Allocation Failure) 2023-10-24T03:17:56.990+0800: 466019.272: [ParNew: 8848379K->947721K(9175040K), 0.2056908 secs] 47641509K->39746699K(65798144K), 0.2060890 secs] [Times: user=1.72 sys=1.74, real=0.21 secs] 
2023-10-24T03:18:22.265+0800: 466044.546: [GC (Allocation Failure) 2023-10-24T03:18:22.265+0800: 466044.546: [ParNew: 8812041K->944825K(9175040K), 0.1408266 secs] 47611019K->39749469K(65798144K), 0.1412028 secs] [Times: user=0.84 sys=1.46, real=0.15 secs] 
2023-10-24T03:18:47.474+0800: 466069.755: [GC (Allocation Failure) 2023-10-24T03:18:47.474+0800: 466069.755: [ParNew: 8809145K->906504K(9175040K), 0.2068192 secs] 47613789K->39717010K(65798144K), 0.2072103 secs] [Times: user=0.58 sys=2.91, real=0.21 secs] 
2023-10-24T03:19:12.764+0800: 466095.045: [GC (Allocation Failure) 2023-10-24T03:19:12.764+0800: 466095.045: [ParNew: 8770824K->977725K(9175040K), 0.1374205 secs] 47581330K->39794604K(65798144K), 0.1378718 secs] [Times: user=1.97 sys=0.27, real=0.14 secs] 
2023-10-24T03:19:38.350+0800: 466120.631: [GC (Allocation Failure) 2023-10-24T03:19:38.350+0800: 466120.631: [ParNew: 8842045K->938715K(9175040K), 0.1964853 secs] 47658924K->39761570K(65798144K), 0.1968782 secs] [Times: user=1.66 sys=1.64, real=0.20 secs] 
2023-10-24T03:20:03.587+0800: 466145.869: [GC (Allocation Failure) 2023-10-24T03:20:03.588+0800: 466145.869: [ParNew: 8803035K->938091K(9175040K), 0.1393006 secs] 47625890K->39766789K(65798144K), 0.1396795 secs] [Times: user=2.03 sys=0.22, real=0.14 secs] 
2023-10-24T03:20:28.906+0800: 466171.187: [GC (Allocation Failure) 2023-10-24T03:20:28.906+0800: 466171.188: [ParNew: 8802411K->937812K(9175040K), 0.1942146 secs] 47631109K->39772348K(65798144K), 0.1946154 secs] [Times: user=1.74 sys=1.53, real=0.19 secs] 
2023-10-24T03:20:54.080+0800: 466196.361: [GC (Allocation Failure) 2023-10-24T03:20:54.080+0800: 466196.361: [ParNew: 8802132K->900076K(9175040K), 0.1395827 secs] 47636668K->39740360K(65798144K), 0.1399618 secs] [Times: user=0.94 sys=1.10, real=0.14 secs] 
2023-10-24T03:21:19.395+0800: 466221.677: [GC (Allocation Failure) 2023-10-24T03:21:19.396+0800: 466221.677: [ParNew: 8764396K->935988K(9175040K), 0.1964318 secs] 47604680K->39781960K(65798144K), 0.1968244 secs] [Times: user=1.76 sys=1.54, real=0.20 secs] 
2023-10-24T03:21:44.883+0800: 466247.164: [GC (Allocation Failure) 2023-10-24T03:21:44.883+0800: 466247.165: [ParNew: 8800308K->971341K(9175040K), 0.1410534 secs] 47646280K->39823056K(65798144K), 0.1414518 secs] [Times: user=2.11 sys=0.19, real=0.14 secs] 
2023-10-24T03:22:10.194+0800: 466272.475: [GC (Allocation Failure) 2023-10-24T03:22:10.194+0800: 466272.475: [ParNew: 8835661K->899489K(9175040K), 0.1886308 secs] 47687376K->39757099K(65798144K), 0.1890315 secs] [Times: user=0.82 sys=2.53, real=0.19 secs] 
2023-10-24T03:22:35.735+0800: 466298.017: [GC (Allocation Failure) 2023-10-24T03:22:35.736+0800: 466298.017: [ParNew: 8763809K->864527K(9175040K), 0.1346745 secs] 47621419K->39727837K(65798144K), 0.1350946 secs] [Times: user=2.05 sys=0.14, real=0.14 secs] 
2023-10-24T03:23:00.920+0800: 466323.201: [GC (Allocation Failure) 2023-10-24T03:23:00.920+0800: 466323.201: [ParNew: 8728847K->901038K(9175040K), 0.1875258 secs] 47592157K->39770140K(65798144K), 0.1879175 secs] [Times: user=0.68 sys=2.47, real=0.19 secs] 
2023-10-24T03:23:26.797+0800: 466349.078: [GC (Allocation Failure) 2023-10-24T03:23:26.797+0800: 466349.078: [ParNew: 8765358K->867585K(9175040K), 0.1680319 secs] 47634460K->39742605K(65798144K), 0.1684007 secs] [Times: user=1.88 sys=0.89, real=0.16 secs] 
2023-10-24T03:23:52.227+0800: 466374.508: [GC (Allocation Failure) 2023-10-24T03:23:52.227+0800: 466374.508: [ParNew: 8731905K->939080K(9175040K), 0.1624967 secs] 47606925K->39819934K(65798144K), 0.1628694 secs] [Times: user=2.01 sys=0.69, real=0.16 secs] 
2023-10-24T03:24:17.961+0800: 466400.242: [GC (Allocation Failure) 2023-10-24T03:24:17.961+0800: 466400.242: [ParNew: 8803400K->903358K(9175040K), 0.1692230 secs] 47684254K->39789999K(65798144K), 0.1696276 secs] [Times: user=0.71 sys=2.07, real=0.17 secs] 
2023-10-24T03:24:43.460+0800: 466425.741: [GC (Allocation Failure) 2023-10-24T03:24:43.460+0800: 466425.741: [ParNew: 8767678K->975092K(9175040K), 0.1641476 secs] 47654319K->39867577K(65798144K), 0.1645395 secs] [Times: user=1.99 sys=0.74, real=0.16 secs] 
2023-10-24T03:25:08.677+0800: 466450.958: [GC (Allocation Failure) 2023-10-24T03:25:08.677+0800: 466450.958: [ParNew: 8839412K->884232K(9175040K), 0.1691267 secs] 47731897K->39782572K(65798144K), 0.1695779 secs] [Times: user=0.88 sys=1.90, real=0.17 secs] 
2023-10-24T03:25:33.563+0800: 466475.844: [GC (Allocation Failure) 2023-10-24T03:25:33.563+0800: 466475.845: [ParNew: 8748552K->915583K(9175040K), 0.1724387 secs] 47646892K->39819862K(65798144K), 0.1728061 secs] [Times: user=0.98 sys=0.93, real=0.18 secs] 
2023-10-24T03:25:59.099+0800: 466501.380: [GC (Allocation Failure) 2023-10-24T03:25:59.099+0800: 466501.380: [ParNew: 8779903K->915826K(9175040K), 0.2072401 secs] 47684182K->39825923K(65798144K), 0.2076365 secs] [Times: user=1.65 sys=1.83, real=0.21 secs] 
2023-10-24T03:26:24.457+0800: 466526.739: [GC (Allocation Failure) 2023-10-24T03:26:24.458+0800: 466526.739: [ParNew: 8780146K->881380K(9175040K), 0.1446466 secs] 47690243K->39797315K(65798144K), 0.1450777 secs] [Times: user=1.00 sys=1.38, real=0.14 secs] 
2023-10-24T03:26:49.887+0800: 466552.168: [GC (Allocation Failure) 2023-10-24T03:26:49.887+0800: 466552.168: [ParNew: 8745700K->915340K(9175040K), 0.2044546 secs] 47661635K->39837098K(65798144K), 0.2048447 secs] [Times: user=1.72 sys=1.70, real=0.20 secs] 
2023-10-24T03:27:15.476+0800: 466577.757: [GC (Allocation Failure) 2023-10-24T03:27:15.476+0800: 466577.757: [ParNew: 8779660K->881085K(9175040K), 0.1360161 secs] 47701418K->39808774K(65798144K), 0.1363948 secs] [Times: user=2.00 sys=0.20, real=0.13 secs] 
2023-10-24T03:27:40.836+0800: 466603.117: [GC (Allocation Failure) 2023-10-24T03:27:40.836+0800: 466603.117: [ParNew: 8745405K->916025K(9175040K), 0.1978670 secs] 47673094K->39849540K(65798144K), 0.1982451 secs] [Times: user=1.75 sys=1.76, real=0.19 secs] 
2023-10-24T03:28:05.819+0800: 466628.100: [GC (Allocation Failure) 2023-10-24T03:28:05.819+0800: 466628.101: [ParNew: 8780345K->917098K(9175040K), 0.1369835 secs] 47713860K->39856408K(65798144K), 0.1373646 secs] [Times: user=2.05 sys=0.17, real=0.14 secs] 
2023-10-24T03:28:31.076+0800: 466653.357: [GC (Allocation Failure) 2023-10-24T03:28:31.076+0800: 466653.357: [ParNew: 8781418K->920020K(9175040K), 0.1902157 secs] 47720728K->39865140K(65798144K), 0.1906296 secs] [Times: user=0.57 sys=2.60, real=0.19 secs] 
2023-10-24T03:28:56.654+0800: 466678.935: [GC (Allocation Failure) 2023-10-24T03:28:56.654+0800: 466678.935: [ParNew: 8784340K->921348K(9175040K), 0.1410431 secs] 47729460K->39872306K(65798144K), 0.1414321 secs] [Times: user=2.07 sys=0.24, real=0.14 secs] 
2023-10-24T03:29:21.653+0800: 466703.934: [GC (Allocation Failure) 2023-10-24T03:29:21.653+0800: 466703.935: [ParNew: 8785668K->886453K(9175040K), 0.1931312 secs] 47736626K->39843240K(65798144K), 0.1935284 secs] [Times: user=1.81 sys=1.41, real=0.20 secs] 
2023-10-24T03:29:46.948+0800: 466729.229: [GC (Allocation Failure) 2023-10-24T03:29:46.948+0800: 466729.229: [ParNew: 8750773K->924618K(9175040K), 0.1329261 secs] 47707560K->39887211K(65798144K), 0.1332997 secs] [Times: user=0.91 sys=1.26, real=0.13 secs] 
2023-10-24T03:30:11.741+0800: 466754.023: [GC (Allocation Failure) 2023-10-24T03:30:11.742+0800: 466754.023: [ParNew: 8788938K->925710K(9175040K), 0.1941104 secs] 47751531K->39894169K(65798144K), 0.1944940 secs] [Times: user=1.84 sys=1.41, real=0.20 secs] 
2023-10-24T03:30:36.325+0800: 466778.607: [GC (Allocation Failure) 2023-10-24T03:30:36.326+0800: 466778.607: [ParNew: 8790030K->927740K(9175040K), 0.1328022 secs] 47758489K->39901997K(65798144K), 0.1331968 secs] [Times: user=0.95 sys=1.20, real=0.14 secs] 
2023-10-24T03:31:01.783+0800: 466804.065: [GC (Allocation Failure) 2023-10-24T03:31:01.784+0800: 466804.065: [ParNew: 8792060K->930612K(9175040K), 0.1860645 secs] 47766317K->39910718K(65798144K), 0.1864594 secs] [Times: user=1.69 sys=1.41, real=0.19 secs] 
2023-10-24T03:31:27.589+0800: 466829.870: [GC (Allocation Failure) 2023-10-24T03:31:27.589+0800: 466829.871: [ParNew: 8794932K->932086K(9175040K), 0.1411625 secs] 47775038K->39918048K(65798144K), 0.1416111 secs] [Times: user=1.03 sys=1.26, real=0.14 secs] 
2023-10-24T03:31:52.887+0800: 466855.169: [GC (Allocation Failure) 2023-10-24T03:31:52.888+0800: 466855.169: [ParNew: 8796406K->894438K(9175040K), 0.1833588 secs] 47782368K->39886254K(65798144K), 0.1837511 secs] [Times: user=1.74 sys=1.31, real=0.18 secs] 
2023-10-24T03:32:18.931+0800: 466881.212: [GC (Allocation Failure) 2023-10-24T03:32:18.931+0800: 466881.213: [ParNew: 8758758K->930754K(9175040K), 0.1330669 secs] 47750574K->39928397K(65798144K), 0.1334872 secs] [Times: user=2.04 sys=0.11, real=0.13 secs] 
2023-10-24T03:32:44.358+0800: 466906.639: [GC (Allocation Failure) 2023-10-24T03:32:44.358+0800: 466906.639: [ParNew: 8795074K->894663K(9175040K), 0.1833931 secs] 47792717K->39898160K(65798144K), 0.1837632 secs] [Times: user=0.59 sys=2.47, real=0.18 secs] 
2023-10-24T03:33:09.881+0800: 466932.162: [GC (Allocation Failure) 2023-10-24T03:33:09.881+0800: 466932.162: [ParNew: 8758983K->930946K(9175040K), 0.1243753 secs] 47762480K->39940272K(65798144K), 0.1247758 secs] [Times: user=2.18 sys=0.00, real=0.12 secs] 
2023-10-24T03:33:34.754+0800: 466957.036: [GC (Allocation Failure) 2023-10-24T03:33:34.755+0800: 466957.036: [ParNew: 8795266K->894535K(9175040K), 0.1884713 secs] 47804592K->39909652K(65798144K), 0.1888881 secs] [Times: user=1.86 sys=1.29, real=0.19 secs] 
2023-10-24T03:33:59.925+0800: 466982.206: [GC (Allocation Failure) 2023-10-24T03:33:59.925+0800: 466982.206: [ParNew: 8758855K->932398K(9175040K), 0.1224194 secs] 47773972K->39953345K(65798144K), 0.1228880 secs] [Times: user=0.93 sys=1.04, real=0.13 secs] 
2023-10-24T03:34:24.846+0800: 467007.127: [GC (Allocation Failure) 2023-10-24T03:34:24.846+0800: 467007.127: [ParNew: 8796718K->898635K(9175040K), 0.1959366 secs] 47817665K->39925514K(65798144K), 0.1963222 secs] [Times: user=1.82 sys=1.46, real=0.20 secs] 
2023-10-24T03:34:50.432+0800: 467032.713: [GC (Allocation Failure) 2023-10-24T03:34:50.432+0800: 467032.713: [ParNew: 8762955K->935404K(9175040K), 0.1293118 secs] 47789834K->39968088K(65798144K), 0.1298712 secs] [Times: user=2.16 sys=0.00, real=0.13 secs] 
2023-10-24T03:35:15.390+0800: 467057.671: [GC (Allocation Failure) 2023-10-24T03:35:15.390+0800: 467057.671: [ParNew: 8799724K->900169K(9175040K), 0.1843952 secs] 47832408K->39938646K(65798144K), 0.1848259 secs] [Times: user=1.82 sys=1.26, real=0.18 secs] 
2023-10-24T03:35:40.690+0800: 467082.971: [GC (Allocation Failure) 2023-10-24T03:35:40.690+0800: 467082.972: [ParNew: 8764489K->899248K(9175040K), 0.1574033 secs] 47802966K->39943595K(65798144K), 0.1577871 secs] [Times: user=1.94 sys=0.65, real=0.16 secs] 
2023-10-24T03:36:04.868+0800: 467107.150: [GC (Allocation Failure) 2023-10-24T03:36:04.869+0800: 467107.150: [ParNew: 8763568K->971392K(9175040K), 0.1449500 secs] 47807915K->40021584K(65798144K), 0.1453256 secs] [Times: user=0.74 sys=1.45, real=0.14 secs] 
2023-10-24T03:36:30.294+0800: 467132.575: [GC (Allocation Failure) 2023-10-24T03:36:30.294+0800: 467132.575: [ParNew: 8835712K->900418K(9175040K), 0.1606412 secs] 47885904K->39956938K(65798144K), 0.1610357 secs] [Times: user=1.91 sys=0.74, real=0.16 secs] 
2023-10-24T03:36:55.503+0800: 467157.784: [GC (Allocation Failure) 2023-10-24T03:36:55.503+0800: 467157.784: [ParNew: 8764738K->973306K(9175040K), 0.1552902 secs] 47821258K->40035864K(65798144K), 0.1556835 secs] [Times: user=0.85 sys=1.71, real=0.16 secs] 
2023-10-24T03:37:20.941+0800: 467183.222: [GC (Allocation Failure) 2023-10-24T03:37:20.941+0800: 467183.223: [ParNew: 8837626K->938160K(9175040K), 0.1697099 secs] 47900184K->40006569K(65798144K), 0.1701140 secs] [Times: user=1.95 sys=0.86, real=0.17 secs] 
2023-10-24T03:37:46.397+0800: 467208.678: [GC (Allocation Failure) 2023-10-24T03:37:46.397+0800: 467208.678: [ParNew: 8802480K->1012276K(9175040K), 0.1623044 secs] 47870889K->40086466K(65798144K), 0.1627073 secs] [Times: user=1.99 sys=0.69, real=0.16 secs] 
2023-10-24T03:38:12.114+0800: 467234.395: [GC (Allocation Failure) 2023-10-24T03:38:12.114+0800: 467234.395: [ParNew: 8876596K->868521K(9175040K), 0.1803334 secs] 47950786K->39948571K(65798144K), 0.1807750 secs] [Times: user=1.99 sys=1.02, real=0.18 secs] 
2023-10-24T03:38:37.351+0800: 467259.632: [GC (Allocation Failure) 2023-10-24T03:38:37.351+0800: 467259.632: [ParNew: 8732841K->977040K(9175040K), 0.1544936 secs] 47812891K->40062907K(65798144K), 0.1548602 secs] [Times: user=1.85 sys=0.69, real=0.16 secs] 
2023-10-24T03:39:02.986+0800: 467285.267: [GC (Allocation Failure) 2023-10-24T03:39:02.986+0800: 467285.268: [ParNew: 8841360K->904898K(9175040K), 0.1926434 secs] 47927227K->39996550K(65798144K), 0.1930916 secs] [Times: user=0.59 sys=2.21, real=0.19 secs] 
2023-10-24T03:39:28.344+0800: 467310.625: [GC (Allocation Failure) 2023-10-24T03:39:28.344+0800: 467310.626: [ParNew: 8769218K->942178K(9175040K), 0.1393731 secs] 47860870K->40039795K(65798144K), 0.1397644 secs] [Times: user=1.96 sys=0.31, real=0.14 secs] 
2023-10-24T03:39:53.928+0800: 467336.209: [GC (Allocation Failure) 2023-10-24T03:39:53.928+0800: 467336.209: [ParNew: 8806498K->941443K(9175040K), 0.1990723 secs] 47904115K->40044870K(65798144K), 0.1995248 secs] [Times: user=0.55 sys=2.62, real=0.20 secs] 
2023-10-24T03:40:19.069+0800: 467361.350: [GC (Allocation Failure) 2023-10-24T03:40:19.069+0800: 467361.350: [ParNew: 8805763K->905730K(9175040K), 0.1318580 secs] 47909190K->40015096K(65798144K), 0.1322670 secs] [Times: user=0.90 sys=1.24, real=0.13 secs] 
2023-10-24T03:40:44.458+0800: 467386.739: [GC (Allocation Failure) 2023-10-24T03:40:44.458+0800: 467386.740: [ParNew: 8770050K->905605K(9175040K), 0.1806783 secs] 47879416K->40020795K(65798144K), 0.1811241 secs] [Times: user=1.87 sys=1.14, real=0.18 secs] 
2023-10-24T03:41:09.417+0800: 467411.698: [GC (Allocation Failure) 2023-10-24T03:41:09.417+0800: 467411.698: [ParNew: 8769925K->977752K(9175040K), 0.1496741 secs] 47885115K->40098761K(65798144K), 0.1500585 secs] [Times: user=1.90 sys=0.55, real=0.15 secs] 
2023-10-24T03:41:35.277+0800: 467437.558: [GC (Allocation Failure) 2023-10-24T03:41:35.277+0800: 467437.558: [ParNew: 8842072K->940138K(9175040K), 0.1811876 secs] 47963081K->40066958K(65798144K), 0.1817497 secs] [Times: user=1.82 sys=1.20, real=0.18 secs] 
2023-10-24T03:42:00.508+0800: 467462.790: [GC (Allocation Failure) 2023-10-24T03:42:00.509+0800: 467462.790: [ParNew: 8804458K->1012152K(9175040K), 0.1674030 secs] 47931278K->40144795K(65798144K), 0.1677787 secs] [Times: user=0.96 sys=1.82, real=0.17 secs] 
2023-10-24T03:42:26.199+0800: 467488.480: [GC (Allocation Failure) 2023-10-24T03:42:26.199+0800: 467488.481: [ParNew: 8876472K->814541K(9175040K), 0.2020388 secs] 48009115K->39953136K(65798144K), 0.2024362 secs] [Times: user=1.64 sys=1.77, real=0.20 secs] 
2023-10-24T03:42:51.244+0800: 467513.525: [GC (Allocation Failure) 2023-10-24T03:42:51.244+0800: 467513.525: [ParNew: 8678861K->880401K(9175040K), 0.1365317 secs] 47817456K->40024830K(65798144K), 0.1369048 secs] [Times: user=0.94 sys=1.38, real=0.14 secs] 
2023-10-24T03:43:16.593+0800: 467538.874: [GC (Allocation Failure) 2023-10-24T03:43:16.593+0800: 467538.874: [ParNew: 8744721K->880907K(9175040K), 0.2040293 secs] 47889150K->40031149K(65798144K), 0.2044177 secs] [Times: user=1.71 sys=1.73, real=0.21 secs] 
2023-10-24T03:43:41.631+0800: 467563.912: [GC (Allocation Failure) 2023-10-24T03:43:41.631+0800: 467563.912: [ParNew: 8745227K->917374K(9175040K), 0.1353174 secs] 47895469K->40073426K(65798144K), 0.1357592 secs] [Times: user=0.94 sys=1.26, real=0.14 secs] 
2023-10-24T03:44:06.918+0800: 467589.199: [GC (Allocation Failure) 2023-10-24T03:44:06.918+0800: 467589.199: [ParNew: 8781694K->883405K(9175040K), 0.2018736 secs] 47937746K->40045242K(65798144K), 0.2022714 secs] [Times: user=1.77 sys=1.62, real=0.20 secs] 
2023-10-24T03:44:32.180+0800: 467614.462: [GC (Allocation Failure) 2023-10-24T03:44:32.181+0800: 467614.462: [ParNew: 8747725K->920836K(9175040K), 0.1339097 secs] 47909562K->40088575K(65798144K), 0.1342874 secs] [Times: user=0.91 sys=1.26, real=0.13 secs] 
2023-10-24T03:44:57.225+0800: 467639.506: [GC (Allocation Failure) 2023-10-24T03:44:57.225+0800: 467639.506: [ParNew: 8785156K->1027646K(9175040K), 0.2028145 secs] 47952895K->40201226K(65798144K), 0.2032534 secs] [Times: user=1.63 sys=1.78, real=0.21 secs] 
2023-10-24T03:45:21.701+0800: 467663.982: [GC (Allocation Failure) 2023-10-24T03:45:21.701+0800: 467663.983: [ParNew: 8891966K->888509K(9175040K), 0.1290023 secs] 48065546K->40067974K(65798144K), 0.1293929 secs] [Times: user=2.01 sys=0.09, real=0.13 secs] 
2023-10-24T03:45:47.653+0800: 467689.934: [GC (Allocation Failure) 2023-10-24T03:45:47.653+0800: 467689.934: [ParNew: 8752829K->889250K(9175040K), 0.2233305 secs] 47932294K->40074525K(65798144K), 0.2237447 secs] [Times: user=0.89 sys=2.37, real=0.23 secs] 
2023-10-24T03:46:12.644+0800: 467714.925: [GC (Allocation Failure) 2023-10-24T03:46:12.644+0800: 467714.925: [ParNew: 8753570K->961236K(9175040K), 0.1375250 secs] 47938845K->40152371K(65798144K), 0.1379336 secs] [Times: user=0.85 sys=1.30, real=0.14 secs] 
2023-10-24T03:46:38.351+0800: 467740.632: [GC (Allocation Failure) 2023-10-24T03:46:38.351+0800: 467740.632: [ParNew: 8825556K->924399K(9175040K), 0.2078534 secs] 48016691K->40121371K(65798144K), 0.2082675 secs] [Times: user=1.77 sys=1.73, real=0.21 secs] 
2023-10-24T03:47:03.711+0800: 467765.992: [GC (Allocation Failure) 2023-10-24T03:47:03.711+0800: 467765.993: [ParNew: 8788719K->925138K(9175040K), 0.1363499 secs] 47985691K->40127965K(65798144K), 0.1367819 secs] [Times: user=0.95 sys=0.78, real=0.14 secs] 
2023-10-24T03:47:29.016+0800: 467791.298: [GC (Allocation Failure) 2023-10-24T03:47:29.017+0800: 467791.298: [ParNew: 8789458K->854286K(9175040K), 0.1931448 secs] 47992285K->40062981K(65798144K), 0.1935553 secs] [Times: user=1.57 sys=1.67, real=0.19 secs] 
2023-10-24T03:47:54.659+0800: 467816.941: [GC (Allocation Failure) 2023-10-24T03:47:54.660+0800: 467816.941: [ParNew: 8718606K->926857K(9175040K), 0.1344024 secs] 47927301K->40141359K(65798144K), 0.1347590 secs] [Times: user=2.03 sys=0.15, real=0.13 secs] 
2023-10-24T03:48:20.033+0800: 467842.314: [GC (Allocation Failure) 2023-10-24T03:48:20.033+0800: 467842.314: [ParNew: 8791177K->890947K(9175040K), 0.1958511 secs] 48005679K->40111277K(65798144K), 0.1962591 secs] [Times: user=1.64 sys=1.64, real=0.20 secs] 
2023-10-24T03:48:45.865+0800: 467868.146: [GC (Allocation Failure) 2023-10-24T03:48:45.865+0800: 467868.146: [ParNew: 8755267K->926968K(9175040K), 0.1460332 secs] 47975597K->40153117K(65798144K), 0.1464047 secs] [Times: user=2.14 sys=0.24, real=0.15 secs] 
2023-10-24T03:49:11.320+0800: 467893.601: [GC (Allocation Failure) 2023-10-24T03:49:11.320+0800: 467893.601: [ParNew: 8791288K->925866K(9175040K), 0.1890797 secs] 48017437K->40157878K(65798144K), 0.1894992 secs] [Times: user=0.64 sys=2.52, real=0.19 secs] 
2023-10-24T03:49:36.985+0800: 467919.266: [GC (Allocation Failure) 2023-10-24T03:49:36.985+0800: 467919.266: [ParNew: 8790186K->890439K(9175040K), 0.1415496 secs] 48022198K->40128283K(65798144K), 0.1419426 secs] [Times: user=2.08 sys=0.23, real=0.15 secs] 
2023-10-24T03:50:02.406+0800: 467944.688: [GC (Allocation Failure) 2023-10-24T03:50:02.407+0800: 467944.688: [ParNew: 8754759K->961388K(9175040K), 0.1833987 secs] 47992603K->40205039K(65798144K), 0.1837974 secs] [Times: user=0.67 sys=2.40, real=0.18 secs] 
2023-10-24T03:50:27.628+0800: 467969.909: [GC (Allocation Failure) 2023-10-24T03:50:27.628+0800: 467969.909: [ParNew: 8825708K->925580K(9175040K), 0.1325416 secs] 48069359K->40175092K(65798144K), 0.1329394 secs] [Times: user=2.03 sys=0.12, real=0.13 secs] 
2023-10-24T03:50:52.726+0800: 467995.007: [GC (Allocation Failure) 2023-10-24T03:50:52.726+0800: 467995.007: [ParNew: 8789900K->926034K(9175040K), 0.1875690 secs] 48039412K->40181362K(65798144K), 0.1879618 secs] [Times: user=0.56 sys=2.57, real=0.18 secs] 
2023-10-24T03:51:16.845+0800: 468019.127: [GC (Allocation Failure) 2023-10-24T03:51:16.846+0800: 468019.127: [ParNew: 8790354K->892459K(9175040K), 0.1275926 secs] 48045682K->40153668K(65798144K), 0.1279795 secs] [Times: user=1.03 sys=0.62, real=0.13 secs] 
2023-10-24T03:51:41.737+0800: 468044.018: [GC (Allocation Failure) 2023-10-24T03:51:41.737+0800: 468044.018: [ParNew: 8756779K->929158K(9175040K), 0.1887416 secs] 48017988K->40196593K(65798144K), 0.1891583 secs] [Times: user=1.69 sys=1.45, real=0.19 secs] 
2023-10-24T03:52:07.142+0800: 468069.423: [GC (Allocation Failure) 2023-10-24T03:52:07.142+0800: 468069.423: [ParNew: 8793478K->966981K(9175040K), 0.1386399 secs] 48060913K->40240219K(65798144K), 0.1390203 secs] [Times: user=0.88 sys=1.38, real=0.14 secs] 
2023-10-24T03:52:32.861+0800: 468095.142: [GC (Allocation Failure) 2023-10-24T03:52:32.861+0800: 468095.143: [ParNew: 8831301K->932656K(9175040K), 0.1899292 secs] 48104539K->40211679K(65798144K), 0.1903308 secs] [Times: user=1.82 sys=1.36, real=0.19 secs] 
2023-10-24T03:52:58.522+0800: 468120.804: [GC (Allocation Failure) 2023-10-24T03:52:58.523+0800: 468120.804: [ParNew: 8796976K->897052K(9175040K), 0.1328347 secs] 48075999K->40181844K(65798144K), 0.1332458 secs] [Times: user=0.92 sys=1.24, real=0.13 secs] 
2023-10-24T03:53:23.769+0800: 468146.050: [GC (Allocation Failure) 2023-10-24T03:53:23.769+0800: 468146.050: [ParNew: 8761372K->898118K(9175040K), 0.2056250 secs] 48046164K->40188697K(65798144K), 0.2060121 secs] [Times: user=1.96 sys=1.49, real=0.20 secs] 
2023-10-24T03:53:49.272+0800: 468171.553: [GC (Allocation Failure) 2023-10-24T03:53:49.272+0800: 468171.553: [ParNew: 8762438K->898957K(9175040K), 0.1371964 secs] 48053017K->40195329K(65798144K), 0.1375784 secs] [Times: user=0.89 sys=1.27, real=0.14 secs] 
2023-10-24T03:54:14.573+0800: 468196.855: [GC (Allocation Failure) 2023-10-24T03:54:14.574+0800: 468196.855: [ParNew: 8763277K->864180K(9175040K), 0.2009107 secs] 48059649K->40166331K(65798144K), 0.2013713 secs] [Times: user=2.00 sys=1.37, real=0.20 secs] 
2023-10-24T03:54:40.618+0800: 468222.899: [GC (Allocation Failure) 2023-10-24T03:54:40.618+0800: 468222.899: [ParNew: 8728500K->937385K(9175040K), 0.1408537 secs] 48030651K->40245321K(65798144K), 0.1412438 secs] [Times: user=2.15 sys=0.14, real=0.14 secs] 
2023-10-24T03:55:05.750+0800: 468248.031: [GC (Allocation Failure) 2023-10-24T03:55:05.750+0800: 468248.032: [ParNew: 8801705K->974061K(9175040K), 0.1980504 secs] 48109641K->40287774K(65798144K), 0.1984695 secs] [Times: user=1.91 sys=1.42, real=0.20 secs] 
2023-10-24T03:55:31.387+0800: 468273.669: [GC (Allocation Failure) 2023-10-24T03:55:31.388+0800: 468273.669: [ParNew: 8838381K->903615K(9175040K), 0.1553395 secs] 48152094K->40223188K(65798144K), 0.1557393 secs] [Times: user=2.20 sys=0.36, real=0.15 secs] 
2023-10-24T03:55:56.773+0800: 468299.054: [GC (Allocation Failure) 2023-10-24T03:55:56.773+0800: 468299.054: [ParNew: 8767935K->939328K(9175040K), 0.1902023 secs] 48087508K->40264676K(65798144K), 0.1906168 secs] [Times: user=0.78 sys=2.40, real=0.19 secs] 
2023-10-24T03:56:22.705+0800: 468324.986: [GC (Allocation Failure) 2023-10-24T03:56:22.705+0800: 468324.987: [ParNew: 8803648K->903882K(9175040K), 0.1387748 secs] 48128996K->40235036K(65798144K), 0.1391728 secs] [Times: user=2.03 sys=0.22, real=0.14 secs] 
2023-10-24T03:56:48.459+0800: 468350.740: [GC (Allocation Failure) 2023-10-24T03:56:48.459+0800: 468350.740: [ParNew: 8768202K->1006396K(9175040K), 0.1960308 secs] 48099356K->40343333K(65798144K), 0.1964222 secs] [Times: user=1.95 sys=1.33, real=0.19 secs] 
2023-10-24T03:57:14.375+0800: 468376.656: [GC (Allocation Failure) 2023-10-24T03:57:14.375+0800: 468376.656: [ParNew: 8870716K->933611K(9175040K), 0.1371923 secs] 48207653K->40276458K(65798144K), 0.1376014 secs] [Times: user=0.93 sys=1.29, real=0.14 secs] 
2023-10-24T03:57:39.573+0800: 468401.854: [GC (Allocation Failure) 2023-10-24T03:57:39.573+0800: 468401.854: [ParNew: 8797931K->933382K(9175040K), 0.1909943 secs] 48140778K->40282062K(65798144K), 0.1914036 secs] [Times: user=1.85 sys=1.35, real=0.19 secs] 
2023-10-24T03:58:05.059+0800: 468427.340: [GC (Allocation Failure) 2023-10-24T03:58:05.059+0800: 468427.340: [ParNew: 8797702K->898857K(9175040K), 0.1271995 secs] 48146382K->40253358K(65798144K), 0.1276115 secs] [Times: user=0.89 sys=0.92, real=0.13 secs] 
2023-10-24T03:58:30.271+0800: 468452.553: [GC (Allocation Failure) 2023-10-24T03:58:30.272+0800: 468452.553: [ParNew: 8763177K->900541K(9175040K), 0.1858512 secs] 48117678K->40260818K(65798144K), 0.1862355 secs] [Times: user=1.76 sys=1.34, real=0.19 secs] 
2023-10-24T03:58:56.152+0800: 468478.433: [GC (Allocation Failure) 2023-10-24T03:58:56.152+0800: 468478.433: [ParNew: 8764861K->864579K(9175040K), 0.1882304 secs] 48125138K->40230641K(65798144K), 0.1886373 secs] [Times: user=1.09 sys=2.05, real=0.19 secs] 
2023-10-24T03:59:21.243+0800: 468503.524: [GC (Allocation Failure) 2023-10-24T03:59:21.243+0800: 468503.524: [ParNew: 8728899K->937219K(9175040K), 0.1507967 secs] 48094961K->40309086K(65798144K), 0.1511760 secs] [Times: user=0.99 sys=1.25, real=0.15 secs] 
2023-10-24T03:59:47.030+0800: 468529.311: [GC (Allocation Failure) 2023-10-24T03:59:47.030+0800: 468529.311: [ParNew: 8801539K->882414K(9175040K), 0.1646888 secs] 48173406K->40260161K(65798144K), 0.1651480 secs] [Times: user=1.83 sys=0.89, real=0.17 secs] 
2023-10-24T04:00:10.924+0800: 468553.205: [GC (Allocation Failure) 2023-10-24T04:00:10.924+0800: 468553.205: [ParNew: 8746734K->912686K(9175040K), 0.1716545 secs] 48124481K->40296271K(65798144K), 0.1720308 secs] [Times: user=2.25 sys=0.60, real=0.17 secs] 
2023-10-24T04:00:36.036+0800: 468578.318: [GC (Allocation Failure) 2023-10-24T04:00:36.037+0800: 468578.318: [ParNew: 8777006K->878688K(9175040K), 0.1622819 secs] 48160591K->40268276K(65798144K), 0.1626931 secs] [Times: user=0.75 sys=1.92, real=0.16 secs] 
2023-10-24T04:01:01.183+0800: 468603.464: [GC (Allocation Failure) 2023-10-24T04:01:01.183+0800: 468603.465: [ParNew: 8743008K->915287K(9175040K), 0.1553304 secs] 48132596K->40310668K(65798144K), 0.1557150 secs] [Times: user=2.04 sys=0.51, real=0.16 secs] 
2023-10-24T04:01:26.803+0800: 468629.084: [GC (Allocation Failure) 2023-10-24T04:01:26.803+0800: 468629.084: [ParNew: 8779607K->881382K(9175040K), 0.1585851 secs] 48174988K->40282741K(65798144K), 0.1589930 secs] [Times: user=0.72 sys=1.87, real=0.16 secs] 
2023-10-24T04:01:52.145+0800: 468654.427: [GC (Allocation Failure) 2023-10-24T04:01:52.146+0800: 468654.427: [ParNew: 8745702K->986709K(9175040K), 0.1571470 secs] 48147061K->40393887K(65798144K), 0.1575205 secs] [Times: user=0.86 sys=1.46, real=0.16 secs] 
2023-10-24T04:02:17.696+0800: 468679.977: [GC (Allocation Failure) 2023-10-24T04:02:17.696+0800: 468679.977: [ParNew: 8851029K->847327K(9175040K), 0.1771548 secs] 48258207K->40260355K(65798144K), 0.1775690 secs] [Times: user=2.08 sys=0.87, real=0.18 secs] 
2023-10-24T04:02:42.766+0800: 468705.047: [GC (Allocation Failure) 2023-10-24T04:02:42.766+0800: 468705.048: [ParNew: 8711647K->917901K(9175040K), 0.1523825 secs] 48124675K->40336762K(65798144K), 0.1528311 secs] [Times: user=0.91 sys=1.45, real=0.15 secs] 
2023-10-24T04:03:08.723+0800: 468731.004: [GC (Allocation Failure) 2023-10-24T04:03:08.723+0800: 468731.004: [ParNew: 8782221K->883545K(9175040K), 0.1612472 secs] 48201082K->40308233K(65798144K), 0.1616360 secs] [Times: user=1.89 sys=0.78, real=0.16 secs] 
2023-10-24T04:03:33.756+0800: 468756.037: [GC (Allocation Failure) 2023-10-24T04:03:33.756+0800: 468756.038: [ParNew: 8747865K->953328K(9175040K), 0.1652244 secs] 48172553K->40384033K(65798144K), 0.1655996 secs] [Times: user=0.92 sys=1.42, real=0.16 secs] 
2023-10-24T04:03:59.707+0800: 468781.988: [GC (Allocation Failure) 2023-10-24T04:03:59.707+0800: 468781.988: [ParNew: 8817648K->883510K(9175040K), 0.1865469 secs] 48248353K->40319797K(65798144K), 0.1869616 secs] [Times: user=2.10 sys=1.03, real=0.18 secs] 
2023-10-24T04:04:25.303+0800: 468807.584: [GC (Allocation Failure) 2023-10-24T04:04:25.303+0800: 468807.584: [ParNew: 8747830K->954740K(9175040K), 0.1545312 secs] 48184117K->40396571K(65798144K), 0.1549199 secs] [Times: user=1.95 sys=0.59, real=0.16 secs] 
2023-10-24T04:04:51.301+0800: 468833.582: [GC (Allocation Failure) 2023-10-24T04:04:51.301+0800: 468833.583: [ParNew: 8819060K->884335K(9175040K), 0.1730135 secs] 48260891K->40331723K(65798144K), 0.1734268 secs] [Times: user=0.76 sys=2.11, real=0.17 secs] 
2023-10-24T04:05:16.610+0800: 468858.891: [GC (Allocation Failure) 2023-10-24T04:05:16.610+0800: 468858.892: [ParNew: 8748655K->954908K(9175040K), 0.1607726 secs] 48196043K->40407863K(65798144K), 0.1611532 secs] [Times: user=0.92 sys=1.74, real=0.16 secs] 
2023-10-24T04:05:42.041+0800: 468884.323: [GC (Allocation Failure) 2023-10-24T04:05:42.042+0800: 468884.323: [ParNew: 8819228K->882454K(9175040K), 0.1822538 secs] 48272183K->40340961K(65798144K), 0.1827305 secs] [Times: user=1.86 sys=1.18, real=0.18 secs] 
2023-10-24T04:06:07.201+0800: 468909.482: [GC (Allocation Failure) 2023-10-24T04:06:07.201+0800: 468909.483: [ParNew: 8746774K->1024498K(9175040K), 0.1730372 secs] 48205281K->40488511K(65798144K), 0.1734121 secs] [Times: user=2.15 sys=0.72, real=0.17 secs] 
2023-10-24T04:06:32.989+0800: 468935.270: [GC (Allocation Failure) 2023-10-24T04:06:32.989+0800: 468935.270: [ParNew: 8888818K->883697K(9175040K), 0.2259145 secs] 48352831K->40353456K(65798144K), 0.2263471 secs] [Times: user=1.65 sys=2.20, real=0.22 secs] 
2023-10-24T04:06:58.364+0800: 468960.646: [GC (Allocation Failure) 2023-10-24T04:06:58.365+0800: 468960.646: [ParNew: 8748017K->990923K(9175040K), 0.1393655 secs] 48217776K->40466707K(65798144K), 0.1397627 secs] [Times: user=0.92 sys=1.34, real=0.14 secs] 
2023-10-24T04:07:24.285+0800: 468986.567: [GC (Allocation Failure) 2023-10-24T04:07:24.286+0800: 468986.567: [ParNew: 8855243K->919905K(9175040K), 0.2282631 secs] 48331027K->40401222K(65798144K), 0.2286790 secs] [Times: user=1.38 sys=2.48, real=0.23 secs] 
2023-10-24T04:07:50.089+0800: 469012.370: [GC (Allocation Failure) 2023-10-24T04:07:50.089+0800: 469012.370: [ParNew: 8784225K->919399K(9175040K), 0.1591953 secs] 48265542K->40406222K(65798144K), 0.1596160 secs] [Times: user=2.03 sys=0.59, real=0.16 secs] 
2023-10-24T04:08:15.379+0800: 469037.661: [GC (Allocation Failure) 2023-10-24T04:08:15.380+0800: 469037.661: [ParNew: 8783719K->955154K(9175040K), 0.2222355 secs] 48270542K->40447556K(65798144K), 0.2227093 secs] [Times: user=1.68 sys=2.07, real=0.22 secs] 
2023-10-24T04:08:40.795+0800: 469063.076: [GC (Allocation Failure) 2023-10-24T04:08:40.796+0800: 469063.077: [ParNew: 8819474K->956682K(9175040K), 0.1461199 secs] 48311876K->40454635K(65798144K), 0.1465416 secs] [Times: user=2.08 sys=0.32, real=0.15 secs] 
2023-10-24T04:09:06.354+0800: 469088.635: [GC (Allocation Failure) 2023-10-24T04:09:06.354+0800: 469088.635: [ParNew: 8821002K->887238K(9175040K), 0.2061745 secs] 48318955K->40390791K(65798144K), 0.2066312 secs] [Times: user=1.65 sys=1.44, real=0.21 secs] 
2023-10-24T04:09:31.996+0800: 469114.277: [GC (Allocation Failure) 2023-10-24T04:09:31.996+0800: 469114.277: [ParNew: 8751558K->925254K(9175040K), 0.1441503 secs] 48255111K->40434371K(65798144K), 0.1445474 secs] [Times: user=0.98 sys=1.38, real=0.15 secs] 
2023-10-24T04:09:57.684+0800: 469139.966: [GC (Allocation Failure) 2023-10-24T04:09:57.685+0800: 469139.966: [ParNew: 8789574K->926088K(9175040K), 0.1895798 secs] 48298691K->40440852K(65798144K), 0.1899726 secs] [Times: user=1.88 sys=1.28, real=0.19 secs] 
2023-10-24T04:10:23.099+0800: 469165.380: [GC (Allocation Failure) 2023-10-24T04:10:23.099+0800: 469165.381: [ParNew: 8790408K->891947K(9175040K), 0.1374973 secs] 48305172K->40412415K(65798144K), 0.1378809 secs] [Times: user=1.14 sys=1.01, real=0.14 secs] 
2023-10-24T04:10:48.434+0800: 469190.715: [GC (Allocation Failure) 2023-10-24T04:10:48.434+0800: 469190.715: [ParNew: 8756267K->893104K(9175040K), 0.1833738 secs] 48276735K->40419359K(65798144K), 0.1837593 secs] [Times: user=1.73 sys=1.32, real=0.19 secs] 
2023-10-24T04:11:13.905+0800: 469216.186: [GC (Allocation Failure) 2023-10-24T04:11:13.905+0800: 469216.186: [ParNew: 8757424K->894113K(9175040K), 0.1382202 secs] 48283679K->40426107K(65798144K), 0.1386360 secs] [Times: user=0.95 sys=0.95, real=0.14 secs] 
2023-10-24T04:11:39.298+0800: 469241.579: [GC (Allocation Failure) 2023-10-24T04:11:39.298+0800: 469241.579: [ParNew: 8758433K->893034K(9175040K), 0.1840661 secs] 48290427K->40431256K(65798144K), 0.1845022 secs] [Times: user=1.82 sys=1.26, real=0.18 secs] 
2023-10-24T04:12:05.490+0800: 469267.772: [GC (Allocation Failure) 2023-10-24T04:12:05.491+0800: 469267.772: [ParNew: 8757354K->929639K(9175040K), 0.1429508 secs] 48295576K->40473632K(65798144K), 0.1433793 secs] [Times: user=2.09 sys=0.23, real=0.14 secs] 
2023-10-24T04:12:30.730+0800: 469293.011: [GC (Allocation Failure) 2023-10-24T04:12:30.730+0800: 469293.012: [ParNew: 8793959K->893202K(9175040K), 0.1816804 secs] 48337952K->40443043K(65798144K), 0.1821381 secs] [Times: user=0.57 sys=2.46, real=0.18 secs] 
2023-10-24T04:12:56.631+0800: 469318.913: [GC (Allocation Failure) 2023-10-24T04:12:56.632+0800: 469318.913: [ParNew: 8757522K->894857K(9175040K), 0.1332583 secs] 48307363K->40450553K(65798144K), 0.1336507 secs] [Times: user=1.99 sys=0.18, real=0.13 secs] 
2023-10-24T04:13:21.778+0800: 469344.060: [GC (Allocation Failure) 2023-10-24T04:13:21.779+0800: 469344.060: [ParNew: 8759177K->931473K(9175040K), 0.1877240 secs] 48314873K->40492995K(65798144K), 0.1881233 secs] [Times: user=1.75 sys=1.39, real=0.19 secs] 
2023-10-24T04:13:47.883+0800: 469370.164: [GC (Allocation Failure) 2023-10-24T04:13:47.883+0800: 469370.164: [ParNew: 8795793K->932205K(9175040K), 0.1401923 secs] 48357315K->40499522K(65798144K), 0.1406013 secs] [Times: user=0.98 sys=0.72, real=0.14 secs] 
2023-10-24T04:14:13.265+0800: 469395.546: [GC (Allocation Failure) 2023-10-24T04:14:13.265+0800: 469395.546: [ParNew: 8796525K->931727K(9175040K), 0.1857165 secs] 48363842K->40504894K(65798144K), 0.1861135 secs] [Times: user=0.59 sys=1.71, real=0.19 secs] 
2023-10-24T04:14:38.995+0800: 469421.276: [GC (Allocation Failure) 2023-10-24T04:14:38.995+0800: 469421.276: [ParNew: 8796047K->932029K(9175040K), 0.1315302 secs] 48369214K->40511089K(65798144K), 0.1319174 secs] [Times: user=2.04 sys=0.09, real=0.14 secs] 
2023-10-24T04:15:03.826+0800: 469446.108: [GC (Allocation Failure) 2023-10-24T04:15:03.827+0800: 469446.108: [ParNew: 8796349K->932632K(9175040K), 0.1866330 secs] 48375409K->40517662K(65798144K), 0.1870784 secs] [Times: user=1.73 sys=1.38, real=0.18 secs] 
2023-10-24T04:15:28.759+0800: 469471.040: [GC (Allocation Failure) 2023-10-24T04:15:28.759+0800: 469471.041: [ParNew: 8796952K->935896K(9175040K), 0.1291632 secs] 48381982K->40526744K(65798144K), 0.1295528 secs] [Times: user=1.00 sys=1.08, real=0.13 secs] 
2023-10-24T04:15:54.019+0800: 469496.301: [GC (Allocation Failure) 2023-10-24T04:15:54.020+0800: 469496.301: [ParNew: 8800216K->900614K(9175040K), 0.1869529 secs] 48391064K->40497282K(65798144K), 0.1873587 secs] [Times: user=1.74 sys=1.40, real=0.19 secs] 
2023-10-24T04:16:19.732+0800: 469522.014: [GC (Allocation Failure) 2023-10-24T04:16:19.733+0800: 469522.014: [ParNew: 8764934K->901627K(9175040K), 0.1613703 secs] 48361602K->40504182K(65798144K), 0.1618259 secs] [Times: user=1.75 sys=0.90, real=0.16 secs] 
2023-10-24T04:16:45.331+0800: 469547.613: [GC (Allocation Failure) 2023-10-24T04:16:45.332+0800: 469547.613: [ParNew: 8765947K->972171K(9175040K), 0.1617760 secs] 48368502K->40580555K(65798144K), 0.1621883 secs] [Times: user=0.98 sys=1.69, real=0.16 secs] 
2023-10-24T04:17:10.848+0800: 469573.129: [GC (Allocation Failure) 2023-10-24T04:17:10.848+0800: 469573.129: [ParNew: 8836491K->900180K(9175040K), 0.1722015 secs] 48444875K->40514418K(65798144K), 0.1726746 secs] [Times: user=1.84 sys=1.01, real=0.17 secs] 
2023-10-24T04:17:36.029+0800: 469598.311: [GC (Allocation Failure) 2023-10-24T04:17:36.030+0800: 469598.311: [ParNew: 8764500K->937514K(9175040K), 0.1545051 secs] 48378738K->40557472K(65798144K), 0.1549038 secs] [Times: user=0.74 sys=1.80, real=0.15 secs] 
2023-10-24T04:18:02.177+0800: 469624.458: [GC (Allocation Failure) 2023-10-24T04:18:02.177+0800: 469624.459: [ParNew: 8801834K->848069K(9175040K), 0.1864232 secs] 48421792K->40473767K(65798144K), 0.1868671 secs] [Times: user=1.91 sys=1.20, real=0.18 secs] 
2023-10-24T04:18:27.370+0800: 469649.651: [GC (Allocation Failure) 2023-10-24T04:18:27.370+0800: 469649.652: [ParNew: 8712389K->949888K(9175040K), 0.1540226 secs] 48338087K->40581308K(65798144K), 0.1544987 secs] [Times: user=1.80 sys=0.73, real=0.15 secs] 
2023-10-24T04:18:53.455+0800: 469675.737: [GC (Allocation Failure) 2023-10-24T04:18:53.456+0800: 469675.737: [ParNew: 8814208K->844443K(9175040K), 0.1992551 secs] 48445628K->40481582K(65798144K), 0.1996962 secs] [Times: user=1.77 sys=0.94, real=0.20 secs] 
2023-10-24T04:19:19.086+0800: 469701.367: [GC (Allocation Failure) 2023-10-24T04:19:19.086+0800: 469701.367: [ParNew: 8708763K->880812K(9175040K), 0.1420686 secs] 48345902K->40523854K(65798144K), 0.1424731 secs] [Times: user=0.95 sys=1.37, real=0.15 secs] 
2023-10-24T04:19:44.704+0800: 469726.986: [GC (Allocation Failure) 2023-10-24T04:19:44.705+0800: 469726.986: [ParNew: 8745132K->881272K(9175040K), 0.1665514 secs] 48388174K->40530050K(65798144K), 0.1670106 secs] [Times: user=0.73 sys=2.00, real=0.17 secs] 
2023-10-24T04:20:10.164+0800: 469752.445: [GC (Allocation Failure) 2023-10-24T04:20:10.164+0800: 469752.445: [ParNew: 8745592K->952167K(9175040K), 0.1698262 secs] 48394370K->40606673K(65798144K), 0.1702209 secs] [Times: user=1.13 sys=1.85, real=0.17 secs] 
2023-10-24T04:20:36.329+0800: 469778.611: [GC (Allocation Failure) 2023-10-24T04:20:36.330+0800: 469778.611: [ParNew: 8816487K->916190K(9175040K), 0.1784194 secs] 48470993K->40576456K(65798144K), 0.1788619 secs] [Times: user=1.92 sys=1.04, real=0.18 secs] 
2023-10-24T04:21:01.532+0800: 469803.814: [GC (Allocation Failure) 2023-10-24T04:21:01.533+0800: 469803.814: [ParNew: 8780510K->916201K(9175040K), 0.1637619 secs] 48440776K->40582186K(65798144K), 0.1641573 secs] [Times: user=1.87 sys=0.83, real=0.17 secs] 
2023-10-24T04:21:27.645+0800: 469829.926: [GC (Allocation Failure) 2023-10-24T04:21:27.645+0800: 469829.926: [ParNew: 8780521K->882967K(9175040K), 0.1962947 secs] 48446506K->40554700K(65798144K), 0.1967107 secs] [Times: user=0.70 sys=2.58, real=0.20 secs] 
2023-10-24T04:21:52.770+0800: 469855.051: [GC (Allocation Failure) 2023-10-24T04:21:52.770+0800: 469855.051: [ParNew: 8747287K->882186K(9175040K), 0.1462447 secs] 48419020K->40560076K(65798144K), 0.1466524 secs] [Times: user=2.05 sys=0.35, real=0.15 secs] 
2023-10-24T04:22:18.147+0800: 469880.428: [GC (Allocation Failure) 2023-10-24T04:22:18.147+0800: 469880.428: [ParNew: 8746506K->882845K(9175040K), 0.2102395 secs] 48424396K->40566462K(65798144K), 0.2106632 secs] [Times: user=1.79 sys=1.75, real=0.21 secs] 
2023-10-24T04:22:43.725+0800: 469906.007: [GC (Allocation Failure) 2023-10-24T04:22:43.726+0800: 469906.007: [ParNew: 8747165K->953808K(9175040K), 0.1347312 secs] 48430782K->40643217K(65798144K), 0.1351250 secs] [Times: user=0.92 sys=0.82, real=0.14 secs] 
2023-10-24T04:23:09.579+0800: 469931.860: [GC (Allocation Failure) 2023-10-24T04:23:09.579+0800: 469931.861: [ParNew: 8818128K->919235K(9175040K), 0.2029052 secs] 48507537K->40614417K(65798144K), 0.2033233 secs] [Times: user=1.63 sys=1.77, real=0.20 secs] 
2023-10-24T04:23:34.906+0800: 469957.187: [GC (Allocation Failure) 2023-10-24T04:23:34.906+0800: 469957.188: [ParNew: 8783555K->920727K(9175040K), 0.1430409 secs] 48478737K->40621831K(65798144K), 0.1434442 secs] [Times: user=2.01 sys=0.33, real=0.14 secs] 
2023-10-24T04:24:00.585+0800: 469982.867: [GC (Allocation Failure) 2023-10-24T04:24:00.586+0800: 469982.867: [ParNew: 8785047K->922266K(9175040K), 0.1992987 secs] 48486151K->40629223K(65798144K), 0.1997344 secs] [Times: user=0.56 sys=2.77, real=0.20 secs] 
2023-10-24T04:24:26.039+0800: 470008.321: [GC (Allocation Failure) 2023-10-24T04:24:26.040+0800: 470008.321: [ParNew: 8786586K->924023K(9175040K), 0.1380476 secs] 48493543K->40636828K(65798144K), 0.1384510 secs] [Times: user=2.03 sys=0.23, real=0.14 secs] 
2023-10-24T04:24:51.496+0800: 470033.777: [GC (Allocation Failure) 2023-10-24T04:24:51.496+0800: 470033.777: [ParNew: 8788343K->960003K(9175040K), 0.1980735 secs] 48501148K->40678644K(65798144K), 0.1985465 secs] [Times: user=1.70 sys=1.61, real=0.19 secs] 
2023-10-24T04:25:17.037+0800: 470059.319: [GC (Allocation Failure) 2023-10-24T04:25:17.038+0800: 470059.319: [ParNew: 8824323K->961976K(9175040K), 0.1409732 secs] 48542964K->40686445K(65798144K), 0.1413706 secs] [Times: user=1.00 sys=1.30, real=0.14 secs] 
2023-10-24T04:25:42.283+0800: 470084.565: [GC (Allocation Failure) 2023-10-24T04:25:42.284+0800: 470084.565: [ParNew: 8826296K->927816K(9175040K), 0.1996308 secs] 48550765K->40658172K(65798144K), 0.2000681 secs] [Times: user=1.74 sys=1.61, real=0.20 secs] 
2023-10-24T04:26:07.741+0800: 470110.022: [GC (Allocation Failure) 2023-10-24T04:26:07.741+0800: 470110.023: [ParNew: 8792136K->930195K(9175040K), 0.1472238 secs] 48522492K->40666374K(65798144K), 0.1476299 secs] [Times: user=0.93 sys=1.48, real=0.15 secs] 
2023-10-24T04:26:32.422+0800: 470134.703: [GC (Allocation Failure) 2023-10-24T04:26:32.422+0800: 470134.704: [ParNew: 8794515K->966020K(9175040K), 0.1887051 secs] 48530694K->40708048K(65798144K), 0.1891297 secs] [Times: user=1.72 sys=1.43, real=0.19 secs] 
2023-10-24T04:26:58.142+0800: 470160.423: [GC (Allocation Failure) 2023-10-24T04:26:58.142+0800: 470160.423: [ParNew: 8830340K->896839K(9175040K), 0.1387776 secs] 48572368K->40644685K(65798144K), 0.1391606 secs] [Times: user=0.90 sys=1.35, real=0.14 secs] 
2023-10-24T04:27:23.387+0800: 470185.668: [GC (Allocation Failure) 2023-10-24T04:27:23.387+0800: 470185.669: [ParNew: 8761159K->932418K(9175040K), 0.1919137 secs] 48509005K->40686147K(65798144K), 0.1923911 secs] [Times: user=1.78 sys=1.42, real=0.19 secs] 
2023-10-24T04:27:49.028+0800: 470211.310: [GC (Allocation Failure) 2023-10-24T04:27:49.029+0800: 470211.310: [ParNew: 8796738K->933719K(9175040K), 0.1368122 secs] 48550467K->40693293K(65798144K), 0.1372194 secs] [Times: user=0.94 sys=1.28, real=0.13 secs] 
2023-10-24T04:28:14.251+0800: 470236.532: [GC (Allocation Failure) 2023-10-24T04:28:14.251+0800: 470236.532: [ParNew: 8798039K->898135K(9175040K), 0.2110366 secs] 48557613K->40663554K(65798144K), 0.2114960 secs] [Times: user=0.92 sys=2.63, real=0.21 secs] 
2023-10-24T04:28:39.568+0800: 470261.849: [GC (Allocation Failure) 2023-10-24T04:28:39.568+0800: 470261.850: [ParNew: 8762455K->899671K(9175040K), 0.1521486 secs] 48527874K->40670883K(65798144K), 0.1525404 secs] [Times: user=2.23 sys=0.26, real=0.15 secs] 
2023-10-24T04:29:05.022+0800: 470287.303: [GC (Allocation Failure) 2023-10-24T04:29:05.022+0800: 470287.303: [ParNew: 8763991K->973351K(9175040K), 0.1980980 secs] 48535203K->40750364K(65798144K), 0.1984966 secs] [Times: user=0.69 sys=2.64, real=0.20 secs] 
2023-10-24T04:29:30.009+0800: 470312.290: [GC (Allocation Failure) 2023-10-24T04:29:30.009+0800: 470312.290: [ParNew: 8837671K->939393K(9175040K), 0.1331330 secs] 48614684K->40722757K(65798144K), 0.1335468 secs] [Times: user=2.06 sys=0.09, real=0.13 secs] 
2023-10-24T04:29:55.327+0800: 470337.608: [GC (Allocation Failure) 2023-10-24T04:29:55.327+0800: 470337.608: [ParNew: 8803713K->976367K(9175040K), 0.2009557 secs] 48587077K->40765757K(65798144K), 0.2013859 secs] [Times: user=1.93 sys=1.44, real=0.20 secs] 
2023-10-24T04:30:19.252+0800: 470361.533: [GC (Allocation Failure) 2023-10-24T04:30:19.252+0800: 470361.534: [ParNew: 8840687K->977934K(9175040K), 0.1342222 secs] 48630077K->40773148K(65798144K), 0.1347007 secs] [Times: user=2.09 sys=0.10, real=0.14 secs] 
2023-10-24T04:30:44.613+0800: 470386.894: [GC (Allocation Failure) 2023-10-24T04:30:44.613+0800: 470386.895: [ParNew: 8842254K->907951K(9175040K), 0.2136687 secs] 48637468K->40708980K(65798144K), 0.2140956 secs] [Times: user=2.12 sys=1.49, real=0.22 secs] 
2023-10-24T04:31:10.016+0800: 470412.298: [GC (Allocation Failure) 2023-10-24T04:31:10.017+0800: 470412.298: [ParNew: 8772271K->944849K(9175040K), 0.1403151 secs] 48573300K->40751737K(65798144K), 0.1407087 secs] [Times: user=2.12 sys=0.31, real=0.14 secs] 
2023-10-24T04:31:34.419+0800: 470436.700: [GC (Allocation Failure) 2023-10-24T04:31:34.419+0800: 470436.700: [ParNew: 8809169K->943915K(9175040K), 0.2077452 secs] 48616057K->40756771K(65798144K), 0.2081825 secs] [Times: user=2.13 sys=1.36, real=0.21 secs] 
2023-10-24T04:31:58.895+0800: 470461.176: [GC (Allocation Failure) 2023-10-24T04:31:58.895+0800: 470461.177: [ParNew: 8808235K->944384K(9175040K), 0.1417048 secs] 48621091K->40763085K(65798144K), 0.1421143 secs] [Times: user=0.90 sys=1.42, real=0.15 secs] 
2023-10-24T04:32:23.231+0800: 470485.512: [GC (Allocation Failure) 2023-10-24T04:32:23.232+0800: 470485.513: [ParNew: 8808704K->983929K(9175040K), 0.1846099 secs] 48627405K->40808466K(65798144K), 0.1850805 secs] [Times: user=1.79 sys=1.28, real=0.19 secs] 
2023-10-24T04:32:47.423+0800: 470509.704: [GC (Allocation Failure) 2023-10-24T04:32:47.423+0800: 470509.705: [ParNew: 8848249K->985842K(9175040K), 0.1409977 secs] 48672786K->40816217K(65798144K), 0.1414118 secs] [Times: user=1.09 sys=1.26, real=0.15 secs] 
2023-10-24T04:33:11.913+0800: 470534.194: [GC (Allocation Failure) 2023-10-24T04:33:11.913+0800: 470534.195: [ParNew: 8850162K->879455K(9175040K), 0.1969281 secs] 48680537K->40715638K(65798144K), 0.1973651 secs] [Times: user=1.83 sys=1.46, real=0.20 secs] 
2023-10-24T04:33:36.396+0800: 470558.678: [GC (Allocation Failure) 2023-10-24T04:33:36.397+0800: 470558.678: [ParNew: 8743775K->918667K(9175040K), 0.1398294 secs] 48579958K->40766496K(65798144K), 0.1402397 secs] [Times: user=2.10 sys=0.00, real=0.14 secs] 
2023-10-24T04:34:00.736+0800: 470583.017: [GC (Allocation Failure) 2023-10-24T04:34:00.736+0800: 470583.018: [ParNew: 8782987K->878343K(9175040K), 0.2052532 secs] 48630816K->40732054K(65798144K), 0.2057016 secs] [Times: user=1.91 sys=1.54, real=0.20 secs] 
2023-10-24T04:34:24.390+0800: 470606.671: [GC (Allocation Failure) 2023-10-24T04:34:24.390+0800: 470606.671: [ParNew: 8742663K->989148K(9175040K), 0.1312735 secs] 48596374K->40848712K(65798144K), 0.1316768 secs] [Times: user=2.14 sys=0.12, real=0.13 secs] 
2023-10-24T04:34:47.566+0800: 470629.847: [GC (Allocation Failure) 2023-10-24T04:34:47.566+0800: 470629.847: [ParNew: 8853468K->881990K(9175040K), 0.1652714 secs] 48713032K->40753433K(65798144K), 0.1657736 secs] [Times: user=2.07 sys=0.80, real=0.16 secs] 
2023-10-24T04:35:09.977+0800: 470652.258: [GC (Allocation Failure) 2023-10-24T04:35:09.977+0800: 470652.259: [ParNew: 8746310K->1040352K(9175040K), 0.1509747 secs] 48617753K->40911795K(65798144K), 0.1514506 secs] [Times: user=2.13 sys=0.53, real=0.15 secs] 
2023-10-24T04:35:33.976+0800: 470676.257: [GC (Allocation Failure) 2023-10-24T04:35:33.976+0800: 470676.258: [ParNew: 8904672K->959356K(9175040K), 0.1279703 secs] 48776115K->40842451K(65798144K), 0.1283782 secs] [Times: user=1.06 sys=0.98, real=0.12 secs] 
2023-10-24T04:35:57.998+0800: 470700.279: [GC (Allocation Failure) 2023-10-24T04:35:57.998+0800: 470700.280: [ParNew: 8823676K->903313K(9175040K), 0.1898018 secs] 48706771K->40786408K(65798144K), 0.1902077 secs] [Times: user=1.76 sys=1.43, real=0.19 secs] 
2023-10-24T04:36:22.461+0800: 470724.742: [GC (Allocation Failure) 2023-10-24T04:36:22.461+0800: 470724.742: [ParNew: 8767633K->1052623K(9175040K), 0.1274120 secs] 48650728K->40935718K(65798144K), 0.1278943 secs] [Times: user=1.00 sys=1.06, real=0.13 secs] 
2023-10-24T04:36:46.700+0800: 470748.981: [GC (Allocation Failure) 2023-10-24T04:36:46.700+0800: 470748.981: [ParNew: 8916943K->913442K(9175040K), 0.1837101 secs] 48800038K->40802604K(65798144K), 0.1841253 secs] [Times: user=0.58 sys=2.48, real=0.18 secs] 
2023-10-24T04:37:11.368+0800: 470773.649: [GC (Allocation Failure) 2023-10-24T04:37:11.368+0800: 470773.649: [ParNew: 8777762K->988973K(9175040K), 0.1278606 secs] 48666924K->40883898K(65798144K), 0.1282698 secs] [Times: user=2.07 sys=0.00, real=0.13 secs] 
2023-10-24T04:37:35.657+0800: 470797.938: [GC (Allocation Failure) 2023-10-24T04:37:35.657+0800: 470797.938: [ParNew: 8853293K->915903K(9175040K), 0.1888733 secs] 48748218K->40816670K(65798144K), 0.1893089 secs] [Times: user=1.74 sys=1.42, real=0.19 secs] 
2023-10-24T04:38:00.055+0800: 470822.337: [GC (Allocation Failure) 2023-10-24T04:38:00.056+0800: 470822.337: [ParNew: 8780223K->915701K(9175040K), 0.1335015 secs] 48680990K->40822277K(65798144K), 0.1339228 secs] [Times: user=2.15 sys=0.02, real=0.14 secs] 
2023-10-24T04:38:24.808+0800: 470847.089: [GC (Allocation Failure) 2023-10-24T04:38:24.808+0800: 470847.089: [ParNew: 8780021K->916358K(9175040K), 0.1860375 secs] 48686597K->40828750K(65798144K), 0.1864480 secs] [Times: user=1.83 sys=1.27, real=0.18 secs] 
2023-10-24T04:38:49.160+0800: 470871.442: [GC (Allocation Failure) 2023-10-24T04:38:49.161+0800: 470871.442: [ParNew: 8780678K->915627K(9175040K), 0.1343654 secs] 48693070K->40833798K(65798144K), 0.1347883 secs] [Times: user=2.06 sys=0.12, real=0.13 secs] 
2023-10-24T04:39:13.577+0800: 470895.858: [GC (Allocation Failure) 2023-10-24T04:39:13.578+0800: 470895.859: [ParNew: 8779947K->952896K(9175040K), 0.1871488 secs] 48698118K->40876875K(65798144K), 0.1875917 secs] [Times: user=0.71 sys=1.87, real=0.18 secs] 
2023-10-24T04:39:38.110+0800: 470920.391: [GC (Allocation Failure) 2023-10-24T04:39:38.110+0800: 470920.392: [ParNew: 8817216K->878979K(9175040K), 0.1325350 secs] 48741195K->40808730K(65798144K), 0.1329508 secs] [Times: user=0.94 sys=1.20, real=0.13 secs] 
2023-10-24T04:40:02.483+0800: 470944.764: [GC (Allocation Failure) 2023-10-24T04:40:02.483+0800: 470944.764: [ParNew: 8743299K->876903K(9175040K), 0.1912448 secs] 48673050K->40812439K(65798144K), 0.1916826 secs] [Times: user=1.81 sys=1.39, real=0.19 secs] 
2023-10-24T04:40:26.817+0800: 470969.098: [GC (Allocation Failure) 2023-10-24T04:40:26.817+0800: 470969.098: [ParNew: 8741223K->910354K(9175040K), 0.1323641 secs] 48676759K->40851699K(65798144K), 0.1327831 secs] [Times: user=0.95 sys=1.18, real=0.13 secs] 
2023-10-24T04:40:50.491+0800: 470992.772: [GC (Allocation Failure) 2023-10-24T04:40:50.491+0800: 470992.773: [ParNew: 8774674K->907911K(9175040K), 0.1933000 secs] 48716019K->40855050K(65798144K), 0.1937421 secs] [Times: user=1.94 sys=1.28, real=0.19 secs] 
2023-10-24T04:41:14.957+0800: 471017.238: [GC (Allocation Failure) 2023-10-24T04:41:14.957+0800: 471017.238: [ParNew: 8772231K->980683K(9175040K), 0.1396730 secs] 48719370K->40933474K(65798144K), 0.1401559 secs] [Times: user=1.02 sys=1.18, real=0.14 secs] 
2023-10-24T04:41:39.119+0800: 471041.401: [GC (Allocation Failure) 2023-10-24T04:41:39.120+0800: 471041.401: [ParNew: 8845003K->907717K(9175040K), 0.1839755 secs] 48797794K->40866510K(65798144K), 0.1844014 secs] [Times: user=1.77 sys=1.30, real=0.18 secs] 
2023-10-24T04:42:02.925+0800: 471065.206: [GC (Allocation Failure) 2023-10-24T04:42:02.925+0800: 471065.206: [ParNew: 8772037K->944773K(9175040K), 0.1345783 secs] 48730830K->40909339K(65798144K), 0.1350085 secs] [Times: user=2.07 sys=0.12, real=0.14 secs] 
2023-10-24T04:42:26.912+0800: 471089.193: [GC (Allocation Failure) 2023-10-24T04:42:26.912+0800: 471089.193: [ParNew: 8809093K->910062K(9175040K), 0.1983777 secs] 48773659K->40880418K(65798144K), 0.1988815 secs] [Times: user=1.81 sys=1.52, real=0.20 secs] 
2023-10-24T04:42:51.034+0800: 471113.315: [GC (Allocation Failure) 2023-10-24T04:42:51.035+0800: 471113.316: [ParNew: 8774382K->910991K(9175040K), 0.1356069 secs] 48744738K->40887176K(65798144K), 0.1360875 secs] [Times: user=2.02 sys=0.17, real=0.14 secs] 
2023-10-24T04:43:15.341+0800: 471137.622: [GC (Allocation Failure) 2023-10-24T04:43:15.341+0800: 471137.622: [ParNew: 8775311K->948647K(9175040K), 0.2016219 secs] 48751496K->40930660K(65798144K), 0.2020701 secs] [Times: user=1.65 sys=1.72, real=0.20 secs] 
2023-10-24T04:43:38.928+0800: 471161.209: [GC (Allocation Failure) 2023-10-24T04:43:38.928+0800: 471161.209: [ParNew: 8812967K->913515K(9175040K), 0.1459676 secs] 48794980K->40901296K(65798144K), 0.1463832 secs] [Times: user=1.10 sys=1.29, real=0.14 secs] 
2023-10-24T04:44:02.840+0800: 471185.121: [GC (Allocation Failure) 2023-10-24T04:44:02.840+0800: 471185.121: [ParNew: 8777835K->916160K(9175040K), 0.1836994 secs] 48765616K->40909711K(65798144K), 0.1841266 secs] [Times: user=2.12 sys=0.95, real=0.18 secs] 
2023-10-24T04:44:26.702+0800: 471208.983: [GC (Allocation Failure) 2023-10-24T04:44:26.702+0800: 471208.983: [ParNew: 8780480K->1028070K(9175040K), 0.1593811 secs] 48774031K->41033273K(65798144K), 0.1598041 secs] [Times: user=2.01 sys=0.60, real=0.16 secs] 
2023-10-24T04:44:50.953+0800: 471233.235: [GC (Allocation Failure) 2023-10-24T04:44:50.954+0800: 471233.235: [ParNew: 8892390K->914343K(9175040K), 0.1595275 secs] 48897593K->40925351K(65798144K), 0.1600003 secs] [Times: user=1.86 sys=0.77, real=0.16 secs] 
2023-10-24T04:45:13.937+0800: 471256.218: [GC (Allocation Failure) 2023-10-24T04:45:13.938+0800: 471256.219: [ParNew: 8778663K->1023242K(9175040K), 0.1518317 secs] 48789671K->41040021K(65798144K), 0.1523188 secs] [Times: user=0.94 sys=1.31, real=0.15 secs] 
2023-10-24T04:45:38.668+0800: 471280.950: [GC (Allocation Failure) 2023-10-24T04:45:38.669+0800: 471280.950: [ParNew: 8887562K->952385K(9175040K), 0.1285810 secs] 48904341K->40974923K(65798144K), 0.1290179 secs] [Times: user=0.93 sys=1.13, real=0.13 secs] 
2023-10-24T04:46:02.991+0800: 471305.272: [GC (Allocation Failure) 2023-10-24T04:46:02.991+0800: 471305.272: [ParNew: 8816705K->989000K(9175040K), 0.1826465 secs] 48839243K->41017361K(65798144K), 0.1830774 secs] [Times: user=1.78 sys=1.26, real=0.18 secs] 
2023-10-24T04:46:27.826+0800: 471330.107: [GC (Allocation Failure) 2023-10-24T04:46:27.826+0800: 471330.107: [ParNew: 8853320K->952556K(9175040K), 0.1293343 secs] 48881681K->40986711K(65798144K), 0.1297596 secs] [Times: user=0.95 sys=1.13, real=0.13 secs] 
2023-10-24T04:46:52.309+0800: 471354.590: [GC (Allocation Failure) 2023-10-24T04:46:52.309+0800: 471354.590: [ParNew: 8816876K->950109K(9175040K), 0.1827998 secs] 48851031K->40990023K(65798144K), 0.1832373 secs] [Times: user=0.74 sys=2.31, real=0.18 secs] 
2023-10-24T04:47:17.236+0800: 471379.517: [GC (Allocation Failure) 2023-10-24T04:47:17.236+0800: 471379.517: [ParNew: 8814429K->912950K(9175040K), 0.1375509 secs] 48854343K->40958702K(65798144K), 0.1379875 secs] [Times: user=0.93 sys=1.31, real=0.13 secs] 
2023-10-24T04:47:41.434+0800: 471403.716: [GC (Allocation Failure) 2023-10-24T04:47:41.435+0800: 471403.716: [ParNew: 8777270K->910598K(9175040K), 0.1878048 secs] 48823022K->40962142K(65798144K), 0.1882116 secs] [Times: user=1.82 sys=1.32, real=0.19 secs] 
2023-10-24T04:48:05.766+0800: 471428.048: [GC (Allocation Failure) 2023-10-24T04:48:05.767+0800: 471428.048: [ParNew: 8774918K->874401K(9175040K), 0.1350416 secs] 48826462K->40931716K(65798144K), 0.1354548 secs] [Times: user=0.92 sys=1.22, real=0.13 secs] 
2023-10-24T04:48:30.327+0800: 471452.609: [GC (Allocation Failure) 2023-10-24T04:48:30.328+0800: 471452.609: [ParNew: 8738721K->983768K(9175040K), 0.1847420 secs] 48796036K->41046871K(65798144K), 0.1852251 secs] [Times: user=1.73 sys=1.35, real=0.18 secs] 
2023-10-24T04:48:54.980+0800: 471477.262: [GC (Allocation Failure) 2023-10-24T04:48:54.981+0800: 471477.262: [ParNew: 8848088K->946654K(9175040K), 0.1354305 secs] 48911191K->41015532K(65798144K), 0.1358274 secs] [Times: user=2.07 sys=0.14, real=0.14 secs] 
2023-10-24T04:49:19.529+0800: 471501.810: [GC (Allocation Failure) 2023-10-24T04:49:19.529+0800: 471501.810: [ParNew: 8810974K->945272K(9175040K), 0.1887500 secs] 48879852K->41014151K(65798144K), 0.1891848 secs] [Times: user=1.68 sys=1.49, real=0.19 secs] 
2023-10-24T04:49:44.064+0800: 471526.346: [GC (Allocation Failure) 2023-10-24T04:49:44.065+0800: 471526.346: [ParNew: 8809592K->950524K(9175040K), 0.1360923 secs] 48878471K->41025187K(65798144K), 0.1365911 secs] [Times: user=0.96 sys=0.99, real=0.14 secs] 
2023-10-24T04:50:08.334+0800: 471550.615: [GC (Allocation Failure) 2023-10-24T04:50:08.334+0800: 471550.616: [ParNew: 8814844K->951807K(9175040K), 0.1943724 secs] 48889507K->41032251K(65798144K), 0.1948251 secs] [Times: user=1.67 sys=1.58, real=0.20 secs] 
2023-10-24T04:50:32.808+0800: 471575.089: [GC (Allocation Failure) 2023-10-24T04:50:32.808+0800: 471575.090: [ParNew: 8816127K->950088K(9175040K), 0.1346110 secs] 48896571K->41036312K(65798144K), 0.1350404 secs] [Times: user=1.97 sys=0.22, real=0.13 secs] 
2023-10-24T04:50:57.430+0800: 471599.712: [GC (Allocation Failure) 2023-10-24T04:50:57.431+0800: 471599.712: [ParNew: 8814408K->913616K(9175040K), 0.1926778 secs] 48900632K->41005661K(65798144K), 0.1931330 secs] [Times: user=1.69 sys=1.52, real=0.19 secs] 
2023-10-24T04:51:21.796+0800: 471624.078: [GC (Allocation Failure) 2023-10-24T04:51:21.797+0800: 471624.078: [ParNew: 8777936K->986655K(9175040K), 0.1391392 secs] 48869981K->41084780K(65798144K), 0.1395711 secs] [Times: user=0.91 sys=1.36, real=0.14 secs] 
2023-10-24T04:51:46.082+0800: 471648.364: [GC (Allocation Failure) 2023-10-24T04:51:46.083+0800: 471648.364: [ParNew: 8850975K->912707K(9175040K), 0.1999918 secs] 48949100K->41016682K(65798144K), 0.2004886 secs] [Times: user=1.76 sys=1.59, real=0.20 secs] 
2023-10-24T04:52:10.259+0800: 471672.541: [GC (Allocation Failure) 2023-10-24T04:52:10.260+0800: 471672.541: [ParNew: 8777027K->950349K(9175040K), 0.1326673 secs] 48881002K->41060077K(65798144K), 0.1330774 secs] [Times: user=1.04 sys=1.24, real=0.13 secs] 
2023-10-24T04:52:34.582+0800: 471696.864: [GC (Allocation Failure) 2023-10-24T04:52:34.583+0800: 471696.864: [ParNew: 8814669K->915997K(9175040K), 0.1745323 secs] 48924397K->41031457K(65798144K), 0.1750018 secs] [Times: user=1.85 sys=1.05, real=0.18 secs] 
2023-10-24T04:52:59.075+0800: 471721.356: [GC (Allocation Failure) 2023-10-24T04:52:59.075+0800: 471721.357: [ParNew: 8780317K->990516K(9175040K), 0.1593952 secs] 48895777K->41111733K(65798144K), 0.1598758 secs] [Times: user=0.83 sys=1.80, real=0.16 secs] 
2023-10-24T04:53:24.175+0800: 471746.457: [GC (Allocation Failure) 2023-10-24T04:53:24.176+0800: 471746.457: [ParNew: 8854836K->881015K(9175040K), 0.1798170 secs] 48976053K->41013746K(65798144K), 0.1802415 secs] [Times: user=2.08 sys=0.71, real=0.19 secs] 
2023-10-24T04:53:48.831+0800: 471771.112: [GC (Allocation Failure) 2023-10-24T04:53:48.831+0800: 471771.113: [ParNew: 8745335K->1057389K(9175040K), 0.1654644 secs] 48878066K->41195849K(65798144K), 0.1658991 secs] [Times: user=2.02 sys=0.72, real=0.17 secs] 
2023-10-24T04:54:14.411+0800: 471796.692: [GC (Allocation Failure) 2023-10-24T04:54:14.411+0800: 471796.692: [ParNew: 8921709K->874505K(9175040K), 0.1809349 secs] 49060169K->41018763K(65798144K), 0.1814322 secs] [Times: user=2.01 sys=0.99, real=0.18 secs] 
2023-10-24T04:54:39.386+0800: 471821.667: [GC (Allocation Failure) 2023-10-24T04:54:39.386+0800: 471821.667: [ParNew: 8738825K->1018518K(9175040K), 0.1594182 secs] 48883083K->41162776K(65798144K), 0.1598402 secs] [Times: user=2.07 sys=0.58, real=0.15 secs] 
2023-10-24T04:55:03.672+0800: 471845.953: [GC (Allocation Failure) 2023-10-24T04:55:03.672+0800: 471845.953: [ParNew: 8882838K->915921K(9175040K), 0.1681653 secs] 49027096K->41071646K(65798144K), 0.1686572 secs] [Times: user=1.92 sys=0.83, real=0.17 secs] 
2023-10-24T04:55:28.236+0800: 471870.517: [GC (Allocation Failure) 2023-10-24T04:55:28.236+0800: 471870.518: [ParNew: 8780241K->948379K(9175040K), 0.1525702 secs] 48935966K->41109874K(65798144K), 0.1530329 secs] [Times: user=1.96 sys=0.53, real=0.15 secs] 
2023-10-24T04:55:53.124+0800: 471895.405: [GC (Allocation Failure) 2023-10-24T04:55:53.124+0800: 471895.405: [ParNew: 8812699K->947540K(9175040K), 0.1676710 secs] 48974194K->41114761K(65798144K), 0.1681046 secs] [Times: user=1.87 sys=0.90, real=0.17 secs] 
2023-10-24T04:56:17.819+0800: 471920.100: [GC (Allocation Failure) 2023-10-24T04:56:17.819+0800: 471920.101: [ParNew: 8811860K->982343K(9175040K), 0.1654140 secs] 48979081K->41149564K(65798144K), 0.1658984 secs] [Times: user=2.04 sys=0.72, real=0.16 secs] 
2023-10-24T04:56:42.726+0800: 471945.007: [GC (Allocation Failure) 2023-10-24T04:56:42.726+0800: 471945.008: [ParNew: 8846663K->878840K(9175040K), 0.1748813 secs] 49013884K->41051815K(65798144K), 0.1753177 secs] [Times: user=1.91 sys=0.98, real=0.17 secs] 
2023-10-24T04:57:07.141+0800: 471969.422: [GC (Allocation Failure) 2023-10-24T04:57:07.141+0800: 471969.423: [ParNew: 8743160K->952905K(9175040K), 0.1600979 secs] 48916135K->41131597K(65798144K), 0.1605229 secs] [Times: user=1.92 sys=0.71, real=0.16 secs] 
2023-10-24T04:57:31.826+0800: 471994.107: [GC (Allocation Failure) 2023-10-24T04:57:31.826+0800: 471994.107: [ParNew: 8817225K->917202K(9175040K), 0.1714593 secs] 48995917K->41101769K(65798144K), 0.1718972 secs] [Times: user=1.84 sys=1.00, real=0.18 secs] 
2023-10-24T04:57:56.643+0800: 472018.924: [GC (Allocation Failure) 2023-10-24T04:57:56.643+0800: 472018.924: [ParNew: 8781522K->990009K(9175040K), 0.1547170 secs] 48966089K->41180350K(65798144K), 0.1551202 secs] [Times: user=1.88 sys=0.66, real=0.16 secs] 
2023-10-24T04:58:22.089+0800: 472044.370: [GC (Allocation Failure) 2023-10-24T04:58:22.089+0800: 472044.371: [ParNew: 8854329K->915987K(9175040K), 0.2057680 secs] 49044670K->41112175K(65798144K), 0.2062765 secs] [Times: user=0.62 sys=2.83, real=0.20 secs] 
2023-10-24T04:58:46.840+0800: 472069.121: [GC (Allocation Failure) 2023-10-24T04:58:46.840+0800: 472069.121: [ParNew: 8780307K->951236K(9175040K), 0.1441608 secs] 48976495K->41153204K(65798144K), 0.1445801 secs] [Times: user=0.85 sys=1.50, real=0.14 secs] 
2023-10-24T04:59:12.369+0800: 472094.650: [GC (Allocation Failure) 2023-10-24T04:59:12.370+0800: 472094.651: [ParNew: 8815556K->951057K(9175040K), 0.2080576 secs] 49017524K->41158853K(65798144K), 0.2085582 secs] [Times: user=1.67 sys=1.82, real=0.21 secs] 
2023-10-24T04:59:37.573+0800: 472119.854: [GC (Allocation Failure) 2023-10-24T04:59:37.573+0800: 472119.854: [ParNew: 8815377K->950545K(9175040K), 0.1415699 secs] 49023173K->41164193K(65798144K), 0.1420038 secs] [Times: user=2.09 sys=0.23, real=0.14 secs] 
2023-10-24T05:00:02.385+0800: 472144.666: [GC (Allocation Failure) 2023-10-24T05:00:02.385+0800: 472144.666: [ParNew: 8814865K->914269K(9175040K), 0.2065616 secs] 49028513K->41133732K(65798144K), 0.2069625 secs] [Times: user=0.79 sys=2.83, real=0.21 secs] 
2023-10-24T05:00:27.204+0800: 472169.485: [GC (Allocation Failure) 2023-10-24T05:00:27.204+0800: 472169.485: [ParNew: 8778589K->951092K(9175040K), 0.1498796 secs] 48998052K->41176326K(65798144K), 0.1503579 secs] [Times: user=1.09 sys=1.36, real=0.15 secs] 
2023-10-24T05:00:52.723+0800: 472195.004: [GC (Allocation Failure) 2023-10-24T05:00:52.723+0800: 472195.004: [ParNew: 8815412K->948927K(9175040K), 0.1992898 secs] 49040646K->41179968K(65798144K), 0.1998055 secs] [Times: user=1.61 sys=1.74, real=0.20 secs] 
2023-10-24T05:01:18.446+0800: 472220.727: [GC (Allocation Failure) 2023-10-24T05:01:18.446+0800: 472220.727: [ParNew: 8813247K->947961K(9175040K), 0.1407920 secs] 49044288K->41184797K(65798144K), 0.1412426 secs] [Times: user=2.04 sys=0.29, real=0.14 secs] 
2023-10-24T05:01:43.271+0800: 472245.552: [GC (Allocation Failure) 2023-10-24T05:01:43.271+0800: 472245.552: [ParNew: 8812281K->907761K(9175040K), 0.1922596 secs] 49049117K->41150417K(65798144K), 0.1927118 secs] [Times: user=1.70 sys=1.51, real=0.19 secs] 
2023-10-24T05:02:08.432+0800: 472270.714: [GC (Allocation Failure) 2023-10-24T05:02:08.433+0800: 472270.714: [ParNew: 8772081K->943991K(9175040K), 0.1431377 secs] 49014737K->41192413K(65798144K), 0.1436890 secs] [Times: user=0.94 sys=1.39, real=0.15 secs] 
2023-10-24T05:02:33.096+0800: 472295.377: [GC (Allocation Failure) 2023-10-24T05:02:33.096+0800: 472295.378: [ParNew: 8808311K->905764K(9175040K), 0.2031028 secs] 49056733K->41160015K(65798144K), 0.2035505 secs] [Times: user=2.01 sys=1.40, real=0.20 secs] 
2023-10-24T05:02:57.827+0800: 472320.108: [GC (Allocation Failure) 2023-10-24T05:02:57.827+0800: 472320.108: [ParNew: 8770084K->906305K(9175040K), 0.1377700 secs] 49024335K->41166491K(65798144K), 0.1382110 secs] [Times: user=0.89 sys=1.35, real=0.13 secs] 
2023-10-24T05:03:22.451+0800: 472344.733: [GC (Allocation Failure) 2023-10-24T05:03:22.452+0800: 472344.733: [ParNew: 8770625K->922405K(9175040K), 0.1927415 secs] 49030811K->41188567K(65798144K), 0.1931862 secs] [Times: user=1.93 sys=1.30, real=0.19 secs] 
2023-10-24T05:03:47.469+0800: 472369.750: [GC (Allocation Failure) 2023-10-24T05:03:47.469+0800: 472369.750: [ParNew: 8786725K->953658K(9175040K), 0.1331945 secs] 49052887K->41225326K(65798144K), 0.1336379 secs] [Times: user=2.03 sys=0.12, real=0.13 secs] 
2023-10-24T05:04:12.510+0800: 472394.792: [GC (Allocation Failure) 2023-10-24T05:04:12.511+0800: 472394.792: [ParNew: 8817978K->882427K(9175040K), 0.1842700 secs] 49089646K->41159611K(65798144K), 0.1847200 secs] [Times: user=1.74 sys=1.33, real=0.18 secs] 
2023-10-24T05:04:37.941+0800: 472420.222: [GC (Allocation Failure) 2023-10-24T05:04:37.941+0800: 472420.223: [ParNew: 8746747K->883722K(9175040K), 0.1301073 secs] 49023931K->41166368K(65798144K), 0.1305814 secs] [Times: user=0.89 sys=1.21, real=0.13 secs] 
2023-10-24T05:05:02.738+0800: 472445.019: [GC (Allocation Failure) 2023-10-24T05:05:02.738+0800: 472445.019: [ParNew: 8748042K->920220K(9175040K), 0.1955579 secs] 49030688K->41208435K(65798144K), 0.1959744 secs] [Times: user=1.86 sys=1.43, real=0.19 secs] 
2023-10-24T05:05:28.063+0800: 472470.344: [GC (Allocation Failure) 2023-10-24T05:05:28.063+0800: 472470.344: [ParNew: 8784540K->921725K(9175040K), 0.1661138 secs] 49072755K->41215450K(65798144K), 0.1665801 secs] [Times: user=1.88 sys=0.87, real=0.17 secs] 
2023-10-24T05:05:53.304+0800: 472495.585: [GC (Allocation Failure) 2023-10-24T05:05:53.304+0800: 472495.585: [ParNew: 8786045K->957623K(9175040K), 0.1667548 secs] 49079770K->41256903K(65798144K), 0.1671923 secs] [Times: user=1.01 sys=1.63, real=0.17 secs] 
2023-10-24T05:06:19.085+0800: 472521.366: [GC (Allocation Failure) 2023-10-24T05:06:19.085+0800: 472521.366: [ParNew: 8821943K->852358K(9175040K), 0.1957739 secs] 49121223K->41157202K(65798144K), 0.1962906 secs] [Times: user=2.04 sys=1.25, real=0.20 secs] 
2023-10-24T05:06:44.113+0800: 472546.394: [GC (Allocation Failure) 2023-10-24T05:06:44.113+0800: 472546.394: [ParNew: 8716678K->993442K(9175040K), 0.1590060 secs] 49021522K->41304029K(65798144K), 0.1594402 secs] [Times: user=1.83 sys=0.79, real=0.16 secs] 
2023-10-24T05:07:09.812+0800: 472572.093: [GC (Allocation Failure) 2023-10-24T05:07:09.812+0800: 472572.093: [ParNew: 8857762K->922794K(9175040K), 0.2167924 secs] 49168349K->41238925K(65798144K), 0.2172955 secs] [Times: user=1.81 sys=1.85, real=0.22 secs] 
2023-10-24T05:07:35.115+0800: 472597.396: [GC (Allocation Failure) 2023-10-24T05:07:35.115+0800: 472597.396: [ParNew: 8787114K->922495K(9175040K), 0.1400803 secs] 49103245K->41244117K(65798144K), 0.1405138 secs] [Times: user=0.92 sys=1.03, real=0.14 secs] 
2023-10-24T05:08:00.272+0800: 472622.554: [GC (Allocation Failure) 2023-10-24T05:08:00.273+0800: 472622.554: [ParNew: 8786815K->886683K(9175040K), 0.1945489 secs] 49108437K->41213912K(65798144K), 0.1950512 secs] [Times: user=1.62 sys=1.63, real=0.20 secs] 
2023-10-24T05:08:25.244+0800: 472647.525: [GC (Allocation Failure) 2023-10-24T05:08:25.244+0800: 472647.525: [ParNew: 8751003K->886552K(9175040K), 0.1392151 secs] 49078232K->41219306K(65798144K), 0.1396391 secs] [Times: user=1.05 sys=1.22, real=0.14 secs] 
2023-10-24T05:08:50.369+0800: 472672.650: [GC (Allocation Failure) 2023-10-24T05:08:50.369+0800: 472672.650: [ParNew: 8750872K->886904K(9175040K), 0.1901808 secs] 49083626K->41225222K(65798144K), 0.1907039 secs] [Times: user=1.69 sys=1.49, real=0.19 secs] 
2023-10-24T05:09:15.487+0800: 472697.769: [GC (Allocation Failure) 2023-10-24T05:09:15.488+0800: 472697.769: [ParNew: 8751224K->922531K(9175040K), 0.1408895 secs] 49089542K->41266405K(65798144K), 0.1413373 secs] [Times: user=2.02 sys=0.27, real=0.14 secs] 
2023-10-24T05:09:41.059+0800: 472723.340: [GC (Allocation Failure) 2023-10-24T05:09:41.059+0800: 472723.340: [ParNew: 8786851K->888049K(9175040K), 0.1837735 secs] 49130725K->41237541K(65798144K), 0.1842536 secs] [Times: user=1.78 sys=1.29, real=0.18 secs] 
2023-10-24T05:10:06.777+0800: 472749.058: [GC (Allocation Failure) 2023-10-24T05:10:06.777+0800: 472749.059: [ParNew: 8752369K->924362K(9175040K), 0.1281750 secs] 49101861K->41279570K(65798144K), 0.1285853 secs] [Times: user=0.93 sys=1.13, real=0.13 secs] 
2023-10-24T05:10:31.660+0800: 472773.941: [GC (Allocation Failure) 2023-10-24T05:10:31.660+0800: 472773.941: [ParNew: 8788682K->888073K(9175040K), 0.1893049 secs] 49143890K->41249065K(65798144K), 0.1897198 secs] [Times: user=0.57 sys=2.59, real=0.19 secs] 
2023-10-24T05:10:57.273+0800: 472799.554: [GC (Allocation Failure) 2023-10-24T05:10:57.273+0800: 472799.554: [ParNew: 8752393K->890009K(9175040K), 0.1296699 secs] 49113385K->41256752K(65798144K), 0.1300890 secs] [Times: user=0.93 sys=1.16, real=0.13 secs] 
2023-10-24T05:11:23.033+0800: 472825.314: [GC (Allocation Failure) 2023-10-24T05:11:23.033+0800: 472825.315: [ParNew: 8754329K->890222K(9175040K), 0.1927145 secs] 49121072K->41263040K(65798144K), 0.1931522 secs] [Times: user=1.65 sys=1.57, real=0.20 secs] 
2023-10-24T05:11:48.879+0800: 472851.160: [GC (Allocation Failure) 2023-10-24T05:11:48.879+0800: 472851.160: [ParNew: 8754542K->852751K(9175040K), 0.1747542 secs] 49127360K->41231397K(65798144K), 0.1751922 secs] [Times: user=0.78 sys=2.12, real=0.17 secs] 
2023-10-24T05:12:14.587+0800: 472876.868: [GC (Allocation Failure) 2023-10-24T05:12:14.587+0800: 472876.869: [ParNew: 8717071K->958714K(9175040K), 0.1608159 secs] 49095717K->41343160K(65798144K), 0.1612594 secs] [Times: user=1.89 sys=0.75, real=0.16 secs] 
2023-10-24T05:12:40.641+0800: 472902.923: [GC (Allocation Failure) 2023-10-24T05:12:40.642+0800: 472902.923: [ParNew: 8823034K->852008K(9175040K), 0.1869120 secs] 49207480K->41242267K(65798144K), 0.1874343 secs] [Times: user=1.76 sys=1.34, real=0.19 secs] 
2023-10-24T05:13:06.587+0800: 472928.868: [GC (Allocation Failure) 2023-10-24T05:13:06.587+0800: 472928.868: [ParNew: 8716328K->886429K(9175040K), 0.1639305 secs] 49106587K->41282467K(65798144K), 0.1643276 secs] [Times: user=1.98 sys=0.73, real=0.16 secs] 
2023-10-24T05:13:32.274+0800: 472954.556: [GC (Allocation Failure) 2023-10-24T05:13:32.275+0800: 472954.556: [ParNew: 8750749K->920777K(9175040K), 0.2040930 secs] 49146787K->41322654K(65798144K), 0.2045235 secs] [Times: user=1.61 sys=1.81, real=0.21 secs] 
2023-10-24T05:13:57.972+0800: 472980.254: [GC (Allocation Failure) 2023-10-24T05:13:57.973+0800: 472980.254: [ParNew: 8785097K->884443K(9175040K), 0.1414975 secs] 49186974K->41292100K(65798144K), 0.1419184 secs] [Times: user=0.87 sys=1.44, real=0.14 secs] 
2023-10-24T05:14:23.850+0800: 473006.131: [GC (Allocation Failure) 2023-10-24T05:14:23.850+0800: 473006.132: [ParNew: 8748763K->919011K(9175040K), 0.2044687 secs] 49156420K->41332491K(65798144K), 0.2049112 secs] [Times: user=1.83 sys=1.32, real=0.20 secs] 
2023-10-24T05:14:50.137+0800: 473032.418: [GC (Allocation Failure) 2023-10-24T05:14:50.137+0800: 473032.418: [ParNew: 8783331K->917596K(9175040K), 0.1412916 secs] 49196811K->41336867K(65798144K), 0.1416972 secs] [Times: user=0.90 sys=1.41, real=0.14 secs] 
2023-10-24T05:15:14.988+0800: 473057.269: [GC (Allocation Failure) 2023-10-24T05:15:14.988+0800: 473057.269: [ParNew: 8781916K->881486K(9175040K), 0.1938943 secs] 49201187K->41306574K(65798144K), 0.1943221 secs] [Times: user=0.64 sys=2.60, real=0.19 secs] 
2023-10-24T05:15:40.251+0800: 473082.532: [GC (Allocation Failure) 2023-10-24T05:15:40.251+0800: 473082.532: [ParNew: 8745806K->919025K(9175040K), 0.1388247 secs] 49170894K->41349886K(65798144K), 0.1392513 secs] [Times: user=0.91 sys=1.35, real=0.14 secs] 
2023-10-24T05:16:05.921+0800: 473108.202: [GC (Allocation Failure) 2023-10-24T05:16:05.921+0800: 473108.202: [ParNew: 8783345K->882689K(9175040K), 0.1936580 secs] 49214206K->41319354K(65798144K), 0.1941069 secs] [Times: user=1.78 sys=1.46, real=0.19 secs] 
2023-10-24T05:16:30.784+0800: 473133.065: [GC (Allocation Failure) 2023-10-24T05:16:30.784+0800: 473133.065: [ParNew: 8747009K->916681K(9175040K), 0.1359837 secs] 49183674K->41359162K(65798144K), 0.1364556 secs] [Times: user=2.11 sys=0.23, real=0.14 secs] 
2023-10-24T05:16:55.044+0800: 473157.325: [GC (Allocation Failure) 2023-10-24T05:16:55.044+0800: 473157.326: [ParNew: 8781001K->882984K(9175040K), 0.1823956 secs] 49223482K->41331795K(65798144K), 0.1828078 secs] [Times: user=1.92 sys=1.30, real=0.19 secs] 
2023-10-24T05:17:19.928+0800: 473182.209: [GC (Allocation Failure) 2023-10-24T05:17:19.928+0800: 473182.210: [ParNew: 8747304K->886342K(9175040K), 0.1350408 secs] 49196115K->41340882K(65798144K), 0.1355169 secs] [Times: user=2.00 sys=0.19, real=0.13 secs] 
2023-10-24T05:17:45.536+0800: 473207.817: [GC (Allocation Failure) 2023-10-24T05:17:45.536+0800: 473207.817: [ParNew: 8750662K->888193K(9175040K), 0.1888132 secs] 49205202K->41348473K(65798144K), 0.1892649 secs] [Times: user=0.58 sys=2.57, real=0.18 secs] 
2023-10-24T05:18:10.827+0800: 473233.109: [GC (Allocation Failure) 2023-10-24T05:18:10.828+0800: 473233.109: [ParNew: 8752513K->889906K(9175040K), 0.1404127 secs] 49212793K->41355892K(65798144K), 0.1408522 secs] [Times: user=2.05 sys=0.23, real=0.14 secs] 
2023-10-24T05:18:36.079+0800: 473258.361: [GC (Allocation Failure) 2023-10-24T05:18:36.080+0800: 473258.361: [ParNew: 8754226K->856067K(9175040K), 0.1806928 secs] 49220212K->41327786K(65798144K), 0.1811827 secs] [Times: user=0.65 sys=2.35, real=0.18 secs] 
2023-10-24T05:19:01.543+0800: 473283.825: [GC (Allocation Failure) 2023-10-24T05:19:01.544+0800: 473283.825: [ParNew: 8720387K->964813K(9175040K), 0.1400229 secs] 49192106K->41442257K(65798144K), 0.1404554 secs] [Times: user=2.03 sys=0.23, real=0.14 secs] 
2023-10-24T05:19:27.482+0800: 473309.763: [GC (Allocation Failure) 2023-10-24T05:19:27.482+0800: 473309.763: [ParNew: 8829133K->930505K(9175040K), 0.1830909 secs] 49306577K->41413685K(65798144K), 0.1835130 secs] [Times: user=1.72 sys=1.34, real=0.18 secs] 
2023-10-24T05:19:53.560+0800: 473335.841: [GC (Allocation Failure) 2023-10-24T05:19:53.560+0800: 473335.842: [ParNew: 8794825K->895309K(9175040K), 0.1336919 secs] 49278005K->41384242K(65798144K), 0.1341260 secs] [Times: user=2.07 sys=0.08, real=0.13 secs] 
2023-10-24T05:20:18.882+0800: 473361.163: [GC (Allocation Failure) 2023-10-24T05:20:18.882+0800: 473361.164: [ParNew: 8759629K->896272K(9175040K), 0.1825716 secs] 49248562K->41390941K(65798144K), 0.1830041 secs] [Times: user=1.73 sys=1.30, real=0.18 secs] 
2023-10-24T05:20:44.633+0800: 473386.914: [GC (Allocation Failure) 2023-10-24T05:20:44.633+0800: 473386.915: [ParNew: 8760592K->896041K(9175040K), 0.1389408 secs] 49255261K->41396551K(65798144K), 0.1394299 secs] [Times: user=2.02 sys=0.23, real=0.14 secs] 
2023-10-24T05:21:10.202+0800: 473412.484: [GC (Allocation Failure) 2023-10-24T05:21:10.203+0800: 473412.484: [ParNew: 8760361K->931852K(9175040K), 0.1851943 secs] 49260871K->41438124K(65798144K), 0.1856311 secs] [Times: user=1.83 sys=1.45, real=0.19 secs] 
2023-10-24T05:21:36.178+0800: 473438.460: [GC (Allocation Failure) 2023-10-24T05:21:36.179+0800: 473438.460: [ParNew: 8796172K->931046K(9175040K), 0.1283847 secs] 49302444K->41442998K(65798144K), 0.1288994 secs] [Times: user=2.04 sys=0.02, real=0.13 secs] 
2023-10-24T05:22:01.832+0800: 473464.113: [GC (Allocation Failure) 2023-10-24T05:22:01.832+0800: 473464.113: [ParNew: 8795366K->858032K(9175040K), 0.1833918 secs] 49307318K->41375944K(65798144K), 0.1838001 secs] [Times: user=1.75 sys=1.32, real=0.18 secs] 
2023-10-24T05:22:27.129+0800: 473489.411: [GC (Allocation Failure) 2023-10-24T05:22:27.130+0800: 473489.411: [ParNew: 8722352K->892239K(9175040K), 0.1358304 secs] 49240264K->41415878K(65798144K), 0.1362966 secs] [Times: user=1.97 sys=0.26, real=0.14 secs] 
2023-10-24T05:22:52.164+0800: 473514.446: [GC (Allocation Failure) 2023-10-24T05:22:52.165+0800: 473514.446: [ParNew: 8756559K->927780K(9175040K), 0.1645794 secs] 49280198K->41457149K(65798144K), 0.1650759 secs] [Times: user=0.71 sys=2.01, real=0.17 secs] 
2023-10-24T05:23:17.297+0800: 473539.578: [GC (Allocation Failure) 2023-10-24T05:23:17.297+0800: 473539.579: [ParNew: 8792100K->893705K(9175040K), 0.1727854 secs] 49321469K->41428836K(65798144K), 0.1732311 secs] [Times: user=1.89 sys=0.98, real=0.17 secs] 
2023-10-24T05:23:42.466+0800: 473564.747: [GC (Allocation Failure) 2023-10-24T05:23:42.466+0800: 473564.747: [ParNew: 8758025K->965893K(9175040K), 0.1565923 secs] 49293156K->41506908K(65798144K), 0.1570486 secs] [Times: user=0.89 sys=1.69, real=0.15 secs] 
2023-10-24T05:24:08.057+0800: 473590.339: [GC (Allocation Failure) 2023-10-24T05:24:08.058+0800: 473590.339: [ParNew: 8830213K->895134K(9175040K), 0.1721537 secs] 49371228K->41441950K(65798144K), 0.1726114 secs] [Times: user=1.85 sys=0.98, real=0.17 secs] 
2023-10-24T05:24:33.399+0800: 473615.680: [GC (Allocation Failure) 2023-10-24T05:24:33.399+0800: 473615.681: [ParNew: 8759454K->967773K(9175040K), 0.1608331 secs] 49306270K->41520387K(65798144K), 0.1612747 secs] [Times: user=0.86 sys=1.12, real=0.16 secs] 
2023-10-24T05:24:58.665+0800: 473640.947: [GC (Allocation Failure) 2023-10-24T05:24:58.666+0800: 473640.947: [ParNew: 8832093K->898403K(9175040K), 0.1751946 secs] 49384707K->41456825K(65798144K), 0.1757352 secs] [Times: user=1.93 sys=0.97, real=0.18 secs] 
2023-10-24T05:25:24.396+0800: 473666.677: [GC (Allocation Failure) 2023-10-24T05:25:24.396+0800: 473666.678: [ParNew: 8762723K->972353K(9175040K), 0.1634771 secs] 49321145K->41536574K(65798144K), 0.1639254 secs] [Times: user=2.06 sys=0.64, real=0.16 secs] 
2023-10-24T05:25:50.344+0800: 473692.625: [GC (Allocation Failure) 2023-10-24T05:25:50.344+0800: 473692.625: [ParNew: 8836673K->900736K(9175040K), 0.1923780 secs] 49400894K->41470733K(65798144K), 0.1928589 secs] [Times: user=1.68 sys=1.66, real=0.20 secs] 
2023-10-24T05:26:16.031+0800: 473718.313: [GC (Allocation Failure) 2023-10-24T05:26:16.032+0800: 473718.313: [ParNew: 8765056K->937969K(9175040K), 0.1473270 secs] 49335053K->41513750K(65798144K), 0.1477696 secs] [Times: user=0.89 sys=1.52, real=0.15 secs] 
2023-10-24T05:26:41.985+0800: 473744.266: [GC (Allocation Failure) 2023-10-24T05:26:41.985+0800: 473744.266: [ParNew: 8802289K->916910K(9175040K), 0.2016673 secs] 49378070K->41498554K(65798144K), 0.2021370 secs] [Times: user=1.67 sys=1.71, real=0.21 secs] 
2023-10-24T05:27:06.978+0800: 473769.259: [GC (Allocation Failure) 2023-10-24T05:27:06.978+0800: 473769.260: [ParNew: 8781230K->947668K(9175040K), 0.1337064 secs] 49362874K->41535135K(65798144K), 0.1341409 secs] [Times: user=2.07 sys=0.09, real=0.13 secs] 
2023-10-24T05:27:32.241+0800: 473794.522: [GC (Allocation Failure) 2023-10-24T05:27:32.241+0800: 473794.522: [ParNew: 8811988K->878155K(9175040K), 0.2064055 secs] 49399455K->41471466K(65798144K), 0.2069407 secs] [Times: user=1.76 sys=1.71, real=0.21 secs] 
2023-10-24T05:27:57.626+0800: 473819.907: [GC (Allocation Failure) 2023-10-24T05:27:57.626+0800: 473819.907: [ParNew: 8742475K->878566K(9175040K), 0.1415331 secs] 49335786K->41477837K(65798144K), 0.1419607 secs] [Times: user=0.89 sys=1.40, real=0.14 secs] 
2023-10-24T05:28:22.770+0800: 473845.051: [GC (Allocation Failure) 2023-10-24T05:28:22.770+0800: 473845.051: [ParNew: 8742886K->879036K(9175040K), 0.1992044 secs] 49342157K->41484148K(65798144K), 0.1997361 secs] [Times: user=1.72 sys=1.62, real=0.20 secs] 
2023-10-24T05:28:47.732+0800: 473870.013: [GC (Allocation Failure) 2023-10-24T05:28:47.732+0800: 473870.013: [ParNew: 8743356K->914859K(9175040K), 0.1324764 secs] 49348468K->41525805K(65798144K), 0.1328923 secs] [Times: user=0.94 sys=1.20, real=0.13 secs] 
2023-10-24T05:29:12.734+0800: 473895.015: [GC (Allocation Failure) 2023-10-24T05:29:12.734+0800: 473895.016: [ParNew: 8779179K->916353K(9175040K), 0.1937736 secs] 49390125K->41533139K(65798144K), 0.1943104 secs] [Times: user=0.55 sys=2.69, real=0.20 secs] 
2023-10-24T05:29:38.187+0800: 473920.468: [GC (Allocation Failure) 2023-10-24T05:29:38.187+0800: 473920.468: [ParNew: 8780673K->917969K(9175040K), 0.1376759 secs] 49397459K->41540549K(65798144K), 0.1381246 secs] [Times: user=0.95 sys=1.29, real=0.13 secs] 
2023-10-24T05:30:03.749+0800: 473946.031: [GC (Allocation Failure) 2023-10-24T05:30:03.750+0800: 473946.031: [ParNew: 8782289K->883412K(9175040K), 0.1995007 secs] 49404869K->41511789K(65798144K), 0.1999465 secs] [Times: user=1.72 sys=1.62, real=0.20 secs] 
2023-10-24T05:30:28.685+0800: 473970.966: [GC (Allocation Failure) 2023-10-24T05:30:28.685+0800: 473970.966: [ParNew: 8747732K->920081K(9175040K), 0.1295242 secs] 49376109K->41554292K(65798144K), 0.1299756 secs] [Times: user=0.90 sys=1.19, real=0.13 secs] 
2023-10-24T05:30:53.981+0800: 473996.262: [GC (Allocation Failure) 2023-10-24T05:30:53.981+0800: 473996.263: [ParNew: 8784401K->922275K(9175040K), 0.1802086 secs] 49418612K->41562300K(65798144K), 0.1807286 secs] [Times: user=0.70 sys=2.21, real=0.18 secs] 
2023-10-24T05:31:19.261+0800: 474021.542: [GC (Allocation Failure) 2023-10-24T05:31:19.261+0800: 474021.542: [ParNew: 8786595K->959817K(9175040K), 0.1440755 secs] 49426620K->41605672K(65798144K), 0.1445204 secs] [Times: user=0.86 sys=1.49, real=0.14 secs] 
2023-10-24T05:31:45.149+0800: 474047.431: [GC (Allocation Failure) 2023-10-24T05:31:45.150+0800: 474047.431: [ParNew: 8824137K->924516K(9175040K), 0.1927978 secs] 49469992K->41576211K(65798144K), 0.1933180 secs] [Times: user=1.78 sys=1.42, real=0.19 secs] 
2023-10-24T05:32:10.440+0800: 474072.722: [GC (Allocation Failure) 2023-10-24T05:32:10.441+0800: 474072.722: [ParNew: 8788836K->925129K(9175040K), 0.1476649 secs] 49440531K->41582633K(65798144K), 0.1481478 secs] [Times: user=2.09 sys=0.47, real=0.15 secs] 
2023-10-24T05:32:36.604+0800: 474098.885: [GC (Allocation Failure) 2023-10-24T05:32:36.604+0800: 474098.886: [ParNew: 8789449K->925474K(9175040K), 0.1686371 secs] 49446953K->41589016K(65798144K), 0.1691039 secs] [Times: user=1.86 sys=0.91, real=0.17 secs] 
2023-10-24T05:33:02.266+0800: 474124.547: [GC (Allocation Failure) 2023-10-24T05:33:02.266+0800: 474124.547: [ParNew: 8789794K->924319K(9175040K), 0.1545000 secs] 49453336K->41593678K(65798144K), 0.1549504 secs] [Times: user=1.90 sys=0.64, real=0.15 secs] 
2023-10-24T05:33:27.111+0800: 474149.392: [GC (Allocation Failure) 2023-10-24T05:33:27.111+0800: 474149.392: [ParNew: 8788639K->924017K(9175040K), 0.1580615 secs] 49457998K->41599212K(65798144K), 0.1585449 secs] [Times: user=0.96 sys=1.52, real=0.16 secs] 
2023-10-24T05:33:52.152+0800: 474174.433: [GC (Allocation Failure) 2023-10-24T05:33:52.152+0800: 474174.433: [ParNew: 8788337K->960376K(9175040K), 0.1641310 secs] 49463532K->41641396K(65798144K), 0.1645611 secs] [Times: user=2.12 sys=0.60, real=0.17 secs] 
2023-10-24T05:34:17.936+0800: 474200.217: [GC (Allocation Failure) 2023-10-24T05:34:17.936+0800: 474200.217: [ParNew: 8824696K->889810K(9175040K), 0.1679553 secs] 49505716K->41576682K(65798144K), 0.1684946 secs] [Times: user=0.76 sys=2.01, real=0.17 secs] 
2023-10-24T05:34:43.285+0800: 474225.566: [GC (Allocation Failure) 2023-10-24T05:34:43.285+0800: 474225.566: [ParNew: 8754130K->924099K(9175040K), 0.1612925 secs] 49441002K->41616816K(65798144K), 0.1617450 secs] [Times: user=0.99 sys=1.08, real=0.17 secs] 
2023-10-24T05:35:09.080+0800: 474251.362: [GC (Allocation Failure) 2023-10-24T05:35:09.081+0800: 474251.362: [ParNew: 8788419K->853834K(9175040K), 0.1627076 secs] 49481136K->41552344K(65798144K), 0.1632382 secs] [Times: user=1.83 sys=0.83, real=0.16 secs] 
2023-10-24T05:35:34.215+0800: 474276.496: [GC (Allocation Failure) 2023-10-24T05:35:34.215+0800: 474276.496: [ParNew: 8718154K->960492K(9175040K), 0.1583806 secs] 49416664K->41664834K(65798144K), 0.1588889 secs] [Times: user=0.85 sys=1.73, real=0.16 secs] 
2023-10-24T05:36:00.209+0800: 474302.490: [GC (Allocation Failure) 2023-10-24T05:36:00.209+0800: 474302.490: [ParNew: 8824812K->888846K(9175040K), 0.1656313 secs] 49529154K->41598983K(65798144K), 0.1660810 secs] [Times: user=1.88 sys=0.86, real=0.16 secs] 
2023-10-24T05:36:26.202+0800: 474328.483: [GC (Allocation Failure) 2023-10-24T05:36:26.202+0800: 474328.483: [ParNew: 8753166K->958897K(9175040K), 0.1544378 secs] 49463303K->41674885K(65798144K), 0.1548669 secs] [Times: user=0.78 sys=1.74, real=0.16 secs] 
2023-10-24T05:36:52.131+0800: 474354.412: [GC (Allocation Failure) 2023-10-24T05:36:52.131+0800: 474354.413: [ParNew: 8823217K->849391K(9175040K), 0.2074664 secs] 49539205K->41571246K(65798144K), 0.2079429 secs] [Times: user=1.60 sys=1.88, real=0.21 secs] 
2023-10-24T05:37:18.177+0800: 474380.458: [GC (Allocation Failure) 2023-10-24T05:37:18.177+0800: 474380.459: [ParNew: 8713711K->920137K(9175040K), 0.1323921 secs] 49435566K->41647786K(65798144K), 0.1328026 secs] [Times: user=2.07 sys=0.08, real=0.13 secs] 
2023-10-24T05:37:44.367+0800: 474406.649: [GC (Allocation Failure) 2023-10-24T05:37:44.368+0800: 474406.649: [ParNew: 8784457K->883845K(9175040K), 0.1979829 secs] 49512106K->41617308K(65798144K), 0.1984412 secs] [Times: user=1.68 sys=1.62, real=0.20 secs] 
2023-10-24T05:38:10.406+0800: 474432.687: [GC (Allocation Failure) 2023-10-24T05:38:10.406+0800: 474432.688: [ParNew: 8748165K->919116K(9175040K), 0.1390866 secs] 49481628K->41658369K(65798144K), 0.1395024 secs] [Times: user=1.04 sys=1.36, real=0.13 secs] 
2023-10-24T05:38:36.131+0800: 474458.413: [GC (Allocation Failure) 2023-10-24T05:38:36.132+0800: 474458.413: [ParNew: 8783436K->847832K(9175040K), 0.1945506 secs] 49522689K->41592972K(65798144K), 0.1949812 secs] [Times: user=1.65 sys=1.60, real=0.20 secs] 
2023-10-24T05:39:02.363+0800: 474484.644: [GC (Allocation Failure) 2023-10-24T05:39:02.363+0800: 474484.645: [ParNew: 8712152K->846771K(9175040K), 0.1377529 secs] 49457292K->41597700K(65798144K), 0.1381609 secs] [Times: user=0.96 sys=1.29, real=0.14 secs] 
2023-10-24T05:39:28.368+0800: 474510.649: [GC (Allocation Failure) 2023-10-24T05:39:28.368+0800: 474510.650: [ParNew: 8711091K->880807K(9175040K), 0.1894768 secs] 49462020K->41637561K(65798144K), 0.1899700 secs] [Times: user=0.54 sys=2.61, real=0.19 secs] 
2023-10-24T05:39:54.495+0800: 474536.776: [GC (Allocation Failure) 2023-10-24T05:39:54.495+0800: 474536.777: [ParNew: 8745127K->915532K(9175040K), 0.1291383 secs] 49501881K->41678099K(65798144K), 0.1295566 secs] [Times: user=1.02 sys=1.19, real=0.13 secs] 
2023-10-24T05:40:20.412+0800: 474562.693: [GC (Allocation Failure) 2023-10-24T05:40:20.412+0800: 474562.694: [ParNew: 8779852K->845248K(9175040K), 0.1878455 secs] 49542419K->41613610K(65798144K), 0.1884024 secs] [Times: user=1.69 sys=1.44, real=0.19 secs] 
2023-10-24T05:40:46.695+0800: 474588.976: [GC (Allocation Failure) 2023-10-24T05:40:46.695+0800: 474588.976: [ParNew: 8709568K->879917K(9175040K), 0.1317132 secs] 49477930K->41654081K(65798144K), 0.1321641 secs] [Times: user=2.07 sys=0.06, real=0.14 secs] 
2023-10-24T05:41:12.395+0800: 474614.676: [GC (Allocation Failure) 2023-10-24T05:41:12.395+0800: 474614.677: [ParNew: 8744237K->844550K(9175040K), 0.1928683 secs] 49518401K->41624519K(65798144K), 0.1933166 secs] [Times: user=1.65 sys=1.55, real=0.20 secs] 
2023-10-24T05:41:38.630+0800: 474640.912: [GC (Allocation Failure) 2023-10-24T05:41:38.631+0800: 474640.912: [ParNew: 8708870K->913701K(9175040K), 0.1393085 secs] 49488839K->41699516K(65798144K), 0.1397322 secs] [Times: user=2.10 sys=0.16, real=0.14 secs] 
2023-10-24T05:42:04.462+0800: 474666.743: [GC (Allocation Failure) 2023-10-24T05:42:04.462+0800: 474666.743: [ParNew: 8778021K->879014K(9175040K), 0.1898947 secs] 49563836K->41670652K(65798144K), 0.1903385 secs] [Times: user=0.57 sys=2.45, real=0.19 secs] 
2023-10-24T05:42:30.403+0800: 474692.684: [GC (Allocation Failure) 2023-10-24T05:42:30.403+0800: 474692.684: [ParNew: 8743334K->844958K(9175040K), 0.1418224 secs] 49534972K->41642509K(65798144K), 0.1423291 secs] [Times: user=0.91 sys=0.85, real=0.14 secs] 
2023-10-24T05:42:56.549+0800: 474718.831: [GC (Allocation Failure) 2023-10-24T05:42:56.550+0800: 474718.831: [ParNew: 8709278K->845423K(9175040K), 0.1844922 secs] 49506829K->41648823K(65798144K), 0.1849411 secs] [Times: user=1.71 sys=1.34, real=0.18 secs] 
2023-10-24T05:43:22.922+0800: 474745.203: [GC (Allocation Failure) 2023-10-24T05:43:22.922+0800: 474745.203: [ParNew: 8709743K->846181K(9175040K), 0.1374394 secs] 49513143K->41655418K(65798144K), 0.1378489 secs] [Times: user=1.99 sys=0.24, real=0.14 secs] 
2023-10-24T05:43:48.893+0800: 474771.175: [GC (Allocation Failure) 2023-10-24T05:43:48.894+0800: 474771.175: [ParNew: 8710501K->916530K(9175040K), 0.1875901 secs] 49519738K->41731613K(65798144K), 0.1880270 secs] [Times: user=0.67 sys=2.45, real=0.19 secs] 
2023-10-24T05:44:14.846+0800: 474797.128: [GC (Allocation Failure) 2023-10-24T05:44:14.847+0800: 474797.128: [ParNew: 8780850K->882220K(9175040K), 0.1342699 secs] 49595933K->41703121K(65798144K), 0.1346853 secs] [Times: user=0.96 sys=0.78, real=0.13 secs] 
2023-10-24T05:44:40.955+0800: 474823.236: [GC (Allocation Failure) 2023-10-24T05:44:40.955+0800: 474823.236: [ParNew: 8746540K->882849K(9175040K), 0.1875887 secs] 49567441K->41709594K(65798144K), 0.1880118 secs] [Times: user=1.68 sys=1.45, real=0.19 secs] 
2023-10-24T05:45:07.145+0800: 474849.426: [GC (Allocation Failure) 2023-10-24T05:45:07.145+0800: 474849.426: [ParNew: 8747169K->884022K(9175040K), 0.1434572 secs] 49573914K->41716578K(65798144K), 0.1438782 secs] [Times: user=2.26 sys=0.07, real=0.15 secs] 
2023-10-24T05:45:32.311+0800: 474874.592: [GC (Allocation Failure) 2023-10-24T05:45:32.311+0800: 474874.592: [ParNew: 8748342K->884514K(9175040K), 0.2003774 secs] 49580898K->41722900K(65798144K), 0.2008374 secs] [Times: user=1.80 sys=1.56, real=0.20 secs] 
2023-10-24T05:45:58.633+0800: 474900.914: [GC (Allocation Failure) 2023-10-24T05:45:58.633+0800: 474900.914: [ParNew: 8748834K->921633K(9175040K), 0.1380426 secs] 49587220K->41765868K(65798144K), 0.1385374 secs] [Times: user=2.05 sys=0.19, real=0.14 secs] 
2023-10-24T05:46:24.499+0800: 474926.780: [GC (Allocation Failure) 2023-10-24T05:46:24.499+0800: 474926.780: [ParNew: 8785953K->957620K(9175040K), 0.1877447 secs] 49630188K->41807689K(65798144K), 0.1881843 secs] [Times: user=1.63 sys=1.50, real=0.19 secs] 
2023-10-24T05:46:51.032+0800: 474953.313: [GC (Allocation Failure) 2023-10-24T05:46:51.032+0800: 474953.313: [ParNew: 8821940K->956115K(9175040K), 0.1365092 secs] 49672009K->41812141K(65798144K), 0.1369132 secs] [Times: user=0.91 sys=1.29, real=0.14 secs] 
2023-10-24T05:47:17.581+0800: 474979.863: [GC (Allocation Failure) 2023-10-24T05:47:17.582+0800: 474979.863: [ParNew: 8820435K->884610K(9175040K), 0.1897642 secs] 49676461K->41746437K(65798144K), 0.1902061 secs] [Times: user=0.62 sys=2.56, real=0.19 secs] 
2023-10-24T05:47:44.168+0800: 475006.449: [GC (Allocation Failure) 2023-10-24T05:47:44.168+0800: 475006.450: [ParNew: 8748930K->897978K(9175040K), 0.1452236 secs] 49610757K->41765632K(65798144K), 0.1456374 secs] [Times: user=1.05 sys=1.26, real=0.14 secs] 
2023-10-24T05:48:10.544+0800: 475032.825: [GC (Allocation Failure) 2023-10-24T05:48:10.544+0800: 475032.826: [ParNew: 8762298K->857930K(9175040K), 0.1805584 secs] 49629952K->41731492K(65798144K), 0.1809648 secs] [Times: user=0.66 sys=2.50, real=0.18 secs] 
2023-10-24T05:48:37.111+0800: 475059.393: [GC (Allocation Failure) 2023-10-24T05:48:37.112+0800: 475059.393: [ParNew: 8722250K->890573K(9175040K), 0.1280424 secs] 49595812K->41769983K(65798144K), 0.1286086 secs] [Times: user=1.98 sys=0.08, real=0.13 secs] 
2023-10-24T05:49:03.418+0800: 475085.700: [GC (Allocation Failure) 2023-10-24T05:49:03.419+0800: 475085.700: [ParNew: 8754893K->855999K(9175040K), 0.1866604 secs] 49634303K->41741239K(65798144K), 0.1870679 secs] [Times: user=0.48 sys=1.98, real=0.18 secs] 
2023-10-24T05:49:29.926+0800: 475112.207: [GC (Allocation Failure) 2023-10-24T05:49:29.926+0800: 475112.207: [ParNew: 8720319K->855270K(9175040K), 0.1582401 secs] 49605559K->41746313K(65798144K), 0.1586871 secs] [Times: user=1.78 sys=0.82, real=0.15 secs] 
2023-10-24T05:49:56.391+0800: 475138.672: [GC (Allocation Failure) 2023-10-24T05:49:56.391+0800: 475138.672: [ParNew: 8719590K->922830K(9175040K), 0.1510505 secs] 49610633K->41819731K(65798144K), 0.1514595 secs] [Times: user=1.96 sys=0.52, real=0.15 secs] 
2023-10-24T05:50:22.789+0800: 475165.070: [GC (Allocation Failure) 2023-10-24T05:50:22.789+0800: 475165.070: [ParNew: 8787150K->855015K(9175040K), 0.1715233 secs] 49684051K->41757748K(65798144K), 0.1719740 secs] [Times: user=1.94 sys=0.90, real=0.17 secs] 
2023-10-24T05:50:49.786+0800: 475192.067: [GC (Allocation Failure) 2023-10-24T05:50:49.786+0800: 475192.068: [ParNew: 8719335K->920935K(9175040K), 0.1537121 secs] 49622068K->41829533K(65798144K), 0.1541254 secs] [Times: user=1.85 sys=0.68, real=0.15 secs] 
2023-10-24T05:51:16.762+0800: 475219.043: [GC (Allocation Failure) 2023-10-24T05:51:16.762+0800: 475219.044: [ParNew: 8785255K->851932K(9175040K), 0.2281130 secs] 49693853K->41766381K(65798144K), 0.2285514 secs] [Times: user=2.02 sys=1.83, real=0.23 secs] 
2023-10-24T05:51:43.991+0800: 475246.272: [GC (Allocation Failure) 2023-10-24T05:51:43.991+0800: 475246.272: [ParNew: 8716252K->882785K(9175040K), 0.1404375 secs] 49630701K->41803084K(65798144K), 0.1408239 secs] [Times: user=0.80 sys=1.29, real=0.14 secs] 
2023-10-24T05:52:10.557+0800: 475272.838: [GC (Allocation Failure) 2023-10-24T05:52:10.557+0800: 475272.838: [ParNew: 8747105K->847017K(9175040K), 0.2162795 secs] 49667404K->41773360K(65798144K), 0.2166926 secs] [Times: user=0.91 sys=2.22, real=0.21 secs] 
2023-10-24T05:52:37.681+0800: 475299.962: [GC (Allocation Failure) 2023-10-24T05:52:37.681+0800: 475299.962: [ParNew: 8711337K->847291K(9175040K), 0.1399452 secs] 49637680K->41779392K(65798144K), 0.1403986 secs] [Times: user=0.80 sys=1.49, real=0.14 secs] 
2023-10-24T05:53:04.811+0800: 475327.093: [GC (Allocation Failure) 2023-10-24T05:53:04.812+0800: 475327.093: [ParNew: 8711611K->914315K(9175040K), 0.1855206 secs] 49643712K->41852157K(65798144K), 0.1859374 secs] [Times: user=1.74 sys=1.36, real=0.19 secs] 
2023-10-24T05:53:31.840+0800: 475354.121: [GC (Allocation Failure) 2023-10-24T05:53:31.840+0800: 475354.121: [ParNew: 8778635K->845586K(9175040K), 0.1302541 secs] 49716477K->41789190K(65798144K), 0.1307313 secs] [Times: user=2.02 sys=0.10, real=0.13 secs] 
2023-10-24T05:53:58.907+0800: 475381.188: [GC (Allocation Failure) 2023-10-24T05:53:58.907+0800: 475381.188: [ParNew: 8709906K->879294K(9175040K), 0.1879615 secs] 49653510K->41828698K(65798144K), 0.1883771 secs] [Times: user=1.68 sys=1.46, real=0.18 secs] 
2023-10-24T05:54:25.620+0800: 475407.902: [GC (Allocation Failure) 2023-10-24T05:54:25.621+0800: 475407.902: [ParNew: 8743614K->878652K(9175040K), 0.1874523 secs] 49693018K->41833838K(65798144K), 0.1879625 secs] [Times: user=1.77 sys=1.33, real=0.19 secs] 
2023-10-24T05:54:52.777+0800: 475435.058: [GC (Allocation Failure) 2023-10-24T05:54:52.777+0800: 475435.058: [ParNew: 8742972K->878275K(9175040K), 0.1647138 secs] 49698158K->41839208K(65798144K), 0.1651137 secs] [Times: user=0.86 sys=1.86, real=0.16 secs] 
2023-10-24T05:55:19.525+0800: 475461.806: [GC (Allocation Failure) 2023-10-24T05:55:19.525+0800: 475461.806: [ParNew: 8742595K->911449K(9175040K), 0.2034777 secs] 49703528K->41878172K(65798144K), 0.2040034 secs] [Times: user=0.42 sys=2.98, real=0.21 secs] 
2023-10-24T05:55:46.588+0800: 475488.870: [GC (Allocation Failure) 2023-10-24T05:55:46.589+0800: 475488.870: [ParNew: 8775769K->877540K(9175040K), 0.1359426 secs] 49742492K->41850010K(65798144K), 0.1363742 secs] [Times: user=2.05 sys=0.15, real=0.13 secs] 
2023-10-24T05:56:13.264+0800: 475515.545: [GC (Allocation Failure) 2023-10-24T05:56:13.264+0800: 475515.545: [ParNew: 8741860K->843918K(9175040K), 0.1960332 secs] 49714330K->41822199K(65798144K), 0.1964493 secs] [Times: user=1.72 sys=1.56, real=0.20 secs] 
2023-10-24T05:56:40.229+0800: 475542.511: [GC (Allocation Failure) 2023-10-24T05:56:40.230+0800: 475542.511: [ParNew: 8708238K->877591K(9175040K), 0.1438793 secs] 49686519K->41861671K(65798144K), 0.1442976 secs] [Times: user=1.99 sys=0.37, real=0.14 secs] 
2023-10-24T05:57:07.114+0800: 475569.395: [GC (Allocation Failure) 2023-10-24T05:57:07.114+0800: 475569.395: [ParNew: 8741911K->878333K(9175040K), 0.1808775 secs] 49725991K->41868229K(65798144K), 0.1812961 secs] [Times: user=0.68 sys=2.34, real=0.18 secs] 
2023-10-24T05:57:34.018+0800: 475596.299: [GC (Allocation Failure) 2023-10-24T05:57:34.018+0800: 475596.299: [ParNew: 8742653K->846193K(9175040K), 0.1513441 secs] 49732549K->41841902K(65798144K), 0.1517491 secs] [Times: user=0.95 sys=1.35, real=0.15 secs] 
2023-10-24T05:58:00.300+0800: 475622.582: [GC (Allocation Failure) 2023-10-24T05:58:00.301+0800: 475622.582: [ParNew: 8710513K->846501K(9175040K), 0.1871707 secs] 49706222K->41848005K(65798144K), 0.1875831 secs] [Times: user=1.70 sys=1.44, real=0.19 secs] 
2023-10-24T05:58:26.369+0800: 475648.650: [GC (Allocation Failure) 2023-10-24T05:58:26.369+0800: 475648.650: [ParNew: 8710821K->881911K(9175040K), 0.1283983 secs] 49712325K->41889178K(65798144K), 0.1289092 secs] [Times: user=0.91 sys=1.17, real=0.13 secs] 
2023-10-24T05:58:52.666+0800: 475674.947: [GC (Allocation Failure) 2023-10-24T05:58:52.666+0800: 475674.947: [ParNew: 8746231K->850084K(9175040K), 0.1880081 secs] 49753498K->41863194K(65798144K), 0.1884384 secs] [Times: user=0.51 sys=2.65, real=0.19 secs] 
2023-10-24T05:59:18.553+0800: 475700.834: [GC (Allocation Failure) 2023-10-24T05:59:18.553+0800: 475700.834: [ParNew: 8714404K->886280K(9175040K), 0.1909938 secs] 49727514K->41905187K(65798144K), 0.1914493 secs] [Times: user=0.81 sys=2.38, real=0.19 secs] 
2023-10-24T05:59:44.007+0800: 475726.289: [GC (Allocation Failure) 2023-10-24T05:59:44.008+0800: 475726.289: [ParNew: 8750600K->923040K(9175040K), 0.1430169 secs] 49769507K->41947751K(65798144K), 0.1434386 secs] [Times: user=0.78 sys=1.38, real=0.14 secs] 
2023-10-24T06:00:09.519+0800: 475751.801: [GC (Allocation Failure) 2023-10-24T06:00:09.520+0800: 475751.801: [ParNew: 8787360K->891572K(9175040K), 0.1678428 secs] 49812071K->41922104K(65798144K), 0.1683390 secs] [Times: user=0.74 sys=2.05, real=0.17 secs] 
2023-10-24T06:00:32.668+0800: 475774.949: [GC (Allocation Failure) 2023-10-24T06:00:32.668+0800: 475774.949: [ParNew: 8755892K->997158K(9175040K), 0.1517862 secs] 49786424K->42033495K(65798144K), 0.1521919 secs] [Times: user=0.99 sys=1.66, real=0.15 secs] 
2023-10-24T06:00:56.999+0800: 475799.280: [GC (Allocation Failure) 2023-10-24T06:00:56.999+0800: 475799.280: [ParNew: 8861478K->865803K(9175040K), 0.1838253 secs] 49897815K->41908013K(65798144K), 0.1842954 secs] [Times: user=0.64 sys=2.42, real=0.18 secs] 
2023-10-24T06:01:22.566+0800: 475824.847: [GC (Allocation Failure) 2023-10-24T06:01:22.566+0800: 475824.847: [ParNew: 8730123K->939714K(9175040K), 0.1729131 secs] 49772333K->41987732K(65798144K), 0.1733178 secs] [Times: user=2.05 sys=0.83, real=0.17 secs] 
2023-10-24T06:01:48.786+0800: 475851.067: [GC (Allocation Failure) 2023-10-24T06:01:48.786+0800: 475851.067: [ParNew: 8804034K->905577K(9175040K), 0.2061128 secs] 49852052K->41959500K(65798144K), 0.2065513 secs] [Times: user=1.58 sys=1.89, real=0.21 secs] 
2023-10-24T06:02:14.385+0800: 475876.666: [GC (Allocation Failure) 2023-10-24T06:02:14.385+0800: 475876.666: [ParNew: 8769897K->976845K(9175040K), 0.1359260 secs] 49823820K->42036594K(65798144K), 0.1363247 secs] [Times: user=2.00 sys=0.22, real=0.14 secs] 
2023-10-24T06:02:40.035+0800: 475902.317: [GC (Allocation Failure) 2023-10-24T06:02:40.036+0800: 475902.317: [ParNew: 8841165K->874094K(9175040K), 0.1981587 secs] 49900914K->41939688K(65798144K), 0.1985721 secs] [Times: user=0.63 sys=2.68, real=0.20 secs] 
2023-10-24T06:03:06.213+0800: 475928.494: [GC (Allocation Failure) 2023-10-24T06:03:06.213+0800: 475928.494: [ParNew: 8738414K->946048K(9175040K), 0.1402164 secs] 49804008K->42017451K(65798144K), 0.1406277 secs] [Times: user=2.05 sys=0.24, real=0.14 secs] 
2023-10-24T06:03:32.846+0800: 475955.127: [GC (Allocation Failure) 2023-10-24T06:03:32.846+0800: 475955.127: [ParNew: 8810368K->841787K(9175040K), 0.2015103 secs] 49881771K->41919224K(65798144K), 0.2019208 secs] [Times: user=1.79 sys=1.59, real=0.20 secs] 
2023-10-24T06:03:59.649+0800: 475981.930: [GC (Allocation Failure) 2023-10-24T06:03:59.649+0800: 475981.931: [ParNew: 8706107K->910310K(9175040K), 0.1372892 secs] 49783544K->41993301K(65798144K), 0.1376942 secs] [Times: user=1.94 sys=0.30, real=0.14 secs] 
2023-10-24T06:04:25.105+0800: 476007.386: [GC (Allocation Failure) 2023-10-24T06:04:25.105+0800: 476007.386: [ParNew: 8774630K->875061K(9175040K), 0.2047854 secs] 49857621K->41963621K(65798144K), 0.2051911 secs] [Times: user=2.03 sys=1.42, real=0.21 secs] 
2023-10-24T06:04:51.635+0800: 476033.916: [GC (Allocation Failure) 2023-10-24T06:04:51.635+0800: 476033.916: [ParNew: 8739381K->875548K(9175040K), 0.1287178 secs] 49827941K->41969650K(65798144K), 0.1291205 secs] [Times: user=0.92 sys=1.17, real=0.13 secs] 
2023-10-24T06:05:18.071+0800: 476060.352: [GC (Allocation Failure) 2023-10-24T06:05:18.071+0800: 476060.352: [ParNew: 8739868K->910383K(9175040K), 0.1854936 secs] 49833970K->42010014K(65798144K), 0.1858959 secs] [Times: user=1.67 sys=1.46, real=0.19 secs] 
2023-10-24T06:05:44.973+0800: 476087.255: [GC (Allocation Failure) 2023-10-24T06:05:44.974+0800: 476087.255: [ParNew: 8774703K->838464K(9175040K), 0.1737616 secs] 49874334K->41943656K(65798144K), 0.1741872 secs] [Times: user=0.61 sys=2.29, real=0.18 secs] 
2023-10-24T06:06:12.068+0800: 476114.350: [GC (Allocation Failure) 2023-10-24T06:06:12.069+0800: 476114.350: [ParNew: 8702784K->936649K(9175040K), 0.1637998 secs] 49807976K->42047407K(65798144K), 0.1642243 secs] [Times: user=1.89 sys=0.75, real=0.16 secs] 
2023-10-24T06:06:39.030+0800: 476141.311: [GC (Allocation Failure) 2023-10-24T06:06:39.030+0800: 476141.311: [ParNew: 8800969K->862632K(9175040K), 0.2097355 secs] 49911727K->41979077K(65798144K), 0.2101612 secs] [Times: user=1.65 sys=1.89, real=0.21 secs] 
2023-10-24T06:07:06.155+0800: 476168.437: [GC (Allocation Failure) 2023-10-24T06:07:06.156+0800: 476168.437: [ParNew: 8726952K->860467K(9175040K), 0.1485723 secs] 49843397K->41982809K(65798144K), 0.1489672 secs] [Times: user=1.99 sys=0.45, real=0.15 secs] 
2023-10-24T06:07:32.660+0800: 476194.942: [GC (Allocation Failure) 2023-10-24T06:07:32.661+0800: 476194.942: [ParNew: 8724787K->858474K(9175040K), 0.2044306 secs] 49847129K->41986477K(65798144K), 0.2048332 secs] [Times: user=1.81 sys=1.64, real=0.20 secs] 
2023-10-24T06:07:59.720+0800: 476222.001: [GC (Allocation Failure) 2023-10-24T06:07:59.720+0800: 476222.001: [ParNew: 8722794K->857307K(9175040K), 0.1402354 secs] 49850797K->41990781K(65798144K), 0.1406869 secs] [Times: user=0.86 sys=1.43, real=0.14 secs] 
2023-10-24T06:08:26.514+0800: 476248.795: [GC (Allocation Failure) 2023-10-24T06:08:26.514+0800: 476248.795: [ParNew: 8721627K->856336K(9175040K), 0.1887396 secs] 49855101K->41995337K(65798144K), 0.1891777 secs] [Times: user=1.74 sys=1.42, real=0.19 secs] 
2023-10-24T06:08:53.914+0800: 476276.195: [GC (Allocation Failure) 2023-10-24T06:08:53.914+0800: 476276.196: [ParNew: 8720656K->855784K(9175040K), 0.1367124 secs] 49859657K->42000319K(65798144K), 0.1371741 secs] [Times: user=0.84 sys=1.38, real=0.14 secs] 
2023-10-24T06:09:20.687+0800: 476302.968: [GC (Allocation Failure) 2023-10-24T06:09:20.687+0800: 476302.969: [ParNew: 8720104K->889465K(9175040K), 0.1655674 secs] 49864639K->42039557K(65798144K), 0.1659737 secs] [Times: user=1.81 sys=0.92, real=0.16 secs] 
2023-10-24T06:09:47.141+0800: 476329.422: [GC (Allocation Failure) 2023-10-24T06:09:47.141+0800: 476329.423: [ParNew: 8753785K->820245K(9175040K), 0.1915532 secs] 49903877K->41975941K(65798144K), 0.1919918 secs] [Times: user=0.84 sys=2.25, real=0.19 secs] 
2023-10-24T06:10:13.667+0800: 476355.948: [GC (Allocation Failure) 2023-10-24T06:10:13.667+0800: 476355.948: [ParNew: 8684565K->888850K(9175040K), 0.1512304 secs] 49840261K->42050123K(65798144K), 0.1517317 secs] [Times: user=0.76 sys=1.72, real=0.15 secs] 
2023-10-24T06:10:40.383+0800: 476382.665: [GC (Allocation Failure) 2023-10-24T06:10:40.384+0800: 476382.665: [ParNew: 8753170K->854934K(9175040K), 0.2144451 secs] 49914443K->42021987K(65798144K), 0.2148520 secs] [Times: user=1.62 sys=2.00, real=0.22 secs] 
2023-10-24T06:11:07.411+0800: 476409.692: [GC (Allocation Failure) 2023-10-24T06:11:07.411+0800: 476409.693: [ParNew: 8719254K->856358K(9175040K), 0.1463855 secs] 49886307K->42029132K(65798144K), 0.1467872 secs] [Times: user=0.80 sys=1.60, real=0.15 secs] 
2023-10-24T06:11:34.502+0800: 476436.783: [GC (Allocation Failure) 2023-10-24T06:11:34.502+0800: 476436.783: [ParNew: 8720678K->856055K(9175040K), 0.1969489 secs] 49893452K->42034601K(65798144K), 0.1974159 secs] [Times: user=1.70 sys=1.14, real=0.20 secs] 
2023-10-24T06:12:01.247+0800: 476463.529: [GC (Allocation Failure) 2023-10-24T06:12:01.248+0800: 476463.529: [ParNew: 8720375K->889872K(9175040K), 0.1363059 secs] 49898921K->42074531K(65798144K), 0.1367006 secs] [Times: user=1.94 sys=0.28, real=0.13 secs] 
2023-10-24T06:12:27.965+0800: 476490.246: [GC (Allocation Failure) 2023-10-24T06:12:27.965+0800: 476490.247: [ParNew: 8754192K->890831K(9175040K), 0.1948066 secs] 49938851K->42081318K(65798144K), 0.1952121 secs] [Times: user=1.71 sys=1.56, real=0.20 secs] 
2023-10-24T06:12:55.014+0800: 476517.295: [GC (Allocation Failure) 2023-10-24T06:12:55.014+0800: 476517.295: [ParNew: 8755151K->857242K(9175040K), 0.1422310 secs] 49945638K->42053543K(65798144K), 0.1426201 secs] [Times: user=0.85 sys=1.47, real=0.15 secs] 
2023-10-24T06:13:21.772+0800: 476544.053: [GC (Allocation Failure) 2023-10-24T06:13:21.772+0800: 476544.053: [ParNew: 8721562K->856892K(9175040K), 0.2035217 secs] 49917863K->42059027K(65798144K), 0.2039235 secs] [Times: user=1.80 sys=1.61, real=0.21 secs] 
2023-10-24T06:13:49.002+0800: 476571.283: [GC (Allocation Failure) 2023-10-24T06:13:49.002+0800: 476571.284: [ParNew: 8721212K->857611K(9175040K), 0.1362871 secs] 49923347K->42065521K(65798144K), 0.1366907 secs] [Times: user=1.94 sys=0.26, real=0.14 secs] 
2023-10-24T06:14:15.781+0800: 476598.062: [GC (Allocation Failure) 2023-10-24T06:14:15.781+0800: 476598.062: [ParNew: 8721931K->857773K(9175040K), 0.1930583 secs] 49929841K->42071528K(65798144K), 0.1934790 secs] [Times: user=1.78 sys=1.45, real=0.19 secs] 
2023-10-24T06:14:42.744+0800: 476625.025: [GC (Allocation Failure) 2023-10-24T06:14:42.744+0800: 476625.025: [ParNew: 8722093K->892622K(9175040K), 0.1375399 secs] 49935848K->42112147K(65798144K), 0.1380300 secs] [Times: user=1.06 sys=1.17, real=0.14 secs] 
2023-10-24T06:15:08.103+0800: 476650.385: [GC (Allocation Failure) 2023-10-24T06:15:08.104+0800: 476650.385: [ParNew: 8756942K->858171K(9175040K), 0.2197473 secs] 49976467K->42083506K(65798144K), 0.2201400 secs] [Times: user=2.07 sys=1.65, real=0.22 secs] 
2023-10-24T06:15:34.579+0800: 476676.860: [GC (Allocation Failure) 2023-10-24T06:15:34.579+0800: 476676.860: [ParNew: 8722491K->860902K(9175040K), 0.1713674 secs] 49947826K->42092036K(65798144K), 0.1717859 secs] [Times: user=1.74 sys=1.11, real=0.17 secs] 
2023-10-24T06:16:01.561+0800: 476703.843: [GC (Allocation Failure) 2023-10-24T06:16:01.562+0800: 476703.843: [ParNew: 8725222K->930134K(9175040K), 0.1516072 secs] 49956356K->42167170K(65798144K), 0.1519875 secs] [Times: user=1.90 sys=0.58, real=0.15 secs] 
2023-10-24T06:16:28.346+0800: 476730.628: [GC (Allocation Failure) 2023-10-24T06:16:28.347+0800: 476730.628: [ParNew: 8794454K->861325K(9175040K), 0.1913698 secs] 50031490K->42104180K(65798144K), 0.1918339 secs] [Times: user=1.66 sys=1.54, real=0.19 secs] 
2023-10-24T06:16:54.751+0800: 476757.032: [GC (Allocation Failure) 2023-10-24T06:16:54.751+0800: 476757.032: [ParNew: 8725645K->962684K(9175040K), 0.1487385 secs] 49968500K->42211373K(65798144K), 0.1491261 secs] [Times: user=1.89 sys=0.56, real=0.15 secs] 
2023-10-24T06:17:21.432+0800: 476783.713: [GC (Allocation Failure) 2023-10-24T06:17:21.432+0800: 476783.713: [ParNew: 8827004K->894386K(9175040K), 0.2077254 secs] 50075693K->42148968K(65798144K), 0.2081571 secs] [Times: user=1.60 sys=1.89, real=0.21 secs] 
2023-10-24T06:17:47.521+0800: 476809.803: [GC (Allocation Failure) 2023-10-24T06:17:47.522+0800: 476809.803: [ParNew: 8758706K->895156K(9175040K), 0.1334426 secs] 50013288K->42155486K(65798144K), 0.1338331 secs] [Times: user=0.86 sys=1.31, real=0.13 secs] 
2023-10-24T06:18:14.358+0800: 476836.639: [GC (Allocation Failure) 2023-10-24T06:18:14.358+0800: 476836.639: [ParNew: 8759476K->862547K(9175040K), 0.2021226 secs] 50019806K->42128601K(65798144K), 0.2025586 secs] [Times: user=1.59 sys=1.81, real=0.20 secs] 
2023-10-24T06:18:41.239+0800: 476863.521: [GC (Allocation Failure) 2023-10-24T06:18:41.240+0800: 476863.521: [ParNew: 8726867K->897584K(9175040K), 0.1416114 secs] 49992921K->42169359K(65798144K), 0.1420150 secs] [Times: user=1.94 sys=0.38, real=0.14 secs] 
2023-10-24T06:19:08.210+0800: 476890.491: [GC (Allocation Failure) 2023-10-24T06:19:08.210+0800: 476890.492: [ParNew: 8761904K->863993K(9175040K), 0.1979934 secs] 50033679K->42141610K(65798144K), 0.1984041 secs] [Times: user=1.65 sys=1.67, real=0.20 secs] 
2023-10-24T06:19:34.795+0800: 476917.077: [GC (Allocation Failure) 2023-10-24T06:19:34.796+0800: 476917.077: [ParNew: 8728313K->933534K(9175040K), 0.1407471 secs] 50005930K->42216837K(65798144K), 0.1411667 secs] [Times: user=1.95 sys=0.35, real=0.15 secs] 
2023-10-24T06:20:01.446+0800: 476943.727: [GC (Allocation Failure) 2023-10-24T06:20:01.446+0800: 476943.727: [ParNew: 8797854K->830782K(9175040K), 0.1927082 secs] 50081157K->42119833K(65798144K), 0.1931681 secs] [Times: user=1.61 sys=1.64, real=0.19 secs] 
2023-10-24T06:20:28.101+0800: 476970.382: [GC (Allocation Failure) 2023-10-24T06:20:28.101+0800: 476970.382: [ParNew: 8695102K->865497K(9175040K), 0.1379891 secs] 49984153K->42160323K(65798144K), 0.1384206 secs] [Times: user=1.99 sys=0.25, real=0.14 secs] 
2023-10-24T06:20:54.739+0800: 476997.020: [GC (Allocation Failure) 2023-10-24T06:20:54.739+0800: 476997.021: [ParNew: 8729817K->795537K(9175040K), 0.1929462 secs] 50024643K->42096094K(65798144K), 0.1933656 secs] [Times: user=1.76 sys=1.47, real=0.19 secs] 
2023-10-24T06:21:21.533+0800: 477023.815: [GC (Allocation Failure) 2023-10-24T06:21:21.534+0800: 477023.815: [ParNew: 8659857K->865102K(9175040K), 0.1332486 secs] 49960414K->42171409K(65798144K), 0.1336484 secs] [Times: user=0.96 sys=1.21, real=0.14 secs] 
2023-10-24T06:21:48.270+0800: 477050.551: [GC (Allocation Failure) 2023-10-24T06:21:48.270+0800: 477050.552: [ParNew: 8729422K->829691K(9175040K), 0.1893664 secs] 50035729K->42141612K(65798144K), 0.1897539 secs] [Times: user=1.56 sys=1.62, real=0.19 secs] 
2023-10-24T06:22:14.970+0800: 477077.251: [GC (Allocation Failure) 2023-10-24T06:22:14.970+0800: 477077.251: [ParNew: 8694011K->829535K(9175040K), 0.1726161 secs] 50005932K->42147421K(65798144K), 0.1730912 secs] [Times: user=1.75 sys=1.13, real=0.17 secs] 
2023-10-24T06:22:41.812+0800: 477104.093: [GC (Allocation Failure) 2023-10-24T06:22:41.812+0800: 477104.094: [ParNew: 8693855K->829590K(9175040K), 0.1520085 secs] 50011741K->42153205K(65798144K), 0.1524084 secs] [Times: user=0.75 sys=1.75, real=0.15 secs] 
2023-10-24T06:23:08.774+0800: 477131.055: [GC (Allocation Failure) 2023-10-24T06:23:08.774+0800: 477131.055: [ParNew: 8693910K->877631K(9175040K), 0.1973373 secs] 50017525K->42206961K(65798144K), 0.1978121 secs] [Times: user=1.60 sys=1.70, real=0.20 secs] 
2023-10-24T06:23:35.850+0800: 477158.131: [GC (Allocation Failure) 2023-10-24T06:23:35.850+0800: 477158.131: [ParNew: 8741951K->838796K(9175040K), 0.1450074 secs] 50071281K->42173824K(65798144K), 0.1454763 secs] [Times: user=2.01 sys=0.37, real=0.14 secs] 
2023-10-24T06:24:02.653+0800: 477184.934: [GC (Allocation Failure) 2023-10-24T06:24:02.653+0800: 477184.934: [ParNew: 8703116K->837840K(9175040K), 0.2043997 secs] 50038144K->42178767K(65798144K), 0.2048079 secs] [Times: user=1.78 sys=1.66, real=0.21 secs] 
2023-10-24T06:24:29.446+0800: 477211.727: [GC (Allocation Failure) 2023-10-24T06:24:29.446+0800: 477211.728: [ParNew: 8702160K->804750K(9175040K), 0.1392170 secs] 50043087K->42151507K(65798144K), 0.1396878 secs] [Times: user=1.98 sys=0.30, real=0.14 secs] 
2023-10-24T06:24:56.146+0800: 477238.427: [GC (Allocation Failure) 2023-10-24T06:24:56.146+0800: 477238.427: [ParNew: 8669070K->804736K(9175040K), 0.1901317 secs] 50015827K->42157316K(65798144K), 0.1905674 secs] [Times: user=1.77 sys=1.41, real=0.20 secs] 
2023-10-24T06:25:22.878+0800: 477265.159: [GC (Allocation Failure) 2023-10-24T06:25:22.878+0800: 477265.159: [ParNew: 8669056K->839561K(9175040K), 0.1427490 secs] 50021636K->42197937K(65798144K), 0.1431528 secs] [Times: user=1.99 sys=0.35, real=0.14 secs] 
2023-10-24T06:25:49.610+0800: 477291.891: [GC (Allocation Failure) 2023-10-24T06:25:49.610+0800: 477291.891: [ParNew: 8703881K->806102K(9175040K), 0.1838290 secs] 50062257K->42170287K(65798144K), 0.1842312 secs] [Times: user=1.71 sys=0.86, real=0.18 secs] 
2023-10-24T06:26:16.440+0800: 477318.721: [GC (Allocation Failure) 2023-10-24T06:26:16.440+0800: 477318.721: [ParNew: 8670422K->840546K(9175040K), 0.1328816 secs] 50034607K->42210635K(65798144K), 0.1332890 secs] [Times: user=0.91 sys=1.03, real=0.13 secs] 
2023-10-24T06:26:42.573+0800: 477344.854: [GC (Allocation Failure) 2023-10-24T06:26:42.573+0800: 477344.855: [ParNew: 8704866K->839380K(9175040K), 0.1895900 secs] 50074955K->42215306K(65798144K), 0.1900591 secs] [Times: user=0.63 sys=2.55, real=0.19 secs] 
2023-10-24T06:27:10.022+0800: 477372.304: [GC (Allocation Failure) 2023-10-24T06:27:10.023+0800: 477372.304: [ParNew: 8703700K->807565K(9175040K), 0.1636927 secs] 50079626K->42189343K(65798144K), 0.1642097 secs] [Times: user=0.78 sys=1.36, real=0.17 secs] 
2023-10-24T06:27:36.269+0800: 477398.550: [GC (Allocation Failure) 2023-10-24T06:27:36.269+0800: 477398.551: [ParNew: 8671885K->874138K(9175040K), 0.1494499 secs] 50053663K->42261708K(65798144K), 0.1498633 secs] [Times: user=0.76 sys=1.68, real=0.15 secs] 
2023-10-24T06:28:03.107+0800: 477425.389: [GC (Allocation Failure) 2023-10-24T06:28:03.108+0800: 477425.389: [ParNew: 8738458K->841153K(9175040K), 0.1912975 secs] 50126028K->42234512K(65798144K), 0.1917432 secs] [Times: user=1.62 sys=1.59, real=0.19 secs] 
2023-10-24T06:28:29.575+0800: 477451.856: [GC (Allocation Failure) 2023-10-24T06:28:29.575+0800: 477451.857: [ParNew: 8705473K->876282K(9175040K), 0.1400579 secs] 50098832K->42275432K(65798144K), 0.1404622 secs] [Times: user=1.99 sys=0.31, real=0.15 secs] 
2023-10-24T06:28:56.578+0800: 477478.859: [GC (Allocation Failure) 2023-10-24T06:28:56.578+0800: 477478.860: [ParNew: 8740602K->810157K(9175040K), 0.1966009 secs] 50139752K->42215150K(65798144K), 0.1970185 secs] [Times: user=1.59 sys=1.70, real=0.19 secs] 
2023-10-24T06:29:23.440+0800: 477505.722: [GC (Allocation Failure) 2023-10-24T06:29:23.441+0800: 477505.722: [ParNew: 8674477K->844552K(9175040K), 0.1424435 secs] 50079470K->42255386K(65798144K), 0.1428482 secs] [Times: user=0.87 sys=0.78, real=0.14 secs] 
2023-10-24T06:29:50.182+0800: 477532.463: [GC (Allocation Failure) 2023-10-24T06:29:50.182+0800: 477532.464: [ParNew: 8708872K->810525K(9175040K), 0.1867924 secs] 50119706K->42227182K(65798144K), 0.1871851 secs] [Times: user=1.62 sys=1.51, real=0.19 secs] 
2023-10-24T06:30:16.150+0800: 477558.431: [GC (Allocation Failure) 2023-10-24T06:30:16.150+0800: 477558.431: [ParNew: 8674845K->844243K(9175040K), 0.1315434 secs] 50091502K->42266749K(65798144K), 0.1319448 secs] [Times: user=0.89 sys=1.24, real=0.13 secs] 
2023-10-24T06:30:41.971+0800: 477584.253: [GC (Allocation Failure) 2023-10-24T06:30:41.972+0800: 477584.253: [ParNew: 8708563K->846141K(9175040K), 0.1793403 secs] 50131069K->42274491K(65798144K), 0.1797593 secs] [Times: user=1.71 sys=1.28, real=0.18 secs] 
2023-10-24T06:31:08.204+0800: 477610.485: [GC (Allocation Failure) 2023-10-24T06:31:08.204+0800: 477610.485: [ParNew: 8710461K->880185K(9175040K), 0.1426682 secs] 50138811K->42314353K(65798144K), 0.1431592 secs] [Times: user=1.99 sys=0.34, real=0.15 secs] 
2023-10-24T06:31:34.414+0800: 477636.695: [GC (Allocation Failure) 2023-10-24T06:31:34.414+0800: 477636.696: [ParNew: 8744505K->778190K(9175040K), 0.1856830 secs] 50178673K->42218222K(65798144K), 0.1860901 secs] [Times: user=1.81 sys=1.30, real=0.19 secs] 
2023-10-24T06:32:01.144+0800: 477663.425: [GC (Allocation Failure) 2023-10-24T06:32:01.144+0800: 477663.425: [ParNew: 8642510K->878945K(9175040K), 0.1335891 secs] 50082542K->42324813K(65798144K), 0.1339933 secs] [Times: user=0.92 sys=1.24, real=0.14 secs] 
2023-10-24T06:32:27.701+0800: 477689.982: [GC (Allocation Failure) 2023-10-24T06:32:27.701+0800: 477689.982: [ParNew: 8743265K->777548K(9175040K), 0.1981216 secs] 50189133K->42229228K(65798144K), 0.1985419 secs] [Times: user=1.73 sys=1.59, real=0.20 secs] 
2023-10-24T06:32:54.527+0800: 477716.808: [GC (Allocation Failure) 2023-10-24T06:32:54.527+0800: 477716.808: [ParNew: 8641868K->811477K(9175040K), 0.1239754 secs] 50093548K->42268959K(65798144K), 0.1243953 secs] [Times: user=0.97 sys=1.03, real=0.12 secs] 
2023-10-24T06:33:21.057+0800: 477743.338: [GC (Allocation Failure) 2023-10-24T06:33:21.057+0800: 477743.338: [ParNew: 8675797K->845019K(9175040K), 0.2035095 secs] 50133279K->42308365K(65798144K), 0.2039200 secs] [Times: user=0.71 sys=2.71, real=0.20 secs] 
2023-10-24T06:33:47.808+0800: 477770.089: [GC (Allocation Failure) 2023-10-24T06:33:47.808+0800: 477770.089: [ParNew: 8709339K->845018K(9175040K), 0.1735318 secs] 50172685K->42314187K(65798144K), 0.1739649 secs] [Times: user=0.61 sys=2.27, real=0.17 secs] 
2023-10-24T06:34:14.720+0800: 477797.002: [GC (Allocation Failure) 2023-10-24T06:34:14.721+0800: 477797.002: [ParNew: 8709338K->980253K(9175040K), 0.1494396 secs] 50178507K->42455241K(65798144K), 0.1498268 secs] [Times: user=0.66 sys=1.78, real=0.15 secs] 
2023-10-24T06:34:41.366+0800: 477823.647: [GC (Allocation Failure) 2023-10-24T06:34:41.366+0800: 477823.648: [ParNew: 8844573K->844847K(9175040K), 0.1967774 secs] 50319561K->42325660K(65798144K), 0.1972215 secs] [Times: user=1.53 sys=1.72, real=0.19 secs] 
2023-10-24T06:35:08.167+0800: 477850.448: [GC (Allocation Failure) 2023-10-24T06:35:08.168+0800: 477850.449: [ParNew: 8709167K->879047K(9175040K), 0.1470706 secs] 50189980K->42365668K(65798144K), 0.1474900 secs] [Times: user=2.02 sys=0.39, real=0.14 secs] 
2023-10-24T06:35:34.967+0800: 477877.248: [GC (Allocation Failure) 2023-10-24T06:35:34.967+0800: 477877.249: [ParNew: 8743367K->810003K(9175040K), 0.1955397 secs] 50229988K->42302427K(65798144K), 0.1960447 secs] [Times: user=1.67 sys=1.60, real=0.19 secs] 
2023-10-24T06:36:01.806+0800: 477904.088: [GC (Allocation Failure) 2023-10-24T06:36:01.807+0800: 477904.088: [ParNew: 8674323K->841881K(9175040K), 0.1546959 secs] 50166747K->42340120K(65798144K), 0.1551059 secs] [Times: user=1.93 sys=0.63, real=0.15 secs] 
2023-10-24T06:36:28.698+0800: 477930.980: [GC (Allocation Failure) 2023-10-24T06:36:28.699+0800: 477930.980: [ParNew: 8706201K->806819K(9175040K), 0.1788363 secs] 50204440K->42310839K(65798144K), 0.1792644 secs] [Times: user=1.66 sys=1.32, real=0.18 secs] 
2023-10-24T06:36:55.292+0800: 477957.573: [GC (Allocation Failure) 2023-10-24T06:36:55.292+0800: 477957.574: [ParNew: 8671139K->837668K(9175040K), 0.1335594 secs] 50175159K->42347619K(65798144K), 0.1340444 secs] [Times: user=2.02 sys=0.15, real=0.14 secs] 
2023-10-24T06:37:21.757+0800: 477984.038: [GC (Allocation Failure) 2023-10-24T06:37:21.757+0800: 477984.038: [ParNew: 8701988K->804142K(9175040K), 0.1850566 secs] 50211939K->42319875K(65798144K), 0.1855242 secs] [Times: user=1.70 sys=1.40, real=0.18 secs] 
2023-10-24T06:37:48.603+0800: 478010.884: [GC (Allocation Failure) 2023-10-24T06:37:48.603+0800: 478010.884: [ParNew: 8668462K->871158K(9175040K), 0.1614998 secs] 50184195K->42392735K(65798144K), 0.1619204 secs] [Times: user=1.71 sys=0.89, real=0.16 secs] 
2023-10-24T06:38:14.674+0800: 478036.955: [GC (Allocation Failure) 2023-10-24T06:38:14.674+0800: 478036.955: [ParNew: 8735478K->804420K(9175040K), 0.1500900 secs] 50257055K->42331857K(65798144K), 0.1504753 secs] [Times: user=1.87 sys=0.59, real=0.15 secs] 
2023-10-24T06:38:40.907+0800: 478063.188: [GC (Allocation Failure) 2023-10-24T06:38:40.907+0800: 478063.188: [ParNew: 8668740K->838931K(9175040K), 0.1859556 secs] 50196177K->42372150K(65798144K), 0.1863838 secs] [Times: user=1.72 sys=1.03, real=0.18 secs] 
2023-10-24T06:39:07.228+0800: 478089.509: [GC (Allocation Failure) 2023-10-24T06:39:07.228+0800: 478089.509: [ParNew: 8703251K->840040K(9175040K), 0.1456905 secs] 50236470K->42379061K(65798144K), 0.1460808 secs] [Times: user=0.77 sys=1.61, real=0.14 secs] 
2023-10-24T06:39:34.113+0800: 478116.395: [GC (Allocation Failure) 2023-10-24T06:39:34.114+0800: 478116.395: [ParNew: 8704360K->873825K(9175040K), 0.1939014 secs] 50243381K->42418646K(65798144K), 0.1943336 secs] [Times: user=1.51 sys=1.72, real=0.20 secs] 
2023-10-24T06:40:01.110+0800: 478143.391: [GC (Allocation Failure) 2023-10-24T06:40:01.110+0800: 478143.391: [ParNew: 8738145K->873747K(9175040K), 0.1373389 secs] 50282966K->42424400K(65798144K), 0.1377880 secs] [Times: user=1.98 sys=0.25, real=0.14 secs] 
2023-10-24T06:40:27.961+0800: 478170.243: [GC (Allocation Failure) 2023-10-24T06:40:27.962+0800: 478170.243: [ParNew: 8738067K->807141K(9175040K), 0.1836775 secs] 50288720K->42363654K(65798144K), 0.1840878 secs] [Times: user=1.61 sys=1.46, real=0.18 secs] 
2023-10-24T06:40:54.352+0800: 478196.633: [GC (Allocation Failure) 2023-10-24T06:40:54.352+0800: 478196.634: [ParNew: 8671461K->807902K(9175040K), 0.1369570 secs] 50227974K->42370249K(65798144K), 0.1373588 secs] [Times: user=0.95 sys=1.34, real=0.14 secs] 
2023-10-24T06:41:21.266+0800: 478223.547: [GC (Allocation Failure) 2023-10-24T06:41:21.266+0800: 478223.547: [ParNew: 8672222K->808300K(9175040K), 0.1789638 secs] 50234569K->42376512K(65798144K), 0.1793747 secs] [Times: user=1.74 sys=1.23, real=0.17 secs] 
2023-10-24T06:41:47.915+0800: 478250.196: [GC (Allocation Failure) 2023-10-24T06:41:47.915+0800: 478250.196: [ParNew: 8672620K->840802K(9175040K), 0.1321828 secs] 50240832K->42414795K(65798144K), 0.1326474 secs] [Times: user=0.91 sys=1.24, real=0.14 secs] 
2023-10-24T06:42:14.622+0800: 478276.904: [GC (Allocation Failure) 2023-10-24T06:42:14.623+0800: 478276.904: [ParNew: 8705122K->807957K(9175040K), 0.1874760 secs] 50279115K->42387781K(65798144K), 0.1878578 secs] [Times: user=1.70 sys=1.44, real=0.19 secs] 
2023-10-24T06:42:41.549+0800: 478303.830: [GC (Allocation Failure) 2023-10-24T06:42:41.549+0800: 478303.830: [ParNew: 8672277K->807754K(9175040K), 0.1637720 secs] 50252101K->42393392K(65798144K), 0.1642408 secs] [Times: user=0.71 sys=1.44, real=0.16 secs] 
2023-10-24T06:43:08.312+0800: 478330.593: [GC (Allocation Failure) 2023-10-24T06:43:08.312+0800: 478330.594: [ParNew: 8672074K->942635K(9175040K), 0.1443895 secs] 50257712K->42534094K(65798144K), 0.1447890 secs] [Times: user=0.75 sys=1.61, real=0.15 secs] 
2023-10-24T06:43:35.392+0800: 478357.673: [GC (Allocation Failure) 2023-10-24T06:43:35.392+0800: 478357.674: [ParNew: 8806955K->841431K(9175040K), 0.1748646 secs] 50398414K->42438720K(65798144K), 0.1752706 secs] [Times: user=1.71 sys=1.16, real=0.18 secs] 
2023-10-24T06:44:02.006+0800: 478384.287: [GC (Allocation Failure) 2023-10-24T06:44:02.006+0800: 478384.288: [ParNew: 8705751K->873693K(9175040K), 0.1538387 secs] 50303040K->42476839K(65798144K), 0.1542191 secs] [Times: user=0.67 sys=1.85, real=0.15 secs] 
2023-10-24T06:44:29.036+0800: 478411.317: [GC (Allocation Failure) 2023-10-24T06:44:29.036+0800: 478411.317: [ParNew: 8738013K->806727K(9175040K), 0.1962903 secs] 50341159K->42415665K(65798144K), 0.1968072 secs] [Times: user=0.51 sys=2.77, real=0.19 secs] 
2023-10-24T06:44:55.822+0800: 478438.103: [GC (Allocation Failure) 2023-10-24T06:44:55.822+0800: 478438.104: [ParNew: 8671047K->873809K(9175040K), 0.1477876 secs] 50279985K->42488632K(65798144K), 0.1481839 secs] [Times: user=1.90 sys=0.53, real=0.15 secs] 
2023-10-24T06:45:21.044+0800: 478463.325: [GC (Allocation Failure) 2023-10-24T06:45:21.044+0800: 478463.325: [ParNew: 8738129K->873869K(9175040K), 0.2028740 secs] 50352952K->42494462K(65798144K), 0.2033570 secs] [Times: user=0.71 sys=2.70, real=0.21 secs] 
2023-10-24T06:45:47.708+0800: 478489.989: [GC (Allocation Failure) 2023-10-24T06:45:47.708+0800: 478489.989: [ParNew: 8738189K->842825K(9175040K), 0.1401581 secs] 50358782K->42469240K(65798144K), 0.1405515 secs] [Times: user=2.07 sys=0.37, real=0.14 secs] 
2023-10-24T06:46:11.531+0800: 478513.813: [GC (Allocation Failure) 2023-10-24T06:46:11.532+0800: 478513.813: [ParNew: 8707145K->843320K(9175040K), 0.1867028 secs] 50333560K->42475517K(65798144K), 0.1871054 secs] [Times: user=1.78 sys=1.52, real=0.19 secs] 
2023-10-24T06:46:35.706+0800: 478537.987: [GC (Allocation Failure) 2023-10-24T06:46:35.706+0800: 478537.987: [ParNew: 8707640K->812394K(9175040K), 0.1381751 secs] 50339837K->42450495K(65798144K), 0.1385850 secs] [Times: user=0.93 sys=1.31, real=0.14 secs] 
2023-10-24T06:47:00.020+0800: 478562.301: [GC (Allocation Failure) 2023-10-24T06:47:00.020+0800: 478562.301: [ParNew: 8676714K->850933K(9175040K), 0.1903558 secs] 50314815K->42494824K(65798144K), 0.1907554 secs] [Times: user=1.66 sys=1.55, real=0.19 secs] 
2023-10-24T06:47:27.203+0800: 478589.484: [GC (Allocation Failure) 2023-10-24T06:47:27.203+0800: 478589.485: [ParNew: 8715253K->820893K(9175040K), 0.1763129 secs] 50359144K->42470628K(65798144K), 0.1767705 secs] [Times: user=0.69 sys=2.15, real=0.18 secs] 
2023-10-24T06:47:53.256+0800: 478615.538: [GC (Allocation Failure) 2023-10-24T06:47:53.257+0800: 478615.538: [ParNew: 8685213K->889503K(9175040K), 0.1582712 secs] 50334948K->42545083K(65798144K), 0.1586881 secs] [Times: user=0.80 sys=0.89, real=0.15 secs] 
2023-10-24T06:48:20.056+0800: 478642.338: [GC (Allocation Failure) 2023-10-24T06:48:20.057+0800: 478642.338: [ParNew: 8753823K->890689K(9175040K), 0.1917407 secs] 50409403K->42552093K(65798144K), 0.1921663 secs] [Times: user=1.55 sys=1.66, real=0.19 secs] 
2023-10-24T06:48:46.724+0800: 478669.005: [GC (Allocation Failure) 2023-10-24T06:48:46.724+0800: 478669.006: [ParNew: 8755009K->924613K(9175040K), 0.1482125 secs] 50416413K->42591861K(65798144K), 0.1486107 secs] [Times: user=2.03 sys=0.34, real=0.15 secs] 
2023-10-24T06:49:13.634+0800: 478695.916: [GC (Allocation Failure) 2023-10-24T06:49:13.635+0800: 478695.916: [ParNew: 8788933K->822450K(9175040K), 0.1985191 secs] 50456181K->42495562K(65798144K), 0.1990090 secs] [Times: user=1.71 sys=1.79, real=0.20 secs] 
2023-10-24T06:49:40.789+0800: 478723.071: [GC (Allocation Failure) 2023-10-24T06:49:40.790+0800: 478723.071: [ParNew: 8686770K->856089K(9175040K), 0.1372606 secs] 50359882K->42535086K(65798144K), 0.1377042 secs] [Times: user=2.01 sys=0.23, real=0.14 secs] 
2023-10-24T06:50:07.490+0800: 478749.772: [GC (Allocation Failure) 2023-10-24T06:50:07.491+0800: 478749.772: [ParNew: 8720409K->855965K(9175040K), 0.1859037 secs] 50399406K->42540814K(65798144K), 0.1864123 secs] [Times: user=1.58 sys=1.52, real=0.19 secs] 
2023-10-24T06:50:34.637+0800: 478776.918: [GC (Allocation Failure) 2023-10-24T06:50:34.637+0800: 478776.918: [ParNew: 8720285K->889561K(9175040K), 0.1357933 secs] 50405134K->42580258K(65798144K), 0.1362424 secs] [Times: user=1.98 sys=0.23, real=0.13 secs] 
2023-10-24T06:51:02.096+0800: 478804.378: [GC (Allocation Failure) 2023-10-24T06:51:02.097+0800: 478804.378: [ParNew: 8753881K->887199K(9175040K), 0.1811598 secs] 50444578K->42583716K(65798144K), 0.1816634 secs] [Times: user=1.66 sys=1.35, real=0.18 secs] 
2023-10-24T06:51:29.046+0800: 478831.327: [GC (Allocation Failure) 2023-10-24T06:51:29.046+0800: 478831.327: [ParNew: 8751519K->815625K(9175040K), 0.1342007 secs] 50448036K->42517971K(65798144K), 0.1346167 secs] [Times: user=2.04 sys=0.15, real=0.13 secs] 
2023-10-24T06:51:55.716+0800: 478857.997: [GC (Allocation Failure) 2023-10-24T06:51:55.716+0800: 478857.998: [ParNew: 8679945K->842195K(9175040K), 0.1770386 secs] 50382291K->42550611K(65798144K), 0.1774766 secs] [Times: user=1.71 sys=1.25, real=0.17 secs] 
2023-10-24T06:52:22.568+0800: 478884.849: [GC (Allocation Failure) 2023-10-24T06:52:22.568+0800: 478884.849: [ParNew: 8706515K->836355K(9175040K), 0.1365106 secs] 50414931K->42550563K(65798144K), 0.1369002 secs] [Times: user=1.97 sys=0.24, real=0.13 secs] 
2023-10-24T06:52:49.006+0800: 478911.287: [GC (Allocation Failure) 2023-10-24T06:52:49.006+0800: 478911.288: [ParNew: 8700675K->835105K(9175040K), 0.1822690 secs] 50414883K->42555187K(65798144K), 0.1827295 secs] [Times: user=1.64 sys=1.41, real=0.18 secs] 
2023-10-24T06:53:15.291+0800: 478937.572: [GC (Allocation Failure) 2023-10-24T06:53:15.291+0800: 478937.572: [ParNew: 8699425K->836164K(9175040K), 0.1388030 secs] 50419507K->42561965K(65798144K), 0.1392121 secs] [Times: user=2.09 sys=0.16, real=0.14 secs] 
2023-10-24T06:53:42.326+0800: 478964.608: [GC (Allocation Failure) 2023-10-24T06:53:42.327+0800: 478964.608: [ParNew: 8700484K->837005K(9175040K), 0.1824300 secs] 50426285K->42568648K(65798144K), 0.1828282 secs] [Times: user=0.59 sys=2.46, real=0.18 secs] 
2023-10-24T06:54:09.729+0800: 478992.010: [GC (Allocation Failure) 2023-10-24T06:54:09.729+0800: 478992.011: [ParNew: 8701325K->837542K(9175040K), 0.1422192 secs] 50432968K->42574893K(65798144K), 0.1426263 secs] [Times: user=0.93 sys=1.40, real=0.14 secs] 
2023-10-24T06:54:36.723+0800: 479019.004: [GC (Allocation Failure) 2023-10-24T06:54:36.723+0800: 479019.004: [ParNew: 8701862K->803375K(9175040K), 0.1868976 secs] 50439213K->42546449K(65798144K), 0.1873013 secs] [Times: user=1.69 sys=1.45, real=0.19 secs] 
2023-10-24T06:55:03.666+0800: 479045.948: [GC (Allocation Failure) 2023-10-24T06:55:03.667+0800: 479045.948: [ParNew: 8667695K->870828K(9175040K), 0.1352226 secs] 50410769K->42619629K(65798144K), 0.1356036 secs] [Times: user=2.00 sys=0.20, real=0.13 secs] 
2023-10-24T06:55:30.372+0800: 479072.653: [GC (Allocation Failure) 2023-10-24T06:55:30.372+0800: 479072.653: [ParNew: 8735148K->805331K(9175040K), 0.1840362 secs] 50483949K->42559876K(65798144K), 0.1844392 secs] [Times: user=1.69 sys=1.39, real=0.19 secs] 
2023-10-24T06:55:57.421+0800: 479099.702: [GC (Allocation Failure) 2023-10-24T06:55:57.421+0800: 479099.702: [ParNew: 8669651K->872661K(9175040K), 0.1263479 secs] 50424196K->42632944K(65798144K), 0.1267533 secs] [Times: user=2.11 sys=0.00, real=0.13 secs] 
2023-10-24T06:56:24.370+0800: 479126.651: [GC (Allocation Failure) 2023-10-24T06:56:24.370+0800: 479126.651: [ParNew: 8736981K->872709K(9175040K), 0.1814179 secs] 50497264K->42638753K(65798144K), 0.1818300 secs] [Times: user=1.66 sys=1.37, real=0.18 secs] 
2023-10-24T06:56:51.568+0800: 479153.849: [GC (Allocation Failure) 2023-10-24T06:56:51.568+0800: 479153.849: [ParNew: 8737029K->803015K(9175040K), 0.1866713 secs] 50503073K->42574856K(65798144K), 0.1870555 secs] [Times: user=0.99 sys=2.22, real=0.18 secs] 
2023-10-24T06:57:17.164+0800: 479179.445: [GC (Allocation Failure) 2023-10-24T06:57:17.164+0800: 479179.445: [ParNew: 8667335K->835659K(9175040K), 0.1582530 secs] 50439176K->42613236K(65798144K), 0.1586546 secs] [Times: user=2.04 sys=0.29, real=0.16 secs] 
2023-10-24T06:57:44.453+0800: 479206.734: [GC (Allocation Failure) 2023-10-24T06:57:44.453+0800: 479206.734: [ParNew: 8696706K->868780K(9175040K), 0.1833971 secs] 50474283K->42652175K(65798144K), 0.1840806 secs] [Times: user=0.75 sys=2.31, real=0.19 secs] 
2023-10-24T06:58:11.014+0800: 479233.295: [GC (Allocation Failure) 2023-10-24T06:58:11.014+0800: 479233.295: [ParNew: 8733100K->899805K(9175040K), 0.1613871 secs] 50516495K->42688927K(65798144K), 0.1617864 secs] [Times: user=1.77 sys=0.91, real=0.16 secs] 
2023-10-24T06:58:38.163+0800: 479260.444: [GC (Allocation Failure) 2023-10-24T06:58:38.163+0800: 479260.445: [ParNew: 8764125K->830933K(9175040K), 0.2012458 secs] 50553247K->42625833K(65798144K), 0.2016646 secs] [Times: user=1.57 sys=1.81, real=0.20 secs] 
2023-10-24T06:59:05.101+0800: 479287.382: [GC (Allocation Failure) 2023-10-24T06:59:05.101+0800: 479287.383: [ParNew: 8695253K->862452K(9175040K), 0.1390692 secs] 50490153K->42663169K(65798144K), 0.1394370 secs] [Times: user=0.87 sys=1.40, real=0.14 secs] 
2023-10-24T06:59:32.058+0800: 479314.340: [GC (Allocation Failure) 2023-10-24T06:59:32.059+0800: 479314.340: [ParNew: 8726772K->861875K(9175040K), 0.1912782 secs] 50527489K->42668394K(65798144K), 0.1918116 secs] [Times: user=1.80 sys=1.40, real=0.19 secs] 
2023-10-24T06:59:58.502+0800: 479340.783: [GC (Allocation Failure) 2023-10-24T06:59:58.502+0800: 479340.783: [ParNew: 8726195K->794734K(9175040K), 0.1343816 secs] 50532714K->42607079K(65798144K), 0.1347857 secs] [Times: user=1.94 sys=0.25, real=0.14 secs] 
2023-10-24T07:00:22.892+0800: 479365.173: [GC (Allocation Failure) 2023-10-24T07:00:22.892+0800: 479365.173: [ParNew: 8659054K->860790K(9175040K), 0.1692928 secs] 50471399K->42678928K(65798144K), 0.1696929 secs] [Times: user=0.58 sys=2.23, real=0.17 secs] 
2023-10-24T07:00:48.395+0800: 479390.676: [GC (Allocation Failure) 2023-10-24T07:00:48.395+0800: 479390.676: [ParNew: 8725110K->860803K(9175040K), 0.1306212 secs] 50543248K->42684718K(65798144K), 0.1310324 secs] [Times: user=2.06 sys=0.07, real=0.14 secs] 
2023-10-24T07:01:14.093+0800: 479416.374: [GC (Allocation Failure) 2023-10-24T07:01:14.093+0800: 479416.375: [ParNew: 8725123K->893620K(9175040K), 0.1969033 secs] 50549038K->42723329K(65798144K), 0.1973494 secs] [Times: user=1.93 sys=1.57, real=0.20 secs] 
2023-10-24T07:01:40.815+0800: 479443.096: [GC (Allocation Failure) 2023-10-24T07:01:40.815+0800: 479443.096: [ParNew: 8757940K->876910K(9175040K), 0.1443969 secs] 50587649K->42712532K(65798144K), 0.1447825 secs] [Times: user=2.07 sys=0.27, real=0.15 secs] 
2023-10-24T07:02:08.555+0800: 479470.836: [GC (Allocation Failure) 2023-10-24T07:02:08.555+0800: 479470.836: [ParNew: 8741230K->845982K(9175040K), 0.1911403 secs] 50576852K->42687407K(65798144K), 0.1915017 secs] [Times: user=1.66 sys=1.54, real=0.20 secs] 
2023-10-24T07:02:41.779+0800: 479504.060: [GC (Allocation Failure) 2023-10-24T07:02:41.779+0800: 479504.060: [ParNew: 8710302K->875257K(9175040K), 0.1438089 secs] 50551727K->42722452K(65798144K), 0.1441585 secs] [Times: user=2.07 sys=0.28, real=0.14 secs] 
2023-10-24T07:03:20.045+0800: 479542.326: [GC (Allocation Failure) 2023-10-24T07:03:20.045+0800: 479542.327: [ParNew: 8739577K->830040K(9175040K), 0.1982582 secs] 50586772K->42682996K(65798144K), 0.1985729 secs] [Times: user=1.76 sys=1.78, real=0.20 secs] 
2023-10-24T07:04:05.096+0800: 479587.377: [GC (Allocation Failure) 2023-10-24T07:04:05.096+0800: 479587.378: [ParNew: 8694360K->775243K(9175040K), 0.2364128 secs] 50547316K->42633933K(65798144K), 0.2367340 secs] [Times: user=1.80 sys=2.19, real=0.23 secs] 
2023-10-24T07:04:51.406+0800: 479633.687: [GC (Allocation Failure) 2023-10-24T07:04:51.406+0800: 479633.687: [ParNew: 8639563K->771371K(9175040K), 0.2381688 secs] 50498253K->42635960K(65798144K), 0.2384982 secs] [Times: user=1.46 sys=2.60, real=0.23 secs] 
2023-10-24T07:05:46.074+0800: 479688.356: [GC (Allocation Failure) 2023-10-24T07:05:46.075+0800: 479688.356: [ParNew: 8635691K->726383K(9175040K), 0.1847581 secs] 50500280K->42596403K(65798144K), 0.1850737 secs] [Times: user=1.35 sys=1.75, real=0.19 secs] 
2023-10-24T07:06:38.518+0800: 479740.799: [GC (Allocation Failure) 2023-10-24T07:06:38.518+0800: 479740.799: [ParNew: 8590703K->631985K(9175040K), 0.1543613 secs] 50460723K->42507458K(65798144K), 0.1546654 secs] [Times: user=1.61 sys=0.96, real=0.15 secs] 
2023-10-24T07:07:28.334+0800: 479790.615: [GC (Allocation Failure) 2023-10-24T07:07:28.334+0800: 479790.615: [ParNew: 8496305K->589391K(9175040K), 0.1977077 secs] 50371778K->42470309K(65798144K), 0.1980498 secs] [Times: user=1.43 sys=1.92, real=0.20 secs] 
2023-10-24T07:08:09.385+0800: 479831.666: [GC (Allocation Failure) 2023-10-24T07:08:09.385+0800: 479831.667: [ParNew: 8453711K->556404K(9175040K), 0.2098851 secs] 50334629K->42442763K(65798144K), 0.2102077 secs] [Times: user=1.17 sys=2.38, real=0.21 secs] 
2023-10-24T07:09:03.227+0800: 479885.508: [GC (Allocation Failure) 2023-10-24T07:09:03.227+0800: 479885.509: [ParNew: 8420724K->543333K(9175040K), 0.1950710 secs] 50307083K->42435166K(65798144K), 0.1954313 secs] [Times: user=0.06 sys=2.27, real=0.19 secs] 
2023-10-24T07:10:38.549+0800: 479980.830: [GC (Allocation Failure) 2023-10-24T07:10:38.549+0800: 479980.830: [ParNew: 8407653K->487842K(9175040K), 0.2455356 secs] 50299486K->42385160K(65798144K), 0.2458353 secs] [Times: user=1.13 sys=3.06, real=0.24 secs] 
2023-10-24T07:12:07.732+0800: 480070.013: [GC (Allocation Failure) 2023-10-24T07:12:07.732+0800: 480070.013: [ParNew: 8352162K->467810K(9175040K), 0.2215926 secs] 50249480K->42370873K(65798144K), 0.2218875 secs] [Times: user=0.90 sys=2.87, real=0.22 secs] 
2023-10-24T07:13:26.877+0800: 480149.158: [GC (Allocation Failure) 2023-10-24T07:13:26.877+0800: 480149.159: [ParNew: 8332130K->428623K(9175040K), 0.2090549 secs] 50235193K->42336999K(65798144K), 0.2093557 secs] [Times: user=0.95 sys=2.59, real=0.21 secs] 
2023-10-24T07:14:31.771+0800: 480214.053: [GC (Allocation Failure) 2023-10-24T07:14:31.772+0800: 480214.053: [ParNew: 8292943K->371080K(9175040K), 0.2207788 secs] 50201319K->42284804K(65798144K), 0.2210766 secs] [Times: user=1.16 sys=2.60, real=0.22 secs] 
2023-10-24T07:15:36.766+0800: 480279.048: [GC (Allocation Failure) 2023-10-24T07:15:36.767+0800: 480279.048: [ParNew: 8235400K->445436K(9175040K), 0.2193640 secs] 50149124K->42364454K(65798144K), 0.2196723 secs] [Times: user=1.01 sys=2.73, real=0.22 secs] 
2023-10-24T07:16:41.589+0800: 480343.870: [GC (Allocation Failure) 2023-10-24T07:16:41.589+0800: 480343.870: [ParNew: 8309756K->432960K(9175040K), 0.2414348 secs] 50228774K->42357824K(65798144K), 0.2417407 secs] [Times: user=1.01 sys=3.11, real=0.24 secs] 
2023-10-24T07:18:19.942+0800: 480442.223: [GC (Allocation Failure) 2023-10-24T07:18:19.942+0800: 480442.224: [ParNew: 8297280K->465009K(9175040K), 0.2516068 secs] 50222144K->42396338K(65798144K), 0.2518940 secs] [Times: user=1.23 sys=3.34, real=0.25 secs] 
2023-10-24T07:19:46.368+0800: 480528.649: [GC (Allocation Failure) 2023-10-24T07:19:46.368+0800: 480528.649: [ParNew: 8329329K->443116K(9175040K), 0.2380672 secs] 50260658K->42380909K(65798144K), 0.2383600 secs] [Times: user=1.07 sys=2.99, real=0.24 secs] 
2023-10-24T07:21:03.467+0800: 480605.748: [GC (Allocation Failure) 2023-10-24T07:21:03.467+0800: 480605.748: [ParNew: 8307436K->410793K(9175040K), 0.2298002 secs] 50245229K->42355593K(65798144K), 0.2301110 secs] [Times: user=1.02 sys=2.55, real=0.23 secs] 
2023-10-24T07:21:53.652+0800: 480655.933: [GC (Allocation Failure) 2023-10-24T07:21:53.652+0800: 480655.933: [ParNew: 8275113K->430701K(9175040K), 0.2356024 secs] 50219913K->42382395K(65798144K), 0.2359170 secs] [Times: user=1.39 sys=2.62, real=0.24 secs] 
2023-10-24T07:23:14.956+0800: 480737.237: [GC (Allocation Failure) 2023-10-24T07:23:14.956+0800: 480737.237: [ParNew: 8295021K->457731K(9175040K), 0.2368745 secs] 50246715K->42416883K(65798144K), 0.2371604 secs] [Times: user=1.04 sys=3.01, real=0.23 secs] 
2023-10-24T07:24:41.085+0800: 480823.367: [GC (Allocation Failure) 2023-10-24T07:24:41.086+0800: 480823.367: [ParNew: 8322051K->469169K(9175040K), 0.2265264 secs] 50281203K->42435555K(65798144K), 0.2268223 secs] [Times: user=0.98 sys=2.88, real=0.23 secs] 
2023-10-24T07:26:03.888+0800: 480906.169: [GC (Allocation Failure) 2023-10-24T07:26:03.888+0800: 480906.169: [ParNew: 8333489K->473014K(9175040K), 0.2205971 secs] 50299875K->42446777K(65798144K), 0.2208778 secs] [Times: user=0.95 sys=2.80, real=0.22 secs] 
2023-10-24T07:27:05.178+0800: 480967.459: [GC (Allocation Failure) 2023-10-24T07:27:05.178+0800: 480967.459: [ParNew: 8337334K->438218K(9175040K), 0.2135423 secs] 50311097K->42418838K(65798144K), 0.2138231 secs] [Times: user=1.00 sys=2.61, real=0.21 secs] 
2023-10-24T07:28:07.423+0800: 481029.704: [GC (Allocation Failure) 2023-10-24T07:28:07.423+0800: 481029.704: [ParNew: 8302538K->447949K(9175040K), 0.2325222 secs] 50283158K->42436115K(65798144K), 0.2327989 secs] [Times: user=1.08 sys=2.87, real=0.24 secs] 
2023-10-24T07:30:02.286+0800: 481144.567: [GC (Allocation Failure) 2023-10-24T07:30:02.286+0800: 481144.567: [ParNew: 8312269K->456619K(9175040K), 0.2290721 secs] 50300435K->42453077K(65798144K), 0.2293694 secs] [Times: user=0.88 sys=3.02, real=0.22 secs] 
2023-10-24T07:31:39.510+0800: 481241.792: [GC (Allocation Failure) 2023-10-24T07:31:39.511+0800: 481241.792: [ParNew: 8320939K->399363K(9175040K), 0.2437992 secs] 50317397K->42403883K(65798144K), 0.2440818 secs] [Times: user=1.29 sys=2.88, real=0.24 secs] 
2023-10-24T07:33:01.656+0800: 481323.937: [GC (Allocation Failure) 2023-10-24T07:33:01.656+0800: 481323.937: [ParNew: 8263683K->380302K(9175040K), 0.2197331 secs] 50268203K->42392950K(65798144K), 0.2200388 secs] [Times: user=1.14 sys=2.61, real=0.22 secs] 
2023-10-24T07:34:17.496+0800: 481399.778: [GC (Allocation Failure) 2023-10-24T07:34:17.496+0800: 481399.778: [ParNew: 8244622K->361902K(9175040K), 0.2223552 secs] 50257270K->42382432K(65798144K), 0.2226307 secs] [Times: user=1.24 sys=2.54, real=0.22 secs] 
2023-10-24T07:35:36.548+0800: 481478.829: [GC (Allocation Failure) 2023-10-24T07:35:36.548+0800: 481478.829: [ParNew: 8226222K->428352K(9175040K), 0.2261000 secs] 50246752K->42456691K(65798144K), 0.2263714 secs] [Times: user=1.08 sys=2.78, real=0.22 secs] 
2023-10-24T07:37:12.595+0800: 481574.876: [GC (Allocation Failure) 2023-10-24T07:37:12.595+0800: 481574.877: [ParNew: 8292672K->427961K(9175040K), 0.2341372 secs] 50321011K->42463528K(65798144K), 0.2344231 secs] [Times: user=1.41 sys=2.60, real=0.24 secs] 
2023-10-24T07:38:17.522+0800: 481639.804: [GC (Allocation Failure) 2023-10-24T07:38:17.523+0800: 481639.804: [ParNew: 8292281K->432581K(9175040K), 0.2182054 secs] 50327848K->42476361K(65798144K), 0.2185036 secs] [Times: user=1.23 sys=2.48, real=0.22 secs] 
2023-10-24T07:39:22.678+0800: 481704.960: [GC (Allocation Failure) 2023-10-24T07:39:22.678+0800: 481704.960: [ParNew: 8296901K->439861K(9175040K), 0.2056480 secs] 50340681K->42491783K(65798144K), 0.2059277 secs] [Times: user=1.20 sys=2.28, real=0.20 secs] 
2023-10-24T07:40:34.117+0800: 481776.398: [GC (Allocation Failure) 2023-10-24T07:40:34.117+0800: 481776.399: [ParNew: 8304181K->445690K(9175040K), 0.2217736 secs] 50356103K->42505680K(65798144K), 0.2220506 secs] [Times: user=1.20 sys=2.58, real=0.22 secs] 
2023-10-24T07:42:01.271+0800: 481863.553: [GC (Allocation Failure) 2023-10-24T07:42:01.271+0800: 481863.553: [ParNew: 8310010K->449359K(9175040K), 0.2299291 secs] 50370000K->42516948K(65798144K), 0.2302162 secs] [Times: user=1.26 sys=2.59, real=0.23 secs] 
2023-10-24T07:43:05.597+0800: 481927.878: [GC (Allocation Failure) 2023-10-24T07:43:05.597+0800: 481927.879: [ParNew: 8313679K->471312K(9175040K), 0.2193633 secs] 50381268K->42546964K(65798144K), 0.2196687 secs] [Times: user=1.30 sys=2.43, real=0.22 secs] 
2023-10-24T07:44:38.308+0800: 482020.589: [GC (Allocation Failure) 2023-10-24T07:44:38.308+0800: 482020.590: [ParNew: 8335632K->454982K(9175040K), 0.2588605 secs] 50411284K->42538770K(65798144K), 0.2591786 secs] [Times: user=1.04 sys=3.39, real=0.26 secs] 
2023-10-24T07:45:42.334+0800: 482084.615: [GC (Allocation Failure) 2023-10-24T07:45:42.334+0800: 482084.615: [ParNew: 8319302K->467026K(9175040K), 0.2622829 secs] 50403090K->42558920K(65798144K), 0.2626482 secs] [Times: user=1.23 sys=3.26, real=0.27 secs] 
2023-10-24T07:46:35.419+0800: 482137.700: [GC (Allocation Failure) 2023-10-24T07:46:35.419+0800: 482137.700: [ParNew: 8331346K->447574K(9175040K), 0.2122757 secs] 50423240K->42546916K(65798144K), 0.2125852 secs] [Times: user=1.33 sys=2.27, real=0.21 secs] 
2023-10-24T07:47:26.758+0800: 482189.039: [GC (Allocation Failure) 2023-10-24T07:47:26.758+0800: 482189.039: [ParNew: 8311894K->558981K(9175040K), 0.1792677 secs] 50411236K->42666073K(65798144K), 0.1796010 secs] [Times: user=1.59 sys=1.40, real=0.18 secs] 
2023-10-24T07:48:36.450+0800: 482258.731: [GC (Allocation Failure) 2023-10-24T07:48:36.450+0800: 482258.731: [ParNew: 8423301K->491915K(9175040K), 0.2211505 secs] 50530393K->42607280K(65798144K), 0.2214894 secs] [Times: user=1.24 sys=2.52, real=0.22 secs] 
2023-10-24T07:49:41.772+0800: 482324.053: [GC (Allocation Failure) 2023-10-24T07:49:41.772+0800: 482324.053: [ParNew: 8356235K->475810K(9175040K), 0.2200083 secs] 50471600K->42599627K(65798144K), 0.2203048 secs] [Times: user=1.29 sys=2.44, real=0.22 secs] 
2023-10-24T07:50:32.524+0800: 482374.805: [GC (Allocation Failure) 2023-10-24T07:50:32.524+0800: 482374.805: [ParNew: 8340130K->546106K(9175040K), 0.2092292 secs] 50463947K->42678151K(65798144K), 0.2096204 secs] [Times: user=1.34 sys=2.21, real=0.21 secs] 
2023-10-24T07:51:55.574+0800: 482457.855: [GC (Allocation Failure) 2023-10-24T07:51:55.574+0800: 482457.855: [ParNew: 8410426K->496526K(9175040K), 0.2037002 secs] 50542471K->42636668K(65798144K), 0.2039840 secs] [Times: user=1.05 sys=2.40, real=0.21 secs] 
2023-10-24T07:52:41.384+0800: 482503.665: [GC (Allocation Failure) 2023-10-24T07:52:41.384+0800: 482503.665: [ParNew: 8360846K->488122K(9175040K), 0.1857563 secs] 50500988K->42636309K(65798144K), 0.1860374 secs] [Times: user=1.25 sys=1.88, real=0.19 secs] 
2023-10-24T07:53:44.495+0800: 482566.776: [GC (Allocation Failure) 2023-10-24T07:53:44.495+0800: 482566.776: [ParNew: 8352442K->466155K(9175040K), 0.2343847 secs] 50500629K->42622355K(65798144K), 0.2346991 secs] [Times: user=1.36 sys=2.21, real=0.24 secs] 
2023-10-24T07:54:44.440+0800: 482626.721: [GC (Allocation Failure) 2023-10-24T07:54:44.440+0800: 482626.721: [ParNew: 8330475K->493452K(9175040K), 0.2461582 secs] 50486675K->42657308K(65798144K), 0.2464641 secs] [Times: user=1.55 sys=2.59, real=0.25 secs] 
2023-10-24T07:56:20.132+0800: 482722.413: [GC (Allocation Failure) 2023-10-24T07:56:20.132+0800: 482722.413: [ParNew: 8357772K->455686K(9175040K), 0.2234830 secs] 50521628K->42627509K(65798144K), 0.2237678 secs] [Times: user=1.26 sys=2.28, real=0.22 secs] 
2023-10-24T07:57:40.689+0800: 482802.971: [GC (Allocation Failure) 2023-10-24T07:57:40.689+0800: 482802.971: [ParNew: 8320006K->471703K(9175040K), 0.2221550 secs] 50491829K->42651400K(65798144K), 0.2224523 secs] [Times: user=1.25 sys=2.52, real=0.22 secs] 
2023-10-24T07:59:18.667+0800: 482900.948: [GC (Allocation Failure) 2023-10-24T07:59:18.667+0800: 482900.949: [ParNew: 8336023K->424865K(9175040K), 0.2530383 secs] 50515720K->42612561K(65798144K), 0.2533690 secs] [Times: user=1.08 sys=2.95, real=0.25 secs] 
2023-10-24T08:00:14.588+0800: 482956.870: [GC (Allocation Failure) 2023-10-24T08:00:14.589+0800: 482956.870: [ParNew: 8289185K->414775K(9175040K), 0.2553685 secs] 50476881K->42610381K(65798144K), 0.2557895 secs] [Times: user=1.36 sys=2.89, real=0.25 secs] 
2023-10-24T08:01:48.108+0800: 483050.389: [GC (Allocation Failure) 2023-10-24T08:01:48.108+0800: 483050.389: [ParNew: 8279095K->405659K(9175040K), 0.2423352 secs] 50474701K->42609448K(65798144K), 0.2426756 secs] [Times: user=1.08 sys=3.06, real=0.24 secs] 
2023-10-24T08:05:40.657+0800: 483282.938: [GC (Allocation Failure) 2023-10-24T08:05:40.657+0800: 483282.938: [ParNew: 8269979K->322775K(9175040K), 0.2147882 secs] 50473768K->42534474K(65798144K), 0.2150726 secs] [Times: user=1.01 sys=2.65, real=0.21 secs] 
2023-10-24T08:07:43.079+0800: 483405.361: [GC (Allocation Failure) 2023-10-24T08:07:43.080+0800: 483405.361: [ParNew: 8187095K->288266K(9175040K), 0.2673128 secs] 50398794K->42507326K(65798144K), 0.2676099 secs] [Times: user=1.27 sys=2.29, real=0.27 secs] 
2023-10-24T08:09:45.315+0800: 483527.596: [GC (Allocation Failure) 2023-10-24T08:09:45.315+0800: 483527.596: [ParNew: 8152586K->328756K(9175040K), 0.2250031 secs] 50371646K->42555012K(65798144K), 0.2252819 secs] [Times: user=0.96 sys=2.88, real=0.23 secs] 
2023-10-24T08:13:10.357+0800: 483732.638: [GC (Allocation Failure) 2023-10-24T08:13:10.357+0800: 483732.639: [ParNew: 8193076K->327972K(9175040K), 0.2446291 secs] 50419332K->42561694K(65798144K), 0.2449086 secs] [Times: user=1.13 sys=3.31, real=0.24 secs] 
2023-10-24T08:14:50.461+0800: 483832.742: [GC (Allocation Failure) 2023-10-24T08:14:50.461+0800: 483832.742: [ParNew: 8192292K->338714K(9175040K), 0.2531082 secs] 50426014K->42579802K(65798144K), 0.2534470 secs] [Times: user=1.25 sys=3.10, real=0.25 secs] 
2023-10-24T08:19:15.314+0800: 484097.595: [GC (Allocation Failure) 2023-10-24T08:19:15.314+0800: 484097.595: [ParNew: 8203034K->305686K(9175040K), 0.2514233 secs] 50444122K->42554110K(65798144K), 0.2517232 secs] [Times: user=1.01 sys=3.31, real=0.25 secs] 
2023-10-24T08:22:03.403+0800: 484265.684: [GC (Allocation Failure) 2023-10-24T08:22:03.403+0800: 484265.685: [ParNew: 8170006K->286999K(9175040K), 0.2228514 secs] 50418430K->42543268K(65798144K), 0.2231344 secs] [Times: user=1.10 sys=2.70, real=0.23 secs] 
2023-10-24T08:24:18.176+0800: 484400.457: [GC (Allocation Failure) 2023-10-24T08:24:18.176+0800: 484400.458: [ParNew: 8151319K->354033K(9175040K), 0.2409986 secs] 50407588K->42617536K(65798144K), 0.2412939 secs] [Times: user=0.80 sys=3.33, real=0.24 secs] 
2023-10-24T08:27:07.448+0800: 484569.730: [GC (Allocation Failure) 2023-10-24T08:27:07.449+0800: 484569.730: [ParNew: 8218353K->355178K(9175040K), 0.2273433 secs] 50481856K->42626208K(65798144K), 0.2276876 secs] [Times: user=1.00 sys=2.88, real=0.23 secs] 
2023-10-24T08:30:11.454+0800: 484753.735: [GC (Allocation Failure) 2023-10-24T08:30:11.454+0800: 484753.735: [ParNew: 8219498K->322727K(9175040K), 0.2418051 secs] 50490528K->42601300K(65798144K), 0.2420886 secs] [Times: user=0.89 sys=3.25, real=0.25 secs] 
2023-10-24T08:34:01.458+0800: 484983.740: [GC (Allocation Failure) 2023-10-24T08:34:01.459+0800: 484983.740: [ParNew: 8187047K->281408K(9175040K), 0.2321501 secs] 50465620K->42567759K(65798144K), 0.2324552 secs] [Times: user=1.09 sys=2.86, real=0.23 secs] 
2023-10-24T08:41:12.961+0800: 485415.242: [GC (Allocation Failure) 2023-10-24T08:41:12.961+0800: 485415.242: [ParNew: 8145728K->226021K(9175040K), 0.2411406 secs] 50432079K->42520202K(65798144K), 0.2414507 secs] [Times: user=1.07 sys=2.29, real=0.24 secs] 
2023-10-24T09:23:31.823+0800: 487954.104: [GC (Allocation Failure) 2023-10-24T09:23:31.823+0800: 487954.104: [ParNew: 8090341K->241305K(9175040K), 0.1971494 secs] 50384522K->42542393K(65798144K), 0.1974683 secs] [Times: user=0.86 sys=2.53, real=0.20 secs] 
2023-10-24T09:34:57.470+0800: 488639.751: [GC (Allocation Failure) 2023-10-24T09:34:57.470+0800: 488639.751: [ParNew: 8105625K->236498K(9175040K), 0.2291318 secs] 50406713K->42544422K(65798144K), 0.2294046 secs] [Times: user=1.00 sys=2.56, real=0.23 secs] 
2023-10-24T09:53:13.215+0800: 489735.496: [GC (Allocation Failure) 2023-10-24T09:53:13.215+0800: 489735.496: [ParNew: 8100818K->209173K(9175040K), 0.2333201 secs] 50408742K->42524035K(65798144K), 0.2336014 secs] [Times: user=1.06 sys=2.56, real=0.24 secs] 
2023-10-24T10:00:30.412+0800: 490172.694: [GC (Allocation Failure) 2023-10-24T10:00:30.413+0800: 490172.694: [ParNew: 8073493K->231247K(9175040K), 0.2532093 secs] 50388355K->42553507K(65798144K), 0.2535905 secs] [Times: user=1.09 sys=3.27, real=0.26 secs] 
2023-10-24T10:04:46.507+0800: 490428.789: [GC (Allocation Failure) 2023-10-24T10:04:46.508+0800: 490428.789: [ParNew: 8095567K->312107K(9175040K), 0.2188045 secs] 50417827K->42641683K(65798144K), 0.2191203 secs] [Times: user=1.00 sys=2.72, real=0.22 secs] 
2023-10-24T10:07:23.422+0800: 490585.704: [GC (Allocation Failure) 2023-10-24T10:07:23.422+0800: 490585.704: [ParNew: 8176427K->330303K(9175040K), 0.2628510 secs] 50506003K->42667186K(65798144K), 0.2631544 secs] [Times: user=1.15 sys=3.25, real=0.26 secs] 
2023-10-24T10:10:37.766+0800: 490780.047: [GC (Allocation Failure) 2023-10-24T10:10:37.766+0800: 490780.048: [ParNew: 8194623K->280583K(9175040K), 0.2237055 secs] 50531506K->42624810K(65798144K), 0.2240710 secs] [Times: user=1.08 sys=2.73, real=0.22 secs] 
2023-10-24T10:14:20.305+0800: 491002.586: [GC (Allocation Failure) 2023-10-24T10:14:20.305+0800: 491002.586: [ParNew: 8144903K->263953K(9175040K), 0.2387833 secs] 50489130K->42614972K(65798144K), 0.2390598 secs] [Times: user=1.08 sys=3.01, real=0.24 secs] 
2023-10-24T10:18:00.275+0800: 491222.557: [GC (Allocation Failure) 2023-10-24T10:18:00.275+0800: 491222.557: [ParNew: 8128273K->300823K(9175040K), 0.2694251 secs] 50479292K->42659207K(65798144K), 0.2697269 secs] [Times: user=1.21 sys=3.43, real=0.27 secs] 
2023-10-24T10:21:18.694+0800: 491420.975: [GC (Allocation Failure) 2023-10-24T10:21:18.694+0800: 491420.975: [ParNew: 8165143K->260218K(9175040K), 0.2345486 secs] 50523527K->42625955K(65798144K), 0.2348274 secs] [Times: user=0.07 sys=3.89, real=0.24 secs] 
2023-10-24T10:24:35.971+0800: 491618.252: [GC (Allocation Failure) 2023-10-24T10:24:35.971+0800: 491618.252: [ParNew: 8124538K->268867K(9175040K), 0.2407918 secs] 50490275K->42641875K(65798144K), 0.2410684 secs] [Times: user=1.02 sys=3.11, real=0.24 secs] 
2023-10-24T10:28:28.949+0800: 491851.230: [GC (Allocation Failure) 2023-10-24T10:28:28.949+0800: 491851.231: [ParNew: 8133187K->274718K(9175040K), 0.2156793 secs] 50506195K->42655040K(65798144K), 0.2159869 secs] [Times: user=0.00 sys=2.78, real=0.21 secs] 
2023-10-24T10:32:52.266+0800: 492114.547: [GC (Allocation Failure) 2023-10-24T10:32:52.266+0800: 492114.547: [ParNew: 8139038K->234842K(9175040K), 0.2134315 secs] 50519360K->42622192K(65798144K), 0.2137172 secs] [Times: user=0.78 sys=2.86, real=0.21 secs] 
2023-10-24T10:36:25.408+0800: 492327.689: [GC (Allocation Failure) 2023-10-24T10:36:25.408+0800: 492327.689: [ParNew: 8099162K->246926K(9175040K), 0.1991915 secs] 50486512K->42641589K(65798144K), 0.1994824 secs] [Times: user=0.83 sys=2.56, real=0.20 secs] 
2023-10-24T10:38:34.215+0800: 492456.496: [GC (Allocation Failure) 2023-10-24T10:38:34.215+0800: 492456.496: [ParNew: 8111246K->300095K(9175040K), 0.2361322 secs] 50505909K->42701857K(65798144K), 0.2364315 secs] [Times: user=0.92 sys=3.13, real=0.24 secs] 
2023-10-24T10:41:38.554+0800: 492640.835: [GC (Allocation Failure) 2023-10-24T10:41:38.554+0800: 492640.836: [ParNew: 8164415K->296397K(9175040K), 0.2127203 secs] 50566177K->42701865K(65798144K), 0.2130129 secs] [Times: user=1.02 sys=2.62, real=0.22 secs] 
2023-10-24T10:44:15.786+0800: 492798.067: [GC (Allocation Failure) 2023-10-24T10:44:15.786+0800: 492798.067: [ParNew: 8159684K->345329K(9175040K), 0.2384837 secs] 50565152K->42757010K(65798144K), 0.2388077 secs] [Times: user=1.00 sys=2.53, real=0.24 secs] 
2023-10-24T10:44:37.636+0800: 492819.917: [GC (Allocation Failure) 2023-10-24T10:44:37.636+0800: 492819.917: [ParNew: 8209649K->484125K(9175040K), 0.0906444 secs] 50621330K->42900756K(65798144K), 0.0909214 secs] [Times: user=0.74 sys=0.77, real=0.10 secs] 
2023-10-24T10:44:58.723+0800: 492841.004: [GC (Allocation Failure) 2023-10-24T10:44:58.723+0800: 492841.004: [ParNew: 8348445K->470706K(9175040K), 0.0954364 secs] 50765076K->42894332K(65798144K), 0.0957067 secs] [Times: user=1.98 sys=0.00, real=0.10 secs] 
2023-10-24T10:45:20.118+0800: 492862.399: [GC (Allocation Failure) 2023-10-24T10:45:20.118+0800: 492862.399: [ParNew: 8335026K->566340K(9175040K), 0.0843654 secs] 50758652K->42997063K(65798144K), 0.0846475 secs] [Times: user=0.77 sys=0.54, real=0.08 secs] 
2023-10-24T10:45:41.395+0800: 492883.676: [GC (Allocation Failure) 2023-10-24T10:45:41.395+0800: 492883.676: [ParNew: 8430660K->636365K(9175040K), 0.1170787 secs] 50861383K->43074277K(65798144K), 0.1173637 secs] [Times: user=2.27 sys=0.00, real=0.12 secs] 
2023-10-24T10:46:03.170+0800: 492905.452: [GC (Allocation Failure) 2023-10-24T10:46:03.170+0800: 492905.452: [ParNew: 8500467K->626222K(9175040K), 0.1567386 secs] 50938379K->43070921K(65798144K), 0.1570598 secs] [Times: user=0.85 sys=1.55, real=0.16 secs] 
2023-10-24T10:46:25.696+0800: 492927.977: [GC (Allocation Failure) 2023-10-24T10:46:25.696+0800: 492927.977: [ParNew: 8490542K->637355K(9175040K), 0.1408796 secs] 50935241K->43089022K(65798144K), 0.1411515 secs] [Times: user=1.28 sys=0.33, real=0.14 secs] 
2023-10-24T10:46:48.107+0800: 492950.389: [GC (Allocation Failure) 2023-10-24T10:46:48.108+0800: 492950.389: [ParNew: 8501675K->734846K(9175040K), 0.1409536 secs] 50953342K->43193472K(65798144K), 0.1412241 secs] [Times: user=1.31 sys=0.50, real=0.14 secs] 
2023-10-24T10:47:09.462+0800: 492971.743: [GC (Allocation Failure) 2023-10-24T10:47:09.462+0800: 492971.743: [ParNew: 8599166K->697216K(9175040K), 0.1393487 secs] 51057792K->43162914K(65798144K), 0.1396298 secs] [Times: user=2.40 sys=0.00, real=0.14 secs] 
2023-10-24T10:47:29.162+0800: 492991.443: [GC (Allocation Failure) 2023-10-24T10:47:29.162+0800: 492991.443: [ParNew: 8559335K->741219K(9175040K), 0.1445041 secs] 51025033K->43212742K(65798144K), 0.1447796 secs] [Times: user=1.37 sys=0.70, real=0.15 secs] 
2023-10-24T10:47:49.536+0800: 493011.818: [GC (Allocation Failure) 2023-10-24T10:47:49.537+0800: 493011.818: [ParNew: 8605539K->703011K(9175040K), 0.1544581 secs] 51077062K->43181319K(65798144K), 0.1547652 secs] [Times: user=2.57 sys=0.00, real=0.15 secs] 
2023-10-24T10:48:09.847+0800: 493032.129: [GC (Allocation Failure) 2023-10-24T10:48:09.848+0800: 493032.129: [ParNew: 8566492K->737359K(9175040K), 0.1756496 secs] 51044800K->43222708K(65798144K), 0.1759152 secs] [Times: user=1.28 sys=1.46, real=0.17 secs] 
2023-10-24T10:48:31.238+0800: 493053.519: [GC (Allocation Failure) 2023-10-24T10:48:31.238+0800: 493053.519: [ParNew: 8601679K->640523K(9175040K), 0.1669478 secs] 51087028K->43132447K(65798144K), 0.1672212 secs] [Times: user=1.42 sys=0.84, real=0.16 secs] 
2023-10-24T10:48:50.326+0800: 493072.607: [GC (Allocation Failure) 2023-10-24T10:48:50.326+0800: 493072.607: [ParNew: 8504843K->664427K(9175040K), 0.1697913 secs] 50996767K->43163085K(65798144K), 0.1700853 secs] [Times: user=2.62 sys=0.00, real=0.17 secs] 
2023-10-24T10:49:10.635+0800: 493092.916: [GC (Allocation Failure) 2023-10-24T10:49:10.635+0800: 493092.916: [ParNew: 8528747K->668427K(9175040K), 0.1744573 secs] 51027405K->43173932K(65798144K), 0.1747214 secs] [Times: user=1.77 sys=0.48, real=0.18 secs] 
2023-10-24T10:49:31.991+0800: 493114.272: [GC (Allocation Failure) 2023-10-24T10:49:31.991+0800: 493114.272: [ParNew: 8531276K->729500K(9175040K), 0.1969744 secs] 51036782K->43280087K(65798144K), 0.1972787 secs] [Times: user=2.80 sys=0.00, real=0.20 secs] 
2023-10-24T10:49:53.487+0800: 493135.768: [GC (Allocation Failure) 2023-10-24T10:49:53.487+0800: 493135.769: [ParNew: 8593820K->603734K(9175040K), 0.1763018 secs] 51144407K->43240862K(65798144K), 0.1766176 secs] [Times: user=2.62 sys=0.00, real=0.17 secs] 
2023-10-24T10:50:12.724+0800: 493155.006: [GC (Allocation Failure) 2023-10-24T10:50:12.724+0800: 493155.006: [ParNew: 8468054K->597127K(9175040K), 0.1458469 secs] 51105182K->43249133K(65798144K), 0.1461261 secs] [Times: user=2.47 sys=0.00, real=0.15 secs] 
2023-10-24T10:50:32.917+0800: 493175.199: [GC (Allocation Failure) 2023-10-24T10:50:32.918+0800: 493175.199: [ParNew: 8461447K->484411K(9175040K), 0.1989790 secs] 51113453K->43182803K(65798144K), 0.1992540 secs] [Times: user=2.26 sys=0.53, real=0.20 secs] 
2023-10-24T10:50:52.715+0800: 493194.996: [GC (Allocation Failure) 2023-10-24T10:50:52.715+0800: 493194.996: [ParNew: 8348731K->453749K(9175040K), 0.1654599 secs] 51047123K->43203501K(65798144K), 0.1657312 secs] [Times: user=2.40 sys=0.00, real=0.17 secs] 
2023-10-24T10:51:16.824+0800: 493219.106: [GC (Allocation Failure) 2023-10-24T10:51:16.825+0800: 493219.106: [ParNew: 8318069K->437505K(9175040K), 0.1504427 secs] 51067821K->43202284K(65798144K), 0.1507150 secs] [Times: user=1.43 sys=0.26, real=0.15 secs] 
2023-10-24T10:51:37.015+0800: 493239.296: [GC (Allocation Failure) 2023-10-24T10:51:37.015+0800: 493239.297: [ParNew: 8301825K->387232K(9175040K), 0.1508576 secs] 51066604K->43183640K(65798144K), 0.1511302 secs] [Times: user=2.52 sys=0.00, real=0.16 secs] 
2023-10-24T10:51:56.509+0800: 493258.790: [GC (Allocation Failure) 2023-10-24T10:51:56.509+0800: 493258.790: [ParNew: 8251552K->375467K(9175040K), 0.1489840 secs] 51047960K->43210859K(65798144K), 0.1492606 secs] [Times: user=1.33 sys=0.59, real=0.15 secs] 
2023-10-24T10:52:16.815+0800: 493279.097: [GC (Allocation Failure) 2023-10-24T10:52:16.816+0800: 493279.097: [ParNew: 8239787K->391191K(9175040K), 0.1216680 secs] 51075179K->43234768K(65798144K), 0.1219621 secs] [Times: user=2.33 sys=0.00, real=0.13 secs] 
2023-10-24T10:52:37.717+0800: 493299.998: [GC (Allocation Failure) 2023-10-24T10:52:37.717+0800: 493299.998: [ParNew: 8254260K->388288K(9175040K), 0.1779790 secs] 51097837K->43241986K(65798144K), 0.1782407 secs] [Times: user=0.77 sys=1.51, real=0.17 secs] 
2023-10-24T10:52:59.030+0800: 493321.311: [GC (Allocation Failure) 2023-10-24T10:52:59.030+0800: 493321.311: [ParNew: 8252608K->347570K(9175040K), 0.1282251 secs] 51106306K->43213702K(65798144K), 0.1284987 secs] [Times: user=2.21 sys=0.00, real=0.13 secs] 
2023-10-24T10:53:18.461+0800: 493340.743: [GC (Allocation Failure) 2023-10-24T10:53:18.462+0800: 493340.743: [ParNew: 8211890K->352880K(9175040K), 0.1262613 secs] 51078022K->43226359K(65798144K), 0.1265289 secs] [Times: user=1.15 sys=0.52, real=0.13 secs] 
2023-10-24T10:53:39.206+0800: 493361.488: [GC (Allocation Failure) 2023-10-24T10:53:39.207+0800: 493361.488: [ParNew: 8217200K->354477K(9175040K), 0.1272187 secs] 51090679K->43236107K(65798144K), 0.1274818 secs] [Times: user=1.16 sys=0.61, real=0.12 secs] 
2023-10-24T10:54:00.289+0800: 493382.570: [GC (Allocation Failure) 2023-10-24T10:54:00.289+0800: 493382.571: [ParNew: 8218797K->346106K(9175040K), 0.1221131 secs] 51100427K->43233685K(65798144K), 0.1223892 secs] [Times: user=1.12 sys=0.33, real=0.12 secs] 
2023-10-24T10:54:24.159+0800: 493406.441: [GC (Allocation Failure) 2023-10-24T10:54:24.160+0800: 493406.441: [ParNew: 8210426K->349645K(9175040K), 0.1304658 secs] 51098005K->43250339K(65798144K), 0.1307378 secs] [Times: user=2.41 sys=0.00, real=0.13 secs] 
2023-10-24T10:54:47.124+0800: 493429.405: [GC (Allocation Failure) 2023-10-24T10:54:47.124+0800: 493429.405: [ParNew: 8213791K->319246K(9175040K), 0.1930208 secs] 51114485K->43271977K(65798144K), 0.1933103 secs] [Times: user=2.06 sys=0.69, real=0.20 secs] 
2023-10-24T10:55:10.433+0800: 493452.714: [GC (Allocation Failure) 2023-10-24T10:55:10.433+0800: 493452.715: [ParNew: 8183566K->310244K(9175040K), 0.1381364 secs] 51136297K->43271256K(65798144K), 0.1383984 secs] [Times: user=2.44 sys=0.00, real=0.14 secs] 
2023-10-24T10:55:33.410+0800: 493475.691: [GC (Allocation Failure) 2023-10-24T10:55:33.410+0800: 493475.691: [ParNew: 8174564K->341533K(9175040K), 0.1329131 secs] 51135576K->43311500K(65798144K), 0.1332080 secs] [Times: user=1.41 sys=0.30, real=0.13 secs] 
2023-10-24T10:55:56.262+0800: 493498.543: [GC (Allocation Failure) 2023-10-24T10:55:56.262+0800: 493498.543: [ParNew: 8205853K->317886K(9175040K), 0.1300071 secs] 51175820K->43298869K(65798144K), 0.1303023 secs] [Times: user=1.06 sys=0.32, real=0.13 secs] 
2023-10-24T10:56:17.222+0800: 493519.503: [GC (Allocation Failure) 2023-10-24T10:56:17.222+0800: 493519.503: [ParNew: 8182206K->351949K(9175040K), 0.1339494 secs] 51163189K->43345532K(65798144K), 0.1342150 secs] [Times: user=1.09 sys=0.70, real=0.14 secs] 
2023-10-24T10:56:39.917+0800: 493542.198: [GC (Allocation Failure) 2023-10-24T10:56:39.917+0800: 493542.199: [ParNew: 8216269K->316808K(9175040K), 0.1326223 secs] 51209852K->43320115K(65798144K), 0.1329338 secs] [Times: user=2.34 sys=0.00, real=0.13 secs] 
2023-10-24T10:57:02.842+0800: 493565.123: [GC (Allocation Failure) 2023-10-24T10:57:02.842+0800: 493565.123: [ParNew: 8181128K->320036K(9175040K), 0.1769684 secs] 51184435K->43331656K(65798144K), 0.1772403 secs] [Times: user=0.90 sys=0.94, real=0.18 secs] 
2023-10-24T10:57:27.604+0800: 493589.885: [GC (Allocation Failure) 2023-10-24T10:57:27.604+0800: 493589.886: [ParNew: 8184356K->313748K(9175040K), 0.1256173 secs] 51195976K->43337033K(65798144K), 0.1259057 secs] [Times: user=1.08 sys=0.70, real=0.13 secs] 
2023-10-24T10:57:49.043+0800: 493611.324: [GC (Allocation Failure) 2023-10-24T10:57:49.043+0800: 493611.324: [ParNew: 8178068K->376476K(9175040K), 0.1282515 secs] 51201353K->43407460K(65798144K), 0.1285355 secs] [Times: user=1.19 sys=0.49, real=0.13 secs] 
2023-10-24T10:58:11.679+0800: 493633.960: [GC (Allocation Failure) 2023-10-24T10:58:11.679+0800: 493633.960: [ParNew: 8240796K->380053K(9175040K), 0.1313366 secs] 51271780K->43420387K(65798144K), 0.1315837 secs] [Times: user=2.32 sys=0.00, real=0.13 secs] 
2023-10-24T10:58:35.268+0800: 493657.550: [GC (Allocation Failure) 2023-10-24T10:58:35.268+0800: 493657.550: [ParNew: 8244373K->361524K(9175040K), 0.1165709 secs] 51284707K->43410923K(65798144K), 0.1168425 secs] [Times: user=1.10 sys=0.15, real=0.11 secs] 
2023-10-24T10:58:58.132+0800: 493680.413: [GC (Allocation Failure) 2023-10-24T10:58:58.132+0800: 493680.413: [ParNew: 8225844K->389354K(9175040K), 0.1290076 secs] 51275243K->43448386K(65798144K), 0.1292717 secs] [Times: user=1.29 sys=0.00, real=0.13 secs] 
2023-10-24T10:59:19.817+0800: 493702.098: [GC (Allocation Failure) 2023-10-24T10:59:19.817+0800: 493702.098: [ParNew: 8253059K->415697K(9175040K), 0.1154050 secs] 51312090K->43483602K(65798144K), 0.1156882 secs] [Times: user=1.17 sys=0.00, real=0.11 secs] 
2023-10-24T10:59:43.453+0800: 493725.734: [GC (Allocation Failure) 2023-10-24T10:59:43.453+0800: 493725.734: [ParNew: 8280017K->380425K(9175040K), 0.1759460 secs] 51347922K->43459807K(65798144K), 0.1762155 secs] [Times: user=2.06 sys=0.61, real=0.18 secs] 
2023-10-24T11:00:07.622+0800: 493749.903: [GC (Allocation Failure) 2023-10-24T11:00:07.622+0800: 493749.903: [ParNew: 8244745K->363817K(9175040K), 0.1218057 secs] 51324127K->43453689K(65798144K), 0.1220669 secs] [Times: user=1.16 sys=0.54, real=0.12 secs] 
2023-10-24T11:00:29.286+0800: 493771.567: [GC (Allocation Failure) 2023-10-24T11:00:29.286+0800: 493771.567: [ParNew: 8228137K->495124K(9175040K), 0.1349339 secs] 51318009K->43597964K(65798144K), 0.1352092 secs] [Times: user=2.34 sys=0.00, real=0.13 secs] 
2023-10-24T11:00:51.194+0800: 493793.475: [GC (Allocation Failure) 2023-10-24T11:00:51.194+0800: 493793.475: [ParNew: 8359444K->545614K(9175040K), 0.1243163 secs] 51462284K->43661391K(65798144K), 0.1245784 secs] [Times: user=1.19 sys=0.00, real=0.13 secs] 
2023-10-24T11:01:15.208+0800: 493817.490: [GC (Allocation Failure) 2023-10-24T11:01:15.208+0800: 493817.490: [ParNew: 8407910K->568153K(9175040K), 0.1377273 secs] 51523688K->43703464K(65798144K), 0.1379994 secs] [Times: user=2.42 sys=0.00, real=0.14 secs] 
2023-10-24T11:01:41.503+0800: 493843.785: [GC (Allocation Failure) 2023-10-24T11:01:41.504+0800: 493843.785: [ParNew: 8432473K->530427K(9175040K), 0.1257286 secs] 51567784K->43679599K(65798144K), 0.1260247 secs] [Times: user=1.20 sys=0.00, real=0.13 secs] 
2023-10-24T11:02:04.571+0800: 493866.853: [GC (Allocation Failure) 2023-10-24T11:02:04.572+0800: 493866.853: [ParNew: 8394747K->522520K(9175040K), 0.1388993 secs] 51543919K->43685156K(65798144K), 0.1391652 secs] [Times: user=1.36 sys=0.11, real=0.14 secs] 
2023-10-24T11:02:28.586+0800: 493890.867: [GC (Allocation Failure) 2023-10-24T11:02:28.586+0800: 493890.867: [ParNew: 8386840K->538041K(9175040K), 0.1391349 secs] 51549476K->43715796K(65798144K), 0.1393996 secs] [Times: user=1.32 sys=0.00, real=0.13 secs] 
2023-10-24T11:02:53.920+0800: 493916.201: [GC (Allocation Failure) 2023-10-24T11:02:53.920+0800: 493916.201: [ParNew: 8402361K->510832K(9175040K), 0.1366836 secs] 51580116K->43698998K(65798144K), 0.1369519 secs] [Times: user=1.72 sys=0.00, real=0.14 secs] 
2023-10-24T11:03:17.626+0800: 493939.908: [GC (Allocation Failure) 2023-10-24T11:03:17.626+0800: 493939.908: [ParNew: 8375152K->521647K(9175040K), 0.1648879 secs] 51563318K->43724622K(65798144K), 0.1651674 secs] [Times: user=2.09 sys=0.30, real=0.16 secs] 
2023-10-24T11:03:42.143+0800: 493964.425: [GC (Allocation Failure) 2023-10-24T11:03:42.144+0800: 493964.425: [ParNew: 8385967K->467571K(9175040K), 0.1739023 secs] 51588942K->43716499K(65798144K), 0.1741963 secs] [Times: user=1.54 sys=0.72, real=0.18 secs] 
2023-10-24T11:04:05.616+0800: 493987.897: [GC (Allocation Failure) 2023-10-24T11:04:05.616+0800: 493987.897: [ParNew: 8331891K->463743K(9175040K), 0.1262678 secs] 51580819K->43728617K(65798144K), 0.1265325 secs] [Times: user=2.23 sys=0.00, real=0.12 secs] 
2023-10-24T11:04:30.613+0800: 494012.894: [GC (Allocation Failure) 2023-10-24T11:04:30.613+0800: 494012.895: [ParNew: 8328063K->462683K(9175040K), 0.1532398 secs] 51592937K->43738549K(65798144K), 0.1535161 secs] [Times: user=2.48 sys=0.00, real=0.16 secs] 
2023-10-24T11:04:54.706+0800: 494036.987: [GC (Allocation Failure) 2023-10-24T11:04:54.706+0800: 494036.987: [ParNew: 8327003K->505623K(9175040K), 0.1520344 secs] 51602869K->43789562K(65798144K), 0.1523030 secs] [Times: user=1.56 sys=0.00, real=0.15 secs] 
2023-10-24T11:05:17.628+0800: 494059.909: [GC (Allocation Failure) 2023-10-24T11:05:17.628+0800: 494059.909: [ParNew: 8369943K->488705K(9175040K), 0.1500024 secs] 51653882K->43779606K(65798144K), 0.1502742 secs] [Times: user=2.44 sys=0.00, real=0.15 secs] 
2023-10-24T11:05:39.962+0800: 494082.243: [GC (Allocation Failure) 2023-10-24T11:05:39.962+0800: 494082.243: [ParNew: 8353025K->511400K(9175040K), 0.1592037 secs] 51643926K->43809290K(65798144K), 0.1595087 secs] [Times: user=1.37 sys=0.31, real=0.16 secs] 
2023-10-24T11:06:01.491+0800: 494103.772: [GC (Allocation Failure) 2023-10-24T11:06:01.491+0800: 494103.772: [ParNew: 8374841K->487381K(9175040K), 0.1476511 secs] 51672731K->43797133K(65798144K), 0.1479644 secs] [Times: user=1.32 sys=0.16, real=0.15 secs] 
2023-10-24T11:06:26.307+0800: 494128.589: [GC (Allocation Failure) 2023-10-24T11:06:26.308+0800: 494128.589: [ParNew: 8351701K->374130K(9175040K), 0.3503828 secs] 51661453K->43832519K(65798144K), 0.3506959 secs] [Times: user=2.01 sys=0.41, real=0.35 secs] 
2023-10-24T11:06:50.922+0800: 494153.204: [GC (Allocation Failure) 2023-10-24T11:06:50.923+0800: 494153.204: [ParNew: 8238450K->296841K(9175040K), 0.2245010 secs] 51696839K->43770119K(65798144K), 0.2248313 secs] [Times: user=2.03 sys=0.98, real=0.23 secs] 
2023-10-24T11:07:16.186+0800: 494178.467: [GC (Allocation Failure) 2023-10-24T11:07:16.186+0800: 494178.467: [ParNew: 8161161K->281165K(9175040K), 0.1605723 secs] 51634439K->43766938K(65798144K), 0.1608966 secs] [Times: user=2.40 sys=0.00, real=0.16 secs] 
2023-10-24T11:07:39.827+0800: 494202.109: [GC (Allocation Failure) 2023-10-24T11:07:39.828+0800: 494202.109: [ParNew: 8145485K->307664K(9175040K), 0.1571984 secs] 51631258K->43803647K(65798144K), 0.1574944 secs] [Times: user=2.49 sys=0.00, real=0.15 secs] 
2023-10-24T11:08:02.518+0800: 494224.799: [GC (Allocation Failure) 2023-10-24T11:08:02.518+0800: 494224.800: [ParNew: 8171984K->279004K(9175040K), 0.1529977 secs] 51667967K->43786660K(65798144K), 0.1532937 secs] [Times: user=2.34 sys=0.00, real=0.15 secs] 
2023-10-24T11:08:28.286+0800: 494250.567: [GC (Allocation Failure) 2023-10-24T11:08:28.286+0800: 494250.567: [ParNew: 8143324K->278685K(9175040K), 0.1451799 secs] 51650980K->43796377K(65798144K), 0.1454743 secs] [Times: user=1.23 sys=0.29, real=0.15 secs] 
2023-10-24T11:08:50.910+0800: 494273.192: [GC (Allocation Failure) 2023-10-24T11:08:50.910+0800: 494273.192: [ParNew: 8143005K->276472K(9175040K), 0.1405439 secs] 51660697K->43802221K(65798144K), 0.1408287 secs] [Times: user=1.15 sys=0.34, real=0.14 secs] 
2023-10-24T11:09:13.560+0800: 494295.841: [GC (Allocation Failure) 2023-10-24T11:09:13.560+0800: 494295.842: [ParNew: 8139567K->278191K(9175040K), 0.1465914 secs] 51665316K->43811025K(65798144K), 0.1468767 secs] [Times: user=1.59 sys=0.30, real=0.15 secs] 
2023-10-24T11:09:36.130+0800: 494318.412: [GC (Allocation Failure) 2023-10-24T11:09:36.130+0800: 494318.412: [ParNew: 8142511K->307921K(9175040K), 0.1530898 secs] 51675345K->43853482K(65798144K), 0.1533983 secs] [Times: user=1.28 sys=0.00, real=0.15 secs] 
2023-10-24T11:09:58.531+0800: 494340.812: [GC (Allocation Failure) 2023-10-24T11:09:58.531+0800: 494340.812: [ParNew: 8172241K->261292K(9175040K), 0.1291923 secs] 51717802K->43814332K(65798144K), 0.1294891 secs] [Times: user=1.38 sys=0.20, real=0.13 secs] 
2023-10-24T11:10:20.142+0800: 494362.424: [GC (Allocation Failure) 2023-10-24T11:10:20.143+0800: 494362.424: [ParNew: 8123751K->216233K(9175040K), 0.2153092 secs] 51676792K->43817732K(65798144K), 0.2155670 secs] [Times: user=1.04 sys=0.88, real=0.22 secs] 
2023-10-24T11:10:47.912+0800: 494390.194: [GC (Allocation Failure) 2023-10-24T11:10:47.913+0800: 494390.194: [ParNew: 8080553K->213030K(9175040K), 0.1296939 secs] 51682052K->43823311K(65798144K), 0.1299840 secs] [Times: user=1.26 sys=0.24, real=0.13 secs] 
2023-10-24T11:11:09.731+0800: 494412.013: [GC (Allocation Failure) 2023-10-24T11:11:09.732+0800: 494412.013: [ParNew: 8077350K->209571K(9175040K), 0.1229036 secs] 51687631K->43828529K(65798144K), 0.1231628 secs] [Times: user=1.16 sys=0.00, real=0.12 secs] 
2023-10-24T11:11:30.899+0800: 494433.180: [GC (Allocation Failure) 2023-10-24T11:11:30.899+0800: 494433.180: [ParNew: 8072829K->188161K(9175040K), 0.1281146 secs] 51691787K->43829096K(65798144K), 0.1283867 secs] [Times: user=2.21 sys=0.00, real=0.13 secs] 
2023-10-24T11:11:53.671+0800: 494455.952: [GC (Allocation Failure) 2023-10-24T11:11:53.671+0800: 494455.952: [ParNew: 8052481K->184660K(9175040K), 0.1256749 secs] 51693416K->43833670K(65798144K), 0.1259402 secs] [Times: user=1.45 sys=0.01, real=0.13 secs] 
2023-10-24T11:12:17.538+0800: 494479.819: [GC (Allocation Failure) 2023-10-24T11:12:17.538+0800: 494479.819: [ParNew: 8048980K->158826K(9175040K), 0.1239580 secs] 51697990K->43825303K(65798144K), 0.1242202 secs] [Times: user=2.18 sys=0.00, real=0.12 secs] 
2023-10-24T11:12:42.244+0800: 494504.525: [GC (Allocation Failure) 2023-10-24T11:12:42.244+0800: 494504.525: [ParNew: 8023146K->152754K(9175040K), 0.1229590 secs] 51689623K->43825863K(65798144K), 0.1232120 secs] [Times: user=2.18 sys=0.00, real=0.13 secs] 
2023-10-24T11:13:04.915+0800: 494527.196: [GC (Allocation Failure) 2023-10-24T11:13:04.915+0800: 494527.196: [ParNew: 8017074K->154082K(9175040K), 0.1198632 secs] 51690183K->43834629K(65798144K), 0.1201293 secs] [Times: user=1.65 sys=0.00, real=0.12 secs] 
2023-10-24T11:13:27.182+0800: 494549.463: [GC (Allocation Failure) 2023-10-24T11:13:27.182+0800: 494549.463: [ParNew: 8018402K->152235K(9175040K), 0.1152722 secs] 51698949K->43840512K(65798144K), 0.1155470 secs] [Times: user=2.16 sys=0.00, real=0.12 secs] 
2023-10-24T11:13:51.327+0800: 494573.608: [GC (Allocation Failure) 2023-10-24T11:13:51.327+0800: 494573.608: [ParNew: 8016555K->138184K(9175040K), 0.1079890 secs] 51704832K->43832922K(65798144K), 0.1082572 secs] [Times: user=1.07 sys=0.00, real=0.10 secs] 
2023-10-24T11:14:15.138+0800: 494597.420: [GC (Allocation Failure) 2023-10-24T11:14:15.139+0800: 494597.420: [ParNew: 8002504K->153990K(9175040K), 0.1723149 secs] 51697242K->43855040K(65798144K), 0.1725724 secs] [Times: user=1.78 sys=0.66, real=0.17 secs] 
2023-10-24T11:14:40.108+0800: 494622.389: [GC (Allocation Failure) 2023-10-24T11:14:40.108+0800: 494622.389: [ParNew: 8018310K->143596K(9175040K), 0.1162206 secs] 51719360K->43855632K(65798144K), 0.1164789 secs] [Times: user=1.09 sys=0.50, real=0.11 secs] 
2023-10-24T11:15:04.725+0800: 494647.006: [GC (Allocation Failure) 2023-10-24T11:15:04.725+0800: 494647.006: [ParNew: 8007916K->153108K(9175040K), 0.1150644 secs] 51719952K->43874664K(65798144K), 0.1153328 secs] [Times: user=2.18 sys=0.00, real=0.12 secs] 
2023-10-24T11:15:28.394+0800: 494670.675: [GC (Allocation Failure) 2023-10-24T11:15:28.394+0800: 494670.675: [ParNew: 8017428K->150669K(9175040K), 0.1143827 secs] 51738984K->43878553K(65798144K), 0.1146467 secs] [Times: user=1.03 sys=0.00, real=0.12 secs] 
2023-10-24T11:15:51.734+0800: 494694.015: [GC (Allocation Failure) 2023-10-24T11:15:51.734+0800: 494694.015: [ParNew: 8014989K->138746K(9175040K), 0.1113771 secs] 51742873K->43872610K(65798144K), 0.1116401 secs] [Times: user=0.99 sys=0.28, real=0.11 secs] 
2023-10-24T11:16:15.656+0800: 494717.937: [GC (Allocation Failure) 2023-10-24T11:16:15.656+0800: 494717.937: [ParNew: 8001559K->163455K(9175040K), 0.1078689 secs] 51735424K->43904984K(65798144K), 0.1081406 secs] [Times: user=1.00 sys=0.00, real=0.11 secs] 
2023-10-24T11:16:38.452+0800: 494740.734: [GC (Allocation Failure) 2023-10-24T11:16:38.452+0800: 494740.734: [ParNew: 8027775K->130756K(9175040K), 0.1077837 secs] 51769304K->43878166K(65798144K), 0.1080501 secs] [Times: user=0.95 sys=0.00, real=0.11 secs] 
2023-10-24T11:17:02.601+0800: 494764.882: [GC (Allocation Failure) 2023-10-24T11:17:02.601+0800: 494764.882: [ParNew: 7995076K->173012K(9175040K), 0.1058754 secs] 51742486K->43925844K(65798144K), 0.1061366 secs] [Times: user=1.02 sys=0.25, real=0.11 secs] 
2023-10-24T11:17:24.361+0800: 494786.642: [GC (Allocation Failure) 2023-10-24T11:17:24.361+0800: 494786.643: [ParNew: 8037332K->168105K(9175040K), 0.1080093 secs] 51790164K->43926565K(65798144K), 0.1082783 secs] [Times: user=2.11 sys=0.00, real=0.11 secs] 
2023-10-24T11:17:45.775+0800: 494808.056: [GC (Allocation Failure) 2023-10-24T11:17:45.775+0800: 494808.056: [ParNew: 8032425K->181915K(9175040K), 0.1019365 secs] 51790885K->43945423K(65798144K), 0.1022291 secs] [Times: user=1.07 sys=0.00, real=0.11 secs] 
2023-10-24T11:18:08.010+0800: 494830.291: [GC (Allocation Failure) 2023-10-24T11:18:08.010+0800: 494830.291: [ParNew: 8046235K->176929K(9175040K), 0.1664960 secs] 51809743K->43946091K(65798144K), 0.1667599 secs] [Times: user=0.55 sys=1.31, real=0.17 secs] 
2023-10-24T11:18:33.171+0800: 494855.452: [GC (Allocation Failure) 2023-10-24T11:18:33.171+0800: 494855.453: [ParNew: 8040974K->179575K(9175040K), 0.1037834 secs] 51810137K->43953575K(65798144K), 0.1040494 secs] [Times: user=0.97 sys=0.48, real=0.10 secs] 
2023-10-24T11:18:57.609+0800: 494879.890: [GC (Allocation Failure) 2023-10-24T11:18:57.609+0800: 494879.890: [ParNew: 8042611K->203565K(9175040K), 0.1124624 secs] 51816611K->43982843K(65798144K), 0.1127353 secs] [Times: user=2.10 sys=0.00, real=0.11 secs] 
2023-10-24T11:19:21.494+0800: 494903.775: [GC (Allocation Failure) 2023-10-24T11:19:21.494+0800: 494903.776: [ParNew: 8067885K->204580K(9175040K), 0.1103165 secs] 51847163K->43989127K(65798144K), 0.1105882 secs] [Times: user=0.96 sys=0.00, real=0.11 secs] 
2023-10-24T11:19:45.281+0800: 494927.562: [GC (Allocation Failure) 2023-10-24T11:19:45.281+0800: 494927.562: [ParNew: 8068900K->208908K(9175040K), 0.1055516 secs] 51853447K->43998581K(65798144K), 0.1058086 secs] [Times: user=0.99 sys=0.21, real=0.11 secs] 
2023-10-24T11:20:09.446+0800: 494951.727: [GC (Allocation Failure) 2023-10-24T11:20:09.446+0800: 494951.727: [ParNew: 8073228K->203223K(9175040K), 0.1105667 secs] 51862901K->43997836K(65798144K), 0.1108308 secs] [Times: user=2.13 sys=0.00, real=0.12 secs] 
2023-10-24T11:20:31.017+0800: 494973.298: [GC (Allocation Failure) 2023-10-24T11:20:31.017+0800: 494973.299: [ParNew: 8067543K->224011K(9175040K), 0.1038589 secs] 51862156K->44023396K(65798144K), 0.1041186 secs] [Times: user=0.96 sys=0.00, real=0.10 secs] 
2023-10-24T11:20:53.618+0800: 494995.899: [GC (Allocation Failure) 2023-10-24T11:20:53.618+0800: 494995.899: [ParNew: 8088331K->220858K(9175040K), 0.1027748 secs] 51887716K->44029529K(65798144K), 0.1030702 secs] [Times: user=0.97 sys=0.32, real=0.10 secs] 
2023-10-24T11:21:17.568+0800: 495019.850: [GC (Allocation Failure) 2023-10-24T11:21:17.569+0800: 495019.850: [ParNew: 8085178K->215982K(9175040K), 0.1130614 secs] 51893849K->44031451K(65798144K), 0.1133349 secs] [Times: user=2.23 sys=0.00, real=0.11 secs] 
2023-10-24T11:21:40.195+0800: 495042.476: [GC (Allocation Failure) 2023-10-24T11:21:40.195+0800: 495042.476: [ParNew: 8080302K->225297K(9175040K), 0.1092955 secs] 51895771K->44045293K(65798144K), 0.1095532 secs] [Times: user=1.15 sys=0.00, real=0.11 secs] 
2023-10-24T11:22:04.501+0800: 495066.783: [GC (Allocation Failure) 2023-10-24T11:22:04.502+0800: 495066.783: [ParNew: 8089087K->235387K(9175040K), 0.1754440 secs] 51909082K->44061760K(65798144K), 0.1757111 secs] [Times: user=1.92 sys=0.81, real=0.18 secs] 
2023-10-24T11:22:29.775+0800: 495092.056: [GC (Allocation Failure) 2023-10-24T11:22:29.775+0800: 495092.057: [ParNew: 8099707K->243464K(9175040K), 0.1157163 secs] 51926080K->44074167K(65798144K), 0.1160166 secs] [Times: user=2.13 sys=0.00, real=0.12 secs] 
2023-10-24T11:22:54.404+0800: 495116.685: [GC (Allocation Failure) 2023-10-24T11:22:54.404+0800: 495116.685: [ParNew: 8107784K->235364K(9175040K), 0.1251970 secs] 51938487K->44094929K(65798144K), 0.1254677 secs] [Times: user=1.43 sys=0.00, real=0.13 secs] 
2023-10-24T11:23:19.510+0800: 495141.791: [GC (Allocation Failure) 2023-10-24T11:23:19.510+0800: 495141.792: [ParNew: 8099684K->224658K(9175040K), 0.1183050 secs] 51959249K->44091549K(65798144K), 0.1185724 secs] [Times: user=2.45 sys=0.00, real=0.12 secs] 
2023-10-24T11:23:42.219+0800: 495164.500: [GC (Allocation Failure) 2023-10-24T11:23:42.219+0800: 495164.501: [ParNew: 8088978K->212420K(9175040K), 0.1153321 secs] 51955869K->44096485K(65798144K), 0.1156070 secs] [Times: user=2.19 sys=0.00, real=0.11 secs] 
2023-10-24T11:24:06.722+0800: 495189.003: [GC (Allocation Failure) 2023-10-24T11:24:06.722+0800: 495189.003: [ParNew: 8076740K->220978K(9175040K), 0.1111241 secs] 51960805K->44110820K(65798144K), 0.1113912 secs] [Times: user=1.05 sys=0.15, real=0.11 secs] 
2023-10-24T11:24:30.297+0800: 495212.579: [GC (Allocation Failure) 2023-10-24T11:24:30.298+0800: 495212.579: [ParNew: 8085298K->233029K(9175040K), 0.1144084 secs] 51975140K->44127436K(65798144K), 0.1146720 secs] [Times: user=2.19 sys=0.00, real=0.11 secs] 
2023-10-24T11:24:53.704+0800: 495235.985: [GC (Allocation Failure) 2023-10-24T11:24:53.704+0800: 495235.985: [ParNew: 8097349K->231470K(9175040K), 0.1132766 secs] 51991756K->44136366K(65798144K), 0.1135387 secs] [Times: user=1.33 sys=0.33, real=0.12 secs] 
2023-10-24T11:25:16.358+0800: 495258.640: [GC (Allocation Failure) 2023-10-24T11:25:16.359+0800: 495258.640: [ParNew: 8095790K->212751K(9175040K), 0.1006370 secs] 52000686K->44125809K(65798144K), 0.1009184 secs] [Times: user=2.17 sys=0.00, real=0.10 secs] 
2023-10-24T11:25:43.937+0800: 495286.218: [GC (Allocation Failure) 2023-10-24T11:25:43.937+0800: 495286.219: [ParNew: 8077071K->228003K(9175040K), 0.1596295 secs] 51990129K->44148638K(65798144K), 0.1599418 secs] [Times: user=1.09 sys=0.99, real=0.16 secs] 
2023-10-24T11:26:10.152+0800: 495312.434: [GC (Allocation Failure) 2023-10-24T11:26:10.153+0800: 495312.434: [ParNew: 8092323K->249472K(9175040K), 0.1057850 secs] 52012958K->44180306K(65798144K), 0.1060758 secs] [Times: user=1.07 sys=0.49, real=0.11 secs] 
2023-10-24T11:26:32.619+0800: 495334.900: [GC (Allocation Failure) 2023-10-24T11:26:32.619+0800: 495334.900: [ParNew: 8113792K->240787K(9175040K), 0.1077009 secs] 52044626K->44183336K(65798144K), 0.1079900 secs] [Times: user=2.14 sys=0.00, real=0.11 secs] 
2023-10-24T11:26:57.163+0800: 495359.444: [GC (Allocation Failure) 2023-10-24T11:26:57.163+0800: 495359.445: [ParNew: 8105107K->249354K(9175040K), 0.1081178 secs] 52047656K->44198030K(65798144K), 0.1084136 secs] [Times: user=1.04 sys=0.00, real=0.11 secs] 
2023-10-24T11:27:18.297+0800: 495380.578: [GC (Allocation Failure) 2023-10-24T11:27:18.297+0800: 495380.578: [ParNew: 8113674K->220749K(9175040K), 0.1055798 secs] 52062350K->44180352K(65798144K), 0.1058797 secs] [Times: user=1.00 sys=0.14, real=0.10 secs] 
2023-10-24T11:27:40.242+0800: 495402.523: [GC (Allocation Failure) 2023-10-24T11:27:40.242+0800: 495402.523: [ParNew: 8085069K->232642K(9175040K), 0.1057653 secs] 52044672K->44202670K(65798144K), 0.1060622 secs] [Times: user=2.11 sys=0.00, real=0.11 secs] 
2023-10-24T11:28:02.009+0800: 495424.290: [GC (Allocation Failure) 2023-10-24T11:28:02.009+0800: 495424.290: [ParNew: 8096962K->227879K(9175040K), 0.1078390 secs] 52066990K->44208298K(65798144K), 0.1081283 secs] [Times: user=1.09 sys=0.11, real=0.11 secs] 
2023-10-24T11:28:23.305+0800: 495445.587: [GC (Allocation Failure) 2023-10-24T11:28:23.305+0800: 495445.587: [ParNew: 8092199K->238735K(9175040K), 0.1019865 secs] 52072618K->44225781K(65798144K), 0.1022598 secs] [Times: user=1.14 sys=0.25, real=0.11 secs] 
2023-10-24T11:28:46.938+0800: 495469.219: [GC (Allocation Failure) 2023-10-24T11:28:46.938+0800: 495469.220: [ParNew: 8103055K->269050K(9175040K), 0.1068008 secs] 52090101K->44264274K(65798144K), 0.1070659 secs] [Times: user=2.13 sys=0.00, real=0.10 secs] 
2023-10-24T11:29:10.823+0800: 495493.105: [GC (Allocation Failure) 2023-10-24T11:29:10.823+0800: 495493.105: [ParNew: 8133370K->268936K(9175040K), 0.1477402 secs] 52128594K->44272400K(65798144K), 0.1480007 secs] [Times: user=1.94 sys=0.33, real=0.15 secs] 
2023-10-24T11:29:36.163+0800: 495518.444: [GC (Allocation Failure) 2023-10-24T11:29:36.163+0800: 495518.444: [ParNew: 8132785K->276710K(9175040K), 0.1013585 secs] 52136249K->44292111K(65798144K), 0.1016344 secs] [Times: user=1.00 sys=0.49, real=0.10 secs] 
2023-10-24T11:29:59.909+0800: 495542.190: [GC (Allocation Failure) 2023-10-24T11:29:59.909+0800: 495542.191: [ParNew: 8141030K->282399K(9175040K), 0.1027038 secs] 52156431K->44301412K(65798144K), 0.1030048 secs] [Times: user=1.04 sys=0.00, real=0.10 secs] 
2023-10-24T11:30:25.661+0800: 495567.942: [GC (Allocation Failure) 2023-10-24T11:30:25.661+0800: 495567.942: [ParNew: 8146719K->270582K(9175040K), 0.1052482 secs] 52165732K->44305828K(65798144K), 0.1055147 secs] [Times: user=1.01 sys=0.13, real=0.11 secs] 
2023-10-24T11:30:49.318+0800: 495591.600: [GC (Allocation Failure) 2023-10-24T11:30:49.318+0800: 495591.600: [ParNew: 8134902K->280562K(9175040K), 0.0976013 secs] 52170148K->44330114K(65798144K), 0.0978586 secs] [Times: user=2.05 sys=0.00, real=0.10 secs] 
2023-10-24T11:31:11.863+0800: 495614.144: [GC (Allocation Failure) 2023-10-24T11:31:11.863+0800: 495614.144: [ParNew: 8144882K->274871K(9175040K), 0.1027572 secs] 52194434K->44332214K(65798144K), 0.1030218 secs] [Times: user=1.02 sys=0.50, real=0.11 secs] 
2023-10-24T11:31:35.852+0800: 495638.133: [GC (Allocation Failure) 2023-10-24T11:31:35.852+0800: 495638.134: [ParNew: 8139191K->250451K(9175040K), 0.1016781 secs] 52196534K->44320360K(65798144K), 0.1019498 secs] [Times: user=2.11 sys=0.00, real=0.10 secs] 
2023-10-24T11:31:56.857+0800: 495659.139: [GC (Allocation Failure) 2023-10-24T11:31:56.858+0800: 495659.139: [ParNew: 8114771K->248511K(9175040K), 0.0970389 secs] 52184680K->44330062K(65798144K), 0.0973133 secs] [Times: user=2.08 sys=0.00, real=0.09 secs] 
2023-10-24T11:32:19.783+0800: 495682.064: [GC (Allocation Failure) 2023-10-24T11:32:19.783+0800: 495682.064: [ParNew: 8112831K->249324K(9175040K), 0.0986604 secs] 52194382K->44346587K(65798144K), 0.0989592 secs] [Times: user=1.02 sys=0.36, real=0.10 secs] 
2023-10-24T11:32:40.964+0800: 495703.245: [GC (Allocation Failure) 2023-10-24T11:32:40.964+0800: 495703.245: [ParNew: 8113644K->233166K(9175040K), 0.0996191 secs] 52210907K->44344127K(65798144K), 0.0998938 secs] [Times: user=2.10 sys=0.00, real=0.10 secs] 
2023-10-24T11:33:05.766+0800: 495728.047: [GC (Allocation Failure) 2023-10-24T11:33:05.766+0800: 495728.047: [ParNew: 8096462K->274717K(9175040K), 0.1378184 secs] 52207424K->44393421K(65798144K), 0.1381130 secs] [Times: user=1.91 sys=0.14, real=0.13 secs] 
2023-10-24T11:33:32.575+0800: 495754.857: [GC (Allocation Failure) 2023-10-24T11:33:32.576+0800: 495754.857: [ParNew: 8139037K->253611K(9175040K), 0.0948641 secs] 52257741K->44377854K(65798144K), 0.0951186 secs] [Times: user=0.98 sys=0.40, real=0.10 secs] 
2023-10-24T11:33:56.689+0800: 495778.971: [GC (Allocation Failure) 2023-10-24T11:33:56.689+0800: 495778.971: [ParNew: 8117931K->244905K(9175040K), 0.1032302 secs] 52242174K->44384618K(65798144K), 0.1034955 secs] [Times: user=2.13 sys=0.00, real=0.10 secs] 
2023-10-24T11:34:20.179+0800: 495802.460: [GC (Allocation Failure) 2023-10-24T11:34:20.179+0800: 495802.460: [ParNew: 8109225K->258277K(9175040K), 0.0980015 secs] 52248938K->44407348K(65798144K), 0.0982626 secs] [Times: user=0.98 sys=0.03, real=0.10 secs] 
2023-10-24T11:34:44.588+0800: 495826.870: [GC (Allocation Failure) 2023-10-24T11:34:44.589+0800: 495826.870: [ParNew: 8122597K->225196K(9175040K), 0.1055941 secs] 52271668K->44412005K(65798144K), 0.1058716 secs] [Times: user=0.94 sys=0.12, real=0.10 secs] 
2023-10-24T11:35:08.605+0800: 495850.886: [GC (Allocation Failure) 2023-10-24T11:35:08.605+0800: 495850.886: [ParNew: 8089516K->186946K(9175040K), 0.0959433 secs] 52276325K->44381946K(65798144K), 0.0961972 secs] [Times: user=2.09 sys=0.00, real=0.10 secs] 
2023-10-24T11:35:32.392+0800: 495874.673: [GC (Allocation Failure) 2023-10-24T11:35:32.392+0800: 495874.673: [ParNew: 8051266K->181097K(9175040K), 0.1083146 secs] 52246266K->44385078K(65798144K), 0.1085790 secs] [Times: user=1.04 sys=0.19, real=0.11 secs] 
2023-10-24T11:35:56.788+0800: 495899.069: [GC (Allocation Failure) 2023-10-24T11:35:56.788+0800: 495899.070: [ParNew: 8045417K->202887K(9175040K), 0.0976520 secs] 52249398K->44415991K(65798144K), 0.0979033 secs] [Times: user=2.09 sys=0.00, real=0.10 secs] 
2023-10-24T11:36:21.197+0800: 495923.479: [GC (Allocation Failure) 2023-10-24T11:36:21.198+0800: 495923.479: [ParNew: 8067207K->196785K(9175040K), 0.1010693 secs] 52280311K->44421113K(65798144K), 0.1013343 secs] [Times: user=2.08 sys=0.00, real=0.10 secs] 
2023-10-24T11:36:45.240+0800: 495947.522: [GC (Allocation Failure) 2023-10-24T11:36:45.240+0800: 495947.522: [ParNew: 8061105K->200212K(9175040K), 0.0970934 secs] 52285433K->44434051K(65798144K), 0.0973945 secs] [Times: user=1.97 sys=0.00, real=0.10 secs] 
2023-10-24T11:37:10.834+0800: 495973.115: [GC (Allocation Failure) 2023-10-24T11:37:10.834+0800: 495973.115: [ParNew: 8064532K->192734K(9175040K), 0.1477375 secs] 52298371K->44432029K(65798144K), 0.1480115 secs] [Times: user=0.72 sys=1.31, real=0.15 secs] 
2023-10-24T11:37:35.497+0800: 495997.778: [GC (Allocation Failure) 2023-10-24T11:37:35.497+0800: 495997.778: [ParNew: 8056422K->194169K(9175040K), 0.0955627 secs] 52295718K->44444961K(65798144K), 0.0958668 secs] [Times: user=2.06 sys=0.00, real=0.09 secs] 
2023-10-24T11:37:56.802+0800: 496019.083: [GC (Allocation Failure) 2023-10-24T11:37:56.802+0800: 496019.084: [ParNew (promotion failed): 8058489K->8057761K(9175040K), 1.4219032 secs]2023-10-24T11:37:58.224+0800: 496020.505: [CMS: 44250803K->42140570K(56623104K), 130.3129293 secs] 52309281K->42140570K(65798144K), [Metaspace: 93613K->93613K(98304K)], 131.7352408 secs] [Times: user=112.40 sys=20.41, real=131.74 secs] 
Heap
 par new generation   total 9175040K, used 496619K [0x00007f9dd2a00000, 0x00007fa052a00000, 0x00007fa052a00000)
  eden space 7864320K,   6% used [0x00007f9dd2a00000, 0x00007f9df0efad80, 0x00007f9fb2a00000)
  from space 1310720K,   0% used [0x00007fa002a00000, 0x00007fa002a00000, 0x00007fa052a00000)
  to   space 1310720K,   0% used [0x00007f9fb2a00000, 0x00007f9fb2a00000, 0x00007fa002a00000)
 concurrent mark-sweep generation total 56623104K, used 42140570K [0x00007fa052a00000, 0x00007fadd2a00000, 0x00007fadd2a00000)
 Metaspace       used 94275K, capacity 98786K, committed 98816K, reserved 100352K
