
 num     #instances         #bytes  class name
----------------------------------------------
   1:      41701222     3756762752  [C
   2:      41002195     1312070240  java.lang.String
   3:      39625257     1268008224  org.apache.hadoop.hdds.protocol.DatanodeDetails$Port
   4:      39852985      956471640  java.lang.Integer
   5:       5660751      951006168  org.apache.hadoop.hdds.protocol.DatanodeDetails
   6:       7886721      805891560  [Ljava.lang.Object;
   7:         45539      704877520  [I
   8:       5020112      653229952  [B
   9:      10751461      602081816  java.lang.ThreadLocal$ThreadLocalMap$Entry
  10:       7389400      295576000  java.util.ArrayList
  11:       3968595      253990080  java.util.LinkedHashMap$Entry
  12:          2186      215023600  [Ljava.lang.ThreadLocal$ThreadLocalMap$Entry;
  13:       6228568      199314176  java.util.UUID
  14:       1135245      174083624  [Ljava.util.HashMap$Node;
  15:       4044874      161794960  java.util.concurrent.ConcurrentSkipListMap$Node
  16:       3395642      135825680  java.util.LinkedList$Node
  17:       3406333      109002656  com.google.protobuf.LiteralByteString
  18:       3285978      105151296  org.apache.ratis.server.protocol.TermIndex$1
  19:       3285961      105150752  org.apache.ratis.server.raftlog.LogEntryHeader$1
  20:       3285961      105150752  org.apache.ratis.server.raftlog.segmented.LogSegment$LogRecord
  21:       3231080      103394560  org.apache.hadoop.metrics2.util.SampleQuantiles$SampleItem
  22:       1109397       97626936  java.util.LinkedHashMap
  23:       1345590       86117760  org.apache.hadoop.hdds.protocol.proto.HddsProtos$Port
  24:           642       61052256  [Ljava.util.concurrent.ConcurrentHashMap$Node;
  25:        604210       58004160  com.google.common.cache.LocalCache$StrongAccessWriteEntry
  26:        533751       51240096  org.apache.hadoop.hdds.scm.pipeline.Pipeline
  27:       2030581       48733944  java.lang.Double
  28:        262144       46137344  org.apache.logging.log4j.core.async.RingBufferLogEvent
  29:        513336       41066880  org.apache.hadoop.ozone.protocol.proto.OzoneManagerProtocolProtos$OzoneAclInfo
  30:       1134383       38009040  [J
  31:       1109007       35488224  java.util.BitSet
  32:       1096770       35096640  java.time.Instant
  33:         19918       29478640  org.apache.hadoop.ozone.protocol.proto.OzoneManagerProtocolProtos$OMResponse$Builder
  34:        356911       28552880  java.nio.DirectByteBuffer
  35:        680109       27204360  java.util.concurrent.ConcurrentSkipListMap$Index
  36:        554590       26620320  org.apache.hadoop.ozone.OzoneAcl
  37:       1067802       25627248  java.util.LinkedHashMap$LinkedKeySet
  38:        397267       25425088  java.util.HashMap
  39:        192228       24605184  org.apache.hadoop.hdds.protocol.proto.HddsProtos$DatanodeDetailsProto
  40:        357529       22881856  org.apache.ratis.proto.RaftProtos$CommitInfoProto
  41:        476097       19043880  com.google.protobuf.UnknownFieldSet$Builder
  42:        569323       18218336  java.util.Collections$UnmodifiableRandomAccessList
  43:         19926       16259616  org.apache.hadoop.ozone.protocol.proto.OzoneManagerProtocolProtos$OMRequest
  44:         19927       15622768  org.apache.hadoop.ozone.protocol.proto.OzoneManagerProtocolProtos$OMResponse
  45:          9960       15378240  org.apache.hadoop.ozone.protocol.proto.OzoneManagerProtocolProtos$OMRequest$Builder
  46:        229361       14679104  org.apache.hadoop.hdds.protocol.proto.HddsProtos$UUID
  47:        584385       14025240  java.lang.Long
  48:        164927       13194160  java.util.stream.ReferencePipeline$Head
  49:        539604       12950496  org.apache.hadoop.hdds.scm.pipeline.PipelineID
  50:        322870       12914800  java.net.InetAddress$InetAddressHolder
  51:        534136       12819264  java.lang.ThreadLocal
  52:        527985       12671640  com.google.common.cache.LocalCache$StrongValueReference
  53:        262146       12583008  org.apache.logging.log4j.util.SortedArrayStringMap
  54:         46459       11150160  org.apache.hadoop.ozone.protocol.proto.OzoneManagerProtocolProtos$BucketInfo$Builder
  55:        264918       10596720  java.util.ArrayList$Itr
  56:        119173       10487224  org.apache.ratis.protocol.RaftClientReply
  57:        322867       10331744  java.net.Inet4Address
  58:        298591        9555160  [Ljava.net.InetAddress;
  59:        298306        9545792  java.net.InetAddress$CacheEntry
  60:        118010        9440800  java.nio.DirectByteBufferR
  61:         46459        9291800  org.apache.hadoop.ozone.protocol.proto.OzoneManagerProtocolProtos$BucketInfo
  62:        164537        9214072  java.util.stream.Collectors$CollectorImpl
  63:        164537        9214072  java.util.stream.ReduceOps$3
  64:        282050        9025600  org.apache.logging.log4j.core.time.MutableInstant
  65:        120901        8704872  org.apache.ratis.thirdparty.com.google.common.cache.LocalCache$StrongWriteEntry
  66:        178732        8579136  java.util.HashMap$Node
  67:        262144        8388608  org.apache.logging.log4j.core.async.AsyncLoggerConfigDisruptor$Log4jEventWrapper
  68:        259845        8315040  java.util.concurrent.CompletableFuture
  69:        164537        7897776  java.util.stream.ReduceOps$3ReducingSink
  70:         42503        7480528  org.apache.hadoop.ozone.om.helpers.OmBucketInfo
  71:        150249        7211952  java.util.LinkedList
  72:        172755        6667032  [Ljava.lang.String;
  73:         31252        6000384  org.apache.hadoop.ozone.protocol.proto.OzoneManagerProtocolProtos$KeyInfo
  74:        177862        5691584  org.apache.ratis.util.MemoizedSupplier
  75:        118017        5664816  org.apache.hadoop.hdds.utils.db.CodecBuffer
  76:         47207        5287184  org.apache.hadoop.ozone.protocol.proto.OzoneManagerProtocolProtos$DirectoryInfo
  77:         59818        5263984  sun.nio.cs.UTF_8$Encoder
  78:         81187        5195968  sun.nio.cs.UTF_8$Decoder
  79:         91676        5133856  java.nio.HeapByteBuffer
  80:         69046        4971312  com.google.protobuf.CodedInputStream
  81:        119174        4766960  org.apache.ratis.protocol.Message$1
  82:        119173        4766920  org.apache.ratis.server.impl.RetryCacheImpl$CacheEntry
  83:         48729        4677984  java.util.stream.ReferencePipeline$3
  84:        143643        4596576  org.apache.ratis.thirdparty.com.google.protobuf.ByteString$LiteralByteString
  85:         31217        4495248  org.apache.hadoop.hdds.protocol.proto.HddsProtos$Pipeline
  86:        136873        4379936  java.lang.StringBuilder
  87:        129973        4159136  org.apache.hadoop.hdds.utils.db.cache.CacheResult
  88:          5855        4121920  org.apache.hadoop.hdds.protocol.proto.StorageContainerLocationProtocolProtos$ScmContainerLocationRequest$Builder
  89:         68549        3838744  sun.nio.fs.UnixPath
  90:         95635        3825400  java.util.stream.Collectors$$Lambda$85/103787801
  91:        119173        3813536  org.apache.ratis.protocol.ClientInvocationId
  92:         47206        3776480  org.apache.hadoop.ozone.om.helpers.OmDirectoryInfo
  93:         59005        3776320  java.nio.StringCharBuffer
  94:         91520        3660800  java.util.ArrayList$ArrayListSpliterator
  95:         44859        3588720  org.apache.hadoop.ozone.security.acl.RequestContext
  96:         22034        3525440  org.apache.hadoop.ipc.Server$RpcCall
  97:         85997        3439880  org.apache.hadoop.hdds.security.OMPassWordManager$PasswordItem
  98:         28551        3426120  org.apache.hadoop.ozone.om.helpers.OmVolumeArgs
  99:         70986        3407328  java.util.concurrent.ConcurrentHashMap$Node
 100:        141816        3403584  org.apache.ratis.thirdparty.com.google.common.cache.LocalCache$StrongValueReference
 101:         31262        3251248  org.apache.hadoop.ozone.protocol.proto.OzoneManagerProtocolProtos$KeyLocation
 102:        130376        3129024  org.apache.hadoop.hdds.utils.db.cache.CacheKey
 103:         32207        3091872  org.apache.ratis.thirdparty.io.netty.buffer.PoolSubpage
 104:         62826        3015648  java.util.concurrent.locks.ReentrantLock$NonfairSync
 105:         30286        2907456  io.netty.buffer.PoolSubpage
 106:        119174        2860176  org.apache.ratis.protocol.Message$$Lambda$633/1234023544
 107:         59005        2832240  org.apache.hadoop.hdds.utils.db.StringCodecBase$$Lambda$176/169049466
 108:         12179        2728096  org.apache.hadoop.ipc.Server$Connection
 109:         17647        2682344  org.apache.hadoop.hdds.protocol.proto.HddsProtos$DatanodeDetailsProto$Builder
 110:         15183        2594000  java.lang.Class
 111:         53280        2557440  java.util.LinkedList$ListItr
 112:         53103        2548944  org.apache.ratis.thirdparty.io.netty.buffer.ByteBufInputStream
 113:         53103        2548944  org.apache.ratis.thirdparty.io.netty.buffer.UnpooledDuplicatedByteBuf
 114:        101533        2436792  java.util.stream.Collectors$$Lambda$86/1205580258
 115:         37070        2372480  org.apache.hadoop.hdds.protocol.proto.HddsProtos$PipelineID
 116:         32769        2359368  org.apache.hadoop.hdds.protocol.proto.HddsProtos$ECReplicationConfig
 117:          5854        2341600  org.apache.hadoop.hdds.protocol.proto.StorageContainerLocationProtocolProtos$ScmContainerLocationResponse
 118:           485        2300992  [Ljava.nio.ByteBuffer;
 119:         17908        2292224  org.apache.hadoop.hdds.protocol.DatanodeDetails$Builder
 120:         31252        2250144  org.apache.hadoop.ozone.protocol.proto.OzoneManagerProtocolProtos$KeyLocationList
 121:          5858        2249472  org.apache.hadoop.hdds.protocol.proto.StorageContainerLocationProtocolProtos$ScmContainerLocationRequest
 122:         13822        2211520  java.lang.reflect.Method
 123:         12250        2156000  sun.nio.ch.SocketChannelImpl
 124:         36357        2035992  java.util.LinkedHashMap$LinkedKeyIterator
 125:         31262        2000768  org.apache.hadoop.hdds.protocol.proto.HddsProtos$BlockID
 126:         31262        2000768  org.apache.hadoop.hdds.protocol.proto.HddsProtos$ContainerBlockID
 127:         61801        1977632  org.apache.hadoop.hdds.utils.CompositeKey
 128:         20043        1924128  java.util.stream.ReferencePipeline$2
 129:         59996        1919872  com.codahale.metrics.WeightedSnapshot$WeightedSample
 130:         59005        1888160  org.apache.hadoop.hdds.utils.db.TypedTable$$Lambda$177/1183572822
 131:         25725        1852200  org.apache.hadoop.thirdparty.protobuf.CodedInputStream$ArrayDecoder
 132:         32805        1837080  org.apache.ratis.thirdparty.com.google.common.cache.LocalCache$WeakValueReference
 133:         56922        1821504  org.apache.hadoop.ozone.om.lock.LockUsageInfo
 134:         24982        1798704  org.apache.ratis.proto.RaftProtos$LogEntryProto
 135:         15808        1770496  org.apache.hadoop.ipc.protobuf.RpcHeaderProtos$RpcResponseHeaderProto
 136:          2560        1740800  io.netty.util.internal.shaded.org.jctools.queues.MpscArrayQueue
 137:        107801        1724816  java.lang.Object
 138:         23805        1713960  org.apache.ratis.thirdparty.com.google.common.cache.LocalCache$StrongAccessEntry
 139:         53553        1713696  org.apache.hadoop.thirdparty.protobuf.ByteString$LiteralByteString
 140:         52329        1674528  java.util.concurrent.locks.ReentrantReadWriteLock$Sync$HoldCounter
 141:         15855        1648920  org.apache.hadoop.ipc.protobuf.RpcHeaderProtos$RpcRequestHeaderProto
 142:         32810        1574880  org.apache.ratis.thirdparty.com.google.common.cache.LocalCache$StrongEntry
 143:         10240        1561312  [Ljava.util.WeakHashMap$Entry;
 144:         48729        1559328  java.util.stream.ReferencePipeline$3$1
 145:         38118        1524720  javax.security.auth.Subject$SecureSet
 146:         62782        1506768  java.util.concurrent.locks.ReentrantLock
 147:          1160        1465536  [Lorg.apache.ratis.thirdparty.io.netty.buffer.PoolSubpage;
 148:         20341        1464552  java.security.AccessControlContext
 149:          5896        1462208  org.apache.hadoop.ozone.protocol.proto.OzoneManagerProtocolProtos$KeyInfo$Builder
 150:         59007        1416168  org.apache.hadoop.hdds.utils.db.TypedTable$$Lambda$172/1729171313
 151:         21966        1405824  org.apache.hadoop.ozone.protocol.proto.OzoneManagerProtocolProtos$OzoneFileStatusProto
 152:         24650        1380400  org.apache.ratis.thirdparty.io.netty.buffer.PoolThreadCache$MemoryRegionCache$Entry
 153:          9953        1353608  org.apache.logging.log4j.core.impl.Log4jLogEvent
 154:          9953        1353608  org.apache.logging.log4j.core.impl.Log4jLogEvent$Builder
 155:         31989        1279560  org.apache.hadoop.hdds.client.ECReplicationConfig
 156:         38132        1220224  java.util.Collections$SynchronizedSet
 157:         37320        1194240  java.util.Arrays$ArrayList
 158:         28882        1155280  org.apache.ratis.thirdparty.io.netty.util.Recycler$DefaultHandle
 159:         12992        1143296  org.apache.ratis.proto.RaftProtos$StateMachineLogEntryProto
 160:          5896        1132032  org.apache.hadoop.hdds.protocol.proto.HddsProtos$Pipeline$Builder
 161:         27876        1115040  org.apache.hadoop.thirdparty.protobuf.UnknownFieldSet$Builder
 162:         22651        1087248  java.util.Hashtable$Entry
 163:         16079        1029056  sun.nio.ch.SelectionKeyImpl
 164:         18316        1025696  java.util.HashMap$KeyIterator
 165:         15726        1006464  java.util.TreeMap$Entry
 166:         24798         991920  java.net.InetSocketAddress$InetSocketAddressHolder
 167:         24338         973520  org.apache.ratis.protocol.ClientId
 168:         30080         962560  java.util.Collections$UnmodifiableCollection$1
 169:         10002         960192  [Lorg.apache.hadoop.ipc.ProcessingDetails$Timing;
 170:         14953         956992  org.apache.hadoop.ozone.security.acl.OzoneObjInfo
 171:         11894         951520  java.util.TreeMap
 172:          5907         945120  org.apache.hadoop.ozone.protocol.proto.OzoneManagerProtocolProtos$KeyArgs
 173:         12292         916736  [Ljava.nio.channels.SelectionKey;
 174:          5900         896800  org.apache.hadoop.ozone.om.helpers.OmKeyInfo
 175:         15807         885192  org.apache.hadoop.thirdparty.protobuf.CodedOutputStream$OutputStreamEncoder
 176:         36565         877560  java.util.concurrent.atomic.AtomicInteger
 177:         12180         876960  org.apache.hadoop.ipc.protobuf.IpcConnectionContextProtos$UserInformationProto
 178:         21921         876840  com.google.protobuf.CodedOutputStream
 179:         15191         850696  java.nio.HeapCharBuffer
 180:          5854         842976  org.apache.hadoop.hdds.protocol.proto.HddsProtos$ContainerInfoProto
 181:         12706         813184  org.apache.hadoop.security.User
 182:         19958         797976  [Lorg.apache.hadoop.ozone.om.request.validation.ValidationCondition;
 183:         19913         796520  java.util.Spliterators$ArraySpliterator
 184:          9855         788400  org.apache.hadoop.ipc.protobuf.ProtobufRpcEngine2Protos$RequestHeaderProto
 185:         12250         784000  sun.nio.ch.SocketAdaptor
 186:         12180         779520  org.apache.hadoop.ipc.protobuf.IpcConnectionContextProtos$IpcConnectionContextProto
 187:         24341         778912  org.apache.ratis.protocol.RaftId$$Lambda$184/971256592
 188:          5853         749184  org.apache.hadoop.hdds.scm.container.ContainerInfo
 189:         30399         729576  java.util.LinkedHashSet
 190:          9954         716688  org.apache.hadoop.ozone.audit.AuditMessage$$Lambda$696/1209283502
 191:         22197         710304  org.apache.hadoop.ipc.ProcessingDetails
 192:          9844         708768  javax.security.auth.SubjectDomainCombiner$WeakKeyValueMap
 193:         28525         684600  org.apache.hadoop.ozone.om.helpers.OmVolumeArgs$$Lambda$663/1289206503
 194:         28525         684600  org.apache.hadoop.ozone.om.helpers.OmVolumeArgs$$Lambda$664/1364365862
 195:         11990         671440  org.apache.ratis.proto.RaftProtos$MetadataProto
 196:          6168         641472  org.apache.hadoop.ozone.om.helpers.OmKeyArgs
 197:         20043         641376  java.util.stream.ReferencePipeline$2$1
 198:         19913         637216  org.apache.hadoop.ozone.om.request.validation.RequestValidations$$Lambda$738/953065786
 199:         11332         634592  java.util.concurrent.locks.AbstractQueuedSynchronizer$Node
 200:          9856         630784  org.apache.hadoop.thirdparty.protobuf.SmallSortedMap$1
 201:         25655         615720  org.apache.hadoop.ipc.RpcWritable$ProtobufWrapperLegacy
 202:         12706         609888  javax.security.auth.Subject
 203:          9292         594688  org.apache.hadoop.ozone.om.ResolvedBucket
 204:         24757         594168  java.net.InetSocketAddress
 205:         24341         584184  org.apache.ratis.protocol.RaftId$$Lambda$182/1261321871
 206:         10325         578200  org.apache.hadoop.thirdparty.protobuf.UnknownFieldSet$Field
 207:         10084         564704  java.util.LinkedHashMap$LinkedEntryIterator
 208:          4391         562048  org.apache.ratis.thirdparty.io.netty.buffer.PooledUnsafeDirectByteBuf
 209:          5853         561888  org.apache.hadoop.hdds.scm.pipeline.Pipeline$Builder
 210:          9854         551824  org.apache.hadoop.ipc.Server$RpcCall$ResponseParams
 211:         22830         547920  java.util.concurrent.atomic.AtomicReference
 212:         13258         530320  java.util.AbstractList$Itr
 213:          5985         526680  org.apache.hadoop.ipc.protobuf.ProtobufRpcEngineProtos$RequestHeaderProto$Builder
 214:         21836         524064  org.apache.hadoop.ipc.RpcWritable$Buffer
 215:         10903         523344  java.util.Collections$UnmodifiableMap
 216:         16645         514840  [Ljava.lang.Class;
 217:         15409         493088  org.apache.commons.lang3.tuple.ImmutablePair
 218:         12309         492360  java.io.FileDescriptor
 219:         20333         487992  java.util.Optional
 220:          5988         479040  org.apache.hadoop.ipc.protobuf.ProtobufRpcEngineProtos$RequestHeaderProto
 221:          5987         478960  org.apache.hadoop.ipc.Client$Call
 222:         14953         478496  com.google.common.collect.Sets$2
 223:          9844         472512  javax.security.auth.SubjectDomainCombiner
 224:          5896         471680  org.apache.hadoop.hdds.protocol.proto.HddsProtos$BlockID$Builder
 225:         11664         466560  org.apache.hadoop.ozone.om.helpers.OzoneFileStatus
 226:         10990         453560  [Ljava.security.ProtectionDomain;
 227:           640         435200  org.apache.ratis.thirdparty.io.netty.util.internal.shaded.org.jctools.queues.MpscArrayQueue
 228:          5987         431064  org.apache.hadoop.io.retry.RetryInvocationHandler$Call
 229:          5900         424800  org.apache.hadoop.ozone.om.helpers.OmKeyLocationInfo
 230:          5898         424656  org.apache.hadoop.ozone.om.helpers.OmKeyLocationInfo$Builder
 231:          5896         424512  org.apache.hadoop.hdds.protocol.proto.HddsProtos$ContainerBlockID$Builder
 232:         10277         411080  java.lang.ref.ReferenceQueue
 233:         17037         408888  java.util.HashSet
 234:         12703         406496  org.apache.hadoop.security.UserGroupInformation
 235:          9954         398160  org.apache.hadoop.ozone.audit.AuditMessage
 236:          9854         394160  org.apache.hadoop.ipc.ProtobufRpcEngine2$RpcProtobufRequest
 237:           832         390656  [Lio.netty.buffer.PoolSubpage;
 238:         15987         383688  java.lang.Boolean
 239:         11748         375936  org.apache.ratis.thirdparty.io.netty.buffer.IntPriorityQueue
 240:          5858         374912  org.apache.hadoop.hdds.protocol.proto.StorageContainerLocationProtocolProtos$GetContainerWithPipelineBatchRequestProto
 241:          5854         374656  org.apache.hadoop.hdds.protocol.proto.HddsProtos$ContainerWithPipeline
 242:         14953         358872  org.apache.hadoop.ozone.om.OmMetadataReader$$Lambda$665/2116476467
 243:          6203         347368  java.util.ArrayList$SubList
 244:          2540         345440  java.lang.reflect.Constructor
 245:          3922         345008  [S
 246:         10400         332800  java.util.concurrent.LinkedBlockingQueue$Node
 247:           539         332144  [Ljava.util.Hashtable$Entry;
 248:          4608         331776  io.netty.buffer.PoolChunkList
 249:          4608         331776  org.apache.ratis.thirdparty.io.netty.buffer.PoolChunkList
 250:          4128         330240  java.util.concurrent.locks.ReentrantReadWriteLock$NonfairSync
 251:          5854         327824  org.apache.hadoop.hdds.protocol.proto.StorageContainerLocationProtocolProtos$GetContainerWithPipelineBatchResponseProto
 252:          9918         317376  [Ljava.io.Closeable;
 253:          9856         315392  org.apache.hadoop.thirdparty.protobuf.FieldSet
 254:          9834         314688  org.apache.hadoop.ipc.ProtobufRpcEngine2$Server$CallInfo
 255:          9829         314528  javax.security.auth.Subject$2
 256:          6203         297744  java.util.ArrayList$SubList$1
 257:          6184         296832  org.apache.hadoop.ipc.ResponseBuffer
 258:           497         294224  org.apache.ratis.thirdparty.io.netty.util.internal.shaded.org.jctools.queues.MpscChunkedArrayQueue
 259:         12254         294096  java.nio.channels.spi.AbstractInterruptibleChannel$1
 260:          5999         287952  java.util.concurrent.SynchronousQueue$TransferQueue$QNode
 261:          5984         287232  com.google.protobuf.GeneratedMessage$ExtendableMessage$ExtensionWriter
 262:         11707         280968  org.apache.hadoop.hdds.scm.container.ContainerID
 263:         10908         261792  java.util.HashMap$EntrySet
 264:          4020         257280  org.apache.hadoop.ozone.protocol.proto.OzoneManagerProtocolProtos$InfoBucketRequest
 265:         10325         247800  org.apache.hadoop.thirdparty.protobuf.UnknownFieldSet
 266:          2187         244944  io.netty.handler.codec.http2.WeightedFairQueueByteDistributor$State
 267:         10150         243600  java.util.LinkedHashMap$LinkedEntrySet
 268:          5991         239640  org.apache.hadoop.io.retry.CallReturn
 269:          5987         239480  org.apache.hadoop.ipc.ProtobufRpcEngine$RpcProtobufRequest
 270:          5985         239400  org.apache.hadoop.ipc.Client$$Lambda$90/764358458
 271:          5984         239360  com.google.protobuf.SmallSortedMap$EntryIterator
 272:          9960         239040  org.apache.hadoop.ozone.protocolPB.OzoneManagerProtocolServerSideTranslatorPB$$Lambda$762/1683007406
 273:          5900         236000  org.apache.hadoop.ozone.om.helpers.OmKeyLocationInfoGroup
 274:          5898         235920  java.util.stream.Collectors$$Lambda$704/1162857330
 275:          3263         234936  org.apache.hadoop.ozone.protocol.proto.OzoneManagerProtocolProtos$LookupFileResponse$Builder
 276:          4018         225008  org.apache.hadoop.ozone.protocol.proto.OzoneManagerProtocolProtos$InfoBucketResponse
 277:          1833         219960  java.lang.reflect.Field
 278:          3167         202688  org.apache.hadoop.ipc.protobuf.RpcHeaderProtos$RPCCallerContextProto
 279:          6184         197888  org.apache.hadoop.ipc.ResponseBuffer$FramedBuffer
 280:          5989         191648  org.apache.hadoop.ipc.Client$$Lambda$89/1288052401
 281:          5937         189984  java.util.jar.Attributes$Name
 282:          5903         188896  sun.nio.fs.AbstractPath$1
 283:          5900         188800  [Lorg.apache.hadoop.ozone.om.helpers.OmKeyInfo;
 284:          5900         188800  org.apache.hadoop.hdds.client.BlockID
 285:          5900         188800  org.apache.hadoop.hdds.client.ContainerBlockID
 286:          5853         187296  org.apache.hadoop.hdds.scm.container.common.helpers.ContainerWithPipeline
 287:          3339         186984  java.lang.ref.SoftReference
 288:          3264         182784  org.apache.hadoop.ozone.protocol.proto.OzoneManagerProtocolProtos$LookupFileRequest
 289:          3259         182504  org.apache.hadoop.ozone.protocol.proto.OzoneManagerProtocolProtos$LookupFileResponse
 290:          1856         178176  java.lang.Class$ReflectionData
 291:          2186         174880  java.lang.invoke.MemberName
 292:          3549         170352  java.lang.StackTraceElement
 293:           385         166320  java.lang.Thread
 294:          4138         165520  java.util.concurrent.ConcurrentLinkedDeque$Node
 295:          4135         165400  java.util.concurrent.locks.ReentrantReadWriteLock
 296:         10279         164464  java.lang.ref.ReferenceQueue$Lock
 297:          6789         162936  java.util.HashMap$KeySet
 298:           571         159880  java.util.concurrent.atomic.Striped64$Cell
 299:          5987         143688  org.apache.hadoop.io.retry.RetryInvocationHandler$Counters
 300:          2229         142656  java.lang.ref.Finalizer
 301:          5936         142464  java.util.HashMap$Values
 302:          2513         140728  org.apache.hadoop.ozone.protocol.proto.OzoneManagerProtocolProtos$GetFileStatusRequest
 303:          2510         140560  org.apache.hadoop.ozone.protocol.proto.OzoneManagerProtocolProtos$GetFileStatusResponse
 304:          5855         140520  org.apache.hadoop.hdds.scm.protocolPB.StorageContainerLocationProtocolClientSideTranslatorPB$$Lambda$1151/331119834
 305:          5853         140472  java.time.Clock$SystemClock
 306:          5853         140472  org.apache.hadoop.hdds.scm.pipeline.Pipeline$Builder$$Lambda$680/679891435
 307:          3466         138640  org.apache.ratis.thirdparty.io.netty.util.internal.LongAdderCounter
 308:          1981         126784  java.lang.invoke.MethodType
 309:          3138         125520  io.netty.util.internal.LongAdderCounter
 310:          3856         123392  org.apache.hadoop.metrics2.MetricsTag
 311:          2156         120736  java.lang.invoke.MethodType$ConcurrentWeakInternSet$WeakEntry
 312:          2475         118800  org.apache.hadoop.ozone.om.lock.OMLockDetails
 313:           678         116664  [Ljava.lang.reflect.Method;
 314:          1110         115440  org.apache.hadoop.metrics2.lib.Interns$CacheWith2Keys$2
 315:           192         113664  io.netty.util.internal.shaded.org.jctools.queues.MpscChunkedArrayQueue
 316:           194         113296  org.apache.ratis.thirdparty.io.netty.util.internal.shaded.org.jctools.queues.MpscUnboundedArrayQueue
 317:          4699         112776  java.util.jar.Attributes
 318:           392         103392  [Lorg.apache.ratis.thirdparty.io.netty.buffer.IntPriorityQueue;
 319:           982         102128  com.google.protobuf.DescriptorProtos$FieldDescriptorProto
 320:          2496          99840  io.netty.buffer.PoolThreadCache$SubPageMemoryRegionCache
 321:          4135          99240  java.util.concurrent.locks.ReentrantReadWriteLock$ReadLock
 322:          4135          99240  java.util.concurrent.locks.ReentrantReadWriteLock$Sync$ThreadLocalHoldCounter
 323:          4135          99240  java.util.concurrent.locks.ReentrantReadWriteLock$WriteLock
 324:           981          94176  com.google.protobuf.Descriptors$FieldDescriptor
 325:          1914          91872  io.netty.util.AsciiString
 326:          2269          90760  io.netty.util.internal.DefaultPriorityQueue
 327:           384          89088  io.netty.buffer.PoolArena$DirectArena
 328:           384          89088  io.netty.buffer.PoolArena$HeapArena
 329:           384          89088  org.apache.ratis.thirdparty.io.netty.buffer.PoolArena$DirectArena
 330:           384          89088  org.apache.ratis.thirdparty.io.netty.buffer.PoolArena$HeapArena
 331:           200          88000  org.apache.hadoop.ipc.Server$Handler
 332:           827          86008  java.util.concurrent.ConcurrentHashMap
 333:          2111          84440  org.apache.hadoop.ipc.CallerContext$Builder
 334:          2589          82848  java.util.concurrent.ConcurrentLinkedQueue$Node
 335:          1468          82208  javax.management.MBeanAttributeInfo
 336:           962          76960  org.apache.ratis.thirdparty.io.netty.util.ResourceLeakDetector$TraceRecord
 337:          1373          76888  java.lang.invoke.DirectMethodHandle
 338:           431          75856  org.apache.ratis.thirdparty.io.netty.util.internal.InternalThreadLocalMap
 339:          2331          74592  java.util.ArrayDeque
 340:           814          71632  java.util.regex.Matcher
 341:          2189          70048  org.apache.hadoop.ipc.CallerContext
 342:           962          69264  org.apache.ratis.thirdparty.io.netty.util.ResourceLeakDetector$DefaultResourceLeak
 343:          1513          60520  io.netty.util.Recycler$DefaultHandle
 344:           824          59328  sun.misc.Cleaner
 345:           331          58304  [Z
 346:           803          57816  java.util.WeakHashMap$Entry
 347:          1792          57344  io.netty.buffer.IntPriorityQueue
 348:          1401          56040  org.apache.ratis.thirdparty.io.netty.buffer.SimpleLeakAwareByteBuf
 349:           965          54040  io.netty.buffer.PoolThreadCache$MemoryRegionCache$Entry
 350:           392          53312  org.apache.ratis.thirdparty.io.netty.buffer.PoolChunk
 351:            50          51864  [Lio.netty.handler.codec.http2.HpackHeaderField;
 352:           804          51456  java.util.Collections$SynchronizedSortedMap
 353:           697          50184  io.netty.channel.DefaultChannelPromise
 354:           445          49840  java.net.URL
 355:           405          48600  sun.reflect.DelegatingClassLoader
 356:           500          48000  java.lang.Package
 357:            80          46720  io.netty.util.internal.shaded.org.jctools.queues.MpscUnboundedArrayQueue
 358:           721          46144  org.apache.hadoop.ozone.protocol.proto.OzoneManagerProtocolProtos$ServicePort
 359:          1147          45880  sun.reflect.NativeConstructorAccessorImpl
 360:           412          44496  [Ljava.lang.ref.SoftReference;
 361:          1353          43296  javax.management.Attribute
 362:           898          43104  java.lang.ref.WeakReference
 363:           573          41256  org.apache.hadoop.metrics2.util.SampleStat
 364:           285          41040  java.net.URI
 365:          1277          40864  com.google.protobuf.Descriptors$DescriptorPool$DescriptorIntPair
 366:           566          40752  [Lorg.apache.hadoop.security.UserGroupInformation$AuthenticationMethod;
 367:          1250          40616  [Ljava.lang.reflect.Constructor;
 368:           390          40560  io.netty.handler.codec.http2.Http2CodecUtil$SimpleChannelPromiseAggregator
 369:           111          39112  [[C
 370:           453          37960  [[B
 371:           390          37440  java.util.stream.ReferencePipeline$7
 372:           914          36560  sun.security.util.DerInputBuffer
 373:           914          36560  sun.security.util.DerValue
 374:           413          36344  org.apache.ratis.thirdparty.io.netty.buffer.PoolThreadCache
 375:          1125          36000  java.lang.ThreadLocal$ThreadLocalMap
 376:           900          36000  sun.security.x509.RDN
 377:           641          35896  java.lang.invoke.LambdaForm$Name
 378:           558          35712  java.security.ProtectionDomain
 379:          1110          35520  org.apache.hadoop.metrics2.lib.MetricsInfoImpl
 380:           726          34848  java.math.BigInteger
 381:          1080          34560  com.google.common.base.Joiner$2
 382:           843          33720  java.util.Vector
 383:           263          33664  org.apache.logging.log4j.core.async.RingBufferLogEventTranslator
 384:           257          32896  io.netty.buffer.PooledUnsafeDirectByteBuf
 385:           582          32592  java.util.IdentityHashMap
 386:           134          31624  [Ljava.lang.StackTraceElement;
 387:           439          31608  org.apache.log4j.Logger
 388:           525          31400  [Lio.netty.util.AsciiString;
 389:           646          31008  javax.security.auth.Subject$ClassSet
 390:           645          30960  org.apache.logging.log4j.core.pattern.DatePatternConverter$CachedTime
 391:           285          29640  com.google.protobuf.DescriptorProtos$DescriptorProto
 392:           526          29456  java.util.TreeMap$EntryIterator
 393:           914          29248  sun.security.util.DerInputStream
 394:           900          28800  [Lsun.security.x509.AVA;
 395:           900          28800  sun.security.x509.AVA
 396:          1172          28128  sun.reflect.DelegatingConstructorAccessorImpl
 397:           500          28000  java.security.CodeSource
 398:           497          27832  org.apache.ratis.thirdparty.io.netty.util.Recycler$LocalPool
 399:           434          27776  java.util.Hashtable
 400:           385          27720  java.util.WeakHashMap
 401:           681          27240  java.nio.DirectByteBuffer$Deallocator
 402:           199          27064  io.grpc.netty.NettyServerStream$TransportState
 403:           662          26480  sun.reflect.annotation.AnnotationInvocationHandler
 404:           274          26304  io.netty.channel.ChannelOutboundBuffer$Entry
 405:            49          26264  [Lio.netty.handler.codec.http2.HpackEncoder$NameEntry;
 406:            49          26264  [Lio.netty.handler.codec.http2.HpackEncoder$NameValueEntry;
 407:          1081          25944  com.google.common.base.Joiner
 408:           646          25840  javax.security.auth.Subject$SecureSet$1
 409:           807          25824  org.bouncycastle.asn1.ASN1ObjectIdentifier
 410:           803          25696  org.apache.hadoop.metrics2.impl.MetricCounterLong
 411:          1067          25608  java.util.concurrent.atomic.AtomicLong
 412:           284          24992  com.google.protobuf.Descriptors$Descriptor
 413:           624          24960  org.apache.ratis.thirdparty.io.netty.buffer.PoolThreadCache$SubPageMemoryRegionCache
 414:            97          24832  org.apache.ratis.thirdparty.io.netty.channel.epoll.EpollEventLoop
 415:           512          24576  io.netty.handler.codec.CodecOutputList
 416:           511          24528  sun.security.util.ObjectIdentifier
 417:           178          24208  java.util.jar.JarFile$JarFileEntry
 418:           199          23880  io.grpc.internal.MessageDeframer
 419:           229          23816  org.apache.ratis.server.raftlog.segmented.LogSegment
 420:           211          23632  org.apache.ratis.thirdparty.com.google.protobuf.DescriptorProtos$FieldDescriptorProto
 421:           128          23552  [Lio.netty.buffer.PoolThreadCache$MemoryRegionCache;
 422:           210          23520  org.apache.ratis.thirdparty.com.google.protobuf.Descriptors$FieldDescriptor
 423:           226          23504  java.security.Provider$Service
 424:           224          23296  java.util.regex.Pattern
 425:           413          23128  io.netty.buffer.UnpooledSlicedByteBuf
 426:           130          22880  org.apache.hadoop.ozone.protocol.proto.OzoneManagerProtocolProtos$VolumeInfo$Builder
 427:           564          22560  org.apache.hadoop.security.HadoopKerberosName
 428:           915          21960  java.util.concurrent.atomic.AtomicBoolean
 429:           549          21960  java.util.concurrent.atomic.LongAdder
 430:           683          21856  java.util.concurrent.CopyOnWriteArrayList
 431:           130          21840  org.apache.hadoop.hdds.protocol.proto.ScmBlockLocationProtocolProtos$SCMBlockLocationRequest$Builder
 432:           488          21584  [Lio.netty.util.concurrent.GenericFutureListener;
 433:           571          21552  [Lcom.google.protobuf.Descriptors$FieldDescriptor;
 434:           886          21264  io.netty.handler.codec.http2.Http2Flags
 435:           531          21240  io.grpc.Context
 436:           241          21208  org.apache.hadoop.ozone.protocol.proto.OzoneManagerProtocolProtos$ServiceInfo
 437:           278          20912  [Ljava.lang.invoke.LambdaForm$Name;
 438:           420          20160  java.util.concurrent.ConcurrentSkipListMap$HeadIndex
 439:           252          20160  java.util.concurrent.ThreadPoolExecutor$Worker
 440:           131          19912  org.apache.hadoop.ozone.protocol.proto.OzoneManagerProtocolProtos$VolumeInfo
 441:           621          19872  org.apache.hadoop.metrics2.util.SampleStat$MinMax
 442:           411          19728  org.apache.ratis.thirdparty.io.netty.util.AsciiString
 443:           273          19656  java.lang.invoke.LambdaForm
 444:           223          19624  sun.security.x509.X500Name
 445:           362          19584  [Ljava.security.cert.Certificate;
 446:           242          19360  java.lang.invoke.MethodTypeForm
 447:           481          19240  java.security.Provider$ServiceKey
 448:           343          19208  io.netty.handler.codec.http2.HpackEncoder$NameValueEntry
 449:           343          19208  java.lang.invoke.BoundMethodHandle$Species_L
 450:           598          19136  org.apache.log4j.CategoryKey
 451:           199          19104  io.grpc.Context$CancellableContext
 452:           597          19104  io.grpc.PersistentHashArrayMappedTrie$Leaf
 453:           199          19104  io.grpc.internal.MessageFramer
 454:           199          19104  io.grpc.internal.ServerCallImpl
 455:           199          19104  io.grpc.netty.NettyServerStream
 456:           297          19008  com.google.protobuf.DescriptorProtos$EnumValueDescriptorProto
 457:           392          18816  org.apache.ratis.thirdparty.io.netty.buffer.LongLongHashMap
 458:           194          18624  java.util.jar.JarFile
 459:           386          18528  java.util.regex.Pattern$Curly
 460:           163          18256  org.apache.hadoop.ipc.Server$Call
 461:           118          17976  [Ljavax.management.MBeanAttributeInfo;
 462:           204          17952  sun.misc.URLClassPath$JarLoader
 463:           131          17816  org.apache.hadoop.hdds.protocol.proto.ScmBlockLocationProtocolProtos$SCMBlockLocationResponse
 464:           213          17040  sun.security.ssl.CipherSuite
 465:           526          16832  java.util.Collections$SetFromMap
 466:           296          16576  com.google.protobuf.Descriptors$EnumValueDescriptor
 467:           184          16192  java.util.logging.LogManager$LoggerWeakRef
 468:            49          16072  io.grpc.netty.NettyServerHandler
 469:            64          15872  [Lio.netty.buffer.IntPriorityQueue;
 470:           329          15792  org.eclipse.jetty.http.HttpField
 471:           159          15768  [Ljava.lang.reflect.Field;
 472:           393          15720  io.grpc.internal.CompositeReadableBuffer
 473:           131          15720  org.apache.hadoop.hdds.protocol.proto.ScmBlockLocationProtocolProtos$SCMBlockLocationRequest
 474:           327          15696  java.lang.StringCoding$StringEncoder
 475:           319          15312  sun.security.x509.AlgorithmId
 476:           106          15264  sun.security.x509.X509CertImpl
 477:           132          15088  [Lio.netty.util.internal.PriorityQueueNode;
 478:           330          14792  [Lio.grpc.PersistentHashArrayMappedTrie$Node;
 479:           131          14672  io.grpc.internal.ServerImpl$ServerTransportListenerImpl$1MethodLookup
 480:           284          14664  [Lcom.google.protobuf.GeneratedMessage$FieldAccessorTable$FieldAccessor;
 481:           260          14560  io.grpc.netty.SendResponseHeadersCommand
 482:           567          14136  [Ljava.security.Principal;
 483:           248          13888  io.netty.handler.codec.http2.DefaultHttp2RemoteFlowController$FlowState
 484:           575          13800  sun.reflect.DelegatingMethodAccessorImpl
 485:           341          13640  sun.misc.FDBigInteger
 486:           284          13632  com.google.protobuf.GeneratedMessage$FieldAccessorTable
 487:           131          13624  org.apache.hadoop.ozone.om.helpers.OmKeyArgs$Builder
 488:           425          13600  org.slf4j.impl.Reload4jLoggerAdapter
 489:           240          13440  org.apache.hadoop.ozone.om.helpers.ServiceInfo
 490:           558          13392  java.security.ProtectionDomain$Key
 491:           416          13312  java.util.concurrent.ConcurrentLinkedQueue
 492:           277          13296  java.lang.StringCoding$StringDecoder
 493:           232          12992  java.lang.invoke.DirectMethodHandle$Special
 494:           199          12736  io.grpc.internal.ServerImpl$JumpToApplicationThreadServerStreamListener
 495:           528          12672  java.util.Collections$UnmodifiableMap$UnmodifiableEntrySet
 496:           526          12624  java.util.TreeMap$EntrySet
 497:           225          12600  org.apache.logging.log4j.core.config.plugins.processor.PluginEntry
 498:            12          12576  [Ljava.util.TimerTask;
 499:           131          12576  io.grpc.internal.ServerImpl$ServerTransportListenerImpl$1HandleServerCall
 500:           223          12552  [Lsun.security.x509.RDN;
 501:           391          12512  io.grpc.Metadata
 502:           120          12480  [Ljava.util.regex.Pattern$GroupHead;
 503:           260          12480  java.util.HashMap$ValueSpliterator
 504:           390          12480  java.util.stream.ReferencePipeline$7$1
 505:           194          12416  java.util.zip.Inflater
 506:           386          12352  java.util.regex.Pattern$Ctype
 507:           509          12216  java.util.IdentityHashMap$KeySet
 508:           335          11896  [Ljavax.management.ObjectName$Property;
 509:           297          11880  java.lang.invoke.LambdaForm$NamedFunction
 510:           207          11592  java.util.zip.ZipCoder
 511:           284          11552  [Ljava.util.concurrent.atomic.Striped64$Cell;
 512:           359          11488  io.netty.util.concurrent.DefaultFutureListeners
 513:           477          11448  org.apache.hadoop.metrics2.lib.MutableRatesWithAggregation$ThreadSafeSampleStat
 514:            65          11440  io.netty.util.internal.InternalThreadLocalMap
 515:           130          11440  sun.nio.cs.US_ASCII$Encoder
 516:           476          11424  java.lang.Character
 517:           355          11360  io.netty.handler.codec.http2.HpackHeaderField
 518:           282          11280  sun.reflect.UnsafeObjectFieldAccessorImpl
 519:           199          11144  io.grpc.stub.ServerCalls$ServerCallStreamObserverImpl
 520:           199          11144  io.grpc.stub.ServerCalls$UnaryServerCallHandler$UnaryServerCallListener
 521:           106          11024  sun.security.x509.X509CertInfo
 522:            91          10920  java.util.logging.Logger
 523:           272          10880  java.lang.Class$AnnotationData
 524:           192          10752  io.netty.util.Recycler$LocalPool
 525:           268          10720  java.lang.StringBuffer
 526:           147          10584  io.netty.util.collection.IntObjectHashMap
 527:           330          10560  io.grpc.PersistentHashArrayMappedTrie$CompressedIndex
 528:           262          10480  io.grpc.Context$ExecutableListener
 529:           131          10480  io.grpc.netty.GrpcHttp2HeadersUtils$GrpcHttp2RequestHeaders
 530:           130          10400  com.google.common.collect.SingletonImmutableBiMap
 531:           254          10160  sun.reflect.NativeMethodAccessorImpl
 532:           250          10000  java.net.URI$Parser
 533:            49           9800  io.netty.channel.socket.nio.NioSocketChannel
 534:            40           9600  io.netty.channel.nio.NioEventLoop
 535:           199           9552  io.netty.handler.codec.http2.DefaultHttp2Connection$DefaultStream
 536:           108           9504  com.google.protobuf.GeneratedMessage$FieldAccessorTable$SingularMessageFieldAccessor
 537:           132           9504  org.apache.hadoop.ozone.protocol.proto.OzoneManagerProtocolProtos$S3Authentication
 538:           296           9472  io.netty.handler.codec.http2.Http2InboundFrameLogger$1
 539:           118           9440  javax.management.MBeanInfo
 540:           131           9432  io.netty.handler.codec.http2.DefaultHttp2FrameReader$1
 541:           131           9432  org.apache.hadoop.ozone.protocol.proto.OzoneManagerProtocolProtos$GetKeyInfoResponse
 542:           168           9408  javax.management.ObjectName
 543:           235           9400  javax.management.ImmutableDescriptor
 544:           130           9360  io.netty.handler.codec.http2.DefaultHttp2ConnectionEncoder$FlowControlledData
 545:           130           9360  org.apache.hadoop.hdds.protocol.proto.ScmBlockLocationProtocolProtos$SortDatanodesRequestProto$Builder
 546:           129           9288  io.netty.handler.codec.http2.DefaultHttp2ConnectionEncoder$FlowControlledHeaders
 547:           287           9160  [Lcom.google.protobuf.Descriptors$Descriptor;
 548:           225           9000  org.apache.logging.log4j.core.config.plugins.util.PluginType
 549:             9           8896  [Lorg.apache.ratis.thirdparty.io.netty.handler.codec.http2.HpackHeaderField;
 550:            69           8832  org.apache.ratis.thirdparty.com.google.protobuf.DescriptorProtos$DescriptorProto
 551:           121           8712  org.apache.ratis.thirdparty.io.netty.util.collection.IntObjectHashMap
 552:            64           8704  io.netty.buffer.PoolChunk
 553:           361           8664  java.util.LinkedHashMap$LinkedValues
 554:            19           8512  org.apache.ratis.thirdparty.io.netty.util.concurrent.FastThreadLocalThread
 555:           262           8384  io.grpc.netty.NettyReadableBuffer
 556:           131           8384  io.netty.handler.codec.http2.HpackDecoder$Http2HeadersSink
 557:           131           8384  org.apache.hadoop.hdds.protocol.proto.ScmBlockLocationProtocolProtos$SortDatanodesRequestProto
 558:           261           8352  io.netty.handler.codec.http2.WeightedFairQueueByteDistributor$ParentChangedEvent
 559:           260           8320  io.grpc.netty.GrpcHttp2OutboundHeaders
 560:           130           8320  org.eclipse.jetty.io.ByteBufferPool$Bucket
 561:           256           8192  org.eclipse.jetty.http.HttpTokens$Token
 562:            68           8160  org.apache.ratis.thirdparty.com.google.protobuf.Descriptors$Descriptor
 563:           199           7960  io.grpc.internal.SerializingExecutor
 564:           199           7960  io.grpc.internal.ServerCallImpl$ServerStreamListenerImpl
 565:           199           7960  java.util.concurrent.locks.AbstractQueuedSynchronizer$ConditionObject
 566:           248           7936  io.netty.handler.codec.http2.DefaultHttp2Connection$DefaultStream$PropertyMap
 567:           246           7872  sun.nio.ch.Util$BufferCache
 568:            49           7840  io.grpc.netty.NettyServerTransport
 569:           245           7840  io.netty.handler.codec.http2.DefaultHttp2Connection$DefaultPropertyKey
 570:           196           7840  io.netty.handler.codec.http2.HpackEncoder$NameEntry
 571:           121           7744  org.apache.hadoop.ozone.protocol.proto.OzoneManagerProtocolProtos$OMRoleInfo
 572:           241           7712  javax.management.ObjectName$Property
 573:           320           7680  java.util.concurrent.CopyOnWriteArraySet
 574:           120           7680  org.apache.hadoop.hdds.scm.ha.SCMNodeInfo
 575:           120           7680  org.apache.hadoop.ozone.protocol.proto.OzoneManagerProtocolProtos$ServicePort$Builder
 576:           106           7632  sun.security.util.MemoryCache$SoftCacheEntry
 577:           231           7392  java.util.regex.Pattern$GroupHead
 578:           231           7392  java.util.regex.Pattern$GroupTail
 579:           132           7392  org.apache.hadoop.ozone.protocol.proto.OzoneManagerProtocolProtos$GetKeyInfoRequest
 580:           102           7344  sun.nio.ch.IOVecWrapper
 581:           131           7336  io.netty.handler.codec.http2.DefaultHttp2LocalFlowController$DefaultState
 582:           131           7336  org.apache.hadoop.hdds.protocol.proto.ScmBlockLocationProtocolProtos$SortDatanodesResponseProto
 583:           229           7328  org.apache.ratis.server.raftlog.segmented.LogSegment$LogEntryLoader
 584:           183           7320  org.apache.hadoop.metrics2.lib.MutableCounterLong
 585:           152           7296  com.sun.jmx.mbeanserver.ConvertingMethod
 586:           130           7280  io.grpc.netty.SendGrpcFrameCommand
 587:            90           7200  io.netty.buffer.PooledSlicedByteBuf
 588:           287           7144  [Lcom.google.protobuf.Descriptors$EnumDescriptor;
 589:           223           7136  java.util.Date
 590:           222           7104  java.io.ExpiringCache$Entry
 591:            52           7072  org.apache.hadoop.hdds.utils.db.managed.ManagedColumnFamilyOptions
 592:            98           7056  io.netty.handler.codec.http2.DefaultHttp2Connection$DefaultEndpoint
 593:           291           6984  org.apache.ratis.thirdparty.io.netty.channel.unix.FileDescriptor
 594:           136           6896  [Lorg.apache.ratis.thirdparty.com.google.protobuf.Descriptors$FieldDescriptor;
 595:            58           6872  [Ljava.lang.invoke.MethodHandle;
 596:            57           6840  sun.nio.ch.EPollSelectorImpl
 597:           142           6816  java.util.concurrent.CountDownLatch$Sync
 598:           142           6816  java.util.logging.LogManager$LogNode
 599:           120           6720  org.apache.hadoop.ozone.om.helpers.ServiceInfo$Builder
 600:           166           6640  sun.reflect.generics.tree.SimpleClassTypeSignature
 601:            92           6624  sun.security.rsa.RSAPublicKeyImpl
 602:           273           6552  java.lang.Byte
 603:           136           6528  com.google.common.base.Stopwatch
 604:            58           6496  javax.management.openmbean.OpenMBeanAttributeInfoSupport
 605:           199           6368  io.grpc.Contexts$ContextualizedServerCallListener
 606:           199           6368  org.apache.hadoop.ozone.grpc.metrics.GrpcMetricsServerRequestInterceptor$1
 607:           199           6368  org.apache.hadoop.ozone.grpc.metrics.GrpcMetricsServerResponseInterceptor$1
 608:           159           6360  org.apache.log4j.ProvisionNode
 609:           132           6336  org.apache.hadoop.metrics2.impl.MetricsRecordImpl
 610:           131           6288  io.grpc.internal.ServerImpl$JumpToApplicationThreadServerStreamListener$1MessagesAvailable
 611:           261           6264  javax.security.auth.Subject$1
 612:             4           6240  [Lio.netty.buffer.PoolArena;
 613:             4           6240  [Lorg.apache.ratis.thirdparty.io.netty.buffer.PoolArena;
 614:           130           6240  io.grpc.internal.ServerImpl$JumpToApplicationThreadServerStreamListener$1Closed
 615:           130           6240  io.netty.channel.CoalescingBufferQueue
 616:           130           6240  java.util.Spliterators$IteratorSpliterator
 617:            78           6240  org.eclipse.jetty.http.HttpHeader
 618:           256           6144  java.lang.Short
 619:           128           6144  org.apache.ratis.thirdparty.io.netty.handler.codec.CodecOutputList
 620:           190           6080  java.util.regex.Pattern$BitClass
 621:            83           5976  java.util.Properties
 622:            62           5952  java.beans.MethodDescriptor
 623:            57           5928  sun.nio.ch.EPollArrayWrapper
 624:           148           5920  io.grpc.Status
 625:            32           5888  [Lorg.apache.ratis.thirdparty.io.netty.buffer.PoolThreadCache$MemoryRegionCache;
 626:            56           5824  java.util.concurrent.ScheduledThreadPoolExecutor$ScheduledFutureTask
 627:           102           5712  java.util.Collections$SynchronizedMap
 628:           236           5664  com.sun.proxy.$Proxy2
 629:           177           5664  org.apache.hadoop.hdds.utils.ProtocolMessageMetrics$MetricName
 630:            64           5632  io.netty.buffer.PoolThreadCache
 631:            37           5624  [Lorg.eclipse.jetty.http.HttpField;
 632:            37           5624  java.util.GregorianCalendar
 633:            41           5576  org.apache.hadoop.metrics2.lib.MutableRate
 634:            99           5544  org.apache.ratis.thirdparty.io.netty.util.concurrent.DefaultPromise
 635:           173           5536  com.codahale.metrics.LongAdderProxy$JdkProvider$1
 636:            49           5488  io.grpc.internal.TransportTracer
 637:            49           5488  io.netty.channel.socket.nio.NioSocketChannel$NioSocketChannelConfig
 638:            12           5376  java.util.TimerThread
 639:           168           5376  java.util.regex.Pattern$Start
 640:           167           5344  com.sun.jmx.mbeanserver.NamedObject
 641:            74           5328  java.util.EnumMap
 642:           131           5240  com.google.common.util.concurrent.SettableFuture
 643:           131           5240  com.google.protobuf.TextFormat$TextGenerator
 644:           131           5240  io.grpc.internal.AbstractStream$TransportState$1RequestRunnable
 645:           131           5240  io.grpc.internal.ServerImpl$JumpToApplicationThreadServerStreamListener$1HalfClosed
 646:           131           5240  io.grpc.internal.ServerImpl$JumpToApplicationThreadServerStreamListener$1OnReady
 647:           131           5240  io.grpc.internal.ServerImpl$ServerTransportListenerImpl$ServerCallParameters
 648:           131           5240  io.grpc.netty.NettyServerStream$TransportState$1
 649:           109           5232  java.util.regex.Pattern$Branch
 650:           130           5200  io.grpc.protobuf.lite.ProtoInputStream
 651:            50           5200  io.netty.channel.DefaultChannelPipeline$HeadContext
 652:           130           5200  org.apache.hadoop.ozone.om.KeyManagerImpl$$Lambda$1161/264942312
 653:           130           5200  org.apache.hadoop.ozone.om.helpers.KeyInfoWithVolumeContext
 654:           130           5200  org.apache.hadoop.ozone.om.helpers.KeyInfoWithVolumeContext$Builder
 655:           216           5184  java.util.concurrent.ConcurrentHashMap$EntrySetView
 656:            18           5184  org.eclipse.jetty.server.Request
 657:            43           5160  org.apache.hadoop.metrics2.impl.MetricsSourceAdapter
 658:            13           5112  [Ljava.lang.Thread;
 659:           109           5112  [Ljava.util.regex.Pattern$Node;
 660:            49           5096  io.grpc.internal.KeepAliveManager
 661:           159           5088  sun.nio.ch.AllocatedNativeObject
 662:            32           4864  [Lio.netty.handler.codec.CodecOutputList;
 663:            14           4848  [[Ljava.lang.String;
 664:           151           4832  java.util.regex.Pattern$Slice
 665:            50           4800  io.netty.channel.DefaultChannelHandlerContext
 666:            50           4800  io.netty.channel.DefaultChannelPipeline$TailContext
 667:            50           4800  io.netty.util.concurrent.ScheduledFutureTask
 668:            60           4800  java.util.concurrent.ConcurrentSkipListMap
 669:           199           4776  io.grpc.internal.MessageFramer$OutputStreamAdapter
 670:           199           4776  io.grpc.netty.NettyServerStream$Sink
 671:           199           4776  io.grpc.netty.NettyWritableBufferAllocator
 672:           149           4768  java.util.regex.Pattern$Single
 673:           148           4736  org.eclipse.jetty.util.component.ContainerLifeCycle$Bean
 674:           118           4720  java.beans.MethodRef
 675:            84           4704  com.codahale.metrics.EWMA
 676:            49           4704  io.netty.channel.AdaptiveRecvByteBufAllocator$HandleImpl
 677:            49           4704  io.netty.handler.codec.http2.DefaultHttp2ConnectionDecoder
 678:           194           4656  java.util.zip.ZStreamRef
 679:             2           4624  [Lorg.eclipse.jetty.http.HttpStatus$Code;
 680:           189           4536  java.util.Collections$UnmodifiableSet
 681:           166           4520  [Lsun.reflect.generics.tree.TypeArgument;
 682:            16           4480  java.util.concurrent.ConcurrentHashMap$CounterCell
 683:            80           4480  sun.management.DiagnosticCommandArgumentInfo
 684:            37           4440  sun.util.calendar.Gregorian$Date
 685:           139           4432  [Ljava.util.Map$Entry;
 686:            92           4416  java.security.Permissions
 687:           159           4408  [Lcom.sun.jmx.mbeanserver.MXBeanMapping;
 688:            50           4400  io.netty.channel.ChannelOutboundBuffer
 689:            50           4400  io.netty.channel.DefaultChannelPipeline
 690:            91           4368  sun.security.x509.BasicConstraintsExtension
 691:            91           4368  sun.security.x509.SubjectKeyIdentifierExtension
 692:            49           4312  io.netty.handler.codec.http2.HpackEncoder
 693:             8           4288  [Lorg.apache.ratis.thirdparty.io.netty.handler.codec.http2.HpackEncoder$NameEntry;
 694:             8           4288  [Lorg.apache.ratis.thirdparty.io.netty.handler.codec.http2.HpackEncoder$NameValueEntry;
 695:            89           4272  java.io.FilePermission
 696:            41           4264  java.security.SecureRandom
 697:           132           4224  com.google.protobuf.LazyStringArrayList
 698:           132           4224  com.google.protobuf.UnmodifiableLazyStringList
 699:           131           4192  io.netty.handler.codec.http2.DefaultHttp2ConnectionEncoder$1
 700:           131           4192  io.netty.handler.codec.http2.DefaultHttp2FrameReader$HeadersBlockBuilder
 701:           131           4192  org.apache.hadoop.metrics2.impl.MetricGaugeLong
 702:           131           4192  org.apache.hadoop.ozone.om.helpers.S3VolumeContext
 703:            87           4176  java.security.BasicPermissionCollection
 704:           130           4160  com.google.common.collect.ImmutableEntry
 705:           130           4160  com.google.common.collect.Iterators$9
 706:           130           4160  io.grpc.netty.NettyServerHandler$5
 707:           130           4160  io.grpc.netty.NettyServerStream$Sink$1
 708:           130           4160  io.netty.channel.DelegatingChannelPromiseNotifier
 709:           130           4160  io.netty.handler.codec.http2.Http2ConnectionHandler$2
 710:           130           4160  sun.nio.cs.Surrogate$Parser
 711:             1           4120  [Lio.netty.handler.codec.http2.HpackStaticTable$HeaderNameIndex;
 712:             1           4120  [Lorg.apache.ratis.thirdparty.io.netty.handler.codec.http2.HpackStaticTable$HeaderNameIndex;
 713:             1           4120  [Lorg.eclipse.jetty.http.HttpGenerator$PreparedResponse;
 714:            39           4056  java.util.concurrent.ThreadPoolExecutor
 715:            23           4048  org.apache.hadoop.hdds.utils.db.managed.ManagedBlockBasedTableConfig
 716:           126           4032  java.security.Provider$UString
 717:            18           4032  org.eclipse.jetty.http.HttpParser
 718:            12           4032  picocli.CommandLine$Model$OptionSpec
 719:            36           4008  [Lorg.apache.ratis.thirdparty.io.netty.util.internal.PriorityQueueNode;
 720:            83           3984  sun.security.x509.KeyUsageExtension
 721:            71           3976  java.io.ObjectStreamField
 722:            99           3960  com.sun.jmx.mbeanserver.StandardMBeanSupport
 723:            99           3960  java.lang.RuntimePermission
 724:           164           3936  sun.reflect.generics.tree.ClassTypeSignature
 725:            49           3920  io.netty.handler.codec.http2.DefaultHttp2Connection
 726:            54           3888  com.google.protobuf.GeneratedMessage$FieldAccessorTable$SingularFieldAccessor
 727:            18           3888  org.eclipse.jetty.server.HttpChannelOverHttp
 728:            97           3880  org.apache.ratis.thirdparty.io.netty.channel.epoll.EpollEventArray
 729:           120           3840  java.util.regex.Pattern$TreeInfo
 730:            68           3808  org.apache.ratis.thirdparty.com.google.protobuf.GeneratedMessageV3$FieldAccessorTable
 731:            94           3760  sun.security.x509.CertificateExtensions
 732:           154           3696  java.util.concurrent.atomic.AtomicReferenceArray
 733:            91           3640  org.apache.hadoop.ozone.protocol.proto.OzoneManagerProtocolProtos$Status
 734:            50           3600  io.netty.channel.AbstractChannel$CloseFuture
 735:            28           3584  java.beans.PropertyDescriptor
 736:            49           3528  io.grpc.netty.AbstractNettyHandler$FlowControlPinger
 737:            49           3528  io.netty.channel.socket.nio.NioSocketChannel$NioSocketChannelUnsafe
 738:            49           3528  io.netty.handler.codec.http2.DefaultHttp2RemoteFlowController
 739:            49           3528  io.netty.handler.codec.http2.Http2Settings
 740:           147           3528  io.netty.util.collection.IntObjectHashMap$1
 741:           147           3528  io.netty.util.collection.IntObjectHashMap$EntrySet
 742:           147           3528  io.netty.util.collection.IntObjectHashMap$KeySet
 743:            88           3520  org.apache.hadoop.ozone.protocol.proto.OzoneManagerProtocolProtos$Type
 744:             8           3456  org.apache.ratis.util.Daemon
 745:           143           3432  java.util.Collections$SingletonSet
 746:           142           3408  java.util.concurrent.CountDownLatch
 747:           106           3392  sun.security.util.BitArray
 748:           106           3392  sun.security.util.Cache$EqualByteArray
 749:           106           3392  sun.security.x509.CertificateValidity
 750:            68           3312  [Lorg.apache.ratis.thirdparty.com.google.protobuf.GeneratedMessageV3$FieldAccessorTable$FieldAccessor;
 751:            18           3312  org.eclipse.jetty.server.HttpConnection
 752:            46           3312  sun.security.ec.NamedCurve
 753:           102           3264  org.apache.ratis.thirdparty.io.netty.handler.codec.http2.HpackHeaderField
 754:           100           3200  io.netty.channel.VoidChannelPromise
 755:            57           3192  io.netty.handler.codec.http.HttpResponseStatus
 756:            57           3192  org.apache.ratis.thirdparty.io.netty.handler.codec.http.HttpResponseStatus
 757:            99           3168  io.netty.channel.SucceededChannelFuture
 758:           131           3144  io.grpc.internal.MessageDeframer$SingleMessageProducer
 759:           131           3144  io.grpc.internal.ReadableBuffers$BufferInputStream
 760:           131           3144  io.grpc.internal.ServerCallImpl$ServerStreamListenerImpl$1
 761:           131           3144  io.grpc.internal.ServerImpl$ServerTransportListenerImpl$1HandleServerCall$1ServerStreamCancellationListener
 762:           131           3144  sun.security.x509.KeyIdentifier
 763:            32           3136  [Lcom.google.protobuf.Descriptors$EnumValueDescriptor;
 764:            49           3136  io.grpc.netty.Http2ControlFrameLimitEncoder
 765:            49           3136  io.netty.handler.codec.http2.DefaultHttp2LocalFlowController$AutoRefillState
 766:            49           3136  io.netty.handler.codec.http2.HpackDecoder
 767:            49           3136  io.netty.handler.codec.http2.WeightedFairQueueByteDistributor
 768:           130           3120  com.google.common.collect.SingletonImmutableSet
 769:           130           3120  io.grpc.netty.NettyWritableBuffer
 770:            97           3104  org.apache.ratis.thirdparty.io.netty.util.internal.ThreadExecutorMap$1
 771:            55           3080  org.eclipse.jetty.http.PreEncodedHttpField
 772:            64           3072  io.netty.buffer.LongLongHashMap
 773:            20           3040  [Lio.netty.buffer.CompositeByteBuf$Component;
 774:            38           3040  sun.management.DiagnosticCommandInfo
 775:            54           3024  org.apache.ratis.thirdparty.io.netty.handler.codec.http2.HpackEncoder$NameValueEntry
 776:            93           2960  [Ljava.lang.reflect.Type;
 777:            41           2952  org.apache.hadoop.ozone.protocol.proto.OzoneManagerProtocolProtos$ServiceListResponse
 778:            91           2912  io.netty.util.internal.logging.LocationAwareSlf4JLogger
 779:            91           2912  org.apache.hadoop.ozone.om.exceptions.OMException$ResultCodes
 780:           121           2904  org.apache.ratis.thirdparty.io.netty.util.collection.IntObjectHashMap$1
 781:           121           2904  org.apache.ratis.thirdparty.io.netty.util.collection.IntObjectHashMap$EntrySet
 782:           121           2904  org.apache.ratis.thirdparty.io.netty.util.collection.IntObjectHashMap$KeySet
 783:            36           2880  java.util.concurrent.LinkedBlockingQueue
 784:            60           2880  org.eclipse.jetty.http.HttpStatus$Code
 785:            18           2880  org.eclipse.jetty.io.SocketChannelEndPoint
 786:            89           2848  java.io.FilePermissionCollection
 787:            89           2848  java.util.jar.Manifest
 788:            88           2816  org.apache.hadoop.metrics2.lib.UniqueNames$Count
 789:            87           2784  org.apache.hadoop.hdds.utils.db.cache.CacheValue
 790:           116           2784  sun.security.x509.SerialNumber
 791:             8           2752  picocli.CommandLine$Model$CommandSpec
 792:             1           2744  [Lsun.misc.FDBigInteger;
 793:            49           2744  io.grpc.internal.KeepAliveEnforcer
 794:            49           2744  io.netty.handler.codec.http2.DefaultHttp2Connection$ActiveStreams
 795:            49           2744  io.netty.handler.codec.http2.DefaultHttp2Connection$ConnectionStream
 796:            49           2744  io.netty.handler.codec.http2.DefaultHttp2ConnectionEncoder
 797:            49           2744  io.netty.handler.codec.http2.DefaultHttp2FrameReader
 798:            49           2744  io.netty.handler.codec.http2.DefaultHttp2LocalFlowController
 799:            49           2744  java.lang.reflect.Proxy$Key1
 800:            49           2744  java.lang.reflect.WeakCache$CacheValue
 801:            67           2680  java.util.RegularEnumSet
 802:            41           2624  sun.util.locale.LocaleObjectCache$CacheEntry
 803:           109           2616  java.util.regex.Pattern$BranchConn
 804:            17           2584  [Ljava.util.concurrent.RunnableScheduledFuture;
 805:            14           2576  org.eclipse.jetty.servlet.ServletHolder
 806:            46           2576  sun.reflect.annotation.AnnotationType
 807:            16           2568  [Ljava.lang.Byte;
 808:            64           2560  io.netty.buffer.PoolThreadCache$NormalMemoryRegionCache
 809:            80           2560  org.apache.ratis.util.TimeDuration
 810:            40           2560  org.eclipse.jetty.http.HttpMethod
 811:            40           2560  sun.security.x509.AuthorityKeyIdentifierExtension
 812:           106           2544  sun.security.x509.CertificateAlgorithmId
 813:           106           2544  sun.security.x509.CertificateSerialNumber
 814:           106           2544  sun.security.x509.CertificateVersion
 815:           106           2544  sun.security.x509.CertificateX509Key
 816:             4           2464  org.apache.hadoop.ipc.Client$Connection
 817:            22           2464  org.apache.ratis.thirdparty.io.netty.handler.codec.http2.WeightedFairQueueByteDistributor$State
 818:            44           2464  sun.reflect.generics.repository.ClassRepository
 819:            18           2448  org.eclipse.jetty.server.HttpOutput
 820:            18           2448  org.eclipse.jetty.server.Response
 821:           102           2448  sun.nio.ch.IOVecWrapper$Deallocator
 822:            38           2432  com.google.common.util.concurrent.ThreadFactoryBuilder$1
 823:            43           2408  org.apache.hadoop.metrics2.impl.MBeanInfoBuilder
 824:            50           2400  io.netty.channel.DefaultChannelId
 825:            33           2376  com.google.protobuf.DescriptorProtos$EnumDescriptorProto
 826:             8           2368  picocli.CommandLine$Model$UsageMessageSpec
 827:            98           2352  io.grpc.internal.LogExceptionRunnable
 828:            49           2352  io.grpc.internal.ServerImpl$ServerTransportListenerImpl
 829:            49           2352  io.grpc.netty.NettyServerHandler$1
 830:            49           2352  io.grpc.netty.WriteQueue
 831:            49           2352  io.netty.handler.codec.http2.HpackDynamicTable
 832:            49           2352  io.netty.handler.codec.http2.HpackHuffmanEncoder
 833:            49           2352  io.netty.handler.codec.http2.HpackHuffmanEncoder$EncodeProcessor
 834:            42           2352  io.netty.util.concurrent.DefaultPromise
 835:            42           2352  java.util.concurrent.SynchronousQueue$TransferStack$SNode
 836:            97           2328  org.apache.ratis.thirdparty.io.netty.channel.epoll.EpollEventLoop$1
 837:            58           2320  org.eclipse.jetty.http.HttpGenerator$PreparedResponse
 838:            72           2304  org.apache.hadoop.metrics2.impl.MetricGaugeDouble
 839:            72           2304  picocli.CommandLine$BuiltIn$ReflectionConverter
 840:            32           2304  picocli.CommandLine$Model$CaseAwareLinkedMap
 841:            28           2240  com.codahale.metrics.ExponentiallyDecayingReservoir
 842:            40           2240  io.netty.buffer.CompositeByteBuf$Component
 843:            20           2240  org.aspectj.runtime.reflect.MethodSignatureImpl
 844:            46           2208  java.security.spec.EllipticCurve
 845:            92           2208  org.apache.hadoop.thirdparty.com.google.common.cache.LocalCache$StrongValueReference
 846:             3           2184  [Lorg.apache.hadoop.ozone.protocol.proto.OzoneManagerProtocolProtos$Type;
 847:            30           2160  java.time.temporal.ChronoField
 848:            18           2160  org.eclipse.jetty.server.HttpInputOverHTTP
 849:            57           2152  [Ljavax.management.MBeanOperationInfo;
 850:            67           2144  [Ljava.net.InetSocketAddress;
 851:             3           2128  [Ljava.lang.Integer;
 852:            38           2128  sun.management.DiagnosticCommandImpl$Wrapper
 853:            66           2112  org.apache.hadoop.ozone.audit.OMAction
 854:             2           2096  [Ljava.lang.Long;
 855:             2           2096  [Ljava.lang.Short;
 856:            52           2080  io.grpc.InternalLogId
 857:             1           2072  [Lorg.eclipse.jetty.http.HttpTokens$Token;
 858:            32           2048  com.google.protobuf.Descriptors$EnumDescriptor
 859:            16           2048  org.apache.ratis.thirdparty.com.google.common.cache.LocalCache$Segment
 860:            17           2040  org.eclipse.jetty.server.ResponseWriter
 861:            51           2040  org.eclipse.jetty.util.thread.ReservedThreadExecutor$ReservedThread
 862:            28           2016  com.codahale.metrics.JmxReporter$JmxTimer
 863:            28           2016  com.codahale.metrics.Meter
 864:            42           2016  org.apache.hadoop.metrics2.impl.MetricsSystemImpl$1
 865:            28           2016  org.apache.ratis.thirdparty.com.google.protobuf.DescriptorProtos$EnumValueDescriptorProto
 866:            50           2000  io.netty.channel.AdaptiveRecvByteBufAllocator
 867:            41           1968  org.apache.hadoop.ozone.protocol.proto.OzoneManagerProtocolProtos$ServiceListRequest
 868:            82           1968  org.eclipse.jetty.util.log.JettyAwareLogger
 869:            82           1968  org.eclipse.jetty.util.log.Slf4jLog
 870:            41           1968  sun.nio.fs.NativeBuffer
 871:             7           1960  [Lorg.eclipse.jetty.util.TreeTrie;
 872:            49           1960  io.grpc.netty.GrpcHttp2HeadersUtils$GrpcHttp2ServerHeadersDecoder
 873:            49           1960  io.grpc.netty.Utils$FlowControlReader
 874:            49           1960  io.netty.handler.codec.http2.DefaultHttp2HeadersEncoder
 875:            49           1960  io.netty.handler.codec.http2.DefaultHttp2RemoteFlowController$WritabilityMonitor
 876:            49           1960  io.netty.handler.codec.http2.Http2FrameLogger
 877:            49           1960  org.apache.ratis.thirdparty.io.netty.channel.ChannelOption
 878:            49           1960  org.apache.ratis.thirdparty.io.netty.util.internal.DefaultPriorityQueue
 879:            39           1936  [Ljava.math.BigInteger;
 880:            40           1920  java.io.File
 881:            30           1920  javax.management.MBeanOperationInfo
 882:            17           1904  java.util.concurrent.ScheduledThreadPoolExecutor
 883:            59           1888  java.util.concurrent.Executors$RunnableAdapter
 884:            18           1872  org.eclipse.jetty.http.HttpURI
 885:            18           1872  org.eclipse.jetty.server.HttpConnection$SendCallback
 886:             4           1856  org.apache.ratis.thirdparty.io.grpc.internal.ManagedChannelImpl
 887:             8           1856  org.apache.ratis.thirdparty.io.netty.channel.epoll.EpollSocketChannel
 888:            46           1840  sun.reflect.generics.reflectiveObjects.ParameterizedTypeImpl
 889:            38           1824  io.netty.buffer.UnpooledDuplicatedByteBuf
 890:            19           1824  org.apache.ratis.thirdparty.io.netty.channel.ChannelOutboundBuffer$Entry
 891:            19           1824  org.apache.ratis.thirdparty.io.netty.util.concurrent.ScheduledFutureTask
 892:            45           1800  org.apache.hadoop.hdds.protocol.proto.ScmBlockLocationProtocolProtos$Status
 893:            56           1792  java.security.spec.ECPoint
 894:            20           1760  io.netty.buffer.CompositeByteBuf
 895:            22           1760  org.apache.hadoop.hdds.utils.db.TypedTable
 896:            44           1760  sun.reflect.generics.tree.ClassSignature
 897:            36           1728  [Lsun.nio.fs.NativeBuffer;
 898:            18           1728  org.eclipse.jetty.server.HttpChannelState
 899:            12           1728  org.eclipse.jetty.util.thread.strategy.EatWhatYouKill
 900:            54           1728  sun.reflect.generics.factory.CoreReflectionFactory
 901:            68           1720  [Lorg.apache.ratis.thirdparty.com.google.protobuf.GeneratedMessageV3$FieldAccessorTable$OneofAccessor;
 902:            42           1680  [Lorg.apache.hadoop.ipc.Server$AuthProtocol;
 903:            21           1680  org.apache.logging.log4j.core.util.datetime.FixedDateFormat$FixedFormat
 904:            35           1680  sun.misc.FloatingDecimal$BinaryToASCIIBuffer
 905:             7           1672  [Ljava.beans.MethodDescriptor;
 906:            19           1672  org.eclipse.jetty.http.MimeTypes$Type
 907:            52           1664  io.netty.handler.codec.http2.HpackStaticTable$HeaderNameIndex
 908:            52           1664  org.apache.ratis.thirdparty.io.netty.handler.codec.http2.HpackStaticTable$HeaderNameIndex
 909:            52           1664  org.apache.ratis.thirdparty.io.netty.util.internal.logging.LocationAwareSlf4JLogger
 910:            13           1664  sun.net.www.protocol.jar.URLJarFile
 911:            51           1632  java.util.regex.Pattern$1
 912:            34           1632  java.util.regex.Pattern$Loop
 913:            12           1632  org.eclipse.jetty.io.ManagedSelector
 914:             1           1624  [Lorg.apache.hadoop.ipc.Server$Handler;
 915:            29           1624  java.nio.HeapByteBufferR
 916:            25           1600  com.sun.jmx.mbeanserver.PerInterface
 917:            40           1600  org.apache.hadoop.hdds.protocol.proto.StorageContainerLocationProtocolProtos$Type
 918:            20           1600  org.apache.ratis.thirdparty.com.google.protobuf.GeneratedMessageV3$FieldAccessorTable$SingularFieldAccessor$ReflectionInvoker
 919:            50           1600  org.bouncycastle.asn1.ASN1ObjectIdentifier$OidHandle
 920:            31           1592  [Ljava.time.format.DateTimeFormatterBuilder$DateTimePrinterParser;
 921:            33           1584  javax.management.MBeanParameterInfo
 922:            49           1568  io.grpc.netty.NettyServer$1$1LoopReleaser
 923:            49           1568  io.grpc.netty.NettyServerHandler$FrameListener
 924:            49           1568  io.grpc.netty.NettyServerHandler$KeepAlivePinger
 925:            49           1568  io.grpc.netty.NettyServerHandler$WriteMonitoringFrameWriter
 926:            49           1568  io.grpc.netty.NettyServerTransport$1TerminationNotifier
 927:            49           1568  io.netty.handler.codec.http2.DefaultHttp2Connection$PropertyKeyRegistry
 928:            49           1568  io.netty.handler.codec.http2.DefaultHttp2FrameWriter
 929:            49           1568  io.netty.handler.codec.http2.HpackHuffmanDecoder
 930:            49           1568  io.netty.handler.codec.http2.HpackHuffmanEncoder$EncodedLengthProcessor
 931:            49           1568  io.netty.handler.codec.http2.Http2ConnectionHandler$FrameDecoder
 932:            49           1568  io.netty.handler.codec.http2.Http2InboundFrameLogger
 933:            49           1568  io.netty.handler.codec.http2.Http2OutboundFrameLogger
 934:            65           1560  org.eclipse.jetty.io.AbstractByteBufferPool$$Lambda$527/1978141335
 935:            65           1560  org.eclipse.jetty.io.AbstractByteBufferPool$$Lambda$528/5998675
 936:            38           1552  [Lsun.management.DiagnosticCommandArgumentInfo;
 937:            32           1536  com.fasterxml.jackson.databind.MapperFeature
 938:            64           1536  com.sun.proxy.$Proxy6
 939:            48           1536  java.lang.ProcessEnvironment$Value
 940:            48           1536  java.lang.ProcessEnvironment$Variable
 941:            12           1536  org.apache.hadoop.thirdparty.com.google.common.cache.LocalCache$Segment
 942:            21           1512  org.apache.hadoop.thirdparty.com.google.common.cache.LocalCache$StrongWriteEntry
 943:             2           1504  [Lorg.apache.hadoop.ozone.protocol.proto.OzoneManagerProtocolProtos$Status;
 944:            31           1488  java.math.BigDecimal
 945:            37           1480  java.util.concurrent.Executors$DefaultThreadFactory
 946:            37           1480  java.util.regex.Pattern$5
 947:            23           1472  com.sun.jmx.mbeanserver.MXBeanSupport
 948:            54           1464  [Lsun.reflect.generics.tree.FormalTypeParameter;
 949:            18           1440  com.fasterxml.jackson.databind.type.SimpleType
 950:            30           1440  java.security.Provider$EngineDescription
 951:            30           1440  java.time.format.DateTimeFormatterBuilder$NumberPrinterParser
 952:            30           1440  java.time.temporal.ValueRange
 953:            18           1440  java.util.ResourceBundle$CacheKey
 954:            36           1440  org.apache.ratis.thirdparty.io.grpc.internal.CompositeReadableBuffer
 955:            30           1440  sun.security.x509.URIName
 956:            44           1432  [Lsun.reflect.generics.tree.ClassTypeSignature;
 957:            16           1408  javax.management.openmbean.ArrayType
 958:            22           1408  org.apache.hadoop.hdds.utils.db.DBColumnFamilyDefinition
 959:            44           1408  sun.reflect.generics.scope.ClassScope
 960:            43           1376  org.apache.hadoop.metrics2.impl.MetricGaugeInt
 961:            43           1376  org.apache.hadoop.metrics2.impl.MetricsSystemImpl$3
 962:            19           1368  java.lang.invoke.DirectMethodHandle$Constructor
 963:            19           1368  java.time.format.DateTimeFormatter
 964:            34           1360  com.sun.jmx.mbeanserver.PerInterface$MethodAndSig
 965:            17           1360  sun.util.calendar.ZoneInfo
 966:            24           1344  com.sun.jmx.mbeanserver.WeakIdentityHashMap$IdentityWeakReference
 967:             6           1344  java.text.DecimalFormat
 968:            24           1344  java.util.concurrent.ConcurrentHashMap$ForwardingNode
 969:            15           1320  java.lang.management.PlatformComponent
 970:            41           1312  java.lang.invoke.Invokers
 971:             4           1312  org.apache.ratis.thirdparty.io.grpc.netty.NettyServerHandler
 972:             2           1296  [Lorg.eclipse.jetty.http.HttpHeader;
 973:            18           1296  java.lang.invoke.LambdaFormEditor$Transform
 974:             3           1296  org.apache.logging.log4j.core.util.Log4jThread
 975:            27           1296  org.apache.ratis.thirdparty.com.google.protobuf.Descriptors$EnumValueDescriptor
 976:            23           1288  org.apache.hadoop.hdds.utils.db.RocksDatabase$ColumnFamily
 977:            23           1288  org.eclipse.jetty.util.ArrayTernaryTrie
 978:            32           1280  com.sun.jmx.mbeanserver.DefaultMXBeanMappingFactory$IdentityMapping
 979:            40           1280  io.netty.channel.nio.SelectedSelectionKeySet
 980:            40           1280  io.netty.channel.nio.SelectedSelectionKeySetSelector
 981:            32           1280  io.netty.handler.codec.CodecOutputList$CodecOutputLists
 982:            40           1280  io.netty.util.internal.ThreadExecutorMap$1
 983:            40           1280  org.apache.ratis.thirdparty.io.netty.handler.codec.http2.DefaultHttp2Connection$DefaultPropertyKey
 984:            53           1272  sun.reflect.BootstrapConstructorAccessorImpl
 985:            52           1248  io.grpc.internal.ReflectionLongAdderCounter
 986:            31           1240  io.netty.channel.ChannelOption
 987:             1           1232  org.apache.hadoop.ozone.om.OMMetrics
 988:            22           1232  sun.security.x509.DistributionPoint
 989:             3           1224  [Ljava.lang.invoke.LambdaForm;
 990:            16           1216  [Lorg.apache.hadoop.hdds.conf.ConfigTag;
 991:             8           1216  [Lorg.apache.ratis.thirdparty.io.netty.handler.codec.CodecOutputList;
 992:            30           1200  com.google.common.cache.LongAdder
 993:            50           1200  io.grpc.Attributes
 994:            50           1200  io.netty.channel.DefaultMaxMessagesRecvByteBufAllocator$MaxMessageHandle$1
 995:            50           1200  io.netty.channel.VoidChannelPromise$1
 996:            50           1200  io.netty.channel.nio.AbstractNioChannel$1
 997:            50           1200  java.nio.channels.spi.AbstractSelector$1
 998:            30           1200  org.apache.ratis.thirdparty.com.google.common.cache.LongAdder
 999:            49           1176  io.grpc.internal.KeepAliveManager$1
1000:            49           1176  io.grpc.internal.KeepAliveManager$2
1001:            49           1176  io.grpc.netty.Http2ControlFrameLimitEncoder$1
1002:            49           1176  io.grpc.netty.WriteQueue$1
1003:            49           1176  io.netty.channel.nio.AbstractNioByteChannel$1
1004:            49           1176  io.netty.handler.codec.http2.DefaultHttp2ConnectionDecoder$FrameReadListener
1005:            49           1176  io.netty.handler.codec.http2.DefaultHttp2LocalFlowController$1
1006:            49           1176  io.netty.handler.codec.http2.DefaultHttp2RemoteFlowController$1
1007:            49           1176  io.netty.handler.codec.http2.WeightedFairQueueByteDistributor$1
1008:            49           1176  io.netty.util.collection.CharObjectHashMap$1
1009:            49           1176  io.netty.util.collection.CharObjectHashMap$EntrySet
1010:            49           1176  io.netty.util.collection.CharObjectHashMap$KeySet
1011:            21           1176  java.util.concurrent.atomic.LongAccumulator
1012:            21           1176  sun.reflect.generics.reflectiveObjects.TypeVariableImpl
1013:            36           1152  java.time.Duration
1014:            18           1152  java.util.ResourceBundle$BundleReference
1015:            12           1152  javax.management.openmbean.CompositeType
1016:            16           1152  org.apache.ratis.thirdparty.io.netty.handler.codec.http2.DefaultHttp2Connection$DefaultEndpoint
1017:            36           1152  org.eclipse.jetty.http.HttpFields
1018:            18           1152  org.eclipse.jetty.http.HttpGenerator
1019:            18           1152  org.eclipse.jetty.http.MetaData$Request
1020:            24           1152  sun.security.x509.OIDMap$OIDInfo
1021:            47           1128  com.sun.proxy.$Proxy7
1022:             4           1120  [Lcom.fasterxml.jackson.core.sym.CharsToNameCanonicalizer$Bucket;
1023:            23           1120  [Ljava.io.ObjectStreamField;
1024:            14           1120  [Ljava.util.concurrent.TimeUnit;
1025:            28           1120  com.codahale.metrics.Timer
1026:            28           1120  com.fasterxml.jackson.databind.DeserializationFeature
1027:            35           1120  java.util.regex.Pattern$Dollar
1028:            28           1120  org.apache.commons.lang3.text.translate.LookupTranslator
1029:            20           1120  org.apache.hadoop.ozone.protocol.proto.OzoneManagerProtocolProtos$ListStatusResponse
1030:            14           1120  org.apache.ratis.thirdparty.io.grpc.MethodDescriptor
1031:            28           1120  org.apache.ratis.thirdparty.io.grpc.protobuf.lite.ProtoLiteUtils$MessageMarshaller
1032:            28           1120  org.rocksdb.ColumnFamilyHandle
1033:            20           1120  sun.util.locale.BaseLocale
1034:            20           1120  sun.util.locale.BaseLocale$Key
1035:            23           1104  sun.management.MappedMXBeanType$BasicMXBeanType
1036:             2           1088  [Lorg.eclipse.jetty.io.ByteBufferPool$Bucket;
1037:             8           1088  com.google.common.cache.Striped64$Cell
1038:            34           1088  java.util.regex.Pattern$CharProperty$1
1039:            34           1088  java.util.regex.Pattern$Prolog
1040:             4           1088  org.apache.ratis.thirdparty.io.grpc.netty.NettyClientHandler
1041:            17           1088  org.eclipse.jetty.server.Utf8HttpWriter
1042:            45           1080  sun.security.x509.GeneralName
1043:             2           1072  [Lcom.ctc.wstx.util.SymbolTable$Bucket;
1044:             2           1072  [Ljava.lang.Character;
1045:            36           1064  [Lsun.reflect.generics.tree.FieldTypeSignature;
1046:            33           1056  com.codahale.metrics.JmxReporter$JmxCounter
1047:            33           1056  com.fasterxml.jackson.core.util.BufferRecycler
1048:            33           1056  io.netty.util.internal.ThreadExecutorMap$2
1049:            22           1056  org.apache.hadoop.hdds.utils.db.DelegatedCodec
1050:            22           1056  org.apache.ratis.thirdparty.com.google.common.base.Stopwatch
1051:            26           1040  com.fasterxml.jackson.databind.SerializationFeature
1052:            26           1040  java.security.spec.ECFieldF2m
1053:            26           1040  org.eclipse.jetty.webapp.ClasspathPattern$PackageEntry
1054:             3           1032  [Lorg.apache.hadoop.hdds.protocol.proto.StorageContainerLocationProtocolProtos$Type;
1055:            43           1032  com.sun.proxy.$Proxy3
1056:            43           1032  com.sun.proxy.$Proxy34
1057:             8           1024  com.google.common.cache.LocalCache$Segment
1058:            16           1024  com.google.protobuf.SmallSortedMap$1
1059:            18           1008  java.util.ResourceBundle$LoaderReference
1060:            21           1008  java.util.regex.Pattern$BnM
1061:            14           1008  javax.management.openmbean.SimpleType
1062:            18           1008  org.eclipse.jetty.http.HostPortHttpField
1063:            18           1008  org.eclipse.jetty.server.HttpOutput$WriteBlocker
1064:            28           1000  [Ljavax.management.MBeanParameterInfo;
1065:            25           1000  org.apache.hadoop.conf.Configuration$Resource
1066:            31            992  java.time.format.DateTimeFormatterBuilder$CompositePrinterParser
1067:            31            992  org.apache.hadoop.hdds.conf.ConfigTag
1068:            41            984  sun.nio.fs.NativeBuffer$Deallocator
1069:             4            976  [Ljava.util.concurrent.ConcurrentMap;
1070:             9            968  [D
1071:             7            968  [Lsun.invoke.util.Wrapper;
1072:            30            960  com.codahale.metrics.JmxReporter$JmxGauge
1073:            40            960  io.netty.channel.nio.NioEventLoop$1
1074:            15            960  java.lang.invoke.MethodHandleImpl$IntrinsicMethodHandle
1075:            24            960  java.lang.management.ManagementPermission
1076:            20            960  java.util.Locale
1077:            30            960  java.util.concurrent.ConcurrentHashMap$KeySetView
1078:            40            960  java.util.regex.Pattern$Begin
1079:            20            960  org.apache.hadoop.hdds.utils.db.cache.PartialTableCache
1080:            24            960  org.apache.hadoop.metrics2.source.JvmMetricsInfo
1081:            10            960  org.apache.ratis.proto.RaftProtos$RaftPeerProto
1082:            12            960  org.apache.ratis.protocol.RaftPeer
1083:            40            960  org.apache.ratis.thirdparty.io.netty.handler.codec.http2.Http2Flags
1084:            20            960  org.aspectj.runtime.reflect.JoinPointImpl$StaticPartImpl
1085:            30            960  org.eclipse.jetty.http.DateGenerator
1086:            15            952  [[Ljava.lang.Object;
1087:            17            952  java.io.FileOutputStream
1088:            17            952  java.util.concurrent.ScheduledThreadPoolExecutor$DelayedWorkQueue
1089:             7            952  org.apache.hadoop.metrics2.lib.MutableStat
1090:            17            952  sun.security.x509.CRLDistributionPointsExtension
1091:            13            936  com.fasterxml.jackson.core.JsonToken
1092:            13            936  io.netty.util.ResourceLeakDetector$DefaultResourceLeak
1093:            39            936  java.util.concurrent.ConcurrentSkipListMap$KeySet
1094:            39            936  java.util.regex.Pattern$CharPropertyNames$1
1095:             9            936  org.apache.ratis.thirdparty.io.netty.channel.DefaultChannelPipeline$HeadContext
1096:            13            936  org.eclipse.jetty.http.pathmap.ServletPathSpec
1097:            23            920  org.apache.hadoop.hdds.utils.db.managed.ManagedBloomFilter
1098:            23            920  org.apache.hadoop.hdds.utils.db.managed.ManagedLRUCache
1099:            23            920  org.apache.ratis.thirdparty.io.grpc.InternalLogId
1100:            23            920  picocli.CommandLine$Help$Ansi$Style
1101:            19            912  java.util.concurrent.atomic.AtomicReferenceFieldUpdater$AtomicReferenceFieldUpdaterImpl
1102:            28            896  com.codahale.metrics.Histogram
1103:             7            896  com.fasterxml.jackson.databind.introspect.AnnotatedClass
1104:             8            896  org.apache.ratis.thirdparty.io.grpc.internal.TransportTracer
1105:            28            896  org.rocksdb.ColumnFamilyDescriptor
1106:            37            888  com.sun.proxy.$Proxy17
1107:            37            888  org.apache.ratis.metrics.dropwizard3.Dm3RatisMetricRegistryImpl$1
1108:            22            880  org.apache.hadoop.hdds.utils.db.RDBTable
1109:            22            880  org.apache.hadoop.hdds.utils.db.cache.CacheStatsRecorder
1110:            22            880  org.apache.ratis.thirdparty.io.netty.handler.codec.http2.HpackEncoder$NameEntry
1111:            22            880  org.rocksdb.AbstractEventListener$EnabledEventCallback
1112:            10            880  sun.invoke.util.Wrapper
1113:             4            872  [Ljava.lang.ClassValue$Entry;
1114:             9            864  org.apache.ratis.thirdparty.io.grpc.CallOptions
1115:             4            864  org.apache.ratis.thirdparty.io.grpc.internal.InternalSubchannel
1116:             4            864  org.apache.ratis.thirdparty.io.grpc.netty.NettyClientTransport
1117:             9            864  org.apache.ratis.thirdparty.io.netty.channel.DefaultChannelHandlerContext
1118:             9            864  org.apache.ratis.thirdparty.io.netty.channel.DefaultChannelPipeline$TailContext
1119:            18            864  org.eclipse.jetty.io.ChannelEndPoint$1
1120:            18            864  org.eclipse.jetty.io.ChannelEndPoint$2
1121:            18            864  org.eclipse.jetty.io.ChannelEndPoint$3
1122:             3            864  org.eclipse.jetty.server.session.SessionHandler
1123:            36            864  org.eclipse.jetty.util.thread.ScheduledExecutorScheduler$ScheduledFutureTask
1124:            12            864  picocli.CommandLine$Model$TypedMember
1125:            12            864  sun.security.ssl.CipherSuite$BulkCipher
1126:            36            864  sun.security.x509.GeneralNames
1127:             1            848  [[[C
1128:            21            840  org.apache.ratis.thirdparty.io.grpc.Status
1129:            35            840  org.apache.ratis.thirdparty.io.grpc.internal.ReflectionLongAdderCounter
1130:            21            840  sun.security.x509.AVAKeyword
1131:            24            832  [Ljava.lang.reflect.TypeVariable;
1132:             8            832  javax.management.openmbean.OpenMBeanParameterInfoSupport
1133:             2            832  org.eclipse.jetty.servlet.ServletContextHandler
1134:             2            824  [Lorg.apache.ratis.thirdparty.io.netty.util.concurrent.EventExecutor;
1135:            16            816  [Lorg.apache.ratis.thirdparty.com.google.protobuf.Descriptors$EnumValueDescriptor;
1136:             6            816  com.lmax.disruptor.Sequence
1137:            17            816  io.grpc.Status$Code
1138:            17            816  java.security.cert.PolicyQualifierInfo
1139:            17            816  org.apache.ratis.thirdparty.io.grpc.Status$Code
1140:            10            800  io.netty.util.ResourceLeakDetector$TraceRecord
1141:             4            800  org.apache.ratis.thirdparty.com.google.common.cache.LocalCache
1142:            20            800  org.apache.ratis.util.AutoCloseableLock
1143:            20            800  org.aspectj.runtime.reflect.SourceLocationImpl
1144:            33            792  com.codahale.metrics.Counter
1145:             9            792  com.google.protobuf.GeneratedMessage$FieldAccessorTable$SingularEnumFieldAccessor
1146:            33            792  io.netty.util.concurrent.SingleThreadEventExecutor$4
1147:            11            792  java.lang.ThreadGroup
1148:             9            792  org.apache.ratis.thirdparty.com.google.protobuf.DescriptorProtos$EnumDescriptorProto
1149:             9            792  org.apache.ratis.thirdparty.io.netty.channel.ChannelOutboundBuffer
1150:             9            792  org.apache.ratis.thirdparty.io.netty.channel.DefaultChannelPipeline
1151:            49            784  io.grpc.netty.AbstractNettyHandler$AllowPingLimiter
1152:            49            784  io.grpc.netty.NettyServerHandler$ServerChannelLogger
1153:            14            784  org.apache.ratis.thirdparty.io.netty.handler.codec.http2.DefaultHttp2RemoteFlowController$FlowState
1154:            28            768  [Ljavax.management.MBeanConstructorInfo;
1155:             2            768  [Lorg.apache.hadoop.hdds.protocol.proto.ScmBlockLocationProtocolProtos$Status;
1156:            32            768  io.netty.buffer.PoolThreadCache$FreeOnFinalize
1157:            24            768  java.lang.ThreadLocal$SuppliedThreadLocal
1158:            16            768  java.time.temporal.ChronoUnit
1159:            24            768  java.util.Collections$SingletonList
1160:            32            768  java.util.regex.Pattern$Dot
1161:            16            768  org.apache.logging.log4j.core.config.builder.api.Component
1162:            12            768  org.apache.ratis.thirdparty.com.google.protobuf.DescriptorProtos$OneofDescriptorProto
1163:             4            768  org.apache.ratis.thirdparty.io.grpc.netty.NettyClientTransport$3
1164:             8            768  org.apache.ratis.thirdparty.io.netty.channel.AdaptiveRecvByteBufAllocator$HandleImpl
1165:             8            768  org.apache.ratis.thirdparty.io.netty.channel.epoll.EpollSocketChannel$EpollSocketChannelUnsafe
1166:             8            768  org.apache.ratis.thirdparty.io.netty.channel.epoll.EpollSocketChannelConfig
1167:             8            768  org.apache.ratis.thirdparty.io.netty.handler.codec.http2.DefaultHttp2ConnectionDecoder
1168:            32            768  picocli.CommandLine$Model$CaseAwareLinkedMap$CaseAwareKeySet
1169:            16            768  sun.security.ssl.CipherSuite$KeyExchange
1170:            19            760  java.util.Locale$LocaleKey
1171:            19            760  java.util.concurrent.atomic.AtomicIntegerFieldUpdater$AtomicIntegerFieldUpdaterImpl
1172:             1            752  [Lorg.apache.hadoop.ozone.om.exceptions.OMException$ResultCodes;
1173:             3            744  org.eclipse.jetty.servlet.ServletHandler
1174:            23            736  org.apache.hadoop.hdds.utils.db.TableConfig
1175:            23            736  org.eclipse.jetty.servlet.ServletHandler$Chain
1176:            13            728  org.eclipse.jetty.servlet.FilterMapping
1177:            13            728  sun.reflect.UnsafeQualifiedStaticObjectFieldAccessorImpl
1178:            18            720  com.google.protobuf.DescriptorProtos$FieldDescriptorProto$Type
1179:            18            720  com.google.protobuf.Descriptors$FieldDescriptor$Type
1180:            30            720  java.lang.Float
1181:            10            720  java.lang.invoke.DirectMethodHandle$Accessor
1182:            30            720  org.apache.ratis.metrics.dropwizard3.Dm3RatisMetricRegistryImpl$$Lambda$337/1751439698
1183:            18            720  org.apache.ratis.thirdparty.com.google.protobuf.DescriptorProtos$FieldDescriptorProto$Type
1184:            18            720  org.apache.ratis.thirdparty.com.google.protobuf.Descriptors$FieldDescriptor$Type
1185:             6            720  org.apache.ratis.thirdparty.io.grpc.internal.MessageDeframer
1186:            15            720  org.eclipse.jetty.http.HttpComplianceSection
1187:            18            720  org.eclipse.jetty.io.AbstractEndPoint$2
1188:            18            720  org.eclipse.jetty.util.Utf8StringBuilder
1189:            15            720  org.eclipse.jetty.util.statistic.SampleStatistic
1190:             9            720  picocli.CommandLine$Help$ColorScheme
1191:            18            720  sun.misc.JarIndex
1192:            30            720  sun.security.x509.DNSName
1193:            22            704  org.apache.hadoop.hdds.utils.TableCacheMetrics
1194:            22            704  org.apache.hadoop.hdds.utils.db.CodecBuffer$Capacity
1195:             8            704  org.apache.ratis.thirdparty.com.google.protobuf.Descriptors$EnumDescriptor
1196:            11            704  org.apache.ratis.thirdparty.com.google.protobuf.Descriptors$OneofDescriptor
1197:             8            704  org.apache.ratis.thirdparty.io.netty.buffer.UnpooledUnsafeDirectByteBuf
1198:             8            704  org.apache.ratis.thirdparty.io.netty.handler.codec.http2.HpackEncoder
1199:            22            704  org.eclipse.jetty.http.HttpParser$State
1200:            11            704  org.eclipse.jetty.util.ArrayTrie
1201:            17            680  java.util.regex.Pattern$Ques
1202:            17            680  sun.reflect.UnsafeBooleanFieldAccessorImpl
1203:            13            672  [Lorg.apache.commons.lang3.text.translate.CharSequenceTranslator;
1204:            14            672  com.google.protobuf.WireFormat$FieldType
1205:            14            672  java.security.AlgorithmParameters
1206:            21            672  java.util.AbstractMap$SimpleImmutableEntry
1207:            28            672  java.util.concurrent.ConcurrentSkipListMap$Values
1208:            28            672  java.util.concurrent.Executors$FinalizableDelegatedExecutorService
1209:            28            672  org.apache.ratis.metrics.dropwizard3.Dm3TimekeeperImpl
1210:            14            672  org.apache.ratis.thirdparty.com.google.protobuf.WireFormat$FieldType
1211:            21            672  sun.reflect.generics.tree.FormalTypeParameter
1212:            41            656  sun.security.provider.NativePRNG
1213:             9            648  io.netty.handler.codec.http2.Http2Exception$StacklessHttp2Exception
1214:             9            648  org.apache.ratis.thirdparty.io.netty.channel.AbstractChannel$CloseFuture
1215:             9            648  org.apache.ratis.thirdparty.io.netty.handler.codec.http2.Http2Exception$StacklessHttp2Exception
1216:             9            648  sun.security.ec.ECPublicKeyImpl
1217:            16            640  org.apache.hadoop.metrics2.lib.MetricsRegistry
1218:             8            640  org.apache.hadoop.metrics2.lib.MutableQuantiles
1219:             4            640  org.apache.ratis.thirdparty.io.grpc.netty.NettyServerTransport
1220:            16            640  org.apache.ratis.thirdparty.io.netty.buffer.PoolThreadCache$NormalMemoryRegionCache
1221:             8            640  org.apache.ratis.thirdparty.io.netty.buffer.PooledSlicedByteBuf
1222:             8            640  org.apache.ratis.thirdparty.io.netty.handler.codec.http2.DefaultHttp2Connection
1223:            20            640  org.eclipse.jetty.util.thread.Locker
1224:            10            640  sun.reflect.generics.repository.MethodRepository
1225:             7            632  [Ljava.beans.PropertyDescriptor;
1226:            21            632  [Ljavax.management.MBeanNotificationInfo;
1227:            13            624  java.lang.invoke.SimpleMethodHandle
1228:             6            624  java.text.DateFormatSymbols
1229:            13            624  org.apache.commons.lang3.JavaVersion
1230:            13            624  org.eclipse.jetty.servlet.ServletMapping
1231:             3            616  [Lorg.apache.ratis.thirdparty.com.google.protobuf.Descriptors$Descriptor;
1232:            19            608  org.apache.ratis.thirdparty.io.netty.util.internal.ThreadExecutorMap$2
1233:            15            600  com.fasterxml.jackson.core.JsonParser$Feature
1234:            25            600  com.sun.proxy.$Proxy42
1235:            25            600  java.time.LocalTime
1236:            15            600  java.util.regex.Pattern$7
1237:             3            600  org.apache.hadoop.thirdparty.com.google.common.cache.LocalCache
1238:            15            600  org.apache.ratis.util.SizeInBytes
1239:            15            600  org.rocksdb.Status$Code
1240:            10            592  [Lorg.apache.hadoop.metrics2.MetricsInfo;
1241:             1            584  org.apache.hadoop.ozone.om.OzoneManager
1242:             9            576  java.lang.invoke.BoundMethodHandle$Species_LL
1243:            18            576  java.text.DateFormat$Field
1244:             6            576  java.text.DecimalFormatSymbols
1245:             9            576  javassist.CtPrimitiveType
1246:            12            576  org.apache.ratis.thirdparty.com.google.protobuf.GeneratedMessageV3$FieldAccessorTable$SingularFieldAccessor
1247:             6            576  org.apache.ratis.thirdparty.io.grpc.internal.MessageFramer
1248:             8            576  org.apache.ratis.thirdparty.io.grpc.netty.AbstractNettyHandler$FlowControlPinger
1249:             8            576  org.apache.ratis.thirdparty.io.netty.channel.DefaultChannelPromise
1250:            18            576  org.apache.ratis.thirdparty.io.netty.channel.VoidChannelPromise
1251:             8            576  org.apache.ratis.thirdparty.io.netty.handler.codec.http2.DefaultHttp2RemoteFlowController
1252:             8            576  org.apache.ratis.thirdparty.io.netty.handler.codec.http2.Http2Settings
1253:            12            576  org.eclipse.jetty.http.HttpHeaderValue
1254:            18            576  org.eclipse.jetty.io.AbstractEndPoint$1
1255:             4            576  org.eclipse.jetty.servlet.FilterHolder
1256:            18            576  org.eclipse.jetty.util.HostPort
1257:            18            576  org.eclipse.jetty.util.SharedBlockingCallback$Blocker
1258:            12            576  sun.security.x509.CertificatePoliciesExtension
1259:             9            576  sun.util.locale.provider.LocaleResources$ResourceReference
1260:             7            560  com.sun.jmx.mbeanserver.DefaultMXBeanMappingFactory$CompositeMapping
1261:            14            560  io.netty.handler.codec.http2.HpackStaticTable$HeaderIndex
1262:            14            560  io.netty.handler.codec.http2.Http2Error
1263:             7            560  java.beans.BeanDescriptor
1264:            10            560  java.lang.OutOfMemoryError
1265:             7            560  java.util.concurrent.locks.ReentrantReadWriteLock$FairSync
1266:            10            560  javax.crypto.CryptoPermission
1267:            10            560  javax.management.MBeanConstructorInfo
1268:            10            560  javax.management.MBeanNotificationInfo
1269:             7            560  org.apache.logging.log4j.core.lookup.ConfigurationStrSubstitutor
1270:            14            560  org.apache.ratis.thirdparty.io.netty.handler.codec.http2.HpackStaticTable$HeaderIndex
1271:            14            560  org.apache.ratis.thirdparty.io.netty.handler.codec.http2.Http2Error
1272:            14            560  org.apache.ratis.util.AutoCloseableReadWriteLock$$Lambda$473/838012039
1273:             1            552  [Lorg.apache.hadoop.ozone.audit.OMAction;
1274:             1            552  org.eclipse.jetty.webapp.WebAppContext
1275:             4            544  com.google.protobuf.DescriptorProtos$FileDescriptorProto
1276:            17            544  org.eclipse.jetty.util.ByteArrayOutputStream2
1277:             1            536  [Lio.netty.handler.codec.http2.HpackStaticTable$HeaderIndex;
1278:             1            536  [Lorg.apache.ratis.thirdparty.io.netty.handler.codec.http2.HpackStaticTable$HeaderIndex;
1279:            11            528  java.util.concurrent.SynchronousQueue
1280:             6            528  org.apache.hadoop.ipc.Client$ConnectionId
1281:            22            528  sun.reflect.generics.tree.TypeVariableSignature
1282:             5            520  com.google.protobuf.GeneratedMessage$FieldAccessorTable$RepeatedMessageFieldAccessor
1283:            13            520  io.netty.buffer.SimpleLeakAwareByteBuf
1284:             5            520  java.text.SimpleDateFormat
1285:            13            520  org.apache.hadoop.conf.Configuration$DeprecatedKeyInfo
1286:             5            520  org.eclipse.jetty.util.thread.ScheduledExecutorScheduler
1287:            13            520  picocli.CommandLine$Range
1288:            16            512  [Ljava.lang.management.PlatformComponent;
1289:            16            512  com.google.protobuf.FieldSet
1290:            16            512  java.util.regex.Pattern$SingleI
1291:             8            512  org.apache.hadoop.ozone.om.lock.OzoneManagerLock$Resource
1292:            16            512  org.apache.ratis.server.raftlog.RaftLogIndex
1293:             4            512  org.apache.ratis.thirdparty.io.grpc.internal.ClientCallImpl
1294:             4            512  org.apache.ratis.thirdparty.io.grpc.internal.DnsNameResolver
1295:             8            512  org.apache.ratis.thirdparty.io.netty.handler.codec.http2.DefaultHttp2LocalFlowController$AutoRefillState
1296:             8            512  org.apache.ratis.thirdparty.io.netty.handler.codec.http2.HpackDecoder
1297:             8            512  org.apache.ratis.thirdparty.io.netty.handler.codec.http2.WeightedFairQueueByteDistributor
1298:             8            512  picocli.CommandLine$Model$ParserSpec
1299:            16            512  sun.misc.MetaIndex
1300:            16            512  sun.nio.ch.SocketOptionRegistry$RegistryKey
1301:            16            512  sun.security.x509.PolicyInformation
1302:             9            504  io.grpc.Metadata$AsciiKey
1303:             9            504  java.io.FileInputStream
1304:             3            504  java.net.SocksSocketImpl
1305:            21            504  java.time.format.DateTimeFormatterBuilder$CharLiteralPrinterParser
1306:             3            504  java.util.jar.JarVerifier
1307:             9            504  java.util.logging.Level
1308:             9            504  org.apache.hadoop.metrics2.lib.MetricsSourceBuilder
1309:             9            504  org.apache.ratis.thirdparty.io.grpc.internal.CallTracer
1310:            21            504  org.apache.ratis.util.Timestamp
1311:             9            504  org.rocksdb.CompressionType
1312:             2            496  [Lcom.fasterxml.jackson.databind.DeserializationFeature;
1313:             9            496  [Ljava.lang.annotation.ElementType;
1314:            10            496  [Lorg.apache.ratis.util.LifeCycle$State;
1315:             1            488  org.apache.hadoop.ipc.Server$Listener
1316:            20            480  java.security.spec.ECFieldFp
1317:            12            480  java.util.Timer
1318:            12            480  org.apache.hadoop.ipc.protobuf.RpcHeaderProtos$RpcResponseHeaderProto$RpcErrorCodeProto
1319:             6            480  org.apache.ratis.proto.RaftProtos$CommitInfoProto$Builder
1320:             4            480  org.apache.ratis.proto.RaftProtos$RaftRpcRequestProto
1321:             1            480  org.apache.ratis.server.impl.FollowerState
1322:            12            480  org.apache.ratis.server.impl.LeaderStateImpl$CurrentOldFollowerInfos
1323:            15            480  org.apache.ratis.thirdparty.io.netty.channel.SucceededChannelFuture
1324:            12            480  org.eclipse.jetty.io.ManagedSelector$SelectorProducer
1325:            20            480  org.eclipse.jetty.util.AtomicBiInteger
1326:            20            480  org.eclipse.jetty.util.thread.Locker$Lock
1327:            12            480  org.rocksdb.FlushReason
1328:            12            480  picocli.CommandLine$Model$RuntimeTypeInfo
1329:            10            480  sun.reflect.generics.tree.MethodTypeSignature
1330:            10            480  sun.security.jca.ProviderConfig
1331:            12            480  sun.security.ssl.SignatureAndHashAlgorithm
1332:            20            480  sun.security.x509.CertificatePolicyId
1333:            10            480  sun.security.x509.ExtendedKeyUsageExtension
1334:             2            464  [Lcom.fasterxml.jackson.databind.SerializationFeature;
1335:             1            456  org.apache.hadoop.ipc.Server$Listener$Reader
1336:             1            456  org.apache.hadoop.ipc.Server$Responder
1337:            19            456  org.apache.ratis.thirdparty.io.netty.util.concurrent.FastThreadLocalRunnable
1338:            19            456  org.apache.ratis.thirdparty.io.netty.util.concurrent.SingleThreadEventExecutor$4
1339:             3            456  sun.nio.ch.ServerSocketChannelImpl
1340:             7            448  com.codahale.metrics.JmxReporter$JmxListener
1341:             4            448  com.fasterxml.jackson.databind.cfg.BaseSettings
1342:             7            448  io.netty.handler.codec.DefaultHeaders$HeaderEntry
1343:             7            448  java.beans.GenericBeanInfo
1344:             8            448  java.io.DataInputStream
1345:             8            448  java.lang.ClassValue$Entry
1346:            14            448  java.lang.invoke.LambdaFormEditor$Transform$Kind
1347:            14            448  javax.management.StandardMBean
1348:             2            448  org.apache.hadoop.hdds.security.SecurityConfig
1349:             8            448  org.apache.hadoop.metrics2.util.SampleQuantiles
1350:             7            448  org.apache.ratis.metrics.dropwizard3.Dm3RatisMetricRegistryImpl
1351:            14            448  org.apache.ratis.thirdparty.io.grpc.ServerInterceptors$InterceptCallHandler
1352:            14            448  org.apache.ratis.thirdparty.io.grpc.ServerMethodDefinition
1353:             8            448  org.apache.ratis.thirdparty.io.grpc.internal.ChannelTracer
1354:             4            448  org.apache.ratis.thirdparty.io.grpc.internal.DelayedClientTransport
1355:             4            448  org.apache.ratis.thirdparty.io.grpc.netty.NettyChannelBuilder$NettyTransportFactory
1356:             8            448  org.apache.ratis.thirdparty.io.netty.channel.unix.IovArray
1357:             7            448  org.apache.ratis.thirdparty.io.netty.handler.codec.DefaultHeaders$HeaderEntry
1358:             8            448  org.apache.ratis.thirdparty.io.netty.handler.codec.http2.DefaultHttp2Connection$ActiveStreams
1359:             8            448  org.apache.ratis.thirdparty.io.netty.handler.codec.http2.DefaultHttp2Connection$ConnectionStream
1360:            14            448  org.apache.ratis.thirdparty.io.netty.handler.codec.http2.DefaultHttp2Connection$DefaultStream$PropertyMap
1361:             8            448  org.apache.ratis.thirdparty.io.netty.handler.codec.http2.DefaultHttp2ConnectionEncoder
1362:             8            448  org.apache.ratis.thirdparty.io.netty.handler.codec.http2.DefaultHttp2FrameReader
1363:             8            448  org.apache.ratis.thirdparty.io.netty.handler.codec.http2.DefaultHttp2LocalFlowController
1364:             8            448  org.apache.ratis.thirdparty.io.netty.util.internal.ObjectPool$RecyclerObjectPool$1
1365:            14            448  org.eclipse.jetty.servlet.ServletHolder$Config
1366:             7            448  org.eclipse.jetty.util.TreeTrie
1367:             8            448  sun.misc.ProxyGenerator$PrimitiveTypeInfo
1368:             8            448  sun.security.ssl.SignatureAndHashAlgorithm$HashAlgorithm
1369:            11            440  [Lorg.apache.ratis.thirdparty.io.netty.util.concurrent.GenericFutureListener;
1370:             5            440  com.fasterxml.jackson.databind.introspect.BasicBeanDescription
1371:             1            440  java.lang.ref.Finalizer$FinalizerThread
1372:             1            440  java.util.logging.LogManager$Cleaner
1373:            11            440  java.util.regex.Pattern$3
1374:             1            440  org.apache.hadoop.metrics2.impl.MetricsSinkAdapter$1
1375:             1            440  org.apache.hadoop.util.Daemon
1376:            11            440  org.apache.logging.log4j.core.pattern.PatternFormatter
1377:             1            440  org.apache.ratis.server.impl.LeaderStateImpl$EventProcessor
1378:             3            432  com.fasterxml.jackson.databind.DeserializationConfig
1379:             9            432  java.lang.ClassLoader$NativeLibrary
1380:             1            432  java.lang.ref.Reference$ReferenceHandler
1381:             9            432  java.nio.file.attribute.FileTime
1382:             6            432  java.util.Collections$SingletonMap
1383:            18            432  java.util.regex.Pattern$CharPropertyNames$4
1384:            18            432  org.apache.hadoop.hdds.utils.db.Proto2Codec
1385:             1            432  org.apache.hadoop.ozone.util.ShutdownHookManager$1
1386:             1            432  org.apache.hadoop.util.ShutdownHookManager$1
1387:             9            432  org.apache.ratis.thirdparty.io.netty.channel.DefaultChannelId
1388:            18            432  org.eclipse.jetty.io.AbstractConnection$ReadCallback
1389:            18            432  org.eclipse.jetty.io.ChannelEndPoint$$Lambda$930/1523758909
1390:            18            432  org.eclipse.jetty.server.HttpChannel$$Lambda$932/267504141
1391:            18            432  org.eclipse.jetty.server.HttpConnection$AsyncReadCallback
1392:            18            432  org.eclipse.jetty.server.HttpConnection$BlockingReadCallback
1393:            13            416  com.fasterxml.jackson.databind.type.LogicalType
1394:            13            416  org.apache.log4j.Level
1395:             2            416  org.apache.ratis.grpc.server.GrpcLogAppender
1396:             4            416  org.apache.ratis.thirdparty.io.grpc.internal.KeepAliveManager
1397:             4            416  org.apache.ratis.thirdparty.io.grpc.netty.NettyClientStream
1398:            13            416  org.eclipse.jetty.http.pathmap.MappedResource
1399:             4            416  picocli.CommandLine
1400:             8            408  [Ljava.lang.invoke.LambdaForm$BasicType;
1401:             3            408  com.fasterxml.jackson.databind.deser.DefaultDeserializationContext$Impl
1402:             3            408  com.fasterxml.jackson.databind.ser.DefaultSerializerProvider$Impl
1403:            17            408  io.netty.channel.$Proxy48
1404:            17            408  java.util.Collections$UnmodifiableCollection
1405:            17            408  org.apache.ratis.thirdparty.io.netty.channel.$Proxy41
1406:            17            408  sun.invoke.util.ValueConversions$WrapperCache
1407:            17            408  sun.nio.ch.Util$2
1408:             2            400  [Lorg.eclipse.jetty.http.HttpParser$State;
1409:            10            400  com.fasterxml.jackson.core.JsonGenerator$Feature
1410:             2            400  com.google.common.cache.LocalCache
1411:             5            400  com.google.protobuf.DescriptorProtos$FieldOptions
1412:            10            400  org.eclipse.jetty.http.HttpCompliance
1413:            10            400  sun.security.x509.Extension
1414:             7            392  org.apache.hadoop.ozone.om.upgrade.OMLayoutFeature
1415:             7            392  org.apache.ratis.metrics.MetricRegistryInfo
1416:             7            392  org.apache.ratis.proto.RaftProtos$RaftGroupIdProto
1417:             7            392  org.apache.ratis.thirdparty.io.grpc.Metadata$AsciiKey
1418:             6            384  [Ljava.lang.invoke.BoundMethodHandle$SpeciesData;
1419:             3            384  com.fasterxml.jackson.databind.ObjectMapper
1420:             3            384  com.fasterxml.jackson.databind.SerializationConfig
1421:             6            384  com.fasterxml.jackson.databind.introspect.AnnotatedMethod
1422:             4            384  com.fasterxml.jackson.databind.type.MapType
1423:             4            384  com.google.protobuf.DescriptorProtos$FileOptions
1424:             6            384  java.nio.DirectLongBufferU
1425:             6            384  java.text.DigitList
1426:            12            384  java.util.TaskQueue
1427:             8            384  java.util.concurrent.Semaphore$NonfairSync
1428:            12            384  org.apache.hadoop.thirdparty.com.google.common.cache.LocalCache$WriteQueue$1
1429:             8            384  org.apache.logging.log4j.core.lookup.Interpolator
1430:             4            384  org.apache.ratis.proto.RaftProtos$AppendEntriesReplyProto
1431:             4            384  org.apache.ratis.proto.RaftProtos$AppendEntriesRequestProto
1432:             8            384  org.apache.ratis.thirdparty.io.grpc.netty.WriteQueue
1433:             8            384  org.apache.ratis.thirdparty.io.netty.channel.epoll.EpollRecvByteAllocatorStreamingHandle
1434:             8            384  org.apache.ratis.thirdparty.io.netty.handler.codec.http2.HpackDynamicTable
1435:             8            384  org.apache.ratis.thirdparty.io.netty.handler.codec.http2.HpackHuffmanEncoder
1436:             8            384  org.apache.ratis.thirdparty.io.netty.handler.codec.http2.HpackHuffmanEncoder$EncodeProcessor
1437:            12            384  org.eclipse.jetty.server.HttpChannelState$Action
1438:             3            384  org.eclipse.jetty.server.session.DefaultSessionCache
1439:             3            384  org.eclipse.jetty.util.resource.JarFileResource
1440:             8            384  picocli.CommandLine$Model$CommandUserObject
1441:            16            384  sun.nio.ch.OptionKey
1442:             8            384  sun.security.x509.NetscapeCertTypeExtension
1443:            12            376  [Lorg.apache.ratis.thirdparty.com.google.protobuf.Descriptors$OneofDescriptor;
1444:             4            368  [Lcom.fasterxml.jackson.databind.cfg.CoercionAction;
1445:             2            368  [Lio.netty.util.concurrent.EventExecutor;
1446:             2            368  [Ljava.text.DateFormat$Field;
1447:            11            360  [Lcom.fasterxml.jackson.databind.JavaType;
1448:             5            360  com.google.common.io.BaseEncoding$Alphabet
1449:             9            360  com.google.protobuf.Descriptors$FieldDescriptor$JavaType
1450:             9            360  com.google.protobuf.WireFormat$JavaType
1451:             5            360  java.lang.invoke.BoundMethodHandle$SpeciesData
1452:             9            360  jdk.internal.org.objectweb.asm.Type
1453:             9            360  org.apache.hadoop.util.CacheMetrics$CacheMetricsInfo
1454:             5            360  org.apache.logging.log4j.core.config.Node
1455:             5            360  org.apache.ratis.thirdparty.com.google.common.io.BaseEncoding$Alphabet
1456:             9            360  org.apache.ratis.thirdparty.com.google.protobuf.Descriptors$FieldDescriptor$JavaType
1457:             9            360  org.apache.ratis.thirdparty.com.google.protobuf.WireFormat$JavaType
1458:             9            360  org.apache.ratis.thirdparty.io.netty.channel.AdaptiveRecvByteBufAllocator
1459:             9            360  org.rocksdb.Status$SubCode
1460:             5            360  sun.management.MemoryPoolImpl
1461:             9            360  sun.security.x509.AccessDescription
1462:             9            360  sun.util.logging.PlatformLogger$Level
1463:            11            352  com.fasterxml.jackson.annotation.JsonFormat$Shape
1464:             4            352  com.fasterxml.jackson.core.sym.ByteQuadsCanonicalizer
1465:             4            352  com.fasterxml.jackson.core.sym.CharsToNameCanonicalizer
1466:            11            352  java.net.StandardSocketOptions$StdSocketOption
1467:             4            352  javax.management.openmbean.OpenMBeanOperationInfoSupport
1468:            11            352  org.apache.logging.log4j.MarkerManager$Log4jMarker
1469:             4            352  org.apache.ratis.thirdparty.io.grpc.internal.ManagedChannelImpl$SubchannelImpl
1470:             4            352  org.apache.ratis.thirdparty.io.grpc.internal.ManagedChannelOrphanWrapper$ManagedChannelReference
1471:            11            352  org.apache.ratis.thirdparty.io.netty.util.concurrent.DefaultFutureListeners
1472:            11            352  org.bouncycastle.jcajce.provider.asymmetric.ec.KeyFactorySpi$EC
1473:            11            352  org.eclipse.jetty.http.HttpTokens$Type
1474:            11            352  org.eclipse.jetty.http.HttpURI$State
1475:             4            352  org.eclipse.jetty.util.MultiMap
1476:            11            352  picocli.CommandLine$Model$FieldBinding
1477:             4            352  sun.nio.cs.StreamEncoder
1478:             7            344  [Ljava.lang.invoke.LambdaForm$NamedFunction;
1479:             1            344  [Lorg.eclipse.jetty.http.HttpMethod;
1480:             3            344  [[J
1481:             2            336  [Lcom.google.protobuf.DescriptorProtos$FieldDescriptorProto$Type;
1482:             2            336  [Lcom.google.protobuf.WireFormat$FieldType;
1483:             2            336  [Lorg.apache.ratis.thirdparty.com.google.protobuf.DescriptorProtos$FieldDescriptorProto$Type;
1484:             2            336  [Lorg.apache.ratis.thirdparty.com.google.protobuf.Descriptors$FieldDescriptor$Type;
1485:             2            336  [Lorg.apache.ratis.thirdparty.com.google.protobuf.WireFormat$FieldType;
1486:             7            336  com.codahale.metrics.JmxReporter$MetricTimeUnits
1487:            14            336  com.sun.proxy.$Proxy12
1488:            14            336  com.sun.proxy.$Proxy27
1489:             6            336  java.lang.invoke.LambdaForm$BasicType
1490:             1            336  java.util.concurrent.ForkJoinPool
1491:             7            336  java.util.concurrent.Semaphore$FairSync
1492:             6            336  org.apache.hadoop.metrics2.lib.MethodMetric
1493:            14            336  org.apache.ratis.server.raftlog.segmented.SegmentedRaftLogCache$LogSegmentList$$Lambda$472/988237189
1494:             2            336  org.apache.ratis.thirdparty.com.google.protobuf.DescriptorProtos$FileOptions
1495:             6            336  org.apache.ratis.thirdparty.io.netty.buffer.UnpooledSlicedByteBuf
1496:             6            336  org.apache.ratis.thirdparty.io.netty.handler.codec.http2.DefaultHttp2LocalFlowController$DefaultState
1497:             7            336  org.apache.ratis.util.ResourceSemaphore
1498:             7            336  org.apache.ratis.util.TimeDuration$Abbreviation
1499:             6            336  org.apache.ratis.util.TraditionalBinaryPrefix
1500:             6            336  org.bouncycastle.jcajce.provider.config.ProviderConfigurationPermission
1501:             1            328  org.apache.logging.log4j.core.config.properties.PropertiesConfiguration
1502:             2            320  [Lio.grpc.Status$Code;
1503:             8            320  [Ljava.util.concurrent.ConcurrentHashMap$CounterCell;
1504:             2            320  [Lorg.apache.ratis.thirdparty.io.grpc.Status$Code;
1505:             1            320  [[Ljava.math.BigInteger;
1506:            10            320  com.fasterxml.jackson.databind.cfg.CoercionInputShape
1507:             5            320  com.google.common.cache.AbstractCache$SimpleStatsCounter
1508:             8            320  com.google.protobuf.Descriptors$DescriptorPool$PackageDescriptor
1509:             2            320  com.lmax.disruptor.RingBuffer
1510:            10            320  java.lang.annotation.ElementType
1511:             8            320  java.math.RoundingMode
1512:            10            320  java.nio.file.StandardOpenOption
1513:            10            320  java.security.CryptoPrimitive
1514:            10            320  org.apache.commons.configuration2.event.EventType
1515:             8            320  org.apache.hadoop.conf.Configuration$DeprecationDelta
1516:             8            320  org.apache.hadoop.fs.permission.FsAction
1517:             4            320  org.apache.hadoop.hdds.conf.OzoneConfiguration
1518:            10            320  org.apache.hadoop.hdds.protocol.DatanodeDetails$Port$Name
1519:             4            320  org.apache.hadoop.ipc.ProtobufRpcEngine$Invoker
1520:             8            320  org.apache.hadoop.metrics2.impl.MsInfo
1521:             8            320  org.apache.logging.log4j.Level
1522:             8            320  org.apache.logging.log4j.spi.StandardLevel
1523:             4            320  org.apache.ratis.grpc.server.GrpcLogAppender$AppendEntriesRequest
1524:             8            320  org.apache.ratis.proto.RaftProtos$InstallSnapshotResult
1525:             8            320  org.apache.ratis.proto.RaftProtos$RaftClientRequestProto$TypeCase
1526:             4            320  org.apache.ratis.proto.RaftProtos$RaftRpcReplyProto
1527:             5            320  org.apache.ratis.thirdparty.com.google.common.cache.AbstractCache$SimpleStatsCounter
1528:             8            320  org.apache.ratis.thirdparty.com.google.common.util.concurrent.SettableFuture
1529:             4            320  org.apache.ratis.thirdparty.com.google.protobuf.SmallSortedMap$1
1530:             4            320  org.apache.ratis.thirdparty.io.grpc.NameResolver$Args
1531:             8            320  org.apache.ratis.thirdparty.io.grpc.internal.CallCredentialsApplyingTransportFactory
1532:             4            320  org.apache.ratis.thirdparty.io.grpc.internal.CallCredentialsApplyingTransportFactory$CallCredentialsApplyingTransport
1533:             8            320  org.apache.ratis.thirdparty.io.grpc.netty.Utils$FlowControlReader
1534:            10            320  org.apache.ratis.thirdparty.io.grpc.stub.ServerCalls$UnaryServerCallHandler
1535:             8            320  org.apache.ratis.thirdparty.io.netty.handler.codec.CodecOutputList$CodecOutputLists
1536:             8            320  org.apache.ratis.thirdparty.io.netty.handler.codec.http2.DefaultHttp2HeadersEncoder
1537:             8            320  org.apache.ratis.thirdparty.io.netty.handler.codec.http2.DefaultHttp2RemoteFlowController$WritabilityMonitor
1538:             8            320  org.apache.ratis.thirdparty.io.netty.handler.codec.http2.Http2FrameLogger
1539:            10            320  org.eclipse.jetty.http.pathmap.MatchedPath$2
1540:             5            320  sun.management.MemoryPoolImpl$CollectionSensor
1541:             5            320  sun.management.MemoryPoolImpl$PoolSensor
1542:             4            320  sun.misc.URLClassPath
1543:            10            320  sun.reflect.generics.scope.MethodScope
1544:             5            320  sun.security.provider.DSAPublicKeyImpl
1545:            13            312  java.util.concurrent.ConcurrentHashMap$ValuesView
1546:            13            312  org.apache.commons.lang3.text.translate.AggregateTranslator
1547:             3            312  sun.security.provider.NativePRNG$RandomIO
1548:             1            304  org.apache.hadoop.ipc.ProtobufRpcEngine$Server
1549:             2            304  org.apache.ratis.thirdparty.com.google.protobuf.DescriptorProtos$FileDescriptorProto
1550:             2            288  [Lorg.eclipse.jetty.http.HttpComplianceSection;
1551:            12            288  [Lpicocli.CommandLine$ITypeConverter;
1552:             3            288  com.fasterxml.jackson.databind.MappingJsonFactory
1553:            12            288  com.sun.proxy.$Proxy1
1554:             6            288  io.netty.handler.codec.http2.Http2Headers$PseudoHeaderName
1555:             3            288  java.lang.ClassValue$ClassValueMap
1556:             4            288  java.lang.invoke.MethodHandleImpl$AsVarargsCollector
1557:             4            288  java.net.NetworkInterface
1558:             9            288  java.nio.file.attribute.PosixFilePermission
1559:            12            288  java.util.Timer$1
1560:             9            288  java.util.logging.Level$KnownLevel
1561:             9            288  org.apache.commons.logging.impl.Log4JLogger
1562:             6            288  org.apache.hadoop.hdds.scm.proxy.SCMProxyInfo
1563:             6            288  org.apache.hadoop.io.retry.RetryPolicies$FailoverOnNetworkExceptionRetry
1564:             9            288  org.apache.hadoop.ipc.ProcessingDetails$Timing
1565:             6            288  org.apache.hadoop.ozone.OzoneManagerVersion
1566:             9            288  org.apache.hadoop.ozone.security.acl.IAccessAuthorizer$ACLType
1567:             6            288  org.apache.hadoop.security.UserGroupInformation$AuthenticationMethod
1568:            12            288  org.apache.hadoop.thirdparty.com.google.common.cache.LocalCache$WriteQueue
1569:             2            288  org.apache.ratis.proto.RaftProtos$RaftRpcRequestProto$Builder
1570:            12            288  org.apache.ratis.protocol.RaftPeer$$Lambda$195/197107207
1571:             4            288  org.apache.ratis.thirdparty.com.google.common.collect.MapMakerInternalMap$WeakKeyDummyValueSegment
1572:             4            288  org.apache.ratis.thirdparty.io.grpc.internal.Rescheduler
1573:             9            288  org.apache.ratis.thirdparty.io.netty.channel.epoll.LinuxSocket
1574:             6            288  org.apache.ratis.thirdparty.io.netty.handler.codec.http2.DefaultHttp2Connection$DefaultStream
1575:             6            288  org.apache.ratis.thirdparty.io.netty.handler.codec.http2.Http2Headers$PseudoHeaderName
1576:             9            288  org.apache.ratis.util.LifeCycle
1577:             9            288  org.eclipse.jetty.http.HttpGenerator$Result
1578:             1            288  org.eclipse.jetty.server.ServerConnector
1579:             3            288  org.eclipse.jetty.server.session.NullSessionDataStore
1580:             6            288  sun.reflect.UnsafeQualifiedObjectFieldAccessorImpl
1581:             2            288  sun.security.jgss.SunProvider
1582:             2            288  sun.security.provider.Sun
1583:             6            288  sun.security.util.MemoryCache
1584:             1            280  [Lcom.fasterxml.jackson.databind.MapperFeature;
1585:             9            280  [Ljava.security.CodeSigner;
1586:             1            280  [Ljava.util.concurrent.ForkJoinTask$ExceptionNode;
1587:             5            280  com.fasterxml.jackson.core.sym.ByteQuadsCanonicalizer$TableInfo
1588:             7            280  io.netty.handler.codec.http2.Http2Stream$State
1589:             5            280  java.lang.RuntimeException
1590:             7            280  java.net.NetPermission
1591:             7            280  java.util.Random
1592:             5            280  java.util.stream.StreamOpFlag
1593:             7            280  org.apache.hadoop.hdds.protocol.proto.HddsProtos$LifeCycleState
1594:             7            280  org.apache.ratis.protocol.RaftPeerId
1595:             5            280  org.apache.ratis.server.impl.WatchRequests$WatchQueue
1596:             5            280  org.apache.ratis.thirdparty.io.grpc.Metadata$TrustedAsciiKey
1597:             7            280  org.apache.ratis.thirdparty.io.netty.handler.codec.http2.Http2Stream$State
1598:             5            280  org.apache.ratis.thirdparty.io.netty.util.internal.RecyclableArrayList
1599:             7            280  org.eclipse.jetty.webapp.ClasspathPattern$ClassEntry
1600:             7            280  sun.reflect.UnsafeLongFieldAccessorImpl
1601:             2            272  [Lio.netty.handler.codec.http2.Http2Error;
1602:             2            272  [Lorg.apache.ratis.thirdparty.io.netty.handler.codec.http2.Http2Error;
1603:             2            272  org.apache.ratis.proto.RaftProtos$AppendEntriesRequestProto$Builder
1604:             2            272  org.apache.ratis.thirdparty.io.grpc.netty.NettyServerStream$TransportState
1605:             2            264  [Ljava.math.BigDecimal;
1606:             1            264  [Ljava.time.temporal.ChronoField;
1607:             3            264  [Lorg.apache.hadoop.fs.permission.FsAction;
1608:            11            264  com.sun.proxy.$Proxy30
1609:            11            264  com.sun.proxy.$Proxy31
1610:             3            264  javax.management.openmbean.TabularType
1611:             1            264  org.apache.hadoop.ozone.om.OmMetadataManagerImpl
1612:            11            264  org.apache.logging.log4j.core.impl.ThreadContextDataInjector$ForDefaultThreadContextMap
1613:            11            264  org.apache.logging.log4j.core.util.datetime.FastDateParser$NumberStrategy
1614:             8            256  com.fasterxml.jackson.annotation.JsonFormat$Feature
1615:             4            256  com.fasterxml.jackson.core.Base64Variant
1616:             8            256  com.fasterxml.jackson.databind.util.LRUMap
1617:             8            256  com.google.common.util.concurrent.Striped$CompactStriped
1618:             8            256  java.lang.invoke.MethodHandleImpl$Intrinsic
1619:             8            256  javax.crypto.CryptoPermissionCollection
1620:             8            256  jdk.net.SocketFlow$Status
1621:             8            256  org.apache.hadoop.metrics2.impl.MetricGaugeFloat
1622:             4            256  org.apache.hadoop.thirdparty.com.google.common.collect.MapMakerInternalMap$StrongKeyDummyValueSegment
1623:             2            256  org.apache.logging.log4j.core.config.LoggerConfig
1624:             1            256  org.apache.logging.log4j.core.config.NullConfiguration
1625:             8            256  org.apache.logging.log4j.core.lookup.PropertiesLookup
1626:            16            256  org.apache.logging.log4j.core.lookup.SystemPropertiesLookup
1627:             4            256  org.apache.ratis.proto.RaftProtos$RaftGroupIdProto$Builder
1628:             4            256  org.apache.ratis.proto.RaftProtos$TermIndexProto
1629:             8            256  org.apache.ratis.protocol.RaftClientRequest$Type
1630:             8            256  org.apache.ratis.server.impl.TransferLeadership$Result$Type
1631:             4            256  org.apache.ratis.thirdparty.com.google.protobuf.GeneratedMessageV3$FieldAccessorTable$SingularStringFieldAccessor
1632:             8            256  org.apache.ratis.thirdparty.io.grpc.internal.ChannelLoggerImpl
1633:             8            256  org.apache.ratis.thirdparty.io.grpc.internal.ManagedChannelImpl$ExecutorHolder
1634:             4            256  org.apache.ratis.thirdparty.io.grpc.netty.Http2ControlFrameLimitEncoder
1635:             8            256  org.apache.ratis.thirdparty.io.netty.handler.codec.http2.DefaultHttp2Connection$PropertyKeyRegistry
1636:             8            256  org.apache.ratis.thirdparty.io.netty.handler.codec.http2.DefaultHttp2FrameWriter
1637:             8            256  org.apache.ratis.thirdparty.io.netty.handler.codec.http2.HpackHuffmanDecoder
1638:             8            256  org.apache.ratis.thirdparty.io.netty.handler.codec.http2.HpackHuffmanEncoder$EncodedLengthProcessor
1639:             8            256  org.apache.ratis.thirdparty.io.netty.handler.codec.http2.Http2ConnectionHandler$FrameDecoder
1640:             8            256  org.apache.ratis.thirdparty.io.netty.handler.codec.http2.Http2InboundFrameLogger
1641:             8            256  org.apache.ratis.thirdparty.io.netty.handler.codec.http2.Http2OutboundFrameLogger
1642:             8            256  org.apache.ratis.thirdparty.io.netty.util.Recycler$2
1643:             8            256  org.apache.ratis.util.JvmPauseMonitor$GcInfo
1644:             8            256  org.apache.ratis.util.LifeCycle$State
1645:             4            256  org.apache.ratis.util.TimeoutTimer$Task
1646:             4            256  org.eclipse.jetty.http.HttpVersion
1647:             8            256  org.eclipse.jetty.server.HttpChannelState$RequestState
1648:             8            256  org.eclipse.jetty.util.ArrayTernaryTrie$Growing
1649:             8            256  picocli.CommandLine$Model$Interpolator
1650:             8            256  picocli.CommandLine$Model$Interpolator$3
1651:             8            256  picocli.CommandLine$Model$Interpolator$4
1652:            16            256  picocli.CommandLine$NoOpParameterPreprocessor
1653:             8            256  picocli.CommandLine$RegexTransformer
1654:             2            240  [Lorg.apache.hadoop.ipc.protobuf.RpcHeaderProtos$RpcResponseHeaderProto$RpcErrorCodeProto;
1655:            10            240  [Lsun.reflect.generics.tree.TypeSignature;
1656:             5            240  com.fasterxml.jackson.core.JsonEncoding
1657:             6            240  com.fasterxml.jackson.databind.PropertyName
1658:             3            240  com.google.protobuf.Descriptors$FileDescriptor
1659:             1            240  io.grpc.netty.NettyServer
1660:             5            240  io.netty.handler.codec.http.HttpStatusClass
1661:             5            240  java.io.BufferedInputStream
1662:             6            240  java.io.BufferedOutputStream
1663:             6            240  java.time.format.TextStyle
1664:            10            240  java.util.Formatter$Flags
1665:             5            240  javax.management.StandardEmitterMBean
1666:             3            240  org.apache.hadoop.conf.Configuration
1667:             6            240  org.apache.hadoop.ipc.RPC$Server$ProtoClassProtoImpl
1668:             6            240  org.apache.hadoop.ipc.protobuf.RpcHeaderProtos$RpcSaslProto$SaslState
1669:             5            240  org.apache.hadoop.ozone.ClientVersion
1670:             3            240  org.apache.hadoop.ozone.om.helpers.OMNodeDetails
1671:             6            240  org.apache.hadoop.ozone.protocol.proto.OzoneManagerProtocolProtos$SnapshotDiffResponse$JobStatusProto
1672:             5            240  org.apache.hadoop.security.SaslRpcServer$AuthMethod
1673:             5            240  org.apache.log4j.helpers.PatternParser$LiteralPatternConverter
1674:             6            240  org.apache.ratis.server.impl.FollowerState$UpdateType
1675:             6            240  org.apache.ratis.server.leader.LeaderState$StepDownReason
1676:             6            240  org.apache.ratis.thirdparty.com.google.common.cache.LocalCache$LoadingValueReference
1677:             3            240  org.apache.ratis.thirdparty.com.google.protobuf.CodedInputStream$ArrayDecoder
1678:             5            240  org.apache.ratis.thirdparty.io.grpc.LoadBalancer$PickResult
1679:             2            240  org.apache.ratis.thirdparty.io.grpc.internal.DelayedClientTransport$PendingStream
1680:             2            240  org.apache.ratis.thirdparty.io.grpc.internal.ManagedChannelImpl$RealChannel$PendingCall
1681:             6            240  org.apache.ratis.thirdparty.io.grpc.internal.SerializingExecutor
1682:             1            240  org.apache.ratis.thirdparty.io.grpc.netty.NettyServer
1683:             5            240  org.apache.ratis.thirdparty.io.netty.handler.codec.http.HttpStatusClass
1684:             6            240  org.eclipse.jetty.http.HttpURI$Violation
1685:             3            240  org.eclipse.jetty.server.SymlinkAllowedResourceAliasChecker
1686:             6            240  org.eclipse.jetty.util.statistic.CounterStatistic
1687:             5            240  sun.security.ssl.SignatureAndHashAlgorithm$SignatureAlgorithm
1688:             5            240  sun.security.x509.AuthorityInfoAccessExtension
1689:             5            240  sun.util.locale.provider.LocaleProviderAdapter$Type
1690:             6            232  [Ljava.lang.management.MemoryManagerMXBean;
1691:             4            232  [Lsun.invoke.util.ValueConversions$WrapperCache;
1692:             1            232  org.apache.ratis.server.impl.RaftServerImpl
1693:             4            224  [Ljava.lang.CharSequence;
1694:             4            224  [Ljava.lang.invoke.LambdaFormEditor$Transform;
1695:             4            224  [Lorg.apache.ratis.thirdparty.com.google.common.cache.LocalCache$Segment;
1696:             7            224  com.codahale.metrics.JmxReporter
1697:             7            224  com.codahale.metrics.MetricRegistry
1698:             7            224  com.fasterxml.jackson.annotation.JsonInclude$Include
1699:             7            224  com.fasterxml.jackson.annotation.PropertyAccessor
1700:             4            224  com.fasterxml.jackson.databind.ser.impl.ReadOnlyClassToSerializerMap$Bucket
1701:             7            224  com.sun.management.VMOption$Origin
1702:             4            224  io.grpc.Metadata$TrustedAsciiKey
1703:             4            224  io.netty.util.internal.ObjectPool$RecyclerObjectPool$1
1704:             4            224  java.util.PropertyPermission
1705:             7            224  org.apache.hadoop.hdds.server.http.RatisDropwizardExports
1706:             1            224  org.apache.hadoop.ozone.om.OMPerformanceMetrics
1707:             7            224  org.apache.ratis.metrics.dropwizard3.RefCountingMap$Payload
1708:             2            224  org.apache.ratis.proto.RaftProtos$AppendEntriesReplyProto$Builder
1709:             7            224  org.apache.ratis.proto.grpc.AdminProtocolServiceGrpc$MethodHandlers
1710:             2            224  org.apache.ratis.server.impl.FollowerInfoImpl
1711:             7            224  org.apache.ratis.server.impl.LeaderElection$Result
1712:             4            224  org.apache.ratis.thirdparty.io.grpc.internal.BackoffPolicyRetryScheduler
1713:             4            224  org.apache.ratis.thirdparty.io.grpc.internal.KeepAliveEnforcer
1714:             4            224  org.apache.ratis.thirdparty.io.netty.handler.codec.http2.StreamBufferingEncoder
1715:             2            224  org.eclipse.jetty.servlet.DefaultServlet
1716:             7            224  org.eclipse.jetty.util.IteratingCallback$State
1717:             4            224  picocli.CommandLine$Interpreter
1718:             2            224  sun.nio.ch.FileChannelImpl
1719:             7            224  sun.security.x509.NetscapeCertTypeExtension$MapEntry
1720:             5            216  [Ljava.lang.management.MemoryPoolMXBean;
1721:             1            216  [Ljava.time.LocalTime;
1722:             1            216  [Lorg.apache.hadoop.metrics2.source.JvmMetricsInfo;
1723:             3            216  com.fasterxml.jackson.databind.PropertyMetadata
1724:             9            216  com.sun.proxy.$Proxy10
1725:             9            216  java.util.TreeMap$KeySet
1726:             3            216  java.util.concurrent.ArrayBlockingQueue
1727:             3            216  javax.net.ssl.SSLParameters
1728:             3            216  org.apache.hadoop.ipc.protobuf.RpcHeaderProtos$RpcSaslProto
1729:             9            216  org.apache.hadoop.metrics2.lib.MetricsSourceBuilder$1
1730:             9            216  org.apache.logging.log4j.core.lookup.JmxRuntimeInputArgumentsLookup
1731:             9            216  org.apache.logging.log4j.core.lookup.MapLookup
1732:             9            216  org.apache.ratis.thirdparty.io.grpc.Attributes
1733:             9            216  org.apache.ratis.thirdparty.io.grpc.Attributes$Key
1734:             9            216  org.apache.ratis.thirdparty.io.grpc.internal.SharedResourcePool
1735:             9            216  org.apache.ratis.thirdparty.io.netty.channel.DefaultMaxMessagesRecvByteBufAllocator$MaxMessageHandle$1
1736:             9            216  org.apache.ratis.thirdparty.io.netty.channel.VoidChannelPromise$1
1737:             9            216  org.apache.ratis.thirdparty.io.netty.channel.epoll.AbstractEpollChannel$AbstractEpollUnsafe$1
1738:             9            216  org.apache.ratis.thirdparty.io.netty.channel.epoll.EpollRecvByteAllocatorHandle$1
1739:             9            216  org.apache.ratis.thirdparty.io.netty.channel.unix.PreferredDirectByteBufAllocator
1740:             9            216  org.eclipse.jetty.servlet.ServletHandler$ChainEnd
1741:             9            216  sun.security.ec.ECParameters
1742:             2            208  [Ljava.lang.invoke.MethodType;
1743:             2            208  [Ljava.nio.file.StandardOpenOption;
1744:             2            208  [Ljava.security.CryptoPrimitive;
1745:             2            208  [Ljavax.management.openmbean.OpenType;
1746:             2            208  [Lorg.apache.hadoop.hdds.protocol.DatanodeDetails$Port$Name;
1747:             6            208  [Lorg.apache.ratis.thirdparty.com.google.protobuf.Descriptors$EnumDescriptor;
1748:             1            208  [Lpicocli.CommandLine$Help$Ansi$Style;
1749:             2            208  io.netty.buffer.PooledByteBufAllocator
1750:             2            208  org.apache.hadoop.metrics2.lib.Interns$CacheWith2Keys$1
1751:             1            208  org.apache.ratis.server.raftlog.segmented.SegmentedRaftLog
1752:             2            208  org.apache.ratis.thirdparty.com.google.protobuf.GeneratedMessageV3$FieldAccessorTable$SingularEnumFieldAccessor
1753:             2            208  org.apache.ratis.thirdparty.io.netty.buffer.PooledByteBufAllocator
1754:             2            208  org.apache.ratis.thirdparty.io.netty.handler.codec.http2.Http2CodecUtil$SimpleChannelPromiseAggregator
1755:             3            200  [Ljava.lang.ThreadGroup;
1756:             7            200  [Ljava.nio.file.LinkOption;
1757:             3            200  [Lorg.eclipse.jetty.servlet.FilterMapping;
1758:             1            200  [Lorg.rocksdb.AbstractEventListener$EnabledEventCallback;
1759:             5            200  io.netty.handler.logging.LogLevel
1760:             5            200  java.util.Stack
1761:             5            200  org.apache.hadoop.hdds.protocol.proto.HddsProtos$NodeOperationalState
1762:             5            200  org.apache.hadoop.hdds.protocol.proto.HddsProtos$ReplicationType
1763:             5            200  org.apache.hadoop.hdds.protocol.proto.HddsProtos$UpgradeFinalizationStatus$Status
1764:             5            200  org.apache.hadoop.hdds.protocol.proto.ScmBlockLocationProtocolProtos$Type
1765:             5            200  org.apache.hadoop.hdds.server.http.HttpServer2Metrics$HttpServer2MetricsInfo
1766:             5            200  org.apache.hadoop.hdds.utils.TableCacheMetrics$MetricsInfos
1767:             1            200  org.apache.hadoop.metrics2.impl.MetricsSystemImpl
1768:             5            200  org.apache.hadoop.metrics2.lib.MethodMetric$2
1769:             1            200  org.apache.hadoop.ozone.om.service.SnapshotDeletingService
1770:             5            200  org.apache.hadoop.ozone.protocol.proto.OzoneManagerProtocolProtos$OzoneAclInfo$OzoneAclType
1771:             5            200  org.apache.hadoop.ozone.security.acl.IAccessAuthorizer$ACLIdentityType
1772:             1            200  org.apache.logging.log4j.core.appender.rolling.RollingFileManager
1773:             5            200  org.apache.logging.log4j.core.pattern.SimpleLiteralPatternConverter$StringValue
1774:             5            200  org.apache.ratis.proto.RaftProtos$RaftPeerRole
1775:             5            200  org.apache.ratis.proto.RaftProtos$ReplicationLevel
1776:             1            200  org.apache.ratis.server.impl.LeaderStateImpl
1777:             5            200  org.apache.ratis.server.impl.RaftConfigurationImpl
1778:             5            200  org.apache.ratis.thirdparty.io.netty.handler.logging.LogLevel
1779:             1            200  org.eclipse.jetty.webapp.WebAppClassLoader
1780:             5            200  org.rocksdb.ChecksumType
1781:             5            200  sun.security.provider.DSAParameters
1782:             5            200  sun.security.ssl.CipherSuite$MacAlg
1783:             4            192  [F
1784:             2            192  [Ljava.nio.file.attribute.PosixFilePermission;
1785:             2            192  [Lorg.apache.hadoop.hdds.conf.ConfigType;
1786:             3            192  [Lorg.apache.hadoop.hdds.protocol.proto.HddsProtos$ReplicationType;
1787:             3            192  [Lorg.apache.hadoop.ozone.protocol.proto.OzoneManagerProtocolProtos$OzoneAclInfo$OzoneAclType;
1788:             2            192  [Lorg.apache.hadoop.ozone.security.acl.IAccessAuthorizer$ACLType;
1789:             1            192  [Lorg.apache.logging.log4j.core.util.datetime.FixedDateFormat$FixedFormat;
1790:             3            192  [Lorg.apache.ratis.proto.RaftProtos$RaftPeerRole;
1791:             3            192  [Lorg.apache.ratis.proto.RaftProtos$ReplicationLevel;
1792:             6            192  com.fasterxml.jackson.annotation.JsonAutoDetect$Visibility
1793:             6            192  com.fasterxml.jackson.core.JsonParser$NumberType
1794:             3            192  com.fasterxml.jackson.databind.cfg.ConfigOverrides
1795:             8            192  com.fasterxml.jackson.databind.introspect.AnnotationMap
1796:             4            192  com.fasterxml.jackson.databind.type.TypeBindings
1797:             2            192  com.google.protobuf.GeneratedMessage$FieldAccessorTable$RepeatedFieldAccessor
1798:             4            192  com.sun.jmx.mbeanserver.DefaultMXBeanMappingFactory$ArrayMapping
1799:             8            192  com.sun.proxy.$Proxy29
1800:             6            192  io.grpc.internal.KeepAliveManager$State
1801:             1            192  io.netty.channel.socket.nio.NioServerSocketChannel
1802:             3            192  java.io.BufferedWriter
1803:             4            192  java.io.DataOutputStream
1804:             2            192  java.io.ExpiringCache$1
1805:             6            192  java.lang.Thread$State
1806:             4            192  java.lang.UNIXProcess$Platform
1807:             8            192  java.util.Comparator$$Lambda$447/274095666
1808:             8            192  java.util.Comparator$$Lambda$449/1080360089
1809:             6            192  java.util.Comparator$$Lambda$451/52522631
1810:             8            192  java.util.concurrent.Semaphore
1811:             8            192  java.util.regex.Pattern$CharPropertyNames$3
1812:             6            192  java.util.regex.Pattern$SliceI
1813:             6            192  org.apache.commons.lang3.text.translate.NumericEntityEscaper
1814:             6            192  org.apache.hadoop.io.retry.CallReturn$State
1815:             6            192  org.apache.hadoop.ipc.RPC$Server$ProtoNameVer
1816:             8            192  org.apache.hadoop.metrics2.lib.MutableQuantiles$RolloverSample
1817:             4            192  org.apache.hadoop.net.SocketInputStream$Reader
1818:             4            192  org.apache.hadoop.net.SocketOutputStream$Writer
1819:             3            192  org.apache.hadoop.thirdparty.com.google.common.util.concurrent.ThreadFactoryBuilder$1
1820:             6            192  org.apache.hadoop.util.Shell$OSType
1821:             6            192  org.apache.logging.log4j.core.LifeCycle$State
1822:             8            192  org.apache.logging.log4j.core.lookup.ContextMapLookup
1823:             8            192  org.apache.logging.log4j.core.lookup.JavaLookup
1824:             8            192  org.apache.logging.log4j.core.lookup.Log4jLookup
1825:             8            192  org.apache.logging.log4j.core.lookup.MainMapLookup
1826:             6            192  org.apache.logging.log4j.core.util.datetime.FastDateParser$StrategyAndWidth
1827:             2            192  org.apache.ratis.grpc.metrics.GrpcServerMetrics
1828:             6            192  org.apache.ratis.grpc.server.GrpcLogAppender$Event
1829:             2            192  org.apache.ratis.proto.RaftProtos$RaftRpcReplyProto$Builder
1830:             6            192  org.apache.ratis.retry.MultipleLinearRandomRetry$Pair
1831:             1            192  org.apache.ratis.server.raftlog.segmented.SegmentedRaftLogWorker
1832:             4            192  org.apache.ratis.thirdparty.com.google.protobuf.SingleFieldBuilderV3
1833:             2            192  org.apache.ratis.thirdparty.io.grpc.Context$CancellableContext
1834:             4            192  org.apache.ratis.thirdparty.io.grpc.internal.AutoConfiguredLoadBalancerFactory$AutoConfiguredLoadBalancer
1835:             6            192  org.apache.ratis.thirdparty.io.grpc.internal.KeepAliveManager$State
1836:             8            192  org.apache.ratis.thirdparty.io.grpc.internal.LogExceptionRunnable
1837:             4            192  org.apache.ratis.thirdparty.io.grpc.internal.ManagedChannelImpl$RealChannel
1838:             4            192  org.apache.ratis.thirdparty.io.grpc.internal.ManagedChannelImpl$UncommittedRetriableStreamsRegistry
1839:             4            192  org.apache.ratis.thirdparty.io.grpc.internal.PickFirstLoadBalancer
1840:             4            192  org.apache.ratis.thirdparty.io.grpc.internal.RetryingNameResolver
1841:             2            192  org.apache.ratis.thirdparty.io.grpc.internal.ServerCallImpl
1842:             4            192  org.apache.ratis.thirdparty.io.grpc.internal.ServerImpl$ServerTransportListenerImpl
1843:             2            192  org.apache.ratis.thirdparty.io.grpc.internal.ServerImpl$ServerTransportListenerImpl$1HandleServerCall
1844:             4            192  org.apache.ratis.thirdparty.io.grpc.netty.ClientTransportLifecycleManager
1845:             4            192  org.apache.ratis.thirdparty.io.grpc.netty.NettyServerHandler$1
1846:             2            192  org.apache.ratis.thirdparty.io.grpc.netty.NettyServerStream
1847:             8            192  org.apache.ratis.thirdparty.io.grpc.netty.WriteQueue$1
1848:             4            192  org.apache.ratis.thirdparty.io.grpc.stub.ClientCalls$CallToStreamObserverAdapter
1849:             4            192  org.apache.ratis.thirdparty.io.netty.buffer.EmptyByteBuf
1850:             8            192  org.apache.ratis.thirdparty.io.netty.buffer.PoolThreadCache$FreeOnFinalize
1851:             8            192  org.apache.ratis.thirdparty.io.netty.channel.epoll.AbstractEpollStreamChannel$1
1852:             1            192  org.apache.ratis.thirdparty.io.netty.channel.epoll.EpollServerSocketChannel
1853:             8            192  org.apache.ratis.thirdparty.io.netty.handler.codec.http2.DefaultHttp2ConnectionDecoder$FrameReadListener
1854:             8            192  org.apache.ratis.thirdparty.io.netty.handler.codec.http2.DefaultHttp2LocalFlowController$1
1855:             8            192  org.apache.ratis.thirdparty.io.netty.handler.codec.http2.DefaultHttp2RemoteFlowController$1
1856:             8            192  org.apache.ratis.thirdparty.io.netty.handler.codec.http2.WeightedFairQueueByteDistributor$1
1857:             8            192  org.apache.ratis.thirdparty.io.netty.util.collection.CharObjectHashMap$1
1858:             8            192  org.apache.ratis.thirdparty.io.netty.util.collection.CharObjectHashMap$EntrySet
1859:             8            192  org.apache.ratis.thirdparty.io.netty.util.collection.CharObjectHashMap$KeySet
1860:             8            192  org.apache.ratis.thirdparty.io.netty.util.internal.ObjectPool$RecyclerObjectPool
1861:             4            192  org.apache.ratis.util.AwaitForSignal
1862:             8            192  org.apache.ratis.util.TimeoutTimer$$Lambda$324/986327796
1863:             4            192  org.eclipse.jetty.http.HttpScheme
1864:             3            192  org.eclipse.jetty.http.MetaData$Response
1865:             6            192  org.eclipse.jetty.http.pathmap.PathSpecGroup
1866:             6            192  org.eclipse.jetty.io.AbstractEndPoint$State
1867:             1            192  org.eclipse.jetty.security.ConstraintSecurityHandler
1868:             6            192  org.eclipse.jetty.server.HttpChannelState$InputState
1869:             6            192  org.eclipse.jetty.server.HttpOutput$ApiState
1870:             4            192  org.eclipse.jetty.util.IncludeExcludeSet
1871:             1            192  org.eclipse.jetty.util.thread.QueuedThreadPool
1872:             8            192  picocli.CommandLine$Model$Interpolator$1
1873:             8            192  picocli.CommandLine$Model$Interpolator$2
1874:             8            192  picocli.CommandLine$Model$UsageMessageSpec$10
1875:             8            192  picocli.CommandLine$Model$UsageMessageSpec$11
1876:             8            192  picocli.CommandLine$Model$UsageMessageSpec$12
1877:             8            192  picocli.CommandLine$Model$UsageMessageSpec$13
1878:             8            192  picocli.CommandLine$Model$UsageMessageSpec$14
1879:             8            192  picocli.CommandLine$Model$UsageMessageSpec$15
1880:             8            192  picocli.CommandLine$Model$UsageMessageSpec$16
1881:             8            192  picocli.CommandLine$Model$UsageMessageSpec$17
1882:             8            192  picocli.CommandLine$Model$UsageMessageSpec$18
1883:             8            192  picocli.CommandLine$Model$UsageMessageSpec$19
1884:             8            192  picocli.CommandLine$Model$UsageMessageSpec$2
1885:             8            192  picocli.CommandLine$Model$UsageMessageSpec$3
1886:             8            192  picocli.CommandLine$Model$UsageMessageSpec$4
1887:             8            192  picocli.CommandLine$Model$UsageMessageSpec$5
1888:             8            192  picocli.CommandLine$Model$UsageMessageSpec$6
1889:             8            192  picocli.CommandLine$Model$UsageMessageSpec$7
1890:             8            192  picocli.CommandLine$Model$UsageMessageSpec$8
1891:             8            192  picocli.CommandLine$Model$UsageMessageSpec$9
1892:             4            192  picocli.CommandLine$RunLast
1893:             6            192  sun.misc.PerfCounter
1894:             6            192  sun.security.provider.certpath.X509CertPath
1895:             4            192  sun.security.ssl.CipherSuite$PRF
1896:             6            192  sun.security.ssl.ProtocolVersion
1897:             6            192  sun.security.util.DisabledAlgorithmConstraints$KeySizeConstraint$Operator
1898:             3            184  [Lorg.eclipse.jetty.servlet.ServletHolder;
1899:             1            184  com.fasterxml.jackson.databind.deser.BeanDeserializer
1900:             1            184  io.grpc.internal.ServerImpl
1901:             1            184  org.apache.hadoop.ipc.metrics.RpcMetrics
1902:             1            184  org.apache.hadoop.ozone.om.service.KeyDeletingService
1903:             1            184  org.apache.ratis.thirdparty.io.grpc.internal.ServerImpl
1904:             2            176  [Lcom.google.common.cache.LocalCache$EntryFactory;
1905:             2            176  [Lorg.apache.hadoop.ozone.om.lock.OzoneManagerLock$Resource;
1906:             2            176  [Lorg.apache.hadoop.thirdparty.com.google.common.cache.LocalCache$EntryFactory;
1907:             2            176  [Lorg.apache.logging.log4j.spi.StandardLevel;
1908:             2            176  [Lorg.apache.ratis.proto.RaftProtos$InstallSnapshotResult;
1909:             2            176  [Lorg.apache.ratis.thirdparty.com.google.common.cache.LocalCache$EntryFactory;
1910:             1            176  [Lorg.eclipse.jetty.http.MimeTypes$Type;
1911:             3            176  [Lorg.eclipse.jetty.servlet.ServletMapping;
1912:             2            176  io.netty.buffer.UnpooledByteBufAllocator$InstrumentedUnpooledUnsafeNoCleanerDirectByteBuf
1913:             2            176  org.apache.hadoop.hdds.utils.db.managed.ManagedDBOptions
1914:             1            176  org.apache.hadoop.ozone.om.ratis.OzoneManagerStateMachine
1915:             1            176  org.apache.hadoop.ozone.protocol.proto.OzoneManagerProtocolProtos$SnapshotInfo
1916:             2            176  org.apache.ratis.thirdparty.io.netty.buffer.UnpooledByteBufAllocator$InstrumentedUnpooledUnsafeNoCleanerDirectByteBuf
1917:             2            176  org.eclipse.jetty.server.ResourceService
1918:             1            168  [Lcom.google.protobuf.Descriptors$FieldDescriptor$Type;
1919:             3            168  [Lorg.apache.hadoop.hdds.protocol.proto.HddsProtos$NodeType;
1920:             3            168  [Lorg.apache.hadoop.thirdparty.com.google.common.cache.LocalCache$Segment;
1921:             1            168  [Lsun.security.util.ObjectIdentifier;
1922:             1            168  [[Ljava.lang.Byte;
1923:             3            168  com.fasterxml.jackson.core.io.SerializedString
1924:             1            168  com.fasterxml.jackson.databind.ser.BeanPropertyWriter
1925:             3            168  com.google.common.io.BaseEncoding$Base64Encoding
1926:             3            168  com.sun.jmx.mbeanserver.DefaultMXBeanMappingFactory$CollectionMapping
1927:             7            168  com.sun.proxy.$Proxy0
1928:             7            168  com.sun.proxy.$Proxy14
1929:             7            168  com.sun.proxy.$Proxy35
1930:             7            168  java.util.Hashtable$EntrySet
1931:             7            168  java.util.concurrent.SynchronousQueue$TransferStack
1932:             3            168  org.apache.commons.lang3.text.StrSubstitutor
1933:             7            168  org.apache.hadoop.hdds.server.http.RatisNameRewriteSampleBuilder
1934:             7            168  org.apache.hadoop.hdds.utils.BackgroundService$$Lambda$171/48428832
1935:             7            168  org.apache.hadoop.hdds.utils.BackgroundService$PeriodicalTask
1936:             3            168  org.apache.logging.log4j.core.config.ConfigurationSource
1937:             1            168  org.apache.ozone.rocksdiff.RocksDBCheckpointDiffer
1938:             7            168  org.apache.ratis.metrics.MetricRegistryInfo$$Lambda$328/1788554384
1939:             7            168  org.apache.ratis.proto.grpc.AdminProtocolServiceGrpc$AdminProtocolServiceMethodDescriptorSupplier
1940:             7            168  org.apache.ratis.server.impl.StateMachineUpdater$$Lambda$505/1582156275
1941:             1            168  org.apache.ratis.server.metrics.SegmentedRaftLogMetrics
1942:             3            168  org.apache.ratis.thirdparty.com.google.common.io.BaseEncoding$Base64Encoding
1943:             3            168  org.eclipse.jetty.http.pathmap.PathMappings
1944:             3            168  org.eclipse.jetty.server.session.SessionContext
1945:             3            168  org.eclipse.jetty.util.ConstantThrowable
1946:             3            168  picocli.CommandLine$Model$Messages
1947:             1            168  sun.misc.Launcher$AppClassLoader
1948:             3            168  sun.nio.ch.ServerSocketAdaptor
1949:             1            168  sun.security.ssl.SSLSessionImpl
1950:             3            168  sun.util.locale.provider.LocaleResources
1951:             4            160  [Lcom.google.common.cache.Striped64$Cell;
1952:             6            160  [Lcom.google.protobuf.Descriptors$FileDescriptor;
1953:             2            160  [Lorg.apache.hadoop.hdds.conf.StorageUnit;
1954:             2            160  [Lorg.apache.hadoop.hdds.protocol.proto.HddsProtos$LifeCycleState;
1955:             4            160  [Lorg.apache.hadoop.metrics2.lib.MutableQuantiles;
1956:             2            160  [Lorg.apache.hadoop.ozone.om.upgrade.OMLayoutFeature;
1957:             2            160  [Lorg.apache.ratis.util.TimeDuration$Abbreviation;
1958:             4            160  com.codahale.metrics.Timer$Context
1959:             1            160  com.ctc.wstx.api.ReaderConfig
1960:             5            160  com.fasterxml.jackson.annotation.Nulls
1961:             4            160  com.fasterxml.jackson.core.JsonFactory$Feature
1962:             4            160  com.fasterxml.jackson.core.sym.CharsToNameCanonicalizer$TableInfo
1963:             1            160  com.fasterxml.jackson.databind.deser.std.StdValueInstantiator
1964:             4            160  com.fasterxml.jackson.databind.util.TypeKey
1965:             2            160  com.google.protobuf.DescriptorProtos$MethodDescriptorProto
1966:             2            160  com.lmax.disruptor.BatchEventProcessor
1967:             5            160  io.grpc.MethodDescriptor$MethodType
1968:             5            160  io.netty.util.internal.logging.InternalLogLevel
1969:             4            160  java.io.OutputStreamWriter
1970:             2            160  java.lang.invoke.BoundMethodHandle$Species_L4
1971:             4            160  java.net.InterfaceAddress
1972:             4            160  java.security.CodeSigner
1973:             5            160  java.time.format.SignStyle
1974:             4            160  java.util.concurrent.SynchronousQueue$TransferQueue
1975:             5            160  java.util.stream.StreamOpFlag$Type
1976:             4            160  javax.security.auth.login.AppConfigurationEntry
1977:             5            160  javax.servlet.DispatcherType
1978:             4            160  org.apache.hadoop.hdds.protocol.proto.HddsProtos$NodeState
1979:             4            160  org.apache.hadoop.hdds.protocol.proto.HddsProtos$NodeType
1980:             4            160  org.apache.hadoop.hdds.protocol.proto.HddsProtos$PipelineState
1981:             4            160  org.apache.hadoop.hdds.protocol.proto.ScmBlockLocationProtocolProtos$DeleteScmBlockResult$Result
1982:             4            160  org.apache.hadoop.hdds.protocol.proto.StorageContainerLocationProtocolProtos$ContainerResponseProto$Error
1983:             4            160  org.apache.hadoop.hdds.protocol.proto.StorageContainerLocationProtocolProtos$ScmContainerLocationResponse$Status
1984:             4            160  org.apache.hadoop.ipc.Client$IpcStreams
1985:             4            160  org.apache.hadoop.metrics2.lib.MutableGaugeLong
1986:             5            160  org.apache.hadoop.metrics2.util.Quantile
1987:             4            160  org.apache.hadoop.net.SocketInputWrapper
1988:             4            160  org.apache.hadoop.ozone.audit.AuditLoggerType
1989:             1            160  org.apache.hadoop.ozone.om.ratis.OzoneManagerDoubleBuffer
1990:             5            160  org.apache.hadoop.ozone.om.request.file.OMFileRequest$OMDirectoryResult
1991:             1            160  org.apache.hadoop.ozone.om.service.SnapshotDiffCleanupService
1992:             4            160  org.apache.hadoop.ozone.protocol.proto.OzoneManagerProtocolProtos$DiffReportEntryProto$DiffTypeProto
1993:             4            160  org.apache.hadoop.ozone.protocol.proto.OzoneManagerProtocolProtos$OzoneObj$ObjectType
1994:             4            160  org.apache.hadoop.ozone.protocol.proto.OzoneManagerProtocolProtos$SafeMode
1995:             4            160  org.apache.hadoop.ozone.protocol.proto.OzoneManagerProtocolProtos$ServicePort$Type
1996:             4            160  org.apache.hadoop.ozone.protocol.proto.OzoneManagerProtocolProtos$StorageTypeProto
1997:             4            160  org.apache.hadoop.ozone.security.acl.OzoneObj$ResourceType
1998:             5            160  org.apache.hadoop.ozone.upgrade.UpgradeFinalizer$Status
1999:             4            160  org.apache.log4j.helpers.OnlyOnceErrorHandler
2000:             2            160  org.apache.logging.log4j.core.lookup.RuntimeStrSubstitutor
2001:             5            160  org.apache.logging.log4j.core.pattern.PatternParser$ParserState
2002:             4            160  org.apache.logging.log4j.message.DefaultFlowMessageFactory
2003:             2            160  org.apache.logging.log4j.simple.SimpleLogger
2004:             2            160  org.apache.ratis.grpc.server.GrpcServerProtocolClient
2005:             5            160  org.apache.ratis.metrics.RatisMetrics$$Lambda$346/1492051379
2006:             4            160  org.apache.ratis.proto.RaftProtos$AppendEntriesReplyProto$AppendResult
2007:             4            160  org.apache.ratis.proto.RaftProtos$LogEntryProto$LogEntryBodyCase
2008:             2            160  org.apache.ratis.proto.RaftProtos$RaftConfigurationProto
2009:             5            160  org.apache.ratis.proto.grpc.RaftServerProtocolServiceGrpc$MethodHandlers
2010:             4            160  org.apache.ratis.server.impl.TransferLeadership$Result
2011:             5            160  org.apache.ratis.server.raftlog.segmented.LogSegment$Op
2012:             5            160  org.apache.ratis.server.storage.RaftStorageDirectoryImpl$StorageState
2013:             5            160  org.apache.ratis.thirdparty.io.grpc.ConnectivityState
2014:             4            160  org.apache.ratis.thirdparty.io.grpc.Context
2015:             4            160  org.apache.ratis.thirdparty.io.grpc.Context$ExecutableListener
2016:             4            160  org.apache.ratis.thirdparty.io.grpc.EquivalentAddressGroup
2017:             4            160  org.apache.ratis.thirdparty.io.grpc.LoadBalancer$CreateSubchannelArgs
2018:             5            160  org.apache.ratis.thirdparty.io.grpc.MethodDescriptor$MethodType
2019:             4            160  org.apache.ratis.thirdparty.io.grpc.SynchronizationContext
2020:             4            160  org.apache.ratis.thirdparty.io.grpc.internal.ClientCallImpl$ClientStreamListenerImpl
2021:             4            160  org.apache.ratis.thirdparty.io.grpc.internal.InternalSubchannel$TransportListener
2022:             4            160  org.apache.ratis.thirdparty.io.grpc.internal.ManagedChannelImpl$NameResolverListener
2023:             4            160  org.apache.ratis.thirdparty.io.grpc.internal.ScParser
2024:             5            160  org.apache.ratis.thirdparty.io.grpc.internal.StatsTraceContext
2025:             4            160  org.apache.ratis.thirdparty.io.grpc.netty.GrpcHttp2HeadersUtils$GrpcHttp2ClientHeadersDecoder
2026:             4            160  org.apache.ratis.thirdparty.io.grpc.netty.GrpcHttp2HeadersUtils$GrpcHttp2ServerHeadersDecoder
2027:             4            160  org.apache.ratis.thirdparty.io.grpc.netty.Utils$DefaultEventLoopGroupResource
2028:             4            160  org.apache.ratis.thirdparty.io.grpc.stub.ClientCalls$StreamObserverToCallListenerAdapter
2029:             5            160  org.apache.ratis.thirdparty.io.netty.util.internal.logging.InternalLogLevel
2030:             4            160  org.apache.ratis.util.LogUtils$1
2031:             4            160  org.apache.ratis.util.TimeoutTimer$$Lambda$1101/982674082
2032:             5            160  org.bouncycastle.jcajce.provider.asymmetric.ec.KeyFactorySpi$ECMQV
2033:             5            160  org.eclipse.jetty.http.HttpGenerator$State
2034:             5            160  org.eclipse.jetty.http.HttpParser$FieldState
2035:             5            160  org.eclipse.jetty.http.HttpTokens$EndOfContent
2036:             5            160  org.eclipse.jetty.io.WriteFlusher$StateType
2037:             4            160  org.eclipse.jetty.server.AbstractConnector$Acceptor
2038:             5            160  org.eclipse.jetty.server.HttpChannelState$State
2039:             5            160  org.eclipse.jetty.server.Response$EncodingFrom
2040:             1            160  org.eclipse.jetty.server.Server
2041:             5            160  org.eclipse.jetty.server.handler.ContextHandler$Availability
2042:             5            160  org.eclipse.jetty.util.thread.ReservedThreadExecutor$State
2043:             4            160  org.rocksdb.IndexType
2044:             4            160  org.rocksdb.TableFileCreationReason
2045:             5            160  picocli.CommandLine$ParseResult$GroupValidationResult$Type
2046:             2            160  sun.management.GarbageCollectorImpl
2047:             2            160  sun.management.GcInfoBuilder
2048:             5            160  sun.misc.FloatingDecimal$PreparedASCIIToBinaryBuffer
2049:             1            160  sun.misc.Launcher$ExtClassLoader
2050:             5            160  sun.security.jca.ServiceId
2051:             1            152  [Lio.netty.handler.codec.DefaultHeaders$HeaderEntry;
2052:             1            152  [Ljava.time.temporal.ChronoUnit;
2053:             1            152  [Lorg.apache.ratis.thirdparty.io.netty.handler.codec.DefaultHeaders$HeaderEntry;
2054:             1            152  [Lsun.security.ssl.CipherSuite$KeyExchange;
2055:             1            152  org.apache.hadoop.metrics2.impl.MetricsSinkAdapter
2056:             1            152  org.apache.hadoop.ozone.om.service.DirectoryDeletingService
2057:             1            152  org.apache.ratis.server.impl.StateMachineUpdater
2058:             1            152  org.apache.ratis.server.metrics.RaftServerMetricsImpl
2059:             1            152  org.eclipse.jetty.server.HttpConfiguration
2060:             1            144  [Lcom.fasterxml.jackson.core.JsonParser$Feature;
2061:             2            144  [Lio.netty.handler.codec.http.HttpStatusClass;
2062:             2            144  [Ljava.nio.charset.Charset;
2063:             3            144  [Lorg.apache.hadoop.hdds.protocol.proto.HddsProtos$ReplicationFactor;
2064:             2            144  [Lorg.apache.hadoop.ipc.protobuf.RpcHeaderProtos$RpcSaslProto$SaslState;
2065:             2            144  [Lorg.apache.hadoop.ozone.protocol.proto.OzoneManagerProtocolProtos$SnapshotDiffResponse$JobStatusProto;
2066:             2            144  [Lorg.apache.ratis.thirdparty.io.netty.handler.codec.http.HttpStatusClass;
2067:             2            144  [Lorg.eclipse.jetty.http.HttpURI$Violation;
2068:             1            144  [Lorg.rocksdb.Status$Code;
2069:             3            144  com.fasterxml.jackson.databind.cfg.CoercionConfigs
2070:             1            144  com.fasterxml.jackson.databind.deser.impl.MethodProperty
2071:             6            144  com.fasterxml.jackson.databind.ser.std.ToStringSerializer
2072:             3            144  com.google.common.collect.RegularImmutableSet
2073:             2            144  com.google.protobuf.DescriptorProtos$ServiceDescriptorProto
2074:             3            144  com.google.protobuf.Descriptors$DescriptorPool
2075:             2            144  com.lmax.disruptor.MultiProducerSequencer
2076:             1            144  com.sun.crypto.provider.SunJCE
2077:             3            144  com.sun.jmx.mbeanserver.DefaultMXBeanMappingFactory$EnumMapping
2078:             2            144  com.sun.jmx.mbeanserver.MBeanIntrospector$MBeanInfoMap
2079:             2            144  com.sun.jmx.mbeanserver.MBeanIntrospector$PerInterfaceMap
2080:             1            144  com.sun.net.ssl.internal.ssl.Provider
2081:             6            144  com.sun.proxy.$Proxy26
2082:             1            144  com.sun.security.sasl.Provider
2083:             3            144  io.netty.buffer.EmptyByteBuf
2084:             3            144  io.netty.buffer.ReadOnlyByteBuf
2085:             2            144  java.io.PrintWriter
2086:             3            144  java.net.Inet6Address
2087:             3            144  java.net.Inet6Address$Inet6AddressHolder
2088:             2            144  java.util.PropertyResourceBundle
2089:             6            144  java.util.TreeSet
2090:             6            144  java.util.regex.Pattern$CharPropertyNames$2
2091:             3            144  org.apache.commons.configuration2.interpol.DefaultLookups
2092:             3            144  org.apache.hadoop.hdds.DatanodeVersion
2093:             1            144  org.apache.hadoop.hdds.utils.db.DBStoreBuilder
2094:             1            144  org.apache.hadoop.ozone.om.snapshot.SnapshotDiffManager
2095:             3            144  org.apache.log4j.helpers.PatternParser$BasicPatternConverter
2096:             2            144  org.apache.log4j.varia.NullAppender
2097:             2            144  org.apache.logging.log4j.core.util.WatchManager
2098:             3            144  org.apache.logging.log4j.core.util.datetime.FixedDateFormat$FixedTimeZoneFormat
2099:             2            144  org.apache.ratis.grpc.server.GrpcServerProtocolService$1
2100:             3            144  org.apache.ratis.proto.RaftProtos$ReadRequestTypeProto
2101:             2            144  org.apache.ratis.proto.RaftProtos$TermIndexProto$Builder
2102:             6            144  org.apache.ratis.server.impl.CommitInfoCache$$Lambda$579/1088464423
2103:             2            144  org.apache.ratis.thirdparty.com.google.common.collect.RegularImmutableMap
2104:             6            144  org.apache.ratis.thirdparty.io.grpc.internal.MessageFramer$OutputStreamAdapter
2105:             6            144  org.apache.ratis.thirdparty.io.grpc.netty.NettyWritableBufferAllocator
2106:             3            144  org.apache.ratis.thirdparty.io.netty.buffer.ReadOnlyByteBuf
2107:             2            144  org.apache.ratis.thirdparty.io.netty.handler.codec.http2.DefaultHttp2ConnectionEncoder$FlowControlledData
2108:             3            144  org.apache.ratis.thirdparty.io.netty.util.concurrent.DefaultThreadFactory
2109:             3            144  org.apache.ratis.util.PeerProxyMap$PeerAndProxy
2110:             1            144  org.bouncycastle.jce.provider.BouncyCastleProvider
2111:             1            144  org.eclipse.jetty.server.ServerConnector$ServerConnectorManager
2112:             1            144  org.jcp.xml.dsig.internal.dom.XMLDSigRI
2113:             3            144  sun.net.spi.DefaultProxySelector$NonProxyInfo
2114:             1            144  sun.security.ec.SunEC
2115:             1            144  sun.security.jca.ProviderList$1
2116:             1            144  sun.security.rsa.SunRsaSign
2117:             1            144  sun.security.smartcardio.SunPCSC
2118:             3            144  sun.security.x509.SubjectAlternativeNameExtension
2119:             3            144  sun.util.locale.provider.LocaleServiceProviderPool
2120:             1            136  [Ljava.lang.invoke.LambdaFormEditor$Transform$Kind;
2121:             1            136  [Ljavax.management.openmbean.SimpleType;
2122:             2            136  [Lorg.apache.logging.log4j.core.pattern.PatternFormatter;
2123:             3            136  [Lorg.eclipse.jetty.servlet.FilterHolder;
2124:             1            136  org.apache.commons.configuration2.PropertiesConfiguration
2125:             1            136  org.apache.hadoop.ozone.om.service.MultipartUploadCleanupService
2126:             1            136  org.apache.hadoop.ozone.om.service.OpenKeyCleanupService
2127:             1            136  org.apache.log4j.RollingFileAppender
2128:             1            136  org.apache.logging.log4j.core.async.AsyncLoggerConfig
2129:             1            136  org.eclipse.jetty.webapp.MetaData
2130:             1            136  picocli.CommandLine$ParseResult
2131:             1            136  picocli.CommandLine$ParseResult$Builder
2132:             1            136  sun.reflect.misc.MethodUtil
2133:             1            136  sun.util.locale.provider.JRELocaleProviderAdapter
2134:             1            128  [Lcom.fasterxml.jackson.core.JsonToken;
2135:             1            128  [Lcom.fasterxml.jackson.databind.type.LogicalType;
2136:             4            128  [Ljava.net.InterfaceAddress;
2137:             2            128  [Ljava.util.stream.StreamOpFlag$Type;
2138:             1            128  [Lorg.apache.commons.lang3.JavaVersion;
2139:             2            128  [Lorg.apache.hadoop.hdds.protocol.proto.HddsProtos$NodeOperationalState;
2140:             2            128  [Lorg.apache.hadoop.hdds.protocol.proto.HddsProtos$UpgradeFinalizationStatus$Status;
2141:             2            128  [Lorg.apache.hadoop.hdds.protocol.proto.ScmBlockLocationProtocolProtos$Type;
2142:             2            128  [Lorg.apache.hadoop.ozone.security.acl.IAccessAuthorizer$ACLIdentityType;
2143:             4            128  [Lorg.apache.logging.log4j.Marker;
2144:             4            128  [Lorg.apache.ratis.thirdparty.io.grpc.ClientStreamTracer;
2145:             2            128  [Lorg.eclipse.jetty.io.WriteFlusher$StateType;
2146:             2            128  [Lorg.eclipse.jetty.server.Response$EncodingFrom;
2147:             2            128  [Lsun.security.jca.ProviderConfig;
2148:             4            128  com.fasterxml.jackson.annotation.JsonProperty$Access
2149:             4            128  com.fasterxml.jackson.databind.cfg.CoercionAction
2150:             4            128  com.fasterxml.jackson.databind.cfg.ConstructorDetector
2151:             4            128  com.fasterxml.jackson.databind.cfg.ConstructorDetector$SingleArgConstructor
2152:             2            128  com.fasterxml.jackson.databind.deser.std.NumberDeserializers$LongDeserializer
2153:             4            128  com.fasterxml.jackson.databind.introspect.MemberKey
2154:             4            128  com.google.common.cache.LocalCache$AccessQueue$1
2155:             4            128  com.google.common.cache.LocalCache$WriteQueue$1
2156:             4            128  com.google.common.collect.AbstractIterator$State
2157:             4            128  com.google.common.graph.ElementOrder
2158:             4            128  com.google.common.graph.ElementOrder$Type
2159:             2            128  com.sun.jmx.mbeanserver.DefaultMXBeanMappingFactory$TabularMapping
2160:             4            128  io.grpc.ChannelLogger$ChannelLogLevel
2161:             4            128  io.netty.util.Recycler$2
2162:             4            128  io.netty.util.ResourceLeakDetector$Level
2163:             4            128  java.lang.ClassValue$Version
2164:             4            128  java.math.MathContext
2165:             4            128  java.nio.file.FileVisitResult
2166:             4            128  java.text.Normalizer$Form
2167:             4            128  java.time.format.DateTimeFormatterBuilder$OffsetIdPrinterParser
2168:             4            128  java.time.format.DateTimeFormatterBuilder$SettingsParser
2169:             2            128  java.util.Locale$Category
2170:             4            128  java.util.concurrent.ConcurrentLinkedDeque
2171:             1            128  java.util.logging.LogManager$RootLogger
2172:             4            128  java.util.stream.StreamShape
2173:             4            128  org.apache.hadoop.hdds.client.ReplicationType
2174:             4            128  org.apache.hadoop.hdds.protocol.StorageType
2175:             4            128  org.apache.hadoop.hdds.scm.pipeline.Pipeline$PipelineState
2176:             4            128  org.apache.hadoop.io.retry.FailoverProxyProvider$ProxyInfo
2177:             2            128  org.apache.hadoop.io.retry.RetryInvocationHandler
2178:             4            128  org.apache.hadoop.ipc.Client$Connection$PingInputStream
2179:             4            128  org.apache.hadoop.metrics2.annotation.Metric$Type
2180:             1            128  org.apache.hadoop.metrics2.impl.MetricsConfig
2181:             2            128  org.apache.hadoop.metrics2.lib.MutableRatesWithAggregation
2182:             1            128  org.apache.hadoop.ozone.om.KeyManagerImpl
2183:             4            128  org.apache.hadoop.ozone.om.OzoneManager$State
2184:             4            128  org.apache.hadoop.thirdparty.com.google.common.cache.LocalCache$AccessQueue$1
2185:             8            128  org.apache.logging.log4j.core.lookup.DateLookup
2186:             8            128  org.apache.logging.log4j.core.lookup.EnvironmentLookup
2187:             8            128  org.apache.logging.log4j.core.lookup.EventLookup
2188:             8            128  org.apache.logging.log4j.core.lookup.LowerLookup
2189:             8            128  org.apache.logging.log4j.core.lookup.MarkerLookup
2190:             8            128  org.apache.logging.log4j.core.lookup.ResourceBundleLookup
2191:             8            128  org.apache.logging.log4j.core.lookup.StructuredDataLookup
2192:             8            128  org.apache.logging.log4j.core.lookup.UpperLookup
2193:             4            128  org.apache.ratis.grpc.server.GrpcLogAppender$$Lambda$1098/747680757
2194:             4            128  org.apache.ratis.proto.grpc.RaftServerProtocolServiceGrpc$RaftServerProtocolServiceStub
2195:             4            128  org.apache.ratis.server.impl.PeerConfiguration
2196:             1            128  org.apache.ratis.server.impl.ServerState
2197:             4            128  org.apache.ratis.server.impl.StateMachineUpdater$State
2198:             2            128  org.apache.ratis.thirdparty.com.google.common.cache.CacheStats
2199:             4            128  org.apache.ratis.thirdparty.com.google.common.cache.LocalCache$AccessQueue$1
2200:             4            128  org.apache.ratis.thirdparty.com.google.common.cache.LocalCache$WriteQueue$1
2201:             2            128  org.apache.ratis.thirdparty.com.google.protobuf.CodedOutputStream$OutputStreamEncoder
2202:             4            128  org.apache.ratis.thirdparty.com.google.protobuf.FieldSet
2203:             4            128  org.apache.ratis.thirdparty.com.google.protobuf.GeneratedMessageV3$1
2204:             2            128  org.apache.ratis.thirdparty.com.google.protobuf.GeneratedMessageV3$FieldAccessorTable$SingularMessageFieldAccessor
2205:             4            128  org.apache.ratis.thirdparty.io.grpc.CallOptions$Key
2206:             4            128  org.apache.ratis.thirdparty.io.grpc.ChannelLogger$ChannelLogLevel
2207:             4            128  org.apache.ratis.thirdparty.io.grpc.ConnectivityStateInfo
2208:             4            128  org.apache.ratis.thirdparty.io.grpc.InternalChannelz$ChannelTrace$Event$Severity
2209:             4            128  org.apache.ratis.thirdparty.io.grpc.Metadata
2210:             4            128  org.apache.ratis.thirdparty.io.grpc.internal.AtomicBackoff
2211:             4            128  org.apache.ratis.thirdparty.io.grpc.internal.AtomicBackoff$State
2212:             4            128  org.apache.ratis.thirdparty.io.grpc.internal.AutoConfiguredLoadBalancerFactory
2213:             4            128  org.apache.ratis.thirdparty.io.grpc.internal.ClientStreamListener$RpcProgress
2214:             4            128  org.apache.ratis.thirdparty.io.grpc.internal.ConnectivityStateManager
2215:             4            128  org.apache.ratis.thirdparty.io.grpc.internal.DelayedClientTransport$1
2216:             4            128  org.apache.ratis.thirdparty.io.grpc.internal.DelayedClientTransport$2
2217:             4            128  org.apache.ratis.thirdparty.io.grpc.internal.DelayedClientTransport$3
2218:             8            128  org.apache.ratis.thirdparty.io.grpc.internal.ExponentialBackoffPolicy$Provider
2219:             4            128  org.apache.ratis.thirdparty.io.grpc.internal.InternalSubchannel$1
2220:             4            128  org.apache.ratis.thirdparty.io.grpc.internal.InternalSubchannel$CallTracingTransport
2221:             4            128  org.apache.ratis.thirdparty.io.grpc.internal.InternalSubchannel$CallTracingTransport$1
2222:             4            128  org.apache.ratis.thirdparty.io.grpc.internal.InternalSubchannel$CallTracingTransport$1$1
2223:             4            128  org.apache.ratis.thirdparty.io.grpc.internal.InternalSubchannel$Index
2224:             4            128  org.apache.ratis.thirdparty.io.grpc.internal.ManagedChannelImpl$1ChannelCallTracerFactory
2225:             4            128  org.apache.ratis.thirdparty.io.grpc.internal.ManagedChannelImpl$ChannelStreamProvider
2226:             4            128  org.apache.ratis.thirdparty.io.grpc.internal.ManagedChannelImpl$IdleModeStateAggregator
2227:             4            128  org.apache.ratis.thirdparty.io.grpc.internal.ManagedChannelImpl$LbHelperImpl
2228:             4            128  org.apache.ratis.thirdparty.io.grpc.internal.ManagedChannelImpl$SubchannelImpl$1ManagedInternalSubchannelCallback
2229:             4            128  org.apache.ratis.thirdparty.io.grpc.internal.ManagedChannelOrphanWrapper
2230:             4            128  org.apache.ratis.thirdparty.io.grpc.internal.PickFirstLoadBalancer$1
2231:             4            128  org.apache.ratis.thirdparty.io.grpc.internal.RetryingNameResolver$RetryingListener
2232:             2            128  org.apache.ratis.thirdparty.io.grpc.internal.ServerImpl$JumpToApplicationThreadServerStreamListener
2233:             4            128  org.apache.ratis.thirdparty.io.grpc.netty.NettyChannelBuilder$NettyTransportFactory$1
2234:             4            128  org.apache.ratis.thirdparty.io.grpc.netty.NettyClientHandler$1
2235:             4            128  org.apache.ratis.thirdparty.io.grpc.netty.NettyClientHandler$2
2236:             4            128  org.apache.ratis.thirdparty.io.grpc.netty.NettyClientHandler$FrameListener
2237:             4            128  org.apache.ratis.thirdparty.io.grpc.netty.NettyClientHandler$PingCountingFrameWriter
2238:             4            128  org.apache.ratis.thirdparty.io.grpc.netty.NettyReadableBuffer
2239:             4            128  org.apache.ratis.thirdparty.io.grpc.netty.NettyServer$1$1LoopReleaser
2240:             4            128  org.apache.ratis.thirdparty.io.grpc.netty.NettyServerHandler$FrameListener
2241:             4            128  org.apache.ratis.thirdparty.io.grpc.netty.NettyServerHandler$KeepAlivePinger
2242:             4            128  org.apache.ratis.thirdparty.io.grpc.netty.NettyServerHandler$WriteMonitoringFrameWriter
2243:             4            128  org.apache.ratis.thirdparty.io.grpc.netty.NettyServerTransport$1TerminationNotifier
2244:             4            128  org.apache.ratis.thirdparty.io.grpc.stub.ServerCalls$StreamingServerCallHandler
2245:             4            128  org.apache.ratis.thirdparty.io.netty.util.ResourceLeakDetector$Level
2246:             4            128  org.apache.ratis.util.ConcurrentUtils$$Lambda$274/1535454025
2247:             2            128  org.apache.ratis.util.DataQueue
2248:             4            128  org.apache.ratis.util.TimeoutExecutor$$Lambda$1100/330591290
2249:             4            128  org.eclipse.jetty.server.HttpChannelState$OutputState
2250:             4            128  org.eclipse.jetty.server.HttpOutput$State
2251:             1            128  org.eclipse.jetty.server.session.DefaultSessionIdManager
2252:             4            128  org.eclipse.jetty.servlet.FilterHolder$Config
2253:             4            128  org.eclipse.jetty.servlet.Source$Origin
2254:             4            128  org.eclipse.jetty.util.component.ContainerLifeCycle$Managed
2255:             4            128  org.eclipse.jetty.util.thread.strategy.EatWhatYouKill$Mode
2256:             4            128  org.eclipse.jetty.webapp.ClasspathPattern$ByClass
2257:             4            128  org.eclipse.jetty.webapp.ClasspathPattern$ByLocationOrModule
2258:             4            128  org.eclipse.jetty.webapp.ClasspathPattern$ByModule
2259:             4            128  org.eclipse.jetty.webapp.ClasspathPattern$ByPackageOrName
2260:             8            128  picocli.CommandLine$BuiltIn$BooleanConverter
2261:             8            128  picocli.CommandLine$BuiltIn$ByteConverter
2262:             8            128  picocli.CommandLine$BuiltIn$CharacterConverter
2263:             8            128  picocli.CommandLine$BuiltIn$DoubleConverter
2264:             8            128  picocli.CommandLine$BuiltIn$FloatConverter
2265:             8            128  picocli.CommandLine$BuiltIn$IntegerConverter
2266:             8            128  picocli.CommandLine$BuiltIn$LongConverter
2267:             8            128  picocli.CommandLine$BuiltIn$ShortConverter
2268:             8            128  picocli.CommandLine$BuiltIn$StringConverter
2269:             4            128  picocli.CommandLine$TraceLevel
2270:             2            128  sun.management.MemoryManagerImpl
2271:             4            128  sun.misc.FormattedFloatingDecimal$Form
2272:             5            120  [Ljava.lang.annotation.Annotation;
2273:             4            120  [Ljava.security.cert.X509Certificate;
2274:             3            120  [Lorg.apache.hadoop.ozone.protocol.proto.OzoneManagerProtocolProtos$OzoneAclInfo$OzoneAclScope;
2275:             1            120  [Lorg.eclipse.jetty.http.HttpHeaderValue;
2276:             1            120  [Lorg.eclipse.jetty.io.ManagedSelector;
2277:             1            120  [Lorg.eclipse.jetty.server.HttpChannelState$Action;
2278:             1            120  [Lorg.rocksdb.FlushReason;
2279:             3            120  com.fasterxml.jackson.core.StreamReadCapability
2280:             1            120  com.fasterxml.jackson.databind.ObjectReader
2281:             3            120  com.fasterxml.jackson.databind.introspect.AnnotatedClass$Creators
2282:             3            120  com.fasterxml.jackson.databind.type.TypeBindings$AsKey
2283:             3            120  com.google.protobuf.DescriptorProtos$FieldDescriptorProto$Label
2284:             3            120  com.google.protobuf.DescriptorProtos$FieldOptions$CType
2285:             3            120  com.google.protobuf.DescriptorProtos$FileOptions$OptimizeMode
2286:             5            120  com.sun.proxy.$Proxy13
2287:             5            120  com.sun.proxy.$Proxy16
2288:             5            120  com.sun.proxy.$Proxy20
2289:             5            120  com.sun.proxy.$Proxy21
2290:             5            120  com.sun.proxy.$Proxy22
2291:             5            120  com.sun.proxy.$Proxy37
2292:             5            120  com.sun.proxy.$Proxy4
2293:             5            120  io.grpc.Attributes$Key
2294:             3            120  java.security.SecurityPermission
2295:             1            120  java.util.ResourceBundle$RBClassLoader
2296:             5            120  java.util.regex.Pattern$All
2297:             3            120  java.util.stream.MatchOps$MatchKind
2298:             3            120  org.apache.commons.io.StandardLineSeparator
2299:             1            120  org.apache.commons.lang3.builder.ToStringStyle$DefaultToStringStyle
2300:             1            120  org.apache.commons.lang3.builder.ToStringStyle$JsonToStringStyle
2301:             1            120  org.apache.commons.lang3.builder.ToStringStyle$MultiLineToStringStyle
2302:             1            120  org.apache.commons.lang3.builder.ToStringStyle$NoClassNameToStringStyle
2303:             1            120  org.apache.commons.lang3.builder.ToStringStyle$NoFieldNameToStringStyle
2304:             1            120  org.apache.commons.lang3.builder.ToStringStyle$ShortPrefixToStringStyle
2305:             1            120  org.apache.commons.lang3.builder.ToStringStyle$SimpleToStringStyle
2306:             5            120  org.apache.commons.lang3.text.StrMatcher$CharMatcher
2307:             3            120  org.apache.hadoop.hdds.protocol.proto.HddsProtos$ReplicationFactor
2308:             3            120  org.apache.hadoop.hdds.protocol.proto.StorageContainerLocationProtocolProtos$SCMCloseContainerResponseProto$Status
2309:             3            120  org.apache.hadoop.hdds.server.http.HttpServer2$XFrameOption
2310:             3            120  org.apache.hadoop.io.retry.AsyncCallHandler$AsyncCallQueue
2311:             3            120  org.apache.hadoop.io.retry.RetryPolicy$RetryAction
2312:             3            120  org.apache.hadoop.ipc.RPC$RpcKind
2313:             3            120  org.apache.hadoop.ipc.protobuf.RpcHeaderProtos$RpcKindProto
2314:             3            120  org.apache.hadoop.ipc.protobuf.RpcHeaderProtos$RpcRequestHeaderProto$OperationProto
2315:             3            120  org.apache.hadoop.ipc.protobuf.RpcHeaderProtos$RpcResponseHeaderProto$RpcStatusProto
2316:             3            120  org.apache.hadoop.ozone.audit.AuditMarker
2317:             5            120  org.apache.hadoop.ozone.lock.BootstrapStateHandler$Lock
2318:             3            120  org.apache.hadoop.ozone.protocol.proto.OzoneManagerProtocolProtos$BucketLayoutProto
2319:             3            120  org.apache.hadoop.ozone.protocol.proto.OzoneManagerProtocolProtos$ChecksumTypeProto
2320:             3            120  org.apache.hadoop.ozone.protocol.proto.OzoneManagerProtocolProtos$ListVolumeRequest$Scope
2321:             1            120  org.apache.hadoop.ozone.protocol.proto.OzoneManagerProtocolProtos$MultipartKeyInfo
2322:             3            120  org.apache.hadoop.ozone.protocol.proto.OzoneManagerProtocolProtos$PrepareStatusResponse$PrepareStatus
2323:             1            120  org.apache.hadoop.security.Groups
2324:             1            120  org.apache.hadoop.security.UserGroupInformation$HadoopLoginContext
2325:             1            120  org.apache.logging.log4j.core.appender.RollingFileAppender
2326:             5            120  org.apache.logging.log4j.core.lookup.StrMatcher$CharMatcher
2327:             3            120  org.apache.logging.log4j.core.util.Log4jThreadFactory
2328:             3            120  org.apache.ratis.grpc.metrics.MessageMetrics$Type
2329:             3            120  org.apache.ratis.proto.RaftProtos$StateMachineLogEntryProto$Type
2330:             5            120  org.apache.ratis.proto.grpc.RaftServerProtocolServiceGrpc$RaftServerProtocolServiceMethodDescriptorSupplier
2331:             3            120  org.apache.ratis.protocol.RaftGroupId
2332:             3            120  org.apache.ratis.rpc.SupportedRpcType
2333:             1            120  org.apache.ratis.server.impl.RaftServerProxy
2334:             3            120  org.apache.ratis.thirdparty.com.google.protobuf.DescriptorProtos$FieldDescriptorProto$Label
2335:             3            120  org.apache.ratis.thirdparty.com.google.protobuf.Descriptors$FileDescriptor$Syntax
2336:             3            120  org.apache.ratis.thirdparty.io.grpc.ServiceDescriptor
2337:             3            120  org.apache.ratis.thirdparty.io.grpc.internal.SharedResourceHolder$Instance
2338:             1            120  org.apache.ratis.thirdparty.io.netty.buffer.PooledUnsafeHeapByteBuf
2339:             3            120  org.apache.ratis.util.AutoCloseableReadWriteLock
2340:             1            120  org.eclipse.jetty.http.PathMap
2341:             1            120  org.eclipse.jetty.server.HttpConnectionFactory
2342:             1            120  org.eclipse.jetty.servlet.ErrorPageErrorHandler
2343:             3            120  org.eclipse.jetty.servlet.ServletHolder$Registration
2344:             5            120  org.eclipse.jetty.util.thread.ScheduledExecutorScheduler$$Lambda$556/107285100
2345:             3            120  org.eclipse.jetty.util.thread.ThreadPoolBudget$Leased
2346:             3            120  org.rocksdb.IndexShorteningMode
2347:             3            120  sun.reflect.UnsafeIntegerFieldAccessorImpl
2348:             1            120  sun.security.ssl.SSLContextImpl$TLSContext
2349:             3            120  sun.security.util.DisabledAlgorithmConstraints
2350:             1            112  [Lcom.fasterxml.jackson.annotation.JsonFormat$Shape;
2351:             2            112  [Lcom.fasterxml.jackson.annotation.JsonProperty$Access;
2352:             2            112  [Lcom.google.common.cache.LocalCache$Segment;
2353:             2            112  [Lorg.apache.hadoop.hdds.client.ReplicationType;
2354:             2            112  [Lorg.apache.hadoop.hdds.protocol.proto.HddsProtos$NodeState;
2355:             2            112  [Lorg.apache.hadoop.hdds.protocol.proto.HddsProtos$PipelineState;
2356:             2            112  [Lorg.apache.hadoop.hdds.protocol.proto.ScmBlockLocationProtocolProtos$DeleteScmBlockResult$Result;
2357:             2            112  [Lorg.apache.hadoop.hdds.protocol.proto.StorageContainerLocationProtocolProtos$ContainerResponseProto$Error;
2358:             2            112  [Lorg.apache.hadoop.hdds.protocol.proto.StorageContainerLocationProtocolProtos$ScmContainerLocationResponse$Status;
2359:             2            112  [Lorg.apache.hadoop.metrics2.annotation.Metric$Type;
2360:             2            112  [Lorg.apache.hadoop.ozone.protocol.proto.OzoneManagerProtocolProtos$DiffReportEntryProto$DiffTypeProto;
2361:             2            112  [Lorg.apache.hadoop.ozone.protocol.proto.OzoneManagerProtocolProtos$OzoneObj$ObjectType;
2362:             2            112  [Lorg.apache.hadoop.ozone.protocol.proto.OzoneManagerProtocolProtos$SafeMode;
2363:             2            112  [Lorg.apache.hadoop.ozone.protocol.proto.OzoneManagerProtocolProtos$ServicePort$Type;
2364:             2            112  [Lorg.apache.hadoop.ozone.protocol.proto.OzoneManagerProtocolProtos$StorageTypeProto;
2365:             2            112  [Lorg.apache.ratis.proto.RaftProtos$AppendEntriesReplyProto$AppendResult;
2366:             4            112  [Lorg.apache.ratis.thirdparty.io.netty.util.AsciiString;
2367:             1            112  [Lorg.eclipse.jetty.http.HttpTokens$Type;
2368:             1            112  [Lorg.eclipse.jetty.http.HttpURI$State;
2369:             2            112  com.ctc.wstx.util.SymbolTable
2370:             1            112  com.fasterxml.jackson.core.util.InternCache
2371:             2            112  com.fasterxml.jackson.databind.introspect.AnnotatedConstructor
2372:             2            112  com.fasterxml.jackson.databind.introspect.VisibilityChecker$Std
2373:             2            112  com.google.common.graph.StandardMutableValueGraph
2374:             2            112  com.google.common.io.BaseEncoding$StandardBaseEncoding
2375:             2            112  com.lmax.disruptor.ProcessingSequenceBarrier
2376:             2            112  com.lmax.disruptor.dsl.Disruptor
2377:             2            112  io.netty.channel.nio.NioEventLoopGroup
2378:             2            112  java.io.PrintStream
2379:             2            112  java.io.RandomAccessFile
2380:             2            112  java.lang.UnsupportedOperationException
2381:             2            112  java.lang.VirtualMachineError
2382:             2            112  org.apache.hadoop.crypto.CipherSuite
2383:             1            112  org.apache.hadoop.hdds.protocol.proto.ScmBlockLocationProtocolProtos$AllocateScmBlockRequestProto
2384:             1            112  org.apache.hadoop.hdds.protocol.proto.StorageContainerLocationProtocolProtos$StartContainerBalancerRequestProto
2385:             1            112  org.apache.hadoop.hdds.scm.proxy.SCMBlockLocationFailoverProxyProvider
2386:             1            112  org.apache.hadoop.hdds.scm.proxy.SCMContainerLocationFailoverProxyProvider
2387:             1            112  org.apache.hadoop.hdds.server.http.HttpServer2
2388:             1            112  org.apache.hadoop.hdds.utils.db.RDBStore
2389:             2            112  org.apache.hadoop.hdds.utils.db.cache.FullTableCache
2390:             1            112  org.apache.hadoop.ipc.Client
2391:             1            112  org.apache.hadoop.ozone.grpc.metrics.GrpcMetrics
2392:             1            112  org.apache.hadoop.ozone.om.OmSnapshotManager
2393:             1            112  org.apache.hadoop.ozone.om.SstFilteringService
2394:             1            112  org.apache.hadoop.ozone.om.ratis.OzoneManagerRatisServer
2395:             2            112  org.apache.hadoop.ozone.om.snapshot.RocksDbPersistentMap
2396:             1            112  org.apache.hadoop.ozone.protocol.proto.OzoneManagerProtocolProtos$BucketArgs
2397:             2            112  org.apache.hadoop.security.authentication.util.KerberosName$Rule
2398:             2            112  org.apache.logging.log4j.core.config.AwaitCompletionReliabilityStrategy
2399:             2            112  org.apache.logging.log4j.core.impl.ThrowableFormatOptions
2400:             7            112  org.apache.ratis.metrics.dropwizard3.Dm3RatisObjectNameFactory
2401:             2            112  org.apache.ratis.proto.RaftProtos$WatchRequestTypeProto
2402:             2            112  org.apache.ratis.server.leader.LogAppenderDaemon
2403:             2            112  org.apache.ratis.thirdparty.com.google.common.io.BaseEncoding$StandardBaseEncoding
2404:             2            112  org.apache.ratis.thirdparty.io.grpc.netty.SendGrpcFrameCommand
2405:             2            112  org.apache.ratis.thirdparty.io.grpc.stub.ServerCalls$ServerCallStreamObserverImpl
2406:             2            112  org.apache.ratis.thirdparty.io.grpc.stub.ServerCalls$StreamingServerCallHandler$StreamingServerCallListener
2407:             2            112  org.apache.ratis.thirdparty.io.netty.channel.AbstractChannelHandlerContext$WriteTask
2408:             2            112  org.apache.ratis.thirdparty.io.netty.channel.epoll.EpollEventLoopGroup
2409:             2            112  org.eclipse.jetty.http.CompressedContentFormat
2410:             1            112  org.eclipse.jetty.server.handler.ContextHandlerCollection
2411:             2            112  org.eclipse.jetty.servlet.ServletContextHandler$Context
2412:             2            112  org.eclipse.jetty.util.resource.PathResource
2413:             1            112  org.eclipse.jetty.util.thread.ReservedThreadExecutor
2414:             2            112  sun.misc.URLClassPath$1
2415:             2            112  sun.reflect.generics.reflectiveObjects.WildcardTypeImpl
2416:             2            112  sun.security.x509.PrivateKeyUsageExtension
2417:             2            112  sun.util.locale.UnicodeLocaleExtension
2418:             1            104  [Lcom.fasterxml.jackson.core.JsonGenerator$Feature;
2419:             1            104  [Lcom.fasterxml.jackson.databind.cfg.CoercionInputShape;
2420:             1            104  [Ljava.lang.Runnable;
2421:             1            104  [Lorg.eclipse.jetty.http.HttpCompliance;
2422:             1            104  [[I
2423:             1            104  io.netty.channel.socket.nio.NioServerSocketChannel$NioServerSocketChannelConfig
2424:             1            104  io.netty.util.concurrent.GlobalEventExecutor
2425:             1            104  org.apache.hadoop.hdds.conf.ReconfigurationHandler
2426:             1            104  org.apache.hadoop.hdds.protocol.proto.StorageContainerLocationProtocolProtos$SCMListContainerRequestProto
2427:             1            104  org.apache.hadoop.ozone.om.OmMetadataReader
2428:             1            104  org.apache.hadoop.ozone.om.ratis_snapshot.OmRatisSnapshotProvider
2429:             1            104  org.apache.logging.log4j.core.async.AsyncLogger
2430:             1            104  org.apache.logging.log4j.core.async.AsyncLoggerConfigDisruptor
2431:             1            104  org.apache.logging.log4j.core.async.AsyncLoggerContext
2432:             1            104  org.apache.logging.log4j.core.layout.PatternLayout
2433:             1            104  org.apache.logging.log4j.core.util.datetime.FixedDateFormat
2434:             1            104  org.apache.ratis.grpc.server.GrpcService
2435:             1            104  org.apache.ratis.thirdparty.com.google.protobuf.DescriptorProtos$FieldOptions
2436:             1            104  org.apache.ratis.thirdparty.io.netty.util.concurrent.GlobalEventExecutor
2437:             2             96  [Lcom.google.protobuf.DescriptorProtos$FieldDescriptorProto$Label;
2438:             2             96  [Lcom.google.protobuf.DescriptorProtos$FieldOptions$CType;
2439:             2             96  [Lcom.google.protobuf.DescriptorProtos$FileOptions$OptimizeMode;
2440:             1             96  [Lcom.google.protobuf.Descriptors$FieldDescriptor$JavaType;
2441:             1             96  [Lcom.google.protobuf.WireFormat$JavaType;
2442:             2             96  [Lio.grpc.TlsChannelCredentials$Feature;
2443:             2             96  [Lio.grpc.TlsServerCredentials$Feature;
2444:             2             96  [Ljava.lang.UNIXProcess$LaunchMechanism;
2445:             2             96  [Ljava.lang.annotation.RetentionPolicy;
2446:             4             96  [Ljava.net.NetworkInterface;
2447:             2             96  [Ljava.util.stream.Collector$Characteristics;
2448:             1             96  [Ljavassist.CtClass;
2449:             2             96  [Ljavax.servlet.SessionTrackingMode;
2450:             2             96  [Lorg.apache.commons.lang3.text.translate.NumericEntityUnescaper$OPTION;
2451:             2             96  [Lorg.apache.hadoop.hdds.protocol.proto.StorageContainerLocationProtocolProtos$SCMCloseContainerResponseProto$Status;
2452:             2             96  [Lorg.apache.hadoop.hdds.server.http.HttpConfig$Policy;
2453:             2             96  [Lorg.apache.hadoop.hdds.utils.db.DBProfile;
2454:             2             96  [Lorg.apache.hadoop.http.HttpConfig$Policy;
2455:             2             96  [Lorg.apache.hadoop.ipc.protobuf.RpcHeaderProtos$RpcKindProto;
2456:             2             96  [Lorg.apache.hadoop.ipc.protobuf.RpcHeaderProtos$RpcRequestHeaderProto$OperationProto;
2457:             2             96  [Lorg.apache.hadoop.ipc.protobuf.RpcHeaderProtos$RpcResponseHeaderProto$RpcStatusProto;
2458:             2             96  [Lorg.apache.hadoop.ozone.om.helpers.BucketLayout;
2459:             2             96  [Lorg.apache.hadoop.ozone.protocol.proto.OzoneManagerProtocolProtos$BucketLayoutProto;
2460:             2             96  [Lorg.apache.hadoop.ozone.protocol.proto.OzoneManagerProtocolProtos$ChecksumTypeProto;
2461:             2             96  [Lorg.apache.hadoop.ozone.protocol.proto.OzoneManagerProtocolProtos$ListVolumeRequest$Scope;
2462:             2             96  [Lorg.apache.hadoop.ozone.protocol.proto.OzoneManagerProtocolProtos$PrepareStatusResponse$PrepareStatus;
2463:             2             96  [Lorg.apache.hadoop.ozone.upgrade.LayoutFeature$UpgradeActionType;
2464:             2             96  [Lorg.apache.hadoop.security.UserGroupInformation$LoginParam;
2465:             1             96  [Lorg.apache.hadoop.util.CacheMetrics$CacheMetricsInfo;
2466:             2             96  [Lorg.apache.logging.log4j.core.Filter$Result;
2467:             2             96  [Lorg.apache.logging.log4j.core.util.datetime.FastDatePrinter$Rule;
2468:             2             96  [Lorg.apache.ratis.grpc.metrics.MessageMetrics$Type;
2469:             2             96  [Lorg.apache.ratis.proto.RaftProtos$StateMachineLogEntryProto$Type;
2470:             2             96  [Lorg.apache.ratis.rpc.SupportedRpcType;
2471:             2             96  [Lorg.apache.ratis.thirdparty.com.google.protobuf.DescriptorProtos$FieldDescriptorProto$Label;
2472:             1             96  [Lorg.apache.ratis.thirdparty.com.google.protobuf.Descriptors$FieldDescriptor$JavaType;
2473:             1             96  [Lorg.apache.ratis.thirdparty.com.google.protobuf.WireFormat$JavaType;
2474:             2             96  [Lorg.apache.ratis.thirdparty.io.grpc.TlsChannelCredentials$Feature;
2475:             2             96  [Lorg.apache.ratis.thirdparty.io.grpc.TlsServerCredentials$Feature;
2476:             2             96  [Lorg.apache.ratis.thirdparty.io.netty.handler.ssl.SslProvider;
2477:             1             96  [Lorg.eclipse.jetty.http.HttpGenerator$Result;
2478:             1             96  [Lorg.rocksdb.CompressionType;
2479:             1             96  [Lorg.rocksdb.Status$SubCode;
2480:             2             96  [Lpicocli.CommandLine$Help$Visibility;
2481:             1             96  [Lsun.util.logging.PlatformLogger$Level;
2482:             3             96  com.ctc.wstx.util.SymbolTable$Bucket
2483:             2             96  com.fasterxml.jackson.annotation.JsonInclude$Value
2484:             3             96  com.fasterxml.jackson.core.Base64Variant$PaddingReadBehaviour
2485:             1             96  com.fasterxml.jackson.core.JsonFactory
2486:             4             96  com.fasterxml.jackson.core.util.JacksonFeatureSet
2487:             2             96  com.fasterxml.jackson.databind.ObjectWriter$GeneratorSettings
2488:             3             96  com.fasterxml.jackson.databind.cfg.MutableCoercionConfig
2489:             3             96  com.fasterxml.jackson.databind.deser.DeserializerCache
2490:             2             96  com.fasterxml.jackson.databind.introspect.AnnotatedField
2491:             3             96  com.fasterxml.jackson.databind.introspect.SimpleMixInResolver
2492:             3             96  com.fasterxml.jackson.databind.ser.SerializerCache
2493:             3             96  com.fasterxml.jackson.databind.ser.std.NumberSerializer
2494:             2             96  com.fasterxml.jackson.databind.ser.std.NumberSerializers$DoubleSerializer
2495:             2             96  com.fasterxml.jackson.databind.ser.std.NumberSerializers$IntegerSerializer
2496:             2             96  com.fasterxml.jackson.databind.ser.std.NumberSerializers$LongSerializer
2497:             3             96  com.fasterxml.jackson.databind.util.AccessPattern
2498:             4             96  com.google.common.cache.LocalCache$AccessQueue
2499:             4             96  com.google.common.cache.LocalCache$WriteQueue
2500:             4             96  com.google.common.collect.RegularImmutableList
2501:             3             96  com.google.protobuf.Descriptors$DescriptorPool$SearchFilter
2502:             2             96  com.lmax.disruptor.dsl.EventProcessorInfo
2503:             4             96  com.sun.proxy.$Proxy15
2504:             4             96  com.sun.proxy.$Proxy18
2505:             4             96  com.sun.proxy.$Proxy5
2506:             4             96  com.sun.proxy.$Proxy8
2507:             1             96  com.sun.security.auth.module.UnixLoginModule
2508:             3             96  io.grpc.Context$Key
2509:             3             96  io.grpc.SecurityLevel
2510:             3             96  io.grpc.ServerInterceptors$InterceptCallHandler
2511:             3             96  io.grpc.TlsChannelCredentials$Feature
2512:             3             96  io.grpc.TlsServerCredentials$Feature
2513:             3             96  io.netty.buffer.UnreleasableByteBuf
2514:             3             96  io.netty.handler.codec.http2.HpackDecoder$HeaderType
2515:             3             96  io.netty.handler.codec.http2.HpackUtil$IndexType
2516:             3             96  io.netty.handler.codec.http2.Http2Exception$ShutdownHint
2517:             4             96  io.netty.util.internal.ObjectPool$RecyclerObjectPool
2518:             2             96  java.io.ExpiringCache
2519:             3             96  java.lang.UNIXProcess$LaunchMechanism
2520:             3             96  java.lang.annotation.RetentionPolicy
2521:             3             96  java.lang.invoke.MethodHandles$Lookup
2522:             3             96  java.net.Proxy$Type
2523:             1             96  java.net.SocketPermission
2524:             3             96  java.nio.file.AccessMode
2525:             3             96  java.nio.file.FileTreeWalker$EventType
2526:             3             96  java.nio.file.StandardCopyOption
2527:             3             96  java.time.ZoneOffset
2528:             2             96  java.time.format.DateTimeFormatterBuilder$TextPrinterParser
2529:             3             96  java.time.format.ResolverStyle
2530:             2             96  java.time.temporal.IsoFields$Unit
2531:             3             96  java.util.Base64$Encoder
2532:             3             96  java.util.concurrent.atomic.AtomicMarkableReference$Pair
2533:             3             96  java.util.regex.Pattern$Pos
2534:             3             96  java.util.stream.Collector$Characteristics
2535:             3             96  javax.crypto.CryptoPermissions
2536:             4             96  javax.security.auth.login.AppConfigurationEntry$LoginModuleControlFlag
2537:             4             96  javax.security.auth.x500.X500Principal
2538:             3             96  javax.servlet.SessionTrackingMode
2539:             2             96  org.apache.commons.configuration2.interpol.ConfigurationInterpolator
2540:             3             96  org.apache.commons.lang3.text.translate.JavaUnicodeEscaper
2541:             3             96  org.apache.commons.lang3.text.translate.NumericEntityUnescaper$OPTION
2542:             2             96  org.apache.hadoop.fs.permission.FsPermission
2543:             3             96  org.apache.hadoop.hdds.client.DefaultReplicationConfig
2544:             2             96  org.apache.hadoop.hdds.protocol.proto.ReconfigureProtocolProtos$StartReconfigureResponseProto
2545:             2             96  org.apache.hadoop.hdds.scm.proxy.SCMClientConfig
2546:             3             96  org.apache.hadoop.hdds.server.OzoneAdmins
2547:             3             96  org.apache.hadoop.hdds.server.http.HttpConfig$Policy
2548:             3             96  org.apache.hadoop.hdds.utils.SignalLogger$Handler
2549:             3             96  org.apache.hadoop.hdds.utils.db.DelegatedCodec$CopyType
2550:             2             96  org.apache.hadoop.hdds.utils.db.RocksDBConfiguration
2551:             1             96  org.apache.hadoop.hdds.utils.db.RocksDatabase
2552:             3             96  org.apache.hadoop.hdds.utils.db.cache.CacheResult$CacheStatus
2553:             3             96  org.apache.hadoop.http.HttpConfig$Policy
2554:             3             96  org.apache.hadoop.io.retry.AsyncCallHandler
2555:             3             96  org.apache.hadoop.io.retry.AsyncCallHandler$AsyncCallQueue$Processor
2556:             3             96  org.apache.hadoop.io.retry.AsyncCallHandler$ConcurrentQueue
2557:             3             96  org.apache.hadoop.io.retry.RetryPolicy$RetryAction$RetryDecision
2558:             4             96  org.apache.hadoop.ipc.Client$Connection$RpcRequestSender
2559:             1             96  org.apache.hadoop.ipc.Server$ConnectionManager
2560:             4             96  org.apache.hadoop.net.SocketInputStream
2561:             4             96  org.apache.hadoop.net.SocketOutputStream
2562:             3             96  org.apache.hadoop.ozone.common.Storage$StorageState
2563:             3             96  org.apache.hadoop.ozone.om.OzoneManager$StartupOption
2564:             2             96  org.apache.hadoop.ozone.om.ha.OMHAMetrics
2565:             3             96  org.apache.hadoop.ozone.om.helpers.BucketLayout
2566:             3             96  org.apache.hadoop.ozone.om.lock.OMLockDetails$LockOpType
2567:             3             96  org.apache.hadoop.ozone.om.ratis.OzoneManagerRatisServer$RaftServerStatus
2568:             3             96  org.apache.hadoop.ozone.om.request.file.OMDirectoryCreateRequest$Result
2569:             1             96  org.apache.hadoop.ozone.protocol.proto.OzoneManagerProtocolProtos$FileEncryptionInfoProto
2570:             1             96  org.apache.hadoop.ozone.protocol.proto.OzoneManagerProtocolProtos$SnapshotDiffReportProto
2571:             1             96  org.apache.hadoop.ozone.protocol.proto.OzoneManagerProtocolProtos$SnapshotDiffRequest
2572:             1             96  org.apache.hadoop.ozone.protocol.proto.OzoneManagerProtocolProtos$TenantState
2573:             3             96  org.apache.hadoop.ozone.upgrade.LayoutFeature$UpgradeActionType
2574:             2             96  org.apache.hadoop.ozone.util.ShutdownHookManager$HookEntry
2575:             3             96  org.apache.hadoop.security.UserGroupInformation$LoginParam
2576:             4             96  org.apache.hadoop.thirdparty.com.google.common.cache.LocalCache$AccessQueue
2577:             1             96  org.apache.hadoop.thirdparty.com.google.common.collect.MapMakerInternalMap
2578:             2             96  org.apache.log4j.helpers.COWArrayList
2579:             3             96  org.apache.logging.log4j.core.Filter$Result
2580:             1             96  org.apache.logging.log4j.core.appender.rolling.PatternProcessor
2581:             2             96  org.apache.logging.log4j.core.config.ConfigurationScheduler
2582:             2             96  org.apache.logging.log4j.core.filter.MarkerFilter
2583:             4             96  org.apache.logging.log4j.core.lookup.StrMatcher$StringMatcher
2584:             6             96  org.apache.logging.log4j.message.ParameterizedMessageFactory
2585:             2             96  org.apache.ratis.datastream.SupportedDataStreamType
2586:             4             96  org.apache.ratis.grpc.server.GrpcLogAppender$$Lambda$1099/1584167610
2587:             2             96  org.apache.ratis.grpc.server.GrpcLogAppender$StreamObservers
2588:             4             96  org.apache.ratis.metrics.dropwizard3.Dm3TimekeeperImpl$$Lambda$454/1990339197
2589:             1             96  org.apache.ratis.proto.RaftProtos$RaftClientReplyProto
2590:             1             96  org.apache.ratis.proto.RaftProtos$SetConfigurationRequestProto
2591:             3             96  org.apache.ratis.protocol.RaftGroup
2592:             4             96  org.apache.ratis.protocol.RaftPeerId$$Lambda$194/271944754
2593:             3             96  org.apache.ratis.server.impl.LeaderStateImpl$StateUpdateEvent$Type
2594:             3             96  org.apache.ratis.server.impl.PendingRequests$Acquired
2595:             3             96  org.apache.ratis.server.impl.VoteContext$CheckTermResult
2596:             3             96  org.apache.ratis.server.metrics.RaftServerMetricsImpl$$Lambda$349/444496301
2597:             3             96  org.apache.ratis.server.protocol.RaftServerProtocol$Op
2598:             3             96  org.apache.ratis.server.storage.RaftStorageMetadata
2599:             4             96  org.apache.ratis.thirdparty.com.google.common.cache.LocalCache$AccessQueue
2600:             4             96  org.apache.ratis.thirdparty.com.google.common.cache.LocalCache$LocalManualCache
2601:             4             96  org.apache.ratis.thirdparty.com.google.common.cache.LocalCache$WriteQueue
2602:             1             96  org.apache.ratis.thirdparty.com.google.common.collect.MapMakerInternalMap
2603:             3             96  org.apache.ratis.thirdparty.com.google.protobuf.Descriptors$DescriptorPool$SearchFilter
2604:             4             96  org.apache.ratis.thirdparty.com.google.protobuf.GeneratedMessageV3$Builder$BuilderParentImpl
2605:             3             96  org.apache.ratis.thirdparty.io.grpc.SecurityLevel
2606:             3             96  org.apache.ratis.thirdparty.io.grpc.ServerServiceDefinition
2607:             3             96  org.apache.ratis.thirdparty.io.grpc.TlsChannelCredentials$Feature
2608:             3             96  org.apache.ratis.thirdparty.io.grpc.TlsServerCredentials$Feature
2609:             4             96  org.apache.ratis.thirdparty.io.grpc.internal.CallCredentialsApplyingTransportFactory$CallCredentialsApplyingTransport$1
2610:             2             96  org.apache.ratis.thirdparty.io.grpc.internal.ClientCallImpl$ClientStreamListenerImpl$1MessagesAvailable
2611:             4             96  org.apache.ratis.thirdparty.io.grpc.internal.ClientCallImpl$ContextCancellationListener
2612:             4             96  org.apache.ratis.thirdparty.io.grpc.internal.InternalSubchannel$TransportLogger
2613:             4             96  org.apache.ratis.thirdparty.io.grpc.internal.KeepAliveManager$1
2614:             4             96  org.apache.ratis.thirdparty.io.grpc.internal.KeepAliveManager$2
2615:             4             96  org.apache.ratis.thirdparty.io.grpc.internal.ManagedChannelImpl$2
2616:             4             96  org.apache.ratis.thirdparty.io.grpc.internal.ManagedChannelImpl$DelayedTransportListener
2617:             4             96  org.apache.ratis.thirdparty.io.grpc.internal.ManagedChannelImpl$IdleModeTimer
2618:             4             96  org.apache.ratis.thirdparty.io.grpc.internal.ManagedChannelImpl$RealChannel$1
2619:             3             96  org.apache.ratis.thirdparty.io.grpc.internal.ManagedChannelImpl$ResolutionState
2620:             4             96  org.apache.ratis.thirdparty.io.grpc.internal.ManagedChannelImpl$RestrictedScheduledExecutor
2621:             4             96  org.apache.ratis.thirdparty.io.grpc.internal.PickFirstLoadBalancer$Picker
2622:             4             96  org.apache.ratis.thirdparty.io.grpc.internal.Rescheduler$FutureRunnable
2623:             4             96  org.apache.ratis.thirdparty.io.grpc.internal.RetriableStream$ChannelBufferMeter
2624:             4             96  org.apache.ratis.thirdparty.io.grpc.netty.Http2ControlFrameLimitEncoder$1
2625:             3             96  org.apache.ratis.thirdparty.io.grpc.netty.NegotiationType
2626:             4             96  org.apache.ratis.thirdparty.io.grpc.netty.NettyClientStream$Sink
2627:             3             96  org.apache.ratis.thirdparty.io.grpc.stub.ClientCalls$StubType
2628:             3             96  org.apache.ratis.thirdparty.io.netty.buffer.UnreleasableByteBuf
2629:             2             96  org.apache.ratis.thirdparty.io.netty.channel.CoalescingBufferQueue
2630:             1             96  org.apache.ratis.thirdparty.io.netty.channel.epoll.AbstractEpollServerChannel$EpollServerSocketUnsafe
2631:             1             96  org.apache.ratis.thirdparty.io.netty.channel.epoll.EpollServerSocketChannelConfig
2632:             3             96  org.apache.ratis.thirdparty.io.netty.handler.codec.http2.HpackDecoder$HeaderType
2633:             3             96  org.apache.ratis.thirdparty.io.netty.handler.codec.http2.HpackUtil$IndexType
2634:             3             96  org.apache.ratis.thirdparty.io.netty.handler.codec.http2.Http2Exception$ShutdownHint
2635:             4             96  org.apache.ratis.thirdparty.io.netty.handler.codec.http2.StreamBufferingEncoder$1
2636:             3             96  org.apache.ratis.thirdparty.io.netty.handler.ssl.SslProvider
2637:             4             96  org.apache.ratis.util.TimeoutTimer$Task$$Lambda$1102/394661211
2638:             3             96  org.eclipse.jetty.http.CookieCompliance
2639:             3             96  org.eclipse.jetty.http.HttpMethod$Type
2640:             3             96  org.eclipse.jetty.http.QuotedCSVParser$State
2641:             3             96  org.eclipse.jetty.server.Response$OutputType
2642:             3             96  org.eclipse.jetty.server.handler.ContextHandler$ContextStatus
2643:             1             96  org.eclipse.jetty.server.handler.ErrorHandler
2644:             1             96  org.eclipse.jetty.server.handler.HandlerCollection
2645:             1             96  org.eclipse.jetty.server.session.HouseKeeper
2646:             3             96  org.eclipse.jetty.servlet.ErrorPageErrorHandler$PageLookupTechnique
2647:             3             96  org.eclipse.jetty.util.IteratingCallback$Action
2648:             3             96  org.eclipse.jetty.util.thread.Invocable$InvocationType
2649:             3             96  org.eclipse.jetty.util.thread.strategy.EatWhatYouKill$State
2650:             4             96  org.eclipse.jetty.webapp.ClasspathPattern$ByLocation
2651:             4             96  org.eclipse.jetty.webapp.ClasspathPattern$ByPackage
2652:             3             96  org.ietf.jgss.Oid
2653:             3             96  org.rocksdb.KeyMayExist$KeyMayExistEnum
2654:             2             96  org.rocksdb.RocksDB
2655:             3             96  org.rocksdb.RocksDB$LibraryState
2656:             4             96  picocli.CommandLine$1
2657:             4             96  picocli.CommandLine$AutoHelpMixin
2658:             4             96  picocli.CommandLine$BuiltIn$ISO8601TimeConverter
2659:             3             96  picocli.CommandLine$Help$Ansi
2660:             3             96  picocli.CommandLine$Help$Visibility
2661:             3             96  picocli.CommandLine$Model$InitialValueState
2662:             3             96  sun.misc.FloatingDecimal$ExceptionalBinaryToASCIIBuffer
2663:             3             96  sun.misc.Signal
2664:             3             96  sun.security.provider.NativePRNG$Variant
2665:             3             96  sun.security.ssl.CipherSuite$CipherType
2666:             2             96  sun.security.x509.PolicyMappingsExtension
2667:             4             96  sun.security.x509.RFC822Name
2668:             3             96  sun.util.resources.ParallelListResourceBundle$KeySet
2669:             1             88  [Lcom.fasterxml.jackson.annotation.JsonFormat$Feature;
2670:             1             88  [Lcom.fasterxml.jackson.databind.ser.impl.ReadOnlyClassToSerializerMap$Bucket;
2671:             1             88  [Lcom.sun.beans.util.Cache$CacheEntry;
2672:             1             88  [Ljava.beans.WeakIdentityMap$Entry;
2673:             1             88  [Ljava.lang.invoke.MethodHandleImpl$Intrinsic;
2674:             1             88  [Ljava.math.RoundingMode;
2675:             3             88  [Ljava.nio.file.FileVisitOption;
2676:             1             88  [Ljdk.net.SocketFlow$Status;
2677:             1             88  [Lorg.apache.hadoop.conf.Configuration$DeprecationDelta;
2678:             1             88  [Lorg.apache.hadoop.metrics2.impl.MsInfo;
2679:             3             88  [Lorg.apache.log4j.Appender;
2680:             1             88  [Lorg.apache.ratis.proto.RaftProtos$RaftClientRequestProto$TypeCase;
2681:             1             88  [Lorg.apache.ratis.server.impl.TransferLeadership$Result$Type;
2682:             3             88  [Lorg.eclipse.jetty.http.CompressedContentFormat;
2683:             1             88  [Lorg.eclipse.jetty.server.HttpChannelState$RequestState;
2684:             1             88  [Lsun.security.ssl.SignatureAndHashAlgorithm$HashAlgorithm;
2685:             1             88  com.ctc.wstx.util.InternCache
2686:             1             88  com.fasterxml.jackson.databind.ser.BeanSerializer
2687:             1             88  java.util.logging.LogManager
2688:             1             88  org.apache.commons.logging.impl.LogFactoryImpl
2689:             1             88  org.apache.hadoop.hdds.protocol.proto.HddsProtos$CompactionLogEntryProto
2690:             1             88  org.apache.hadoop.hdds.protocol.proto.HddsProtos$ExtendedDatanodeDetailsProto
2691:             1             88  org.apache.hadoop.hdds.protocol.proto.StorageContainerLocationProtocolProtos$NodeQueryRequestProto
2692:             1             88  org.apache.hadoop.hdds.protocol.proto.StorageContainerLocationProtocolProtos$PipelineRequestProto
2693:             1             88  org.apache.hadoop.ozone.om.TrashOzoneFileSystem
2694:             1             88  org.apache.hadoop.ozone.om.TrashPolicyOzone
2695:             1             88  org.apache.hadoop.ozone.protocol.proto.OzoneManagerProtocolProtos$CreateSnapshotRequest
2696:             1             88  org.apache.hadoop.ozone.protocol.proto.OzoneManagerProtocolProtos$ListKeysRequest
2697:             1             88  org.apache.hadoop.ozone.protocol.proto.OzoneManagerProtocolProtos$ListSnapshotRequest
2698:             1             88  org.apache.hadoop.ozone.protocol.proto.OzoneManagerProtocolProtos$ListTrashRequest
2699:             1             88  org.apache.hadoop.ozone.protocol.proto.OzoneManagerProtocolProtos$ListVolumeRequest
2700:             1             88  org.apache.hadoop.ozone.protocol.proto.OzoneManagerProtocolProtos$MultipartUploadListPartsRequest
2701:             1             88  org.apache.hadoop.ozone.protocol.proto.OzoneManagerProtocolProtos$MultipartUploadListPartsResponse
2702:             1             88  org.apache.hadoop.ozone.protocol.proto.OzoneManagerProtocolProtos$PurgePathRequest
2703:             1             88  org.apache.hadoop.ozone.protocol.proto.OzoneManagerProtocolProtos$SetVolumePropertyRequest
2704:             1             88  org.apache.hadoop.ozone.protocol.proto.OzoneManagerProtocolProtos$SnapshotMoveDeletedKeysRequest
2705:             1             88  org.apache.hadoop.ozone.protocolPB.OzoneManagerProtocolServerSideTranslatorPB
2706:             1             88  org.apache.hadoop.ozone.storage.proto.OzoneManagerStorageProtos$PersistedPrefixInfo
2707:             1             88  org.apache.hadoop.security.ssl.SSLFactory
2708:             1             88  org.apache.logging.log4j.core.async.AsyncLoggerDisruptor
2709:             1             88  org.apache.logging.log4j.status.StatusLogger
2710:             1             88  org.apache.ratis.proto.RaftProtos$GroupInfoReplyProto
2711:             1             88  org.apache.ratis.proto.RaftProtos$InstallSnapshotRequestProto
2712:             1             88  org.apache.ratis.server.raftlog.segmented.SegmentedRaftLogCache
2713:             1             88  org.apache.ratis.util.DataBlockingQueue
2714:             1             88  org.eclipse.jetty.io.ArrayByteBufferPool
2715:             1             88  sun.security.provider.SHA
2716:             1             88  sun.text.resources.FormatData
2717:             1             88  sun.text.resources.en.FormatData_en
2718:             1             88  sun.text.resources.en.FormatData_en_US
2719:             1             80  [Lcom.fasterxml.jackson.annotation.JsonInclude$Include;
2720:             1             80  [Lcom.fasterxml.jackson.annotation.PropertyAccessor;
2721:             3             80  [Lcom.fasterxml.jackson.databind.ser.BeanPropertyWriter;
2722:             3             80  [Lcom.google.protobuf.Descriptors$ServiceDescriptor;
2723:             1             80  [Lcom.sun.management.VMOption$Origin;
2724:             1             80  [Lio.netty.handler.codec.http2.Http2Stream$State;
2725:             2             80  [Ljava.util.Enumeration;
2726:             1             80  [Lorg.apache.hadoop.conf.Configuration$ParsedTimeDuration;
2727:             1             80  [Lorg.apache.hadoop.conf.StorageUnit;
2728:             2             80  [Lorg.apache.hadoop.hdds.client.ECReplicationConfig$EcCodec;
2729:             1             80  [Lorg.apache.hadoop.hdds.conf.TimeDurationUtil$ParsedTimeDuration;
2730:             2             80  [Lorg.apache.hadoop.hdds.protocol.proto.HddsProtos$QueryScope;
2731:             2             80  [Lorg.apache.hadoop.hdds.protocol.proto.StorageContainerLocationProtocolProtos$PipelineResponseProto$Error;
2732:             2             80  [Lorg.apache.hadoop.metrics2.impl.MetricsSystemImpl$InitMode;
2733:             2             80  [Lorg.apache.hadoop.ozone.OzoneAcl$AclScope;
2734:             2             80  [Lorg.apache.hadoop.ozone.om.request.validation.RequestProcessingPhase;
2735:             2             80  [Lorg.apache.hadoop.ozone.protocol.proto.OzoneManagerProtocolProtos$CipherSuiteProto;
2736:             2             80  [Lorg.apache.hadoop.ozone.protocol.proto.OzoneManagerProtocolProtos$CryptoProtocolVersionProto;
2737:             2             80  [Lorg.apache.hadoop.ozone.protocol.proto.OzoneManagerProtocolProtos$FileChecksumTypeProto;
2738:             2             80  [Lorg.apache.hadoop.ozone.protocol.proto.OzoneManagerProtocolProtos$OzoneObj$StoreType;
2739:             2             80  [Lorg.apache.hadoop.ozone.protocol.proto.OzoneManagerProtocolProtos$SnapshotStatusProto;
2740:             2             80  [Lorg.apache.ratis.datastream.SupportedDataStreamType;
2741:             1             80  [Lorg.apache.ratis.server.impl.LeaderElection$Result;
2742:             1             80  [Lorg.apache.ratis.thirdparty.io.netty.handler.codec.http2.Http2Stream$State;
2743:             2             80  [Lorg.eclipse.jetty.server.Handler;
2744:             1             80  [Lorg.eclipse.jetty.util.IteratingCallback$State;
2745:             1             80  [Lorg.reflections.vfs.Vfs$DefaultUrlTypes;
2746:             3             80  [Lpicocli.CommandLine$Model$TypedMember;
2747:             2             80  [Lpicocli.CommandLine$ScopeType;
2748:             1             80  [Lsun.security.x509.NetscapeCertTypeExtension$MapEntry;
2749:             2             80  com.fasterxml.jackson.core.StreamWriteCapability
2750:             1             80  com.fasterxml.jackson.databind.cfg.ConfigOverride$Empty
2751:             1             80  com.fasterxml.jackson.databind.util.StdDateFormat
2752:             1             80  com.google.common.collect.HashMultimap
2753:             2             80  com.lmax.disruptor.dsl.ConsumerRepository
2754:             1             80  io.grpc.InternalChannelz$ServerSocketMap
2755:             1             80  io.grpc.MethodDescriptor
2756:             2             80  io.grpc.netty.Utils$DefaultEventLoopGroupResource
2757:             2             80  io.grpc.protobuf.lite.ProtoLiteUtils$MessageMarshaller
2758:             2             80  io.netty.buffer.PooledByteBufAllocator$PoolThreadLocalCache
2759:             1             80  io.netty.util.ResourceLeakDetector$TraceRecord$1
2760:             2             80  java.io.ByteArrayInputStream
2761:             1             80  java.lang.invoke.MethodHandleImpl$WrappedMember
2762:             2             80  java.lang.management.MemoryType
2763:             2             80  java.lang.ref.ReferenceQueue$Null
2764:             2             80  java.lang.reflect.ReflectPermission
2765:             2             80  java.net.URLClassLoader$3
2766:             2             80  java.security.Timestamp
2767:             2             80  java.sql.SQLPermission
2768:             2             80  java.time.format.DateTimeFormatterBuilder$FractionPrinterParser
2769:             2             80  java.util.concurrent.atomic.AtomicLongFieldUpdater$CASUpdater
2770:             2             80  java.util.regex.Pattern$6
2771:             2             80  java.util.regex.Pattern$NotBehind
2772:             2             80  org.apache.commons.configuration2.PropertiesConfigurationLayout$PropertyLayoutData
2773:             1             80  org.apache.commons.logging.impl.WeakHashtable
2774:             2             80  org.apache.hadoop.hdds.client.ReplicationFactor
2775:             2             80  org.apache.hadoop.hdds.protocol.proto.HddsProtos$QueryScope
2776:             1             80  org.apache.hadoop.hdds.protocol.proto.HddsProtos$TokenProto
2777:             1             80  org.apache.hadoop.hdds.protocol.proto.StorageContainerLocationProtocolProtos$ContainerRequestProto
2778:             2             80  org.apache.hadoop.hdds.protocol.proto.StorageContainerLocationProtocolProtos$PipelineResponseProto$Error
2779:             1             80  org.apache.hadoop.hdds.utils.db.RDBMetrics
2780:             2             80  org.apache.hadoop.io.retry.RetryInvocationHandler$ProxyDescriptor
2781:             2             80  org.apache.hadoop.ipc.Server$AuthProtocol
2782:             2             80  org.apache.hadoop.metrics2.lib.MutableGaugeInt
2783:             1             80  org.apache.hadoop.metrics2.source.JvmMetrics
2784:             2             80  org.apache.hadoop.net.SocketIOWithTimeout$SelectorPool$SelectorInfo
2785:             2             80  org.apache.hadoop.ozone.audit.AuditEventStatus
2786:             1             80  org.apache.hadoop.ozone.om.OzoneManagerHttpServer
2787:             1             80  org.apache.hadoop.ozone.protocol.proto.OzoneManagerProtocolProtos$AllocateBlockRequest
2788:             1             80  org.apache.hadoop.ozone.protocol.proto.OzoneManagerProtocolProtos$CancelSnapshotDiffRequest
2789:             2             80  org.apache.hadoop.ozone.protocol.proto.OzoneManagerProtocolProtos$CipherSuiteProto
2790:             1             80  org.apache.hadoop.ozone.protocol.proto.OzoneManagerProtocolProtos$CreateTenantRequest
2791:             2             80  org.apache.hadoop.ozone.protocol.proto.OzoneManagerProtocolProtos$CryptoProtocolVersionProto
2792:             1             80  org.apache.hadoop.ozone.protocol.proto.OzoneManagerProtocolProtos$DeleteSnapshotRequest
2793:             2             80  org.apache.hadoop.ozone.protocol.proto.OzoneManagerProtocolProtos$FileChecksumTypeProto
2794:             1             80  org.apache.hadoop.ozone.protocol.proto.OzoneManagerProtocolProtos$ListBucketsRequest
2795:             1             80  org.apache.hadoop.ozone.protocol.proto.OzoneManagerProtocolProtos$MD5MD5Crc32FileChecksumProto
2796:             1             80  org.apache.hadoop.ozone.protocol.proto.OzoneManagerProtocolProtos$MultipartInfoInitiateResponse
2797:             1             80  org.apache.hadoop.ozone.protocol.proto.OzoneManagerProtocolProtos$MultipartUploadCompleteResponse
2798:             2             80  org.apache.hadoop.ozone.protocol.proto.OzoneManagerProtocolProtos$OzoneAclInfo$OzoneAclScope
2799:             2             80  org.apache.hadoop.ozone.protocol.proto.OzoneManagerProtocolProtos$OzoneObj$StoreType
2800:             1             80  org.apache.hadoop.ozone.protocol.proto.OzoneManagerProtocolProtos$RecoverTrashRequest
2801:             1             80  org.apache.hadoop.ozone.protocol.proto.OzoneManagerProtocolProtos$SnapshotDiffResponse
2802:             2             80  org.apache.hadoop.ozone.protocol.proto.OzoneManagerProtocolProtos$SnapshotStatusProto
2803:             2             80  org.apache.hadoop.ozone.protocolPB.OzoneManagerRequestHandler
2804:             2             80  org.apache.hadoop.ozone.security.acl.OzoneObj$StoreType
2805:             1             80  org.apache.hadoop.ozone.security.proto.SecurityProtos$TokenProto
2806:             1             80  org.apache.hadoop.thirdparty.com.google.common.collect.HashMultimap
2807:             1             80  org.apache.log4j.Hierarchy
2808:             1             80  org.apache.logging.log4j.core.config.AppenderControl
2809:             1             80  org.apache.logging.log4j.core.impl.Log4jProvider
2810:             2             80  org.apache.logging.log4j.core.jmx.LoggerConfigAdmin
2811:             2             80  org.apache.logging.log4j.core.pattern.LoggerPatternConverter
2812:             2             80  org.apache.logging.log4j.core.util.Source
2813:             2             80  org.apache.logging.log4j.util.PropertiesUtil$Environment
2814:             2             80  org.apache.ratis.grpc.metrics.intercept.server.MetricServerCall
2815:             1             80  org.apache.ratis.proto.RaftProtos$InstallSnapshotReplyProto
2816:             1             80  org.apache.ratis.proto.RaftProtos$RaftClientRequestProto
2817:             1             80  org.apache.ratis.proto.RaftProtos$RoleInfoProto
2818:             2             80  org.apache.ratis.server.impl.LeaderStateImpl$StateUpdateEvent
2819:             1             80  org.apache.ratis.thirdparty.com.google.protobuf.DescriptorProtos$MessageOptions
2820:             2             80  org.apache.ratis.thirdparty.com.google.protobuf.Descriptors$DescriptorPool$PackageDescriptor
2821:             1             80  org.apache.ratis.thirdparty.com.google.protobuf.Descriptors$FileDescriptor
2822:             1             80  org.apache.ratis.thirdparty.io.grpc.InternalChannelz$ServerSocketMap
2823:             2             80  org.apache.ratis.thirdparty.io.grpc.internal.AbstractStream$TransportState$1RequestRunnable
2824:             2             80  org.apache.ratis.thirdparty.io.grpc.internal.DelayedClientCall$DelayedListener
2825:             2             80  org.apache.ratis.thirdparty.io.grpc.internal.DelayedStream$DelayedStreamListener
2826:             2             80  org.apache.ratis.thirdparty.io.grpc.internal.PickSubchannelArgsImpl
2827:             2             80  org.apache.ratis.thirdparty.io.grpc.internal.ServerCallImpl$ServerStreamListenerImpl
2828:             2             80  org.apache.ratis.thirdparty.io.grpc.internal.ServerImpl$ServerTransportListenerImpl$ServerCallParameters
2829:             5             80  org.apache.ratis.thirdparty.io.grpc.netty.ProtocolNegotiators$PlaintextProtocolNegotiator
2830:             2             80  org.apache.ratis.thirdparty.io.grpc.protobuf.lite.ProtoInputStream
2831:             2             80  org.apache.ratis.thirdparty.io.netty.buffer.PooledByteBufAllocator$PoolThreadLocalCache
2832:             1             80  org.apache.ratis.thirdparty.io.netty.util.ResourceLeakDetector$TraceRecord$1
2833:             2             80  org.apache.ratis.util.AutoCloseableReadWriteLock$$Lambda$475/648811217
2834:             2             80  org.eclipse.jetty.server.ResourceContentFactory
2835:             1             80  org.eclipse.jetty.util.BlockingArrayQueue
2836:             1             80  org.eclipse.jetty.util.component.AttributeContainerMap
2837:             2             80  org.eclipse.jetty.webapp.ClasspathPattern
2838:             2             80  org.rocksdb.DataBlockIndexType
2839:             5             80  picocli.CommandLine$DefaultFactory
2840:             2             80  sun.misc.URLClassPath$FileLoader
2841:             2             80  sun.security.jca.ProviderList
2842:             1             80  sun.security.ssl.CipherBox
2843:             2             80  sun.security.ssl.EphemeralKeyManager$EphemeralKeyPair
2844:             2             80  sun.security.ssl.SSLAlgorithmConstraints
2845:             2             80  sun.security.ssl.SSLSessionContextImpl
2846:             1             80  sun.util.resources.CalendarData
2847:             1             80  sun.util.resources.CurrencyNames
2848:             1             80  sun.util.resources.TimeZoneNames
2849:             1             80  sun.util.resources.en.CalendarData_en
2850:             1             80  sun.util.resources.en.CurrencyNames_en_US
2851:             1             80  sun.util.resources.en.TimeZoneNames_en
2852:             1             72  [Lcom.fasterxml.jackson.annotation.JsonAutoDetect$Visibility;
2853:             1             72  [Lcom.fasterxml.jackson.core.JsonParser$NumberType;
2854:             1             72  [Lio.grpc.internal.KeepAliveManager$State;
2855:             1             72  [Lio.netty.handler.codec.http2.Http2Headers$PseudoHeaderName;
2856:             1             72  [Ljava.lang.Thread$State;
2857:             3             72  [Ljava.lang.Throwable;
2858:             1             72  [Ljava.time.format.TextStyle;
2859:             1             72  [Lorg.apache.hadoop.io.retry.CallReturn$State;
2860:             1             72  [Lorg.apache.hadoop.ozone.OzoneManagerVersion;
2861:             1             72  [Lorg.apache.hadoop.util.Shell$OSType;
2862:             1             72  [Lorg.apache.logging.log4j.core.LifeCycle$State;
2863:             1             72  [Lorg.apache.logging.log4j.core.appender.rolling.FileExtension;
2864:             1             72  [Lorg.apache.ratis.grpc.server.GrpcLogAppender$Event;
2865:             1             72  [Lorg.apache.ratis.server.impl.FollowerState$UpdateType;
2866:             1             72  [Lorg.apache.ratis.server.leader.LeaderState$StepDownReason;
2867:             1             72  [Lorg.apache.ratis.thirdparty.io.grpc.internal.KeepAliveManager$State;
2868:             1             72  [Lorg.apache.ratis.thirdparty.io.netty.handler.codec.http2.Http2Headers$PseudoHeaderName;
2869:             1             72  [Lorg.apache.ratis.util.TraditionalBinaryPrefix;
2870:             1             72  [Lorg.eclipse.jetty.http.pathmap.PathSpecGroup;
2871:             1             72  [Lorg.eclipse.jetty.io.AbstractEndPoint$State;
2872:             1             72  [Lorg.eclipse.jetty.server.HttpChannelState$InputState;
2873:             1             72  [Lorg.eclipse.jetty.server.HttpOutput$ApiState;
2874:             3             72  [Lorg.eclipse.jetty.servlet.ListenerHolder;
2875:             1             72  [Lsun.security.util.DisabledAlgorithmConstraints$KeySizeConstraint$Operator;
2876:             1             72  com.fasterxml.jackson.annotation.JsonFormat$Value
2877:             1             72  com.fasterxml.jackson.databind.deser.impl.BeanPropertyMap
2878:             3             72  com.fasterxml.jackson.databind.jsontype.impl.StdSubtypeResolver
2879:             3             72  com.fasterxml.jackson.databind.util.RootNameLookup
2880:             1             72  com.google.common.collect.AbstractMapBasedMultimap$AsMap
2881:             1             72  com.google.common.collect.RegularImmutableMap
2882:             1             72  com.google.protobuf.Descriptors$MethodDescriptor
2883:             3             72  com.google.protobuf.TextFormat$Printer
2884:             1             72  com.sun.jmx.interceptor.DefaultMBeanServerInterceptor
2885:             1             72  com.sun.jmx.mbeanserver.DefaultMXBeanMappingFactory$Mappings
2886:             3             72  com.sun.proxy.$Proxy32
2887:             3             72  com.sun.proxy.$Proxy33
2888:             3             72  com.sun.proxy.$Proxy38
2889:             3             72  io.grpc.internal.FixedObjectPool
2890:             3             72  io.grpc.internal.SharedResourcePool
2891:             1             72  io.netty.buffer.UnpooledHeapByteBuf
2892:             1             72  io.netty.channel.ServerChannelRecvByteBufAllocator$1
2893:             1             72  io.netty.channel.group.DefaultChannelGroup
2894:             1             72  io.netty.channel.nio.AbstractNioMessageChannel$NioMessageUnsafe
2895:             1             72  io.netty.handler.codec.http2.CharSequenceMap
2896:             3             72  io.netty.util.concurrent.PromiseTask$SentinelRunnable
2897:             1             72  java.beans.WeakIdentityMap$Entry
2898:             1             72  java.lang.invoke.BoundMethodHandle$Species_L3
2899:             3             72  java.nio.charset.CodingErrorAction
2900:             3             72  java.text.AttributedCharacterIterator$Attribute
2901:             3             72  java.time.format.DateTimeFormatterBuilder$StringLiteralPrinterParser
2902:             3             72  java.util.Base64$Decoder
2903:             3             72  java.util.concurrent.atomic.AtomicMarkableReference
2904:             3             72  java.util.jar.JarVerifier$3
2905:             1             72  org.apache.commons.configuration2.PropertiesConfigurationLayout
2906:             3             72  org.apache.commons.configuration2.interpol.ConfigurationInterpolator$1
2907:             3             72  org.apache.commons.configuration2.io.ConfigurationLogger
2908:             3             72  org.apache.commons.lang3.text.StrMatcher$StringMatcher
2909:             3             72  org.apache.commons.lang3.text.translate.NumericEntityUnescaper
2910:             1             72  org.apache.hadoop.hdds.protocol.proto.HddsProtos$AddScmRequestProto
2911:             1             72  org.apache.hadoop.hdds.protocol.proto.HddsProtos$DefaultReplicationConfig
2912:             1             72  org.apache.hadoop.hdds.protocol.proto.HddsProtos$ExcludeListProto
2913:             1             72  org.apache.hadoop.hdds.protocol.proto.HddsProtos$GetScmInfoResponseProto
2914:             1             72  org.apache.hadoop.hdds.protocol.proto.HddsProtos$ReplicationManagerReportProto
2915:             1             72  org.apache.hadoop.hdds.protocol.proto.StorageContainerLocationProtocolProtos$ContainerResponseProto
2916:             1             72  org.apache.hadoop.hdds.protocol.proto.StorageContainerLocationProtocolProtos$DatanodeUsageInfoRequestProto
2917:             1             72  org.apache.hadoop.hdds.protocol.proto.StorageContainerLocationProtocolProtos$GetFailedDeletedBlocksTxnRequestProto
2918:             1             72  org.apache.hadoop.hdds.protocol.proto.StorageContainerLocationProtocolProtos$PipelineResponseProto
2919:             1             72  org.apache.hadoop.hdds.utils.db.managed.ManagedReadOptions
2920:             1             72  org.apache.hadoop.log.metrics.EventCounter
2921:             1             72  org.apache.hadoop.ozone.om.GrpcOzoneManagerServer
2922:             1             72  org.apache.hadoop.ozone.om.upgrade.OMLayoutVersionManager
2923:             1             72  org.apache.hadoop.ozone.om.upgrade.OMUpgradeFinalizer
2924:             1             72  org.apache.hadoop.ozone.protocol.proto.OzoneManagerProtocolProtos$AddAclRequest
2925:             1             72  org.apache.hadoop.ozone.protocol.proto.OzoneManagerProtocolProtos$BucketEncryptionInfoProto
2926:             1             72  org.apache.hadoop.ozone.protocol.proto.OzoneManagerProtocolProtos$CreateFileResponse
2927:             1             72  org.apache.hadoop.ozone.protocol.proto.OzoneManagerProtocolProtos$CreateKeyResponse
2928:             1             72  org.apache.hadoop.ozone.protocol.proto.OzoneManagerProtocolProtos$DBUpdatesResponse
2929:             1             72  org.apache.hadoop.ozone.protocol.proto.OzoneManagerProtocolProtos$DeleteKeyArgs
2930:             1             72  org.apache.hadoop.ozone.protocol.proto.OzoneManagerProtocolProtos$DeleteKeyResponse
2931:             1             72  org.apache.hadoop.ozone.protocol.proto.OzoneManagerProtocolProtos$DeletedKeys
2932:             1             72  org.apache.hadoop.ozone.protocol.proto.OzoneManagerProtocolProtos$DiffReportEntryProto
2933:             1             72  org.apache.hadoop.ozone.protocol.proto.OzoneManagerProtocolProtos$ExtendedUserAccessIdInfo
2934:             1             72  org.apache.hadoop.ozone.protocol.proto.OzoneManagerProtocolProtos$FileChecksumProto
2935:             1             72  org.apache.hadoop.ozone.protocol.proto.OzoneManagerProtocolProtos$ListMultipartUploadsRequest
2936:             1             72  org.apache.hadoop.ozone.protocol.proto.OzoneManagerProtocolProtos$ListSnapshotDiffJobRequest
2937:             1             72  org.apache.hadoop.ozone.protocol.proto.OzoneManagerProtocolProtos$ListStatusRequest
2938:             1             72  org.apache.hadoop.ozone.protocol.proto.OzoneManagerProtocolProtos$LookupKeyResponse
2939:             1             72  org.apache.hadoop.ozone.protocol.proto.OzoneManagerProtocolProtos$OMLockDetailsProto
2940:             1             72  org.apache.hadoop.ozone.protocol.proto.OzoneManagerProtocolProtos$OpenKeyBucket
2941:             1             72  org.apache.hadoop.ozone.protocol.proto.OzoneManagerProtocolProtos$OzoneObj
2942:             1             72  org.apache.hadoop.ozone.protocol.proto.OzoneManagerProtocolProtos$PartKeyInfo
2943:             1             72  org.apache.hadoop.ozone.protocol.proto.OzoneManagerProtocolProtos$PurgeKeysRequest
2944:             1             72  org.apache.hadoop.ozone.protocol.proto.OzoneManagerProtocolProtos$PurgePathsRequest
2945:             1             72  org.apache.hadoop.ozone.protocol.proto.OzoneManagerProtocolProtos$RecoverLeaseRequest
2946:             1             72  org.apache.hadoop.ozone.protocol.proto.OzoneManagerProtocolProtos$RemoveAclRequest
2947:             1             72  org.apache.hadoop.ozone.protocol.proto.OzoneManagerProtocolProtos$RenameKeysArgs
2948:             1             72  org.apache.hadoop.ozone.protocol.proto.OzoneManagerProtocolProtos$SetAclRequest
2949:             1             72  org.apache.hadoop.ozone.protocol.proto.OzoneManagerProtocolProtos$SetTimesRequest
2950:             1             72  org.apache.hadoop.ozone.protocol.proto.OzoneManagerProtocolProtos$SnapshotInfoRequest
2951:             1             72  org.apache.hadoop.ozone.protocol.proto.OzoneManagerProtocolProtos$SnapshotProperty
2952:             1             72  org.apache.hadoop.ozone.protocol.proto.OzoneManagerProtocolProtos$TenantAssignUserAccessIdRequest
2953:             1             72  org.apache.hadoop.ozone.protocol.proto.OzoneManagerProtocolProtos$UserInfo
2954:             1             72  org.apache.hadoop.ozone.security.acl.OzoneNativeAuthorizer
2955:             1             72  org.apache.hadoop.ozone.storage.proto.OzoneManagerStorageProtos$PersistedUserVolumeInfo
2956:             1             72  org.apache.hadoop.security.UserGroupInformation$LoginParams
2957:             1             72  org.apache.hadoop.security.UserGroupInformation$UgiMetrics
2958:             1             72  org.apache.log4j.helpers.PatternParser
2959:             1             72  org.apache.log4j.spi.RootLogger
2960:             1             72  org.apache.logging.log4j.core.appender.rolling.RollingFileManager$EmptyQueue
2961:             3             72  org.apache.logging.log4j.core.config.AppenderControlArraySet
2962:             1             72  org.apache.logging.log4j.core.config.ConfigurationFileWatcher
2963:             1             72  org.apache.logging.log4j.core.config.status.StatusConfiguration
2964:             1             72  org.apache.logging.log4j.core.jmx.StatusLoggerAdmin
2965:             1             72  org.apache.logging.log4j.core.pattern.DatePatternConverter
2966:             3             72  org.apache.logging.log4j.core.util.datetime.FastDateParser$CopyQuotedStrategy
2967:             3             72  org.apache.logging.log4j.core.util.datetime.FastDatePrinter$CharacterLiteral
2968:             1             72  org.apache.ratis.proto.RaftProtos$GroupManagementRequestProto
2969:             1             72  org.apache.ratis.proto.RaftProtos$LeaderElectionManagementRequestProto
2970:             1             72  org.apache.ratis.proto.RaftProtos$RequestVoteRequestProto
2971:             1             72  org.apache.ratis.proto.RaftProtos$SnapshotManagementRequestProto
2972:             3             72  org.apache.ratis.protocol.RaftPeerId$$Lambda$396/1747234010
2973:             1             72  org.apache.ratis.server.impl.RoleInfo
2974:             1             72  org.apache.ratis.server.impl.SnapshotInstallationHandler
2975:             1             72  org.apache.ratis.thirdparty.io.netty.buffer.UnpooledHeapByteBuf
2976:             3             72  org.apache.ratis.thirdparty.io.netty.channel.ChannelMetadata
2977:             1             72  org.apache.ratis.thirdparty.io.netty.channel.ServerChannelRecvByteBufAllocator$1
2978:             1             72  org.apache.ratis.thirdparty.io.netty.channel.group.DefaultChannelGroup
2979:             1             72  org.apache.ratis.thirdparty.io.netty.handler.codec.http2.CharSequenceMap
2980:             3             72  org.apache.ratis.thirdparty.io.netty.util.concurrent.PromiseTask$SentinelRunnable
2981:             3             72  org.eclipse.jetty.http.MimeTypes
2982:             3             72  org.eclipse.jetty.server.AllowedResourceAliasChecker$AllowedResourceAliasCheckListener
2983:             3             72  org.eclipse.jetty.server.session.SessionHandler$CookieConfig
2984:             3             72  org.eclipse.jetty.util.AttributesMap
2985:             3             72  org.eclipse.jetty.util.DecoratedObjectFactory
2986:             1             72  org.eclipse.jetty.webapp.StandardDescriptorProcessor
2987:             1             72  sun.management.MappedMXBeanType$MapMXBeanType
2988:             1             72  sun.security.util.AuthResources
2989:             3             72  sun.text.normalizer.NormalizerBase$QuickCheckResult
2990:             1             64  [Lcom.fasterxml.jackson.annotation.Nulls;
2991:             1             64  [Lcom.fasterxml.jackson.core.JsonEncoding;
2992:             1             64  [Lcom.google.common.cache.RemovalCause;
2993:             2             64  [Lcom.lmax.disruptor.Sequence;
2994:             2             64  [Lcom.sun.jmx.mbeanserver.ClassLoaderRepositorySupport$LoaderEntry;
2995:             1             64  [Lio.grpc.MethodDescriptor$MethodType;
2996:             1             64  [Lio.netty.handler.logging.LogLevel;
2997:             1             64  [Lio.netty.util.internal.logging.InternalLogLevel;
2998:             1             64  [Ljava.time.format.SignStyle;
2999:             1             64  [Ljava.util.stream.StreamOpFlag;
3000:             1             64  [Ljavax.servlet.DispatcherType;
3001:             1             64  [Lorg.apache.hadoop.hdds.server.http.HttpServer2Metrics$HttpServer2MetricsInfo;
3002:             1             64  [Lorg.apache.hadoop.hdds.utils.TableCacheMetrics$MetricsInfos;
3003:             1             64  [Lorg.apache.hadoop.metrics2.util.Quantile;
3004:             1             64  [Lorg.apache.hadoop.ozone.ClientVersion;
3005:             1             64  [Lorg.apache.hadoop.ozone.om.request.file.OMFileRequest$OMDirectoryResult;
3006:             1             64  [Lorg.apache.hadoop.ozone.upgrade.UpgradeFinalizer$Status;
3007:             1             64  [Lorg.apache.hadoop.security.SaslRpcServer$AuthMethod;
3008:             1             64  [Lorg.apache.hadoop.thirdparty.com.google.common.cache.RemovalCause;
3009:             2             64  [Lorg.apache.logging.log4j.core.Filter;
3010:             2             64  [Lorg.apache.logging.log4j.core.pattern.FormattingInfo;
3011:             1             64  [Lorg.apache.logging.log4j.core.pattern.PatternParser$ParserState;
3012:             1             64  [Lorg.apache.ratis.server.raftlog.segmented.LogSegment$Op;
3013:             1             64  [Lorg.apache.ratis.server.storage.RaftStorageDirectoryImpl$StorageState;
3014:             1             64  [Lorg.apache.ratis.thirdparty.com.google.common.cache.RemovalCause;
3015:             1             64  [Lorg.apache.ratis.thirdparty.io.grpc.ConnectivityState;
3016:             1             64  [Lorg.apache.ratis.thirdparty.io.grpc.MethodDescriptor$MethodType;
3017:             1             64  [Lorg.apache.ratis.thirdparty.io.netty.handler.logging.LogLevel;
3018:             1             64  [Lorg.apache.ratis.thirdparty.io.netty.util.internal.logging.InternalLogLevel;
3019:             1             64  [Lorg.eclipse.jetty.http.HttpGenerator$State;
3020:             1             64  [Lorg.eclipse.jetty.http.HttpParser$FieldState;
3021:             1             64  [Lorg.eclipse.jetty.http.HttpTokens$EndOfContent;
3022:             1             64  [Lorg.eclipse.jetty.server.HttpChannelState$State;
3023:             1             64  [Lorg.eclipse.jetty.server.handler.ContextHandler$Availability;
3024:             2             64  [Lorg.eclipse.jetty.server.handler.ContextHandler;
3025:             2             64  [Lorg.eclipse.jetty.server.handler.ContextHandlerCollection$Branch;
3026:             1             64  [Lorg.eclipse.jetty.util.thread.ReservedThreadExecutor$State;
3027:             1             64  [Lorg.rocksdb.ChecksumType;
3028:             1             64  [Lpicocli.CommandLine$ParseResult$GroupValidationResult$Type;
3029:             1             64  [Lsun.security.jca.ServiceId;
3030:             1             64  [Lsun.security.ssl.SignatureAndHashAlgorithm$SignatureAlgorithm;
3031:             1             64  [Lsun.util.locale.provider.LocaleProviderAdapter$Type;
3032:             1             64  [[Ljava.lang.invoke.LambdaForm$Name;
3033:             1             64  com.fasterxml.jackson.core.util.DefaultPrettyPrinter
3034:             2             64  com.fasterxml.jackson.databind.AnnotationIntrospector$ReferenceProperty$Type
3035:             1             64  com.fasterxml.jackson.databind.ObjectWriter
3036:             2             64  com.fasterxml.jackson.databind.deser.impl.NullsConstantProvider
3037:             2             64  com.fasterxml.jackson.databind.ser.std.BooleanSerializer
3038:             1             64  com.google.common.cache.CacheStats
3039:             2             64  com.google.common.graph.MapIteratorCache
3040:             1             64  com.google.common.io.BaseEncoding$Base16Encoding
3041:             1             64  com.google.protobuf.DescriptorProtos$EnumOptions
3042:             1             64  com.google.protobuf.DescriptorProtos$MessageOptions
3043:             2             64  com.lmax.disruptor.dsl.BasicExecutor
3044:             2             64  com.lmax.disruptor.dsl.ProducerType
3045:             1             64  com.sun.beans.finder.MethodFinder$1
3046:             2             64  com.sun.jmx.mbeanserver.ClassLoaderRepositorySupport$LoaderEntry
3047:             1             64  com.sun.jmx.mbeanserver.JmxMBeanServer
3048:             2             64  com.sun.jmx.mbeanserver.WeakIdentityHashMap
3049:             2             64  io.grpc.CallOptions$Key
3050:             2             64  io.grpc.DecompressorRegistry$DecompressorInfo
3051:             2             64  io.grpc.internal.MessageDeframer$State
3052:             2             64  io.grpc.netty.Utils$EventLoopGroupType
3053:             1             64  io.netty.bootstrap.ServerBootstrap$ServerBootstrapAcceptor
3054:             2             64  io.netty.buffer.PoolArena$SizeClass
3055:             2             64  io.netty.handler.codec.http2.Http2FrameLogger$Direction
3056:             1             64  io.netty.util.ResourceLeakDetector
3057:             2             64  io.netty.util.concurrent.DefaultEventExecutorChooserFactory$PowerOfTwoEventExecutorChooser
3058:             2             64  java.io.File$PathStatus
3059:             4             64  java.lang.ClassValue$Identity
3060:             1             64  java.lang.reflect.Parameter
3061:             2             64  java.net.InetAddress$Cache
3062:             2             64  java.net.InetAddress$Cache$Type
3063:             2             64  java.net.StandardProtocolFamily
3064:             2             64  java.security.AllPermissionCollection
3065:             2             64  java.time.LocalDateTime
3066:             2             64  java.time.OffsetDateTime
3067:             2             64  java.time.OffsetTime
3068:             2             64  java.time.format.DateTimeFormatterBuilder$1
3069:             2             64  java.time.format.DateTimeFormatterBuilder$ZoneIdPrinterParser
3070:             2             64  java.time.format.DateTimeTextProvider$LocaleStore
3071:             2             64  java.util.Collections$3
3072:             2             64  java.util.Currency
3073:             1             64  java.util.ResourceBundle$1
3074:             1             64  java.util.ServiceLoader$LazyIterator
3075:             2             64  java.util.logging.Logger$LoggerBundle
3076:             2             64  javax.security.auth.login.LoginContext$ModuleInfo
3077:             1             64  org.apache.commons.configuration2.io.FileLocator
3078:             2             64  org.apache.commons.configuration2.io.HomeDirectoryLocationStrategy
3079:             2             64  org.apache.commons.configuration2.sync.LockMode
3080:             4             64  org.apache.hadoop.hdds.cli.HddsVersionProvider
3081:             2             64  org.apache.hadoop.hdds.client.ECReplicationConfig$EcCodec
3082:             1             64  org.apache.hadoop.hdds.protocol.proto.HddsProtos$KeyValue
3083:             1             64  org.apache.hadoop.hdds.protocol.proto.HddsProtos$UpgradeFinalizationStatus
3084:             1             64  org.apache.hadoop.hdds.protocol.proto.ScmBlockLocationProtocolProtos$AllocateBlockResponse
3085:             1             64  org.apache.hadoop.hdds.protocol.proto.ScmBlockLocationProtocolProtos$DeleteKeyBlocksResultProto
3086:             1             64  org.apache.hadoop.hdds.protocol.proto.ScmBlockLocationProtocolProtos$DeleteScmBlockResult
3087:             1             64  org.apache.hadoop.hdds.protocol.proto.ScmBlockLocationProtocolProtos$KeyBlocks
3088:             1             64  org.apache.hadoop.hdds.protocol.proto.ScmBlockLocationProtocolProtos$UserInfo
3089:             1             64  org.apache.hadoop.hdds.protocol.proto.StorageContainerLocationProtocolProtos$ActivatePipelineRequestProto
3090:             1             64  org.apache.hadoop.hdds.protocol.proto.StorageContainerLocationProtocolProtos$ClosePipelineRequestProto
3091:             1             64  org.apache.hadoop.hdds.protocol.proto.StorageContainerLocationProtocolProtos$DeactivatePipelineRequestProto
3092:             1             64  org.apache.hadoop.hdds.protocol.proto.StorageContainerLocationProtocolProtos$GetContainerReplicasRequestProto
3093:             1             64  org.apache.hadoop.hdds.protocol.proto.StorageContainerLocationProtocolProtos$GetContainerRequestProto
3094:             1             64  org.apache.hadoop.hdds.protocol.proto.StorageContainerLocationProtocolProtos$GetContainerWithPipelineRequestProto
3095:             1             64  org.apache.hadoop.hdds.protocol.proto.StorageContainerLocationProtocolProtos$GetExistContainerWithPipelinesInBatchRequestProto
3096:             1             64  org.apache.hadoop.hdds.protocol.proto.StorageContainerLocationProtocolProtos$GetPipelineRequestProto
3097:             1             64  org.apache.hadoop.hdds.protocol.proto.StorageContainerLocationProtocolProtos$ResetDeletedBlockRetryCountRequestProto
3098:             1             64  org.apache.hadoop.hdds.protocol.proto.StorageContainerLocationProtocolProtos$SCMCloseContainerRequestProto
3099:             1             64  org.apache.hadoop.hdds.protocol.proto.StorageContainerLocationProtocolProtos$SCMDeleteContainerRequestProto
3100:             1             64  org.apache.hadoop.hdds.protocol.proto.StorageContainerLocationProtocolProtos$StartMaintenanceNodesRequestProto
3101:             2             64  org.apache.hadoop.hdds.server.http.RatisDropwizardExports$MetricReporter
3102:             1             64  org.apache.hadoop.hdds.utils.DBCheckpointMetrics
3103:             2             64  org.apache.hadoop.hdds.utils.db.cache.TableCache$CacheType
3104:             2             64  org.apache.hadoop.hdds.utils.db.managed.ManagedRocksDB
3105:             2             64  org.apache.hadoop.metrics2.MetricType
3106:             2             64  org.apache.hadoop.metrics2.impl.MetricCounterInt
3107:             2             64  org.apache.hadoop.metrics2.impl.MetricsSystemImpl$InitMode
3108:             1             64  org.apache.hadoop.metrics2.lib.DefaultMetricsSystem
3109:             2             64  org.apache.hadoop.ozone.OzoneAcl$AclScope
3110:             1             64  org.apache.hadoop.ozone.om.OzoneManagerStarter
3111:             1             64  org.apache.hadoop.ozone.om.SnapshotChainManager
3112:             2             64  org.apache.hadoop.ozone.om.ha.OMHAMetrics$OMHAMetricsInfo
3113:             1             64  org.apache.hadoop.ozone.om.ratis.metrics.OzoneManagerDoubleBufferMetrics
3114:             2             64  org.apache.hadoop.ozone.om.request.OMClientRequest$Result
3115:             2             64  org.apache.hadoop.ozone.om.request.validation.RequestProcessingPhase
3116:             1             64  org.apache.hadoop.ozone.protocol.proto.OzoneManagerProtocolProtos$CheckVolumeAccessRequest
3117:             1             64  org.apache.hadoop.ozone.protocol.proto.OzoneManagerProtocolProtos$CommitKeyRequest
3118:             1             64  org.apache.hadoop.ozone.protocol.proto.OzoneManagerProtocolProtos$CompositeCrcFileChecksumProto
3119:             1             64  org.apache.hadoop.ozone.protocol.proto.OzoneManagerProtocolProtos$CreateFileRequest
3120:             1             64  org.apache.hadoop.ozone.protocol.proto.OzoneManagerProtocolProtos$CreateKeyRequest
3121:             1             64  org.apache.hadoop.ozone.protocol.proto.OzoneManagerProtocolProtos$DBUpdatesRequest
3122:             1             64  org.apache.hadoop.ozone.protocol.proto.OzoneManagerProtocolProtos$DeleteBucketRequest
3123:             1             64  org.apache.hadoop.ozone.protocol.proto.OzoneManagerProtocolProtos$DeleteOpenKeysRequest
3124:             1             64  org.apache.hadoop.ozone.protocol.proto.OzoneManagerProtocolProtos$DeleteTenantResponse
3125:             1             64  org.apache.hadoop.ozone.protocol.proto.OzoneManagerProtocolProtos$EchoRPCRequest
3126:             1             64  org.apache.hadoop.ozone.protocol.proto.OzoneManagerProtocolProtos$GetS3VolumeContextResponse
3127:             1             64  org.apache.hadoop.ozone.protocol.proto.OzoneManagerProtocolProtos$MultipartCommitUploadPartRequest
3128:             1             64  org.apache.hadoop.ozone.protocol.proto.OzoneManagerProtocolProtos$MultipartUploadCompleteRequest
3129:             1             64  org.apache.hadoop.ozone.protocol.proto.OzoneManagerProtocolProtos$OpenKey
3130:             1             64  org.apache.hadoop.ozone.protocol.proto.OzoneManagerProtocolProtos$Part
3131:             1             64  org.apache.hadoop.ozone.protocol.proto.OzoneManagerProtocolProtos$PrepareRequestArgs
3132:             1             64  org.apache.hadoop.ozone.protocol.proto.OzoneManagerProtocolProtos$PrepareStatusResponse
3133:             1             64  org.apache.hadoop.ozone.protocol.proto.OzoneManagerProtocolProtos$PrintCompactionLogDagRequest
3134:             1             64  org.apache.hadoop.ozone.protocol.proto.OzoneManagerProtocolProtos$PurgeDirectoriesRequest
3135:             1             64  org.apache.hadoop.ozone.protocol.proto.OzoneManagerProtocolProtos$RenameKeyRequest
3136:             1             64  org.apache.hadoop.ozone.protocol.proto.OzoneManagerProtocolProtos$S3Secret
3137:             1             64  org.apache.hadoop.ozone.protocol.proto.OzoneManagerProtocolProtos$SetBucketPropertyRequest
3138:             1             64  org.apache.hadoop.ozone.protocol.proto.OzoneManagerProtocolProtos$SetS3SecretRequest
3139:             1             64  org.apache.hadoop.ozone.protocol.proto.OzoneManagerProtocolProtos$SetS3SecretResponse
3140:             1             64  org.apache.hadoop.ozone.protocol.proto.OzoneManagerProtocolProtos$SnapshotPurgeRequest
3141:             1             64  org.apache.hadoop.ozone.protocol.proto.OzoneManagerProtocolProtos$TenantAssignAdminRequest
3142:             1             64  org.apache.hadoop.ozone.protocol.proto.OzoneManagerProtocolProtos$TenantListUserRequest
3143:             1             64  org.apache.hadoop.ozone.protocol.proto.OzoneManagerProtocolProtos$TenantRevokeAdminRequest
3144:             1             64  org.apache.hadoop.ozone.protocol.proto.OzoneManagerProtocolProtos$TenantRevokeUserAccessIdRequest
3145:             1             64  org.apache.hadoop.ozone.protocol.proto.OzoneManagerProtocolProtos$UpdateGetDelegationTokenRequest
3146:             1             64  org.apache.hadoop.ozone.protocol.proto.OzoneManagerProtocolProtos$UpdateGetS3SecretRequest
3147:             1             64  org.apache.hadoop.ozone.protocol.proto.OzoneManagerProtocolProtos$UpdateRenewDelegationTokenRequest
3148:             2             64  org.apache.hadoop.security.ssl.SSLFactory$Mode
3149:             1             64  org.apache.hadoop.thirdparty.com.google.common.cache.CacheStats
3150:             1             64  org.apache.logging.log4j.core.Logger$PrivateConfig
3151:             2             64  org.apache.logging.log4j.core.async.TimeoutBlockingWaitStrategy
3152:             2             64  org.apache.logging.log4j.core.config.plugins.util.PluginManager
3153:             2             64  org.apache.logging.log4j.core.config.status.StatusConfiguration$Verbosity
3154:             1             64  org.apache.logging.log4j.core.jmx.LoggerContextAdmin
3155:             2             64  org.apache.logging.log4j.core.jmx.RingBufferAdmin
3156:             2             64  org.apache.logging.log4j.core.pattern.FormattingInfo
3157:             1             64  org.apache.logging.log4j.core.pattern.ThrowablePatternConverter
3158:             2             64  org.apache.logging.log4j.util.PropertyFilePropertySource
3159:             2             64  org.apache.ratis.grpc.metrics.intercept.server.MetricServerCallListener
3160:             2             64  org.apache.ratis.grpc.server.GrpcLogAppender$$Lambda$1079/45682902
3161:             2             64  org.apache.ratis.grpc.server.GrpcLogAppender$AppendLogResponseHandler
3162:             2             64  org.apache.ratis.grpc.server.GrpcLogAppender$RequestMap
3163:             2             64  org.apache.ratis.metrics.dropwizard3.Dm3RatisMetricRegistryImpl$$Lambda$333/1519490152
3164:             1             64  org.apache.ratis.proto.RaftProtos$FollowerInfoProto
3165:             1             64  org.apache.ratis.proto.RaftProtos$GroupInfoRequestProto
3166:             1             64  org.apache.ratis.proto.RaftProtos$GroupListReplyProto
3167:             1             64  org.apache.ratis.proto.RaftProtos$ReadIndexReplyProto
3168:             1             64  org.apache.ratis.proto.RaftProtos$ReadIndexRequestProto
3169:             1             64  org.apache.ratis.proto.RaftProtos$RequestVoteReplyProto
3170:             1             64  org.apache.ratis.proto.RaftProtos$ServerRpcProto
3171:             1             64  org.apache.ratis.proto.RaftProtos$StartLeaderElectionRequestProto
3172:             1             64  org.apache.ratis.proto.RaftProtos$TransferLeadershipRequestProto
3173:             2             64  org.apache.ratis.proto.grpc.RaftClientProtocolServiceGrpc$MethodHandlers
3174:             2             64  org.apache.ratis.proto.grpc.RaftServerProtocolServiceGrpc$RaftServerProtocolServiceBlockingStub
3175:             2             64  org.apache.ratis.retry.MultipleLinearRandomRetry
3176:             2             64  org.apache.ratis.retry.MultipleLinearRandomRetry$$Lambda$1065/1588354942
3177:             2             64  org.apache.ratis.server.RaftServerConfigKeys$Log$CorruptionPolicy
3178:             2             64  org.apache.ratis.server.RaftServerConfigKeys$Read$Option
3179:             2             64  org.apache.ratis.server.impl.LeaderElection$Phase
3180:             1             64  org.apache.ratis.server.impl.PendingRequests$RequestMap
3181:             1             64  org.apache.ratis.server.metrics.LeaderElectionMetrics
3182:             2             64  org.apache.ratis.server.metrics.RaftServerMetricsImpl$$Lambda$1040/368361634
3183:             2             64  org.apache.ratis.server.storage.RaftStorage$StartupOption
3184:             2             64  org.apache.ratis.thirdparty.com.google.common.collect.ImmutableMapEntry
3185:             1             64  org.apache.ratis.thirdparty.com.google.common.io.BaseEncoding$Base16Encoding
3186:             1             64  org.apache.ratis.thirdparty.com.google.common.util.concurrent.ThreadFactoryBuilder$1
3187:             2             64  org.apache.ratis.thirdparty.com.google.protobuf.TextFormat$Parser$SingularOverwritePolicy
3188:             2             64  org.apache.ratis.thirdparty.io.grpc.DecompressorRegistry$DecompressorInfo
3189:             2             64  org.apache.ratis.thirdparty.io.grpc.InternalKnownTransport
3190:             2             64  org.apache.ratis.thirdparty.io.grpc.PersistentHashArrayMappedTrie$Leaf
3191:             1             64  org.apache.ratis.thirdparty.io.grpc.internal.ManagedChannelServiceConfig
3192:             2             64  org.apache.ratis.thirdparty.io.grpc.internal.MessageDeframer$State
3193:             4             64  org.apache.ratis.thirdparty.io.grpc.netty.AbstractNettyHandler$AllowPingLimiter
3194:             4             64  org.apache.ratis.thirdparty.io.grpc.netty.NettyChannelBuilder$LocalSocketPicker
3195:             2             64  org.apache.ratis.thirdparty.io.grpc.netty.NettyClientStream$Sink$2
3196:             4             64  org.apache.ratis.thirdparty.io.grpc.netty.NettyServerHandler$ServerChannelLogger
3197:             2             64  org.apache.ratis.thirdparty.io.grpc.netty.Utils$EventLoopGroupType
3198:             1             64  org.apache.ratis.thirdparty.io.netty.bootstrap.ServerBootstrap$ServerBootstrapAcceptor
3199:             2             64  org.apache.ratis.thirdparty.io.netty.buffer.PoolArena$SizeClass
3200:             2             64  org.apache.ratis.thirdparty.io.netty.channel.DelegatingChannelPromiseNotifier
3201:             2             64  org.apache.ratis.thirdparty.io.netty.handler.codec.http2.Http2FrameLogger$Direction
3202:             2             64  org.apache.ratis.thirdparty.io.netty.handler.codec.http2.Http2InboundFrameLogger$1
3203:             1             64  org.apache.ratis.thirdparty.io.netty.util.ResourceLeakDetector
3204:             4             64  org.bouncycastle.jcajce.provider.asymmetric.ecgost12.KeyFactorySpi
3205:             1             64  org.bouncycastle.jce.provider.BouncyCastleProviderConfiguration
3206:             2             64  org.eclipse.jetty.server.HttpInput$EofContent
3207:             2             64  org.eclipse.jetty.server.MultiPartFormDataCompliance
3208:             2             64  org.eclipse.jetty.server.handler.ContextHandlerCollection$Branch
3209:             2             64  org.eclipse.jetty.servlet.Source
3210:             1             64  org.eclipse.jetty.webapp.WebAppContext$Context
3211:             4             64  picocli.CommandLine$BuiltIn$BigDecimalConverter
3212:             4             64  picocli.CommandLine$BuiltIn$BigIntegerConverter
3213:             4             64  picocli.CommandLine$BuiltIn$ByteOrderConverter
3214:             4             64  picocli.CommandLine$BuiltIn$CharArrayConverter
3215:             4             64  picocli.CommandLine$BuiltIn$CharSequenceConverter
3216:             4             64  picocli.CommandLine$BuiltIn$CharsetConverter
3217:             4             64  picocli.CommandLine$BuiltIn$ClassConverter
3218:             4             64  picocli.CommandLine$BuiltIn$CurrencyConverter
3219:             4             64  picocli.CommandLine$BuiltIn$FileConverter
3220:             4             64  picocli.CommandLine$BuiltIn$ISO8601DateConverter
3221:             4             64  picocli.CommandLine$BuiltIn$InetAddressConverter
3222:             4             64  picocli.CommandLine$BuiltIn$NetworkInterfaceConverter
3223:             4             64  picocli.CommandLine$BuiltIn$PatternConverter
3224:             4             64  picocli.CommandLine$BuiltIn$StringBuilderConverter
3225:             4             64  picocli.CommandLine$BuiltIn$TimeZoneConverter
3226:             4             64  picocli.CommandLine$BuiltIn$URIConverter
3227:             4             64  picocli.CommandLine$BuiltIn$URLConverter
3228:             4             64  picocli.CommandLine$BuiltIn$UUIDConverter
3229:             1             64  picocli.CommandLine$Help$Ansi$Text
3230:             2             64  picocli.CommandLine$ParseResult$GroupValidationResult
3231:             2             64  picocli.CommandLine$ScopeType
3232:             1             64  sun.management.DiagnosticCommandImpl
3233:             2             64  sun.management.ManagementFactoryHelper$1
3234:             1             64  sun.management.MappedMXBeanType$CompositeDataMXBeanType
3235:             2             64  sun.misc.CompoundEnumeration
3236:             4             64  sun.net.www.protocol.jar.Handler
3237:             2             64  sun.nio.ch.NativeThreadSet
3238:             2             64  sun.reflect.generics.tree.Wildcard
3239:             2             64  sun.security.jca.ProviderList$3
3240:             2             64  sun.security.util.DisabledAlgorithmConstraints$KeySizeConstraint
3241:             2             64  sun.security.x509.CertificatePolicyMap
3242:             2             64  sun.util.locale.LocaleExtensions
3243:             1             56  [Lcom.fasterxml.jackson.core.JsonFactory$Feature;
3244:             1             56  [Lcom.fasterxml.jackson.databind.cfg.ConstructorDetector$SingleArgConstructor;
3245:             1             56  [Lcom.google.common.base.Predicates$ObjectPredicate;
3246:             1             56  [Lcom.google.common.collect.AbstractIterator$State;
3247:             1             56  [Lcom.google.common.graph.ElementOrder$Type;
3248:             1             56  [Lio.grpc.ChannelLogger$ChannelLogLevel;
3249:             1             56  [Lio.netty.util.ResourceLeakDetector$Level;
3250:             1             56  [Ljava.lang.OutOfMemoryError;
3251:             1             56  [Ljava.lang.UNIXProcess$Platform;
3252:             1             56  [Ljava.nio.file.FileVisitResult;
3253:             1             56  [Ljava.text.Normalizer$Form;
3254:             1             56  [Ljava.time.format.DateTimeFormatterBuilder$SettingsParser;
3255:             1             56  [Ljava.time.temporal.IsoFields$Field;
3256:             1             56  [Ljava.util.stream.StreamShape;
3257:             1             56  [Lorg.apache.hadoop.hdds.protocol.StorageType;
3258:             1             56  [Lorg.apache.hadoop.hdds.scm.pipeline.Pipeline$PipelineState;
3259:             1             56  [Lorg.apache.hadoop.ozone.audit.AuditLoggerType;
3260:             1             56  [Lorg.apache.hadoop.ozone.om.OzoneManager$State;
3261:             1             56  [Lorg.apache.hadoop.ozone.security.acl.OzoneObj$ResourceType;
3262:             1             56  [Lorg.apache.hadoop.thirdparty.com.google.common.collect.MapMakerInternalMap$Segment;
3263:             2             56  [Lorg.apache.logging.log4j.core.config.AppenderControl;
3264:             2             56  [Lorg.apache.logging.log4j.core.config.AppenderRef;
3265:             1             56  [Lorg.apache.ratis.proto.RaftProtos$LogEntryProto$LogEntryBodyCase;
3266:             1             56  [Lorg.apache.ratis.server.impl.StateMachineUpdater$State;
3267:             1             56  [Lorg.apache.ratis.thirdparty.com.google.common.collect.MapMakerInternalMap$Segment;
3268:             1             56  [Lorg.apache.ratis.thirdparty.io.grpc.ChannelLogger$ChannelLogLevel;
3269:             1             56  [Lorg.apache.ratis.thirdparty.io.grpc.InternalChannelz$ChannelTrace$Event$Severity;
3270:             1             56  [Lorg.apache.ratis.thirdparty.io.grpc.internal.ClientStreamListener$RpcProgress;
3271:             1             56  [Lorg.apache.ratis.thirdparty.io.netty.util.ResourceLeakDetector$Level;
3272:             1             56  [Lorg.eclipse.jetty.http.HttpScheme;
3273:             1             56  [Lorg.eclipse.jetty.http.HttpVersion;
3274:             1             56  [Lorg.eclipse.jetty.server.HttpChannelState$OutputState;
3275:             1             56  [Lorg.eclipse.jetty.server.HttpOutput$State;
3276:             1             56  [Lorg.eclipse.jetty.servlet.Source$Origin;
3277:             1             56  [Lorg.eclipse.jetty.util.component.ContainerLifeCycle$Managed;
3278:             1             56  [Lorg.eclipse.jetty.util.thread.strategy.EatWhatYouKill$Mode;
3279:             1             56  [Lorg.rocksdb.IndexType;
3280:             1             56  [Lorg.rocksdb.TableFileCreationReason;
3281:             1             56  [Lpicocli.CommandLine$TraceLevel;
3282:             1             56  [Lsun.misc.FormattedFloatingDecimal$Form;
3283:             1             56  [Lsun.security.ssl.CipherSuite$PRF;
3284:             1             56  com.fasterxml.jackson.databind.cfg.DeserializerFactoryConfig
3285:             1             56  com.fasterxml.jackson.databind.introspect.DefaultAccessorNamingStrategy$Provider
3286:             1             56  com.google.protobuf.DescriptorProtos$EnumValueOptions
3287:             1             56  com.google.protobuf.DescriptorProtos$MethodOptions
3288:             1             56  com.google.protobuf.DescriptorProtos$ServiceOptions
3289:             1             56  com.google.protobuf.Descriptors$ServiceDescriptor
3290:             1             56  com.lmax.disruptor.TimeoutException
3291:             1             56  com.sun.jmx.mbeanserver.MBeanServerDelegateImpl
3292:             1             56  io.grpc.InternalChannelz
3293:             1             56  io.grpc.internal.CallTracer
3294:             1             56  io.netty.util.concurrent.DefaultPromise$StacklessCancellationException
3295:             1             56  java.beans.ThreadGroupContext
3296:             1             56  java.io.FileNotFoundException
3297:             1             56  java.lang.ArithmeticException
3298:             1             56  java.lang.ArrayIndexOutOfBoundsException
3299:             1             56  java.lang.ArrayStoreException
3300:             1             56  java.lang.ClassCastException
3301:             1             56  java.lang.NullPointerException
3302:             1             56  java.lang.Throwable
3303:             1             56  java.lang.reflect.WeakCache
3304:             1             56  java.lang.reflect.WeakCache$CacheKey
3305:             1             56  java.security.MessageDigest$Delegate
3306:             1             56  java.time.format.DateTimeFormatterBuilder
3307:             1             56  java.util.Collections$UnmodifiableSortedMap
3308:             1             56  java.util.ServiceLoader
3309:             1             56  java.util.concurrent.FutureTask
3310:             1             56  javax.crypto.CryptoAllPermission
3311:             1             56  org.apache.commons.logging.impl.WeakHashtable$WeakKey
3312:             1             56  org.apache.hadoop.fs.FileSystem$Cache
3313:             1             56  org.apache.hadoop.hdds.protocol.proto.HddsProtos$AddScmResponseProto
3314:             1             56  org.apache.hadoop.hdds.protocol.proto.HddsProtos$ContainerID
3315:             1             56  org.apache.hadoop.hdds.protocol.proto.HddsProtos$GetScmInfoRequestProto
3316:             1             56  org.apache.hadoop.hdds.protocol.proto.HddsProtos$NodePool
3317:             1             56  org.apache.hadoop.hdds.protocol.proto.HddsProtos$TransferLeadershipRequestProto
3318:             1             56  org.apache.hadoop.hdds.protocol.proto.ScmBlockLocationProtocolProtos$AllocateScmBlockResponseProto
3319:             1             56  org.apache.hadoop.hdds.protocol.proto.ScmBlockLocationProtocolProtos$DeleteScmKeyBlocksRequestProto
3320:             1             56  org.apache.hadoop.hdds.protocol.proto.ScmBlockLocationProtocolProtos$DeleteScmKeyBlocksResponseProto
3321:             1             56  org.apache.hadoop.hdds.protocol.proto.StorageContainerLocationProtocolProtos$ContainerBalancerStatusRequestProto
3322:             1             56  org.apache.hadoop.hdds.protocol.proto.StorageContainerLocationProtocolProtos$DatanodeUsageInfoResponseProto
3323:             1             56  org.apache.hadoop.hdds.protocol.proto.StorageContainerLocationProtocolProtos$DecommissionNodesRequestProto
3324:             1             56  org.apache.hadoop.hdds.protocol.proto.StorageContainerLocationProtocolProtos$DecommissionNodesResponseProto
3325:             1             56  org.apache.hadoop.hdds.protocol.proto.StorageContainerLocationProtocolProtos$DecommissionScmRequestProto
3326:             1             56  org.apache.hadoop.hdds.protocol.proto.StorageContainerLocationProtocolProtos$DecommissionScmResponseProto
3327:             1             56  org.apache.hadoop.hdds.protocol.proto.StorageContainerLocationProtocolProtos$FinalizeScmUpgradeRequestProto
3328:             1             56  org.apache.hadoop.hdds.protocol.proto.StorageContainerLocationProtocolProtos$FinalizeScmUpgradeResponseProto
3329:             1             56  org.apache.hadoop.hdds.protocol.proto.StorageContainerLocationProtocolProtos$ForceExitSafeModeRequestProto
3330:             1             56  org.apache.hadoop.hdds.protocol.proto.StorageContainerLocationProtocolProtos$GetContainerCountResponseProto
3331:             1             56  org.apache.hadoop.hdds.protocol.proto.StorageContainerLocationProtocolProtos$GetContainerReplicasResponseProto
3332:             1             56  org.apache.hadoop.hdds.protocol.proto.StorageContainerLocationProtocolProtos$GetContainerResponseProto
3333:             1             56  org.apache.hadoop.hdds.protocol.proto.StorageContainerLocationProtocolProtos$GetContainerTokenRequestProto
3334:             1             56  org.apache.hadoop.hdds.protocol.proto.StorageContainerLocationProtocolProtos$GetContainerTokenResponseProto
3335:             1             56  org.apache.hadoop.hdds.protocol.proto.StorageContainerLocationProtocolProtos$GetContainerWithPipelineResponseProto
3336:             1             56  org.apache.hadoop.hdds.protocol.proto.StorageContainerLocationProtocolProtos$GetExistContainerWithPipelinesInBatchResponseProto
3337:             1             56  org.apache.hadoop.hdds.protocol.proto.StorageContainerLocationProtocolProtos$GetFailedDeletedBlocksTxnResponseProto
3338:             1             56  org.apache.hadoop.hdds.protocol.proto.StorageContainerLocationProtocolProtos$GetPipelineResponseProto
3339:             1             56  org.apache.hadoop.hdds.protocol.proto.StorageContainerLocationProtocolProtos$GetSafeModeRuleStatusesResponseProto
3340:             1             56  org.apache.hadoop.hdds.protocol.proto.StorageContainerLocationProtocolProtos$InSafeModeRequestProto
3341:             1             56  org.apache.hadoop.hdds.protocol.proto.StorageContainerLocationProtocolProtos$ListPipelineRequestProto
3342:             1             56  org.apache.hadoop.hdds.protocol.proto.StorageContainerLocationProtocolProtos$ListPipelineResponseProto
3343:             1             56  org.apache.hadoop.hdds.protocol.proto.StorageContainerLocationProtocolProtos$NodeQueryResponseProto
3344:             1             56  org.apache.hadoop.hdds.protocol.proto.StorageContainerLocationProtocolProtos$QueryUpgradeFinalizationProgressRequestProto
3345:             1             56  org.apache.hadoop.hdds.protocol.proto.StorageContainerLocationProtocolProtos$QueryUpgradeFinalizationProgressResponseProto
3346:             1             56  org.apache.hadoop.hdds.protocol.proto.StorageContainerLocationProtocolProtos$RecommissionNodesRequestProto
3347:             1             56  org.apache.hadoop.hdds.protocol.proto.StorageContainerLocationProtocolProtos$RecommissionNodesResponseProto
3348:             1             56  org.apache.hadoop.hdds.protocol.proto.StorageContainerLocationProtocolProtos$ReplicationManagerReportRequestProto
3349:             1             56  org.apache.hadoop.hdds.protocol.proto.StorageContainerLocationProtocolProtos$ReplicationManagerReportResponseProto
3350:             1             56  org.apache.hadoop.hdds.protocol.proto.StorageContainerLocationProtocolProtos$ReplicationManagerStatusRequestProto
3351:             1             56  org.apache.hadoop.hdds.protocol.proto.StorageContainerLocationProtocolProtos$ResetDeletedBlockRetryCountResponseProto
3352:             1             56  org.apache.hadoop.hdds.protocol.proto.StorageContainerLocationProtocolProtos$SCMCloseContainerResponseProto
3353:             1             56  org.apache.hadoop.hdds.protocol.proto.StorageContainerLocationProtocolProtos$SCMListContainerResponseProto
3354:             1             56  org.apache.hadoop.hdds.protocol.proto.StorageContainerLocationProtocolProtos$StartContainerBalancerResponseProto
3355:             1             56  org.apache.hadoop.hdds.protocol.proto.StorageContainerLocationProtocolProtos$StartMaintenanceNodesResponseProto
3356:             1             56  org.apache.hadoop.hdds.protocol.proto.StorageContainerLocationProtocolProtos$StartReplicationManagerRequestProto
3357:             1             56  org.apache.hadoop.hdds.protocol.proto.StorageContainerLocationProtocolProtos$StopContainerBalancerRequestProto
3358:             1             56  org.apache.hadoop.hdds.protocol.proto.StorageContainerLocationProtocolProtos$StopReplicationManagerRequestProto
3359:             1             56  org.apache.hadoop.hdds.server.OzoneProtocolMessageDispatcher
3360:             1             56  org.apache.hadoop.hdds.utils.ProtocolMessageMetrics
3361:             1             56  org.apache.hadoop.hdds.utils.RocksDBStoreMetrics
3362:             1             56  org.apache.hadoop.io.Text$Comparator
3363:             1             56  org.apache.hadoop.ipc.Server$ConnectionManager$1
3364:             1             56  org.apache.hadoop.metrics2.impl.MetricsSystemImpl$4
3365:             1             56  org.apache.hadoop.ozone.om.OMStorage
3366:             1             56  org.apache.hadoop.ozone.om.OzoneManager$ScheduleOMMetricsWriteTask
3367:             1             56  org.apache.hadoop.ozone.om.lock.OMLockMetrics
3368:             1             56  org.apache.hadoop.ozone.om.snapshot.ReferenceCounted
3369:             1             56  org.apache.hadoop.ozone.om.snapshot.SnapshotCache
3370:             1             56  org.apache.hadoop.ozone.protocol.proto.OzoneManagerProtocolProtos$AllocateBlockResponse
3371:             1             56  org.apache.hadoop.ozone.protocol.proto.OzoneManagerProtocolProtos$CancelDelegationTokenResponseProto
3372:             1             56  org.apache.hadoop.ozone.protocol.proto.OzoneManagerProtocolProtos$CancelSnapshotDiffResponse
3373:             1             56  org.apache.hadoop.ozone.protocol.proto.OzoneManagerProtocolProtos$CreateBucketRequest
3374:             1             56  org.apache.hadoop.ozone.protocol.proto.OzoneManagerProtocolProtos$CreateDirectoryRequest
3375:             1             56  org.apache.hadoop.ozone.protocol.proto.OzoneManagerProtocolProtos$CreateSnapshotResponse
3376:             1             56  org.apache.hadoop.ozone.protocol.proto.OzoneManagerProtocolProtos$CreateVolumeRequest
3377:             1             56  org.apache.hadoop.ozone.protocol.proto.OzoneManagerProtocolProtos$DeleteKeyRequest
3378:             1             56  org.apache.hadoop.ozone.protocol.proto.OzoneManagerProtocolProtos$DeleteKeysRequest
3379:             1             56  org.apache.hadoop.ozone.protocol.proto.OzoneManagerProtocolProtos$DeleteKeysResponse
3380:             1             56  org.apache.hadoop.ozone.protocol.proto.OzoneManagerProtocolProtos$DeleteTenantRequest
3381:             1             56  org.apache.hadoop.ozone.protocol.proto.OzoneManagerProtocolProtos$DeleteVolumeRequest
3382:             1             56  org.apache.hadoop.ozone.protocol.proto.OzoneManagerProtocolProtos$EchoRPCResponse
3383:             1             56  org.apache.hadoop.ozone.protocol.proto.OzoneManagerProtocolProtos$FinalizeUpgradeProgressRequest
3384:             1             56  org.apache.hadoop.ozone.protocol.proto.OzoneManagerProtocolProtos$FinalizeUpgradeProgressResponse
3385:             1             56  org.apache.hadoop.ozone.protocol.proto.OzoneManagerProtocolProtos$FinalizeUpgradeRequest
3386:             1             56  org.apache.hadoop.ozone.protocol.proto.OzoneManagerProtocolProtos$FinalizeUpgradeResponse
3387:             1             56  org.apache.hadoop.ozone.protocol.proto.OzoneManagerProtocolProtos$GetAclRequest
3388:             1             56  org.apache.hadoop.ozone.protocol.proto.OzoneManagerProtocolProtos$GetAclResponse
3389:             1             56  org.apache.hadoop.ozone.protocol.proto.OzoneManagerProtocolProtos$GetDelegationTokenResponseProto
3390:             1             56  org.apache.hadoop.ozone.protocol.proto.OzoneManagerProtocolProtos$GetS3SecretRequest
3391:             1             56  org.apache.hadoop.ozone.protocol.proto.OzoneManagerProtocolProtos$GetS3SecretResponse
3392:             1             56  org.apache.hadoop.ozone.protocol.proto.OzoneManagerProtocolProtos$InfoVolumeRequest
3393:             1             56  org.apache.hadoop.ozone.protocol.proto.OzoneManagerProtocolProtos$InfoVolumeResponse
3394:             1             56  org.apache.hadoop.ozone.protocol.proto.OzoneManagerProtocolProtos$LayoutVersion
3395:             1             56  org.apache.hadoop.ozone.protocol.proto.OzoneManagerProtocolProtos$ListBucketsResponse
3396:             1             56  org.apache.hadoop.ozone.protocol.proto.OzoneManagerProtocolProtos$ListKeysLightResponse
3397:             1             56  org.apache.hadoop.ozone.protocol.proto.OzoneManagerProtocolProtos$ListKeysResponse
3398:             1             56  org.apache.hadoop.ozone.protocol.proto.OzoneManagerProtocolProtos$ListMultipartUploadsResponse
3399:             1             56  org.apache.hadoop.ozone.protocol.proto.OzoneManagerProtocolProtos$ListSnapshotDiffJobResponse
3400:             1             56  org.apache.hadoop.ozone.protocol.proto.OzoneManagerProtocolProtos$ListSnapshotResponse
3401:             1             56  org.apache.hadoop.ozone.protocol.proto.OzoneManagerProtocolProtos$ListStatusLightResponse
3402:             1             56  org.apache.hadoop.ozone.protocol.proto.OzoneManagerProtocolProtos$ListTenantResponse
3403:             1             56  org.apache.hadoop.ozone.protocol.proto.OzoneManagerProtocolProtos$ListTrashResponse
3404:             1             56  org.apache.hadoop.ozone.protocol.proto.OzoneManagerProtocolProtos$ListVolumeResponse
3405:             1             56  org.apache.hadoop.ozone.protocol.proto.OzoneManagerProtocolProtos$LookupKeyRequest
3406:             1             56  org.apache.hadoop.ozone.protocol.proto.OzoneManagerProtocolProtos$MultipartCommitUploadPartResponse
3407:             1             56  org.apache.hadoop.ozone.protocol.proto.OzoneManagerProtocolProtos$MultipartInfoInitiateRequest
3408:             1             56  org.apache.hadoop.ozone.protocol.proto.OzoneManagerProtocolProtos$MultipartUploadAbortRequest
3409:             1             56  org.apache.hadoop.ozone.protocol.proto.OzoneManagerProtocolProtos$MultipartUploadsExpiredAbortRequest
3410:             1             56  org.apache.hadoop.ozone.protocol.proto.OzoneManagerProtocolProtos$PrepareRequest
3411:             1             56  org.apache.hadoop.ozone.protocol.proto.OzoneManagerProtocolProtos$PrepareResponse
3412:             1             56  org.apache.hadoop.ozone.protocol.proto.OzoneManagerProtocolProtos$PrepareStatusRequest
3413:             1             56  org.apache.hadoop.ozone.protocol.proto.OzoneManagerProtocolProtos$PrintCompactionLogDagResponse
3414:             1             56  org.apache.hadoop.ozone.protocol.proto.OzoneManagerProtocolProtos$RefetchSecretKeyResponse
3415:             1             56  org.apache.hadoop.ozone.protocol.proto.OzoneManagerProtocolProtos$RenameKeysRequest
3416:             1             56  org.apache.hadoop.ozone.protocol.proto.OzoneManagerProtocolProtos$RenameKeysResponse
3417:             1             56  org.apache.hadoop.ozone.protocol.proto.OzoneManagerProtocolProtos$RenewDelegationTokenResponseProto
3418:             1             56  org.apache.hadoop.ozone.protocol.proto.OzoneManagerProtocolProtos$RepeatedKeyInfo
3419:             1             56  org.apache.hadoop.ozone.protocol.proto.OzoneManagerProtocolProtos$RevokeS3SecretRequest
3420:             1             56  org.apache.hadoop.ozone.protocol.proto.OzoneManagerProtocolProtos$SetRangerServiceVersionRequest
3421:             1             56  org.apache.hadoop.ozone.protocol.proto.OzoneManagerProtocolProtos$SetSafeModeRequest
3422:             1             56  org.apache.hadoop.ozone.protocol.proto.OzoneManagerProtocolProtos$SetSnapshotPropertyRequest
3423:             1             56  org.apache.hadoop.ozone.protocol.proto.OzoneManagerProtocolProtos$SnapshotInfoResponse
3424:             1             56  org.apache.hadoop.ozone.protocol.proto.OzoneManagerProtocolProtos$TenantAssignUserAccessIdResponse
3425:             1             56  org.apache.hadoop.ozone.protocol.proto.OzoneManagerProtocolProtos$TenantGetUserInfoRequest
3426:             1             56  org.apache.hadoop.ozone.protocol.proto.OzoneManagerProtocolProtos$TenantGetUserInfoResponse
3427:             1             56  org.apache.hadoop.ozone.protocol.proto.OzoneManagerProtocolProtos$TenantListUserResponse
3428:             1             56  org.apache.hadoop.ozone.protocol.proto.OzoneManagerProtocolProtos$TenantUserPrincipalInfo
3429:             1             56  org.apache.hadoop.ozone.security.proto.SecurityProtos$CancelDelegationTokenRequestProto
3430:             1             56  org.apache.hadoop.ozone.security.proto.SecurityProtos$GetDelegationTokenRequestProto
3431:             1             56  org.apache.hadoop.ozone.security.proto.SecurityProtos$GetDelegationTokenResponseProto
3432:             1             56  org.apache.hadoop.ozone.security.proto.SecurityProtos$RenewDelegationTokenRequestProto
3433:             1             56  org.apache.hadoop.ozone.security.proto.SecurityProtos$RenewDelegationTokenResponseProto
3434:             1             56  org.apache.hadoop.security.ssl.FileBasedKeyStoresFactory
3435:             1             56  org.apache.hadoop.thirdparty.com.google.common.util.concurrent.AbstractFuture$Failure$1
3436:             1             56  org.apache.hadoop.thirdparty.protobuf.ExtensionRegistry
3437:             1             56  org.apache.log4j.helpers.CountingQuietWriter
3438:             1             56  org.apache.log4j.helpers.PatternParser$CategoryPatternConverter
3439:             1             56  org.apache.log4j.helpers.PatternParser$DatePatternConverter
3440:             1             56  org.apache.logging.log4j.core.appender.rolling.DefaultRolloverStrategy
3441:             1             56  org.apache.logging.log4j.core.pattern.DatePatternConverter$FixedFormatter
3442:             1             56  org.apache.logging.log4j.core.util.datetime.FastDateParser
3443:             1             56  org.apache.logging.log4j.core.util.datetime.FastDatePrinter
3444:             1             56  org.apache.ratis.grpc.server.GrpcClientProtocolService
3445:             1             56  org.apache.ratis.metrics.dropwizard3.Dm3MetricRegistriesImpl
3446:             1             56  org.apache.ratis.proto.RaftProtos$CandidateInfoProto
3447:             1             56  org.apache.ratis.proto.RaftProtos$GroupListRequestProto
3448:             1             56  org.apache.ratis.proto.RaftProtos$StaleReadRequestTypeProto
3449:             1             56  org.apache.ratis.proto.RaftProtos$StartLeaderElectionReplyProto
3450:             1             56  org.apache.ratis.proto.RaftProtos$StateMachineEntryProto
3451:             1             56  org.apache.ratis.server.impl.ConfigurationManager
3452:             1             56  org.apache.ratis.server.impl.WatchRequests
3453:             1             56  org.apache.ratis.server.raftlog.segmented.BufferedWriteChannel
3454:             1             56  org.apache.ratis.server.raftlog.segmented.SegmentedRaftLogOutputStream
3455:             1             56  org.apache.ratis.server.storage.RaftStorageImpl
3456:             1             56  org.apache.ratis.server.storage.SnapshotManager
3457:             1             56  org.apache.ratis.thirdparty.com.google.protobuf.ExtensionRegistry
3458:             1             56  org.apache.ratis.thirdparty.io.grpc.InternalChannelz
3459:             1             56  org.apache.ratis.thirdparty.io.netty.util.concurrent.DefaultPromise$StacklessCancellationException
3460:             1             56  org.apache.ratis.util.JvmPauseMonitor
3461:             1             56  org.apache.ratis.util.OpenCloseState$OpenTrace
3462:             1             56  picocli.CommandLine$Model$MethodParam
3463:             1             56  picocli.CommandLine$ParseResult$GroupMatchContainer
3464:             1             56  sun.management.MappedMXBeanType$InProgress
3465:             1             56  sun.misc.URLClassPath$2
3466:             1             56  sun.nio.ch.FileLockImpl
3467:             1             56  sun.nio.ch.SharedFileLockTable$FileLockReference
3468:             1             56  sun.nio.cs.StandardCharsets$Aliases
3469:             1             56  sun.nio.cs.StandardCharsets$Cache
3470:             1             56  sun.nio.cs.StandardCharsets$Classes
3471:             1             56  sun.security.ssl.ProtocolList
3472:             1             56  sun.security.ssl.X509TrustManagerImpl
3473:             1             56  sun.security.validator.SimpleValidator
3474:             1             48  [Lcom.fasterxml.jackson.core.Base64Variant$PaddingReadBehaviour;
3475:             1             48  [Lcom.fasterxml.jackson.core.StreamReadCapability;
3476:             2             48  [Lcom.fasterxml.jackson.databind.deser.Deserializers;
3477:             1             48  [Lcom.fasterxml.jackson.databind.util.AccessPattern;
3478:             1             48  [Lcom.google.common.cache.LocalCache$Strength;
3479:             1             48  [Lcom.google.protobuf.Descriptors$DescriptorPool$SearchFilter;
3480:             1             48  [Lcom.sun.beans.util.Cache$Kind;
3481:             1             48  [Lio.grpc.SecurityLevel;
3482:             1             48  [Lio.netty.handler.codec.http2.HpackDecoder$HeaderType;
3483:             1             48  [Lio.netty.handler.codec.http2.HpackUtil$IndexType;
3484:             1             48  [Lio.netty.handler.codec.http2.Http2Exception$ShutdownHint;
3485:             2             48  [Ljava.lang.Enum;
3486:             1             48  [Ljava.net.Proxy$Type;
3487:             1             48  [Ljava.nio.file.AccessMode;
3488:             1             48  [Ljava.nio.file.FileTreeWalker$EventType;
3489:             1             48  [Ljava.nio.file.StandardCopyOption;
3490:             1             48  [Ljava.time.format.ResolverStyle;
3491:             1             48  [Ljava.time.temporal.TemporalUnit;
3492:             1             48  [Ljava.util.stream.MatchOps$MatchKind;
3493:             2             48  [Ljavax.security.cert.X509Certificate;
3494:             1             48  [Lorg.apache.commons.configuration2.interpol.DefaultLookups;
3495:             1             48  [Lorg.apache.commons.io.StandardLineSeparator;
3496:             1             48  [Lorg.apache.hadoop.hdds.DatanodeVersion;
3497:             1             48  [Lorg.apache.hadoop.hdds.server.http.HttpServer2$XFrameOption;
3498:             1             48  [Lorg.apache.hadoop.hdds.utils.db.DelegatedCodec$CopyType;
3499:             1             48  [Lorg.apache.hadoop.hdds.utils.db.cache.CacheResult$CacheStatus;
3500:             1             48  [Lorg.apache.hadoop.io.retry.RetryPolicy$RetryAction$RetryDecision;
3501:             1             48  [Lorg.apache.hadoop.ipc.RPC$RpcKind;
3502:             1             48  [Lorg.apache.hadoop.ozone.audit.AuditMarker;
3503:             1             48  [Lorg.apache.hadoop.ozone.common.Storage$StorageState;
3504:             1             48  [Lorg.apache.hadoop.ozone.om.OzoneManager$StartupOption;
3505:             1             48  [Lorg.apache.hadoop.ozone.om.lock.OMLockDetails$LockOpType;
3506:             1             48  [Lorg.apache.hadoop.ozone.om.ratis.OzoneManagerRatisServer$RaftServerStatus;
3507:             1             48  [Lorg.apache.hadoop.ozone.om.request.file.OMDirectoryCreateRequest$Result;
3508:             1             48  [Lorg.apache.hadoop.thirdparty.com.google.common.cache.LocalCache$Strength;
3509:             1             48  [Lorg.apache.logging.log4j.core.config.LoggerConfig$LoggerConfigPredicate;
3510:             2             48  [Lorg.apache.logging.log4j.core.config.Property;
3511:             1             48  [Lorg.apache.logging.log4j.core.util.datetime.FixedDateFormat$FixedTimeZoneFormat;
3512:             1             48  [Lorg.apache.ratis.server.impl.LeaderStateImpl$StateUpdateEvent$Type;
3513:             1             48  [Lorg.apache.ratis.server.impl.PendingRequests$Acquired;
3514:             1             48  [Lorg.apache.ratis.server.impl.VoteContext$CheckTermResult;
3515:             1             48  [Lorg.apache.ratis.server.protocol.RaftServerProtocol$Op;
3516:             1             48  [Lorg.apache.ratis.thirdparty.com.google.common.cache.LocalCache$Strength;
3517:             1             48  [Lorg.apache.ratis.thirdparty.com.google.protobuf.Descriptors$DescriptorPool$SearchFilter;
3518:             1             48  [Lorg.apache.ratis.thirdparty.com.google.protobuf.Descriptors$FileDescriptor$Syntax;
3519:             2             48  [Lorg.apache.ratis.thirdparty.com.google.protobuf.Descriptors$FileDescriptor;
3520:             1             48  [Lorg.apache.ratis.thirdparty.io.grpc.SecurityLevel;
3521:             1             48  [Lorg.apache.ratis.thirdparty.io.grpc.internal.ManagedChannelImpl$ResolutionState;
3522:             1             48  [Lorg.apache.ratis.thirdparty.io.grpc.netty.NegotiationType;
3523:             1             48  [Lorg.apache.ratis.thirdparty.io.grpc.stub.ClientCalls$StubType;
3524:             1             48  [Lorg.apache.ratis.thirdparty.io.netty.handler.codec.http2.HpackDecoder$HeaderType;
3525:             1             48  [Lorg.apache.ratis.thirdparty.io.netty.handler.codec.http2.HpackUtil$IndexType;
3526:             1             48  [Lorg.apache.ratis.thirdparty.io.netty.handler.codec.http2.Http2Exception$ShutdownHint;
3527:             1             48  [Lorg.bouncycastle.asn1.ASN1ObjectIdentifier;
3528:             1             48  [Lorg.eclipse.jetty.http.CookieCompliance;
3529:             1             48  [Lorg.eclipse.jetty.http.HttpMethod$Type;
3530:             1             48  [Lorg.eclipse.jetty.http.QuotedCSVParser$State;
3531:             1             48  [Lorg.eclipse.jetty.server.Response$OutputType;
3532:             1             48  [Lorg.eclipse.jetty.server.handler.ContextHandler$ContextStatus;
3533:             1             48  [Lorg.eclipse.jetty.servlet.ErrorPageErrorHandler$PageLookupTechnique;
3534:             1             48  [Lorg.eclipse.jetty.util.IteratingCallback$Action;
3535:             1             48  [Lorg.eclipse.jetty.util.thread.Invocable$InvocationType;
3536:             1             48  [Lorg.eclipse.jetty.util.thread.strategy.EatWhatYouKill$State;
3537:             1             48  [Lorg.rocksdb.IndexShorteningMode;
3538:             1             48  [Lorg.rocksdb.KeyMayExist$KeyMayExistEnum;
3539:             1             48  [Lorg.rocksdb.RocksDB$LibraryState;
3540:             1             48  [Lpicocli.CommandLine$Help$Ansi;
3541:             1             48  [Lpicocli.CommandLine$Model$InitialValueState;
3542:             1             48  [Lsun.security.provider.NativePRNG$Variant;
3543:             1             48  [Lsun.security.ssl.CipherSuite$CipherType;
3544:             3             48  com.ctc.wstx.api.WstxInputProperties$ParsingMode
3545:             1             48  com.ctc.wstx.io.BufferRecycler
3546:             1             48  com.ctc.wstx.stax.WstxInputFactory
3547:             2             48  com.fasterxml.jackson.databind.introspect.AnnotatedMethodMap
3548:             3             48  com.fasterxml.jackson.databind.introspect.BasicClassIntrospector
3549:             2             48  com.fasterxml.jackson.databind.node.JsonNodeFactory
3550:             2             48  com.fasterxml.jackson.databind.ser.impl.PropertySerializerMap$Empty
3551:             1             48  com.fasterxml.jackson.databind.ser.std.CalendarSerializer
3552:             1             48  com.fasterxml.jackson.databind.ser.std.DateSerializer
3553:             1             48  com.fasterxml.jackson.databind.ser.std.NumberSerializers$FloatSerializer
3554:             1             48  com.fasterxml.jackson.databind.ser.std.NumberSerializers$IntLikeSerializer
3555:             1             48  com.fasterxml.jackson.databind.ser.std.NumberSerializers$ShortSerializer
3556:             1             48  com.fasterxml.jackson.databind.type.TypeFactory
3557:             2             48  com.google.common.graph.StandardMutableGraph
3558:             1             48  com.google.protobuf.DescriptorProtos$SourceCodeInfo
3559:             1             48  com.google.protobuf.WireFormat$FieldType$1
3560:             1             48  com.google.protobuf.WireFormat$FieldType$2
3561:             1             48  com.google.protobuf.WireFormat$FieldType$3
3562:             1             48  com.google.protobuf.WireFormat$FieldType$4
3563:             2             48  com.lmax.disruptor.dsl.ExceptionHandlerWrapper
3564:             2             48  com.sun.beans.WeakCache
3565:             1             48  com.sun.beans.finder.BeanInfoFinder
3566:             1             48  com.sun.jmx.mbeanserver.Repository
3567:             2             48  com.sun.proxy.$Proxy36
3568:             2             48  com.sun.proxy.$Proxy43
3569:             2             48  com.sun.proxy.$Proxy44
3570:             1             48  com.sun.security.auth.module.UnixSystem
3571:             2             48  io.netty.buffer.PooledByteBufAllocator$1
3572:             2             48  io.netty.buffer.PooledByteBufAllocatorMetric
3573:             1             48  io.netty.buffer.UnpooledByteBufAllocator
3574:             2             48  io.netty.channel.ChannelMetadata
3575:             1             48  io.netty.handler.codec.http.HttpStatusClass$1
3576:             1             48  io.netty.util.concurrent.DefaultThreadFactory
3577:             2             48  io.netty.util.concurrent.MultithreadEventExecutorGroup$1
3578:             2             48  io.netty.util.concurrent.ThreadPerTaskExecutor
3579:             1             48  io.prometheus.client.CollectorRegistry
3580:             1             48  java.io.UnixFileSystem
3581:             2             48  java.lang.InheritableThreadLocal
3582:             2             48  java.nio.ByteOrder
3583:             2             48  java.nio.charset.CoderResult
3584:             2             48  java.nio.file.attribute.PosixFilePermissions$1
3585:             1             48  java.text.DontCareFieldPosition
3586:             2             48  java.time.LocalDate
3587:             2             48  java.util.IdentityHashMap$EntrySet
3588:             1             48  java.util.JumboEnumSet
3589:             2             48  java.util.WeakHashMap$KeySet
3590:             2             48  java.util.concurrent.ConcurrentSkipListMap$EntrySet
3591:             2             48  java.util.concurrent.ConcurrentSkipListSet
3592:             1             48  java.util.concurrent.ThreadLocalRandom
3593:             1             48  java.util.logging.LogManager$SystemLoggerContext
3594:             2             48  java.util.regex.Pattern$CharPropertyNames$11
3595:             2             48  java.util.regex.Pattern$CharPropertyNames$21
3596:             2             48  org.apache.commons.collections.map.UnmodifiableMap
3597:             2             48  org.apache.commons.configuration2.ConfigurationLookup
3598:             1             48  org.apache.commons.configuration2.convert.DefaultConversionHandler$1
3599:             2             48  org.apache.commons.configuration2.event.EventListenerList
3600:             2             48  org.apache.commons.lang3.text.StrMatcher$CharSetMatcher
3601:             3             48  org.apache.commons.logging.impl.NoOpLog
3602:             2             48  org.apache.hadoop.fs.Path
3603:             2             48  org.apache.hadoop.hdds.client.RatisReplicationConfig
3604:             1             48  org.apache.hadoop.hdds.protocol.proto.HddsProtos$TransferLeadershipResponseProto
3605:             1             48  org.apache.hadoop.hdds.protocol.proto.StorageContainerLocationProtocolProtos$ActivatePipelineResponseProto
3606:             1             48  org.apache.hadoop.hdds.protocol.proto.StorageContainerLocationProtocolProtos$ClosePipelineResponseProto
3607:             1             48  org.apache.hadoop.hdds.protocol.proto.StorageContainerLocationProtocolProtos$ContainerBalancerStatusResponseProto
3608:             1             48  org.apache.hadoop.hdds.protocol.proto.StorageContainerLocationProtocolProtos$DeactivatePipelineResponseProto
3609:             1             48  org.apache.hadoop.hdds.protocol.proto.StorageContainerLocationProtocolProtos$ForceExitSafeModeResponseProto
3610:             1             48  org.apache.hadoop.hdds.protocol.proto.StorageContainerLocationProtocolProtos$GetContainerCountRequestProto
3611:             1             48  org.apache.hadoop.hdds.protocol.proto.StorageContainerLocationProtocolProtos$GetSafeModeRuleStatusesRequestProto
3612:             1             48  org.apache.hadoop.hdds.protocol.proto.StorageContainerLocationProtocolProtos$InSafeModeResponseProto
3613:             1             48  org.apache.hadoop.hdds.protocol.proto.StorageContainerLocationProtocolProtos$ReplicationManagerStatusResponseProto
3614:             1             48  org.apache.hadoop.hdds.protocol.proto.StorageContainerLocationProtocolProtos$SCMDeleteContainerResponseProto
3615:             1             48  org.apache.hadoop.hdds.protocol.proto.StorageContainerLocationProtocolProtos$StartReplicationManagerResponseProto
3616:             1             48  org.apache.hadoop.hdds.protocol.proto.StorageContainerLocationProtocolProtos$StopContainerBalancerResponseProto
3617:             1             48  org.apache.hadoop.hdds.protocol.proto.StorageContainerLocationProtocolProtos$StopReplicationManagerResponseProto
3618:             1             48  org.apache.hadoop.hdds.security.OMPassWordManager
3619:             2             48  org.apache.hadoop.hdds.utils.db.CodecRegistry
3620:             2             48  org.apache.hadoop.hdds.utils.db.CodecRegistry$CodecMap
3621:             1             48  org.apache.hadoop.hdfs.web.SSLConnectionConfigurator
3622:             2             48  org.apache.hadoop.hdfs.web.URLConnectionFactory
3623:             1             48  org.apache.hadoop.ipc.CallQueueManager
3624:             2             48  org.apache.hadoop.ipc.ClientCache
3625:             3             48  org.apache.hadoop.ipc.ProtobufRpcEngine
3626:             1             48  org.apache.hadoop.ipc.metrics.RpcDetailedMetrics
3627:             1             48  org.apache.hadoop.metrics2.impl.MetricsSystemImpl$2
3628:             1             48  org.apache.hadoop.metrics2.impl.SinkQueue
3629:             2             48  org.apache.hadoop.metrics2.lib.UniqueNames
3630:             1             48  org.apache.hadoop.ozone.audit.AuditLogger
3631:             1             48  org.apache.hadoop.ozone.grpc.metrics.GrpcMetricsServerRequestInterceptor
3632:             1             48  org.apache.hadoop.ozone.om.OzoneManagerPrepareState
3633:             1             48  org.apache.hadoop.ozone.om.ScmClient
3634:             1             48  org.apache.hadoop.ozone.om.ServiceInfoProvider
3635:             1             48  org.apache.hadoop.ozone.om.TrashPolicyOzone$Emptier
3636:             2             48  org.apache.hadoop.ozone.om.helpers.OmKeyInfo$$Lambda$105/806572546
3637:             2             48  org.apache.hadoop.ozone.om.helpers.RepeatedOmKeyInfo$$Lambda$107/564893839
3638:             1             48  org.apache.hadoop.ozone.om.lock.OzoneManagerLock
3639:             1             48  org.apache.hadoop.ozone.protocol.proto.OzoneManagerProtocolProtos$AddAclResponse
3640:             1             48  org.apache.hadoop.ozone.protocol.proto.OzoneManagerProtocolProtos$CancelPrepareRequest
3641:             1             48  org.apache.hadoop.ozone.protocol.proto.OzoneManagerProtocolProtos$CancelPrepareResponse
3642:             1             48  org.apache.hadoop.ozone.protocol.proto.OzoneManagerProtocolProtos$CheckVolumeAccessResponse
3643:             1             48  org.apache.hadoop.ozone.protocol.proto.OzoneManagerProtocolProtos$CommitKeyResponse
3644:             1             48  org.apache.hadoop.ozone.protocol.proto.OzoneManagerProtocolProtos$CreateBucketResponse
3645:             1             48  org.apache.hadoop.ozone.protocol.proto.OzoneManagerProtocolProtos$CreateDirectoryResponse
3646:             1             48  org.apache.hadoop.ozone.protocol.proto.OzoneManagerProtocolProtos$CreateTenantResponse
3647:             1             48  org.apache.hadoop.ozone.protocol.proto.OzoneManagerProtocolProtos$CreateVolumeResponse
3648:             1             48  org.apache.hadoop.ozone.protocol.proto.OzoneManagerProtocolProtos$DeleteBucketResponse
3649:             1             48  org.apache.hadoop.ozone.protocol.proto.OzoneManagerProtocolProtos$DeleteSnapshotResponse
3650:             1             48  org.apache.hadoop.ozone.protocol.proto.OzoneManagerProtocolProtos$DeleteVolumeResponse
3651:             1             48  org.apache.hadoop.ozone.protocol.proto.OzoneManagerProtocolProtos$GetS3VolumeContextRequest
3652:             1             48  org.apache.hadoop.ozone.protocol.proto.OzoneManagerProtocolProtos$ListTenantRequest
3653:             1             48  org.apache.hadoop.ozone.protocol.proto.OzoneManagerProtocolProtos$MultipartUploadAbortResponse
3654:             1             48  org.apache.hadoop.ozone.protocol.proto.OzoneManagerProtocolProtos$MultipartUploadsExpiredAbortResponse
3655:             1             48  org.apache.hadoop.ozone.protocol.proto.OzoneManagerProtocolProtos$PurgeDirectoriesResponse
3656:             1             48  org.apache.hadoop.ozone.protocol.proto.OzoneManagerProtocolProtos$PurgeKeysResponse
3657:             1             48  org.apache.hadoop.ozone.protocol.proto.OzoneManagerProtocolProtos$PurgePathsResponse
3658:             1             48  org.apache.hadoop.ozone.protocol.proto.OzoneManagerProtocolProtos$RangerBGSyncRequest
3659:             1             48  org.apache.hadoop.ozone.protocol.proto.OzoneManagerProtocolProtos$RangerBGSyncResponse
3660:             1             48  org.apache.hadoop.ozone.protocol.proto.OzoneManagerProtocolProtos$RecoverLeaseResponse
3661:             1             48  org.apache.hadoop.ozone.protocol.proto.OzoneManagerProtocolProtos$RecoverTrashResponse
3662:             1             48  org.apache.hadoop.ozone.protocol.proto.OzoneManagerProtocolProtos$RefetchSecretKeyRequest
3663:             1             48  org.apache.hadoop.ozone.protocol.proto.OzoneManagerProtocolProtos$RemoveAclResponse
3664:             1             48  org.apache.hadoop.ozone.protocol.proto.OzoneManagerProtocolProtos$RenameKeyResponse
3665:             1             48  org.apache.hadoop.ozone.protocol.proto.OzoneManagerProtocolProtos$SetAclResponse
3666:             1             48  org.apache.hadoop.ozone.protocol.proto.OzoneManagerProtocolProtos$SetBucketPropertyResponse
3667:             1             48  org.apache.hadoop.ozone.protocol.proto.OzoneManagerProtocolProtos$SetRangerServiceVersionResponse
3668:             1             48  org.apache.hadoop.ozone.protocol.proto.OzoneManagerProtocolProtos$SetSafeModeResponse
3669:             1             48  org.apache.hadoop.ozone.protocol.proto.OzoneManagerProtocolProtos$SetSnapshotPropertyResponse
3670:             1             48  org.apache.hadoop.ozone.protocol.proto.OzoneManagerProtocolProtos$SetTimesResponse
3671:             1             48  org.apache.hadoop.ozone.protocol.proto.OzoneManagerProtocolProtos$SetVolumePropertyResponse
3672:             1             48  org.apache.hadoop.ozone.protocol.proto.OzoneManagerProtocolProtos$SnapshotMoveDeletedKeysResponse
3673:             1             48  org.apache.hadoop.ozone.protocol.proto.OzoneManagerProtocolProtos$SnapshotPurgeResponse
3674:             1             48  org.apache.hadoop.ozone.protocol.proto.OzoneManagerProtocolProtos$TenantAssignAdminResponse
3675:             1             48  org.apache.hadoop.ozone.protocol.proto.OzoneManagerProtocolProtos$TenantRevokeAdminResponse
3676:             1             48  org.apache.hadoop.ozone.protocol.proto.OzoneManagerProtocolProtos$TenantRevokeUserAccessIdResponse
3677:             1             48  org.apache.hadoop.ozone.security.proto.SecurityProtos$CancelDelegationTokenResponseProto
3678:             2             48  org.apache.hadoop.security.Groups$TimerToTickerAdapter
3679:             1             48  org.apache.hadoop.security.authentication.util.RandomSignerSecretProvider
3680:             1             48  org.apache.hadoop.security.authorize.AccessControlList
3681:             2             48  org.apache.hadoop.thirdparty.com.google.common.collect.ComparisonChain$InactiveComparisonChain
3682:             1             48  org.apache.hadoop.thirdparty.com.google.common.collect.RegularImmutableSet
3683:             1             48  org.apache.hadoop.thirdparty.protobuf.CodedOutputStream$ArrayEncoder
3684:             1             48  org.apache.hadoop.util.ShutdownHookManager$HookEntry
3685:             1             48  org.apache.log4j.PatternLayout
3686:             2             48  org.apache.log4j.helpers.AppenderAttachableImpl
3687:             1             48  org.apache.logging.log4j.core.async.AsyncLoggerConfigDisruptor$1
3688:             1             48  org.apache.logging.log4j.core.async.AsyncLoggerDisruptor$1
3689:             2             48  org.apache.logging.log4j.core.lookup.StrMatcher$CharSetMatcher
3690:             1             48  org.apache.logging.log4j.core.util.DefaultShutdownCallbackRegistry
3691:             2             48  org.apache.logging.log4j.core.util.DummyNanoClock
3692:             1             48  org.apache.logging.log4j.status.StatusConsoleListener
3693:             1             48  org.apache.logging.log4j.status.StatusLogger$BoundedQueue
3694:             2             48  org.apache.logging.log4j.util.PropertiesUtil
3695:             1             48  org.apache.ratis.grpc.GrpcFactory
3696:             2             48  org.apache.ratis.grpc.metrics.GrpcServerMetrics$$Lambda$1097/63152865
3697:             2             48  org.apache.ratis.grpc.metrics.GrpcServerMetrics$$Lambda$1126/666398322
3698:             1             48  org.apache.ratis.grpc.metrics.intercept.server.MetricServerInterceptor
3699:             2             48  org.apache.ratis.grpc.server.GrpcLogAppender$$Lambda$1061/750053584
3700:             2             48  org.apache.ratis.grpc.server.GrpcLogAppender$$Lambda$1082/1203474149
3701:             2             48  org.apache.ratis.grpc.server.GrpcLogAppender$ReplyState
3702:             1             48  org.apache.ratis.grpc.server.GrpcService$$Lambda$269/1881309779
3703:             1             48  org.apache.ratis.grpc.server.GrpcService$$Lambda$302/277464394
3704:             1             48  org.apache.ratis.proto.RaftProtos$DataStreamRequestTypeProto
3705:             1             48  org.apache.ratis.proto.RaftProtos$ForwardRequestTypeProto
3706:             1             48  org.apache.ratis.proto.RaftProtos$WriteRequestTypeProto
3707:             2             48  org.apache.ratis.proto.grpc.RaftClientProtocolServiceGrpc$RaftClientProtocolServiceMethodDescriptorSupplier
3708:             1             48  org.apache.ratis.server.impl.DivisionPropertiesImpl
3709:             2             48  org.apache.ratis.server.impl.FollowerInfoImpl$$Lambda$1128/622267880
3710:             2             48  org.apache.ratis.server.impl.FollowerInfoImpl$$Lambda$1137/131395609
3711:             2             48  org.apache.ratis.server.impl.LeaderStateImpl$$Lambda$1038/636933310
3712:             2             48  org.apache.ratis.server.impl.LeaderStateImpl$$Lambda$1041/571628054
3713:             2             48  org.apache.ratis.server.impl.LeaderStateImpl$$Lambda$1042/462461997
3714:             2             48  org.apache.ratis.server.impl.LeaderStateImpl$$Lambda$1043/676511277
3715:             2             48  org.apache.ratis.server.impl.LeaderStateImpl$$Lambda$1076/109479134
3716:             2             48  org.apache.ratis.server.impl.LeaderStateImpl$$Lambda$1139/151105844
3717:             2             48  org.apache.ratis.server.impl.RaftServerImpl$$Lambda$635/1782934880
3718:             1             48  org.apache.ratis.server.impl.RetryCacheImpl$StatisticsImpl
3719:             1             48  org.apache.ratis.server.impl.ServerState$$Lambda$325/376095487
3720:             1             48  org.apache.ratis.server.impl.TransferLeadership
3721:             2             48  org.apache.ratis.server.leader.LogAppenderDaemon$$Lambda$1057/2069886644
3722:             2             48  org.apache.ratis.server.metrics.LogAppenderMetrics$$Lambda$1045/669090865
3723:             2             48  org.apache.ratis.server.metrics.LogAppenderMetrics$$Lambda$1047/2073791644
3724:             2             48  org.apache.ratis.server.metrics.LogAppenderMetrics$$Lambda$1049/269008409
3725:             1             48  org.apache.ratis.server.raftlog.segmented.SegmentedRaftLog$1
3726:             1             48  org.apache.ratis.server.raftlog.segmented.SegmentedRaftLogCache$LogSegmentList
3727:             1             48  org.apache.ratis.thirdparty.com.google.common.collect.RegularImmutableSet
3728:             1             48  org.apache.ratis.thirdparty.com.google.protobuf.IntArrayList
3729:             1             48  org.apache.ratis.thirdparty.com.google.protobuf.LongArrayList
3730:             1             48  org.apache.ratis.thirdparty.com.google.protobuf.TextFormat$Parser
3731:             1             48  org.apache.ratis.thirdparty.com.google.protobuf.WireFormat$FieldType$1
3732:             1             48  org.apache.ratis.thirdparty.com.google.protobuf.WireFormat$FieldType$2
3733:             1             48  org.apache.ratis.thirdparty.com.google.protobuf.WireFormat$FieldType$3
3734:             1             48  org.apache.ratis.thirdparty.com.google.protobuf.WireFormat$FieldType$4
3735:             1             48  org.apache.ratis.thirdparty.io.grpc.NameResolverRegistry
3736:             2             48  org.apache.ratis.thirdparty.io.grpc.internal.MessageDeframer$SingleMessageProducer
3737:             2             48  org.apache.ratis.thirdparty.io.grpc.internal.ReadableBuffers$BufferInputStream
3738:             2             48  org.apache.ratis.thirdparty.io.grpc.internal.ServerCallImpl$ServerStreamListenerImpl$1
3739:             2             48  org.apache.ratis.thirdparty.io.grpc.internal.ServerImpl$ServerTransportListenerImpl$1HandleServerCall$1ServerStreamCancellationListener
3740:             2             48  org.apache.ratis.thirdparty.io.grpc.netty.NettyServerStream$Sink
3741:             2             48  org.apache.ratis.thirdparty.io.grpc.netty.NettyWritableBuffer
3742:             2             48  org.apache.ratis.thirdparty.io.netty.buffer.PooledByteBufAllocator$1
3743:             2             48  org.apache.ratis.thirdparty.io.netty.buffer.PooledByteBufAllocatorMetric
3744:             1             48  org.apache.ratis.thirdparty.io.netty.buffer.UnpooledByteBufAllocator
3745:             2             48  org.apache.ratis.thirdparty.io.netty.channel.ReflectiveChannelFactory
3746:             1             48  org.apache.ratis.thirdparty.io.netty.channel.epoll.EpollRecvByteAllocatorHandle
3747:             1             48  org.apache.ratis.thirdparty.io.netty.handler.codec.http.HttpStatusClass$1
3748:             2             48  org.apache.ratis.thirdparty.io.netty.util.concurrent.MultithreadEventExecutorGroup$1
3749:             2             48  org.apache.ratis.thirdparty.io.netty.util.concurrent.ThreadPerTaskExecutor
3750:             2             48  org.apache.ratis.util.ConcurrentUtils$$Lambda$299/686717934
3751:             2             48  org.apache.ratis.util.LogUtils$1$$Lambda$1223/1616574725
3752:             1             48  org.apache.ratis.util.PeerProxyMap
3753:             1             48  org.eclipse.jetty.server.ShutdownMonitor
3754:             3             48  org.eclipse.jetty.util.DeprecationWarning
3755:             1             48  org.eclipse.jetty.util.thread.ThreadPoolBudget
3756:             2             48  sun.misc.NativeSignalHandler
3757:             3             48  sun.nio.ch.FileDispatcherImpl
3758:             1             48  sun.nio.cs.StandardCharsets
3759:             1             48  sun.nio.fs.LinuxFileSystem
3760:             2             48  sun.reflect.generics.tree.ArrayTypeSignature
3761:             1             48  sun.security.provider.SecureRandom
3762:             2             48  sun.security.ssl.SSLAlgorithmDecomposer
3763:             2             48  sun.security.util.DisabledAlgorithmConstraints$KeySizeConstraints
3764:             1             48  sun.security.x509.IssuerAlternativeNameExtension
3765:             1             40  [Lcom.fasterxml.jackson.core.StreamWriteCapability;
3766:             1             40  [Lcom.fasterxml.jackson.databind.AnnotationIntrospector$ReferenceProperty$Type;
3767:             1             40  [Lcom.lmax.disruptor.dsl.ProducerType;
3768:             1             40  [Lio.grpc.internal.MessageDeframer$State;
3769:             1             40  [Lio.grpc.netty.Utils$EventLoopGroupType;
3770:             1             40  [Lio.netty.buffer.PoolArena$SizeClass;
3771:             1             40  [Lio.netty.handler.codec.http2.Http2FrameLogger$Direction;
3772:             1             40  [Ljava.io.File$PathStatus;
3773:             1             40  [Ljava.lang.management.MemoryType;
3774:             1             40  [Ljava.net.InetAddress$Cache$Type;
3775:             1             40  [Ljava.net.StandardProtocolFamily;
3776:             1             40  [Ljava.time.temporal.IsoFields$Unit;
3777:             1             40  [Ljava.util.Locale$Category;
3778:             1             40  [Ljavax.security.auth.login.LoginContext$ModuleInfo;
3779:             1             40  [Lorg.apache.commons.configuration2.sync.LockMode;
3780:             1             40  [Lorg.apache.hadoop.crypto.CipherSuite;
3781:             1             40  [Lorg.apache.hadoop.hdds.client.ReplicationFactor;
3782:             1             40  [Lorg.apache.hadoop.hdds.utils.db.cache.TableCache$CacheType;
3783:             1             40  [Lorg.apache.hadoop.metrics2.MetricType;
3784:             1             40  [Lorg.apache.hadoop.ozone.audit.AuditEventStatus;
3785:             1             40  [Lorg.apache.hadoop.ozone.om.request.OMClientRequest$Result;
3786:             1             40  [Lorg.apache.hadoop.ozone.security.acl.OzoneObj$StoreType;
3787:             1             40  [Lorg.apache.hadoop.security.ssl.SSLFactory$Mode;
3788:             1             40  [Lorg.apache.hadoop.thirdparty.com.google.common.collect.MapMakerInternalMap$Strength;
3789:             1             40  [Lorg.apache.logging.log4j.core.appender.ConsoleAppender$Target;
3790:             1             40  [Lorg.apache.logging.log4j.core.async.ThreadNameCachingStrategy;
3791:             1             40  [Lorg.apache.logging.log4j.core.config.status.StatusConfiguration$Verbosity;
3792:             1             40  [Lorg.apache.logging.log4j.core.pattern.ArrayPatternConverter;
3793:             1             40  [Lorg.apache.logging.log4j.core.pattern.NameAbbreviator$MaxElementAbbreviator$Strategy;
3794:             1             40  [Lorg.apache.ratis.server.RaftServerConfigKeys$Log$CorruptionPolicy;
3795:             1             40  [Lorg.apache.ratis.server.RaftServerConfigKeys$Read$Option;
3796:             1             40  [Lorg.apache.ratis.server.impl.LeaderElection$Phase;
3797:             1             40  [Lorg.apache.ratis.server.storage.RaftStorage$StartupOption;
3798:             1             40  [Lorg.apache.ratis.thirdparty.com.google.common.collect.ImmutableMapEntry;
3799:             1             40  [Lorg.apache.ratis.thirdparty.com.google.common.collect.MapMakerInternalMap$Strength;
3800:             1             40  [Lorg.apache.ratis.thirdparty.com.google.protobuf.TextFormat$Parser$SingularOverwritePolicy;
3801:             1             40  [Lorg.apache.ratis.thirdparty.io.grpc.InternalKnownTransport;
3802:             1             40  [Lorg.apache.ratis.thirdparty.io.grpc.internal.MessageDeframer$State;
3803:             1             40  [Lorg.apache.ratis.thirdparty.io.grpc.netty.Utils$EventLoopGroupType;
3804:             1             40  [Lorg.apache.ratis.thirdparty.io.netty.buffer.PoolArena$SizeClass;
3805:             1             40  [Lorg.apache.ratis.thirdparty.io.netty.handler.codec.http2.Http2FrameLogger$Direction;
3806:             1             40  [Lorg.eclipse.jetty.server.MultiPartFormDataCompliance;
3807:             1             40  [Lorg.rocksdb.DataBlockIndexType;
3808:             1             40  [Lsun.security.ssl.EphemeralKeyManager$EphemeralKeyPair;
3809:             1             40  com.fasterxml.jackson.core.io.ContentReference
3810:             1             40  com.fasterxml.jackson.core.util.DefaultIndenter
3811:             1             40  com.fasterxml.jackson.databind.ObjectWriter$Prefetch
3812:             1             40  com.fasterxml.jackson.databind.cfg.SerializerFactoryConfig
3813:             1             40  com.fasterxml.jackson.databind.deser.impl.FailingDeserializer
3814:             1             40  com.google.common.base.Splitter
3815:             1             40  com.google.common.collect.ImmutableMapEntrySet$RegularEntrySet
3816:             1             40  com.google.common.collect.Iterators$ArrayItr
3817:             1             40  com.google.common.util.concurrent.AbstractFuture$Listener
3818:             1             40  com.sun.jmx.mbeanserver.ClassLoaderRepositorySupport
3819:             1             40  com.sun.jmx.mbeanserver.MXBeanLookup
3820:             1             40  io.grpc.ServiceDescriptor
3821:             1             40  io.grpc.internal.ProxyDetectorImpl
3822:             1             40  io.grpc.internal.ReadableBuffers$ByteArrayWrapper
3823:             1             40  io.grpc.netty.NettyServer$1
3824:             1             40  java.beans.ThreadGroupContext$1
3825:             1             40  java.lang.ProcessEnvironment$StringEnvironment
3826:             1             40  java.lang.invoke.DirectMethodHandle$EnsureInitialized
3827:             1             40  java.lang.invoke.MethodHandleImpl$4
3828:             1             40  java.lang.invoke.MethodHandleImpl$ArrayAccessor$1
3829:             1             40  java.lang.invoke.MethodHandleImpl$BindCaller$1
3830:             1             40  java.util.logging.LogManager$LoggerContext
3831:             1             40  java.util.logging.LoggingPermission
3832:             1             40  javax.crypto.spec.RC5ParameterSpec
3833:             1             40  javax.management.NotificationBroadcasterSupport
3834:             1             40  javax.net.ssl.SSLContext
3835:             1             40  org.apache.hadoop.hdds.StringUtils$$Lambda$22/1699679644
3836:             1             40  org.apache.hadoop.hdds.scm.ScmInfo
3837:             1             40  org.apache.hadoop.hdds.server.http.PrometheusMetricsSink
3838:             1             40  org.apache.hadoop.hdds.utils.Scheduler
3839:             1             40  org.apache.hadoop.hdds.utils.SignalLogger
3840:             1             40  org.apache.hadoop.hdds.utils.db.RDBCheckpointManager
3841:             1             40  org.apache.hadoop.hdds.utils.db.managed.ManagedWriteOptions
3842:             1             40  org.apache.hadoop.jmx.JMXJsonServlet
3843:             1             40  org.apache.hadoop.metrics2.impl.MetricsCollectorImpl
3844:             1             40  org.apache.hadoop.metrics2.lib.DefaultMetricsFactory
3845:             1             40  org.apache.hadoop.metrics2.lib.Interns$Info
3846:             1             40  org.apache.hadoop.metrics2.lib.Interns$Tags
3847:             1             40  org.apache.hadoop.metrics2.lib.MutableCounterInt
3848:             1             40  org.apache.hadoop.metrics2.lib.MutableGaugeFloat
3849:             1             40  org.apache.hadoop.ozone.om.OzoneManagerServiceGrpc
3850:             1             40  org.apache.hadoop.ozone.om.PrefixManagerImpl
3851:             1             40  org.apache.hadoop.ozone.om.ratis.metrics.OzoneManagerStateMachineMetrics
3852:             1             40  org.apache.hadoop.ozone.om.request.validation.RequestValidations
3853:             1             40  org.apache.hadoop.ozone.protocolPB.OMInterServiceProtocolServerSideImpl
3854:             1             40  org.apache.hadoop.ozone.util.RadixNode
3855:             1             40  org.apache.hadoop.thirdparty.com.google.common.base.Splitter
3856:             1             40  org.apache.hadoop.thirdparty.com.google.common.collect.Iterators$ArrayItr
3857:             1             40  org.apache.hadoop.thirdparty.com.google.common.util.concurrent.AbstractFuture$Listener
3858:             1             40  org.apache.hadoop.util.CacheMetrics
3859:             1             40  org.apache.logging.log4j.core.appender.DefaultErrorHandler
3860:             1             40  org.apache.logging.log4j.core.appender.rolling.FileExtension$1
3861:             1             40  org.apache.logging.log4j.core.appender.rolling.FileExtension$2
3862:             1             40  org.apache.logging.log4j.core.appender.rolling.FileExtension$3
3863:             1             40  org.apache.logging.log4j.core.appender.rolling.FileExtension$4
3864:             1             40  org.apache.logging.log4j.core.appender.rolling.FileExtension$5
3865:             1             40  org.apache.logging.log4j.core.appender.rolling.FileExtension$6
3866:             1             40  org.apache.logging.log4j.core.appender.rolling.SizeBasedTriggeringPolicy
3867:             1             40  org.apache.logging.log4j.core.async.RingBufferLogEventHandler
3868:             1             40  org.apache.logging.log4j.core.config.AppenderRef
3869:             1             40  org.apache.logging.log4j.core.config.plugins.util.PluginRegistry
3870:             1             40  org.apache.logging.log4j.core.jmx.AppenderAdmin
3871:             1             40  org.apache.logging.log4j.core.layout.StringBuilderEncoder
3872:             1             40  org.apache.logging.log4j.core.pattern.NameAbbreviator$MaxElementAbbreviator$Strategy$1
3873:             1             40  org.apache.logging.log4j.core.pattern.NameAbbreviator$MaxElementAbbreviator$Strategy$2
3874:             1             40  org.apache.logging.log4j.core.util.WatchManager$ConfigurationMonitor
3875:             1             40  org.apache.ozone.rocksdiff.RocksDBCheckpointDiffer$1
3876:             1             40  org.apache.ozone.rocksdiff.RocksDBCheckpointDiffer$2
3877:             1             40  org.apache.ratis.protocol.RaftGroupMemberId
3878:             1             40  org.apache.ratis.server.impl.LeaderLease
3879:             1             40  org.apache.ratis.server.impl.LeaderStateImpl$EventQueue
3880:             1             40  org.apache.ratis.server.impl.LeaderStateImpl$StartupLogEntry
3881:             1             40  org.apache.ratis.server.impl.PendingRequests
3882:             1             40  org.apache.ratis.server.impl.PendingStepDown
3883:             1             40  org.apache.ratis.server.impl.RaftServerProxy$$Lambda$281/1465800495
3884:             1             40  org.apache.ratis.server.impl.RaftServerProxy$ImplMap
3885:             1             40  org.apache.ratis.server.impl.ReadRequests$ReadIndexQueue
3886:             1             40  org.apache.ratis.server.impl.RetryCacheImpl
3887:             1             40  org.apache.ratis.server.impl.ServerState$$Lambda$313/1189690168
3888:             1             40  org.apache.ratis.server.impl.ServerState$$Lambda$321/1829649143
3889:             1             40  org.apache.ratis.server.impl.SnapshotManagementRequestHandler
3890:             1             40  org.apache.ratis.server.impl.StateMachineUpdater$$Lambda$498/478273038
3891:             1             40  org.apache.ratis.server.raftlog.segmented.SegmentedRaftLogWorker$StateMachineDataPolicy
3892:             1             40  org.apache.ratis.server.storage.RaftStorageDirectoryImpl
3893:             1             40  org.apache.ratis.thirdparty.com.google.common.base.Splitter
3894:             1             40  org.apache.ratis.thirdparty.com.google.common.collect.Iterators$ArrayItr
3895:             1             40  org.apache.ratis.thirdparty.com.google.common.util.concurrent.AbstractFuture$Listener
3896:             1             40  org.apache.ratis.thirdparty.com.google.protobuf.Descriptors$DescriptorPool
3897:             1             40  org.apache.ratis.thirdparty.com.google.protobuf.LazyStringArrayList
3898:             1             40  org.apache.ratis.thirdparty.io.grpc.internal.ProxyDetectorImpl
3899:             1             40  org.apache.ratis.thirdparty.io.grpc.internal.ReadableBuffers$ByteArrayWrapper
3900:             1             40  org.apache.ratis.thirdparty.io.grpc.internal.SharedResourceHolder
3901:             1             40  org.apache.ratis.thirdparty.io.grpc.netty.NettyServer$1
3902:             1             40  org.apache.ratis.util.AwaitToRun
3903:             1             40  org.apache.ratis.util.OpenCloseState
3904:             1             40  org.apache.ratis.util.TimeoutTimer
3905:             1             40  org.eclipse.jetty.server.handler.ContextHandlerCollection$Mapping
3906:             1             40  org.eclipse.jetty.util.JavaVersion
3907:             1             40  org.rocksdb.Checkpoint
3908:             1             40  org.slf4j.helpers.FormattingTuple
3909:             1             40  org.slf4j.helpers.SubstituteLoggerFactory
3910:             1             40  picocli.CommandLine$Tracer
3911:             1             40  sun.management.MemoryImpl
3912:             1             40  sun.management.VMManagementImpl
3913:             1             40  sun.net.sdp.SdpProvider
3914:             1             40  sun.nio.cs.ISO_8859_1
3915:             1             40  sun.nio.cs.US_ASCII
3916:             1             40  sun.nio.cs.UTF_16
3917:             1             40  sun.nio.cs.UTF_16BE
3918:             1             40  sun.nio.cs.UTF_16LE
3919:             1             40  sun.nio.cs.UTF_8
3920:             1             40  sun.reflect.generics.repository.FieldRepository
3921:             1             40  sun.security.ssl.CipherSuiteList
3922:             1             40  sun.security.ssl.MAC
3923:             1             32  [Lcom.fasterxml.jackson.databind.deser.KeyDeserializers;
3924:             1             32  [Lcom.fasterxml.jackson.databind.deser.SettableBeanProperty;
3925:             1             32  [Lcom.google.common.cache.CacheBuilder$NullListener;
3926:             1             32  [Lcom.google.common.cache.CacheBuilder$OneWeigher;
3927:             1             32  [Lcom.google.common.cache.LocalCache$NullEntry;
3928:             1             32  [Lcom.google.common.util.concurrent.DirectExecutor;
3929:             1             32  [Lcom.google.protobuf.Descriptors$MethodDescriptor;
3930:             1             32  [Ljava.lang.reflect.Parameter;
3931:             1             32  [Ljava.util.Comparators$NaturalOrderComparator;
3932:             1             32  [Ljavax.net.ssl.KeyManager;
3933:             1             32  [Lorg.apache.commons.configuration2.sync.NoOpSynchronizer;
3934:             1             32  [Lorg.apache.commons.io.file.StandardDeleteOption;
3935:             1             32  [Lorg.apache.hadoop.hdds.utils.SignalLogger;
3936:             1             32  [Lorg.apache.hadoop.hdds.utils.db.RDBBatchOperation$Op;
3937:             1             32  [Lorg.apache.hadoop.ipc.Server$Listener$Reader;
3938:             1             32  [Lorg.apache.hadoop.metrics2.lib.DefaultMetricsFactory;
3939:             1             32  [Lorg.apache.hadoop.metrics2.lib.DefaultMetricsSystem;
3940:             1             32  [Lorg.apache.hadoop.metrics2.lib.Interns$Info;
3941:             1             32  [Lorg.apache.hadoop.metrics2.lib.Interns$Tags;
3942:             1             32  [Lorg.apache.hadoop.thirdparty.com.google.common.cache.CacheBuilder$NullListener;
3943:             1             32  [Lorg.apache.hadoop.thirdparty.com.google.common.cache.CacheBuilder$OneWeigher;
3944:             1             32  [Lorg.apache.hadoop.thirdparty.com.google.common.cache.LocalCache$NullEntry;
3945:             1             32  [Lorg.apache.hadoop.thirdparty.com.google.common.util.concurrent.DirectExecutor;
3946:             1             32  [Lorg.apache.logging.log4j.core.appender.rolling.TriggeringPolicy;
3947:             1             32  [Lorg.apache.ratis.thirdparty.com.google.common.cache.CacheBuilder$NullListener;
3948:             1             32  [Lorg.apache.ratis.thirdparty.com.google.common.cache.CacheBuilder$OneWeigher;
3949:             1             32  [Lorg.apache.ratis.thirdparty.com.google.common.cache.LocalCache$NullEntry;
3950:             1             32  [Lorg.apache.ratis.thirdparty.com.google.common.util.concurrent.DirectExecutor;
3951:             1             32  [Lorg.apache.ratis.thirdparty.io.grpc.internal.DnsNameResolver$JdkAddressResolver;
3952:             1             32  [Lorg.eclipse.jetty.http.HttpFieldPreEncoder;
3953:             1             32  [Lpicocli.CommandLine$ParseResult;
3954:             1             32  [Lsun.launcher.LauncherHelper;
3955:             1             32  com.fasterxml.jackson.annotation.JsonIgnoreProperties$Value
3956:             1             32  com.fasterxml.jackson.annotation.JsonSetter$Value
3957:             1             32  com.fasterxml.jackson.core.util.MinimalPrettyPrinter
3958:             1             32  com.fasterxml.jackson.databind.AnnotationIntrospector$ReferenceProperty
3959:             1             32  com.fasterxml.jackson.databind.cfg.ContextAttributes$Impl
3960:             1             32  com.fasterxml.jackson.databind.ext.OptionalHandlerFactory
3961:             1             32  com.fasterxml.jackson.databind.introspect.JacksonAnnotationIntrospector
3962:             1             32  com.fasterxml.jackson.databind.ser.impl.FailingSerializer
3963:             1             32  com.fasterxml.jackson.databind.ser.impl.ReadOnlyClassToSerializerMap
3964:             1             32  com.fasterxml.jackson.databind.ser.std.UUIDSerializer
3965:             1             32  com.google.common.base.Predicates$ObjectPredicate$1
3966:             1             32  com.google.common.base.Predicates$ObjectPredicate$2
3967:             1             32  com.google.common.base.Predicates$ObjectPredicate$3
3968:             1             32  com.google.common.base.Predicates$ObjectPredicate$4
3969:             1             32  com.google.common.cache.CacheBuilder$NullListener
3970:             1             32  com.google.common.cache.CacheBuilder$OneWeigher
3971:             1             32  com.google.common.cache.LocalCache$EntryFactory$1
3972:             1             32  com.google.common.cache.LocalCache$EntryFactory$2
3973:             1             32  com.google.common.cache.LocalCache$EntryFactory$3
3974:             1             32  com.google.common.cache.LocalCache$EntryFactory$4
3975:             1             32  com.google.common.cache.LocalCache$EntryFactory$5
3976:             1             32  com.google.common.cache.LocalCache$EntryFactory$6
3977:             1             32  com.google.common.cache.LocalCache$EntryFactory$7
3978:             1             32  com.google.common.cache.LocalCache$EntryFactory$8
3979:             1             32  com.google.common.cache.LocalCache$NullEntry
3980:             1             32  com.google.common.cache.LocalCache$Strength$1
3981:             1             32  com.google.common.cache.LocalCache$Strength$2
3982:             1             32  com.google.common.cache.LocalCache$Strength$3
3983:             1             32  com.google.common.cache.RemovalCause$1
3984:             1             32  com.google.common.cache.RemovalCause$2
3985:             1             32  com.google.common.cache.RemovalCause$3
3986:             1             32  com.google.common.cache.RemovalCause$4
3987:             1             32  com.google.common.cache.RemovalCause$5
3988:             1             32  com.google.common.collect.AbstractMapBasedMultimap$KeySet
3989:             1             32  com.google.common.collect.ImmutableEnumSet
3990:             1             32  com.google.common.util.concurrent.AbstractFuture$Waiter
3991:             1             32  com.google.common.util.concurrent.DirectExecutor
3992:             1             32  com.sun.beans.util.Cache$Kind$1
3993:             1             32  com.sun.beans.util.Cache$Kind$2
3994:             1             32  com.sun.beans.util.Cache$Kind$3
3995:             1             32  com.sun.jmx.remote.util.ClassLogger
3996:             1             32  com.sun.security.auth.UnixNumericGroupPrincipal
3997:             2             32  io.grpc.Codec$Gzip
3998:             1             32  io.grpc.DecompressorRegistry
3999:             1             32  io.grpc.ServerMethodDefinition
4000:             1             32  io.grpc.ServerServiceDefinition
4001:             2             32  io.grpc.internal.GrpcUtil$AcceptEncodingMarshaller
4002:             1             32  io.grpc.internal.InternalHandlerRegistry
4003:             1             32  io.grpc.internal.StatsTraceContext
4004:             1             32  io.grpc.netty.NettyServer$3
4005:             1             32  io.grpc.netty.NettyServer$ListenSocket
4006:             1             32  io.grpc.netty.NettyServer$SharedResourceReferenceCounter
4007:             1             32  io.grpc.netty.ProtocolNegotiationEvent
4008:             1             32  io.grpc.stub.ServerCalls$UnaryServerCallHandler
4009:             1             32  io.netty.bootstrap.ServerBootstrap$ServerBootstrapAcceptor$1
4010:             1             32  io.netty.buffer.UnpooledByteBufAllocator$UnpooledByteBufAllocatorMetric
4011:             1             32  io.netty.channel.ChannelOption$1
4012:             1             32  io.netty.handler.codec.http2.ReadOnlyHttp2Headers
4013:             1             32  io.netty.util.ResourceLeakDetectorFactory$DefaultResourceLeakDetectorFactory
4014:             1             32  io.netty.util.concurrent.FailedFuture
4015:             1             32  io.netty.util.internal.ThreadExecutorMap$3
4016:             2             32  io.netty.util.internal.logging.Slf4JLoggerFactory
4017:             1             32  io.perfmark.Tag
4018:             2             32  java.lang.Shutdown$Lock
4019:             1             32  java.lang.invoke.MethodType$ConcurrentWeakInternSet
4020:             1             32  java.math.MutableBigInteger
4021:             1             32  java.net.Inet4AddressImpl
4022:             1             32  java.net.Proxy
4023:             1             32  java.nio.file.FileVisitOption
4024:             1             32  java.nio.file.LinkOption
4025:             1             32  java.security.Policy$PolicyInfo
4026:             1             32  java.security.Policy$UnsupportedEmptyCollection
4027:             1             32  java.time.Period
4028:             1             32  java.time.temporal.IsoFields$Field$1
4029:             1             32  java.time.temporal.IsoFields$Field$2
4030:             1             32  java.time.temporal.IsoFields$Field$3
4031:             1             32  java.time.temporal.IsoFields$Field$4
4032:             1             32  java.util.Collections$EmptyMap
4033:             1             32  java.util.Collections$UnmodifiableSortedSet
4034:             1             32  java.util.Comparators$NaturalOrderComparator
4035:             1             32  java.util.Locale$Cache
4036:             1             32  java.util.ResourceBundle$Control$CandidateListCache
4037:             1             32  java.util.concurrent.Executors$DelegatedScheduledExecutorService
4038:             1             32  java.util.concurrent.TimeUnit$1
4039:             1             32  java.util.concurrent.TimeUnit$2
4040:             1             32  java.util.concurrent.TimeUnit$3
4041:             1             32  java.util.concurrent.TimeUnit$4
4042:             1             32  java.util.concurrent.TimeUnit$5
4043:             1             32  java.util.concurrent.TimeUnit$6
4044:             1             32  java.util.concurrent.TimeUnit$7
4045:             1             32  javax.crypto.spec.RC2ParameterSpec
4046:             1             32  org.apache.commons.configuration2.event.EventListenerRegistrationData
4047:             1             32  org.apache.commons.configuration2.io.DefaultFileSystem
4048:             1             32  org.apache.commons.configuration2.sync.NoOpSynchronizer
4049:             1             32  org.apache.commons.io.file.StandardDeleteOption
4050:             2             32  org.apache.commons.lang3.text.translate.UnicodeUnpairedSurrogateRemover
4051:             1             32  org.apache.commons.logging.impl.WeakHashtable$Referenced
4052:             1             32  org.apache.hadoop.conf.Configuration$DeprecationContext
4053:             1             32  org.apache.hadoop.conf.Configuration$ParsedTimeDuration$1
4054:             1             32  org.apache.hadoop.conf.Configuration$ParsedTimeDuration$2
4055:             1             32  org.apache.hadoop.conf.Configuration$ParsedTimeDuration$3
4056:             1             32  org.apache.hadoop.conf.Configuration$ParsedTimeDuration$4
4057:             1             32  org.apache.hadoop.conf.Configuration$ParsedTimeDuration$5
4058:             1             32  org.apache.hadoop.conf.Configuration$ParsedTimeDuration$6
4059:             1             32  org.apache.hadoop.conf.Configuration$ParsedTimeDuration$7
4060:             1             32  org.apache.hadoop.conf.StorageUnit$1
4061:             1             32  org.apache.hadoop.conf.StorageUnit$2
4062:             1             32  org.apache.hadoop.conf.StorageUnit$3
4063:             1             32  org.apache.hadoop.conf.StorageUnit$4
4064:             1             32  org.apache.hadoop.conf.StorageUnit$5
4065:             1             32  org.apache.hadoop.conf.StorageUnit$6
4066:             1             32  org.apache.hadoop.conf.StorageUnit$7
4067:             1             32  org.apache.hadoop.hdds.client.ReplicationConfigValidator
4068:             1             32  org.apache.hadoop.hdds.conf.ConfigType$1
4069:             1             32  org.apache.hadoop.hdds.conf.ConfigType$2
4070:             1             32  org.apache.hadoop.hdds.conf.ConfigType$3
4071:             1             32  org.apache.hadoop.hdds.conf.ConfigType$4
4072:             1             32  org.apache.hadoop.hdds.conf.ConfigType$5
4073:             1             32  org.apache.hadoop.hdds.conf.ConfigType$6
4074:             1             32  org.apache.hadoop.hdds.conf.ConfigType$7
4075:             1             32  org.apache.hadoop.hdds.conf.ConfigType$8
4076:             1             32  org.apache.hadoop.hdds.conf.ConfigType$9
4077:             1             32  org.apache.hadoop.hdds.conf.StorageUnit$1
4078:             1             32  org.apache.hadoop.hdds.conf.StorageUnit$2
4079:             1             32  org.apache.hadoop.hdds.conf.StorageUnit$3
4080:             1             32  org.apache.hadoop.hdds.conf.StorageUnit$4
4081:             1             32  org.apache.hadoop.hdds.conf.StorageUnit$5
4082:             1             32  org.apache.hadoop.hdds.conf.StorageUnit$6
4083:             1             32  org.apache.hadoop.hdds.conf.StorageUnit$7
4084:             1             32  org.apache.hadoop.hdds.conf.TimeDurationUtil$ParsedTimeDuration$1
4085:             1             32  org.apache.hadoop.hdds.conf.TimeDurationUtil$ParsedTimeDuration$2
4086:             1             32  org.apache.hadoop.hdds.conf.TimeDurationUtil$ParsedTimeDuration$3
4087:             1             32  org.apache.hadoop.hdds.conf.TimeDurationUtil$ParsedTimeDuration$4
4088:             1             32  org.apache.hadoop.hdds.conf.TimeDurationUtil$ParsedTimeDuration$5
4089:             1             32  org.apache.hadoop.hdds.conf.TimeDurationUtil$ParsedTimeDuration$6
4090:             1             32  org.apache.hadoop.hdds.conf.TimeDurationUtil$ParsedTimeDuration$7
4091:             1             32  org.apache.hadoop.hdds.scm.protocolPB.ScmBlockLocationProtocolClientSideTranslatorPB
4092:             1             32  org.apache.hadoop.hdds.scm.protocolPB.StorageContainerLocationProtocolClientSideTranslatorPB
4093:             1             32  org.apache.hadoop.hdds.server.http.HttpServer2$QuotingInputFilter
4094:             1             32  org.apache.hadoop.hdds.server.http.HttpServer2Metrics
4095:             2             32  org.apache.hadoop.hdds.server.http.NoCacheFilter
4096:             1             32  org.apache.hadoop.hdds.server.http.RatisDropwizardExports$$Lambda$191/1048332309
4097:             1             32  org.apache.hadoop.hdds.utils.Scheduler$$Lambda$135/723602324
4098:             1             32  org.apache.hadoop.hdds.utils.db.DBProfile$1
4099:             1             32  org.apache.hadoop.hdds.utils.db.DBProfile$2
4100:             1             32  org.apache.hadoop.hdds.utils.db.DBProfile$3
4101:             1             32  org.apache.hadoop.hdds.utils.db.RDBBatchOperation$Op
4102:             1             32  org.apache.hadoop.hdds.utils.db.RocksDatabase$RocksCheckpoint
4103:             1             32  org.apache.hadoop.hdds.utils.db.StringCodec
4104:             1             32  org.apache.hadoop.hdds.utils.db.managed.ManagedCheckpoint
4105:             1             32  org.apache.hadoop.hdds.utils.db.managed.ManagedRocksObjectMetrics
4106:             1             32  org.apache.hadoop.http.lib.StaticUserWebFilter$StaticUserFilter
4107:             1             32  org.apache.hadoop.io.Text
4108:             2             32  org.apache.hadoop.ipc.ProtobufRpcEngine2$Server$ProtoBufRpcInvoker
4109:             1             32  org.apache.hadoop.ipc.Server$1
4110:             1             32  org.apache.hadoop.ipc.Server$ExceptionsHandler
4111:             1             32  org.apache.hadoop.ipc.Server$MetricsUpdateRunner
4112:             1             32  org.apache.hadoop.ipc.Server$RpcKindMapValue
4113:             1             32  org.apache.hadoop.metrics2.lib.Interns$Info$1
4114:             1             32  org.apache.hadoop.metrics2.lib.Interns$Tags$1
4115:             1             32  org.apache.hadoop.metrics2.lib.MethodMetric$3
4116:             1             32  org.apache.hadoop.ozone.common.ha.ratis.RatisSnapshotInfo
4117:             1             32  org.apache.hadoop.ozone.om.BucketManagerImpl
4118:             1             32  org.apache.hadoop.ozone.om.S3SecretLockedManager
4119:             1             32  org.apache.hadoop.ozone.om.S3SecretManagerImpl
4120:             1             32  org.apache.hadoop.ozone.om.ha.OMHANodeDetails
4121:             1             32  org.apache.hadoop.ozone.om.request.validation.ValidationCondition$1
4122:             1             32  org.apache.hadoop.ozone.om.request.validation.ValidationCondition$2
4123:             1             32  org.apache.hadoop.ozone.om.request.validation.ValidationContext$1
4124:             1             32  org.apache.hadoop.ozone.protocol.proto.OzoneManagerServiceGrpc$MethodHandlers
4125:             1             32  org.apache.hadoop.ozone.util.ShutdownHookManager
4126:             1             32  org.apache.hadoop.security.Credentials
4127:             1             32  org.apache.hadoop.security.Groups$GroupCacheLoader
4128:             1             32  org.apache.hadoop.security.PasswordManager
4129:             1             32  org.apache.hadoop.security.UserGroupInformation$HadoopConfiguration
4130:             1             32  org.apache.hadoop.security.authorize.ServiceAuthorizationManager
4131:             1             32  org.apache.hadoop.thirdparty.com.google.common.cache.CacheBuilder$NullListener
4132:             1             32  org.apache.hadoop.thirdparty.com.google.common.cache.CacheBuilder$OneWeigher
4133:             1             32  org.apache.hadoop.thirdparty.com.google.common.cache.LocalCache$EntryFactory$1
4134:             1             32  org.apache.hadoop.thirdparty.com.google.common.cache.LocalCache$EntryFactory$2
4135:             1             32  org.apache.hadoop.thirdparty.com.google.common.cache.LocalCache$EntryFactory$3
4136:             1             32  org.apache.hadoop.thirdparty.com.google.common.cache.LocalCache$EntryFactory$4
4137:             1             32  org.apache.hadoop.thirdparty.com.google.common.cache.LocalCache$EntryFactory$5
4138:             1             32  org.apache.hadoop.thirdparty.com.google.common.cache.LocalCache$EntryFactory$6
4139:             1             32  org.apache.hadoop.thirdparty.com.google.common.cache.LocalCache$EntryFactory$7
4140:             1             32  org.apache.hadoop.thirdparty.com.google.common.cache.LocalCache$EntryFactory$8
4141:             1             32  org.apache.hadoop.thirdparty.com.google.common.cache.LocalCache$KeySet
4142:             1             32  org.apache.hadoop.thirdparty.com.google.common.cache.LocalCache$NullEntry
4143:             1             32  org.apache.hadoop.thirdparty.com.google.common.cache.LocalCache$Strength$1
4144:             1             32  org.apache.hadoop.thirdparty.com.google.common.cache.LocalCache$Strength$2
4145:             1             32  org.apache.hadoop.thirdparty.com.google.common.cache.LocalCache$Strength$3
4146:             1             32  org.apache.hadoop.thirdparty.com.google.common.cache.RemovalCause$1
4147:             1             32  org.apache.hadoop.thirdparty.com.google.common.cache.RemovalCause$2
4148:             1             32  org.apache.hadoop.thirdparty.com.google.common.cache.RemovalCause$3
4149:             1             32  org.apache.hadoop.thirdparty.com.google.common.cache.RemovalCause$4
4150:             1             32  org.apache.hadoop.thirdparty.com.google.common.cache.RemovalCause$5
4151:             1             32  org.apache.hadoop.thirdparty.com.google.common.collect.MapMakerInternalMap$Strength$1
4152:             1             32  org.apache.hadoop.thirdparty.com.google.common.collect.MapMakerInternalMap$Strength$2
4153:             1             32  org.apache.hadoop.thirdparty.com.google.common.util.concurrent.AbstractFuture$Waiter
4154:             1             32  org.apache.hadoop.thirdparty.com.google.common.util.concurrent.DirectExecutor
4155:             1             32  org.apache.hadoop.util.ShutdownHookManager
4156:             1             32  org.apache.log4j.helpers.FormattingInfo
4157:             1             32  org.apache.log4j.helpers.ISO8601DateFormat
4158:             1             32  org.apache.logging.log4j.core.appender.ConsoleAppender$Target$1
4159:             1             32  org.apache.logging.log4j.core.appender.ConsoleAppender$Target$2
4160:             1             32  org.apache.logging.log4j.core.appender.rolling.CompositeTriggeringPolicy
4161:             1             32  org.apache.logging.log4j.core.async.AsyncLogger$1
4162:             1             32  org.apache.logging.log4j.core.async.AsyncLogger$2
4163:             1             32  org.apache.logging.log4j.core.async.AsyncLoggerConfigDisruptor$Log4jEventWrapperHandler
4164:             2             32  org.apache.logging.log4j.core.async.DefaultAsyncQueueFullPolicy
4165:             1             32  org.apache.logging.log4j.core.async.ThreadNameCachingStrategy$1
4166:             1             32  org.apache.logging.log4j.core.async.ThreadNameCachingStrategy$2
4167:             2             32  org.apache.logging.log4j.core.config.DefaultAdvertiser
4168:             1             32  org.apache.logging.log4j.core.config.LoggerConfig$LoggerConfigPredicate$1
4169:             1             32  org.apache.logging.log4j.core.config.LoggerConfig$LoggerConfigPredicate$2
4170:             1             32  org.apache.logging.log4j.core.config.LoggerConfig$LoggerConfigPredicate$3
4171:             1             32  org.apache.logging.log4j.core.config.Loggers
4172:             1             32  org.apache.logging.log4j.core.config.json.JsonConfigurationFactory
4173:             1             32  org.apache.logging.log4j.core.config.yaml.YamlConfigurationFactory
4174:             1             32  org.apache.logging.log4j.core.filter.CompositeFilter
4175:             2             32  org.apache.logging.log4j.core.impl.DefaultLogEventFactory
4176:             1             32  org.apache.logging.log4j.core.impl.Log4jContextFactory
4177:             1             32  org.apache.logging.log4j.core.jmx.ContextSelectorAdmin
4178:             1             32  org.apache.logging.log4j.core.pattern.IntegerPatternConverter
4179:             1             32  org.apache.logging.log4j.core.pattern.LevelPatternConverter$SimpleLevelPatternConverter
4180:             1             32  org.apache.logging.log4j.core.pattern.LineSeparatorPatternConverter
4181:             1             32  org.apache.logging.log4j.core.pattern.MessagePatternConverter$SimpleMessagePatternConverter
4182:             1             32  org.apache.logging.log4j.core.pattern.NameAbbreviator$MaxElementAbbreviator
4183:             1             32  org.apache.logging.log4j.core.pattern.PatternParser
4184:             1             32  org.apache.logging.log4j.core.pattern.SimpleLiteralPatternConverter$Space
4185:             1             32  org.apache.logging.log4j.core.pattern.ThreadNamePatternConverter
4186:             2             32  org.apache.logging.log4j.core.util.SystemClock
4187:             1             32  org.apache.logging.log4j.core.util.WatchManager$WatchRunnable
4188:             1             32  org.apache.logging.log4j.core.util.datetime.FastDateFormat
4189:             1             32  org.apache.logging.log4j.core.util.datetime.FormatCache$MultipartKey
4190:             1             32  org.apache.logging.log4j.message.SimpleMessage
4191:             1             32  org.apache.logging.log4j.spi.DefaultThreadContextMap
4192:             1             32  org.apache.logging.log4j.spi.LoggerRegistry
4193:             2             32  org.apache.logging.log4j.util.EnvironmentPropertySource
4194:             2             32  org.apache.logging.log4j.util.PropertySource$Comparator
4195:             2             32  org.apache.logging.log4j.util.SystemPropertiesPropertySource
4196:             1             32  org.apache.ratis.grpc.metrics.MessageMetrics
4197:             1             32  org.apache.ratis.grpc.server.GrpcClientProtocolService$PendingOrderedRequest
4198:             1             32  org.apache.ratis.grpc.server.GrpcServerProtocolService
4199:             1             32  org.apache.ratis.grpc.server.GrpcServerProtocolService$PendingServerRequest
4200:             1             32  org.apache.ratis.grpc.server.GrpcService$$Lambda$275/997219303
4201:             1             32  org.apache.ratis.server.RaftServerRpcWithProxy$$Lambda$271/1706655559
4202:             1             32  org.apache.ratis.server.impl.DataStreamMapImpl
4203:             1             32  org.apache.ratis.server.impl.LeaderStateImpl$FollowerInfoMap
4204:             1             32  org.apache.ratis.server.impl.MessageStreamRequests
4205:             1             32  org.apache.ratis.server.impl.RaftServerImpl$RaftServerJmxAdapter
4206:             1             32  org.apache.ratis.server.impl.RaftServerProxy$$Lambda$279/1679401185
4207:             1             32  org.apache.ratis.server.impl.ReadIndexHeartbeats
4208:             1             32  org.apache.ratis.server.impl.ReadIndexHeartbeats$AppendEntriesListeners
4209:             1             32  org.apache.ratis.server.impl.ReadRequests
4210:             1             32  org.apache.ratis.server.impl.StateMachineMetrics
4211:             1             32  org.apache.ratis.server.impl.StateMachineUpdater$1
4212:             1             32  org.apache.ratis.server.raftlog.RaftLogSequentialOps$Runner
4213:             1             32  org.apache.ratis.server.raftlog.segmented.SegmentedRaftLogWorker$WriteLogTasks
4214:             1             32  org.apache.ratis.server.storage.RaftStorageMetadataFileImpl
4215:             1             32  org.apache.ratis.server.storage.SnapshotManager$$Lambda$316/18496518
4216:             1             32  org.apache.ratis.server.storage.SnapshotManager$$Lambda$317/1682522314
4217:             1             32  org.apache.ratis.server.storage.SnapshotManager$$Lambda$319/2038318689
4218:             1             32  org.apache.ratis.statemachine.impl.SimpleStateMachineStorage
4219:             1             32  org.apache.ratis.thirdparty.com.google.common.cache.CacheBuilder$NullListener
4220:             1             32  org.apache.ratis.thirdparty.com.google.common.cache.CacheBuilder$OneWeigher
4221:             1             32  org.apache.ratis.thirdparty.com.google.common.cache.LocalCache$EntryFactory$1
4222:             1             32  org.apache.ratis.thirdparty.com.google.common.cache.LocalCache$EntryFactory$2
4223:             1             32  org.apache.ratis.thirdparty.com.google.common.cache.LocalCache$EntryFactory$3
4224:             1             32  org.apache.ratis.thirdparty.com.google.common.cache.LocalCache$EntryFactory$4
4225:             1             32  org.apache.ratis.thirdparty.com.google.common.cache.LocalCache$EntryFactory$5
4226:             1             32  org.apache.ratis.thirdparty.com.google.common.cache.LocalCache$EntryFactory$6
4227:             1             32  org.apache.ratis.thirdparty.com.google.common.cache.LocalCache$EntryFactory$7
4228:             1             32  org.apache.ratis.thirdparty.com.google.common.cache.LocalCache$EntryFactory$8
4229:             1             32  org.apache.ratis.thirdparty.com.google.common.cache.LocalCache$NullEntry
4230:             1             32  org.apache.ratis.thirdparty.com.google.common.cache.LocalCache$Strength$1
4231:             1             32  org.apache.ratis.thirdparty.com.google.common.cache.LocalCache$Strength$2
4232:             1             32  org.apache.ratis.thirdparty.com.google.common.cache.LocalCache$Strength$3
4233:             1             32  org.apache.ratis.thirdparty.com.google.common.cache.RemovalCause$1
4234:             1             32  org.apache.ratis.thirdparty.com.google.common.cache.RemovalCause$2
4235:             1             32  org.apache.ratis.thirdparty.com.google.common.cache.RemovalCause$3
4236:             1             32  org.apache.ratis.thirdparty.com.google.common.cache.RemovalCause$4
4237:             1             32  org.apache.ratis.thirdparty.com.google.common.cache.RemovalCause$5
4238:             1             32  org.apache.ratis.thirdparty.com.google.common.collect.MapMakerInternalMap$Strength$1
4239:             1             32  org.apache.ratis.thirdparty.com.google.common.collect.MapMakerInternalMap$Strength$2
4240:             1             32  org.apache.ratis.thirdparty.com.google.common.util.concurrent.AbstractFuture$Waiter
4241:             1             32  org.apache.ratis.thirdparty.com.google.common.util.concurrent.DirectExecutor
4242:             1             32  org.apache.ratis.thirdparty.com.google.protobuf.TextFormat$Printer
4243:             2             32  org.apache.ratis.thirdparty.io.grpc.Codec$Gzip
4244:             1             32  org.apache.ratis.thirdparty.io.grpc.Context$Key
4245:             1             32  org.apache.ratis.thirdparty.io.grpc.DecompressorRegistry
4246:             1             32  org.apache.ratis.thirdparty.io.grpc.LoadBalancerRegistry
4247:             1             32  org.apache.ratis.thirdparty.io.grpc.NameResolver$ConfigOrError
4248:             1             32  org.apache.ratis.thirdparty.io.grpc.internal.DnsNameResolver$JdkAddressResolver
4249:             2             32  org.apache.ratis.thirdparty.io.grpc.internal.GrpcUtil$AcceptEncodingMarshaller
4250:             1             32  org.apache.ratis.thirdparty.io.grpc.internal.InternalHandlerRegistry
4251:             1             32  org.apache.ratis.thirdparty.io.grpc.netty.NettyServer$3
4252:             1             32  org.apache.ratis.thirdparty.io.grpc.netty.NettyServer$ListenSocket
4253:             1             32  org.apache.ratis.thirdparty.io.grpc.netty.NettyServer$SharedResourceReferenceCounter
4254:             1             32  org.apache.ratis.thirdparty.io.grpc.netty.ProtocolNegotiationEvent
4255:             1             32  org.apache.ratis.thirdparty.io.netty.bootstrap.ServerBootstrap$ServerBootstrapAcceptor$1
4256:             1             32  org.apache.ratis.thirdparty.io.netty.buffer.UnpooledByteBufAllocator$UnpooledByteBufAllocatorMetric
4257:             1             32  org.apache.ratis.thirdparty.io.netty.channel.ChannelOption$1
4258:             1             32  org.apache.ratis.thirdparty.io.netty.handler.codec.http2.ReadOnlyHttp2Headers
4259:             1             32  org.apache.ratis.thirdparty.io.netty.util.ResourceLeakDetectorFactory$DefaultResourceLeakDetectorFactory
4260:             1             32  org.apache.ratis.thirdparty.io.netty.util.concurrent.DefaultEventExecutorChooserFactory$GenericEventExecutorChooser
4261:             1             32  org.apache.ratis.thirdparty.io.netty.util.concurrent.DefaultEventExecutorChooserFactory$PowerOfTwoEventExecutorChooser
4262:             1             32  org.apache.ratis.thirdparty.io.netty.util.concurrent.FailedFuture
4263:             1             32  org.apache.ratis.thirdparty.io.netty.util.internal.ThreadExecutorMap$3
4264:             2             32  org.apache.ratis.thirdparty.io.netty.util.internal.logging.Slf4JLoggerFactory
4265:             1             32  org.apache.ratis.thirdparty.io.perfmark.Tag
4266:             1             32  org.apache.ratis.util.AwaitToRun$RunnableImpl
4267:             1             32  org.apache.ratis.util.MemoizedCheckedSupplier
4268:             2             32  org.bouncycastle.jcajce.provider.asymmetric.dh.KeyFactorySpi
4269:             2             32  org.bouncycastle.jcajce.provider.asymmetric.dstu.KeyFactorySpi
4270:             2             32  org.bouncycastle.jcajce.provider.asymmetric.ecgost.KeyFactorySpi
4271:             1             32  org.bouncycastle.jcajce.provider.asymmetric.edec.KeyFactorySpi$Ed25519
4272:             1             32  org.bouncycastle.jcajce.provider.asymmetric.edec.KeyFactorySpi$Ed448
4273:             1             32  org.bouncycastle.jcajce.provider.asymmetric.edec.KeyFactorySpi$X25519
4274:             1             32  org.bouncycastle.jcajce.provider.asymmetric.edec.KeyFactorySpi$X448
4275:             2             32  org.bouncycastle.pqc.jcajce.provider.qtesla.QTESLAKeyFactorySpi
4276:             2             32  org.bouncycastle.pqc.jcajce.provider.xmss.XMSSKeyFactorySpi
4277:             2             32  org.bouncycastle.pqc.jcajce.provider.xmss.XMSSMTKeyFactorySpi
4278:             1             32  org.bouncycastle.util.encoders.HexEncoder
4279:             1             32  org.eclipse.jetty.http.HttpGenerator$1
4280:             1             32  org.eclipse.jetty.server.Server$DateField
4281:             1             32  org.eclipse.jetty.util.IO$NullWrite
4282:             1             32  org.eclipse.jetty.util.Uptime$DefaultImpl
4283:             1             32  org.eclipse.jetty.util.component.DumpableCollection
4284:             1             32  org.reflections.vfs.Vfs$DefaultUrlTypes$1
4285:             1             32  org.reflections.vfs.Vfs$DefaultUrlTypes$2
4286:             1             32  org.reflections.vfs.Vfs$DefaultUrlTypes$3
4287:             1             32  org.reflections.vfs.Vfs$DefaultUrlTypes$4
4288:             1             32  org.reflections.vfs.Vfs$DefaultUrlTypes$5
4289:             1             32  org.reflections.vfs.Vfs$DefaultUrlTypes$6
4290:             1             32  org.reflections.vfs.Vfs$DefaultUrlTypes$7
4291:             1             32  org.rocksdb.RocksEnv
4292:             1             32  sun.launcher.LauncherHelper
4293:             1             32  sun.management.CompilationImpl
4294:             1             32  sun.management.OperatingSystemImpl
4295:             1             32  sun.management.RuntimeImpl
4296:             1             32  sun.management.ThreadImpl
4297:             1             32  sun.net.ProgressMonitor
4298:             1             32  sun.net.www.protocol.http.Handler
4299:             1             32  sun.nio.ch.FileKey
4300:             1             32  sun.nio.ch.SharedFileLockTable
4301:             2             32  sun.nio.ch.SocketDispatcher
4302:             1             32  sun.security.ssl.SunX509KeyManagerImpl
4303:             1             32  sun.security.validator.EndEntityChecker
4304:             1             32  sun.util.locale.BaseLocale$Cache
4305:             1             32  sun.util.locale.provider.CalendarDataProviderImpl
4306:             1             32  sun.util.locale.provider.CalendarProviderImpl
4307:             1             32  sun.util.locale.provider.CurrencyNameProviderImpl
4308:             1             32  sun.util.locale.provider.DateFormatSymbolsProviderImpl
4309:             1             32  sun.util.locale.provider.DecimalFormatSymbolsProviderImpl
4310:             1             32  sun.util.locale.provider.NumberFormatProviderImpl
4311:             1             32  sun.util.locale.provider.TimeZoneNameProviderImpl
4312:             1             24  [Lcom.fasterxml.jackson.databind.AbstractTypeResolver;
4313:             1             24  [Lcom.fasterxml.jackson.databind.deser.BeanDeserializerModifier;
4314:             1             24  [Lcom.fasterxml.jackson.databind.deser.ValueInstantiators;
4315:             1             24  [Lcom.fasterxml.jackson.databind.introspect.AnnotationMap;
4316:             1             24  [Lcom.fasterxml.jackson.databind.ser.BeanSerializerModifier;
4317:             1             24  [Lcom.fasterxml.jackson.databind.ser.Serializers;
4318:             1             24  [Lcom.fasterxml.jackson.databind.util.ClassUtil$Ctor;
4319:             1             24  [Lio.grpc.ServerInterceptor;
4320:             1             24  [Lio.grpc.StreamTracer;
4321:             1             24  [Lio.netty.util.DefaultAttributeMap$DefaultAttribute;
4322:             1             24  [Ljava.beans.EventSetDescriptor;
4323:             1             24  [Ljava.io.File;
4324:             1             24  [Ljava.lang.Boolean;
4325:             1             24  [Ljava.lang.ClassLoader;
4326:             1             24  [Ljava.lang.Double;
4327:             1             24  [Ljava.lang.Float;
4328:             1             24  [Ljava.nio.file.CopyOption;
4329:             1             24  [Ljava.nio.file.OpenOption;
4330:             1             24  [Ljava.nio.file.Path;
4331:             1             24  [Ljava.nio.file.attribute.FileAttribute;
4332:             1             24  [Ljava.security.Provider;
4333:             1             24  [Ljava.text.FieldPosition;
4334:             1             24  [Ljava.util.concurrent.CompletableFuture;
4335:             1             24  [Ljava.util.logging.Handler;
4336:             1             24  [Lorg.apache.commons.io.file.DeleteOption;
4337:             1             24  [Lorg.apache.hadoop.security.SecurityInfo;
4338:             1             24  [Lorg.apache.logging.log4j.Level;
4339:             1             24  [Lorg.apache.logging.log4j.core.Appender;
4340:             1             24  [Lorg.apache.logging.log4j.core.appender.rolling.action.Action;
4341:             1             24  [Lorg.apache.logging.log4j.spi.LoggerContext;
4342:             1             24  [Lorg.apache.ratis.protocol.RaftPeer;
4343:             1             24  [Lorg.apache.ratis.server.protocol.TermIndex;
4344:             1             24  [Lorg.apache.ratis.server.raftlog.LogEntryHeader;
4345:             1             24  [Lorg.apache.ratis.server.raftlog.segmented.SegmentedRaftLogCache$SegmentFileInfo;
4346:             1             24  [Lorg.apache.ratis.thirdparty.com.google.protobuf.Descriptors$ServiceDescriptor;
4347:             1             24  [Lorg.apache.ratis.thirdparty.io.grpc.ServerInterceptor;
4348:             1             24  [Lorg.apache.ratis.thirdparty.io.grpc.StreamTracer;
4349:             1             24  [Lorg.apache.ratis.thirdparty.io.netty.util.DefaultAttributeMap$DefaultAttribute;
4350:             1             24  com.fasterxml.jackson.annotation.JsonFormat$Features
4351:             1             24  com.fasterxml.jackson.annotation.JsonIncludeProperties$Value
4352:             1             24  com.fasterxml.jackson.core.util.Separators
4353:             1             24  com.fasterxml.jackson.databind.deser.BeanDeserializerFactory
4354:             1             24  com.fasterxml.jackson.databind.ext.Java7HandlersImpl
4355:             1             24  com.fasterxml.jackson.databind.ext.Java7SupportImpl
4356:             1             24  com.fasterxml.jackson.databind.introspect.AnnotationCollector$EmptyCollector
4357:             1             24  com.fasterxml.jackson.databind.jsontype.impl.SubTypeValidator
4358:             1             24  com.fasterxml.jackson.databind.ser.BeanSerializerFactory
4359:             1             24  com.fasterxml.jackson.databind.ser.impl.UnknownSerializer
4360:             1             24  com.fasterxml.jackson.databind.ser.std.NullSerializer
4361:             1             24  com.fasterxml.jackson.databind.ser.std.StdKeySerializer
4362:             1             24  com.fasterxml.jackson.databind.ser.std.StdKeySerializers$StringKeySerializer
4363:             1             24  com.fasterxml.jackson.databind.ser.std.StringSerializer
4364:             1             24  com.fasterxml.jackson.databind.type.TypeParser
4365:             1             24  com.google.common.base.CharMatcher$Ascii
4366:             1             24  com.google.common.base.CharMatcher$Is
4367:             1             24  com.google.common.base.CharMatcher$None
4368:             1             24  com.google.common.base.CharMatcher$Whitespace
4369:             1             24  com.google.common.base.Splitter$1
4370:             1             24  com.google.common.base.Suppliers$SupplierOfInstance
4371:             1             24  com.google.common.cache.LocalCache$LocalLoadingCache
4372:             1             24  com.google.common.cache.LocalCache$LocalManualCache
4373:             1             24  com.google.common.collect.SingletonImmutableList
4374:             1             24  com.google.protobuf.ExtensionRegistryLite
4375:             1             24  com.google.protobuf.SmallSortedMap$EntrySet
4376:             1             24  com.google.protobuf.UnknownFieldSet
4377:             1             24  com.sun.jmx.mbeanserver.DescriptorCache
4378:             1             24  com.sun.jmx.mbeanserver.MBeanInstantiator
4379:             1             24  com.sun.jmx.mbeanserver.MXBeanIntrospector
4380:             1             24  com.sun.jmx.mbeanserver.SecureClassLoaderRepository
4381:             1             24  com.sun.proxy.$Proxy19
4382:             1             24  com.sun.proxy.$Proxy23
4383:             1             24  com.sun.proxy.$Proxy24
4384:             1             24  com.sun.proxy.$Proxy25
4385:             1             24  com.sun.proxy.$Proxy28
4386:             1             24  com.sun.proxy.$Proxy40
4387:             1             24  com.sun.proxy.$Proxy45
4388:             1             24  com.sun.proxy.$Proxy46
4389:             1             24  com.sun.proxy.$Proxy47
4390:             1             24  com.sun.proxy.$Proxy9
4391:             1             24  com.sun.security.auth.UnixNumericUserPrincipal
4392:             1             24  com.sun.security.auth.UnixPrincipal
4393:             1             24  io.grpc.CompressorRegistry
4394:             1             24  io.grpc.internal.SerializingExecutor$FieldUpdaterAtomicHelper
4395:             1             24  io.grpc.internal.ServerImpl$ServerListenerImpl
4396:             1             24  io.grpc.internal.TransportTracer$Factory
4397:             1             24  io.grpc.netty.NettyAdaptiveCumulator
4398:             1             24  io.netty.buffer.ByteBufUtil$1
4399:             1             24  io.netty.channel.ChannelHandlerMask$1
4400:             1             24  io.netty.channel.ChannelOutboundBuffer$1
4401:             1             24  io.netty.channel.DefaultChannelPipeline$1
4402:             1             24  io.netty.channel.DefaultMessageSizeEstimator
4403:             1             24  io.netty.channel.DefaultMessageSizeEstimator$HandleImpl
4404:             1             24  io.netty.channel.ReflectiveChannelFactory
4405:             1             24  io.netty.channel.ServerChannelRecvByteBufAllocator
4406:             1             24  io.netty.channel.WriteBufferWaterMark
4407:             1             24  io.netty.channel.group.DefaultChannelGroup$1
4408:             1             24  io.netty.channel.group.VoidChannelGroupFuture
4409:             1             24  io.netty.handler.codec.CodecOutputList$2
4410:             1             24  io.netty.util.NettyRuntime$AvailableProcessorsHolder
4411:             1             24  io.netty.util.concurrent.DefaultPromise$CauseHolder
4412:             1             24  io.netty.util.concurrent.FastThreadLocal
4413:             1             24  io.netty.util.concurrent.GlobalEventExecutor$1
4414:             1             24  io.netty.util.concurrent.GlobalEventExecutor$TaskRunner
4415:             1             24  io.perfmark.Link
4416:             1             24  java.lang.ClassLoader$2
4417:             1             24  java.lang.ProcessEnvironment$StringKeySet
4418:             1             24  java.lang.UNIXProcess$$Lambda$11/852687460
4419:             1             24  java.math.BigDecimal$1
4420:             1             24  java.nio.Bits$1$1
4421:             1             24  java.nio.charset.CoderResult$1
4422:             1             24  java.nio.charset.CoderResult$2
4423:             1             24  java.security.AllPermission
4424:             1             24  java.text.DontCareFieldPosition$1
4425:             1             24  java.text.MessageFormat$Field
4426:             1             24  java.time.format.DateTimeFormatterBuilder$InstantPrinterParser
4427:             1             24  java.time.format.DecimalStyle
4428:             1             24  java.util.Collections$EmptyList
4429:             1             24  java.util.Collections$ReverseComparator2
4430:             1             24  java.util.Hashtable$KeySet
4431:             1             24  java.util.OptionalInt
4432:             1             24  java.util.concurrent.CompletableFuture$AltResult
4433:             1             24  java.util.regex.Pattern$4
4434:             1             24  java.util.regex.Pattern$CharPropertyNames$10
4435:             1             24  java.util.regex.Pattern$CharPropertyNames$12
4436:             1             24  java.util.regex.Pattern$CharPropertyNames$13
4437:             1             24  java.util.regex.Pattern$CharPropertyNames$14
4438:             1             24  java.util.regex.Pattern$CharPropertyNames$15
4439:             1             24  java.util.regex.Pattern$CharPropertyNames$16
4440:             1             24  java.util.regex.Pattern$CharPropertyNames$17
4441:             1             24  java.util.regex.Pattern$CharPropertyNames$18
4442:             1             24  java.util.regex.Pattern$CharPropertyNames$19
4443:             1             24  java.util.regex.Pattern$CharPropertyNames$20
4444:             1             24  java.util.regex.Pattern$CharPropertyNames$22
4445:             1             24  java.util.regex.Pattern$CharPropertyNames$23
4446:             1             24  java.util.regex.Pattern$CharPropertyNames$6
4447:             1             24  java.util.regex.Pattern$CharPropertyNames$7
4448:             1             24  java.util.regex.Pattern$CharPropertyNames$8
4449:             1             24  java.util.regex.Pattern$CharPropertyNames$9
4450:             1             24  java.util.regex.Pattern$LastNode
4451:             1             24  java.util.regex.Pattern$Node
4452:             1             24  javax.crypto.JceSecurityManager
4453:             1             24  org.apache.commons.collections.collection.UnmodifiableCollection
4454:             1             24  org.apache.commons.configuration2.convert.DefaultConversionHandler
4455:             1             24  org.apache.commons.configuration2.convert.DefaultListDelimiterHandler
4456:             1             24  org.apache.commons.configuration2.interpol.ConstantLookup
4457:             1             24  org.apache.commons.configuration2.interpol.SystemPropertiesLookup
4458:             1             24  org.apache.commons.configuration2.io.CombinedLocationStrategy
4459:             1             24  org.apache.commons.lang3.text.StrLookup$MapStrLookup
4460:             1             24  org.apache.hadoop.fs.FileSystem$Cache$ClientFinalizer
4461:             1             24  org.apache.hadoop.hdds.cli.GenericCli$$Lambda$20/1002191352
4462:             1             24  org.apache.hadoop.hdds.protocol.proto.GenericRefreshProtocolProtos$GenericRefreshProtocolService$2
4463:             1             24  org.apache.hadoop.hdds.protocol.proto.ReconfigureProtocolProtos$ReconfigureProtocolService$2
4464:             1             24  org.apache.hadoop.hdds.protocolPB.GenericRefreshProtocolServerSideTranslatorPB
4465:             1             24  org.apache.hadoop.hdds.protocolPB.ReconfigureProtocolServerSideTranslatorPB
4466:             1             24  org.apache.hadoop.hdds.scm.proxy.SCMBlockLocationFailoverProxyProvider$1
4467:             1             24  org.apache.hadoop.hdds.scm.proxy.SCMContainerLocationFailoverProxyProvider$1
4468:             1             24  org.apache.hadoop.hdds.security.ConfigurationBasedGroupsMapping
4469:             1             24  org.apache.hadoop.hdds.security.OMGroupsManager
4470:             1             24  org.apache.hadoop.hdds.server.http.RatisDropwizardExports$$Lambda$192/668929853
4471:             1             24  org.apache.hadoop.hdds.utils.CpuMetrics
4472:             1             24  org.apache.hadoop.hdds.utils.NativeLibraryLoader
4473:             1             24  org.apache.hadoop.hdds.utils.RatisVersionInfo
4474:             1             24  org.apache.hadoop.hdds.utils.VersionInfo
4475:             1             24  org.apache.hadoop.hdds.utils.db.CodecRegistry$Builder
4476:             1             24  org.apache.hadoop.http.lib.StaticUserWebFilter$User
4477:             1             24  org.apache.hadoop.io.Text$1
4478:             1             24  org.apache.hadoop.io.Text$2
4479:             1             24  org.apache.hadoop.ipc.Client$1
4480:             1             24  org.apache.hadoop.ipc.ProtocolMetaInfoServerSideTranslatorPB
4481:             1             24  org.apache.hadoop.ipc.RefreshRegistry
4482:             1             24  org.apache.hadoop.ipc.RpcWritable$ProtobufWrapper
4483:             1             24  org.apache.hadoop.ipc.protobuf.ProtocolInfoProtos$ProtocolInfoService$2
4484:             1             24  org.apache.hadoop.log.metrics.EventCounter$EventCounts
4485:             1             24  org.apache.hadoop.ozone.common.StorageInfo
4486:             1             24  org.apache.hadoop.ozone.grpc.metrics.GrpcMetricsServerResponseInterceptor
4487:             1             24  org.apache.hadoop.ozone.grpc.metrics.GrpcMetricsServerTransportFilter
4488:             1             24  org.apache.hadoop.ozone.om.OmSnapshotManager$1
4489:             1             24  org.apache.hadoop.ozone.om.OzoneManager$$Lambda$188/2089786414
4490:             1             24  org.apache.hadoop.ozone.om.OzoneManager$$Lambda$368/910889057
4491:             1             24  org.apache.hadoop.ozone.om.OzoneManager$$Lambda$66/967677821
4492:             1             24  org.apache.hadoop.ozone.om.OzoneManager$$Lambda$67/1974622245
4493:             1             24  org.apache.hadoop.ozone.om.OzoneManager$$Lambda$68/402808045
4494:             1             24  org.apache.hadoop.ozone.om.OzoneManager$$Lambda$69/332365138
4495:             1             24  org.apache.hadoop.ozone.om.OzoneManager$$Lambda$70/977160959
4496:             1             24  org.apache.hadoop.ozone.om.OzoneManagerStarter$OMStarterHelper$$Lambda$915/384916201
4497:             1             24  org.apache.hadoop.ozone.om.S3InMemoryCache
4498:             1             24  org.apache.hadoop.ozone.om.ScmClient$1
4499:             1             24  org.apache.hadoop.ozone.om.VolumeManagerImpl
4500:             1             24  org.apache.hadoop.ozone.om.lock.OzoneLockProvider
4501:             1             24  org.apache.hadoop.ozone.om.ratis.OzoneManagerDoubleBuffer$$Lambda$234/399715995
4502:             1             24  org.apache.hadoop.ozone.om.ratis.OzoneManagerDoubleBuffer$FlushNotifier
4503:             1             24  org.apache.hadoop.ozone.om.ratis.OzoneManagerStateMachine$$Lambda$232/1013528106
4504:             1             24  org.apache.hadoop.ozone.om.ratis.OzoneManagerStateMachine$$Lambda$233/72615125
4505:             1             24  org.apache.hadoop.ozone.om.request.validation.ValidatorRegistry
4506:             1             24  org.apache.hadoop.ozone.protocol.proto.OzoneManagerAdminProtocolProtos$OzoneManagerAdminService$2
4507:             1             24  org.apache.hadoop.ozone.protocol.proto.OzoneManagerInterServiceProtocolProtos$OzoneManagerInterService$2
4508:             1             24  org.apache.hadoop.ozone.protocol.proto.OzoneManagerProtocolProtos$OzoneManagerService$2
4509:             1             24  org.apache.hadoop.ozone.protocol.proto.OzoneManagerServiceGrpc$OzoneManagerServiceMethodDescriptorSupplier
4510:             1             24  org.apache.hadoop.ozone.protocolPB.OMAdminProtocolServerSideImpl
4511:             1             24  org.apache.hadoop.ozone.security.OMReadOnlyDisableManager
4512:             1             24  org.apache.hadoop.ozone.security.OMReadOnlyEnableManager
4513:             1             24  org.apache.hadoop.ozone.security.acl.OzoneAuthorizerFactory$$Lambda$161/146799499
4514:             1             24  org.apache.hadoop.ozone.security.acl.OzoneAuthorizerFactory$$Lambda$162/557982257
4515:             1             24  org.apache.hadoop.ozone.upgrade.LayoutVersionInstanceFactory
4516:             1             24  org.apache.hadoop.ozone.util.RadixTree
4517:             1             24  org.apache.hadoop.security.UserGroupInformation$HadoopLoginModule
4518:             1             24  org.apache.hadoop.security.authentication.util.RolloverSignerSecretProvider$1
4519:             1             24  org.apache.hadoop.thirdparty.com.google.common.base.CharMatcher$Is
4520:             1             24  org.apache.hadoop.thirdparty.com.google.common.base.CharMatcher$None
4521:             1             24  org.apache.hadoop.thirdparty.com.google.common.base.CharMatcher$Whitespace
4522:             1             24  org.apache.hadoop.thirdparty.com.google.common.base.Joiner
4523:             1             24  org.apache.hadoop.thirdparty.com.google.common.base.Splitter$1
4524:             1             24  org.apache.hadoop.thirdparty.com.google.common.base.Suppliers$SupplierOfInstance
4525:             1             24  org.apache.hadoop.thirdparty.com.google.common.cache.LocalCache$LocalLoadingCache
4526:             1             24  org.apache.hadoop.thirdparty.com.google.common.cache.LocalCache$LocalManualCache
4527:             1             24  org.apache.hadoop.thirdparty.com.google.common.collect.Interners$InternerImpl
4528:             1             24  org.apache.hadoop.thirdparty.com.google.common.util.concurrent.AbstractFuture$Failure
4529:             1             24  org.apache.hadoop.thirdparty.com.google.common.util.concurrent.ImmediateFuture
4530:             1             24  org.apache.hadoop.thirdparty.protobuf.ExtensionRegistryLite
4531:             1             24  org.apache.hadoop.thirdparty.protobuf.UnknownFieldSet$Field$Builder
4532:             1             24  org.apache.hadoop.thirdparty.protobuf.UnsafeUtil$JvmMemoryAccessor
4533:             1             24  org.apache.hadoop.util.ReflectionUtils$1
4534:             1             24  org.apache.hadoop.util.Time$1
4535:             1             24  org.apache.log4j.or.RendererMap
4536:             1             24  org.apache.log4j.spi.DefaultRepositorySelector
4537:             1             24  org.apache.logging.log4j.core.async.AsyncLoggerConfig$1
4538:             1             24  org.apache.logging.log4j.core.async.AsyncLoggerContext$$Lambda$49/426960147
4539:             1             24  org.apache.logging.log4j.core.config.ConfigurationFactory$Factory
4540:             1             24  org.apache.logging.log4j.core.config.DefaultReliabilityStrategy
4541:             1             24  org.apache.logging.log4j.core.config.plugins.convert.EnumConverter
4542:             1             24  org.apache.logging.log4j.core.config.plugins.convert.TypeConverterRegistry
4543:             1             24  org.apache.logging.log4j.core.config.properties.PropertiesConfigurationFactory
4544:             1             24  org.apache.logging.log4j.core.config.xml.XmlConfigurationFactory
4545:             1             24  org.apache.logging.log4j.core.layout.PatternLayout$PatternFormatterPatternSerializer
4546:             1             24  org.apache.logging.log4j.core.util.BasicAuthorizationProvider
4547:             1             24  org.apache.logging.log4j.core.util.datetime.FastDateFormat$1
4548:             1             24  org.apache.logging.log4j.core.util.datetime.FastDateParser$1
4549:             1             24  org.apache.logging.log4j.core.util.datetime.FastDateParser$2
4550:             1             24  org.apache.logging.log4j.core.util.datetime.FastDateParser$3
4551:             1             24  org.apache.logging.log4j.core.util.datetime.FastDateParser$4
4552:             1             24  org.apache.logging.log4j.core.util.datetime.FastDateParser$5
4553:             1             24  org.apache.logging.log4j.core.util.datetime.FastDatePrinter$PaddedNumberField
4554:             1             24  org.apache.logging.log4j.core.util.datetime.FastDatePrinter$TwoDigitNumberField
4555:             1             24  org.apache.logging.log4j.spi.DefaultThreadContextStack
4556:             1             24  org.apache.ozone.rocksdiff.RocksDBCheckpointDiffer$$Lambda$136/1840194359
4557:             1             24  org.apache.ozone.rocksdiff.RocksDBCheckpointDiffer$$Lambda$137/621486957
4558:             1             24  org.apache.ratis.conf.RaftProperties
4559:             1             24  org.apache.ratis.grpc.server.GrpcAdminProtocolService
4560:             1             24  org.apache.ratis.grpc.server.GrpcClientProtocolService$OrderedStreamObservers
4561:             1             24  org.apache.ratis.grpc.server.GrpcService$$Lambda$250/1613912455
4562:             1             24  org.apache.ratis.grpc.server.GrpcService$AsyncService
4563:             1             24  org.apache.ratis.metrics.dropwizard3.RefCountingMap
4564:             1             24  org.apache.ratis.protocol.ClientId$1
4565:             1             24  org.apache.ratis.protocol.RaftGroupId$1
4566:             1             24  org.apache.ratis.server.DisabledDataStreamServerFactory$1
4567:             1             24  org.apache.ratis.server.RaftServer$Builder$$Lambda$236/2023349777
4568:             1             24  org.apache.ratis.server.RaftServerRpcWithProxy$$Lambda$270/1622912252
4569:             1             24  org.apache.ratis.server.impl.CommitInfoCache
4570:             1             24  org.apache.ratis.server.impl.LeaderStateImpl$$Lambda$1014/1685919646
4571:             1             24  org.apache.ratis.server.impl.LeaderStateImpl$$Lambda$1015/266749566
4572:             1             24  org.apache.ratis.server.impl.LeaderStateImpl$$Lambda$1016/248793467
4573:             1             24  org.apache.ratis.server.impl.LeaderStateImpl$SenderList
4574:             1             24  org.apache.ratis.server.impl.MessageStreamRequests$StreamMap
4575:             1             24  org.apache.ratis.server.impl.PendingRequests$RequestLimits
4576:             1             24  org.apache.ratis.server.impl.PendingRequests$RequestMap$$Lambda$1023/467824632
4577:             1             24  org.apache.ratis.server.impl.PendingRequests$RequestMap$$Lambda$1025/806938201
4578:             1             24  org.apache.ratis.server.impl.PendingStepDown$PendingRequestReference
4579:             1             24  org.apache.ratis.server.impl.RaftServerImpl$$Lambda$327/23728040
4580:             1             24  org.apache.ratis.server.impl.RaftServerImpl$$Lambda$340/1444909284
4581:             1             24  org.apache.ratis.server.impl.RaftServerImpl$$Lambda$341/1840797921
4582:             1             24  org.apache.ratis.server.impl.RaftServerImpl$Info
4583:             1             24  org.apache.ratis.server.impl.RaftServerProxy$$Lambda$242/1493142905
4584:             1             24  org.apache.ratis.server.impl.RaftServerProxy$$Lambda$278/324701295
4585:             1             24  org.apache.ratis.server.impl.ReadRequests$$Lambda$490/652621001
4586:             1             24  org.apache.ratis.server.impl.ServerState$$Lambda$314/1572177368
4587:             1             24  org.apache.ratis.server.impl.ServerState$$Lambda$320/2038463398
4588:             1             24  org.apache.ratis.server.impl.ServerState$$Lambda$403/611210454
4589:             1             24  org.apache.ratis.server.impl.ServerState$$Lambda$404/1780489487
4590:             1             24  org.apache.ratis.server.impl.ServerState$$Lambda$405/1154837936
4591:             1             24  org.apache.ratis.server.impl.SnapshotManagementRequestHandler$PendingRequestReference
4592:             1             24  org.apache.ratis.server.impl.StateMachineMetrics$$Lambda$499/171854001
4593:             1             24  org.apache.ratis.server.impl.StateMachineMetrics$$Lambda$500/871915864
4594:             1             24  org.apache.ratis.server.impl.StateMachineMetrics$$Lambda$502/849593928
4595:             1             24  org.apache.ratis.server.impl.StateMachineMetrics$$Lambda$504/128009980
4596:             1             24  org.apache.ratis.server.impl.StateMachineUpdater$$Lambda$491/2042158710
4597:             1             24  org.apache.ratis.server.impl.StateMachineUpdater$$Lambda$492/1852833268
4598:             1             24  org.apache.ratis.server.impl.TransactionManager
4599:             1             24  org.apache.ratis.server.impl.WriteIndexCache
4600:             1             24  org.apache.ratis.server.metrics.LeaderElectionMetrics$$Lambda$336/1092394121
4601:             1             24  org.apache.ratis.server.metrics.LeaderElectionMetrics$$Lambda$339/170761286
4602:             1             24  org.apache.ratis.server.metrics.LogAppenderMetrics
4603:             1             24  org.apache.ratis.server.metrics.RaftServerMetricsImpl$$Lambda$351/205589500
4604:             1             24  org.apache.ratis.server.metrics.RaftServerMetricsImpl$$Lambda$353/1986793303
4605:             1             24  org.apache.ratis.server.metrics.RaftServerMetricsImpl$$Lambda$355/1365703082
4606:             1             24  org.apache.ratis.server.metrics.RaftServerMetricsImpl$$Lambda$357/1837780428
4607:             1             24  org.apache.ratis.server.metrics.RaftServerMetricsImpl$$Lambda$359/1044251620
4608:             1             24  org.apache.ratis.server.raftlog.RaftLogBase$$Lambda$406/1041944221
4609:             1             24  org.apache.ratis.server.raftlog.RaftLogBase$$Lambda$407/1421370420
4610:             1             24  org.apache.ratis.server.raftlog.RaftLogBase$$Lambda$408/455274717
4611:             1             24  org.apache.ratis.server.raftlog.segmented.SegmentedRaftLog$$Lambda$422/1495078480
4612:             1             24  org.apache.ratis.server.raftlog.segmented.SegmentedRaftLogCache$$Lambda$414/458592430
4613:             1             24  org.apache.ratis.server.raftlog.segmented.SegmentedRaftLogCache$$Lambda$416/1840185068
4614:             1             24  org.apache.ratis.server.raftlog.segmented.SegmentedRaftLogCache$$Lambda$418/1493494934
4615:             1             24  org.apache.ratis.server.raftlog.segmented.SegmentedRaftLogWorker$$Lambda$423/484270118
4616:             1             24  org.apache.ratis.server.raftlog.segmented.SegmentedRaftLogWorker$$Lambda$424/1490770254
4617:             1             24  org.apache.ratis.server.raftlog.segmented.SegmentedRaftLogWorker$$Lambda$432/391443008
4618:             1             24  org.apache.ratis.server.raftlog.segmented.SegmentedRaftLogWorker$$Lambda$434/1773711734
4619:             1             24  org.apache.ratis.server.raftlog.segmented.SegmentedRaftLogWorker$$Lambda$436/1555529834
4620:             1             24  org.apache.ratis.server.raftlog.segmented.SegmentedRaftLogWorker$$Lambda$482/26861040
4621:             1             24  org.apache.ratis.server.storage.RaftStorageImpl$MetaFile
4622:             1             24  org.apache.ratis.server.storage.SnapshotManager$$Lambda$318/484177938
4623:             1             24  org.apache.ratis.statemachine.impl.BaseStateMachine$1
4624:             1             24  org.apache.ratis.thirdparty.com.google.common.base.CharMatcher$Is
4625:             1             24  org.apache.ratis.thirdparty.com.google.common.base.CharMatcher$None
4626:             1             24  org.apache.ratis.thirdparty.com.google.common.base.CharMatcher$Whitespace
4627:             1             24  org.apache.ratis.thirdparty.com.google.common.base.Joiner
4628:             1             24  org.apache.ratis.thirdparty.com.google.common.base.Splitter$1
4629:             1             24  org.apache.ratis.thirdparty.com.google.common.base.Suppliers$SupplierOfInstance
4630:             1             24  org.apache.ratis.thirdparty.com.google.common.collect.Interners$InternerImpl
4631:             1             24  org.apache.ratis.thirdparty.com.google.common.collect.SingletonImmutableList
4632:             1             24  org.apache.ratis.thirdparty.com.google.protobuf.ExtensionRegistryLite
4633:             1             24  org.apache.ratis.thirdparty.com.google.protobuf.GeneratedMessageV3$FieldAccessorTable$SyntheticOneofAccessor
4634:             1             24  org.apache.ratis.thirdparty.com.google.protobuf.TypeRegistry
4635:             1             24  org.apache.ratis.thirdparty.com.google.protobuf.UnknownFieldSet
4636:             1             24  org.apache.ratis.thirdparty.com.google.protobuf.UnsafeUtil$JvmMemoryAccessor
4637:             1             24  org.apache.ratis.thirdparty.io.grpc.CompressorRegistry
4638:             1             24  org.apache.ratis.thirdparty.io.grpc.InternalMethodDescriptor
4639:             1             24  org.apache.ratis.thirdparty.io.grpc.NameResolverRegistry$NameResolverFactory
4640:             1             24  org.apache.ratis.thirdparty.io.grpc.internal.SerializingExecutor$FieldUpdaterAtomicHelper
4641:             1             24  org.apache.ratis.thirdparty.io.grpc.internal.ServerImpl$ServerListenerImpl
4642:             1             24  org.apache.ratis.thirdparty.io.grpc.internal.TransportTracer$Factory
4643:             1             24  org.apache.ratis.thirdparty.io.grpc.netty.NettyAdaptiveCumulator
4644:             1             24  org.apache.ratis.thirdparty.io.netty.buffer.ByteBufUtil$1
4645:             1             24  org.apache.ratis.thirdparty.io.netty.channel.ChannelHandlerMask$1
4646:             1             24  org.apache.ratis.thirdparty.io.netty.channel.ChannelOutboundBuffer$1
4647:             1             24  org.apache.ratis.thirdparty.io.netty.channel.DefaultChannelPipeline$1
4648:             1             24  org.apache.ratis.thirdparty.io.netty.channel.DefaultMessageSizeEstimator
4649:             1             24  org.apache.ratis.thirdparty.io.netty.channel.DefaultMessageSizeEstimator$HandleImpl
4650:             1             24  org.apache.ratis.thirdparty.io.netty.channel.ServerChannelRecvByteBufAllocator
4651:             1             24  org.apache.ratis.thirdparty.io.netty.channel.WriteBufferWaterMark
4652:             1             24  org.apache.ratis.thirdparty.io.netty.channel.group.DefaultChannelGroup$1
4653:             1             24  org.apache.ratis.thirdparty.io.netty.channel.group.VoidChannelGroupFuture
4654:             1             24  org.apache.ratis.thirdparty.io.netty.handler.codec.CodecOutputList$2
4655:             1             24  org.apache.ratis.thirdparty.io.netty.util.NettyRuntime$AvailableProcessorsHolder
4656:             1             24  org.apache.ratis.thirdparty.io.netty.util.concurrent.DefaultPromise$CauseHolder
4657:             1             24  org.apache.ratis.thirdparty.io.netty.util.concurrent.FastThreadLocal
4658:             1             24  org.apache.ratis.thirdparty.io.netty.util.concurrent.GlobalEventExecutor$1
4659:             1             24  org.apache.ratis.thirdparty.io.netty.util.concurrent.GlobalEventExecutor$TaskRunner
4660:             1             24  org.apache.ratis.thirdparty.io.perfmark.Link
4661:             1             24  org.apache.ratis.util.JvmPauseMonitor$$Lambda$510/967532279
4662:             1             24  org.apache.ratis.util.PureJavaCrc32C
4663:             1             24  org.apache.ratis.util.function.StringSupplier$1
4664:             1             24  org.bouncycastle.jcajce.provider.asymmetric.COMPOSITE$CompositeKeyInfoConverter
4665:             1             24  org.eclipse.jetty.http.DateGenerator$1
4666:             1             24  org.eclipse.jetty.io.SelectorManager$$Lambda$529/656844049
4667:             1             24  org.eclipse.jetty.io.WriteFlusher$CompletingState
4668:             1             24  org.eclipse.jetty.io.WriteFlusher$IdleState
4669:             1             24  org.eclipse.jetty.io.WriteFlusher$WritingState
4670:             1             24  org.eclipse.jetty.security.DefaultAuthenticatorFactory
4671:             1             24  org.eclipse.jetty.server.AbstractConnector$1
4672:             1             24  org.eclipse.jetty.server.handler.HandlerCollection$Handlers
4673:             1             24  org.eclipse.jetty.server.session.HouseKeeper$Runner
4674:             1             24  org.eclipse.jetty.util.Trie$1
4675:             1             24  org.eclipse.jetty.util.Uptime
4676:             1             24  org.eclipse.jetty.util.component.Graceful$Shutdown
4677:             1             24  org.eclipse.jetty.util.resource.EmptyResource
4678:             1             24  org.eclipse.jetty.util.thread.QueuedThreadPool$Runner
4679:             1             24  org.eclipse.jetty.util.thread.SerializedExecutor
4680:             1             24  org.eclipse.jetty.webapp.WebInfConfiguration
4681:             1             24  org.rocksdb.RocksDB$Version
4682:             1             24  org.slf4j.impl.Reload4jLoggerFactory
4683:             1             24  org.slf4j.impl.StaticLoggerBinder
4684:             1             24  picocli.CommandLine$Model$ObjectBinding
4685:             1             24  sun.management.ClassLoadingImpl
4686:             1             24  sun.management.ManagementFactoryHelper$PlatformLoggingImpl
4687:             1             24  sun.misc.FloatingDecimal$1
4688:             1             24  sun.misc.FormattedFloatingDecimal$1
4689:             1             24  sun.misc.Launcher
4690:             1             24  sun.nio.ch.Util$1
4691:             1             24  sun.nio.fs.LinuxFileSystemProvider
4692:             1             24  sun.security.ssl.EphemeralKeyManager
4693:             1             24  sun.security.ssl.SSLSocketFactoryImpl
4694:             1             24  sun.security.ssl.SessionId
4695:             1             24  sun.text.normalizer.NormalizerBase$Mode
4696:             1             24  sun.text.normalizer.NormalizerBase$NFCMode
4697:             1             24  sun.text.normalizer.NormalizerBase$NFDMode
4698:             1             24  sun.text.normalizer.NormalizerBase$NFKCMode
4699:             1             24  sun.text.normalizer.NormalizerBase$NFKDMode
4700:             1             24  sun.util.calendar.Gregorian
4701:             1             24  sun.util.locale.provider.SPILocaleProviderAdapter
4702:             1             24  sun.util.resources.LocaleData
4703:             1             16  com.codahale.metrics.Clock$UserTimeClock
4704:             1             16  com.codahale.metrics.LongAdderProxy$JdkProvider
4705:             1             16  com.codahale.metrics.MetricFilter$1
4706:             1             16  com.codahale.metrics.MetricRegistry$MetricBuilder$1
4707:             1             16  com.codahale.metrics.MetricRegistry$MetricBuilder$2
4708:             1             16  com.codahale.metrics.MetricRegistry$MetricBuilder$3
4709:             1             16  com.codahale.metrics.MetricRegistry$MetricBuilder$4
4710:             1             16  com.codahale.metrics.ThreadLocalRandomProxy$JdkProvider
4711:             1             16  com.fasterxml.jackson.core.io.JsonStringEncoder
4712:             1             16  com.fasterxml.jackson.core.util.DefaultPrettyPrinter$FixedSpaceIndenter
4713:             1             16  com.fasterxml.jackson.core.util.DefaultPrettyPrinter$NopIndenter
4714:             1             16  com.fasterxml.jackson.databind.deser.std.StdKeyDeserializers
4715:             1             16  com.fasterxml.jackson.databind.introspect.AnnotationCollector$NoAnnotations
4716:             1             16  com.fasterxml.jackson.databind.jsontype.impl.LaissezFaireSubTypeValidator
4717:             1             16  com.google.common.base.Absent
4718:             1             16  com.google.common.base.Equivalence$Equals
4719:             1             16  com.google.common.base.Platform$JdkPatternCompiler
4720:             1             16  com.google.common.base.Ticker$1
4721:             1             16  com.google.common.cache.CacheBuilder$$Lambda$87/1886567481
4722:             1             16  com.google.common.cache.CacheBuilder$1
4723:             1             16  com.google.common.cache.CacheBuilder$2
4724:             1             16  com.google.common.cache.LocalCache$1
4725:             1             16  com.google.common.cache.LocalCache$2
4726:             1             16  com.google.common.cache.LongAddables$1
4727:             1             16  com.google.common.collect.FluentIterable$2$$Lambda$77/819245704
4728:             1             16  com.google.common.util.concurrent.AbstractFuture$UnsafeAtomicHelper
4729:             1             16  com.google.protobuf.DescriptorProtos$DescriptorProto$1
4730:             1             16  com.google.protobuf.DescriptorProtos$EnumDescriptorProto$1
4731:             1             16  com.google.protobuf.DescriptorProtos$EnumOptions$1
4732:             1             16  com.google.protobuf.DescriptorProtos$EnumValueDescriptorProto$1
4733:             1             16  com.google.protobuf.DescriptorProtos$EnumValueOptions$1
4734:             1             16  com.google.protobuf.DescriptorProtos$FieldDescriptorProto$1
4735:             1             16  com.google.protobuf.DescriptorProtos$FieldDescriptorProto$Label$1
4736:             1             16  com.google.protobuf.DescriptorProtos$FieldDescriptorProto$Type$1
4737:             1             16  com.google.protobuf.DescriptorProtos$FieldOptions$1
4738:             1             16  com.google.protobuf.DescriptorProtos$FieldOptions$CType$1
4739:             1             16  com.google.protobuf.DescriptorProtos$FileDescriptorProto$1
4740:             1             16  com.google.protobuf.DescriptorProtos$FileOptions$1
4741:             1             16  com.google.protobuf.DescriptorProtos$FileOptions$OptimizeMode$1
4742:             1             16  com.google.protobuf.DescriptorProtos$MessageOptions$1
4743:             1             16  com.google.protobuf.DescriptorProtos$MethodDescriptorProto$1
4744:             1             16  com.google.protobuf.DescriptorProtos$MethodOptions$1
4745:             1             16  com.google.protobuf.DescriptorProtos$ServiceDescriptorProto$1
4746:             1             16  com.google.protobuf.DescriptorProtos$ServiceOptions$1
4747:             1             16  com.google.protobuf.DescriptorProtos$SourceCodeInfo$1
4748:             1             16  com.google.protobuf.SmallSortedMap$EmptySet$1
4749:             1             16  com.google.protobuf.SmallSortedMap$EmptySet$2
4750:             1             16  com.google.protobuf.UnknownFieldSet$Parser
4751:             1             16  com.sun.jmx.interceptor.DefaultMBeanServerInterceptor$ResourceContext$1
4752:             1             16  com.sun.jmx.mbeanserver.DefaultMXBeanMappingFactory
4753:             1             16  com.sun.jmx.mbeanserver.MBeanAnalyzer$MethodOrder
4754:             1             16  com.sun.jmx.mbeanserver.StandardMBeanIntrospector
4755:             1             16  io.grpc.Codec$Identity
4756:             1             16  io.grpc.Deadline$SystemTicker
4757:             1             16  io.grpc.Metadata$1
4758:             1             16  io.grpc.Metadata$2
4759:             1             16  io.grpc.Status$StatusCodeMarshaller
4760:             1             16  io.grpc.Status$StatusMessageMarshaller
4761:             1             16  io.grpc.ThreadLocalContextStorage
4762:             1             16  io.grpc.internal.CallTracer$1
4763:             1             16  io.grpc.internal.CompositeReadableBuffer$1
4764:             1             16  io.grpc.internal.CompositeReadableBuffer$2
4765:             1             16  io.grpc.internal.CompositeReadableBuffer$3
4766:             1             16  io.grpc.internal.CompositeReadableBuffer$4
4767:             1             16  io.grpc.internal.CompositeReadableBuffer$5
4768:             1             16  io.grpc.internal.GrpcUtil$1
4769:             1             16  io.grpc.internal.GrpcUtil$2
4770:             1             16  io.grpc.internal.GrpcUtil$3
4771:             1             16  io.grpc.internal.GrpcUtil$4
4772:             1             16  io.grpc.internal.GrpcUtil$5
4773:             1             16  io.grpc.internal.GrpcUtil$TimeoutMarshaller
4774:             1             16  io.grpc.internal.KeepAliveEnforcer$SystemTicker
4775:             1             16  io.grpc.internal.ProxyDetectorImpl$1
4776:             1             16  io.grpc.internal.ProxyDetectorImpl$2
4777:             1             16  io.grpc.internal.ServerImpl$NoopListener
4778:             1             16  io.grpc.internal.ServerImplBuilder$DefaultFallbackRegistry
4779:             1             16  io.grpc.internal.TimeProvider$1
4780:             1             16  io.grpc.netty.ProtocolNegotiators$PlaintextProtocolNegotiator
4781:             1             16  io.grpc.netty.Utils$1
4782:             1             16  io.netty.buffer.AbstractReferenceCountedByteBuf$1
4783:             1             16  io.netty.buffer.ByteBufUtil$2
4784:             1             16  io.netty.buffer.CompositeByteBuf$1
4785:             1             16  io.netty.buffer.CompositeByteBuf$2
4786:             1             16  io.netty.buffer.PoolThreadCache$MemoryRegionCache$1
4787:             1             16  io.netty.buffer.PooledSlicedByteBuf$1
4788:             1             16  io.netty.buffer.PooledUnsafeDirectByteBuf$1
4789:             1             16  io.netty.channel.ChannelFutureListener$1
4790:             1             16  io.netty.channel.ChannelFutureListener$2
4791:             1             16  io.netty.channel.ChannelFutureListener$3
4792:             1             16  io.netty.channel.ChannelOutboundBuffer$Entry$1
4793:             1             16  io.netty.channel.DefaultSelectStrategy
4794:             1             16  io.netty.channel.DefaultSelectStrategyFactory
4795:             1             16  io.netty.handler.codec.ByteToMessageDecoder$1
4796:             1             16  io.netty.handler.codec.ByteToMessageDecoder$2
4797:             1             16  io.netty.handler.codec.CodecOutputList$1
4798:             1             16  io.netty.handler.codec.DefaultHeaders$NameValidator$1
4799:             1             16  io.netty.handler.codec.DefaultHeaders$ValueValidator$1
4800:             1             16  io.netty.handler.codec.UnsupportedValueConverter
4801:             1             16  io.netty.handler.codec.http2.DefaultHttp2LocalFlowController$2
4802:             1             16  io.netty.handler.codec.http2.Http2HeadersEncoder$1
4803:             1             16  io.netty.handler.codec.http2.Http2HeadersEncoder$2
4804:             1             16  io.netty.handler.codec.http2.Http2PromisedRequestVerifier$1
4805:             1             16  io.netty.handler.codec.http2.WeightedFairQueueByteDistributor$StateOnlyComparator
4806:             1             16  io.netty.handler.codec.http2.WeightedFairQueueByteDistributor$StatePseudoTimeComparator
4807:             1             16  io.netty.util.AbstractReferenceCounted$1
4808:             1             16  io.netty.util.AsciiString$1
4809:             1             16  io.netty.util.AsciiString$2
4810:             1             16  io.netty.util.Recycler$1
4811:             1             16  io.netty.util.collection.IntCollections$EmptyMap
4812:             1             16  io.netty.util.concurrent.AbstractScheduledEventExecutor$1
4813:             1             16  io.netty.util.concurrent.AbstractScheduledEventExecutor$2
4814:             1             16  io.netty.util.concurrent.DefaultEventExecutorChooserFactory
4815:             1             16  io.netty.util.concurrent.RejectedExecutionHandlers$1
4816:             1             16  io.netty.util.concurrent.SingleThreadEventExecutor$1
4817:             1             16  io.netty.util.internal.CleanerJava6
4818:             1             16  io.netty.util.internal.PlatformDependent$1
4819:             1             16  io.netty.util.internal.PlatformDependent$2
4820:             1             16  io.opentracing.noop.NoopSpanBuilderImpl
4821:             1             16  io.opentracing.noop.NoopSpanImpl
4822:             1             16  io.opentracing.noop.NoopTracerImpl
4823:             1             16  io.opentracing.util.GlobalTracer
4824:             1             16  io.perfmark.Impl
4825:             1             16  io.perfmark.TaskCloseable
4826:             1             16  java.io.DeleteOnExitHook$1
4827:             1             16  java.io.FileDescriptor$1
4828:             1             16  java.lang.ApplicationShutdownHooks$1
4829:             1             16  java.lang.CharacterData00
4830:             1             16  java.lang.CharacterDataLatin1
4831:             1             16  java.lang.ProcessBuilder$NullInputStream
4832:             1             16  java.lang.ProcessBuilder$NullOutputStream
4833:             1             16  java.lang.Runtime
4834:             1             16  java.lang.String$CaseInsensitiveComparator
4835:             1             16  java.lang.System$2
4836:             1             16  java.lang.Terminator$1
4837:             1             16  java.lang.UNIXProcess$$Lambda$10/438135304
4838:             1             16  java.lang.UNIXProcess$Platform$$Lambda$7/103887628
4839:             1             16  java.lang.invoke.MemberName$Factory
4840:             1             16  java.lang.invoke.MethodHandleImpl$2
4841:             1             16  java.lang.invoke.MethodHandleImpl$3
4842:             1             16  java.lang.management.PlatformComponent$1
4843:             1             16  java.lang.management.PlatformComponent$10
4844:             1             16  java.lang.management.PlatformComponent$11
4845:             1             16  java.lang.management.PlatformComponent$12
4846:             1             16  java.lang.management.PlatformComponent$13
4847:             1             16  java.lang.management.PlatformComponent$14
4848:             1             16  java.lang.management.PlatformComponent$15
4849:             1             16  java.lang.management.PlatformComponent$2
4850:             1             16  java.lang.management.PlatformComponent$3
4851:             1             16  java.lang.management.PlatformComponent$4
4852:             1             16  java.lang.management.PlatformComponent$5
4853:             1             16  java.lang.management.PlatformComponent$6
4854:             1             16  java.lang.management.PlatformComponent$7
4855:             1             16  java.lang.management.PlatformComponent$8
4856:             1             16  java.lang.management.PlatformComponent$9
4857:             1             16  java.lang.ref.Reference$1
4858:             1             16  java.lang.ref.Reference$Lock
4859:             1             16  java.lang.reflect.Proxy$KeyFactory
4860:             1             16  java.lang.reflect.Proxy$ProxyClassFactory
4861:             1             16  java.lang.reflect.ReflectAccess
4862:             1             16  java.net.InetAddress$2
4863:             1             16  java.net.URLClassLoader$7
4864:             1             16  java.nio.Bits$1
4865:             1             16  java.nio.file.Files$AcceptAllFilter
4866:             1             16  java.security.ProtectionDomain$2
4867:             1             16  java.security.ProtectionDomain$JavaSecurityAccessImpl
4868:             1             16  java.time.chrono.AbstractChronology$$Lambda$15/275310919
4869:             1             16  java.time.chrono.AbstractChronology$$Lambda$16/183284570
4870:             1             16  java.time.chrono.AbstractChronology$$Lambda$17/146305349
4871:             1             16  java.time.chrono.IsoChronology
4872:             1             16  java.time.format.DateTimeFormatter$$Lambda$18/1943325854
4873:             1             16  java.time.format.DateTimeFormatter$$Lambda$19/134310351
4874:             1             16  java.time.format.DateTimeFormatterBuilder$$Lambda$14/1902260856
4875:             1             16  java.time.format.DateTimeFormatterBuilder$2
4876:             1             16  java.time.format.DateTimeTextProvider$1
4877:             1             16  java.util.Collections$EmptyEnumeration
4878:             1             16  java.util.Collections$EmptyIterator
4879:             1             16  java.util.Collections$EmptySet
4880:             1             16  java.util.Currency$CurrencyNameGetter
4881:             1             16  java.util.EnumMap$1
4882:             1             16  java.util.ResourceBundle$Control
4883:             1             16  java.util.Spliterators$EmptySpliterator$OfDouble
4884:             1             16  java.util.Spliterators$EmptySpliterator$OfInt
4885:             1             16  java.util.Spliterators$EmptySpliterator$OfLong
4886:             1             16  java.util.Spliterators$EmptySpliterator$OfRef
4887:             1             16  java.util.concurrent.ForkJoinPool$DefaultForkJoinWorkerThreadFactory
4888:             1             16  java.util.concurrent.ThreadPoolExecutor$AbortPolicy
4889:             1             16  java.util.concurrent.ThreadPoolExecutor$CallerRunsPolicy
4890:             1             16  java.util.concurrent.ThreadPoolExecutor$DiscardPolicy
4891:             1             16  java.util.function.Function$$Lambda$82/2143571436
4892:             1             16  java.util.jar.JavaUtilJarAccessImpl
4893:             1             16  java.util.logging.Logging
4894:             1             16  java.util.logging.LoggingProxyImpl
4895:             1             16  java.util.regex.Pattern$CharPropertyNames$5
4896:             1             16  java.util.stream.Collectors$$Lambda$3/1595953398
4897:             1             16  java.util.stream.Collectors$$Lambda$4/335471116
4898:             1             16  java.util.stream.Collectors$$Lambda$45/1852777344
4899:             1             16  java.util.stream.Collectors$$Lambda$46/1990519794
4900:             1             16  java.util.stream.Collectors$$Lambda$47/780934299
4901:             1             16  java.util.stream.Collectors$$Lambda$5/1308927845
4902:             1             16  java.util.stream.Collectors$$Lambda$62/1215904751
4903:             1             16  java.util.stream.Collectors$$Lambda$63/2099802038
4904:             1             16  java.util.stream.Collectors$$Lambda$64/1052212904
4905:             1             16  java.util.stream.Collectors$$Lambda$703/128297679
4906:             1             16  java.util.stream.Collectors$$Lambda$74/1217312754
4907:             1             16  java.util.stream.Collectors$$Lambda$75/1585571244
4908:             1             16  java.util.stream.Collectors$$Lambda$76/1099552523
4909:             1             16  java.util.stream.Collectors$$Lambda$83/2117099736
4910:             1             16  java.util.stream.Collectors$$Lambda$84/647149086
4911:             1             16  java.util.stream.FindOps$$Lambda$94/930317866
4912:             1             16  java.util.stream.FindOps$$Lambda$95/571956559
4913:             1             16  java.util.stream.IntPipeline$$Lambda$531/1768926513
4914:             1             16  java.util.stream.LongPipeline$$Lambda$372/934225099
4915:             1             16  java.util.stream.Nodes$EmptyNode$OfDouble
4916:             1             16  java.util.stream.Nodes$EmptyNode$OfInt
4917:             1             16  java.util.stream.Nodes$EmptyNode$OfLong
4918:             1             16  java.util.stream.Nodes$EmptyNode$OfRef
4919:             1             16  java.util.stream.ReferencePipeline$$Lambda$949/1966951454
4920:             1             16  java.util.zip.ZipFile$1
4921:             1             16  javax.management.JMX
4922:             1             16  javax.management.MBeanServerBuilder
4923:             1             16  javax.management.NotificationBroadcasterSupport$1
4924:             1             16  org.apache.commons.configuration2.ConfigurationUtils$1
4925:             1             16  org.apache.commons.configuration2.PropertiesConfiguration$DefaultIOFactory
4926:             1             16  org.apache.commons.configuration2.convert.DisabledListDelimiterHandler
4927:             1             16  org.apache.commons.configuration2.interpol.EnvironmentLookup
4928:             1             16  org.apache.commons.configuration2.io.AbsoluteNameLocationStrategy
4929:             1             16  org.apache.commons.configuration2.io.BasePathLocationStrategy
4930:             1             16  org.apache.commons.configuration2.io.ClasspathLocationStrategy
4931:             1             16  org.apache.commons.configuration2.io.FileHandler$1
4932:             1             16  org.apache.commons.configuration2.io.FileSystemLocationStrategy
4933:             1             16  org.apache.commons.configuration2.io.ProvidedURLLocationStrategy
4934:             1             16  org.apache.commons.io.IOUtils$$Lambda$168/885991756
4935:             1             16  org.apache.commons.io.IOUtils$$Lambda$169/1299885218
4936:             1             16  org.apache.commons.io.filefilter.TrueFileFilter
4937:             1             16  org.apache.commons.lang3.ObjectUtils$Null
4938:             1             16  org.apache.commons.lang3.StringEscapeUtils$CsvEscaper
4939:             1             16  org.apache.commons.lang3.StringEscapeUtils$CsvUnescaper
4940:             1             16  org.apache.commons.lang3.text.StrLookup$SystemPropertiesStrLookup
4941:             1             16  org.apache.commons.lang3.text.StrMatcher$NoMatcher
4942:             1             16  org.apache.commons.lang3.text.StrMatcher$TrimMatcher
4943:             1             16  org.apache.commons.lang3.text.translate.OctalUnescaper
4944:             1             16  org.apache.commons.lang3.text.translate.UnicodeUnescaper
4945:             1             16  org.apache.hadoop.conf.ReconfigurationUtil
4946:             1             16  org.apache.hadoop.fs.FileSystem$3
4947:             1             16  org.apache.hadoop.fs.permission.FsPermission$1
4948:             1             16  org.apache.hadoop.hdds.DatanodeVersion$$Lambda$677/449789557
4949:             1             16  org.apache.hadoop.hdds.ExitManager
4950:             1             16  org.apache.hadoop.hdds.conf.OzoneConfiguration$$Lambda$1/2052915500
4951:             1             16  org.apache.hadoop.hdds.conf.OzoneConfiguration$$Lambda$2/785992331
4952:             1             16  org.apache.hadoop.hdds.conf.OzoneConfiguration$$Lambda$522/1114681666
4953:             1             16  org.apache.hadoop.hdds.protocol.DatanodeDetails$$Lambda$675/61711757
4954:             1             16  org.apache.hadoop.hdds.protocol.DatanodeDetails$$Lambda$676/295186498
4955:             1             16  org.apache.hadoop.hdds.protocol.proto.HddsProtos$AddScmRequestProto$1
4956:             1             16  org.apache.hadoop.hdds.protocol.proto.HddsProtos$AddScmResponseProto$1
4957:             1             16  org.apache.hadoop.hdds.protocol.proto.HddsProtos$BlockID$1
4958:             1             16  org.apache.hadoop.hdds.protocol.proto.HddsProtos$CompactionLogEntryProto$1
4959:             1             16  org.apache.hadoop.hdds.protocol.proto.HddsProtos$ContainerBlockID$1
4960:             1             16  org.apache.hadoop.hdds.protocol.proto.HddsProtos$ContainerID$1
4961:             1             16  org.apache.hadoop.hdds.protocol.proto.HddsProtos$ContainerInfoProto$1
4962:             1             16  org.apache.hadoop.hdds.protocol.proto.HddsProtos$ContainerWithPipeline$1
4963:             1             16  org.apache.hadoop.hdds.protocol.proto.HddsProtos$DatanodeDetailsProto$1
4964:             1             16  org.apache.hadoop.hdds.protocol.proto.HddsProtos$DefaultReplicationConfig$1
4965:             1             16  org.apache.hadoop.hdds.protocol.proto.HddsProtos$ECReplicationConfig$1
4966:             1             16  org.apache.hadoop.hdds.protocol.proto.HddsProtos$ExcludeListProto$1
4967:             1             16  org.apache.hadoop.hdds.protocol.proto.HddsProtos$ExtendedDatanodeDetailsProto$1
4968:             1             16  org.apache.hadoop.hdds.protocol.proto.HddsProtos$GetScmInfoRequestProto$1
4969:             1             16  org.apache.hadoop.hdds.protocol.proto.HddsProtos$GetScmInfoResponseProto$1
4970:             1             16  org.apache.hadoop.hdds.protocol.proto.HddsProtos$KeyValue$1
4971:             1             16  org.apache.hadoop.hdds.protocol.proto.HddsProtos$LifeCycleState$1
4972:             1             16  org.apache.hadoop.hdds.protocol.proto.HddsProtos$NodeOperationalState$1
4973:             1             16  org.apache.hadoop.hdds.protocol.proto.HddsProtos$NodePool$1
4974:             1             16  org.apache.hadoop.hdds.protocol.proto.HddsProtos$NodeState$1
4975:             1             16  org.apache.hadoop.hdds.protocol.proto.HddsProtos$NodeType$1
4976:             1             16  org.apache.hadoop.hdds.protocol.proto.HddsProtos$Pipeline$1
4977:             1             16  org.apache.hadoop.hdds.protocol.proto.HddsProtos$PipelineID$1
4978:             1             16  org.apache.hadoop.hdds.protocol.proto.HddsProtos$PipelineState$1
4979:             1             16  org.apache.hadoop.hdds.protocol.proto.HddsProtos$Port$1
4980:             1             16  org.apache.hadoop.hdds.protocol.proto.HddsProtos$QueryScope$1
4981:             1             16  org.apache.hadoop.hdds.protocol.proto.HddsProtos$ReplicationFactor$1
4982:             1             16  org.apache.hadoop.hdds.protocol.proto.HddsProtos$ReplicationManagerReportProto$1
4983:             1             16  org.apache.hadoop.hdds.protocol.proto.HddsProtos$ReplicationType$1
4984:             1             16  org.apache.hadoop.hdds.protocol.proto.HddsProtos$TokenProto$1
4985:             1             16  org.apache.hadoop.hdds.protocol.proto.HddsProtos$TransferLeadershipRequestProto$1
4986:             1             16  org.apache.hadoop.hdds.protocol.proto.HddsProtos$TransferLeadershipResponseProto$1
4987:             1             16  org.apache.hadoop.hdds.protocol.proto.HddsProtos$UUID$1
4988:             1             16  org.apache.hadoop.hdds.protocol.proto.HddsProtos$UpgradeFinalizationStatus$1
4989:             1             16  org.apache.hadoop.hdds.protocol.proto.HddsProtos$UpgradeFinalizationStatus$Status$1
4990:             1             16  org.apache.hadoop.hdds.protocol.proto.ReconfigureProtocolProtos$StartReconfigureResponseProto$1
4991:             1             16  org.apache.hadoop.hdds.protocol.proto.ScmBlockLocationProtocolProtos$AllocateBlockResponse$1
4992:             1             16  org.apache.hadoop.hdds.protocol.proto.ScmBlockLocationProtocolProtos$AllocateScmBlockRequestProto$1
4993:             1             16  org.apache.hadoop.hdds.protocol.proto.ScmBlockLocationProtocolProtos$AllocateScmBlockResponseProto$1
4994:             1             16  org.apache.hadoop.hdds.protocol.proto.ScmBlockLocationProtocolProtos$DeleteKeyBlocksResultProto$1
4995:             1             16  org.apache.hadoop.hdds.protocol.proto.ScmBlockLocationProtocolProtos$DeleteScmBlockResult$1
4996:             1             16  org.apache.hadoop.hdds.protocol.proto.ScmBlockLocationProtocolProtos$DeleteScmBlockResult$Result$1
4997:             1             16  org.apache.hadoop.hdds.protocol.proto.ScmBlockLocationProtocolProtos$DeleteScmKeyBlocksRequestProto$1
4998:             1             16  org.apache.hadoop.hdds.protocol.proto.ScmBlockLocationProtocolProtos$DeleteScmKeyBlocksResponseProto$1
4999:             1             16  org.apache.hadoop.hdds.protocol.proto.ScmBlockLocationProtocolProtos$KeyBlocks$1
5000:             1             16  org.apache.hadoop.hdds.protocol.proto.ScmBlockLocationProtocolProtos$SCMBlockLocationRequest$1
5001:             1             16  org.apache.hadoop.hdds.protocol.proto.ScmBlockLocationProtocolProtos$SCMBlockLocationResponse$1
5002:             1             16  org.apache.hadoop.hdds.protocol.proto.ScmBlockLocationProtocolProtos$SortDatanodesRequestProto$1
5003:             1             16  org.apache.hadoop.hdds.protocol.proto.ScmBlockLocationProtocolProtos$SortDatanodesResponseProto$1
5004:             1             16  org.apache.hadoop.hdds.protocol.proto.ScmBlockLocationProtocolProtos$Status$1
5005:             1             16  org.apache.hadoop.hdds.protocol.proto.ScmBlockLocationProtocolProtos$Type$1
5006:             1             16  org.apache.hadoop.hdds.protocol.proto.ScmBlockLocationProtocolProtos$UserInfo$1
5007:             1             16  org.apache.hadoop.hdds.protocol.proto.StorageContainerLocationProtocolProtos$ActivatePipelineRequestProto$1
5008:             1             16  org.apache.hadoop.hdds.protocol.proto.StorageContainerLocationProtocolProtos$ActivatePipelineResponseProto$1
5009:             1             16  org.apache.hadoop.hdds.protocol.proto.StorageContainerLocationProtocolProtos$ClosePipelineRequestProto$1
5010:             1             16  org.apache.hadoop.hdds.protocol.proto.StorageContainerLocationProtocolProtos$ClosePipelineResponseProto$1
5011:             1             16  org.apache.hadoop.hdds.protocol.proto.StorageContainerLocationProtocolProtos$ContainerBalancerStatusRequestProto$1
5012:             1             16  org.apache.hadoop.hdds.protocol.proto.StorageContainerLocationProtocolProtos$ContainerBalancerStatusResponseProto$1
5013:             1             16  org.apache.hadoop.hdds.protocol.proto.StorageContainerLocationProtocolProtos$ContainerRequestProto$1
5014:             1             16  org.apache.hadoop.hdds.protocol.proto.StorageContainerLocationProtocolProtos$ContainerResponseProto$1
5015:             1             16  org.apache.hadoop.hdds.protocol.proto.StorageContainerLocationProtocolProtos$ContainerResponseProto$Error$1
5016:             1             16  org.apache.hadoop.hdds.protocol.proto.StorageContainerLocationProtocolProtos$DatanodeUsageInfoRequestProto$1
5017:             1             16  org.apache.hadoop.hdds.protocol.proto.StorageContainerLocationProtocolProtos$DatanodeUsageInfoResponseProto$1
5018:             1             16  org.apache.hadoop.hdds.protocol.proto.StorageContainerLocationProtocolProtos$DeactivatePipelineRequestProto$1
5019:             1             16  org.apache.hadoop.hdds.protocol.proto.StorageContainerLocationProtocolProtos$DeactivatePipelineResponseProto$1
5020:             1             16  org.apache.hadoop.hdds.protocol.proto.StorageContainerLocationProtocolProtos$DecommissionNodesRequestProto$1
5021:             1             16  org.apache.hadoop.hdds.protocol.proto.StorageContainerLocationProtocolProtos$DecommissionNodesResponseProto$1
5022:             1             16  org.apache.hadoop.hdds.protocol.proto.StorageContainerLocationProtocolProtos$DecommissionScmRequestProto$1
5023:             1             16  org.apache.hadoop.hdds.protocol.proto.StorageContainerLocationProtocolProtos$DecommissionScmResponseProto$1
5024:             1             16  org.apache.hadoop.hdds.protocol.proto.StorageContainerLocationProtocolProtos$FinalizeScmUpgradeRequestProto$1
5025:             1             16  org.apache.hadoop.hdds.protocol.proto.StorageContainerLocationProtocolProtos$FinalizeScmUpgradeResponseProto$1
5026:             1             16  org.apache.hadoop.hdds.protocol.proto.StorageContainerLocationProtocolProtos$ForceExitSafeModeRequestProto$1
5027:             1             16  org.apache.hadoop.hdds.protocol.proto.StorageContainerLocationProtocolProtos$ForceExitSafeModeResponseProto$1
5028:             1             16  org.apache.hadoop.hdds.protocol.proto.StorageContainerLocationProtocolProtos$GetContainerCountRequestProto$1
5029:             1             16  org.apache.hadoop.hdds.protocol.proto.StorageContainerLocationProtocolProtos$GetContainerCountResponseProto$1
5030:             1             16  org.apache.hadoop.hdds.protocol.proto.StorageContainerLocationProtocolProtos$GetContainerReplicasRequestProto$1
5031:             1             16  org.apache.hadoop.hdds.protocol.proto.StorageContainerLocationProtocolProtos$GetContainerReplicasResponseProto$1
5032:             1             16  org.apache.hadoop.hdds.protocol.proto.StorageContainerLocationProtocolProtos$GetContainerRequestProto$1
5033:             1             16  org.apache.hadoop.hdds.protocol.proto.StorageContainerLocationProtocolProtos$GetContainerResponseProto$1
5034:             1             16  org.apache.hadoop.hdds.protocol.proto.StorageContainerLocationProtocolProtos$GetContainerTokenRequestProto$1
5035:             1             16  org.apache.hadoop.hdds.protocol.proto.StorageContainerLocationProtocolProtos$GetContainerTokenResponseProto$1
5036:             1             16  org.apache.hadoop.hdds.protocol.proto.StorageContainerLocationProtocolProtos$GetContainerWithPipelineBatchRequestProto$1
5037:             1             16  org.apache.hadoop.hdds.protocol.proto.StorageContainerLocationProtocolProtos$GetContainerWithPipelineBatchResponseProto$1
5038:             1             16  org.apache.hadoop.hdds.protocol.proto.StorageContainerLocationProtocolProtos$GetContainerWithPipelineRequestProto$1
5039:             1             16  org.apache.hadoop.hdds.protocol.proto.StorageContainerLocationProtocolProtos$GetContainerWithPipelineResponseProto$1
5040:             1             16  org.apache.hadoop.hdds.protocol.proto.StorageContainerLocationProtocolProtos$GetExistContainerWithPipelinesInBatchRequestProto$1
5041:             1             16  org.apache.hadoop.hdds.protocol.proto.StorageContainerLocationProtocolProtos$GetExistContainerWithPipelinesInBatchResponseProto$1
5042:             1             16  org.apache.hadoop.hdds.protocol.proto.StorageContainerLocationProtocolProtos$GetFailedDeletedBlocksTxnRequestProto$1
5043:             1             16  org.apache.hadoop.hdds.protocol.proto.StorageContainerLocationProtocolProtos$GetFailedDeletedBlocksTxnResponseProto$1
5044:             1             16  org.apache.hadoop.hdds.protocol.proto.StorageContainerLocationProtocolProtos$GetPipelineRequestProto$1
5045:             1             16  org.apache.hadoop.hdds.protocol.proto.StorageContainerLocationProtocolProtos$GetPipelineResponseProto$1
5046:             1             16  org.apache.hadoop.hdds.protocol.proto.StorageContainerLocationProtocolProtos$GetSafeModeRuleStatusesRequestProto$1
5047:             1             16  org.apache.hadoop.hdds.protocol.proto.StorageContainerLocationProtocolProtos$GetSafeModeRuleStatusesResponseProto$1
5048:             1             16  org.apache.hadoop.hdds.protocol.proto.StorageContainerLocationProtocolProtos$InSafeModeRequestProto$1
5049:             1             16  org.apache.hadoop.hdds.protocol.proto.StorageContainerLocationProtocolProtos$InSafeModeResponseProto$1
5050:             1             16  org.apache.hadoop.hdds.protocol.proto.StorageContainerLocationProtocolProtos$ListPipelineRequestProto$1
5051:             1             16  org.apache.hadoop.hdds.protocol.proto.StorageContainerLocationProtocolProtos$ListPipelineResponseProto$1
5052:             1             16  org.apache.hadoop.hdds.protocol.proto.StorageContainerLocationProtocolProtos$NodeQueryRequestProto$1
5053:             1             16  org.apache.hadoop.hdds.protocol.proto.StorageContainerLocationProtocolProtos$NodeQueryResponseProto$1
5054:             1             16  org.apache.hadoop.hdds.protocol.proto.StorageContainerLocationProtocolProtos$PipelineRequestProto$1
5055:             1             16  org.apache.hadoop.hdds.protocol.proto.StorageContainerLocationProtocolProtos$PipelineResponseProto$1
5056:             1             16  org.apache.hadoop.hdds.protocol.proto.StorageContainerLocationProtocolProtos$PipelineResponseProto$Error$1
5057:             1             16  org.apache.hadoop.hdds.protocol.proto.StorageContainerLocationProtocolProtos$QueryUpgradeFinalizationProgressRequestProto$1
5058:             1             16  org.apache.hadoop.hdds.protocol.proto.StorageContainerLocationProtocolProtos$QueryUpgradeFinalizationProgressResponseProto$1
5059:             1             16  org.apache.hadoop.hdds.protocol.proto.StorageContainerLocationProtocolProtos$RecommissionNodesRequestProto$1
5060:             1             16  org.apache.hadoop.hdds.protocol.proto.StorageContainerLocationProtocolProtos$RecommissionNodesResponseProto$1
5061:             1             16  org.apache.hadoop.hdds.protocol.proto.StorageContainerLocationProtocolProtos$ReplicationManagerReportRequestProto$1
5062:             1             16  org.apache.hadoop.hdds.protocol.proto.StorageContainerLocationProtocolProtos$ReplicationManagerReportResponseProto$1
5063:             1             16  org.apache.hadoop.hdds.protocol.proto.StorageContainerLocationProtocolProtos$ReplicationManagerStatusRequestProto$1
5064:             1             16  org.apache.hadoop.hdds.protocol.proto.StorageContainerLocationProtocolProtos$ReplicationManagerStatusResponseProto$1
5065:             1             16  org.apache.hadoop.hdds.protocol.proto.StorageContainerLocationProtocolProtos$ResetDeletedBlockRetryCountRequestProto$1
5066:             1             16  org.apache.hadoop.hdds.protocol.proto.StorageContainerLocationProtocolProtos$ResetDeletedBlockRetryCountResponseProto$1
5067:             1             16  org.apache.hadoop.hdds.protocol.proto.StorageContainerLocationProtocolProtos$SCMCloseContainerRequestProto$1
5068:             1             16  org.apache.hadoop.hdds.protocol.proto.StorageContainerLocationProtocolProtos$SCMCloseContainerResponseProto$1
5069:             1             16  org.apache.hadoop.hdds.protocol.proto.StorageContainerLocationProtocolProtos$SCMCloseContainerResponseProto$Status$1
5070:             1             16  org.apache.hadoop.hdds.protocol.proto.StorageContainerLocationProtocolProtos$SCMDeleteContainerRequestProto$1
5071:             1             16  org.apache.hadoop.hdds.protocol.proto.StorageContainerLocationProtocolProtos$SCMDeleteContainerResponseProto$1
5072:             1             16  org.apache.hadoop.hdds.protocol.proto.StorageContainerLocationProtocolProtos$SCMListContainerRequestProto$1
5073:             1             16  org.apache.hadoop.hdds.protocol.proto.StorageContainerLocationProtocolProtos$SCMListContainerResponseProto$1
5074:             1             16  org.apache.hadoop.hdds.protocol.proto.StorageContainerLocationProtocolProtos$ScmContainerLocationRequest$1
5075:             1             16  org.apache.hadoop.hdds.protocol.proto.StorageContainerLocationProtocolProtos$ScmContainerLocationResponse$1
5076:             1             16  org.apache.hadoop.hdds.protocol.proto.StorageContainerLocationProtocolProtos$ScmContainerLocationResponse$Status$1
5077:             1             16  org.apache.hadoop.hdds.protocol.proto.StorageContainerLocationProtocolProtos$StartContainerBalancerRequestProto$1
5078:             1             16  org.apache.hadoop.hdds.protocol.proto.StorageContainerLocationProtocolProtos$StartContainerBalancerResponseProto$1
5079:             1             16  org.apache.hadoop.hdds.protocol.proto.StorageContainerLocationProtocolProtos$StartMaintenanceNodesRequestProto$1
5080:             1             16  org.apache.hadoop.hdds.protocol.proto.StorageContainerLocationProtocolProtos$StartMaintenanceNodesResponseProto$1
5081:             1             16  org.apache.hadoop.hdds.protocol.proto.StorageContainerLocationProtocolProtos$StartReplicationManagerRequestProto$1
5082:             1             16  org.apache.hadoop.hdds.protocol.proto.StorageContainerLocationProtocolProtos$StartReplicationManagerResponseProto$1
5083:             1             16  org.apache.hadoop.hdds.protocol.proto.StorageContainerLocationProtocolProtos$StopContainerBalancerRequestProto$1
5084:             1             16  org.apache.hadoop.hdds.protocol.proto.StorageContainerLocationProtocolProtos$StopContainerBalancerResponseProto$1
5085:             1             16  org.apache.hadoop.hdds.protocol.proto.StorageContainerLocationProtocolProtos$StopReplicationManagerRequestProto$1
5086:             1             16  org.apache.hadoop.hdds.protocol.proto.StorageContainerLocationProtocolProtos$StopReplicationManagerResponseProto$1
5087:             1             16  org.apache.hadoop.hdds.protocol.proto.StorageContainerLocationProtocolProtos$Type$1
5088:             1             16  org.apache.hadoop.hdds.scm.client.HddsClientUtils$$Lambda$179/892591894
5089:             1             16  org.apache.hadoop.hdds.scm.container.ContainerID$$Lambda$1183/1415787315
5090:             1             16  org.apache.hadoop.hdds.scm.container.ContainerID$$Lambda$1184/785587316
5091:             1             16  org.apache.hadoop.hdds.scm.container.ContainerInfo$$Lambda$1173/1711978312
5092:             1             16  org.apache.hadoop.hdds.scm.container.ContainerInfo$$Lambda$1174/507007279
5093:             1             16  org.apache.hadoop.hdds.scm.container.ContainerInfo$$Lambda$1175/1907166691
5094:             1             16  org.apache.hadoop.hdds.scm.pipeline.Pipeline$$Lambda$673/2093779284
5095:             1             16  org.apache.hadoop.hdds.scm.pipeline.Pipeline$$Lambda$674/735258763
5096:             1             16  org.apache.hadoop.hdds.scm.pipeline.PipelineID$$Lambda$678/1198367650
5097:             1             16  org.apache.hadoop.hdds.scm.pipeline.PipelineID$$Lambda$679/1018575635
5098:             1             16  org.apache.hadoop.hdds.scm.protocolPB.ScmBlockLocationProtocolClientSideTranslatorPB$$Lambda$1226/898809358
5099:             1             16  org.apache.hadoop.hdds.scm.protocolPB.ScmBlockLocationProtocolClientSideTranslatorPB$$Lambda$1251/1166837622
5100:             1             16  org.apache.hadoop.hdds.scm.protocolPB.ScmBlockLocationProtocolClientSideTranslatorPB$$Lambda$1252/1249333793
5101:             1             16  org.apache.hadoop.hdds.server.http.PrometheusMetricsSink$$Lambda$929/1948377496
5102:             1             16  org.apache.hadoop.hdds.utils.BackgroundTaskQueue$$Lambda$173/1658030157
5103:             1             16  org.apache.hadoop.hdds.utils.RocksDBStoreMetrics$$Lambda$371/1073862849
5104:             1             16  org.apache.hadoop.hdds.utils.TransactionInfo$$Lambda$118/838627755
5105:             1             16  org.apache.hadoop.hdds.utils.TransactionInfo$$Lambda$119/1899567935
5106:             1             16  org.apache.hadoop.hdds.utils.db.BooleanCodec
5107:             1             16  org.apache.hadoop.hdds.utils.db.ByteArrayCodec
5108:             1             16  org.apache.hadoop.hdds.utils.db.CodecBuffer$$Lambda$149/247575268
5109:             1             16  org.apache.hadoop.hdds.utils.db.CodecBuffer$$Lambda$150/698784309
5110:             1             16  org.apache.hadoop.hdds.utils.db.CodecBuffer$Allocator$1
5111:             1             16  org.apache.hadoop.hdds.utils.db.CodecBuffer$Allocator$2
5112:             1             16  org.apache.hadoop.hdds.utils.db.CodecBuffer$Factory$$Lambda$152/217827560
5113:             1             16  org.apache.hadoop.hdds.utils.db.DBColumnFamilyDefinition$$Lambda$662/482966108
5114:             1             16  org.apache.hadoop.hdds.utils.db.DBStoreBuilder$$Lambda$133/1939869193
5115:             1             16  org.apache.hadoop.hdds.utils.db.DBStoreBuilder$$Lambda$146/822359325
5116:             1             16  org.apache.hadoop.hdds.utils.db.IntegerCodec
5117:             1             16  org.apache.hadoop.hdds.utils.db.LongCodec
5118:             1             16  org.apache.hadoop.hdds.utils.db.RDBStoreCodecBufferIterator$$Lambda$157/1133730108
5119:             1             16  org.apache.hadoop.hdds.utils.db.RocksDatabase$$Lambda$138/1311052922
5120:             1             16  org.apache.hadoop.hdds.utils.db.RocksDatabase$$Lambda$139/1802029863
5121:             1             16  org.apache.hadoop.hdds.utils.db.RocksDatabase$$Lambda$141/810576909
5122:             1             16  org.apache.hadoop.hdds.utils.db.RocksDatabase$$Lambda$142/499951827
5123:             1             16  org.apache.hadoop.hdds.utils.db.RocksDatabase$$Lambda$917/1732452485
5124:             1             16  org.apache.hadoop.hdds.utils.db.StringCodecBase$$Lambda$174/1020397237
5125:             1             16  org.apache.hadoop.hdds.utils.db.StringCodecBase$$Lambda$636/885468004
5126:             1             16  org.apache.hadoop.hdds.utils.db.UuidCodec
5127:             1             16  org.apache.hadoop.hdds.utils.db.cache.FullTableCache$$Lambda$985/1288615629
5128:             1             16  org.apache.hadoop.hdds.utils.db.cache.PartialTableCache$$Lambda$682/1792496228
5129:             1             16  org.apache.hadoop.hdfs.web.URLConnectionFactory$1
5130:             1             16  org.apache.hadoop.io.retry.RetryPolicies$RetryForever
5131:             1             16  org.apache.hadoop.io.retry.RetryPolicies$TryOnceThenFail
5132:             1             16  org.apache.hadoop.ipc.DefaultRpcScheduler
5133:             1             16  org.apache.hadoop.ipc.Server$ExceptionsHandler$$Lambda$366/815590838
5134:             1             16  org.apache.hadoop.ipc.Server$ExceptionsHandler$$Lambda$367/4573619
5135:             1             16  org.apache.hadoop.ipc.protobuf.IpcConnectionContextProtos$IpcConnectionContextProto$1
5136:             1             16  org.apache.hadoop.ipc.protobuf.IpcConnectionContextProtos$UserInformationProto$1
5137:             1             16  org.apache.hadoop.ipc.protobuf.ProtobufRpcEngine2Protos$RequestHeaderProto$1
5138:             1             16  org.apache.hadoop.ipc.protobuf.ProtobufRpcEngineProtos$RequestHeaderProto$1
5139:             1             16  org.apache.hadoop.ipc.protobuf.RpcHeaderProtos$RPCCallerContextProto$1
5140:             1             16  org.apache.hadoop.ipc.protobuf.RpcHeaderProtos$RpcKindProto$1
5141:             1             16  org.apache.hadoop.ipc.protobuf.RpcHeaderProtos$RpcRequestHeaderProto$1
5142:             1             16  org.apache.hadoop.ipc.protobuf.RpcHeaderProtos$RpcRequestHeaderProto$OperationProto$1
5143:             1             16  org.apache.hadoop.ipc.protobuf.RpcHeaderProtos$RpcResponseHeaderProto$1
5144:             1             16  org.apache.hadoop.ipc.protobuf.RpcHeaderProtos$RpcResponseHeaderProto$RpcErrorCodeProto$1
5145:             1             16  org.apache.hadoop.ipc.protobuf.RpcHeaderProtos$RpcResponseHeaderProto$RpcStatusProto$1
5146:             1             16  org.apache.hadoop.ipc.protobuf.RpcHeaderProtos$RpcSaslProto$1
5147:             1             16  org.apache.hadoop.ipc.protobuf.RpcHeaderProtos$RpcSaslProto$SaslState$1
5148:             1             16  org.apache.hadoop.metrics2.lib.MutableMetricsFactory
5149:             1             16  org.apache.hadoop.metrics2.util.MBeans$$Lambda$72/1539947037
5150:             1             16  org.apache.hadoop.net.DNSDomainNameResolver
5151:             1             16  org.apache.hadoop.net.SocketIOWithTimeout$SelectorPool$$Lambda$92/1816397102
5152:             1             16  org.apache.hadoop.net.StandardSocketFactory
5153:             1             16  org.apache.hadoop.ozone.ClientVersion$$Lambda$88/517693873
5154:             1             16  org.apache.hadoop.ozone.OmUtils$$Lambda$957/1579469790
5155:             1             16  org.apache.hadoop.ozone.OmUtils$$Lambda$958/1409359795
5156:             1             16  org.apache.hadoop.ozone.OzoneManagerVersion$$Lambda$81/548795052
5157:             1             16  org.apache.hadoop.ozone.audit.AuditLogger$$Lambda$61/999230073
5158:             1             16  org.apache.hadoop.ozone.audit.AuditLogger$$Lambda$697/1996543781
5159:             1             16  org.apache.hadoop.ozone.om.KeyManagerImpl$$Lambda$1162/1585182616
5160:             1             16  org.apache.hadoop.ozone.om.KeyManagerImpl$$Lambda$1166/1090131033
5161:             1             16  org.apache.hadoop.ozone.om.ListIterator$HeapEntry$$Lambda$1257/1416291526
5162:             1             16  org.apache.hadoop.ozone.om.ListIterator$HeapEntry$$Lambda$1258/1832208610
5163:             1             16  org.apache.hadoop.ozone.om.ListIterator$MinHeapIterator$$Lambda$1244/1525507839
5164:             1             16  org.apache.hadoop.ozone.om.OMStorage$$Lambda$65/867093003
5165:             1             16  org.apache.hadoop.ozone.om.OmMetadataManagerImpl$$Lambda$1250/856502468
5166:             1             16  org.apache.hadoop.ozone.om.OmSnapshotManager$$Lambda$166/1468192631
5167:             1             16  org.apache.hadoop.ozone.om.OzoneListStatusHelper$$Lambda$1243/664620451
5168:             1             16  org.apache.hadoop.ozone.om.OzoneListStatusHelper$$Lambda$1245/494741815
5169:             1             16  org.apache.hadoop.ozone.om.OzoneManagerStarter$OMStarterHelper
5170:             1             16  org.apache.hadoop.ozone.om.PrefixManagerImpl$$Lambda$668/463708812
5171:             1             16  org.apache.hadoop.ozone.om.ScmClient$$Lambda$1189/691038889
5172:             1             16  org.apache.hadoop.ozone.om.ScmClient$$Lambda$1192/1325703166
5173:             1             16  org.apache.hadoop.ozone.om.ScmClient$1$$Lambda$1185/1452864852
5174:             1             16  org.apache.hadoop.ozone.om.ScmClient$1$$Lambda$1187/1147463003
5175:             1             16  org.apache.hadoop.ozone.om.SstFilteringService$SstFilteringTask$$Lambda$517/1854486470
5176:             1             16  org.apache.hadoop.ozone.om.SstFilteringService$SstFilteringTask$$Lambda$518/1173473624
5177:             1             16  org.apache.hadoop.ozone.om.codec.TokenIdentifierCodec
5178:             1             16  org.apache.hadoop.ozone.om.helpers.KeyValueUtil$$Lambda$155/196717412
5179:             1             16  org.apache.hadoop.ozone.om.helpers.KeyValueUtil$$Lambda$156/173197870
5180:             1             16  org.apache.hadoop.ozone.om.helpers.OmBucketInfo$$Lambda$108/2004628751
5181:             1             16  org.apache.hadoop.ozone.om.helpers.OmBucketInfo$$Lambda$109/665512315
5182:             1             16  org.apache.hadoop.ozone.om.helpers.OmBucketInfo$$Lambda$158/1732513254
5183:             1             16  org.apache.hadoop.ozone.om.helpers.OmDBAccessIdInfo$$Lambda$124/1843594609
5184:             1             16  org.apache.hadoop.ozone.om.helpers.OmDBAccessIdInfo$$Lambda$125/1591954203
5185:             1             16  org.apache.hadoop.ozone.om.helpers.OmDBTenantState$$Lambda$122/2079278380
5186:             1             16  org.apache.hadoop.ozone.om.helpers.OmDBTenantState$$Lambda$123/1270383967
5187:             1             16  org.apache.hadoop.ozone.om.helpers.OmDBUserPrincipalInfo$$Lambda$126/1206946689
5188:             1             16  org.apache.hadoop.ozone.om.helpers.OmDBUserPrincipalInfo$$Lambda$127/194903130
5189:             1             16  org.apache.hadoop.ozone.om.helpers.OmDirectoryInfo$$Lambda$120/1287455719
5190:             1             16  org.apache.hadoop.ozone.om.helpers.OmDirectoryInfo$$Lambda$121/1392271025
5191:             1             16  org.apache.hadoop.ozone.om.helpers.OmKeyInfo$$Lambda$104/700348233
5192:             1             16  org.apache.hadoop.ozone.om.helpers.OmKeyLocationInfoGroup$$Lambda$701/1617189264
5193:             1             16  org.apache.hadoop.ozone.om.helpers.OmKeyLocationInfoGroup$$Lambda$702/2121669104
5194:             1             16  org.apache.hadoop.ozone.om.helpers.OmKeyLocationInfoGroup$$Lambda$706/1681839694
5195:             1             16  org.apache.hadoop.ozone.om.helpers.OmKeyLocationInfoGroup$$Lambda$924/585346541
5196:             1             16  org.apache.hadoop.ozone.om.helpers.OmKeyLocationInfoGroup$$Lambda$968/1661169852
5197:             1             16  org.apache.hadoop.ozone.om.helpers.OmMultipartKeyInfo$$Lambda$112/70788844
5198:             1             16  org.apache.hadoop.ozone.om.helpers.OmMultipartKeyInfo$$Lambda$113/2032399795
5199:             1             16  org.apache.hadoop.ozone.om.helpers.OmMultipartKeyInfo$PartKeyInfoMap$$Lambda$980/1123158053
5200:             1             16  org.apache.hadoop.ozone.om.helpers.OmMultipartKeyInfo$PartKeyInfoMap$$Lambda$983/645331088
5201:             1             16  org.apache.hadoop.ozone.om.helpers.OmPrefixInfo$$Lambda$116/61814127
5202:             1             16  org.apache.hadoop.ozone.om.helpers.OmPrefixInfo$$Lambda$117/1145302895
5203:             1             16  org.apache.hadoop.ozone.om.helpers.OmVolumeArgs$$Lambda$110/369333979
5204:             1             16  org.apache.hadoop.ozone.om.helpers.OmVolumeArgs$$Lambda$111/2054787417
5205:             1             16  org.apache.hadoop.ozone.om.helpers.OzoneAclUtil$$Lambda$669/194240789
5206:             1             16  org.apache.hadoop.ozone.om.helpers.OzoneAclUtil$$Lambda$670/1322848710
5207:             1             16  org.apache.hadoop.ozone.om.helpers.OzoneAclUtil$$Lambda$959/1288005254
5208:             1             16  org.apache.hadoop.ozone.om.helpers.RepeatedOmKeyInfo$$Lambda$106/761973299
5209:             1             16  org.apache.hadoop.ozone.om.helpers.S3SecretValue$$Lambda$114/589016913
5210:             1             16  org.apache.hadoop.ozone.om.helpers.S3SecretValue$$Lambda$115/293870357
5211:             1             16  org.apache.hadoop.ozone.om.helpers.SnapshotDiffJob$SnapshotDiffJobCodec
5212:             1             16  org.apache.hadoop.ozone.om.helpers.SnapshotInfo$$Lambda$128/253027775
5213:             1             16  org.apache.hadoop.ozone.om.helpers.SnapshotInfo$$Lambda$129/219638321
5214:             1             16  org.apache.hadoop.ozone.om.lock.OzoneManagerLock$$Lambda$96/931911789
5215:             1             16  org.apache.hadoop.ozone.om.lock.OzoneManagerLock$$Lambda$97/168870325
5216:             1             16  org.apache.hadoop.ozone.om.lock.OzoneManagerLock$Resource$$Lambda$98/1482429406
5217:             1             16  org.apache.hadoop.ozone.om.lock.OzoneManagerLock$Resource$$Lambda$99/410958248
5218:             1             16  org.apache.hadoop.ozone.om.protocolPB.grpc.ClientAddressServerInterceptor
5219:             1             16  org.apache.hadoop.ozone.om.ratis.OzoneManagerDoubleBuffer$$Lambda$650/895242370
5220:             1             16  org.apache.hadoop.ozone.om.ratis.OzoneManagerDoubleBuffer$$Lambda$651/739306500
5221:             1             16  org.apache.hadoop.ozone.om.request.OMClientRequest$$Lambda$629/1146645760
5222:             1             16  org.apache.hadoop.ozone.om.request.file.OMFileCreateRequestWithFSO$$Lambda$672/553341714
5223:             1             16  org.apache.hadoop.ozone.om.request.file.OMFileRequest$$Lambda$921/621327283
5224:             1             16  org.apache.hadoop.ozone.om.request.key.OMKeyCommitRequestWithFSO$$Lambda$941/1949358461
5225:             1             16  org.apache.hadoop.ozone.om.request.key.OMKeyCommitRequestWithFSO$$Lambda$942/1822803939
5226:             1             16  org.apache.hadoop.ozone.om.request.key.OMKeyCreateRequestWithFSO$$Lambda$975/604213383
5227:             1             16  org.apache.hadoop.ozone.om.request.key.OMKeyRequest$$Lambda$944/749311477
5228:             1             16  org.apache.hadoop.ozone.om.request.key.OMKeyRequest$$Lambda$945/1385947728
5229:             1             16  org.apache.hadoop.ozone.om.request.key.OMKeyRequest$$Lambda$946/1377211281
5230:             1             16  org.apache.hadoop.ozone.om.request.s3.multipart.S3MultipartUploadCommitPartRequest$$Lambda$982/537410623
5231:             1             16  org.apache.hadoop.ozone.om.s3.S3SecretCacheProvider$$Lambda$159/623862380
5232:             1             16  org.apache.hadoop.ozone.om.snapshot.SnapshotDiffManager$$Lambda$167/2062132026
5233:             1             16  org.apache.hadoop.ozone.om.upgrade.OMUpgradeFinalizer$$Lambda$513/682025329
5234:             1             16  org.apache.hadoop.ozone.protocol.proto.OzoneManagerProtocolProtos$AddAclRequest$1
5235:             1             16  org.apache.hadoop.ozone.protocol.proto.OzoneManagerProtocolProtos$AddAclResponse$1
5236:             1             16  org.apache.hadoop.ozone.protocol.proto.OzoneManagerProtocolProtos$AllocateBlockRequest$1
5237:             1             16  org.apache.hadoop.ozone.protocol.proto.OzoneManagerProtocolProtos$AllocateBlockResponse$1
5238:             1             16  org.apache.hadoop.ozone.protocol.proto.OzoneManagerProtocolProtos$BucketArgs$1
5239:             1             16  org.apache.hadoop.ozone.protocol.proto.OzoneManagerProtocolProtos$BucketEncryptionInfoProto$1
5240:             1             16  org.apache.hadoop.ozone.protocol.proto.OzoneManagerProtocolProtos$BucketInfo$1
5241:             1             16  org.apache.hadoop.ozone.protocol.proto.OzoneManagerProtocolProtos$BucketLayoutProto$1
5242:             1             16  org.apache.hadoop.ozone.protocol.proto.OzoneManagerProtocolProtos$CancelDelegationTokenResponseProto$1
5243:             1             16  org.apache.hadoop.ozone.protocol.proto.OzoneManagerProtocolProtos$CancelPrepareRequest$1
5244:             1             16  org.apache.hadoop.ozone.protocol.proto.OzoneManagerProtocolProtos$CancelPrepareResponse$1
5245:             1             16  org.apache.hadoop.ozone.protocol.proto.OzoneManagerProtocolProtos$CancelSnapshotDiffRequest$1
5246:             1             16  org.apache.hadoop.ozone.protocol.proto.OzoneManagerProtocolProtos$CancelSnapshotDiffResponse$1
5247:             1             16  org.apache.hadoop.ozone.protocol.proto.OzoneManagerProtocolProtos$CheckVolumeAccessRequest$1
5248:             1             16  org.apache.hadoop.ozone.protocol.proto.OzoneManagerProtocolProtos$CheckVolumeAccessResponse$1
5249:             1             16  org.apache.hadoop.ozone.protocol.proto.OzoneManagerProtocolProtos$ChecksumTypeProto$1
5250:             1             16  org.apache.hadoop.ozone.protocol.proto.OzoneManagerProtocolProtos$CipherSuiteProto$1
5251:             1             16  org.apache.hadoop.ozone.protocol.proto.OzoneManagerProtocolProtos$CommitKeyRequest$1
5252:             1             16  org.apache.hadoop.ozone.protocol.proto.OzoneManagerProtocolProtos$CommitKeyResponse$1
5253:             1             16  org.apache.hadoop.ozone.protocol.proto.OzoneManagerProtocolProtos$CompositeCrcFileChecksumProto$1
5254:             1             16  org.apache.hadoop.ozone.protocol.proto.OzoneManagerProtocolProtos$CreateBucketRequest$1
5255:             1             16  org.apache.hadoop.ozone.protocol.proto.OzoneManagerProtocolProtos$CreateBucketResponse$1
5256:             1             16  org.apache.hadoop.ozone.protocol.proto.OzoneManagerProtocolProtos$CreateDirectoryRequest$1
5257:             1             16  org.apache.hadoop.ozone.protocol.proto.OzoneManagerProtocolProtos$CreateDirectoryResponse$1
5258:             1             16  org.apache.hadoop.ozone.protocol.proto.OzoneManagerProtocolProtos$CreateFileRequest$1
5259:             1             16  org.apache.hadoop.ozone.protocol.proto.OzoneManagerProtocolProtos$CreateFileResponse$1
5260:             1             16  org.apache.hadoop.ozone.protocol.proto.OzoneManagerProtocolProtos$CreateKeyRequest$1
5261:             1             16  org.apache.hadoop.ozone.protocol.proto.OzoneManagerProtocolProtos$CreateKeyResponse$1
5262:             1             16  org.apache.hadoop.ozone.protocol.proto.OzoneManagerProtocolProtos$CreateSnapshotRequest$1
5263:             1             16  org.apache.hadoop.ozone.protocol.proto.OzoneManagerProtocolProtos$CreateSnapshotResponse$1
5264:             1             16  org.apache.hadoop.ozone.protocol.proto.OzoneManagerProtocolProtos$CreateTenantRequest$1
5265:             1             16  org.apache.hadoop.ozone.protocol.proto.OzoneManagerProtocolProtos$CreateTenantResponse$1
5266:             1             16  org.apache.hadoop.ozone.protocol.proto.OzoneManagerProtocolProtos$CreateVolumeRequest$1
5267:             1             16  org.apache.hadoop.ozone.protocol.proto.OzoneManagerProtocolProtos$CreateVolumeResponse$1
5268:             1             16  org.apache.hadoop.ozone.protocol.proto.OzoneManagerProtocolProtos$CryptoProtocolVersionProto$1
5269:             1             16  org.apache.hadoop.ozone.protocol.proto.OzoneManagerProtocolProtos$DBUpdatesRequest$1
5270:             1             16  org.apache.hadoop.ozone.protocol.proto.OzoneManagerProtocolProtos$DBUpdatesResponse$1
5271:             1             16  org.apache.hadoop.ozone.protocol.proto.OzoneManagerProtocolProtos$DeleteBucketRequest$1
5272:             1             16  org.apache.hadoop.ozone.protocol.proto.OzoneManagerProtocolProtos$DeleteBucketResponse$1
5273:             1             16  org.apache.hadoop.ozone.protocol.proto.OzoneManagerProtocolProtos$DeleteKeyArgs$1
5274:             1             16  org.apache.hadoop.ozone.protocol.proto.OzoneManagerProtocolProtos$DeleteKeyRequest$1
5275:             1             16  org.apache.hadoop.ozone.protocol.proto.OzoneManagerProtocolProtos$DeleteKeyResponse$1
5276:             1             16  org.apache.hadoop.ozone.protocol.proto.OzoneManagerProtocolProtos$DeleteKeysRequest$1
5277:             1             16  org.apache.hadoop.ozone.protocol.proto.OzoneManagerProtocolProtos$DeleteKeysResponse$1
5278:             1             16  org.apache.hadoop.ozone.protocol.proto.OzoneManagerProtocolProtos$DeleteOpenKeysRequest$1
5279:             1             16  org.apache.hadoop.ozone.protocol.proto.OzoneManagerProtocolProtos$DeleteSnapshotRequest$1
5280:             1             16  org.apache.hadoop.ozone.protocol.proto.OzoneManagerProtocolProtos$DeleteSnapshotResponse$1
5281:             1             16  org.apache.hadoop.ozone.protocol.proto.OzoneManagerProtocolProtos$DeleteTenantRequest$1
5282:             1             16  org.apache.hadoop.ozone.protocol.proto.OzoneManagerProtocolProtos$DeleteTenantResponse$1
5283:             1             16  org.apache.hadoop.ozone.protocol.proto.OzoneManagerProtocolProtos$DeleteVolumeRequest$1
5284:             1             16  org.apache.hadoop.ozone.protocol.proto.OzoneManagerProtocolProtos$DeleteVolumeResponse$1
5285:             1             16  org.apache.hadoop.ozone.protocol.proto.OzoneManagerProtocolProtos$DeletedKeys$1
5286:             1             16  org.apache.hadoop.ozone.protocol.proto.OzoneManagerProtocolProtos$DiffReportEntryProto$1
5287:             1             16  org.apache.hadoop.ozone.protocol.proto.OzoneManagerProtocolProtos$DiffReportEntryProto$DiffTypeProto$1
5288:             1             16  org.apache.hadoop.ozone.protocol.proto.OzoneManagerProtocolProtos$DirectoryInfo$1
5289:             1             16  org.apache.hadoop.ozone.protocol.proto.OzoneManagerProtocolProtos$EchoRPCRequest$1
5290:             1             16  org.apache.hadoop.ozone.protocol.proto.OzoneManagerProtocolProtos$EchoRPCResponse$1
5291:             1             16  org.apache.hadoop.ozone.protocol.proto.OzoneManagerProtocolProtos$ExtendedUserAccessIdInfo$1
5292:             1             16  org.apache.hadoop.ozone.protocol.proto.OzoneManagerProtocolProtos$FileChecksumProto$1
5293:             1             16  org.apache.hadoop.ozone.protocol.proto.OzoneManagerProtocolProtos$FileChecksumTypeProto$1
5294:             1             16  org.apache.hadoop.ozone.protocol.proto.OzoneManagerProtocolProtos$FileEncryptionInfoProto$1
5295:             1             16  org.apache.hadoop.ozone.protocol.proto.OzoneManagerProtocolProtos$FinalizeUpgradeProgressRequest$1
5296:             1             16  org.apache.hadoop.ozone.protocol.proto.OzoneManagerProtocolProtos$FinalizeUpgradeProgressResponse$1
5297:             1             16  org.apache.hadoop.ozone.protocol.proto.OzoneManagerProtocolProtos$FinalizeUpgradeRequest$1
5298:             1             16  org.apache.hadoop.ozone.protocol.proto.OzoneManagerProtocolProtos$FinalizeUpgradeResponse$1
5299:             1             16  org.apache.hadoop.ozone.protocol.proto.OzoneManagerProtocolProtos$GetAclRequest$1
5300:             1             16  org.apache.hadoop.ozone.protocol.proto.OzoneManagerProtocolProtos$GetAclResponse$1
5301:             1             16  org.apache.hadoop.ozone.protocol.proto.OzoneManagerProtocolProtos$GetDelegationTokenResponseProto$1
5302:             1             16  org.apache.hadoop.ozone.protocol.proto.OzoneManagerProtocolProtos$GetFileStatusRequest$1
5303:             1             16  org.apache.hadoop.ozone.protocol.proto.OzoneManagerProtocolProtos$GetFileStatusResponse$1
5304:             1             16  org.apache.hadoop.ozone.protocol.proto.OzoneManagerProtocolProtos$GetKeyInfoRequest$1
5305:             1             16  org.apache.hadoop.ozone.protocol.proto.OzoneManagerProtocolProtos$GetKeyInfoResponse$1
5306:             1             16  org.apache.hadoop.ozone.protocol.proto.OzoneManagerProtocolProtos$GetS3SecretRequest$1
5307:             1             16  org.apache.hadoop.ozone.protocol.proto.OzoneManagerProtocolProtos$GetS3SecretResponse$1
5308:             1             16  org.apache.hadoop.ozone.protocol.proto.OzoneManagerProtocolProtos$GetS3VolumeContextRequest$1
5309:             1             16  org.apache.hadoop.ozone.protocol.proto.OzoneManagerProtocolProtos$GetS3VolumeContextResponse$1
5310:             1             16  org.apache.hadoop.ozone.protocol.proto.OzoneManagerProtocolProtos$InfoBucketRequest$1
5311:             1             16  org.apache.hadoop.ozone.protocol.proto.OzoneManagerProtocolProtos$InfoBucketResponse$1
5312:             1             16  org.apache.hadoop.ozone.protocol.proto.OzoneManagerProtocolProtos$InfoVolumeRequest$1
5313:             1             16  org.apache.hadoop.ozone.protocol.proto.OzoneManagerProtocolProtos$InfoVolumeResponse$1
5314:             1             16  org.apache.hadoop.ozone.protocol.proto.OzoneManagerProtocolProtos$KeyArgs$1
5315:             1             16  org.apache.hadoop.ozone.protocol.proto.OzoneManagerProtocolProtos$KeyInfo$1
5316:             1             16  org.apache.hadoop.ozone.protocol.proto.OzoneManagerProtocolProtos$KeyLocation$1
5317:             1             16  org.apache.hadoop.ozone.protocol.proto.OzoneManagerProtocolProtos$KeyLocationList$1
5318:             1             16  org.apache.hadoop.ozone.protocol.proto.OzoneManagerProtocolProtos$LayoutVersion$1
5319:             1             16  org.apache.hadoop.ozone.protocol.proto.OzoneManagerProtocolProtos$ListBucketsRequest$1
5320:             1             16  org.apache.hadoop.ozone.protocol.proto.OzoneManagerProtocolProtos$ListBucketsResponse$1
5321:             1             16  org.apache.hadoop.ozone.protocol.proto.OzoneManagerProtocolProtos$ListKeysLightResponse$1
5322:             1             16  org.apache.hadoop.ozone.protocol.proto.OzoneManagerProtocolProtos$ListKeysRequest$1
5323:             1             16  org.apache.hadoop.ozone.protocol.proto.OzoneManagerProtocolProtos$ListKeysResponse$1
5324:             1             16  org.apache.hadoop.ozone.protocol.proto.OzoneManagerProtocolProtos$ListMultipartUploadsRequest$1
5325:             1             16  org.apache.hadoop.ozone.protocol.proto.OzoneManagerProtocolProtos$ListMultipartUploadsResponse$1
5326:             1             16  org.apache.hadoop.ozone.protocol.proto.OzoneManagerProtocolProtos$ListSnapshotDiffJobRequest$1
5327:             1             16  org.apache.hadoop.ozone.protocol.proto.OzoneManagerProtocolProtos$ListSnapshotDiffJobResponse$1
5328:             1             16  org.apache.hadoop.ozone.protocol.proto.OzoneManagerProtocolProtos$ListSnapshotRequest$1
5329:             1             16  org.apache.hadoop.ozone.protocol.proto.OzoneManagerProtocolProtos$ListSnapshotResponse$1
5330:             1             16  org.apache.hadoop.ozone.protocol.proto.OzoneManagerProtocolProtos$ListStatusLightResponse$1
5331:             1             16  org.apache.hadoop.ozone.protocol.proto.OzoneManagerProtocolProtos$ListStatusRequest$1
5332:             1             16  org.apache.hadoop.ozone.protocol.proto.OzoneManagerProtocolProtos$ListStatusResponse$1
5333:             1             16  org.apache.hadoop.ozone.protocol.proto.OzoneManagerProtocolProtos$ListTenantRequest$1
5334:             1             16  org.apache.hadoop.ozone.protocol.proto.OzoneManagerProtocolProtos$ListTenantResponse$1
5335:             1             16  org.apache.hadoop.ozone.protocol.proto.OzoneManagerProtocolProtos$ListTrashRequest$1
5336:             1             16  org.apache.hadoop.ozone.protocol.proto.OzoneManagerProtocolProtos$ListTrashResponse$1
5337:             1             16  org.apache.hadoop.ozone.protocol.proto.OzoneManagerProtocolProtos$ListVolumeRequest$1
5338:             1             16  org.apache.hadoop.ozone.protocol.proto.OzoneManagerProtocolProtos$ListVolumeRequest$Scope$1
5339:             1             16  org.apache.hadoop.ozone.protocol.proto.OzoneManagerProtocolProtos$ListVolumeResponse$1
5340:             1             16  org.apache.hadoop.ozone.protocol.proto.OzoneManagerProtocolProtos$LookupFileRequest$1
5341:             1             16  org.apache.hadoop.ozone.protocol.proto.OzoneManagerProtocolProtos$LookupFileResponse$1
5342:             1             16  org.apache.hadoop.ozone.protocol.proto.OzoneManagerProtocolProtos$LookupKeyRequest$1
5343:             1             16  org.apache.hadoop.ozone.protocol.proto.OzoneManagerProtocolProtos$LookupKeyResponse$1
5344:             1             16  org.apache.hadoop.ozone.protocol.proto.OzoneManagerProtocolProtos$MD5MD5Crc32FileChecksumProto$1
5345:             1             16  org.apache.hadoop.ozone.protocol.proto.OzoneManagerProtocolProtos$MultipartCommitUploadPartRequest$1
5346:             1             16  org.apache.hadoop.ozone.protocol.proto.OzoneManagerProtocolProtos$MultipartCommitUploadPartResponse$1
5347:             1             16  org.apache.hadoop.ozone.protocol.proto.OzoneManagerProtocolProtos$MultipartInfoInitiateRequest$1
5348:             1             16  org.apache.hadoop.ozone.protocol.proto.OzoneManagerProtocolProtos$MultipartInfoInitiateResponse$1
5349:             1             16  org.apache.hadoop.ozone.protocol.proto.OzoneManagerProtocolProtos$MultipartKeyInfo$1
5350:             1             16  org.apache.hadoop.ozone.protocol.proto.OzoneManagerProtocolProtos$MultipartUploadAbortRequest$1
5351:             1             16  org.apache.hadoop.ozone.protocol.proto.OzoneManagerProtocolProtos$MultipartUploadAbortResponse$1
5352:             1             16  org.apache.hadoop.ozone.protocol.proto.OzoneManagerProtocolProtos$MultipartUploadCompleteRequest$1
5353:             1             16  org.apache.hadoop.ozone.protocol.proto.OzoneManagerProtocolProtos$MultipartUploadCompleteResponse$1
5354:             1             16  org.apache.hadoop.ozone.protocol.proto.OzoneManagerProtocolProtos$MultipartUploadListPartsRequest$1
5355:             1             16  org.apache.hadoop.ozone.protocol.proto.OzoneManagerProtocolProtos$MultipartUploadListPartsResponse$1
5356:             1             16  org.apache.hadoop.ozone.protocol.proto.OzoneManagerProtocolProtos$MultipartUploadsExpiredAbortRequest$1
5357:             1             16  org.apache.hadoop.ozone.protocol.proto.OzoneManagerProtocolProtos$MultipartUploadsExpiredAbortResponse$1
5358:             1             16  org.apache.hadoop.ozone.protocol.proto.OzoneManagerProtocolProtos$OMLockDetailsProto$1
5359:             1             16  org.apache.hadoop.ozone.protocol.proto.OzoneManagerProtocolProtos$OMRequest$1
5360:             1             16  org.apache.hadoop.ozone.protocol.proto.OzoneManagerProtocolProtos$OMResponse$1
5361:             1             16  org.apache.hadoop.ozone.protocol.proto.OzoneManagerProtocolProtos$OMRoleInfo$1
5362:             1             16  org.apache.hadoop.ozone.protocol.proto.OzoneManagerProtocolProtos$OpenKey$1
5363:             1             16  org.apache.hadoop.ozone.protocol.proto.OzoneManagerProtocolProtos$OpenKeyBucket$1
5364:             1             16  org.apache.hadoop.ozone.protocol.proto.OzoneManagerProtocolProtos$OzoneAclInfo$1
5365:             1             16  org.apache.hadoop.ozone.protocol.proto.OzoneManagerProtocolProtos$OzoneAclInfo$OzoneAclScope$1
5366:             1             16  org.apache.hadoop.ozone.protocol.proto.OzoneManagerProtocolProtos$OzoneAclInfo$OzoneAclType$1
5367:             1             16  org.apache.hadoop.ozone.protocol.proto.OzoneManagerProtocolProtos$OzoneFileStatusProto$1
5368:             1             16  org.apache.hadoop.ozone.protocol.proto.OzoneManagerProtocolProtos$OzoneObj$1
5369:             1             16  org.apache.hadoop.ozone.protocol.proto.OzoneManagerProtocolProtos$OzoneObj$ObjectType$1
5370:             1             16  org.apache.hadoop.ozone.protocol.proto.OzoneManagerProtocolProtos$OzoneObj$StoreType$1
5371:             1             16  org.apache.hadoop.ozone.protocol.proto.OzoneManagerProtocolProtos$Part$1
5372:             1             16  org.apache.hadoop.ozone.protocol.proto.OzoneManagerProtocolProtos$PartKeyInfo$1
5373:             1             16  org.apache.hadoop.ozone.protocol.proto.OzoneManagerProtocolProtos$PrepareRequest$1
5374:             1             16  org.apache.hadoop.ozone.protocol.proto.OzoneManagerProtocolProtos$PrepareRequestArgs$1
5375:             1             16  org.apache.hadoop.ozone.protocol.proto.OzoneManagerProtocolProtos$PrepareResponse$1
5376:             1             16  org.apache.hadoop.ozone.protocol.proto.OzoneManagerProtocolProtos$PrepareStatusRequest$1
5377:             1             16  org.apache.hadoop.ozone.protocol.proto.OzoneManagerProtocolProtos$PrepareStatusResponse$1
5378:             1             16  org.apache.hadoop.ozone.protocol.proto.OzoneManagerProtocolProtos$PrepareStatusResponse$PrepareStatus$1
5379:             1             16  org.apache.hadoop.ozone.protocol.proto.OzoneManagerProtocolProtos$PrintCompactionLogDagRequest$1
5380:             1             16  org.apache.hadoop.ozone.protocol.proto.OzoneManagerProtocolProtos$PrintCompactionLogDagResponse$1
5381:             1             16  org.apache.hadoop.ozone.protocol.proto.OzoneManagerProtocolProtos$PurgeDirectoriesRequest$1
5382:             1             16  org.apache.hadoop.ozone.protocol.proto.OzoneManagerProtocolProtos$PurgeDirectoriesResponse$1
5383:             1             16  org.apache.hadoop.ozone.protocol.proto.OzoneManagerProtocolProtos$PurgeKeysRequest$1
5384:             1             16  org.apache.hadoop.ozone.protocol.proto.OzoneManagerProtocolProtos$PurgeKeysResponse$1
5385:             1             16  org.apache.hadoop.ozone.protocol.proto.OzoneManagerProtocolProtos$PurgePathRequest$1
5386:             1             16  org.apache.hadoop.ozone.protocol.proto.OzoneManagerProtocolProtos$PurgePathsRequest$1
5387:             1             16  org.apache.hadoop.ozone.protocol.proto.OzoneManagerProtocolProtos$PurgePathsResponse$1
5388:             1             16  org.apache.hadoop.ozone.protocol.proto.OzoneManagerProtocolProtos$RangerBGSyncRequest$1
5389:             1             16  org.apache.hadoop.ozone.protocol.proto.OzoneManagerProtocolProtos$RangerBGSyncResponse$1
5390:             1             16  org.apache.hadoop.ozone.protocol.proto.OzoneManagerProtocolProtos$RecoverLeaseRequest$1
5391:             1             16  org.apache.hadoop.ozone.protocol.proto.OzoneManagerProtocolProtos$RecoverLeaseResponse$1
5392:             1             16  org.apache.hadoop.ozone.protocol.proto.OzoneManagerProtocolProtos$RecoverTrashRequest$1
5393:             1             16  org.apache.hadoop.ozone.protocol.proto.OzoneManagerProtocolProtos$RecoverTrashResponse$1
5394:             1             16  org.apache.hadoop.ozone.protocol.proto.OzoneManagerProtocolProtos$RefetchSecretKeyRequest$1
5395:             1             16  org.apache.hadoop.ozone.protocol.proto.OzoneManagerProtocolProtos$RefetchSecretKeyResponse$1
5396:             1             16  org.apache.hadoop.ozone.protocol.proto.OzoneManagerProtocolProtos$RemoveAclRequest$1
5397:             1             16  org.apache.hadoop.ozone.protocol.proto.OzoneManagerProtocolProtos$RemoveAclResponse$1
5398:             1             16  org.apache.hadoop.ozone.protocol.proto.OzoneManagerProtocolProtos$RenameKeyRequest$1
5399:             1             16  org.apache.hadoop.ozone.protocol.proto.OzoneManagerProtocolProtos$RenameKeyResponse$1
5400:             1             16  org.apache.hadoop.ozone.protocol.proto.OzoneManagerProtocolProtos$RenameKeysArgs$1
5401:             1             16  org.apache.hadoop.ozone.protocol.proto.OzoneManagerProtocolProtos$RenameKeysRequest$1
5402:             1             16  org.apache.hadoop.ozone.protocol.proto.OzoneManagerProtocolProtos$RenameKeysResponse$1
5403:             1             16  org.apache.hadoop.ozone.protocol.proto.OzoneManagerProtocolProtos$RenewDelegationTokenResponseProto$1
5404:             1             16  org.apache.hadoop.ozone.protocol.proto.OzoneManagerProtocolProtos$RepeatedKeyInfo$1
5405:             1             16  org.apache.hadoop.ozone.protocol.proto.OzoneManagerProtocolProtos$RevokeS3SecretRequest$1
5406:             1             16  org.apache.hadoop.ozone.protocol.proto.OzoneManagerProtocolProtos$S3Authentication$1
5407:             1             16  org.apache.hadoop.ozone.protocol.proto.OzoneManagerProtocolProtos$S3Secret$1
5408:             1             16  org.apache.hadoop.ozone.protocol.proto.OzoneManagerProtocolProtos$SafeMode$1
5409:             1             16  org.apache.hadoop.ozone.protocol.proto.OzoneManagerProtocolProtos$ServiceInfo$1
5410:             1             16  org.apache.hadoop.ozone.protocol.proto.OzoneManagerProtocolProtos$ServiceListRequest$1
5411:             1             16  org.apache.hadoop.ozone.protocol.proto.OzoneManagerProtocolProtos$ServiceListResponse$1
5412:             1             16  org.apache.hadoop.ozone.protocol.proto.OzoneManagerProtocolProtos$ServicePort$1
5413:             1             16  org.apache.hadoop.ozone.protocol.proto.OzoneManagerProtocolProtos$ServicePort$Type$1
5414:             1             16  org.apache.hadoop.ozone.protocol.proto.OzoneManagerProtocolProtos$SetAclRequest$1
5415:             1             16  org.apache.hadoop.ozone.protocol.proto.OzoneManagerProtocolProtos$SetAclResponse$1
5416:             1             16  org.apache.hadoop.ozone.protocol.proto.OzoneManagerProtocolProtos$SetBucketPropertyRequest$1
5417:             1             16  org.apache.hadoop.ozone.protocol.proto.OzoneManagerProtocolProtos$SetBucketPropertyResponse$1
5418:             1             16  org.apache.hadoop.ozone.protocol.proto.OzoneManagerProtocolProtos$SetRangerServiceVersionRequest$1
5419:             1             16  org.apache.hadoop.ozone.protocol.proto.OzoneManagerProtocolProtos$SetRangerServiceVersionResponse$1
5420:             1             16  org.apache.hadoop.ozone.protocol.proto.OzoneManagerProtocolProtos$SetS3SecretRequest$1
5421:             1             16  org.apache.hadoop.ozone.protocol.proto.OzoneManagerProtocolProtos$SetS3SecretResponse$1
5422:             1             16  org.apache.hadoop.ozone.protocol.proto.OzoneManagerProtocolProtos$SetSafeModeRequest$1
5423:             1             16  org.apache.hadoop.ozone.protocol.proto.OzoneManagerProtocolProtos$SetSafeModeResponse$1
5424:             1             16  org.apache.hadoop.ozone.protocol.proto.OzoneManagerProtocolProtos$SetSnapshotPropertyRequest$1
5425:             1             16  org.apache.hadoop.ozone.protocol.proto.OzoneManagerProtocolProtos$SetSnapshotPropertyResponse$1
5426:             1             16  org.apache.hadoop.ozone.protocol.proto.OzoneManagerProtocolProtos$SetTimesRequest$1
5427:             1             16  org.apache.hadoop.ozone.protocol.proto.OzoneManagerProtocolProtos$SetTimesResponse$1
5428:             1             16  org.apache.hadoop.ozone.protocol.proto.OzoneManagerProtocolProtos$SetVolumePropertyRequest$1
5429:             1             16  org.apache.hadoop.ozone.protocol.proto.OzoneManagerProtocolProtos$SetVolumePropertyResponse$1
5430:             1             16  org.apache.hadoop.ozone.protocol.proto.OzoneManagerProtocolProtos$SnapshotDiffReportProto$1
5431:             1             16  org.apache.hadoop.ozone.protocol.proto.OzoneManagerProtocolProtos$SnapshotDiffRequest$1
5432:             1             16  org.apache.hadoop.ozone.protocol.proto.OzoneManagerProtocolProtos$SnapshotDiffResponse$1
5433:             1             16  org.apache.hadoop.ozone.protocol.proto.OzoneManagerProtocolProtos$SnapshotDiffResponse$JobStatusProto$1
5434:             1             16  org.apache.hadoop.ozone.protocol.proto.OzoneManagerProtocolProtos$SnapshotInfo$1
5435:             1             16  org.apache.hadoop.ozone.protocol.proto.OzoneManagerProtocolProtos$SnapshotInfoRequest$1
5436:             1             16  org.apache.hadoop.ozone.protocol.proto.OzoneManagerProtocolProtos$SnapshotInfoResponse$1
5437:             1             16  org.apache.hadoop.ozone.protocol.proto.OzoneManagerProtocolProtos$SnapshotMoveDeletedKeysRequest$1
5438:             1             16  org.apache.hadoop.ozone.protocol.proto.OzoneManagerProtocolProtos$SnapshotMoveDeletedKeysResponse$1
5439:             1             16  org.apache.hadoop.ozone.protocol.proto.OzoneManagerProtocolProtos$SnapshotProperty$1
5440:             1             16  org.apache.hadoop.ozone.protocol.proto.OzoneManagerProtocolProtos$SnapshotPurgeRequest$1
5441:             1             16  org.apache.hadoop.ozone.protocol.proto.OzoneManagerProtocolProtos$SnapshotPurgeResponse$1
5442:             1             16  org.apache.hadoop.ozone.protocol.proto.OzoneManagerProtocolProtos$SnapshotStatusProto$1
5443:             1             16  org.apache.hadoop.ozone.protocol.proto.OzoneManagerProtocolProtos$Status$1
5444:             1             16  org.apache.hadoop.ozone.protocol.proto.OzoneManagerProtocolProtos$StorageTypeProto$1
5445:             1             16  org.apache.hadoop.ozone.protocol.proto.OzoneManagerProtocolProtos$TenantAssignAdminRequest$1
5446:             1             16  org.apache.hadoop.ozone.protocol.proto.OzoneManagerProtocolProtos$TenantAssignAdminResponse$1
5447:             1             16  org.apache.hadoop.ozone.protocol.proto.OzoneManagerProtocolProtos$TenantAssignUserAccessIdRequest$1
5448:             1             16  org.apache.hadoop.ozone.protocol.proto.OzoneManagerProtocolProtos$TenantAssignUserAccessIdResponse$1
5449:             1             16  org.apache.hadoop.ozone.protocol.proto.OzoneManagerProtocolProtos$TenantGetUserInfoRequest$1
5450:             1             16  org.apache.hadoop.ozone.protocol.proto.OzoneManagerProtocolProtos$TenantGetUserInfoResponse$1
5451:             1             16  org.apache.hadoop.ozone.protocol.proto.OzoneManagerProtocolProtos$TenantListUserRequest$1
5452:             1             16  org.apache.hadoop.ozone.protocol.proto.OzoneManagerProtocolProtos$TenantListUserResponse$1
5453:             1             16  org.apache.hadoop.ozone.protocol.proto.OzoneManagerProtocolProtos$TenantRevokeAdminRequest$1
5454:             1             16  org.apache.hadoop.ozone.protocol.proto.OzoneManagerProtocolProtos$TenantRevokeAdminResponse$1
5455:             1             16  org.apache.hadoop.ozone.protocol.proto.OzoneManagerProtocolProtos$TenantRevokeUserAccessIdRequest$1
5456:             1             16  org.apache.hadoop.ozone.protocol.proto.OzoneManagerProtocolProtos$TenantRevokeUserAccessIdResponse$1
5457:             1             16  org.apache.hadoop.ozone.protocol.proto.OzoneManagerProtocolProtos$TenantState$1
5458:             1             16  org.apache.hadoop.ozone.protocol.proto.OzoneManagerProtocolProtos$TenantUserPrincipalInfo$1
5459:             1             16  org.apache.hadoop.ozone.protocol.proto.OzoneManagerProtocolProtos$Type$1
5460:             1             16  org.apache.hadoop.ozone.protocol.proto.OzoneManagerProtocolProtos$UpdateGetDelegationTokenRequest$1
5461:             1             16  org.apache.hadoop.ozone.protocol.proto.OzoneManagerProtocolProtos$UpdateGetS3SecretRequest$1
5462:             1             16  org.apache.hadoop.ozone.protocol.proto.OzoneManagerProtocolProtos$UpdateRenewDelegationTokenRequest$1
5463:             1             16  org.apache.hadoop.ozone.protocol.proto.OzoneManagerProtocolProtos$UserInfo$1
5464:             1             16  org.apache.hadoop.ozone.protocol.proto.OzoneManagerProtocolProtos$VolumeInfo$1
5465:             1             16  org.apache.hadoop.ozone.protocol.proto.OzoneManagerServiceGrpc$OzoneManagerServiceFileDescriptorSupplier
5466:             1             16  org.apache.hadoop.ozone.protocolPB.OzoneManagerProtocolServerSideTranslatorPB$$Lambda$305/1977652583
5467:             1             16  org.apache.hadoop.ozone.protocolPB.OzoneManagerProtocolServerSideTranslatorPB$$Lambda$306/1015367506
5468:             1             16  org.apache.hadoop.ozone.security.acl.OzoneNativeAuthorizer$$Lambda$160/648214521
5469:             1             16  org.apache.hadoop.ozone.security.proto.SecurityProtos$CancelDelegationTokenRequestProto$1
5470:             1             16  org.apache.hadoop.ozone.security.proto.SecurityProtos$CancelDelegationTokenResponseProto$1
5471:             1             16  org.apache.hadoop.ozone.security.proto.SecurityProtos$GetDelegationTokenRequestProto$1
5472:             1             16  org.apache.hadoop.ozone.security.proto.SecurityProtos$GetDelegationTokenResponseProto$1
5473:             1             16  org.apache.hadoop.ozone.security.proto.SecurityProtos$RenewDelegationTokenRequestProto$1
5474:             1             16  org.apache.hadoop.ozone.security.proto.SecurityProtos$RenewDelegationTokenResponseProto$1
5475:             1             16  org.apache.hadoop.ozone.security.proto.SecurityProtos$TokenProto$1
5476:             1             16  org.apache.hadoop.ozone.snapshot.SnapshotDiffReportOzone$$Lambda$163/42158278
5477:             1             16  org.apache.hadoop.ozone.snapshot.SnapshotDiffReportOzone$$Lambda$164/1843459456
5478:             1             16  org.apache.hadoop.ozone.storage.proto.OzoneManagerStorageProtos$PersistedPrefixInfo$1
5479:             1             16  org.apache.hadoop.ozone.storage.proto.OzoneManagerStorageProtos$PersistedUserVolumeInfo$1
5480:             1             16  org.apache.hadoop.ozone.upgrade.DefaultUpgradeFinalizationExecutor
5481:             1             16  org.apache.hadoop.security.AnnotatedSecurityInfo
5482:             1             16  org.apache.hadoop.security.SecurityUtil$StandardHostResolver
5483:             1             16  org.apache.hadoop.security.authorize.AccessControlList$1
5484:             1             16  org.apache.hadoop.security.ssl.SSLHostnameVerifier$1
5485:             1             16  org.apache.hadoop.security.ssl.SSLHostnameVerifier$2
5486:             1             16  org.apache.hadoop.security.ssl.SSLHostnameVerifier$3
5487:             1             16  org.apache.hadoop.security.ssl.SSLHostnameVerifier$4
5488:             1             16  org.apache.hadoop.security.ssl.SSLHostnameVerifier$5
5489:             1             16  org.apache.hadoop.thirdparty.com.google.common.base.Equivalence$Equals
5490:             1             16  org.apache.hadoop.thirdparty.com.google.common.base.Java8Usage$$Lambda$6/1359484306
5491:             1             16  org.apache.hadoop.thirdparty.com.google.common.base.Platform$JdkPatternCompiler
5492:             1             16  org.apache.hadoop.thirdparty.com.google.common.base.Ticker$1
5493:             1             16  org.apache.hadoop.thirdparty.com.google.common.cache.CacheBuilder$1
5494:             1             16  org.apache.hadoop.thirdparty.com.google.common.cache.CacheBuilder$2
5495:             1             16  org.apache.hadoop.thirdparty.com.google.common.cache.CacheBuilder$3
5496:             1             16  org.apache.hadoop.thirdparty.com.google.common.cache.LocalCache$1
5497:             1             16  org.apache.hadoop.thirdparty.com.google.common.cache.LocalCache$2
5498:             1             16  org.apache.hadoop.thirdparty.com.google.common.collect.ComparisonChain$1
5499:             1             16  org.apache.hadoop.thirdparty.com.google.common.collect.MapMakerInternalMap$1
5500:             1             16  org.apache.hadoop.thirdparty.com.google.common.collect.MapMakerInternalMap$StrongKeyDummyValueEntry$Helper
5501:             1             16  org.apache.hadoop.thirdparty.com.google.common.util.concurrent.AbstractFuture$UnsafeAtomicHelper
5502:             1             16  org.apache.hadoop.thirdparty.protobuf.ByteString$2
5503:             1             16  org.apache.hadoop.thirdparty.protobuf.ByteString$ArraysByteArrayCopier
5504:             1             16  org.apache.hadoop.thirdparty.protobuf.SmallSortedMap$EmptySet$1
5505:             1             16  org.apache.hadoop.thirdparty.protobuf.SmallSortedMap$EmptySet$2
5506:             1             16  org.apache.hadoop.thirdparty.protobuf.UnknownFieldSet$Parser
5507:             1             16  org.apache.hadoop.thirdparty.protobuf.Utf8$UnsafeProcessor
5508:             1             16  org.apache.hadoop.util.Timer
5509:             1             16  org.apache.hadoop.util.UUIDUtil$$Lambda$993/272924556
5510:             1             16  org.apache.log4j.DefaultCategoryFactory
5511:             1             16  org.apache.log4j.or.DefaultRenderer
5512:             1             16  org.apache.logging.log4j.ThreadContext$EmptyIterator
5513:             1             16  org.apache.logging.log4j.ThreadContext$EmptyThreadContextStack
5514:             1             16  org.apache.logging.log4j.core.LoggerContext$$Lambda$55/442125849
5515:             1             16  org.apache.logging.log4j.core.appender.ConsoleAppender$ConsoleManagerFactory
5516:             1             16  org.apache.logging.log4j.core.appender.FileManager$FileManagerFactory
5517:             1             16  org.apache.logging.log4j.core.appender.rolling.RollingFileManager$RollingFileManagerFactory
5518:             1             16  org.apache.logging.log4j.core.async.AsyncLoggerConfigDefaultExceptionHandler
5519:             1             16  org.apache.logging.log4j.core.async.AsyncLoggerConfigDisruptor$$Lambda$56/1871612052
5520:             1             16  org.apache.logging.log4j.core.async.AsyncLoggerConfigDisruptor$$Lambda$57/153646652
5521:             1             16  org.apache.logging.log4j.core.async.AsyncLoggerConfigDisruptor$$Lambda$58/169833205
5522:             1             16  org.apache.logging.log4j.core.async.AsyncLoggerConfigDisruptor$$Lambda$59/1261198850
5523:             1             16  org.apache.logging.log4j.core.async.AsyncLoggerContextSelector
5524:             1             16  org.apache.logging.log4j.core.async.AsyncLoggerDefaultExceptionHandler
5525:             1             16  org.apache.logging.log4j.core.async.RingBufferLogEvent$Factory
5526:             1             16  org.apache.logging.log4j.core.config.OrderComparator
5527:             1             16  org.apache.logging.log4j.core.config.plugins.convert.TypeConverters$BigDecimalConverter
5528:             1             16  org.apache.logging.log4j.core.config.plugins.convert.TypeConverters$BigIntegerConverter
5529:             1             16  org.apache.logging.log4j.core.config.plugins.convert.TypeConverters$BooleanConverter
5530:             1             16  org.apache.logging.log4j.core.config.plugins.convert.TypeConverters$ByteArrayConverter
5531:             1             16  org.apache.logging.log4j.core.config.plugins.convert.TypeConverters$ByteConverter
5532:             1             16  org.apache.logging.log4j.core.config.plugins.convert.TypeConverters$CharArrayConverter
5533:             1             16  org.apache.logging.log4j.core.config.plugins.convert.TypeConverters$CharacterConverter
5534:             1             16  org.apache.logging.log4j.core.config.plugins.convert.TypeConverters$CharsetConverter
5535:             1             16  org.apache.logging.log4j.core.config.plugins.convert.TypeConverters$ClassConverter
5536:             1             16  org.apache.logging.log4j.core.config.plugins.convert.TypeConverters$CronExpressionConverter
5537:             1             16  org.apache.logging.log4j.core.config.plugins.convert.TypeConverters$DoubleConverter
5538:             1             16  org.apache.logging.log4j.core.config.plugins.convert.TypeConverters$DurationConverter
5539:             1             16  org.apache.logging.log4j.core.config.plugins.convert.TypeConverters$FileConverter
5540:             1             16  org.apache.logging.log4j.core.config.plugins.convert.TypeConverters$FloatConverter
5541:             1             16  org.apache.logging.log4j.core.config.plugins.convert.TypeConverters$InetAddressConverter
5542:             1             16  org.apache.logging.log4j.core.config.plugins.convert.TypeConverters$IntegerConverter
5543:             1             16  org.apache.logging.log4j.core.config.plugins.convert.TypeConverters$LevelConverter
5544:             1             16  org.apache.logging.log4j.core.config.plugins.convert.TypeConverters$LongConverter
5545:             1             16  org.apache.logging.log4j.core.config.plugins.convert.TypeConverters$PathConverter
5546:             1             16  org.apache.logging.log4j.core.config.plugins.convert.TypeConverters$PatternConverter
5547:             1             16  org.apache.logging.log4j.core.config.plugins.convert.TypeConverters$SecurityProviderConverter
5548:             1             16  org.apache.logging.log4j.core.config.plugins.convert.TypeConverters$ShortConverter
5549:             1             16  org.apache.logging.log4j.core.config.plugins.convert.TypeConverters$StringConverter
5550:             1             16  org.apache.logging.log4j.core.config.plugins.convert.TypeConverters$UriConverter
5551:             1             16  org.apache.logging.log4j.core.config.plugins.convert.TypeConverters$UrlConverter
5552:             1             16  org.apache.logging.log4j.core.config.plugins.convert.TypeConverters$UuidConverter
5553:             1             16  org.apache.logging.log4j.core.config.plugins.processor.PluginCache$$Lambda$38/1630678941
5554:             1             16  org.apache.logging.log4j.core.impl.ThreadContextDataProvider
5555:             1             16  org.apache.logging.log4j.core.lookup.StrMatcher$NoMatcher
5556:             1             16  org.apache.logging.log4j.core.lookup.StrMatcher$TrimMatcher
5557:             1             16  org.apache.logging.log4j.core.net.JndiManager$JndiManagerFactory
5558:             1             16  org.apache.logging.log4j.core.pattern.NameAbbreviator$NOPAbbreviator
5559:             1             16  org.apache.logging.log4j.core.pattern.NotANumber
5560:             1             16  org.apache.logging.log4j.core.pattern.PlainTextRenderer
5561:             1             16  org.apache.logging.log4j.core.util.datetime.FastDateParser$$Lambda$60/749927456
5562:             1             16  org.apache.logging.log4j.core.util.datetime.FastDatePrinter$TwoDigitMonthField
5563:             1             16  org.apache.logging.log4j.message.ParameterizedNoReferenceMessageFactory
5564:             1             16  org.apache.logging.log4j.message.ReusableMessageFactory
5565:             1             16  org.apache.logging.log4j.spi.AbstractLogger$$Lambda$32/2088445230
5566:             1             16  org.apache.logging.log4j.spi.LoggerRegistry$ConcurrentMapFactory
5567:             1             16  org.apache.logging.log4j.status.SimpleLoggerFactory
5568:             1             16  org.apache.logging.log4j.util.LoaderUtil$ThreadContextClassLoaderGetter
5569:             1             16  org.apache.logging.log4j.util.PropertiesUtil$Environment$$Lambda$23/1162918744
5570:             1             16  org.apache.logging.log4j.util.PropertiesUtil$Environment$$Lambda$27/1961945640
5571:             1             16  org.apache.logging.log4j.util.PropertiesUtil$Environment$$Lambda$28/258931371
5572:             1             16  org.apache.logging.log4j.util.PropertiesUtil$Environment$$Lambda$29/1083962448
5573:             1             16  org.apache.logging.log4j.util.ProviderUtil
5574:             1             16  org.apache.logging.log4j.util.ProviderUtil$$Lambda$36/1365008457
5575:             1             16  org.apache.logging.log4j.util.SortedArrayStringMap$$Lambda$41/124888672
5576:             1             16  org.apache.logging.log4j.util.StackLocator
5577:             1             16  org.apache.logging.log4j.util.Strings$$Lambda$34/873610597
5578:             1             16  org.apache.ozone.compaction.log.CompactionLogEntry$$Lambda$130/1399398408
5579:             1             16  org.apache.ozone.compaction.log.CompactionLogEntry$$Lambda$131/2066366456
5580:             1             16  org.apache.ozone.rocksdiff.RocksDBCheckpointDiffer$$Lambda$144/1550080835
5581:             1             16  org.apache.ozone.rocksdiff.RocksDBCheckpointDiffer$$Lambda$978/928364239
5582:             1             16  org.apache.ratis.client.impl.ClientProtoUtils$$Lambda$573/1679785899
5583:             1             16  org.apache.ratis.conf.ConfUtils$$Lambda$267/1985363238
5584:             1             16  org.apache.ratis.conf.ConfUtils$$Lambda$322/1761845166
5585:             1             16  org.apache.ratis.conf.RaftProperties$$Lambda$202/1802073627
5586:             1             16  org.apache.ratis.conf.RaftProperties$$Lambda$288/913955118
5587:             1             16  org.apache.ratis.grpc.server.GrpcLogAppender$$Lambda$1050/949744360
5588:             1             16  org.apache.ratis.grpc.server.GrpcServerProtocolService$ServerRequestStreamObserver$$Lambda$534/1976478434
5589:             1             16  org.apache.ratis.grpc.server.GrpcServerProtocolService$ServerRequestStreamObserver$$Lambda$988/317941838
5590:             1             16  org.apache.ratis.metrics.Timekeeper$$Lambda$452/1423496421
5591:             1             16  org.apache.ratis.metrics.Timekeeper$$Lambda$453/1749688308
5592:             1             16  org.apache.ratis.metrics.Timekeeper$$Lambda$455/1370151622
5593:             1             16  org.apache.ratis.metrics.dropwizard3.Dm3MetricRegistryFactoryImpl
5594:             1             16  org.apache.ratis.metrics.dropwizard3.Dm3MetricsReporting$$Lambda$189/1764622989
5595:             1             16  org.apache.ratis.metrics.dropwizard3.Dm3MetricsReporting$$Lambda$190/1714007305
5596:             1             16  org.apache.ratis.proto.RaftProtos$AppendEntriesReplyProto$1
5597:             1             16  org.apache.ratis.proto.RaftProtos$AppendEntriesReplyProto$AppendResult$1
5598:             1             16  org.apache.ratis.proto.RaftProtos$AppendEntriesRequestProto$1
5599:             1             16  org.apache.ratis.proto.RaftProtos$CandidateInfoProto$1
5600:             1             16  org.apache.ratis.proto.RaftProtos$CommitInfoProto$1
5601:             1             16  org.apache.ratis.proto.RaftProtos$DataStreamRequestTypeProto$1
5602:             1             16  org.apache.ratis.proto.RaftProtos$FollowerInfoProto$1
5603:             1             16  org.apache.ratis.proto.RaftProtos$ForwardRequestTypeProto$1
5604:             1             16  org.apache.ratis.proto.RaftProtos$GroupInfoReplyProto$1
5605:             1             16  org.apache.ratis.proto.RaftProtos$GroupInfoRequestProto$1
5606:             1             16  org.apache.ratis.proto.RaftProtos$GroupListReplyProto$1
5607:             1             16  org.apache.ratis.proto.RaftProtos$GroupListRequestProto$1
5608:             1             16  org.apache.ratis.proto.RaftProtos$GroupManagementRequestProto$1
5609:             1             16  org.apache.ratis.proto.RaftProtos$InstallSnapshotReplyProto$1
5610:             1             16  org.apache.ratis.proto.RaftProtos$InstallSnapshotRequestProto$1
5611:             1             16  org.apache.ratis.proto.RaftProtos$InstallSnapshotResult$1
5612:             1             16  org.apache.ratis.proto.RaftProtos$LeaderElectionManagementRequestProto$1
5613:             1             16  org.apache.ratis.proto.RaftProtos$LogEntryProto$1
5614:             1             16  org.apache.ratis.proto.RaftProtos$MetadataProto$1
5615:             1             16  org.apache.ratis.proto.RaftProtos$RaftClientReplyProto$1
5616:             1             16  org.apache.ratis.proto.RaftProtos$RaftClientRequestProto$1
5617:             1             16  org.apache.ratis.proto.RaftProtos$RaftConfigurationProto$1
5618:             1             16  org.apache.ratis.proto.RaftProtos$RaftGroupIdProto$1
5619:             1             16  org.apache.ratis.proto.RaftProtos$RaftPeerProto$1
5620:             1             16  org.apache.ratis.proto.RaftProtos$RaftPeerRole$1
5621:             1             16  org.apache.ratis.proto.RaftProtos$RaftRpcReplyProto$1
5622:             1             16  org.apache.ratis.proto.RaftProtos$RaftRpcRequestProto$1
5623:             1             16  org.apache.ratis.proto.RaftProtos$ReadIndexReplyProto$1
5624:             1             16  org.apache.ratis.proto.RaftProtos$ReadIndexRequestProto$1
5625:             1             16  org.apache.ratis.proto.RaftProtos$ReadRequestTypeProto$1
5626:             1             16  org.apache.ratis.proto.RaftProtos$ReplicationLevel$1
5627:             1             16  org.apache.ratis.proto.RaftProtos$RequestVoteReplyProto$1
5628:             1             16  org.apache.ratis.proto.RaftProtos$RequestVoteRequestProto$1
5629:             1             16  org.apache.ratis.proto.RaftProtos$RoleInfoProto$1
5630:             1             16  org.apache.ratis.proto.RaftProtos$ServerRpcProto$1
5631:             1             16  org.apache.ratis.proto.RaftProtos$SetConfigurationRequestProto$1
5632:             1             16  org.apache.ratis.proto.RaftProtos$SnapshotManagementRequestProto$1
5633:             1             16  org.apache.ratis.proto.RaftProtos$StaleReadRequestTypeProto$1
5634:             1             16  org.apache.ratis.proto.RaftProtos$StartLeaderElectionReplyProto$1
5635:             1             16  org.apache.ratis.proto.RaftProtos$StartLeaderElectionRequestProto$1
5636:             1             16  org.apache.ratis.proto.RaftProtos$StateMachineEntryProto$1
5637:             1             16  org.apache.ratis.proto.RaftProtos$StateMachineLogEntryProto$1
5638:             1             16  org.apache.ratis.proto.RaftProtos$StateMachineLogEntryProto$Type$1
5639:             1             16  org.apache.ratis.proto.RaftProtos$TermIndexProto$1
5640:             1             16  org.apache.ratis.proto.RaftProtos$TransferLeadershipRequestProto$1
5641:             1             16  org.apache.ratis.proto.RaftProtos$WatchRequestTypeProto$1
5642:             1             16  org.apache.ratis.proto.RaftProtos$WriteRequestTypeProto$1
5643:             1             16  org.apache.ratis.proto.grpc.AdminProtocolServiceGrpc$AdminProtocolServiceFileDescriptorSupplier
5644:             1             16  org.apache.ratis.proto.grpc.RaftClientProtocolServiceGrpc$RaftClientProtocolServiceFileDescriptorSupplier
5645:             1             16  org.apache.ratis.proto.grpc.RaftServerProtocolServiceGrpc$RaftServerProtocolServiceFileDescriptorSupplier
5646:             1             16  org.apache.ratis.protocol.Message$$Lambda$1212/420706261
5647:             1             16  org.apache.ratis.protocol.Message$$Lambda$1213/1127425668
5648:             1             16  org.apache.ratis.protocol.RaftClientRequest$$Lambda$1200/187364723
5649:             1             16  org.apache.ratis.protocol.RaftPeerId$$Lambda$193/1081635795
5650:             1             16  org.apache.ratis.protocol.RaftPeerId$$Lambda$395/2013322620
5651:             1             16  org.apache.ratis.retry.MultipleLinearRandomRetry$$Lambda$1063/2128810347
5652:             1             16  org.apache.ratis.retry.MultipleLinearRandomRetry$$Lambda$1064/1249585799
5653:             1             16  org.apache.ratis.rpc.CallId$$Lambda$574/1410463199
5654:             1             16  org.apache.ratis.server.DisabledDataStreamServerFactory
5655:             1             16  org.apache.ratis.server.impl.FollowerState$UpdateType$$Lambda$558/270178447
5656:             1             16  org.apache.ratis.server.impl.FollowerState$UpdateType$$Lambda$559/246694203
5657:             1             16  org.apache.ratis.server.impl.FollowerState$UpdateType$$Lambda$560/827932948
5658:             1             16  org.apache.ratis.server.impl.FollowerState$UpdateType$$Lambda$561/1241831940
5659:             1             16  org.apache.ratis.server.impl.FollowerState$UpdateType$$Lambda$562/245300523
5660:             1             16  org.apache.ratis.server.impl.FollowerState$UpdateType$$Lambda$563/579848282
5661:             1             16  org.apache.ratis.server.impl.LeaderElection$$Lambda$1002/523196847
5662:             1             16  org.apache.ratis.server.impl.LeaderElection$$Lambda$1006/500834498
5663:             1             16  org.apache.ratis.server.impl.LeaderElection$$Lambda$1008/241207363
5664:             1             16  org.apache.ratis.server.impl.LeaderElection$$Lambda$1074/1831452919
5665:             1             16  org.apache.ratis.server.impl.LeaderStateImpl$$Lambda$1073/2010718609
5666:             1             16  org.apache.ratis.server.impl.LeaderStateImpl$$Lambda$1078/1281271850
5667:             1             16  org.apache.ratis.server.impl.LeaderStateImpl$$Lambda$1129/392719987
5668:             1             16  org.apache.ratis.server.impl.LeaderStateImpl$$Lambda$1135/225578062
5669:             1             16  org.apache.ratis.server.impl.LeaderStateImpl$$Lambda$1248/1199297418
5670:             1             16  org.apache.ratis.server.impl.LeaderStateImpl$$Lambda$1255/337266583
5671:             1             16  org.apache.ratis.server.impl.LeaderStateImpl$FollowerInfoMap$$Lambda$1087/61097450
5672:             1             16  org.apache.ratis.server.impl.LeaderStateImpl$SenderList$$Lambda$1066/1301309758
5673:             1             16  org.apache.ratis.server.impl.LeaderStateImpl$SenderList$$Lambda$1068/389741033
5674:             1             16  org.apache.ratis.server.impl.PeerConfiguration$$Lambda$312/1384752919
5675:             1             16  org.apache.ratis.server.impl.RaftServerImpl$$Lambda$1205/597156201
5676:             1             16  org.apache.ratis.server.impl.RaftServerImpl$$Lambda$1206/665346499
5677:             1             16  org.apache.ratis.server.impl.RaftServerImpl$$Lambda$1221/9628727
5678:             1             16  org.apache.ratis.server.impl.RaftServerImpl$$Lambda$538/704692537
5679:             1             16  org.apache.ratis.server.impl.RaftServerImpl$$Lambda$575/1832713804
5680:             1             16  org.apache.ratis.server.impl.RaftServerImpl$$Lambda$581/332966185
5681:             1             16  org.apache.ratis.server.impl.RaftServerImpl$$Lambda$610/1966323828
5682:             1             16  org.apache.ratis.server.impl.RaftServerImpl$$Lambda$643/172118765
5683:             1             16  org.apache.ratis.server.impl.RaftServerImpl$$Lambda$798/1064364105
5684:             1             16  org.apache.ratis.server.impl.RaftServerImpl$$Lambda$828/1562496143
5685:             1             16  org.apache.ratis.server.impl.RaftServerImpl$$Lambda$865/314089208
5686:             1             16  org.apache.ratis.server.impl.RaftServerImpl$$Lambda$987/1596198245
5687:             1             16  org.apache.ratis.server.impl.RaftServerImpl$Info$$Lambda$692/599140741
5688:             1             16  org.apache.ratis.server.impl.RaftServerImpl$RaftServerJmxAdapter$$Lambda$953/753483715
5689:             1             16  org.apache.ratis.server.impl.RaftServerImpl$RaftServerJmxAdapter$$Lambda$954/901670412
5690:             1             16  org.apache.ratis.server.impl.RaftServerImpl$RaftServerJmxAdapter$$Lambda$955/1689908855
5691:             1             16  org.apache.ratis.server.impl.RaftServerImpl$RaftServerJmxAdapter$$Lambda$956/1616552262
5692:             1             16  org.apache.ratis.server.impl.RaftServerProxy$$Lambda$285/771459166
5693:             1             16  org.apache.ratis.server.impl.RaftServerProxy$$Lambda$294/1715499313
5694:             1             16  org.apache.ratis.server.impl.RaftServerProxy$$Lambda$295/1466707981
5695:             1             16  org.apache.ratis.server.impl.RaftServerProxy$$Lambda$376/1602880207
5696:             1             16  org.apache.ratis.server.impl.RoleInfo$$Lambda$1013/1100771665
5697:             1             16  org.apache.ratis.server.impl.ServerImplUtils$$Lambda$583/61667779
5698:             1             16  org.apache.ratis.server.impl.ServerProtoUtils$$Lambda$1088/1983286737
5699:             1             16  org.apache.ratis.server.impl.ServerProtoUtils$$Lambda$999/1135374260
5700:             1             16  org.apache.ratis.server.impl.ServerState$$Lambda$308/1464138652
5701:             1             16  org.apache.ratis.server.impl.ServerState$$Lambda$309/1660003181
5702:             1             16  org.apache.ratis.server.impl.ServerState$$Lambda$409/1046328285
5703:             1             16  org.apache.ratis.server.impl.ServerState$$Lambda$410/140072454
5704:             1             16  org.apache.ratis.server.impl.ServerState$$Lambda$565/1284742409
5705:             1             16  org.apache.ratis.server.impl.ServerState$$Lambda$952/990379018
5706:             1             16  org.apache.ratis.server.impl.ServerState$$Lambda$994/1853848749
5707:             1             16  org.apache.ratis.server.impl.SnapshotManagementRequestHandler$$Lambda$916/185027986
5708:             1             16  org.apache.ratis.server.impl.StateMachineUpdater$$Lambda$618/1351232586
5709:             1             16  org.apache.ratis.server.impl.StateMachineUpdater$$Lambda$693/362677654
5710:             1             16  org.apache.ratis.server.impl.TransferLeadership$$Lambda$1142/54588034
5711:             1             16  org.apache.ratis.server.impl.VoteContext$$Lambda$986/536522722
5712:             1             16  org.apache.ratis.server.impl.WatchRequests$WatchQueue$$Lambda$1030/1649040323
5713:             1             16  org.apache.ratis.server.impl.WatchRequests$WatchQueue$$Lambda$1031/327375815
5714:             1             16  org.apache.ratis.server.impl.WriteIndexCache$$Lambda$624/236144946
5715:             1             16  org.apache.ratis.server.leader.LogAppenderBase$$Lambda$1053/738521388
5716:             1             16  org.apache.ratis.server.leader.LogAppenderBase$$Lambda$1114/1539214403
5717:             1             16  org.apache.ratis.server.leader.LogAppenderBase$$Lambda$1116/1170888807
5718:             1             16  org.apache.ratis.server.leader.LogAppenderDaemon$$Lambda$1054/512486834
5719:             1             16  org.apache.ratis.server.leader.LogAppenderDaemon$$Lambda$1055/945433229
5720:             1             16  org.apache.ratis.server.leader.LogAppenderDaemon$$Lambda$1056/20280639
5721:             1             16  org.apache.ratis.server.metrics.LeaderElectionMetrics$$Lambda$951/1087512716
5722:             1             16  org.apache.ratis.server.metrics.RaftServerMetricsImpl$$Lambda$347/951069505
5723:             1             16  org.apache.ratis.server.protocol.TermIndex$$Lambda$461/497106885
5724:             1             16  org.apache.ratis.server.protocol.TermIndex$$Lambda$540/1799211778
5725:             1             16  org.apache.ratis.server.protocol.TermIndex$$Lambda$619/1421189763
5726:             1             16  org.apache.ratis.server.protocol.TermIndex$$Lambda$620/297215601
5727:             1             16  org.apache.ratis.server.raftlog.LogProtoUtils$$Lambda$1110/2135050048
5728:             1             16  org.apache.ratis.server.raftlog.LogProtoUtils$$Lambda$1113/1408630373
5729:             1             16  org.apache.ratis.server.raftlog.LogProtoUtils$$Lambda$462/1595745976
5730:             1             16  org.apache.ratis.server.raftlog.LogProtoUtils$$Lambda$463/1553013256
5731:             1             16  org.apache.ratis.server.raftlog.LogProtoUtils$$Lambda$464/723628520
5732:             1             16  org.apache.ratis.server.raftlog.LogProtoUtils$$Lambda$465/98663955
5733:             1             16  org.apache.ratis.server.raftlog.LogProtoUtils$$Lambda$466/1366582781
5734:             1             16  org.apache.ratis.server.raftlog.LogProtoUtils$$Lambda$467/301186317
5735:             1             16  org.apache.ratis.server.raftlog.LogProtoUtils$$Lambda$599/61325128
5736:             1             16  org.apache.ratis.server.raftlog.LogProtoUtils$$Lambda$600/13316595
5737:             1             16  org.apache.ratis.server.raftlog.segmented.CacheInvalidationPolicy$CacheInvalidationPolicyDefault
5738:             1             16  org.apache.ratis.server.raftlog.segmented.LogSegment$$Lambda$457/1657988137
5739:             1             16  org.apache.ratis.server.raftlog.segmented.LogSegment$$Lambda$919/1631023860
5740:             1             16  org.apache.ratis.server.raftlog.segmented.LogSegmentPath$$Lambda$445/1978802758
5741:             1             16  org.apache.ratis.server.raftlog.segmented.LogSegmentPath$$Lambda$446/1503415107
5742:             1             16  org.apache.ratis.server.raftlog.segmented.LogSegmentStartEnd$$Lambda$448/2065262314
5743:             1             16  org.apache.ratis.server.raftlog.segmented.LogSegmentStartEnd$$Lambda$450/1650560361
5744:             1             16  org.apache.ratis.server.raftlog.segmented.SegmentedRaftLog$$Lambda$480/131951345
5745:             1             16  org.apache.ratis.server.raftlog.segmented.SegmentedRaftLog$Builder$$Lambda$402/1688817245
5746:             1             16  org.apache.ratis.server.raftlog.segmented.SegmentedRaftLog$ServerLogMethods$1
5747:             1             16  org.apache.ratis.server.raftlog.segmented.SegmentedRaftLogCache$$Lambda$1143/305134851
5748:             1             16  org.apache.ratis.server.raftlog.segmented.SegmentedRaftLogCache$$Lambda$601/1475100227
5749:             1             16  org.apache.ratis.server.raftlog.segmented.SegmentedRaftLogCache$LogSegmentList$$Lambda$948/775821336
5750:             1             16  org.apache.ratis.server.raftlog.segmented.SegmentedRaftLogCache$SegmentFileInfo$$Lambda$969/416841352
5751:             1             16  org.apache.ratis.server.raftlog.segmented.SegmentedRaftLogCache$SegmentFileInfo$$Lambda$970/1566981721
5752:             1             16  org.apache.ratis.server.raftlog.segmented.SegmentedRaftLogInputStream$$Lambda$471/1896663533
5753:             1             16  org.apache.ratis.server.raftlog.segmented.SegmentedRaftLogReader$$Lambda$460/2033339232
5754:             1             16  org.apache.ratis.server.raftlog.segmented.SegmentedRaftLogWorker$$Lambda$427/1868502737
5755:             1             16  org.apache.ratis.server.raftlog.segmented.SegmentedRaftLogWorker$$Lambda$606/1757660807
5756:             1             16  org.apache.ratis.server.storage.RaftStorageImpl$$Lambda$383/674886191
5757:             1             16  org.apache.ratis.server.storage.RaftStorageMetadata$$Lambda$393/259161161
5758:             1             16  org.apache.ratis.server.storage.SnapshotManager$$Lambda$315/1520951845
5759:             1             16  org.apache.ratis.statemachine.StateMachine$DataApi$1
5760:             1             16  org.apache.ratis.statemachine.StateMachine$EventApi$1
5761:             1             16  org.apache.ratis.statemachine.StateMachine$FollowerEventApi$1
5762:             1             16  org.apache.ratis.statemachine.StateMachine$LeaderEventApi$1
5763:             1             16  org.apache.ratis.statemachine.TransactionContext$Builder$$Lambda$1209/536429082
5764:             1             16  org.apache.ratis.statemachine.impl.SimpleStateMachineStorage$$Lambda$231/1905548224
5765:             1             16  org.apache.ratis.thirdparty.com.google.common.base.Equivalence$Equals
5766:             1             16  org.apache.ratis.thirdparty.com.google.common.base.Equivalence$Identity
5767:             1             16  org.apache.ratis.thirdparty.com.google.common.base.Platform$JdkPatternCompiler
5768:             1             16  org.apache.ratis.thirdparty.com.google.common.base.Ticker$1
5769:             1             16  org.apache.ratis.thirdparty.com.google.common.cache.CacheBuilder$1
5770:             1             16  org.apache.ratis.thirdparty.com.google.common.cache.CacheBuilder$2
5771:             1             16  org.apache.ratis.thirdparty.com.google.common.cache.CacheBuilder$3
5772:             1             16  org.apache.ratis.thirdparty.com.google.common.cache.LocalCache$1
5773:             1             16  org.apache.ratis.thirdparty.com.google.common.cache.LocalCache$2
5774:             1             16  org.apache.ratis.thirdparty.com.google.common.cache.LongAddables$1
5775:             1             16  org.apache.ratis.thirdparty.com.google.common.collect.MapMakerInternalMap$1
5776:             1             16  org.apache.ratis.thirdparty.com.google.common.collect.MapMakerInternalMap$WeakKeyDummyValueEntry$Helper
5777:             1             16  org.apache.ratis.thirdparty.com.google.common.util.concurrent.AbstractFuture$UnsafeAtomicHelper
5778:             1             16  org.apache.ratis.thirdparty.com.google.protobuf.ByteString$2
5779:             1             16  org.apache.ratis.thirdparty.com.google.protobuf.ByteString$ArraysByteArrayCopier
5780:             1             16  org.apache.ratis.thirdparty.com.google.protobuf.DescriptorProtos$DescriptorProto$1
5781:             1             16  org.apache.ratis.thirdparty.com.google.protobuf.DescriptorProtos$EnumDescriptorProto$1
5782:             1             16  org.apache.ratis.thirdparty.com.google.protobuf.DescriptorProtos$EnumValueDescriptorProto$1
5783:             1             16  org.apache.ratis.thirdparty.com.google.protobuf.DescriptorProtos$FieldDescriptorProto$1
5784:             1             16  org.apache.ratis.thirdparty.com.google.protobuf.DescriptorProtos$FieldDescriptorProto$Label$1
5785:             1             16  org.apache.ratis.thirdparty.com.google.protobuf.DescriptorProtos$FieldDescriptorProto$Type$1
5786:             1             16  org.apache.ratis.thirdparty.com.google.protobuf.DescriptorProtos$FieldOptions$1
5787:             1             16  org.apache.ratis.thirdparty.com.google.protobuf.DescriptorProtos$FieldOptions$2
5788:             1             16  org.apache.ratis.thirdparty.com.google.protobuf.DescriptorProtos$FileDescriptorProto$1
5789:             1             16  org.apache.ratis.thirdparty.com.google.protobuf.DescriptorProtos$FileOptions$1
5790:             1             16  org.apache.ratis.thirdparty.com.google.protobuf.DescriptorProtos$MessageOptions$1
5791:             1             16  org.apache.ratis.thirdparty.com.google.protobuf.DescriptorProtos$OneofDescriptorProto$1
5792:             1             16  org.apache.ratis.thirdparty.com.google.protobuf.Descriptors$EnumValueDescriptor$1
5793:             1             16  org.apache.ratis.thirdparty.com.google.protobuf.Descriptors$EnumValueDescriptor$2
5794:             1             16  org.apache.ratis.thirdparty.com.google.protobuf.Descriptors$FieldDescriptor$1
5795:             1             16  org.apache.ratis.thirdparty.com.google.protobuf.SmallSortedMap$EmptySet$1
5796:             1             16  org.apache.ratis.thirdparty.com.google.protobuf.SmallSortedMap$EmptySet$2
5797:             1             16  org.apache.ratis.thirdparty.com.google.protobuf.UnknownFieldSet$Parser
5798:             1             16  org.apache.ratis.thirdparty.com.google.protobuf.Utf8$UnsafeProcessor
5799:             1             16  org.apache.ratis.thirdparty.io.grpc.ClientInterceptors$2
5800:             1             16  org.apache.ratis.thirdparty.io.grpc.Codec$Identity
5801:             1             16  org.apache.ratis.thirdparty.io.grpc.Deadline$SystemTicker
5802:             1             16  org.apache.ratis.thirdparty.io.grpc.LoadBalancer$1
5803:             1             16  org.apache.ratis.thirdparty.io.grpc.LoadBalancerProvider$UnknownConfig
5804:             1             16  org.apache.ratis.thirdparty.io.grpc.Metadata$1
5805:             1             16  org.apache.ratis.thirdparty.io.grpc.Metadata$2
5806:             1             16  org.apache.ratis.thirdparty.io.grpc.Status$StatusCodeMarshaller
5807:             1             16  org.apache.ratis.thirdparty.io.grpc.Status$StatusMessageMarshaller
5808:             1             16  org.apache.ratis.thirdparty.io.grpc.ThreadLocalContextStorage
5809:             1             16  org.apache.ratis.thirdparty.io.grpc.internal.CallTracer$1
5810:             1             16  org.apache.ratis.thirdparty.io.grpc.internal.CompositeReadableBuffer$1
5811:             1             16  org.apache.ratis.thirdparty.io.grpc.internal.CompositeReadableBuffer$2
5812:             1             16  org.apache.ratis.thirdparty.io.grpc.internal.CompositeReadableBuffer$3
5813:             1             16  org.apache.ratis.thirdparty.io.grpc.internal.CompositeReadableBuffer$4
5814:             1             16  org.apache.ratis.thirdparty.io.grpc.internal.CompositeReadableBuffer$5
5815:             1             16  org.apache.ratis.thirdparty.io.grpc.internal.DelayedClientCall$8
5816:             1             16  org.apache.ratis.thirdparty.io.grpc.internal.DnsNameResolverProvider
5817:             1             16  org.apache.ratis.thirdparty.io.grpc.internal.GrpcUtil$1
5818:             1             16  org.apache.ratis.thirdparty.io.grpc.internal.GrpcUtil$2
5819:             1             16  org.apache.ratis.thirdparty.io.grpc.internal.GrpcUtil$3
5820:             1             16  org.apache.ratis.thirdparty.io.grpc.internal.GrpcUtil$4
5821:             1             16  org.apache.ratis.thirdparty.io.grpc.internal.GrpcUtil$5
5822:             1             16  org.apache.ratis.thirdparty.io.grpc.internal.GrpcUtil$TimeoutMarshaller
5823:             1             16  org.apache.ratis.thirdparty.io.grpc.internal.Http2ClientStreamTransportState$1
5824:             1             16  org.apache.ratis.thirdparty.io.grpc.internal.JndiResourceResolverFactory
5825:             1             16  org.apache.ratis.thirdparty.io.grpc.internal.KeepAliveEnforcer$SystemTicker
5826:             1             16  org.apache.ratis.thirdparty.io.grpc.internal.ManagedChannelImpl$1
5827:             1             16  org.apache.ratis.thirdparty.io.grpc.internal.ManagedChannelImpl$4
5828:             1             16  org.apache.ratis.thirdparty.io.grpc.internal.PickFirstLoadBalancerProvider
5829:             1             16  org.apache.ratis.thirdparty.io.grpc.internal.ProxyDetectorImpl$1
5830:             1             16  org.apache.ratis.thirdparty.io.grpc.internal.ProxyDetectorImpl$2
5831:             1             16  org.apache.ratis.thirdparty.io.grpc.internal.ServerImpl$NoopListener
5832:             1             16  org.apache.ratis.thirdparty.io.grpc.internal.ServerImplBuilder$DefaultFallbackRegistry
5833:             1             16  org.apache.ratis.thirdparty.io.grpc.internal.SharedResourceHolder$1
5834:             1             16  org.apache.ratis.thirdparty.io.grpc.internal.TimeProvider$1
5835:             1             16  org.apache.ratis.thirdparty.io.grpc.netty.UdsNameResolverProvider
5836:             1             16  org.apache.ratis.thirdparty.io.grpc.util.OutlierDetectionLoadBalancerProvider
5837:             1             16  org.apache.ratis.thirdparty.io.grpc.util.SecretRoundRobinLoadBalancerProvider$Provider
5838:             1             16  org.apache.ratis.thirdparty.io.netty.buffer.AbstractReferenceCountedByteBuf$1
5839:             1             16  org.apache.ratis.thirdparty.io.netty.buffer.ByteBufUtil$2
5840:             1             16  org.apache.ratis.thirdparty.io.netty.buffer.CompositeByteBuf$1
5841:             1             16  org.apache.ratis.thirdparty.io.netty.buffer.CompositeByteBuf$2
5842:             1             16  org.apache.ratis.thirdparty.io.netty.buffer.PoolThreadCache$MemoryRegionCache$1
5843:             1             16  org.apache.ratis.thirdparty.io.netty.buffer.PooledHeapByteBuf$1
5844:             1             16  org.apache.ratis.thirdparty.io.netty.buffer.PooledSlicedByteBuf$1
5845:             1             16  org.apache.ratis.thirdparty.io.netty.buffer.PooledUnsafeDirectByteBuf$1
5846:             1             16  org.apache.ratis.thirdparty.io.netty.buffer.PooledUnsafeHeapByteBuf$1
5847:             1             16  org.apache.ratis.thirdparty.io.netty.channel.AbstractChannelHandlerContext$WriteTask$1
5848:             1             16  org.apache.ratis.thirdparty.io.netty.channel.ChannelFutureListener$1
5849:             1             16  org.apache.ratis.thirdparty.io.netty.channel.ChannelFutureListener$2
5850:             1             16  org.apache.ratis.thirdparty.io.netty.channel.ChannelFutureListener$3
5851:             1             16  org.apache.ratis.thirdparty.io.netty.channel.ChannelOutboundBuffer$Entry$1
5852:             1             16  org.apache.ratis.thirdparty.io.netty.channel.DefaultSelectStrategy
5853:             1             16  org.apache.ratis.thirdparty.io.netty.channel.DefaultSelectStrategyFactory
5854:             1             16  org.apache.ratis.thirdparty.io.netty.handler.codec.ByteToMessageDecoder$1
5855:             1             16  org.apache.ratis.thirdparty.io.netty.handler.codec.ByteToMessageDecoder$2
5856:             1             16  org.apache.ratis.thirdparty.io.netty.handler.codec.CodecOutputList$1
5857:             1             16  org.apache.ratis.thirdparty.io.netty.handler.codec.DefaultHeaders$NameValidator$1
5858:             1             16  org.apache.ratis.thirdparty.io.netty.handler.codec.DefaultHeaders$ValueValidator$1
5859:             1             16  org.apache.ratis.thirdparty.io.netty.handler.codec.UnsupportedValueConverter
5860:             1             16  org.apache.ratis.thirdparty.io.netty.handler.codec.http2.DefaultHttp2LocalFlowController$2
5861:             1             16  org.apache.ratis.thirdparty.io.netty.handler.codec.http2.Http2ConnectionPrefaceAndSettingsFrameWrittenEvent
5862:             1             16  org.apache.ratis.thirdparty.io.netty.handler.codec.http2.Http2HeadersEncoder$1
5863:             1             16  org.apache.ratis.thirdparty.io.netty.handler.codec.http2.Http2HeadersEncoder$2
5864:             1             16  org.apache.ratis.thirdparty.io.netty.handler.codec.http2.Http2PromisedRequestVerifier$1
5865:             1             16  org.apache.ratis.thirdparty.io.netty.handler.codec.http2.WeightedFairQueueByteDistributor$StateOnlyComparator
5866:             1             16  org.apache.ratis.thirdparty.io.netty.handler.codec.http2.WeightedFairQueueByteDistributor$StatePseudoTimeComparator
5867:             1             16  org.apache.ratis.thirdparty.io.netty.util.AbstractReferenceCounted$1
5868:             1             16  org.apache.ratis.thirdparty.io.netty.util.AsciiString$1
5869:             1             16  org.apache.ratis.thirdparty.io.netty.util.AsciiString$2
5870:             1             16  org.apache.ratis.thirdparty.io.netty.util.Recycler$1
5871:             1             16  org.apache.ratis.thirdparty.io.netty.util.collection.IntCollections$EmptyMap
5872:             1             16  org.apache.ratis.thirdparty.io.netty.util.concurrent.AbstractScheduledEventExecutor$1
5873:             1             16  org.apache.ratis.thirdparty.io.netty.util.concurrent.AbstractScheduledEventExecutor$2
5874:             1             16  org.apache.ratis.thirdparty.io.netty.util.concurrent.DefaultEventExecutorChooserFactory
5875:             1             16  org.apache.ratis.thirdparty.io.netty.util.concurrent.RejectedExecutionHandlers$1
5876:             1             16  org.apache.ratis.thirdparty.io.netty.util.concurrent.SingleThreadEventExecutor$1
5877:             1             16  org.apache.ratis.thirdparty.io.netty.util.internal.CleanerJava6
5878:             1             16  org.apache.ratis.thirdparty.io.netty.util.internal.PlatformDependent$1
5879:             1             16  org.apache.ratis.thirdparty.io.netty.util.internal.PlatformDependent$2
5880:             1             16  org.apache.ratis.thirdparty.io.netty.util.internal.RecyclableArrayList$1
5881:             1             16  org.apache.ratis.thirdparty.io.perfmark.Impl
5882:             1             16  org.apache.ratis.thirdparty.io.perfmark.TaskCloseable
5883:             1             16  org.apache.ratis.util.JavaUtils$$Lambda$183/1363989824
5884:             1             16  org.apache.ratis.util.JavaUtils$$Lambda$203/361712894
5885:             1             16  org.apache.ratis.util.JvmPauseMonitor$$Lambda$512/2009900903
5886:             1             16  org.apache.ratis.util.JvmPauseMonitor$$Lambda$514/1886806110
5887:             1             16  org.apache.ratis.util.JvmPauseMonitor$$Lambda$515/2084268324
5888:             1             16  org.apache.ratis.util.JvmPauseMonitor$Builder$$Lambda$280/1118494797
5889:             1             16  org.apache.ratis.util.LifeCycle$$Lambda$1012/773178540
5890:             1             16  org.apache.ratis.util.ProtoUtils$$Lambda$394/210068880
5891:             1             16  org.apache.ratis.util.ResourceSemaphore$Group$$Lambda$1021/2091544761
5892:             1             16  org.apache.ratis.util.TimeDuration$$Lambda$1103/987255110
5893:             1             16  org.apache.ratis.util.TimeDuration$$Lambda$282/1295803795
5894:             1             16  org.apache.ratis.util.TimeoutTimer$$Lambda$323/1250984472
5895:             1             16  org.bouncycastle.jcajce.provider.asymmetric.dsa.KeyFactorySpi
5896:             1             16  org.bouncycastle.jcajce.provider.asymmetric.elgamal.KeyFactorySpi
5897:             1             16  org.bouncycastle.jcajce.provider.asymmetric.gost.KeyFactorySpi
5898:             1             16  org.bouncycastle.jcajce.provider.asymmetric.rsa.KeyFactorySpi
5899:             1             16  org.bouncycastle.pqc.jcajce.provider.lms.LMSKeyFactorySpi
5900:             1             16  org.bouncycastle.pqc.jcajce.provider.mceliece.McElieceCCA2KeyFactorySpi
5901:             1             16  org.bouncycastle.pqc.jcajce.provider.mceliece.McElieceKeyFactorySpi
5902:             1             16  org.bouncycastle.pqc.jcajce.provider.newhope.NHKeyFactorySpi
5903:             1             16  org.bouncycastle.pqc.jcajce.provider.rainbow.RainbowKeyFactorySpi
5904:             1             16  org.bouncycastle.pqc.jcajce.provider.sphincs.Sphincs256KeyFactorySpi
5905:             1             16  org.eclipse.jetty.http.Http1FieldPreEncoder
5906:             1             16  org.eclipse.jetty.http.MimeTypes$$Lambda$543/2024814472
5907:             1             16  org.eclipse.jetty.http.MimeTypes$$Lambda$549/1124987728
5908:             1             16  org.eclipse.jetty.http.QuotedQualityCSV$$Lambda$961/1040784360
5909:             1             16  org.eclipse.jetty.http.QuotedQualityCSV$$Lambda$962/386123967
5910:             1             16  org.eclipse.jetty.http.QuotedQualityCSV$$Lambda$963/135935449
5911:             1             16  org.eclipse.jetty.http.pathmap.MatchedPath$1
5912:             1             16  org.eclipse.jetty.http.pathmap.PathMappings$$Lambda$567/206999441
5913:             1             16  org.eclipse.jetty.security.DefaultIdentityService
5914:             1             16  org.eclipse.jetty.security.SecurityHandler$1
5915:             1             16  org.eclipse.jetty.security.SecurityHandler$2
5916:             1             16  org.eclipse.jetty.server.Authentication$1
5917:             1             16  org.eclipse.jetty.server.Authentication$2
5918:             1             16  org.eclipse.jetty.server.Authentication$3
5919:             1             16  org.eclipse.jetty.server.Authentication$4
5920:             1             16  org.eclipse.jetty.server.Authentication$5
5921:             1             16  org.eclipse.jetty.server.HttpChannel$1
5922:             1             16  org.eclipse.jetty.server.HttpInput$1
5923:             1             16  org.eclipse.jetty.server.HttpInput$2
5924:             1             16  org.eclipse.jetty.server.HttpInput$3
5925:             1             16  org.eclipse.jetty.server.HttpInput$4
5926:             1             16  org.eclipse.jetty.server.HttpInput$5
5927:             1             16  org.eclipse.jetty.server.ResourceService$$Lambda$689/1866191743
5928:             1             16  org.eclipse.jetty.server.ResourceService$$Lambda$690/1077109993
5929:             1             16  org.eclipse.jetty.server.session.SessionHandler$1
5930:             1             16  org.eclipse.jetty.servlet.FilterHolder$$Lambda$571/575506130
5931:             1             16  org.eclipse.jetty.servlet.ServletHandler$$Lambda$568/1893004914
5932:             1             16  org.eclipse.jetty.servlet.ServletHolder$$Lambda$688/1280081260
5933:             1             16  org.eclipse.jetty.util.Callback$1
5934:             1             16  org.eclipse.jetty.util.IO$ClosedIS
5935:             1             16  org.eclipse.jetty.util.IO$NullOS
5936:             1             16  org.eclipse.jetty.util.TypeUtil$$Lambda$683/649316770
5937:             1             16  org.eclipse.jetty.util.TypeUtil$$Lambda$684/1401212518
5938:             1             16  org.eclipse.jetty.util.TypeUtil$$Lambda$685/1799545709
5939:             1             16  org.eclipse.jetty.util.statistic.CounterStatistic$$Lambda$521/356347252
5940:             1             16  org.eclipse.jetty.util.statistic.SampleStatistic$$Lambda$520/620471432
5941:             1             16  org.eclipse.jetty.util.thread.QueuedThreadPool$$Lambda$519/1510333744
5942:             1             16  org.eclipse.jetty.util.thread.ReservedThreadExecutor$1
5943:             1             16  org.eclipse.jetty.util.thread.ThreadPoolBudget$$Lambda$530/1287728562
5944:             1             16  org.eclipse.jetty.util.thread.ThreadPoolBudget$1
5945:             1             16  org.eclipse.jetty.util.thread.TryExecutor$1
5946:             1             16  org.eclipse.jetty.webapp.FragmentConfiguration
5947:             1             16  org.eclipse.jetty.webapp.JettyWebXmlConfiguration
5948:             1             16  org.eclipse.jetty.webapp.MetaInfConfiguration
5949:             1             16  org.eclipse.jetty.webapp.WebXmlConfiguration
5950:             1             16  org.rocksdb.NativeLibraryLoader
5951:             1             16  org.slf4j.helpers.NOPLoggerFactory
5952:             1             16  picocli.CommandLine$Help$ColorScheme$1
5953:             1             16  sun.management.HotSpotDiagnostic
5954:             1             16  sun.misc.ASCIICaseInsensitiveComparator
5955:             1             16  sun.misc.Launcher$Factory
5956:             1             16  sun.misc.Perf
5957:             1             16  sun.misc.Unsafe
5958:             1             16  sun.net.DefaultProgressMeteringPolicy
5959:             1             16  sun.net.ExtendedOptionsImpl$$Lambda$91/130850024
5960:             1             16  sun.net.spi.DefaultProxySelector
5961:             1             16  sun.net.www.protocol.file.Handler
5962:             1             16  sun.net.www.protocol.jar.JarFileFactory
5963:             1             16  sun.nio.ch.EPollSelectorProvider
5964:             1             16  sun.nio.ch.ExtendedSocketOption$1
5965:             1             16  sun.nio.ch.FileChannelImpl$1
5966:             1             16  sun.nio.ch.Net$1
5967:             1             16  sun.reflect.GeneratedConstructorAccessor1
5968:             1             16  sun.reflect.GeneratedConstructorAccessor10
5969:             1             16  sun.reflect.GeneratedConstructorAccessor11
5970:             1             16  sun.reflect.GeneratedConstructorAccessor12
5971:             1             16  sun.reflect.GeneratedConstructorAccessor13
5972:             1             16  sun.reflect.GeneratedConstructorAccessor14
5973:             1             16  sun.reflect.GeneratedConstructorAccessor15
5974:             1             16  sun.reflect.GeneratedConstructorAccessor16
5975:             1             16  sun.reflect.GeneratedConstructorAccessor17
5976:             1             16  sun.reflect.GeneratedConstructorAccessor18
5977:             1             16  sun.reflect.GeneratedConstructorAccessor19
5978:             1             16  sun.reflect.GeneratedConstructorAccessor2
5979:             1             16  sun.reflect.GeneratedConstructorAccessor20
5980:             1             16  sun.reflect.GeneratedConstructorAccessor21
5981:             1             16  sun.reflect.GeneratedConstructorAccessor22
5982:             1             16  sun.reflect.GeneratedConstructorAccessor23
5983:             1             16  sun.reflect.GeneratedConstructorAccessor24
5984:             1             16  sun.reflect.GeneratedConstructorAccessor25
5985:             1             16  sun.reflect.GeneratedConstructorAccessor26
5986:             1             16  sun.reflect.GeneratedConstructorAccessor27
5987:             1             16  sun.reflect.GeneratedConstructorAccessor28
5988:             1             16  sun.reflect.GeneratedConstructorAccessor29
5989:             1             16  sun.reflect.GeneratedConstructorAccessor3
5990:             1             16  sun.reflect.GeneratedConstructorAccessor30
5991:             1             16  sun.reflect.GeneratedConstructorAccessor31
5992:             1             16  sun.reflect.GeneratedConstructorAccessor32
5993:             1             16  sun.reflect.GeneratedConstructorAccessor33
5994:             1             16  sun.reflect.GeneratedConstructorAccessor34
5995:             1             16  sun.reflect.GeneratedConstructorAccessor35
5996:             1             16  sun.reflect.GeneratedConstructorAccessor36
5997:             1             16  sun.reflect.GeneratedConstructorAccessor37
5998:             1             16  sun.reflect.GeneratedConstructorAccessor38
5999:             1             16  sun.reflect.GeneratedConstructorAccessor39
6000:             1             16  sun.reflect.GeneratedConstructorAccessor4
6001:             1             16  sun.reflect.GeneratedConstructorAccessor40
6002:             1             16  sun.reflect.GeneratedConstructorAccessor41
6003:             1             16  sun.reflect.GeneratedConstructorAccessor48
6004:             1             16  sun.reflect.GeneratedConstructorAccessor5
6005:             1             16  sun.reflect.GeneratedConstructorAccessor51
6006:             1             16  sun.reflect.GeneratedConstructorAccessor52
6007:             1             16  sun.reflect.GeneratedConstructorAccessor53
6008:             1             16  sun.reflect.GeneratedConstructorAccessor6
6009:             1             16  sun.reflect.GeneratedConstructorAccessor7
6010:             1             16  sun.reflect.GeneratedConstructorAccessor8
6011:             1             16  sun.reflect.GeneratedConstructorAccessor9
6012:             1             16  sun.reflect.GeneratedMethodAccessor1
6013:             1             16  sun.reflect.GeneratedMethodAccessor10
6014:             1             16  sun.reflect.GeneratedMethodAccessor100
6015:             1             16  sun.reflect.GeneratedMethodAccessor101
6016:             1             16  sun.reflect.GeneratedMethodAccessor102
6017:             1             16  sun.reflect.GeneratedMethodAccessor103
6018:             1             16  sun.reflect.GeneratedMethodAccessor104
6019:             1             16  sun.reflect.GeneratedMethodAccessor105
6020:             1             16  sun.reflect.GeneratedMethodAccessor106
6021:             1             16  sun.reflect.GeneratedMethodAccessor107
6022:             1             16  sun.reflect.GeneratedMethodAccessor108
6023:             1             16  sun.reflect.GeneratedMethodAccessor109
6024:             1             16  sun.reflect.GeneratedMethodAccessor11
6025:             1             16  sun.reflect.GeneratedMethodAccessor110
6026:             1             16  sun.reflect.GeneratedMethodAccessor111
6027:             1             16  sun.reflect.GeneratedMethodAccessor112
6028:             1             16  sun.reflect.GeneratedMethodAccessor113
6029:             1             16  sun.reflect.GeneratedMethodAccessor114
6030:             1             16  sun.reflect.GeneratedMethodAccessor115
6031:             1             16  sun.reflect.GeneratedMethodAccessor116
6032:             1             16  sun.reflect.GeneratedMethodAccessor117
6033:             1             16  sun.reflect.GeneratedMethodAccessor118
6034:             1             16  sun.reflect.GeneratedMethodAccessor119
6035:             1             16  sun.reflect.GeneratedMethodAccessor12
6036:             1             16  sun.reflect.GeneratedMethodAccessor120
6037:             1             16  sun.reflect.GeneratedMethodAccessor121
6038:             1             16  sun.reflect.GeneratedMethodAccessor122
6039:             1             16  sun.reflect.GeneratedMethodAccessor123
6040:             1             16  sun.reflect.GeneratedMethodAccessor124
6041:             1             16  sun.reflect.GeneratedMethodAccessor125
6042:             1             16  sun.reflect.GeneratedMethodAccessor126
6043:             1             16  sun.reflect.GeneratedMethodAccessor127
6044:             1             16  sun.reflect.GeneratedMethodAccessor128
6045:             1             16  sun.reflect.GeneratedMethodAccessor129
6046:             1             16  sun.reflect.GeneratedMethodAccessor13
6047:             1             16  sun.reflect.GeneratedMethodAccessor130
6048:             1             16  sun.reflect.GeneratedMethodAccessor131
6049:             1             16  sun.reflect.GeneratedMethodAccessor132
6050:             1             16  sun.reflect.GeneratedMethodAccessor133
6051:             1             16  sun.reflect.GeneratedMethodAccessor134
6052:             1             16  sun.reflect.GeneratedMethodAccessor135
6053:             1             16  sun.reflect.GeneratedMethodAccessor136
6054:             1             16  sun.reflect.GeneratedMethodAccessor137
6055:             1             16  sun.reflect.GeneratedMethodAccessor138
6056:             1             16  sun.reflect.GeneratedMethodAccessor139
6057:             1             16  sun.reflect.GeneratedMethodAccessor14
6058:             1             16  sun.reflect.GeneratedMethodAccessor140
6059:             1             16  sun.reflect.GeneratedMethodAccessor141
6060:             1             16  sun.reflect.GeneratedMethodAccessor142
6061:             1             16  sun.reflect.GeneratedMethodAccessor143
6062:             1             16  sun.reflect.GeneratedMethodAccessor144
6063:             1             16  sun.reflect.GeneratedMethodAccessor145
6064:             1             16  sun.reflect.GeneratedMethodAccessor146
6065:             1             16  sun.reflect.GeneratedMethodAccessor147
6066:             1             16  sun.reflect.GeneratedMethodAccessor148
6067:             1             16  sun.reflect.GeneratedMethodAccessor149
6068:             1             16  sun.reflect.GeneratedMethodAccessor15
6069:             1             16  sun.reflect.GeneratedMethodAccessor150
6070:             1             16  sun.reflect.GeneratedMethodAccessor151
6071:             1             16  sun.reflect.GeneratedMethodAccessor152
6072:             1             16  sun.reflect.GeneratedMethodAccessor153
6073:             1             16  sun.reflect.GeneratedMethodAccessor154
6074:             1             16  sun.reflect.GeneratedMethodAccessor155
6075:             1             16  sun.reflect.GeneratedMethodAccessor156
6076:             1             16  sun.reflect.GeneratedMethodAccessor157
6077:             1             16  sun.reflect.GeneratedMethodAccessor158
6078:             1             16  sun.reflect.GeneratedMethodAccessor159
6079:             1             16  sun.reflect.GeneratedMethodAccessor16
6080:             1             16  sun.reflect.GeneratedMethodAccessor160
6081:             1             16  sun.reflect.GeneratedMethodAccessor161
6082:             1             16  sun.reflect.GeneratedMethodAccessor162
6083:             1             16  sun.reflect.GeneratedMethodAccessor163
6084:             1             16  sun.reflect.GeneratedMethodAccessor164
6085:             1             16  sun.reflect.GeneratedMethodAccessor165
6086:             1             16  sun.reflect.GeneratedMethodAccessor166
6087:             1             16  sun.reflect.GeneratedMethodAccessor167
6088:             1             16  sun.reflect.GeneratedMethodAccessor168
6089:             1             16  sun.reflect.GeneratedMethodAccessor169
6090:             1             16  sun.reflect.GeneratedMethodAccessor17
6091:             1             16  sun.reflect.GeneratedMethodAccessor170
6092:             1             16  sun.reflect.GeneratedMethodAccessor171
6093:             1             16  sun.reflect.GeneratedMethodAccessor172
6094:             1             16  sun.reflect.GeneratedMethodAccessor173
6095:             1             16  sun.reflect.GeneratedMethodAccessor174
6096:             1             16  sun.reflect.GeneratedMethodAccessor175
6097:             1             16  sun.reflect.GeneratedMethodAccessor176
6098:             1             16  sun.reflect.GeneratedMethodAccessor177
6099:             1             16  sun.reflect.GeneratedMethodAccessor178
6100:             1             16  sun.reflect.GeneratedMethodAccessor179
6101:             1             16  sun.reflect.GeneratedMethodAccessor18
6102:             1             16  sun.reflect.GeneratedMethodAccessor180
6103:             1             16  sun.reflect.GeneratedMethodAccessor181
6104:             1             16  sun.reflect.GeneratedMethodAccessor182
6105:             1             16  sun.reflect.GeneratedMethodAccessor183
6106:             1             16  sun.reflect.GeneratedMethodAccessor184
6107:             1             16  sun.reflect.GeneratedMethodAccessor185
6108:             1             16  sun.reflect.GeneratedMethodAccessor186
6109:             1             16  sun.reflect.GeneratedMethodAccessor187
6110:             1             16  sun.reflect.GeneratedMethodAccessor188
6111:             1             16  sun.reflect.GeneratedMethodAccessor189
6112:             1             16  sun.reflect.GeneratedMethodAccessor19
6113:             1             16  sun.reflect.GeneratedMethodAccessor190
6114:             1             16  sun.reflect.GeneratedMethodAccessor191
6115:             1             16  sun.reflect.GeneratedMethodAccessor192
6116:             1             16  sun.reflect.GeneratedMethodAccessor193
6117:             1             16  sun.reflect.GeneratedMethodAccessor194
6118:             1             16  sun.reflect.GeneratedMethodAccessor195
6119:             1             16  sun.reflect.GeneratedMethodAccessor196
6120:             1             16  sun.reflect.GeneratedMethodAccessor197
6121:             1             16  sun.reflect.GeneratedMethodAccessor198
6122:             1             16  sun.reflect.GeneratedMethodAccessor199
6123:             1             16  sun.reflect.GeneratedMethodAccessor2
6124:             1             16  sun.reflect.GeneratedMethodAccessor20
6125:             1             16  sun.reflect.GeneratedMethodAccessor200
6126:             1             16  sun.reflect.GeneratedMethodAccessor201
6127:             1             16  sun.reflect.GeneratedMethodAccessor202
6128:             1             16  sun.reflect.GeneratedMethodAccessor203
6129:             1             16  sun.reflect.GeneratedMethodAccessor204
6130:             1             16  sun.reflect.GeneratedMethodAccessor205
6131:             1             16  sun.reflect.GeneratedMethodAccessor206
6132:             1             16  sun.reflect.GeneratedMethodAccessor207
6133:             1             16  sun.reflect.GeneratedMethodAccessor208
6134:             1             16  sun.reflect.GeneratedMethodAccessor209
6135:             1             16  sun.reflect.GeneratedMethodAccessor21
6136:             1             16  sun.reflect.GeneratedMethodAccessor210
6137:             1             16  sun.reflect.GeneratedMethodAccessor211
6138:             1             16  sun.reflect.GeneratedMethodAccessor212
6139:             1             16  sun.reflect.GeneratedMethodAccessor213
6140:             1             16  sun.reflect.GeneratedMethodAccessor214
6141:             1             16  sun.reflect.GeneratedMethodAccessor215
6142:             1             16  sun.reflect.GeneratedMethodAccessor216
6143:             1             16  sun.reflect.GeneratedMethodAccessor217
6144:             1             16  sun.reflect.GeneratedMethodAccessor218
6145:             1             16  sun.reflect.GeneratedMethodAccessor219
6146:             1             16  sun.reflect.GeneratedMethodAccessor22
6147:             1             16  sun.reflect.GeneratedMethodAccessor220
6148:             1             16  sun.reflect.GeneratedMethodAccessor221
6149:             1             16  sun.reflect.GeneratedMethodAccessor222
6150:             1             16  sun.reflect.GeneratedMethodAccessor223
6151:             1             16  sun.reflect.GeneratedMethodAccessor224
6152:             1             16  sun.reflect.GeneratedMethodAccessor225
6153:             1             16  sun.reflect.GeneratedMethodAccessor226
6154:             1             16  sun.reflect.GeneratedMethodAccessor227
6155:             1             16  sun.reflect.GeneratedMethodAccessor228
6156:             1             16  sun.reflect.GeneratedMethodAccessor229
6157:             1             16  sun.reflect.GeneratedMethodAccessor23
6158:             1             16  sun.reflect.GeneratedMethodAccessor230
6159:             1             16  sun.reflect.GeneratedMethodAccessor231
6160:             1             16  sun.reflect.GeneratedMethodAccessor232
6161:             1             16  sun.reflect.GeneratedMethodAccessor233
6162:             1             16  sun.reflect.GeneratedMethodAccessor234
6163:             1             16  sun.reflect.GeneratedMethodAccessor235
6164:             1             16  sun.reflect.GeneratedMethodAccessor236
6165:             1             16  sun.reflect.GeneratedMethodAccessor237
6166:             1             16  sun.reflect.GeneratedMethodAccessor238
6167:             1             16  sun.reflect.GeneratedMethodAccessor239
6168:             1             16  sun.reflect.GeneratedMethodAccessor24
6169:             1             16  sun.reflect.GeneratedMethodAccessor240
6170:             1             16  sun.reflect.GeneratedMethodAccessor241
6171:             1             16  sun.reflect.GeneratedMethodAccessor242
6172:             1             16  sun.reflect.GeneratedMethodAccessor243
6173:             1             16  sun.reflect.GeneratedMethodAccessor244
6174:             1             16  sun.reflect.GeneratedMethodAccessor245
6175:             1             16  sun.reflect.GeneratedMethodAccessor246
6176:             1             16  sun.reflect.GeneratedMethodAccessor247
6177:             1             16  sun.reflect.GeneratedMethodAccessor248
6178:             1             16  sun.reflect.GeneratedMethodAccessor249
6179:             1             16  sun.reflect.GeneratedMethodAccessor25
6180:             1             16  sun.reflect.GeneratedMethodAccessor250
6181:             1             16  sun.reflect.GeneratedMethodAccessor251
6182:             1             16  sun.reflect.GeneratedMethodAccessor252
6183:             1             16  sun.reflect.GeneratedMethodAccessor253
6184:             1             16  sun.reflect.GeneratedMethodAccessor254
6185:             1             16  sun.reflect.GeneratedMethodAccessor255
6186:             1             16  sun.reflect.GeneratedMethodAccessor256
6187:             1             16  sun.reflect.GeneratedMethodAccessor257
6188:             1             16  sun.reflect.GeneratedMethodAccessor258
6189:             1             16  sun.reflect.GeneratedMethodAccessor259
6190:             1             16  sun.reflect.GeneratedMethodAccessor26
6191:             1             16  sun.reflect.GeneratedMethodAccessor260
6192:             1             16  sun.reflect.GeneratedMethodAccessor261
6193:             1             16  sun.reflect.GeneratedMethodAccessor262
6194:             1             16  sun.reflect.GeneratedMethodAccessor263
6195:             1             16  sun.reflect.GeneratedMethodAccessor264
6196:             1             16  sun.reflect.GeneratedMethodAccessor265
6197:             1             16  sun.reflect.GeneratedMethodAccessor266
6198:             1             16  sun.reflect.GeneratedMethodAccessor267
6199:             1             16  sun.reflect.GeneratedMethodAccessor268
6200:             1             16  sun.reflect.GeneratedMethodAccessor269
6201:             1             16  sun.reflect.GeneratedMethodAccessor27
6202:             1             16  sun.reflect.GeneratedMethodAccessor270
6203:             1             16  sun.reflect.GeneratedMethodAccessor271
6204:             1             16  sun.reflect.GeneratedMethodAccessor272
6205:             1             16  sun.reflect.GeneratedMethodAccessor273
6206:             1             16  sun.reflect.GeneratedMethodAccessor274
6207:             1             16  sun.reflect.GeneratedMethodAccessor275
6208:             1             16  sun.reflect.GeneratedMethodAccessor276
6209:             1             16  sun.reflect.GeneratedMethodAccessor277
6210:             1             16  sun.reflect.GeneratedMethodAccessor278
6211:             1             16  sun.reflect.GeneratedMethodAccessor279
6212:             1             16  sun.reflect.GeneratedMethodAccessor28
6213:             1             16  sun.reflect.GeneratedMethodAccessor280
6214:             1             16  sun.reflect.GeneratedMethodAccessor281
6215:             1             16  sun.reflect.GeneratedMethodAccessor282
6216:             1             16  sun.reflect.GeneratedMethodAccessor283
6217:             1             16  sun.reflect.GeneratedMethodAccessor284
6218:             1             16  sun.reflect.GeneratedMethodAccessor285
6219:             1             16  sun.reflect.GeneratedMethodAccessor286
6220:             1             16  sun.reflect.GeneratedMethodAccessor287
6221:             1             16  sun.reflect.GeneratedMethodAccessor288
6222:             1             16  sun.reflect.GeneratedMethodAccessor289
6223:             1             16  sun.reflect.GeneratedMethodAccessor29
6224:             1             16  sun.reflect.GeneratedMethodAccessor290
6225:             1             16  sun.reflect.GeneratedMethodAccessor291
6226:             1             16  sun.reflect.GeneratedMethodAccessor292
6227:             1             16  sun.reflect.GeneratedMethodAccessor293
6228:             1             16  sun.reflect.GeneratedMethodAccessor294
6229:             1             16  sun.reflect.GeneratedMethodAccessor295
6230:             1             16  sun.reflect.GeneratedMethodAccessor296
6231:             1             16  sun.reflect.GeneratedMethodAccessor297
6232:             1             16  sun.reflect.GeneratedMethodAccessor298
6233:             1             16  sun.reflect.GeneratedMethodAccessor299
6234:             1             16  sun.reflect.GeneratedMethodAccessor3
6235:             1             16  sun.reflect.GeneratedMethodAccessor30
6236:             1             16  sun.reflect.GeneratedMethodAccessor300
6237:             1             16  sun.reflect.GeneratedMethodAccessor301
6238:             1             16  sun.reflect.GeneratedMethodAccessor302
6239:             1             16  sun.reflect.GeneratedMethodAccessor303
6240:             1             16  sun.reflect.GeneratedMethodAccessor304
6241:             1             16  sun.reflect.GeneratedMethodAccessor305
6242:             1             16  sun.reflect.GeneratedMethodAccessor306
6243:             1             16  sun.reflect.GeneratedMethodAccessor307
6244:             1             16  sun.reflect.GeneratedMethodAccessor308
6245:             1             16  sun.reflect.GeneratedMethodAccessor309
6246:             1             16  sun.reflect.GeneratedMethodAccessor31
6247:             1             16  sun.reflect.GeneratedMethodAccessor311
6248:             1             16  sun.reflect.GeneratedMethodAccessor312
6249:             1             16  sun.reflect.GeneratedMethodAccessor314
6250:             1             16  sun.reflect.GeneratedMethodAccessor316
6251:             1             16  sun.reflect.GeneratedMethodAccessor317
6252:             1             16  sun.reflect.GeneratedMethodAccessor318
6253:             1             16  sun.reflect.GeneratedMethodAccessor319
6254:             1             16  sun.reflect.GeneratedMethodAccessor32
6255:             1             16  sun.reflect.GeneratedMethodAccessor320
6256:             1             16  sun.reflect.GeneratedMethodAccessor321
6257:             1             16  sun.reflect.GeneratedMethodAccessor322
6258:             1             16  sun.reflect.GeneratedMethodAccessor323
6259:             1             16  sun.reflect.GeneratedMethodAccessor324
6260:             1             16  sun.reflect.GeneratedMethodAccessor325
6261:             1             16  sun.reflect.GeneratedMethodAccessor326
6262:             1             16  sun.reflect.GeneratedMethodAccessor327
6263:             1             16  sun.reflect.GeneratedMethodAccessor328
6264:             1             16  sun.reflect.GeneratedMethodAccessor329
6265:             1             16  sun.reflect.GeneratedMethodAccessor33
6266:             1             16  sun.reflect.GeneratedMethodAccessor330
6267:             1             16  sun.reflect.GeneratedMethodAccessor331
6268:             1             16  sun.reflect.GeneratedMethodAccessor332
6269:             1             16  sun.reflect.GeneratedMethodAccessor333
6270:             1             16  sun.reflect.GeneratedMethodAccessor334
6271:             1             16  sun.reflect.GeneratedMethodAccessor335
6272:             1             16  sun.reflect.GeneratedMethodAccessor336
6273:             1             16  sun.reflect.GeneratedMethodAccessor337
6274:             1             16  sun.reflect.GeneratedMethodAccessor338
6275:             1             16  sun.reflect.GeneratedMethodAccessor339
6276:             1             16  sun.reflect.GeneratedMethodAccessor34
6277:             1             16  sun.reflect.GeneratedMethodAccessor340
6278:             1             16  sun.reflect.GeneratedMethodAccessor341
6279:             1             16  sun.reflect.GeneratedMethodAccessor342
6280:             1             16  sun.reflect.GeneratedMethodAccessor343
6281:             1             16  sun.reflect.GeneratedMethodAccessor344
6282:             1             16  sun.reflect.GeneratedMethodAccessor345
6283:             1             16  sun.reflect.GeneratedMethodAccessor346
6284:             1             16  sun.reflect.GeneratedMethodAccessor347
6285:             1             16  sun.reflect.GeneratedMethodAccessor348
6286:             1             16  sun.reflect.GeneratedMethodAccessor349
6287:             1             16  sun.reflect.GeneratedMethodAccessor35
6288:             1             16  sun.reflect.GeneratedMethodAccessor350
6289:             1             16  sun.reflect.GeneratedMethodAccessor351
6290:             1             16  sun.reflect.GeneratedMethodAccessor352
6291:             1             16  sun.reflect.GeneratedMethodAccessor36
6292:             1             16  sun.reflect.GeneratedMethodAccessor37
6293:             1             16  sun.reflect.GeneratedMethodAccessor38
6294:             1             16  sun.reflect.GeneratedMethodAccessor39
6295:             1             16  sun.reflect.GeneratedMethodAccessor4
6296:             1             16  sun.reflect.GeneratedMethodAccessor40
6297:             1             16  sun.reflect.GeneratedMethodAccessor41
6298:             1             16  sun.reflect.GeneratedMethodAccessor42
6299:             1             16  sun.reflect.GeneratedMethodAccessor43
6300:             1             16  sun.reflect.GeneratedMethodAccessor44
6301:             1             16  sun.reflect.GeneratedMethodAccessor45
6302:             1             16  sun.reflect.GeneratedMethodAccessor46
6303:             1             16  sun.reflect.GeneratedMethodAccessor47
6304:             1             16  sun.reflect.GeneratedMethodAccessor48
6305:             1             16  sun.reflect.GeneratedMethodAccessor49
6306:             1             16  sun.reflect.GeneratedMethodAccessor5
6307:             1             16  sun.reflect.GeneratedMethodAccessor50
6308:             1             16  sun.reflect.GeneratedMethodAccessor51
6309:             1             16  sun.reflect.GeneratedMethodAccessor52
6310:             1             16  sun.reflect.GeneratedMethodAccessor53
6311:             1             16  sun.reflect.GeneratedMethodAccessor54
6312:             1             16  sun.reflect.GeneratedMethodAccessor55
6313:             1             16  sun.reflect.GeneratedMethodAccessor56
6314:             1             16  sun.reflect.GeneratedMethodAccessor57
6315:             1             16  sun.reflect.GeneratedMethodAccessor58
6316:             1             16  sun.reflect.GeneratedMethodAccessor59
6317:             1             16  sun.reflect.GeneratedMethodAccessor6
6318:             1             16  sun.reflect.GeneratedMethodAccessor60
6319:             1             16  sun.reflect.GeneratedMethodAccessor61
6320:             1             16  sun.reflect.GeneratedMethodAccessor62
6321:             1             16  sun.reflect.GeneratedMethodAccessor63
6322:             1             16  sun.reflect.GeneratedMethodAccessor64
6323:             1             16  sun.reflect.GeneratedMethodAccessor65
6324:             1             16  sun.reflect.GeneratedMethodAccessor66
6325:             1             16  sun.reflect.GeneratedMethodAccessor67
6326:             1             16  sun.reflect.GeneratedMethodAccessor68
6327:             1             16  sun.reflect.GeneratedMethodAccessor69
6328:             1             16  sun.reflect.GeneratedMethodAccessor7
6329:             1             16  sun.reflect.GeneratedMethodAccessor70
6330:             1             16  sun.reflect.GeneratedMethodAccessor71
6331:             1             16  sun.reflect.GeneratedMethodAccessor72
6332:             1             16  sun.reflect.GeneratedMethodAccessor73
6333:             1             16  sun.reflect.GeneratedMethodAccessor74
6334:             1             16  sun.reflect.GeneratedMethodAccessor75
6335:             1             16  sun.reflect.GeneratedMethodAccessor76
6336:             1             16  sun.reflect.GeneratedMethodAccessor77
6337:             1             16  sun.reflect.GeneratedMethodAccessor78
6338:             1             16  sun.reflect.GeneratedMethodAccessor79
6339:             1             16  sun.reflect.GeneratedMethodAccessor8
6340:             1             16  sun.reflect.GeneratedMethodAccessor80
6341:             1             16  sun.reflect.GeneratedMethodAccessor81
6342:             1             16  sun.reflect.GeneratedMethodAccessor82
6343:             1             16  sun.reflect.GeneratedMethodAccessor83
6344:             1             16  sun.reflect.GeneratedMethodAccessor84
6345:             1             16  sun.reflect.GeneratedMethodAccessor85
6346:             1             16  sun.reflect.GeneratedMethodAccessor86
6347:             1             16  sun.reflect.GeneratedMethodAccessor87
6348:             1             16  sun.reflect.GeneratedMethodAccessor88
6349:             1             16  sun.reflect.GeneratedMethodAccessor89
6350:             1             16  sun.reflect.GeneratedMethodAccessor9
6351:             1             16  sun.reflect.GeneratedMethodAccessor90
6352:             1             16  sun.reflect.GeneratedMethodAccessor91
6353:             1             16  sun.reflect.GeneratedMethodAccessor92
6354:             1             16  sun.reflect.GeneratedMethodAccessor93
6355:             1             16  sun.reflect.GeneratedMethodAccessor94
6356:             1             16  sun.reflect.GeneratedMethodAccessor95
6357:             1             16  sun.reflect.GeneratedMethodAccessor96
6358:             1             16  sun.reflect.GeneratedMethodAccessor97
6359:             1             16  sun.reflect.GeneratedMethodAccessor98
6360:             1             16  sun.reflect.GeneratedMethodAccessor99
6361:             1             16  sun.reflect.ReflectionFactory
6362:             1             16  sun.reflect.generics.tree.BottomSignature
6363:             1             16  sun.reflect.generics.tree.ByteSignature
6364:             1             16  sun.reflect.generics.tree.CharSignature
6365:             1             16  sun.security.rsa.RSAKeyFactory
6366:             1             16  sun.security.util.AlgorithmDecomposer
6367:             1             16  sun.security.util.ByteArrayLexOrder
6368:             1             16  sun.security.util.ByteArrayTagOrder
6369:             1             16  sun.util.locale.provider.AuxLocaleProviderAdapter$NullProvider
6370:             1             16  sun.util.locale.provider.CalendarDataUtility$CalendarWeekParameterGetter
6371:             1             16  sun.util.locale.provider.TimeZoneNameUtility$TimeZoneNameGetter
6372:             1             16  sun.util.resources.LocaleData$LocaleDataResourceBundleControl
Total     261447057    14464801464
