
 num     #instances         #bytes  class name
----------------------------------------------
   1:      69242389     6224782816  [C
   2:      68094837     2179034784  java.lang.String
   3:      66508421     2128269472  org.apache.hadoop.hdds.protocol.DatanodeDetails$Port
   4:      66874764     1604994336  java.lang.Integer
   5:       9501203     1596202104  org.apache.hadoop.hdds.protocol.DatanodeDetails
   6:      23086436     1292840416  java.lang.ThreadLocal$ThreadLocalMap$Entry
   7:      13492880     1285700240  [Ljava.lang.Object;
   8:         59124      732833144  [I
   9:       5172098      689917680  [B
  10:      12632248      505289920  java.util.ArrayList
  11:           822      420577168  [Ljava.lang.ThreadLocal$ThreadLocalMap$Entry;
  12:       9662886      309212352  java.util.UUID
  13:       2733230       87463360  com.google.protobuf.LiteralByteString
  14:       1112119       71175616  java.util.LinkedHashMap$Entry
  15:        775981       62078480  org.apache.hadoop.ozone.protocol.proto.OzoneManagerProtocolProtos$OzoneAclInfo
  16:       1876537       61754528  [J
  17:        391127       60663064  [Ljava.util.HashMap$Node;
  18:       1850386       59212352  java.util.BitSet
  19:         35043       51863640  org.apache.hadoop.ozone.protocol.proto.OzoneManagerProtocolProtos$OMResponse$Builder
  20:        725390       46424960  org.apache.hadoop.hdds.protocol.proto.HddsProtos$Port
  21:        262144       46137344  org.apache.logging.log4j.core.async.RingBufferLogEvent
  22:        575404       46032320  java.nio.DirectByteBuffer
  23:        925267       44412816  org.apache.hadoop.ozone.OzoneAcl
  24:        503253       44286264  org.apache.hadoop.ozone.protocol.proto.OzoneManagerProtocolProtos$OzoneAclInfo$Builder
  25:        651564       41700096  java.util.HashMap
  26:        352973       31061624  java.util.LinkedHashMap
  27:        770384       30815360  com.google.protobuf.UnknownFieldSet$Builder
  28:        763261       30530440  java.util.LinkedList$Node
  29:         35044       28595904  org.apache.hadoop.ozone.protocol.proto.OzoneManagerProtocolProtos$OMRequest
  30:         35049       27478416  org.apache.hadoop.ozone.protocol.proto.OzoneManagerProtocolProtos$OMResponse
  31:         17521       27052424  org.apache.hadoop.ozone.protocol.proto.OzoneManagerProtocolProtos$OMRequest$Builder
  32:        804073       25730336  org.apache.ratis.server.protocol.TermIndex$1
  33:        804065       25730080  org.apache.ratis.server.raftlog.LogEntryHeader$1
  34:        804065       25730080  org.apache.ratis.server.raftlog.segmented.LogSegment$LogRecord
  35:        275891       22071280  java.util.stream.ReferencePipeline$Head
  36:         79409       19058160  org.apache.hadoop.ozone.protocol.proto.OzoneManagerProtocolProtos$BucketInfo$Builder
  37:        430910       17236400  java.util.ArrayList$Itr
  38:        510155       16324960  org.apache.hadoop.metrics2.util.SampleQuantiles$SampleItem
  39:        502947       16094304  java.util.Collections$UnmodifiableRandomAccessList
  40:           469       16066984  [Ljava.util.concurrent.ConcurrentHashMap$Node;
  41:         79410       15882000  org.apache.hadoop.ozone.protocol.proto.OzoneManagerProtocolProtos$BucketInfo
  42:        274994       15399664  java.util.stream.Collectors$CollectorImpl
  43:        274994       15399664  java.util.stream.ReduceOps$3
  44:        190642       15251360  java.nio.DirectByteBufferR
  45:        140626       13500096  org.apache.hadoop.hdds.scm.pipeline.Pipeline
  46:        103628       13264384  org.apache.hadoop.hdds.protocol.proto.HddsProtos$DatanodeDetailsProto
  47:        274994       13199712  java.util.stream.ReduceOps$3ReducingSink
  48:        135837       13040352  com.google.common.cache.LocalCache$StrongAccessWriteEntry
  49:         71590       12599840  org.apache.hadoop.ozone.om.helpers.OmBucketInfo
  50:        296418       11243496  [Ljava.lang.String;
  51:        327780       10488960  java.time.Instant
  52:        205812        9878976  java.util.HashMap$Node
  53:        297186        9509952  org.apache.logging.log4j.core.time.MutableInstant
  54:        191280        9181440  java.util.LinkedList
  55:        190641        9150768  org.apache.hadoop.hdds.utils.db.CodecBuffer
  56:        136895        8761280  org.apache.hadoop.hdds.protocol.proto.HddsProtos$UUID
  57:        133464        8541696  sun.nio.cs.UTF_8$Decoder
  58:         76257        8540784  org.apache.hadoop.ozone.protocol.proto.OzoneManagerProtocolProtos$DirectoryInfo
  59:         96131        8459528  sun.nio.cs.UTF_8$Encoder
  60:        262144        8388608  org.apache.logging.log4j.core.async.AsyncLoggerConfigDisruptor$Log4jEventWrapper
  61:        209312        8372480  java.util.concurrent.ConcurrentSkipListMap$Node
  62:        112908        8129376  com.google.protobuf.CodedInputStream
  63:         81960        7868160  java.util.stream.ReferencePipeline$3
  64:        230904        7388928  java.lang.StringBuilder
  65:        125639        7035784  java.nio.HeapByteBuffer
  66:        215569        6898208  org.apache.hadoop.hdds.utils.db.cache.CacheResult
  67:        281782        6762768  java.util.LinkedHashMap$LinkedKeySet
  68:          9301        6547904  org.apache.hadoop.hdds.protocol.proto.StorageContainerLocationProtocolProtos$ScmContainerLocationRequest$Builder
  69:        157394        6295760  java.util.stream.Collectors$$Lambda$85/103787801
  70:        194525        6224800  java.util.concurrent.CompletableFuture
  71:         77475        6198000  org.apache.hadoop.ozone.security.acl.RequestContext
  72:        154164        6166560  java.util.ArrayList$ArrayListSpliterator
  73:        109810        6149360  sun.nio.fs.UnixPath
  74:         95320        6100480  java.nio.StringCharBuffer
  75:         76256        6100480  org.apache.hadoop.ozone.om.helpers.OmDirectoryInfo
  76:         48744        5849280  org.apache.hadoop.ozone.om.helpers.OmVolumeArgs
  77:          7680        5222400  org.apache.ratis.thirdparty.io.netty.util.internal.shaded.org.jctools.queues.MpscArrayQueue
  78:         24185        4643520  org.apache.hadoop.ozone.protocol.proto.OzoneManagerProtocolProtos$KeyInfo
  79:        192821        4627704  java.lang.Long
  80:         95320        4575360  org.apache.hadoop.hdds.utils.db.StringCodecBase$$Lambda$176/169049466
  81:         90990        4367520  java.util.LinkedList$ListItr
  82:         28670        4357840  org.apache.hadoop.hdds.protocol.proto.HddsProtos$DatanodeDetailsProto$Builder
  83:         85788        4117824  org.apache.ratis.thirdparty.io.netty.buffer.ByteBufInputStream
  84:         85788        4117824  org.apache.ratis.thirdparty.io.netty.buffer.UnpooledDuplicatedByteBuf
  85:        166926        4006224  java.util.stream.Collectors$$Lambda$86/1205580258
  86:         95320        3812800  org.apache.ratis.util.Preconditions$$Lambda$151/1318080469
  87:          9301        3720400  org.apache.hadoop.hdds.protocol.proto.StorageContainerLocationProtocolProtos$ScmContainerLocationResponse
  88:         28874        3695872  org.apache.hadoop.hdds.protocol.DatanodeDetails$Builder
  89:         22721        3635360  org.apache.hadoop.ipc.Server$RpcCall
  90:        149931        3598344  org.apache.hadoop.hdds.scm.pipeline.PipelineID
  91:          9302        3571968  org.apache.hadoop.hdds.protocol.proto.StorageContainerLocationProtocolProtos$ScmContainerLocationRequest
  92:         61862        3464272  java.util.LinkedHashMap$LinkedKeyIterator
  93:         23963        3450672  org.apache.hadoop.hdds.protocol.proto.HddsProtos$Pipeline
  94:         85997        3439880  org.apache.hadoop.hdds.security.OMPassWordManager$PasswordItem
  95:        106130        3396160  org.apache.hadoop.hdds.utils.CompositeKey
  96:         35341        3392736  java.util.stream.ReferencePipeline$2
  97:        140685        3376440  java.lang.ThreadLocal
  98:         69518        3336864  java.util.concurrent.ConcurrentHashMap$Node
  99:         68478        3286944  java.util.concurrent.locks.ReentrantLock$NonfairSync
 100:         44311        3190392  org.apache.hadoop.thirdparty.protobuf.CodedInputStream$ArrayDecoder
 101:        131389        3153336  com.google.common.cache.LocalCache$StrongValueReference
 102:         97136        3108352  org.apache.hadoop.ozone.om.lock.LockUsageInfo
 103:         32148        3086208  org.apache.ratis.thirdparty.io.netty.buffer.PoolSubpage
 104:        126328        3031872  org.apache.hadoop.hdds.utils.db.cache.CacheKey
 105:         26840        3006080  org.apache.hadoop.ipc.protobuf.RpcHeaderProtos$RpcResponseHeaderProto
 106:         91643        2932576  org.apache.hadoop.thirdparty.protobuf.ByteString$LiteralByteString
 107:         30329        2911584  io.netty.buffer.PoolSubpage
 108:         26957        2803528  org.apache.hadoop.ipc.protobuf.RpcHeaderProtos$RpcRequestHeaderProto
 109:         17880        2728160  [Ljava.util.WeakHashMap$Entry;
 110:        110187        2644488  java.lang.Double
 111:         81960        2622720  java.util.stream.ReferencePipeline$3$1
 112:         15112        2583312  java.lang.Class
 113:         35426        2550672  java.security.AccessControlContext
 114:         24195        2516280  org.apache.hadoop.ozone.protocol.proto.OzoneManagerProtocolProtos$KeyLocation
 115:         17521        2382856  org.apache.logging.log4j.core.impl.Log4jLogEvent
 116:         17521        2382856  org.apache.logging.log4j.core.impl.Log4jLogEvent$Builder
 117:          9531        2363688  org.apache.hadoop.ozone.protocol.proto.OzoneManagerProtocolProtos$KeyInfo$Builder
 118:         32793        2361096  org.apache.ratis.proto.RaftProtos$LogEntryProto
 119:         57880        2315200  java.util.concurrent.ConcurrentSkipListMap$Index
 120:         95320        2287680  org.apache.hadoop.hdds.utils.db.TypedTable$$Lambda$172/1729171313
 121:         14250        2280000  java.lang.reflect.Method
 122:           365        2165216  [Ljava.nio.ByteBuffer;
 123:         33268        2129152  org.apache.hadoop.hdds.protocol.proto.HddsProtos$PipelineID
 124:         66103        2115296  java.util.Arrays$ArrayList
 125:         36219        2028264  java.util.HashMap$KeyIterator
 126:         47501        1900040  org.apache.hadoop.thirdparty.protobuf.UnknownFieldSet$Builder
 127:          9536        1830912  org.apache.hadoop.hdds.protocol.proto.HddsProtos$Pipeline$Builder
 128:         24185        1741320  org.apache.hadoop.ozone.protocol.proto.OzoneManagerProtocolProtos$KeyLocationList
 129:          2560        1740800  io.netty.util.internal.shaded.org.jctools.queues.MpscArrayQueue
 130:         42869        1714760  java.net.InetAddress$InetAddressHolder
 131:         17655        1694880  [Lorg.apache.hadoop.ipc.ProcessingDetails$Timing;
 132:         51786        1657152  java.util.Collections$UnmodifiableCollection$1
 133:         51650        1652800  com.google.common.collect.Sets$2
 134:         25825        1652800  org.apache.hadoop.ozone.security.acl.OzoneObjInfo
 135:         68434        1642416  java.util.concurrent.locks.ReentrantLock
 136:         24195        1548480  org.apache.hadoop.hdds.protocol.proto.HddsProtos$BlockID
 137:         24195        1548480  org.apache.hadoop.hdds.protocol.proto.HddsProtos$ContainerBlockID
 138:         48035        1537120  java.util.concurrent.locks.ReentrantReadWriteLock$Sync$HoldCounter
 139:          9533        1525280  org.apache.hadoop.ozone.protocol.proto.OzoneManagerProtocolProtos$KeyArgs
 140:         26822        1502032  org.apache.hadoop.thirdparty.protobuf.CodedOutputStream$OutputStreamEncoder
 141:         16735        1472680  org.apache.ratis.proto.RaftProtos$StateMachineLogEntryProto
 142:         36721        1468840  com.google.protobuf.CodedOutputStream
 143:          1157        1459320  [Lorg.apache.ratis.thirdparty.io.netty.buffer.PoolSubpage;
 144:          9532        1448864  org.apache.hadoop.ozone.om.helpers.OmKeyInfo
 145:         35087        1403136  [Lorg.apache.hadoop.ozone.om.request.validation.ValidationCondition;
 146:         35042        1401680  java.util.Spliterators$ArraySpliterator
 147:         17230        1378400  org.apache.hadoop.ipc.protobuf.ProtobufRpcEngine2Protos$RequestHeaderProto
 148:         42866        1371712  java.net.Inet4Address
 149:         23950        1341200  java.nio.HeapCharBuffer
 150:          9306        1340064  org.apache.hadoop.hdds.protocol.proto.HddsProtos$ContainerInfoProto
 151:         52570        1261680  java.util.LinkedHashSet
 152:         17521        1261512  org.apache.hadoop.ozone.audit.AuditMessage$$Lambda$670/2104420405
 153:         17227        1240344  javax.security.auth.SubjectDomainCombiner$WeakKeyValueMap
 154:          5473        1225952  org.apache.hadoop.ipc.Server$Connection
 155:         24921        1196208  java.util.Hashtable$Entry
 156:          9305        1191040  org.apache.hadoop.hdds.scm.container.ContainerInfo
 157:         18420        1178880  java.util.TreeMap$Entry
 158:         48718        1169232  org.apache.hadoop.ozone.om.helpers.OmVolumeArgs$$Lambda$664/1023663176
 159:         48718        1169232  org.apache.hadoop.ozone.om.helpers.OmVolumeArgs$$Lambda$665/318560763
 160:         35341        1130912  java.util.stream.ReferencePipeline$2$1
 161:         35042        1121344  org.apache.hadoop.ozone.om.request.validation.RequestValidations$$Lambda$765/1757160966
 162:         17231        1102784  org.apache.hadoop.thirdparty.protobuf.SmallSortedMap$1
 163:         44328        1063872  org.apache.hadoop.ipc.RpcWritable$ProtobufWrapper
 164:         44049        1057176  org.apache.hadoop.ipc.RpcWritable$ProtobufWrapperLegacy
 165:         10130        1053520  org.apache.hadoop.ozone.om.helpers.OmKeyArgs
 166:         18623        1042888  java.util.concurrent.locks.AbstractQueuedSynchronizer$Node
 167:         32445        1038248  [Ljava.net.InetAddress;
 168:         31653        1012896  java.net.InetAddress$CacheEntry
 169:         17820         997920  java.util.LinkedHashMap$LinkedEntryIterator
 170:          5584         982784  sun.nio.ch.SocketChannelImpl
 171:         61270         980320  java.lang.Object
 172:         17229         964824  org.apache.hadoop.ipc.Server$RpcCall$ResponseParams
 173:         30057         961824  com.codahale.metrics.WeightedSnapshot$WeightedSample
 174:         14417         922688  org.apache.hadoop.ozone.om.ResolvedBucket
 175:         23021         920840  java.util.AbstractList$Itr
 176:         14378         920192  sun.nio.ch.SelectionKeyImpl
 177:         16057         899192  org.apache.ratis.proto.RaftProtos$MetadataProto
 178:          9305         893280  org.apache.hadoop.hdds.scm.pipeline.Pipeline$Builder
 179:         36554         877296  org.apache.hadoop.ipc.RpcWritable$Buffer
 180:         36480         875520  java.lang.Boolean
 181:         35957         862968  java.util.Optional
 182:         19368         851056  [Ljava.security.ProtectionDomain;
 183:         26421         845472  org.apache.ratis.thirdparty.com.google.protobuf.ByteString$LiteralByteString
 184:          9600         844800  org.apache.hadoop.ipc.protobuf.ProtobufRpcEngineProtos$RequestHeaderProto$Builder
 185:         17227         826896  javax.security.auth.SubjectDomainCombiner
 186:         20019         800760  javax.security.auth.Subject$SecureSet
 187:         24316         778112  org.apache.commons.lang3.tuple.ImmutablePair
 188:          9601         768080  org.apache.hadoop.ipc.protobuf.ProtobufRpcEngineProtos$RequestHeaderProto
 189:          9600         768000  org.apache.hadoop.ipc.Client$Call
 190:         18764         750560  org.apache.hadoop.ozone.om.helpers.OzoneFileStatus
 191:         10283         740376  org.apache.hadoop.hdds.protocol.proto.HddsProtos$ECReplicationConfig
 192:          9227         738160  java.util.TreeMap
 193:         23052         737664  org.apache.hadoop.ipc.ProcessingDetails
 194:         30710         737040  java.util.concurrent.atomic.AtomicInteger
 195:         11464         733696  org.apache.ratis.proto.RaftProtos$CommitInfoProto
 196:         17920         716800  java.lang.ref.ReferenceQueue
 197:         17521         700840  org.apache.hadoop.ozone.audit.AuditMessage
 198:         17521         700840  org.apache.hadoop.ozone.protocolPB.OzoneManagerProtocolServerSideTranslatorPB$$Lambda$939/1630340289
 199:         21746         695872  org.apache.ratis.util.MemoizedSupplier
 200:          9600         691200  org.apache.hadoop.io.retry.RetryInvocationHandler$Call
 201:         17230         689200  org.apache.hadoop.ipc.ProtobufRpcEngine2$RpcProtobufRequest
 202:          9537         686664  org.apache.hadoop.ozone.om.helpers.OmKeyLocationInfo
 203:          9537         686664  org.apache.hadoop.ozone.om.helpers.OmKeyLocationInfo$Builder
 204:          9536         686592  org.apache.hadoop.hdds.protocol.proto.HddsProtos$ContainerBlockID$Builder
 205:         14076         675648  org.apache.hadoop.ozone.om.lock.OMLockDetails
 206:         27024         648576  java.util.HashSet
 207:         20033         641056  java.util.Collections$SynchronizedSet
 208:         11221         628376  org.apache.ratis.thirdparty.com.google.common.cache.LocalCache$WeakValueReference
 209:          9769         625216  org.apache.hadoop.ozone.protocol.proto.OzoneManagerProtocolProtos$OzoneFileStatusProto
 210:         25825         619800  org.apache.hadoop.ozone.om.OmMetadataReader$$Lambda$666/2091774500
 211:          5626         596768  [Ljava.nio.channels.SelectionKey;
 212:          9306         595584  org.apache.hadoop.hdds.protocol.proto.HddsProtos$ContainerWithPipeline
 213:          9302         595328  org.apache.hadoop.hdds.protocol.proto.StorageContainerLocationProtocolProtos$GetContainerWithPipelineBatchRequestProto
 214:          4576         585728  org.apache.ratis.thirdparty.io.netty.buffer.PooledUnsafeDirectByteBuf
 215:         18287         585184  java.util.concurrent.LinkedBlockingQueue$Node
 216:         10241         573496  java.util.ArrayList$SubList
 217:         17521         560672  org.apache.hadoop.ozone.protocolPB.OzoneManagerProtocolServerSideTranslatorPB$$Lambda$764/1252190580
 218:          6368         560256  [S
 219:         17231         551392  org.apache.hadoop.thirdparty.protobuf.FieldSet
 220:         17223         551136  [Ljava.io.Closeable;
 221:         17223         551136  org.apache.hadoop.ipc.ProtobufRpcEngine2$Server$CallInfo
 222:         17222         551104  javax.security.auth.Subject$2
 223:         11220         538560  org.apache.ratis.thirdparty.com.google.common.cache.LocalCache$StrongEntry
 224:         17069         527872  [Ljava.lang.Class;
 225:          9301         520856  org.apache.hadoop.hdds.protocol.proto.StorageContainerLocationProtocolProtos$GetContainerWithPipelineBatchResponseProto
 226:          7879         504256  org.apache.hadoop.ozone.protocol.proto.OzoneManagerProtocolProtos$InfoBucketRequest
 227:         10241         491568  java.util.ArrayList$SubList$1
 228:          4585         476840  org.apache.hadoop.ozone.om.helpers.OmKeyArgs$Builder
 229:         11867         474680  java.net.InetSocketAddress$InetSocketAddressHolder
 230:          9800         470400  org.apache.hadoop.ipc.ResponseBuffer
 231:          9617         461616  java.util.concurrent.SynchronousQueue$TransferQueue$QNode
 232:         18983         455592  java.util.HashMap$EntrySet
 233:         18611         446664  org.apache.hadoop.hdds.scm.container.ContainerID
 234:          7879         441224  org.apache.hadoop.ozone.protocol.proto.OzoneManagerProtocolProtos$InfoBucketResponse
 235:         17881         429144  java.util.LinkedHashMap$LinkedEntrySet
 236:          6673         427072  org.apache.hadoop.security.User
 237:         17521         420504  org.apache.hadoop.ozone.protocolPB.OzoneManagerProtocolServerSideTranslatorPB$$Lambda$766/239333955
 238:          5474         394128  org.apache.hadoop.ipc.protobuf.IpcConnectionContextProtos$UserInformationProto
 239:           832         390656  [Lio.netty.buffer.PoolSubpage;
 240:          9604         384160  org.apache.hadoop.io.retry.CallReturn
 241:          9600         384000  com.google.protobuf.SmallSortedMap$EntryIterator
 242:          9600         384000  org.apache.hadoop.ipc.Client$$Lambda$90/764358458
 243:          9600         384000  org.apache.hadoop.ipc.ProtobufRpcEngine$RpcProtobufRequest
 244:          9532         381280  java.util.stream.Collectors$$Lambda$677/595554666
 245:          9532         381280  org.apache.hadoop.ozone.om.helpers.OmKeyLocationInfoGroup
 246:         11664         373248  org.apache.ratis.thirdparty.io.netty.buffer.IntPriorityQueue
 247:          4647         371760  org.apache.hadoop.ozone.protocol.proto.OzoneManagerProtocolProtos$OzoneFileStatusProto$Builder
 248:          9032         361280  java.util.concurrent.ConcurrentLinkedDeque$Node
 249:          5584         357376  sun.nio.ch.SocketAdaptor
 250:           601         355792  org.apache.ratis.thirdparty.io.netty.util.internal.shaded.org.jctools.queues.MpscChunkedArrayQueue
 251:          5474         350336  org.apache.hadoop.ipc.protobuf.IpcConnectionContextProtos$IpcConnectionContextProto
 252:          8529         341160  org.apache.hadoop.hdds.client.ECReplicationConfig
 253:          2482         337552  java.lang.reflect.Constructor
 254:          3819         336072  org.apache.ratis.protocol.RaftClientReply
 255:          4608         331776  io.netty.buffer.PoolChunkList
 256:          4608         331776  org.apache.ratis.thirdparty.io.netty.buffer.PoolChunkList
 257:          4132         330560  java.util.concurrent.locks.ReentrantReadWriteLock$NonfairSync
 258:          4586         330192  org.apache.hadoop.ozone.protocol.proto.OzoneManagerProtocolProtos$LookupFileResponse$Builder
 259:          6673         320304  javax.security.auth.Subject
 260:          9800         313600  org.apache.hadoop.ipc.ResponseBuffer$FramedBuffer
 261:           628         312448  [Ljava.util.Hashtable$Entry;
 262:          9604         307328  org.apache.hadoop.ipc.Client$$Lambda$89/1288052401
 263:          9537         305184  org.apache.hadoop.hdds.client.BlockID
 264:          9537         305184  org.apache.hadoop.hdds.client.ContainerBlockID
 265:          9532         305024  [Lorg.apache.hadoop.ozone.om.helpers.OmKeyInfo;
 266:          9532         305024  sun.nio.fs.AbstractPath$1
 267:          7488         299520  org.apache.ratis.thirdparty.io.netty.buffer.PoolThreadCache$SubPageMemoryRegionCache
 268:          9305         297760  org.apache.hadoop.hdds.scm.container.common.helpers.ContainerWithPipeline
 269:          4615         295360  org.apache.hadoop.ipc.protobuf.RpcHeaderProtos$RPCCallerContextProto
 270:          7304         292160  org.apache.ratis.thirdparty.io.netty.util.Recycler$DefaultHandle
 271:         17922         286752  java.lang.ref.ReferenceQueue$Lock
 272:          5944         285312  java.util.Collections$UnmodifiableMap
 273:         11752         282048  java.net.InetSocketAddress
 274:         11595         278280  java.util.HashMap$KeySet
 275:          3819         274968  org.apache.ratis.thirdparty.com.google.common.cache.LocalCache$StrongWriteEntry
 276:            12         266528  [Ljava.util.TimerTask;
 277:          4707         263592  org.apache.hadoop.thirdparty.protobuf.UnknownFieldSet$Field
 278:          4649         260344  org.apache.hadoop.ozone.protocol.proto.OzoneManagerProtocolProtos$GetFileStatusResponse
 279:          4648         260288  org.apache.hadoop.ozone.protocol.proto.OzoneManagerProtocolProtos$GetFileStatusRequest
 280:          4587         256872  org.apache.hadoop.ozone.protocol.proto.OzoneManagerProtocolProtos$LookupFileRequest
 281:          4586         256816  org.apache.hadoop.ozone.protocol.proto.OzoneManagerProtocolProtos$LookupFileResponse
 282:          9600         230400  org.apache.hadoop.io.retry.RetryInvocationHandler$Counters
 283:          9573         229752  java.util.HashMap$Values
 284:          5709         228360  java.io.FileDescriptor
 285:          9305         223320  java.time.Clock$SystemClock
 286:          9305         223320  org.apache.hadoop.hdds.scm.pipeline.Pipeline$Builder$$Lambda$696/2068765143
 287:          9301         223224  org.apache.hadoop.hdds.scm.protocolPB.StorageContainerLocationProtocolClientSideTranslatorPB$$Lambda$940/639340245
 288:          1854         222480  java.lang.reflect.Field
 289:          6670         213440  org.apache.hadoop.security.UserGroupInformation
 290:          6353         203296  java.util.concurrent.CopyOnWriteArrayList
 291:          3158         202112  java.util.Collections$SynchronizedSortedMap
 292:          5954         190528  java.util.jar.Attributes$Name
 293:           674         188720  java.util.concurrent.atomic.Striped64$Cell
 294:          3317         185752  java.lang.ref.SoftReference
 295:          2268         181440  java.lang.invoke.MemberName
 296:          1849         177504  java.lang.Class$ReflectionData
 297:          3665         175920  io.netty.util.AsciiString
 298:          1946         171248  java.util.regex.Matcher
 299:          4141         165640  java.util.concurrent.locks.ReentrantReadWriteLock
 300:          3820         152800  org.apache.ratis.protocol.Message$1
 301:          3819         152760  org.apache.ratis.server.impl.RetryCacheImpl$CacheEntry
 302:          2661         149016  org.apache.ratis.thirdparty.io.netty.buffer.PoolThreadCache$MemoryRegionCache$Entry
 303:          2297         147008  java.lang.ref.Finalizer
 304:          5996         143904  java.util.concurrent.CopyOnWriteArraySet
 305:          3463         138520  org.apache.ratis.thirdparty.io.netty.util.internal.LongAdderCounter
 306:          2853         136944  java.lang.StackTraceElement
 307:          5681         136344  java.util.Collections$UnmodifiableMap$UnmodifiableEntrySet$UnmodifiableEntry
 308:          5589         134136  java.nio.channels.spi.AbstractInterruptibleChannel$1
 309:          2067         132288  java.lang.invoke.MethodType
 310:          2017         129088  org.apache.hadoop.ozone.protocol.proto.OzoneManagerProtocolProtos$ServicePort
 311:          3138         125520  io.netty.util.internal.LongAdderCounter
 312:          1560         124800  org.apache.ratis.thirdparty.io.netty.util.ResourceLeakDetector$TraceRecord
 313:          1099         123088  io.netty.handler.codec.http2.WeightedFairQueueByteDistributor$State
 314:          3076         123040  org.apache.hadoop.ipc.CallerContext$Builder
 315:          3819         122208  org.apache.ratis.protocol.ClientInvocationId
 316:          3752         120064  java.util.concurrent.ConcurrentLinkedQueue$Node
 317:           687         120040  [Ljava.lang.reflect.Method;
 318:           539         119328  [Z
 319:          1631         117432  java.util.WeakHashMap$Entry
 320:          2081         116536  java.lang.invoke.MethodType$ConcurrentWeakInternSet$WeakEntry
 321:          1593         114696  io.netty.channel.DefaultChannelPromise
 322:          1094         113776  org.apache.hadoop.metrics2.lib.Interns$CacheWith2Keys$2
 323:           192         113664  io.netty.util.internal.shaded.org.jctools.queues.MpscChunkedArrayQueue
 324:           194         113296  org.apache.ratis.thirdparty.io.netty.util.internal.shaded.org.jctools.queues.MpscUnboundedArrayQueue
 325:          4707         112968  org.apache.hadoop.thirdparty.protobuf.UnknownFieldSet
 326:          4700         112800  java.util.jar.Attributes
 327:          1561         112392  org.apache.ratis.thirdparty.io.netty.util.ResourceLeakDetector$DefaultResourceLeak
 328:          3332         106624  java.util.ArrayDeque
 329:            99         103216  [Lio.netty.handler.codec.http2.HpackHeaderField;
 330:           389         102648  [Lorg.apache.ratis.thirdparty.io.netty.buffer.IntPriorityQueue;
 331:           982         102128  com.google.protobuf.DescriptorProtos$FieldDescriptorProto
 332:          3128         100096  org.apache.hadoop.ipc.CallerContext
 333:          2496          99840  io.netty.buffer.PoolThreadCache$SubPageMemoryRegionCache
 334:          4141          99384  java.util.concurrent.locks.ReentrantReadWriteLock$ReadLock
 335:          4141          99384  java.util.concurrent.locks.ReentrantReadWriteLock$Sync$ThreadLocalHoldCounter
 336:          4141          99384  java.util.concurrent.locks.ReentrantReadWriteLock$WriteLock
 337:          3024          96768  com.google.common.base.Joiner$2
 338:           670          96480  java.net.URI
 339:          1313          94536  [Lorg.apache.hadoop.security.UserGroupInformation$AuthenticationMethod;
 340:           981          94176  com.google.protobuf.Descriptors$FieldDescriptor
 341:           897          93288  io.netty.handler.codec.http2.Http2CodecUtil$SimpleChannelPromiseAggregator
 342:          3874          92976  org.apache.ratis.thirdparty.com.google.common.cache.LocalCache$StrongValueReference
 343:          3820          91680  org.apache.ratis.protocol.Message$$Lambda$634/1188371288
 344:          1895          90960  org.apache.logging.log4j.core.pattern.DatePatternConverter$CachedTime
 345:          2274          90960  org.apache.ratis.thirdparty.io.netty.buffer.SimpleLeakAwareByteBuf
 346:          2263          90520  io.netty.util.Recycler$DefaultHandle
 347:           384          89088  io.netty.buffer.PoolArena$DirectArena
 348:           384          89088  io.netty.buffer.PoolArena$HeapArena
 349:           384          89088  org.apache.ratis.thirdparty.io.netty.buffer.PoolArena$DirectArena
 350:           384          89088  org.apache.ratis.thirdparty.io.netty.buffer.PoolArena$HeapArena
 351:           200          88000  org.apache.hadoop.ipc.Server$Handler
 352:           897          86112  java.util.stream.ReferencePipeline$7
 353:          1446          80976  javax.management.MBeanAttributeInfo
 354:          1430          80080  java.lang.invoke.DirectMethodHandle
 355:           956          79208  [[B
 356:          1397          78232  io.netty.buffer.PoolThreadCache$MemoryRegionCache$Entry
 357:          1541          73968  javax.security.auth.Subject$ClassSet
 358:          3025          72600  com.google.common.base.Joiner
 359:          1200          71872  [Lio.netty.util.AsciiString;
 360:           680          70720  java.util.concurrent.ConcurrentHashMap
 361:           384          70656  [Lorg.apache.ratis.thirdparty.io.netty.buffer.PoolThreadCache$MemoryRegionCache;
 362:          1196          66976  java.util.TreeMap$EntryIterator
 363:           153          66096  java.lang.Thread
 364:          1541          61640  javax.security.auth.Subject$SecureSet$1
 365:           350          61600  org.apache.ratis.thirdparty.io.netty.util.internal.InternalThreadLocalMap
 366:           504          60480  sun.reflect.DelegatingClassLoader
 367:           673          59224  org.apache.hadoop.ozone.protocol.proto.OzoneManagerProtocolProtos$ServiceInfo
 368:          1792          57344  io.netty.buffer.IntPriorityQueue
 369:           953          53368  io.netty.buffer.UnpooledSlicedByteBuf
 370:           389          52904  org.apache.ratis.thirdparty.io.netty.buffer.PoolChunk
 371:           299          52624  org.apache.hadoop.ozone.protocol.proto.OzoneManagerProtocolProtos$VolumeInfo$Builder
 372:            98          52528  [Lio.netty.handler.codec.http2.HpackEncoder$NameEntry;
 373:            98          52528  [Lio.netty.handler.codec.http2.HpackEncoder$NameValueEntry;
 374:           299          50232  org.apache.hadoop.hdds.protocol.proto.ScmBlockLocationProtocolProtos$SCMBlockLocationRequest$Builder
 375:           444          49728  java.net.URL
 376:          1230          49200  io.netty.util.internal.DefaultPriorityQueue
 377:          1094          48544  [Lio.netty.util.concurrent.GenericFutureListener;
 378:           502          48192  java.lang.Package
 379:           436          47088  [Ljava.lang.ref.SoftReference;
 380:            80          46720  io.netty.util.internal.shaded.org.jctools.queues.MpscUnboundedArrayQueue
 381:           645          46440  java.util.WeakHashMap
 382:           359          45952  io.netty.buffer.PooledUnsafeDirectByteBuf
 383:           300          45600  org.apache.hadoop.ozone.protocol.proto.OzoneManagerProtocolProtos$VolumeInfo
 384:          1115          44600  sun.reflect.NativeConstructorAccessorImpl
 385:            97          43456  org.apache.ratis.thirdparty.io.netty.util.concurrent.FastThreadLocalThread
 386:           414          43056  java.util.regex.Pattern
 387:          1343          42976  javax.management.Attribute
 388:          1041          41640  java.util.Vector
 389:          1277          40864  com.google.protobuf.Descriptors$DescriptorPool$DescriptorIntPair
 390:           300          40800  org.apache.hadoop.hdds.protocol.proto.ScmBlockLocationProtocolProtos$SCMBlockLocationResponse
 391:           299          40664  io.grpc.netty.NettyServerStream$TransportState
 392:           840          40320  java.lang.ref.WeakReference
 393:          1254          40128  org.apache.hadoop.metrics2.MetricsTag
 394:          1232          40040  [Ljava.lang.reflect.Constructor;
 395:           613          39232  java.security.ProtectionDomain
 396:           111          39112  [[C
 397:           812          38976  java.util.regex.Pattern$Curly
 398:          1196          38272  java.util.Collections$UnmodifiableMap$UnmodifiableEntrySet$1
 399:           672          37632  org.apache.hadoop.ozone.om.helpers.ServiceInfo
 400:           331          37072  org.apache.hadoop.ipc.Server$Call
 401:           654          36624  java.lang.invoke.LambdaForm$Name
 402:           914          36560  sun.security.util.DerInputBuffer
 403:           914          36560  sun.security.util.DerValue
 404:           380          36480  io.netty.channel.ChannelOutboundBuffer$Entry
 405:           300          36000  org.apache.hadoop.hdds.protocol.proto.ScmBlockLocationProtocolProtos$SCMBlockLocationRequest
 406:           900          36000  sun.security.x509.RDN
 407:           899          35960  io.grpc.Context
 408:           897          35880  io.grpc.internal.CompositeReadableBuffer
 409:           299          35880  io.grpc.internal.MessageDeframer
 410:           639          35784  io.netty.handler.codec.http2.HpackEncoder$NameValueEntry
 411:           492          35424  org.apache.hadoop.metrics2.util.SampleStat
 412:          1094          35008  org.apache.hadoop.metrics2.lib.MetricsInfoImpl
 413:           336          34944  [Ljava.util.regex.Pattern$GroupHead;
 414:           726          34848  java.math.BigInteger
 415:           533          34112  java.util.Hashtable
 416:           601          33656  org.apache.ratis.thirdparty.io.netty.util.Recycler$LocalPool
 417:           600          33600  java.security.CodeSource
 418:           299          33488  io.grpc.internal.ServerImpl$ServerTransportListenerImpl$1MethodLookup
 419:           598          33488  io.grpc.netty.SendResponseHeadersCommand
 420:           257          32896  org.apache.logging.log4j.core.async.RingBufferLogEventTranslator
 421:            98          32144  io.grpc.netty.NettyServerHandler
 422:          1338          32112  io.netty.handler.codec.http2.Http2Flags
 423:           444          31968  sun.misc.Cleaner
 424:           440          31680  org.apache.log4j.Logger
 425:           560          31360  java.util.IdentityHashMap
 426:           347          30536  org.apache.ratis.thirdparty.io.netty.buffer.PoolThreadCache
 427:           285          29640  com.google.protobuf.DescriptorProtos$DescriptorProto
 428:           914          29248  sun.security.util.DerInputStream
 429:          1201          28824  java.util.Collections$UnmodifiableMap$UnmodifiableEntrySet
 430:           900          28800  [Lsun.security.x509.AVA;
 431:           900          28800  sun.security.x509.AVA
 432:          1199          28776  java.util.TreeMap$EntrySet
 433:           299          28704  io.grpc.Context$CancellableContext
 434:           897          28704  io.grpc.Metadata
 435:           897          28704  io.grpc.PersistentHashArrayMappedTrie$Leaf
 436:           299          28704  io.grpc.internal.MessageFramer
 437:           299          28704  io.grpc.internal.ServerCallImpl
 438:           299          28704  io.grpc.internal.ServerImpl$ServerTransportListenerImpl$1HandleServerCall
 439:           299          28704  io.grpc.netty.NettyServerStream
 440:           598          28704  java.util.HashMap$ValueSpliterator
 441:           897          28704  java.util.stream.ReferencePipeline$7$1
 442:          1161          27864  sun.reflect.DelegatingConstructorAccessorImpl
 443:           662          26480  sun.reflect.annotation.AnnotationInvocationHandler
 444:           230          26456  [Lio.netty.util.internal.PriorityQueueNode;
 445:           598          26312  [Lio.grpc.PersistentHashArrayMappedTrie$Node;
 446:           821          26272  java.lang.ThreadLocal$ThreadLocalMap
 447:           807          25824  org.bouncycastle.asn1.ASN1ObjectIdentifier
 448:           113          25552  [Ljava.lang.StackTraceElement;
 449:           795          25440  io.netty.util.concurrent.DefaultFutureListeners
 450:           635          25400  java.net.URI$Parser
 451:           793          25376  org.apache.hadoop.metrics2.impl.MetricCounterLong
 452:           625          25000  java.util.concurrent.atomic.LongAdder
 453:           284          24992  com.google.protobuf.Descriptors$Descriptor
 454:            97          24832  org.apache.ratis.thirdparty.io.netty.channel.epoll.EpollEventLoop
 455:           512          24576  io.netty.handler.codec.CodecOutputList
 456:           511          24528  sun.security.util.ObjectIdentifier
 457:           178          24208  java.util.jar.JarFile$JarFileEntry
 458:           603          24120  java.lang.StringBuffer
 459:           299          23920  com.google.common.collect.SingletonImmutableBiMap
 460:           598          23920  io.grpc.Context$ExecutableListener
 461:           299          23920  io.grpc.netty.GrpcHttp2HeadersUtils$GrpcHttp2RequestHeaders
 462:           211          23632  org.apache.ratis.thirdparty.com.google.protobuf.DescriptorProtos$FieldDescriptorProto
 463:           738          23616  java.util.regex.Pattern$Ctype
 464:           128          23552  [Lio.netty.buffer.PoolThreadCache$MemoryRegionCache;
 465:           210          23520  org.apache.ratis.thirdparty.com.google.protobuf.Descriptors$FieldDescriptor
 466:           226          23504  java.security.Provider$Service
 467:           710          22720  io.netty.handler.codec.http2.Http2InboundFrameLogger$1
 468:           397          22232  io.netty.handler.codec.http2.DefaultHttp2RemoteFlowController$FlowState
 469:           915          21960  java.util.concurrent.atomic.AtomicLong
 470:           300          21600  org.apache.hadoop.ozone.protocol.proto.OzoneManagerProtocolProtos$GetKeyInfoResponse
 471:           300          21600  org.apache.hadoop.ozone.protocol.proto.OzoneManagerProtocolProtos$S3Authentication
 472:           337          21568  org.apache.hadoop.ozone.protocol.proto.OzoneManagerProtocolProtos$OMRoleInfo
 473:           571          21552  [Lcom.google.protobuf.Descriptors$FieldDescriptor;
 474:           299          21528  io.netty.handler.codec.http2.DefaultHttp2ConnectionEncoder$FlowControlledData
 475:           299          21528  io.netty.handler.codec.http2.DefaultHttp2ConnectionEncoder$FlowControlledHeaders
 476:           299          21528  io.netty.handler.codec.http2.DefaultHttp2FrameReader$1
 477:           336          21504  org.apache.hadoop.hdds.scm.ha.SCMNodeInfo
 478:           336          21504  org.apache.hadoop.ozone.protocol.proto.OzoneManagerProtocolProtos$ServicePort$Builder
 479:           895          21480  java.util.concurrent.atomic.AtomicBoolean
 480:           285          21416  [Ljava.lang.invoke.LambdaForm$Name;
 481:           294          21168  io.netty.util.collection.IntObjectHashMap
 482:           649          20768  io.netty.handler.codec.http2.HpackHeaderField
 483:           428          20544  org.apache.ratis.thirdparty.io.netty.util.AsciiString
 484:           255          20400  java.lang.invoke.MethodTypeForm
 485:           364          20384  java.lang.invoke.BoundMethodHandle$Species_L
 486:           280          20160  java.lang.invoke.LambdaForm
 487:           223          19624  sun.security.x509.X500Name
 488:            98          19600  io.netty.channel.socket.nio.NioSocketChannel
 489:           362          19584  [Ljava.security.cert.Certificate;
 490:           300          19200  org.apache.hadoop.hdds.protocol.proto.ScmBlockLocationProtocolProtos$SortDatanodesRequestProto
 491:           599          19168  org.apache.log4j.CategoryKey
 492:           598          19136  io.grpc.PersistentHashArrayMappedTrie$CompressedIndex
 493:           299          19136  io.grpc.internal.ServerImpl$JumpToApplicationThreadServerStreamListener
 494:           598          19136  io.grpc.netty.GrpcHttp2OutboundHeaders
 495:           598          19136  io.grpc.netty.NettyReadableBuffer
 496:           299          19136  io.netty.handler.codec.http2.HpackDecoder$Http2HeadersSink
 497:           598          19136  io.netty.handler.codec.http2.WeightedFairQueueByteDistributor$ParentChangedEvent
 498:           478          19120  java.security.Provider$ServiceKey
 499:           297          19008  com.google.protobuf.DescriptorProtos$EnumValueDescriptorProto
 500:           336          18816  org.apache.hadoop.ozone.om.helpers.ServiceInfo$Builder
 501:           389          18672  org.apache.ratis.thirdparty.io.netty.buffer.LongLongHashMap
 502:           194          18624  java.util.jar.JarFile
 503:           568          18176  java.util.concurrent.ConcurrentLinkedQueue
 504:           204          17952  sun.misc.URLClassPath$JarLoader
 505:           118          17880  [Ljavax.management.MBeanAttributeInfo;
 506:           538          17216  org.apache.hadoop.metrics2.util.SampleStat$MinMax
 507:           213          17040  sun.security.ssl.CipherSuite
 508:           300          16800  org.apache.hadoop.hdds.protocol.proto.ScmBlockLocationProtocolProtos$SortDatanodesResponseProto
 509:           300          16800  org.apache.hadoop.ozone.protocol.proto.OzoneManagerProtocolProtos$GetKeyInfoRequest
 510:           299          16744  io.grpc.netty.SendGrpcFrameCommand
 511:           299          16744  io.grpc.stub.ServerCalls$ServerCallStreamObserverImpl
 512:           299          16744  io.grpc.stub.ServerCalls$UnaryServerCallHandler$UnaryServerCallListener
 513:           299          16744  io.netty.handler.codec.http2.DefaultHttp2LocalFlowController$DefaultState
 514:           296          16576  com.google.protobuf.Descriptors$EnumValueDescriptor
 515:           184          16192  java.util.logging.LogManager$LoggerWeakRef
 516:           161          16032  [Ljava.lang.reflect.Field;
 517:           333          15984  java.lang.StringCoding$StringEncoder
 518:            64          15872  [Lio.netty.buffer.IntPriorityQueue;
 519:            98          15680  io.grpc.netty.NettyServerTransport
 520:           490          15680  io.netty.handler.codec.http2.DefaultHttp2Connection$DefaultPropertyKey
 521:           319          15312  sun.security.x509.AlgorithmId
 522:           106          15264  sun.security.x509.X509CertImpl
 523:           616          14904  [Ljava.security.Principal;
 524:           613          14712  java.security.ProtectionDomain$Key
 525:           284          14664  [Lcom.google.protobuf.GeneratedMessage$FieldAccessorTable$FieldAccessor;
 526:           608          14592  sun.reflect.DelegatingMethodAccessorImpl
 527:           452          14464  java.util.Collections$SetFromMap
 528:           359          14360  java.nio.DirectByteBuffer$Deallocator
 529:           299          14352  io.grpc.internal.ServerImpl$JumpToApplicationThreadServerStreamListener$1Closed
 530:           299          14352  io.grpc.internal.ServerImpl$JumpToApplicationThreadServerStreamListener$1MessagesAvailable
 531:           299          14352  io.netty.channel.CoalescingBufferQueue
 532:           299          14352  io.netty.handler.codec.http2.DefaultHttp2Connection$DefaultStream
 533:           299          14352  java.util.Spliterators$IteratorSpliterator
 534:           598          14352  javax.security.auth.Subject$1
 535:           196          14112  io.netty.handler.codec.http2.DefaultHttp2Connection$DefaultEndpoint
 536:           288          13824  org.apache.ratis.thirdparty.io.netty.handler.codec.CodecOutputList
 537:           343          13720  io.netty.handler.codec.http2.HpackEncoder$NameEntry
 538:           341          13640  sun.misc.FDBigInteger
 539:           284          13632  com.google.protobuf.GeneratedMessage$FieldAccessorTable
 540:           284          13632  java.util.concurrent.ConcurrentSkipListMap$HeadIndex
 541:           426          13632  org.slf4j.impl.Reload4jLoggerAdapter
 542:           243          13608  java.lang.invoke.DirectMethodHandle$Special
 543:           334          13408  [Ljava.util.concurrent.atomic.Striped64$Cell;
 544:           381          13368  [Ljavax.management.ObjectName$Property;
 545:           118          13208  [Lorg.apache.ratis.thirdparty.io.netty.util.internal.PriorityQueueNode;
 546:           410          13120  java.util.regex.Pattern$BitClass
 547:           201          12864  java.util.zip.Inflater
 548:           266          12768  java.lang.StringCoding$StringDecoder
 549:           397          12704  io.netty.handler.codec.http2.DefaultHttp2Connection$DefaultStream$PropertyMap
 550:           225          12600  org.apache.logging.log4j.core.config.plugins.processor.PluginEntry
 551:           223          12552  [Lsun.security.x509.RDN;
 552:           386          12352  java.util.regex.Pattern$Start
 553:           304          12160  java.lang.invoke.LambdaForm$NamedFunction
 554:           299          11960  com.google.common.util.concurrent.SettableFuture
 555:           299          11960  com.google.protobuf.TextFormat$TextGenerator
 556:           299          11960  io.grpc.internal.AbstractStream$TransportState$1RequestRunnable
 557:           299          11960  io.grpc.internal.SerializingExecutor
 558:           299          11960  io.grpc.internal.ServerCallImpl$ServerStreamListenerImpl
 559:           299          11960  io.grpc.internal.ServerImpl$JumpToApplicationThreadServerStreamListener$1HalfClosed
 560:           299          11960  io.grpc.internal.ServerImpl$JumpToApplicationThreadServerStreamListener$1OnReady
 561:           299          11960  io.grpc.internal.ServerImpl$ServerTransportListenerImpl$ServerCallParameters
 562:           299          11960  io.grpc.netty.NettyServerStream$TransportState$1
 563:           299          11960  io.grpc.protobuf.lite.ProtoInputStream
 564:           299          11960  org.apache.hadoop.ozone.om.KeyManagerImpl$$Lambda$1017/1004388121
 565:           299          11960  org.apache.hadoop.ozone.om.KeyManagerImpl$$Lambda$1041/471467185
 566:           299          11960  org.apache.hadoop.ozone.om.helpers.KeyInfoWithVolumeContext
 567:           299          11960  org.apache.hadoop.ozone.om.helpers.KeyInfoWithVolumeContext$Builder
 568:           206          11536  java.util.zip.ZipCoder
 569:            65          11440  io.netty.util.internal.InternalThreadLocalMap
 570:           476          11424  java.lang.Character
 571:           282          11280  sun.reflect.UnsafeObjectFieldAccessorImpl
 572:           280          11200  java.lang.Class$AnnotationData
 573:           106          11024  sun.security.x509.X509CertInfo
 574:            11          10992  [Lorg.apache.ratis.thirdparty.io.netty.handler.codec.http2.HpackHeaderField;
 575:            98          10976  io.grpc.internal.TransportTracer
 576:            98          10976  io.netty.channel.socket.nio.NioSocketChannel$NioSocketChannelConfig
 577:            91          10920  java.util.logging.Logger
 578:           192          10752  io.netty.util.Recycler$LocalPool
 579:           336          10752  java.util.regex.Pattern$TreeInfo
 580:           191          10696  javax.management.ObjectName
 581:           436          10464  java.util.IdentityHashMap$KeySet
 582:            99          10296  io.netty.channel.DefaultChannelPipeline$HeadContext
 583:            98          10192  io.grpc.internal.KeepAliveManager
 584:           127          10160  io.netty.buffer.PooledSlicedByteBuf
 585:           115          10120  com.google.protobuf.GeneratedMessage$FieldAccessorTable$SingularMessageFieldAccessor
 586:           207           9936  org.eclipse.jetty.http.HttpField
 587:           308           9840  [Ljava.util.Map$Entry;
 588:           301           9632  com.google.protobuf.LazyStringArrayList
 589:           301           9632  com.google.protobuf.UnmodifiableLazyStringList
 590:            40           9600  io.netty.channel.nio.NioEventLoop
 591:           400           9600  org.apache.hadoop.metrics2.lib.MutableRatesWithAggregation$ThreadSafeSampleStat
 592:           299           9568  com.google.common.collect.ImmutableEntry
 593:           299           9568  com.google.common.collect.Iterators$9
 594:           299           9568  io.grpc.Contexts$ContextualizedServerCallListener
 595:           299           9568  io.grpc.netty.NettyServerHandler$5
 596:           299           9568  io.grpc.netty.NettyServerStream$Sink$1
 597:           299           9568  io.netty.channel.DelegatingChannelPromiseNotifier
 598:           299           9568  io.netty.handler.codec.http2.DefaultHttp2ConnectionEncoder$1
 599:           299           9568  io.netty.handler.codec.http2.DefaultHttp2FrameReader$HeadersBlockBuilder
 600:           299           9568  io.netty.handler.codec.http2.Http2ConnectionHandler$2
 601:           299           9568  org.apache.hadoop.ozone.grpc.metrics.GrpcMetricsServerRequestInterceptor$1
 602:           299           9568  org.apache.hadoop.ozone.grpc.metrics.GrpcMetricsServerResponseInterceptor$1
 603:           299           9568  org.apache.hadoop.ozone.om.OmMetadataReader$$Lambda$993/1343556839
 604:           299           9568  org.apache.hadoop.ozone.om.helpers.S3VolumeContext
 605:           299           9568  sun.nio.cs.Surrogate$Parser
 606:            99           9504  io.netty.channel.DefaultChannelHandlerContext
 607:            99           9504  io.netty.channel.DefaultChannelPipeline$TailContext
 608:            99           9504  io.netty.util.concurrent.ScheduledFutureTask
 609:           118           9440  javax.management.MBeanInfo
 610:            98           9408  io.netty.channel.AdaptiveRecvByteBufAllocator$HandleImpl
 611:            98           9408  io.netty.handler.codec.http2.DefaultHttp2ConnectionDecoder
 612:           235           9400  javax.management.ImmutableDescriptor
 613:           287           9160  [Lcom.google.protobuf.Descriptors$Descriptor;
 614:           127           9144  org.apache.ratis.thirdparty.io.netty.util.collection.IntObjectHashMap
 615:            11           9000  [Ljava.lang.Thread;
 616:           225           9000  org.apache.logging.log4j.core.config.plugins.util.PluginType
 617:            32           8960  java.util.concurrent.ConcurrentHashMap$CounterCell
 618:            69           8832  org.apache.ratis.thirdparty.com.google.protobuf.DescriptorProtos$DescriptorProto
 619:            99           8712  io.netty.channel.ChannelOutboundBuffer
 620:            99           8712  io.netty.channel.DefaultChannelPipeline
 621:            64           8704  io.netty.buffer.PoolChunk
 622:            98           8624  io.netty.handler.codec.http2.HpackEncoder
 623:            56           8512  [Lio.netty.buffer.CompositeByteBuf$Component;
 624:           264           8448  javax.management.ObjectName$Property
 625:           130           8320  org.eclipse.jetty.io.ByteBufferPool$Bucket
 626:           345           8280  java.util.LinkedHashMap$LinkedValues
 627:           256           8192  org.eclipse.jetty.http.HttpTokens$Token
 628:            68           8160  org.apache.ratis.thirdparty.com.google.protobuf.Descriptors$Descriptor
 629:           113           8136  org.apache.hadoop.ozone.protocol.proto.OzoneManagerProtocolProtos$ServiceListResponse
 630:           166           7968  com.google.common.base.Stopwatch
 631:            98           7840  io.netty.handler.codec.http2.DefaultHttp2Connection
 632:           192           7680  org.apache.ratis.thirdparty.io.netty.buffer.PoolThreadCache$NormalMemoryRegionCache
 633:           106           7632  sun.security.util.MemoryCache$SoftCacheEntry
 634:           185           7400  java.util.concurrent.locks.AbstractQueuedSynchronizer$ConditionObject
 635:           230           7360  sun.nio.ch.Util$BufferCache
 636:           183           7320  org.apache.hadoop.metrics2.lib.MutableCounterLong
 637:           152           7296  com.sun.jmx.mbeanserver.ConvertingMethod
 638:           301           7224  org.apache.hadoop.fs.Path
 639:           299           7176  com.google.common.collect.SingletonImmutableSet
 640:           299           7176  io.grpc.internal.MessageDeframer$SingleMessageProducer
 641:           299           7176  io.grpc.internal.MessageFramer$OutputStreamAdapter
 642:           299           7176  io.grpc.internal.ReadableBuffers$BufferInputStream
 643:           299           7176  io.grpc.internal.ServerCallImpl$ServerStreamListenerImpl$1
 644:           299           7176  io.grpc.internal.ServerImpl$ServerTransportListenerImpl$1HandleServerCall$1ServerStreamCancellationListener
 645:           299           7176  io.grpc.netty.NettyServerStream$Sink
 646:           299           7176  io.grpc.netty.NettyWritableBuffer
 647:           299           7176  io.grpc.netty.NettyWritableBufferAllocator
 648:           287           7144  [Lcom.google.protobuf.Descriptors$EnumDescriptor;
 649:           223           7136  java.util.Date
 650:            99           7128  io.netty.channel.AbstractChannel$CloseFuture
 651:            98           7056  io.grpc.netty.AbstractNettyHandler$FlowControlPinger
 652:            98           7056  io.netty.channel.socket.nio.NioSocketChannel$NioSocketChannelUnsafe
 653:            98           7056  io.netty.handler.codec.http2.DefaultHttp2RemoteFlowController
 654:            98           7056  io.netty.handler.codec.http2.Http2Settings
 655:           294           7056  io.netty.util.collection.IntObjectHashMap$1
 656:           294           7056  io.netty.util.collection.IntObjectHashMap$EntrySet
 657:           294           7056  io.netty.util.collection.IntObjectHashMap$KeySet
 658:           291           6984  org.apache.ratis.thirdparty.io.netty.channel.unix.FileDescriptor
 659:            58           6960  sun.nio.ch.EPollSelectorImpl
 660:            59           6920  [Ljava.lang.invoke.MethodHandle;
 661:           136           6896  [Lorg.apache.ratis.thirdparty.com.google.protobuf.Descriptors$FieldDescriptor;
 662:           142           6816  java.util.concurrent.CountDownLatch$Sync
 663:           142           6816  java.util.logging.LogManager$LogNode
 664:           211           6752  [Ljava.net.InetSocketAddress;
 665:           168           6720  org.apache.ratis.protocol.ClientId
 666:           166           6640  sun.reflect.generics.tree.SimpleClassTypeSignature
 667:            92           6624  sun.security.rsa.RSAPublicKeyImpl
 668:           273           6552  java.lang.Byte
 669:           204           6528  com.codahale.metrics.LongAdderProxy$JdkProvider$1
 670:            58           6496  javax.management.openmbean.OpenMBeanAttributeInfoSupport
 671:           159           6360  org.apache.log4j.ProvisionNode
 672:           198           6336  io.netty.channel.VoidChannelPromise
 673:           132           6336  org.apache.hadoop.metrics2.impl.MetricsRecordImpl
 674:           197           6304  io.netty.channel.SucceededChannelFuture
 675:            98           6272  io.grpc.netty.Http2ControlFrameLimitEncoder
 676:           112           6272  io.netty.buffer.CompositeByteBuf$Component
 677:            98           6272  io.netty.handler.codec.http2.DefaultHttp2LocalFlowController$AutoRefillState
 678:            98           6272  io.netty.handler.codec.http2.HpackDecoder
 679:            98           6272  io.netty.handler.codec.http2.WeightedFairQueueByteDistributor
 680:             4           6240  [Lio.netty.buffer.PoolArena;
 681:             4           6240  [Lorg.apache.ratis.thirdparty.io.netty.buffer.PoolArena;
 682:            78           6240  org.eclipse.jetty.http.HttpHeader
 683:           155           6200  sun.reflect.NativeMethodAccessorImpl
 684:           256           6144  java.lang.Short
 685:            59           6136  org.apache.ratis.server.raftlog.segmented.LogSegment
 686:           190           6080  com.sun.jmx.mbeanserver.NamedObject
 687:            58           6032  sun.nio.ch.EPollArrayWrapper
 688:            62           5952  java.beans.MethodDescriptor
 689:            61           5856  org.apache.ratis.thirdparty.io.netty.channel.ChannelOutboundBuffer$Entry
 690:            81           5832  java.util.Properties
 691:           102           5712  java.util.Collections$SynchronizedMap
 692:           236           5664  com.sun.proxy.$Proxy2
 693:           177           5664  org.apache.hadoop.hdds.utils.ProtocolMessageMetrics$MetricName
 694:            64           5632  io.netty.buffer.PoolThreadCache
 695:            99           5544  org.apache.ratis.thirdparty.io.netty.util.concurrent.DefaultPromise
 696:            98           5488  io.grpc.internal.KeepAliveEnforcer
 697:            98           5488  io.netty.handler.codec.http2.DefaultHttp2Connection$ActiveStreams
 698:            98           5488  io.netty.handler.codec.http2.DefaultHttp2Connection$ConnectionStream
 699:            98           5488  io.netty.handler.codec.http2.DefaultHttp2ConnectionEncoder
 700:            98           5488  io.netty.handler.codec.http2.DefaultHttp2FrameReader
 701:            98           5488  io.netty.handler.codec.http2.DefaultHttp2LocalFlowController
 702:           171           5472  org.apache.ratis.protocol.RaftId$$Lambda$184/971256592
 703:            97           5432  org.apache.ratis.thirdparty.io.netty.channel.AbstractChannelHandlerContext$WriteTask
 704:           113           5424  org.apache.hadoop.ozone.protocol.proto.OzoneManagerProtocolProtos$ServiceListRequest
 705:            75           5400  java.util.EnumMap
 706:           135           5400  org.apache.ratis.thirdparty.io.netty.util.internal.DefaultPriorityQueue
 707:            96           5376  com.codahale.metrics.EWMA
 708:           112           5376  io.netty.buffer.UnpooledDuplicatedByteBuf
 709:            12           5376  java.util.TimerThread
 710:            10           5360  [Lorg.apache.ratis.thirdparty.io.netty.handler.codec.http2.HpackEncoder$NameEntry;
 711:            10           5360  [Lorg.apache.ratis.thirdparty.io.netty.handler.codec.http2.HpackEncoder$NameValueEntry;
 712:            67           5360  java.util.concurrent.ThreadPoolExecutor$Worker
 713:           222           5328  java.util.concurrent.atomic.AtomicReference
 714:            39           5304  org.apache.hadoop.metrics2.lib.MutableRate
 715:           219           5256  java.util.concurrent.ConcurrentHashMap$EntrySetView
 716:            43           5160  org.apache.hadoop.metrics2.impl.MetricsSourceAdapter
 717:            64           5120  java.util.concurrent.ConcurrentSkipListMap
 718:            56           4928  io.netty.buffer.CompositeByteBuf
 719:           122           4880  com.sun.jmx.mbeanserver.StandardMBeanSupport
 720:            32           4864  [Lio.netty.handler.codec.CodecOutputList;
 721:            14           4848  [[Ljava.lang.String;
 722:           201           4824  java.util.zip.ZStreamRef
 723:            99           4752  io.netty.channel.DefaultChannelId
 724:           148           4736  org.eclipse.jetty.util.component.ContainerLifeCycle$Bean
 725:           118           4720  java.beans.MethodRef
 726:           196           4704  io.grpc.internal.LogExceptionRunnable
 727:            98           4704  io.grpc.internal.ServerImpl$ServerTransportListenerImpl
 728:            98           4704  io.grpc.netty.NettyServerHandler$1
 729:            98           4704  io.grpc.netty.WriteQueue
 730:            98           4704  io.netty.handler.codec.http2.HpackDynamicTable
 731:            98           4704  io.netty.handler.codec.http2.HpackHuffmanEncoder
 732:            98           4704  io.netty.handler.codec.http2.HpackHuffmanEncoder$EncodeProcessor
 733:           116           4640  [Lorg.apache.hadoop.ipc.Server$AuthProtocol;
 734:             2           4624  [Lorg.eclipse.jetty.http.HttpStatus$Code;
 735:           143           4576  java.util.regex.Pattern$GroupHead
 736:           143           4576  java.util.regex.Pattern$GroupTail
 737:           166           4520  [Lsun.reflect.generics.tree.TypeArgument;
 738:           140           4480  io.netty.util.internal.logging.LocationAwareSlf4JLogger
 739:            93           4464  java.security.Permissions
 740:           159           4408  [Lcom.sun.jmx.mbeanserver.MXBeanMapping;
 741:            91           4368  sun.security.x509.BasicConstraintsExtension
 742:            91           4368  sun.security.x509.SubjectKeyIdentifierExtension
 743:            90           4320  java.io.FilePermission
 744:            41           4264  java.security.SecureRandom
 745:            88           4224  java.security.BasicPermissionCollection
 746:            75           4200  org.apache.ratis.thirdparty.io.netty.handler.codec.http2.HpackEncoder$NameValueEntry
 747:           131           4192  java.util.regex.Pattern$Slice
 748:           131           4192  org.apache.hadoop.metrics2.impl.MetricGaugeLong
 749:           173           4152  java.util.Collections$UnmodifiableSet
 750:             1           4120  [Lio.netty.handler.codec.http2.HpackStaticTable$HeaderNameIndex;
 751:             1           4120  [Lorg.apache.ratis.thirdparty.io.netty.handler.codec.http2.HpackStaticTable$HeaderNameIndex;
 752:             1           4120  [Lorg.eclipse.jetty.http.HttpGenerator$PreparedResponse;
 753:           171           4104  org.apache.ratis.protocol.RaftId$$Lambda$182/1261321871
 754:            39           4056  java.util.concurrent.ThreadPoolExecutor
 755:            23           4048  org.apache.hadoop.hdds.utils.db.managed.ManagedBlockBasedTableConfig
 756:           101           4040  io.grpc.InternalLogId
 757:            56           4032  com.google.protobuf.GeneratedMessage$FieldAccessorTable$SingularFieldAccessor
 758:           126           4032  java.security.Provider$UString
 759:           100           4000  java.lang.RuntimePermission
 760:            83           3984  sun.security.x509.KeyUsageExtension
 761:            71           3976  java.io.ObjectStreamField
 762:            99           3960  io.netty.channel.AdaptiveRecvByteBufAllocator
 763:            55           3960  org.apache.ratis.thirdparty.com.google.common.cache.LocalCache$StrongAccessEntry
 764:            29           3944  org.apache.hadoop.hdds.utils.db.managed.ManagedColumnFamilyOptions
 765:           164           3936  sun.reflect.generics.tree.ClassTypeSignature
 766:            98           3920  io.grpc.netty.GrpcHttp2HeadersUtils$GrpcHttp2ServerHeadersDecoder
 767:            98           3920  io.grpc.netty.Utils$FlowControlReader
 768:            98           3920  io.netty.handler.codec.http2.DefaultHttp2HeadersEncoder
 769:            98           3920  io.netty.handler.codec.http2.DefaultHttp2RemoteFlowController$WritabilityMonitor
 770:            98           3920  io.netty.handler.codec.http2.Http2FrameLogger
 771:            97           3880  org.apache.ratis.thirdparty.io.netty.channel.epoll.EpollEventArray
 772:            68           3808  org.apache.ratis.thirdparty.com.google.protobuf.GeneratedMessageV3$FieldAccessorTable
 773:            25           3800  java.util.GregorianCalendar
 774:            94           3760  sun.security.x509.CertificateExtensions
 775:            91           3640  org.apache.hadoop.ozone.protocol.proto.OzoneManagerProtocolProtos$Status
 776:            50           3600  sun.nio.ch.IOVecWrapper
 777:            28           3584  java.beans.PropertyDescriptor
 778:           112           3584  sun.nio.ch.AllocatedNativeObject
 779:            88           3520  org.apache.hadoop.ozone.protocol.proto.OzoneManagerProtocolProtos$Type
 780:           143           3432  java.util.Collections$SingletonSet
 781:           142           3408  java.util.concurrent.CountDownLatch
 782:           106           3392  org.apache.ratis.thirdparty.io.netty.handler.codec.http2.HpackHeaderField
 783:           106           3392  sun.security.util.BitArray
 784:           106           3392  sun.security.util.Cache$EqualByteArray
 785:           106           3392  sun.security.x509.CertificateValidity
 786:            68           3312  [Lorg.apache.ratis.thirdparty.com.google.protobuf.GeneratedMessageV3$FieldAccessorTable$FieldAccessor;
 787:            46           3312  sun.security.ec.NamedCurve
 788:            63           3304  [Ljava.util.regex.Pattern$Node;
 789:            57           3192  io.netty.handler.codec.http.HttpResponseStatus
 790:            57           3192  org.apache.ratis.thirdparty.io.netty.handler.codec.http.HttpResponseStatus
 791:           131           3144  sun.security.x509.KeyIdentifier
 792:            32           3136  [Lcom.google.protobuf.Descriptors$EnumValueDescriptor;
 793:            98           3136  io.grpc.netty.NettyServer$1$1LoopReleaser
 794:            98           3136  io.grpc.netty.NettyServerHandler$FrameListener
 795:            98           3136  io.grpc.netty.NettyServerHandler$KeepAlivePinger
 796:            98           3136  io.grpc.netty.NettyServerHandler$WriteMonitoringFrameWriter
 797:            98           3136  io.grpc.netty.NettyServerTransport$1TerminationNotifier
 798:            98           3136  io.netty.handler.codec.http2.DefaultHttp2Connection$PropertyKeyRegistry
 799:            98           3136  io.netty.handler.codec.http2.DefaultHttp2FrameWriter
 800:            98           3136  io.netty.handler.codec.http2.HpackHuffmanDecoder
 801:            98           3136  io.netty.handler.codec.http2.HpackHuffmanEncoder$EncodedLengthProcessor
 802:            98           3136  io.netty.handler.codec.http2.Http2ConnectionHandler$FrameDecoder
 803:            98           3136  io.netty.handler.codec.http2.Http2InboundFrameLogger
 804:            98           3136  io.netty.handler.codec.http2.Http2OutboundFrameLogger
 805:            28           3136  org.apache.ratis.thirdparty.io.netty.handler.codec.http2.WeightedFairQueueByteDistributor$State
 806:            97           3104  org.apache.ratis.thirdparty.io.netty.util.internal.ThreadExecutorMap$1
 807:            97           3104  org.apache.ratis.thirdparty.io.netty.util.internal.ThreadExecutorMap$2
 808:            55           3080  org.eclipse.jetty.http.PreEncodedHttpField
 809:            64           3072  io.netty.buffer.LongLongHashMap
 810:           127           3048  org.apache.ratis.thirdparty.io.netty.util.collection.IntObjectHashMap$1
 811:           127           3048  org.apache.ratis.thirdparty.io.netty.util.collection.IntObjectHashMap$EntrySet
 812:           127           3048  org.apache.ratis.thirdparty.io.netty.util.collection.IntObjectHashMap$KeySet
 813:            63           3024  java.util.regex.Pattern$Branch
 814:             7           3024  org.apache.ratis.util.Daemon
 815:            25           3000  sun.util.calendar.Gregorian$Date
 816:            93           2960  [Ljava.lang.reflect.Type;
 817:            92           2944  org.apache.ratis.util.TimeDuration
 818:            91           2912  org.apache.hadoop.ozone.om.exceptions.OMException$ResultCodes
 819:            19           2888  [Lorg.eclipse.jetty.http.HttpField;
 820:            90           2880  java.io.FilePermissionCollection
 821:            36           2880  java.util.concurrent.LinkedBlockingQueue
 822:            90           2880  java.util.jar.Manifest
 823:            60           2880  org.eclipse.jetty.http.HttpStatus$Code
 824:            88           2816  org.apache.hadoop.metrics2.lib.UniqueNames$Count
 825:            35           2800  org.apache.ratis.thirdparty.io.netty.buffer.PooledSlicedByteBuf
 826:           116           2784  sun.security.x509.SerialNumber
 827:             1           2744  [Lsun.misc.FDBigInteger;
 828:            49           2744  java.lang.reflect.Proxy$Key1
 829:            49           2744  java.lang.reflect.WeakCache$CacheValue
 830:            18           2736  [Lorg.apache.ratis.thirdparty.io.netty.handler.codec.CodecOutputList;
 831:            85           2720  org.apache.hadoop.hdds.utils.db.cache.CacheValue
 832:            20           2720  org.apache.ratis.thirdparty.com.google.common.cache.Striped64$Cell
 833:            41           2624  sun.util.locale.LocaleObjectCache$CacheEntry
 834:             9           2592  org.eclipse.jetty.server.Request
 835:            17           2584  [Ljava.util.concurrent.RunnableScheduledFuture;
 836:            14           2576  org.eclipse.jetty.servlet.ServletHolder
 837:            46           2576  sun.reflect.annotation.AnnotationType
 838:            16           2568  [Ljava.lang.Byte;
 839:            32           2560  com.codahale.metrics.ExponentiallyDecayingReservoir
 840:            64           2560  io.netty.buffer.PoolThreadCache$NormalMemoryRegionCache
 841:            40           2560  org.eclipse.jetty.http.HttpMethod
 842:            40           2560  sun.security.x509.AuthorityKeyIdentifierExtension
 843:           106           2544  sun.security.x509.CertificateAlgorithmId
 844:           106           2544  sun.security.x509.CertificateSerialNumber
 845:           106           2544  sun.security.x509.CertificateVersion
 846:           106           2544  sun.security.x509.CertificateX509Key
 847:             4           2464  org.apache.hadoop.ipc.Client$Connection
 848:            44           2464  sun.reflect.generics.repository.ClassRepository
 849:            38           2432  com.google.common.util.concurrent.ThreadFactoryBuilder$1
 850:           101           2424  io.grpc.internal.ReflectionLongAdderCounter
 851:            43           2408  org.apache.hadoop.metrics2.impl.MBeanInfoBuilder
 852:            33           2376  com.google.protobuf.DescriptorProtos$EnumDescriptorProto
 853:            99           2376  io.grpc.Attributes
 854:            99           2376  io.netty.channel.DefaultMaxMessagesRecvByteBufAllocator$MaxMessageHandle$1
 855:            99           2376  io.netty.channel.VoidChannelPromise$1
 856:            99           2376  io.netty.channel.nio.AbstractNioChannel$1
 857:            99           2376  java.util.concurrent.atomic.AtomicReferenceArray
 858:            98           2352  io.grpc.internal.KeepAliveManager$1
 859:            98           2352  io.grpc.internal.KeepAliveManager$2
 860:            98           2352  io.grpc.netty.Http2ControlFrameLimitEncoder$1
 861:            98           2352  io.grpc.netty.WriteQueue$1
 862:            98           2352  io.netty.channel.nio.AbstractNioByteChannel$1
 863:            98           2352  io.netty.handler.codec.http2.DefaultHttp2ConnectionDecoder$FrameReadListener
 864:            98           2352  io.netty.handler.codec.http2.DefaultHttp2LocalFlowController$1
 865:            98           2352  io.netty.handler.codec.http2.DefaultHttp2RemoteFlowController$1
 866:            98           2352  io.netty.handler.codec.http2.WeightedFairQueueByteDistributor$1
 867:            98           2352  io.netty.util.collection.CharObjectHashMap$1
 868:            98           2352  io.netty.util.collection.CharObjectHashMap$EntrySet
 869:            98           2352  io.netty.util.collection.CharObjectHashMap$KeySet
 870:            42           2352  io.netty.util.concurrent.DefaultPromise
 871:            73           2336  java.util.regex.Pattern$Single
 872:            97           2328  org.apache.ratis.thirdparty.io.netty.channel.epoll.EpollEventLoop$1
 873:            97           2328  org.apache.ratis.thirdparty.io.netty.util.concurrent.FastThreadLocalRunnable
 874:            97           2328  org.apache.ratis.thirdparty.io.netty.util.concurrent.SingleThreadEventExecutor$4
 875:            58           2320  java.util.RegularEnumSet
 876:            10           2320  org.apache.ratis.thirdparty.io.netty.channel.epoll.EpollSocketChannel
 877:            58           2320  org.eclipse.jetty.http.HttpGenerator$PreparedResponse
 878:            32           2304  com.codahale.metrics.JmxReporter$JmxTimer
 879:            32           2304  com.codahale.metrics.Meter
 880:            96           2304  org.apache.ratis.thirdparty.io.netty.buffer.PoolThreadCache$FreeOnFinalize
 881:            22           2288  java.util.concurrent.ScheduledThreadPoolExecutor$ScheduledFutureTask
 882:            70           2240  org.apache.hadoop.metrics2.impl.MetricGaugeDouble
 883:            20           2240  org.aspectj.runtime.reflect.MethodSignatureImpl
 884:            40           2240  sun.management.DiagnosticCommandArgumentInfo
 885:            46           2208  java.security.spec.EllipticCurve
 886:             3           2184  [Lorg.apache.hadoop.ozone.protocol.proto.OzoneManagerProtocolProtos$Type;
 887:             8           2176  org.apache.ratis.thirdparty.io.grpc.netty.NettyClientHandler
 888:            30           2160  java.time.temporal.ChronoField
 889:            57           2152  [Ljavax.management.MBeanOperationInfo;
 890:             3           2128  [Ljava.lang.Integer;
 891:            66           2112  org.apache.hadoop.ozone.audit.OMAction
 892:             2           2096  [Ljava.lang.Long;
 893:             2           2096  [Ljava.lang.Short;
 894:             1           2072  [Lorg.eclipse.jetty.http.HttpTokens$Token;
 895:            32           2048  com.google.protobuf.Descriptors$EnumDescriptor
 896:            16           2048  org.apache.ratis.thirdparty.com.google.common.cache.LocalCache$Segment
 897:            42           2016  org.apache.hadoop.metrics2.impl.MetricsSystemImpl$1
 898:            28           2016  org.apache.ratis.thirdparty.com.google.protobuf.DescriptorProtos$EnumValueDescriptorProto
 899:             9           2016  org.eclipse.jetty.http.HttpParser
 900:            25           2000  io.netty.util.ResourceLeakDetector$TraceRecord
 901:             7           1960  [Lorg.eclipse.jetty.util.TreeTrie;
 902:            49           1960  org.apache.ratis.thirdparty.io.netty.channel.ChannelOption
 903:            27           1944  io.netty.util.ResourceLeakDetector$DefaultResourceLeak
 904:             9           1944  org.eclipse.jetty.server.HttpChannelOverHttp
 905:            81           1944  org.eclipse.jetty.util.log.JettyAwareLogger
 906:            81           1944  org.eclipse.jetty.util.log.Slf4jLog
 907:            39           1936  [Ljava.math.BigInteger;
 908:            30           1920  javax.management.MBeanOperationInfo
 909:            17           1904  java.util.concurrent.ScheduledThreadPoolExecutor
 910:            59           1888  org.apache.ratis.server.raftlog.segmented.LogSegment$LogEntryLoader
 911:             4           1856  org.apache.ratis.thirdparty.io.grpc.internal.ManagedChannelImpl
 912:            46           1840  sun.reflect.generics.reflectiveObjects.ParameterizedTypeImpl
 913:            38           1824  java.io.File
 914:            19           1824  org.apache.ratis.thirdparty.io.netty.util.concurrent.ScheduledFutureTask
 915:            45           1800  org.apache.hadoop.hdds.protocol.proto.ScmBlockLocationProtocolProtos$Status
 916:            56           1792  java.security.spec.ECPoint
 917:            22           1760  org.apache.hadoop.hdds.utils.db.TypedTable
 918:            44           1760  sun.reflect.generics.tree.ClassSignature
 919:             8           1728  org.apache.ratis.thirdparty.io.grpc.internal.InternalSubchannel
 920:             8           1728  org.apache.ratis.thirdparty.io.grpc.netty.NettyClientTransport
 921:            54           1728  org.apache.ratis.thirdparty.io.netty.util.internal.logging.LocationAwareSlf4JLogger
 922:            12           1728  org.eclipse.jetty.util.thread.strategy.EatWhatYouKill
 923:            54           1728  sun.reflect.generics.factory.CoreReflectionFactory
 924:            68           1720  [Lorg.apache.ratis.thirdparty.com.google.protobuf.GeneratedMessageV3$FieldAccessorTable$OneofAccessor;
 925:            21           1680  org.apache.logging.log4j.core.util.datetime.FixedDateFormat$FixedFormat
 926:             7           1672  [Ljava.beans.MethodDescriptor;
 927:            19           1672  org.eclipse.jetty.http.MimeTypes$Type
 928:            52           1664  io.netty.handler.codec.http2.HpackStaticTable$HeaderNameIndex
 929:            52           1664  java.lang.ProcessEnvironment$Value
 930:            52           1664  java.lang.ProcessEnvironment$Variable
 931:            52           1664  org.apache.ratis.thirdparty.io.netty.handler.codec.http2.HpackStaticTable$HeaderNameIndex
 932:             9           1656  org.eclipse.jetty.server.HttpConnection
 933:            51           1632  java.util.regex.Pattern$1
 934:            12           1632  org.eclipse.jetty.io.ManagedSelector
 935:            51           1632  org.eclipse.jetty.servlet.ServletHandler$Chain
 936:             1           1624  [Lorg.apache.hadoop.ipc.Server$Handler;
 937:            29           1624  java.nio.HeapByteBufferR
 938:            25           1600  com.sun.jmx.mbeanserver.PerInterface
 939:            40           1600  org.apache.hadoop.hdds.protocol.proto.StorageContainerLocationProtocolProtos$Type
 940:            20           1600  org.apache.ratis.thirdparty.com.google.protobuf.GeneratedMessageV3$FieldAccessorTable$SingularFieldAccessor$ReflectionInvoker
 941:            50           1600  org.apache.ratis.thirdparty.io.netty.handler.codec.http2.DefaultHttp2Connection$DefaultPropertyKey
 942:            50           1600  org.bouncycastle.asn1.ASN1ObjectIdentifier$OidHandle
 943:            31           1592  [Ljava.time.format.DateTimeFormatterBuilder$DateTimePrinterParser;
 944:            33           1584  javax.management.MBeanParameterInfo
 945:            18           1584  org.apache.ratis.thirdparty.io.netty.buffer.UnpooledUnsafeDirectByteBuf
 946:            98           1568  io.grpc.netty.AbstractNettyHandler$AllowPingLimiter
 947:            98           1568  io.grpc.netty.NettyServerHandler$ServerChannelLogger
 948:            65           1560  org.eclipse.jetty.io.AbstractByteBufferPool$$Lambda$529/1978141335
 949:            65           1560  org.eclipse.jetty.io.AbstractByteBufferPool$$Lambda$530/5998675
 950:            32           1536  com.fasterxml.jackson.databind.MapperFeature
 951:            64           1536  com.sun.proxy.$Proxy6
 952:            12           1536  org.apache.hadoop.thirdparty.com.google.common.cache.LocalCache$Segment
 953:            16           1536  org.apache.ratis.proto.RaftProtos$RaftPeerProto
 954:             8           1536  org.apache.ratis.thirdparty.io.grpc.netty.NettyClientTransport$3
 955:            12           1536  sun.net.www.protocol.jar.URLJarFile
 956:            19           1520  sun.management.DiagnosticCommandInfo
 957:            63           1512  java.util.regex.Pattern$BranchConn
 958:             2           1504  [Lorg.apache.hadoop.ozone.protocol.proto.OzoneManagerProtocolProtos$Status;
 959:            31           1488  java.math.BigDecimal
 960:            37           1480  java.util.concurrent.Executors$DefaultThreadFactory
 961:            37           1480  java.util.regex.Pattern$5
 962:            23           1472  com.sun.jmx.mbeanserver.MXBeanSupport
 963:            54           1464  [Lsun.reflect.generics.tree.FormalTypeParameter;
 964:            18           1440  com.fasterxml.jackson.databind.type.SimpleType
 965:            30           1440  java.security.Provider$EngineDescription
 966:            30           1440  java.time.format.DateTimeFormatterBuilder$NumberPrinterParser
 967:            30           1440  java.time.temporal.ValueRange
 968:            18           1440  java.util.ResourceBundle$CacheKey
 969:            20           1440  org.apache.hadoop.ipc.protobuf.RpcHeaderProtos$RpcSaslProto
 970:            18           1440  org.apache.ratis.protocol.RaftPeer
 971:            20           1440  org.apache.ratis.thirdparty.io.netty.handler.codec.http2.DefaultHttp2Connection$DefaultEndpoint
 972:             9           1440  org.eclipse.jetty.io.SocketChannelEndPoint
 973:            30           1440  sun.misc.FloatingDecimal$BinaryToASCIIBuffer
 974:            30           1440  sun.security.x509.URIName
 975:            44           1432  [Lsun.reflect.generics.tree.ClassTypeSignature;
 976:            44           1408  com.codahale.metrics.JmxReporter$JmxCounter
 977:            16           1408  javax.management.openmbean.ArrayType
 978:            22           1408  org.apache.hadoop.hdds.utils.db.DBColumnFamilyDefinition
 979:            44           1408  sun.reflect.generics.scope.ClassScope
 980:            35           1400  org.apache.ratis.thirdparty.io.grpc.Status
 981:            43           1376  org.apache.hadoop.metrics2.impl.MetricGaugeInt
 982:            43           1376  org.apache.hadoop.metrics2.impl.MetricsSystemImpl$3
 983:            19           1368  java.time.format.DateTimeFormatter
 984:            34           1360  com.sun.jmx.mbeanserver.PerInterface$MethodAndSig
 985:            34           1360  io.netty.buffer.SimpleLeakAwareByteBuf
 986:            17           1360  sun.util.calendar.ZoneInfo
 987:            24           1344  com.sun.jmx.mbeanserver.WeakIdentityHashMap$IdentityWeakReference
 988:            42           1344  java.lang.invoke.Invokers
 989:             6           1344  java.text.DecimalFormat
 990:            15           1320  java.lang.management.PlatformComponent
 991:            33           1320  org.apache.ratis.util.AutoCloseableLock
 992:             2           1296  [Lorg.eclipse.jetty.http.HttpHeader;
 993:            18           1296  java.lang.invoke.DirectMethodHandle$Constructor
 994:            18           1296  java.lang.invoke.LambdaFormEditor$Transform
 995:             3           1296  org.apache.logging.log4j.core.util.Log4jThread
 996:            27           1296  org.apache.ratis.thirdparty.com.google.protobuf.Descriptors$EnumValueDescriptor
 997:            54           1296  sun.nio.ch.IOVecWrapper$Deallocator
 998:            27           1296  sun.nio.fs.NativeBuffer
 999:            23           1288  org.apache.hadoop.hdds.utils.db.RocksDatabase$ColumnFamily
1000:            23           1288  org.eclipse.jetty.util.ArrayTernaryTrie
1001:            32           1280  com.codahale.metrics.Timer
1002:            32           1280  com.sun.jmx.mbeanserver.DefaultMXBeanMappingFactory$IdentityMapping
1003:            40           1280  io.netty.channel.nio.SelectedSelectionKeySet
1004:            40           1280  io.netty.channel.nio.SelectedSelectionKeySetSelector
1005:            32           1280  io.netty.handler.codec.CodecOutputList$CodecOutputLists
1006:            40           1280  io.netty.util.internal.ThreadExecutorMap$1
1007:            13           1248  javax.management.openmbean.CompositeType
1008:            52           1248  org.apache.ratis.metrics.dropwizard3.Dm3RatisMetricRegistryImpl$1
1009:            31           1240  io.netty.channel.ChannelOption
1010:             1           1232  org.apache.hadoop.ozone.om.OMMetrics
1011:            22           1232  sun.security.x509.DistributionPoint
1012:             3           1224  [Ljava.lang.invoke.LambdaForm;
1013:            51           1224  java.nio.channels.spi.AbstractSelector$1
1014:             9           1224  org.eclipse.jetty.server.HttpOutput
1015:             9           1224  org.eclipse.jetty.server.Response
1016:            16           1216  [Lorg.apache.hadoop.hdds.conf.ConfigTag;
1017:            38           1216  com.codahale.metrics.JmxReporter$JmxGauge
1018:            38           1216  java.util.regex.Pattern$CharProperty$1
1019:            30           1200  com.google.common.cache.LongAdder
1020:            25           1200  java.util.regex.Pattern$BnM
1021:            30           1200  org.apache.ratis.thirdparty.com.google.common.cache.LongAdder
1022:            21           1176  java.util.concurrent.atomic.LongAccumulator
1023:            49           1176  org.apache.ratis.thirdparty.io.grpc.internal.ReflectionLongAdderCounter
1024:            21           1176  sun.reflect.generics.reflectiveObjects.TypeVariableImpl
1025:            29           1160  org.apache.ratis.thirdparty.io.grpc.InternalLogId
1026:            36           1152  java.time.Duration
1027:            18           1152  java.util.ResourceBundle$BundleReference
1028:            24           1152  sun.security.x509.OIDMap$OIDInfo
1029:            11           1144  org.apache.ratis.thirdparty.io.netty.channel.DefaultChannelPipeline$HeadContext
1030:            47           1128  com.sun.proxy.$Proxy7
1031:             4           1120  [Lcom.fasterxml.jackson.core.sym.CharsToNameCanonicalizer$Bucket;
1032:            23           1120  [Ljava.io.ObjectStreamField;
1033:            14           1120  [Ljava.util.concurrent.TimeUnit;
1034:            28           1120  com.fasterxml.jackson.databind.DeserializationFeature
1035:            28           1120  org.apache.commons.lang3.text.translate.LookupTranslator
1036:            14           1120  org.apache.ratis.thirdparty.io.grpc.MethodDescriptor
1037:            10           1120  org.apache.ratis.thirdparty.io.grpc.internal.TransportTracer
1038:            28           1120  org.apache.ratis.thirdparty.io.grpc.protobuf.lite.ProtoLiteUtils$MessageMarshaller
1039:            28           1120  org.rocksdb.ColumnFamilyHandle
1040:            20           1120  sun.util.locale.BaseLocale
1041:            20           1120  sun.util.locale.BaseLocale$Key
1042:            23           1104  [Lsun.nio.fs.NativeBuffer;
1043:            23           1104  sun.management.MappedMXBeanType$BasicMXBeanType
1044:            46           1104  sun.reflect.BootstrapConstructorAccessorImpl
1045:             2           1088  [Lorg.eclipse.jetty.io.ByteBufferPool$Bucket;
1046:             8           1088  com.google.common.cache.Striped64$Cell
1047:             9           1080  org.eclipse.jetty.server.HttpInputOverHTTP
1048:             9           1080  org.eclipse.jetty.server.ResponseWriter
1049:            45           1080  sun.security.x509.GeneralName
1050:             2           1072  [Lcom.ctc.wstx.util.SymbolTable$Bucket;
1051:             2           1072  [Ljava.lang.Character;
1052:            36           1064  [Lsun.reflect.generics.tree.FieldTypeSignature;
1053:            19           1064  sun.management.DiagnosticCommandImpl$Wrapper
1054:            44           1056  com.codahale.metrics.Counter
1055:            33           1056  io.netty.util.internal.ThreadExecutorMap$2
1056:            33           1056  java.util.concurrent.ConcurrentHashMap$KeySetView
1057:            22           1056  org.apache.hadoop.hdds.utils.db.DelegatedCodec
1058:            22           1056  org.apache.ratis.thirdparty.com.google.common.base.Stopwatch
1059:            11           1056  org.apache.ratis.thirdparty.io.netty.channel.DefaultChannelHandlerContext
1060:            11           1056  org.apache.ratis.thirdparty.io.netty.channel.DefaultChannelPipeline$TailContext
1061:            26           1040  com.fasterxml.jackson.databind.SerializationFeature
1062:            26           1040  java.security.spec.ECFieldF2m
1063:            26           1040  org.eclipse.jetty.webapp.ClasspathPattern$PackageEntry
1064:             3           1032  [Lorg.apache.hadoop.hdds.protocol.proto.StorageContainerLocationProtocolProtos$Type;
1065:            43           1032  com.sun.proxy.$Proxy3
1066:            43           1032  com.sun.proxy.$Proxy34
1067:            32           1024  com.codahale.metrics.Histogram
1068:             8           1024  com.google.common.cache.LocalCache$Segment
1069:            16           1024  com.google.protobuf.SmallSortedMap$1
1070:             8           1024  org.apache.ratis.thirdparty.io.grpc.internal.ClientCallImpl
1071:             8           1024  org.apache.ratis.thirdparty.io.grpc.internal.DnsNameResolver
1072:            18           1008  [[Ljava.lang.Object;
1073:            18           1008  java.util.ResourceBundle$LoaderReference
1074:            14           1008  javax.management.openmbean.SimpleType
1075:            18           1008  org.apache.ratis.thirdparty.io.netty.channel.unix.IovArray
1076:            18           1008  org.apache.ratis.thirdparty.io.netty.handler.codec.http2.DefaultHttp2RemoteFlowController$FlowState
1077:            28           1000  [Ljavax.management.MBeanParameterInfo;
1078:            25           1000  org.apache.hadoop.conf.Configuration$Resource
1079:            25           1000  org.apache.ratis.thirdparty.io.netty.handler.codec.http2.HpackEncoder$NameEntry
1080:            31            992  java.time.format.DateTimeFormatterBuilder$CompositePrinterParser
1081:            31            992  org.apache.hadoop.hdds.conf.ConfigTag
1082:             4            976  [Ljava.util.concurrent.ConcurrentMap;
1083:             9            968  [D
1084:             7            968  [Lsun.invoke.util.Wrapper;
1085:            11            968  org.apache.ratis.thirdparty.io.netty.channel.ChannelOutboundBuffer
1086:            11            968  org.apache.ratis.thirdparty.io.netty.channel.DefaultChannelPipeline
1087:            40            960  io.netty.channel.nio.NioEventLoop$1
1088:            15            960  java.lang.invoke.MethodHandleImpl$IntrinsicMethodHandle
1089:            20            960  java.util.Locale
1090:            20            960  org.apache.hadoop.hdds.utils.db.cache.PartialTableCache
1091:            24            960  org.apache.hadoop.metrics2.source.JvmMetricsInfo
1092:            40            960  org.apache.ratis.metrics.dropwizard3.Dm3RatisMetricRegistryImpl$$Lambda$337/1342306054
1093:             8            960  org.apache.ratis.thirdparty.io.grpc.internal.MessageDeframer
1094:            10            960  org.apache.ratis.thirdparty.io.netty.channel.AdaptiveRecvByteBufAllocator$HandleImpl
1095:            10            960  org.apache.ratis.thirdparty.io.netty.channel.epoll.EpollSocketChannel$EpollSocketChannelUnsafe
1096:            10            960  org.apache.ratis.thirdparty.io.netty.channel.epoll.EpollSocketChannelConfig
1097:            10            960  org.apache.ratis.thirdparty.io.netty.handler.codec.http2.DefaultHttp2ConnectionDecoder
1098:            20            960  org.aspectj.runtime.reflect.JoinPointImpl$StaticPartImpl
1099:            17            952  java.util.concurrent.ScheduledThreadPoolExecutor$DelayedWorkQueue
1100:             7            952  org.apache.hadoop.metrics2.lib.MutableStat
1101:            17            952  sun.security.x509.CRLDistributionPointsExtension
1102:            13            936  com.fasterxml.jackson.core.JsonToken
1103:            39            936  java.util.concurrent.ConcurrentSkipListMap$KeySet
1104:            39            936  java.util.regex.Pattern$CharPropertyNames$1
1105:             9            936  org.eclipse.jetty.http.HttpURI
1106:            13            936  org.eclipse.jetty.http.pathmap.ServletPathSpec
1107:             9            936  org.eclipse.jetty.server.HttpConnection$SendCallback
1108:            23            920  org.apache.hadoop.hdds.utils.db.managed.ManagedBloomFilter
1109:            23            920  org.apache.hadoop.hdds.utils.db.managed.ManagedLRUCache
1110:            23            920  picocli.CommandLine$Help$Ansi$Style
1111:            19            912  java.util.concurrent.atomic.AtomicReferenceFieldUpdater$AtomicReferenceFieldUpdaterImpl
1112:            38            912  java.util.regex.Pattern$Dot
1113:             7            896  com.fasterxml.jackson.databind.introspect.AnnotatedClass
1114:            28            896  org.rocksdb.ColumnFamilyDescriptor
1115:            37            888  com.sun.proxy.$Proxy17
1116:            22            880  org.apache.hadoop.hdds.utils.db.RDBTable
1117:            22            880  org.apache.hadoop.hdds.utils.db.cache.CacheStatsRecorder
1118:             2            880  org.apache.ratis.server.impl.LeaderStateImpl$EventProcessor
1119:            10            880  org.apache.ratis.thirdparty.io.netty.handler.codec.http2.HpackEncoder
1120:            22            880  org.rocksdb.AbstractEventListener$EnabledEventCallback
1121:            10            880  sun.invoke.util.Wrapper
1122:             4            872  [Ljava.lang.ClassValue$Entry;
1123:            12            864  org.apache.hadoop.thirdparty.com.google.common.cache.LocalCache$StrongWriteEntry
1124:            18            864  org.apache.hadoop.thirdparty.protobuf.CodedOutputStream$ArrayEncoder
1125:             9            864  org.eclipse.jetty.server.HttpChannelState
1126:             3            864  org.eclipse.jetty.server.session.SessionHandler
1127:            12            864  sun.security.ssl.CipherSuite$BulkCipher
1128:            36            864  sun.security.x509.GeneralNames
1129:             1            848  [[[C
1130:            21            840  org.eclipse.jetty.util.thread.ReservedThreadExecutor$ReservedThread
1131:            21            840  sun.security.x509.AVAKeyword
1132:            24            832  [Ljava.lang.reflect.TypeVariable;
1133:             8            832  javax.management.openmbean.OpenMBeanParameterInfoSupport
1134:             4            832  org.apache.ratis.grpc.server.GrpcLogAppender
1135:             8            832  org.apache.ratis.thirdparty.io.grpc.netty.NettyClientStream
1136:             2            832  org.eclipse.jetty.servlet.ServletContextHandler
1137:             2            824  [Lorg.apache.ratis.thirdparty.io.netty.util.concurrent.EventExecutor;
1138:            16            816  [Lorg.apache.ratis.thirdparty.com.google.protobuf.Descriptors$EnumValueDescriptor;
1139:             6            816  com.lmax.disruptor.Sequence
1140:            17            816  io.grpc.Status$Code
1141:            17            816  java.security.cert.PolicyQualifierInfo
1142:            17            816  org.apache.ratis.thirdparty.io.grpc.Status$Code
1143:            25            800  java.util.concurrent.Executors$RunnableAdapter
1144:            25            800  org.apache.ratis.server.raftlog.RaftLogIndex
1145:             4            800  org.apache.ratis.thirdparty.com.google.common.cache.LocalCache
1146:            10            800  org.apache.ratis.thirdparty.io.netty.handler.codec.http2.DefaultHttp2Connection
1147:            20            800  org.aspectj.runtime.reflect.SourceLocationImpl
1148:             9            792  com.google.protobuf.GeneratedMessage$FieldAccessorTable$SingularEnumFieldAccessor
1149:            33            792  io.netty.util.concurrent.SingleThreadEventExecutor$4
1150:            11            792  java.lang.ThreadGroup
1151:             9            792  org.apache.ratis.thirdparty.com.google.protobuf.DescriptorProtos$EnumDescriptorProto
1152:            11            792  org.apache.ratis.thirdparty.io.netty.channel.AbstractChannel$CloseFuture
1153:            19            776  [Lsun.management.DiagnosticCommandArgumentInfo;
1154:            28            768  [Ljavax.management.MBeanConstructorInfo;
1155:             2            768  [Lorg.apache.hadoop.hdds.protocol.proto.ScmBlockLocationProtocolProtos$Status;
1156:            32            768  io.netty.buffer.PoolThreadCache$FreeOnFinalize
1157:            24            768  java.lang.ThreadLocal$SuppliedThreadLocal
1158:            16            768  java.time.temporal.ChronoUnit
1159:            24            768  java.util.Collections$SingletonList
1160:            32            768  java.util.concurrent.ConcurrentSkipListMap$Values
1161:            16            768  org.apache.logging.log4j.core.config.builder.api.Component
1162:            12            768  org.apache.ratis.thirdparty.com.google.protobuf.DescriptorProtos$OneofDescriptorProto
1163:             8            768  org.apache.ratis.thirdparty.io.grpc.CallOptions
1164:             8            768  org.apache.ratis.thirdparty.io.grpc.internal.MessageFramer
1165:            16            768  sun.security.ssl.CipherSuite$KeyExchange
1166:            19            760  java.util.Locale$LocaleKey
1167:            19            760  java.util.concurrent.atomic.AtomicIntegerFieldUpdater$AtomicIntegerFieldUpdaterImpl
1168:             1            752  [Lorg.apache.hadoop.ozone.om.exceptions.OMException$ResultCodes;
1169:             3            744  org.eclipse.jetty.servlet.ServletHandler
1170:            31            744  sun.nio.fs.NativeBuffer$Deallocator
1171:             7            728  com.google.protobuf.GeneratedMessage$FieldAccessorTable$RepeatedMessageFieldAccessor
1172:            13            728  org.apache.ratis.thirdparty.io.grpc.internal.CallTracer
1173:            13            728  org.eclipse.jetty.servlet.FilterMapping
1174:            13            728  sun.reflect.UnsafeQualifiedStaticObjectFieldAccessorImpl
1175:            18            720  com.google.protobuf.DescriptorProtos$FieldDescriptorProto$Type
1176:            18            720  com.google.protobuf.Descriptors$FieldDescriptor$Type
1177:            18            720  io.grpc.Status
1178:            30            720  java.lang.Float
1179:            10            720  java.lang.invoke.DirectMethodHandle$Accessor
1180:             9            720  java.util.concurrent.locks.ReentrantReadWriteLock$FairSync
1181:            18            720  org.apache.ratis.thirdparty.com.google.protobuf.DescriptorProtos$FieldDescriptorProto$Type
1182:            18            720  org.apache.ratis.thirdparty.com.google.protobuf.Descriptors$FieldDescriptor$Type
1183:            18            720  org.apache.ratis.thirdparty.io.grpc.internal.CompositeReadableBuffer
1184:            10            720  org.apache.ratis.thirdparty.io.grpc.netty.AbstractNettyHandler$FlowControlPinger
1185:            18            720  org.apache.ratis.thirdparty.io.netty.handler.codec.CodecOutputList$CodecOutputLists
1186:            10            720  org.apache.ratis.thirdparty.io.netty.handler.codec.http2.DefaultHttp2RemoteFlowController
1187:            10            720  org.apache.ratis.thirdparty.io.netty.handler.codec.http2.Http2Settings
1188:            15            720  org.eclipse.jetty.http.HttpComplianceSection
1189:            15            720  org.eclipse.jetty.util.statistic.SampleStatistic
1190:            18            720  sun.misc.JarIndex
1191:            30            720  sun.security.x509.DNSName
1192:            22            704  org.apache.hadoop.hdds.utils.TableCacheMetrics
1193:            22            704  org.apache.hadoop.hdds.utils.db.CodecBuffer$Capacity
1194:             8            704  org.apache.ratis.thirdparty.com.google.protobuf.Descriptors$EnumDescriptor
1195:            11            704  org.apache.ratis.thirdparty.com.google.protobuf.Descriptors$OneofDescriptor
1196:             8            704  org.apache.ratis.thirdparty.io.grpc.internal.ManagedChannelImpl$SubchannelImpl
1197:            22            704  org.apache.ratis.thirdparty.io.netty.channel.VoidChannelPromise
1198:            22            704  org.eclipse.jetty.http.HttpParser$State
1199:            11            704  org.eclipse.jetty.util.ArrayTrie
1200:            17            680  java.util.regex.Pattern$Ques
1201:            17            680  sun.reflect.UnsafeBooleanFieldAccessorImpl
1202:            13            672  [Lorg.apache.commons.lang3.text.translate.CharSequenceTranslator;
1203:            14            672  com.google.protobuf.WireFormat$FieldType
1204:            12            672  java.io.FileOutputStream
1205:            14            672  java.security.AlgorithmParameters
1206:            21            672  java.util.AbstractMap$SimpleImmutableEntry
1207:            28            672  java.util.concurrent.Executors$FinalizableDelegatedExecutorService
1208:            14            672  java.util.concurrent.Semaphore$FairSync
1209:            28            672  org.apache.ratis.metrics.dropwizard3.Dm3TimekeeperImpl
1210:            14            672  org.apache.ratis.thirdparty.com.google.protobuf.WireFormat$FieldType
1211:            12            672  org.apache.ratis.thirdparty.io.grpc.internal.ChannelTracer
1212:            14            672  org.apache.ratis.thirdparty.io.grpc.internal.GrpcUtil$Http2Error
1213:            14            672  org.apache.ratis.util.ResourceSemaphore
1214:            21            672  sun.reflect.generics.tree.FormalTypeParameter
1215:             2            656  org.apache.ratis.thirdparty.io.grpc.netty.NettyServerHandler
1216:            41            656  sun.security.provider.NativePRNG
1217:             9            648  io.netty.handler.codec.http2.Http2Exception$StacklessHttp2Exception
1218:             9            648  org.apache.ratis.thirdparty.io.netty.handler.codec.http2.Http2Exception$StacklessHttp2Exception
1219:             9            648  sun.security.ec.ECPublicKeyImpl
1220:            16            640  [Ljava.util.concurrent.ConcurrentHashMap$CounterCell;
1221:            20            640  com.fasterxml.jackson.core.util.BufferRecycler
1222:            16            640  org.apache.hadoop.metrics2.lib.MetricsRegistry
1223:             8            640  org.apache.hadoop.metrics2.lib.MutableQuantiles
1224:             8            640  org.apache.ratis.thirdparty.io.grpc.internal.CallCredentialsApplyingTransportFactory$CallCredentialsApplyingTransport
1225:            10            640  org.apache.ratis.thirdparty.io.netty.handler.codec.http2.DefaultHttp2LocalFlowController$AutoRefillState
1226:            10            640  org.apache.ratis.thirdparty.io.netty.handler.codec.http2.HpackDecoder
1227:            10            640  org.apache.ratis.thirdparty.io.netty.handler.codec.http2.WeightedFairQueueByteDistributor
1228:            10            640  sun.reflect.generics.repository.MethodRepository
1229:             7            632  [Ljava.beans.PropertyDescriptor;
1230:            21            632  [Ljavax.management.MBeanNotificationInfo;
1231:            13            624  java.lang.invoke.SimpleMethodHandle
1232:             6            624  java.text.DateFormatSymbols
1233:            13            624  org.apache.commons.lang3.JavaVersion
1234:            13            624  org.eclipse.jetty.servlet.ServletMapping
1235:             3            616  [Lorg.apache.ratis.thirdparty.com.google.protobuf.Descriptors$Descriptor;
1236:            11            616  java.util.concurrent.SynchronousQueue$TransferStack$SNode
1237:            11            616  org.apache.ratis.thirdparty.io.netty.util.internal.RecyclableArrayList
1238:            19            608  org.apache.ratis.thirdparty.io.netty.channel.SucceededChannelFuture
1239:            15            600  com.fasterxml.jackson.core.JsonParser$Feature
1240:            25            600  com.sun.proxy.$Proxy42
1241:            25            600  java.time.LocalTime
1242:            15            600  java.util.regex.Pattern$7
1243:             3            600  org.apache.hadoop.thirdparty.com.google.common.cache.LocalCache
1244:            15            600  org.apache.ratis.util.SizeInBytes
1245:            25            600  org.apache.ratis.util.Timestamp
1246:            15            600  org.rocksdb.Status$Code
1247:            10            592  [Lorg.apache.hadoop.metrics2.MetricsInfo;
1248:             1            584  org.apache.hadoop.ozone.om.OzoneManager
1249:             9            576  com.codahale.metrics.JmxReporter$JmxListener
1250:             9            576  java.lang.invoke.BoundMethodHandle$Species_LL
1251:            18            576  java.text.DateFormat$Field
1252:             6            576  java.text.DecimalFormatSymbols
1253:             9            576  javassist.CtPrimitiveType
1254:             9            576  org.apache.ratis.metrics.dropwizard3.Dm3RatisMetricRegistryImpl
1255:            12            576  org.apache.ratis.thirdparty.com.google.protobuf.GeneratedMessageV3$FieldAccessorTable$SingularFieldAccessor
1256:            18            576  org.apache.ratis.thirdparty.io.netty.handler.codec.http2.DefaultHttp2Connection$DefaultStream$PropertyMap
1257:            18            576  org.eclipse.jetty.http.DateGenerator
1258:            18            576  org.eclipse.jetty.http.HttpFields
1259:             9            576  org.eclipse.jetty.http.HttpGenerator
1260:            12            576  org.eclipse.jetty.http.HttpHeaderValue
1261:             9            576  org.eclipse.jetty.http.MetaData$Request
1262:             9            576  org.eclipse.jetty.server.Utf8HttpWriter
1263:             4            576  org.eclipse.jetty.servlet.FilterHolder
1264:            12            576  sun.security.x509.CertificatePoliciesExtension
1265:             9            576  sun.util.locale.provider.LocaleResources$ResourceReference
1266:             7            560  com.sun.jmx.mbeanserver.DefaultMXBeanMappingFactory$CompositeMapping
1267:            14            560  io.netty.handler.codec.http2.HpackStaticTable$HeaderIndex
1268:            14            560  io.netty.handler.codec.http2.Http2Error
1269:             7            560  java.beans.BeanDescriptor
1270:            10            560  java.lang.OutOfMemoryError
1271:            10            560  javax.crypto.CryptoPermission
1272:            10            560  javax.management.MBeanConstructorInfo
1273:            10            560  javax.management.MBeanNotificationInfo
1274:             7            560  org.apache.logging.log4j.core.lookup.ConfigurationStrSubstitutor
1275:            10            560  org.apache.ratis.server.impl.WatchRequests$WatchQueue
1276:            14            560  org.apache.ratis.thirdparty.io.grpc.EquivalentAddressGroup
1277:            10            560  org.apache.ratis.thirdparty.io.grpc.Metadata$AsciiKey
1278:            10            560  org.apache.ratis.thirdparty.io.netty.handler.codec.http2.DefaultHttp2Connection$ActiveStreams
1279:            10            560  org.apache.ratis.thirdparty.io.netty.handler.codec.http2.DefaultHttp2Connection$ConnectionStream
1280:            10            560  org.apache.ratis.thirdparty.io.netty.handler.codec.http2.DefaultHttp2ConnectionEncoder
1281:            10            560  org.apache.ratis.thirdparty.io.netty.handler.codec.http2.DefaultHttp2FrameReader
1282:            10            560  org.apache.ratis.thirdparty.io.netty.handler.codec.http2.DefaultHttp2LocalFlowController
1283:            14            560  org.apache.ratis.thirdparty.io.netty.handler.codec.http2.HpackStaticTable$HeaderIndex
1284:            14            560  org.apache.ratis.thirdparty.io.netty.handler.codec.http2.Http2Error
1285:            14            560  org.apache.ratis.util.AutoCloseableReadWriteLock$$Lambda$473/1072699423
1286:             1            552  [Lorg.apache.hadoop.ozone.audit.OMAction;
1287:            23            552  org.eclipse.jetty.servlet.ServletHandler$ChainEnd
1288:             1            552  org.eclipse.jetty.webapp.WebAppContext
1289:             4            544  com.google.protobuf.DescriptorProtos$FileDescriptorProto
1290:             1            536  [Lio.netty.handler.codec.http2.HpackStaticTable$HeaderIndex;
1291:             1            536  [Lorg.apache.ratis.thirdparty.io.netty.handler.codec.http2.HpackStaticTable$HeaderIndex;
1292:            11            528  java.util.concurrent.SynchronousQueue
1293:            11            528  org.apache.ratis.thirdparty.io.netty.channel.DefaultChannelId
1294:            22            528  sun.reflect.generics.tree.TypeVariableSignature
1295:            13            520  java.lang.management.ManagementPermission
1296:             5            520  java.text.SimpleDateFormat
1297:            13            520  org.apache.hadoop.conf.Configuration$DeprecatedKeyInfo
1298:             5            520  org.eclipse.jetty.util.thread.ScheduledExecutorScheduler
1299:            16            512  [Ljava.lang.management.PlatformComponent;
1300:            16            512  com.google.protobuf.FieldSet
1301:            16            512  java.util.regex.Pattern$SingleI
1302:             8            512  org.apache.hadoop.ozone.om.lock.OzoneManagerLock$Resource
1303:            16            512  org.apache.ratis.util.JvmPauseMonitor$GcInfo
1304:            16            512  sun.misc.MetaIndex
1305:            16            512  sun.nio.ch.SocketOptionRegistry$RegistryKey
1306:            16            512  sun.security.x509.PolicyInformation
1307:             9            504  io.grpc.Metadata$AsciiKey
1308:             9            504  java.io.FileInputStream
1309:             3            504  java.net.SocksSocketImpl
1310:            21            504  java.time.format.DateTimeFormatterBuilder$CharLiteralPrinterParser
1311:            21            504  java.util.Collections$UnmodifiableCollection
1312:             3            504  java.util.jar.JarVerifier
1313:             9            504  java.util.logging.Level
1314:             9            504  org.apache.hadoop.metrics2.lib.MetricsSourceBuilder
1315:             9            504  org.apache.ratis.metrics.MetricRegistryInfo
1316:            21            504  org.apache.ratis.server.impl.StateMachineUpdater$$Lambda$505/1519183832
1317:             9            504  org.eclipse.jetty.http.HostPortHttpField
1318:             9            504  org.eclipse.jetty.server.HttpOutput$WriteBlocker
1319:             9            504  org.rocksdb.CompressionType
1320:             2            496  [Lcom.fasterxml.jackson.databind.DeserializationFeature;
1321:             9            496  [Ljava.lang.annotation.ElementType;
1322:            10            496  [Lorg.apache.ratis.util.LifeCycle$State;
1323:             1            488  org.apache.hadoop.ipc.Server$Listener
1324:            20            480  java.security.spec.ECFieldFp
1325:            12            480  java.util.Timer
1326:            12            480  org.apache.hadoop.ipc.protobuf.RpcHeaderProtos$RpcResponseHeaderProto$RpcErrorCodeProto
1327:             4            480  org.apache.ratis.thirdparty.io.grpc.internal.DelayedClientTransport$PendingStream
1328:            10            480  org.apache.ratis.thirdparty.io.grpc.netty.WriteQueue
1329:            10            480  org.apache.ratis.thirdparty.io.netty.channel.epoll.EpollRecvByteAllocatorStreamingHandle
1330:            10            480  org.apache.ratis.thirdparty.io.netty.handler.codec.http2.HpackDynamicTable
1331:            10            480  org.apache.ratis.thirdparty.io.netty.handler.codec.http2.HpackHuffmanEncoder
1332:            10            480  org.apache.ratis.thirdparty.io.netty.handler.codec.http2.HpackHuffmanEncoder$EncodeProcessor
1333:            12            480  org.eclipse.jetty.io.ManagedSelector$SelectorProducer
1334:            12            480  org.rocksdb.FlushReason
1335:            10            480  sun.reflect.generics.tree.MethodTypeSignature
1336:            10            480  sun.security.jca.ProviderConfig
1337:            12            480  sun.security.ssl.SignatureAndHashAlgorithm
1338:            20            480  sun.security.x509.CertificatePolicyId
1339:            10            480  sun.security.x509.ExtendedKeyUsageExtension
1340:             2            464  [Lcom.fasterxml.jackson.databind.SerializationFeature;
1341:             1            456  org.apache.hadoop.ipc.Server$Listener$Reader
1342:             1            456  org.apache.hadoop.ipc.Server$Responder
1343:            19            456  org.apache.hadoop.thirdparty.com.google.common.cache.LocalCache$StrongValueReference
1344:             3            456  sun.nio.ch.ServerSocketChannelImpl
1345:             4            448  com.fasterxml.jackson.databind.cfg.BaseSettings
1346:             7            448  io.netty.handler.codec.DefaultHeaders$HeaderEntry
1347:             7            448  java.beans.GenericBeanInfo
1348:             8            448  java.io.DataInputStream
1349:             8            448  java.lang.ClassValue$Entry
1350:            14            448  java.lang.invoke.LambdaFormEditor$Transform$Kind
1351:            14            448  javax.management.StandardMBean
1352:             2            448  org.apache.hadoop.hdds.security.SecurityConfig
1353:             8            448  org.apache.hadoop.metrics2.util.SampleQuantiles
1354:             4            448  org.apache.ratis.server.impl.FollowerInfoImpl
1355:            14            448  org.apache.ratis.thirdparty.io.grpc.ServerInterceptors$InterceptCallHandler
1356:            14            448  org.apache.ratis.thirdparty.io.grpc.ServerMethodDefinition
1357:             8            448  org.apache.ratis.thirdparty.io.grpc.internal.BackoffPolicyRetryScheduler
1358:             4            448  org.apache.ratis.thirdparty.io.grpc.internal.DelayedClientTransport
1359:             4            448  org.apache.ratis.thirdparty.io.grpc.netty.NettyChannelBuilder$NettyTransportFactory
1360:             7            448  org.apache.ratis.thirdparty.io.netty.handler.codec.DefaultHeaders$HeaderEntry
1361:             8            448  org.apache.ratis.thirdparty.io.netty.handler.codec.http2.DefaultHttp2LocalFlowController$DefaultState
1362:             8            448  org.apache.ratis.thirdparty.io.netty.handler.codec.http2.StreamBufferingEncoder
1363:             8            448  org.apache.ratis.thirdparty.io.netty.util.internal.ObjectPool$RecyclerObjectPool$1
1364:            14            448  org.eclipse.jetty.servlet.ServletHolder$Config
1365:             7            448  org.eclipse.jetty.util.TreeTrie
1366:             8            448  sun.misc.ProxyGenerator$PrimitiveTypeInfo
1367:             8            448  sun.security.ssl.SignatureAndHashAlgorithm$HashAlgorithm
1368:             5            440  com.fasterxml.jackson.databind.introspect.BasicBeanDescription
1369:             1            440  java.lang.ref.Finalizer$FinalizerThread
1370:            11            440  java.util.Random
1371:             1            440  java.util.logging.LogManager$Cleaner
1372:            11            440  java.util.regex.Pattern$3
1373:             1            440  org.apache.hadoop.metrics2.impl.MetricsSinkAdapter$1
1374:             1            440  org.apache.hadoop.util.Daemon
1375:            11            440  org.apache.logging.log4j.core.pattern.PatternFormatter
1376:            11            440  org.apache.ratis.thirdparty.io.netty.channel.AdaptiveRecvByteBufAllocator
1377:             9            432  com.codahale.metrics.JmxReporter$MetricTimeUnits
1378:             3            432  com.fasterxml.jackson.databind.DeserializationConfig
1379:             9            432  java.lang.ClassLoader$NativeLibrary
1380:             1            432  java.lang.ref.Reference$ReferenceHandler
1381:             9            432  java.nio.file.attribute.FileTime
1382:             6            432  java.util.Collections$SingletonMap
1383:            18            432  java.util.regex.Pattern$CharPropertyNames$4
1384:            18            432  org.apache.hadoop.hdds.utils.db.Proto2Codec
1385:             1            432  org.apache.hadoop.ozone.util.ShutdownHookManager$1
1386:            18            432  org.apache.hadoop.thirdparty.protobuf.UnknownFieldSet$Field$Builder
1387:             1            432  org.apache.hadoop.util.ShutdownHookManager$1
1388:            18            432  org.apache.ratis.protocol.RaftPeer$$Lambda$195/197107207
1389:             9            432  org.apache.ratis.thirdparty.io.grpc.LoadBalancer$PickResult
1390:             6            432  org.apache.ratis.thirdparty.io.netty.channel.DefaultChannelPromise
1391:             9            432  org.eclipse.jetty.io.ChannelEndPoint$1
1392:             9            432  org.eclipse.jetty.io.ChannelEndPoint$2
1393:             9            432  org.eclipse.jetty.io.ChannelEndPoint$3
1394:            18            432  sun.nio.ch.Util$2
1395:            13            416  com.fasterxml.jackson.databind.type.LogicalType
1396:            13            416  org.apache.log4j.Level
1397:            13            416  org.eclipse.jetty.http.pathmap.MappedResource
1398:             8            408  [Ljava.lang.invoke.LambdaForm$BasicType;
1399:             3            408  com.fasterxml.jackson.databind.deser.DefaultDeserializationContext$Impl
1400:             3            408  com.fasterxml.jackson.databind.ser.DefaultSerializerProvider$Impl
1401:            17            408  io.netty.channel.$Proxy48
1402:            17            408  org.apache.ratis.thirdparty.io.netty.channel.$Proxy41
1403:            17            408  sun.invoke.util.ValueConversions$WrapperCache
1404:            10            400  [Lorg.apache.ratis.thirdparty.com.google.common.cache.Striped64$Cell;
1405:             2            400  [Lorg.eclipse.jetty.http.HttpParser$State;
1406:            10            400  com.fasterxml.jackson.core.JsonGenerator$Feature
1407:             2            400  com.google.common.cache.LocalCache
1408:             5            400  com.google.protobuf.DescriptorProtos$FieldOptions
1409:             2            400  org.apache.ratis.server.impl.LeaderStateImpl
1410:            10            400  org.apache.ratis.thirdparty.io.grpc.netty.Utils$FlowControlReader
1411:            10            400  org.apache.ratis.thirdparty.io.netty.handler.codec.http2.DefaultHttp2HeadersEncoder
1412:            10            400  org.apache.ratis.thirdparty.io.netty.handler.codec.http2.DefaultHttp2RemoteFlowController$WritabilityMonitor
1413:            10            400  org.apache.ratis.thirdparty.io.netty.handler.codec.http2.Http2FrameLogger
1414:            10            400  org.eclipse.jetty.http.HttpCompliance
1415:            10            400  sun.security.x509.Extension
1416:             7            392  org.apache.hadoop.ozone.om.upgrade.OMLayoutFeature
1417:             6            384  [Ljava.lang.invoke.BoundMethodHandle$SpeciesData;
1418:             3            384  com.fasterxml.jackson.databind.ObjectMapper
1419:             3            384  com.fasterxml.jackson.databind.SerializationConfig
1420:             6            384  com.fasterxml.jackson.databind.introspect.AnnotatedMethod
1421:             4            384  com.fasterxml.jackson.databind.type.MapType
1422:             4            384  com.google.protobuf.DescriptorProtos$FileOptions
1423:             4            384  com.google.protobuf.GeneratedMessage$FieldAccessorTable$RepeatedFieldAccessor
1424:             6            384  java.nio.DirectLongBufferU
1425:             6            384  java.text.DigitList
1426:            12            384  java.util.TaskQueue
1427:             8            384  java.util.concurrent.Semaphore$NonfairSync
1428:            12            384  org.apache.hadoop.thirdparty.com.google.common.cache.LocalCache$WriteQueue$1
1429:             8            384  org.apache.logging.log4j.core.lookup.Interpolator
1430:             4            384  org.apache.ratis.grpc.metrics.GrpcServerMetrics
1431:            12            384  org.apache.ratis.retry.MultipleLinearRandomRetry$Pair
1432:            12            384  org.apache.ratis.thirdparty.io.grpc.ConnectivityStateInfo
1433:             8            384  org.apache.ratis.thirdparty.io.grpc.internal.AutoConfiguredLoadBalancerFactory$AutoConfiguredLoadBalancer
1434:            12            384  org.apache.ratis.thirdparty.io.grpc.internal.ChannelLoggerImpl
1435:             8            384  org.apache.ratis.thirdparty.io.grpc.internal.PickFirstLoadBalancer
1436:             8            384  org.apache.ratis.thirdparty.io.grpc.internal.RetryingNameResolver
1437:             8            384  org.apache.ratis.thirdparty.io.grpc.netty.ClientTransportLifecycleManager
1438:             8            384  org.apache.ratis.thirdparty.io.grpc.stub.ClientCalls$CallToStreamObserverAdapter
1439:             8            384  org.apache.ratis.thirdparty.io.netty.handler.codec.http2.DefaultHttp2Connection$DefaultStream
1440:            16            384  org.apache.ratis.thirdparty.io.netty.handler.codec.http2.Http2Flags
1441:            12            384  org.eclipse.jetty.server.HttpChannelState$Action
1442:             3            384  org.eclipse.jetty.server.session.DefaultSessionCache
1443:             3            384  org.eclipse.jetty.util.resource.JarFileResource
1444:            16            384  sun.nio.ch.OptionKey
1445:             8            384  sun.security.x509.NetscapeCertTypeExtension
1446:            12            376  [Lorg.apache.ratis.thirdparty.com.google.protobuf.Descriptors$OneofDescriptor;
1447:             4            368  [Lcom.fasterxml.jackson.databind.cfg.CoercionAction;
1448:             2            368  [Lio.netty.util.concurrent.EventExecutor;
1449:             2            368  [Ljava.text.DateFormat$Field;
1450:            11            360  [Lcom.fasterxml.jackson.databind.JavaType;
1451:             5            360  com.google.common.io.BaseEncoding$Alphabet
1452:             9            360  com.google.protobuf.Descriptors$FieldDescriptor$JavaType
1453:             9            360  com.google.protobuf.WireFormat$JavaType
1454:             5            360  java.lang.invoke.BoundMethodHandle$SpeciesData
1455:             9            360  jdk.internal.org.objectweb.asm.Type
1456:             9            360  org.apache.hadoop.util.CacheMetrics$CacheMetricsInfo
1457:             5            360  org.apache.logging.log4j.core.config.Node
1458:             3            360  org.apache.ratis.proto.RaftProtos$RaftRpcRequestProto
1459:             5            360  org.apache.ratis.thirdparty.com.google.common.io.BaseEncoding$Alphabet
1460:             9            360  org.apache.ratis.thirdparty.com.google.protobuf.Descriptors$FieldDescriptor$JavaType
1461:             9            360  org.apache.ratis.thirdparty.com.google.protobuf.WireFormat$JavaType
1462:             9            360  org.eclipse.jetty.io.AbstractEndPoint$2
1463:             9            360  org.eclipse.jetty.util.Utf8StringBuilder
1464:             9            360  org.rocksdb.Status$SubCode
1465:             5            360  sun.management.MemoryPoolImpl
1466:             9            360  sun.security.x509.AccessDescription
1467:             9            360  sun.util.logging.PlatformLogger$Level
1468:            11            352  com.fasterxml.jackson.annotation.JsonFormat$Shape
1469:             4            352  com.fasterxml.jackson.core.sym.ByteQuadsCanonicalizer
1470:             4            352  com.fasterxml.jackson.core.sym.CharsToNameCanonicalizer
1471:            11            352  java.net.StandardSocketOptions$StdSocketOption
1472:            11            352  java.util.Comparator$$Lambda$451/1577726027
1473:             4            352  javax.management.openmbean.OpenMBeanOperationInfoSupport
1474:             4            352  org.apache.hadoop.ipc.Client$ConnectionId
1475:            11            352  org.apache.logging.log4j.MarkerManager$Log4jMarker
1476:             4            352  org.apache.ratis.thirdparty.io.grpc.internal.ManagedChannelOrphanWrapper$ManagedChannelReference
1477:            11            352  org.apache.ratis.thirdparty.io.netty.channel.epoll.LinuxSocket
1478:            11            352  org.apache.ratis.util.LifeCycle
1479:            11            352  org.bouncycastle.jcajce.provider.asymmetric.ec.KeyFactorySpi$EC
1480:            11            352  org.eclipse.jetty.http.HttpTokens$Type
1481:            11            352  org.eclipse.jetty.http.HttpURI$State
1482:             4            352  org.eclipse.jetty.util.MultiMap
1483:            11            352  org.eclipse.jetty.util.thread.Locker
1484:             7            344  [Ljava.lang.invoke.LambdaForm$NamedFunction;
1485:             1            344  [Lorg.eclipse.jetty.http.HttpMethod;
1486:             3            344  [[J
1487:             2            336  [Lcom.google.protobuf.DescriptorProtos$FieldDescriptorProto$Type;
1488:             2            336  [Lcom.google.protobuf.WireFormat$FieldType;
1489:             2            336  [Lorg.apache.ratis.thirdparty.com.google.protobuf.DescriptorProtos$FieldDescriptorProto$Type;
1490:             2            336  [Lorg.apache.ratis.thirdparty.com.google.protobuf.Descriptors$FieldDescriptor$Type;
1491:             2            336  [Lorg.apache.ratis.thirdparty.com.google.protobuf.WireFormat$FieldType;
1492:            14            336  com.sun.proxy.$Proxy12
1493:            14            336  com.sun.proxy.$Proxy27
1494:             6            336  java.lang.invoke.LambdaForm$BasicType
1495:             1            336  java.util.concurrent.ForkJoinPool
1496:             6            336  org.apache.hadoop.metrics2.lib.MethodMetric
1497:             6            336  org.apache.hadoop.ozone.protocol.proto.OzoneManagerProtocolProtos$ListStatusResponse
1498:            14            336  org.apache.ratis.server.raftlog.segmented.SegmentedRaftLogCache$LogSegmentList$$Lambda$472/1306919416
1499:             2            336  org.apache.ratis.thirdparty.com.google.protobuf.DescriptorProtos$FileOptions
1500:             6            336  org.apache.ratis.thirdparty.io.netty.buffer.UnpooledSlicedByteBuf
1501:             7            336  org.apache.ratis.util.TimeDuration$Abbreviation
1502:             6            336  org.apache.ratis.util.TraditionalBinaryPrefix
1503:             6            336  org.bouncycastle.jcajce.provider.config.ProviderConfigurationPermission
1504:             3            336  sun.nio.ch.FileChannelImpl
1505:             1            328  org.apache.logging.log4j.core.config.properties.PropertiesConfiguration
1506:             2            320  [Lio.grpc.Status$Code;
1507:             2            320  [Lorg.apache.ratis.thirdparty.io.grpc.Status$Code;
1508:             1            320  [[Ljava.math.BigInteger;
1509:            10            320  com.fasterxml.jackson.databind.cfg.CoercionInputShape
1510:             5            320  com.google.common.cache.AbstractCache$SimpleStatsCounter
1511:             8            320  com.google.protobuf.Descriptors$DescriptorPool$PackageDescriptor
1512:             2            320  com.lmax.disruptor.RingBuffer
1513:            10            320  java.lang.annotation.ElementType
1514:             8            320  java.math.RoundingMode
1515:            10            320  java.nio.file.StandardOpenOption
1516:            10            320  java.security.CryptoPrimitive
1517:            10            320  org.apache.commons.configuration2.event.EventType
1518:             8            320  org.apache.hadoop.conf.Configuration$DeprecationDelta
1519:             8            320  org.apache.hadoop.fs.permission.FsAction
1520:            10            320  org.apache.hadoop.hdds.protocol.DatanodeDetails$Port$Name
1521:             4            320  org.apache.hadoop.ipc.ProtobufRpcEngine$Invoker
1522:             8            320  org.apache.hadoop.metrics2.impl.MsInfo
1523:             8            320  org.apache.logging.log4j.Level
1524:             8            320  org.apache.logging.log4j.spi.StandardLevel
1525:             4            320  org.apache.ratis.grpc.server.GrpcLogAppender$AppendEntriesRequest
1526:             4            320  org.apache.ratis.proto.RaftProtos$CommitInfoProto$Builder
1527:             8            320  org.apache.ratis.proto.RaftProtos$InstallSnapshotResult
1528:             8            320  org.apache.ratis.proto.RaftProtos$RaftClientRequestProto$TypeCase
1529:             8            320  org.apache.ratis.server.impl.RaftConfigurationImpl
1530:             5            320  org.apache.ratis.thirdparty.com.google.common.cache.AbstractCache$SimpleStatsCounter
1531:             4            320  org.apache.ratis.thirdparty.com.google.protobuf.SmallSortedMap$1
1532:             8            320  org.apache.ratis.thirdparty.io.grpc.LoadBalancer$CreateSubchannelArgs
1533:             4            320  org.apache.ratis.thirdparty.io.grpc.NameResolver$Args
1534:             4            320  org.apache.ratis.thirdparty.io.grpc.StatusException
1535:             8            320  org.apache.ratis.thirdparty.io.grpc.internal.CallCredentialsApplyingTransportFactory
1536:             8            320  org.apache.ratis.thirdparty.io.grpc.internal.ClientCallImpl$ClientStreamListenerImpl
1537:             8            320  org.apache.ratis.thirdparty.io.grpc.internal.InternalSubchannel$TransportListener
1538:             8            320  org.apache.ratis.thirdparty.io.grpc.internal.ManagedChannelImpl$NameResolverListener
1539:             8            320  org.apache.ratis.thirdparty.io.grpc.internal.SerializingExecutor
1540:             8            320  org.apache.ratis.thirdparty.io.grpc.netty.GrpcHttp2HeadersUtils$GrpcHttp2ClientHeadersDecoder
1541:             2            320  org.apache.ratis.thirdparty.io.grpc.netty.NettyServerTransport
1542:             8            320  org.apache.ratis.thirdparty.io.grpc.stub.ClientCalls$StreamObserverToCallListenerAdapter
1543:            10            320  org.apache.ratis.thirdparty.io.grpc.stub.ServerCalls$UnaryServerCallHandler
1544:            10            320  org.apache.ratis.thirdparty.io.netty.handler.codec.http2.DefaultHttp2Connection$PropertyKeyRegistry
1545:            10            320  org.apache.ratis.thirdparty.io.netty.handler.codec.http2.DefaultHttp2FrameWriter
1546:            10            320  org.apache.ratis.thirdparty.io.netty.handler.codec.http2.HpackHuffmanDecoder
1547:            10            320  org.apache.ratis.thirdparty.io.netty.handler.codec.http2.HpackHuffmanEncoder$EncodedLengthProcessor
1548:            10            320  org.apache.ratis.thirdparty.io.netty.handler.codec.http2.Http2ConnectionHandler$FrameDecoder
1549:            10            320  org.apache.ratis.thirdparty.io.netty.handler.codec.http2.Http2InboundFrameLogger
1550:            10            320  org.apache.ratis.thirdparty.io.netty.handler.codec.http2.Http2OutboundFrameLogger
1551:            10            320  org.eclipse.jetty.http.pathmap.MatchedPath$2
1552:             5            320  sun.management.MemoryPoolImpl$CollectionSensor
1553:             5            320  sun.management.MemoryPoolImpl$PoolSensor
1554:             4            320  sun.misc.URLClassPath
1555:            10            320  sun.reflect.generics.scope.MethodScope
1556:             5            320  sun.security.provider.DSAPublicKeyImpl
1557:            13            312  java.util.Comparator$$Lambda$447/1044396326
1558:            13            312  java.util.Comparator$$Lambda$449/676971700
1559:            13            312  java.util.concurrent.ConcurrentHashMap$ValuesView
1560:            13            312  org.apache.commons.lang3.text.translate.AggregateTranslator
1561:             3            312  sun.security.provider.NativePRNG$RandomIO
1562:             1            304  org.apache.hadoop.ipc.ProtobufRpcEngine$Server
1563:             2            304  org.apache.ratis.thirdparty.com.google.protobuf.DescriptorProtos$FileDescriptorProto
1564:             2            288  [Lorg.eclipse.jetty.http.HttpComplianceSection;
1565:             9            288  com.codahale.metrics.JmxReporter
1566:             9            288  com.codahale.metrics.MetricRegistry
1567:             3            288  com.fasterxml.jackson.databind.MappingJsonFactory
1568:            12            288  com.sun.proxy.$Proxy1
1569:             6            288  io.netty.handler.codec.http2.Http2Headers$PseudoHeaderName
1570:             3            288  java.lang.ClassValue$ClassValueMap
1571:             4            288  java.lang.invoke.MethodHandleImpl$AsVarargsCollector
1572:             4            288  java.net.NetworkInterface
1573:             9            288  java.nio.file.attribute.PosixFilePermission
1574:            12            288  java.util.Timer$1
1575:             4            288  java.util.concurrent.ArrayBlockingQueue
1576:             9            288  java.util.logging.Level$KnownLevel
1577:             9            288  org.apache.commons.logging.impl.Log4JLogger
1578:             6            288  org.apache.hadoop.hdds.scm.proxy.SCMProxyInfo
1579:             9            288  org.apache.hadoop.hdds.server.http.RatisDropwizardExports
1580:             9            288  org.apache.hadoop.ipc.ProcessingDetails$Timing
1581:             6            288  org.apache.hadoop.ozone.OzoneManagerVersion
1582:             9            288  org.apache.hadoop.ozone.security.acl.IAccessAuthorizer$ACLType
1583:             6            288  org.apache.hadoop.security.UserGroupInformation$AuthenticationMethod
1584:            12            288  org.apache.hadoop.thirdparty.com.google.common.cache.LocalCache$WriteQueue
1585:             9            288  org.apache.ratis.metrics.RatisMetrics$$Lambda$346/1673358999
1586:             9            288  org.apache.ratis.metrics.dropwizard3.RefCountingMap$Payload
1587:             3            288  org.apache.ratis.proto.RaftProtos$AppendEntriesReplyProto
1588:             3            288  org.apache.ratis.proto.RaftProtos$AppendEntriesRequestProto
1589:             2            288  org.apache.ratis.proto.RaftProtos$RaftRpcRequestProto$Builder
1590:             4            288  org.apache.ratis.thirdparty.com.google.common.collect.MapMakerInternalMap$WeakKeyDummyValueSegment
1591:             4            288  org.apache.ratis.thirdparty.io.grpc.internal.Rescheduler
1592:             9            288  org.apache.ratis.thirdparty.io.grpc.internal.StatsTraceContext
1593:             6            288  org.apache.ratis.thirdparty.io.netty.handler.codec.http2.Http2Headers$PseudoHeaderName
1594:             6            288  org.apache.ratis.util.AwaitForSignal
1595:             9            288  org.eclipse.jetty.http.HttpGenerator$Result
1596:             9            288  org.eclipse.jetty.io.AbstractEndPoint$1
1597:             1            288  org.eclipse.jetty.server.ServerConnector
1598:             3            288  org.eclipse.jetty.server.session.NullSessionDataStore
1599:             9            288  org.eclipse.jetty.util.ByteArrayOutputStream2
1600:             9            288  org.eclipse.jetty.util.HostPort
1601:             9            288  org.eclipse.jetty.util.SharedBlockingCallback$Blocker
1602:             6            288  sun.reflect.UnsafeQualifiedObjectFieldAccessorImpl
1603:             2            288  sun.security.jgss.SunProvider
1604:             2            288  sun.security.provider.Sun
1605:             6            288  sun.security.util.MemoryCache
1606:             1            280  [Lcom.fasterxml.jackson.databind.MapperFeature;
1607:             9            280  [Ljava.security.CodeSigner;
1608:             1            280  [Ljava.util.concurrent.ForkJoinTask$ExceptionNode;
1609:             7            280  [Lorg.apache.ratis.thirdparty.io.netty.util.concurrent.GenericFutureListener;
1610:             7            280  io.netty.handler.codec.http2.Http2Stream$State
1611:             5            280  java.lang.RuntimeException
1612:             7            280  java.net.NetPermission
1613:             5            280  java.util.stream.StreamOpFlag
1614:             7            280  org.apache.hadoop.hdds.protocol.proto.HddsProtos$LifeCycleState
1615:             5            280  org.apache.ratis.proto.RaftProtos$RaftGroupIdProto
1616:             7            280  org.apache.ratis.protocol.RaftPeerId
1617:             5            280  org.apache.ratis.thirdparty.io.grpc.Metadata$TrustedAsciiKey
1618:             7            280  org.apache.ratis.thirdparty.io.netty.handler.codec.http2.Http2Stream$State
1619:             7            280  org.eclipse.jetty.webapp.ClasspathPattern$ClassEntry
1620:             7            280  sun.reflect.UnsafeLongFieldAccessorImpl
1621:             2            272  [Lio.netty.handler.codec.http2.Http2Error;
1622:             2            272  [Lorg.apache.ratis.thirdparty.io.grpc.internal.GrpcUtil$Http2Error;
1623:             2            272  [Lorg.apache.ratis.thirdparty.io.netty.handler.codec.http2.Http2Error;
1624:             2            272  org.apache.ratis.proto.RaftProtos$AppendEntriesRequestProto$Builder
1625:             2            264  [Ljava.math.BigDecimal;
1626:             1            264  [Ljava.time.temporal.ChronoField;
1627:             3            264  [Lorg.apache.hadoop.fs.permission.FsAction;
1628:            11            264  com.sun.proxy.$Proxy30
1629:            11            264  com.sun.proxy.$Proxy31
1630:             3            264  javax.management.openmbean.TabularType
1631:             1            264  org.apache.hadoop.ozone.om.OmMetadataManagerImpl
1632:            11            264  org.apache.logging.log4j.core.impl.ThreadContextDataInjector$ForDefaultThreadContextMap
1633:            11            264  org.apache.logging.log4j.core.util.datetime.FastDateParser$NumberStrategy
1634:            11            264  org.apache.ratis.thirdparty.io.grpc.Attributes
1635:            11            264  org.apache.ratis.thirdparty.io.netty.channel.DefaultMaxMessagesRecvByteBufAllocator$MaxMessageHandle$1
1636:            11            264  org.apache.ratis.thirdparty.io.netty.channel.VoidChannelPromise$1
1637:            11            264  org.apache.ratis.thirdparty.io.netty.channel.epoll.AbstractEpollChannel$AbstractEpollUnsafe$1
1638:            11            264  org.apache.ratis.thirdparty.io.netty.channel.epoll.EpollRecvByteAllocatorHandle$1
1639:            11            264  org.apache.ratis.thirdparty.io.netty.channel.unix.PreferredDirectByteBufAllocator
1640:            11            264  org.eclipse.jetty.util.AtomicBiInteger
1641:            11            264  org.eclipse.jetty.util.thread.Locker$Lock
1642:             3            264  sun.nio.cs.StreamEncoder
1643:             8            256  [Lorg.apache.ratis.thirdparty.io.grpc.ClientStreamTracer;
1644:             8            256  com.fasterxml.jackson.annotation.JsonFormat$Feature
1645:             4            256  com.fasterxml.jackson.core.Base64Variant
1646:             8            256  com.fasterxml.jackson.databind.util.LRUMap
1647:             8            256  com.google.common.util.concurrent.Striped$CompactStriped
1648:             8            256  java.lang.invoke.MethodHandleImpl$Intrinsic
1649:             8            256  javax.crypto.CryptoPermissionCollection
1650:             8            256  jdk.net.SocketFlow$Status
1651:             8            256  org.apache.hadoop.metrics2.impl.MetricGaugeFloat
1652:             4            256  org.apache.hadoop.thirdparty.com.google.common.collect.MapMakerInternalMap$StrongKeyDummyValueSegment
1653:             2            256  org.apache.logging.log4j.core.config.LoggerConfig
1654:             1            256  org.apache.logging.log4j.core.config.NullConfiguration
1655:             8            256  org.apache.logging.log4j.core.lookup.PropertiesLookup
1656:            16            256  org.apache.logging.log4j.core.lookup.SystemPropertiesLookup
1657:             4            256  org.apache.ratis.proto.RaftProtos$RaftGroupIdProto$Builder
1658:             8            256  org.apache.ratis.protocol.RaftClientRequest$Type
1659:             8            256  org.apache.ratis.server.impl.TransferLeadership$Result$Type
1660:             4            256  org.apache.ratis.thirdparty.com.google.protobuf.GeneratedMessageV3$FieldAccessorTable$SingularStringFieldAccessor
1661:             8            256  org.apache.ratis.thirdparty.io.grpc.internal.AtomicBackoff$State
1662:             8            256  org.apache.ratis.thirdparty.io.grpc.internal.InternalSubchannel$1
1663:             8            256  org.apache.ratis.thirdparty.io.grpc.internal.InternalSubchannel$CallTracingTransport
1664:             8            256  org.apache.ratis.thirdparty.io.grpc.internal.InternalSubchannel$CallTracingTransport$1
1665:             8            256  org.apache.ratis.thirdparty.io.grpc.internal.InternalSubchannel$CallTracingTransport$1$1
1666:             8            256  org.apache.ratis.thirdparty.io.grpc.internal.InternalSubchannel$Index
1667:             8            256  org.apache.ratis.thirdparty.io.grpc.internal.ManagedChannelImpl$ExecutorHolder
1668:             8            256  org.apache.ratis.thirdparty.io.grpc.internal.ManagedChannelImpl$LbHelperImpl
1669:             8            256  org.apache.ratis.thirdparty.io.grpc.internal.ManagedChannelImpl$SubchannelImpl$1ManagedInternalSubchannelCallback
1670:             8            256  org.apache.ratis.thirdparty.io.grpc.internal.PickFirstLoadBalancer$1
1671:             8            256  org.apache.ratis.thirdparty.io.grpc.internal.RetryingNameResolver$RetryingListener
1672:             8            256  org.apache.ratis.thirdparty.io.grpc.netty.NettyChannelBuilder$NettyTransportFactory$1
1673:             8            256  org.apache.ratis.thirdparty.io.grpc.netty.NettyClientHandler$1
1674:             8            256  org.apache.ratis.thirdparty.io.grpc.netty.NettyClientHandler$2
1675:             8            256  org.apache.ratis.thirdparty.io.grpc.netty.NettyClientHandler$FrameListener
1676:             8            256  org.apache.ratis.thirdparty.io.grpc.netty.NettyClientHandler$PingCountingFrameWriter
1677:             8            256  org.apache.ratis.thirdparty.io.netty.util.Recycler$2
1678:             4            256  org.apache.ratis.util.DataQueue
1679:             8            256  org.apache.ratis.util.LifeCycle$State
1680:             4            256  org.apache.ratis.util.TimeoutTimer$Task
1681:             4            256  org.eclipse.jetty.http.HttpVersion
1682:             8            256  org.eclipse.jetty.server.HttpChannelState$RequestState
1683:             8            256  org.eclipse.jetty.util.ArrayTernaryTrie$Growing
1684:             2            240  [Lorg.apache.hadoop.ipc.protobuf.RpcHeaderProtos$RpcResponseHeaderProto$RpcErrorCodeProto;
1685:            10            240  [Lsun.reflect.generics.tree.TypeSignature;
1686:             5            240  com.fasterxml.jackson.core.JsonEncoding
1687:             6            240  com.fasterxml.jackson.databind.PropertyName
1688:             3            240  com.google.protobuf.Descriptors$FileDescriptor
1689:             1            240  io.grpc.netty.NettyServer
1690:             5            240  io.netty.handler.codec.http.HttpStatusClass
1691:             5            240  java.io.BufferedInputStream
1692:             6            240  java.io.BufferedOutputStream
1693:             6            240  java.time.format.TextStyle
1694:            10            240  java.util.Formatter$Flags
1695:            10            240  java.util.TreeMap$KeySet
1696:             5            240  javax.management.StandardEmitterMBean
1697:             3            240  org.apache.hadoop.conf.Configuration
1698:             3            240  org.apache.hadoop.hdds.conf.OzoneConfiguration
1699:             6            240  org.apache.hadoop.ipc.RPC$Server$ProtoClassProtoImpl
1700:             6            240  org.apache.hadoop.ipc.protobuf.RpcHeaderProtos$RpcSaslProto$SaslState
1701:             5            240  org.apache.hadoop.ozone.ClientVersion
1702:             3            240  org.apache.hadoop.ozone.om.helpers.OMNodeDetails
1703:             6            240  org.apache.hadoop.ozone.protocol.proto.OzoneManagerProtocolProtos$SnapshotDiffResponse$JobStatusProto
1704:             5            240  org.apache.hadoop.security.SaslRpcServer$AuthMethod
1705:             5            240  org.apache.log4j.helpers.PatternParser$LiteralPatternConverter
1706:             3            240  org.apache.ratis.proto.RaftProtos$RaftConfigurationProto
1707:             3            240  org.apache.ratis.proto.RaftProtos$RaftRpcReplyProto
1708:             6            240  org.apache.ratis.server.impl.FollowerState$UpdateType
1709:             6            240  org.apache.ratis.server.leader.LeaderState$StepDownReason
1710:             3            240  org.apache.ratis.thirdparty.com.google.protobuf.CodedInputStream$ArrayDecoder
1711:             1            240  org.apache.ratis.thirdparty.io.grpc.netty.NettyServer
1712:            10            240  org.apache.ratis.thirdparty.io.grpc.netty.WriteQueue$1
1713:            10            240  org.apache.ratis.thirdparty.io.netty.channel.epoll.AbstractEpollStreamChannel$1
1714:             5            240  org.apache.ratis.thirdparty.io.netty.handler.codec.http.HttpStatusClass
1715:            10            240  org.apache.ratis.thirdparty.io.netty.handler.codec.http2.DefaultHttp2ConnectionDecoder$FrameReadListener
1716:            10            240  org.apache.ratis.thirdparty.io.netty.handler.codec.http2.DefaultHttp2LocalFlowController$1
1717:            10            240  org.apache.ratis.thirdparty.io.netty.handler.codec.http2.DefaultHttp2RemoteFlowController$1
1718:            10            240  org.apache.ratis.thirdparty.io.netty.handler.codec.http2.WeightedFairQueueByteDistributor$1
1719:            10            240  org.apache.ratis.thirdparty.io.netty.util.collection.CharObjectHashMap$1
1720:            10            240  org.apache.ratis.thirdparty.io.netty.util.collection.CharObjectHashMap$EntrySet
1721:            10            240  org.apache.ratis.thirdparty.io.netty.util.collection.CharObjectHashMap$KeySet
1722:             6            240  org.eclipse.jetty.http.HttpURI$Violation
1723:             3            240  org.eclipse.jetty.server.SymlinkAllowedResourceAliasChecker
1724:             6            240  org.eclipse.jetty.util.statistic.CounterStatistic
1725:             5            240  sun.security.ssl.SignatureAndHashAlgorithm$SignatureAlgorithm
1726:             5            240  sun.security.x509.AuthorityInfoAccessExtension
1727:             5            240  sun.util.locale.provider.LocaleProviderAdapter$Type
1728:             6            232  [Ljava.lang.management.MemoryManagerMXBean;
1729:             4            232  [Lsun.invoke.util.ValueConversions$WrapperCache;
1730:             1            232  org.apache.ratis.server.impl.RaftServerImpl
1731:             4            224  [Ljava.lang.CharSequence;
1732:             4            224  [Ljava.lang.invoke.LambdaFormEditor$Transform;
1733:             4            224  [Lorg.apache.ratis.thirdparty.com.google.common.cache.LocalCache$Segment;
1734:             7            224  com.fasterxml.jackson.annotation.JsonInclude$Include
1735:             7            224  com.fasterxml.jackson.annotation.PropertyAccessor
1736:             4            224  com.fasterxml.jackson.core.sym.ByteQuadsCanonicalizer$TableInfo
1737:             4            224  com.fasterxml.jackson.databind.ser.impl.ReadOnlyClassToSerializerMap$Bucket
1738:             7            224  com.sun.management.VMOption$Origin
1739:             4            224  io.grpc.Metadata$TrustedAsciiKey
1740:             4            224  io.netty.util.internal.ObjectPool$RecyclerObjectPool$1
1741:             1            224  org.apache.hadoop.ozone.om.OMPerformanceMetrics
1742:             2            224  org.apache.ratis.proto.RaftProtos$AppendEntriesReplyProto$Builder
1743:             7            224  org.apache.ratis.proto.grpc.AdminProtocolServiceGrpc$MethodHandlers
1744:             7            224  org.apache.ratis.server.impl.LeaderElection$Result
1745:             4            224  org.apache.ratis.server.leader.LogAppenderDaemon
1746:             7            224  org.apache.ratis.thirdparty.io.netty.util.concurrent.DefaultFutureListeners
1747:             2            224  org.eclipse.jetty.servlet.DefaultServlet
1748:             7            224  org.eclipse.jetty.util.IteratingCallback$State
1749:             7            224  sun.security.x509.NetscapeCertTypeExtension$MapEntry
1750:             5            216  [Ljava.lang.management.MemoryPoolMXBean;
1751:             1            216  [Ljava.time.LocalTime;
1752:             1            216  [Lorg.apache.hadoop.metrics2.source.JvmMetricsInfo;
1753:             3            216  com.fasterxml.jackson.databind.PropertyMetadata
1754:             9            216  com.sun.proxy.$Proxy10
1755:             3            216  javax.net.ssl.SSLParameters
1756:             9            216  org.apache.hadoop.hdds.server.http.RatisNameRewriteSampleBuilder
1757:             9            216  org.apache.hadoop.metrics2.lib.MetricsSourceBuilder$1
1758:             9            216  org.apache.logging.log4j.core.lookup.JmxRuntimeInputArgumentsLookup
1759:             9            216  org.apache.logging.log4j.core.lookup.MapLookup
1760:             9            216  org.apache.ratis.metrics.MetricRegistryInfo$$Lambda$328/1398338148
1761:             9            216  org.apache.ratis.thirdparty.io.grpc.Attributes$Key
1762:             9            216  org.apache.ratis.thirdparty.io.grpc.internal.SharedResourcePool
1763:             9            216  org.eclipse.jetty.io.AbstractConnection$ReadCallback
1764:             9            216  org.eclipse.jetty.io.ChannelEndPoint$$Lambda$739/64558637
1765:             9            216  org.eclipse.jetty.server.HttpChannel$$Lambda$741/564806317
1766:             9            216  org.eclipse.jetty.server.HttpConnection$AsyncReadCallback
1767:             9            216  org.eclipse.jetty.server.HttpConnection$BlockingReadCallback
1768:             9            216  sun.security.ec.ECParameters
1769:             2            208  [Ljava.lang.invoke.MethodType;
1770:             2            208  [Ljava.nio.file.StandardOpenOption;
1771:             2            208  [Ljava.security.CryptoPrimitive;
1772:             2            208  [Ljavax.management.openmbean.OpenType;
1773:             2            208  [Lorg.apache.hadoop.hdds.protocol.DatanodeDetails$Port$Name;
1774:             6            208  [Lorg.apache.ratis.thirdparty.com.google.protobuf.Descriptors$EnumDescriptor;
1775:             1            208  [Lpicocli.CommandLine$Help$Ansi$Style;
1776:             2            208  io.netty.buffer.PooledByteBufAllocator
1777:             2            208  org.apache.hadoop.metrics2.lib.Interns$CacheWith2Keys$1
1778:             1            208  org.apache.ratis.server.raftlog.segmented.SegmentedRaftLog
1779:             2            208  org.apache.ratis.thirdparty.com.google.protobuf.GeneratedMessageV3$FieldAccessorTable$SingularEnumFieldAccessor
1780:             2            208  org.apache.ratis.thirdparty.io.grpc.internal.KeepAliveManager
1781:             2            208  org.apache.ratis.thirdparty.io.netty.buffer.PooledByteBufAllocator
1782:             2            208  org.apache.ratis.thirdparty.io.netty.handler.codec.http2.Http2CodecUtil$SimpleChannelPromiseAggregator
1783:             3            200  [Ljava.lang.ThreadGroup;
1784:             7            200  [Ljava.nio.file.LinkOption;
1785:             3            200  [Lorg.eclipse.jetty.servlet.FilterMapping;
1786:             1            200  [Lorg.rocksdb.AbstractEventListener$EnabledEventCallback;
1787:             5            200  io.netty.handler.logging.LogLevel
1788:             5            200  java.util.Stack
1789:             5            200  org.apache.hadoop.hdds.protocol.proto.HddsProtos$NodeOperationalState
1790:             5            200  org.apache.hadoop.hdds.protocol.proto.HddsProtos$ReplicationType
1791:             5            200  org.apache.hadoop.hdds.protocol.proto.HddsProtos$UpgradeFinalizationStatus$Status
1792:             5            200  org.apache.hadoop.hdds.protocol.proto.ScmBlockLocationProtocolProtos$Type
1793:             5            200  org.apache.hadoop.hdds.server.http.HttpServer2Metrics$HttpServer2MetricsInfo
1794:             5            200  org.apache.hadoop.hdds.utils.TableCacheMetrics$MetricsInfos
1795:             1            200  org.apache.hadoop.metrics2.impl.MetricsSystemImpl
1796:             5            200  org.apache.hadoop.metrics2.lib.MethodMetric$2
1797:             1            200  org.apache.hadoop.ozone.om.service.SnapshotDeletingService
1798:             5            200  org.apache.hadoop.ozone.protocol.proto.OzoneManagerProtocolProtos$OzoneAclInfo$OzoneAclType
1799:             5            200  org.apache.hadoop.ozone.security.acl.IAccessAuthorizer$ACLIdentityType
1800:             1            200  org.apache.logging.log4j.core.appender.rolling.RollingFileManager
1801:             5            200  org.apache.logging.log4j.core.pattern.SimpleLiteralPatternConverter$StringValue
1802:             5            200  org.apache.ratis.proto.RaftProtos$RaftPeerRole
1803:             5            200  org.apache.ratis.proto.RaftProtos$ReplicationLevel
1804:             5            200  org.apache.ratis.thirdparty.io.netty.handler.logging.LogLevel
1805:             5            200  org.apache.ratis.util.AutoCloseableReadWriteLock
1806:             1            200  org.eclipse.jetty.webapp.WebAppClassLoader
1807:             5            200  org.rocksdb.ChecksumType
1808:             5            200  sun.security.provider.DSAParameters
1809:             5            200  sun.security.ssl.CipherSuite$MacAlg
1810:             4            192  [F
1811:             2            192  [Ljava.nio.file.attribute.PosixFilePermission;
1812:             2            192  [Lorg.apache.hadoop.hdds.conf.ConfigType;
1813:             3            192  [Lorg.apache.hadoop.hdds.protocol.proto.HddsProtos$ReplicationType;
1814:             3            192  [Lorg.apache.hadoop.ozone.protocol.proto.OzoneManagerProtocolProtos$OzoneAclInfo$OzoneAclType;
1815:             2            192  [Lorg.apache.hadoop.ozone.security.acl.IAccessAuthorizer$ACLType;
1816:             1            192  [Lorg.apache.logging.log4j.core.util.datetime.FixedDateFormat$FixedFormat;
1817:             3            192  [Lorg.apache.ratis.proto.RaftProtos$RaftPeerRole;
1818:             3            192  [Lorg.apache.ratis.proto.RaftProtos$ReplicationLevel;
1819:             6            192  com.fasterxml.jackson.annotation.JsonAutoDetect$Visibility
1820:             6            192  com.fasterxml.jackson.core.JsonParser$NumberType
1821:             3            192  com.fasterxml.jackson.databind.cfg.ConfigOverrides
1822:             8            192  com.fasterxml.jackson.databind.introspect.AnnotationMap
1823:             4            192  com.fasterxml.jackson.databind.type.TypeBindings
1824:             4            192  com.sun.jmx.mbeanserver.DefaultMXBeanMappingFactory$ArrayMapping
1825:             8            192  com.sun.proxy.$Proxy29
1826:             6            192  io.grpc.internal.KeepAliveManager$State
1827:             1            192  io.netty.channel.socket.nio.NioServerSocketChannel
1828:             4            192  java.io.DataOutputStream
1829:             2            192  java.io.ExpiringCache$1
1830:             6            192  java.lang.Thread$State
1831:             4            192  java.lang.UNIXProcess$Platform
1832:             8            192  java.util.concurrent.Semaphore
1833:             8            192  java.util.regex.Pattern$Begin
1834:             8            192  java.util.regex.Pattern$CharPropertyNames$3
1835:             6            192  java.util.regex.Pattern$SliceI
1836:             6            192  org.apache.commons.lang3.text.translate.NumericEntityEscaper
1837:             6            192  org.apache.hadoop.io.retry.CallReturn$State
1838:             4            192  org.apache.hadoop.io.retry.RetryPolicies$FailoverOnNetworkExceptionRetry
1839:             6            192  org.apache.hadoop.ipc.RPC$Server$ProtoNameVer
1840:             8            192  org.apache.hadoop.metrics2.lib.MutableQuantiles$RolloverSample
1841:             4            192  org.apache.hadoop.net.SocketInputStream$Reader
1842:             4            192  org.apache.hadoop.net.SocketOutputStream$Writer
1843:             3            192  org.apache.hadoop.thirdparty.com.google.common.util.concurrent.ThreadFactoryBuilder$1
1844:             6            192  org.apache.hadoop.util.Shell$OSType
1845:             6            192  org.apache.logging.log4j.core.LifeCycle$State
1846:             8            192  org.apache.logging.log4j.core.lookup.ContextMapLookup
1847:             8            192  org.apache.logging.log4j.core.lookup.JavaLookup
1848:             8            192  org.apache.logging.log4j.core.lookup.Log4jLookup
1849:             8            192  org.apache.logging.log4j.core.lookup.MainMapLookup
1850:             6            192  org.apache.logging.log4j.core.util.datetime.FastDateParser$StrategyAndWidth
1851:             6            192  org.apache.ratis.grpc.server.GrpcLogAppender$Event
1852:             4            192  org.apache.ratis.grpc.server.GrpcLogAppender$StreamObservers
1853:             2            192  org.apache.ratis.proto.RaftProtos$RaftRpcReplyProto$Builder
1854:             3            192  org.apache.ratis.proto.RaftProtos$TermIndexProto
1855:             6            192  org.apache.ratis.server.impl.PeerConfiguration
1856:             1            192  org.apache.ratis.server.raftlog.segmented.SegmentedRaftLogWorker
1857:             4            192  org.apache.ratis.thirdparty.com.google.protobuf.SingleFieldBuilderV3
1858:             8            192  org.apache.ratis.thirdparty.io.grpc.internal.CallCredentialsApplyingTransportFactory$CallCredentialsApplyingTransport$1
1859:             8            192  org.apache.ratis.thirdparty.io.grpc.internal.ClientCallImpl$ContextCancellationListener
1860:            12            192  org.apache.ratis.thirdparty.io.grpc.internal.ExponentialBackoffPolicy$Provider
1861:             8            192  org.apache.ratis.thirdparty.io.grpc.internal.InternalSubchannel$TransportLogger
1862:             6            192  org.apache.ratis.thirdparty.io.grpc.internal.KeepAliveManager$State
1863:             8            192  org.apache.ratis.thirdparty.io.grpc.internal.LogExceptionRunnable
1864:             4            192  org.apache.ratis.thirdparty.io.grpc.internal.ManagedChannelImpl$RealChannel
1865:             4            192  org.apache.ratis.thirdparty.io.grpc.internal.ManagedChannelImpl$UncommittedRetriableStreamsRegistry
1866:             8            192  org.apache.ratis.thirdparty.io.grpc.internal.MessageFramer$OutputStreamAdapter
1867:             8            192  org.apache.ratis.thirdparty.io.grpc.internal.PickFirstLoadBalancer$Picker
1868:             8            192  org.apache.ratis.thirdparty.io.grpc.netty.NettyClientStream$Sink
1869:             8            192  org.apache.ratis.thirdparty.io.grpc.netty.NettyWritableBufferAllocator
1870:             4            192  org.apache.ratis.thirdparty.io.netty.buffer.EmptyByteBuf
1871:             1            192  org.apache.ratis.thirdparty.io.netty.channel.epoll.EpollServerSocketChannel
1872:             8            192  org.apache.ratis.thirdparty.io.netty.handler.codec.http2.StreamBufferingEncoder$1
1873:             8            192  org.apache.ratis.thirdparty.io.netty.util.internal.ObjectPool$RecyclerObjectPool
1874:             8            192  org.apache.ratis.util.TimeoutTimer$$Lambda$324/340114141
1875:             4            192  org.eclipse.jetty.http.HttpScheme
1876:             3            192  org.eclipse.jetty.http.MetaData$Response
1877:             6            192  org.eclipse.jetty.http.pathmap.PathSpecGroup
1878:             6            192  org.eclipse.jetty.io.AbstractEndPoint$State
1879:             1            192  org.eclipse.jetty.security.ConstraintSecurityHandler
1880:             6            192  org.eclipse.jetty.server.HttpChannelState$InputState
1881:             6            192  org.eclipse.jetty.server.HttpOutput$ApiState
1882:             4            192  org.eclipse.jetty.util.IncludeExcludeSet
1883:             1            192  org.eclipse.jetty.util.thread.QueuedThreadPool
1884:             6            192  sun.misc.PerfCounter
1885:             6            192  sun.security.provider.certpath.X509CertPath
1886:             4            192  sun.security.ssl.CipherSuite$PRF
1887:             6            192  sun.security.ssl.ProtocolVersion
1888:             6            192  sun.security.util.DisabledAlgorithmConstraints$KeySizeConstraint$Operator
1889:             3            184  [Lorg.eclipse.jetty.servlet.ServletHolder;
1890:             1            184  com.fasterxml.jackson.databind.deser.BeanDeserializer
1891:             1            184  io.grpc.internal.ServerImpl
1892:             1            184  org.apache.hadoop.ipc.metrics.RpcMetrics
1893:             1            184  org.apache.hadoop.ozone.om.service.KeyDeletingService
1894:             1            184  org.apache.ratis.thirdparty.io.grpc.internal.ServerImpl
1895:             2            176  [Lcom.google.common.cache.LocalCache$EntryFactory;
1896:             2            176  [Lorg.apache.hadoop.ozone.om.lock.OzoneManagerLock$Resource;
1897:             2            176  [Lorg.apache.hadoop.thirdparty.com.google.common.cache.LocalCache$EntryFactory;
1898:             2            176  [Lorg.apache.logging.log4j.spi.StandardLevel;
1899:             2            176  [Lorg.apache.ratis.proto.RaftProtos$InstallSnapshotResult;
1900:             2            176  [Lorg.apache.ratis.thirdparty.com.google.common.cache.LocalCache$EntryFactory;
1901:             1            176  [Lorg.eclipse.jetty.http.MimeTypes$Type;
1902:             3            176  [Lorg.eclipse.jetty.servlet.ServletMapping;
1903:             2            176  io.netty.buffer.UnpooledByteBufAllocator$InstrumentedUnpooledUnsafeNoCleanerDirectByteBuf
1904:             2            176  org.apache.hadoop.hdds.utils.db.managed.ManagedDBOptions
1905:             1            176  org.apache.hadoop.ozone.om.ratis.OzoneManagerStateMachine
1906:             1            176  org.apache.hadoop.ozone.protocol.proto.OzoneManagerProtocolProtos$SnapshotInfo
1907:             2            176  org.apache.ratis.thirdparty.io.netty.buffer.UnpooledByteBufAllocator$InstrumentedUnpooledUnsafeNoCleanerDirectByteBuf
1908:             2            176  org.eclipse.jetty.server.ResourceService
1909:             1            168  [Lcom.google.protobuf.Descriptors$FieldDescriptor$Type;
1910:             3            168  [Lorg.apache.hadoop.hdds.protocol.proto.HddsProtos$NodeType;
1911:             3            168  [Lorg.apache.hadoop.thirdparty.com.google.common.cache.LocalCache$Segment;
1912:             1            168  [Lsun.security.util.ObjectIdentifier;
1913:             1            168  [[Ljava.lang.Byte;
1914:             3            168  com.fasterxml.jackson.core.io.SerializedString
1915:             1            168  com.fasterxml.jackson.databind.ser.BeanPropertyWriter
1916:             3            168  com.google.common.io.BaseEncoding$Base64Encoding
1917:             3            168  com.sun.jmx.mbeanserver.DefaultMXBeanMappingFactory$CollectionMapping
1918:             7            168  com.sun.proxy.$Proxy0
1919:             7            168  com.sun.proxy.$Proxy14
1920:             7            168  com.sun.proxy.$Proxy35
1921:             3            168  java.io.RandomAccessFile
1922:             7            168  java.util.Hashtable$EntrySet
1923:             7            168  java.util.concurrent.SynchronousQueue$TransferStack
1924:             3            168  org.apache.commons.lang3.text.StrSubstitutor
1925:             7            168  org.apache.hadoop.hdds.utils.BackgroundService$$Lambda$171/48428832
1926:             7            168  org.apache.hadoop.hdds.utils.BackgroundService$PeriodicalTask
1927:             3            168  org.apache.logging.log4j.core.config.ConfigurationSource
1928:             1            168  org.apache.ozone.rocksdiff.RocksDBCheckpointDiffer
1929:             7            168  org.apache.ratis.proto.grpc.AdminProtocolServiceGrpc$AdminProtocolServiceMethodDescriptorSupplier
1930:             1            168  org.apache.ratis.server.metrics.SegmentedRaftLogMetrics
1931:             3            168  org.apache.ratis.thirdparty.com.google.common.io.BaseEncoding$Base64Encoding
1932:             3            168  org.eclipse.jetty.http.pathmap.PathMappings
1933:             3            168  org.eclipse.jetty.server.session.SessionContext
1934:             3            168  org.eclipse.jetty.util.ConstantThrowable
1935:             1            168  sun.misc.Launcher$AppClassLoader
1936:             3            168  sun.nio.ch.ServerSocketAdaptor
1937:             1            168  sun.security.ssl.SSLSessionImpl
1938:             3            168  sun.util.locale.provider.LocaleResources
1939:             4            160  [Lcom.google.common.cache.Striped64$Cell;
1940:             6            160  [Lcom.google.protobuf.Descriptors$FileDescriptor;
1941:             2            160  [Lorg.apache.hadoop.hdds.conf.StorageUnit;
1942:             2            160  [Lorg.apache.hadoop.hdds.protocol.proto.HddsProtos$LifeCycleState;
1943:             4            160  [Lorg.apache.hadoop.metrics2.lib.MutableQuantiles;
1944:             2            160  [Lorg.apache.hadoop.ozone.om.upgrade.OMLayoutFeature;
1945:             2            160  [Lorg.apache.ratis.util.TimeDuration$Abbreviation;
1946:             4            160  com.codahale.metrics.Timer$Context
1947:             1            160  com.ctc.wstx.api.ReaderConfig
1948:             5            160  com.fasterxml.jackson.annotation.Nulls
1949:             4            160  com.fasterxml.jackson.core.JsonFactory$Feature
1950:             4            160  com.fasterxml.jackson.core.sym.CharsToNameCanonicalizer$TableInfo
1951:             1            160  com.fasterxml.jackson.databind.deser.std.StdValueInstantiator
1952:             4            160  com.fasterxml.jackson.databind.util.TypeKey
1953:             2            160  com.google.protobuf.DescriptorProtos$MethodDescriptorProto
1954:             2            160  com.lmax.disruptor.BatchEventProcessor
1955:             5            160  io.grpc.MethodDescriptor$MethodType
1956:             5            160  io.netty.util.internal.logging.InternalLogLevel
1957:             2            160  java.lang.invoke.BoundMethodHandle$Species_L4
1958:             4            160  java.net.InterfaceAddress
1959:             4            160  java.security.CodeSigner
1960:             5            160  java.time.format.SignStyle
1961:             4            160  java.util.concurrent.SynchronousQueue$TransferQueue
1962:             5            160  java.util.stream.StreamOpFlag$Type
1963:             4            160  javax.security.auth.login.AppConfigurationEntry
1964:             5            160  javax.servlet.DispatcherType
1965:             4            160  org.apache.hadoop.hdds.protocol.proto.HddsProtos$NodeState
1966:             4            160  org.apache.hadoop.hdds.protocol.proto.HddsProtos$NodeType
1967:             4            160  org.apache.hadoop.hdds.protocol.proto.HddsProtos$PipelineState
1968:             4            160  org.apache.hadoop.hdds.protocol.proto.ScmBlockLocationProtocolProtos$DeleteScmBlockResult$Result
1969:             4            160  org.apache.hadoop.hdds.protocol.proto.StorageContainerLocationProtocolProtos$ContainerResponseProto$Error
1970:             4            160  org.apache.hadoop.hdds.protocol.proto.StorageContainerLocationProtocolProtos$ScmContainerLocationResponse$Status
1971:             4            160  org.apache.hadoop.ipc.Client$IpcStreams
1972:             4            160  org.apache.hadoop.metrics2.lib.MutableGaugeLong
1973:             5            160  org.apache.hadoop.metrics2.util.Quantile
1974:             4            160  org.apache.hadoop.net.SocketInputWrapper
1975:             4            160  org.apache.hadoop.ozone.audit.AuditLoggerType
1976:             1            160  org.apache.hadoop.ozone.om.ratis.OzoneManagerDoubleBuffer
1977:             5            160  org.apache.hadoop.ozone.om.request.file.OMFileRequest$OMDirectoryResult
1978:             1            160  org.apache.hadoop.ozone.om.service.SnapshotDiffCleanupService
1979:             4            160  org.apache.hadoop.ozone.protocol.proto.OzoneManagerProtocolProtos$DiffReportEntryProto$DiffTypeProto
1980:             4            160  org.apache.hadoop.ozone.protocol.proto.OzoneManagerProtocolProtos$OzoneObj$ObjectType
1981:             4            160  org.apache.hadoop.ozone.protocol.proto.OzoneManagerProtocolProtos$SafeMode
1982:             4            160  org.apache.hadoop.ozone.protocol.proto.OzoneManagerProtocolProtos$ServicePort$Type
1983:             4            160  org.apache.hadoop.ozone.protocol.proto.OzoneManagerProtocolProtos$StorageTypeProto
1984:             4            160  org.apache.hadoop.ozone.security.acl.OzoneObj$ResourceType
1985:             5            160  org.apache.hadoop.ozone.upgrade.UpgradeFinalizer$Status
1986:             4            160  org.apache.log4j.helpers.OnlyOnceErrorHandler
1987:             2            160  org.apache.logging.log4j.core.lookup.RuntimeStrSubstitutor
1988:             5            160  org.apache.logging.log4j.core.pattern.PatternParser$ParserState
1989:             4            160  org.apache.logging.log4j.message.DefaultFlowMessageFactory
1990:             2            160  org.apache.logging.log4j.simple.SimpleLogger
1991:             2            160  org.apache.ratis.grpc.server.GrpcServerProtocolClient
1992:             4            160  org.apache.ratis.proto.RaftProtos$AppendEntriesReplyProto$AppendResult
1993:             4            160  org.apache.ratis.proto.RaftProtos$LogEntryProto$LogEntryBodyCase
1994:             5            160  org.apache.ratis.proto.grpc.RaftServerProtocolServiceGrpc$MethodHandlers
1995:             4            160  org.apache.ratis.server.impl.LeaderStateImpl$StateUpdateEvent
1996:             4            160  org.apache.ratis.server.impl.TransferLeadership$Result
1997:             5            160  org.apache.ratis.server.raftlog.segmented.LogSegment$Op
1998:             5            160  org.apache.ratis.server.storage.RaftStorageDirectoryImpl$StorageState
1999:             5            160  org.apache.ratis.thirdparty.io.grpc.ConnectivityState
2000:             5            160  org.apache.ratis.thirdparty.io.grpc.MethodDescriptor$MethodType
2001:             4            160  org.apache.ratis.thirdparty.io.grpc.SynchronizationContext
2002:             4            160  org.apache.ratis.thirdparty.io.grpc.internal.DelayedStream$DelayedStreamListener
2003:             4            160  org.apache.ratis.thirdparty.io.grpc.internal.PickSubchannelArgsImpl
2004:             4            160  org.apache.ratis.thirdparty.io.grpc.internal.ScParser
2005:             4            160  org.apache.ratis.thirdparty.io.grpc.netty.Utils$DefaultEventLoopGroupResource
2006:             5            160  org.apache.ratis.thirdparty.io.netty.util.internal.logging.InternalLogLevel
2007:             4            160  org.apache.ratis.util.LogUtils$1
2008:             4            160  org.apache.ratis.util.TimeoutTimer$$Lambda$903/385985253
2009:             5            160  org.bouncycastle.jcajce.provider.asymmetric.ec.KeyFactorySpi$ECMQV
2010:             5            160  org.eclipse.jetty.http.HttpGenerator$State
2011:             5            160  org.eclipse.jetty.http.HttpParser$FieldState
2012:             5            160  org.eclipse.jetty.http.HttpTokens$EndOfContent
2013:             5            160  org.eclipse.jetty.io.WriteFlusher$StateType
2014:             4            160  org.eclipse.jetty.server.AbstractConnector$Acceptor
2015:             5            160  org.eclipse.jetty.server.HttpChannelState$State
2016:             5            160  org.eclipse.jetty.server.Response$EncodingFrom
2017:             1            160  org.eclipse.jetty.server.Server
2018:             5            160  org.eclipse.jetty.server.handler.ContextHandler$Availability
2019:             5            160  org.eclipse.jetty.util.thread.ReservedThreadExecutor$State
2020:             4            160  org.rocksdb.IndexType
2021:             4            160  org.rocksdb.TableFileCreationReason
2022:             5            160  picocli.CommandLine$ParseResult$GroupValidationResult$Type
2023:             2            160  sun.management.GarbageCollectorImpl
2024:             2            160  sun.management.GcInfoBuilder
2025:             5            160  sun.misc.FloatingDecimal$PreparedASCIIToBinaryBuffer
2026:             1            160  sun.misc.Launcher$ExtClassLoader
2027:             5            160  sun.security.jca.ServiceId
2028:             1            152  [Lio.netty.handler.codec.DefaultHeaders$HeaderEntry;
2029:             1            152  [Ljava.time.temporal.ChronoUnit;
2030:             1            152  [Lorg.apache.ratis.thirdparty.io.netty.handler.codec.DefaultHeaders$HeaderEntry;
2031:             1            152  [Lsun.security.ssl.CipherSuite$KeyExchange;
2032:             1            152  org.apache.hadoop.metrics2.impl.MetricsSinkAdapter
2033:             1            152  org.apache.hadoop.ozone.om.service.DirectoryDeletingService
2034:             1            152  org.apache.ratis.server.impl.StateMachineUpdater
2035:             1            152  org.apache.ratis.server.metrics.RaftServerMetricsImpl
2036:             1            152  org.eclipse.jetty.server.HttpConfiguration
2037:             1            144  [Lcom.fasterxml.jackson.core.JsonParser$Feature;
2038:             2            144  [Lio.netty.handler.codec.http.HttpStatusClass;
2039:             2            144  [Ljava.nio.charset.Charset;
2040:             3            144  [Lorg.apache.hadoop.hdds.protocol.proto.HddsProtos$ReplicationFactor;
2041:             2            144  [Lorg.apache.hadoop.ipc.protobuf.RpcHeaderProtos$RpcSaslProto$SaslState;
2042:             2            144  [Lorg.apache.hadoop.ozone.protocol.proto.OzoneManagerProtocolProtos$SnapshotDiffResponse$JobStatusProto;
2043:             2            144  [Lorg.apache.ratis.thirdparty.io.netty.handler.codec.http.HttpStatusClass;
2044:             2            144  [Lorg.eclipse.jetty.http.HttpURI$Violation;
2045:             1            144  [Lorg.rocksdb.Status$Code;
2046:             3            144  com.fasterxml.jackson.databind.cfg.CoercionConfigs
2047:             1            144  com.fasterxml.jackson.databind.deser.impl.MethodProperty
2048:             6            144  com.fasterxml.jackson.databind.ser.std.ToStringSerializer
2049:             3            144  com.google.common.collect.RegularImmutableSet
2050:             2            144  com.google.protobuf.DescriptorProtos$ServiceDescriptorProto
2051:             3            144  com.google.protobuf.Descriptors$DescriptorPool
2052:             2            144  com.lmax.disruptor.MultiProducerSequencer
2053:             1            144  com.sun.crypto.provider.SunJCE
2054:             3            144  com.sun.jmx.mbeanserver.DefaultMXBeanMappingFactory$EnumMapping
2055:             2            144  com.sun.jmx.mbeanserver.MBeanIntrospector$MBeanInfoMap
2056:             2            144  com.sun.jmx.mbeanserver.MBeanIntrospector$PerInterfaceMap
2057:             1            144  com.sun.net.ssl.internal.ssl.Provider
2058:             6            144  com.sun.proxy.$Proxy26
2059:             1            144  com.sun.security.sasl.Provider
2060:             3            144  io.netty.buffer.EmptyByteBuf
2061:             3            144  io.netty.buffer.ReadOnlyByteBuf
2062:             3            144  java.net.Inet6Address
2063:             3            144  java.net.Inet6Address$Inet6AddressHolder
2064:             2            144  java.util.PropertyResourceBundle
2065:             6            144  java.util.TreeSet
2066:             6            144  java.util.regex.Pattern$CharPropertyNames$2
2067:             3            144  org.apache.commons.configuration2.interpol.DefaultLookups
2068:             3            144  org.apache.hadoop.hdds.DatanodeVersion
2069:             2            144  org.apache.hadoop.hdds.utils.db.managed.ManagedReadOptions
2070:             1            144  org.apache.hadoop.ozone.om.snapshot.SnapshotDiffManager
2071:             3            144  org.apache.log4j.helpers.PatternParser$BasicPatternConverter
2072:             2            144  org.apache.log4j.varia.NullAppender
2073:             2            144  org.apache.logging.log4j.core.util.WatchManager
2074:             3            144  org.apache.logging.log4j.core.util.datetime.FixedDateFormat$FixedTimeZoneFormat
2075:             9            144  org.apache.ratis.metrics.dropwizard3.Dm3RatisObjectNameFactory
2076:             3            144  org.apache.ratis.proto.RaftProtos$ReadRequestTypeProto
2077:             2            144  org.apache.ratis.proto.RaftProtos$TermIndexProto$Builder
2078:             6            144  org.apache.ratis.server.impl.CommitInfoCache$$Lambda$566/2015823339
2079:             2            144  org.apache.ratis.thirdparty.com.google.common.collect.RegularImmutableMap
2080:             3            144  org.apache.ratis.thirdparty.io.netty.buffer.ReadOnlyByteBuf
2081:             2            144  org.apache.ratis.thirdparty.io.netty.handler.codec.http2.DefaultHttp2ConnectionEncoder$FlowControlledData
2082:             3            144  org.apache.ratis.thirdparty.io.netty.util.concurrent.DefaultThreadFactory
2083:             3            144  org.apache.ratis.util.PeerProxyMap$PeerAndProxy
2084:             1            144  org.bouncycastle.jce.provider.BouncyCastleProvider
2085:             1            144  org.eclipse.jetty.server.ServerConnector$ServerConnectorManager
2086:             1            144  org.jcp.xml.dsig.internal.dom.XMLDSigRI
2087:             3            144  sun.net.spi.DefaultProxySelector$NonProxyInfo
2088:             1            144  sun.security.ec.SunEC
2089:             1            144  sun.security.jca.ProviderList$1
2090:             1            144  sun.security.rsa.SunRsaSign
2091:             1            144  sun.security.smartcardio.SunPCSC
2092:             3            144  sun.security.x509.SubjectAlternativeNameExtension
2093:             3            144  sun.util.locale.provider.LocaleServiceProviderPool
2094:             1            136  [Ljava.lang.invoke.LambdaFormEditor$Transform$Kind;
2095:             1            136  [Ljavax.management.openmbean.SimpleType;
2096:             2            136  [Lorg.apache.logging.log4j.core.pattern.PatternFormatter;
2097:             3            136  [Lorg.eclipse.jetty.servlet.FilterHolder;
2098:             1            136  org.apache.commons.configuration2.PropertiesConfiguration
2099:             1            136  org.apache.hadoop.ozone.om.service.MultipartUploadCleanupService
2100:             1            136  org.apache.hadoop.ozone.om.service.OpenKeyCleanupService
2101:             1            136  org.apache.log4j.RollingFileAppender
2102:             1            136  org.apache.logging.log4j.core.async.AsyncLoggerConfig
2103:             1            136  org.eclipse.jetty.webapp.MetaData
2104:             1            136  sun.reflect.misc.MethodUtil
2105:             1            136  sun.util.locale.provider.JRELocaleProviderAdapter
2106:             1            128  [Lcom.fasterxml.jackson.core.JsonToken;
2107:             1            128  [Lcom.fasterxml.jackson.databind.type.LogicalType;
2108:             4            128  [Ljava.net.InterfaceAddress;
2109:             2            128  [Ljava.util.stream.StreamOpFlag$Type;
2110:             1            128  [Lorg.apache.commons.lang3.JavaVersion;
2111:             2            128  [Lorg.apache.hadoop.hdds.protocol.proto.HddsProtos$NodeOperationalState;
2112:             2            128  [Lorg.apache.hadoop.hdds.protocol.proto.HddsProtos$UpgradeFinalizationStatus$Status;
2113:             2            128  [Lorg.apache.hadoop.hdds.protocol.proto.ScmBlockLocationProtocolProtos$Type;
2114:             2            128  [Lorg.apache.hadoop.ozone.security.acl.IAccessAuthorizer$ACLIdentityType;
2115:             4            128  [Lorg.apache.logging.log4j.Marker;
2116:             2            128  [Lorg.eclipse.jetty.io.WriteFlusher$StateType;
2117:             2            128  [Lorg.eclipse.jetty.server.Response$EncodingFrom;
2118:             2            128  [Lsun.security.jca.ProviderConfig;
2119:             4            128  com.fasterxml.jackson.annotation.JsonProperty$Access
2120:             4            128  com.fasterxml.jackson.databind.cfg.CoercionAction
2121:             4            128  com.fasterxml.jackson.databind.cfg.ConstructorDetector
2122:             4            128  com.fasterxml.jackson.databind.cfg.ConstructorDetector$SingleArgConstructor
2123:             2            128  com.fasterxml.jackson.databind.deser.std.NumberDeserializers$LongDeserializer
2124:             4            128  com.fasterxml.jackson.databind.introspect.MemberKey
2125:             4            128  com.google.common.cache.LocalCache$AccessQueue$1
2126:             4            128  com.google.common.cache.LocalCache$WriteQueue$1
2127:             4            128  com.google.common.collect.AbstractIterator$State
2128:             4            128  com.google.common.graph.ElementOrder
2129:             4            128  com.google.common.graph.ElementOrder$Type
2130:             2            128  com.sun.jmx.mbeanserver.DefaultMXBeanMappingFactory$TabularMapping
2131:             4            128  io.grpc.ChannelLogger$ChannelLogLevel
2132:             4            128  io.netty.util.Recycler$2
2133:             4            128  io.netty.util.ResourceLeakDetector$Level
2134:             2            128  java.io.BufferedWriter
2135:             4            128  java.lang.ClassValue$Version
2136:             4            128  java.math.MathContext
2137:             4            128  java.nio.file.FileVisitResult
2138:             4            128  java.text.Normalizer$Form
2139:             4            128  java.time.format.DateTimeFormatterBuilder$OffsetIdPrinterParser
2140:             4            128  java.time.format.DateTimeFormatterBuilder$SettingsParser
2141:             2            128  java.util.Locale$Category
2142:             4            128  java.util.concurrent.ConcurrentLinkedDeque
2143:             1            128  java.util.logging.LogManager$RootLogger
2144:             4            128  java.util.stream.StreamShape
2145:             4            128  org.apache.hadoop.hdds.client.ReplicationType
2146:             4            128  org.apache.hadoop.hdds.protocol.StorageType
2147:             4            128  org.apache.hadoop.hdds.scm.pipeline.Pipeline$PipelineState
2148:             4            128  org.apache.hadoop.io.retry.FailoverProxyProvider$ProxyInfo
2149:             2            128  org.apache.hadoop.io.retry.RetryInvocationHandler
2150:             4            128  org.apache.hadoop.ipc.Client$Connection$PingInputStream
2151:             4            128  org.apache.hadoop.metrics2.annotation.Metric$Type
2152:             1            128  org.apache.hadoop.metrics2.impl.MetricsConfig
2153:             2            128  org.apache.hadoop.metrics2.lib.MutableRatesWithAggregation
2154:             1            128  org.apache.hadoop.ozone.om.KeyManagerImpl
2155:             4            128  org.apache.hadoop.ozone.om.OzoneManager$State
2156:             4            128  org.apache.hadoop.thirdparty.com.google.common.cache.LocalCache$AccessQueue$1
2157:             8            128  org.apache.logging.log4j.core.lookup.DateLookup
2158:             8            128  org.apache.logging.log4j.core.lookup.EnvironmentLookup
2159:             8            128  org.apache.logging.log4j.core.lookup.EventLookup
2160:             8            128  org.apache.logging.log4j.core.lookup.LowerLookup
2161:             8            128  org.apache.logging.log4j.core.lookup.MarkerLookup
2162:             8            128  org.apache.logging.log4j.core.lookup.ResourceBundleLookup
2163:             8            128  org.apache.logging.log4j.core.lookup.StructuredDataLookup
2164:             8            128  org.apache.logging.log4j.core.lookup.UpperLookup
2165:             4            128  org.apache.ratis.grpc.server.GrpcLogAppender$$Lambda$900/1461050338
2166:             4            128  org.apache.ratis.grpc.server.GrpcLogAppender$AppendLogResponseHandler
2167:             4            128  org.apache.ratis.grpc.server.GrpcLogAppender$RequestMap
2168:             4            128  org.apache.ratis.proto.grpc.RaftServerProtocolServiceGrpc$RaftServerProtocolServiceStub
2169:             4            128  org.apache.ratis.retry.MultipleLinearRandomRetry
2170:             4            128  org.apache.ratis.retry.MultipleLinearRandomRetry$$Lambda$867/921902368
2171:             2            128  org.apache.ratis.server.impl.PendingRequests$RequestMap
2172:             1            128  org.apache.ratis.server.impl.ServerState
2173:             4            128  org.apache.ratis.server.impl.StateMachineUpdater$State
2174:             2            128  org.apache.ratis.thirdparty.com.google.common.cache.CacheStats
2175:             4            128  org.apache.ratis.thirdparty.com.google.common.cache.LocalCache$AccessQueue$1
2176:             4            128  org.apache.ratis.thirdparty.com.google.common.cache.LocalCache$WriteQueue$1
2177:             2            128  org.apache.ratis.thirdparty.com.google.protobuf.CodedOutputStream$OutputStreamEncoder
2178:             4            128  org.apache.ratis.thirdparty.com.google.protobuf.FieldSet
2179:             4            128  org.apache.ratis.thirdparty.com.google.protobuf.GeneratedMessageV3$1
2180:             2            128  org.apache.ratis.thirdparty.com.google.protobuf.GeneratedMessageV3$FieldAccessorTable$SingularMessageFieldAccessor
2181:             4            128  org.apache.ratis.thirdparty.io.grpc.CallOptions$Key
2182:             4            128  org.apache.ratis.thirdparty.io.grpc.ChannelLogger$ChannelLogLevel
2183:             4            128  org.apache.ratis.thirdparty.io.grpc.InternalChannelz$ChannelTrace$Event$Severity
2184:             4            128  org.apache.ratis.thirdparty.io.grpc.Metadata
2185:             4            128  org.apache.ratis.thirdparty.io.grpc.SynchronizationContext$ManagedRunnable
2186:             4            128  org.apache.ratis.thirdparty.io.grpc.SynchronizationContext$ScheduledHandle
2187:             4            128  org.apache.ratis.thirdparty.io.grpc.internal.AtomicBackoff
2188:             4            128  org.apache.ratis.thirdparty.io.grpc.internal.AutoConfiguredLoadBalancerFactory
2189:             4            128  org.apache.ratis.thirdparty.io.grpc.internal.ClientStreamListener$RpcProgress
2190:             4            128  org.apache.ratis.thirdparty.io.grpc.internal.ConnectivityStateManager
2191:             4            128  org.apache.ratis.thirdparty.io.grpc.internal.DelayedClientTransport$1
2192:             4            128  org.apache.ratis.thirdparty.io.grpc.internal.DelayedClientTransport$2
2193:             4            128  org.apache.ratis.thirdparty.io.grpc.internal.DelayedClientTransport$3
2194:             4            128  org.apache.ratis.thirdparty.io.grpc.internal.ManagedChannelImpl$1ChannelCallTracerFactory
2195:             4            128  org.apache.ratis.thirdparty.io.grpc.internal.ManagedChannelImpl$ChannelStreamProvider
2196:             4            128  org.apache.ratis.thirdparty.io.grpc.internal.ManagedChannelImpl$IdleModeStateAggregator
2197:             4            128  org.apache.ratis.thirdparty.io.grpc.internal.ManagedChannelOrphanWrapper
2198:             2            128  org.apache.ratis.thirdparty.io.grpc.netty.Http2ControlFrameLimitEncoder
2199:             4            128  org.apache.ratis.thirdparty.io.grpc.netty.NettyReadableBuffer
2200:             4            128  org.apache.ratis.thirdparty.io.grpc.stub.ServerCalls$StreamingServerCallHandler
2201:             4            128  org.apache.ratis.thirdparty.io.netty.util.ResourceLeakDetector$Level
2202:             4            128  org.apache.ratis.util.ConcurrentUtils$$Lambda$274/1535454025
2203:             4            128  org.apache.ratis.util.TimeoutExecutor$$Lambda$902/1848817162
2204:             4            128  org.eclipse.jetty.server.HttpChannelState$OutputState
2205:             4            128  org.eclipse.jetty.server.HttpOutput$State
2206:             1            128  org.eclipse.jetty.server.session.DefaultSessionIdManager
2207:             4            128  org.eclipse.jetty.servlet.FilterHolder$Config
2208:             4            128  org.eclipse.jetty.servlet.Source$Origin
2209:             4            128  org.eclipse.jetty.util.component.ContainerLifeCycle$Managed
2210:             4            128  org.eclipse.jetty.util.thread.strategy.EatWhatYouKill$Mode
2211:             4            128  org.eclipse.jetty.webapp.ClasspathPattern$ByClass
2212:             4            128  org.eclipse.jetty.webapp.ClasspathPattern$ByLocationOrModule
2213:             4            128  org.eclipse.jetty.webapp.ClasspathPattern$ByModule
2214:             4            128  org.eclipse.jetty.webapp.ClasspathPattern$ByPackageOrName
2215:             4            128  picocli.CommandLine$TraceLevel
2216:             2            128  sun.management.MemoryManagerImpl
2217:             4            128  sun.misc.FormattedFloatingDecimal$Form
2218:             5            120  [Ljava.lang.annotation.Annotation;
2219:             4            120  [Ljava.security.cert.X509Certificate;
2220:             3            120  [Lorg.apache.hadoop.ozone.protocol.proto.OzoneManagerProtocolProtos$OzoneAclInfo$OzoneAclScope;
2221:             1            120  [Lorg.eclipse.jetty.http.HttpHeaderValue;
2222:             1            120  [Lorg.eclipse.jetty.io.ManagedSelector;
2223:             1            120  [Lorg.eclipse.jetty.server.HttpChannelState$Action;
2224:             1            120  [Lorg.rocksdb.FlushReason;
2225:             3            120  com.fasterxml.jackson.core.StreamReadCapability
2226:             1            120  com.fasterxml.jackson.databind.ObjectReader
2227:             3            120  com.fasterxml.jackson.databind.introspect.AnnotatedClass$Creators
2228:             3            120  com.fasterxml.jackson.databind.type.TypeBindings$AsKey
2229:             3            120  com.google.protobuf.DescriptorProtos$FieldDescriptorProto$Label
2230:             3            120  com.google.protobuf.DescriptorProtos$FieldOptions$CType
2231:             3            120  com.google.protobuf.DescriptorProtos$FileOptions$OptimizeMode
2232:             5            120  com.sun.proxy.$Proxy13
2233:             5            120  com.sun.proxy.$Proxy16
2234:             5            120  com.sun.proxy.$Proxy20
2235:             5            120  com.sun.proxy.$Proxy21
2236:             5            120  com.sun.proxy.$Proxy22
2237:             5            120  com.sun.proxy.$Proxy37
2238:             5            120  com.sun.proxy.$Proxy4
2239:             5            120  io.grpc.Attributes$Key
2240:             3            120  java.io.OutputStreamWriter
2241:             3            120  java.security.SecurityPermission
2242:             1            120  java.util.ResourceBundle$RBClassLoader
2243:             5            120  java.util.TreeMap$Values
2244:             5            120  java.util.regex.Pattern$All
2245:             3            120  java.util.stream.MatchOps$MatchKind
2246:             3            120  org.apache.commons.io.StandardLineSeparator
2247:             1            120  org.apache.commons.lang3.builder.ToStringStyle$DefaultToStringStyle
2248:             1            120  org.apache.commons.lang3.builder.ToStringStyle$JsonToStringStyle
2249:             1            120  org.apache.commons.lang3.builder.ToStringStyle$MultiLineToStringStyle
2250:             1            120  org.apache.commons.lang3.builder.ToStringStyle$NoClassNameToStringStyle
2251:             1            120  org.apache.commons.lang3.builder.ToStringStyle$NoFieldNameToStringStyle
2252:             1            120  org.apache.commons.lang3.builder.ToStringStyle$ShortPrefixToStringStyle
2253:             1            120  org.apache.commons.lang3.builder.ToStringStyle$SimpleToStringStyle
2254:             5            120  org.apache.commons.lang3.text.StrMatcher$CharMatcher
2255:             3            120  org.apache.hadoop.hdds.protocol.proto.HddsProtos$ReplicationFactor
2256:             3            120  org.apache.hadoop.hdds.protocol.proto.StorageContainerLocationProtocolProtos$SCMCloseContainerResponseProto$Status
2257:             3            120  org.apache.hadoop.hdds.server.http.HttpServer2$XFrameOption
2258:             3            120  org.apache.hadoop.io.retry.RetryPolicy$RetryAction
2259:             3            120  org.apache.hadoop.ipc.RPC$RpcKind
2260:             3            120  org.apache.hadoop.ipc.protobuf.RpcHeaderProtos$RpcKindProto
2261:             3            120  org.apache.hadoop.ipc.protobuf.RpcHeaderProtos$RpcRequestHeaderProto$OperationProto
2262:             3            120  org.apache.hadoop.ipc.protobuf.RpcHeaderProtos$RpcResponseHeaderProto$RpcStatusProto
2263:             3            120  org.apache.hadoop.net.SocketIOWithTimeout$SelectorPool$SelectorInfo
2264:             3            120  org.apache.hadoop.ozone.audit.AuditMarker
2265:             5            120  org.apache.hadoop.ozone.lock.BootstrapStateHandler$Lock
2266:             3            120  org.apache.hadoop.ozone.protocol.proto.OzoneManagerProtocolProtos$BucketLayoutProto
2267:             3            120  org.apache.hadoop.ozone.protocol.proto.OzoneManagerProtocolProtos$ChecksumTypeProto
2268:             3            120  org.apache.hadoop.ozone.protocol.proto.OzoneManagerProtocolProtos$ListVolumeRequest$Scope
2269:             1            120  org.apache.hadoop.ozone.protocol.proto.OzoneManagerProtocolProtos$MultipartKeyInfo
2270:             3            120  org.apache.hadoop.ozone.protocol.proto.OzoneManagerProtocolProtos$PrepareStatusResponse$PrepareStatus
2271:             1            120  org.apache.hadoop.security.Groups
2272:             1            120  org.apache.hadoop.security.UserGroupInformation$HadoopLoginContext
2273:             1            120  org.apache.logging.log4j.core.appender.RollingFileAppender
2274:             5            120  org.apache.logging.log4j.core.lookup.StrMatcher$CharMatcher
2275:             3            120  org.apache.logging.log4j.core.util.Log4jThreadFactory
2276:             3            120  org.apache.ratis.grpc.metrics.MessageMetrics$Type
2277:             3            120  org.apache.ratis.proto.RaftProtos$StateMachineLogEntryProto$Type
2278:             5            120  org.apache.ratis.proto.grpc.RaftServerProtocolServiceGrpc$RaftServerProtocolServiceMethodDescriptorSupplier
2279:             3            120  org.apache.ratis.protocol.RaftGroupId
2280:             3            120  org.apache.ratis.rpc.SupportedRpcType
2281:             3            120  org.apache.ratis.server.impl.LeaderStateImpl$CurrentOldFollowerInfos
2282:             1            120  org.apache.ratis.server.impl.RaftServerProxy
2283:             3            120  org.apache.ratis.thirdparty.com.google.protobuf.DescriptorProtos$FieldDescriptorProto$Label
2284:             3            120  org.apache.ratis.thirdparty.com.google.protobuf.Descriptors$FileDescriptor$Syntax
2285:             3            120  org.apache.ratis.thirdparty.io.grpc.ServiceDescriptor
2286:             1            120  org.apache.ratis.thirdparty.io.grpc.internal.ManagedChannelImpl$RealChannel$PendingCall
2287:             3            120  org.apache.ratis.thirdparty.io.grpc.internal.SharedResourceHolder$Instance
2288:             1            120  org.apache.ratis.thirdparty.io.netty.buffer.PooledUnsafeHeapByteBuf
2289:             1            120  org.eclipse.jetty.http.PathMap
2290:             1            120  org.eclipse.jetty.server.HttpConnectionFactory
2291:             1            120  org.eclipse.jetty.servlet.ErrorPageErrorHandler
2292:             3            120  org.eclipse.jetty.servlet.ServletHolder$Registration
2293:             5            120  org.eclipse.jetty.util.thread.ScheduledExecutorScheduler$$Lambda$579/107285100
2294:             3            120  org.eclipse.jetty.util.thread.ThreadPoolBudget$Leased
2295:             3            120  org.rocksdb.IndexShorteningMode
2296:             3            120  sun.reflect.UnsafeIntegerFieldAccessorImpl
2297:             1            120  sun.security.ssl.SSLContextImpl$TLSContext
2298:             3            120  sun.security.util.DisabledAlgorithmConstraints
2299:             1            112  [Lcom.fasterxml.jackson.annotation.JsonFormat$Shape;
2300:             2            112  [Lcom.fasterxml.jackson.annotation.JsonProperty$Access;
2301:             2            112  [Lcom.google.common.cache.LocalCache$Segment;
2302:             2            112  [Lorg.apache.hadoop.hdds.client.ReplicationType;
2303:             2            112  [Lorg.apache.hadoop.hdds.protocol.proto.HddsProtos$NodeState;
2304:             2            112  [Lorg.apache.hadoop.hdds.protocol.proto.HddsProtos$PipelineState;
2305:             2            112  [Lorg.apache.hadoop.hdds.protocol.proto.ScmBlockLocationProtocolProtos$DeleteScmBlockResult$Result;
2306:             2            112  [Lorg.apache.hadoop.hdds.protocol.proto.StorageContainerLocationProtocolProtos$ContainerResponseProto$Error;
2307:             2            112  [Lorg.apache.hadoop.hdds.protocol.proto.StorageContainerLocationProtocolProtos$ScmContainerLocationResponse$Status;
2308:             2            112  [Lorg.apache.hadoop.metrics2.annotation.Metric$Type;
2309:             2            112  [Lorg.apache.hadoop.ozone.protocol.proto.OzoneManagerProtocolProtos$DiffReportEntryProto$DiffTypeProto;
2310:             2            112  [Lorg.apache.hadoop.ozone.protocol.proto.OzoneManagerProtocolProtos$OzoneObj$ObjectType;
2311:             2            112  [Lorg.apache.hadoop.ozone.protocol.proto.OzoneManagerProtocolProtos$SafeMode;
2312:             2            112  [Lorg.apache.hadoop.ozone.protocol.proto.OzoneManagerProtocolProtos$ServicePort$Type;
2313:             2            112  [Lorg.apache.hadoop.ozone.protocol.proto.OzoneManagerProtocolProtos$StorageTypeProto;
2314:             2            112  [Lorg.apache.ratis.proto.RaftProtos$AppendEntriesReplyProto$AppendResult;
2315:             4            112  [Lorg.apache.ratis.thirdparty.io.netty.util.AsciiString;
2316:             1            112  [Lorg.eclipse.jetty.http.HttpTokens$Type;
2317:             1            112  [Lorg.eclipse.jetty.http.HttpURI$State;
2318:             2            112  com.ctc.wstx.util.SymbolTable
2319:             1            112  com.fasterxml.jackson.core.util.InternCache
2320:             2            112  com.fasterxml.jackson.databind.introspect.AnnotatedConstructor
2321:             2            112  com.fasterxml.jackson.databind.introspect.VisibilityChecker$Std
2322:             2            112  com.google.common.graph.StandardMutableValueGraph
2323:             2            112  com.google.common.io.BaseEncoding$StandardBaseEncoding
2324:             2            112  com.lmax.disruptor.ProcessingSequenceBarrier
2325:             2            112  com.lmax.disruptor.dsl.Disruptor
2326:             2            112  io.netty.channel.nio.NioEventLoopGroup
2327:             2            112  java.io.PrintStream
2328:             2            112  java.lang.UnsupportedOperationException
2329:             2            112  java.lang.VirtualMachineError
2330:             2            112  java.util.PropertyPermission
2331:             2            112  org.apache.hadoop.crypto.CipherSuite
2332:             1            112  org.apache.hadoop.hdds.protocol.proto.ScmBlockLocationProtocolProtos$AllocateScmBlockRequestProto
2333:             1            112  org.apache.hadoop.hdds.protocol.proto.StorageContainerLocationProtocolProtos$StartContainerBalancerRequestProto
2334:             1            112  org.apache.hadoop.hdds.scm.proxy.SCMBlockLocationFailoverProxyProvider
2335:             1            112  org.apache.hadoop.hdds.scm.proxy.SCMContainerLocationFailoverProxyProvider
2336:             1            112  org.apache.hadoop.hdds.server.http.HttpServer2
2337:             1            112  org.apache.hadoop.hdds.utils.db.RDBStore
2338:             2            112  org.apache.hadoop.hdds.utils.db.cache.FullTableCache
2339:             1            112  org.apache.hadoop.ipc.Client
2340:             1            112  org.apache.hadoop.ozone.grpc.metrics.GrpcMetrics
2341:             1            112  org.apache.hadoop.ozone.om.OmSnapshotManager
2342:             1            112  org.apache.hadoop.ozone.om.SstFilteringService
2343:             1            112  org.apache.hadoop.ozone.om.ratis.OzoneManagerRatisServer
2344:             2            112  org.apache.hadoop.ozone.om.snapshot.RocksDbPersistentMap
2345:             1            112  org.apache.hadoop.ozone.protocol.proto.OzoneManagerProtocolProtos$BucketArgs
2346:             2            112  org.apache.hadoop.security.authentication.util.KerberosName$Rule
2347:             2            112  org.apache.logging.log4j.core.config.AwaitCompletionReliabilityStrategy
2348:             2            112  org.apache.logging.log4j.core.impl.ThrowableFormatOptions
2349:             2            112  org.apache.ratis.proto.RaftProtos$WatchRequestTypeProto
2350:             2            112  org.apache.ratis.server.impl.WatchRequests
2351:             2            112  org.apache.ratis.server.raftlog.segmented.BufferedWriteChannel
2352:             2            112  org.apache.ratis.server.raftlog.segmented.SegmentedRaftLogOutputStream
2353:             2            112  org.apache.ratis.thirdparty.com.google.common.io.BaseEncoding$StandardBaseEncoding
2354:             2            112  org.apache.ratis.thirdparty.io.grpc.internal.KeepAliveEnforcer
2355:             2            112  org.apache.ratis.thirdparty.io.grpc.netty.SendGrpcFrameCommand
2356:             2            112  org.apache.ratis.thirdparty.io.netty.channel.epoll.EpollEventLoopGroup
2357:             2            112  org.eclipse.jetty.http.CompressedContentFormat
2358:             1            112  org.eclipse.jetty.server.handler.ContextHandlerCollection
2359:             2            112  org.eclipse.jetty.servlet.ServletContextHandler$Context
2360:             2            112  org.eclipse.jetty.util.resource.PathResource
2361:             1            112  org.eclipse.jetty.util.thread.ReservedThreadExecutor
2362:             2            112  sun.misc.URLClassPath$1
2363:             2            112  sun.reflect.generics.reflectiveObjects.WildcardTypeImpl
2364:             2            112  sun.security.x509.PrivateKeyUsageExtension
2365:             2            112  sun.util.locale.UnicodeLocaleExtension
2366:             1            104  [Lcom.fasterxml.jackson.core.JsonGenerator$Feature;
2367:             1            104  [Lcom.fasterxml.jackson.databind.cfg.CoercionInputShape;
2368:             1            104  [Ljava.lang.Runnable;
2369:             1            104  [Lorg.eclipse.jetty.http.HttpCompliance;
2370:             1            104  [[I
2371:             1            104  io.netty.channel.socket.nio.NioServerSocketChannel$NioServerSocketChannelConfig
2372:             1            104  io.netty.util.concurrent.GlobalEventExecutor
2373:             1            104  org.apache.hadoop.hdds.conf.ReconfigurationHandler
2374:             1            104  org.apache.hadoop.hdds.protocol.proto.StorageContainerLocationProtocolProtos$SCMListContainerRequestProto
2375:             1            104  org.apache.hadoop.ozone.om.OmMetadataReader
2376:             1            104  org.apache.hadoop.ozone.om.ratis_snapshot.OmRatisSnapshotProvider
2377:             1            104  org.apache.hadoop.ozone.protocol.proto.OzoneManagerProtocolProtos$BasicKeyInfo
2378:             1            104  org.apache.logging.log4j.core.async.AsyncLogger
2379:             1            104  org.apache.logging.log4j.core.async.AsyncLoggerConfigDisruptor
2380:             1            104  org.apache.logging.log4j.core.async.AsyncLoggerContext
2381:             1            104  org.apache.logging.log4j.core.layout.PatternLayout
2382:             1            104  org.apache.logging.log4j.core.util.datetime.FixedDateFormat
2383:             1            104  org.apache.ratis.grpc.server.GrpcService
2384:             1            104  org.apache.ratis.thirdparty.com.google.protobuf.DescriptorProtos$FieldOptions
2385:             1            104  org.apache.ratis.thirdparty.io.netty.util.concurrent.GlobalEventExecutor
2386:             2             96  [Lcom.google.protobuf.DescriptorProtos$FieldDescriptorProto$Label;
2387:             2             96  [Lcom.google.protobuf.DescriptorProtos$FieldOptions$CType;
2388:             2             96  [Lcom.google.protobuf.DescriptorProtos$FileOptions$OptimizeMode;
2389:             1             96  [Lcom.google.protobuf.Descriptors$FieldDescriptor$JavaType;
2390:             1             96  [Lcom.google.protobuf.WireFormat$JavaType;
2391:             2             96  [Lio.grpc.TlsChannelCredentials$Feature;
2392:             2             96  [Lio.grpc.TlsServerCredentials$Feature;
2393:             2             96  [Ljava.lang.UNIXProcess$LaunchMechanism;
2394:             2             96  [Ljava.lang.annotation.RetentionPolicy;
2395:             4             96  [Ljava.net.NetworkInterface;
2396:             2             96  [Ljava.util.stream.Collector$Characteristics;
2397:             1             96  [Ljavassist.CtClass;
2398:             2             96  [Ljavax.servlet.SessionTrackingMode;
2399:             2             96  [Lorg.apache.commons.lang3.text.translate.NumericEntityUnescaper$OPTION;
2400:             2             96  [Lorg.apache.hadoop.hdds.protocol.proto.StorageContainerLocationProtocolProtos$SCMCloseContainerResponseProto$Status;
2401:             2             96  [Lorg.apache.hadoop.hdds.server.http.HttpConfig$Policy;
2402:             2             96  [Lorg.apache.hadoop.hdds.utils.db.DBProfile;
2403:             2             96  [Lorg.apache.hadoop.http.HttpConfig$Policy;
2404:             2             96  [Lorg.apache.hadoop.ipc.protobuf.RpcHeaderProtos$RpcKindProto;
2405:             2             96  [Lorg.apache.hadoop.ipc.protobuf.RpcHeaderProtos$RpcRequestHeaderProto$OperationProto;
2406:             2             96  [Lorg.apache.hadoop.ipc.protobuf.RpcHeaderProtos$RpcResponseHeaderProto$RpcStatusProto;
2407:             2             96  [Lorg.apache.hadoop.ozone.om.helpers.BucketLayout;
2408:             2             96  [Lorg.apache.hadoop.ozone.protocol.proto.OzoneManagerProtocolProtos$BucketLayoutProto;
2409:             2             96  [Lorg.apache.hadoop.ozone.protocol.proto.OzoneManagerProtocolProtos$ChecksumTypeProto;
2410:             2             96  [Lorg.apache.hadoop.ozone.protocol.proto.OzoneManagerProtocolProtos$ListVolumeRequest$Scope;
2411:             2             96  [Lorg.apache.hadoop.ozone.protocol.proto.OzoneManagerProtocolProtos$PrepareStatusResponse$PrepareStatus;
2412:             2             96  [Lorg.apache.hadoop.ozone.upgrade.LayoutFeature$UpgradeActionType;
2413:             2             96  [Lorg.apache.hadoop.security.UserGroupInformation$LoginParam;
2414:             1             96  [Lorg.apache.hadoop.util.CacheMetrics$CacheMetricsInfo;
2415:             2             96  [Lorg.apache.logging.log4j.core.Filter$Result;
2416:             2             96  [Lorg.apache.logging.log4j.core.util.datetime.FastDatePrinter$Rule;
2417:             2             96  [Lorg.apache.ratis.grpc.metrics.MessageMetrics$Type;
2418:             2             96  [Lorg.apache.ratis.proto.RaftProtos$StateMachineLogEntryProto$Type;
2419:             2             96  [Lorg.apache.ratis.rpc.SupportedRpcType;
2420:             2             96  [Lorg.apache.ratis.thirdparty.com.google.protobuf.DescriptorProtos$FieldDescriptorProto$Label;
2421:             1             96  [Lorg.apache.ratis.thirdparty.com.google.protobuf.Descriptors$FieldDescriptor$JavaType;
2422:             1             96  [Lorg.apache.ratis.thirdparty.com.google.protobuf.WireFormat$JavaType;
2423:             2             96  [Lorg.apache.ratis.thirdparty.io.grpc.TlsChannelCredentials$Feature;
2424:             2             96  [Lorg.apache.ratis.thirdparty.io.grpc.TlsServerCredentials$Feature;
2425:             2             96  [Lorg.apache.ratis.thirdparty.io.netty.handler.ssl.SslProvider;
2426:             1             96  [Lorg.eclipse.jetty.http.HttpGenerator$Result;
2427:             1             96  [Lorg.rocksdb.CompressionType;
2428:             1             96  [Lorg.rocksdb.Status$SubCode;
2429:             2             96  [Lpicocli.CommandLine$Help$Visibility;
2430:             1             96  [Lsun.util.logging.PlatformLogger$Level;
2431:             3             96  com.ctc.wstx.util.SymbolTable$Bucket
2432:             2             96  com.fasterxml.jackson.annotation.JsonInclude$Value
2433:             3             96  com.fasterxml.jackson.core.Base64Variant$PaddingReadBehaviour
2434:             1             96  com.fasterxml.jackson.core.JsonFactory
2435:             4             96  com.fasterxml.jackson.core.util.JacksonFeatureSet
2436:             2             96  com.fasterxml.jackson.databind.ObjectWriter$GeneratorSettings
2437:             3             96  com.fasterxml.jackson.databind.cfg.MutableCoercionConfig
2438:             3             96  com.fasterxml.jackson.databind.deser.DeserializerCache
2439:             2             96  com.fasterxml.jackson.databind.introspect.AnnotatedField
2440:             3             96  com.fasterxml.jackson.databind.introspect.SimpleMixInResolver
2441:             3             96  com.fasterxml.jackson.databind.ser.SerializerCache
2442:             3             96  com.fasterxml.jackson.databind.ser.std.NumberSerializer
2443:             2             96  com.fasterxml.jackson.databind.ser.std.NumberSerializers$DoubleSerializer
2444:             2             96  com.fasterxml.jackson.databind.ser.std.NumberSerializers$IntegerSerializer
2445:             2             96  com.fasterxml.jackson.databind.ser.std.NumberSerializers$LongSerializer
2446:             3             96  com.fasterxml.jackson.databind.util.AccessPattern
2447:             4             96  com.google.common.cache.LocalCache$AccessQueue
2448:             4             96  com.google.common.cache.LocalCache$WriteQueue
2449:             4             96  com.google.common.collect.RegularImmutableList
2450:             3             96  com.google.protobuf.Descriptors$DescriptorPool$SearchFilter
2451:             2             96  com.lmax.disruptor.dsl.EventProcessorInfo
2452:             4             96  com.sun.proxy.$Proxy15
2453:             4             96  com.sun.proxy.$Proxy18
2454:             4             96  com.sun.proxy.$Proxy5
2455:             4             96  com.sun.proxy.$Proxy8
2456:             1             96  com.sun.security.auth.module.UnixLoginModule
2457:             3             96  io.grpc.Context$Key
2458:             3             96  io.grpc.SecurityLevel
2459:             3             96  io.grpc.ServerInterceptors$InterceptCallHandler
2460:             3             96  io.grpc.TlsChannelCredentials$Feature
2461:             3             96  io.grpc.TlsServerCredentials$Feature
2462:             3             96  io.netty.buffer.UnreleasableByteBuf
2463:             3             96  io.netty.handler.codec.http2.HpackDecoder$HeaderType
2464:             3             96  io.netty.handler.codec.http2.HpackUtil$IndexType
2465:             3             96  io.netty.handler.codec.http2.Http2Exception$ShutdownHint
2466:             4             96  io.netty.util.internal.ObjectPool$RecyclerObjectPool
2467:             2             96  java.io.ExpiringCache
2468:             3             96  java.io.ExpiringCache$Entry
2469:             3             96  java.lang.UNIXProcess$LaunchMechanism
2470:             3             96  java.lang.annotation.RetentionPolicy
2471:             3             96  java.lang.invoke.MethodHandles$Lookup
2472:             3             96  java.net.Proxy$Type
2473:             1             96  java.net.SocketPermission
2474:             3             96  java.nio.file.AccessMode
2475:             3             96  java.nio.file.FileTreeWalker$EventType
2476:             3             96  java.nio.file.StandardCopyOption
2477:             3             96  java.time.ZoneOffset
2478:             2             96  java.time.format.DateTimeFormatterBuilder$TextPrinterParser
2479:             3             96  java.time.format.ResolverStyle
2480:             2             96  java.time.temporal.IsoFields$Unit
2481:             3             96  java.util.Base64$Encoder
2482:             3             96  java.util.concurrent.atomic.AtomicMarkableReference$Pair
2483:             3             96  java.util.regex.Pattern$Dollar
2484:             2             96  java.util.regex.Pattern$Loop
2485:             3             96  java.util.regex.Pattern$Pos
2486:             3             96  java.util.stream.Collector$Characteristics
2487:             3             96  javax.crypto.CryptoPermissions
2488:             4             96  javax.security.auth.login.AppConfigurationEntry$LoginModuleControlFlag
2489:             4             96  javax.security.auth.x500.X500Principal
2490:             3             96  javax.servlet.SessionTrackingMode
2491:             2             96  org.apache.commons.configuration2.interpol.ConfigurationInterpolator
2492:             3             96  org.apache.commons.lang3.text.translate.JavaUnicodeEscaper
2493:             3             96  org.apache.commons.lang3.text.translate.NumericEntityUnescaper$OPTION
2494:             2             96  org.apache.hadoop.fs.permission.FsPermission
2495:             3             96  org.apache.hadoop.hdds.client.DefaultReplicationConfig
2496:             2             96  org.apache.hadoop.hdds.protocol.proto.ReconfigureProtocolProtos$StartReconfigureResponseProto
2497:             2             96  org.apache.hadoop.hdds.scm.proxy.SCMClientConfig
2498:             3             96  org.apache.hadoop.hdds.server.OzoneAdmins
2499:             3             96  org.apache.hadoop.hdds.server.http.HttpConfig$Policy
2500:             3             96  org.apache.hadoop.hdds.utils.SignalLogger$Handler
2501:             3             96  org.apache.hadoop.hdds.utils.db.DelegatedCodec$CopyType
2502:             1             96  org.apache.hadoop.hdds.utils.db.RocksDatabase
2503:             3             96  org.apache.hadoop.hdds.utils.db.cache.CacheResult$CacheStatus
2504:             3             96  org.apache.hadoop.http.HttpConfig$Policy
2505:             3             96  org.apache.hadoop.io.retry.RetryPolicy$RetryAction$RetryDecision
2506:             4             96  org.apache.hadoop.ipc.Client$Connection$RpcRequestSender
2507:             1             96  org.apache.hadoop.ipc.Server$ConnectionManager
2508:             4             96  org.apache.hadoop.net.SocketInputStream
2509:             4             96  org.apache.hadoop.net.SocketOutputStream
2510:             3             96  org.apache.hadoop.ozone.common.Storage$StorageState
2511:             3             96  org.apache.hadoop.ozone.om.OzoneManager$StartupOption
2512:             2             96  org.apache.hadoop.ozone.om.ha.OMHAMetrics
2513:             3             96  org.apache.hadoop.ozone.om.helpers.BucketLayout
2514:             3             96  org.apache.hadoop.ozone.om.lock.OMLockDetails$LockOpType
2515:             3             96  org.apache.hadoop.ozone.om.ratis.OzoneManagerRatisServer$RaftServerStatus
2516:             3             96  org.apache.hadoop.ozone.om.request.file.OMDirectoryCreateRequest$Result
2517:             1             96  org.apache.hadoop.ozone.protocol.proto.OzoneManagerProtocolProtos$FileEncryptionInfoProto
2518:             1             96  org.apache.hadoop.ozone.protocol.proto.OzoneManagerProtocolProtos$SnapshotDiffReportProto
2519:             1             96  org.apache.hadoop.ozone.protocol.proto.OzoneManagerProtocolProtos$SnapshotDiffRequest
2520:             1             96  org.apache.hadoop.ozone.protocol.proto.OzoneManagerProtocolProtos$TenantState
2521:             3             96  org.apache.hadoop.ozone.upgrade.LayoutFeature$UpgradeActionType
2522:             2             96  org.apache.hadoop.ozone.util.ShutdownHookManager$HookEntry
2523:             3             96  org.apache.hadoop.security.UserGroupInformation$LoginParam
2524:             4             96  org.apache.hadoop.thirdparty.com.google.common.cache.LocalCache$AccessQueue
2525:             1             96  org.apache.hadoop.thirdparty.com.google.common.collect.MapMakerInternalMap
2526:             2             96  org.apache.log4j.helpers.COWArrayList
2527:             3             96  org.apache.logging.log4j.core.Filter$Result
2528:             1             96  org.apache.logging.log4j.core.appender.rolling.PatternProcessor
2529:             2             96  org.apache.logging.log4j.core.config.ConfigurationScheduler
2530:             2             96  org.apache.logging.log4j.core.filter.MarkerFilter
2531:             4             96  org.apache.logging.log4j.core.lookup.StrMatcher$StringMatcher
2532:             6             96  org.apache.logging.log4j.message.ParameterizedMessageFactory
2533:             2             96  org.apache.logging.log4j.util.SortedArrayStringMap
2534:             2             96  org.apache.ratis.datastream.SupportedDataStreamType
2535:             4             96  org.apache.ratis.grpc.server.GrpcLogAppender$$Lambda$863/399637406
2536:             4             96  org.apache.ratis.grpc.server.GrpcLogAppender$$Lambda$901/1037418036
2537:             4             96  org.apache.ratis.grpc.server.GrpcLogAppender$$Lambda$908/1560116015
2538:             4             96  org.apache.ratis.grpc.server.GrpcLogAppender$ReplyState
2539:             4             96  org.apache.ratis.metrics.dropwizard3.Dm3TimekeeperImpl$$Lambda$454/1812322267
2540:             1             96  org.apache.ratis.proto.RaftProtos$RaftClientReplyProto
2541:             1             96  org.apache.ratis.proto.RaftProtos$SetConfigurationRequestProto
2542:             3             96  org.apache.ratis.protocol.RaftGroup
2543:             4             96  org.apache.ratis.protocol.RaftPeerId$$Lambda$194/271944754
2544:             4             96  org.apache.ratis.retry.MultipleLinearRandomRetry$$Lambda$909/806216864
2545:             4             96  org.apache.ratis.server.impl.LeaderStateImpl$$Lambda$840/665001156
2546:             4             96  org.apache.ratis.server.impl.LeaderStateImpl$$Lambda$843/1451573082
2547:             4             96  org.apache.ratis.server.impl.LeaderStateImpl$$Lambda$844/666786351
2548:             4             96  org.apache.ratis.server.impl.LeaderStateImpl$$Lambda$845/541335310
2549:             3             96  org.apache.ratis.server.impl.LeaderStateImpl$StateUpdateEvent$Type
2550:             3             96  org.apache.ratis.server.impl.PendingRequests$Acquired
2551:             3             96  org.apache.ratis.server.impl.VoteContext$CheckTermResult
2552:             4             96  org.apache.ratis.server.leader.LogAppenderDaemon$$Lambda$859/278306377
2553:             4             96  org.apache.ratis.server.metrics.LogAppenderMetrics$$Lambda$847/432986592
2554:             4             96  org.apache.ratis.server.metrics.LogAppenderMetrics$$Lambda$849/172521573
2555:             4             96  org.apache.ratis.server.metrics.LogAppenderMetrics$$Lambda$851/231843764
2556:             3             96  org.apache.ratis.server.metrics.RaftServerMetricsImpl$$Lambda$349/1847665064
2557:             3             96  org.apache.ratis.server.protocol.RaftServerProtocol$Op
2558:             3             96  org.apache.ratis.server.storage.RaftStorageMetadata
2559:             4             96  org.apache.ratis.thirdparty.com.google.common.cache.LocalCache$AccessQueue
2560:             4             96  org.apache.ratis.thirdparty.com.google.common.cache.LocalCache$LocalManualCache
2561:             4             96  org.apache.ratis.thirdparty.com.google.common.cache.LocalCache$WriteQueue
2562:             1             96  org.apache.ratis.thirdparty.com.google.common.collect.MapMakerInternalMap
2563:             3             96  org.apache.ratis.thirdparty.com.google.protobuf.Descriptors$DescriptorPool$SearchFilter
2564:             4             96  org.apache.ratis.thirdparty.com.google.protobuf.GeneratedMessageV3$Builder$BuilderParentImpl
2565:             3             96  org.apache.ratis.thirdparty.io.grpc.SecurityLevel
2566:             3             96  org.apache.ratis.thirdparty.io.grpc.ServerServiceDefinition
2567:             3             96  org.apache.ratis.thirdparty.io.grpc.TlsChannelCredentials$Feature
2568:             3             96  org.apache.ratis.thirdparty.io.grpc.TlsServerCredentials$Feature
2569:             2             96  org.apache.ratis.thirdparty.io.grpc.internal.ClientCallImpl$ClientStreamListenerImpl$1MessagesAvailable
2570:             4             96  org.apache.ratis.thirdparty.io.grpc.internal.ManagedChannelImpl$2
2571:             4             96  org.apache.ratis.thirdparty.io.grpc.internal.ManagedChannelImpl$DelayedTransportListener
2572:             4             96  org.apache.ratis.thirdparty.io.grpc.internal.ManagedChannelImpl$IdleModeTimer
2573:             4             96  org.apache.ratis.thirdparty.io.grpc.internal.ManagedChannelImpl$RealChannel$1
2574:             3             96  org.apache.ratis.thirdparty.io.grpc.internal.ManagedChannelImpl$ResolutionState
2575:             4             96  org.apache.ratis.thirdparty.io.grpc.internal.ManagedChannelImpl$RestrictedScheduledExecutor
2576:             4             96  org.apache.ratis.thirdparty.io.grpc.internal.ManagedChannelImpl$SubchannelImpl$1ShutdownSubchannel
2577:             4             96  org.apache.ratis.thirdparty.io.grpc.internal.Rescheduler$FutureRunnable
2578:             4             96  org.apache.ratis.thirdparty.io.grpc.internal.RetriableStream$ChannelBufferMeter
2579:             2             96  org.apache.ratis.thirdparty.io.grpc.internal.ServerImpl$ServerTransportListenerImpl
2580:             3             96  org.apache.ratis.thirdparty.io.grpc.netty.NegotiationType
2581:             2             96  org.apache.ratis.thirdparty.io.grpc.netty.NettyServerHandler$1
2582:             3             96  org.apache.ratis.thirdparty.io.grpc.stub.ClientCalls$StubType
2583:             3             96  org.apache.ratis.thirdparty.io.netty.buffer.UnreleasableByteBuf
2584:             2             96  org.apache.ratis.thirdparty.io.netty.channel.CoalescingBufferQueue
2585:             1             96  org.apache.ratis.thirdparty.io.netty.channel.epoll.AbstractEpollServerChannel$EpollServerSocketUnsafe
2586:             1             96  org.apache.ratis.thirdparty.io.netty.channel.epoll.EpollServerSocketChannelConfig
2587:             3             96  org.apache.ratis.thirdparty.io.netty.handler.codec.http2.HpackDecoder$HeaderType
2588:             3             96  org.apache.ratis.thirdparty.io.netty.handler.codec.http2.HpackUtil$IndexType
2589:             3             96  org.apache.ratis.thirdparty.io.netty.handler.codec.http2.Http2Exception$ShutdownHint
2590:             3             96  org.apache.ratis.thirdparty.io.netty.handler.ssl.SslProvider
2591:             4             96  org.apache.ratis.util.TimeoutTimer$Task$$Lambda$904/523406214
2592:             3             96  org.eclipse.jetty.http.CookieCompliance
2593:             3             96  org.eclipse.jetty.http.HttpMethod$Type
2594:             3             96  org.eclipse.jetty.http.QuotedCSVParser$State
2595:             3             96  org.eclipse.jetty.server.Response$OutputType
2596:             3             96  org.eclipse.jetty.server.handler.ContextHandler$ContextStatus
2597:             1             96  org.eclipse.jetty.server.handler.ErrorHandler
2598:             1             96  org.eclipse.jetty.server.handler.HandlerCollection
2599:             1             96  org.eclipse.jetty.server.session.HouseKeeper
2600:             3             96  org.eclipse.jetty.servlet.ErrorPageErrorHandler$PageLookupTechnique
2601:             3             96  org.eclipse.jetty.util.IteratingCallback$Action
2602:             3             96  org.eclipse.jetty.util.thread.Invocable$InvocationType
2603:             3             96  org.eclipse.jetty.util.thread.strategy.EatWhatYouKill$State
2604:             4             96  org.eclipse.jetty.webapp.ClasspathPattern$ByLocation
2605:             4             96  org.eclipse.jetty.webapp.ClasspathPattern$ByPackage
2606:             3             96  org.ietf.jgss.Oid
2607:             3             96  org.rocksdb.KeyMayExist$KeyMayExistEnum
2608:             2             96  org.rocksdb.RocksDB
2609:             3             96  org.rocksdb.RocksDB$LibraryState
2610:             3             96  picocli.CommandLine$Help$Ansi
2611:             3             96  picocli.CommandLine$Help$Visibility
2612:             3             96  picocli.CommandLine$Model$InitialValueState
2613:             3             96  sun.misc.FloatingDecimal$ExceptionalBinaryToASCIIBuffer
2614:             3             96  sun.misc.Signal
2615:             3             96  sun.nio.ch.NativeThreadSet
2616:             3             96  sun.security.provider.NativePRNG$Variant
2617:             3             96  sun.security.ssl.CipherSuite$CipherType
2618:             2             96  sun.security.x509.PolicyMappingsExtension
2619:             4             96  sun.security.x509.RFC822Name
2620:             3             96  sun.util.resources.ParallelListResourceBundle$KeySet
2621:             1             88  [Lcom.fasterxml.jackson.annotation.JsonFormat$Feature;
2622:             1             88  [Lcom.fasterxml.jackson.databind.ser.impl.ReadOnlyClassToSerializerMap$Bucket;
2623:             1             88  [Lcom.sun.beans.util.Cache$CacheEntry;
2624:             1             88  [Ljava.beans.WeakIdentityMap$Entry;
2625:             1             88  [Ljava.lang.invoke.MethodHandleImpl$Intrinsic;
2626:             1             88  [Ljava.math.RoundingMode;
2627:             3             88  [Ljava.nio.file.FileVisitOption;
2628:             1             88  [Ljdk.net.SocketFlow$Status;
2629:             1             88  [Lorg.apache.hadoop.conf.Configuration$DeprecationDelta;
2630:             1             88  [Lorg.apache.hadoop.metrics2.impl.MsInfo;
2631:             3             88  [Lorg.apache.log4j.Appender;
2632:             1             88  [Lorg.apache.ratis.proto.RaftProtos$RaftClientRequestProto$TypeCase;
2633:             1             88  [Lorg.apache.ratis.server.impl.TransferLeadership$Result$Type;
2634:             3             88  [Lorg.eclipse.jetty.http.CompressedContentFormat;
2635:             1             88  [Lorg.eclipse.jetty.server.HttpChannelState$RequestState;
2636:             1             88  [Lsun.security.ssl.SignatureAndHashAlgorithm$HashAlgorithm;
2637:             1             88  com.ctc.wstx.util.InternCache
2638:             1             88  com.fasterxml.jackson.databind.ser.BeanSerializer
2639:             1             88  java.util.logging.LogManager
2640:             1             88  org.apache.commons.logging.impl.LogFactoryImpl
2641:             1             88  org.apache.hadoop.hdds.protocol.proto.HddsProtos$CompactionLogEntryProto
2642:             1             88  org.apache.hadoop.hdds.protocol.proto.HddsProtos$ExtendedDatanodeDetailsProto
2643:             1             88  org.apache.hadoop.hdds.protocol.proto.StorageContainerLocationProtocolProtos$NodeQueryRequestProto
2644:             1             88  org.apache.hadoop.hdds.protocol.proto.StorageContainerLocationProtocolProtos$PipelineRequestProto
2645:             1             88  org.apache.hadoop.ozone.om.TrashOzoneFileSystem
2646:             1             88  org.apache.hadoop.ozone.om.TrashPolicyOzone
2647:             1             88  org.apache.hadoop.ozone.protocol.proto.OzoneManagerProtocolProtos$CreateSnapshotRequest
2648:             1             88  org.apache.hadoop.ozone.protocol.proto.OzoneManagerProtocolProtos$ListKeysRequest
2649:             1             88  org.apache.hadoop.ozone.protocol.proto.OzoneManagerProtocolProtos$ListSnapshotRequest
2650:             1             88  org.apache.hadoop.ozone.protocol.proto.OzoneManagerProtocolProtos$ListTrashRequest
2651:             1             88  org.apache.hadoop.ozone.protocol.proto.OzoneManagerProtocolProtos$ListVolumeRequest
2652:             1             88  org.apache.hadoop.ozone.protocol.proto.OzoneManagerProtocolProtos$MultipartUploadListPartsRequest
2653:             1             88  org.apache.hadoop.ozone.protocol.proto.OzoneManagerProtocolProtos$MultipartUploadListPartsResponse
2654:             1             88  org.apache.hadoop.ozone.protocol.proto.OzoneManagerProtocolProtos$PurgePathRequest
2655:             1             88  org.apache.hadoop.ozone.protocol.proto.OzoneManagerProtocolProtos$SetVolumePropertyRequest
2656:             1             88  org.apache.hadoop.ozone.protocol.proto.OzoneManagerProtocolProtos$SnapshotMoveDeletedKeysRequest
2657:             1             88  org.apache.hadoop.ozone.protocolPB.OzoneManagerProtocolServerSideTranslatorPB
2658:             1             88  org.apache.hadoop.ozone.storage.proto.OzoneManagerStorageProtos$PersistedPrefixInfo
2659:             1             88  org.apache.hadoop.security.ssl.SSLFactory
2660:             1             88  org.apache.logging.log4j.core.async.AsyncLoggerDisruptor
2661:             1             88  org.apache.logging.log4j.status.StatusLogger
2662:             1             88  org.apache.ratis.proto.RaftProtos$GroupInfoReplyProto
2663:             1             88  org.apache.ratis.proto.RaftProtos$InstallSnapshotRequestProto
2664:             1             88  org.apache.ratis.server.raftlog.segmented.SegmentedRaftLogCache
2665:             1             88  org.apache.ratis.util.DataBlockingQueue
2666:             1             88  org.eclipse.jetty.io.ArrayByteBufferPool
2667:             1             88  sun.security.provider.SHA
2668:             1             88  sun.text.resources.FormatData
2669:             1             88  sun.text.resources.en.FormatData_en
2670:             1             88  sun.text.resources.en.FormatData_en_US
2671:             1             80  [Lcom.fasterxml.jackson.annotation.JsonInclude$Include;
2672:             1             80  [Lcom.fasterxml.jackson.annotation.PropertyAccessor;
2673:             3             80  [Lcom.fasterxml.jackson.databind.ser.BeanPropertyWriter;
2674:             3             80  [Lcom.google.protobuf.Descriptors$ServiceDescriptor;
2675:             1             80  [Lcom.sun.management.VMOption$Origin;
2676:             1             80  [Lio.netty.handler.codec.http2.Http2Stream$State;
2677:             2             80  [Ljava.util.Enumeration;
2678:             1             80  [Lorg.apache.hadoop.conf.Configuration$ParsedTimeDuration;
2679:             1             80  [Lorg.apache.hadoop.conf.StorageUnit;
2680:             2             80  [Lorg.apache.hadoop.hdds.client.ECReplicationConfig$EcCodec;
2681:             1             80  [Lorg.apache.hadoop.hdds.conf.TimeDurationUtil$ParsedTimeDuration;
2682:             2             80  [Lorg.apache.hadoop.hdds.protocol.proto.HddsProtos$QueryScope;
2683:             2             80  [Lorg.apache.hadoop.hdds.protocol.proto.StorageContainerLocationProtocolProtos$PipelineResponseProto$Error;
2684:             2             80  [Lorg.apache.hadoop.metrics2.impl.MetricsSystemImpl$InitMode;
2685:             2             80  [Lorg.apache.hadoop.ozone.OzoneAcl$AclScope;
2686:             2             80  [Lorg.apache.hadoop.ozone.om.request.validation.RequestProcessingPhase;
2687:             2             80  [Lorg.apache.hadoop.ozone.protocol.proto.OzoneManagerProtocolProtos$CipherSuiteProto;
2688:             2             80  [Lorg.apache.hadoop.ozone.protocol.proto.OzoneManagerProtocolProtos$CryptoProtocolVersionProto;
2689:             2             80  [Lorg.apache.hadoop.ozone.protocol.proto.OzoneManagerProtocolProtos$FileChecksumTypeProto;
2690:             2             80  [Lorg.apache.hadoop.ozone.protocol.proto.OzoneManagerProtocolProtos$OzoneObj$StoreType;
2691:             2             80  [Lorg.apache.hadoop.ozone.protocol.proto.OzoneManagerProtocolProtos$SnapshotStatusProto;
2692:             2             80  [Lorg.apache.ratis.datastream.SupportedDataStreamType;
2693:             1             80  [Lorg.apache.ratis.server.impl.LeaderElection$Result;
2694:             1             80  [Lorg.apache.ratis.thirdparty.io.netty.handler.codec.http2.Http2Stream$State;
2695:             2             80  [Lorg.eclipse.jetty.server.Handler;
2696:             1             80  [Lorg.eclipse.jetty.util.IteratingCallback$State;
2697:             1             80  [Lorg.reflections.vfs.Vfs$DefaultUrlTypes;
2698:             2             80  [Lpicocli.CommandLine$ScopeType;
2699:             1             80  [Lsun.security.x509.NetscapeCertTypeExtension$MapEntry;
2700:             2             80  com.fasterxml.jackson.core.StreamWriteCapability
2701:             1             80  com.fasterxml.jackson.databind.cfg.ConfigOverride$Empty
2702:             1             80  com.fasterxml.jackson.databind.util.StdDateFormat
2703:             1             80  com.google.common.collect.HashMultimap
2704:             2             80  com.lmax.disruptor.dsl.ConsumerRepository
2705:             1             80  io.grpc.InternalChannelz$ServerSocketMap
2706:             1             80  io.grpc.MethodDescriptor
2707:             2             80  io.grpc.netty.Utils$DefaultEventLoopGroupResource
2708:             2             80  io.grpc.protobuf.lite.ProtoLiteUtils$MessageMarshaller
2709:             2             80  io.netty.buffer.PooledByteBufAllocator$PoolThreadLocalCache
2710:             1             80  io.netty.util.ResourceLeakDetector$TraceRecord$1
2711:             2             80  java.io.ByteArrayInputStream
2712:             1             80  java.lang.invoke.MethodHandleImpl$WrappedMember
2713:             2             80  java.lang.management.MemoryType
2714:             2             80  java.lang.ref.ReferenceQueue$Null
2715:             2             80  java.lang.reflect.ReflectPermission
2716:             2             80  java.net.URLClassLoader$3
2717:             2             80  java.security.Timestamp
2718:             2             80  java.sql.SQLPermission
2719:             2             80  java.time.format.DateTimeFormatterBuilder$FractionPrinterParser
2720:             2             80  java.util.concurrent.atomic.AtomicLongFieldUpdater$CASUpdater
2721:             2             80  java.util.regex.Pattern$6
2722:             2             80  java.util.regex.Pattern$NotBehind
2723:             2             80  org.apache.commons.configuration2.PropertiesConfigurationLayout$PropertyLayoutData
2724:             1             80  org.apache.commons.logging.impl.WeakHashtable
2725:             2             80  org.apache.hadoop.hdds.client.ReplicationFactor
2726:             2             80  org.apache.hadoop.hdds.protocol.proto.HddsProtos$QueryScope
2727:             1             80  org.apache.hadoop.hdds.protocol.proto.HddsProtos$TokenProto
2728:             1             80  org.apache.hadoop.hdds.protocol.proto.StorageContainerLocationProtocolProtos$ContainerRequestProto
2729:             2             80  org.apache.hadoop.hdds.protocol.proto.StorageContainerLocationProtocolProtos$PipelineResponseProto$Error
2730:             1             80  org.apache.hadoop.hdds.utils.db.RDBMetrics
2731:             2             80  org.apache.hadoop.io.retry.AsyncCallHandler$AsyncCallQueue
2732:             2             80  org.apache.hadoop.io.retry.RetryInvocationHandler$ProxyDescriptor
2733:             2             80  org.apache.hadoop.ipc.Server$AuthProtocol
2734:             2             80  org.apache.hadoop.metrics2.lib.MutableGaugeInt
2735:             1             80  org.apache.hadoop.metrics2.source.JvmMetrics
2736:             2             80  org.apache.hadoop.ozone.audit.AuditEventStatus
2737:             1             80  org.apache.hadoop.ozone.om.OzoneManagerHttpServer
2738:             1             80  org.apache.hadoop.ozone.protocol.proto.OzoneManagerProtocolProtos$AllocateBlockRequest
2739:             1             80  org.apache.hadoop.ozone.protocol.proto.OzoneManagerProtocolProtos$CancelSnapshotDiffRequest
2740:             2             80  org.apache.hadoop.ozone.protocol.proto.OzoneManagerProtocolProtos$CipherSuiteProto
2741:             1             80  org.apache.hadoop.ozone.protocol.proto.OzoneManagerProtocolProtos$CreateTenantRequest
2742:             2             80  org.apache.hadoop.ozone.protocol.proto.OzoneManagerProtocolProtos$CryptoProtocolVersionProto
2743:             1             80  org.apache.hadoop.ozone.protocol.proto.OzoneManagerProtocolProtos$DeleteSnapshotRequest
2744:             2             80  org.apache.hadoop.ozone.protocol.proto.OzoneManagerProtocolProtos$FileChecksumTypeProto
2745:             1             80  org.apache.hadoop.ozone.protocol.proto.OzoneManagerProtocolProtos$ListBucketsRequest
2746:             1             80  org.apache.hadoop.ozone.protocol.proto.OzoneManagerProtocolProtos$MD5MD5Crc32FileChecksumProto
2747:             1             80  org.apache.hadoop.ozone.protocol.proto.OzoneManagerProtocolProtos$MultipartInfoInitiateResponse
2748:             1             80  org.apache.hadoop.ozone.protocol.proto.OzoneManagerProtocolProtos$MultipartUploadCompleteResponse
2749:             2             80  org.apache.hadoop.ozone.protocol.proto.OzoneManagerProtocolProtos$OzoneAclInfo$OzoneAclScope
2750:             1             80  org.apache.hadoop.ozone.protocol.proto.OzoneManagerProtocolProtos$OzoneFileStatusProtoLight
2751:             2             80  org.apache.hadoop.ozone.protocol.proto.OzoneManagerProtocolProtos$OzoneObj$StoreType
2752:             1             80  org.apache.hadoop.ozone.protocol.proto.OzoneManagerProtocolProtos$RecoverTrashRequest
2753:             1             80  org.apache.hadoop.ozone.protocol.proto.OzoneManagerProtocolProtos$SnapshotDiffResponse
2754:             2             80  org.apache.hadoop.ozone.protocol.proto.OzoneManagerProtocolProtos$SnapshotStatusProto
2755:             2             80  org.apache.hadoop.ozone.protocolPB.OzoneManagerRequestHandler
2756:             2             80  org.apache.hadoop.ozone.security.acl.OzoneObj$StoreType
2757:             1             80  org.apache.hadoop.ozone.security.proto.SecurityProtos$TokenProto
2758:             1             80  org.apache.hadoop.thirdparty.com.google.common.collect.HashMultimap
2759:             1             80  org.apache.log4j.Hierarchy
2760:             1             80  org.apache.logging.log4j.core.config.AppenderControl
2761:             1             80  org.apache.logging.log4j.core.impl.Log4jProvider
2762:             2             80  org.apache.logging.log4j.core.jmx.LoggerConfigAdmin
2763:             2             80  org.apache.logging.log4j.core.pattern.LoggerPatternConverter
2764:             2             80  org.apache.logging.log4j.core.util.Source
2765:             2             80  org.apache.logging.log4j.util.PropertiesUtil$Environment
2766:             1             80  org.apache.ratis.proto.RaftProtos$InstallSnapshotReplyProto
2767:             1             80  org.apache.ratis.proto.RaftProtos$RaftClientRequestProto
2768:             1             80  org.apache.ratis.proto.RaftProtos$RoleInfoProto
2769:             2             80  org.apache.ratis.server.impl.LeaderLease
2770:             2             80  org.apache.ratis.server.impl.LeaderStateImpl$EventQueue
2771:             2             80  org.apache.ratis.server.impl.LeaderStateImpl$StartupLogEntry
2772:             2             80  org.apache.ratis.server.impl.PendingRequests
2773:             2             80  org.apache.ratis.server.impl.PendingStepDown
2774:             1             80  org.apache.ratis.thirdparty.com.google.protobuf.DescriptorProtos$MessageOptions
2775:             2             80  org.apache.ratis.thirdparty.com.google.protobuf.Descriptors$DescriptorPool$PackageDescriptor
2776:             1             80  org.apache.ratis.thirdparty.com.google.protobuf.Descriptors$FileDescriptor
2777:             2             80  org.apache.ratis.thirdparty.io.grpc.Context
2778:             1             80  org.apache.ratis.thirdparty.io.grpc.InternalChannelz$ServerSocketMap
2779:             2             80  org.apache.ratis.thirdparty.io.grpc.internal.AbstractStream$TransportState$1RequestRunnable
2780:             2             80  org.apache.ratis.thirdparty.io.grpc.netty.GrpcHttp2HeadersUtils$GrpcHttp2ServerHeadersDecoder
2781:             5             80  org.apache.ratis.thirdparty.io.grpc.netty.ProtocolNegotiators$PlaintextProtocolNegotiator
2782:             2             80  org.apache.ratis.thirdparty.io.grpc.protobuf.lite.ProtoInputStream
2783:             2             80  org.apache.ratis.thirdparty.io.netty.buffer.PooledByteBufAllocator$PoolThreadLocalCache
2784:             1             80  org.apache.ratis.thirdparty.io.netty.util.ResourceLeakDetector$TraceRecord$1
2785:             2             80  org.apache.ratis.util.AutoCloseableReadWriteLock$$Lambda$475/598355171
2786:             2             80  org.eclipse.jetty.server.ResourceContentFactory
2787:             1             80  org.eclipse.jetty.util.BlockingArrayQueue
2788:             1             80  org.eclipse.jetty.util.component.AttributeContainerMap
2789:             2             80  org.eclipse.jetty.webapp.ClasspathPattern
2790:             2             80  org.rocksdb.DataBlockIndexType
2791:             1             80  picocli.CommandLine$Help$ColorScheme
2792:             2             80  sun.misc.URLClassPath$FileLoader
2793:             2             80  sun.security.jca.ProviderList
2794:             1             80  sun.security.ssl.CipherBox
2795:             2             80  sun.security.ssl.EphemeralKeyManager$EphemeralKeyPair
2796:             2             80  sun.security.ssl.SSLAlgorithmConstraints
2797:             2             80  sun.security.ssl.SSLSessionContextImpl
2798:             1             80  sun.util.resources.CalendarData
2799:             1             80  sun.util.resources.CurrencyNames
2800:             1             80  sun.util.resources.TimeZoneNames
2801:             1             80  sun.util.resources.en.CalendarData_en
2802:             1             80  sun.util.resources.en.CurrencyNames_en_US
2803:             1             80  sun.util.resources.en.TimeZoneNames_en
2804:             1             72  [Lcom.fasterxml.jackson.annotation.JsonAutoDetect$Visibility;
2805:             1             72  [Lcom.fasterxml.jackson.core.JsonParser$NumberType;
2806:             1             72  [Lio.grpc.internal.KeepAliveManager$State;
2807:             1             72  [Lio.netty.handler.codec.http2.Http2Headers$PseudoHeaderName;
2808:             1             72  [Ljava.lang.Thread$State;
2809:             3             72  [Ljava.lang.Throwable;
2810:             1             72  [Ljava.time.format.TextStyle;
2811:             1             72  [Lorg.apache.hadoop.io.retry.CallReturn$State;
2812:             1             72  [Lorg.apache.hadoop.ozone.OzoneManagerVersion;
2813:             1             72  [Lorg.apache.hadoop.util.Shell$OSType;
2814:             1             72  [Lorg.apache.logging.log4j.core.LifeCycle$State;
2815:             1             72  [Lorg.apache.logging.log4j.core.appender.rolling.FileExtension;
2816:             1             72  [Lorg.apache.ratis.grpc.server.GrpcLogAppender$Event;
2817:             1             72  [Lorg.apache.ratis.server.impl.FollowerState$UpdateType;
2818:             1             72  [Lorg.apache.ratis.server.leader.LeaderState$StepDownReason;
2819:             1             72  [Lorg.apache.ratis.thirdparty.io.grpc.internal.KeepAliveManager$State;
2820:             1             72  [Lorg.apache.ratis.thirdparty.io.netty.handler.codec.http2.Http2Headers$PseudoHeaderName;
2821:             1             72  [Lorg.apache.ratis.util.TraditionalBinaryPrefix;
2822:             1             72  [Lorg.eclipse.jetty.http.pathmap.PathSpecGroup;
2823:             1             72  [Lorg.eclipse.jetty.io.AbstractEndPoint$State;
2824:             1             72  [Lorg.eclipse.jetty.server.HttpChannelState$InputState;
2825:             1             72  [Lorg.eclipse.jetty.server.HttpOutput$ApiState;
2826:             3             72  [Lorg.eclipse.jetty.servlet.ListenerHolder;
2827:             1             72  [Lsun.security.util.DisabledAlgorithmConstraints$KeySizeConstraint$Operator;
2828:             1             72  com.fasterxml.jackson.annotation.JsonFormat$Value
2829:             1             72  com.fasterxml.jackson.databind.deser.impl.BeanPropertyMap
2830:             3             72  com.fasterxml.jackson.databind.jsontype.impl.StdSubtypeResolver
2831:             3             72  com.fasterxml.jackson.databind.util.RootNameLookup
2832:             1             72  com.google.common.collect.AbstractMapBasedMultimap$AsMap
2833:             1             72  com.google.common.collect.RegularImmutableMap
2834:             1             72  com.google.protobuf.Descriptors$MethodDescriptor
2835:             3             72  com.google.protobuf.TextFormat$Printer
2836:             1             72  com.sun.jmx.interceptor.DefaultMBeanServerInterceptor
2837:             1             72  com.sun.jmx.mbeanserver.DefaultMXBeanMappingFactory$Mappings
2838:             3             72  com.sun.proxy.$Proxy32
2839:             3             72  com.sun.proxy.$Proxy33
2840:             3             72  com.sun.proxy.$Proxy38
2841:             3             72  io.grpc.internal.FixedObjectPool
2842:             3             72  io.grpc.internal.SharedResourcePool
2843:             1             72  io.netty.buffer.UnpooledHeapByteBuf
2844:             1             72  io.netty.channel.ServerChannelRecvByteBufAllocator$1
2845:             1             72  io.netty.channel.group.DefaultChannelGroup
2846:             1             72  io.netty.channel.nio.AbstractNioMessageChannel$NioMessageUnsafe
2847:             1             72  io.netty.handler.codec.http2.CharSequenceMap
2848:             3             72  io.netty.util.concurrent.PromiseTask$SentinelRunnable
2849:             1             72  java.beans.WeakIdentityMap$Entry
2850:             1             72  java.io.PrintWriter
2851:             1             72  java.lang.invoke.BoundMethodHandle$Species_L3
2852:             3             72  java.nio.charset.CodingErrorAction
2853:             3             72  java.text.AttributedCharacterIterator$Attribute
2854:             3             72  java.time.format.DateTimeFormatterBuilder$StringLiteralPrinterParser
2855:             3             72  java.util.Base64$Decoder
2856:             3             72  java.util.concurrent.atomic.AtomicMarkableReference
2857:             3             72  java.util.jar.JarVerifier$3
2858:             1             72  org.apache.commons.configuration2.PropertiesConfigurationLayout
2859:             3             72  org.apache.commons.configuration2.interpol.ConfigurationInterpolator$1
2860:             3             72  org.apache.commons.configuration2.io.ConfigurationLogger
2861:             3             72  org.apache.commons.lang3.text.StrMatcher$StringMatcher
2862:             3             72  org.apache.commons.lang3.text.translate.NumericEntityUnescaper
2863:             1             72  org.apache.hadoop.hdds.protocol.proto.HddsProtos$AddScmRequestProto
2864:             1             72  org.apache.hadoop.hdds.protocol.proto.HddsProtos$DefaultReplicationConfig
2865:             1             72  org.apache.hadoop.hdds.protocol.proto.HddsProtos$ExcludeListProto
2866:             1             72  org.apache.hadoop.hdds.protocol.proto.HddsProtos$GetScmInfoResponseProto
2867:             1             72  org.apache.hadoop.hdds.protocol.proto.HddsProtos$ReplicationManagerReportProto
2868:             1             72  org.apache.hadoop.hdds.protocol.proto.StorageContainerLocationProtocolProtos$ContainerResponseProto
2869:             1             72  org.apache.hadoop.hdds.protocol.proto.StorageContainerLocationProtocolProtos$DatanodeUsageInfoRequestProto
2870:             1             72  org.apache.hadoop.hdds.protocol.proto.StorageContainerLocationProtocolProtos$GetFailedDeletedBlocksTxnRequestProto
2871:             1             72  org.apache.hadoop.hdds.protocol.proto.StorageContainerLocationProtocolProtos$PipelineResponseProto
2872:             1             72  org.apache.hadoop.log.metrics.EventCounter
2873:             1             72  org.apache.hadoop.ozone.om.GrpcOzoneManagerServer
2874:             1             72  org.apache.hadoop.ozone.om.upgrade.OMLayoutVersionManager
2875:             1             72  org.apache.hadoop.ozone.om.upgrade.OMUpgradeFinalizer
2876:             1             72  org.apache.hadoop.ozone.protocol.proto.OzoneManagerProtocolProtos$AddAclRequest
2877:             1             72  org.apache.hadoop.ozone.protocol.proto.OzoneManagerProtocolProtos$BucketEncryptionInfoProto
2878:             1             72  org.apache.hadoop.ozone.protocol.proto.OzoneManagerProtocolProtos$CreateFileResponse
2879:             1             72  org.apache.hadoop.ozone.protocol.proto.OzoneManagerProtocolProtos$CreateKeyResponse
2880:             1             72  org.apache.hadoop.ozone.protocol.proto.OzoneManagerProtocolProtos$DBUpdatesResponse
2881:             1             72  org.apache.hadoop.ozone.protocol.proto.OzoneManagerProtocolProtos$DeleteKeyArgs
2882:             1             72  org.apache.hadoop.ozone.protocol.proto.OzoneManagerProtocolProtos$DeleteKeyResponse
2883:             1             72  org.apache.hadoop.ozone.protocol.proto.OzoneManagerProtocolProtos$DeletedKeys
2884:             1             72  org.apache.hadoop.ozone.protocol.proto.OzoneManagerProtocolProtos$DiffReportEntryProto
2885:             1             72  org.apache.hadoop.ozone.protocol.proto.OzoneManagerProtocolProtos$ExtendedUserAccessIdInfo
2886:             1             72  org.apache.hadoop.ozone.protocol.proto.OzoneManagerProtocolProtos$FileChecksumProto
2887:             1             72  org.apache.hadoop.ozone.protocol.proto.OzoneManagerProtocolProtos$ListMultipartUploadsRequest
2888:             1             72  org.apache.hadoop.ozone.protocol.proto.OzoneManagerProtocolProtos$ListSnapshotDiffJobRequest
2889:             1             72  org.apache.hadoop.ozone.protocol.proto.OzoneManagerProtocolProtos$ListStatusRequest
2890:             1             72  org.apache.hadoop.ozone.protocol.proto.OzoneManagerProtocolProtos$LookupKeyResponse
2891:             1             72  org.apache.hadoop.ozone.protocol.proto.OzoneManagerProtocolProtos$OMLockDetailsProto
2892:             1             72  org.apache.hadoop.ozone.protocol.proto.OzoneManagerProtocolProtos$OpenKeyBucket
2893:             1             72  org.apache.hadoop.ozone.protocol.proto.OzoneManagerProtocolProtos$OzoneObj
2894:             1             72  org.apache.hadoop.ozone.protocol.proto.OzoneManagerProtocolProtos$PartKeyInfo
2895:             1             72  org.apache.hadoop.ozone.protocol.proto.OzoneManagerProtocolProtos$PurgeKeysRequest
2896:             1             72  org.apache.hadoop.ozone.protocol.proto.OzoneManagerProtocolProtos$PurgePathsRequest
2897:             1             72  org.apache.hadoop.ozone.protocol.proto.OzoneManagerProtocolProtos$RecoverLeaseRequest
2898:             1             72  org.apache.hadoop.ozone.protocol.proto.OzoneManagerProtocolProtos$RemoveAclRequest
2899:             1             72  org.apache.hadoop.ozone.protocol.proto.OzoneManagerProtocolProtos$RenameKeysArgs
2900:             1             72  org.apache.hadoop.ozone.protocol.proto.OzoneManagerProtocolProtos$SetAclRequest
2901:             1             72  org.apache.hadoop.ozone.protocol.proto.OzoneManagerProtocolProtos$SetTimesRequest
2902:             1             72  org.apache.hadoop.ozone.protocol.proto.OzoneManagerProtocolProtos$SnapshotInfoRequest
2903:             1             72  org.apache.hadoop.ozone.protocol.proto.OzoneManagerProtocolProtos$SnapshotProperty
2904:             1             72  org.apache.hadoop.ozone.protocol.proto.OzoneManagerProtocolProtos$TenantAssignUserAccessIdRequest
2905:             1             72  org.apache.hadoop.ozone.protocol.proto.OzoneManagerProtocolProtos$UserInfo
2906:             1             72  org.apache.hadoop.ozone.security.acl.OzoneNativeAuthorizer
2907:             1             72  org.apache.hadoop.ozone.storage.proto.OzoneManagerStorageProtos$PersistedUserVolumeInfo
2908:             1             72  org.apache.hadoop.security.UserGroupInformation$LoginParams
2909:             1             72  org.apache.hadoop.security.UserGroupInformation$UgiMetrics
2910:             1             72  org.apache.log4j.helpers.PatternParser
2911:             1             72  org.apache.log4j.spi.RootLogger
2912:             1             72  org.apache.logging.log4j.core.appender.rolling.RollingFileManager$EmptyQueue
2913:             3             72  org.apache.logging.log4j.core.config.AppenderControlArraySet
2914:             1             72  org.apache.logging.log4j.core.config.ConfigurationFileWatcher
2915:             1             72  org.apache.logging.log4j.core.config.status.StatusConfiguration
2916:             1             72  org.apache.logging.log4j.core.jmx.StatusLoggerAdmin
2917:             1             72  org.apache.logging.log4j.core.pattern.DatePatternConverter
2918:             3             72  org.apache.logging.log4j.core.util.datetime.FastDateParser$CopyQuotedStrategy
2919:             3             72  org.apache.logging.log4j.core.util.datetime.FastDatePrinter$CharacterLiteral
2920:             1             72  org.apache.ratis.proto.RaftProtos$GroupManagementRequestProto
2921:             1             72  org.apache.ratis.proto.RaftProtos$LeaderElectionManagementRequestProto
2922:             1             72  org.apache.ratis.proto.RaftProtos$RequestVoteRequestProto
2923:             1             72  org.apache.ratis.proto.RaftProtos$SnapshotManagementRequestProto
2924:             3             72  org.apache.ratis.protocol.RaftPeerId$$Lambda$396/262194495
2925:             1             72  org.apache.ratis.server.impl.RoleInfo
2926:             1             72  org.apache.ratis.server.impl.SnapshotInstallationHandler
2927:             1             72  org.apache.ratis.thirdparty.io.netty.buffer.UnpooledHeapByteBuf
2928:             3             72  org.apache.ratis.thirdparty.io.netty.channel.ChannelMetadata
2929:             1             72  org.apache.ratis.thirdparty.io.netty.channel.ServerChannelRecvByteBufAllocator$1
2930:             1             72  org.apache.ratis.thirdparty.io.netty.channel.group.DefaultChannelGroup
2931:             1             72  org.apache.ratis.thirdparty.io.netty.handler.codec.http2.CharSequenceMap
2932:             3             72  org.apache.ratis.thirdparty.io.netty.util.concurrent.PromiseTask$SentinelRunnable
2933:             3             72  org.eclipse.jetty.http.MimeTypes
2934:             3             72  org.eclipse.jetty.server.AllowedResourceAliasChecker$AllowedResourceAliasCheckListener
2935:             3             72  org.eclipse.jetty.server.session.SessionHandler$CookieConfig
2936:             3             72  org.eclipse.jetty.util.AttributesMap
2937:             3             72  org.eclipse.jetty.util.DecoratedObjectFactory
2938:             1             72  org.eclipse.jetty.webapp.StandardDescriptorProcessor
2939:             1             72  sun.management.MappedMXBeanType$MapMXBeanType
2940:             1             72  sun.security.util.AuthResources
2941:             3             72  sun.text.normalizer.NormalizerBase$QuickCheckResult
2942:             1             64  [Lcom.fasterxml.jackson.annotation.Nulls;
2943:             1             64  [Lcom.fasterxml.jackson.core.JsonEncoding;
2944:             1             64  [Lcom.google.common.cache.RemovalCause;
2945:             2             64  [Lcom.lmax.disruptor.Sequence;
2946:             2             64  [Lcom.sun.jmx.mbeanserver.ClassLoaderRepositorySupport$LoaderEntry;
2947:             1             64  [Lio.grpc.MethodDescriptor$MethodType;
2948:             1             64  [Lio.netty.handler.logging.LogLevel;
2949:             1             64  [Lio.netty.util.internal.logging.InternalLogLevel;
2950:             1             64  [Ljava.time.format.SignStyle;
2951:             1             64  [Ljava.util.stream.StreamOpFlag;
2952:             1             64  [Ljavax.servlet.DispatcherType;
2953:             1             64  [Lorg.apache.hadoop.hdds.server.http.HttpServer2Metrics$HttpServer2MetricsInfo;
2954:             1             64  [Lorg.apache.hadoop.hdds.utils.TableCacheMetrics$MetricsInfos;
2955:             1             64  [Lorg.apache.hadoop.metrics2.util.Quantile;
2956:             1             64  [Lorg.apache.hadoop.ozone.ClientVersion;
2957:             1             64  [Lorg.apache.hadoop.ozone.om.request.file.OMFileRequest$OMDirectoryResult;
2958:             1             64  [Lorg.apache.hadoop.ozone.upgrade.UpgradeFinalizer$Status;
2959:             1             64  [Lorg.apache.hadoop.security.SaslRpcServer$AuthMethod;
2960:             1             64  [Lorg.apache.hadoop.thirdparty.com.google.common.cache.RemovalCause;
2961:             2             64  [Lorg.apache.logging.log4j.core.Filter;
2962:             2             64  [Lorg.apache.logging.log4j.core.pattern.FormattingInfo;
2963:             1             64  [Lorg.apache.logging.log4j.core.pattern.PatternParser$ParserState;
2964:             1             64  [Lorg.apache.ratis.server.raftlog.segmented.LogSegment$Op;
2965:             1             64  [Lorg.apache.ratis.server.storage.RaftStorageDirectoryImpl$StorageState;
2966:             1             64  [Lorg.apache.ratis.thirdparty.com.google.common.cache.RemovalCause;
2967:             1             64  [Lorg.apache.ratis.thirdparty.io.grpc.ConnectivityState;
2968:             1             64  [Lorg.apache.ratis.thirdparty.io.grpc.MethodDescriptor$MethodType;
2969:             1             64  [Lorg.apache.ratis.thirdparty.io.netty.handler.logging.LogLevel;
2970:             1             64  [Lorg.apache.ratis.thirdparty.io.netty.util.internal.logging.InternalLogLevel;
2971:             1             64  [Lorg.eclipse.jetty.http.HttpGenerator$State;
2972:             1             64  [Lorg.eclipse.jetty.http.HttpParser$FieldState;
2973:             1             64  [Lorg.eclipse.jetty.http.HttpTokens$EndOfContent;
2974:             1             64  [Lorg.eclipse.jetty.server.HttpChannelState$State;
2975:             1             64  [Lorg.eclipse.jetty.server.handler.ContextHandler$Availability;
2976:             2             64  [Lorg.eclipse.jetty.server.handler.ContextHandler;
2977:             2             64  [Lorg.eclipse.jetty.server.handler.ContextHandlerCollection$Branch;
2978:             1             64  [Lorg.eclipse.jetty.util.thread.ReservedThreadExecutor$State;
2979:             1             64  [Lorg.rocksdb.ChecksumType;
2980:             1             64  [Lpicocli.CommandLine$ParseResult$GroupValidationResult$Type;
2981:             1             64  [Lsun.security.jca.ServiceId;
2982:             1             64  [Lsun.security.ssl.SignatureAndHashAlgorithm$SignatureAlgorithm;
2983:             1             64  [Lsun.util.locale.provider.LocaleProviderAdapter$Type;
2984:             1             64  [[Ljava.lang.invoke.LambdaForm$Name;
2985:             1             64  com.fasterxml.jackson.core.util.DefaultPrettyPrinter
2986:             2             64  com.fasterxml.jackson.databind.AnnotationIntrospector$ReferenceProperty$Type
2987:             1             64  com.fasterxml.jackson.databind.ObjectWriter
2988:             2             64  com.fasterxml.jackson.databind.deser.impl.NullsConstantProvider
2989:             2             64  com.fasterxml.jackson.databind.ser.std.BooleanSerializer
2990:             1             64  com.google.common.cache.CacheStats
2991:             2             64  com.google.common.graph.MapIteratorCache
2992:             1             64  com.google.common.io.BaseEncoding$Base16Encoding
2993:             1             64  com.google.protobuf.DescriptorProtos$EnumOptions
2994:             1             64  com.google.protobuf.DescriptorProtos$MessageOptions
2995:             2             64  com.lmax.disruptor.dsl.BasicExecutor
2996:             2             64  com.lmax.disruptor.dsl.ProducerType
2997:             1             64  com.sun.beans.finder.MethodFinder$1
2998:             2             64  com.sun.jmx.mbeanserver.ClassLoaderRepositorySupport$LoaderEntry
2999:             1             64  com.sun.jmx.mbeanserver.JmxMBeanServer
3000:             2             64  com.sun.jmx.mbeanserver.WeakIdentityHashMap
3001:             2             64  io.grpc.CallOptions$Key
3002:             2             64  io.grpc.DecompressorRegistry$DecompressorInfo
3003:             2             64  io.grpc.internal.MessageDeframer$State
3004:             2             64  io.grpc.netty.Utils$EventLoopGroupType
3005:             1             64  io.netty.bootstrap.ServerBootstrap$ServerBootstrapAcceptor
3006:             2             64  io.netty.buffer.PoolArena$SizeClass
3007:             2             64  io.netty.handler.codec.http2.Http2FrameLogger$Direction
3008:             1             64  io.netty.util.ResourceLeakDetector
3009:             2             64  io.netty.util.concurrent.DefaultEventExecutorChooserFactory$PowerOfTwoEventExecutorChooser
3010:             2             64  java.io.File$PathStatus
3011:             4             64  java.lang.ClassValue$Identity
3012:             2             64  java.net.InetAddress$Cache
3013:             2             64  java.net.InetAddress$Cache$Type
3014:             2             64  java.net.StandardProtocolFamily
3015:             2             64  java.security.AllPermissionCollection
3016:             2             64  java.time.LocalDateTime
3017:             2             64  java.time.OffsetDateTime
3018:             2             64  java.time.OffsetTime
3019:             2             64  java.time.format.DateTimeFormatterBuilder$1
3020:             2             64  java.time.format.DateTimeFormatterBuilder$ZoneIdPrinterParser
3021:             2             64  java.time.format.DateTimeTextProvider$LocaleStore
3022:             2             64  java.util.Collections$3
3023:             2             64  java.util.Currency
3024:             1             64  java.util.ResourceBundle$1
3025:             1             64  java.util.ServiceLoader$LazyIterator
3026:             2             64  java.util.logging.Logger$LoggerBundle
3027:             2             64  java.util.regex.Pattern$Prolog
3028:             2             64  javax.security.auth.login.LoginContext$ModuleInfo
3029:             1             64  org.apache.commons.configuration2.io.FileLocator
3030:             2             64  org.apache.commons.configuration2.io.HomeDirectoryLocationStrategy
3031:             2             64  org.apache.commons.configuration2.sync.LockMode
3032:             2             64  org.apache.hadoop.hdds.client.ECReplicationConfig$EcCodec
3033:             1             64  org.apache.hadoop.hdds.protocol.proto.HddsProtos$KeyValue
3034:             1             64  org.apache.hadoop.hdds.protocol.proto.HddsProtos$UpgradeFinalizationStatus
3035:             1             64  org.apache.hadoop.hdds.protocol.proto.ScmBlockLocationProtocolProtos$AllocateBlockResponse
3036:             1             64  org.apache.hadoop.hdds.protocol.proto.ScmBlockLocationProtocolProtos$DeleteKeyBlocksResultProto
3037:             1             64  org.apache.hadoop.hdds.protocol.proto.ScmBlockLocationProtocolProtos$DeleteScmBlockResult
3038:             1             64  org.apache.hadoop.hdds.protocol.proto.ScmBlockLocationProtocolProtos$KeyBlocks
3039:             1             64  org.apache.hadoop.hdds.protocol.proto.ScmBlockLocationProtocolProtos$UserInfo
3040:             1             64  org.apache.hadoop.hdds.protocol.proto.StorageContainerLocationProtocolProtos$ActivatePipelineRequestProto
3041:             1             64  org.apache.hadoop.hdds.protocol.proto.StorageContainerLocationProtocolProtos$ClosePipelineRequestProto
3042:             1             64  org.apache.hadoop.hdds.protocol.proto.StorageContainerLocationProtocolProtos$DeactivatePipelineRequestProto
3043:             1             64  org.apache.hadoop.hdds.protocol.proto.StorageContainerLocationProtocolProtos$GetContainerReplicasRequestProto
3044:             1             64  org.apache.hadoop.hdds.protocol.proto.StorageContainerLocationProtocolProtos$GetContainerRequestProto
3045:             1             64  org.apache.hadoop.hdds.protocol.proto.StorageContainerLocationProtocolProtos$GetContainerWithPipelineRequestProto
3046:             1             64  org.apache.hadoop.hdds.protocol.proto.StorageContainerLocationProtocolProtos$GetExistContainerWithPipelinesInBatchRequestProto
3047:             1             64  org.apache.hadoop.hdds.protocol.proto.StorageContainerLocationProtocolProtos$GetPipelineRequestProto
3048:             1             64  org.apache.hadoop.hdds.protocol.proto.StorageContainerLocationProtocolProtos$ResetDeletedBlockRetryCountRequestProto
3049:             1             64  org.apache.hadoop.hdds.protocol.proto.StorageContainerLocationProtocolProtos$SCMCloseContainerRequestProto
3050:             1             64  org.apache.hadoop.hdds.protocol.proto.StorageContainerLocationProtocolProtos$SCMDeleteContainerRequestProto
3051:             1             64  org.apache.hadoop.hdds.protocol.proto.StorageContainerLocationProtocolProtos$StartMaintenanceNodesRequestProto
3052:             2             64  org.apache.hadoop.hdds.server.http.RatisDropwizardExports$MetricReporter
3053:             1             64  org.apache.hadoop.hdds.utils.DBCheckpointMetrics
3054:             2             64  org.apache.hadoop.hdds.utils.db.cache.TableCache$CacheType
3055:             2             64  org.apache.hadoop.hdds.utils.db.managed.ManagedRocksDB
3056:             2             64  org.apache.hadoop.io.retry.AsyncCallHandler
3057:             2             64  org.apache.hadoop.io.retry.AsyncCallHandler$AsyncCallQueue$Processor
3058:             2             64  org.apache.hadoop.io.retry.AsyncCallHandler$ConcurrentQueue
3059:             2             64  org.apache.hadoop.metrics2.MetricType
3060:             2             64  org.apache.hadoop.metrics2.impl.MetricCounterInt
3061:             2             64  org.apache.hadoop.metrics2.impl.MetricsSystemImpl$InitMode
3062:             1             64  org.apache.hadoop.metrics2.lib.DefaultMetricsSystem
3063:             2             64  org.apache.hadoop.ozone.OzoneAcl$AclScope
3064:             1             64  org.apache.hadoop.ozone.om.SnapshotChainManager
3065:             2             64  org.apache.hadoop.ozone.om.ha.OMHAMetrics$OMHAMetricsInfo
3066:             1             64  org.apache.hadoop.ozone.om.ratis.metrics.OzoneManagerDoubleBufferMetrics
3067:             2             64  org.apache.hadoop.ozone.om.request.OMClientRequest$Result
3068:             2             64  org.apache.hadoop.ozone.om.request.validation.RequestProcessingPhase
3069:             1             64  org.apache.hadoop.ozone.protocol.proto.OzoneManagerProtocolProtos$CheckVolumeAccessRequest
3070:             1             64  org.apache.hadoop.ozone.protocol.proto.OzoneManagerProtocolProtos$CommitKeyRequest
3071:             1             64  org.apache.hadoop.ozone.protocol.proto.OzoneManagerProtocolProtos$CompositeCrcFileChecksumProto
3072:             1             64  org.apache.hadoop.ozone.protocol.proto.OzoneManagerProtocolProtos$CreateFileRequest
3073:             1             64  org.apache.hadoop.ozone.protocol.proto.OzoneManagerProtocolProtos$CreateKeyRequest
3074:             1             64  org.apache.hadoop.ozone.protocol.proto.OzoneManagerProtocolProtos$DBUpdatesRequest
3075:             1             64  org.apache.hadoop.ozone.protocol.proto.OzoneManagerProtocolProtos$DeleteBucketRequest
3076:             1             64  org.apache.hadoop.ozone.protocol.proto.OzoneManagerProtocolProtos$DeleteOpenKeysRequest
3077:             1             64  org.apache.hadoop.ozone.protocol.proto.OzoneManagerProtocolProtos$DeleteTenantResponse
3078:             1             64  org.apache.hadoop.ozone.protocol.proto.OzoneManagerProtocolProtos$EchoRPCRequest
3079:             1             64  org.apache.hadoop.ozone.protocol.proto.OzoneManagerProtocolProtos$GetS3VolumeContextResponse
3080:             1             64  org.apache.hadoop.ozone.protocol.proto.OzoneManagerProtocolProtos$MultipartCommitUploadPartRequest
3081:             1             64  org.apache.hadoop.ozone.protocol.proto.OzoneManagerProtocolProtos$MultipartUploadCompleteRequest
3082:             1             64  org.apache.hadoop.ozone.protocol.proto.OzoneManagerProtocolProtos$OpenKey
3083:             1             64  org.apache.hadoop.ozone.protocol.proto.OzoneManagerProtocolProtos$Part
3084:             1             64  org.apache.hadoop.ozone.protocol.proto.OzoneManagerProtocolProtos$PrepareRequestArgs
3085:             1             64  org.apache.hadoop.ozone.protocol.proto.OzoneManagerProtocolProtos$PrepareStatusResponse
3086:             1             64  org.apache.hadoop.ozone.protocol.proto.OzoneManagerProtocolProtos$PrintCompactionLogDagRequest
3087:             1             64  org.apache.hadoop.ozone.protocol.proto.OzoneManagerProtocolProtos$PurgeDirectoriesRequest
3088:             1             64  org.apache.hadoop.ozone.protocol.proto.OzoneManagerProtocolProtos$RenameKeyRequest
3089:             1             64  org.apache.hadoop.ozone.protocol.proto.OzoneManagerProtocolProtos$S3Secret
3090:             1             64  org.apache.hadoop.ozone.protocol.proto.OzoneManagerProtocolProtos$SetBucketPropertyRequest
3091:             1             64  org.apache.hadoop.ozone.protocol.proto.OzoneManagerProtocolProtos$SetS3SecretRequest
3092:             1             64  org.apache.hadoop.ozone.protocol.proto.OzoneManagerProtocolProtos$SetS3SecretResponse
3093:             1             64  org.apache.hadoop.ozone.protocol.proto.OzoneManagerProtocolProtos$SnapshotPurgeRequest
3094:             1             64  org.apache.hadoop.ozone.protocol.proto.OzoneManagerProtocolProtos$TenantAssignAdminRequest
3095:             1             64  org.apache.hadoop.ozone.protocol.proto.OzoneManagerProtocolProtos$TenantListUserRequest
3096:             1             64  org.apache.hadoop.ozone.protocol.proto.OzoneManagerProtocolProtos$TenantRevokeAdminRequest
3097:             1             64  org.apache.hadoop.ozone.protocol.proto.OzoneManagerProtocolProtos$TenantRevokeUserAccessIdRequest
3098:             1             64  org.apache.hadoop.ozone.protocol.proto.OzoneManagerProtocolProtos$UpdateGetDelegationTokenRequest
3099:             1             64  org.apache.hadoop.ozone.protocol.proto.OzoneManagerProtocolProtos$UpdateGetS3SecretRequest
3100:             1             64  org.apache.hadoop.ozone.protocol.proto.OzoneManagerProtocolProtos$UpdateRenewDelegationTokenRequest
3101:             2             64  org.apache.hadoop.security.ssl.SSLFactory$Mode
3102:             1             64  org.apache.hadoop.thirdparty.com.google.common.cache.CacheStats
3103:             1             64  org.apache.logging.log4j.core.Logger$PrivateConfig
3104:             2             64  org.apache.logging.log4j.core.async.TimeoutBlockingWaitStrategy
3105:             2             64  org.apache.logging.log4j.core.config.plugins.util.PluginManager
3106:             2             64  org.apache.logging.log4j.core.config.status.StatusConfiguration$Verbosity
3107:             1             64  org.apache.logging.log4j.core.jmx.LoggerContextAdmin
3108:             2             64  org.apache.logging.log4j.core.jmx.RingBufferAdmin
3109:             2             64  org.apache.logging.log4j.core.pattern.FormattingInfo
3110:             1             64  org.apache.logging.log4j.core.pattern.ThrowablePatternConverter
3111:             2             64  org.apache.logging.log4j.util.PropertyFilePropertySource
3112:             2             64  org.apache.ratis.grpc.server.GrpcLogAppender$$Lambda$882/1904266589
3113:             2             64  org.apache.ratis.grpc.server.GrpcLogAppender$BatchLogKey
3114:             2             64  org.apache.ratis.metrics.dropwizard3.Dm3RatisMetricRegistryImpl$$Lambda$333/559073212
3115:             1             64  org.apache.ratis.proto.RaftProtos$FollowerInfoProto
3116:             1             64  org.apache.ratis.proto.RaftProtos$GroupInfoRequestProto
3117:             1             64  org.apache.ratis.proto.RaftProtos$GroupListReplyProto
3118:             1             64  org.apache.ratis.proto.RaftProtos$LeaderInfoProto
3119:             1             64  org.apache.ratis.proto.RaftProtos$ReadIndexReplyProto
3120:             1             64  org.apache.ratis.proto.RaftProtos$ReadIndexRequestProto
3121:             1             64  org.apache.ratis.proto.RaftProtos$RequestVoteReplyProto
3122:             1             64  org.apache.ratis.proto.RaftProtos$ServerRpcProto
3123:             1             64  org.apache.ratis.proto.RaftProtos$StartLeaderElectionRequestProto
3124:             1             64  org.apache.ratis.proto.RaftProtos$TransferLeadershipRequestProto
3125:             2             64  org.apache.ratis.proto.grpc.RaftClientProtocolServiceGrpc$MethodHandlers
3126:             2             64  org.apache.ratis.proto.grpc.RaftServerProtocolServiceGrpc$RaftServerProtocolServiceBlockingStub
3127:             2             64  org.apache.ratis.server.RaftServerConfigKeys$Log$CorruptionPolicy
3128:             2             64  org.apache.ratis.server.RaftServerConfigKeys$Read$Option
3129:             2             64  org.apache.ratis.server.impl.LeaderElection$Phase
3130:             2             64  org.apache.ratis.server.impl.LeaderStateImpl$FollowerInfoMap
3131:             2             64  org.apache.ratis.server.impl.MessageStreamRequests
3132:             2             64  org.apache.ratis.server.impl.RaftServerImpl$$Lambda$888/817743718
3133:             2             64  org.apache.ratis.server.impl.ReadIndexHeartbeats
3134:             2             64  org.apache.ratis.server.impl.ReadIndexHeartbeats$AppendEntriesListeners
3135:             1             64  org.apache.ratis.server.metrics.LeaderElectionMetrics
3136:             2             64  org.apache.ratis.server.metrics.RaftServerMetricsImpl$$Lambda$842/1889463402
3137:             2             64  org.apache.ratis.server.storage.RaftStorage$StartupOption
3138:             2             64  org.apache.ratis.thirdparty.com.google.common.collect.ImmutableMapEntry
3139:             1             64  org.apache.ratis.thirdparty.com.google.common.io.BaseEncoding$Base16Encoding
3140:             1             64  org.apache.ratis.thirdparty.com.google.common.util.concurrent.ThreadFactoryBuilder$1
3141:             2             64  org.apache.ratis.thirdparty.com.google.protobuf.TextFormat$Parser$SingularOverwritePolicy
3142:             2             64  org.apache.ratis.thirdparty.io.grpc.DecompressorRegistry$DecompressorInfo
3143:             2             64  org.apache.ratis.thirdparty.io.grpc.InternalKnownTransport
3144:             1             64  org.apache.ratis.thirdparty.io.grpc.internal.ManagedChannelServiceConfig
3145:             2             64  org.apache.ratis.thirdparty.io.grpc.internal.MessageDeframer$State
3146:             4             64  org.apache.ratis.thirdparty.io.grpc.netty.NettyChannelBuilder$LocalSocketPicker
3147:             2             64  org.apache.ratis.thirdparty.io.grpc.netty.NettyClientStream$Sink$2
3148:             2             64  org.apache.ratis.thirdparty.io.grpc.netty.NettyServer$1$1LoopReleaser
3149:             2             64  org.apache.ratis.thirdparty.io.grpc.netty.NettyServerHandler$FrameListener
3150:             2             64  org.apache.ratis.thirdparty.io.grpc.netty.NettyServerHandler$KeepAlivePinger
3151:             2             64  org.apache.ratis.thirdparty.io.grpc.netty.NettyServerHandler$WriteMonitoringFrameWriter
3152:             2             64  org.apache.ratis.thirdparty.io.grpc.netty.NettyServerTransport$1TerminationNotifier
3153:             2             64  org.apache.ratis.thirdparty.io.grpc.netty.Utils$EventLoopGroupType
3154:             1             64  org.apache.ratis.thirdparty.io.netty.bootstrap.ServerBootstrap$ServerBootstrapAcceptor
3155:             2             64  org.apache.ratis.thirdparty.io.netty.buffer.PoolArena$SizeClass
3156:             2             64  org.apache.ratis.thirdparty.io.netty.channel.DelegatingChannelPromiseNotifier
3157:             2             64  org.apache.ratis.thirdparty.io.netty.handler.codec.http2.Http2FrameLogger$Direction
3158:             2             64  org.apache.ratis.thirdparty.io.netty.handler.codec.http2.Http2InboundFrameLogger$1
3159:             1             64  org.apache.ratis.thirdparty.io.netty.util.ResourceLeakDetector
3160:             4             64  org.bouncycastle.jcajce.provider.asymmetric.ecgost12.KeyFactorySpi
3161:             1             64  org.bouncycastle.jce.provider.BouncyCastleProviderConfiguration
3162:             2             64  org.eclipse.jetty.server.HttpInput$EofContent
3163:             2             64  org.eclipse.jetty.server.MultiPartFormDataCompliance
3164:             2             64  org.eclipse.jetty.server.handler.ContextHandlerCollection$Branch
3165:             2             64  org.eclipse.jetty.servlet.Source
3166:             1             64  org.eclipse.jetty.webapp.WebAppContext$Context
3167:             1             64  picocli.CommandLine$Help$Ansi$Text
3168:             2             64  picocli.CommandLine$ParseResult$GroupValidationResult
3169:             2             64  picocli.CommandLine$ScopeType
3170:             1             64  sun.management.DiagnosticCommandImpl
3171:             2             64  sun.management.ManagementFactoryHelper$1
3172:             1             64  sun.management.MappedMXBeanType$CompositeDataMXBeanType
3173:             2             64  sun.misc.CompoundEnumeration
3174:             4             64  sun.net.www.protocol.jar.Handler
3175:             4             64  sun.nio.ch.FileDispatcherImpl
3176:             2             64  sun.reflect.generics.tree.Wildcard
3177:             2             64  sun.security.jca.ProviderList$3
3178:             2             64  sun.security.util.DisabledAlgorithmConstraints$KeySizeConstraint
3179:             2             64  sun.security.x509.CertificatePolicyMap
3180:             2             64  sun.util.locale.LocaleExtensions
3181:             1             56  [Lcom.fasterxml.jackson.core.JsonFactory$Feature;
3182:             1             56  [Lcom.fasterxml.jackson.databind.cfg.ConstructorDetector$SingleArgConstructor;
3183:             1             56  [Lcom.google.common.base.Predicates$ObjectPredicate;
3184:             1             56  [Lcom.google.common.collect.AbstractIterator$State;
3185:             1             56  [Lcom.google.common.graph.ElementOrder$Type;
3186:             1             56  [Lio.grpc.ChannelLogger$ChannelLogLevel;
3187:             1             56  [Lio.netty.util.ResourceLeakDetector$Level;
3188:             1             56  [Ljava.lang.OutOfMemoryError;
3189:             1             56  [Ljava.lang.UNIXProcess$Platform;
3190:             1             56  [Ljava.nio.file.FileVisitResult;
3191:             1             56  [Ljava.text.Normalizer$Form;
3192:             1             56  [Ljava.time.format.DateTimeFormatterBuilder$SettingsParser;
3193:             1             56  [Ljava.time.temporal.IsoFields$Field;
3194:             1             56  [Ljava.util.stream.StreamShape;
3195:             1             56  [Lorg.apache.hadoop.hdds.protocol.StorageType;
3196:             1             56  [Lorg.apache.hadoop.hdds.scm.pipeline.Pipeline$PipelineState;
3197:             1             56  [Lorg.apache.hadoop.ozone.audit.AuditLoggerType;
3198:             1             56  [Lorg.apache.hadoop.ozone.om.OzoneManager$State;
3199:             1             56  [Lorg.apache.hadoop.ozone.security.acl.OzoneObj$ResourceType;
3200:             1             56  [Lorg.apache.hadoop.thirdparty.com.google.common.collect.MapMakerInternalMap$Segment;
3201:             2             56  [Lorg.apache.logging.log4j.core.config.AppenderControl;
3202:             2             56  [Lorg.apache.logging.log4j.core.config.AppenderRef;
3203:             1             56  [Lorg.apache.ratis.proto.RaftProtos$LogEntryProto$LogEntryBodyCase;
3204:             1             56  [Lorg.apache.ratis.server.impl.StateMachineUpdater$State;
3205:             1             56  [Lorg.apache.ratis.thirdparty.com.google.common.collect.MapMakerInternalMap$Segment;
3206:             1             56  [Lorg.apache.ratis.thirdparty.io.grpc.ChannelLogger$ChannelLogLevel;
3207:             1             56  [Lorg.apache.ratis.thirdparty.io.grpc.InternalChannelz$ChannelTrace$Event$Severity;
3208:             1             56  [Lorg.apache.ratis.thirdparty.io.grpc.internal.ClientStreamListener$RpcProgress;
3209:             1             56  [Lorg.apache.ratis.thirdparty.io.netty.util.ResourceLeakDetector$Level;
3210:             1             56  [Lorg.eclipse.jetty.http.HttpScheme;
3211:             1             56  [Lorg.eclipse.jetty.http.HttpVersion;
3212:             1             56  [Lorg.eclipse.jetty.server.HttpChannelState$OutputState;
3213:             1             56  [Lorg.eclipse.jetty.server.HttpOutput$State;
3214:             1             56  [Lorg.eclipse.jetty.servlet.Source$Origin;
3215:             1             56  [Lorg.eclipse.jetty.util.component.ContainerLifeCycle$Managed;
3216:             1             56  [Lorg.eclipse.jetty.util.thread.strategy.EatWhatYouKill$Mode;
3217:             1             56  [Lorg.rocksdb.IndexType;
3218:             1             56  [Lorg.rocksdb.TableFileCreationReason;
3219:             1             56  [Lpicocli.CommandLine$TraceLevel;
3220:             1             56  [Lsun.misc.FormattedFloatingDecimal$Form;
3221:             1             56  [Lsun.security.ssl.CipherSuite$PRF;
3222:             1             56  com.fasterxml.jackson.databind.cfg.DeserializerFactoryConfig
3223:             1             56  com.fasterxml.jackson.databind.introspect.DefaultAccessorNamingStrategy$Provider
3224:             1             56  com.google.protobuf.DescriptorProtos$EnumValueOptions
3225:             1             56  com.google.protobuf.DescriptorProtos$MethodOptions
3226:             1             56  com.google.protobuf.DescriptorProtos$ServiceOptions
3227:             1             56  com.google.protobuf.Descriptors$ServiceDescriptor
3228:             1             56  com.lmax.disruptor.TimeoutException
3229:             1             56  com.sun.jmx.mbeanserver.MBeanServerDelegateImpl
3230:             1             56  io.grpc.InternalChannelz
3231:             1             56  io.grpc.internal.CallTracer
3232:             1             56  io.netty.util.concurrent.DefaultPromise$StacklessCancellationException
3233:             1             56  java.beans.ThreadGroupContext
3234:             1             56  java.io.FileNotFoundException
3235:             1             56  java.lang.ArithmeticException
3236:             1             56  java.lang.ArrayIndexOutOfBoundsException
3237:             1             56  java.lang.ArrayStoreException
3238:             1             56  java.lang.ClassCastException
3239:             1             56  java.lang.NullPointerException
3240:             1             56  java.lang.Throwable
3241:             1             56  java.lang.reflect.WeakCache
3242:             1             56  java.lang.reflect.WeakCache$CacheKey
3243:             1             56  java.security.MessageDigest$Delegate
3244:             1             56  java.time.format.DateTimeFormatterBuilder
3245:             1             56  java.util.Collections$UnmodifiableSortedMap
3246:             1             56  java.util.ServiceLoader
3247:             1             56  java.util.concurrent.ConcurrentHashMap$ForwardingNode
3248:             1             56  java.util.concurrent.FutureTask
3249:             1             56  javax.crypto.CryptoAllPermission
3250:             1             56  org.apache.commons.logging.impl.WeakHashtable$WeakKey
3251:             1             56  org.apache.hadoop.fs.FileSystem$Cache
3252:             1             56  org.apache.hadoop.hdds.protocol.proto.HddsProtos$AddScmResponseProto
3253:             1             56  org.apache.hadoop.hdds.protocol.proto.HddsProtos$ContainerID
3254:             1             56  org.apache.hadoop.hdds.protocol.proto.HddsProtos$GetScmInfoRequestProto
3255:             1             56  org.apache.hadoop.hdds.protocol.proto.HddsProtos$NodePool
3256:             1             56  org.apache.hadoop.hdds.protocol.proto.HddsProtos$TransferLeadershipRequestProto
3257:             1             56  org.apache.hadoop.hdds.protocol.proto.ScmBlockLocationProtocolProtos$AllocateScmBlockResponseProto
3258:             1             56  org.apache.hadoop.hdds.protocol.proto.ScmBlockLocationProtocolProtos$DeleteScmKeyBlocksRequestProto
3259:             1             56  org.apache.hadoop.hdds.protocol.proto.ScmBlockLocationProtocolProtos$DeleteScmKeyBlocksResponseProto
3260:             1             56  org.apache.hadoop.hdds.protocol.proto.StorageContainerLocationProtocolProtos$ContainerBalancerStatusRequestProto
3261:             1             56  org.apache.hadoop.hdds.protocol.proto.StorageContainerLocationProtocolProtos$DatanodeUsageInfoResponseProto
3262:             1             56  org.apache.hadoop.hdds.protocol.proto.StorageContainerLocationProtocolProtos$DecommissionNodesRequestProto
3263:             1             56  org.apache.hadoop.hdds.protocol.proto.StorageContainerLocationProtocolProtos$DecommissionNodesResponseProto
3264:             1             56  org.apache.hadoop.hdds.protocol.proto.StorageContainerLocationProtocolProtos$DecommissionScmRequestProto
3265:             1             56  org.apache.hadoop.hdds.protocol.proto.StorageContainerLocationProtocolProtos$DecommissionScmResponseProto
3266:             1             56  org.apache.hadoop.hdds.protocol.proto.StorageContainerLocationProtocolProtos$FinalizeScmUpgradeRequestProto
3267:             1             56  org.apache.hadoop.hdds.protocol.proto.StorageContainerLocationProtocolProtos$FinalizeScmUpgradeResponseProto
3268:             1             56  org.apache.hadoop.hdds.protocol.proto.StorageContainerLocationProtocolProtos$ForceExitSafeModeRequestProto
3269:             1             56  org.apache.hadoop.hdds.protocol.proto.StorageContainerLocationProtocolProtos$GetContainerCountResponseProto
3270:             1             56  org.apache.hadoop.hdds.protocol.proto.StorageContainerLocationProtocolProtos$GetContainerReplicasResponseProto
3271:             1             56  org.apache.hadoop.hdds.protocol.proto.StorageContainerLocationProtocolProtos$GetContainerResponseProto
3272:             1             56  org.apache.hadoop.hdds.protocol.proto.StorageContainerLocationProtocolProtos$GetContainerTokenRequestProto
3273:             1             56  org.apache.hadoop.hdds.protocol.proto.StorageContainerLocationProtocolProtos$GetContainerTokenResponseProto
3274:             1             56  org.apache.hadoop.hdds.protocol.proto.StorageContainerLocationProtocolProtos$GetContainerWithPipelineResponseProto
3275:             1             56  org.apache.hadoop.hdds.protocol.proto.StorageContainerLocationProtocolProtos$GetExistContainerWithPipelinesInBatchResponseProto
3276:             1             56  org.apache.hadoop.hdds.protocol.proto.StorageContainerLocationProtocolProtos$GetFailedDeletedBlocksTxnResponseProto
3277:             1             56  org.apache.hadoop.hdds.protocol.proto.StorageContainerLocationProtocolProtos$GetPipelineResponseProto
3278:             1             56  org.apache.hadoop.hdds.protocol.proto.StorageContainerLocationProtocolProtos$GetSafeModeRuleStatusesResponseProto
3279:             1             56  org.apache.hadoop.hdds.protocol.proto.StorageContainerLocationProtocolProtos$InSafeModeRequestProto
3280:             1             56  org.apache.hadoop.hdds.protocol.proto.StorageContainerLocationProtocolProtos$ListPipelineRequestProto
3281:             1             56  org.apache.hadoop.hdds.protocol.proto.StorageContainerLocationProtocolProtos$ListPipelineResponseProto
3282:             1             56  org.apache.hadoop.hdds.protocol.proto.StorageContainerLocationProtocolProtos$NodeQueryResponseProto
3283:             1             56  org.apache.hadoop.hdds.protocol.proto.StorageContainerLocationProtocolProtos$QueryUpgradeFinalizationProgressRequestProto
3284:             1             56  org.apache.hadoop.hdds.protocol.proto.StorageContainerLocationProtocolProtos$QueryUpgradeFinalizationProgressResponseProto
3285:             1             56  org.apache.hadoop.hdds.protocol.proto.StorageContainerLocationProtocolProtos$RecommissionNodesRequestProto
3286:             1             56  org.apache.hadoop.hdds.protocol.proto.StorageContainerLocationProtocolProtos$RecommissionNodesResponseProto
3287:             1             56  org.apache.hadoop.hdds.protocol.proto.StorageContainerLocationProtocolProtos$ReplicationManagerReportRequestProto
3288:             1             56  org.apache.hadoop.hdds.protocol.proto.StorageContainerLocationProtocolProtos$ReplicationManagerReportResponseProto
3289:             1             56  org.apache.hadoop.hdds.protocol.proto.StorageContainerLocationProtocolProtos$ReplicationManagerStatusRequestProto
3290:             1             56  org.apache.hadoop.hdds.protocol.proto.StorageContainerLocationProtocolProtos$ResetDeletedBlockRetryCountResponseProto
3291:             1             56  org.apache.hadoop.hdds.protocol.proto.StorageContainerLocationProtocolProtos$SCMCloseContainerResponseProto
3292:             1             56  org.apache.hadoop.hdds.protocol.proto.StorageContainerLocationProtocolProtos$SCMListContainerResponseProto
3293:             1             56  org.apache.hadoop.hdds.protocol.proto.StorageContainerLocationProtocolProtos$StartContainerBalancerResponseProto
3294:             1             56  org.apache.hadoop.hdds.protocol.proto.StorageContainerLocationProtocolProtos$StartMaintenanceNodesResponseProto
3295:             1             56  org.apache.hadoop.hdds.protocol.proto.StorageContainerLocationProtocolProtos$StartReplicationManagerRequestProto
3296:             1             56  org.apache.hadoop.hdds.protocol.proto.StorageContainerLocationProtocolProtos$StopContainerBalancerRequestProto
3297:             1             56  org.apache.hadoop.hdds.protocol.proto.StorageContainerLocationProtocolProtos$StopReplicationManagerRequestProto
3298:             1             56  org.apache.hadoop.hdds.server.OzoneProtocolMessageDispatcher
3299:             1             56  org.apache.hadoop.hdds.utils.ProtocolMessageMetrics
3300:             1             56  org.apache.hadoop.hdds.utils.RocksDBStoreMetrics
3301:             1             56  org.apache.hadoop.io.Text$Comparator
3302:             1             56  org.apache.hadoop.ipc.Server$ConnectionManager$1
3303:             1             56  org.apache.hadoop.metrics2.impl.MetricsSystemImpl$4
3304:             1             56  org.apache.hadoop.ozone.om.OMStorage
3305:             1             56  org.apache.hadoop.ozone.om.OzoneManager$ScheduleOMMetricsWriteTask
3306:             1             56  org.apache.hadoop.ozone.om.lock.OMLockMetrics
3307:             1             56  org.apache.hadoop.ozone.om.snapshot.ReferenceCounted
3308:             1             56  org.apache.hadoop.ozone.om.snapshot.SnapshotCache
3309:             1             56  org.apache.hadoop.ozone.protocol.proto.OzoneManagerProtocolProtos$AllocateBlockResponse
3310:             1             56  org.apache.hadoop.ozone.protocol.proto.OzoneManagerProtocolProtos$CancelDelegationTokenResponseProto
3311:             1             56  org.apache.hadoop.ozone.protocol.proto.OzoneManagerProtocolProtos$CancelSnapshotDiffResponse
3312:             1             56  org.apache.hadoop.ozone.protocol.proto.OzoneManagerProtocolProtos$CreateBucketRequest
3313:             1             56  org.apache.hadoop.ozone.protocol.proto.OzoneManagerProtocolProtos$CreateDirectoryRequest
3314:             1             56  org.apache.hadoop.ozone.protocol.proto.OzoneManagerProtocolProtos$CreateSnapshotResponse
3315:             1             56  org.apache.hadoop.ozone.protocol.proto.OzoneManagerProtocolProtos$CreateVolumeRequest
3316:             1             56  org.apache.hadoop.ozone.protocol.proto.OzoneManagerProtocolProtos$DeleteKeyRequest
3317:             1             56  org.apache.hadoop.ozone.protocol.proto.OzoneManagerProtocolProtos$DeleteKeysRequest
3318:             1             56  org.apache.hadoop.ozone.protocol.proto.OzoneManagerProtocolProtos$DeleteKeysResponse
3319:             1             56  org.apache.hadoop.ozone.protocol.proto.OzoneManagerProtocolProtos$DeleteTenantRequest
3320:             1             56  org.apache.hadoop.ozone.protocol.proto.OzoneManagerProtocolProtos$DeleteVolumeRequest
3321:             1             56  org.apache.hadoop.ozone.protocol.proto.OzoneManagerProtocolProtos$EchoRPCResponse
3322:             1             56  org.apache.hadoop.ozone.protocol.proto.OzoneManagerProtocolProtos$ExpiredMultipartUploadInfo
3323:             1             56  org.apache.hadoop.ozone.protocol.proto.OzoneManagerProtocolProtos$FinalizeUpgradeProgressRequest
3324:             1             56  org.apache.hadoop.ozone.protocol.proto.OzoneManagerProtocolProtos$FinalizeUpgradeProgressResponse
3325:             1             56  org.apache.hadoop.ozone.protocol.proto.OzoneManagerProtocolProtos$FinalizeUpgradeRequest
3326:             1             56  org.apache.hadoop.ozone.protocol.proto.OzoneManagerProtocolProtos$FinalizeUpgradeResponse
3327:             1             56  org.apache.hadoop.ozone.protocol.proto.OzoneManagerProtocolProtos$GetAclRequest
3328:             1             56  org.apache.hadoop.ozone.protocol.proto.OzoneManagerProtocolProtos$GetAclResponse
3329:             1             56  org.apache.hadoop.ozone.protocol.proto.OzoneManagerProtocolProtos$GetDelegationTokenResponseProto
3330:             1             56  org.apache.hadoop.ozone.protocol.proto.OzoneManagerProtocolProtos$GetS3SecretRequest
3331:             1             56  org.apache.hadoop.ozone.protocol.proto.OzoneManagerProtocolProtos$GetS3SecretResponse
3332:             1             56  org.apache.hadoop.ozone.protocol.proto.OzoneManagerProtocolProtos$InfoVolumeRequest
3333:             1             56  org.apache.hadoop.ozone.protocol.proto.OzoneManagerProtocolProtos$InfoVolumeResponse
3334:             1             56  org.apache.hadoop.ozone.protocol.proto.OzoneManagerProtocolProtos$LayoutVersion
3335:             1             56  org.apache.hadoop.ozone.protocol.proto.OzoneManagerProtocolProtos$ListBucketsResponse
3336:             1             56  org.apache.hadoop.ozone.protocol.proto.OzoneManagerProtocolProtos$ListKeysLightResponse
3337:             1             56  org.apache.hadoop.ozone.protocol.proto.OzoneManagerProtocolProtos$ListKeysResponse
3338:             1             56  org.apache.hadoop.ozone.protocol.proto.OzoneManagerProtocolProtos$ListMultipartUploadsResponse
3339:             1             56  org.apache.hadoop.ozone.protocol.proto.OzoneManagerProtocolProtos$ListSnapshotDiffJobResponse
3340:             1             56  org.apache.hadoop.ozone.protocol.proto.OzoneManagerProtocolProtos$ListSnapshotResponse
3341:             1             56  org.apache.hadoop.ozone.protocol.proto.OzoneManagerProtocolProtos$ListStatusLightResponse
3342:             1             56  org.apache.hadoop.ozone.protocol.proto.OzoneManagerProtocolProtos$ListTenantResponse
3343:             1             56  org.apache.hadoop.ozone.protocol.proto.OzoneManagerProtocolProtos$ListTrashResponse
3344:             1             56  org.apache.hadoop.ozone.protocol.proto.OzoneManagerProtocolProtos$ListVolumeResponse
3345:             1             56  org.apache.hadoop.ozone.protocol.proto.OzoneManagerProtocolProtos$LookupKeyRequest
3346:             1             56  org.apache.hadoop.ozone.protocol.proto.OzoneManagerProtocolProtos$MultipartCommitUploadPartResponse
3347:             1             56  org.apache.hadoop.ozone.protocol.proto.OzoneManagerProtocolProtos$MultipartInfoInitiateRequest
3348:             1             56  org.apache.hadoop.ozone.protocol.proto.OzoneManagerProtocolProtos$MultipartUploadAbortRequest
3349:             1             56  org.apache.hadoop.ozone.protocol.proto.OzoneManagerProtocolProtos$MultipartUploadsExpiredAbortRequest
3350:             1             56  org.apache.hadoop.ozone.protocol.proto.OzoneManagerProtocolProtos$PrepareRequest
3351:             1             56  org.apache.hadoop.ozone.protocol.proto.OzoneManagerProtocolProtos$PrepareResponse
3352:             1             56  org.apache.hadoop.ozone.protocol.proto.OzoneManagerProtocolProtos$PrepareStatusRequest
3353:             1             56  org.apache.hadoop.ozone.protocol.proto.OzoneManagerProtocolProtos$PrintCompactionLogDagResponse
3354:             1             56  org.apache.hadoop.ozone.protocol.proto.OzoneManagerProtocolProtos$RefetchSecretKeyResponse
3355:             1             56  org.apache.hadoop.ozone.protocol.proto.OzoneManagerProtocolProtos$RenameKeysRequest
3356:             1             56  org.apache.hadoop.ozone.protocol.proto.OzoneManagerProtocolProtos$RenameKeysResponse
3357:             1             56  org.apache.hadoop.ozone.protocol.proto.OzoneManagerProtocolProtos$RenewDelegationTokenResponseProto
3358:             1             56  org.apache.hadoop.ozone.protocol.proto.OzoneManagerProtocolProtos$RepeatedKeyInfo
3359:             1             56  org.apache.hadoop.ozone.protocol.proto.OzoneManagerProtocolProtos$RevokeS3SecretRequest
3360:             1             56  org.apache.hadoop.ozone.protocol.proto.OzoneManagerProtocolProtos$SetRangerServiceVersionRequest
3361:             1             56  org.apache.hadoop.ozone.protocol.proto.OzoneManagerProtocolProtos$SetSafeModeRequest
3362:             1             56  org.apache.hadoop.ozone.protocol.proto.OzoneManagerProtocolProtos$SetSnapshotPropertyRequest
3363:             1             56  org.apache.hadoop.ozone.protocol.proto.OzoneManagerProtocolProtos$SnapshotInfoResponse
3364:             1             56  org.apache.hadoop.ozone.protocol.proto.OzoneManagerProtocolProtos$TenantAssignUserAccessIdResponse
3365:             1             56  org.apache.hadoop.ozone.protocol.proto.OzoneManagerProtocolProtos$TenantGetUserInfoRequest
3366:             1             56  org.apache.hadoop.ozone.protocol.proto.OzoneManagerProtocolProtos$TenantGetUserInfoResponse
3367:             1             56  org.apache.hadoop.ozone.protocol.proto.OzoneManagerProtocolProtos$TenantListUserResponse
3368:             1             56  org.apache.hadoop.ozone.protocol.proto.OzoneManagerProtocolProtos$TenantUserPrincipalInfo
3369:             1             56  org.apache.hadoop.ozone.security.proto.SecurityProtos$CancelDelegationTokenRequestProto
3370:             1             56  org.apache.hadoop.ozone.security.proto.SecurityProtos$GetDelegationTokenRequestProto
3371:             1             56  org.apache.hadoop.ozone.security.proto.SecurityProtos$GetDelegationTokenResponseProto
3372:             1             56  org.apache.hadoop.ozone.security.proto.SecurityProtos$RenewDelegationTokenRequestProto
3373:             1             56  org.apache.hadoop.ozone.security.proto.SecurityProtos$RenewDelegationTokenResponseProto
3374:             1             56  org.apache.hadoop.security.ssl.FileBasedKeyStoresFactory
3375:             1             56  org.apache.hadoop.thirdparty.com.google.common.util.concurrent.AbstractFuture$Failure$1
3376:             1             56  org.apache.hadoop.thirdparty.protobuf.ExtensionRegistry
3377:             1             56  org.apache.log4j.helpers.CountingQuietWriter
3378:             1             56  org.apache.log4j.helpers.PatternParser$CategoryPatternConverter
3379:             1             56  org.apache.log4j.helpers.PatternParser$DatePatternConverter
3380:             1             56  org.apache.logging.log4j.core.appender.rolling.DefaultRolloverStrategy
3381:             1             56  org.apache.logging.log4j.core.pattern.DatePatternConverter$FixedFormatter
3382:             1             56  org.apache.logging.log4j.core.util.datetime.FastDateParser
3383:             1             56  org.apache.logging.log4j.core.util.datetime.FastDatePrinter
3384:             1             56  org.apache.ratis.grpc.server.GrpcClientProtocolService
3385:             1             56  org.apache.ratis.metrics.dropwizard3.Dm3MetricRegistriesImpl
3386:             1             56  org.apache.ratis.proto.RaftProtos$GroupListRequestProto
3387:             1             56  org.apache.ratis.proto.RaftProtos$StaleReadRequestTypeProto
3388:             1             56  org.apache.ratis.proto.RaftProtos$StartLeaderElectionReplyProto
3389:             1             56  org.apache.ratis.proto.RaftProtos$StateMachineEntryProto
3390:             1             56  org.apache.ratis.server.impl.ConfigurationManager
3391:             1             56  org.apache.ratis.server.storage.RaftStorageImpl
3392:             1             56  org.apache.ratis.server.storage.SnapshotManager
3393:             1             56  org.apache.ratis.thirdparty.com.google.common.util.concurrent.AbstractFuture$Failure$1
3394:             1             56  org.apache.ratis.thirdparty.com.google.protobuf.ExtensionRegistry
3395:             1             56  org.apache.ratis.thirdparty.io.grpc.InternalChannelz
3396:             1             56  org.apache.ratis.thirdparty.io.grpc.Metadata$BinaryKey
3397:             1             56  org.apache.ratis.thirdparty.io.netty.util.concurrent.DefaultPromise$StacklessCancellationException
3398:             1             56  org.apache.ratis.util.JvmPauseMonitor
3399:             1             56  org.apache.ratis.util.OpenCloseState$OpenTrace
3400:             1             56  sun.management.MappedMXBeanType$InProgress
3401:             1             56  sun.misc.URLClassPath$2
3402:             1             56  sun.nio.ch.FileLockImpl
3403:             1             56  sun.nio.ch.SharedFileLockTable$FileLockReference
3404:             1             56  sun.nio.cs.StandardCharsets$Aliases
3405:             1             56  sun.nio.cs.StandardCharsets$Cache
3406:             1             56  sun.nio.cs.StandardCharsets$Classes
3407:             1             56  sun.security.ssl.ProtocolList
3408:             1             56  sun.security.ssl.X509TrustManagerImpl
3409:             1             56  sun.security.validator.SimpleValidator
3410:             1             48  [Lcom.fasterxml.jackson.core.Base64Variant$PaddingReadBehaviour;
3411:             1             48  [Lcom.fasterxml.jackson.core.StreamReadCapability;
3412:             2             48  [Lcom.fasterxml.jackson.databind.deser.Deserializers;
3413:             1             48  [Lcom.fasterxml.jackson.databind.util.AccessPattern;
3414:             1             48  [Lcom.google.common.cache.LocalCache$Strength;
3415:             1             48  [Lcom.google.protobuf.Descriptors$DescriptorPool$SearchFilter;
3416:             1             48  [Lcom.sun.beans.util.Cache$Kind;
3417:             1             48  [Lio.grpc.SecurityLevel;
3418:             1             48  [Lio.netty.handler.codec.http2.HpackDecoder$HeaderType;
3419:             1             48  [Lio.netty.handler.codec.http2.HpackUtil$IndexType;
3420:             1             48  [Lio.netty.handler.codec.http2.Http2Exception$ShutdownHint;
3421:             2             48  [Ljava.lang.Enum;
3422:             1             48  [Ljava.net.Proxy$Type;
3423:             1             48  [Ljava.nio.file.AccessMode;
3424:             1             48  [Ljava.nio.file.FileTreeWalker$EventType;
3425:             1             48  [Ljava.nio.file.StandardCopyOption;
3426:             1             48  [Ljava.time.format.ResolverStyle;
3427:             1             48  [Ljava.time.temporal.TemporalUnit;
3428:             1             48  [Ljava.util.stream.MatchOps$MatchKind;
3429:             2             48  [Ljavax.security.cert.X509Certificate;
3430:             1             48  [Lorg.apache.commons.configuration2.interpol.DefaultLookups;
3431:             1             48  [Lorg.apache.commons.io.StandardLineSeparator;
3432:             1             48  [Lorg.apache.hadoop.hdds.DatanodeVersion;
3433:             1             48  [Lorg.apache.hadoop.hdds.server.http.HttpServer2$XFrameOption;
3434:             1             48  [Lorg.apache.hadoop.hdds.utils.db.DelegatedCodec$CopyType;
3435:             1             48  [Lorg.apache.hadoop.hdds.utils.db.cache.CacheResult$CacheStatus;
3436:             1             48  [Lorg.apache.hadoop.io.retry.RetryPolicy$RetryAction$RetryDecision;
3437:             1             48  [Lorg.apache.hadoop.ipc.RPC$RpcKind;
3438:             1             48  [Lorg.apache.hadoop.ozone.audit.AuditMarker;
3439:             1             48  [Lorg.apache.hadoop.ozone.common.Storage$StorageState;
3440:             1             48  [Lorg.apache.hadoop.ozone.om.OzoneManager$StartupOption;
3441:             1             48  [Lorg.apache.hadoop.ozone.om.lock.OMLockDetails$LockOpType;
3442:             1             48  [Lorg.apache.hadoop.ozone.om.ratis.OzoneManagerRatisServer$RaftServerStatus;
3443:             1             48  [Lorg.apache.hadoop.ozone.om.request.file.OMDirectoryCreateRequest$Result;
3444:             1             48  [Lorg.apache.hadoop.thirdparty.com.google.common.cache.LocalCache$Strength;
3445:             1             48  [Lorg.apache.logging.log4j.core.config.LoggerConfig$LoggerConfigPredicate;
3446:             2             48  [Lorg.apache.logging.log4j.core.config.Property;
3447:             1             48  [Lorg.apache.logging.log4j.core.util.datetime.FixedDateFormat$FixedTimeZoneFormat;
3448:             1             48  [Lorg.apache.ratis.server.impl.LeaderStateImpl$StateUpdateEvent$Type;
3449:             1             48  [Lorg.apache.ratis.server.impl.PendingRequests$Acquired;
3450:             1             48  [Lorg.apache.ratis.server.impl.VoteContext$CheckTermResult;
3451:             1             48  [Lorg.apache.ratis.server.protocol.RaftServerProtocol$Op;
3452:             1             48  [Lorg.apache.ratis.thirdparty.com.google.common.cache.LocalCache$Strength;
3453:             1             48  [Lorg.apache.ratis.thirdparty.com.google.protobuf.Descriptors$DescriptorPool$SearchFilter;
3454:             1             48  [Lorg.apache.ratis.thirdparty.com.google.protobuf.Descriptors$FileDescriptor$Syntax;
3455:             2             48  [Lorg.apache.ratis.thirdparty.com.google.protobuf.Descriptors$FileDescriptor;
3456:             1             48  [Lorg.apache.ratis.thirdparty.io.grpc.SecurityLevel;
3457:             1             48  [Lorg.apache.ratis.thirdparty.io.grpc.internal.ManagedChannelImpl$ResolutionState;
3458:             1             48  [Lorg.apache.ratis.thirdparty.io.grpc.netty.NegotiationType;
3459:             1             48  [Lorg.apache.ratis.thirdparty.io.grpc.stub.ClientCalls$StubType;
3460:             1             48  [Lorg.apache.ratis.thirdparty.io.netty.handler.codec.http2.HpackDecoder$HeaderType;
3461:             1             48  [Lorg.apache.ratis.thirdparty.io.netty.handler.codec.http2.HpackUtil$IndexType;
3462:             1             48  [Lorg.apache.ratis.thirdparty.io.netty.handler.codec.http2.Http2Exception$ShutdownHint;
3463:             1             48  [Lorg.bouncycastle.asn1.ASN1ObjectIdentifier;
3464:             1             48  [Lorg.eclipse.jetty.http.CookieCompliance;
3465:             1             48  [Lorg.eclipse.jetty.http.HttpMethod$Type;
3466:             1             48  [Lorg.eclipse.jetty.http.QuotedCSVParser$State;
3467:             1             48  [Lorg.eclipse.jetty.server.Response$OutputType;
3468:             1             48  [Lorg.eclipse.jetty.server.handler.ContextHandler$ContextStatus;
3469:             1             48  [Lorg.eclipse.jetty.servlet.ErrorPageErrorHandler$PageLookupTechnique;
3470:             1             48  [Lorg.eclipse.jetty.util.IteratingCallback$Action;
3471:             1             48  [Lorg.eclipse.jetty.util.thread.Invocable$InvocationType;
3472:             1             48  [Lorg.eclipse.jetty.util.thread.strategy.EatWhatYouKill$State;
3473:             1             48  [Lorg.rocksdb.IndexShorteningMode;
3474:             1             48  [Lorg.rocksdb.KeyMayExist$KeyMayExistEnum;
3475:             1             48  [Lorg.rocksdb.RocksDB$LibraryState;
3476:             1             48  [Lpicocli.CommandLine$Help$Ansi;
3477:             1             48  [Lpicocli.CommandLine$Model$InitialValueState;
3478:             1             48  [Lsun.security.provider.NativePRNG$Variant;
3479:             1             48  [Lsun.security.ssl.CipherSuite$CipherType;
3480:             3             48  com.ctc.wstx.api.WstxInputProperties$ParsingMode
3481:             1             48  com.ctc.wstx.stax.WstxInputFactory
3482:             2             48  com.fasterxml.jackson.databind.introspect.AnnotatedMethodMap
3483:             3             48  com.fasterxml.jackson.databind.introspect.BasicClassIntrospector
3484:             2             48  com.fasterxml.jackson.databind.node.JsonNodeFactory
3485:             2             48  com.fasterxml.jackson.databind.ser.impl.PropertySerializerMap$Empty
3486:             1             48  com.fasterxml.jackson.databind.ser.std.CalendarSerializer
3487:             1             48  com.fasterxml.jackson.databind.ser.std.DateSerializer
3488:             1             48  com.fasterxml.jackson.databind.ser.std.NumberSerializers$FloatSerializer
3489:             1             48  com.fasterxml.jackson.databind.ser.std.NumberSerializers$IntLikeSerializer
3490:             1             48  com.fasterxml.jackson.databind.ser.std.NumberSerializers$ShortSerializer
3491:             1             48  com.fasterxml.jackson.databind.type.TypeFactory
3492:             2             48  com.google.common.graph.StandardMutableGraph
3493:             1             48  com.google.protobuf.DescriptorProtos$SourceCodeInfo
3494:             1             48  com.google.protobuf.WireFormat$FieldType$1
3495:             1             48  com.google.protobuf.WireFormat$FieldType$2
3496:             1             48  com.google.protobuf.WireFormat$FieldType$3
3497:             1             48  com.google.protobuf.WireFormat$FieldType$4
3498:             2             48  com.lmax.disruptor.dsl.ExceptionHandlerWrapper
3499:             2             48  com.sun.beans.WeakCache
3500:             1             48  com.sun.beans.finder.BeanInfoFinder
3501:             1             48  com.sun.jmx.mbeanserver.Repository
3502:             2             48  com.sun.proxy.$Proxy36
3503:             2             48  com.sun.proxy.$Proxy43
3504:             2             48  com.sun.proxy.$Proxy44
3505:             1             48  com.sun.security.auth.module.UnixSystem
3506:             2             48  io.netty.buffer.PooledByteBufAllocator$1
3507:             2             48  io.netty.buffer.PooledByteBufAllocatorMetric
3508:             1             48  io.netty.buffer.UnpooledByteBufAllocator
3509:             2             48  io.netty.channel.ChannelMetadata
3510:             1             48  io.netty.handler.codec.http.HttpStatusClass$1
3511:             1             48  io.netty.util.concurrent.DefaultThreadFactory
3512:             2             48  io.netty.util.concurrent.MultithreadEventExecutorGroup$1
3513:             2             48  io.netty.util.concurrent.ThreadPerTaskExecutor
3514:             1             48  io.prometheus.client.CollectorRegistry
3515:             1             48  java.io.UnixFileSystem
3516:             2             48  java.lang.InheritableThreadLocal
3517:             2             48  java.nio.ByteOrder
3518:             2             48  java.nio.charset.CoderResult
3519:             2             48  java.nio.file.attribute.PosixFilePermissions$1
3520:             1             48  java.text.DontCareFieldPosition
3521:             2             48  java.time.LocalDate
3522:             2             48  java.util.IdentityHashMap$EntrySet
3523:             1             48  java.util.JumboEnumSet
3524:             2             48  java.util.WeakHashMap$KeySet
3525:             2             48  java.util.concurrent.ConcurrentSkipListMap$EntrySet
3526:             2             48  java.util.concurrent.ConcurrentSkipListSet
3527:             1             48  java.util.concurrent.ThreadLocalRandom
3528:             1             48  java.util.logging.LogManager$SystemLoggerContext
3529:             2             48  java.util.regex.Pattern$CharPropertyNames$11
3530:             2             48  java.util.regex.Pattern$CharPropertyNames$21
3531:             2             48  org.apache.commons.collections.map.UnmodifiableMap
3532:             2             48  org.apache.commons.configuration2.ConfigurationLookup
3533:             1             48  org.apache.commons.configuration2.convert.DefaultConversionHandler$1
3534:             2             48  org.apache.commons.configuration2.event.EventListenerList
3535:             2             48  org.apache.commons.lang3.text.StrMatcher$CharSetMatcher
3536:             3             48  org.apache.commons.logging.impl.NoOpLog
3537:             2             48  org.apache.hadoop.hdds.client.RatisReplicationConfig
3538:             1             48  org.apache.hadoop.hdds.protocol.proto.HddsProtos$TransferLeadershipResponseProto
3539:             1             48  org.apache.hadoop.hdds.protocol.proto.StorageContainerLocationProtocolProtos$ActivatePipelineResponseProto
3540:             1             48  org.apache.hadoop.hdds.protocol.proto.StorageContainerLocationProtocolProtos$ClosePipelineResponseProto
3541:             1             48  org.apache.hadoop.hdds.protocol.proto.StorageContainerLocationProtocolProtos$ContainerBalancerStatusResponseProto
3542:             1             48  org.apache.hadoop.hdds.protocol.proto.StorageContainerLocationProtocolProtos$DeactivatePipelineResponseProto
3543:             1             48  org.apache.hadoop.hdds.protocol.proto.StorageContainerLocationProtocolProtos$ForceExitSafeModeResponseProto
3544:             1             48  org.apache.hadoop.hdds.protocol.proto.StorageContainerLocationProtocolProtos$GetContainerCountRequestProto
3545:             1             48  org.apache.hadoop.hdds.protocol.proto.StorageContainerLocationProtocolProtos$GetSafeModeRuleStatusesRequestProto
3546:             1             48  org.apache.hadoop.hdds.protocol.proto.StorageContainerLocationProtocolProtos$InSafeModeResponseProto
3547:             1             48  org.apache.hadoop.hdds.protocol.proto.StorageContainerLocationProtocolProtos$ReplicationManagerStatusResponseProto
3548:             1             48  org.apache.hadoop.hdds.protocol.proto.StorageContainerLocationProtocolProtos$SCMDeleteContainerResponseProto
3549:             1             48  org.apache.hadoop.hdds.protocol.proto.StorageContainerLocationProtocolProtos$StartReplicationManagerResponseProto
3550:             1             48  org.apache.hadoop.hdds.protocol.proto.StorageContainerLocationProtocolProtos$StopContainerBalancerResponseProto
3551:             1             48  org.apache.hadoop.hdds.protocol.proto.StorageContainerLocationProtocolProtos$StopReplicationManagerResponseProto
3552:             1             48  org.apache.hadoop.hdds.security.OMPassWordManager
3553:             2             48  org.apache.hadoop.hdds.utils.db.CodecRegistry
3554:             2             48  org.apache.hadoop.hdds.utils.db.CodecRegistry$CodecMap
3555:             1             48  org.apache.hadoop.hdfs.web.SSLConnectionConfigurator
3556:             2             48  org.apache.hadoop.hdfs.web.URLConnectionFactory
3557:             1             48  org.apache.hadoop.ipc.CallQueueManager
3558:             2             48  org.apache.hadoop.ipc.ClientCache
3559:             3             48  org.apache.hadoop.ipc.ProtobufRpcEngine
3560:             1             48  org.apache.hadoop.ipc.metrics.RpcDetailedMetrics
3561:             1             48  org.apache.hadoop.metrics2.impl.MetricsSystemImpl$2
3562:             1             48  org.apache.hadoop.metrics2.impl.SinkQueue
3563:             2             48  org.apache.hadoop.metrics2.lib.UniqueNames
3564:             1             48  org.apache.hadoop.ozone.audit.AuditLogger
3565:             1             48  org.apache.hadoop.ozone.grpc.metrics.GrpcMetricsServerRequestInterceptor
3566:             1             48  org.apache.hadoop.ozone.om.OzoneManagerPrepareState
3567:             1             48  org.apache.hadoop.ozone.om.ScmClient
3568:             1             48  org.apache.hadoop.ozone.om.ServiceInfoProvider
3569:             1             48  org.apache.hadoop.ozone.om.TrashPolicyOzone$Emptier
3570:             2             48  org.apache.hadoop.ozone.om.helpers.OmKeyInfo$$Lambda$105/806572546
3571:             2             48  org.apache.hadoop.ozone.om.helpers.RepeatedOmKeyInfo$$Lambda$107/564893839
3572:             1             48  org.apache.hadoop.ozone.om.lock.OzoneManagerLock
3573:             1             48  org.apache.hadoop.ozone.protocol.proto.OzoneManagerProtocolProtos$AddAclResponse
3574:             1             48  org.apache.hadoop.ozone.protocol.proto.OzoneManagerProtocolProtos$CancelPrepareRequest
3575:             1             48  org.apache.hadoop.ozone.protocol.proto.OzoneManagerProtocolProtos$CancelPrepareResponse
3576:             1             48  org.apache.hadoop.ozone.protocol.proto.OzoneManagerProtocolProtos$CheckVolumeAccessResponse
3577:             1             48  org.apache.hadoop.ozone.protocol.proto.OzoneManagerProtocolProtos$CommitKeyResponse
3578:             1             48  org.apache.hadoop.ozone.protocol.proto.OzoneManagerProtocolProtos$CreateBucketResponse
3579:             1             48  org.apache.hadoop.ozone.protocol.proto.OzoneManagerProtocolProtos$CreateDirectoryResponse
3580:             1             48  org.apache.hadoop.ozone.protocol.proto.OzoneManagerProtocolProtos$CreateTenantResponse
3581:             1             48  org.apache.hadoop.ozone.protocol.proto.OzoneManagerProtocolProtos$CreateVolumeResponse
3582:             1             48  org.apache.hadoop.ozone.protocol.proto.OzoneManagerProtocolProtos$DeleteBucketResponse
3583:             1             48  org.apache.hadoop.ozone.protocol.proto.OzoneManagerProtocolProtos$DeleteSnapshotResponse
3584:             1             48  org.apache.hadoop.ozone.protocol.proto.OzoneManagerProtocolProtos$DeleteVolumeResponse
3585:             1             48  org.apache.hadoop.ozone.protocol.proto.OzoneManagerProtocolProtos$GetS3VolumeContextRequest
3586:             1             48  org.apache.hadoop.ozone.protocol.proto.OzoneManagerProtocolProtos$ListTenantRequest
3587:             1             48  org.apache.hadoop.ozone.protocol.proto.OzoneManagerProtocolProtos$MultipartUploadAbortResponse
3588:             1             48  org.apache.hadoop.ozone.protocol.proto.OzoneManagerProtocolProtos$MultipartUploadsExpiredAbortResponse
3589:             1             48  org.apache.hadoop.ozone.protocol.proto.OzoneManagerProtocolProtos$PurgeDirectoriesResponse
3590:             1             48  org.apache.hadoop.ozone.protocol.proto.OzoneManagerProtocolProtos$PurgeKeysResponse
3591:             1             48  org.apache.hadoop.ozone.protocol.proto.OzoneManagerProtocolProtos$PurgePathsResponse
3592:             1             48  org.apache.hadoop.ozone.protocol.proto.OzoneManagerProtocolProtos$RangerBGSyncRequest
3593:             1             48  org.apache.hadoop.ozone.protocol.proto.OzoneManagerProtocolProtos$RangerBGSyncResponse
3594:             1             48  org.apache.hadoop.ozone.protocol.proto.OzoneManagerProtocolProtos$RecoverLeaseResponse
3595:             1             48  org.apache.hadoop.ozone.protocol.proto.OzoneManagerProtocolProtos$RecoverTrashResponse
3596:             1             48  org.apache.hadoop.ozone.protocol.proto.OzoneManagerProtocolProtos$RefetchSecretKeyRequest
3597:             1             48  org.apache.hadoop.ozone.protocol.proto.OzoneManagerProtocolProtos$RemoveAclResponse
3598:             1             48  org.apache.hadoop.ozone.protocol.proto.OzoneManagerProtocolProtos$RenameKeyResponse
3599:             1             48  org.apache.hadoop.ozone.protocol.proto.OzoneManagerProtocolProtos$SetAclResponse
3600:             1             48  org.apache.hadoop.ozone.protocol.proto.OzoneManagerProtocolProtos$SetBucketPropertyResponse
3601:             1             48  org.apache.hadoop.ozone.protocol.proto.OzoneManagerProtocolProtos$SetRangerServiceVersionResponse
3602:             1             48  org.apache.hadoop.ozone.protocol.proto.OzoneManagerProtocolProtos$SetSafeModeResponse
3603:             1             48  org.apache.hadoop.ozone.protocol.proto.OzoneManagerProtocolProtos$SetSnapshotPropertyResponse
3604:             1             48  org.apache.hadoop.ozone.protocol.proto.OzoneManagerProtocolProtos$SetTimesResponse
3605:             1             48  org.apache.hadoop.ozone.protocol.proto.OzoneManagerProtocolProtos$SetVolumePropertyResponse
3606:             1             48  org.apache.hadoop.ozone.protocol.proto.OzoneManagerProtocolProtos$SnapshotMoveDeletedKeysResponse
3607:             1             48  org.apache.hadoop.ozone.protocol.proto.OzoneManagerProtocolProtos$SnapshotPurgeResponse
3608:             1             48  org.apache.hadoop.ozone.protocol.proto.OzoneManagerProtocolProtos$TenantAssignAdminResponse
3609:             1             48  org.apache.hadoop.ozone.protocol.proto.OzoneManagerProtocolProtos$TenantRevokeAdminResponse
3610:             1             48  org.apache.hadoop.ozone.protocol.proto.OzoneManagerProtocolProtos$TenantRevokeUserAccessIdResponse
3611:             1             48  org.apache.hadoop.ozone.security.proto.SecurityProtos$CancelDelegationTokenResponseProto
3612:             2             48  org.apache.hadoop.security.Groups$TimerToTickerAdapter
3613:             1             48  org.apache.hadoop.security.authentication.util.RandomSignerSecretProvider
3614:             1             48  org.apache.hadoop.security.authorize.AccessControlList
3615:             2             48  org.apache.hadoop.thirdparty.com.google.common.collect.ComparisonChain$InactiveComparisonChain
3616:             1             48  org.apache.hadoop.thirdparty.com.google.common.collect.RegularImmutableSet
3617:             1             48  org.apache.hadoop.util.ShutdownHookManager$HookEntry
3618:             1             48  org.apache.log4j.PatternLayout
3619:             2             48  org.apache.log4j.helpers.AppenderAttachableImpl
3620:             1             48  org.apache.logging.log4j.core.async.AsyncLoggerConfigDisruptor$1
3621:             1             48  org.apache.logging.log4j.core.async.AsyncLoggerDisruptor$1
3622:             2             48  org.apache.logging.log4j.core.lookup.StrMatcher$CharSetMatcher
3623:             1             48  org.apache.logging.log4j.core.util.DefaultShutdownCallbackRegistry
3624:             2             48  org.apache.logging.log4j.core.util.DummyNanoClock
3625:             1             48  org.apache.logging.log4j.status.StatusConsoleListener
3626:             1             48  org.apache.logging.log4j.status.StatusLogger$BoundedQueue
3627:             2             48  org.apache.logging.log4j.util.PropertiesUtil
3628:             1             48  org.apache.ratis.grpc.GrpcFactory
3629:             2             48  org.apache.ratis.grpc.metrics.GrpcServerMetrics$$Lambda$899/720524700
3630:             2             48  org.apache.ratis.grpc.metrics.GrpcServerMetrics$$Lambda$914/1008890763
3631:             1             48  org.apache.ratis.grpc.metrics.intercept.server.MetricServerInterceptor
3632:             2             48  org.apache.ratis.grpc.server.GrpcLogAppender$$Lambda$885/1975474101
3633:             1             48  org.apache.ratis.grpc.server.GrpcService$$Lambda$269/1881309779
3634:             1             48  org.apache.ratis.grpc.server.GrpcService$$Lambda$302/1560297602
3635:             1             48  org.apache.ratis.proto.RaftProtos$DataStreamRequestTypeProto
3636:             1             48  org.apache.ratis.proto.RaftProtos$ForwardRequestTypeProto
3637:             1             48  org.apache.ratis.proto.RaftProtos$WriteRequestTypeProto
3638:             2             48  org.apache.ratis.proto.grpc.RaftClientProtocolServiceGrpc$RaftClientProtocolServiceMethodDescriptorSupplier
3639:             1             48  org.apache.ratis.server.impl.DivisionPropertiesImpl
3640:             2             48  org.apache.ratis.server.impl.LeaderStateImpl$$Lambda$816/605991228
3641:             2             48  org.apache.ratis.server.impl.LeaderStateImpl$$Lambda$817/1732040557
3642:             2             48  org.apache.ratis.server.impl.LeaderStateImpl$$Lambda$818/1839771928
3643:             2             48  org.apache.ratis.server.impl.LeaderStateImpl$$Lambda$880/2135375045
3644:             2             48  org.apache.ratis.server.impl.LeaderStateImpl$SenderList
3645:             2             48  org.apache.ratis.server.impl.MessageStreamRequests$StreamMap
3646:             2             48  org.apache.ratis.server.impl.PendingRequests$RequestLimits
3647:             2             48  org.apache.ratis.server.impl.PendingRequests$RequestMap$$Lambda$825/855056901
3648:             2             48  org.apache.ratis.server.impl.PendingRequests$RequestMap$$Lambda$827/146734369
3649:             2             48  org.apache.ratis.server.impl.PendingStepDown$PendingRequestReference
3650:             2             48  org.apache.ratis.server.impl.RaftServerImpl$$Lambda$637/1266638962
3651:             1             48  org.apache.ratis.server.impl.RetryCacheImpl$StatisticsImpl
3652:             1             48  org.apache.ratis.server.impl.ServerState$$Lambda$325/1477211314
3653:             1             48  org.apache.ratis.server.impl.TransferLeadership
3654:             2             48  org.apache.ratis.server.metrics.LogAppenderMetrics
3655:             1             48  org.apache.ratis.server.raftlog.segmented.SegmentedRaftLog$1
3656:             1             48  org.apache.ratis.server.raftlog.segmented.SegmentedRaftLogCache$LogSegmentList
3657:             1             48  org.apache.ratis.thirdparty.com.google.common.collect.RegularImmutableSet
3658:             1             48  org.apache.ratis.thirdparty.com.google.protobuf.IntArrayList
3659:             1             48  org.apache.ratis.thirdparty.com.google.protobuf.LongArrayList
3660:             1             48  org.apache.ratis.thirdparty.com.google.protobuf.TextFormat$Parser
3661:             1             48  org.apache.ratis.thirdparty.com.google.protobuf.WireFormat$FieldType$1
3662:             1             48  org.apache.ratis.thirdparty.com.google.protobuf.WireFormat$FieldType$2
3663:             1             48  org.apache.ratis.thirdparty.com.google.protobuf.WireFormat$FieldType$3
3664:             1             48  org.apache.ratis.thirdparty.com.google.protobuf.WireFormat$FieldType$4
3665:             1             48  org.apache.ratis.thirdparty.io.grpc.NameResolverRegistry
3666:             2             48  org.apache.ratis.thirdparty.io.grpc.internal.KeepAliveManager$1
3667:             2             48  org.apache.ratis.thirdparty.io.grpc.internal.KeepAliveManager$2
3668:             2             48  org.apache.ratis.thirdparty.io.grpc.internal.MessageDeframer$SingleMessageProducer
3669:             2             48  org.apache.ratis.thirdparty.io.grpc.internal.ReadableBuffers$BufferInputStream
3670:             2             48  org.apache.ratis.thirdparty.io.grpc.netty.Http2ControlFrameLimitEncoder$1
3671:             2             48  org.apache.ratis.thirdparty.io.grpc.netty.NettyWritableBuffer
3672:             2             48  org.apache.ratis.thirdparty.io.netty.buffer.PooledByteBufAllocator$1
3673:             2             48  org.apache.ratis.thirdparty.io.netty.buffer.PooledByteBufAllocatorMetric
3674:             1             48  org.apache.ratis.thirdparty.io.netty.buffer.UnpooledByteBufAllocator
3675:             2             48  org.apache.ratis.thirdparty.io.netty.channel.ReflectiveChannelFactory
3676:             1             48  org.apache.ratis.thirdparty.io.netty.channel.epoll.EpollRecvByteAllocatorHandle
3677:             1             48  org.apache.ratis.thirdparty.io.netty.handler.codec.http.HttpStatusClass$1
3678:             2             48  org.apache.ratis.thirdparty.io.netty.util.concurrent.MultithreadEventExecutorGroup$1
3679:             2             48  org.apache.ratis.thirdparty.io.netty.util.concurrent.ThreadPerTaskExecutor
3680:             2             48  org.apache.ratis.util.ConcurrentUtils$$Lambda$299/686717934
3681:             1             48  org.apache.ratis.util.PeerProxyMap
3682:             2             48  org.apache.ratis.util.PureJavaCrc32C
3683:             1             48  org.eclipse.jetty.server.ShutdownMonitor
3684:             3             48  org.eclipse.jetty.util.DeprecationWarning
3685:             2             48  org.eclipse.jetty.util.thread.ScheduledExecutorScheduler$ScheduledFutureTask
3686:             1             48  org.eclipse.jetty.util.thread.ThreadPoolBudget
3687:             2             48  sun.misc.NativeSignalHandler
3688:             1             48  sun.nio.cs.StandardCharsets
3689:             1             48  sun.nio.fs.LinuxFileSystem
3690:             2             48  sun.reflect.generics.tree.ArrayTypeSignature
3691:             1             48  sun.security.provider.SecureRandom
3692:             2             48  sun.security.ssl.SSLAlgorithmDecomposer
3693:             2             48  sun.security.util.DisabledAlgorithmConstraints$KeySizeConstraints
3694:             1             48  sun.security.x509.IssuerAlternativeNameExtension
3695:             1             40  [Lcom.fasterxml.jackson.core.StreamWriteCapability;
3696:             1             40  [Lcom.fasterxml.jackson.databind.AnnotationIntrospector$ReferenceProperty$Type;
3697:             1             40  [Lcom.lmax.disruptor.dsl.ProducerType;
3698:             1             40  [Lio.grpc.internal.MessageDeframer$State;
3699:             1             40  [Lio.grpc.netty.Utils$EventLoopGroupType;
3700:             1             40  [Lio.netty.buffer.PoolArena$SizeClass;
3701:             1             40  [Lio.netty.handler.codec.http2.Http2FrameLogger$Direction;
3702:             1             40  [Ljava.io.File$PathStatus;
3703:             1             40  [Ljava.lang.management.MemoryType;
3704:             1             40  [Ljava.net.InetAddress$Cache$Type;
3705:             1             40  [Ljava.net.StandardProtocolFamily;
3706:             1             40  [Ljava.time.temporal.IsoFields$Unit;
3707:             1             40  [Ljava.util.Locale$Category;
3708:             1             40  [Ljavax.security.auth.login.LoginContext$ModuleInfo;
3709:             1             40  [Lorg.apache.commons.configuration2.sync.LockMode;
3710:             1             40  [Lorg.apache.hadoop.crypto.CipherSuite;
3711:             1             40  [Lorg.apache.hadoop.hdds.client.ReplicationFactor;
3712:             1             40  [Lorg.apache.hadoop.hdds.utils.db.cache.TableCache$CacheType;
3713:             1             40  [Lorg.apache.hadoop.metrics2.MetricType;
3714:             1             40  [Lorg.apache.hadoop.ozone.audit.AuditEventStatus;
3715:             1             40  [Lorg.apache.hadoop.ozone.om.request.OMClientRequest$Result;
3716:             1             40  [Lorg.apache.hadoop.ozone.security.acl.OzoneObj$StoreType;
3717:             1             40  [Lorg.apache.hadoop.security.ssl.SSLFactory$Mode;
3718:             1             40  [Lorg.apache.hadoop.thirdparty.com.google.common.collect.MapMakerInternalMap$Strength;
3719:             1             40  [Lorg.apache.logging.log4j.core.appender.ConsoleAppender$Target;
3720:             1             40  [Lorg.apache.logging.log4j.core.async.ThreadNameCachingStrategy;
3721:             1             40  [Lorg.apache.logging.log4j.core.config.status.StatusConfiguration$Verbosity;
3722:             1             40  [Lorg.apache.logging.log4j.core.pattern.ArrayPatternConverter;
3723:             1             40  [Lorg.apache.logging.log4j.core.pattern.NameAbbreviator$MaxElementAbbreviator$Strategy;
3724:             1             40  [Lorg.apache.ratis.grpc.server.GrpcLogAppender$BatchLogKey;
3725:             1             40  [Lorg.apache.ratis.server.RaftServerConfigKeys$Log$CorruptionPolicy;
3726:             1             40  [Lorg.apache.ratis.server.RaftServerConfigKeys$Read$Option;
3727:             1             40  [Lorg.apache.ratis.server.impl.LeaderElection$Phase;
3728:             1             40  [Lorg.apache.ratis.server.storage.RaftStorage$StartupOption;
3729:             1             40  [Lorg.apache.ratis.thirdparty.com.google.common.collect.ImmutableMapEntry;
3730:             1             40  [Lorg.apache.ratis.thirdparty.com.google.common.collect.MapMakerInternalMap$Strength;
3731:             1             40  [Lorg.apache.ratis.thirdparty.com.google.protobuf.TextFormat$Parser$SingularOverwritePolicy;
3732:             1             40  [Lorg.apache.ratis.thirdparty.io.grpc.InternalKnownTransport;
3733:             1             40  [Lorg.apache.ratis.thirdparty.io.grpc.internal.MessageDeframer$State;
3734:             1             40  [Lorg.apache.ratis.thirdparty.io.grpc.netty.Utils$EventLoopGroupType;
3735:             1             40  [Lorg.apache.ratis.thirdparty.io.netty.buffer.PoolArena$SizeClass;
3736:             1             40  [Lorg.apache.ratis.thirdparty.io.netty.handler.codec.http2.Http2FrameLogger$Direction;
3737:             1             40  [Lorg.eclipse.jetty.server.MultiPartFormDataCompliance;
3738:             1             40  [Lorg.rocksdb.DataBlockIndexType;
3739:             1             40  [Lsun.security.ssl.EphemeralKeyManager$EphemeralKeyPair;
3740:             1             40  com.fasterxml.jackson.core.io.ContentReference
3741:             1             40  com.fasterxml.jackson.core.util.DefaultIndenter
3742:             1             40  com.fasterxml.jackson.databind.ObjectWriter$Prefetch
3743:             1             40  com.fasterxml.jackson.databind.cfg.SerializerFactoryConfig
3744:             1             40  com.fasterxml.jackson.databind.deser.impl.FailingDeserializer
3745:             1             40  com.google.common.base.Splitter
3746:             1             40  com.google.common.collect.ImmutableMapEntrySet$RegularEntrySet
3747:             1             40  com.google.common.collect.Iterators$ArrayItr
3748:             1             40  com.google.common.util.concurrent.AbstractFuture$Listener
3749:             1             40  com.sun.jmx.mbeanserver.ClassLoaderRepositorySupport
3750:             1             40  com.sun.jmx.mbeanserver.MXBeanLookup
3751:             1             40  io.grpc.ServiceDescriptor
3752:             1             40  io.grpc.internal.ProxyDetectorImpl
3753:             1             40  io.grpc.internal.ReadableBuffers$ByteArrayWrapper
3754:             1             40  io.grpc.netty.NettyServer$1
3755:             1             40  java.beans.ThreadGroupContext$1
3756:             1             40  java.lang.ProcessEnvironment$StringEnvironment
3757:             1             40  java.lang.invoke.DirectMethodHandle$EnsureInitialized
3758:             1             40  java.lang.invoke.MethodHandleImpl$4
3759:             1             40  java.lang.invoke.MethodHandleImpl$ArrayAccessor$1
3760:             1             40  java.lang.invoke.MethodHandleImpl$BindCaller$1
3761:             1             40  java.util.logging.LogManager$LoggerContext
3762:             1             40  java.util.logging.LoggingPermission
3763:             1             40  javax.crypto.spec.RC5ParameterSpec
3764:             1             40  javax.management.NotificationBroadcasterSupport
3765:             1             40  javax.net.ssl.SSLContext
3766:             1             40  org.apache.hadoop.hdds.StringUtils$$Lambda$22/1699679644
3767:             1             40  org.apache.hadoop.hdds.server.http.PrometheusMetricsSink
3768:             1             40  org.apache.hadoop.hdds.utils.Scheduler
3769:             1             40  org.apache.hadoop.hdds.utils.SignalLogger
3770:             1             40  org.apache.hadoop.hdds.utils.db.RDBCheckpointManager
3771:             1             40  org.apache.hadoop.hdds.utils.db.managed.ManagedWriteOptions
3772:             1             40  org.apache.hadoop.jmx.JMXJsonServlet
3773:             1             40  org.apache.hadoop.metrics2.impl.MetricsCollectorImpl
3774:             1             40  org.apache.hadoop.metrics2.lib.DefaultMetricsFactory
3775:             1             40  org.apache.hadoop.metrics2.lib.Interns$Info
3776:             1             40  org.apache.hadoop.metrics2.lib.Interns$Tags
3777:             1             40  org.apache.hadoop.metrics2.lib.MutableCounterInt
3778:             1             40  org.apache.hadoop.metrics2.lib.MutableGaugeFloat
3779:             1             40  org.apache.hadoop.ozone.om.OzoneManagerServiceGrpc
3780:             1             40  org.apache.hadoop.ozone.om.PrefixManagerImpl
3781:             1             40  org.apache.hadoop.ozone.om.ratis.metrics.OzoneManagerStateMachineMetrics
3782:             1             40  org.apache.hadoop.ozone.om.request.validation.RequestValidations
3783:             1             40  org.apache.hadoop.ozone.protocolPB.OMInterServiceProtocolServerSideImpl
3784:             1             40  org.apache.hadoop.ozone.util.RadixNode
3785:             1             40  org.apache.hadoop.thirdparty.com.google.common.base.Splitter
3786:             1             40  org.apache.hadoop.thirdparty.com.google.common.collect.Iterators$ArrayItr
3787:             1             40  org.apache.hadoop.thirdparty.com.google.common.util.concurrent.AbstractFuture$Listener
3788:             1             40  org.apache.hadoop.util.CacheMetrics
3789:             1             40  org.apache.logging.log4j.core.appender.DefaultErrorHandler
3790:             1             40  org.apache.logging.log4j.core.appender.rolling.FileExtension$1
3791:             1             40  org.apache.logging.log4j.core.appender.rolling.FileExtension$2
3792:             1             40  org.apache.logging.log4j.core.appender.rolling.FileExtension$3
3793:             1             40  org.apache.logging.log4j.core.appender.rolling.FileExtension$4
3794:             1             40  org.apache.logging.log4j.core.appender.rolling.FileExtension$5
3795:             1             40  org.apache.logging.log4j.core.appender.rolling.FileExtension$6
3796:             1             40  org.apache.logging.log4j.core.appender.rolling.SizeBasedTriggeringPolicy
3797:             1             40  org.apache.logging.log4j.core.async.RingBufferLogEventHandler
3798:             1             40  org.apache.logging.log4j.core.config.AppenderRef
3799:             1             40  org.apache.logging.log4j.core.config.plugins.util.PluginRegistry
3800:             1             40  org.apache.logging.log4j.core.jmx.AppenderAdmin
3801:             1             40  org.apache.logging.log4j.core.layout.StringBuilderEncoder
3802:             1             40  org.apache.logging.log4j.core.pattern.NameAbbreviator$MaxElementAbbreviator$Strategy$1
3803:             1             40  org.apache.logging.log4j.core.pattern.NameAbbreviator$MaxElementAbbreviator$Strategy$2
3804:             1             40  org.apache.logging.log4j.core.util.WatchManager$ConfigurationMonitor
3805:             1             40  org.apache.ozone.rocksdiff.RocksDBCheckpointDiffer$1
3806:             1             40  org.apache.ozone.rocksdiff.RocksDBCheckpointDiffer$2
3807:             1             40  org.apache.ratis.protocol.RaftGroupMemberId
3808:             1             40  org.apache.ratis.server.impl.RaftServerProxy$$Lambda$281/1465800495
3809:             1             40  org.apache.ratis.server.impl.RaftServerProxy$ImplMap
3810:             1             40  org.apache.ratis.server.impl.ReadRequests$ReadIndexQueue
3811:             1             40  org.apache.ratis.server.impl.RetryCacheImpl
3812:             1             40  org.apache.ratis.server.impl.ServerState$$Lambda$313/940248722
3813:             1             40  org.apache.ratis.server.impl.ServerState$$Lambda$321/2017321235
3814:             1             40  org.apache.ratis.server.impl.SnapshotManagementRequestHandler
3815:             1             40  org.apache.ratis.server.impl.StateMachineUpdater$$Lambda$498/416188006
3816:             1             40  org.apache.ratis.server.raftlog.segmented.SegmentedRaftLogWorker$StateMachineDataPolicy
3817:             1             40  org.apache.ratis.server.storage.RaftStorageDirectoryImpl
3818:             1             40  org.apache.ratis.thirdparty.com.google.common.base.Splitter
3819:             1             40  org.apache.ratis.thirdparty.com.google.common.collect.Iterators$ArrayItr
3820:             1             40  org.apache.ratis.thirdparty.com.google.common.util.concurrent.AbstractFuture$Listener
3821:             1             40  org.apache.ratis.thirdparty.com.google.protobuf.Descriptors$DescriptorPool
3822:             1             40  org.apache.ratis.thirdparty.com.google.protobuf.LazyStringArrayList
3823:             1             40  org.apache.ratis.thirdparty.io.grpc.internal.DelayedClientCall$DelayedListener
3824:             1             40  org.apache.ratis.thirdparty.io.grpc.internal.ProxyDetectorImpl
3825:             1             40  org.apache.ratis.thirdparty.io.grpc.internal.ReadableBuffers$ByteArrayWrapper
3826:             1             40  org.apache.ratis.thirdparty.io.grpc.internal.SharedResourceHolder
3827:             1             40  org.apache.ratis.thirdparty.io.grpc.netty.NettyServer$1
3828:             1             40  org.apache.ratis.util.AwaitToRun
3829:             1             40  org.apache.ratis.util.OpenCloseState
3830:             1             40  org.apache.ratis.util.TimeoutTimer
3831:             1             40  org.eclipse.jetty.server.handler.ContextHandlerCollection$Mapping
3832:             1             40  org.eclipse.jetty.util.JavaVersion
3833:             1             40  org.rocksdb.Checkpoint
3834:             1             40  org.rocksdb.RocksIterator
3835:             1             40  org.slf4j.helpers.FormattingTuple
3836:             1             40  org.slf4j.helpers.SubstituteLoggerFactory
3837:             1             40  picocli.CommandLine$Range
3838:             1             40  picocli.CommandLine$Tracer
3839:             1             40  sun.management.MemoryImpl
3840:             1             40  sun.management.VMManagementImpl
3841:             1             40  sun.net.sdp.SdpProvider
3842:             1             40  sun.nio.cs.ISO_8859_1
3843:             1             40  sun.nio.cs.US_ASCII
3844:             1             40  sun.nio.cs.UTF_16
3845:             1             40  sun.nio.cs.UTF_16BE
3846:             1             40  sun.nio.cs.UTF_16LE
3847:             1             40  sun.nio.cs.UTF_8
3848:             1             40  sun.reflect.generics.repository.FieldRepository
3849:             1             40  sun.security.ssl.CipherSuiteList
3850:             1             40  sun.security.ssl.MAC
3851:             1             32  [Lcom.fasterxml.jackson.databind.deser.KeyDeserializers;
3852:             1             32  [Lcom.fasterxml.jackson.databind.deser.SettableBeanProperty;
3853:             1             32  [Lcom.google.common.cache.CacheBuilder$NullListener;
3854:             1             32  [Lcom.google.common.cache.CacheBuilder$OneWeigher;
3855:             1             32  [Lcom.google.common.cache.LocalCache$NullEntry;
3856:             1             32  [Lcom.google.common.util.concurrent.DirectExecutor;
3857:             1             32  [Lcom.google.protobuf.Descriptors$MethodDescriptor;
3858:             1             32  [Ljava.util.Comparators$NaturalOrderComparator;
3859:             1             32  [Ljavax.net.ssl.KeyManager;
3860:             1             32  [Lorg.apache.commons.configuration2.sync.NoOpSynchronizer;
3861:             1             32  [Lorg.apache.commons.io.file.StandardDeleteOption;
3862:             1             32  [Lorg.apache.hadoop.hdds.utils.SignalLogger;
3863:             1             32  [Lorg.apache.hadoop.hdds.utils.db.RDBBatchOperation$Op;
3864:             1             32  [Lorg.apache.hadoop.ipc.Server$Listener$Reader;
3865:             1             32  [Lorg.apache.hadoop.metrics2.lib.DefaultMetricsFactory;
3866:             1             32  [Lorg.apache.hadoop.metrics2.lib.DefaultMetricsSystem;
3867:             1             32  [Lorg.apache.hadoop.metrics2.lib.Interns$Info;
3868:             1             32  [Lorg.apache.hadoop.metrics2.lib.Interns$Tags;
3869:             1             32  [Lorg.apache.hadoop.thirdparty.com.google.common.cache.CacheBuilder$NullListener;
3870:             1             32  [Lorg.apache.hadoop.thirdparty.com.google.common.cache.CacheBuilder$OneWeigher;
3871:             1             32  [Lorg.apache.hadoop.thirdparty.com.google.common.cache.LocalCache$NullEntry;
3872:             1             32  [Lorg.apache.hadoop.thirdparty.com.google.common.util.concurrent.DirectExecutor;
3873:             1             32  [Lorg.apache.logging.log4j.core.appender.rolling.TriggeringPolicy;
3874:             1             32  [Lorg.apache.ratis.thirdparty.com.google.common.cache.CacheBuilder$NullListener;
3875:             1             32  [Lorg.apache.ratis.thirdparty.com.google.common.cache.CacheBuilder$OneWeigher;
3876:             1             32  [Lorg.apache.ratis.thirdparty.com.google.common.cache.LocalCache$NullEntry;
3877:             1             32  [Lorg.apache.ratis.thirdparty.com.google.common.util.concurrent.DirectExecutor;
3878:             1             32  [Lorg.apache.ratis.thirdparty.io.grpc.internal.DnsNameResolver$JdkAddressResolver;
3879:             1             32  [Lorg.eclipse.jetty.http.HttpFieldPreEncoder;
3880:             1             32  [Lsun.launcher.LauncherHelper;
3881:             1             32  com.fasterxml.jackson.annotation.JsonIgnoreProperties$Value
3882:             1             32  com.fasterxml.jackson.annotation.JsonSetter$Value
3883:             1             32  com.fasterxml.jackson.core.util.MinimalPrettyPrinter
3884:             1             32  com.fasterxml.jackson.databind.AnnotationIntrospector$ReferenceProperty
3885:             1             32  com.fasterxml.jackson.databind.cfg.ContextAttributes$Impl
3886:             1             32  com.fasterxml.jackson.databind.ext.OptionalHandlerFactory
3887:             1             32  com.fasterxml.jackson.databind.introspect.JacksonAnnotationIntrospector
3888:             1             32  com.fasterxml.jackson.databind.ser.impl.FailingSerializer
3889:             1             32  com.fasterxml.jackson.databind.ser.impl.ReadOnlyClassToSerializerMap
3890:             1             32  com.fasterxml.jackson.databind.ser.std.UUIDSerializer
3891:             1             32  com.google.common.base.Predicates$ObjectPredicate$1
3892:             1             32  com.google.common.base.Predicates$ObjectPredicate$2
3893:             1             32  com.google.common.base.Predicates$ObjectPredicate$3
3894:             1             32  com.google.common.base.Predicates$ObjectPredicate$4
3895:             1             32  com.google.common.cache.CacheBuilder$NullListener
3896:             1             32  com.google.common.cache.CacheBuilder$OneWeigher
3897:             1             32  com.google.common.cache.LocalCache$EntryFactory$1
3898:             1             32  com.google.common.cache.LocalCache$EntryFactory$2
3899:             1             32  com.google.common.cache.LocalCache$EntryFactory$3
3900:             1             32  com.google.common.cache.LocalCache$EntryFactory$4
3901:             1             32  com.google.common.cache.LocalCache$EntryFactory$5
3902:             1             32  com.google.common.cache.LocalCache$EntryFactory$6
3903:             1             32  com.google.common.cache.LocalCache$EntryFactory$7
3904:             1             32  com.google.common.cache.LocalCache$EntryFactory$8
3905:             1             32  com.google.common.cache.LocalCache$NullEntry
3906:             1             32  com.google.common.cache.LocalCache$Strength$1
3907:             1             32  com.google.common.cache.LocalCache$Strength$2
3908:             1             32  com.google.common.cache.LocalCache$Strength$3
3909:             1             32  com.google.common.cache.RemovalCause$1
3910:             1             32  com.google.common.cache.RemovalCause$2
3911:             1             32  com.google.common.cache.RemovalCause$3
3912:             1             32  com.google.common.cache.RemovalCause$4
3913:             1             32  com.google.common.cache.RemovalCause$5
3914:             1             32  com.google.common.collect.AbstractMapBasedMultimap$KeySet
3915:             1             32  com.google.common.collect.ImmutableEnumSet
3916:             1             32  com.google.common.util.concurrent.AbstractFuture$Waiter
3917:             1             32  com.google.common.util.concurrent.DirectExecutor
3918:             1             32  com.sun.beans.util.Cache$Kind$1
3919:             1             32  com.sun.beans.util.Cache$Kind$2
3920:             1             32  com.sun.beans.util.Cache$Kind$3
3921:             1             32  com.sun.jmx.remote.util.ClassLogger
3922:             1             32  com.sun.security.auth.UnixNumericGroupPrincipal
3923:             2             32  io.grpc.Codec$Gzip
3924:             1             32  io.grpc.DecompressorRegistry
3925:             1             32  io.grpc.ServerMethodDefinition
3926:             1             32  io.grpc.ServerServiceDefinition
3927:             2             32  io.grpc.internal.GrpcUtil$AcceptEncodingMarshaller
3928:             1             32  io.grpc.internal.InternalHandlerRegistry
3929:             1             32  io.grpc.internal.StatsTraceContext
3930:             1             32  io.grpc.netty.NettyServer$3
3931:             1             32  io.grpc.netty.NettyServer$ListenSocket
3932:             1             32  io.grpc.netty.NettyServer$SharedResourceReferenceCounter
3933:             1             32  io.grpc.netty.ProtocolNegotiationEvent
3934:             1             32  io.grpc.stub.ServerCalls$UnaryServerCallHandler
3935:             1             32  io.netty.bootstrap.ServerBootstrap$ServerBootstrapAcceptor$1
3936:             1             32  io.netty.buffer.UnpooledByteBufAllocator$UnpooledByteBufAllocatorMetric
3937:             1             32  io.netty.channel.ChannelOption$1
3938:             1             32  io.netty.handler.codec.http2.ReadOnlyHttp2Headers
3939:             1             32  io.netty.util.ResourceLeakDetectorFactory$DefaultResourceLeakDetectorFactory
3940:             1             32  io.netty.util.concurrent.FailedFuture
3941:             1             32  io.netty.util.internal.ThreadExecutorMap$3
3942:             2             32  io.netty.util.internal.logging.Slf4JLoggerFactory
3943:             1             32  io.perfmark.Tag
3944:             2             32  java.lang.Shutdown$Lock
3945:             1             32  java.lang.invoke.MethodType$ConcurrentWeakInternSet
3946:             1             32  java.math.MutableBigInteger
3947:             1             32  java.net.Inet4AddressImpl
3948:             1             32  java.net.Proxy
3949:             1             32  java.nio.file.FileVisitOption
3950:             1             32  java.nio.file.LinkOption
3951:             1             32  java.security.Policy$PolicyInfo
3952:             1             32  java.security.Policy$UnsupportedEmptyCollection
3953:             1             32  java.time.Period
3954:             1             32  java.time.temporal.IsoFields$Field$1
3955:             1             32  java.time.temporal.IsoFields$Field$2
3956:             1             32  java.time.temporal.IsoFields$Field$3
3957:             1             32  java.time.temporal.IsoFields$Field$4
3958:             1             32  java.util.Collections$EmptyMap
3959:             1             32  java.util.Collections$UnmodifiableSortedSet
3960:             1             32  java.util.Comparators$NaturalOrderComparator
3961:             1             32  java.util.Locale$Cache
3962:             1             32  java.util.ResourceBundle$Control$CandidateListCache
3963:             1             32  java.util.concurrent.Executors$DelegatedScheduledExecutorService
3964:             1             32  java.util.concurrent.TimeUnit$1
3965:             1             32  java.util.concurrent.TimeUnit$2
3966:             1             32  java.util.concurrent.TimeUnit$3
3967:             1             32  java.util.concurrent.TimeUnit$4
3968:             1             32  java.util.concurrent.TimeUnit$5
3969:             1             32  java.util.concurrent.TimeUnit$6
3970:             1             32  java.util.concurrent.TimeUnit$7
3971:             1             32  javax.crypto.spec.RC2ParameterSpec
3972:             1             32  org.apache.commons.configuration2.event.EventListenerRegistrationData
3973:             1             32  org.apache.commons.configuration2.io.DefaultFileSystem
3974:             1             32  org.apache.commons.configuration2.sync.NoOpSynchronizer
3975:             1             32  org.apache.commons.io.file.StandardDeleteOption
3976:             2             32  org.apache.commons.lang3.text.translate.UnicodeUnpairedSurrogateRemover
3977:             1             32  org.apache.commons.logging.impl.WeakHashtable$Referenced
3978:             1             32  org.apache.hadoop.conf.Configuration$DeprecationContext
3979:             1             32  org.apache.hadoop.conf.Configuration$ParsedTimeDuration$1
3980:             1             32  org.apache.hadoop.conf.Configuration$ParsedTimeDuration$2
3981:             1             32  org.apache.hadoop.conf.Configuration$ParsedTimeDuration$3
3982:             1             32  org.apache.hadoop.conf.Configuration$ParsedTimeDuration$4
3983:             1             32  org.apache.hadoop.conf.Configuration$ParsedTimeDuration$5
3984:             1             32  org.apache.hadoop.conf.Configuration$ParsedTimeDuration$6
3985:             1             32  org.apache.hadoop.conf.Configuration$ParsedTimeDuration$7
3986:             1             32  org.apache.hadoop.conf.StorageUnit$1
3987:             1             32  org.apache.hadoop.conf.StorageUnit$2
3988:             1             32  org.apache.hadoop.conf.StorageUnit$3
3989:             1             32  org.apache.hadoop.conf.StorageUnit$4
3990:             1             32  org.apache.hadoop.conf.StorageUnit$5
3991:             1             32  org.apache.hadoop.conf.StorageUnit$6
3992:             1             32  org.apache.hadoop.conf.StorageUnit$7
3993:             1             32  org.apache.hadoop.hdds.client.ReplicationConfigValidator
3994:             1             32  org.apache.hadoop.hdds.conf.ConfigType$1
3995:             1             32  org.apache.hadoop.hdds.conf.ConfigType$2
3996:             1             32  org.apache.hadoop.hdds.conf.ConfigType$3
3997:             1             32  org.apache.hadoop.hdds.conf.ConfigType$4
3998:             1             32  org.apache.hadoop.hdds.conf.ConfigType$5
3999:             1             32  org.apache.hadoop.hdds.conf.ConfigType$6
4000:             1             32  org.apache.hadoop.hdds.conf.ConfigType$7
4001:             1             32  org.apache.hadoop.hdds.conf.ConfigType$8
4002:             1             32  org.apache.hadoop.hdds.conf.ConfigType$9
4003:             1             32  org.apache.hadoop.hdds.conf.StorageUnit$1
4004:             1             32  org.apache.hadoop.hdds.conf.StorageUnit$2
4005:             1             32  org.apache.hadoop.hdds.conf.StorageUnit$3
4006:             1             32  org.apache.hadoop.hdds.conf.StorageUnit$4
4007:             1             32  org.apache.hadoop.hdds.conf.StorageUnit$5
4008:             1             32  org.apache.hadoop.hdds.conf.StorageUnit$6
4009:             1             32  org.apache.hadoop.hdds.conf.StorageUnit$7
4010:             1             32  org.apache.hadoop.hdds.conf.TimeDurationUtil$ParsedTimeDuration$1
4011:             1             32  org.apache.hadoop.hdds.conf.TimeDurationUtil$ParsedTimeDuration$2
4012:             1             32  org.apache.hadoop.hdds.conf.TimeDurationUtil$ParsedTimeDuration$3
4013:             1             32  org.apache.hadoop.hdds.conf.TimeDurationUtil$ParsedTimeDuration$4
4014:             1             32  org.apache.hadoop.hdds.conf.TimeDurationUtil$ParsedTimeDuration$5
4015:             1             32  org.apache.hadoop.hdds.conf.TimeDurationUtil$ParsedTimeDuration$6
4016:             1             32  org.apache.hadoop.hdds.conf.TimeDurationUtil$ParsedTimeDuration$7
4017:             1             32  org.apache.hadoop.hdds.scm.protocolPB.ScmBlockLocationProtocolClientSideTranslatorPB
4018:             1             32  org.apache.hadoop.hdds.scm.protocolPB.StorageContainerLocationProtocolClientSideTranslatorPB
4019:             1             32  org.apache.hadoop.hdds.server.http.HttpServer2$QuotingInputFilter
4020:             1             32  org.apache.hadoop.hdds.server.http.HttpServer2Metrics
4021:             2             32  org.apache.hadoop.hdds.server.http.NoCacheFilter
4022:             1             32  org.apache.hadoop.hdds.server.http.RatisDropwizardExports$$Lambda$191/1048332309
4023:             1             32  org.apache.hadoop.hdds.utils.Scheduler$$Lambda$135/723602324
4024:             1             32  org.apache.hadoop.hdds.utils.db.DBProfile$1
4025:             1             32  org.apache.hadoop.hdds.utils.db.DBProfile$2
4026:             1             32  org.apache.hadoop.hdds.utils.db.DBProfile$3
4027:             1             32  org.apache.hadoop.hdds.utils.db.RDBBatchOperation$Op
4028:             1             32  org.apache.hadoop.hdds.utils.db.RocksDatabase$RocksCheckpoint
4029:             1             32  org.apache.hadoop.hdds.utils.db.StringCodec
4030:             1             32  org.apache.hadoop.hdds.utils.db.managed.ManagedCheckpoint
4031:             1             32  org.apache.hadoop.hdds.utils.db.managed.ManagedRocksIterator
4032:             1             32  org.apache.hadoop.hdds.utils.db.managed.ManagedRocksObjectMetrics
4033:             1             32  org.apache.hadoop.http.lib.StaticUserWebFilter$StaticUserFilter
4034:             1             32  org.apache.hadoop.io.Text
4035:             2             32  org.apache.hadoop.ipc.ProtobufRpcEngine2$Server$ProtoBufRpcInvoker
4036:             1             32  org.apache.hadoop.ipc.Server$1
4037:             1             32  org.apache.hadoop.ipc.Server$ExceptionsHandler
4038:             1             32  org.apache.hadoop.ipc.Server$MetricsUpdateRunner
4039:             1             32  org.apache.hadoop.ipc.Server$RpcKindMapValue
4040:             1             32  org.apache.hadoop.metrics2.lib.Interns$Info$1
4041:             1             32  org.apache.hadoop.metrics2.lib.Interns$Tags$1
4042:             1             32  org.apache.hadoop.metrics2.lib.MethodMetric$3
4043:             1             32  org.apache.hadoop.ozone.common.ha.ratis.RatisSnapshotInfo
4044:             1             32  org.apache.hadoop.ozone.om.BucketManagerImpl
4045:             1             32  org.apache.hadoop.ozone.om.S3SecretLockedManager
4046:             1             32  org.apache.hadoop.ozone.om.S3SecretManagerImpl
4047:             1             32  org.apache.hadoop.ozone.om.request.validation.ValidationCondition$1
4048:             1             32  org.apache.hadoop.ozone.om.request.validation.ValidationCondition$2
4049:             1             32  org.apache.hadoop.ozone.om.request.validation.ValidationContext$1
4050:             1             32  org.apache.hadoop.ozone.protocol.proto.OzoneManagerServiceGrpc$MethodHandlers
4051:             1             32  org.apache.hadoop.ozone.util.ShutdownHookManager
4052:             1             32  org.apache.hadoop.security.Credentials
4053:             1             32  org.apache.hadoop.security.Groups$GroupCacheLoader
4054:             1             32  org.apache.hadoop.security.PasswordManager
4055:             1             32  org.apache.hadoop.security.UserGroupInformation$HadoopConfiguration
4056:             1             32  org.apache.hadoop.security.authorize.ServiceAuthorizationManager
4057:             1             32  org.apache.hadoop.thirdparty.com.google.common.cache.CacheBuilder$NullListener
4058:             1             32  org.apache.hadoop.thirdparty.com.google.common.cache.CacheBuilder$OneWeigher
4059:             1             32  org.apache.hadoop.thirdparty.com.google.common.cache.LocalCache$EntryFactory$1
4060:             1             32  org.apache.hadoop.thirdparty.com.google.common.cache.LocalCache$EntryFactory$2
4061:             1             32  org.apache.hadoop.thirdparty.com.google.common.cache.LocalCache$EntryFactory$3
4062:             1             32  org.apache.hadoop.thirdparty.com.google.common.cache.LocalCache$EntryFactory$4
4063:             1             32  org.apache.hadoop.thirdparty.com.google.common.cache.LocalCache$EntryFactory$5
4064:             1             32  org.apache.hadoop.thirdparty.com.google.common.cache.LocalCache$EntryFactory$6
4065:             1             32  org.apache.hadoop.thirdparty.com.google.common.cache.LocalCache$EntryFactory$7
4066:             1             32  org.apache.hadoop.thirdparty.com.google.common.cache.LocalCache$EntryFactory$8
4067:             1             32  org.apache.hadoop.thirdparty.com.google.common.cache.LocalCache$KeySet
4068:             1             32  org.apache.hadoop.thirdparty.com.google.common.cache.LocalCache$NullEntry
4069:             1             32  org.apache.hadoop.thirdparty.com.google.common.cache.LocalCache$Strength$1
4070:             1             32  org.apache.hadoop.thirdparty.com.google.common.cache.LocalCache$Strength$2
4071:             1             32  org.apache.hadoop.thirdparty.com.google.common.cache.LocalCache$Strength$3
4072:             1             32  org.apache.hadoop.thirdparty.com.google.common.cache.RemovalCause$1
4073:             1             32  org.apache.hadoop.thirdparty.com.google.common.cache.RemovalCause$2
4074:             1             32  org.apache.hadoop.thirdparty.com.google.common.cache.RemovalCause$3
4075:             1             32  org.apache.hadoop.thirdparty.com.google.common.cache.RemovalCause$4
4076:             1             32  org.apache.hadoop.thirdparty.com.google.common.cache.RemovalCause$5
4077:             1             32  org.apache.hadoop.thirdparty.com.google.common.collect.MapMakerInternalMap$Strength$1
4078:             1             32  org.apache.hadoop.thirdparty.com.google.common.collect.MapMakerInternalMap$Strength$2
4079:             1             32  org.apache.hadoop.thirdparty.com.google.common.util.concurrent.AbstractFuture$Waiter
4080:             1             32  org.apache.hadoop.thirdparty.com.google.common.util.concurrent.DirectExecutor
4081:             1             32  org.apache.hadoop.util.ShutdownHookManager
4082:             1             32  org.apache.log4j.helpers.FormattingInfo
4083:             1             32  org.apache.log4j.helpers.ISO8601DateFormat
4084:             1             32  org.apache.logging.log4j.core.appender.ConsoleAppender$Target$1
4085:             1             32  org.apache.logging.log4j.core.appender.ConsoleAppender$Target$2
4086:             1             32  org.apache.logging.log4j.core.appender.rolling.CompositeTriggeringPolicy
4087:             1             32  org.apache.logging.log4j.core.async.AsyncLogger$1
4088:             1             32  org.apache.logging.log4j.core.async.AsyncLogger$2
4089:             1             32  org.apache.logging.log4j.core.async.AsyncLoggerConfigDisruptor$Log4jEventWrapperHandler
4090:             2             32  org.apache.logging.log4j.core.async.DefaultAsyncQueueFullPolicy
4091:             1             32  org.apache.logging.log4j.core.async.ThreadNameCachingStrategy$1
4092:             1             32  org.apache.logging.log4j.core.async.ThreadNameCachingStrategy$2
4093:             2             32  org.apache.logging.log4j.core.config.DefaultAdvertiser
4094:             1             32  org.apache.logging.log4j.core.config.LoggerConfig$LoggerConfigPredicate$1
4095:             1             32  org.apache.logging.log4j.core.config.LoggerConfig$LoggerConfigPredicate$2
4096:             1             32  org.apache.logging.log4j.core.config.LoggerConfig$LoggerConfigPredicate$3
4097:             1             32  org.apache.logging.log4j.core.config.Loggers
4098:             1             32  org.apache.logging.log4j.core.config.json.JsonConfigurationFactory
4099:             1             32  org.apache.logging.log4j.core.config.yaml.YamlConfigurationFactory
4100:             1             32  org.apache.logging.log4j.core.filter.CompositeFilter
4101:             2             32  org.apache.logging.log4j.core.impl.DefaultLogEventFactory
4102:             1             32  org.apache.logging.log4j.core.impl.Log4jContextFactory
4103:             1             32  org.apache.logging.log4j.core.jmx.ContextSelectorAdmin
4104:             1             32  org.apache.logging.log4j.core.pattern.IntegerPatternConverter
4105:             1             32  org.apache.logging.log4j.core.pattern.LevelPatternConverter$SimpleLevelPatternConverter
4106:             1             32  org.apache.logging.log4j.core.pattern.LineSeparatorPatternConverter
4107:             1             32  org.apache.logging.log4j.core.pattern.MessagePatternConverter$SimpleMessagePatternConverter
4108:             1             32  org.apache.logging.log4j.core.pattern.NameAbbreviator$MaxElementAbbreviator
4109:             1             32  org.apache.logging.log4j.core.pattern.PatternParser
4110:             1             32  org.apache.logging.log4j.core.pattern.SimpleLiteralPatternConverter$Space
4111:             1             32  org.apache.logging.log4j.core.pattern.ThreadNamePatternConverter
4112:             2             32  org.apache.logging.log4j.core.util.SystemClock
4113:             1             32  org.apache.logging.log4j.core.util.WatchManager$WatchRunnable
4114:             1             32  org.apache.logging.log4j.core.util.datetime.FastDateFormat
4115:             1             32  org.apache.logging.log4j.core.util.datetime.FormatCache$MultipartKey
4116:             1             32  org.apache.logging.log4j.message.SimpleMessage
4117:             1             32  org.apache.logging.log4j.spi.DefaultThreadContextMap
4118:             1             32  org.apache.logging.log4j.spi.LoggerRegistry
4119:             2             32  org.apache.logging.log4j.util.EnvironmentPropertySource
4120:             2             32  org.apache.logging.log4j.util.PropertySource$Comparator
4121:             2             32  org.apache.logging.log4j.util.SystemPropertiesPropertySource
4122:             1             32  org.apache.ratis.grpc.metrics.MessageMetrics
4123:             1             32  org.apache.ratis.grpc.server.GrpcClientProtocolService$PendingOrderedRequest
4124:             1             32  org.apache.ratis.grpc.server.GrpcServerProtocolService
4125:             1             32  org.apache.ratis.grpc.server.GrpcService$$Lambda$275/997219303
4126:             1             32  org.apache.ratis.server.RaftServerRpcWithProxy$$Lambda$271/1706655559
4127:             1             32  org.apache.ratis.server.impl.DataStreamMapImpl
4128:             1             32  org.apache.ratis.server.impl.RaftServerImpl$RaftServerJmxAdapter
4129:             1             32  org.apache.ratis.server.impl.RaftServerProxy$$Lambda$279/1679401185
4130:             1             32  org.apache.ratis.server.impl.ReadRequests
4131:             1             32  org.apache.ratis.server.impl.StateMachineMetrics
4132:             1             32  org.apache.ratis.server.impl.StateMachineUpdater$1
4133:             1             32  org.apache.ratis.server.raftlog.RaftLogSequentialOps$Runner
4134:             1             32  org.apache.ratis.server.raftlog.segmented.SegmentedRaftLogWorker$WriteLogTasks
4135:             1             32  org.apache.ratis.server.storage.RaftStorageMetadataFileImpl
4136:             1             32  org.apache.ratis.server.storage.SnapshotManager$$Lambda$316/1368543538
4137:             1             32  org.apache.ratis.server.storage.SnapshotManager$$Lambda$317/1725911530
4138:             1             32  org.apache.ratis.server.storage.SnapshotManager$$Lambda$319/716852736
4139:             1             32  org.apache.ratis.statemachine.impl.SimpleStateMachineStorage
4140:             1             32  org.apache.ratis.thirdparty.com.google.common.cache.CacheBuilder$NullListener
4141:             1             32  org.apache.ratis.thirdparty.com.google.common.cache.CacheBuilder$OneWeigher
4142:             1             32  org.apache.ratis.thirdparty.com.google.common.cache.LocalCache$EntryFactory$1
4143:             1             32  org.apache.ratis.thirdparty.com.google.common.cache.LocalCache$EntryFactory$2
4144:             1             32  org.apache.ratis.thirdparty.com.google.common.cache.LocalCache$EntryFactory$3
4145:             1             32  org.apache.ratis.thirdparty.com.google.common.cache.LocalCache$EntryFactory$4
4146:             1             32  org.apache.ratis.thirdparty.com.google.common.cache.LocalCache$EntryFactory$5
4147:             1             32  org.apache.ratis.thirdparty.com.google.common.cache.LocalCache$EntryFactory$6
4148:             1             32  org.apache.ratis.thirdparty.com.google.common.cache.LocalCache$EntryFactory$7
4149:             1             32  org.apache.ratis.thirdparty.com.google.common.cache.LocalCache$EntryFactory$8
4150:             1             32  org.apache.ratis.thirdparty.com.google.common.cache.LocalCache$NullEntry
4151:             1             32  org.apache.ratis.thirdparty.com.google.common.cache.LocalCache$Strength$1
4152:             1             32  org.apache.ratis.thirdparty.com.google.common.cache.LocalCache$Strength$2
4153:             1             32  org.apache.ratis.thirdparty.com.google.common.cache.LocalCache$Strength$3
4154:             1             32  org.apache.ratis.thirdparty.com.google.common.cache.RemovalCause$1
4155:             1             32  org.apache.ratis.thirdparty.com.google.common.cache.RemovalCause$2
4156:             1             32  org.apache.ratis.thirdparty.com.google.common.cache.RemovalCause$3
4157:             1             32  org.apache.ratis.thirdparty.com.google.common.cache.RemovalCause$4
4158:             1             32  org.apache.ratis.thirdparty.com.google.common.cache.RemovalCause$5
4159:             1             32  org.apache.ratis.thirdparty.com.google.common.collect.MapMakerInternalMap$Strength$1
4160:             1             32  org.apache.ratis.thirdparty.com.google.common.collect.MapMakerInternalMap$Strength$2
4161:             1             32  org.apache.ratis.thirdparty.com.google.common.util.concurrent.AbstractFuture$Waiter
4162:             1             32  org.apache.ratis.thirdparty.com.google.common.util.concurrent.DirectExecutor
4163:             1             32  org.apache.ratis.thirdparty.com.google.protobuf.TextFormat$Printer
4164:             2             32  org.apache.ratis.thirdparty.io.grpc.Codec$Gzip
4165:             1             32  org.apache.ratis.thirdparty.io.grpc.Context$Key
4166:             1             32  org.apache.ratis.thirdparty.io.grpc.DecompressorRegistry
4167:             1             32  org.apache.ratis.thirdparty.io.grpc.LoadBalancerRegistry
4168:             1             32  org.apache.ratis.thirdparty.io.grpc.NameResolver$ConfigOrError
4169:             1             32  org.apache.ratis.thirdparty.io.grpc.internal.DnsNameResolver$JdkAddressResolver
4170:             2             32  org.apache.ratis.thirdparty.io.grpc.internal.GrpcUtil$AcceptEncodingMarshaller
4171:             1             32  org.apache.ratis.thirdparty.io.grpc.internal.InternalHandlerRegistry
4172:             2             32  org.apache.ratis.thirdparty.io.grpc.netty.AbstractNettyHandler$AllowPingLimiter
4173:             1             32  org.apache.ratis.thirdparty.io.grpc.netty.NettyServer$3
4174:             1             32  org.apache.ratis.thirdparty.io.grpc.netty.NettyServer$ListenSocket
4175:             1             32  org.apache.ratis.thirdparty.io.grpc.netty.NettyServer$SharedResourceReferenceCounter
4176:             2             32  org.apache.ratis.thirdparty.io.grpc.netty.NettyServerHandler$ServerChannelLogger
4177:             1             32  org.apache.ratis.thirdparty.io.grpc.netty.ProtocolNegotiationEvent
4178:             1             32  org.apache.ratis.thirdparty.io.netty.bootstrap.ServerBootstrap$ServerBootstrapAcceptor$1
4179:             1             32  org.apache.ratis.thirdparty.io.netty.buffer.UnpooledByteBufAllocator$UnpooledByteBufAllocatorMetric
4180:             1             32  org.apache.ratis.thirdparty.io.netty.channel.ChannelOption$1
4181:             1             32  org.apache.ratis.thirdparty.io.netty.handler.codec.http2.ReadOnlyHttp2Headers
4182:             1             32  org.apache.ratis.thirdparty.io.netty.util.ResourceLeakDetectorFactory$DefaultResourceLeakDetectorFactory
4183:             1             32  org.apache.ratis.thirdparty.io.netty.util.concurrent.DefaultEventExecutorChooserFactory$GenericEventExecutorChooser
4184:             1             32  org.apache.ratis.thirdparty.io.netty.util.concurrent.DefaultEventExecutorChooserFactory$PowerOfTwoEventExecutorChooser
4185:             1             32  org.apache.ratis.thirdparty.io.netty.util.concurrent.FailedFuture
4186:             1             32  org.apache.ratis.thirdparty.io.netty.util.internal.ThreadExecutorMap$3
4187:             2             32  org.apache.ratis.thirdparty.io.netty.util.internal.logging.Slf4JLoggerFactory
4188:             1             32  org.apache.ratis.thirdparty.io.perfmark.Tag
4189:             1             32  org.apache.ratis.util.AwaitToRun$RunnableImpl
4190:             1             32  org.apache.ratis.util.MemoizedCheckedSupplier
4191:             2             32  org.bouncycastle.jcajce.provider.asymmetric.dh.KeyFactorySpi
4192:             2             32  org.bouncycastle.jcajce.provider.asymmetric.dstu.KeyFactorySpi
4193:             2             32  org.bouncycastle.jcajce.provider.asymmetric.ecgost.KeyFactorySpi
4194:             1             32  org.bouncycastle.jcajce.provider.asymmetric.edec.KeyFactorySpi$Ed25519
4195:             1             32  org.bouncycastle.jcajce.provider.asymmetric.edec.KeyFactorySpi$Ed448
4196:             1             32  org.bouncycastle.jcajce.provider.asymmetric.edec.KeyFactorySpi$X25519
4197:             1             32  org.bouncycastle.jcajce.provider.asymmetric.edec.KeyFactorySpi$X448
4198:             2             32  org.bouncycastle.pqc.jcajce.provider.qtesla.QTESLAKeyFactorySpi
4199:             2             32  org.bouncycastle.pqc.jcajce.provider.xmss.XMSSKeyFactorySpi
4200:             2             32  org.bouncycastle.pqc.jcajce.provider.xmss.XMSSMTKeyFactorySpi
4201:             1             32  org.bouncycastle.util.encoders.HexEncoder
4202:             1             32  org.eclipse.jetty.http.HttpGenerator$1
4203:             1             32  org.eclipse.jetty.server.Server$DateField
4204:             1             32  org.eclipse.jetty.util.IO$NullWrite
4205:             1             32  org.eclipse.jetty.util.Uptime$DefaultImpl
4206:             1             32  org.eclipse.jetty.util.component.DumpableCollection
4207:             1             32  org.reflections.vfs.Vfs$DefaultUrlTypes$1
4208:             1             32  org.reflections.vfs.Vfs$DefaultUrlTypes$2
4209:             1             32  org.reflections.vfs.Vfs$DefaultUrlTypes$3
4210:             1             32  org.reflections.vfs.Vfs$DefaultUrlTypes$4
4211:             1             32  org.reflections.vfs.Vfs$DefaultUrlTypes$5
4212:             1             32  org.reflections.vfs.Vfs$DefaultUrlTypes$6
4213:             1             32  org.reflections.vfs.Vfs$DefaultUrlTypes$7
4214:             1             32  org.rocksdb.RocksEnv
4215:             1             32  sun.launcher.LauncherHelper
4216:             1             32  sun.management.CompilationImpl
4217:             1             32  sun.management.OperatingSystemImpl
4218:             1             32  sun.management.RuntimeImpl
4219:             1             32  sun.management.ThreadImpl
4220:             1             32  sun.net.ProgressMonitor
4221:             1             32  sun.net.www.protocol.http.Handler
4222:             1             32  sun.nio.ch.FileKey
4223:             1             32  sun.nio.ch.SharedFileLockTable
4224:             2             32  sun.nio.ch.SocketDispatcher
4225:             1             32  sun.security.ssl.SunX509KeyManagerImpl
4226:             1             32  sun.security.validator.EndEntityChecker
4227:             1             32  sun.util.locale.BaseLocale$Cache
4228:             1             32  sun.util.locale.provider.CalendarDataProviderImpl
4229:             1             32  sun.util.locale.provider.CalendarProviderImpl
4230:             1             32  sun.util.locale.provider.CurrencyNameProviderImpl
4231:             1             32  sun.util.locale.provider.DateFormatSymbolsProviderImpl
4232:             1             32  sun.util.locale.provider.DecimalFormatSymbolsProviderImpl
4233:             1             32  sun.util.locale.provider.NumberFormatProviderImpl
4234:             1             32  sun.util.locale.provider.TimeZoneNameProviderImpl
4235:             1             24  [Lcom.fasterxml.jackson.databind.AbstractTypeResolver;
4236:             1             24  [Lcom.fasterxml.jackson.databind.deser.BeanDeserializerModifier;
4237:             1             24  [Lcom.fasterxml.jackson.databind.deser.ValueInstantiators;
4238:             1             24  [Lcom.fasterxml.jackson.databind.introspect.AnnotationMap;
4239:             1             24  [Lcom.fasterxml.jackson.databind.ser.BeanSerializerModifier;
4240:             1             24  [Lcom.fasterxml.jackson.databind.ser.Serializers;
4241:             1             24  [Lcom.fasterxml.jackson.databind.util.ClassUtil$Ctor;
4242:             1             24  [Lio.grpc.ServerInterceptor;
4243:             1             24  [Lio.grpc.StreamTracer;
4244:             1             24  [Lio.netty.util.DefaultAttributeMap$DefaultAttribute;
4245:             1             24  [Ljava.beans.EventSetDescriptor;
4246:             1             24  [Ljava.io.File;
4247:             1             24  [Ljava.lang.Boolean;
4248:             1             24  [Ljava.lang.ClassLoader;
4249:             1             24  [Ljava.lang.Double;
4250:             1             24  [Ljava.lang.Float;
4251:             1             24  [Ljava.nio.file.CopyOption;
4252:             1             24  [Ljava.nio.file.OpenOption;
4253:             1             24  [Ljava.nio.file.Path;
4254:             1             24  [Ljava.nio.file.attribute.FileAttribute;
4255:             1             24  [Ljava.security.Provider;
4256:             1             24  [Ljava.text.FieldPosition;
4257:             1             24  [Ljava.util.concurrent.CompletableFuture;
4258:             1             24  [Ljava.util.logging.Handler;
4259:             1             24  [Lorg.apache.commons.io.file.DeleteOption;
4260:             1             24  [Lorg.apache.hadoop.security.SecurityInfo;
4261:             1             24  [Lorg.apache.logging.log4j.Level;
4262:             1             24  [Lorg.apache.logging.log4j.core.Appender;
4263:             1             24  [Lorg.apache.logging.log4j.core.appender.rolling.action.Action;
4264:             1             24  [Lorg.apache.logging.log4j.spi.LoggerContext;
4265:             1             24  [Lorg.apache.ratis.protocol.RaftPeer;
4266:             1             24  [Lorg.apache.ratis.server.protocol.TermIndex;
4267:             1             24  [Lorg.apache.ratis.server.raftlog.LogEntryHeader;
4268:             1             24  [Lorg.apache.ratis.server.raftlog.segmented.SegmentedRaftLogCache$SegmentFileInfo;
4269:             1             24  [Lorg.apache.ratis.thirdparty.com.google.protobuf.Descriptors$ServiceDescriptor;
4270:             1             24  [Lorg.apache.ratis.thirdparty.io.grpc.ServerInterceptor;
4271:             1             24  [Lorg.apache.ratis.thirdparty.io.grpc.StreamTracer;
4272:             1             24  [Lorg.apache.ratis.thirdparty.io.netty.util.DefaultAttributeMap$DefaultAttribute;
4273:             1             24  com.fasterxml.jackson.annotation.JsonFormat$Features
4274:             1             24  com.fasterxml.jackson.annotation.JsonIncludeProperties$Value
4275:             1             24  com.fasterxml.jackson.core.util.Separators
4276:             1             24  com.fasterxml.jackson.databind.deser.BeanDeserializerFactory
4277:             1             24  com.fasterxml.jackson.databind.ext.Java7HandlersImpl
4278:             1             24  com.fasterxml.jackson.databind.ext.Java7SupportImpl
4279:             1             24  com.fasterxml.jackson.databind.introspect.AnnotationCollector$EmptyCollector
4280:             1             24  com.fasterxml.jackson.databind.jsontype.impl.SubTypeValidator
4281:             1             24  com.fasterxml.jackson.databind.ser.BeanSerializerFactory
4282:             1             24  com.fasterxml.jackson.databind.ser.impl.UnknownSerializer
4283:             1             24  com.fasterxml.jackson.databind.ser.std.NullSerializer
4284:             1             24  com.fasterxml.jackson.databind.ser.std.StdKeySerializer
4285:             1             24  com.fasterxml.jackson.databind.ser.std.StdKeySerializers$StringKeySerializer
4286:             1             24  com.fasterxml.jackson.databind.ser.std.StringSerializer
4287:             1             24  com.fasterxml.jackson.databind.type.TypeParser
4288:             1             24  com.google.common.base.CharMatcher$Ascii
4289:             1             24  com.google.common.base.CharMatcher$Is
4290:             1             24  com.google.common.base.CharMatcher$None
4291:             1             24  com.google.common.base.CharMatcher$Whitespace
4292:             1             24  com.google.common.base.Splitter$1
4293:             1             24  com.google.common.base.Suppliers$SupplierOfInstance
4294:             1             24  com.google.common.cache.LocalCache$LocalLoadingCache
4295:             1             24  com.google.common.cache.LocalCache$LocalManualCache
4296:             1             24  com.google.common.collect.SingletonImmutableList
4297:             1             24  com.google.protobuf.ExtensionRegistryLite
4298:             1             24  com.google.protobuf.SmallSortedMap$EntrySet
4299:             1             24  com.google.protobuf.UnknownFieldSet
4300:             1             24  com.sun.jmx.mbeanserver.DescriptorCache
4301:             1             24  com.sun.jmx.mbeanserver.MBeanInstantiator
4302:             1             24  com.sun.jmx.mbeanserver.MXBeanIntrospector
4303:             1             24  com.sun.jmx.mbeanserver.SecureClassLoaderRepository
4304:             1             24  com.sun.proxy.$Proxy19
4305:             1             24  com.sun.proxy.$Proxy23
4306:             1             24  com.sun.proxy.$Proxy24
4307:             1             24  com.sun.proxy.$Proxy25
4308:             1             24  com.sun.proxy.$Proxy28
4309:             1             24  com.sun.proxy.$Proxy40
4310:             1             24  com.sun.proxy.$Proxy45
4311:             1             24  com.sun.proxy.$Proxy46
4312:             1             24  com.sun.proxy.$Proxy47
4313:             1             24  com.sun.proxy.$Proxy9
4314:             1             24  com.sun.security.auth.UnixNumericUserPrincipal
4315:             1             24  com.sun.security.auth.UnixPrincipal
4316:             1             24  io.grpc.CompressorRegistry
4317:             1             24  io.grpc.internal.SerializingExecutor$FieldUpdaterAtomicHelper
4318:             1             24  io.grpc.internal.ServerImpl$ServerListenerImpl
4319:             1             24  io.grpc.internal.TransportTracer$Factory
4320:             1             24  io.grpc.netty.NettyAdaptiveCumulator
4321:             1             24  io.netty.buffer.ByteBufUtil$1
4322:             1             24  io.netty.channel.ChannelHandlerMask$1
4323:             1             24  io.netty.channel.ChannelOutboundBuffer$1
4324:             1             24  io.netty.channel.DefaultChannelPipeline$1
4325:             1             24  io.netty.channel.DefaultMessageSizeEstimator
4326:             1             24  io.netty.channel.DefaultMessageSizeEstimator$HandleImpl
4327:             1             24  io.netty.channel.ReflectiveChannelFactory
4328:             1             24  io.netty.channel.ServerChannelRecvByteBufAllocator
4329:             1             24  io.netty.channel.WriteBufferWaterMark
4330:             1             24  io.netty.channel.group.DefaultChannelGroup$1
4331:             1             24  io.netty.channel.group.VoidChannelGroupFuture
4332:             1             24  io.netty.handler.codec.CodecOutputList$2
4333:             1             24  io.netty.util.NettyRuntime$AvailableProcessorsHolder
4334:             1             24  io.netty.util.concurrent.DefaultPromise$CauseHolder
4335:             1             24  io.netty.util.concurrent.FastThreadLocal
4336:             1             24  io.netty.util.concurrent.GlobalEventExecutor$1
4337:             1             24  io.netty.util.concurrent.GlobalEventExecutor$TaskRunner
4338:             1             24  io.perfmark.Link
4339:             1             24  java.lang.ClassLoader$2
4340:             1             24  java.lang.ProcessEnvironment$StringKeySet
4341:             1             24  java.lang.UNIXProcess$$Lambda$11/852687460
4342:             1             24  java.math.BigDecimal$1
4343:             1             24  java.nio.Bits$1$1
4344:             1             24  java.nio.charset.CoderResult$1
4345:             1             24  java.nio.charset.CoderResult$2
4346:             1             24  java.security.AllPermission
4347:             1             24  java.text.DontCareFieldPosition$1
4348:             1             24  java.text.MessageFormat$Field
4349:             1             24  java.time.format.DateTimeFormatterBuilder$InstantPrinterParser
4350:             1             24  java.time.format.DecimalStyle
4351:             1             24  java.util.Collections$EmptyList
4352:             1             24  java.util.Collections$ReverseComparator2
4353:             1             24  java.util.EnumMap$Values
4354:             1             24  java.util.Hashtable$KeySet
4355:             1             24  java.util.OptionalInt
4356:             1             24  java.util.concurrent.CompletableFuture$AltResult
4357:             1             24  java.util.regex.Pattern$4
4358:             1             24  java.util.regex.Pattern$CharPropertyNames$10
4359:             1             24  java.util.regex.Pattern$CharPropertyNames$12
4360:             1             24  java.util.regex.Pattern$CharPropertyNames$13
4361:             1             24  java.util.regex.Pattern$CharPropertyNames$14
4362:             1             24  java.util.regex.Pattern$CharPropertyNames$15
4363:             1             24  java.util.regex.Pattern$CharPropertyNames$16
4364:             1             24  java.util.regex.Pattern$CharPropertyNames$17
4365:             1             24  java.util.regex.Pattern$CharPropertyNames$18
4366:             1             24  java.util.regex.Pattern$CharPropertyNames$19
4367:             1             24  java.util.regex.Pattern$CharPropertyNames$20
4368:             1             24  java.util.regex.Pattern$CharPropertyNames$22
4369:             1             24  java.util.regex.Pattern$CharPropertyNames$23
4370:             1             24  java.util.regex.Pattern$CharPropertyNames$6
4371:             1             24  java.util.regex.Pattern$CharPropertyNames$7
4372:             1             24  java.util.regex.Pattern$CharPropertyNames$8
4373:             1             24  java.util.regex.Pattern$CharPropertyNames$9
4374:             1             24  java.util.regex.Pattern$LastNode
4375:             1             24  java.util.regex.Pattern$Node
4376:             1             24  javax.crypto.JceSecurityManager
4377:             1             24  org.apache.commons.collections.collection.UnmodifiableCollection
4378:             1             24  org.apache.commons.configuration2.convert.DefaultConversionHandler
4379:             1             24  org.apache.commons.configuration2.convert.DefaultListDelimiterHandler
4380:             1             24  org.apache.commons.configuration2.interpol.ConstantLookup
4381:             1             24  org.apache.commons.configuration2.interpol.SystemPropertiesLookup
4382:             1             24  org.apache.commons.configuration2.io.CombinedLocationStrategy
4383:             1             24  org.apache.commons.lang3.text.StrLookup$MapStrLookup
4384:             1             24  org.apache.hadoop.fs.FileSystem$Cache$ClientFinalizer
4385:             1             24  org.apache.hadoop.hdds.protocol.proto.GenericRefreshProtocolProtos$GenericRefreshProtocolService$2
4386:             1             24  org.apache.hadoop.hdds.protocol.proto.ReconfigureProtocolProtos$ReconfigureProtocolService$2
4387:             1             24  org.apache.hadoop.hdds.protocolPB.GenericRefreshProtocolServerSideTranslatorPB
4388:             1             24  org.apache.hadoop.hdds.protocolPB.ReconfigureProtocolServerSideTranslatorPB
4389:             1             24  org.apache.hadoop.hdds.scm.proxy.SCMBlockLocationFailoverProxyProvider$1
4390:             1             24  org.apache.hadoop.hdds.scm.proxy.SCMContainerLocationFailoverProxyProvider$1
4391:             1             24  org.apache.hadoop.hdds.security.ConfigurationBasedGroupsMapping
4392:             1             24  org.apache.hadoop.hdds.security.OMGroupsManager
4393:             1             24  org.apache.hadoop.hdds.server.http.RatisDropwizardExports$$Lambda$192/668929853
4394:             1             24  org.apache.hadoop.hdds.utils.CpuMetrics
4395:             1             24  org.apache.hadoop.hdds.utils.NativeLibraryLoader
4396:             1             24  org.apache.hadoop.hdds.utils.RatisVersionInfo
4397:             1             24  org.apache.hadoop.hdds.utils.VersionInfo
4398:             1             24  org.apache.hadoop.http.lib.StaticUserWebFilter$User
4399:             1             24  org.apache.hadoop.io.Text$1
4400:             1             24  org.apache.hadoop.io.Text$2
4401:             1             24  org.apache.hadoop.ipc.Client$1
4402:             1             24  org.apache.hadoop.ipc.ProtocolMetaInfoServerSideTranslatorPB
4403:             1             24  org.apache.hadoop.ipc.RefreshRegistry
4404:             1             24  org.apache.hadoop.ipc.protobuf.ProtocolInfoProtos$ProtocolInfoService$2
4405:             1             24  org.apache.hadoop.log.metrics.EventCounter$EventCounts
4406:             1             24  org.apache.hadoop.ozone.common.StorageInfo
4407:             1             24  org.apache.hadoop.ozone.grpc.metrics.GrpcMetricsServerResponseInterceptor
4408:             1             24  org.apache.hadoop.ozone.grpc.metrics.GrpcMetricsServerTransportFilter
4409:             1             24  org.apache.hadoop.ozone.om.OmSnapshotManager$1
4410:             1             24  org.apache.hadoop.ozone.om.OzoneManager$$Lambda$188/2089786414
4411:             1             24  org.apache.hadoop.ozone.om.OzoneManager$$Lambda$368/910889057
4412:             1             24  org.apache.hadoop.ozone.om.OzoneManager$$Lambda$66/967677821
4413:             1             24  org.apache.hadoop.ozone.om.OzoneManager$$Lambda$67/1974622245
4414:             1             24  org.apache.hadoop.ozone.om.OzoneManager$$Lambda$68/402808045
4415:             1             24  org.apache.hadoop.ozone.om.OzoneManager$$Lambda$69/332365138
4416:             1             24  org.apache.hadoop.ozone.om.OzoneManager$$Lambda$70/977160959
4417:             1             24  org.apache.hadoop.ozone.om.OzoneManagerStarter$OMStarterHelper$$Lambda$719/384916201
4418:             1             24  org.apache.hadoop.ozone.om.S3InMemoryCache
4419:             1             24  org.apache.hadoop.ozone.om.ScmClient$1
4420:             1             24  org.apache.hadoop.ozone.om.VolumeManagerImpl
4421:             1             24  org.apache.hadoop.ozone.om.lock.OzoneLockProvider
4422:             1             24  org.apache.hadoop.ozone.om.ratis.OzoneManagerDoubleBuffer$$Lambda$234/399715995
4423:             1             24  org.apache.hadoop.ozone.om.ratis.OzoneManagerDoubleBuffer$FlushNotifier
4424:             1             24  org.apache.hadoop.ozone.om.ratis.OzoneManagerStateMachine$$Lambda$232/1013528106
4425:             1             24  org.apache.hadoop.ozone.om.ratis.OzoneManagerStateMachine$$Lambda$233/72615125
4426:             1             24  org.apache.hadoop.ozone.om.request.validation.ValidatorRegistry
4427:             1             24  org.apache.hadoop.ozone.protocol.proto.OzoneManagerAdminProtocolProtos$OzoneManagerAdminService$2
4428:             1             24  org.apache.hadoop.ozone.protocol.proto.OzoneManagerInterServiceProtocolProtos$OzoneManagerInterService$2
4429:             1             24  org.apache.hadoop.ozone.protocol.proto.OzoneManagerProtocolProtos$OzoneManagerService$2
4430:             1             24  org.apache.hadoop.ozone.protocol.proto.OzoneManagerServiceGrpc$OzoneManagerServiceMethodDescriptorSupplier
4431:             1             24  org.apache.hadoop.ozone.protocolPB.OMAdminProtocolServerSideImpl
4432:             1             24  org.apache.hadoop.ozone.security.OMReadOnlyDisableManager
4433:             1             24  org.apache.hadoop.ozone.security.OMReadOnlyEnableManager
4434:             1             24  org.apache.hadoop.ozone.security.acl.OzoneAuthorizerFactory$$Lambda$161/146799499
4435:             1             24  org.apache.hadoop.ozone.security.acl.OzoneAuthorizerFactory$$Lambda$162/557982257
4436:             1             24  org.apache.hadoop.ozone.upgrade.LayoutVersionInstanceFactory
4437:             1             24  org.apache.hadoop.ozone.util.RadixTree
4438:             1             24  org.apache.hadoop.security.UserGroupInformation$HadoopLoginModule
4439:             1             24  org.apache.hadoop.security.authentication.util.RolloverSignerSecretProvider$1
4440:             1             24  org.apache.hadoop.thirdparty.com.google.common.base.CharMatcher$Is
4441:             1             24  org.apache.hadoop.thirdparty.com.google.common.base.CharMatcher$None
4442:             1             24  org.apache.hadoop.thirdparty.com.google.common.base.CharMatcher$Whitespace
4443:             1             24  org.apache.hadoop.thirdparty.com.google.common.base.Joiner
4444:             1             24  org.apache.hadoop.thirdparty.com.google.common.base.Splitter$1
4445:             1             24  org.apache.hadoop.thirdparty.com.google.common.base.Suppliers$SupplierOfInstance
4446:             1             24  org.apache.hadoop.thirdparty.com.google.common.cache.LocalCache$LocalLoadingCache
4447:             1             24  org.apache.hadoop.thirdparty.com.google.common.cache.LocalCache$LocalManualCache
4448:             1             24  org.apache.hadoop.thirdparty.com.google.common.collect.Interners$InternerImpl
4449:             1             24  org.apache.hadoop.thirdparty.com.google.common.util.concurrent.AbstractFuture$Failure
4450:             1             24  org.apache.hadoop.thirdparty.com.google.common.util.concurrent.ImmediateFuture
4451:             1             24  org.apache.hadoop.thirdparty.protobuf.ExtensionRegistryLite
4452:             1             24  org.apache.hadoop.thirdparty.protobuf.UnsafeUtil$JvmMemoryAccessor
4453:             1             24  org.apache.hadoop.util.ReflectionUtils$1
4454:             1             24  org.apache.hadoop.util.Time$1
4455:             1             24  org.apache.log4j.or.RendererMap
4456:             1             24  org.apache.log4j.spi.DefaultRepositorySelector
4457:             1             24  org.apache.logging.log4j.core.async.AsyncLoggerConfig$1
4458:             1             24  org.apache.logging.log4j.core.async.AsyncLoggerContext$$Lambda$49/426960147
4459:             1             24  org.apache.logging.log4j.core.config.ConfigurationFactory$Factory
4460:             1             24  org.apache.logging.log4j.core.config.DefaultReliabilityStrategy
4461:             1             24  org.apache.logging.log4j.core.config.plugins.convert.EnumConverter
4462:             1             24  org.apache.logging.log4j.core.config.plugins.convert.TypeConverterRegistry
4463:             1             24  org.apache.logging.log4j.core.config.properties.PropertiesConfigurationFactory
4464:             1             24  org.apache.logging.log4j.core.config.xml.XmlConfigurationFactory
4465:             1             24  org.apache.logging.log4j.core.layout.PatternLayout$PatternFormatterPatternSerializer
4466:             1             24  org.apache.logging.log4j.core.util.BasicAuthorizationProvider
4467:             1             24  org.apache.logging.log4j.core.util.datetime.FastDateFormat$1
4468:             1             24  org.apache.logging.log4j.core.util.datetime.FastDateParser$1
4469:             1             24  org.apache.logging.log4j.core.util.datetime.FastDateParser$2
4470:             1             24  org.apache.logging.log4j.core.util.datetime.FastDateParser$3
4471:             1             24  org.apache.logging.log4j.core.util.datetime.FastDateParser$4
4472:             1             24  org.apache.logging.log4j.core.util.datetime.FastDateParser$5
4473:             1             24  org.apache.logging.log4j.core.util.datetime.FastDatePrinter$PaddedNumberField
4474:             1             24  org.apache.logging.log4j.core.util.datetime.FastDatePrinter$TwoDigitNumberField
4475:             1             24  org.apache.logging.log4j.spi.DefaultThreadContextStack
4476:             1             24  org.apache.ozone.rocksdiff.RocksDBCheckpointDiffer$$Lambda$136/1840194359
4477:             1             24  org.apache.ozone.rocksdiff.RocksDBCheckpointDiffer$$Lambda$137/621486957
4478:             1             24  org.apache.ratis.conf.RaftProperties
4479:             1             24  org.apache.ratis.grpc.server.GrpcAdminProtocolService
4480:             1             24  org.apache.ratis.grpc.server.GrpcClientProtocolService$OrderedStreamObservers
4481:             1             24  org.apache.ratis.grpc.server.GrpcService$$Lambda$250/1613912455
4482:             1             24  org.apache.ratis.grpc.server.GrpcService$AsyncService
4483:             1             24  org.apache.ratis.metrics.dropwizard3.RefCountingMap
4484:             1             24  org.apache.ratis.protocol.ClientId$1
4485:             1             24  org.apache.ratis.protocol.RaftGroupId$1
4486:             1             24  org.apache.ratis.server.DisabledDataStreamServerFactory$1
4487:             1             24  org.apache.ratis.server.RaftServer$Builder$$Lambda$236/2023349777
4488:             1             24  org.apache.ratis.server.RaftServerRpcWithProxy$$Lambda$270/1622912252
4489:             1             24  org.apache.ratis.server.impl.CommitInfoCache
4490:             1             24  org.apache.ratis.server.impl.RaftServerImpl$$Lambda$327/1646457503
4491:             1             24  org.apache.ratis.server.impl.RaftServerImpl$$Lambda$340/1114093995
4492:             1             24  org.apache.ratis.server.impl.RaftServerImpl$$Lambda$341/1278877963
4493:             1             24  org.apache.ratis.server.impl.RaftServerImpl$Info
4494:             1             24  org.apache.ratis.server.impl.RaftServerProxy$$Lambda$242/1493142905
4495:             1             24  org.apache.ratis.server.impl.RaftServerProxy$$Lambda$278/324701295
4496:             1             24  org.apache.ratis.server.impl.ReadRequests$$Lambda$490/1724080834
4497:             1             24  org.apache.ratis.server.impl.ServerState$$Lambda$314/405274891
4498:             1             24  org.apache.ratis.server.impl.ServerState$$Lambda$320/26048014
4499:             1             24  org.apache.ratis.server.impl.ServerState$$Lambda$403/203675186
4500:             1             24  org.apache.ratis.server.impl.ServerState$$Lambda$404/1601409158
4501:             1             24  org.apache.ratis.server.impl.ServerState$$Lambda$405/1756549052
4502:             1             24  org.apache.ratis.server.impl.SnapshotManagementRequestHandler$PendingRequestReference
4503:             1             24  org.apache.ratis.server.impl.StateMachineMetrics$$Lambda$499/909000703
4504:             1             24  org.apache.ratis.server.impl.StateMachineMetrics$$Lambda$500/2109756094
4505:             1             24  org.apache.ratis.server.impl.StateMachineMetrics$$Lambda$502/2066539169
4506:             1             24  org.apache.ratis.server.impl.StateMachineMetrics$$Lambda$504/154553833
4507:             1             24  org.apache.ratis.server.impl.StateMachineUpdater$$Lambda$491/152638245
4508:             1             24  org.apache.ratis.server.impl.StateMachineUpdater$$Lambda$492/1957803446
4509:             1             24  org.apache.ratis.server.impl.TransactionManager
4510:             1             24  org.apache.ratis.server.impl.WriteIndexCache
4511:             1             24  org.apache.ratis.server.metrics.LeaderElectionMetrics$$Lambda$336/1450815146
4512:             1             24  org.apache.ratis.server.metrics.LeaderElectionMetrics$$Lambda$339/557311255
4513:             1             24  org.apache.ratis.server.metrics.RaftServerMetricsImpl$$Lambda$351/988524546
4514:             1             24  org.apache.ratis.server.metrics.RaftServerMetricsImpl$$Lambda$353/1472456299
4515:             1             24  org.apache.ratis.server.metrics.RaftServerMetricsImpl$$Lambda$355/1464927068
4516:             1             24  org.apache.ratis.server.metrics.RaftServerMetricsImpl$$Lambda$357/1794708397
4517:             1             24  org.apache.ratis.server.metrics.RaftServerMetricsImpl$$Lambda$359/1796828367
4518:             1             24  org.apache.ratis.server.raftlog.RaftLogBase$$Lambda$406/700152984
4519:             1             24  org.apache.ratis.server.raftlog.RaftLogBase$$Lambda$407/1779383945
4520:             1             24  org.apache.ratis.server.raftlog.RaftLogBase$$Lambda$408/209542922
4521:             1             24  org.apache.ratis.server.raftlog.segmented.SegmentedRaftLog$$Lambda$422/15955065
4522:             1             24  org.apache.ratis.server.raftlog.segmented.SegmentedRaftLogCache$$Lambda$414/1290218586
4523:             1             24  org.apache.ratis.server.raftlog.segmented.SegmentedRaftLogCache$$Lambda$416/1297836620
4524:             1             24  org.apache.ratis.server.raftlog.segmented.SegmentedRaftLogCache$$Lambda$418/1670165834
4525:             1             24  org.apache.ratis.server.raftlog.segmented.SegmentedRaftLogWorker$$Lambda$423/843449241
4526:             1             24  org.apache.ratis.server.raftlog.segmented.SegmentedRaftLogWorker$$Lambda$424/1670205756
4527:             1             24  org.apache.ratis.server.raftlog.segmented.SegmentedRaftLogWorker$$Lambda$432/2099000971
4528:             1             24  org.apache.ratis.server.raftlog.segmented.SegmentedRaftLogWorker$$Lambda$434/227662018
4529:             1             24  org.apache.ratis.server.raftlog.segmented.SegmentedRaftLogWorker$$Lambda$436/294362627
4530:             1             24  org.apache.ratis.server.raftlog.segmented.SegmentedRaftLogWorker$$Lambda$482/1500602347
4531:             1             24  org.apache.ratis.server.storage.RaftStorageImpl$MetaFile
4532:             1             24  org.apache.ratis.server.storage.SnapshotManager$$Lambda$318/1256227935
4533:             1             24  org.apache.ratis.statemachine.impl.BaseStateMachine$1
4534:             1             24  org.apache.ratis.thirdparty.com.google.common.base.CharMatcher$Is
4535:             1             24  org.apache.ratis.thirdparty.com.google.common.base.CharMatcher$None
4536:             1             24  org.apache.ratis.thirdparty.com.google.common.base.CharMatcher$Whitespace
4537:             1             24  org.apache.ratis.thirdparty.com.google.common.base.Joiner
4538:             1             24  org.apache.ratis.thirdparty.com.google.common.base.Splitter$1
4539:             1             24  org.apache.ratis.thirdparty.com.google.common.base.Suppliers$SupplierOfInstance
4540:             1             24  org.apache.ratis.thirdparty.com.google.common.collect.Interners$InternerImpl
4541:             1             24  org.apache.ratis.thirdparty.com.google.common.collect.SingletonImmutableList
4542:             1             24  org.apache.ratis.thirdparty.com.google.common.util.concurrent.AbstractFuture$Failure
4543:             1             24  org.apache.ratis.thirdparty.com.google.protobuf.ExtensionRegistryLite
4544:             1             24  org.apache.ratis.thirdparty.com.google.protobuf.GeneratedMessageV3$FieldAccessorTable$SyntheticOneofAccessor
4545:             1             24  org.apache.ratis.thirdparty.com.google.protobuf.TypeRegistry
4546:             1             24  org.apache.ratis.thirdparty.com.google.protobuf.UnknownFieldSet
4547:             1             24  org.apache.ratis.thirdparty.com.google.protobuf.UnsafeUtil$JvmMemoryAccessor
4548:             1             24  org.apache.ratis.thirdparty.io.grpc.CompressorRegistry
4549:             1             24  org.apache.ratis.thirdparty.io.grpc.InternalMethodDescriptor
4550:             1             24  org.apache.ratis.thirdparty.io.grpc.NameResolverRegistry$NameResolverFactory
4551:             1             24  org.apache.ratis.thirdparty.io.grpc.internal.SerializingExecutor$FieldUpdaterAtomicHelper
4552:             1             24  org.apache.ratis.thirdparty.io.grpc.internal.ServerImpl$ServerListenerImpl
4553:             1             24  org.apache.ratis.thirdparty.io.grpc.internal.TransportTracer$Factory
4554:             1             24  org.apache.ratis.thirdparty.io.grpc.netty.NettyAdaptiveCumulator
4555:             1             24  org.apache.ratis.thirdparty.io.netty.buffer.ByteBufUtil$1
4556:             1             24  org.apache.ratis.thirdparty.io.netty.channel.ChannelHandlerMask$1
4557:             1             24  org.apache.ratis.thirdparty.io.netty.channel.ChannelOutboundBuffer$1
4558:             1             24  org.apache.ratis.thirdparty.io.netty.channel.DefaultChannelPipeline$1
4559:             1             24  org.apache.ratis.thirdparty.io.netty.channel.DefaultMessageSizeEstimator
4560:             1             24  org.apache.ratis.thirdparty.io.netty.channel.DefaultMessageSizeEstimator$HandleImpl
4561:             1             24  org.apache.ratis.thirdparty.io.netty.channel.ServerChannelRecvByteBufAllocator
4562:             1             24  org.apache.ratis.thirdparty.io.netty.channel.WriteBufferWaterMark
4563:             1             24  org.apache.ratis.thirdparty.io.netty.channel.group.DefaultChannelGroup$1
4564:             1             24  org.apache.ratis.thirdparty.io.netty.channel.group.VoidChannelGroupFuture
4565:             1             24  org.apache.ratis.thirdparty.io.netty.handler.codec.CodecOutputList$2
4566:             1             24  org.apache.ratis.thirdparty.io.netty.util.NettyRuntime$AvailableProcessorsHolder
4567:             1             24  org.apache.ratis.thirdparty.io.netty.util.concurrent.DefaultPromise$CauseHolder
4568:             1             24  org.apache.ratis.thirdparty.io.netty.util.concurrent.FastThreadLocal
4569:             1             24  org.apache.ratis.thirdparty.io.netty.util.concurrent.GlobalEventExecutor$1
4570:             1             24  org.apache.ratis.thirdparty.io.netty.util.concurrent.GlobalEventExecutor$TaskRunner
4571:             1             24  org.apache.ratis.thirdparty.io.perfmark.Link
4572:             1             24  org.apache.ratis.util.JvmPauseMonitor$$Lambda$510/967532279
4573:             1             24  org.apache.ratis.util.function.StringSupplier$1
4574:             1             24  org.bouncycastle.jcajce.provider.asymmetric.COMPOSITE$CompositeKeyInfoConverter
4575:             1             24  org.eclipse.jetty.http.DateGenerator$1
4576:             1             24  org.eclipse.jetty.io.SelectorManager$$Lambda$531/656844049
4577:             1             24  org.eclipse.jetty.io.WriteFlusher$CompletingState
4578:             1             24  org.eclipse.jetty.io.WriteFlusher$IdleState
4579:             1             24  org.eclipse.jetty.io.WriteFlusher$WritingState
4580:             1             24  org.eclipse.jetty.security.DefaultAuthenticatorFactory
4581:             1             24  org.eclipse.jetty.server.AbstractConnector$1
4582:             1             24  org.eclipse.jetty.server.handler.HandlerCollection$Handlers
4583:             1             24  org.eclipse.jetty.server.session.HouseKeeper$Runner
4584:             1             24  org.eclipse.jetty.util.Trie$1
4585:             1             24  org.eclipse.jetty.util.Uptime
4586:             1             24  org.eclipse.jetty.util.component.Graceful$Shutdown
4587:             1             24  org.eclipse.jetty.util.resource.EmptyResource
4588:             1             24  org.eclipse.jetty.util.thread.QueuedThreadPool$Runner
4589:             1             24  org.eclipse.jetty.util.thread.SerializedExecutor
4590:             1             24  org.eclipse.jetty.webapp.WebInfConfiguration
4591:             1             24  org.rocksdb.RocksDB$Version
4592:             1             24  org.slf4j.impl.Reload4jLoggerFactory
4593:             1             24  org.slf4j.impl.StaticLoggerBinder
4594:             1             24  sun.management.ClassLoadingImpl
4595:             1             24  sun.management.ManagementFactoryHelper$PlatformLoggingImpl
4596:             1             24  sun.misc.FloatingDecimal$1
4597:             1             24  sun.misc.FormattedFloatingDecimal$1
4598:             1             24  sun.misc.Launcher
4599:             1             24  sun.nio.ch.Util$1
4600:             1             24  sun.nio.fs.LinuxFileSystemProvider
4601:             1             24  sun.security.ssl.EphemeralKeyManager
4602:             1             24  sun.security.ssl.SSLSocketFactoryImpl
4603:             1             24  sun.security.ssl.SessionId
4604:             1             24  sun.text.normalizer.NormalizerBase$Mode
4605:             1             24  sun.text.normalizer.NormalizerBase$NFCMode
4606:             1             24  sun.text.normalizer.NormalizerBase$NFDMode
4607:             1             24  sun.text.normalizer.NormalizerBase$NFKCMode
4608:             1             24  sun.text.normalizer.NormalizerBase$NFKDMode
4609:             1             24  sun.util.calendar.Gregorian
4610:             1             24  sun.util.locale.provider.SPILocaleProviderAdapter
4611:             1             24  sun.util.resources.LocaleData
4612:             1             16  com.codahale.metrics.Clock$UserTimeClock
4613:             1             16  com.codahale.metrics.LongAdderProxy$JdkProvider
4614:             1             16  com.codahale.metrics.MetricFilter$1
4615:             1             16  com.codahale.metrics.MetricRegistry$MetricBuilder$1
4616:             1             16  com.codahale.metrics.MetricRegistry$MetricBuilder$2
4617:             1             16  com.codahale.metrics.MetricRegistry$MetricBuilder$3
4618:             1             16  com.codahale.metrics.MetricRegistry$MetricBuilder$4
4619:             1             16  com.codahale.metrics.ThreadLocalRandomProxy$JdkProvider
4620:             1             16  com.fasterxml.jackson.core.io.JsonStringEncoder
4621:             1             16  com.fasterxml.jackson.core.util.DefaultPrettyPrinter$FixedSpaceIndenter
4622:             1             16  com.fasterxml.jackson.core.util.DefaultPrettyPrinter$NopIndenter
4623:             1             16  com.fasterxml.jackson.databind.deser.std.StdKeyDeserializers
4624:             1             16  com.fasterxml.jackson.databind.introspect.AnnotationCollector$NoAnnotations
4625:             1             16  com.fasterxml.jackson.databind.jsontype.impl.LaissezFaireSubTypeValidator
4626:             1             16  com.google.common.base.Absent
4627:             1             16  com.google.common.base.Equivalence$Equals
4628:             1             16  com.google.common.base.Platform$JdkPatternCompiler
4629:             1             16  com.google.common.base.Ticker$1
4630:             1             16  com.google.common.cache.CacheBuilder$$Lambda$87/1886567481
4631:             1             16  com.google.common.cache.CacheBuilder$1
4632:             1             16  com.google.common.cache.CacheBuilder$2
4633:             1             16  com.google.common.cache.LocalCache$1
4634:             1             16  com.google.common.cache.LocalCache$2
4635:             1             16  com.google.common.cache.LongAddables$1
4636:             1             16  com.google.common.collect.FluentIterable$2$$Lambda$77/819245704
4637:             1             16  com.google.common.util.concurrent.AbstractFuture$UnsafeAtomicHelper
4638:             1             16  com.google.protobuf.DescriptorProtos$DescriptorProto$1
4639:             1             16  com.google.protobuf.DescriptorProtos$EnumDescriptorProto$1
4640:             1             16  com.google.protobuf.DescriptorProtos$EnumOptions$1
4641:             1             16  com.google.protobuf.DescriptorProtos$EnumValueDescriptorProto$1
4642:             1             16  com.google.protobuf.DescriptorProtos$EnumValueOptions$1
4643:             1             16  com.google.protobuf.DescriptorProtos$FieldDescriptorProto$1
4644:             1             16  com.google.protobuf.DescriptorProtos$FieldDescriptorProto$Label$1
4645:             1             16  com.google.protobuf.DescriptorProtos$FieldDescriptorProto$Type$1
4646:             1             16  com.google.protobuf.DescriptorProtos$FieldOptions$1
4647:             1             16  com.google.protobuf.DescriptorProtos$FieldOptions$CType$1
4648:             1             16  com.google.protobuf.DescriptorProtos$FileDescriptorProto$1
4649:             1             16  com.google.protobuf.DescriptorProtos$FileOptions$1
4650:             1             16  com.google.protobuf.DescriptorProtos$FileOptions$OptimizeMode$1
4651:             1             16  com.google.protobuf.DescriptorProtos$MessageOptions$1
4652:             1             16  com.google.protobuf.DescriptorProtos$MethodDescriptorProto$1
4653:             1             16  com.google.protobuf.DescriptorProtos$MethodOptions$1
4654:             1             16  com.google.protobuf.DescriptorProtos$ServiceDescriptorProto$1
4655:             1             16  com.google.protobuf.DescriptorProtos$ServiceOptions$1
4656:             1             16  com.google.protobuf.DescriptorProtos$SourceCodeInfo$1
4657:             1             16  com.google.protobuf.SmallSortedMap$EmptySet$1
4658:             1             16  com.google.protobuf.SmallSortedMap$EmptySet$2
4659:             1             16  com.google.protobuf.UnknownFieldSet$Parser
4660:             1             16  com.sun.jmx.interceptor.DefaultMBeanServerInterceptor$ResourceContext$1
4661:             1             16  com.sun.jmx.mbeanserver.DefaultMXBeanMappingFactory
4662:             1             16  com.sun.jmx.mbeanserver.MBeanAnalyzer$MethodOrder
4663:             1             16  com.sun.jmx.mbeanserver.StandardMBeanIntrospector
4664:             1             16  io.grpc.Codec$Identity
4665:             1             16  io.grpc.Deadline$SystemTicker
4666:             1             16  io.grpc.Metadata$1
4667:             1             16  io.grpc.Metadata$2
4668:             1             16  io.grpc.Status$StatusCodeMarshaller
4669:             1             16  io.grpc.Status$StatusMessageMarshaller
4670:             1             16  io.grpc.ThreadLocalContextStorage
4671:             1             16  io.grpc.internal.CallTracer$1
4672:             1             16  io.grpc.internal.CompositeReadableBuffer$1
4673:             1             16  io.grpc.internal.CompositeReadableBuffer$2
4674:             1             16  io.grpc.internal.CompositeReadableBuffer$3
4675:             1             16  io.grpc.internal.CompositeReadableBuffer$4
4676:             1             16  io.grpc.internal.CompositeReadableBuffer$5
4677:             1             16  io.grpc.internal.GrpcUtil$1
4678:             1             16  io.grpc.internal.GrpcUtil$2
4679:             1             16  io.grpc.internal.GrpcUtil$3
4680:             1             16  io.grpc.internal.GrpcUtil$4
4681:             1             16  io.grpc.internal.GrpcUtil$5
4682:             1             16  io.grpc.internal.GrpcUtil$TimeoutMarshaller
4683:             1             16  io.grpc.internal.KeepAliveEnforcer$SystemTicker
4684:             1             16  io.grpc.internal.ProxyDetectorImpl$1
4685:             1             16  io.grpc.internal.ProxyDetectorImpl$2
4686:             1             16  io.grpc.internal.ServerImpl$NoopListener
4687:             1             16  io.grpc.internal.ServerImplBuilder$DefaultFallbackRegistry
4688:             1             16  io.grpc.internal.TimeProvider$1
4689:             1             16  io.grpc.netty.ProtocolNegotiators$PlaintextProtocolNegotiator
4690:             1             16  io.grpc.netty.Utils$1
4691:             1             16  io.netty.buffer.AbstractReferenceCountedByteBuf$1
4692:             1             16  io.netty.buffer.ByteBufUtil$2
4693:             1             16  io.netty.buffer.CompositeByteBuf$1
4694:             1             16  io.netty.buffer.CompositeByteBuf$2
4695:             1             16  io.netty.buffer.PoolThreadCache$MemoryRegionCache$1
4696:             1             16  io.netty.buffer.PooledSlicedByteBuf$1
4697:             1             16  io.netty.buffer.PooledUnsafeDirectByteBuf$1
4698:             1             16  io.netty.channel.ChannelFutureListener$1
4699:             1             16  io.netty.channel.ChannelFutureListener$2
4700:             1             16  io.netty.channel.ChannelFutureListener$3
4701:             1             16  io.netty.channel.ChannelOutboundBuffer$Entry$1
4702:             1             16  io.netty.channel.DefaultSelectStrategy
4703:             1             16  io.netty.channel.DefaultSelectStrategyFactory
4704:             1             16  io.netty.handler.codec.ByteToMessageDecoder$1
4705:             1             16  io.netty.handler.codec.ByteToMessageDecoder$2
4706:             1             16  io.netty.handler.codec.CodecOutputList$1
4707:             1             16  io.netty.handler.codec.DefaultHeaders$NameValidator$1
4708:             1             16  io.netty.handler.codec.DefaultHeaders$ValueValidator$1
4709:             1             16  io.netty.handler.codec.UnsupportedValueConverter
4710:             1             16  io.netty.handler.codec.http2.DefaultHttp2LocalFlowController$2
4711:             1             16  io.netty.handler.codec.http2.Http2HeadersEncoder$1
4712:             1             16  io.netty.handler.codec.http2.Http2HeadersEncoder$2
4713:             1             16  io.netty.handler.codec.http2.Http2PromisedRequestVerifier$1
4714:             1             16  io.netty.handler.codec.http2.WeightedFairQueueByteDistributor$StateOnlyComparator
4715:             1             16  io.netty.handler.codec.http2.WeightedFairQueueByteDistributor$StatePseudoTimeComparator
4716:             1             16  io.netty.util.AbstractReferenceCounted$1
4717:             1             16  io.netty.util.AsciiString$1
4718:             1             16  io.netty.util.AsciiString$2
4719:             1             16  io.netty.util.Recycler$1
4720:             1             16  io.netty.util.collection.IntCollections$EmptyMap
4721:             1             16  io.netty.util.concurrent.AbstractScheduledEventExecutor$1
4722:             1             16  io.netty.util.concurrent.AbstractScheduledEventExecutor$2
4723:             1             16  io.netty.util.concurrent.DefaultEventExecutorChooserFactory
4724:             1             16  io.netty.util.concurrent.RejectedExecutionHandlers$1
4725:             1             16  io.netty.util.concurrent.SingleThreadEventExecutor$1
4726:             1             16  io.netty.util.internal.CleanerJava6
4727:             1             16  io.netty.util.internal.PlatformDependent$1
4728:             1             16  io.netty.util.internal.PlatformDependent$2
4729:             1             16  io.opentracing.noop.NoopSpanBuilderImpl
4730:             1             16  io.opentracing.noop.NoopSpanImpl
4731:             1             16  io.opentracing.noop.NoopTracerImpl
4732:             1             16  io.opentracing.util.GlobalTracer
4733:             1             16  io.perfmark.Impl
4734:             1             16  io.perfmark.TaskCloseable
4735:             1             16  java.io.DeleteOnExitHook$1
4736:             1             16  java.io.FileDescriptor$1
4737:             1             16  java.lang.ApplicationShutdownHooks$1
4738:             1             16  java.lang.CharacterData00
4739:             1             16  java.lang.CharacterDataLatin1
4740:             1             16  java.lang.ProcessBuilder$NullInputStream
4741:             1             16  java.lang.ProcessBuilder$NullOutputStream
4742:             1             16  java.lang.Runtime
4743:             1             16  java.lang.String$CaseInsensitiveComparator
4744:             1             16  java.lang.System$2
4745:             1             16  java.lang.Terminator$1
4746:             1             16  java.lang.UNIXProcess$$Lambda$10/438135304
4747:             1             16  java.lang.UNIXProcess$Platform$$Lambda$7/103887628
4748:             1             16  java.lang.invoke.MemberName$Factory
4749:             1             16  java.lang.invoke.MethodHandleImpl$2
4750:             1             16  java.lang.invoke.MethodHandleImpl$3
4751:             1             16  java.lang.management.PlatformComponent$1
4752:             1             16  java.lang.management.PlatformComponent$10
4753:             1             16  java.lang.management.PlatformComponent$11
4754:             1             16  java.lang.management.PlatformComponent$12
4755:             1             16  java.lang.management.PlatformComponent$13
4756:             1             16  java.lang.management.PlatformComponent$14
4757:             1             16  java.lang.management.PlatformComponent$15
4758:             1             16  java.lang.management.PlatformComponent$2
4759:             1             16  java.lang.management.PlatformComponent$3
4760:             1             16  java.lang.management.PlatformComponent$4
4761:             1             16  java.lang.management.PlatformComponent$5
4762:             1             16  java.lang.management.PlatformComponent$6
4763:             1             16  java.lang.management.PlatformComponent$7
4764:             1             16  java.lang.management.PlatformComponent$8
4765:             1             16  java.lang.management.PlatformComponent$9
4766:             1             16  java.lang.ref.Reference$1
4767:             1             16  java.lang.ref.Reference$Lock
4768:             1             16  java.lang.reflect.Proxy$KeyFactory
4769:             1             16  java.lang.reflect.Proxy$ProxyClassFactory
4770:             1             16  java.lang.reflect.ReflectAccess
4771:             1             16  java.net.InetAddress$2
4772:             1             16  java.net.URLClassLoader$7
4773:             1             16  java.nio.Bits$1
4774:             1             16  java.nio.file.Files$AcceptAllFilter
4775:             1             16  java.security.ProtectionDomain$2
4776:             1             16  java.security.ProtectionDomain$JavaSecurityAccessImpl
4777:             1             16  java.time.chrono.AbstractChronology$$Lambda$15/275310919
4778:             1             16  java.time.chrono.AbstractChronology$$Lambda$16/183284570
4779:             1             16  java.time.chrono.AbstractChronology$$Lambda$17/146305349
4780:             1             16  java.time.chrono.IsoChronology
4781:             1             16  java.time.format.DateTimeFormatter$$Lambda$18/1943325854
4782:             1             16  java.time.format.DateTimeFormatter$$Lambda$19/134310351
4783:             1             16  java.time.format.DateTimeFormatterBuilder$$Lambda$14/1902260856
4784:             1             16  java.time.format.DateTimeFormatterBuilder$2
4785:             1             16  java.time.format.DateTimeTextProvider$1
4786:             1             16  java.util.Collections$EmptyEnumeration
4787:             1             16  java.util.Collections$EmptyIterator
4788:             1             16  java.util.Collections$EmptySet
4789:             1             16  java.util.Currency$CurrencyNameGetter
4790:             1             16  java.util.EnumMap$1
4791:             1             16  java.util.ResourceBundle$Control
4792:             1             16  java.util.Spliterators$EmptySpliterator$OfDouble
4793:             1             16  java.util.Spliterators$EmptySpliterator$OfInt
4794:             1             16  java.util.Spliterators$EmptySpliterator$OfLong
4795:             1             16  java.util.Spliterators$EmptySpliterator$OfRef
4796:             1             16  java.util.concurrent.ForkJoinPool$DefaultForkJoinWorkerThreadFactory
4797:             1             16  java.util.concurrent.ThreadPoolExecutor$AbortPolicy
4798:             1             16  java.util.concurrent.ThreadPoolExecutor$CallerRunsPolicy
4799:             1             16  java.util.concurrent.ThreadPoolExecutor$DiscardPolicy
4800:             1             16  java.util.function.Function$$Lambda$82/2143571436
4801:             1             16  java.util.jar.JavaUtilJarAccessImpl
4802:             1             16  java.util.logging.Logging
4803:             1             16  java.util.logging.LoggingProxyImpl
4804:             1             16  java.util.regex.Pattern$CharPropertyNames$5
4805:             1             16  java.util.stream.Collectors$$Lambda$3/1595953398
4806:             1             16  java.util.stream.Collectors$$Lambda$4/335471116
4807:             1             16  java.util.stream.Collectors$$Lambda$45/1852777344
4808:             1             16  java.util.stream.Collectors$$Lambda$46/1990519794
4809:             1             16  java.util.stream.Collectors$$Lambda$47/780934299
4810:             1             16  java.util.stream.Collectors$$Lambda$5/1308927845
4811:             1             16  java.util.stream.Collectors$$Lambda$62/1215904751
4812:             1             16  java.util.stream.Collectors$$Lambda$63/2099802038
4813:             1             16  java.util.stream.Collectors$$Lambda$64/1052212904
4814:             1             16  java.util.stream.Collectors$$Lambda$676/1543352823
4815:             1             16  java.util.stream.Collectors$$Lambda$74/1217312754
4816:             1             16  java.util.stream.Collectors$$Lambda$75/1585571244
4817:             1             16  java.util.stream.Collectors$$Lambda$76/1099552523
4818:             1             16  java.util.stream.Collectors$$Lambda$83/2117099736
4819:             1             16  java.util.stream.Collectors$$Lambda$84/647149086
4820:             1             16  java.util.stream.FindOps$$Lambda$94/930317866
4821:             1             16  java.util.stream.FindOps$$Lambda$95/571956559
4822:             1             16  java.util.stream.IntPipeline$$Lambda$556/1768926513
4823:             1             16  java.util.stream.LongPipeline$$Lambda$372/934225099
4824:             1             16  java.util.stream.LongPipeline$$Lambda$877/1485149338
4825:             1             16  java.util.stream.Nodes$EmptyNode$OfDouble
4826:             1             16  java.util.stream.Nodes$EmptyNode$OfInt
4827:             1             16  java.util.stream.Nodes$EmptyNode$OfLong
4828:             1             16  java.util.stream.Nodes$EmptyNode$OfRef
4829:             1             16  java.util.stream.ReferencePipeline$$Lambda$753/734449085
4830:             1             16  java.util.zip.ZipFile$1
4831:             1             16  javax.management.JMX
4832:             1             16  javax.management.MBeanServerBuilder
4833:             1             16  javax.management.NotificationBroadcasterSupport$1
4834:             1             16  org.apache.commons.configuration2.ConfigurationUtils$1
4835:             1             16  org.apache.commons.configuration2.PropertiesConfiguration$DefaultIOFactory
4836:             1             16  org.apache.commons.configuration2.convert.DisabledListDelimiterHandler
4837:             1             16  org.apache.commons.configuration2.interpol.EnvironmentLookup
4838:             1             16  org.apache.commons.configuration2.io.AbsoluteNameLocationStrategy
4839:             1             16  org.apache.commons.configuration2.io.BasePathLocationStrategy
4840:             1             16  org.apache.commons.configuration2.io.ClasspathLocationStrategy
4841:             1             16  org.apache.commons.configuration2.io.FileHandler$1
4842:             1             16  org.apache.commons.configuration2.io.FileSystemLocationStrategy
4843:             1             16  org.apache.commons.configuration2.io.ProvidedURLLocationStrategy
4844:             1             16  org.apache.commons.io.IOUtils$$Lambda$168/885991756
4845:             1             16  org.apache.commons.io.IOUtils$$Lambda$169/1299885218
4846:             1             16  org.apache.commons.io.filefilter.TrueFileFilter
4847:             1             16  org.apache.commons.lang3.ObjectUtils$Null
4848:             1             16  org.apache.commons.lang3.StringEscapeUtils$CsvEscaper
4849:             1             16  org.apache.commons.lang3.StringEscapeUtils$CsvUnescaper
4850:             1             16  org.apache.commons.lang3.text.StrLookup$SystemPropertiesStrLookup
4851:             1             16  org.apache.commons.lang3.text.StrMatcher$NoMatcher
4852:             1             16  org.apache.commons.lang3.text.StrMatcher$TrimMatcher
4853:             1             16  org.apache.commons.lang3.text.translate.OctalUnescaper
4854:             1             16  org.apache.commons.lang3.text.translate.UnicodeUnescaper
4855:             1             16  org.apache.hadoop.conf.ReconfigurationUtil
4856:             1             16  org.apache.hadoop.fs.FileSystem$3
4857:             1             16  org.apache.hadoop.fs.permission.FsPermission$1
4858:             1             16  org.apache.hadoop.hdds.DatanodeVersion$$Lambda$692/764789352
4859:             1             16  org.apache.hadoop.hdds.ExitManager
4860:             1             16  org.apache.hadoop.hdds.conf.OzoneConfiguration$$Lambda$1/2052915500
4861:             1             16  org.apache.hadoop.hdds.conf.OzoneConfiguration$$Lambda$2/785992331
4862:             1             16  org.apache.hadoop.hdds.conf.OzoneConfiguration$$Lambda$524/1114681666
4863:             1             16  org.apache.hadoop.hdds.protocol.DatanodeDetails$$Lambda$690/687811526
4864:             1             16  org.apache.hadoop.hdds.protocol.DatanodeDetails$$Lambda$691/694125118
4865:             1             16  org.apache.hadoop.hdds.protocol.proto.HddsProtos$AddScmRequestProto$1
4866:             1             16  org.apache.hadoop.hdds.protocol.proto.HddsProtos$AddScmResponseProto$1
4867:             1             16  org.apache.hadoop.hdds.protocol.proto.HddsProtos$BlockID$1
4868:             1             16  org.apache.hadoop.hdds.protocol.proto.HddsProtos$CompactionLogEntryProto$1
4869:             1             16  org.apache.hadoop.hdds.protocol.proto.HddsProtos$ContainerBlockID$1
4870:             1             16  org.apache.hadoop.hdds.protocol.proto.HddsProtos$ContainerID$1
4871:             1             16  org.apache.hadoop.hdds.protocol.proto.HddsProtos$ContainerInfoProto$1
4872:             1             16  org.apache.hadoop.hdds.protocol.proto.HddsProtos$ContainerWithPipeline$1
4873:             1             16  org.apache.hadoop.hdds.protocol.proto.HddsProtos$DatanodeDetailsProto$1
4874:             1             16  org.apache.hadoop.hdds.protocol.proto.HddsProtos$DefaultReplicationConfig$1
4875:             1             16  org.apache.hadoop.hdds.protocol.proto.HddsProtos$ECReplicationConfig$1
4876:             1             16  org.apache.hadoop.hdds.protocol.proto.HddsProtos$ExcludeListProto$1
4877:             1             16  org.apache.hadoop.hdds.protocol.proto.HddsProtos$ExtendedDatanodeDetailsProto$1
4878:             1             16  org.apache.hadoop.hdds.protocol.proto.HddsProtos$GetScmInfoRequestProto$1
4879:             1             16  org.apache.hadoop.hdds.protocol.proto.HddsProtos$GetScmInfoResponseProto$1
4880:             1             16  org.apache.hadoop.hdds.protocol.proto.HddsProtos$KeyValue$1
4881:             1             16  org.apache.hadoop.hdds.protocol.proto.HddsProtos$LifeCycleState$1
4882:             1             16  org.apache.hadoop.hdds.protocol.proto.HddsProtos$NodeOperationalState$1
4883:             1             16  org.apache.hadoop.hdds.protocol.proto.HddsProtos$NodePool$1
4884:             1             16  org.apache.hadoop.hdds.protocol.proto.HddsProtos$NodeState$1
4885:             1             16  org.apache.hadoop.hdds.protocol.proto.HddsProtos$NodeType$1
4886:             1             16  org.apache.hadoop.hdds.protocol.proto.HddsProtos$Pipeline$1
4887:             1             16  org.apache.hadoop.hdds.protocol.proto.HddsProtos$PipelineID$1
4888:             1             16  org.apache.hadoop.hdds.protocol.proto.HddsProtos$PipelineState$1
4889:             1             16  org.apache.hadoop.hdds.protocol.proto.HddsProtos$Port$1
4890:             1             16  org.apache.hadoop.hdds.protocol.proto.HddsProtos$QueryScope$1
4891:             1             16  org.apache.hadoop.hdds.protocol.proto.HddsProtos$ReplicationFactor$1
4892:             1             16  org.apache.hadoop.hdds.protocol.proto.HddsProtos$ReplicationManagerReportProto$1
4893:             1             16  org.apache.hadoop.hdds.protocol.proto.HddsProtos$ReplicationType$1
4894:             1             16  org.apache.hadoop.hdds.protocol.proto.HddsProtos$TokenProto$1
4895:             1             16  org.apache.hadoop.hdds.protocol.proto.HddsProtos$TransferLeadershipRequestProto$1
4896:             1             16  org.apache.hadoop.hdds.protocol.proto.HddsProtos$TransferLeadershipResponseProto$1
4897:             1             16  org.apache.hadoop.hdds.protocol.proto.HddsProtos$UUID$1
4898:             1             16  org.apache.hadoop.hdds.protocol.proto.HddsProtos$UpgradeFinalizationStatus$1
4899:             1             16  org.apache.hadoop.hdds.protocol.proto.HddsProtos$UpgradeFinalizationStatus$Status$1
4900:             1             16  org.apache.hadoop.hdds.protocol.proto.ReconfigureProtocolProtos$StartReconfigureResponseProto$1
4901:             1             16  org.apache.hadoop.hdds.protocol.proto.ScmBlockLocationProtocolProtos$AllocateBlockResponse$1
4902:             1             16  org.apache.hadoop.hdds.protocol.proto.ScmBlockLocationProtocolProtos$AllocateScmBlockRequestProto$1
4903:             1             16  org.apache.hadoop.hdds.protocol.proto.ScmBlockLocationProtocolProtos$AllocateScmBlockResponseProto$1
4904:             1             16  org.apache.hadoop.hdds.protocol.proto.ScmBlockLocationProtocolProtos$DeleteKeyBlocksResultProto$1
4905:             1             16  org.apache.hadoop.hdds.protocol.proto.ScmBlockLocationProtocolProtos$DeleteScmBlockResult$1
4906:             1             16  org.apache.hadoop.hdds.protocol.proto.ScmBlockLocationProtocolProtos$DeleteScmBlockResult$Result$1
4907:             1             16  org.apache.hadoop.hdds.protocol.proto.ScmBlockLocationProtocolProtos$DeleteScmKeyBlocksRequestProto$1
4908:             1             16  org.apache.hadoop.hdds.protocol.proto.ScmBlockLocationProtocolProtos$DeleteScmKeyBlocksResponseProto$1
4909:             1             16  org.apache.hadoop.hdds.protocol.proto.ScmBlockLocationProtocolProtos$KeyBlocks$1
4910:             1             16  org.apache.hadoop.hdds.protocol.proto.ScmBlockLocationProtocolProtos$SCMBlockLocationRequest$1
4911:             1             16  org.apache.hadoop.hdds.protocol.proto.ScmBlockLocationProtocolProtos$SCMBlockLocationResponse$1
4912:             1             16  org.apache.hadoop.hdds.protocol.proto.ScmBlockLocationProtocolProtos$SortDatanodesRequestProto$1
4913:             1             16  org.apache.hadoop.hdds.protocol.proto.ScmBlockLocationProtocolProtos$SortDatanodesResponseProto$1
4914:             1             16  org.apache.hadoop.hdds.protocol.proto.ScmBlockLocationProtocolProtos$Status$1
4915:             1             16  org.apache.hadoop.hdds.protocol.proto.ScmBlockLocationProtocolProtos$Type$1
4916:             1             16  org.apache.hadoop.hdds.protocol.proto.ScmBlockLocationProtocolProtos$UserInfo$1
4917:             1             16  org.apache.hadoop.hdds.protocol.proto.StorageContainerLocationProtocolProtos$ActivatePipelineRequestProto$1
4918:             1             16  org.apache.hadoop.hdds.protocol.proto.StorageContainerLocationProtocolProtos$ActivatePipelineResponseProto$1
4919:             1             16  org.apache.hadoop.hdds.protocol.proto.StorageContainerLocationProtocolProtos$ClosePipelineRequestProto$1
4920:             1             16  org.apache.hadoop.hdds.protocol.proto.StorageContainerLocationProtocolProtos$ClosePipelineResponseProto$1
4921:             1             16  org.apache.hadoop.hdds.protocol.proto.StorageContainerLocationProtocolProtos$ContainerBalancerStatusRequestProto$1
4922:             1             16  org.apache.hadoop.hdds.protocol.proto.StorageContainerLocationProtocolProtos$ContainerBalancerStatusResponseProto$1
4923:             1             16  org.apache.hadoop.hdds.protocol.proto.StorageContainerLocationProtocolProtos$ContainerRequestProto$1
4924:             1             16  org.apache.hadoop.hdds.protocol.proto.StorageContainerLocationProtocolProtos$ContainerResponseProto$1
4925:             1             16  org.apache.hadoop.hdds.protocol.proto.StorageContainerLocationProtocolProtos$ContainerResponseProto$Error$1
4926:             1             16  org.apache.hadoop.hdds.protocol.proto.StorageContainerLocationProtocolProtos$DatanodeUsageInfoRequestProto$1
4927:             1             16  org.apache.hadoop.hdds.protocol.proto.StorageContainerLocationProtocolProtos$DatanodeUsageInfoResponseProto$1
4928:             1             16  org.apache.hadoop.hdds.protocol.proto.StorageContainerLocationProtocolProtos$DeactivatePipelineRequestProto$1
4929:             1             16  org.apache.hadoop.hdds.protocol.proto.StorageContainerLocationProtocolProtos$DeactivatePipelineResponseProto$1
4930:             1             16  org.apache.hadoop.hdds.protocol.proto.StorageContainerLocationProtocolProtos$DecommissionNodesRequestProto$1
4931:             1             16  org.apache.hadoop.hdds.protocol.proto.StorageContainerLocationProtocolProtos$DecommissionNodesResponseProto$1
4932:             1             16  org.apache.hadoop.hdds.protocol.proto.StorageContainerLocationProtocolProtos$DecommissionScmRequestProto$1
4933:             1             16  org.apache.hadoop.hdds.protocol.proto.StorageContainerLocationProtocolProtos$DecommissionScmResponseProto$1
4934:             1             16  org.apache.hadoop.hdds.protocol.proto.StorageContainerLocationProtocolProtos$FinalizeScmUpgradeRequestProto$1
4935:             1             16  org.apache.hadoop.hdds.protocol.proto.StorageContainerLocationProtocolProtos$FinalizeScmUpgradeResponseProto$1
4936:             1             16  org.apache.hadoop.hdds.protocol.proto.StorageContainerLocationProtocolProtos$ForceExitSafeModeRequestProto$1
4937:             1             16  org.apache.hadoop.hdds.protocol.proto.StorageContainerLocationProtocolProtos$ForceExitSafeModeResponseProto$1
4938:             1             16  org.apache.hadoop.hdds.protocol.proto.StorageContainerLocationProtocolProtos$GetContainerCountRequestProto$1
4939:             1             16  org.apache.hadoop.hdds.protocol.proto.StorageContainerLocationProtocolProtos$GetContainerCountResponseProto$1
4940:             1             16  org.apache.hadoop.hdds.protocol.proto.StorageContainerLocationProtocolProtos$GetContainerReplicasRequestProto$1
4941:             1             16  org.apache.hadoop.hdds.protocol.proto.StorageContainerLocationProtocolProtos$GetContainerReplicasResponseProto$1
4942:             1             16  org.apache.hadoop.hdds.protocol.proto.StorageContainerLocationProtocolProtos$GetContainerRequestProto$1
4943:             1             16  org.apache.hadoop.hdds.protocol.proto.StorageContainerLocationProtocolProtos$GetContainerResponseProto$1
4944:             1             16  org.apache.hadoop.hdds.protocol.proto.StorageContainerLocationProtocolProtos$GetContainerTokenRequestProto$1
4945:             1             16  org.apache.hadoop.hdds.protocol.proto.StorageContainerLocationProtocolProtos$GetContainerTokenResponseProto$1
4946:             1             16  org.apache.hadoop.hdds.protocol.proto.StorageContainerLocationProtocolProtos$GetContainerWithPipelineBatchRequestProto$1
4947:             1             16  org.apache.hadoop.hdds.protocol.proto.StorageContainerLocationProtocolProtos$GetContainerWithPipelineBatchResponseProto$1
4948:             1             16  org.apache.hadoop.hdds.protocol.proto.StorageContainerLocationProtocolProtos$GetContainerWithPipelineRequestProto$1
4949:             1             16  org.apache.hadoop.hdds.protocol.proto.StorageContainerLocationProtocolProtos$GetContainerWithPipelineResponseProto$1
4950:             1             16  org.apache.hadoop.hdds.protocol.proto.StorageContainerLocationProtocolProtos$GetExistContainerWithPipelinesInBatchRequestProto$1
4951:             1             16  org.apache.hadoop.hdds.protocol.proto.StorageContainerLocationProtocolProtos$GetExistContainerWithPipelinesInBatchResponseProto$1
4952:             1             16  org.apache.hadoop.hdds.protocol.proto.StorageContainerLocationProtocolProtos$GetFailedDeletedBlocksTxnRequestProto$1
4953:             1             16  org.apache.hadoop.hdds.protocol.proto.StorageContainerLocationProtocolProtos$GetFailedDeletedBlocksTxnResponseProto$1
4954:             1             16  org.apache.hadoop.hdds.protocol.proto.StorageContainerLocationProtocolProtos$GetPipelineRequestProto$1
4955:             1             16  org.apache.hadoop.hdds.protocol.proto.StorageContainerLocationProtocolProtos$GetPipelineResponseProto$1
4956:             1             16  org.apache.hadoop.hdds.protocol.proto.StorageContainerLocationProtocolProtos$GetSafeModeRuleStatusesRequestProto$1
4957:             1             16  org.apache.hadoop.hdds.protocol.proto.StorageContainerLocationProtocolProtos$GetSafeModeRuleStatusesResponseProto$1
4958:             1             16  org.apache.hadoop.hdds.protocol.proto.StorageContainerLocationProtocolProtos$InSafeModeRequestProto$1
4959:             1             16  org.apache.hadoop.hdds.protocol.proto.StorageContainerLocationProtocolProtos$InSafeModeResponseProto$1
4960:             1             16  org.apache.hadoop.hdds.protocol.proto.StorageContainerLocationProtocolProtos$ListPipelineRequestProto$1
4961:             1             16  org.apache.hadoop.hdds.protocol.proto.StorageContainerLocationProtocolProtos$ListPipelineResponseProto$1
4962:             1             16  org.apache.hadoop.hdds.protocol.proto.StorageContainerLocationProtocolProtos$NodeQueryRequestProto$1
4963:             1             16  org.apache.hadoop.hdds.protocol.proto.StorageContainerLocationProtocolProtos$NodeQueryResponseProto$1
4964:             1             16  org.apache.hadoop.hdds.protocol.proto.StorageContainerLocationProtocolProtos$PipelineRequestProto$1
4965:             1             16  org.apache.hadoop.hdds.protocol.proto.StorageContainerLocationProtocolProtos$PipelineResponseProto$1
4966:             1             16  org.apache.hadoop.hdds.protocol.proto.StorageContainerLocationProtocolProtos$PipelineResponseProto$Error$1
4967:             1             16  org.apache.hadoop.hdds.protocol.proto.StorageContainerLocationProtocolProtos$QueryUpgradeFinalizationProgressRequestProto$1
4968:             1             16  org.apache.hadoop.hdds.protocol.proto.StorageContainerLocationProtocolProtos$QueryUpgradeFinalizationProgressResponseProto$1
4969:             1             16  org.apache.hadoop.hdds.protocol.proto.StorageContainerLocationProtocolProtos$RecommissionNodesRequestProto$1
4970:             1             16  org.apache.hadoop.hdds.protocol.proto.StorageContainerLocationProtocolProtos$RecommissionNodesResponseProto$1
4971:             1             16  org.apache.hadoop.hdds.protocol.proto.StorageContainerLocationProtocolProtos$ReplicationManagerReportRequestProto$1
4972:             1             16  org.apache.hadoop.hdds.protocol.proto.StorageContainerLocationProtocolProtos$ReplicationManagerReportResponseProto$1
4973:             1             16  org.apache.hadoop.hdds.protocol.proto.StorageContainerLocationProtocolProtos$ReplicationManagerStatusRequestProto$1
4974:             1             16  org.apache.hadoop.hdds.protocol.proto.StorageContainerLocationProtocolProtos$ReplicationManagerStatusResponseProto$1
4975:             1             16  org.apache.hadoop.hdds.protocol.proto.StorageContainerLocationProtocolProtos$ResetDeletedBlockRetryCountRequestProto$1
4976:             1             16  org.apache.hadoop.hdds.protocol.proto.StorageContainerLocationProtocolProtos$ResetDeletedBlockRetryCountResponseProto$1
4977:             1             16  org.apache.hadoop.hdds.protocol.proto.StorageContainerLocationProtocolProtos$SCMCloseContainerRequestProto$1
4978:             1             16  org.apache.hadoop.hdds.protocol.proto.StorageContainerLocationProtocolProtos$SCMCloseContainerResponseProto$1
4979:             1             16  org.apache.hadoop.hdds.protocol.proto.StorageContainerLocationProtocolProtos$SCMCloseContainerResponseProto$Status$1
4980:             1             16  org.apache.hadoop.hdds.protocol.proto.StorageContainerLocationProtocolProtos$SCMDeleteContainerRequestProto$1
4981:             1             16  org.apache.hadoop.hdds.protocol.proto.StorageContainerLocationProtocolProtos$SCMDeleteContainerResponseProto$1
4982:             1             16  org.apache.hadoop.hdds.protocol.proto.StorageContainerLocationProtocolProtos$SCMListContainerRequestProto$1
4983:             1             16  org.apache.hadoop.hdds.protocol.proto.StorageContainerLocationProtocolProtos$SCMListContainerResponseProto$1
4984:             1             16  org.apache.hadoop.hdds.protocol.proto.StorageContainerLocationProtocolProtos$ScmContainerLocationRequest$1
4985:             1             16  org.apache.hadoop.hdds.protocol.proto.StorageContainerLocationProtocolProtos$ScmContainerLocationResponse$1
4986:             1             16  org.apache.hadoop.hdds.protocol.proto.StorageContainerLocationProtocolProtos$ScmContainerLocationResponse$Status$1
4987:             1             16  org.apache.hadoop.hdds.protocol.proto.StorageContainerLocationProtocolProtos$StartContainerBalancerRequestProto$1
4988:             1             16  org.apache.hadoop.hdds.protocol.proto.StorageContainerLocationProtocolProtos$StartContainerBalancerResponseProto$1
4989:             1             16  org.apache.hadoop.hdds.protocol.proto.StorageContainerLocationProtocolProtos$StartMaintenanceNodesRequestProto$1
4990:             1             16  org.apache.hadoop.hdds.protocol.proto.StorageContainerLocationProtocolProtos$StartMaintenanceNodesResponseProto$1
4991:             1             16  org.apache.hadoop.hdds.protocol.proto.StorageContainerLocationProtocolProtos$StartReplicationManagerRequestProto$1
4992:             1             16  org.apache.hadoop.hdds.protocol.proto.StorageContainerLocationProtocolProtos$StartReplicationManagerResponseProto$1
4993:             1             16  org.apache.hadoop.hdds.protocol.proto.StorageContainerLocationProtocolProtos$StopContainerBalancerRequestProto$1
4994:             1             16  org.apache.hadoop.hdds.protocol.proto.StorageContainerLocationProtocolProtos$StopContainerBalancerResponseProto$1
4995:             1             16  org.apache.hadoop.hdds.protocol.proto.StorageContainerLocationProtocolProtos$StopReplicationManagerRequestProto$1
4996:             1             16  org.apache.hadoop.hdds.protocol.proto.StorageContainerLocationProtocolProtos$StopReplicationManagerResponseProto$1
4997:             1             16  org.apache.hadoop.hdds.protocol.proto.StorageContainerLocationProtocolProtos$Type$1
4998:             1             16  org.apache.hadoop.hdds.scm.client.HddsClientUtils$$Lambda$179/892591894
4999:             1             16  org.apache.hadoop.hdds.scm.container.ContainerID$$Lambda$953/1648874530
5000:             1             16  org.apache.hadoop.hdds.scm.container.ContainerID$$Lambda$954/1886671217
5001:             1             16  org.apache.hadoop.hdds.scm.container.ContainerInfo$$Lambda$947/191693779
5002:             1             16  org.apache.hadoop.hdds.scm.container.ContainerInfo$$Lambda$948/1809131602
5003:             1             16  org.apache.hadoop.hdds.scm.container.ContainerInfo$$Lambda$949/674454357
5004:             1             16  org.apache.hadoop.hdds.scm.pipeline.Pipeline$$Lambda$687/85535220
5005:             1             16  org.apache.hadoop.hdds.scm.pipeline.Pipeline$$Lambda$688/711552859
5006:             1             16  org.apache.hadoop.hdds.scm.pipeline.PipelineID$$Lambda$694/178104332
5007:             1             16  org.apache.hadoop.hdds.scm.pipeline.PipelineID$$Lambda$695/1699979969
5008:             1             16  org.apache.hadoop.hdds.scm.protocolPB.ScmBlockLocationProtocolClientSideTranslatorPB$$Lambda$955/189942890
5009:             1             16  org.apache.hadoop.hdds.scm.protocolPB.ScmBlockLocationProtocolClientSideTranslatorPB$$Lambda$957/1318970339
5010:             1             16  org.apache.hadoop.hdds.scm.protocolPB.ScmBlockLocationProtocolClientSideTranslatorPB$$Lambda$958/1618201013
5011:             1             16  org.apache.hadoop.hdds.server.http.PrometheusMetricsSink$$Lambda$738/314247669
5012:             1             16  org.apache.hadoop.hdds.utils.BackgroundTaskQueue$$Lambda$173/217068362
5013:             1             16  org.apache.hadoop.hdds.utils.RocksDBStoreMetrics$$Lambda$371/1073862849
5014:             1             16  org.apache.hadoop.hdds.utils.TransactionInfo$$Lambda$118/838627755
5015:             1             16  org.apache.hadoop.hdds.utils.TransactionInfo$$Lambda$119/1899567935
5016:             1             16  org.apache.hadoop.hdds.utils.db.BooleanCodec
5017:             1             16  org.apache.hadoop.hdds.utils.db.ByteArrayCodec
5018:             1             16  org.apache.hadoop.hdds.utils.db.CodecBuffer$$Lambda$149/247575268
5019:             1             16  org.apache.hadoop.hdds.utils.db.CodecBuffer$$Lambda$150/698784309
5020:             1             16  org.apache.hadoop.hdds.utils.db.CodecBuffer$Allocator$1
5021:             1             16  org.apache.hadoop.hdds.utils.db.CodecBuffer$Allocator$2
5022:             1             16  org.apache.hadoop.hdds.utils.db.CodecBuffer$Factory$$Lambda$152/217827560
5023:             1             16  org.apache.hadoop.hdds.utils.db.DBColumnFamilyDefinition$$Lambda$663/1053339108
5024:             1             16  org.apache.hadoop.hdds.utils.db.DBStoreBuilder$$Lambda$133/1939869193
5025:             1             16  org.apache.hadoop.hdds.utils.db.DBStoreBuilder$$Lambda$146/822359325
5026:             1             16  org.apache.hadoop.hdds.utils.db.IntegerCodec
5027:             1             16  org.apache.hadoop.hdds.utils.db.LongCodec
5028:             1             16  org.apache.hadoop.hdds.utils.db.RDBStoreCodecBufferIterator$$Lambda$157/1133730108
5029:             1             16  org.apache.hadoop.hdds.utils.db.RocksDatabase$$Lambda$138/1311052922
5030:             1             16  org.apache.hadoop.hdds.utils.db.RocksDatabase$$Lambda$139/1802029863
5031:             1             16  org.apache.hadoop.hdds.utils.db.RocksDatabase$$Lambda$141/810576909
5032:             1             16  org.apache.hadoop.hdds.utils.db.RocksDatabase$$Lambda$142/499951827
5033:             1             16  org.apache.hadoop.hdds.utils.db.RocksDatabase$$Lambda$718/1298482131
5034:             1             16  org.apache.hadoop.hdds.utils.db.StringCodecBase$$Lambda$175/1020397237
5035:             1             16  org.apache.hadoop.hdds.utils.db.StringCodecBase$$Lambda$636/1378187131
5036:             1             16  org.apache.hadoop.hdds.utils.db.UuidCodec
5037:             1             16  org.apache.hadoop.hdds.utils.db.cache.FullTableCache$$Lambda$733/1457961690
5038:             1             16  org.apache.hadoop.hdds.utils.db.cache.PartialTableCache$$Lambda$680/568272455
5039:             1             16  org.apache.hadoop.hdfs.web.URLConnectionFactory$1
5040:             1             16  org.apache.hadoop.io.retry.RetryPolicies$RetryForever
5041:             1             16  org.apache.hadoop.io.retry.RetryPolicies$TryOnceThenFail
5042:             1             16  org.apache.hadoop.ipc.DefaultRpcScheduler
5043:             1             16  org.apache.hadoop.ipc.Server$ExceptionsHandler$$Lambda$366/815590838
5044:             1             16  org.apache.hadoop.ipc.Server$ExceptionsHandler$$Lambda$367/4573619
5045:             1             16  org.apache.hadoop.ipc.protobuf.IpcConnectionContextProtos$IpcConnectionContextProto$1
5046:             1             16  org.apache.hadoop.ipc.protobuf.IpcConnectionContextProtos$UserInformationProto$1
5047:             1             16  org.apache.hadoop.ipc.protobuf.ProtobufRpcEngine2Protos$RequestHeaderProto$1
5048:             1             16  org.apache.hadoop.ipc.protobuf.ProtobufRpcEngineProtos$RequestHeaderProto$1
5049:             1             16  org.apache.hadoop.ipc.protobuf.RpcHeaderProtos$RPCCallerContextProto$1
5050:             1             16  org.apache.hadoop.ipc.protobuf.RpcHeaderProtos$RpcKindProto$1
5051:             1             16  org.apache.hadoop.ipc.protobuf.RpcHeaderProtos$RpcRequestHeaderProto$1
5052:             1             16  org.apache.hadoop.ipc.protobuf.RpcHeaderProtos$RpcRequestHeaderProto$OperationProto$1
5053:             1             16  org.apache.hadoop.ipc.protobuf.RpcHeaderProtos$RpcResponseHeaderProto$1
5054:             1             16  org.apache.hadoop.ipc.protobuf.RpcHeaderProtos$RpcResponseHeaderProto$RpcErrorCodeProto$1
5055:             1             16  org.apache.hadoop.ipc.protobuf.RpcHeaderProtos$RpcResponseHeaderProto$RpcStatusProto$1
5056:             1             16  org.apache.hadoop.ipc.protobuf.RpcHeaderProtos$RpcSaslProto$1
5057:             1             16  org.apache.hadoop.ipc.protobuf.RpcHeaderProtos$RpcSaslProto$SaslState$1
5058:             1             16  org.apache.hadoop.metrics2.lib.MutableMetricsFactory
5059:             1             16  org.apache.hadoop.metrics2.util.MBeans$$Lambda$72/1539947037
5060:             1             16  org.apache.hadoop.net.DNSDomainNameResolver
5061:             1             16  org.apache.hadoop.net.SocketIOWithTimeout$SelectorPool$$Lambda$92/1816397102
5062:             1             16  org.apache.hadoop.net.StandardSocketFactory
5063:             1             16  org.apache.hadoop.ozone.ClientVersion$$Lambda$88/517693873
5064:             1             16  org.apache.hadoop.ozone.OmUtils$$Lambda$758/32259001
5065:             1             16  org.apache.hadoop.ozone.OmUtils$$Lambda$759/926478220
5066:             1             16  org.apache.hadoop.ozone.OzoneManagerVersion$$Lambda$81/548795052
5067:             1             16  org.apache.hadoop.ozone.audit.AuditLogger$$Lambda$61/999230073
5068:             1             16  org.apache.hadoop.ozone.audit.AuditLogger$$Lambda$671/154354816
5069:             1             16  org.apache.hadoop.ozone.om.KeyManagerImpl$$Lambda$1058/232663724
5070:             1             16  org.apache.hadoop.ozone.om.KeyManagerImpl$$Lambda$1081/1640075839
5071:             1             16  org.apache.hadoop.ozone.om.ListIterator$HeapEntry$$Lambda$1306/816434612
5072:             1             16  org.apache.hadoop.ozone.om.ListIterator$HeapEntry$$Lambda$1307/540576015
5073:             1             16  org.apache.hadoop.ozone.om.ListIterator$MinHeapIterator$$Lambda$1284/1532116255
5074:             1             16  org.apache.hadoop.ozone.om.OMStorage$$Lambda$65/867093003
5075:             1             16  org.apache.hadoop.ozone.om.OmMetadataManagerImpl$$Lambda$1313/138326650
5076:             1             16  org.apache.hadoop.ozone.om.OmMetadataManagerImpl$$Lambda$1314/1411499828
5077:             1             16  org.apache.hadoop.ozone.om.OmMetadataManagerImpl$$Lambda$1315/858024044
5078:             1             16  org.apache.hadoop.ozone.om.OmMetadataManagerImpl$$Lambda$956/1117270713
5079:             1             16  org.apache.hadoop.ozone.om.OmSnapshotManager$$Lambda$166/1468192631
5080:             1             16  org.apache.hadoop.ozone.om.OzoneListStatusHelper$$Lambda$1283/939142133
5081:             1             16  org.apache.hadoop.ozone.om.OzoneListStatusHelper$$Lambda$1285/492958200
5082:             1             16  org.apache.hadoop.ozone.om.OzoneManager$$Lambda$1310/2095153726
5083:             1             16  org.apache.hadoop.ozone.om.PrefixManagerImpl$$Lambda$683/1623954207
5084:             1             16  org.apache.hadoop.ozone.om.ScmClient$$Lambda$1125/2054944714
5085:             1             16  org.apache.hadoop.ozone.om.ScmClient$$Lambda$1154/1443192747
5086:             1             16  org.apache.hadoop.ozone.om.ScmClient$1$$Lambda$1094/376870412
5087:             1             16  org.apache.hadoop.ozone.om.ScmClient$1$$Lambda$1105/1068915685
5088:             1             16  org.apache.hadoop.ozone.om.SstFilteringService$SstFilteringTask$$Lambda$519/306545764
5089:             1             16  org.apache.hadoop.ozone.om.SstFilteringService$SstFilteringTask$$Lambda$520/544573691
5090:             1             16  org.apache.hadoop.ozone.om.codec.TokenIdentifierCodec
5091:             1             16  org.apache.hadoop.ozone.om.helpers.KeyValueUtil$$Lambda$155/196717412
5092:             1             16  org.apache.hadoop.ozone.om.helpers.KeyValueUtil$$Lambda$156/173197870
5093:             1             16  org.apache.hadoop.ozone.om.helpers.OmBucketInfo$$Lambda$108/2004628751
5094:             1             16  org.apache.hadoop.ozone.om.helpers.OmBucketInfo$$Lambda$109/665512315
5095:             1             16  org.apache.hadoop.ozone.om.helpers.OmBucketInfo$$Lambda$158/1732513254
5096:             1             16  org.apache.hadoop.ozone.om.helpers.OmDBAccessIdInfo$$Lambda$124/1843594609
5097:             1             16  org.apache.hadoop.ozone.om.helpers.OmDBAccessIdInfo$$Lambda$125/1591954203
5098:             1             16  org.apache.hadoop.ozone.om.helpers.OmDBTenantState$$Lambda$122/2079278380
5099:             1             16  org.apache.hadoop.ozone.om.helpers.OmDBTenantState$$Lambda$123/1270383967
5100:             1             16  org.apache.hadoop.ozone.om.helpers.OmDBUserPrincipalInfo$$Lambda$126/1206946689
5101:             1             16  org.apache.hadoop.ozone.om.helpers.OmDBUserPrincipalInfo$$Lambda$127/194903130
5102:             1             16  org.apache.hadoop.ozone.om.helpers.OmDirectoryInfo$$Lambda$120/1287455719
5103:             1             16  org.apache.hadoop.ozone.om.helpers.OmDirectoryInfo$$Lambda$121/1392271025
5104:             1             16  org.apache.hadoop.ozone.om.helpers.OmKeyInfo$$Lambda$104/700348233
5105:             1             16  org.apache.hadoop.ozone.om.helpers.OmKeyLocationInfoGroup$$Lambda$674/2033199443
5106:             1             16  org.apache.hadoop.ozone.om.helpers.OmKeyLocationInfoGroup$$Lambda$675/1850378617
5107:             1             16  org.apache.hadoop.ozone.om.helpers.OmKeyLocationInfoGroup$$Lambda$710/995711674
5108:             1             16  org.apache.hadoop.ozone.om.helpers.OmKeyLocationInfoGroup$$Lambda$713/596986344
5109:             1             16  org.apache.hadoop.ozone.om.helpers.OmKeyLocationInfoGroup$$Lambda$775/103101162
5110:             1             16  org.apache.hadoop.ozone.om.helpers.OmMultipartKeyInfo$$Lambda$112/70788844
5111:             1             16  org.apache.hadoop.ozone.om.helpers.OmMultipartKeyInfo$$Lambda$113/2032399795
5112:             1             16  org.apache.hadoop.ozone.om.helpers.OmMultipartKeyInfo$PartKeyInfoMap$$Lambda$727/49124999
5113:             1             16  org.apache.hadoop.ozone.om.helpers.OmMultipartKeyInfo$PartKeyInfoMap$$Lambda$731/295532200
5114:             1             16  org.apache.hadoop.ozone.om.helpers.OmPrefixInfo$$Lambda$116/61814127
5115:             1             16  org.apache.hadoop.ozone.om.helpers.OmPrefixInfo$$Lambda$117/1145302895
5116:             1             16  org.apache.hadoop.ozone.om.helpers.OmVolumeArgs$$Lambda$110/369333979
5117:             1             16  org.apache.hadoop.ozone.om.helpers.OmVolumeArgs$$Lambda$111/2054787417
5118:             1             16  org.apache.hadoop.ozone.om.helpers.OzoneAclUtil$$Lambda$684/1416600886
5119:             1             16  org.apache.hadoop.ozone.om.helpers.OzoneAclUtil$$Lambda$685/1660081271
5120:             1             16  org.apache.hadoop.ozone.om.helpers.OzoneAclUtil$$Lambda$763/1563278284
5121:             1             16  org.apache.hadoop.ozone.om.helpers.RepeatedOmKeyInfo$$Lambda$106/761973299
5122:             1             16  org.apache.hadoop.ozone.om.helpers.S3SecretValue$$Lambda$114/589016913
5123:             1             16  org.apache.hadoop.ozone.om.helpers.S3SecretValue$$Lambda$115/293870357
5124:             1             16  org.apache.hadoop.ozone.om.helpers.SnapshotDiffJob$SnapshotDiffJobCodec
5125:             1             16  org.apache.hadoop.ozone.om.helpers.SnapshotInfo$$Lambda$128/253027775
5126:             1             16  org.apache.hadoop.ozone.om.helpers.SnapshotInfo$$Lambda$129/219638321
5127:             1             16  org.apache.hadoop.ozone.om.lock.OzoneManagerLock$$Lambda$96/931911789
5128:             1             16  org.apache.hadoop.ozone.om.lock.OzoneManagerLock$$Lambda$97/168870325
5129:             1             16  org.apache.hadoop.ozone.om.lock.OzoneManagerLock$Resource$$Lambda$98/1482429406
5130:             1             16  org.apache.hadoop.ozone.om.lock.OzoneManagerLock$Resource$$Lambda$99/410958248
5131:             1             16  org.apache.hadoop.ozone.om.protocolPB.grpc.ClientAddressServerInterceptor
5132:             1             16  org.apache.hadoop.ozone.om.ratis.OzoneManagerDoubleBuffer$$Lambda$651/135962711
5133:             1             16  org.apache.hadoop.ozone.om.ratis.OzoneManagerDoubleBuffer$$Lambda$652/1007777584
5134:             1             16  org.apache.hadoop.ozone.om.request.OMClientRequest$$Lambda$630/383931054
5135:             1             16  org.apache.hadoop.ozone.om.request.file.OMFileCreateRequestWithFSO$$Lambda$686/1587408989
5136:             1             16  org.apache.hadoop.ozone.om.request.file.OMFileRequest$$Lambda$679/1132735908
5137:             1             16  org.apache.hadoop.ozone.om.request.key.OMKeyCommitRequestWithFSO$$Lambda$720/10103764
5138:             1             16  org.apache.hadoop.ozone.om.request.key.OMKeyCommitRequestWithFSO$$Lambda$721/1904362416
5139:             1             16  org.apache.hadoop.ozone.om.request.key.OMKeyCreateRequestWithFSO$$Lambda$728/1645970036
5140:             1             16  org.apache.hadoop.ozone.om.request.key.OMKeyRequest$$Lambda$723/283413285
5141:             1             16  org.apache.hadoop.ozone.om.request.key.OMKeyRequest$$Lambda$724/1500177
5142:             1             16  org.apache.hadoop.ozone.om.request.key.OMKeyRequest$$Lambda$725/145710146
5143:             1             16  org.apache.hadoop.ozone.om.request.s3.multipart.S3MultipartUploadCommitPartRequest$$Lambda$730/2144099819
5144:             1             16  org.apache.hadoop.ozone.om.s3.S3SecretCacheProvider$$Lambda$159/623862380
5145:             1             16  org.apache.hadoop.ozone.om.service.OpenKeyCleanupService$OpenKeyCleanupTask$$Lambda$1311/2092062642
5146:             1             16  org.apache.hadoop.ozone.om.snapshot.SnapshotDiffManager$$Lambda$167/2062132026
5147:             1             16  org.apache.hadoop.ozone.om.upgrade.OMUpgradeFinalizer$$Lambda$513/682025329
5148:             1             16  org.apache.hadoop.ozone.protocol.proto.OzoneManagerProtocolProtos$AddAclRequest$1
5149:             1             16  org.apache.hadoop.ozone.protocol.proto.OzoneManagerProtocolProtos$AddAclResponse$1
5150:             1             16  org.apache.hadoop.ozone.protocol.proto.OzoneManagerProtocolProtos$AllocateBlockRequest$1
5151:             1             16  org.apache.hadoop.ozone.protocol.proto.OzoneManagerProtocolProtos$AllocateBlockResponse$1
5152:             1             16  org.apache.hadoop.ozone.protocol.proto.OzoneManagerProtocolProtos$BasicKeyInfo$1
5153:             1             16  org.apache.hadoop.ozone.protocol.proto.OzoneManagerProtocolProtos$BucketArgs$1
5154:             1             16  org.apache.hadoop.ozone.protocol.proto.OzoneManagerProtocolProtos$BucketEncryptionInfoProto$1
5155:             1             16  org.apache.hadoop.ozone.protocol.proto.OzoneManagerProtocolProtos$BucketInfo$1
5156:             1             16  org.apache.hadoop.ozone.protocol.proto.OzoneManagerProtocolProtos$BucketLayoutProto$1
5157:             1             16  org.apache.hadoop.ozone.protocol.proto.OzoneManagerProtocolProtos$CancelDelegationTokenResponseProto$1
5158:             1             16  org.apache.hadoop.ozone.protocol.proto.OzoneManagerProtocolProtos$CancelPrepareRequest$1
5159:             1             16  org.apache.hadoop.ozone.protocol.proto.OzoneManagerProtocolProtos$CancelPrepareResponse$1
5160:             1             16  org.apache.hadoop.ozone.protocol.proto.OzoneManagerProtocolProtos$CancelSnapshotDiffRequest$1
5161:             1             16  org.apache.hadoop.ozone.protocol.proto.OzoneManagerProtocolProtos$CancelSnapshotDiffResponse$1
5162:             1             16  org.apache.hadoop.ozone.protocol.proto.OzoneManagerProtocolProtos$CheckVolumeAccessRequest$1
5163:             1             16  org.apache.hadoop.ozone.protocol.proto.OzoneManagerProtocolProtos$CheckVolumeAccessResponse$1
5164:             1             16  org.apache.hadoop.ozone.protocol.proto.OzoneManagerProtocolProtos$ChecksumTypeProto$1
5165:             1             16  org.apache.hadoop.ozone.protocol.proto.OzoneManagerProtocolProtos$CipherSuiteProto$1
5166:             1             16  org.apache.hadoop.ozone.protocol.proto.OzoneManagerProtocolProtos$CommitKeyRequest$1
5167:             1             16  org.apache.hadoop.ozone.protocol.proto.OzoneManagerProtocolProtos$CommitKeyResponse$1
5168:             1             16  org.apache.hadoop.ozone.protocol.proto.OzoneManagerProtocolProtos$CompositeCrcFileChecksumProto$1
5169:             1             16  org.apache.hadoop.ozone.protocol.proto.OzoneManagerProtocolProtos$CreateBucketRequest$1
5170:             1             16  org.apache.hadoop.ozone.protocol.proto.OzoneManagerProtocolProtos$CreateBucketResponse$1
5171:             1             16  org.apache.hadoop.ozone.protocol.proto.OzoneManagerProtocolProtos$CreateDirectoryRequest$1
5172:             1             16  org.apache.hadoop.ozone.protocol.proto.OzoneManagerProtocolProtos$CreateDirectoryResponse$1
5173:             1             16  org.apache.hadoop.ozone.protocol.proto.OzoneManagerProtocolProtos$CreateFileRequest$1
5174:             1             16  org.apache.hadoop.ozone.protocol.proto.OzoneManagerProtocolProtos$CreateFileResponse$1
5175:             1             16  org.apache.hadoop.ozone.protocol.proto.OzoneManagerProtocolProtos$CreateKeyRequest$1
5176:             1             16  org.apache.hadoop.ozone.protocol.proto.OzoneManagerProtocolProtos$CreateKeyResponse$1
5177:             1             16  org.apache.hadoop.ozone.protocol.proto.OzoneManagerProtocolProtos$CreateSnapshotRequest$1
5178:             1             16  org.apache.hadoop.ozone.protocol.proto.OzoneManagerProtocolProtos$CreateSnapshotResponse$1
5179:             1             16  org.apache.hadoop.ozone.protocol.proto.OzoneManagerProtocolProtos$CreateTenantRequest$1
5180:             1             16  org.apache.hadoop.ozone.protocol.proto.OzoneManagerProtocolProtos$CreateTenantResponse$1
5181:             1             16  org.apache.hadoop.ozone.protocol.proto.OzoneManagerProtocolProtos$CreateVolumeRequest$1
5182:             1             16  org.apache.hadoop.ozone.protocol.proto.OzoneManagerProtocolProtos$CreateVolumeResponse$1
5183:             1             16  org.apache.hadoop.ozone.protocol.proto.OzoneManagerProtocolProtos$CryptoProtocolVersionProto$1
5184:             1             16  org.apache.hadoop.ozone.protocol.proto.OzoneManagerProtocolProtos$DBUpdatesRequest$1
5185:             1             16  org.apache.hadoop.ozone.protocol.proto.OzoneManagerProtocolProtos$DBUpdatesResponse$1
5186:             1             16  org.apache.hadoop.ozone.protocol.proto.OzoneManagerProtocolProtos$DeleteBucketRequest$1
5187:             1             16  org.apache.hadoop.ozone.protocol.proto.OzoneManagerProtocolProtos$DeleteBucketResponse$1
5188:             1             16  org.apache.hadoop.ozone.protocol.proto.OzoneManagerProtocolProtos$DeleteKeyArgs$1
5189:             1             16  org.apache.hadoop.ozone.protocol.proto.OzoneManagerProtocolProtos$DeleteKeyRequest$1
5190:             1             16  org.apache.hadoop.ozone.protocol.proto.OzoneManagerProtocolProtos$DeleteKeyResponse$1
5191:             1             16  org.apache.hadoop.ozone.protocol.proto.OzoneManagerProtocolProtos$DeleteKeysRequest$1
5192:             1             16  org.apache.hadoop.ozone.protocol.proto.OzoneManagerProtocolProtos$DeleteKeysResponse$1
5193:             1             16  org.apache.hadoop.ozone.protocol.proto.OzoneManagerProtocolProtos$DeleteOpenKeysRequest$1
5194:             1             16  org.apache.hadoop.ozone.protocol.proto.OzoneManagerProtocolProtos$DeleteSnapshotRequest$1
5195:             1             16  org.apache.hadoop.ozone.protocol.proto.OzoneManagerProtocolProtos$DeleteSnapshotResponse$1
5196:             1             16  org.apache.hadoop.ozone.protocol.proto.OzoneManagerProtocolProtos$DeleteTenantRequest$1
5197:             1             16  org.apache.hadoop.ozone.protocol.proto.OzoneManagerProtocolProtos$DeleteTenantResponse$1
5198:             1             16  org.apache.hadoop.ozone.protocol.proto.OzoneManagerProtocolProtos$DeleteVolumeRequest$1
5199:             1             16  org.apache.hadoop.ozone.protocol.proto.OzoneManagerProtocolProtos$DeleteVolumeResponse$1
5200:             1             16  org.apache.hadoop.ozone.protocol.proto.OzoneManagerProtocolProtos$DeletedKeys$1
5201:             1             16  org.apache.hadoop.ozone.protocol.proto.OzoneManagerProtocolProtos$DiffReportEntryProto$1
5202:             1             16  org.apache.hadoop.ozone.protocol.proto.OzoneManagerProtocolProtos$DiffReportEntryProto$DiffTypeProto$1
5203:             1             16  org.apache.hadoop.ozone.protocol.proto.OzoneManagerProtocolProtos$DirectoryInfo$1
5204:             1             16  org.apache.hadoop.ozone.protocol.proto.OzoneManagerProtocolProtos$EchoRPCRequest$1
5205:             1             16  org.apache.hadoop.ozone.protocol.proto.OzoneManagerProtocolProtos$EchoRPCResponse$1
5206:             1             16  org.apache.hadoop.ozone.protocol.proto.OzoneManagerProtocolProtos$ExpiredMultipartUploadInfo$1
5207:             1             16  org.apache.hadoop.ozone.protocol.proto.OzoneManagerProtocolProtos$ExtendedUserAccessIdInfo$1
5208:             1             16  org.apache.hadoop.ozone.protocol.proto.OzoneManagerProtocolProtos$FileChecksumProto$1
5209:             1             16  org.apache.hadoop.ozone.protocol.proto.OzoneManagerProtocolProtos$FileChecksumTypeProto$1
5210:             1             16  org.apache.hadoop.ozone.protocol.proto.OzoneManagerProtocolProtos$FileEncryptionInfoProto$1
5211:             1             16  org.apache.hadoop.ozone.protocol.proto.OzoneManagerProtocolProtos$FinalizeUpgradeProgressRequest$1
5212:             1             16  org.apache.hadoop.ozone.protocol.proto.OzoneManagerProtocolProtos$FinalizeUpgradeProgressResponse$1
5213:             1             16  org.apache.hadoop.ozone.protocol.proto.OzoneManagerProtocolProtos$FinalizeUpgradeRequest$1
5214:             1             16  org.apache.hadoop.ozone.protocol.proto.OzoneManagerProtocolProtos$FinalizeUpgradeResponse$1
5215:             1             16  org.apache.hadoop.ozone.protocol.proto.OzoneManagerProtocolProtos$GetAclRequest$1
5216:             1             16  org.apache.hadoop.ozone.protocol.proto.OzoneManagerProtocolProtos$GetAclResponse$1
5217:             1             16  org.apache.hadoop.ozone.protocol.proto.OzoneManagerProtocolProtos$GetDelegationTokenResponseProto$1
5218:             1             16  org.apache.hadoop.ozone.protocol.proto.OzoneManagerProtocolProtos$GetFileStatusRequest$1
5219:             1             16  org.apache.hadoop.ozone.protocol.proto.OzoneManagerProtocolProtos$GetFileStatusResponse$1
5220:             1             16  org.apache.hadoop.ozone.protocol.proto.OzoneManagerProtocolProtos$GetKeyInfoRequest$1
5221:             1             16  org.apache.hadoop.ozone.protocol.proto.OzoneManagerProtocolProtos$GetKeyInfoResponse$1
5222:             1             16  org.apache.hadoop.ozone.protocol.proto.OzoneManagerProtocolProtos$GetS3SecretRequest$1
5223:             1             16  org.apache.hadoop.ozone.protocol.proto.OzoneManagerProtocolProtos$GetS3SecretResponse$1
5224:             1             16  org.apache.hadoop.ozone.protocol.proto.OzoneManagerProtocolProtos$GetS3VolumeContextRequest$1
5225:             1             16  org.apache.hadoop.ozone.protocol.proto.OzoneManagerProtocolProtos$GetS3VolumeContextResponse$1
5226:             1             16  org.apache.hadoop.ozone.protocol.proto.OzoneManagerProtocolProtos$InfoBucketRequest$1
5227:             1             16  org.apache.hadoop.ozone.protocol.proto.OzoneManagerProtocolProtos$InfoBucketResponse$1
5228:             1             16  org.apache.hadoop.ozone.protocol.proto.OzoneManagerProtocolProtos$InfoVolumeRequest$1
5229:             1             16  org.apache.hadoop.ozone.protocol.proto.OzoneManagerProtocolProtos$InfoVolumeResponse$1
5230:             1             16  org.apache.hadoop.ozone.protocol.proto.OzoneManagerProtocolProtos$KeyArgs$1
5231:             1             16  org.apache.hadoop.ozone.protocol.proto.OzoneManagerProtocolProtos$KeyInfo$1
5232:             1             16  org.apache.hadoop.ozone.protocol.proto.OzoneManagerProtocolProtos$KeyLocation$1
5233:             1             16  org.apache.hadoop.ozone.protocol.proto.OzoneManagerProtocolProtos$KeyLocationList$1
5234:             1             16  org.apache.hadoop.ozone.protocol.proto.OzoneManagerProtocolProtos$LayoutVersion$1
5235:             1             16  org.apache.hadoop.ozone.protocol.proto.OzoneManagerProtocolProtos$ListBucketsRequest$1
5236:             1             16  org.apache.hadoop.ozone.protocol.proto.OzoneManagerProtocolProtos$ListBucketsResponse$1
5237:             1             16  org.apache.hadoop.ozone.protocol.proto.OzoneManagerProtocolProtos$ListKeysLightResponse$1
5238:             1             16  org.apache.hadoop.ozone.protocol.proto.OzoneManagerProtocolProtos$ListKeysRequest$1
5239:             1             16  org.apache.hadoop.ozone.protocol.proto.OzoneManagerProtocolProtos$ListKeysResponse$1
5240:             1             16  org.apache.hadoop.ozone.protocol.proto.OzoneManagerProtocolProtos$ListMultipartUploadsRequest$1
5241:             1             16  org.apache.hadoop.ozone.protocol.proto.OzoneManagerProtocolProtos$ListMultipartUploadsResponse$1
5242:             1             16  org.apache.hadoop.ozone.protocol.proto.OzoneManagerProtocolProtos$ListSnapshotDiffJobRequest$1
5243:             1             16  org.apache.hadoop.ozone.protocol.proto.OzoneManagerProtocolProtos$ListSnapshotDiffJobResponse$1
5244:             1             16  org.apache.hadoop.ozone.protocol.proto.OzoneManagerProtocolProtos$ListSnapshotRequest$1
5245:             1             16  org.apache.hadoop.ozone.protocol.proto.OzoneManagerProtocolProtos$ListSnapshotResponse$1
5246:             1             16  org.apache.hadoop.ozone.protocol.proto.OzoneManagerProtocolProtos$ListStatusLightResponse$1
5247:             1             16  org.apache.hadoop.ozone.protocol.proto.OzoneManagerProtocolProtos$ListStatusRequest$1
5248:             1             16  org.apache.hadoop.ozone.protocol.proto.OzoneManagerProtocolProtos$ListStatusResponse$1
5249:             1             16  org.apache.hadoop.ozone.protocol.proto.OzoneManagerProtocolProtos$ListTenantRequest$1
5250:             1             16  org.apache.hadoop.ozone.protocol.proto.OzoneManagerProtocolProtos$ListTenantResponse$1
5251:             1             16  org.apache.hadoop.ozone.protocol.proto.OzoneManagerProtocolProtos$ListTrashRequest$1
5252:             1             16  org.apache.hadoop.ozone.protocol.proto.OzoneManagerProtocolProtos$ListTrashResponse$1
5253:             1             16  org.apache.hadoop.ozone.protocol.proto.OzoneManagerProtocolProtos$ListVolumeRequest$1
5254:             1             16  org.apache.hadoop.ozone.protocol.proto.OzoneManagerProtocolProtos$ListVolumeRequest$Scope$1
5255:             1             16  org.apache.hadoop.ozone.protocol.proto.OzoneManagerProtocolProtos$ListVolumeResponse$1
5256:             1             16  org.apache.hadoop.ozone.protocol.proto.OzoneManagerProtocolProtos$LookupFileRequest$1
5257:             1             16  org.apache.hadoop.ozone.protocol.proto.OzoneManagerProtocolProtos$LookupFileResponse$1
5258:             1             16  org.apache.hadoop.ozone.protocol.proto.OzoneManagerProtocolProtos$LookupKeyRequest$1
5259:             1             16  org.apache.hadoop.ozone.protocol.proto.OzoneManagerProtocolProtos$LookupKeyResponse$1
5260:             1             16  org.apache.hadoop.ozone.protocol.proto.OzoneManagerProtocolProtos$MD5MD5Crc32FileChecksumProto$1
5261:             1             16  org.apache.hadoop.ozone.protocol.proto.OzoneManagerProtocolProtos$MultipartCommitUploadPartRequest$1
5262:             1             16  org.apache.hadoop.ozone.protocol.proto.OzoneManagerProtocolProtos$MultipartCommitUploadPartResponse$1
5263:             1             16  org.apache.hadoop.ozone.protocol.proto.OzoneManagerProtocolProtos$MultipartInfoInitiateRequest$1
5264:             1             16  org.apache.hadoop.ozone.protocol.proto.OzoneManagerProtocolProtos$MultipartInfoInitiateResponse$1
5265:             1             16  org.apache.hadoop.ozone.protocol.proto.OzoneManagerProtocolProtos$MultipartKeyInfo$1
5266:             1             16  org.apache.hadoop.ozone.protocol.proto.OzoneManagerProtocolProtos$MultipartUploadAbortRequest$1
5267:             1             16  org.apache.hadoop.ozone.protocol.proto.OzoneManagerProtocolProtos$MultipartUploadAbortResponse$1
5268:             1             16  org.apache.hadoop.ozone.protocol.proto.OzoneManagerProtocolProtos$MultipartUploadCompleteRequest$1
5269:             1             16  org.apache.hadoop.ozone.protocol.proto.OzoneManagerProtocolProtos$MultipartUploadCompleteResponse$1
5270:             1             16  org.apache.hadoop.ozone.protocol.proto.OzoneManagerProtocolProtos$MultipartUploadListPartsRequest$1
5271:             1             16  org.apache.hadoop.ozone.protocol.proto.OzoneManagerProtocolProtos$MultipartUploadListPartsResponse$1
5272:             1             16  org.apache.hadoop.ozone.protocol.proto.OzoneManagerProtocolProtos$MultipartUploadsExpiredAbortRequest$1
5273:             1             16  org.apache.hadoop.ozone.protocol.proto.OzoneManagerProtocolProtos$MultipartUploadsExpiredAbortResponse$1
5274:             1             16  org.apache.hadoop.ozone.protocol.proto.OzoneManagerProtocolProtos$OMLockDetailsProto$1
5275:             1             16  org.apache.hadoop.ozone.protocol.proto.OzoneManagerProtocolProtos$OMRequest$1
5276:             1             16  org.apache.hadoop.ozone.protocol.proto.OzoneManagerProtocolProtos$OMResponse$1
5277:             1             16  org.apache.hadoop.ozone.protocol.proto.OzoneManagerProtocolProtos$OMRoleInfo$1
5278:             1             16  org.apache.hadoop.ozone.protocol.proto.OzoneManagerProtocolProtos$OpenKey$1
5279:             1             16  org.apache.hadoop.ozone.protocol.proto.OzoneManagerProtocolProtos$OpenKeyBucket$1
5280:             1             16  org.apache.hadoop.ozone.protocol.proto.OzoneManagerProtocolProtos$OzoneAclInfo$1
5281:             1             16  org.apache.hadoop.ozone.protocol.proto.OzoneManagerProtocolProtos$OzoneAclInfo$OzoneAclScope$1
5282:             1             16  org.apache.hadoop.ozone.protocol.proto.OzoneManagerProtocolProtos$OzoneAclInfo$OzoneAclType$1
5283:             1             16  org.apache.hadoop.ozone.protocol.proto.OzoneManagerProtocolProtos$OzoneFileStatusProto$1
5284:             1             16  org.apache.hadoop.ozone.protocol.proto.OzoneManagerProtocolProtos$OzoneFileStatusProtoLight$1
5285:             1             16  org.apache.hadoop.ozone.protocol.proto.OzoneManagerProtocolProtos$OzoneObj$1
5286:             1             16  org.apache.hadoop.ozone.protocol.proto.OzoneManagerProtocolProtos$OzoneObj$ObjectType$1
5287:             1             16  org.apache.hadoop.ozone.protocol.proto.OzoneManagerProtocolProtos$OzoneObj$StoreType$1
5288:             1             16  org.apache.hadoop.ozone.protocol.proto.OzoneManagerProtocolProtos$Part$1
5289:             1             16  org.apache.hadoop.ozone.protocol.proto.OzoneManagerProtocolProtos$PartKeyInfo$1
5290:             1             16  org.apache.hadoop.ozone.protocol.proto.OzoneManagerProtocolProtos$PrepareRequest$1
5291:             1             16  org.apache.hadoop.ozone.protocol.proto.OzoneManagerProtocolProtos$PrepareRequestArgs$1
5292:             1             16  org.apache.hadoop.ozone.protocol.proto.OzoneManagerProtocolProtos$PrepareResponse$1
5293:             1             16  org.apache.hadoop.ozone.protocol.proto.OzoneManagerProtocolProtos$PrepareStatusRequest$1
5294:             1             16  org.apache.hadoop.ozone.protocol.proto.OzoneManagerProtocolProtos$PrepareStatusResponse$1
5295:             1             16  org.apache.hadoop.ozone.protocol.proto.OzoneManagerProtocolProtos$PrepareStatusResponse$PrepareStatus$1
5296:             1             16  org.apache.hadoop.ozone.protocol.proto.OzoneManagerProtocolProtos$PrintCompactionLogDagRequest$1
5297:             1             16  org.apache.hadoop.ozone.protocol.proto.OzoneManagerProtocolProtos$PrintCompactionLogDagResponse$1
5298:             1             16  org.apache.hadoop.ozone.protocol.proto.OzoneManagerProtocolProtos$PurgeDirectoriesRequest$1
5299:             1             16  org.apache.hadoop.ozone.protocol.proto.OzoneManagerProtocolProtos$PurgeDirectoriesResponse$1
5300:             1             16  org.apache.hadoop.ozone.protocol.proto.OzoneManagerProtocolProtos$PurgeKeysRequest$1
5301:             1             16  org.apache.hadoop.ozone.protocol.proto.OzoneManagerProtocolProtos$PurgeKeysResponse$1
5302:             1             16  org.apache.hadoop.ozone.protocol.proto.OzoneManagerProtocolProtos$PurgePathRequest$1
5303:             1             16  org.apache.hadoop.ozone.protocol.proto.OzoneManagerProtocolProtos$PurgePathsRequest$1
5304:             1             16  org.apache.hadoop.ozone.protocol.proto.OzoneManagerProtocolProtos$PurgePathsResponse$1
5305:             1             16  org.apache.hadoop.ozone.protocol.proto.OzoneManagerProtocolProtos$RangerBGSyncRequest$1
5306:             1             16  org.apache.hadoop.ozone.protocol.proto.OzoneManagerProtocolProtos$RangerBGSyncResponse$1
5307:             1             16  org.apache.hadoop.ozone.protocol.proto.OzoneManagerProtocolProtos$RecoverLeaseRequest$1
5308:             1             16  org.apache.hadoop.ozone.protocol.proto.OzoneManagerProtocolProtos$RecoverLeaseResponse$1
5309:             1             16  org.apache.hadoop.ozone.protocol.proto.OzoneManagerProtocolProtos$RecoverTrashRequest$1
5310:             1             16  org.apache.hadoop.ozone.protocol.proto.OzoneManagerProtocolProtos$RecoverTrashResponse$1
5311:             1             16  org.apache.hadoop.ozone.protocol.proto.OzoneManagerProtocolProtos$RefetchSecretKeyRequest$1
5312:             1             16  org.apache.hadoop.ozone.protocol.proto.OzoneManagerProtocolProtos$RefetchSecretKeyResponse$1
5313:             1             16  org.apache.hadoop.ozone.protocol.proto.OzoneManagerProtocolProtos$RemoveAclRequest$1
5314:             1             16  org.apache.hadoop.ozone.protocol.proto.OzoneManagerProtocolProtos$RemoveAclResponse$1
5315:             1             16  org.apache.hadoop.ozone.protocol.proto.OzoneManagerProtocolProtos$RenameKeyRequest$1
5316:             1             16  org.apache.hadoop.ozone.protocol.proto.OzoneManagerProtocolProtos$RenameKeyResponse$1
5317:             1             16  org.apache.hadoop.ozone.protocol.proto.OzoneManagerProtocolProtos$RenameKeysArgs$1
5318:             1             16  org.apache.hadoop.ozone.protocol.proto.OzoneManagerProtocolProtos$RenameKeysRequest$1
5319:             1             16  org.apache.hadoop.ozone.protocol.proto.OzoneManagerProtocolProtos$RenameKeysResponse$1
5320:             1             16  org.apache.hadoop.ozone.protocol.proto.OzoneManagerProtocolProtos$RenewDelegationTokenResponseProto$1
5321:             1             16  org.apache.hadoop.ozone.protocol.proto.OzoneManagerProtocolProtos$RepeatedKeyInfo$1
5322:             1             16  org.apache.hadoop.ozone.protocol.proto.OzoneManagerProtocolProtos$RevokeS3SecretRequest$1
5323:             1             16  org.apache.hadoop.ozone.protocol.proto.OzoneManagerProtocolProtos$S3Authentication$1
5324:             1             16  org.apache.hadoop.ozone.protocol.proto.OzoneManagerProtocolProtos$S3Secret$1
5325:             1             16  org.apache.hadoop.ozone.protocol.proto.OzoneManagerProtocolProtos$SafeMode$1
5326:             1             16  org.apache.hadoop.ozone.protocol.proto.OzoneManagerProtocolProtos$ServiceInfo$1
5327:             1             16  org.apache.hadoop.ozone.protocol.proto.OzoneManagerProtocolProtos$ServiceListRequest$1
5328:             1             16  org.apache.hadoop.ozone.protocol.proto.OzoneManagerProtocolProtos$ServiceListResponse$1
5329:             1             16  org.apache.hadoop.ozone.protocol.proto.OzoneManagerProtocolProtos$ServicePort$1
5330:             1             16  org.apache.hadoop.ozone.protocol.proto.OzoneManagerProtocolProtos$ServicePort$Type$1
5331:             1             16  org.apache.hadoop.ozone.protocol.proto.OzoneManagerProtocolProtos$SetAclRequest$1
5332:             1             16  org.apache.hadoop.ozone.protocol.proto.OzoneManagerProtocolProtos$SetAclResponse$1
5333:             1             16  org.apache.hadoop.ozone.protocol.proto.OzoneManagerProtocolProtos$SetBucketPropertyRequest$1
5334:             1             16  org.apache.hadoop.ozone.protocol.proto.OzoneManagerProtocolProtos$SetBucketPropertyResponse$1
5335:             1             16  org.apache.hadoop.ozone.protocol.proto.OzoneManagerProtocolProtos$SetRangerServiceVersionRequest$1
5336:             1             16  org.apache.hadoop.ozone.protocol.proto.OzoneManagerProtocolProtos$SetRangerServiceVersionResponse$1
5337:             1             16  org.apache.hadoop.ozone.protocol.proto.OzoneManagerProtocolProtos$SetS3SecretRequest$1
5338:             1             16  org.apache.hadoop.ozone.protocol.proto.OzoneManagerProtocolProtos$SetS3SecretResponse$1
5339:             1             16  org.apache.hadoop.ozone.protocol.proto.OzoneManagerProtocolProtos$SetSafeModeRequest$1
5340:             1             16  org.apache.hadoop.ozone.protocol.proto.OzoneManagerProtocolProtos$SetSafeModeResponse$1
5341:             1             16  org.apache.hadoop.ozone.protocol.proto.OzoneManagerProtocolProtos$SetSnapshotPropertyRequest$1
5342:             1             16  org.apache.hadoop.ozone.protocol.proto.OzoneManagerProtocolProtos$SetSnapshotPropertyResponse$1
5343:             1             16  org.apache.hadoop.ozone.protocol.proto.OzoneManagerProtocolProtos$SetTimesRequest$1
5344:             1             16  org.apache.hadoop.ozone.protocol.proto.OzoneManagerProtocolProtos$SetTimesResponse$1
5345:             1             16  org.apache.hadoop.ozone.protocol.proto.OzoneManagerProtocolProtos$SetVolumePropertyRequest$1
5346:             1             16  org.apache.hadoop.ozone.protocol.proto.OzoneManagerProtocolProtos$SetVolumePropertyResponse$1
5347:             1             16  org.apache.hadoop.ozone.protocol.proto.OzoneManagerProtocolProtos$SnapshotDiffReportProto$1
5348:             1             16  org.apache.hadoop.ozone.protocol.proto.OzoneManagerProtocolProtos$SnapshotDiffRequest$1
5349:             1             16  org.apache.hadoop.ozone.protocol.proto.OzoneManagerProtocolProtos$SnapshotDiffResponse$1
5350:             1             16  org.apache.hadoop.ozone.protocol.proto.OzoneManagerProtocolProtos$SnapshotDiffResponse$JobStatusProto$1
5351:             1             16  org.apache.hadoop.ozone.protocol.proto.OzoneManagerProtocolProtos$SnapshotInfo$1
5352:             1             16  org.apache.hadoop.ozone.protocol.proto.OzoneManagerProtocolProtos$SnapshotInfoRequest$1
5353:             1             16  org.apache.hadoop.ozone.protocol.proto.OzoneManagerProtocolProtos$SnapshotInfoResponse$1
5354:             1             16  org.apache.hadoop.ozone.protocol.proto.OzoneManagerProtocolProtos$SnapshotMoveDeletedKeysRequest$1
5355:             1             16  org.apache.hadoop.ozone.protocol.proto.OzoneManagerProtocolProtos$SnapshotMoveDeletedKeysResponse$1
5356:             1             16  org.apache.hadoop.ozone.protocol.proto.OzoneManagerProtocolProtos$SnapshotProperty$1
5357:             1             16  org.apache.hadoop.ozone.protocol.proto.OzoneManagerProtocolProtos$SnapshotPurgeRequest$1
5358:             1             16  org.apache.hadoop.ozone.protocol.proto.OzoneManagerProtocolProtos$SnapshotPurgeResponse$1
5359:             1             16  org.apache.hadoop.ozone.protocol.proto.OzoneManagerProtocolProtos$SnapshotStatusProto$1
5360:             1             16  org.apache.hadoop.ozone.protocol.proto.OzoneManagerProtocolProtos$Status$1
5361:             1             16  org.apache.hadoop.ozone.protocol.proto.OzoneManagerProtocolProtos$StorageTypeProto$1
5362:             1             16  org.apache.hadoop.ozone.protocol.proto.OzoneManagerProtocolProtos$TenantAssignAdminRequest$1
5363:             1             16  org.apache.hadoop.ozone.protocol.proto.OzoneManagerProtocolProtos$TenantAssignAdminResponse$1
5364:             1             16  org.apache.hadoop.ozone.protocol.proto.OzoneManagerProtocolProtos$TenantAssignUserAccessIdRequest$1
5365:             1             16  org.apache.hadoop.ozone.protocol.proto.OzoneManagerProtocolProtos$TenantAssignUserAccessIdResponse$1
5366:             1             16  org.apache.hadoop.ozone.protocol.proto.OzoneManagerProtocolProtos$TenantGetUserInfoRequest$1
5367:             1             16  org.apache.hadoop.ozone.protocol.proto.OzoneManagerProtocolProtos$TenantGetUserInfoResponse$1
5368:             1             16  org.apache.hadoop.ozone.protocol.proto.OzoneManagerProtocolProtos$TenantListUserRequest$1
5369:             1             16  org.apache.hadoop.ozone.protocol.proto.OzoneManagerProtocolProtos$TenantListUserResponse$1
5370:             1             16  org.apache.hadoop.ozone.protocol.proto.OzoneManagerProtocolProtos$TenantRevokeAdminRequest$1
5371:             1             16  org.apache.hadoop.ozone.protocol.proto.OzoneManagerProtocolProtos$TenantRevokeAdminResponse$1
5372:             1             16  org.apache.hadoop.ozone.protocol.proto.OzoneManagerProtocolProtos$TenantRevokeUserAccessIdRequest$1
5373:             1             16  org.apache.hadoop.ozone.protocol.proto.OzoneManagerProtocolProtos$TenantRevokeUserAccessIdResponse$1
5374:             1             16  org.apache.hadoop.ozone.protocol.proto.OzoneManagerProtocolProtos$TenantState$1
5375:             1             16  org.apache.hadoop.ozone.protocol.proto.OzoneManagerProtocolProtos$TenantUserPrincipalInfo$1
5376:             1             16  org.apache.hadoop.ozone.protocol.proto.OzoneManagerProtocolProtos$Type$1
5377:             1             16  org.apache.hadoop.ozone.protocol.proto.OzoneManagerProtocolProtos$UpdateGetDelegationTokenRequest$1
5378:             1             16  org.apache.hadoop.ozone.protocol.proto.OzoneManagerProtocolProtos$UpdateGetS3SecretRequest$1
5379:             1             16  org.apache.hadoop.ozone.protocol.proto.OzoneManagerProtocolProtos$UpdateRenewDelegationTokenRequest$1
5380:             1             16  org.apache.hadoop.ozone.protocol.proto.OzoneManagerProtocolProtos$UserInfo$1
5381:             1             16  org.apache.hadoop.ozone.protocol.proto.OzoneManagerProtocolProtos$VolumeInfo$1
5382:             1             16  org.apache.hadoop.ozone.protocol.proto.OzoneManagerServiceGrpc$OzoneManagerServiceFileDescriptorSupplier
5383:             1             16  org.apache.hadoop.ozone.protocolPB.OzoneManagerProtocolServerSideTranslatorPB$$Lambda$305/1977652583
5384:             1             16  org.apache.hadoop.ozone.protocolPB.OzoneManagerProtocolServerSideTranslatorPB$$Lambda$307/1015367506
5385:             1             16  org.apache.hadoop.ozone.security.acl.OzoneNativeAuthorizer$$Lambda$160/648214521
5386:             1             16  org.apache.hadoop.ozone.security.proto.SecurityProtos$CancelDelegationTokenRequestProto$1
5387:             1             16  org.apache.hadoop.ozone.security.proto.SecurityProtos$CancelDelegationTokenResponseProto$1
5388:             1             16  org.apache.hadoop.ozone.security.proto.SecurityProtos$GetDelegationTokenRequestProto$1
5389:             1             16  org.apache.hadoop.ozone.security.proto.SecurityProtos$GetDelegationTokenResponseProto$1
5390:             1             16  org.apache.hadoop.ozone.security.proto.SecurityProtos$RenewDelegationTokenRequestProto$1
5391:             1             16  org.apache.hadoop.ozone.security.proto.SecurityProtos$RenewDelegationTokenResponseProto$1
5392:             1             16  org.apache.hadoop.ozone.security.proto.SecurityProtos$TokenProto$1
5393:             1             16  org.apache.hadoop.ozone.snapshot.SnapshotDiffReportOzone$$Lambda$163/42158278
5394:             1             16  org.apache.hadoop.ozone.snapshot.SnapshotDiffReportOzone$$Lambda$164/1843459456
5395:             1             16  org.apache.hadoop.ozone.storage.proto.OzoneManagerStorageProtos$PersistedPrefixInfo$1
5396:             1             16  org.apache.hadoop.ozone.storage.proto.OzoneManagerStorageProtos$PersistedUserVolumeInfo$1
5397:             1             16  org.apache.hadoop.ozone.upgrade.DefaultUpgradeFinalizationExecutor
5398:             1             16  org.apache.hadoop.security.AnnotatedSecurityInfo
5399:             1             16  org.apache.hadoop.security.SecurityUtil$StandardHostResolver
5400:             1             16  org.apache.hadoop.security.authorize.AccessControlList$1
5401:             1             16  org.apache.hadoop.security.ssl.SSLHostnameVerifier$1
5402:             1             16  org.apache.hadoop.security.ssl.SSLHostnameVerifier$2
5403:             1             16  org.apache.hadoop.security.ssl.SSLHostnameVerifier$3
5404:             1             16  org.apache.hadoop.security.ssl.SSLHostnameVerifier$4
5405:             1             16  org.apache.hadoop.security.ssl.SSLHostnameVerifier$5
5406:             1             16  org.apache.hadoop.thirdparty.com.google.common.base.Equivalence$Equals
5407:             1             16  org.apache.hadoop.thirdparty.com.google.common.base.Java8Usage$$Lambda$6/1359484306
5408:             1             16  org.apache.hadoop.thirdparty.com.google.common.base.Platform$JdkPatternCompiler
5409:             1             16  org.apache.hadoop.thirdparty.com.google.common.base.Ticker$1
5410:             1             16  org.apache.hadoop.thirdparty.com.google.common.cache.CacheBuilder$1
5411:             1             16  org.apache.hadoop.thirdparty.com.google.common.cache.CacheBuilder$2
5412:             1             16  org.apache.hadoop.thirdparty.com.google.common.cache.CacheBuilder$3
5413:             1             16  org.apache.hadoop.thirdparty.com.google.common.cache.LocalCache$1
5414:             1             16  org.apache.hadoop.thirdparty.com.google.common.cache.LocalCache$2
5415:             1             16  org.apache.hadoop.thirdparty.com.google.common.collect.ComparisonChain$1
5416:             1             16  org.apache.hadoop.thirdparty.com.google.common.collect.MapMakerInternalMap$1
5417:             1             16  org.apache.hadoop.thirdparty.com.google.common.collect.MapMakerInternalMap$StrongKeyDummyValueEntry$Helper
5418:             1             16  org.apache.hadoop.thirdparty.com.google.common.util.concurrent.AbstractFuture$UnsafeAtomicHelper
5419:             1             16  org.apache.hadoop.thirdparty.protobuf.ByteString$2
5420:             1             16  org.apache.hadoop.thirdparty.protobuf.ByteString$ArraysByteArrayCopier
5421:             1             16  org.apache.hadoop.thirdparty.protobuf.SmallSortedMap$EmptySet$1
5422:             1             16  org.apache.hadoop.thirdparty.protobuf.SmallSortedMap$EmptySet$2
5423:             1             16  org.apache.hadoop.thirdparty.protobuf.UnknownFieldSet$Parser
5424:             1             16  org.apache.hadoop.thirdparty.protobuf.Utf8$UnsafeProcessor
5425:             1             16  org.apache.hadoop.util.Timer
5426:             1             16  org.apache.hadoop.util.UUIDUtil$$Lambda$801/1730318574
5427:             1             16  org.apache.log4j.DefaultCategoryFactory
5428:             1             16  org.apache.log4j.or.DefaultRenderer
5429:             1             16  org.apache.logging.log4j.ThreadContext$EmptyIterator
5430:             1             16  org.apache.logging.log4j.ThreadContext$EmptyThreadContextStack
5431:             1             16  org.apache.logging.log4j.core.LoggerContext$$Lambda$55/442125849
5432:             1             16  org.apache.logging.log4j.core.appender.ConsoleAppender$ConsoleManagerFactory
5433:             1             16  org.apache.logging.log4j.core.appender.FileManager$FileManagerFactory
5434:             1             16  org.apache.logging.log4j.core.appender.rolling.RollingFileManager$RollingFileManagerFactory
5435:             1             16  org.apache.logging.log4j.core.async.AsyncLoggerConfigDefaultExceptionHandler
5436:             1             16  org.apache.logging.log4j.core.async.AsyncLoggerConfigDisruptor$$Lambda$56/1871612052
5437:             1             16  org.apache.logging.log4j.core.async.AsyncLoggerConfigDisruptor$$Lambda$57/153646652
5438:             1             16  org.apache.logging.log4j.core.async.AsyncLoggerConfigDisruptor$$Lambda$58/169833205
5439:             1             16  org.apache.logging.log4j.core.async.AsyncLoggerConfigDisruptor$$Lambda$59/1261198850
5440:             1             16  org.apache.logging.log4j.core.async.AsyncLoggerContextSelector
5441:             1             16  org.apache.logging.log4j.core.async.AsyncLoggerDefaultExceptionHandler
5442:             1             16  org.apache.logging.log4j.core.async.RingBufferLogEvent$Factory
5443:             1             16  org.apache.logging.log4j.core.config.OrderComparator
5444:             1             16  org.apache.logging.log4j.core.config.plugins.convert.TypeConverters$BigDecimalConverter
5445:             1             16  org.apache.logging.log4j.core.config.plugins.convert.TypeConverters$BigIntegerConverter
5446:             1             16  org.apache.logging.log4j.core.config.plugins.convert.TypeConverters$BooleanConverter
5447:             1             16  org.apache.logging.log4j.core.config.plugins.convert.TypeConverters$ByteArrayConverter
5448:             1             16  org.apache.logging.log4j.core.config.plugins.convert.TypeConverters$ByteConverter
5449:             1             16  org.apache.logging.log4j.core.config.plugins.convert.TypeConverters$CharArrayConverter
5450:             1             16  org.apache.logging.log4j.core.config.plugins.convert.TypeConverters$CharacterConverter
5451:             1             16  org.apache.logging.log4j.core.config.plugins.convert.TypeConverters$CharsetConverter
5452:             1             16  org.apache.logging.log4j.core.config.plugins.convert.TypeConverters$ClassConverter
5453:             1             16  org.apache.logging.log4j.core.config.plugins.convert.TypeConverters$CronExpressionConverter
5454:             1             16  org.apache.logging.log4j.core.config.plugins.convert.TypeConverters$DoubleConverter
5455:             1             16  org.apache.logging.log4j.core.config.plugins.convert.TypeConverters$DurationConverter
5456:             1             16  org.apache.logging.log4j.core.config.plugins.convert.TypeConverters$FileConverter
5457:             1             16  org.apache.logging.log4j.core.config.plugins.convert.TypeConverters$FloatConverter
5458:             1             16  org.apache.logging.log4j.core.config.plugins.convert.TypeConverters$InetAddressConverter
5459:             1             16  org.apache.logging.log4j.core.config.plugins.convert.TypeConverters$IntegerConverter
5460:             1             16  org.apache.logging.log4j.core.config.plugins.convert.TypeConverters$LevelConverter
5461:             1             16  org.apache.logging.log4j.core.config.plugins.convert.TypeConverters$LongConverter
5462:             1             16  org.apache.logging.log4j.core.config.plugins.convert.TypeConverters$PathConverter
5463:             1             16  org.apache.logging.log4j.core.config.plugins.convert.TypeConverters$PatternConverter
5464:             1             16  org.apache.logging.log4j.core.config.plugins.convert.TypeConverters$SecurityProviderConverter
5465:             1             16  org.apache.logging.log4j.core.config.plugins.convert.TypeConverters$ShortConverter
5466:             1             16  org.apache.logging.log4j.core.config.plugins.convert.TypeConverters$StringConverter
5467:             1             16  org.apache.logging.log4j.core.config.plugins.convert.TypeConverters$UriConverter
5468:             1             16  org.apache.logging.log4j.core.config.plugins.convert.TypeConverters$UrlConverter
5469:             1             16  org.apache.logging.log4j.core.config.plugins.convert.TypeConverters$UuidConverter
5470:             1             16  org.apache.logging.log4j.core.config.plugins.processor.PluginCache$$Lambda$38/1630678941
5471:             1             16  org.apache.logging.log4j.core.impl.ThreadContextDataProvider
5472:             1             16  org.apache.logging.log4j.core.lookup.StrMatcher$NoMatcher
5473:             1             16  org.apache.logging.log4j.core.lookup.StrMatcher$TrimMatcher
5474:             1             16  org.apache.logging.log4j.core.net.JndiManager$JndiManagerFactory
5475:             1             16  org.apache.logging.log4j.core.pattern.NameAbbreviator$NOPAbbreviator
5476:             1             16  org.apache.logging.log4j.core.pattern.NotANumber
5477:             1             16  org.apache.logging.log4j.core.pattern.PlainTextRenderer
5478:             1             16  org.apache.logging.log4j.core.util.datetime.FastDateParser$$Lambda$60/749927456
5479:             1             16  org.apache.logging.log4j.core.util.datetime.FastDatePrinter$TwoDigitMonthField
5480:             1             16  org.apache.logging.log4j.message.ParameterizedNoReferenceMessageFactory
5481:             1             16  org.apache.logging.log4j.message.ReusableMessageFactory
5482:             1             16  org.apache.logging.log4j.spi.AbstractLogger$$Lambda$32/2088445230
5483:             1             16  org.apache.logging.log4j.spi.LoggerRegistry$ConcurrentMapFactory
5484:             1             16  org.apache.logging.log4j.status.SimpleLoggerFactory
5485:             1             16  org.apache.logging.log4j.util.LoaderUtil$ThreadContextClassLoaderGetter
5486:             1             16  org.apache.logging.log4j.util.PropertiesUtil$Environment$$Lambda$23/1162918744
5487:             1             16  org.apache.logging.log4j.util.PropertiesUtil$Environment$$Lambda$27/1961945640
5488:             1             16  org.apache.logging.log4j.util.PropertiesUtil$Environment$$Lambda$28/258931371
5489:             1             16  org.apache.logging.log4j.util.PropertiesUtil$Environment$$Lambda$29/1083962448
5490:             1             16  org.apache.logging.log4j.util.ProviderUtil
5491:             1             16  org.apache.logging.log4j.util.ProviderUtil$$Lambda$36/1365008457
5492:             1             16  org.apache.logging.log4j.util.SortedArrayStringMap$$Lambda$41/124888672
5493:             1             16  org.apache.logging.log4j.util.StackLocator
5494:             1             16  org.apache.logging.log4j.util.Strings$$Lambda$34/873610597
5495:             1             16  org.apache.ozone.compaction.log.CompactionLogEntry$$Lambda$130/1399398408
5496:             1             16  org.apache.ozone.compaction.log.CompactionLogEntry$$Lambda$131/2066366456
5497:             1             16  org.apache.ozone.rocksdiff.RocksDBCheckpointDiffer$$Lambda$144/1550080835
5498:             1             16  org.apache.ozone.rocksdiff.RocksDBCheckpointDiffer$$Lambda$778/1723090549
5499:             1             16  org.apache.ratis.client.impl.ClientProtoUtils$$Lambda$558/1403270626
5500:             1             16  org.apache.ratis.conf.ConfUtils$$Lambda$267/1985363238
5501:             1             16  org.apache.ratis.conf.ConfUtils$$Lambda$322/1656592577
5502:             1             16  org.apache.ratis.conf.RaftProperties$$Lambda$202/1802073627
5503:             1             16  org.apache.ratis.conf.RaftProperties$$Lambda$288/913955118
5504:             1             16  org.apache.ratis.grpc.server.GrpcLogAppender$$Lambda$1260/507146839
5505:             1             16  org.apache.ratis.grpc.server.GrpcLogAppender$$Lambda$1261/564087995
5506:             1             16  org.apache.ratis.grpc.server.GrpcLogAppender$$Lambda$1326/143899682
5507:             1             16  org.apache.ratis.grpc.server.GrpcLogAppender$$Lambda$852/975862951
5508:             1             16  org.apache.ratis.grpc.server.GrpcLogAppender$AppendEntriesRequest$$Lambda$1296/684344518
5509:             1             16  org.apache.ratis.grpc.server.GrpcLogAppender$StreamObservers$$Lambda$1327/742145993
5510:             1             16  org.apache.ratis.grpc.server.GrpcServerProtocolService$ServerRequestStreamObserver$$Lambda$533/85005199
5511:             1             16  org.apache.ratis.grpc.server.GrpcServerProtocolService$ServerRequestStreamObserver$$Lambda$797/988746695
5512:             1             16  org.apache.ratis.metrics.Timekeeper$$Lambda$452/2037013332
5513:             1             16  org.apache.ratis.metrics.Timekeeper$$Lambda$453/764817391
5514:             1             16  org.apache.ratis.metrics.Timekeeper$$Lambda$455/1948754377
5515:             1             16  org.apache.ratis.metrics.dropwizard3.Dm3MetricRegistryFactoryImpl
5516:             1             16  org.apache.ratis.metrics.dropwizard3.Dm3MetricsReporting$$Lambda$1324/684475081
5517:             1             16  org.apache.ratis.metrics.dropwizard3.Dm3MetricsReporting$$Lambda$189/1764622989
5518:             1             16  org.apache.ratis.metrics.dropwizard3.Dm3MetricsReporting$$Lambda$190/1714007305
5519:             1             16  org.apache.ratis.metrics.dropwizard3.RefCountingMap$$Lambda$1325/1684324810
5520:             1             16  org.apache.ratis.proto.RaftProtos$AppendEntriesReplyProto$1
5521:             1             16  org.apache.ratis.proto.RaftProtos$AppendEntriesReplyProto$AppendResult$1
5522:             1             16  org.apache.ratis.proto.RaftProtos$AppendEntriesRequestProto$1
5523:             1             16  org.apache.ratis.proto.RaftProtos$CommitInfoProto$1
5524:             1             16  org.apache.ratis.proto.RaftProtos$DataStreamRequestTypeProto$1
5525:             1             16  org.apache.ratis.proto.RaftProtos$FollowerInfoProto$1
5526:             1             16  org.apache.ratis.proto.RaftProtos$ForwardRequestTypeProto$1
5527:             1             16  org.apache.ratis.proto.RaftProtos$GroupInfoReplyProto$1
5528:             1             16  org.apache.ratis.proto.RaftProtos$GroupInfoRequestProto$1
5529:             1             16  org.apache.ratis.proto.RaftProtos$GroupListReplyProto$1
5530:             1             16  org.apache.ratis.proto.RaftProtos$GroupListRequestProto$1
5531:             1             16  org.apache.ratis.proto.RaftProtos$GroupManagementRequestProto$1
5532:             1             16  org.apache.ratis.proto.RaftProtos$InstallSnapshotReplyProto$1
5533:             1             16  org.apache.ratis.proto.RaftProtos$InstallSnapshotRequestProto$1
5534:             1             16  org.apache.ratis.proto.RaftProtos$InstallSnapshotResult$1
5535:             1             16  org.apache.ratis.proto.RaftProtos$LeaderElectionManagementRequestProto$1
5536:             1             16  org.apache.ratis.proto.RaftProtos$LeaderInfoProto$1
5537:             1             16  org.apache.ratis.proto.RaftProtos$LogEntryProto$1
5538:             1             16  org.apache.ratis.proto.RaftProtos$MetadataProto$1
5539:             1             16  org.apache.ratis.proto.RaftProtos$RaftClientReplyProto$1
5540:             1             16  org.apache.ratis.proto.RaftProtos$RaftClientRequestProto$1
5541:             1             16  org.apache.ratis.proto.RaftProtos$RaftConfigurationProto$1
5542:             1             16  org.apache.ratis.proto.RaftProtos$RaftGroupIdProto$1
5543:             1             16  org.apache.ratis.proto.RaftProtos$RaftPeerProto$1
5544:             1             16  org.apache.ratis.proto.RaftProtos$RaftPeerRole$1
5545:             1             16  org.apache.ratis.proto.RaftProtos$RaftRpcReplyProto$1
5546:             1             16  org.apache.ratis.proto.RaftProtos$RaftRpcRequestProto$1
5547:             1             16  org.apache.ratis.proto.RaftProtos$ReadIndexReplyProto$1
5548:             1             16  org.apache.ratis.proto.RaftProtos$ReadIndexRequestProto$1
5549:             1             16  org.apache.ratis.proto.RaftProtos$ReadRequestTypeProto$1
5550:             1             16  org.apache.ratis.proto.RaftProtos$ReplicationLevel$1
5551:             1             16  org.apache.ratis.proto.RaftProtos$RequestVoteReplyProto$1
5552:             1             16  org.apache.ratis.proto.RaftProtos$RequestVoteRequestProto$1
5553:             1             16  org.apache.ratis.proto.RaftProtos$RoleInfoProto$1
5554:             1             16  org.apache.ratis.proto.RaftProtos$ServerRpcProto$1
5555:             1             16  org.apache.ratis.proto.RaftProtos$SetConfigurationRequestProto$1
5556:             1             16  org.apache.ratis.proto.RaftProtos$SnapshotManagementRequestProto$1
5557:             1             16  org.apache.ratis.proto.RaftProtos$StaleReadRequestTypeProto$1
5558:             1             16  org.apache.ratis.proto.RaftProtos$StartLeaderElectionReplyProto$1
5559:             1             16  org.apache.ratis.proto.RaftProtos$StartLeaderElectionRequestProto$1
5560:             1             16  org.apache.ratis.proto.RaftProtos$StateMachineEntryProto$1
5561:             1             16  org.apache.ratis.proto.RaftProtos$StateMachineLogEntryProto$1
5562:             1             16  org.apache.ratis.proto.RaftProtos$StateMachineLogEntryProto$Type$1
5563:             1             16  org.apache.ratis.proto.RaftProtos$TermIndexProto$1
5564:             1             16  org.apache.ratis.proto.RaftProtos$TransferLeadershipRequestProto$1
5565:             1             16  org.apache.ratis.proto.RaftProtos$WatchRequestTypeProto$1
5566:             1             16  org.apache.ratis.proto.RaftProtos$WriteRequestTypeProto$1
5567:             1             16  org.apache.ratis.proto.grpc.AdminProtocolServiceGrpc$AdminProtocolServiceFileDescriptorSupplier
5568:             1             16  org.apache.ratis.proto.grpc.RaftClientProtocolServiceGrpc$RaftClientProtocolServiceFileDescriptorSupplier
5569:             1             16  org.apache.ratis.proto.grpc.RaftServerProtocolServiceGrpc$RaftServerProtocolServiceFileDescriptorSupplier
5570:             1             16  org.apache.ratis.protocol.Message$$Lambda$971/1436870288
5571:             1             16  org.apache.ratis.protocol.Message$$Lambda$972/928453815
5572:             1             16  org.apache.ratis.protocol.RaftClientRequest$$Lambda$959/1769788189
5573:             1             16  org.apache.ratis.protocol.RaftPeerId$$Lambda$193/1081635795
5574:             1             16  org.apache.ratis.protocol.RaftPeerId$$Lambda$395/1518754599
5575:             1             16  org.apache.ratis.retry.MultipleLinearRandomRetry$$Lambda$865/402472111
5576:             1             16  org.apache.ratis.retry.MultipleLinearRandomRetry$$Lambda$866/1367750230
5577:             1             16  org.apache.ratis.retry.RetryPolicy$$Lambda$1288/1193448793
5578:             1             16  org.apache.ratis.retry.RetryPolicy$1
5579:             1             16  org.apache.ratis.rpc.CallId$$Lambda$559/1276184013
5580:             1             16  org.apache.ratis.server.DisabledDataStreamServerFactory
5581:             1             16  org.apache.ratis.server.impl.FollowerState$UpdateType$$Lambda$546/1597265216
5582:             1             16  org.apache.ratis.server.impl.FollowerState$UpdateType$$Lambda$547/1775877909
5583:             1             16  org.apache.ratis.server.impl.FollowerState$UpdateType$$Lambda$548/660351295
5584:             1             16  org.apache.ratis.server.impl.FollowerState$UpdateType$$Lambda$549/62861586
5585:             1             16  org.apache.ratis.server.impl.FollowerState$UpdateType$$Lambda$550/2120018544
5586:             1             16  org.apache.ratis.server.impl.FollowerState$UpdateType$$Lambda$551/1524220857
5587:             1             16  org.apache.ratis.server.impl.LeaderElection$$Lambda$791/524191758
5588:             1             16  org.apache.ratis.server.impl.LeaderElection$$Lambda$806/665684117
5589:             1             16  org.apache.ratis.server.impl.LeaderElection$$Lambda$810/1453080557
5590:             1             16  org.apache.ratis.server.impl.LeaderElection$$Lambda$812/342173055
5591:             1             16  org.apache.ratis.server.impl.LeaderStateImpl$$Lambda$1264/989509100
5592:             1             16  org.apache.ratis.server.impl.LeaderStateImpl$$Lambda$1319/1227090767
5593:             1             16  org.apache.ratis.server.impl.LeaderStateImpl$$Lambda$1320/1374925544
5594:             1             16  org.apache.ratis.server.impl.LeaderStateImpl$$Lambda$875/1008765675
5595:             1             16  org.apache.ratis.server.impl.LeaderStateImpl$$Lambda$876/1625846851
5596:             1             16  org.apache.ratis.server.impl.LeaderStateImpl$$Lambda$878/1431244718
5597:             1             16  org.apache.ratis.server.impl.LeaderStateImpl$$Lambda$919/785188272
5598:             1             16  org.apache.ratis.server.impl.LeaderStateImpl$$Lambda$924/501288289
5599:             1             16  org.apache.ratis.server.impl.LeaderStateImpl$$Lambda$937/2025793059
5600:             1             16  org.apache.ratis.server.impl.LeaderStateImpl$FollowerInfoMap$$Lambda$887/448131404
5601:             1             16  org.apache.ratis.server.impl.LeaderStateImpl$SenderList$$Lambda$868/1453832494
5602:             1             16  org.apache.ratis.server.impl.LeaderStateImpl$SenderList$$Lambda$870/1019803433
5603:             1             16  org.apache.ratis.server.impl.PeerConfiguration$$Lambda$312/267266701
5604:             1             16  org.apache.ratis.server.impl.RaftServerImpl$$Lambda$1290/1485697248
5605:             1             16  org.apache.ratis.server.impl.RaftServerImpl$$Lambda$537/283723390
5606:             1             16  org.apache.ratis.server.impl.RaftServerImpl$$Lambda$560/525490973
5607:             1             16  org.apache.ratis.server.impl.RaftServerImpl$$Lambda$568/58273764
5608:             1             16  org.apache.ratis.server.impl.RaftServerImpl$$Lambda$609/769465427
5609:             1             16  org.apache.ratis.server.impl.RaftServerImpl$$Lambda$644/1014823823
5610:             1             16  org.apache.ratis.server.impl.RaftServerImpl$$Lambda$755/1777247926
5611:             1             16  org.apache.ratis.server.impl.RaftServerImpl$$Lambda$756/727961773
5612:             1             16  org.apache.ratis.server.impl.RaftServerImpl$$Lambda$757/743342206
5613:             1             16  org.apache.ratis.server.impl.RaftServerImpl$$Lambda$794/85358262
5614:             1             16  org.apache.ratis.server.impl.RaftServerImpl$$Lambda$964/868199972
5615:             1             16  org.apache.ratis.server.impl.RaftServerImpl$$Lambda$965/931150987
5616:             1             16  org.apache.ratis.server.impl.RaftServerImpl$$Lambda$980/475221419
5617:             1             16  org.apache.ratis.server.impl.RaftServerImpl$Info$$Lambda$673/965912106
5618:             1             16  org.apache.ratis.server.impl.RaftServerImpl$RaftServerJmxAdapter$$Lambda$747/433855960
5619:             1             16  org.apache.ratis.server.impl.RaftServerImpl$RaftServerJmxAdapter$$Lambda$748/692577156
5620:             1             16  org.apache.ratis.server.impl.RaftServerImpl$RaftServerJmxAdapter$$Lambda$749/883546729
5621:             1             16  org.apache.ratis.server.impl.RaftServerImpl$RaftServerJmxAdapter$$Lambda$750/1511754559
5622:             1             16  org.apache.ratis.server.impl.RaftServerProxy$$Lambda$285/771459166
5623:             1             16  org.apache.ratis.server.impl.RaftServerProxy$$Lambda$294/777314212
5624:             1             16  org.apache.ratis.server.impl.RaftServerProxy$$Lambda$295/523293243
5625:             1             16  org.apache.ratis.server.impl.RaftServerProxy$$Lambda$376/1602880207
5626:             1             16  org.apache.ratis.server.impl.RoleInfo$$Lambda$938/2026530336
5627:             1             16  org.apache.ratis.server.impl.ServerImplUtils$$Lambda$572/1761906668
5628:             1             16  org.apache.ratis.server.impl.ServerProtoUtils$$Lambda$803/1882899371
5629:             1             16  org.apache.ratis.server.impl.ServerProtoUtils$$Lambda$891/1985635488
5630:             1             16  org.apache.ratis.server.impl.ServerState$$Lambda$308/1032742464
5631:             1             16  org.apache.ratis.server.impl.ServerState$$Lambda$309/1075288301
5632:             1             16  org.apache.ratis.server.impl.ServerState$$Lambda$409/214706714
5633:             1             16  org.apache.ratis.server.impl.ServerState$$Lambda$410/1237049097
5634:             1             16  org.apache.ratis.server.impl.ServerState$$Lambda$553/2136076524
5635:             1             16  org.apache.ratis.server.impl.ServerState$$Lambda$751/891151172
5636:             1             16  org.apache.ratis.server.impl.ServerState$$Lambda$786/1021527017
5637:             1             16  org.apache.ratis.server.impl.SnapshotManagementRequestHandler$$Lambda$668/619288882
5638:             1             16  org.apache.ratis.server.impl.StateMachineUpdater$$Lambda$617/1414206201
5639:             1             16  org.apache.ratis.server.impl.StateMachineUpdater$$Lambda$669/558463780
5640:             1             16  org.apache.ratis.server.impl.TransferLeadership$$Lambda$928/1365162742
5641:             1             16  org.apache.ratis.server.impl.VoteContext$$Lambda$793/1080984943
5642:             1             16  org.apache.ratis.server.impl.WatchRequests$WatchQueue$$Lambda$832/1841992819
5643:             1             16  org.apache.ratis.server.impl.WatchRequests$WatchQueue$$Lambda$833/1881963413
5644:             1             16  org.apache.ratis.server.impl.WriteIndexCache$$Lambda$625/881339644
5645:             1             16  org.apache.ratis.server.leader.LogAppenderBase$$Lambda$855/887286612
5646:             1             16  org.apache.ratis.server.leader.LogAppenderBase$$Lambda$913/666878806
5647:             1             16  org.apache.ratis.server.leader.LogAppenderBase$$Lambda$915/1726311898
5648:             1             16  org.apache.ratis.server.leader.LogAppenderDaemon$$Lambda$856/1597014259
5649:             1             16  org.apache.ratis.server.leader.LogAppenderDaemon$$Lambda$857/2053416968
5650:             1             16  org.apache.ratis.server.leader.LogAppenderDaemon$$Lambda$858/930706683
5651:             1             16  org.apache.ratis.server.metrics.LeaderElectionMetrics$$Lambda$760/1724733037
5652:             1             16  org.apache.ratis.server.metrics.RaftServerMetricsImpl$$Lambda$347/1288831147
5653:             1             16  org.apache.ratis.server.protocol.TermIndex$$Lambda$461/763011538
5654:             1             16  org.apache.ratis.server.protocol.TermIndex$$Lambda$539/1163458563
5655:             1             16  org.apache.ratis.server.protocol.TermIndex$$Lambda$618/1349815464
5656:             1             16  org.apache.ratis.server.protocol.TermIndex$$Lambda$619/360061122
5657:             1             16  org.apache.ratis.server.raftlog.LogProtoUtils$$Lambda$462/1541663287
5658:             1             16  org.apache.ratis.server.raftlog.LogProtoUtils$$Lambda$463/358459363
5659:             1             16  org.apache.ratis.server.raftlog.LogProtoUtils$$Lambda$464/1795765126
5660:             1             16  org.apache.ratis.server.raftlog.LogProtoUtils$$Lambda$465/1560027166
5661:             1             16  org.apache.ratis.server.raftlog.LogProtoUtils$$Lambda$466/619116253
5662:             1             16  org.apache.ratis.server.raftlog.LogProtoUtils$$Lambda$467/1468735810
5663:             1             16  org.apache.ratis.server.raftlog.LogProtoUtils$$Lambda$595/152294206
5664:             1             16  org.apache.ratis.server.raftlog.LogProtoUtils$$Lambda$596/538613204
5665:             1             16  org.apache.ratis.server.raftlog.LogProtoUtils$$Lambda$911/1027391610
5666:             1             16  org.apache.ratis.server.raftlog.LogProtoUtils$$Lambda$912/1657473945
5667:             1             16  org.apache.ratis.server.raftlog.segmented.CacheInvalidationPolicy$CacheInvalidationPolicyDefault
5668:             1             16  org.apache.ratis.server.raftlog.segmented.LogSegment$$Lambda$457/957305856
5669:             1             16  org.apache.ratis.server.raftlog.segmented.LogSegment$$Lambda$734/1065139588
5670:             1             16  org.apache.ratis.server.raftlog.segmented.LogSegmentPath$$Lambda$445/1804633474
5671:             1             16  org.apache.ratis.server.raftlog.segmented.LogSegmentPath$$Lambda$446/1391273645
5672:             1             16  org.apache.ratis.server.raftlog.segmented.LogSegmentStartEnd$$Lambda$448/322588720
5673:             1             16  org.apache.ratis.server.raftlog.segmented.LogSegmentStartEnd$$Lambda$450/401559952
5674:             1             16  org.apache.ratis.server.raftlog.segmented.SegmentedRaftLog$$Lambda$480/541630936
5675:             1             16  org.apache.ratis.server.raftlog.segmented.SegmentedRaftLog$Builder$$Lambda$402/1063322342
5676:             1             16  org.apache.ratis.server.raftlog.segmented.SegmentedRaftLog$ServerLogMethods$1
5677:             1             16  org.apache.ratis.server.raftlog.segmented.SegmentedRaftLogCache$$Lambda$1302/1599397025
5678:             1             16  org.apache.ratis.server.raftlog.segmented.SegmentedRaftLogCache$$Lambda$597/1305644605
5679:             1             16  org.apache.ratis.server.raftlog.segmented.SegmentedRaftLogCache$$Lambda$929/512222602
5680:             1             16  org.apache.ratis.server.raftlog.segmented.SegmentedRaftLogCache$LogSegmentList$$Lambda$752/1930045438
5681:             1             16  org.apache.ratis.server.raftlog.segmented.SegmentedRaftLogCache$SegmentFileInfo$$Lambda$769/649825144
5682:             1             16  org.apache.ratis.server.raftlog.segmented.SegmentedRaftLogCache$SegmentFileInfo$$Lambda$770/995468486
5683:             1             16  org.apache.ratis.server.raftlog.segmented.SegmentedRaftLogInputStream$$Lambda$471/1284876099
5684:             1             16  org.apache.ratis.server.raftlog.segmented.SegmentedRaftLogReader$$Lambda$460/151275521
5685:             1             16  org.apache.ratis.server.raftlog.segmented.SegmentedRaftLogWorker$$Lambda$427/1756279173
5686:             1             16  org.apache.ratis.server.raftlog.segmented.SegmentedRaftLogWorker$$Lambda$607/997749864
5687:             1             16  org.apache.ratis.server.storage.RaftStorageImpl$$Lambda$383/691397307
5688:             1             16  org.apache.ratis.server.storage.RaftStorageMetadata$$Lambda$393/1795517708
5689:             1             16  org.apache.ratis.server.storage.SnapshotManager$$Lambda$315/1727668250
5690:             1             16  org.apache.ratis.statemachine.StateMachine$DataApi$1
5691:             1             16  org.apache.ratis.statemachine.StateMachine$EventApi$1
5692:             1             16  org.apache.ratis.statemachine.StateMachine$FollowerEventApi$1
5693:             1             16  org.apache.ratis.statemachine.StateMachine$LeaderEventApi$1
5694:             1             16  org.apache.ratis.statemachine.TransactionContext$Builder$$Lambda$968/1583964602
5695:             1             16  org.apache.ratis.statemachine.impl.SimpleStateMachineStorage$$Lambda$231/1905548224
5696:             1             16  org.apache.ratis.thirdparty.com.google.common.base.Equivalence$Equals
5697:             1             16  org.apache.ratis.thirdparty.com.google.common.base.Equivalence$Identity
5698:             1             16  org.apache.ratis.thirdparty.com.google.common.base.Platform$JdkPatternCompiler
5699:             1             16  org.apache.ratis.thirdparty.com.google.common.base.Ticker$1
5700:             1             16  org.apache.ratis.thirdparty.com.google.common.cache.CacheBuilder$1
5701:             1             16  org.apache.ratis.thirdparty.com.google.common.cache.CacheBuilder$2
5702:             1             16  org.apache.ratis.thirdparty.com.google.common.cache.CacheBuilder$3
5703:             1             16  org.apache.ratis.thirdparty.com.google.common.cache.LocalCache$1
5704:             1             16  org.apache.ratis.thirdparty.com.google.common.cache.LocalCache$2
5705:             1             16  org.apache.ratis.thirdparty.com.google.common.cache.LongAddables$1
5706:             1             16  org.apache.ratis.thirdparty.com.google.common.collect.MapMakerInternalMap$1
5707:             1             16  org.apache.ratis.thirdparty.com.google.common.collect.MapMakerInternalMap$WeakKeyDummyValueEntry$Helper
5708:             1             16  org.apache.ratis.thirdparty.com.google.common.util.concurrent.AbstractFuture$UnsafeAtomicHelper
5709:             1             16  org.apache.ratis.thirdparty.com.google.protobuf.ByteString$2
5710:             1             16  org.apache.ratis.thirdparty.com.google.protobuf.ByteString$ArraysByteArrayCopier
5711:             1             16  org.apache.ratis.thirdparty.com.google.protobuf.DescriptorProtos$DescriptorProto$1
5712:             1             16  org.apache.ratis.thirdparty.com.google.protobuf.DescriptorProtos$EnumDescriptorProto$1
5713:             1             16  org.apache.ratis.thirdparty.com.google.protobuf.DescriptorProtos$EnumValueDescriptorProto$1
5714:             1             16  org.apache.ratis.thirdparty.com.google.protobuf.DescriptorProtos$FieldDescriptorProto$1
5715:             1             16  org.apache.ratis.thirdparty.com.google.protobuf.DescriptorProtos$FieldDescriptorProto$Label$1
5716:             1             16  org.apache.ratis.thirdparty.com.google.protobuf.DescriptorProtos$FieldDescriptorProto$Type$1
5717:             1             16  org.apache.ratis.thirdparty.com.google.protobuf.DescriptorProtos$FieldOptions$1
5718:             1             16  org.apache.ratis.thirdparty.com.google.protobuf.DescriptorProtos$FieldOptions$2
5719:             1             16  org.apache.ratis.thirdparty.com.google.protobuf.DescriptorProtos$FileDescriptorProto$1
5720:             1             16  org.apache.ratis.thirdparty.com.google.protobuf.DescriptorProtos$FileOptions$1
5721:             1             16  org.apache.ratis.thirdparty.com.google.protobuf.DescriptorProtos$MessageOptions$1
5722:             1             16  org.apache.ratis.thirdparty.com.google.protobuf.DescriptorProtos$OneofDescriptorProto$1
5723:             1             16  org.apache.ratis.thirdparty.com.google.protobuf.Descriptors$EnumValueDescriptor$1
5724:             1             16  org.apache.ratis.thirdparty.com.google.protobuf.Descriptors$EnumValueDescriptor$2
5725:             1             16  org.apache.ratis.thirdparty.com.google.protobuf.Descriptors$FieldDescriptor$1
5726:             1             16  org.apache.ratis.thirdparty.com.google.protobuf.SmallSortedMap$EmptySet$1
5727:             1             16  org.apache.ratis.thirdparty.com.google.protobuf.SmallSortedMap$EmptySet$2
5728:             1             16  org.apache.ratis.thirdparty.com.google.protobuf.UnknownFieldSet$Parser
5729:             1             16  org.apache.ratis.thirdparty.com.google.protobuf.Utf8$UnsafeProcessor
5730:             1             16  org.apache.ratis.thirdparty.io.grpc.ClientInterceptors$2
5731:             1             16  org.apache.ratis.thirdparty.io.grpc.Codec$Identity
5732:             1             16  org.apache.ratis.thirdparty.io.grpc.Deadline$SystemTicker
5733:             1             16  org.apache.ratis.thirdparty.io.grpc.LoadBalancer$1
5734:             1             16  org.apache.ratis.thirdparty.io.grpc.LoadBalancerProvider$UnknownConfig
5735:             1             16  org.apache.ratis.thirdparty.io.grpc.Metadata$1
5736:             1             16  org.apache.ratis.thirdparty.io.grpc.Metadata$2
5737:             1             16  org.apache.ratis.thirdparty.io.grpc.Status$StatusCodeMarshaller
5738:             1             16  org.apache.ratis.thirdparty.io.grpc.Status$StatusMessageMarshaller
5739:             1             16  org.apache.ratis.thirdparty.io.grpc.ThreadLocalContextStorage
5740:             1             16  org.apache.ratis.thirdparty.io.grpc.internal.CallTracer$1
5741:             1             16  org.apache.ratis.thirdparty.io.grpc.internal.CompositeReadableBuffer$1
5742:             1             16  org.apache.ratis.thirdparty.io.grpc.internal.CompositeReadableBuffer$2
5743:             1             16  org.apache.ratis.thirdparty.io.grpc.internal.CompositeReadableBuffer$3
5744:             1             16  org.apache.ratis.thirdparty.io.grpc.internal.CompositeReadableBuffer$4
5745:             1             16  org.apache.ratis.thirdparty.io.grpc.internal.CompositeReadableBuffer$5
5746:             1             16  org.apache.ratis.thirdparty.io.grpc.internal.DelayedClientCall$8
5747:             1             16  org.apache.ratis.thirdparty.io.grpc.internal.DnsNameResolverProvider
5748:             1             16  org.apache.ratis.thirdparty.io.grpc.internal.GrpcUtil$1
5749:             1             16  org.apache.ratis.thirdparty.io.grpc.internal.GrpcUtil$2
5750:             1             16  org.apache.ratis.thirdparty.io.grpc.internal.GrpcUtil$3
5751:             1             16  org.apache.ratis.thirdparty.io.grpc.internal.GrpcUtil$4
5752:             1             16  org.apache.ratis.thirdparty.io.grpc.internal.GrpcUtil$5
5753:             1             16  org.apache.ratis.thirdparty.io.grpc.internal.GrpcUtil$TimeoutMarshaller
5754:             1             16  org.apache.ratis.thirdparty.io.grpc.internal.Http2ClientStreamTransportState$1
5755:             1             16  org.apache.ratis.thirdparty.io.grpc.internal.JndiResourceResolverFactory
5756:             1             16  org.apache.ratis.thirdparty.io.grpc.internal.KeepAliveEnforcer$SystemTicker
5757:             1             16  org.apache.ratis.thirdparty.io.grpc.internal.ManagedChannelImpl$1
5758:             1             16  org.apache.ratis.thirdparty.io.grpc.internal.ManagedChannelImpl$4
5759:             1             16  org.apache.ratis.thirdparty.io.grpc.internal.NoopClientStream
5760:             1             16  org.apache.ratis.thirdparty.io.grpc.internal.PickFirstLoadBalancerProvider
5761:             1             16  org.apache.ratis.thirdparty.io.grpc.internal.ProxyDetectorImpl$1
5762:             1             16  org.apache.ratis.thirdparty.io.grpc.internal.ProxyDetectorImpl$2
5763:             1             16  org.apache.ratis.thirdparty.io.grpc.internal.ServerImpl$NoopListener
5764:             1             16  org.apache.ratis.thirdparty.io.grpc.internal.ServerImplBuilder$DefaultFallbackRegistry
5765:             1             16  org.apache.ratis.thirdparty.io.grpc.internal.SharedResourceHolder$1
5766:             1             16  org.apache.ratis.thirdparty.io.grpc.internal.TimeProvider$1
5767:             1             16  org.apache.ratis.thirdparty.io.grpc.netty.UdsNameResolverProvider
5768:             1             16  org.apache.ratis.thirdparty.io.grpc.util.OutlierDetectionLoadBalancerProvider
5769:             1             16  org.apache.ratis.thirdparty.io.grpc.util.SecretRoundRobinLoadBalancerProvider$Provider
5770:             1             16  org.apache.ratis.thirdparty.io.netty.buffer.AbstractReferenceCountedByteBuf$1
5771:             1             16  org.apache.ratis.thirdparty.io.netty.buffer.ByteBufUtil$2
5772:             1             16  org.apache.ratis.thirdparty.io.netty.buffer.CompositeByteBuf$1
5773:             1             16  org.apache.ratis.thirdparty.io.netty.buffer.CompositeByteBuf$2
5774:             1             16  org.apache.ratis.thirdparty.io.netty.buffer.PoolThreadCache$MemoryRegionCache$1
5775:             1             16  org.apache.ratis.thirdparty.io.netty.buffer.PooledHeapByteBuf$1
5776:             1             16  org.apache.ratis.thirdparty.io.netty.buffer.PooledSlicedByteBuf$1
5777:             1             16  org.apache.ratis.thirdparty.io.netty.buffer.PooledUnsafeDirectByteBuf$1
5778:             1             16  org.apache.ratis.thirdparty.io.netty.buffer.PooledUnsafeHeapByteBuf$1
5779:             1             16  org.apache.ratis.thirdparty.io.netty.channel.AbstractChannelHandlerContext$WriteTask$1
5780:             1             16  org.apache.ratis.thirdparty.io.netty.channel.ChannelFutureListener$1
5781:             1             16  org.apache.ratis.thirdparty.io.netty.channel.ChannelFutureListener$2
5782:             1             16  org.apache.ratis.thirdparty.io.netty.channel.ChannelFutureListener$3
5783:             1             16  org.apache.ratis.thirdparty.io.netty.channel.ChannelOutboundBuffer$Entry$1
5784:             1             16  org.apache.ratis.thirdparty.io.netty.channel.DefaultSelectStrategy
5785:             1             16  org.apache.ratis.thirdparty.io.netty.channel.DefaultSelectStrategyFactory
5786:             1             16  org.apache.ratis.thirdparty.io.netty.handler.codec.ByteToMessageDecoder$1
5787:             1             16  org.apache.ratis.thirdparty.io.netty.handler.codec.ByteToMessageDecoder$2
5788:             1             16  org.apache.ratis.thirdparty.io.netty.handler.codec.CodecOutputList$1
5789:             1             16  org.apache.ratis.thirdparty.io.netty.handler.codec.DefaultHeaders$NameValidator$1
5790:             1             16  org.apache.ratis.thirdparty.io.netty.handler.codec.DefaultHeaders$ValueValidator$1
5791:             1             16  org.apache.ratis.thirdparty.io.netty.handler.codec.UnsupportedValueConverter
5792:             1             16  org.apache.ratis.thirdparty.io.netty.handler.codec.http2.DefaultHttp2LocalFlowController$2
5793:             1             16  org.apache.ratis.thirdparty.io.netty.handler.codec.http2.Http2ConnectionPrefaceAndSettingsFrameWrittenEvent
5794:             1             16  org.apache.ratis.thirdparty.io.netty.handler.codec.http2.Http2HeadersEncoder$1
5795:             1             16  org.apache.ratis.thirdparty.io.netty.handler.codec.http2.Http2HeadersEncoder$2
5796:             1             16  org.apache.ratis.thirdparty.io.netty.handler.codec.http2.Http2PromisedRequestVerifier$1
5797:             1             16  org.apache.ratis.thirdparty.io.netty.handler.codec.http2.WeightedFairQueueByteDistributor$StateOnlyComparator
5798:             1             16  org.apache.ratis.thirdparty.io.netty.handler.codec.http2.WeightedFairQueueByteDistributor$StatePseudoTimeComparator
5799:             1             16  org.apache.ratis.thirdparty.io.netty.util.AbstractReferenceCounted$1
5800:             1             16  org.apache.ratis.thirdparty.io.netty.util.AsciiString$1
5801:             1             16  org.apache.ratis.thirdparty.io.netty.util.AsciiString$2
5802:             1             16  org.apache.ratis.thirdparty.io.netty.util.Recycler$1
5803:             1             16  org.apache.ratis.thirdparty.io.netty.util.collection.IntCollections$EmptyMap
5804:             1             16  org.apache.ratis.thirdparty.io.netty.util.concurrent.AbstractScheduledEventExecutor$1
5805:             1             16  org.apache.ratis.thirdparty.io.netty.util.concurrent.AbstractScheduledEventExecutor$2
5806:             1             16  org.apache.ratis.thirdparty.io.netty.util.concurrent.DefaultEventExecutorChooserFactory
5807:             1             16  org.apache.ratis.thirdparty.io.netty.util.concurrent.RejectedExecutionHandlers$1
5808:             1             16  org.apache.ratis.thirdparty.io.netty.util.concurrent.SingleThreadEventExecutor$1
5809:             1             16  org.apache.ratis.thirdparty.io.netty.util.internal.CleanerJava6
5810:             1             16  org.apache.ratis.thirdparty.io.netty.util.internal.PlatformDependent$1
5811:             1             16  org.apache.ratis.thirdparty.io.netty.util.internal.PlatformDependent$2
5812:             1             16  org.apache.ratis.thirdparty.io.netty.util.internal.RecyclableArrayList$1
5813:             1             16  org.apache.ratis.thirdparty.io.perfmark.Impl
5814:             1             16  org.apache.ratis.thirdparty.io.perfmark.TaskCloseable
5815:             1             16  org.apache.ratis.util.BatchLogger$$Lambda$1255/437908636
5816:             1             16  org.apache.ratis.util.BatchLogger$$Lambda$1287/1288870042
5817:             1             16  org.apache.ratis.util.JavaUtils$$Lambda$183/1363989824
5818:             1             16  org.apache.ratis.util.JavaUtils$$Lambda$203/361712894
5819:             1             16  org.apache.ratis.util.JvmPauseMonitor$$Lambda$512/2009900903
5820:             1             16  org.apache.ratis.util.JvmPauseMonitor$$Lambda$514/651264537
5821:             1             16  org.apache.ratis.util.JvmPauseMonitor$$Lambda$515/1128326398
5822:             1             16  org.apache.ratis.util.JvmPauseMonitor$Builder$$Lambda$280/1118494797
5823:             1             16  org.apache.ratis.util.LifeCycle$$Lambda$790/1720856698
5824:             1             16  org.apache.ratis.util.ProtoUtils$$Lambda$394/1319424933
5825:             1             16  org.apache.ratis.util.ResourceSemaphore$Group$$Lambda$823/1887418002
5826:             1             16  org.apache.ratis.util.TimeDuration$$Lambda$282/1295803795
5827:             1             16  org.apache.ratis.util.TimeDuration$$Lambda$905/1435039079
5828:             1             16  org.apache.ratis.util.TimeoutTimer$$Lambda$323/475476616
5829:             1             16  org.bouncycastle.jcajce.provider.asymmetric.dsa.KeyFactorySpi
5830:             1             16  org.bouncycastle.jcajce.provider.asymmetric.elgamal.KeyFactorySpi
5831:             1             16  org.bouncycastle.jcajce.provider.asymmetric.gost.KeyFactorySpi
5832:             1             16  org.bouncycastle.jcajce.provider.asymmetric.rsa.KeyFactorySpi
5833:             1             16  org.bouncycastle.pqc.jcajce.provider.lms.LMSKeyFactorySpi
5834:             1             16  org.bouncycastle.pqc.jcajce.provider.mceliece.McElieceCCA2KeyFactorySpi
5835:             1             16  org.bouncycastle.pqc.jcajce.provider.mceliece.McElieceKeyFactorySpi
5836:             1             16  org.bouncycastle.pqc.jcajce.provider.newhope.NHKeyFactorySpi
5837:             1             16  org.bouncycastle.pqc.jcajce.provider.rainbow.RainbowKeyFactorySpi
5838:             1             16  org.bouncycastle.pqc.jcajce.provider.sphincs.Sphincs256KeyFactorySpi
5839:             1             16  org.eclipse.jetty.http.Http1FieldPreEncoder
5840:             1             16  org.eclipse.jetty.http.MimeTypes$$Lambda$561/2024814472
5841:             1             16  org.eclipse.jetty.http.MimeTypes$$Lambda$569/1124987728
5842:             1             16  org.eclipse.jetty.http.QuotedQualityCSV$$Lambda$780/215866108
5843:             1             16  org.eclipse.jetty.http.QuotedQualityCSV$$Lambda$781/1501849074
5844:             1             16  org.eclipse.jetty.http.QuotedQualityCSV$$Lambda$782/928408870
5845:             1             16  org.eclipse.jetty.http.pathmap.MatchedPath$1
5846:             1             16  org.eclipse.jetty.http.pathmap.PathMappings$$Lambda$580/206999441
5847:             1             16  org.eclipse.jetty.security.DefaultIdentityService
5848:             1             16  org.eclipse.jetty.security.SecurityHandler$1
5849:             1             16  org.eclipse.jetty.security.SecurityHandler$2
5850:             1             16  org.eclipse.jetty.server.Authentication$1
5851:             1             16  org.eclipse.jetty.server.Authentication$2
5852:             1             16  org.eclipse.jetty.server.Authentication$3
5853:             1             16  org.eclipse.jetty.server.Authentication$4
5854:             1             16  org.eclipse.jetty.server.Authentication$5
5855:             1             16  org.eclipse.jetty.server.HttpChannel$1
5856:             1             16  org.eclipse.jetty.server.HttpInput$1
5857:             1             16  org.eclipse.jetty.server.HttpInput$2
5858:             1             16  org.eclipse.jetty.server.HttpInput$3
5859:             1             16  org.eclipse.jetty.server.HttpInput$4
5860:             1             16  org.eclipse.jetty.server.HttpInput$5
5861:             1             16  org.eclipse.jetty.server.ResourceService$$Lambda$707/1866191743
5862:             1             16  org.eclipse.jetty.server.ResourceService$$Lambda$708/1077109993
5863:             1             16  org.eclipse.jetty.server.session.SessionHandler$1
5864:             1             16  org.eclipse.jetty.servlet.FilterHolder$$Lambda$584/575506130
5865:             1             16  org.eclipse.jetty.servlet.ServletHandler$$Lambda$581/1893004914
5866:             1             16  org.eclipse.jetty.servlet.ServletHolder$$Lambda$705/1280081260
5867:             1             16  org.eclipse.jetty.util.Callback$1
5868:             1             16  org.eclipse.jetty.util.IO$ClosedIS
5869:             1             16  org.eclipse.jetty.util.IO$NullOS
5870:             1             16  org.eclipse.jetty.util.TypeUtil$$Lambda$698/649316770
5871:             1             16  org.eclipse.jetty.util.TypeUtil$$Lambda$699/1401212518
5872:             1             16  org.eclipse.jetty.util.TypeUtil$$Lambda$700/1799545709
5873:             1             16  org.eclipse.jetty.util.statistic.CounterStatistic$$Lambda$523/356347252
5874:             1             16  org.eclipse.jetty.util.statistic.SampleStatistic$$Lambda$522/620471432
5875:             1             16  org.eclipse.jetty.util.thread.QueuedThreadPool$$Lambda$521/1510333744
5876:             1             16  org.eclipse.jetty.util.thread.ReservedThreadExecutor$1
5877:             1             16  org.eclipse.jetty.util.thread.ThreadPoolBudget$$Lambda$555/1287728562
5878:             1             16  org.eclipse.jetty.util.thread.ThreadPoolBudget$1
5879:             1             16  org.eclipse.jetty.util.thread.TryExecutor$1
5880:             1             16  org.eclipse.jetty.webapp.FragmentConfiguration
5881:             1             16  org.eclipse.jetty.webapp.JettyWebXmlConfiguration
5882:             1             16  org.eclipse.jetty.webapp.MetaInfConfiguration
5883:             1             16  org.eclipse.jetty.webapp.WebXmlConfiguration
5884:             1             16  org.rocksdb.NativeLibraryLoader
5885:             1             16  org.slf4j.helpers.NOPLoggerFactory
5886:             1             16  picocli.CommandLine$Help$ColorScheme$1
5887:             1             16  sun.management.HotSpotDiagnostic
5888:             1             16  sun.misc.ASCIICaseInsensitiveComparator
5889:             1             16  sun.misc.Launcher$Factory
5890:             1             16  sun.misc.Perf
5891:             1             16  sun.misc.Unsafe
5892:             1             16  sun.net.DefaultProgressMeteringPolicy
5893:             1             16  sun.net.ExtendedOptionsImpl$$Lambda$91/130850024
5894:             1             16  sun.net.spi.DefaultProxySelector
5895:             1             16  sun.net.www.protocol.file.Handler
5896:             1             16  sun.net.www.protocol.jar.JarFileFactory
5897:             1             16  sun.nio.ch.EPollSelectorProvider
5898:             1             16  sun.nio.ch.ExtendedSocketOption$1
5899:             1             16  sun.nio.ch.FileChannelImpl$1
5900:             1             16  sun.nio.ch.Net$1
5901:             1             16  sun.reflect.GeneratedConstructorAccessor1
5902:             1             16  sun.reflect.GeneratedConstructorAccessor10
5903:             1             16  sun.reflect.GeneratedConstructorAccessor11
5904:             1             16  sun.reflect.GeneratedConstructorAccessor12
5905:             1             16  sun.reflect.GeneratedConstructorAccessor13
5906:             1             16  sun.reflect.GeneratedConstructorAccessor14
5907:             1             16  sun.reflect.GeneratedConstructorAccessor15
5908:             1             16  sun.reflect.GeneratedConstructorAccessor16
5909:             1             16  sun.reflect.GeneratedConstructorAccessor17
5910:             1             16  sun.reflect.GeneratedConstructorAccessor18
5911:             1             16  sun.reflect.GeneratedConstructorAccessor19
5912:             1             16  sun.reflect.GeneratedConstructorAccessor2
5913:             1             16  sun.reflect.GeneratedConstructorAccessor20
5914:             1             16  sun.reflect.GeneratedConstructorAccessor21
5915:             1             16  sun.reflect.GeneratedConstructorAccessor22
5916:             1             16  sun.reflect.GeneratedConstructorAccessor23
5917:             1             16  sun.reflect.GeneratedConstructorAccessor24
5918:             1             16  sun.reflect.GeneratedConstructorAccessor25
5919:             1             16  sun.reflect.GeneratedConstructorAccessor26
5920:             1             16  sun.reflect.GeneratedConstructorAccessor27
5921:             1             16  sun.reflect.GeneratedConstructorAccessor28
5922:             1             16  sun.reflect.GeneratedConstructorAccessor29
5923:             1             16  sun.reflect.GeneratedConstructorAccessor3
5924:             1             16  sun.reflect.GeneratedConstructorAccessor30
5925:             1             16  sun.reflect.GeneratedConstructorAccessor31
5926:             1             16  sun.reflect.GeneratedConstructorAccessor32
5927:             1             16  sun.reflect.GeneratedConstructorAccessor33
5928:             1             16  sun.reflect.GeneratedConstructorAccessor34
5929:             1             16  sun.reflect.GeneratedConstructorAccessor35
5930:             1             16  sun.reflect.GeneratedConstructorAccessor36
5931:             1             16  sun.reflect.GeneratedConstructorAccessor37
5932:             1             16  sun.reflect.GeneratedConstructorAccessor38
5933:             1             16  sun.reflect.GeneratedConstructorAccessor4
5934:             1             16  sun.reflect.GeneratedConstructorAccessor44
5935:             1             16  sun.reflect.GeneratedConstructorAccessor5
5936:             1             16  sun.reflect.GeneratedConstructorAccessor58
5937:             1             16  sun.reflect.GeneratedConstructorAccessor6
5938:             1             16  sun.reflect.GeneratedConstructorAccessor64
5939:             1             16  sun.reflect.GeneratedConstructorAccessor67
5940:             1             16  sun.reflect.GeneratedConstructorAccessor68
5941:             1             16  sun.reflect.GeneratedConstructorAccessor69
5942:             1             16  sun.reflect.GeneratedConstructorAccessor7
5943:             1             16  sun.reflect.GeneratedConstructorAccessor71
5944:             1             16  sun.reflect.GeneratedConstructorAccessor72
5945:             1             16  sun.reflect.GeneratedConstructorAccessor8
5946:             1             16  sun.reflect.GeneratedConstructorAccessor9
5947:             1             16  sun.reflect.GeneratedMethodAccessor1
5948:             1             16  sun.reflect.GeneratedMethodAccessor10
5949:             1             16  sun.reflect.GeneratedMethodAccessor100
5950:             1             16  sun.reflect.GeneratedMethodAccessor1009
5951:             1             16  sun.reflect.GeneratedMethodAccessor101
5952:             1             16  sun.reflect.GeneratedMethodAccessor1017
5953:             1             16  sun.reflect.GeneratedMethodAccessor1018
5954:             1             16  sun.reflect.GeneratedMethodAccessor1019
5955:             1             16  sun.reflect.GeneratedMethodAccessor102
5956:             1             16  sun.reflect.GeneratedMethodAccessor1020
5957:             1             16  sun.reflect.GeneratedMethodAccessor1021
5958:             1             16  sun.reflect.GeneratedMethodAccessor1022
5959:             1             16  sun.reflect.GeneratedMethodAccessor1023
5960:             1             16  sun.reflect.GeneratedMethodAccessor1024
5961:             1             16  sun.reflect.GeneratedMethodAccessor1025
5962:             1             16  sun.reflect.GeneratedMethodAccessor1026
5963:             1             16  sun.reflect.GeneratedMethodAccessor1027
5964:             1             16  sun.reflect.GeneratedMethodAccessor1028
5965:             1             16  sun.reflect.GeneratedMethodAccessor1029
5966:             1             16  sun.reflect.GeneratedMethodAccessor103
5967:             1             16  sun.reflect.GeneratedMethodAccessor1030
5968:             1             16  sun.reflect.GeneratedMethodAccessor1031
5969:             1             16  sun.reflect.GeneratedMethodAccessor1032
5970:             1             16  sun.reflect.GeneratedMethodAccessor1033
5971:             1             16  sun.reflect.GeneratedMethodAccessor1034
5972:             1             16  sun.reflect.GeneratedMethodAccessor1035
5973:             1             16  sun.reflect.GeneratedMethodAccessor1036
5974:             1             16  sun.reflect.GeneratedMethodAccessor1037
5975:             1             16  sun.reflect.GeneratedMethodAccessor1038
5976:             1             16  sun.reflect.GeneratedMethodAccessor1039
5977:             1             16  sun.reflect.GeneratedMethodAccessor104
5978:             1             16  sun.reflect.GeneratedMethodAccessor1040
5979:             1             16  sun.reflect.GeneratedMethodAccessor1041
5980:             1             16  sun.reflect.GeneratedMethodAccessor1042
5981:             1             16  sun.reflect.GeneratedMethodAccessor1043
5982:             1             16  sun.reflect.GeneratedMethodAccessor1044
5983:             1             16  sun.reflect.GeneratedMethodAccessor1045
5984:             1             16  sun.reflect.GeneratedMethodAccessor1046
5985:             1             16  sun.reflect.GeneratedMethodAccessor1047
5986:             1             16  sun.reflect.GeneratedMethodAccessor1048
5987:             1             16  sun.reflect.GeneratedMethodAccessor1049
5988:             1             16  sun.reflect.GeneratedMethodAccessor105
5989:             1             16  sun.reflect.GeneratedMethodAccessor1050
5990:             1             16  sun.reflect.GeneratedMethodAccessor1051
5991:             1             16  sun.reflect.GeneratedMethodAccessor1052
5992:             1             16  sun.reflect.GeneratedMethodAccessor1053
5993:             1             16  sun.reflect.GeneratedMethodAccessor1054
5994:             1             16  sun.reflect.GeneratedMethodAccessor1055
5995:             1             16  sun.reflect.GeneratedMethodAccessor1056
5996:             1             16  sun.reflect.GeneratedMethodAccessor1057
5997:             1             16  sun.reflect.GeneratedMethodAccessor1058
5998:             1             16  sun.reflect.GeneratedMethodAccessor1059
5999:             1             16  sun.reflect.GeneratedMethodAccessor106
6000:             1             16  sun.reflect.GeneratedMethodAccessor1060
6001:             1             16  sun.reflect.GeneratedMethodAccessor1061
6002:             1             16  sun.reflect.GeneratedMethodAccessor1062
6003:             1             16  sun.reflect.GeneratedMethodAccessor1063
6004:             1             16  sun.reflect.GeneratedMethodAccessor1064
6005:             1             16  sun.reflect.GeneratedMethodAccessor1065
6006:             1             16  sun.reflect.GeneratedMethodAccessor1066
6007:             1             16  sun.reflect.GeneratedMethodAccessor1067
6008:             1             16  sun.reflect.GeneratedMethodAccessor1068
6009:             1             16  sun.reflect.GeneratedMethodAccessor1069
6010:             1             16  sun.reflect.GeneratedMethodAccessor107
6011:             1             16  sun.reflect.GeneratedMethodAccessor1070
6012:             1             16  sun.reflect.GeneratedMethodAccessor1071
6013:             1             16  sun.reflect.GeneratedMethodAccessor1072
6014:             1             16  sun.reflect.GeneratedMethodAccessor1073
6015:             1             16  sun.reflect.GeneratedMethodAccessor1074
6016:             1             16  sun.reflect.GeneratedMethodAccessor1075
6017:             1             16  sun.reflect.GeneratedMethodAccessor1076
6018:             1             16  sun.reflect.GeneratedMethodAccessor1077
6019:             1             16  sun.reflect.GeneratedMethodAccessor1078
6020:             1             16  sun.reflect.GeneratedMethodAccessor1079
6021:             1             16  sun.reflect.GeneratedMethodAccessor108
6022:             1             16  sun.reflect.GeneratedMethodAccessor1080
6023:             1             16  sun.reflect.GeneratedMethodAccessor1081
6024:             1             16  sun.reflect.GeneratedMethodAccessor1082
6025:             1             16  sun.reflect.GeneratedMethodAccessor1083
6026:             1             16  sun.reflect.GeneratedMethodAccessor1084
6027:             1             16  sun.reflect.GeneratedMethodAccessor1085
6028:             1             16  sun.reflect.GeneratedMethodAccessor1086
6029:             1             16  sun.reflect.GeneratedMethodAccessor1087
6030:             1             16  sun.reflect.GeneratedMethodAccessor1088
6031:             1             16  sun.reflect.GeneratedMethodAccessor1089
6032:             1             16  sun.reflect.GeneratedMethodAccessor109
6033:             1             16  sun.reflect.GeneratedMethodAccessor1090
6034:             1             16  sun.reflect.GeneratedMethodAccessor1091
6035:             1             16  sun.reflect.GeneratedMethodAccessor1092
6036:             1             16  sun.reflect.GeneratedMethodAccessor1093
6037:             1             16  sun.reflect.GeneratedMethodAccessor1094
6038:             1             16  sun.reflect.GeneratedMethodAccessor1095
6039:             1             16  sun.reflect.GeneratedMethodAccessor1096
6040:             1             16  sun.reflect.GeneratedMethodAccessor1097
6041:             1             16  sun.reflect.GeneratedMethodAccessor1098
6042:             1             16  sun.reflect.GeneratedMethodAccessor1099
6043:             1             16  sun.reflect.GeneratedMethodAccessor11
6044:             1             16  sun.reflect.GeneratedMethodAccessor110
6045:             1             16  sun.reflect.GeneratedMethodAccessor1100
6046:             1             16  sun.reflect.GeneratedMethodAccessor1101
6047:             1             16  sun.reflect.GeneratedMethodAccessor1102
6048:             1             16  sun.reflect.GeneratedMethodAccessor1103
6049:             1             16  sun.reflect.GeneratedMethodAccessor1104
6050:             1             16  sun.reflect.GeneratedMethodAccessor1105
6051:             1             16  sun.reflect.GeneratedMethodAccessor1106
6052:             1             16  sun.reflect.GeneratedMethodAccessor1107
6053:             1             16  sun.reflect.GeneratedMethodAccessor1108
6054:             1             16  sun.reflect.GeneratedMethodAccessor1109
6055:             1             16  sun.reflect.GeneratedMethodAccessor111
6056:             1             16  sun.reflect.GeneratedMethodAccessor1110
6057:             1             16  sun.reflect.GeneratedMethodAccessor1111
6058:             1             16  sun.reflect.GeneratedMethodAccessor1112
6059:             1             16  sun.reflect.GeneratedMethodAccessor1113
6060:             1             16  sun.reflect.GeneratedMethodAccessor1114
6061:             1             16  sun.reflect.GeneratedMethodAccessor1115
6062:             1             16  sun.reflect.GeneratedMethodAccessor1116
6063:             1             16  sun.reflect.GeneratedMethodAccessor1117
6064:             1             16  sun.reflect.GeneratedMethodAccessor1118
6065:             1             16  sun.reflect.GeneratedMethodAccessor1119
6066:             1             16  sun.reflect.GeneratedMethodAccessor112
6067:             1             16  sun.reflect.GeneratedMethodAccessor1120
6068:             1             16  sun.reflect.GeneratedMethodAccessor1121
6069:             1             16  sun.reflect.GeneratedMethodAccessor1122
6070:             1             16  sun.reflect.GeneratedMethodAccessor1123
6071:             1             16  sun.reflect.GeneratedMethodAccessor1124
6072:             1             16  sun.reflect.GeneratedMethodAccessor1125
6073:             1             16  sun.reflect.GeneratedMethodAccessor1126
6074:             1             16  sun.reflect.GeneratedMethodAccessor1127
6075:             1             16  sun.reflect.GeneratedMethodAccessor1128
6076:             1             16  sun.reflect.GeneratedMethodAccessor1129
6077:             1             16  sun.reflect.GeneratedMethodAccessor113
6078:             1             16  sun.reflect.GeneratedMethodAccessor1130
6079:             1             16  sun.reflect.GeneratedMethodAccessor1131
6080:             1             16  sun.reflect.GeneratedMethodAccessor1132
6081:             1             16  sun.reflect.GeneratedMethodAccessor1133
6082:             1             16  sun.reflect.GeneratedMethodAccessor1134
6083:             1             16  sun.reflect.GeneratedMethodAccessor1135
6084:             1             16  sun.reflect.GeneratedMethodAccessor1136
6085:             1             16  sun.reflect.GeneratedMethodAccessor1137
6086:             1             16  sun.reflect.GeneratedMethodAccessor1138
6087:             1             16  sun.reflect.GeneratedMethodAccessor1139
6088:             1             16  sun.reflect.GeneratedMethodAccessor114
6089:             1             16  sun.reflect.GeneratedMethodAccessor1140
6090:             1             16  sun.reflect.GeneratedMethodAccessor1141
6091:             1             16  sun.reflect.GeneratedMethodAccessor1142
6092:             1             16  sun.reflect.GeneratedMethodAccessor1143
6093:             1             16  sun.reflect.GeneratedMethodAccessor1144
6094:             1             16  sun.reflect.GeneratedMethodAccessor1145
6095:             1             16  sun.reflect.GeneratedMethodAccessor1146
6096:             1             16  sun.reflect.GeneratedMethodAccessor1147
6097:             1             16  sun.reflect.GeneratedMethodAccessor1148
6098:             1             16  sun.reflect.GeneratedMethodAccessor1149
6099:             1             16  sun.reflect.GeneratedMethodAccessor115
6100:             1             16  sun.reflect.GeneratedMethodAccessor1150
6101:             1             16  sun.reflect.GeneratedMethodAccessor1151
6102:             1             16  sun.reflect.GeneratedMethodAccessor1152
6103:             1             16  sun.reflect.GeneratedMethodAccessor1153
6104:             1             16  sun.reflect.GeneratedMethodAccessor1154
6105:             1             16  sun.reflect.GeneratedMethodAccessor1155
6106:             1             16  sun.reflect.GeneratedMethodAccessor1156
6107:             1             16  sun.reflect.GeneratedMethodAccessor1157
6108:             1             16  sun.reflect.GeneratedMethodAccessor1158
6109:             1             16  sun.reflect.GeneratedMethodAccessor1159
6110:             1             16  sun.reflect.GeneratedMethodAccessor116
6111:             1             16  sun.reflect.GeneratedMethodAccessor1160
6112:             1             16  sun.reflect.GeneratedMethodAccessor1161
6113:             1             16  sun.reflect.GeneratedMethodAccessor117
6114:             1             16  sun.reflect.GeneratedMethodAccessor118
6115:             1             16  sun.reflect.GeneratedMethodAccessor119
6116:             1             16  sun.reflect.GeneratedMethodAccessor12
6117:             1             16  sun.reflect.GeneratedMethodAccessor120
6118:             1             16  sun.reflect.GeneratedMethodAccessor121
6119:             1             16  sun.reflect.GeneratedMethodAccessor122
6120:             1             16  sun.reflect.GeneratedMethodAccessor123
6121:             1             16  sun.reflect.GeneratedMethodAccessor124
6122:             1             16  sun.reflect.GeneratedMethodAccessor125
6123:             1             16  sun.reflect.GeneratedMethodAccessor126
6124:             1             16  sun.reflect.GeneratedMethodAccessor127
6125:             1             16  sun.reflect.GeneratedMethodAccessor128
6126:             1             16  sun.reflect.GeneratedMethodAccessor129
6127:             1             16  sun.reflect.GeneratedMethodAccessor13
6128:             1             16  sun.reflect.GeneratedMethodAccessor130
6129:             1             16  sun.reflect.GeneratedMethodAccessor131
6130:             1             16  sun.reflect.GeneratedMethodAccessor132
6131:             1             16  sun.reflect.GeneratedMethodAccessor133
6132:             1             16  sun.reflect.GeneratedMethodAccessor134
6133:             1             16  sun.reflect.GeneratedMethodAccessor135
6134:             1             16  sun.reflect.GeneratedMethodAccessor136
6135:             1             16  sun.reflect.GeneratedMethodAccessor137
6136:             1             16  sun.reflect.GeneratedMethodAccessor138
6137:             1             16  sun.reflect.GeneratedMethodAccessor139
6138:             1             16  sun.reflect.GeneratedMethodAccessor14
6139:             1             16  sun.reflect.GeneratedMethodAccessor140
6140:             1             16  sun.reflect.GeneratedMethodAccessor141
6141:             1             16  sun.reflect.GeneratedMethodAccessor142
6142:             1             16  sun.reflect.GeneratedMethodAccessor143
6143:             1             16  sun.reflect.GeneratedMethodAccessor144
6144:             1             16  sun.reflect.GeneratedMethodAccessor145
6145:             1             16  sun.reflect.GeneratedMethodAccessor146
6146:             1             16  sun.reflect.GeneratedMethodAccessor147
6147:             1             16  sun.reflect.GeneratedMethodAccessor148
6148:             1             16  sun.reflect.GeneratedMethodAccessor149
6149:             1             16  sun.reflect.GeneratedMethodAccessor15
6150:             1             16  sun.reflect.GeneratedMethodAccessor150
6151:             1             16  sun.reflect.GeneratedMethodAccessor151
6152:             1             16  sun.reflect.GeneratedMethodAccessor152
6153:             1             16  sun.reflect.GeneratedMethodAccessor153
6154:             1             16  sun.reflect.GeneratedMethodAccessor154
6155:             1             16  sun.reflect.GeneratedMethodAccessor155
6156:             1             16  sun.reflect.GeneratedMethodAccessor156
6157:             1             16  sun.reflect.GeneratedMethodAccessor157
6158:             1             16  sun.reflect.GeneratedMethodAccessor158
6159:             1             16  sun.reflect.GeneratedMethodAccessor159
6160:             1             16  sun.reflect.GeneratedMethodAccessor16
6161:             1             16  sun.reflect.GeneratedMethodAccessor160
6162:             1             16  sun.reflect.GeneratedMethodAccessor161
6163:             1             16  sun.reflect.GeneratedMethodAccessor162
6164:             1             16  sun.reflect.GeneratedMethodAccessor163
6165:             1             16  sun.reflect.GeneratedMethodAccessor164
6166:             1             16  sun.reflect.GeneratedMethodAccessor165
6167:             1             16  sun.reflect.GeneratedMethodAccessor166
6168:             1             16  sun.reflect.GeneratedMethodAccessor167
6169:             1             16  sun.reflect.GeneratedMethodAccessor168
6170:             1             16  sun.reflect.GeneratedMethodAccessor169
6171:             1             16  sun.reflect.GeneratedMethodAccessor17
6172:             1             16  sun.reflect.GeneratedMethodAccessor170
6173:             1             16  sun.reflect.GeneratedMethodAccessor171
6174:             1             16  sun.reflect.GeneratedMethodAccessor172
6175:             1             16  sun.reflect.GeneratedMethodAccessor173
6176:             1             16  sun.reflect.GeneratedMethodAccessor18
6177:             1             16  sun.reflect.GeneratedMethodAccessor183
6178:             1             16  sun.reflect.GeneratedMethodAccessor19
6179:             1             16  sun.reflect.GeneratedMethodAccessor193
6180:             1             16  sun.reflect.GeneratedMethodAccessor2
6181:             1             16  sun.reflect.GeneratedMethodAccessor20
6182:             1             16  sun.reflect.GeneratedMethodAccessor205
6183:             1             16  sun.reflect.GeneratedMethodAccessor208
6184:             1             16  sun.reflect.GeneratedMethodAccessor21
6185:             1             16  sun.reflect.GeneratedMethodAccessor215
6186:             1             16  sun.reflect.GeneratedMethodAccessor217
6187:             1             16  sun.reflect.GeneratedMethodAccessor22
6188:             1             16  sun.reflect.GeneratedMethodAccessor227
6189:             1             16  sun.reflect.GeneratedMethodAccessor23
6190:             1             16  sun.reflect.GeneratedMethodAccessor235
6191:             1             16  sun.reflect.GeneratedMethodAccessor237
6192:             1             16  sun.reflect.GeneratedMethodAccessor238
6193:             1             16  sun.reflect.GeneratedMethodAccessor24
6194:             1             16  sun.reflect.GeneratedMethodAccessor243
6195:             1             16  sun.reflect.GeneratedMethodAccessor246
6196:             1             16  sun.reflect.GeneratedMethodAccessor247
6197:             1             16  sun.reflect.GeneratedMethodAccessor25
6198:             1             16  sun.reflect.GeneratedMethodAccessor251
6199:             1             16  sun.reflect.GeneratedMethodAccessor254
6200:             1             16  sun.reflect.GeneratedMethodAccessor26
6201:             1             16  sun.reflect.GeneratedMethodAccessor261
6202:             1             16  sun.reflect.GeneratedMethodAccessor265
6203:             1             16  sun.reflect.GeneratedMethodAccessor268
6204:             1             16  sun.reflect.GeneratedMethodAccessor27
6205:             1             16  sun.reflect.GeneratedMethodAccessor28
6206:             1             16  sun.reflect.GeneratedMethodAccessor280
6207:             1             16  sun.reflect.GeneratedMethodAccessor281
6208:             1             16  sun.reflect.GeneratedMethodAccessor283
6209:             1             16  sun.reflect.GeneratedMethodAccessor29
6210:             1             16  sun.reflect.GeneratedMethodAccessor292
6211:             1             16  sun.reflect.GeneratedMethodAccessor296
6212:             1             16  sun.reflect.GeneratedMethodAccessor3
6213:             1             16  sun.reflect.GeneratedMethodAccessor30
6214:             1             16  sun.reflect.GeneratedMethodAccessor301
6215:             1             16  sun.reflect.GeneratedMethodAccessor308
6216:             1             16  sun.reflect.GeneratedMethodAccessor31
6217:             1             16  sun.reflect.GeneratedMethodAccessor310
6218:             1             16  sun.reflect.GeneratedMethodAccessor312
6219:             1             16  sun.reflect.GeneratedMethodAccessor316
6220:             1             16  sun.reflect.GeneratedMethodAccessor32
6221:             1             16  sun.reflect.GeneratedMethodAccessor323
6222:             1             16  sun.reflect.GeneratedMethodAccessor327
6223:             1             16  sun.reflect.GeneratedMethodAccessor329
6224:             1             16  sun.reflect.GeneratedMethodAccessor33
6225:             1             16  sun.reflect.GeneratedMethodAccessor334
6226:             1             16  sun.reflect.GeneratedMethodAccessor338
6227:             1             16  sun.reflect.GeneratedMethodAccessor34
6228:             1             16  sun.reflect.GeneratedMethodAccessor343
6229:             1             16  sun.reflect.GeneratedMethodAccessor347
6230:             1             16  sun.reflect.GeneratedMethodAccessor35
6231:             1             16  sun.reflect.GeneratedMethodAccessor350
6232:             1             16  sun.reflect.GeneratedMethodAccessor352
6233:             1             16  sun.reflect.GeneratedMethodAccessor357
6234:             1             16  sun.reflect.GeneratedMethodAccessor36
6235:             1             16  sun.reflect.GeneratedMethodAccessor363
6236:             1             16  sun.reflect.GeneratedMethodAccessor364
6237:             1             16  sun.reflect.GeneratedMethodAccessor368
6238:             1             16  sun.reflect.GeneratedMethodAccessor37
6239:             1             16  sun.reflect.GeneratedMethodAccessor371
6240:             1             16  sun.reflect.GeneratedMethodAccessor377
6241:             1             16  sun.reflect.GeneratedMethodAccessor38
6242:             1             16  sun.reflect.GeneratedMethodAccessor382
6243:             1             16  sun.reflect.GeneratedMethodAccessor383
6244:             1             16  sun.reflect.GeneratedMethodAccessor39
6245:             1             16  sun.reflect.GeneratedMethodAccessor392
6246:             1             16  sun.reflect.GeneratedMethodAccessor394
6247:             1             16  sun.reflect.GeneratedMethodAccessor4
6248:             1             16  sun.reflect.GeneratedMethodAccessor40
6249:             1             16  sun.reflect.GeneratedMethodAccessor402
6250:             1             16  sun.reflect.GeneratedMethodAccessor403
6251:             1             16  sun.reflect.GeneratedMethodAccessor407
6252:             1             16  sun.reflect.GeneratedMethodAccessor409
6253:             1             16  sun.reflect.GeneratedMethodAccessor41
6254:             1             16  sun.reflect.GeneratedMethodAccessor417
6255:             1             16  sun.reflect.GeneratedMethodAccessor42
6256:             1             16  sun.reflect.GeneratedMethodAccessor425
6257:             1             16  sun.reflect.GeneratedMethodAccessor428
6258:             1             16  sun.reflect.GeneratedMethodAccessor429
6259:             1             16  sun.reflect.GeneratedMethodAccessor43
6260:             1             16  sun.reflect.GeneratedMethodAccessor432
6261:             1             16  sun.reflect.GeneratedMethodAccessor435
6262:             1             16  sun.reflect.GeneratedMethodAccessor44
6263:             1             16  sun.reflect.GeneratedMethodAccessor444
6264:             1             16  sun.reflect.GeneratedMethodAccessor445
6265:             1             16  sun.reflect.GeneratedMethodAccessor446
6266:             1             16  sun.reflect.GeneratedMethodAccessor449
6267:             1             16  sun.reflect.GeneratedMethodAccessor45
6268:             1             16  sun.reflect.GeneratedMethodAccessor453
6269:             1             16  sun.reflect.GeneratedMethodAccessor456
6270:             1             16  sun.reflect.GeneratedMethodAccessor457
6271:             1             16  sun.reflect.GeneratedMethodAccessor46
6272:             1             16  sun.reflect.GeneratedMethodAccessor464
6273:             1             16  sun.reflect.GeneratedMethodAccessor469
6274:             1             16  sun.reflect.GeneratedMethodAccessor47
6275:             1             16  sun.reflect.GeneratedMethodAccessor470
6276:             1             16  sun.reflect.GeneratedMethodAccessor472
6277:             1             16  sun.reflect.GeneratedMethodAccessor473
6278:             1             16  sun.reflect.GeneratedMethodAccessor479
6279:             1             16  sun.reflect.GeneratedMethodAccessor48
6280:             1             16  sun.reflect.GeneratedMethodAccessor483
6281:             1             16  sun.reflect.GeneratedMethodAccessor488
6282:             1             16  sun.reflect.GeneratedMethodAccessor489
6283:             1             16  sun.reflect.GeneratedMethodAccessor49
6284:             1             16  sun.reflect.GeneratedMethodAccessor490
6285:             1             16  sun.reflect.GeneratedMethodAccessor5
6286:             1             16  sun.reflect.GeneratedMethodAccessor50
6287:             1             16  sun.reflect.GeneratedMethodAccessor501
6288:             1             16  sun.reflect.GeneratedMethodAccessor505
6289:             1             16  sun.reflect.GeneratedMethodAccessor51
6290:             1             16  sun.reflect.GeneratedMethodAccessor510
6291:             1             16  sun.reflect.GeneratedMethodAccessor515
6292:             1             16  sun.reflect.GeneratedMethodAccessor52
6293:             1             16  sun.reflect.GeneratedMethodAccessor523
6294:             1             16  sun.reflect.GeneratedMethodAccessor526
6295:             1             16  sun.reflect.GeneratedMethodAccessor53
6296:             1             16  sun.reflect.GeneratedMethodAccessor532
6297:             1             16  sun.reflect.GeneratedMethodAccessor534
6298:             1             16  sun.reflect.GeneratedMethodAccessor54
6299:             1             16  sun.reflect.GeneratedMethodAccessor543
6300:             1             16  sun.reflect.GeneratedMethodAccessor544
6301:             1             16  sun.reflect.GeneratedMethodAccessor549
6302:             1             16  sun.reflect.GeneratedMethodAccessor55
6303:             1             16  sun.reflect.GeneratedMethodAccessor56
6304:             1             16  sun.reflect.GeneratedMethodAccessor560
6305:             1             16  sun.reflect.GeneratedMethodAccessor561
6306:             1             16  sun.reflect.GeneratedMethodAccessor565
6307:             1             16  sun.reflect.GeneratedMethodAccessor567
6308:             1             16  sun.reflect.GeneratedMethodAccessor57
6309:             1             16  sun.reflect.GeneratedMethodAccessor58
6310:             1             16  sun.reflect.GeneratedMethodAccessor582
6311:             1             16  sun.reflect.GeneratedMethodAccessor584
6312:             1             16  sun.reflect.GeneratedMethodAccessor59
6313:             1             16  sun.reflect.GeneratedMethodAccessor594
6314:             1             16  sun.reflect.GeneratedMethodAccessor6
6315:             1             16  sun.reflect.GeneratedMethodAccessor60
6316:             1             16  sun.reflect.GeneratedMethodAccessor605
6317:             1             16  sun.reflect.GeneratedMethodAccessor61
6318:             1             16  sun.reflect.GeneratedMethodAccessor614
6319:             1             16  sun.reflect.GeneratedMethodAccessor617
6320:             1             16  sun.reflect.GeneratedMethodAccessor62
6321:             1             16  sun.reflect.GeneratedMethodAccessor626
6322:             1             16  sun.reflect.GeneratedMethodAccessor63
6323:             1             16  sun.reflect.GeneratedMethodAccessor635
6324:             1             16  sun.reflect.GeneratedMethodAccessor638
6325:             1             16  sun.reflect.GeneratedMethodAccessor64
6326:             1             16  sun.reflect.GeneratedMethodAccessor65
6327:             1             16  sun.reflect.GeneratedMethodAccessor653
6328:             1             16  sun.reflect.GeneratedMethodAccessor66
6329:             1             16  sun.reflect.GeneratedMethodAccessor660
6330:             1             16  sun.reflect.GeneratedMethodAccessor663
6331:             1             16  sun.reflect.GeneratedMethodAccessor665
6332:             1             16  sun.reflect.GeneratedMethodAccessor67
6333:             1             16  sun.reflect.GeneratedMethodAccessor673
6334:             1             16  sun.reflect.GeneratedMethodAccessor68
6335:             1             16  sun.reflect.GeneratedMethodAccessor680
6336:             1             16  sun.reflect.GeneratedMethodAccessor689
6337:             1             16  sun.reflect.GeneratedMethodAccessor69
6338:             1             16  sun.reflect.GeneratedMethodAccessor696
6339:             1             16  sun.reflect.GeneratedMethodAccessor7
6340:             1             16  sun.reflect.GeneratedMethodAccessor70
6341:             1             16  sun.reflect.GeneratedMethodAccessor707
6342:             1             16  sun.reflect.GeneratedMethodAccessor71
6343:             1             16  sun.reflect.GeneratedMethodAccessor72
6344:             1             16  sun.reflect.GeneratedMethodAccessor721
6345:             1             16  sun.reflect.GeneratedMethodAccessor727
6346:             1             16  sun.reflect.GeneratedMethodAccessor73
6347:             1             16  sun.reflect.GeneratedMethodAccessor735
6348:             1             16  sun.reflect.GeneratedMethodAccessor74
6349:             1             16  sun.reflect.GeneratedMethodAccessor748
6350:             1             16  sun.reflect.GeneratedMethodAccessor749
6351:             1             16  sun.reflect.GeneratedMethodAccessor75
6352:             1             16  sun.reflect.GeneratedMethodAccessor751
6353:             1             16  sun.reflect.GeneratedMethodAccessor758
6354:             1             16  sun.reflect.GeneratedMethodAccessor76
6355:             1             16  sun.reflect.GeneratedMethodAccessor764
6356:             1             16  sun.reflect.GeneratedMethodAccessor77
6357:             1             16  sun.reflect.GeneratedMethodAccessor78
6358:             1             16  sun.reflect.GeneratedMethodAccessor781
6359:             1             16  sun.reflect.GeneratedMethodAccessor79
6360:             1             16  sun.reflect.GeneratedMethodAccessor792
6361:             1             16  sun.reflect.GeneratedMethodAccessor793
6362:             1             16  sun.reflect.GeneratedMethodAccessor8
6363:             1             16  sun.reflect.GeneratedMethodAccessor80
6364:             1             16  sun.reflect.GeneratedMethodAccessor81
6365:             1             16  sun.reflect.GeneratedMethodAccessor817
6366:             1             16  sun.reflect.GeneratedMethodAccessor82
6367:             1             16  sun.reflect.GeneratedMethodAccessor83
6368:             1             16  sun.reflect.GeneratedMethodAccessor835
6369:             1             16  sun.reflect.GeneratedMethodAccessor838
6370:             1             16  sun.reflect.GeneratedMethodAccessor84
6371:             1             16  sun.reflect.GeneratedMethodAccessor85
6372:             1             16  sun.reflect.GeneratedMethodAccessor86
6373:             1             16  sun.reflect.GeneratedMethodAccessor863
6374:             1             16  sun.reflect.GeneratedMethodAccessor87
6375:             1             16  sun.reflect.GeneratedMethodAccessor871
6376:             1             16  sun.reflect.GeneratedMethodAccessor878
6377:             1             16  sun.reflect.GeneratedMethodAccessor88
6378:             1             16  sun.reflect.GeneratedMethodAccessor884
6379:             1             16  sun.reflect.GeneratedMethodAccessor89
6380:             1             16  sun.reflect.GeneratedMethodAccessor897
6381:             1             16  sun.reflect.GeneratedMethodAccessor9
6382:             1             16  sun.reflect.GeneratedMethodAccessor90
6383:             1             16  sun.reflect.GeneratedMethodAccessor902
6384:             1             16  sun.reflect.GeneratedMethodAccessor908
6385:             1             16  sun.reflect.GeneratedMethodAccessor91
6386:             1             16  sun.reflect.GeneratedMethodAccessor919
6387:             1             16  sun.reflect.GeneratedMethodAccessor92
6388:             1             16  sun.reflect.GeneratedMethodAccessor921
6389:             1             16  sun.reflect.GeneratedMethodAccessor922
6390:             1             16  sun.reflect.GeneratedMethodAccessor93
6391:             1             16  sun.reflect.GeneratedMethodAccessor94
6392:             1             16  sun.reflect.GeneratedMethodAccessor942
6393:             1             16  sun.reflect.GeneratedMethodAccessor948
6394:             1             16  sun.reflect.GeneratedMethodAccessor95
6395:             1             16  sun.reflect.GeneratedMethodAccessor950
6396:             1             16  sun.reflect.GeneratedMethodAccessor956
6397:             1             16  sun.reflect.GeneratedMethodAccessor957
6398:             1             16  sun.reflect.GeneratedMethodAccessor96
6399:             1             16  sun.reflect.GeneratedMethodAccessor97
6400:             1             16  sun.reflect.GeneratedMethodAccessor976
6401:             1             16  sun.reflect.GeneratedMethodAccessor98
6402:             1             16  sun.reflect.GeneratedMethodAccessor989
6403:             1             16  sun.reflect.GeneratedMethodAccessor99
6404:             1             16  sun.reflect.GeneratedMethodAccessor992
6405:             1             16  sun.reflect.ReflectionFactory
6406:             1             16  sun.reflect.generics.tree.BottomSignature
6407:             1             16  sun.reflect.generics.tree.ByteSignature
6408:             1             16  sun.reflect.generics.tree.CharSignature
6409:             1             16  sun.security.rsa.RSAKeyFactory
6410:             1             16  sun.security.util.AlgorithmDecomposer
6411:             1             16  sun.security.util.ByteArrayLexOrder
6412:             1             16  sun.security.util.ByteArrayTagOrder
6413:             1             16  sun.util.locale.provider.AuxLocaleProviderAdapter$NullProvider
6414:             1             16  sun.util.locale.provider.CalendarDataUtility$CalendarWeekParameterGetter
6415:             1             16  sun.util.locale.provider.TimeZoneNameUtility$TimeZoneNameGetter
6416:             1             16  sun.util.resources.LocaleData$LocaleDataResourceBundleControl
Total     374858372    20686097848
