Java HotSpot(TM) 64-Bit Server VM (25.77-b03) for linux-amd64 JRE (1.8.0_77-b03), built on Mar 20 2016 22:00:46 by "java_re" with gcc 4.3.0 20080428 (Red Hat 4.3.0-8)
Memory: 4k page, physical 527756124k(196688476k free), swap 0k(0k free)
CommandLine flags: -XX:CMSInitiatingOccupancyFraction=80 -XX:GCLogFileSize=536870912 -XX:InitialHeapSize=137438953472 -XX:MaxDirectMemorySize=68719476736 -XX:MaxHeapSize=137438953472 -XX:MaxNewSize=26843545600 -XX:MaxTenuringThreshold=15 -XX:MetaspaceSize=536870912 -XX:NewSize=26843545600 -XX:NumberOfGCLogFiles=2 -XX:OldPLABSize=16 -XX:ParallelGCThreads=18 -XX:+PrintGC -XX:+PrintGCDateStamps -XX:+PrintGCDetails -XX:+PrintGCTimeStamps -XX:SurvivorRatio=6 -XX:+UseCMSInitiatingOccupancyOnly -XX:+UseConcMarkSweepGC -XX:+UseGCLogFileRotation -XX:+UseParNewGC 
2024-03-21T16:52:09.778+0800: 5.199: [GC (Allocation Failure) 2024-03-21T16:52:09.778+0800: 5.199: [ParNew: 19660800K->131813K(22937600K), 0.6245180 secs] 19660800K->131813K(130940928K), 0.6246728 secs] [Times: user=3.22 sys=7.35, real=0.62 secs] 
2024-03-21T16:52:10.690+0800: 6.111: [GC (Allocation Failure) 2024-03-21T16:52:10.690+0800: 6.111: [ParNew: 19792613K->172344K(22937600K), 0.2088408 secs] 19792613K->172344K(130940928K), 0.2089322 secs] [Times: user=3.72 sys=0.04, real=0.21 secs] 
2024-03-21T16:52:11.178+0800: 6.599: [GC (Allocation Failure) 2024-03-21T16:52:11.178+0800: 6.599: [ParNew: 19833144K->140057K(22937600K), 0.2151584 secs] 19833144K->140057K(130940928K), 0.2152392 secs] [Times: user=3.85 sys=0.02, real=0.21 secs] 
2024-03-21T16:52:11.740+0800: 7.161: [GC (Allocation Failure) 2024-03-21T16:52:11.740+0800: 7.161: [ParNew: 19800857K->166822K(22937600K), 0.2140556 secs] 19800857K->166822K(130940928K), 0.2141266 secs] [Times: user=3.82 sys=0.02, real=0.21 secs] 
2024-03-21T16:52:12.416+0800: 7.837: [GC (Allocation Failure) 2024-03-21T16:52:12.416+0800: 7.837: [ParNew: 19827622K->140967K(22937600K), 0.2127637 secs] 19827622K->140967K(130940928K), 0.2128464 secs] [Times: user=3.82 sys=0.02, real=0.22 secs] 
2024-03-21T16:52:13.084+0800: 8.504: [GC (Allocation Failure) 2024-03-21T16:52:13.084+0800: 8.504: [ParNew: 19801767K->166217K(22937600K), 0.2138105 secs] 19801767K->166217K(130940928K), 0.2138895 secs] [Times: user=3.83 sys=0.01, real=0.21 secs] 
2024-03-21T16:52:13.747+0800: 9.167: [GC (Allocation Failure) 2024-03-21T16:52:13.747+0800: 9.167: [ParNew: 19827017K->142084K(22937600K), 0.2156642 secs] 19827017K->142084K(130940928K), 0.2157411 secs] [Times: user=3.87 sys=0.02, real=0.22 secs] 
2024-03-21T16:52:14.340+0800: 9.761: [GC (Allocation Failure) 2024-03-21T16:52:14.340+0800: 9.761: [ParNew: 19802884K->166592K(22937600K), 0.2161100 secs] 19802884K->166592K(130940928K), 0.2161909 secs] [Times: user=3.87 sys=0.04, real=0.21 secs] 
2024-03-21T16:52:14.956+0800: 10.377: [GC (Allocation Failure) 2024-03-21T16:52:14.956+0800: 10.377: [ParNew: 19827392K->140896K(22937600K), 0.2207507 secs] 19827392K->140896K(130940928K), 0.2208301 secs] [Times: user=3.95 sys=0.06, real=0.22 secs] 
2024-03-21T16:52:15.592+0800: 11.013: [GC (Allocation Failure) 2024-03-21T16:52:15.592+0800: 11.013: [ParNew: 19801696K->166204K(22937600K), 0.2184434 secs] 19801696K->166204K(130940928K), 0.2185233 secs] [Times: user=3.93 sys=0.03, real=0.22 secs] 
2024-03-21T16:52:16.222+0800: 11.643: [GC (Allocation Failure) 2024-03-21T16:52:16.222+0800: 11.643: [ParNew: 19827004K->145239K(22937600K), 0.2201132 secs] 19827004K->145239K(130940928K), 0.2202191 secs] [Times: user=3.95 sys=0.04, real=0.22 secs] 
2024-03-21T16:52:16.824+0800: 12.245: [GC (Allocation Failure) 2024-03-21T16:52:16.824+0800: 12.245: [ParNew: 19806039K->166592K(22937600K), 0.2198746 secs] 19806039K->166592K(130940928K), 0.2199582 secs] [Times: user=3.95 sys=0.04, real=0.22 secs] 
2024-03-21T16:52:17.454+0800: 12.875: [GC (Allocation Failure) 2024-03-21T16:52:17.454+0800: 12.875: [ParNew: 19827392K->140896K(22937600K), 0.2198987 secs] 19827392K->140896K(130940928K), 0.2199758 secs] [Times: user=3.93 sys=0.03, real=0.22 secs] 
2024-03-21T16:52:18.081+0800: 13.501: [GC (Allocation Failure) 2024-03-21T16:52:18.081+0800: 13.501: [ParNew: 19801696K->166147K(22937600K), 0.2149572 secs] 19801696K->166147K(130940928K), 0.2150403 secs] [Times: user=3.87 sys=0.03, real=0.21 secs] 
2024-03-21T16:52:18.695+0800: 14.116: [GC (Allocation Failure) 2024-03-21T16:52:18.696+0800: 14.116: [ParNew: 19826947K->142029K(22937600K), 0.2169150 secs] 19826947K->142029K(130940928K), 0.2170154 secs] [Times: user=3.90 sys=0.02, real=0.22 secs] 
2024-03-21T16:52:23.555+0800: 18.976: [GC (Allocation Failure) 2024-03-21T16:52:23.555+0800: 18.976: [ParNew: 19802829K->216621K(22937600K), 0.4743783 secs] 19802829K->322166K(130940928K), 0.4745255 secs] [Times: user=4.21 sys=0.25, real=0.48 secs] 
2024-03-21T16:52:40.302+0800: 35.722: [GC (Allocation Failure) 2024-03-21T16:52:40.302+0800: 35.723: [ParNew: 19877421K->519176K(22937600K), 0.3367884 secs] 19982966K->624731K(130940928K), 0.3370596 secs] [Times: user=4.27 sys=0.75, real=0.34 secs] 
2024-03-21T16:53:00.142+0800: 55.562: [GC (Allocation Failure) 2024-03-21T16:53:00.142+0800: 55.562: [ParNew: 20179976K->640763K(22937600K), 0.5045907 secs] 20285531K->746318K(130940928K), 0.5048356 secs] [Times: user=3.85 sys=3.45, real=0.50 secs] 
2024-03-21T16:53:22.528+0800: 77.949: [GC (Allocation Failure) 2024-03-21T16:53:22.528+0800: 77.949: [ParNew: 20301563K->750124K(22937600K), 0.5342879 secs] 20407118K->855679K(130940928K), 0.5345577 secs] [Times: user=4.15 sys=3.84, real=0.53 secs] 
2024-03-21T16:53:54.938+0800: 110.359: [GC (Allocation Failure) 2024-03-21T16:53:54.938+0800: 110.359: [ParNew: 20410924K->828225K(22937600K), 0.7083353 secs] 20516479K->933780K(130940928K), 0.7085991 secs] [Times: user=4.47 sys=6.27, real=0.70 secs] 
2024-03-21T16:54:34.769+0800: 150.190: [GC (Allocation Failure) 2024-03-21T16:54:34.769+0800: 150.190: [ParNew: 20489025K->1010955K(22937600K), 0.5373325 secs] 20594580K->1116510K(130940928K), 0.5376235 secs] [Times: user=3.84 sys=2.85, real=0.53 secs] 
2024-03-21T16:55:25.497+0800: 200.917: [GC (Allocation Failure) 2024-03-21T16:55:25.497+0800: 200.917: [ParNew: 20671755K->1129762K(22937600K), 0.5384746 secs] 20777310K->1235317K(130940928K), 0.5387101 secs] [Times: user=3.91 sys=2.68, real=0.54 secs] 
2024-03-21T16:56:14.222+0800: 249.643: [GC (Allocation Failure) 2024-03-21T16:56:14.222+0800: 249.643: [ParNew: 20790562K->1181356K(22937600K), 0.7698204 secs] 20896117K->1286912K(130940928K), 0.7700994 secs] [Times: user=4.92 sys=6.15, real=0.77 secs] 
2024-03-21T16:56:52.683+0800: 288.103: [GC (Allocation Failure) 2024-03-21T16:56:52.683+0800: 288.104: [ParNew: 20842156K->1366053K(22937600K), 0.6133854 secs] 20947712K->1471608K(130940928K), 0.6136255 secs] [Times: user=5.20 sys=3.26, real=0.61 secs] 
2024-03-21T16:57:43.359+0800: 338.780: [GC (Allocation Failure) 2024-03-21T16:57:43.359+0800: 338.780: [ParNew: 21026853K->1193834K(22937600K), 0.5477217 secs] 21132408K->1299389K(130940928K), 0.5479956 secs] [Times: user=4.91 sys=2.81, real=0.54 secs] 
2024-03-21T16:58:29.506+0800: 384.927: [GC (Allocation Failure) 2024-03-21T16:58:29.506+0800: 384.927: [ParNew: 20854634K->1212192K(22937600K), 0.5298682 secs] 20960189K->1317747K(130940928K), 0.5301692 secs] [Times: user=4.16 sys=2.54, real=0.53 secs] 
2024-03-21T16:59:14.254+0800: 429.675: [GC (Allocation Failure) 2024-03-21T16:59:14.254+0800: 429.675: [ParNew: 20872992K->1302366K(22937600K), 0.4920357 secs] 20978547K->1407921K(130940928K), 0.4922882 secs] [Times: user=4.10 sys=2.16, real=0.49 secs] 
2024-03-21T16:59:50.683+0800: 466.104: [GC (Allocation Failure) 2024-03-21T16:59:50.683+0800: 466.104: [ParNew: 20963166K->1235834K(22937600K), 0.4591335 secs] 21068721K->1341390K(130940928K), 0.4594563 secs] [Times: user=3.72 sys=1.90, real=0.46 secs] 
2024-03-21T17:00:35.597+0800: 511.018: [GC (Allocation Failure) 2024-03-21T17:00:35.597+0800: 511.018: [ParNew: 20896634K->1339960K(22937600K), 0.4509503 secs] 21002190K->1445515K(130940928K), 0.4512117 secs] [Times: user=3.98 sys=1.72, real=0.46 secs] 
2024-03-21T17:01:22.535+0800: 557.956: [GC (Allocation Failure) 2024-03-21T17:01:22.535+0800: 557.956: [ParNew: 21000760K->1357768K(22937600K), 0.4426097 secs] 21106315K->1463323K(130940928K), 0.4428552 secs] [Times: user=3.91 sys=1.85, real=0.45 secs] 
2024-03-21T17:02:14.248+0800: 609.669: [GC (Allocation Failure) 2024-03-21T17:02:14.248+0800: 609.669: [ParNew: 21018568K->1215196K(22937600K), 0.5335815 secs] 21124123K->1373906K(130940928K), 0.5338445 secs] [Times: user=5.04 sys=1.95, real=0.53 secs] 
2024-03-21T17:02:58.667+0800: 654.088: [GC (Allocation Failure) 2024-03-21T17:02:58.667+0800: 654.088: [ParNew: 20875996K->1235236K(22937600K), 0.4953737 secs] 21034706K->1412728K(130940928K), 0.4956430 secs] [Times: user=4.76 sys=1.64, real=0.50 secs] 
2024-03-21T17:03:45.930+0800: 701.351: [GC (Allocation Failure) 2024-03-21T17:03:45.930+0800: 701.351: [ParNew: 20896036K->1128407K(22937600K), 0.5062669 secs] 21073528K->1306051K(130940928K), 0.5065384 secs] [Times: user=4.99 sys=1.80, real=0.50 secs] 
2024-03-21T17:04:33.779+0800: 749.200: [GC (Allocation Failure) 2024-03-21T17:04:33.779+0800: 749.200: [ParNew: 20789207K->1309612K(22937600K), 0.5252497 secs] 20966851K->1487458K(130940928K), 0.5255378 secs] [Times: user=5.09 sys=1.90, real=0.52 secs] 
2024-03-21T17:05:19.800+0800: 795.221: [GC (Allocation Failure) 2024-03-21T17:05:19.800+0800: 795.221: [ParNew: 20970412K->1359792K(22937600K), 0.5019254 secs] 21148258K->1537887K(130940928K), 0.5022106 secs] [Times: user=4.16 sys=2.49, real=0.50 secs] 
2024-03-21T17:06:02.729+0800: 838.150: [GC (Allocation Failure) 2024-03-21T17:06:02.729+0800: 838.150: [ParNew: 21020592K->1066486K(22937600K), 0.5838763 secs] 21198687K->1246889K(130940928K), 0.5841420 secs] [Times: user=5.32 sys=2.84, real=0.58 secs] 
2024-03-21T17:06:39.163+0800: 874.584: [GC (Allocation Failure) 2024-03-21T17:06:39.163+0800: 874.584: [ParNew: 20727286K->1136182K(22937600K), 0.5305431 secs] 20907689K->1316800K(130940928K), 0.5308461 secs] [Times: user=4.99 sys=2.36, real=0.53 secs] 
2024-03-21T17:07:21.467+0800: 916.887: [GC (Allocation Failure) 2024-03-21T17:07:21.467+0800: 916.888: [ParNew: 20796982K->969630K(22937600K), 0.5369425 secs] 20977600K->1150452K(130940928K), 0.5372298 secs] [Times: user=5.00 sys=2.48, real=0.54 secs] 
2024-03-21T17:08:11.286+0800: 966.707: [GC (Allocation Failure) 2024-03-21T17:08:11.286+0800: 966.707: [ParNew: 20630430K->993677K(22937600K), 0.4606366 secs] 20811252K->1182969K(130940928K), 0.4609613 secs] [Times: user=3.81 sys=2.02, real=0.46 secs] 
2024-03-21T17:09:01.134+0800: 1016.555: [GC (Allocation Failure) 2024-03-21T17:09:01.134+0800: 1016.555: [ParNew: 20654477K->998686K(22937600K), 0.4645385 secs] 20843769K->1188223K(130940928K), 0.4648652 secs] [Times: user=4.42 sys=1.74, real=0.47 secs] 
2024-03-21T17:09:48.396+0800: 1063.817: [GC (Allocation Failure) 2024-03-21T17:09:48.397+0800: 1063.817: [ParNew: 20659486K->1009276K(22937600K), 0.5086026 secs] 20849023K->1198938K(130940928K), 0.5089530 secs] [Times: user=4.58 sys=2.29, real=0.51 secs] 
2024-03-21T17:10:23.043+0800: 1098.463: [GC (Allocation Failure) 2024-03-21T17:10:23.043+0800: 1098.464: [ParNew: 20670076K->1036889K(22937600K), 0.4804640 secs] 20859738K->1226634K(130940928K), 0.4808020 secs] [Times: user=4.41 sys=1.88, real=0.48 secs] 
2024-03-21T17:11:04.515+0800: 1139.935: [GC (Allocation Failure) 2024-03-21T17:11:04.515+0800: 1139.936: [ParNew: 20697689K->1022607K(22937600K), 0.5270869 secs] 20887434K->1212431K(130940928K), 0.5274072 secs] [Times: user=4.55 sys=2.34, real=0.53 secs] 
2024-03-21T17:11:59.424+0800: 1194.845: [GC (Allocation Failure) 2024-03-21T17:11:59.425+0800: 1194.845: [ParNew: 20683407K->1079293K(22937600K), 0.5790365 secs] 20873231K->1269238K(130940928K), 0.5793780 secs] [Times: user=4.68 sys=3.26, real=0.58 secs] 
2024-03-21T17:12:50.050+0800: 1245.471: [GC (Allocation Failure) 2024-03-21T17:12:50.050+0800: 1245.471: [ParNew: 20740093K->1060562K(22937600K), 0.5186894 secs] 20930038K->1250661K(130940928K), 0.5190150 secs] [Times: user=4.34 sys=2.56, real=0.52 secs] 
2024-03-21T17:13:33.038+0800: 1288.459: [GC (Allocation Failure) 2024-03-21T17:13:33.038+0800: 1288.459: [ParNew: 20721362K->1098366K(22937600K), 0.4915025 secs] 20911461K->1288600K(130940928K), 0.4918134 secs] [Times: user=4.34 sys=2.05, real=0.49 secs] 
2024-03-21T17:14:14.973+0800: 1330.394: [GC (Allocation Failure) 2024-03-21T17:14:14.973+0800: 1330.394: [ParNew: 20759166K->1032428K(22937600K), 0.4725226 secs] 20949400K->1222795K(130940928K), 0.4728087 secs] [Times: user=4.47 sys=1.84, real=0.47 secs] 
2024-03-21T17:15:00.405+0800: 1375.826: [GC (Allocation Failure) 2024-03-21T17:15:00.405+0800: 1375.826: [ParNew: 20693228K->1114474K(22937600K), 0.4681463 secs] 20883595K->1305016K(130940928K), 0.4684596 secs] [Times: user=4.61 sys=1.64, real=0.47 secs] 
2024-03-21T17:15:47.412+0800: 1422.833: [GC (Allocation Failure) 2024-03-21T17:15:47.413+0800: 1422.833: [ParNew: 20775274K->1066062K(22937600K), 0.4483651 secs] 20965816K->1257150K(130940928K), 0.4486312 secs] [Times: user=4.47 sys=1.61, real=0.45 secs] 
2024-03-21T17:16:32.832+0800: 1468.253: [GC (Allocation Failure) 2024-03-21T17:16:32.832+0800: 1468.253: [ParNew: 20726862K->1029770K(22937600K), 0.4597760 secs] 20917950K->1221084K(130940928K), 0.4600905 secs] [Times: user=4.43 sys=1.79, real=0.46 secs] 
2024-03-21T17:17:14.384+0800: 1509.805: [GC (Allocation Failure) 2024-03-21T17:17:14.384+0800: 1509.805: [ParNew: 20690570K->1022816K(22937600K), 0.4454401 secs] 20881884K->1214367K(130940928K), 0.4457492 secs] [Times: user=4.25 sys=1.75, real=0.45 secs] 
2024-03-21T17:17:53.102+0800: 1548.523: [GC (Allocation Failure) 2024-03-21T17:17:53.102+0800: 1548.523: [ParNew: 20683616K->998216K(22937600K), 0.4674795 secs] 20875167K->1189966K(130940928K), 0.4677832 secs] [Times: user=4.36 sys=1.93, real=0.47 secs] 
2024-03-21T17:18:35.070+0800: 1590.491: [GC (Allocation Failure) 2024-03-21T17:18:35.070+0800: 1590.491: [ParNew: 20659016K->1050025K(22937600K), 0.4769657 secs] 20850766K->1242288K(130940928K), 0.4772712 secs] [Times: user=4.36 sys=2.04, real=0.47 secs] 
2024-03-21T17:19:24.854+0800: 1640.275: [GC (Allocation Failure) 2024-03-21T17:19:24.854+0800: 1640.275: [ParNew: 20710825K->1000847K(22937600K), 0.4862481 secs] 20903088K->1193443K(130940928K), 0.4864606 secs] [Times: user=4.43 sys=2.20, real=0.49 secs] 
2024-03-21T17:20:08.831+0800: 1684.252: [GC (Allocation Failure) 2024-03-21T17:20:08.831+0800: 1684.252: [ParNew: 20661647K->1051175K(22937600K), 0.5279778 secs] 20854243K->1244056K(130940928K), 0.5282940 secs] [Times: user=4.51 sys=2.73, real=0.53 secs] 
2024-03-21T17:20:48.380+0800: 1723.801: [GC (Allocation Failure) 2024-03-21T17:20:48.380+0800: 1723.801: [ParNew: 20711975K->1000241K(22937600K), 0.5224644 secs] 20904856K->1193361K(130940928K), 0.5227621 secs] [Times: user=4.41 sys=2.70, real=0.52 secs] 
2024-03-21T17:21:26.362+0800: 1761.783: [GC (Allocation Failure) 2024-03-21T17:21:26.362+0800: 1761.783: [ParNew: 20661041K->1060094K(22937600K), 0.5188622 secs] 20854161K->1253475K(130940928K), 0.5191603 secs] [Times: user=4.81 sys=2.50, real=0.52 secs] 
2024-03-21T17:22:06.633+0800: 1802.054: [GC (Allocation Failure) 2024-03-21T17:22:06.633+0800: 1802.054: [ParNew: 20720894K->1072994K(22937600K), 0.4727771 secs] 20914275K->1266633K(130940928K), 0.4730834 secs] [Times: user=4.50 sys=1.81, real=0.47 secs] 
2024-03-21T17:22:50.301+0800: 1845.721: [GC (Allocation Failure) 2024-03-21T17:22:50.301+0800: 1845.722: [ParNew: 20733794K->1153112K(22937600K), 0.5156704 secs] 20927433K->1347098K(130940928K), 0.5160029 secs] [Times: user=4.51 sys=2.51, real=0.51 secs] 
2024-03-21T17:23:27.610+0800: 1883.031: [GC (Allocation Failure) 2024-03-21T17:23:27.610+0800: 1883.031: [ParNew: 20813912K->1125052K(22937600K), 0.5061950 secs] 21007898K->1319302K(130940928K), 0.5065674 secs] [Times: user=4.31 sys=2.40, real=0.50 secs] 
2024-03-21T17:24:03.962+0800: 1919.383: [GC (Allocation Failure) 2024-03-21T17:24:03.962+0800: 1919.383: [ParNew: 20785852K->1070105K(22937600K), 0.5206389 secs] 20980102K->1264580K(130940928K), 0.5209481 secs] [Times: user=4.57 sys=2.40, real=0.52 secs] 
2024-03-21T17:24:41.361+0800: 1956.781: [GC (Allocation Failure) 2024-03-21T17:24:41.361+0800: 1956.782: [ParNew: 20730905K->1083157K(22937600K), 0.4938804 secs] 20925380K->1277923K(130940928K), 0.4942299 secs] [Times: user=4.15 sys=2.47, real=0.49 secs] 
2024-03-21T17:25:23.745+0800: 1999.166: [GC (Allocation Failure) 2024-03-21T17:25:23.745+0800: 1999.166: [ParNew: 20743957K->1038387K(22937600K), 0.5023443 secs] 20938723K->1233396K(130940928K), 0.5026590 secs] [Times: user=4.49 sys=2.32, real=0.51 secs] 
2024-03-21T17:26:12.724+0800: 2048.145: [GC (Allocation Failure) 2024-03-21T17:26:12.724+0800: 2048.145: [ParNew: 20699187K->1054351K(22937600K), 0.4776829 secs] 20894196K->1249679K(130940928K), 0.4779767 secs] [Times: user=4.54 sys=1.88, real=0.48 secs] 
2024-03-21T17:27:01.320+0800: 2096.741: [GC (Allocation Failure) 2024-03-21T17:27:01.320+0800: 2096.741: [ParNew: 20715151K->1018631K(22937600K), 0.4783816 secs] 20910479K->1214344K(130940928K), 0.4786992 secs] [Times: user=4.52 sys=1.91, real=0.48 secs] 
2024-03-21T17:27:39.469+0800: 2134.890: [GC (Allocation Failure) 2024-03-21T17:27:39.469+0800: 2134.890: [ParNew: 20679431K->1031250K(22937600K), 0.4545558 secs] 20875144K->1227189K(130940928K), 0.4548744 secs] [Times: user=4.33 sys=1.69, real=0.45 secs] 
2024-03-21T17:28:23.614+0800: 2179.035: [GC (Allocation Failure) 2024-03-21T17:28:23.615+0800: 2179.035: [ParNew: 20692050K->1044993K(22937600K), 0.4491864 secs] 20887989K->1241205K(130940928K), 0.4495010 secs] [Times: user=4.31 sys=1.60, real=0.45 secs] 
2024-03-21T17:29:11.484+0800: 2226.905: [GC (Allocation Failure) 2024-03-21T17:29:11.484+0800: 2226.905: [ParNew: 20705793K->1018452K(22937600K), 0.4534531 secs] 20902005K->1214982K(130940928K), 0.4537734 secs] [Times: user=4.45 sys=1.62, real=0.46 secs] 
2024-03-21T17:29:48.347+0800: 2263.768: [GC (Allocation Failure) 2024-03-21T17:29:48.347+0800: 2263.768: [ParNew: 20679252K->1024344K(22937600K), 0.4419017 secs] 20875782K->1221191K(130940928K), 0.4422013 secs] [Times: user=4.30 sys=1.55, real=0.45 secs] 
2024-03-21T17:30:22.268+0800: 2297.689: [GC (Allocation Failure) 2024-03-21T17:30:22.268+0800: 2297.689: [ParNew: 20685144K->1041054K(22937600K), 0.4520819 secs] 20881991K->1238215K(130940928K), 0.4523992 secs] [Times: user=4.31 sys=1.71, real=0.45 secs] 
2024-03-21T17:30:57.463+0800: 2332.884: [GC (Allocation Failure) 2024-03-21T17:30:57.463+0800: 2332.884: [ParNew: 20701854K->1114742K(22937600K), 0.4620968 secs] 20899015K->1312250K(130940928K), 0.4624166 secs] [Times: user=4.49 sys=1.60, real=0.46 secs] 
2024-03-21T17:31:31.202+0800: 2366.622: [GC (Allocation Failure) 2024-03-21T17:31:31.202+0800: 2366.623: [ParNew: 20775542K->1079438K(22937600K), 0.5021934 secs] 20973050K->1277342K(130940928K), 0.5024546 secs] [Times: user=4.41 sys=2.44, real=0.50 secs] 
2024-03-21T17:32:15.442+0800: 2410.863: [GC (Allocation Failure) 2024-03-21T17:32:15.443+0800: 2410.863: [ParNew: 20740238K->1149856K(22937600K), 0.5643514 secs] 20938142K->1348137K(130940928K), 0.5646605 secs] [Times: user=4.68 sys=3.19, real=0.56 secs] 
2024-03-21T17:32:53.679+0800: 2449.100: [GC (Allocation Failure) 2024-03-21T17:32:53.679+0800: 2449.100: [ParNew: 20810656K->1090020K(22937600K), 0.5585215 secs] 21008937K->1288677K(130940928K), 0.5588464 secs] [Times: user=4.67 sys=2.91, real=0.56 secs] 
2024-03-21T17:33:30.910+0800: 2486.331: [GC (Allocation Failure) 2024-03-21T17:33:30.910+0800: 2486.331: [ParNew: 20750820K->1020586K(22937600K), 0.5991935 secs] 20949477K->1219550K(130940928K), 0.5994934 secs] [Times: user=4.85 sys=3.50, real=0.60 secs] 
2024-03-21T17:34:11.546+0800: 2526.967: [GC (Allocation Failure) 2024-03-21T17:34:11.547+0800: 2526.968: [ParNew: 20681386K->1043583K(22937600K), 0.6126581 secs] 20880350K->1242832K(130940928K), 0.6129989 secs] [Times: user=4.94 sys=3.66, real=0.62 secs] 
2024-03-21T17:34:54.297+0800: 2569.717: [GC (Allocation Failure) 2024-03-21T17:34:54.297+0800: 2569.718: [ParNew: 20704383K->1037433K(22937600K), 0.5620564 secs] 20903632K->1236997K(130940928K), 0.5623974 secs] [Times: user=4.67 sys=3.20, real=0.57 secs] 
2024-03-21T17:35:40.092+0800: 2615.512: [GC (Allocation Failure) 2024-03-21T17:35:40.092+0800: 2615.513: [ParNew: 20698233K->1067275K(22937600K), 0.5718559 secs] 20897797K->1267200K(130940928K), 0.5721585 secs] [Times: user=4.93 sys=3.03, real=0.57 secs] 
2024-03-21T17:36:30.344+0800: 2665.764: [GC (Allocation Failure) 2024-03-21T17:36:30.344+0800: 2665.765: [ParNew: 20728075K->1057091K(22937600K), 0.5362426 secs] 20928000K->1257392K(130940928K), 0.5365411 secs] [Times: user=4.92 sys=2.59, real=0.54 secs] 
2024-03-21T17:37:13.445+0800: 2708.866: [GC (Allocation Failure) 2024-03-21T17:37:13.446+0800: 2708.866: [ParNew: 20717891K->1040247K(22937600K), 0.4715328 secs] 20918192K->1240912K(130940928K), 0.4718577 secs] [Times: user=4.42 sys=2.01, real=0.47 secs] 
2024-03-21T17:37:54.082+0800: 2749.503: [GC (Allocation Failure) 2024-03-21T17:37:54.083+0800: 2749.503: [ParNew: 20701047K->1042201K(22937600K), 0.4663751 secs] 20901712K->1243195K(130940928K), 0.4666897 secs] [Times: user=4.51 sys=1.87, real=0.47 secs] 
2024-03-21T17:38:31.394+0800: 2786.815: [GC (Allocation Failure) 2024-03-21T17:38:31.394+0800: 2786.815: [ParNew: 20703001K->1012896K(22937600K), 0.4553609 secs] 20903995K->1214314K(130940928K), 0.4558860 secs] [Times: user=4.32 sys=1.90, real=0.46 secs] 
2024-03-21T17:39:06.618+0800: 2822.039: [GC (Allocation Failure) 2024-03-21T17:39:06.619+0800: 2822.039: [ParNew: 20673696K->1011132K(22937600K), 0.4232690 secs] 20875114K->1213035K(130940928K), 0.4235398 secs] [Times: user=4.27 sys=1.45, real=0.42 secs] 
2024-03-21T17:39:50.109+0800: 2865.530: [GC (Allocation Failure) 2024-03-21T17:39:50.109+0800: 2865.530: [ParNew: 20671932K->1036833K(22937600K), 0.4317909 secs] 20873835K->1239144K(130940928K), 0.4320593 secs] [Times: user=4.49 sys=1.38, real=0.43 secs] 
2024-03-21T17:40:34.553+0800: 2909.974: [GC (Allocation Failure) 2024-03-21T17:40:34.553+0800: 2909.974: [ParNew: 20697633K->1102832K(22937600K), 0.4872875 secs] 20899944K->1305486K(130940928K), 0.4876159 secs] [Times: user=4.63 sys=2.06, real=0.49 secs] 
2024-03-21T17:41:11.352+0800: 2946.773: [GC (Allocation Failure) 2024-03-21T17:41:11.352+0800: 2946.773: [ParNew: 20763632K->1201902K(22937600K), 0.5015632 secs] 20966286K->1404935K(130940928K), 0.5018894 secs] [Times: user=4.58 sys=2.15, real=0.50 secs] 
2024-03-21T17:41:45.379+0800: 2980.800: [GC (Allocation Failure) 2024-03-21T17:41:45.379+0800: 2980.800: [ParNew: 20862702K->1064911K(22937600K), 0.4897582 secs] 21065735K->1268335K(130940928K), 0.4900772 secs] [Times: user=4.46 sys=2.10, real=0.49 secs] 
2024-03-21T17:42:25.732+0800: 3021.153: [GC (Allocation Failure) 2024-03-21T17:42:25.732+0800: 3021.153: [ParNew: 20725711K->1044769K(22937600K), 0.4878681 secs] 20929135K->1248768K(130940928K), 0.4882428 secs] [Times: user=4.43 sys=2.14, real=0.49 secs] 
2024-03-21T17:43:11.352+0800: 3066.773: [GC (Allocation Failure) 2024-03-21T17:43:11.352+0800: 3066.773: [ParNew: 20705569K->1043399K(22937600K), 0.4912334 secs] 20909568K->1247900K(130940928K), 0.4915494 secs] [Times: user=4.53 sys=2.15, real=0.49 secs] 
2024-03-21T17:43:52.282+0800: 3107.703: [GC (Allocation Failure) 2024-03-21T17:43:52.282+0800: 3107.703: [ParNew: 20704199K->1019197K(22937600K), 0.5041521 secs] 20908700K->1224175K(130940928K), 0.5044671 secs] [Times: user=4.62 sys=2.22, real=0.50 secs] 
2024-03-21T17:44:33.133+0800: 3148.554: [GC (Allocation Failure) 2024-03-21T17:44:33.134+0800: 3148.554: [ParNew: 20679997K->1065880K(22937600K), 0.5184564 secs] 20884975K->1271313K(130940928K), 0.5187785 secs] [Times: user=5.30 sys=2.27, real=0.52 secs] 
2024-03-21T17:45:09.117+0800: 3184.538: [GC (Allocation Failure) 2024-03-21T17:45:09.117+0800: 3184.538: [ParNew: 20726680K->1007931K(22937600K), 0.5258333 secs] 20932113K->1213872K(130940928K), 0.5261568 secs] [Times: user=4.26 sys=2.98, real=0.53 secs] 
2024-03-21T17:45:45.173+0800: 3220.594: [GC (Allocation Failure) 2024-03-21T17:45:45.173+0800: 3220.594: [ParNew: 20668731K->1029516K(22937600K), 0.4738356 secs] 20874672K->1236083K(130940928K), 0.4741576 secs] [Times: user=4.28 sys=2.15, real=0.47 secs] 
2024-03-21T17:46:25.888+0800: 3261.308: [GC (Allocation Failure) 2024-03-21T17:46:25.888+0800: 3261.309: [ParNew: 20690316K->1111594K(22937600K), 0.5349542 secs] 20896883K->1318827K(130940928K), 0.5353411 secs] [Times: user=4.64 sys=2.62, real=0.53 secs] 
2024-03-21T17:47:04.208+0800: 3299.629: [GC (Allocation Failure) 2024-03-21T17:47:04.208+0800: 3299.629: [ParNew: 20772394K->1134217K(22937600K), 0.5074830 secs] 20979627K->1342052K(130940928K), 0.5077805 secs] [Times: user=4.60 sys=2.31, real=0.50 secs] 
2024-03-21T17:47:42.957+0800: 3338.378: [GC (Allocation Failure) 2024-03-21T17:47:42.957+0800: 3338.378: [ParNew: 20795017K->1191872K(22937600K), 0.4783577 secs] 21002852K->1400206K(130940928K), 0.4786940 secs] [Times: user=4.32 sys=2.02, real=0.48 secs] 
2024-03-21T17:48:22.510+0800: 3377.930: [GC (Allocation Failure) 2024-03-21T17:48:22.510+0800: 3377.931: [ParNew: 20852672K->1196708K(22937600K), 0.4661203 secs] 21061006K->1405538K(130940928K), 0.4664379 secs] [Times: user=4.34 sys=1.86, real=0.46 secs] 
2024-03-21T17:48:59.760+0800: 3415.181: [GC (Allocation Failure) 2024-03-21T17:48:59.760+0800: 3415.181: [ParNew: 20857508K->1185629K(22937600K), 0.4708218 secs] 21066338K->1395018K(130940928K), 0.4711374 secs] [Times: user=4.18 sys=2.15, real=0.47 secs] 
2024-03-21T17:49:42.476+0800: 3457.897: [GC (Allocation Failure) 2024-03-21T17:49:42.476+0800: 3457.897: [ParNew: 20846429K->1157016K(22937600K), 0.4913208 secs] 21055818K->1366979K(130940928K), 0.4916069 secs] [Times: user=4.49 sys=2.18, real=0.50 secs] 
2024-03-21T17:50:28.251+0800: 3503.671: [GC (Allocation Failure) 2024-03-21T17:50:28.251+0800: 3503.672: [ParNew: 20817816K->1177491K(22937600K), 0.4976808 secs] 21027779K->1388039K(130940928K), 0.4980203 secs] [Times: user=4.51 sys=2.08, real=0.50 secs] 
2024-03-21T17:51:15.764+0800: 3551.185: [GC (Allocation Failure) 2024-03-21T17:51:15.764+0800: 3551.185: [ParNew: 20838291K->1057238K(22937600K), 0.5464613 secs] 21048839K->1268265K(130940928K), 0.5467633 secs] [Times: user=4.75 sys=2.58, real=0.55 secs] 
2024-03-21T17:52:10.424+0800: 3605.845: [GC (Allocation Failure) 2024-03-21T17:52:10.424+0800: 3605.845: [ParNew: 20718038K->994010K(22937600K), 0.5117888 secs] 20929065K->1205477K(130940928K), 0.5121506 secs] [Times: user=4.48 sys=2.42, real=0.51 secs] 
2024-03-21T17:52:59.208+0800: 3654.628: [GC (Allocation Failure) 2024-03-21T17:52:59.208+0800: 3654.629: [ParNew: 20654810K->947350K(22937600K), 0.4762649 secs] 20866277K->1159359K(130940928K), 0.4766039 secs] [Times: user=4.71 sys=1.82, real=0.47 secs] 
2024-03-21T17:53:39.544+0800: 3694.965: [GC (Allocation Failure) 2024-03-21T17:53:39.544+0800: 3694.965: [ParNew: 20608150K->945675K(22937600K), 0.4657395 secs] 20820159K->1158376K(130940928K), 0.4660565 secs] [Times: user=4.50 sys=1.94, real=0.47 secs] 
2024-03-21T17:54:24.442+0800: 3739.863: [GC (Allocation Failure) 2024-03-21T17:54:24.442+0800: 3739.863: [ParNew: 20606475K->957585K(22937600K), 0.4014741 secs] 20819176K->1170976K(130940928K), 0.4017743 secs] [Times: user=4.35 sys=0.94, real=0.40 secs] 
2024-03-21T17:55:12.240+0800: 3787.661: [GC (Allocation Failure) 2024-03-21T17:55:12.240+0800: 3787.661: [ParNew: 20618385K->1008519K(22937600K), 0.4382616 secs] 20831776K->1222442K(130940928K), 0.4385855 secs] [Times: user=4.26 sys=1.60, real=0.44 secs] 
2024-03-21T17:55:53.867+0800: 3829.288: [GC (Allocation Failure) 2024-03-21T17:55:53.868+0800: 3829.288: [ParNew: 20669319K->988655K(22937600K), 0.4158011 secs] 20883242K->1203126K(130940928K), 0.4161133 secs] [Times: user=4.12 sys=1.42, real=0.42 secs] 
2024-03-21T17:56:36.159+0800: 3871.579: [GC (Allocation Failure) 2024-03-21T17:56:36.159+0800: 3871.580: [ParNew: 20649455K->1033604K(22937600K), 0.3480868 secs] 20863926K->1248725K(130940928K), 0.3483655 secs] [Times: user=4.10 sys=0.32, real=0.34 secs] 
2024-03-21T17:57:21.996+0800: 3917.417: [GC (Allocation Failure) 2024-03-21T17:57:21.996+0800: 3917.417: [ParNew: 20694404K->1018819K(22937600K), 0.4543073 secs] 20909525K->1234689K(130940928K), 0.4545984 secs] [Times: user=4.46 sys=1.66, real=0.46 secs] 
2024-03-21T17:58:12.298+0800: 3967.719: [GC (Allocation Failure) 2024-03-21T17:58:12.298+0800: 3967.719: [ParNew: 20679619K->1026665K(22937600K), 0.4718124 secs] 20895489K->1243226K(130940928K), 0.4721273 secs] [Times: user=4.51 sys=1.83, real=0.47 secs] 
2024-03-21T17:59:07.833+0800: 4023.254: [GC (Allocation Failure) 2024-03-21T17:59:07.834+0800: 4023.254: [ParNew: 20687465K->1077530K(22937600K), 0.4535943 secs] 20904026K->1294750K(130940928K), 0.4539072 secs] [Times: user=4.21 sys=1.78, real=0.45 secs] 
2024-03-21T17:59:55.824+0800: 4071.245: [GC (Allocation Failure) 2024-03-21T17:59:55.824+0800: 4071.245: [ParNew: 20738330K->1045297K(22937600K), 0.4327581 secs] 20955550K->1263120K(130940928K), 0.4330639 secs] [Times: user=4.07 sys=1.68, real=0.43 secs] 
2024-03-21T18:00:43.907+0800: 4119.328: [GC (Allocation Failure) 2024-03-21T18:00:43.907+0800: 4119.328: [ParNew: 20706097K->854455K(22937600K), 0.4941392 secs] 20923920K->1072944K(130940928K), 0.4944374 secs] [Times: user=4.53 sys=2.06, real=0.50 secs] 
2024-03-21T18:01:32.835+0800: 4168.255: [GC (Allocation Failure) 2024-03-21T18:01:32.835+0800: 4168.256: [ParNew: 20515255K->895385K(22937600K), 0.5258391 secs] 20733744K->1114720K(130940928K), 0.5261554 secs] [Times: user=4.91 sys=2.24, real=0.53 secs] 
2024-03-21T18:02:50.460+0800: 4245.881: [GC (Allocation Failure) 2024-03-21T18:02:50.460+0800: 4245.881: [ParNew: 20556185K->854430K(22937600K), 0.4606283 secs] 20775520K->1074653K(130940928K), 0.4609392 secs] [Times: user=4.48 sys=1.72, real=0.46 secs] 
2024-03-21T18:03:40.743+0800: 4296.164: [GC (Allocation Failure) 2024-03-21T18:03:40.743+0800: 4296.164: [ParNew: 20515230K->858859K(22937600K), 0.4644473 secs] 20735453K->1079836K(130940928K), 0.4647626 secs] [Times: user=4.43 sys=1.90, real=0.47 secs] 
2024-03-21T18:04:18.216+0800: 4333.637: [GC (Allocation Failure) 2024-03-21T18:04:18.217+0800: 4333.638: [ParNew: 20519659K->814268K(22937600K), 0.4762166 secs] 20740636K->1036013K(130940928K), 0.4765862 secs] [Times: user=4.25 sys=2.21, real=0.48 secs] 
2024-03-21T18:05:01.729+0800: 4377.150: [GC (Allocation Failure) 2024-03-21T18:05:01.730+0800: 4377.150: [ParNew: 20475068K->894124K(22937600K), 0.5178082 secs] 20696813K->1116961K(130940928K), 0.5181397 secs] [Times: user=4.24 sys=2.92, real=0.52 secs] 
2024-03-21T18:05:41.794+0800: 4417.215: [GC (Allocation Failure) 2024-03-21T18:05:41.794+0800: 4417.215: [ParNew: 20554924K->904041K(22937600K), 0.4787738 secs] 20777761K->1127123K(130940928K), 0.4790987 secs] [Times: user=4.22 sys=2.17, real=0.48 secs] 
2024-03-21T18:06:21.734+0800: 4457.155: [GC (Allocation Failure) 2024-03-21T18:06:21.735+0800: 4457.156: [ParNew: 20564841K->929386K(22937600K), 0.4551047 secs] 20787923K->1152732K(130940928K), 0.4555814 secs] [Times: user=4.30 sys=1.83, real=0.46 secs] 
2024-03-21T18:07:14.723+0800: 4510.144: [GC (Allocation Failure) 2024-03-21T18:07:14.723+0800: 4510.144: [ParNew: 20590186K->939690K(22937600K), 0.4381565 secs] 20813532K->1163309K(130940928K), 0.4384622 secs] [Times: user=4.17 sys=1.73, real=0.44 secs] 
2024-03-21T18:07:56.239+0800: 4551.660: [GC (Allocation Failure) 2024-03-21T18:07:56.240+0800: 4551.660: [ParNew: 20600490K->997385K(22937600K), 0.4289072 secs] 20824109K->1221267K(130940928K), 0.4292218 secs] [Times: user=4.31 sys=1.50, real=0.43 secs] 
2024-03-21T18:08:35.204+0800: 4590.625: [GC (Allocation Failure) 2024-03-21T18:08:35.204+0800: 4590.625: [ParNew: 20658185K->1070753K(22937600K), 0.4421149 secs] 20882067K->1294829K(130940928K), 0.4424111 secs] [Times: user=4.30 sys=1.58, real=0.44 secs] 
2024-03-21T18:09:11.192+0800: 4626.613: [GC (Allocation Failure) 2024-03-21T18:09:11.192+0800: 4626.613: [ParNew: 20731553K->1043302K(22937600K), 0.3715621 secs] 20955629K->1267627K(130940928K), 0.3718505 secs] [Times: user=4.30 sys=0.80, real=0.37 secs] 
2024-03-21T18:09:49.657+0800: 4665.078: [GC (Allocation Failure) 2024-03-21T18:09:49.657+0800: 4665.078: [ParNew: 20704102K->972228K(22937600K), 0.3762609 secs] 20928427K->1196806K(130940928K), 0.3766165 secs] [Times: user=4.06 sys=0.75, real=0.38 secs] 
2024-03-21T18:10:29.173+0800: 4704.594: [GC (Allocation Failure) 2024-03-21T18:10:29.173+0800: 4704.594: [ParNew: 20633028K->989725K(22937600K), 0.4238105 secs] 20857606K->1214532K(130940928K), 0.4240992 secs] [Times: user=4.39 sys=1.32, real=0.42 secs] 
2024-03-21T18:11:13.340+0800: 4748.761: [GC (Allocation Failure) 2024-03-21T18:11:13.341+0800: 4748.761: [ParNew: 20650525K->991412K(22937600K), 0.4645260 secs] 20875332K->1216432K(130940928K), 0.4648428 secs] [Times: user=4.56 sys=1.72, real=0.46 secs] 
2024-03-21T18:11:52.062+0800: 4787.483: [GC (Allocation Failure) 2024-03-21T18:11:52.063+0800: 4787.483: [ParNew: 20652212K->1010583K(22937600K), 0.5062920 secs] 20877232K->1235791K(130940928K), 0.5065864 secs] [Times: user=4.61 sys=2.28, real=0.51 secs] 
2024-03-21T18:12:27.652+0800: 4823.073: [GC (Allocation Failure) 2024-03-21T18:12:27.652+0800: 4823.073: [ParNew: 20671383K->1032322K(22937600K), 0.5144114 secs] 20896591K->1257728K(130940928K), 0.5147443 secs] [Times: user=4.53 sys=2.38, real=0.51 secs] 
2024-03-21T18:13:02.999+0800: 4858.420: [GC (Allocation Failure) 2024-03-21T18:13:02.999+0800: 4858.420: [ParNew: 20693122K->1037340K(22937600K), 0.5033467 secs] 20918528K->1263058K(130940928K), 0.5036625 secs] [Times: user=4.64 sys=2.10, real=0.50 secs] 
2024-03-21T18:13:40.685+0800: 4896.106: [GC (Allocation Failure) 2024-03-21T18:13:40.685+0800: 4896.106: [ParNew: 20698140K->1059131K(22937600K), 0.5007747 secs] 20923858K->1285108K(130940928K), 0.5011122 secs] [Times: user=4.56 sys=2.22, real=0.50 secs] 
2024-03-21T18:14:21.056+0800: 4936.477: [GC (Allocation Failure) 2024-03-21T18:14:21.057+0800: 4936.477: [ParNew: 20719931K->1095606K(22937600K), 0.4998802 secs] 20945908K->1321788K(130940928K), 0.5002351 secs] [Times: user=4.65 sys=2.23, real=0.50 secs] 
2024-03-21T18:15:06.616+0800: 4982.037: [GC (Allocation Failure) 2024-03-21T18:15:06.616+0800: 4982.037: [ParNew: 20756406K->1105246K(22937600K), 0.4566389 secs] 20982588K->1331600K(130940928K), 0.4569840 secs] [Times: user=4.48 sys=1.79, real=0.46 secs] 
2024-03-21T18:15:53.200+0800: 5028.621: [GC (Allocation Failure) 2024-03-21T18:15:53.200+0800: 5028.621: [ParNew: 20766046K->1096704K(22937600K), 0.4930528 secs] 20992400K->1323253K(130940928K), 0.4933784 secs] [Times: user=4.55 sys=2.21, real=0.49 secs] 
2024-03-21T18:16:30.707+0800: 5066.128: [GC (Allocation Failure) 2024-03-21T18:16:30.707+0800: 5066.128: [ParNew: 20757504K->1114972K(22937600K), 0.4625148 secs] 20984053K->1341694K(130940928K), 0.4628664 secs] [Times: user=4.42 sys=1.81, real=0.47 secs] 
2024-03-21T18:17:06.268+0800: 5101.689: [GC (Allocation Failure) 2024-03-21T18:17:06.268+0800: 5101.689: [ParNew: 20775772K->1115963K(22937600K), 0.4408801 secs] 21002494K->1342927K(130940928K), 0.4412377 secs] [Times: user=4.21 sys=1.78, real=0.44 secs] 
2024-03-21T18:17:43.908+0800: 5139.329: [GC (Allocation Failure) 2024-03-21T18:17:43.908+0800: 5139.329: [ParNew: 20776763K->1146623K(22937600K), 0.4428109 secs] 21003727K->1373800K(130940928K), 0.4431334 secs] [Times: user=4.17 sys=1.83, real=0.44 secs] 
2024-03-21T18:18:21.017+0800: 5176.438: [GC (Allocation Failure) 2024-03-21T18:18:21.018+0800: 5176.438: [ParNew: 20807423K->1070809K(22937600K), 0.4294605 secs] 21034600K->1298247K(130940928K), 0.4297825 secs] [Times: user=4.30 sys=1.56, real=0.43 secs] 
2024-03-21T18:18:59.076+0800: 5214.497: [GC (Allocation Failure) 2024-03-21T18:18:59.077+0800: 5214.497: [ParNew: 20731609K->1063515K(22937600K), 0.4138752 secs] 20959047K->1291098K(130940928K), 0.4141749 secs] [Times: user=4.30 sys=1.37, real=0.42 secs] 
2024-03-21T18:19:37.922+0800: 5253.343: [GC (Allocation Failure) 2024-03-21T18:19:37.922+0800: 5253.343: [ParNew: 20724315K->1068559K(22937600K), 0.4228325 secs] 20951898K->1296277K(130940928K), 0.4231500 secs] [Times: user=4.23 sys=1.50, real=0.42 secs] 
2024-03-21T18:20:13.214+0800: 5288.634: [GC (Allocation Failure) 2024-03-21T18:20:13.214+0800: 5288.635: [ParNew: 20729359K->1006023K(22937600K), 0.4342701 secs] 20957077K->1233903K(130940928K), 0.4345744 secs] [Times: user=4.41 sys=1.46, real=0.44 secs] 
2024-03-21T18:20:46.616+0800: 5322.037: [GC (Allocation Failure) 2024-03-21T18:20:46.617+0800: 5322.037: [ParNew: 20666823K->1065562K(22937600K), 0.4466963 secs] 20894703K->1293589K(130940928K), 0.4470284 secs] [Times: user=4.91 sys=1.50, real=0.45 secs] 
2024-03-21T18:21:20.338+0800: 5355.758: [GC (Allocation Failure) 2024-03-21T18:21:20.338+0800: 5355.759: [ParNew: 20726362K->1115033K(22937600K), 0.4322219 secs] 20954389K->1343234K(130940928K), 0.4325155 secs] [Times: user=4.47 sys=1.45, real=0.43 secs] 
2024-03-21T18:22:13.145+0800: 5408.566: [GC (Allocation Failure) 2024-03-21T18:22:13.145+0800: 5408.566: [ParNew: 20775833K->1059947K(22937600K), 0.4333173 secs] 21004034K->1288362K(130940928K), 0.4336266 secs] [Times: user=4.47 sys=1.44, real=0.44 secs] 
2024-03-21T18:22:55.022+0800: 5450.443: [GC (Allocation Failure) 2024-03-21T18:22:55.022+0800: 5450.443: [ParNew: 20720747K->1043053K(22937600K), 0.4223457 secs] 20949162K->1271652K(130940928K), 0.4226314 secs] [Times: user=4.20 sys=1.47, real=0.42 secs] 
2024-03-21T18:23:31.349+0800: 5486.770: [GC (Allocation Failure) 2024-03-21T18:23:31.350+0800: 5486.770: [ParNew: 20703853K->1065673K(22937600K), 0.4211677 secs] 20932452K->1294512K(130940928K), 0.4214783 secs] [Times: user=4.23 sys=1.41, real=0.42 secs] 
2024-03-21T18:24:12.081+0800: 5527.502: [GC (Allocation Failure) 2024-03-21T18:24:12.082+0800: 5527.502: [ParNew: 20726473K->1021729K(22937600K), 0.3490856 secs] 20955312K->1251228K(130940928K), 0.3493717 secs] [Times: user=3.98 sys=0.45, real=0.35 secs] 
2024-03-21T18:24:51.716+0800: 5567.137: [GC (Allocation Failure) 2024-03-21T18:24:51.716+0800: 5567.137: [ParNew: 20682529K->1044351K(22937600K), 0.4616324 secs] 20912028K->1274449K(130940928K), 0.4618889 secs] [Times: user=4.41 sys=1.97, real=0.47 secs] 
2024-03-21T18:25:36.815+0800: 5612.236: [GC (Allocation Failure) 2024-03-21T18:25:36.815+0800: 5612.236: [ParNew: 20705151K->1131022K(22937600K), 0.4590822 secs] 20935249K->1361559K(130940928K), 0.4593756 secs] [Times: user=4.55 sys=1.66, real=0.46 secs] 
2024-03-21T18:26:11.803+0800: 5647.223: [GC (Allocation Failure) 2024-03-21T18:26:11.803+0800: 5647.224: [ParNew: 20791822K->1120837K(22937600K), 0.4655939 secs] 21022359K->1351864K(130940928K), 0.4659268 secs] [Times: user=4.33 sys=1.91, real=0.47 secs] 
2024-03-21T18:26:50.540+0800: 5685.961: [GC (Allocation Failure) 2024-03-21T18:26:50.541+0800: 5685.962: [ParNew: 20781637K->1059022K(22937600K), 0.4526246 secs] 21012664K->1290713K(130940928K), 0.4529814 secs] [Times: user=4.33 sys=1.72, real=0.45 secs] 
2024-03-21T18:27:30.196+0800: 5725.617: [GC (Allocation Failure) 2024-03-21T18:27:30.196+0800: 5725.617: [ParNew: 20719822K->1026045K(22937600K), 0.4779116 secs] 20951513K->1258422K(130940928K), 0.4782145 secs] [Times: user=4.43 sys=2.01, real=0.48 secs] 
2024-03-21T18:28:09.231+0800: 5764.652: [GC (Allocation Failure) 2024-03-21T18:28:09.231+0800: 5764.652: [ParNew: 20686845K->910934K(22937600K), 0.5408115 secs] 20919222K->1143935K(130940928K), 0.5411082 secs] [Times: user=4.75 sys=2.89, real=0.54 secs] 
2024-03-21T18:28:46.553+0800: 5801.973: [GC (Allocation Failure) 2024-03-21T18:28:46.553+0800: 5801.974: [ParNew: 20571734K->1021328K(22937600K), 0.4924712 secs] 20804735K->1254821K(130940928K), 0.4927905 secs] [Times: user=4.61 sys=2.20, real=0.49 secs] 
2024-03-21T18:29:25.327+0800: 5840.748: [GC (Allocation Failure) 2024-03-21T18:29:25.327+0800: 5840.748: [ParNew: 20682128K->1036271K(22937600K), 0.4531426 secs] 20915621K->1270242K(130940928K), 0.4534613 secs] [Times: user=4.33 sys=1.85, real=0.46 secs] 
2024-03-21T18:30:06.507+0800: 5881.928: [GC (Allocation Failure) 2024-03-21T18:30:06.508+0800: 5881.928: [ParNew: 20697071K->1053394K(22937600K), 0.4596004 secs] 20931042K->1287787K(130940928K), 0.4599274 secs] [Times: user=4.40 sys=1.82, real=0.46 secs] 
2024-03-21T18:30:44.439+0800: 5919.860: [GC (Allocation Failure) 2024-03-21T18:30:44.439+0800: 5919.860: [ParNew: 20714194K->1038067K(22937600K), 0.4508488 secs] 20948587K->1272919K(130940928K), 0.4511653 secs] [Times: user=4.38 sys=1.65, real=0.45 secs] 
2024-03-21T18:31:21.038+0800: 5956.459: [GC (Allocation Failure) 2024-03-21T18:31:21.038+0800: 5956.459: [ParNew: 20698867K->1082354K(22937600K), 0.3631892 secs] 20933719K->1317744K(130940928K), 0.3635917 secs] [Times: user=4.16 sys=0.60, real=0.36 secs] 
2024-03-21T18:32:04.356+0800: 5999.777: [GC (Allocation Failure) 2024-03-21T18:32:04.356+0800: 5999.777: [ParNew: 20743154K->1083160K(22937600K), 0.4054267 secs] 20978544K->1319120K(130940928K), 0.4057370 secs] [Times: user=4.51 sys=0.97, real=0.41 secs] 
2024-03-21T18:32:43.942+0800: 6039.362: [GC (Allocation Failure) 2024-03-21T18:32:43.942+0800: 6039.362: [ParNew: 20743960K->1086573K(22937600K), 0.4554699 secs] 20979920K->1323074K(130940928K), 0.4557563 secs] [Times: user=4.89 sys=1.67, real=0.45 secs] 
2024-03-21T18:33:28.159+0800: 6083.580: [GC (Allocation Failure) 2024-03-21T18:33:28.159+0800: 6083.580: [ParNew: 20747373K->1047692K(22937600K), 0.4348923 secs] 20983874K->1284673K(130940928K), 0.4351949 secs] [Times: user=4.54 sys=1.32, real=0.43 secs] 
2024-03-21T18:34:05.751+0800: 6121.172: [GC (Allocation Failure) 2024-03-21T18:34:05.751+0800: 6121.172: [ParNew: 20708492K->1060936K(22937600K), 0.3498066 secs] 20945473K->1298564K(130940928K), 0.3501031 secs] [Times: user=3.99 sys=0.39, real=0.35 secs] 
2024-03-21T18:34:49.605+0800: 6165.026: [GC (Allocation Failure) 2024-03-21T18:34:49.605+0800: 6165.026: [ParNew: 20721736K->1105285K(22937600K), 0.4232633 secs] 20959364K->1343575K(130940928K), 0.4235577 secs] [Times: user=4.46 sys=1.31, real=0.43 secs] 
2024-03-21T18:35:28.496+0800: 6203.916: [GC (Allocation Failure) 2024-03-21T18:35:28.496+0800: 6203.917: [ParNew: 20766085K->1054519K(22937600K), 0.4600041 secs] 21004375K->1293540K(130940928K), 0.4602933 secs] [Times: user=4.40 sys=1.88, real=0.46 secs] 
2024-03-21T18:36:14.205+0800: 6249.626: [GC (Allocation Failure) 2024-03-21T18:36:14.206+0800: 6249.626: [ParNew: 20715319K->1018104K(22937600K), 0.4976986 secs] 20954340K->1257746K(130940928K), 0.4980280 secs] [Times: user=4.40 sys=2.43, real=0.50 secs] 
2024-03-21T18:38:10.282+0800: 6365.703: [GC (Allocation Failure) 2024-03-21T18:38:10.282+0800: 6365.703: [ParNew: 20678904K->944590K(22937600K), 0.4375456 secs] 20918546K->1184764K(130940928K), 0.4378591 secs] [Times: user=4.33 sys=1.54, real=0.44 secs] 
2024-03-21T18:38:55.624+0800: 6411.045: [GC (Allocation Failure) 2024-03-21T18:38:55.624+0800: 6411.045: [ParNew: 20605390K->751846K(22937600K), 0.4342018 secs] 20845564K->992624K(130940928K), 0.4345197 secs] [Times: user=4.50 sys=1.44, real=0.44 secs] 
2024-03-21T18:39:39.137+0800: 6454.558: [GC (Allocation Failure) 2024-03-21T18:39:39.137+0800: 6454.558: [ParNew: 20412646K->844028K(22937600K), 0.3371091 secs] 20653424K->1085473K(130940928K), 0.3373706 secs] [Times: user=4.04 sys=0.30, real=0.34 secs] 
2024-03-21T18:41:23.115+0800: 6558.535: [GC (Allocation Failure) 2024-03-21T18:41:23.115+0800: 6558.536: [ParNew: 20504828K->779985K(22937600K), 0.5042292 secs] 20746273K->1022079K(130940928K), 0.5045869 secs] [Times: user=4.51 sys=2.43, real=0.51 secs] 
2024-03-21T18:42:02.793+0800: 6598.214: [GC (Allocation Failure) 2024-03-21T18:42:02.793+0800: 6598.214: [ParNew: 20440785K->854621K(22937600K), 0.5375402 secs] 20682879K->1097395K(130940928K), 0.5378651 secs] [Times: user=4.81 sys=2.65, real=0.54 secs] 
2024-03-21T18:42:40.408+0800: 6635.829: [GC (Allocation Failure) 2024-03-21T18:42:40.408+0800: 6635.829: [ParNew: 20515421K->875232K(22937600K), 0.4679744 secs] 20758195K->1118579K(130940928K), 0.4682818 secs] [Times: user=4.29 sys=2.09, real=0.46 secs] 
2024-03-21T18:44:10.000+0800: 6725.420: [GC (Allocation Failure) 2024-03-21T18:44:10.000+0800: 6725.421: [ParNew: 20536032K->832935K(22937600K), 0.5557272 secs] 20779379K->1076970K(130940928K), 0.5560315 secs] [Times: user=4.53 sys=3.27, real=0.55 secs] 
2024-03-21T18:45:25.193+0800: 6800.614: [GC (Allocation Failure) 2024-03-21T18:45:25.193+0800: 6800.614: [ParNew: 20493735K->856690K(22937600K), 0.4989709 secs] 20737770K->1101523K(130940928K), 0.4992766 secs] [Times: user=4.59 sys=2.46, real=0.50 secs] 
2024-03-21T18:46:18.384+0800: 6853.805: [GC (Allocation Failure) 2024-03-21T18:46:18.384+0800: 6853.805: [ParNew: 20517490K->908304K(22937600K), 0.5618894 secs] 20762323K->1153962K(130940928K), 0.5622259 secs] [Times: user=4.67 sys=3.43, real=0.56 secs] 
2024-03-21T18:47:19.614+0800: 6915.035: [GC (Allocation Failure) 2024-03-21T18:47:19.614+0800: 6915.035: [ParNew: 20569104K->846528K(22937600K), 0.5632854 secs] 20814762K->1092899K(130940928K), 0.5635400 secs] [Times: user=4.81 sys=3.33, real=0.57 secs] 
2024-03-21T18:48:51.919+0800: 7007.339: [GC (Allocation Failure) 2024-03-21T18:48:51.919+0800: 7007.340: [ParNew: 20507328K->588398K(22937600K), 0.5335574 secs] 20753699K->835438K(130940928K), 0.5338932 secs] [Times: user=5.02 sys=2.76, real=0.53 secs] 
2024-03-21T18:49:33.185+0800: 7048.605: [GC (Allocation Failure) 2024-03-21T18:49:33.185+0800: 7048.606: [ParNew: 20249198K->701639K(22937600K), 0.5311291 secs] 20496238K->949253K(130940928K), 0.5314408 secs] [Times: user=4.91 sys=2.82, real=0.53 secs] 
2024-03-21T18:50:24.415+0800: 7099.836: [GC (Allocation Failure) 2024-03-21T18:50:24.416+0800: 7099.836: [ParNew: 20362439K->789490K(22937600K), 0.5780890 secs] 20610053K->1037838K(130940928K), 0.5784157 secs] [Times: user=5.07 sys=3.29, real=0.58 secs] 
2024-03-21T18:52:10.702+0800: 7206.123: [GC (Allocation Failure) 2024-03-21T18:52:10.702+0800: 7206.123: [ParNew: 20450290K->770576K(22937600K), 0.5560675 secs] 20698638K->1019663K(130940928K), 0.5564237 secs] [Times: user=4.45 sys=3.55, real=0.56 secs] 
2024-03-21T18:52:47.505+0800: 7242.926: [GC (Allocation Failure) 2024-03-21T18:52:47.506+0800: 7242.927: [ParNew: 20431376K->768253K(22937600K), 0.5979457 secs] 20680463K->1018115K(130940928K), 0.5983279 secs] [Times: user=5.01 sys=3.66, real=0.60 secs] 
2024-03-21T18:53:39.808+0800: 7295.229: [GC (Allocation Failure) 2024-03-21T18:53:39.808+0800: 7295.229: [ParNew: 20429053K->840618K(22937600K), 0.5525122 secs] 20678915K->1091908K(130940928K), 0.5527999 secs] [Times: user=4.89 sys=3.15, real=0.55 secs] 
2024-03-21T18:55:31.454+0800: 7406.875: [GC (Allocation Failure) 2024-03-21T18:55:31.455+0800: 7406.875: [ParNew: 20501418K->822783K(22937600K), 0.5588299 secs] 20752708K->1075188K(130940928K), 0.5591494 secs] [Times: user=4.61 sys=3.49, real=0.56 secs] 
2024-03-21T18:56:14.549+0800: 7449.969: [GC (Allocation Failure) 2024-03-21T18:56:14.549+0800: 7449.970: [ParNew: 20483583K->772450K(22937600K), 0.5701031 secs] 20735988K->1025718K(130940928K), 0.5703909 secs] [Times: user=4.81 sys=3.50, real=0.57 secs] 
2024-03-21T18:57:27.613+0800: 7523.034: [GC (Allocation Failure) 2024-03-21T18:57:27.614+0800: 7523.034: [ParNew: 20433250K->842845K(22937600K), 0.5800774 secs] 20686518K->1097513K(130940928K), 0.5804321 secs] [Times: user=4.99 sys=3.42, real=0.58 secs] 
2024-03-21T18:59:08.928+0800: 7624.349: [GC (Allocation Failure) 2024-03-21T18:59:08.928+0800: 7624.349: [ParNew: 20503645K->801271K(22937600K), 0.5941576 secs] 20758313K->1056975K(130940928K), 0.5944735 secs] [Times: user=4.38 sys=4.25, real=0.59 secs] 
2024-03-21T18:59:49.149+0800: 7664.570: [GC (Allocation Failure) 2024-03-21T18:59:49.149+0800: 7664.570: [ParNew: 20462071K->828059K(22937600K), 0.5564686 secs] 20717775K->1084544K(130940928K), 0.5568163 secs] [Times: user=4.66 sys=3.40, real=0.55 secs] 
2024-03-21T19:00:47.030+0800: 7722.451: [GC (Allocation Failure) 2024-03-21T19:00:47.030+0800: 7722.451: [ParNew: 20488859K->663629K(22937600K), 0.5777810 secs] 20745344K->921038K(130940928K), 0.5782342 secs] [Times: user=5.04 sys=3.32, real=0.58 secs] 
2024-03-21T19:02:30.157+0800: 7825.578: [GC (Allocation Failure) 2024-03-21T19:02:30.157+0800: 7825.578: [ParNew: 20324429K->689728K(22937600K), 0.5750275 secs] 20581838K->948475K(130940928K), 0.5752729 secs] [Times: user=4.64 sys=3.91, real=0.58 secs] 
2024-03-21T19:03:09.713+0800: 7865.134: [GC (Allocation Failure) 2024-03-21T19:03:09.713+0800: 7865.134: [ParNew: 20350528K->755576K(22937600K), 0.5305989 secs] 20609275K->1015321K(130940928K), 0.5308464 secs] [Times: user=4.51 sys=3.23, real=0.53 secs] 
2024-03-21T19:03:47.478+0800: 7902.898: [GC (Allocation Failure) 2024-03-21T19:03:47.478+0800: 7902.899: [ParNew: 20416376K->744809K(22937600K), 0.5838889 secs] 20676121K->1005497K(130940928K), 0.5842201 secs] [Times: user=5.45 sys=3.52, real=0.58 secs] 
2024-03-21T19:05:51.704+0800: 8027.125: [GC (Allocation Failure) 2024-03-21T19:05:51.705+0800: 8027.125: [ParNew: 20405609K->749343K(22937600K), 0.5687523 secs] 20666297K->1011397K(130940928K), 0.5689726 secs] [Times: user=4.37 sys=3.58, real=0.57 secs] 
2024-03-21T19:06:40.976+0800: 8076.397: [GC (Allocation Failure) 2024-03-21T19:06:40.976+0800: 8076.397: [ParNew: 20410143K->758825K(22937600K), 0.5469428 secs] 20672197K->1021824K(130940928K), 0.5471731 secs] [Times: user=4.84 sys=3.43, real=0.55 secs] 
2024-03-21T19:07:19.395+0800: 8114.815: [GC (Allocation Failure) 2024-03-21T19:07:19.395+0800: 8114.815: [ParNew: 20419625K->889039K(22937600K), 0.3685316 secs] 20682624K->1152919K(130940928K), 0.3687331 secs] [Times: user=4.52 sys=0.55, real=0.37 secs] 
2024-03-21T19:09:02.680+0800: 8218.101: [GC (Allocation Failure) 2024-03-21T19:09:02.680+0800: 8218.101: [ParNew: 20549839K->764423K(22937600K), 0.5740565 secs] 20813719K->1029708K(130940928K), 0.5743260 secs] [Times: user=4.53 sys=3.77, real=0.57 secs] 
2024-03-21T19:09:50.625+0800: 8266.046: [GC (Allocation Failure) 2024-03-21T19:09:50.626+0800: 8266.046: [ParNew: 20425223K->796754K(22937600K), 0.5469145 secs] 20690508K->1063441K(130940928K), 0.5472258 secs] [Times: user=4.81 sys=3.10, real=0.55 secs] 
2024-03-21T19:10:33.807+0800: 8309.228: [GC (Allocation Failure) 2024-03-21T19:10:33.807+0800: 8309.228: [ParNew: 20457554K->947649K(22937600K), 0.4012360 secs] 20724241K->1214531K(130940928K), 0.4015702 secs] [Times: user=4.70 sys=0.71, real=0.41 secs] 
2024-03-21T19:11:30.522+0800: 8365.943: [GC (Allocation Failure) 2024-03-21T19:11:30.522+0800: 8365.943: [ParNew: 20608449K->926830K(22937600K), 0.5394483 secs] 20875331K->1194073K(130940928K), 0.5396761 secs] [Times: user=5.08 sys=2.99, real=0.54 secs] 
2024-03-21T19:13:07.583+0800: 8463.004: [GC (Allocation Failure) 2024-03-21T19:13:07.583+0800: 8463.004: [ParNew: 20587630K->567629K(22937600K), 0.5672556 secs] 20854873K->835007K(130940928K), 0.5675073 secs] [Times: user=4.55 sys=3.93, real=0.57 secs] 
2024-03-21T19:13:50.507+0800: 8505.928: [GC (Allocation Failure) 2024-03-21T19:13:50.507+0800: 8505.928: [ParNew: 20228429K->708060K(22937600K), 0.5617860 secs] 20495807K->975704K(130940928K), 0.5620174 secs] [Times: user=4.76 sys=3.66, real=0.57 secs] 
2024-03-21T19:14:31.091+0800: 8546.512: [GC (Allocation Failure) 2024-03-21T19:14:31.091+0800: 8546.512: [ParNew: 20368860K->802717K(22937600K), 0.5504556 secs] 20636504K->1070689K(130940928K), 0.5506896 secs] [Times: user=4.80 sys=3.39, real=0.55 secs] 
2024-03-21T19:16:16.806+0800: 8652.227: [GC (Allocation Failure) 2024-03-21T19:16:16.807+0800: 8652.227: [ParNew: 20463517K->802094K(22937600K), 0.5567753 secs] 20731489K->1070246K(130940928K), 0.5569983 secs] [Times: user=4.65 sys=3.62, real=0.56 secs] 
2024-03-21T19:17:03.403+0800: 8698.823: [GC (Allocation Failure) 2024-03-21T19:17:03.403+0800: 8698.824: [ParNew: 20462894K->764260K(22937600K), 0.5620862 secs] 20731046K->1032633K(130940928K), 0.5623120 secs] [Times: user=4.98 sys=3.47, real=0.56 secs] 
2024-03-21T19:17:50.203+0800: 8745.624: [GC (Allocation Failure) 2024-03-21T19:17:50.203+0800: 8745.624: [ParNew: 20425060K->823779K(22937600K), 0.5534347 secs] 20693433K->1092539K(130940928K), 0.5536556 secs] [Times: user=4.97 sys=3.06, real=0.55 secs] 
2024-03-21T19:19:49.221+0800: 8864.642: [GC (Allocation Failure) 2024-03-21T19:19:49.221+0800: 8864.642: [ParNew: 20484579K->761146K(22937600K), 0.5950263 secs] 20753339K->1030037K(130940928K), 0.5952611 secs] [Times: user=4.34 sys=4.04, real=0.59 secs] 
2024-03-21T19:20:29.978+0800: 8905.399: [GC (Allocation Failure) 2024-03-21T19:20:29.979+0800: 8905.399: [ParNew: 20421946K->761827K(22937600K), 0.5841200 secs] 20690837K->1030832K(130940928K), 0.5843476 secs] [Times: user=4.63 sys=4.09, real=0.58 secs] 
2024-03-21T19:21:10.753+0800: 8946.174: [GC (Allocation Failure) 2024-03-21T19:21:10.753+0800: 8946.174: [ParNew: 20422627K->827428K(22937600K), 0.5550183 secs] 20691632K->1096918K(130940928K), 0.5552403 secs] [Times: user=4.96 sys=3.24, real=0.56 secs] 
2024-03-21T19:22:21.805+0800: 9017.226: [GC (Allocation Failure) 2024-03-21T19:22:21.805+0800: 9017.226: [ParNew: 20488228K->885825K(22937600K), 0.5967538 secs] 20757718K->1155479K(130940928K), 0.5970092 secs] [Times: user=4.75 sys=4.12, real=0.60 secs] 
2024-03-21T19:23:36.040+0800: 9091.461: [GC (Allocation Failure) 2024-03-21T19:23:36.041+0800: 9091.461: [ParNew: 20546625K->764965K(22937600K), 0.5450839 secs] 20816279K->1034749K(130940928K), 0.5453123 secs] [Times: user=4.57 sys=3.49, real=0.54 secs] 
2024-03-21T19:24:18.540+0800: 9133.961: [GC (Allocation Failure) 2024-03-21T19:24:18.541+0800: 9133.961: [ParNew: 20425765K->764276K(22937600K), 0.5374838 secs] 20695549K->1034422K(130940928K), 0.5377248 secs] [Times: user=4.48 sys=3.30, real=0.54 secs] 
2024-03-21T19:25:04.109+0800: 9179.530: [GC (Allocation Failure) 2024-03-21T19:25:04.109+0800: 9179.530: [ParNew: 20425076K->727366K(22937600K), 0.5636254 secs] 20695222K->997727K(130940928K), 0.5638621 secs] [Times: user=4.52 sys=3.84, real=0.56 secs] 
2024-03-21T19:26:52.192+0800: 9287.612: [GC (Allocation Failure) 2024-03-21T19:26:52.192+0800: 9287.613: [ParNew: 20388166K->787053K(22937600K), 0.5410259 secs] 20658527K->1057604K(130940928K), 0.5412414 secs] [Times: user=4.54 sys=3.17, real=0.54 secs] 
2024-03-21T19:27:31.368+0800: 9326.789: [GC (Allocation Failure) 2024-03-21T19:27:31.368+0800: 9326.789: [ParNew: 20447853K->762756K(22937600K), 0.5029826 secs] 20718404K->1033515K(130940928K), 0.5032028 secs] [Times: user=4.64 sys=2.60, real=0.50 secs] 
2024-03-21T19:28:15.865+0800: 9371.286: [GC (Allocation Failure) 2024-03-21T19:28:15.865+0800: 9371.286: [ParNew: 20423556K->827637K(22937600K), 0.5658196 secs] 20694315K->1098746K(130940928K), 0.5660196 secs] [Times: user=4.93 sys=3.20, real=0.57 secs] 
2024-03-21T19:30:25.841+0800: 9501.261: [GC (Allocation Failure) 2024-03-21T19:30:25.841+0800: 9501.262: [ParNew: 20488437K->814400K(22937600K), 0.5337795 secs] 20759546K->1085703K(130940928K), 0.5340014 secs] [Times: user=4.46 sys=2.98, real=0.53 secs] 
2024-03-21T19:31:08.726+0800: 9544.147: [GC (Allocation Failure) 2024-03-21T19:31:08.726+0800: 9544.147: [ParNew: 20475200K->740482K(22937600K), 0.5057085 secs] 20746503K->1011933K(130940928K), 0.5059667 secs] [Times: user=4.52 sys=2.63, real=0.51 secs] 
2024-03-21T19:31:55.157+0800: 9590.578: [GC (Allocation Failure) 2024-03-21T19:31:55.157+0800: 9590.578: [ParNew: 20401282K->829235K(22937600K), 0.5293729 secs] 20672733K->1101076K(130940928K), 0.5296231 secs] [Times: user=4.69 sys=2.83, real=0.53 secs] 
2024-03-21T19:33:41.025+0800: 9696.446: [GC (Allocation Failure) 2024-03-21T19:33:41.025+0800: 9696.446: [ParNew: 20490035K->784682K(22937600K), 0.4615608 secs] 20761876K->1056709K(130940928K), 0.4617825 secs] [Times: user=4.05 sys=2.37, real=0.46 secs] 
2024-03-21T19:34:25.361+0800: 9740.782: [GC (Allocation Failure) 2024-03-21T19:34:25.361+0800: 9740.782: [ParNew: 20445482K->793536K(22937600K), 0.4536293 secs] 20717509K->1065803K(130940928K), 0.4538786 secs] [Times: user=4.32 sys=1.99, real=0.45 secs] 
2024-03-21T19:35:04.928+0800: 9780.349: [GC (Allocation Failure) 2024-03-21T19:35:04.928+0800: 9780.349: [ParNew: 20454336K->784335K(22937600K), 0.4498426 secs] 20726603K->1057099K(130940928K), 0.4500451 secs] [Times: user=4.74 sys=2.06, real=0.45 secs] 
2024-03-21T19:36:13.820+0800: 9849.241: [GC (Allocation Failure) 2024-03-21T19:36:13.820+0800: 9849.241: [ParNew: 20445135K->785289K(22937600K), 0.4769271 secs] 20717899K->1058209K(130940928K), 0.4771403 secs] [Times: user=4.27 sys=2.45, real=0.47 secs] 
2024-03-21T19:37:35.819+0800: 9931.240: [GC (Allocation Failure) 2024-03-21T19:37:35.819+0800: 9931.240: [ParNew: 20446089K->734807K(22937600K), 0.4337433 secs] 20719009K->1007852K(130940928K), 0.4339533 secs] [Times: user=4.25 sys=1.89, real=0.43 secs] 
2024-03-21T19:38:23.190+0800: 9978.610: [GC (Allocation Failure) 2024-03-21T19:38:23.190+0800: 9978.611: [ParNew: 20395607K->748394K(22937600K), 0.4811007 secs] 20668652K->1021621K(130940928K), 0.4813205 secs] [Times: user=4.63 sys=2.29, real=0.48 secs] 
2024-03-21T19:39:39.133+0800: 10054.554: [GC (Allocation Failure) 2024-03-21T19:39:39.133+0800: 10054.554: [ParNew: 20409194K->758734K(22937600K), 0.4432857 secs] 20682421K->1032175K(130940928K), 0.4435178 secs] [Times: user=4.19 sys=2.02, real=0.44 secs] 
2024-03-21T19:41:11.011+0800: 10146.432: [GC (Allocation Failure) 2024-03-21T19:41:11.011+0800: 10146.432: [ParNew: 20419534K->707828K(22937600K), 0.4984473 secs] 20692975K->981426K(130940928K), 0.4986694 secs] [Times: user=4.19 sys=2.98, real=0.50 secs] 
2024-03-21T19:41:51.382+0800: 10186.803: [GC (Allocation Failure) 2024-03-21T19:41:51.383+0800: 10186.803: [ParNew: 20368628K->756653K(22937600K), 0.5088427 secs] 20642226K->1030459K(130940928K), 0.5090670 secs] [Times: user=4.35 sys=2.91, real=0.51 secs] 
2024-03-21T19:42:36.178+0800: 10231.599: [GC (Allocation Failure) 2024-03-21T19:42:36.178+0800: 10231.599: [ParNew: 20417453K->824523K(22937600K), 0.4760904 secs] 20691259K->1098689K(130940928K), 0.4763078 secs] [Times: user=4.50 sys=2.44, real=0.47 secs] 
2024-03-21T19:44:21.878+0800: 10337.298: [GC (Allocation Failure) 2024-03-21T19:44:21.878+0800: 10337.299: [ParNew: 20485323K->757911K(22937600K), 0.5390257 secs] 20759489K->1032201K(130940928K), 0.5392665 secs] [Times: user=4.39 sys=3.56, real=0.53 secs] 
2024-03-21T19:44:57.056+0800: 10372.476: [GC (Allocation Failure) 2024-03-21T19:44:57.056+0800: 10372.477: [ParNew: 20418711K->807450K(22937600K), 0.5461550 secs] 20693001K->1081898K(130940928K), 0.5463941 secs] [Times: user=4.58 sys=3.43, real=0.55 secs] 
2024-03-21T19:45:34.371+0800: 10409.792: [GC (Allocation Failure) 2024-03-21T19:45:34.371+0800: 10409.792: [ParNew: 20468250K->917558K(22937600K), 0.5362207 secs] 20742698K->1192557K(130940928K), 0.5364548 secs] [Times: user=4.74 sys=2.67, real=0.53 secs] 
2024-03-21T19:46:56.898+0800: 10492.319: [GC (Allocation Failure) 2024-03-21T19:46:56.898+0800: 10492.319: [ParNew: 20578358K->934934K(22937600K), 0.5638701 secs] 20853357K->1210190K(130940928K), 0.5641263 secs] [Times: user=4.49 sys=3.80, real=0.56 secs] 
2024-03-21T19:48:11.114+0800: 10566.535: [GC (Allocation Failure) 2024-03-21T19:48:11.114+0800: 10566.535: [ParNew: 20595734K->854434K(22937600K), 0.5012313 secs] 20870990K->1129928K(130940928K), 0.5014649 secs] [Times: user=4.43 sys=2.73, real=0.50 secs] 
2024-03-21T19:48:50.350+0800: 10605.771: [GC (Allocation Failure) 2024-03-21T19:48:50.350+0800: 10605.771: [ParNew: 20515234K->743637K(22937600K), 0.5176809 secs] 20790728K->1019495K(130940928K), 0.5179170 secs] [Times: user=4.85 sys=2.54, real=0.52 secs] 
2024-03-21T19:49:34.906+0800: 10650.327: [GC (Allocation Failure) 2024-03-21T19:49:34.906+0800: 10650.327: [ParNew: 20404437K->772022K(22937600K), 0.5084422 secs] 20680295K->1048032K(130940928K), 0.5086624 secs] [Times: user=4.37 sys=2.94, real=0.51 secs] 
2024-03-21T19:51:23.295+0800: 10758.716: [GC (Allocation Failure) 2024-03-21T19:51:23.295+0800: 10758.716: [ParNew: 20432822K->791573K(22937600K), 0.4856045 secs] 20708832K->1067747K(130940928K), 0.4858674 secs] [Times: user=4.75 sys=2.29, real=0.49 secs] 
2024-03-21T19:52:04.886+0800: 10800.307: [GC (Allocation Failure) 2024-03-21T19:52:04.886+0800: 10800.307: [ParNew: 20452373K->766420K(22937600K), 0.5047461 secs] 20728547K->1042830K(130940928K), 0.5049581 secs] [Times: user=4.91 sys=2.43, real=0.51 secs] 
2024-03-21T19:52:49.091+0800: 10844.512: [GC (Allocation Failure) 2024-03-21T19:52:49.091+0800: 10844.512: [ParNew: 20427220K->868906K(22937600K), 0.3682737 secs] 20703630K->1145567K(130940928K), 0.3685114 secs] [Times: user=4.49 sys=0.54, real=0.37 secs] 
2024-03-21T19:54:32.851+0800: 10948.272: [GC (Allocation Failure) 2024-03-21T19:54:32.851+0800: 10948.272: [ParNew: 20529706K->812158K(22937600K), 0.5373549 secs] 20806367K->1089001K(130940928K), 0.5375596 secs] [Times: user=4.50 sys=3.39, real=0.54 secs] 
2024-03-21T19:55:18.419+0800: 10993.840: [GC (Allocation Failure) 2024-03-21T19:55:18.419+0800: 10993.840: [ParNew: 20472958K->756393K(22937600K), 0.5269205 secs] 20749801K->1033568K(130940928K), 0.5271473 secs] [Times: user=4.64 sys=2.98, real=0.52 secs] 
2024-03-21T19:55:59.282+0800: 11034.703: [GC (Allocation Failure) 2024-03-21T19:55:59.282+0800: 11034.703: [ParNew: 20417193K->860051K(22937600K), 0.5599408 secs] 20694368K->1137552K(130940928K), 0.5601716 secs] [Times: user=4.57 sys=3.30, real=0.56 secs] 
2024-03-21T19:56:45.890+0800: 11081.311: [GC (Allocation Failure) 2024-03-21T19:56:45.890+0800: 11081.311: [ParNew: 20520851K->913319K(22937600K), 0.5402104 secs] 20798352K->1190993K(130940928K), 0.5404346 secs] [Times: user=4.48 sys=3.24, real=0.54 secs] 
2024-03-21T19:58:32.511+0800: 11187.932: [GC (Allocation Failure) 2024-03-21T19:58:32.511+0800: 11187.932: [ParNew: 20574119K->948877K(22937600K), 0.4977076 secs] 20851793K->1227170K(130940928K), 0.4979831 secs] [Times: user=4.64 sys=2.48, real=0.50 secs] 
2024-03-21T19:59:16.176+0800: 11231.597: [GC (Allocation Failure) 2024-03-21T19:59:16.176+0800: 11231.597: [ParNew: 20609677K->865122K(22937600K), 0.4897002 secs] 20887970K->1143821K(130940928K), 0.4899051 secs] [Times: user=4.51 sys=2.19, real=0.49 secs] 
2024-03-21T19:59:56.205+0800: 11271.625: [GC (Allocation Failure) 2024-03-21T19:59:56.205+0800: 11271.626: [ParNew: 20525922K->839339K(22937600K), 0.5078129 secs] 20804621K->1118153K(130940928K), 0.5080630 secs] [Times: user=4.73 sys=2.64, real=0.51 secs] 
2024-03-21T20:01:52.365+0800: 11387.786: [GC (Allocation Failure) 2024-03-21T20:01:52.365+0800: 11387.786: [ParNew: 20500139K->759432K(22937600K), 0.4615219 secs] 20778953K->1038352K(130940928K), 0.4617359 secs] [Times: user=4.35 sys=2.16, real=0.46 secs] 
2024-03-21T20:02:32.160+0800: 11427.580: [GC (Allocation Failure) 2024-03-21T20:02:32.160+0800: 11427.581: [ParNew: 20420232K->731210K(22937600K), 0.4548976 secs] 20699152K->1010435K(130940928K), 0.4551445 secs] [Times: user=4.81 sys=1.88, real=0.45 secs] 
2024-03-21T20:03:06.422+0800: 11461.843: [GC (Allocation Failure) 2024-03-21T20:03:06.422+0800: 11461.843: [ParNew: 20392010K->736506K(22937600K), 0.4722255 secs] 20671235K->1016045K(130940928K), 0.4724418 secs] [Times: user=4.33 sys=2.09, real=0.47 secs] 
2024-03-21T20:03:49.570+0800: 11504.991: [GC (Allocation Failure) 2024-03-21T20:03:49.570+0800: 11504.991: [ParNew: 20397306K->829163K(22937600K), 0.5143265 secs] 20676845K->1108823K(130940928K), 0.5145312 secs] [Times: user=4.46 sys=2.79, real=0.51 secs] 
2024-03-21T20:04:23.777+0800: 11539.197: [GC (Allocation Failure) 2024-03-21T20:04:23.777+0800: 11539.198: [ParNew: 20489963K->901191K(22937600K), 0.5356710 secs] 20769623K->1181010K(130940928K), 0.5358913 secs] [Times: user=4.33 sys=2.95, real=0.54 secs] 
2024-03-21T20:04:59.947+0800: 11575.368: [GC (Allocation Failure) 2024-03-21T20:04:59.948+0800: 11575.368: [ParNew: 20561991K->869521K(22937600K), 0.5277061 secs] 20841810K->1149798K(130940928K), 0.5279601 secs] [Times: user=4.53 sys=2.79, real=0.53 secs] 
2024-03-21T20:05:40.757+0800: 11616.178: [GC (Allocation Failure) 2024-03-21T20:05:40.757+0800: 11616.178: [ParNew: 20530321K->914418K(22937600K), 0.5056911 secs] 20810598K->1194835K(130940928K), 0.5059802 secs] [Times: user=4.64 sys=2.48, real=0.51 secs] 
2024-03-21T20:06:24.893+0800: 11660.314: [GC (Allocation Failure) 2024-03-21T20:06:24.894+0800: 11660.314: [ParNew: 20575218K->976298K(22937600K), 0.5169236 secs] 20855635K->1257154K(130940928K), 0.5171552 secs] [Times: user=4.40 sys=3.00, real=0.52 secs] 
2024-03-21T20:07:10.629+0800: 11706.049: [GC (Allocation Failure) 2024-03-21T20:07:10.629+0800: 11706.050: [ParNew: 20637098K->1082836K(22937600K), 0.5462757 secs] 20917954K->1364280K(130940928K), 0.5465447 secs] [Times: user=4.45 sys=3.42, real=0.54 secs] 
2024-03-21T20:07:50.960+0800: 11746.381: [GC (Allocation Failure) 2024-03-21T20:07:50.960+0800: 11746.381: [ParNew: 20743636K->1111652K(22937600K), 0.5633531 secs] 21025080K->1393258K(130940928K), 0.5636067 secs] [Times: user=4.79 sys=3.33, real=0.56 secs] 
2024-03-21T20:08:25.225+0800: 11780.646: [GC (Allocation Failure) 2024-03-21T20:08:25.225+0800: 11780.646: [ParNew: 20772452K->1061704K(22937600K), 0.5155564 secs] 21054058K->1343442K(130940928K), 0.5157809 secs] [Times: user=4.06 sys=2.87, real=0.52 secs] 
2024-03-21T20:09:02.611+0800: 11818.032: [GC (Allocation Failure) 2024-03-21T20:09:02.611+0800: 11818.032: [ParNew: 20722504K->1076113K(22937600K), 0.5184944 secs] 21004242K->1358020K(130940928K), 0.5187864 secs] [Times: user=4.82 sys=2.42, real=0.52 secs] 
2024-03-21T20:09:44.815+0800: 11860.236: [GC (Allocation Failure) 2024-03-21T20:09:44.815+0800: 11860.236: [ParNew: 20736913K->947446K(22937600K), 0.5190264 secs] 21018820K->1229785K(130940928K), 0.5193251 secs] [Times: user=4.39 sys=2.99, real=0.52 secs] 
2024-03-21T20:10:24.166+0800: 11899.587: [GC (Allocation Failure) 2024-03-21T20:10:24.166+0800: 11899.587: [ParNew: 20608246K->986071K(22937600K), 0.4779078 secs] 20890585K->1268582K(130940928K), 0.4782066 secs] [Times: user=4.45 sys=2.21, real=0.48 secs] 
2024-03-21T20:11:00.797+0800: 11936.218: [GC (Allocation Failure) 2024-03-21T20:11:00.797+0800: 11936.218: [ParNew: 20646871K->1022403K(22937600K), 0.4885118 secs] 20929382K->1305074K(130940928K), 0.4888225 secs] [Times: user=4.47 sys=2.12, real=0.49 secs] 
2024-03-21T20:11:34.575+0800: 11969.996: [GC (Allocation Failure) 2024-03-21T20:11:34.576+0800: 11969.996: [ParNew: 20683203K->1024423K(22937600K), 0.5555231 secs] 20965874K->1307541K(130940928K), 0.5558638 secs] [Times: user=4.69 sys=2.99, real=0.56 secs] 
2024-03-21T20:12:07.031+0800: 12002.452: [GC (Allocation Failure) 2024-03-21T20:12:07.031+0800: 12002.452: [ParNew: 20685223K->1086431K(22937600K), 0.5647474 secs] 20968341K->1369739K(130940928K), 0.5650116 secs] [Times: user=4.76 sys=2.98, real=0.56 secs] 
2024-03-21T20:12:43.365+0800: 12038.786: [GC (Allocation Failure) 2024-03-21T20:12:43.365+0800: 12038.786: [ParNew: 20747231K->1033780K(22937600K), 0.5743187 secs] 21030539K->1317220K(130940928K), 0.5746113 secs] [Times: user=5.28 sys=3.06, real=0.58 secs] 
2024-03-21T20:13:30.143+0800: 12085.564: [GC (Allocation Failure) 2024-03-21T20:13:30.143+0800: 12085.564: [ParNew: 20694580K->1062255K(22937600K), 0.5516140 secs] 20978020K->1345969K(130940928K), 0.5519532 secs] [Times: user=4.82 sys=3.25, real=0.55 secs] 
2024-03-21T20:14:11.396+0800: 12126.817: [GC (Allocation Failure) 2024-03-21T20:14:11.396+0800: 12126.817: [ParNew: 20723055K->1054656K(22937600K), 0.5233449 secs] 21006769K->1338533K(130940928K), 0.5235903 secs] [Times: user=4.98 sys=2.37, real=0.53 secs] 
2024-03-21T20:14:49.448+0800: 12164.869: [GC (Allocation Failure) 2024-03-21T20:14:49.448+0800: 12164.869: [ParNew: 20715456K->1059045K(22937600K), 0.3691389 secs] 20999333K->1343107K(130940928K), 0.3695496 secs] [Times: user=4.15 sys=0.75, real=0.37 secs] 
2024-03-21T20:15:24.896+0800: 12200.317: [GC (Allocation Failure) 2024-03-21T20:15:24.896+0800: 12200.317: [ParNew: 20719845K->1074776K(22937600K), 0.5121669 secs] 21003907K->1359047K(130940928K), 0.5124168 secs] [Times: user=4.55 sys=2.51, real=0.52 secs] 
2024-03-21T20:16:01.575+0800: 12236.996: [GC (Allocation Failure) 2024-03-21T20:16:01.576+0800: 12236.996: [ParNew: 20735576K->1078784K(22937600K), 0.5021777 secs] 21019847K->1363291K(130940928K), 0.5023986 secs] [Times: user=4.58 sys=2.64, real=0.51 secs] 
2024-03-21T20:16:40.665+0800: 12276.086: [GC (Allocation Failure) 2024-03-21T20:16:40.665+0800: 12276.086: [ParNew: 20739584K->1064001K(22937600K), 0.5376666 secs] 21024091K->1348776K(130940928K), 0.5379053 secs] [Times: user=4.70 sys=3.15, real=0.54 secs] 
2024-03-21T20:17:16.080+0800: 12311.501: [GC (Allocation Failure) 2024-03-21T20:17:16.080+0800: 12311.501: [ParNew: 20724801K->1065741K(22937600K), 0.4982499 secs] 21009576K->1350726K(130940928K), 0.4984585 secs] [Times: user=5.40 sys=1.99, real=0.50 secs] 
2024-03-21T20:17:51.179+0800: 12346.599: [GC (Allocation Failure) 2024-03-21T20:17:51.179+0800: 12346.600: [ParNew: 20726541K->1077133K(22937600K), 0.3548028 secs] 21011526K->1362300K(130940928K), 0.3550270 secs] [Times: user=4.60 sys=0.40, real=0.35 secs] 
2024-03-21T20:18:32.272+0800: 12387.693: [GC (Allocation Failure) 2024-03-21T20:18:32.272+0800: 12387.693: [ParNew: 20737933K->1030416K(22937600K), 0.4774058 secs] 21023100K->1315863K(130940928K), 0.4776506 secs] [Times: user=4.59 sys=2.06, real=0.48 secs] 
2024-03-21T20:19:05.307+0800: 12420.728: [GC (Allocation Failure) 2024-03-21T20:19:05.307+0800: 12420.728: [ParNew: 20691216K->1039443K(22937600K), 0.4746196 secs] 20976663K->1325196K(130940928K), 0.4748175 secs] [Times: user=4.52 sys=2.03, real=0.48 secs] 
2024-03-21T20:19:45.064+0800: 12460.485: [GC (Allocation Failure) 2024-03-21T20:19:45.064+0800: 12460.485: [ParNew: 20700243K->988726K(22937600K), 0.4602552 secs] 20985996K->1274671K(130940928K), 0.4605234 secs] [Times: user=4.58 sys=1.82, real=0.46 secs] 
2024-03-21T20:20:24.641+0800: 12500.062: [GC (Allocation Failure) 2024-03-21T20:20:24.641+0800: 12500.062: [ParNew: 20649526K->1030489K(22937600K), 0.5130019 secs] 20935471K->1316674K(130940928K), 0.5132383 secs] [Times: user=4.73 sys=2.45, real=0.51 secs] 
2024-03-21T20:21:06.645+0800: 12542.066: [GC (Allocation Failure) 2024-03-21T20:21:06.645+0800: 12542.066: [ParNew: 20691289K->1111043K(22937600K), 0.4924748 secs] 20977474K->1397446K(130940928K), 0.4927375 secs] [Times: user=4.55 sys=2.49, real=0.50 secs] 
2024-03-21T20:21:48.038+0800: 12583.459: [GC (Allocation Failure) 2024-03-21T20:21:48.038+0800: 12583.459: [ParNew: 20771843K->1072987K(22937600K), 0.4499568 secs] 21058246K->1359677K(130940928K), 0.4502199 secs] [Times: user=4.20 sys=2.04, real=0.45 secs] 
2024-03-21T20:22:25.209+0800: 12620.630: [GC (Allocation Failure) 2024-03-21T20:22:25.209+0800: 12620.630: [ParNew: 20733787K->1055161K(22937600K), 0.3588803 secs] 21020477K->1342184K(130940928K), 0.3591358 secs] [Times: user=4.07 sys=0.45, real=0.36 secs] 
2024-03-21T20:23:04.492+0800: 12659.913: [GC (Allocation Failure) 2024-03-21T20:23:04.493+0800: 12659.913: [ParNew: 20715961K->1044962K(22937600K), 0.4227382 secs] 21002984K->1332370K(130940928K), 0.4229874 secs] [Times: user=4.29 sys=1.60, real=0.42 secs] 
2024-03-21T20:23:46.001+0800: 12701.422: [GC (Allocation Failure) 2024-03-21T20:23:46.001+0800: 12701.422: [ParNew: 20705762K->1030833K(22937600K), 0.4603789 secs] 20993170K->1318668K(130940928K), 0.4605785 secs] [Times: user=4.47 sys=1.88, real=0.46 secs] 
2024-03-21T20:24:25.368+0800: 12740.788: [GC (Allocation Failure) 2024-03-21T20:24:25.368+0800: 12740.789: [ParNew: 20691633K->1099249K(22937600K), 0.5244559 secs] 20979468K->1387448K(130940928K), 0.5246749 secs] [Times: user=4.50 sys=2.69, real=0.52 secs] 
2024-03-21T20:25:03.917+0800: 12779.338: [GC (Allocation Failure) 2024-03-21T20:25:03.917+0800: 12779.338: [ParNew: 20760049K->1101525K(22937600K), 0.5132358 secs] 21048248K->1390105K(130940928K), 0.5134665 secs] [Times: user=4.63 sys=2.42, real=0.52 secs] 
2024-03-21T20:25:35.339+0800: 12810.760: [GC (Allocation Failure) 2024-03-21T20:25:35.339+0800: 12810.760: [ParNew: 20762325K->1121828K(22937600K), 0.4923199 secs] 21050905K->1410849K(130940928K), 0.4925416 secs] [Times: user=4.34 sys=2.32, real=0.49 secs] 
2024-03-21T20:26:13.418+0800: 12848.839: [GC (Allocation Failure) 2024-03-21T20:26:13.418+0800: 12848.839: [ParNew: 20782628K->1056086K(22937600K), 0.4723679 secs] 21071649K->1345607K(130940928K), 0.4726290 secs] [Times: user=4.41 sys=2.06, real=0.47 secs] 
2024-03-21T20:26:45.448+0800: 12880.869: [GC (Allocation Failure) 2024-03-21T20:26:45.448+0800: 12880.869: [ParNew: 20716886K->918740K(22937600K), 0.5141745 secs] 21006407K->1208735K(130940928K), 0.5144801 secs] [Times: user=4.73 sys=2.57, real=0.51 secs] 
2024-03-21T20:27:30.259+0800: 12925.679: [GC (Allocation Failure) 2024-03-21T20:27:30.259+0800: 12925.680: [ParNew: 20579540K->1009537K(22937600K), 0.4573949 secs] 20869535K->1300066K(130940928K), 0.4577001 secs] [Times: user=4.40 sys=1.87, real=0.45 secs] 
2024-03-21T20:28:10.118+0800: 12965.538: [GC (Allocation Failure) 2024-03-21T20:28:10.118+0800: 12965.539: [ParNew: 20670337K->997880K(22937600K), 0.4553901 secs] 20960866K->1288949K(130940928K), 0.4556078 secs] [Times: user=4.11 sys=2.12, real=0.45 secs] 
2024-03-21T20:28:45.899+0800: 13001.320: [GC (Allocation Failure) 2024-03-21T20:28:45.899+0800: 13001.320: [ParNew: 20658680K->1031989K(22937600K), 0.5170359 secs] 20949749K->1323586K(130940928K), 0.5173608 secs] [Times: user=4.47 sys=2.20, real=0.51 secs] 
2024-03-21T20:29:22.486+0800: 13037.907: [GC (Allocation Failure) 2024-03-21T20:29:22.486+0800: 13037.907: [ParNew: 20692789K->1066218K(22937600K), 0.5077031 secs] 20984386K->1358352K(130940928K), 0.5079664 secs] [Times: user=4.64 sys=1.73, real=0.51 secs] 
2024-03-21T20:30:00.882+0800: 13076.303: [GC (Allocation Failure) 2024-03-21T20:30:00.883+0800: 13076.303: [ParNew: 20727018K->1004751K(22937600K), 0.5101984 secs] 21019152K->1297442K(130940928K), 0.5104400 secs] [Times: user=4.50 sys=2.55, real=0.51 secs] 
2024-03-21T20:30:44.579+0800: 13120.000: [GC (Allocation Failure) 2024-03-21T20:30:44.579+0800: 13120.000: [ParNew: 20665551K->1030776K(22937600K), 0.4950553 secs] 20958242K->1324026K(130940928K), 0.4953217 secs] [Times: user=4.49 sys=2.50, real=0.49 secs] 
2024-03-21T20:31:22.693+0800: 13158.114: [GC (Allocation Failure) 2024-03-21T20:31:22.693+0800: 13158.114: [ParNew: 20691576K->1059724K(22937600K), 0.4891790 secs] 20984826K->1353498K(130940928K), 0.4894407 secs] [Times: user=4.57 sys=2.32, real=0.49 secs] 
2024-03-21T20:31:53.004+0800: 13188.424: [GC (Allocation Failure) 2024-03-21T20:31:53.004+0800: 13188.425: [ParNew: 20720524K->1051225K(22937600K), 0.4748329 secs] 21014298K->1345482K(130940928K), 0.4751020 secs] [Times: user=4.53 sys=1.93, real=0.48 secs] 
2024-03-21T20:32:23.072+0800: 13218.493: [GC (Allocation Failure) 2024-03-21T20:32:23.072+0800: 13218.493: [ParNew: 20712025K->1081834K(22937600K), 0.4643133 secs] 21006282K->1376766K(130940928K), 0.4645710 secs] [Times: user=4.38 sys=1.70, real=0.46 secs] 
2024-03-21T20:32:54.904+0800: 13250.325: [GC (Allocation Failure) 2024-03-21T20:32:54.904+0800: 13250.325: [ParNew: 20742634K->1082206K(22937600K), 0.4413178 secs] 21037566K->1377809K(130940928K), 0.4415568 secs] [Times: user=4.36 sys=1.70, real=0.44 secs] 
2024-03-21T20:33:29.205+0800: 13284.626: [GC (Allocation Failure) 2024-03-21T20:33:29.206+0800: 13284.626: [ParNew: 20743006K->1114790K(22937600K), 0.4255705 secs] 21038609K->1410996K(130940928K), 0.4257876 secs] [Times: user=4.23 sys=1.61, real=0.43 secs] 
2024-03-21T20:34:06.533+0800: 13321.954: [GC (Allocation Failure) 2024-03-21T20:34:06.533+0800: 13321.954: [ParNew: 20775590K->1117964K(22937600K), 0.3553764 secs] 21071796K->1414696K(130940928K), 0.3555894 secs] [Times: user=3.89 sys=0.76, real=0.36 secs] 
2024-03-21T20:34:46.522+0800: 13361.943: [GC (Allocation Failure) 2024-03-21T20:34:46.522+0800: 13361.943: [ParNew: 20778764K->1128539K(22937600K), 0.4374627 secs] 21075496K->1425754K(130940928K), 0.4376673 secs] [Times: user=4.34 sys=1.76, real=0.44 secs] 
2024-03-21T20:35:24.906+0800: 13400.327: [GC (Allocation Failure) 2024-03-21T20:35:24.906+0800: 13400.327: [ParNew: 20789339K->1085911K(22937600K), 0.5059693 secs] 21086554K->1383757K(130940928K), 0.5061925 secs] [Times: user=4.73 sys=2.47, real=0.51 secs] 
2024-03-21T20:36:00.634+0800: 13436.055: [GC (Allocation Failure) 2024-03-21T20:36:00.635+0800: 13436.055: [ParNew: 20746711K->1128765K(22937600K), 0.4936389 secs] 21044557K->1427243K(130940928K), 0.4938888 secs] [Times: user=4.40 sys=2.36, real=0.50 secs] 
2024-03-21T20:36:41.535+0800: 13476.956: [GC (Allocation Failure) 2024-03-21T20:36:41.535+0800: 13476.956: [ParNew: 20789565K->1030159K(22937600K), 0.4578816 secs] 21088043K->1329352K(130940928K), 0.4581113 secs] [Times: user=4.38 sys=1.88, real=0.46 secs] 
2024-03-21T20:37:22.804+0800: 13518.225: [GC (Allocation Failure) 2024-03-21T20:37:22.804+0800: 13518.225: [ParNew: 20690959K->1068705K(22937600K), 0.4644810 secs] 20990152K->1368771K(130940928K), 0.4647083 secs] [Times: user=4.41 sys=2.11, real=0.47 secs] 
2024-03-21T20:38:03.367+0800: 13558.788: [GC (Allocation Failure) 2024-03-21T20:38:03.367+0800: 13558.788: [ParNew: 20729505K->1036818K(22937600K), 0.5036844 secs] 21029571K->1337523K(130940928K), 0.5039166 secs] [Times: user=4.77 sys=2.21, real=0.51 secs] 
2024-03-21T20:38:42.755+0800: 13598.176: [GC (Allocation Failure) 2024-03-21T20:38:42.755+0800: 13598.176: [ParNew: 20697618K->1057229K(22937600K), 0.4895896 secs] 20998323K->1358536K(130940928K), 0.4898470 secs] [Times: user=4.52 sys=2.16, real=0.49 secs] 
2024-03-21T20:39:18.418+0800: 13633.839: [GC (Allocation Failure) 2024-03-21T20:39:18.418+0800: 13633.839: [ParNew: 20718029K->1070256K(22937600K), 0.4509904 secs] 21019336K->1372269K(130940928K), 0.4512083 secs] [Times: user=4.49 sys=1.75, real=0.45 secs] 
2024-03-21T20:39:50.482+0800: 13665.903: [GC (Allocation Failure) 2024-03-21T20:39:50.482+0800: 13665.903: [ParNew: 20731056K->1006634K(22937600K), 0.4193407 secs] 21033069K->1309485K(130940928K), 0.4196513 secs] [Times: user=4.28 sys=1.47, real=0.42 secs] 
2024-03-21T20:40:21.913+0800: 13697.334: [GC (Allocation Failure) 2024-03-21T20:40:21.913+0800: 13697.334: [ParNew: 20667434K->1064014K(22937600K), 0.4272408 secs] 20970285K->1367645K(130940928K), 0.4274575 secs] [Times: user=4.91 sys=1.43, real=0.43 secs] 
2024-03-21T20:40:59.954+0800: 13735.375: [GC (Allocation Failure) 2024-03-21T20:40:59.954+0800: 13735.375: [ParNew: 20724814K->1094940K(22937600K), 0.3359241 secs] 21028445K->1399184K(130940928K), 0.3361440 secs] [Times: user=3.94 sys=0.45, real=0.34 secs] 
2024-03-21T20:41:34.404+0800: 13769.825: [GC (Allocation Failure) 2024-03-21T20:41:34.404+0800: 13769.825: [ParNew: 20755740K->1133497K(22937600K), 0.4369892 secs] 21059984K->1438314K(130940928K), 0.4372298 secs] [Times: user=4.32 sys=1.68, real=0.44 secs] 
2024-03-21T20:42:08.937+0800: 13804.358: [GC (Allocation Failure) 2024-03-21T20:42:08.937+0800: 13804.358: [ParNew: 20794297K->1061388K(22937600K), 0.4514844 secs] 21099114K->1366800K(130940928K), 0.4517347 secs] [Times: user=4.38 sys=1.72, real=0.46 secs] 
2024-03-21T20:42:40.013+0800: 13835.434: [GC (Allocation Failure) 2024-03-21T20:42:40.013+0800: 13835.434: [ParNew: 20722188K->1135629K(22937600K), 0.4466348 secs] 21027600K->1441651K(130940928K), 0.4468488 secs] [Times: user=4.40 sys=1.76, real=0.45 secs] 
2024-03-21T20:43:13.073+0800: 13868.493: [GC (Allocation Failure) 2024-03-21T20:43:13.073+0800: 13868.493: [ParNew: 20796429K->1173530K(22937600K), 0.4763523 secs] 21102451K->1480245K(130940928K), 0.4765926 secs] [Times: user=4.38 sys=2.19, real=0.48 secs] 
2024-03-21T20:43:46.241+0800: 13901.662: [GC (Allocation Failure) 2024-03-21T20:43:46.242+0800: 13901.662: [ParNew: 20834330K->1046667K(22937600K), 0.4875643 secs] 21141045K->1354160K(130940928K), 0.4878302 secs] [Times: user=4.32 sys=2.50, real=0.49 secs] 
2024-03-21T20:44:41.282+0800: 13956.703: [GC (Allocation Failure) 2024-03-21T20:44:41.282+0800: 13956.703: [ParNew: 20707467K->991040K(22937600K), 0.4746893 secs] 21014960K->1299197K(130940928K), 0.4749069 secs] [Times: user=4.09 sys=2.64, real=0.47 secs] 
2024-03-21T20:45:32.862+0800: 14008.283: [GC (Allocation Failure) 2024-03-21T20:45:32.862+0800: 14008.283: [ParNew: 20651840K->989628K(22937600K), 0.4827098 secs] 20959997K->1298388K(130940928K), 0.4829210 secs] [Times: user=4.52 sys=2.32, real=0.48 secs] 
2024-03-21T20:46:15.744+0800: 14051.165: [GC (Allocation Failure) 2024-03-21T20:46:15.744+0800: 14051.165: [ParNew: 20650428K->933895K(22937600K), 0.4977705 secs] 20959188K->1243290K(130940928K), 0.4979811 secs] [Times: user=4.09 sys=2.98, real=0.50 secs] 
2024-03-21T20:46:54.253+0800: 14089.674: [GC (Allocation Failure) 2024-03-21T20:46:54.253+0800: 14089.674: [ParNew: 20594695K->978412K(22937600K), 0.4783149 secs] 20904090K->1288564K(130940928K), 0.4785407 secs] [Times: user=4.47 sys=1.79, real=0.48 secs] 
2024-03-21T20:47:27.270+0800: 14122.691: [GC (Allocation Failure) 2024-03-21T20:47:27.270+0800: 14122.691: [ParNew: 20639212K->1003182K(22937600K), 0.4418832 secs] 20949364K->1314108K(130940928K), 0.4421624 secs] [Times: user=4.38 sys=1.62, real=0.44 secs] 
2024-03-21T20:48:01.557+0800: 14156.978: [GC (Allocation Failure) 2024-03-21T20:48:01.557+0800: 14156.978: [ParNew: 20663982K->1033039K(22937600K), 0.4484740 secs] 20974908K->1344663K(130940928K), 0.4488236 secs] [Times: user=4.41 sys=1.79, real=0.45 secs] 
2024-03-21T20:48:35.266+0800: 14190.687: [GC (Allocation Failure) 2024-03-21T20:48:35.266+0800: 14190.687: [ParNew: 20693839K->964946K(22937600K), 0.3592715 secs] 21005463K->1277170K(130940928K), 0.3595218 secs] [Times: user=3.73 sys=0.70, real=0.36 secs] 
2024-03-21T20:49:07.468+0800: 14222.889: [GC (Allocation Failure) 2024-03-21T20:49:07.468+0800: 14222.889: [ParNew: 20625746K->993068K(22937600K), 0.4426699 secs] 20937970K->1305888K(130940928K), 0.4429293 secs] [Times: user=4.42 sys=1.54, real=0.44 secs] 
2024-03-21T20:49:41.738+0800: 14257.158: [GC (Allocation Failure) 2024-03-21T20:49:41.738+0800: 14257.159: [ParNew: 20653868K->1107363K(22937600K), 0.4763019 secs] 20966688K->1420873K(130940928K), 0.4765522 secs] [Times: user=4.17 sys=2.38, real=0.47 secs] 
2024-03-21T20:50:15.802+0800: 14291.223: [GC (Allocation Failure) 2024-03-21T20:50:15.802+0800: 14291.223: [ParNew: 20768163K->1080997K(22937600K), 0.5254545 secs] 21081673K->1395327K(130940928K), 0.5257737 secs] [Times: user=4.63 sys=2.31, real=0.53 secs] 
2024-03-21T20:50:54.104+0800: 14329.525: [GC (Allocation Failure) 2024-03-21T20:50:54.104+0800: 14329.525: [ParNew: 20741797K->1089446K(22937600K), 0.5290522 secs] 21056127K->1404454K(130940928K), 0.5293445 secs] [Times: user=4.19 sys=3.14, real=0.53 secs] 
2024-03-21T20:51:34.482+0800: 14369.903: [GC (Allocation Failure) 2024-03-21T20:51:34.482+0800: 14369.903: [ParNew: 20750246K->1161874K(22937600K), 0.5495615 secs] 21065254K->1477496K(130940928K), 0.5498197 secs] [Times: user=4.59 sys=3.22, real=0.55 secs] 
2024-03-21T20:52:15.420+0800: 14410.841: [GC (Allocation Failure) 2024-03-21T20:52:15.420+0800: 14410.841: [ParNew: 20822674K->1074792K(22937600K), 0.4627398 secs] 21138296K->1390967K(130940928K), 0.4630191 secs] [Times: user=4.97 sys=1.88, real=0.46 secs] 
2024-03-21T20:52:56.883+0800: 14452.304: [GC (Allocation Failure) 2024-03-21T20:52:56.883+0800: 14452.304: [ParNew: 20735592K->957493K(22937600K), 0.4909325 secs] 21051767K->1274345K(130940928K), 0.4912493 secs] [Times: user=4.58 sys=2.05, real=0.49 secs] 
2024-03-21T20:53:38.915+0800: 14494.336: [GC (Allocation Failure) 2024-03-21T20:53:38.915+0800: 14494.336: [ParNew: 20618293K->953843K(22937600K), 0.5056218 secs] 20935145K->1271392K(130940928K), 0.5059532 secs] [Times: user=4.03 sys=2.94, real=0.51 secs] 
2024-03-21T20:54:16.017+0800: 14531.438: [GC (Allocation Failure) 2024-03-21T20:54:16.018+0800: 14531.439: [ParNew: 20614643K->986264K(22937600K), 0.4618462 secs] 20932192K->1304673K(130940928K), 0.4621803 secs] [Times: user=4.34 sys=2.02, real=0.46 secs] 
2024-03-21T20:54:52.655+0800: 14568.076: [GC (Allocation Failure) 2024-03-21T20:54:52.655+0800: 14568.076: [ParNew: 20647064K->1039067K(22937600K), 0.4288252 secs] 20965473K->1358387K(130940928K), 0.4291539 secs] [Times: user=4.36 sys=1.55, real=0.43 secs] 
2024-03-21T20:55:31.163+0800: 14606.584: [GC (Allocation Failure) 2024-03-21T20:55:31.163+0800: 14606.584: [ParNew: 20699867K->971507K(22937600K), 0.3497137 secs] 21019187K->1291911K(130940928K), 0.3499610 secs] [Times: user=4.15 sys=0.44, real=0.35 secs] 
2024-03-21T20:56:06.140+0800: 14641.561: [GC (Allocation Failure) 2024-03-21T20:56:06.140+0800: 14641.561: [ParNew: 20632307K->1048629K(22937600K), 0.4022604 secs] 20952711K->1369849K(130940928K), 0.4025008 secs] [Times: user=4.26 sys=1.31, real=0.40 secs] 
2024-03-21T20:56:45.870+0800: 14681.290: [GC (Allocation Failure) 2024-03-21T20:56:45.870+0800: 14681.291: [ParNew: 20709429K->1028252K(22937600K), 0.4344642 secs] 21030649K->1350260K(130940928K), 0.4347289 secs] [Times: user=4.30 sys=1.64, real=0.43 secs] 
2024-03-21T20:57:24.341+0800: 14719.762: [GC (Allocation Failure) 2024-03-21T20:57:24.341+0800: 14719.762: [ParNew: 20689052K->1053725K(22937600K), 0.4691642 secs] 21011060K->1376433K(130940928K), 0.4694424 secs] [Times: user=4.39 sys=1.79, real=0.47 secs] 
2024-03-21T20:57:59.482+0800: 14754.903: [GC (Allocation Failure) 2024-03-21T20:57:59.483+0800: 14754.903: [ParNew: 20714525K->1072335K(22937600K), 0.4560491 secs] 21037233K->1395818K(130940928K), 0.4563733 secs] [Times: user=4.45 sys=1.79, real=0.46 secs] 
2024-03-21T20:58:38.111+0800: 14793.532: [GC (Allocation Failure) 2024-03-21T20:58:38.111+0800: 14793.532: [ParNew: 20733135K->1085754K(22937600K), 0.4509789 secs] 21056618K->1409960K(130940928K), 0.4512858 secs] [Times: user=4.35 sys=1.97, real=0.45 secs] 
2024-03-21T20:59:13.318+0800: 14828.739: [GC (Allocation Failure) 2024-03-21T20:59:13.318+0800: 14828.739: [ParNew: 20746554K->1188157K(22937600K), 0.4590354 secs] 21070760K->1512892K(130940928K), 0.4593495 secs] [Times: user=4.34 sys=2.18, real=0.46 secs] 
2024-03-21T20:59:52.163+0800: 14867.584: [GC (Allocation Failure) 2024-03-21T20:59:52.163+0800: 14867.584: [ParNew: 20848957K->1209367K(22937600K), 0.4491051 secs] 21173692K->1534730K(130940928K), 0.4494108 secs] [Times: user=4.13 sys=1.97, real=0.45 secs] 
2024-03-21T21:00:36.873+0800: 14912.294: [GC (Allocation Failure) 2024-03-21T21:00:36.873+0800: 14912.294: [ParNew: 20870167K->1185835K(22937600K), 0.4760531 secs] 21195530K->1511967K(130940928K), 0.4763463 secs] [Times: user=4.39 sys=2.08, real=0.48 secs] 
2024-03-21T21:01:23.711+0800: 14959.132: [GC (Allocation Failure) 2024-03-21T21:01:23.711+0800: 14959.132: [ParNew: 20846635K->1034981K(22937600K), 0.4992922 secs] 21172767K->1361879K(130940928K), 0.4996095 secs] [Times: user=4.49 sys=2.42, real=0.50 secs] 
2024-03-21T21:02:03.555+0800: 14998.975: [GC (Allocation Failure) 2024-03-21T21:02:03.555+0800: 14998.976: [ParNew: 20695781K->1052990K(22937600K), 0.4915300 secs] 21022679K->1380674K(130940928K), 0.4918715 secs] [Times: user=4.58 sys=2.25, real=0.49 secs] 
2024-03-21T21:02:45.831+0800: 15041.252: [GC (Allocation Failure) 2024-03-21T21:02:45.831+0800: 15041.252: [ParNew: 20713790K->1012357K(22937600K), 0.4702507 secs] 21041474K->1340941K(130940928K), 0.4704701 secs] [Times: user=4.77 sys=1.96, real=0.47 secs] 
2024-03-21T21:03:30.968+0800: 15086.389: [GC (Allocation Failure) 2024-03-21T21:03:30.968+0800: 15086.389: [ParNew: 20673157K->985399K(22937600K), 0.4400955 secs] 21001741K->1314305K(130940928K), 0.4403544 secs] [Times: user=4.31 sys=1.85, real=0.44 secs] 
2024-03-21T21:04:10.322+0800: 15125.743: [GC (Allocation Failure) 2024-03-21T21:04:10.322+0800: 15125.743: [ParNew: 20646199K->934068K(22937600K), 0.3335720 secs] 20975105K->1263081K(130940928K), 0.3338100 secs] [Times: user=4.23 sys=0.34, real=0.33 secs] 
2024-03-21T21:04:48.784+0800: 15164.205: [GC (Allocation Failure) 2024-03-21T21:04:48.785+0800: 15164.205: [ParNew: 20594868K->986131K(22937600K), 0.4190744 secs] 20923881K->1315236K(130940928K), 0.4194005 secs] [Times: user=4.30 sys=1.39, real=0.42 secs] 
2024-03-21T21:05:29.501+0800: 15204.922: [GC (Allocation Failure) 2024-03-21T21:05:29.501+0800: 15204.922: [ParNew: 20646931K->1003760K(22937600K), 0.4314894 secs] 20976036K->1332960K(130940928K), 0.4318058 secs] [Times: user=4.24 sys=1.68, real=0.43 secs] 
2024-03-21T21:06:12.736+0800: 15248.157: [GC (Allocation Failure) 2024-03-21T21:06:12.737+0800: 15248.157: [ParNew: 20664560K->1019813K(22937600K), 0.4492453 secs] 20993760K->1349087K(130940928K), 0.4495289 secs] [Times: user=4.40 sys=1.73, real=0.45 secs] 
2024-03-21T21:06:51.056+0800: 15286.477: [GC (Allocation Failure) 2024-03-21T21:06:51.056+0800: 15286.477: [ParNew: 20680613K->1035642K(22937600K), 0.5104571 secs] 21009887K->1365082K(130940928K), 0.5106891 secs] [Times: user=4.62 sys=2.60, real=0.51 secs] 
2024-03-21T21:07:28.961+0800: 15324.382: [GC (Allocation Failure) 2024-03-21T21:07:28.961+0800: 15324.382: [ParNew: 20696442K->1077989K(22937600K), 0.4811451 secs] 21025882K->1407613K(130940928K), 0.4813787 secs] [Times: user=4.41 sys=2.37, real=0.48 secs] 
2024-03-21T21:08:11.689+0800: 15367.109: [GC (Allocation Failure) 2024-03-21T21:08:11.689+0800: 15367.109: [ParNew: 20738789K->1039725K(22937600K), 0.4446992 secs] 21068413K->1369488K(130940928K), 0.4449104 secs] [Times: user=4.45 sys=1.55, real=0.44 secs] 
2024-03-21T21:08:56.106+0800: 15411.527: [GC (Allocation Failure) 2024-03-21T21:08:56.106+0800: 15411.527: [ParNew: 20700525K->1104065K(22937600K), 0.4200493 secs] 21030288K->1433983K(130940928K), 0.4202953 secs] [Times: user=4.20 sys=1.63, real=0.42 secs] 
2024-03-21T21:09:38.292+0800: 15453.713: [GC (Allocation Failure) 2024-03-21T21:09:38.292+0800: 15453.713: [ParNew: 20764865K->1063565K(22937600K), 0.3265307 secs] 21094783K->1393648K(130940928K), 0.3267944 secs] [Times: user=3.96 sys=0.34, real=0.33 secs] 
2024-03-21T21:10:19.952+0800: 15495.372: [GC (Allocation Failure) 2024-03-21T21:10:19.952+0800: 15495.373: [ParNew: 20724365K->1005042K(22937600K), 0.4184190 secs] 21054448K->1335270K(130940928K), 0.4186486 secs] [Times: user=4.53 sys=1.35, real=0.42 secs] 
2024-03-21T21:11:03.220+0800: 15538.641: [GC (Allocation Failure) 2024-03-21T21:11:03.220+0800: 15538.641: [ParNew: 20665842K->1042523K(22937600K), 0.4505710 secs] 20996070K->1372938K(130940928K), 0.4507755 secs] [Times: user=4.62 sys=1.75, real=0.45 secs] 
2024-03-21T21:11:38.241+0800: 15573.662: [GC (Allocation Failure) 2024-03-21T21:11:38.242+0800: 15573.662: [ParNew: 20703323K->1065860K(22937600K), 0.4556102 secs] 21033738K->1396449K(130940928K), 0.4558651 secs] [Times: user=4.35 sys=1.82, real=0.45 secs] 
2024-03-21T21:12:14.598+0800: 15610.019: [GC (Allocation Failure) 2024-03-21T21:12:14.598+0800: 15610.019: [ParNew: 20726660K->1036371K(22937600K), 0.4778258 secs] 21057249K->1367137K(130940928K), 0.4781860 secs] [Times: user=4.54 sys=1.91, real=0.47 secs] 
2024-03-21T21:12:51.990+0800: 15647.411: [GC (Allocation Failure) 2024-03-21T21:12:51.990+0800: 15647.411: [ParNew: 20697171K->1032653K(22937600K), 0.4630056 secs] 21027937K->1363609K(130940928K), 0.4632306 secs] [Times: user=4.48 sys=1.96, real=0.46 secs] 
2024-03-21T21:13:27.624+0800: 15683.045: [GC (Allocation Failure) 2024-03-21T21:13:27.625+0800: 15683.045: [ParNew: 20693453K->1056239K(22937600K), 0.4308678 secs] 21024409K->1387396K(130940928K), 0.4311019 secs] [Times: user=4.41 sys=1.58, real=0.43 secs] 
2024-03-21T21:14:08.682+0800: 15724.103: [GC (Allocation Failure) 2024-03-21T21:14:08.682+0800: 15724.103: [ParNew: 20717039K->1107517K(22937600K), 0.3450268 secs] 21048196K->1438880K(130940928K), 0.3452692 secs] [Times: user=4.09 sys=0.36, real=0.34 secs] 
2024-03-21T21:14:46.601+0800: 15762.022: [GC (Allocation Failure) 2024-03-21T21:14:46.601+0800: 15762.022: [ParNew: 20768317K->1115247K(22937600K), 0.4204924 secs] 21099680K->1446969K(130940928K), 0.4207022 secs] [Times: user=4.42 sys=1.48, real=0.42 secs] 
2024-03-21T21:15:27.708+0800: 15803.128: [GC (Allocation Failure) 2024-03-21T21:15:27.708+0800: 15803.129: [ParNew: 20776047K->1120126K(22937600K), 0.4683865 secs] 21107769K->1452256K(130940928K), 0.4686077 secs] [Times: user=4.45 sys=2.11, real=0.46 secs] 
2024-03-21T21:16:09.051+0800: 15844.471: [GC (Allocation Failure) 2024-03-21T21:16:09.051+0800: 15844.472: [ParNew: 20780926K->1188881K(22937600K), 0.5021994 secs] 21113056K->1521429K(130940928K), 0.5024312 secs] [Times: user=4.44 sys=2.34, real=0.50 secs] 
2024-03-21T21:16:55.086+0800: 15890.506: [GC (Allocation Failure) 2024-03-21T21:16:55.086+0800: 15890.507: [ParNew: 20849681K->1038197K(22937600K), 0.4895706 secs] 21182229K->1371156K(130940928K), 0.4897959 secs] [Times: user=4.32 sys=2.34, real=0.49 secs] 
2024-03-21T21:17:36.084+0800: 15931.505: [GC (Allocation Failure) 2024-03-21T21:17:36.084+0800: 15931.505: [ParNew: 20698997K->1024597K(22937600K), 0.4048888 secs] 21031956K->1357948K(130940928K), 0.4051849 secs] [Times: user=3.89 sys=1.72, real=0.41 secs] 
2024-03-21T21:18:20.219+0800: 15975.640: [GC (Allocation Failure) 2024-03-21T21:18:20.219+0800: 15975.640: [ParNew: 20685397K->993550K(22937600K), 0.4509332 secs] 21018748K->1327292K(130940928K), 0.4511516 secs] [Times: user=4.43 sys=1.91, real=0.45 secs] 
2024-03-21T21:19:00.232+0800: 16015.653: [GC (Allocation Failure) 2024-03-21T21:19:00.232+0800: 16015.653: [ParNew: 20654350K->991072K(22937600K), 0.5111625 secs] 20988092K->1325347K(130940928K), 0.5113764 secs] [Times: user=4.73 sys=2.67, real=0.51 secs] 
2024-03-21T21:19:34.825+0800: 16050.246: [GC (Allocation Failure) 2024-03-21T21:19:34.825+0800: 16050.246: [ParNew: 20651872K->974846K(22937600K), 0.5018782 secs] 20986147K->1309662K(130940928K), 0.5020987 secs] [Times: user=4.63 sys=2.23, real=0.50 secs] 
2024-03-21T21:20:11.568+0800: 16086.988: [GC (Allocation Failure) 2024-03-21T21:20:11.568+0800: 16086.988: [ParNew: 20635646K->1035319K(22937600K), 0.4678256 secs] 20970462K->1370655K(130940928K), 0.4680490 secs] [Times: user=4.55 sys=2.03, real=0.46 secs] 
2024-03-21T21:20:42.859+0800: 16118.279: [GC (Allocation Failure) 2024-03-21T21:20:42.859+0800: 16118.280: [ParNew: 20696119K->999903K(22937600K), 0.4651770 secs] 21031455K->1335823K(130940928K), 0.4654432 secs] [Times: user=4.43 sys=1.81, real=0.46 secs] 
2024-03-21T21:21:20.460+0800: 16155.881: [GC (Allocation Failure) 2024-03-21T21:21:20.460+0800: 16155.881: [ParNew: 20660703K->1011549K(22937600K), 0.4494961 secs] 20996623K->1347996K(130940928K), 0.4497368 secs] [Times: user=4.29 sys=1.58, real=0.45 secs] 
2024-03-21T21:21:53.483+0800: 16188.904: [GC (Allocation Failure) 2024-03-21T21:21:53.483+0800: 16188.904: [ParNew: 20672349K->1094503K(22937600K), 0.3864343 secs] 21008796K->1431501K(130940928K), 0.3867386 secs] [Times: user=4.34 sys=0.73, real=0.39 secs] 
2024-03-21T21:22:33.088+0800: 16228.509: [GC (Allocation Failure) 2024-03-21T21:22:33.088+0800: 16228.509: [ParNew: 20755303K->1196707K(22937600K), 0.3991546 secs] 21092301K->1534295K(130940928K), 0.3993824 secs] [Times: user=4.18 sys=0.94, real=0.40 secs] 
2024-03-21T21:23:11.153+0800: 16266.574: [GC (Allocation Failure) 2024-03-21T21:23:11.153+0800: 16266.574: [ParNew: 20857507K->1114237K(22937600K), 0.4289158 secs] 21195095K->1452393K(130940928K), 0.4291388 secs] [Times: user=4.05 sys=1.87, real=0.43 secs] 
2024-03-21T21:23:45.731+0800: 16301.152: [GC (Allocation Failure) 2024-03-21T21:23:45.731+0800: 16301.152: [ParNew: 20775037K->1148339K(22937600K), 0.4538255 secs] 21113193K->1487090K(130940928K), 0.4540351 secs] [Times: user=4.32 sys=1.84, real=0.45 secs] 
2024-03-21T21:24:27.799+0800: 16343.220: [GC (Allocation Failure) 2024-03-21T21:24:27.799+0800: 16343.220: [ParNew: 20809139K->1133893K(22937600K), 0.4557159 secs] 21147890K->1473166K(130940928K), 0.4559762 secs] [Times: user=4.44 sys=1.84, real=0.45 secs] 
2024-03-21T21:25:08.596+0800: 16384.016: [GC (Allocation Failure) 2024-03-21T21:25:08.596+0800: 16384.017: [ParNew: 20794693K->1161010K(22937600K), 0.5105008 secs] 21133966K->1500858K(130940928K), 0.5107573 secs] [Times: user=4.35 sys=2.87, real=0.51 secs] 
2024-03-21T21:25:46.783+0800: 16422.204: [GC (Allocation Failure) 2024-03-21T21:25:46.783+0800: 16422.204: [ParNew: 20821810K->1091090K(22937600K), 0.4281924 secs] 21161658K->1431485K(130940928K), 0.4284303 secs] [Times: user=4.23 sys=1.59, real=0.43 secs] 
2024-03-21T21:26:29.969+0800: 16465.390: [GC (Allocation Failure) 2024-03-21T21:26:29.969+0800: 16465.390: [ParNew: 20523989K->1125473K(22937600K), 0.4464002 secs] 20864385K->1466531K(130940928K), 0.4466277 secs] [Times: user=4.86 sys=1.76, real=0.44 secs] 
2024-03-21T21:27:04.411+0800: 16499.832: [GC (Allocation Failure) 2024-03-21T21:27:04.411+0800: 16499.832: [ParNew: 20786273K->987751K(22937600K), 0.4392475 secs] 21127331K->1329549K(130940928K), 0.4395023 secs] [Times: user=4.31 sys=1.77, real=0.44 secs] 
2024-03-21T21:27:36.153+0800: 16531.574: [GC (Allocation Failure) 2024-03-21T21:27:36.154+0800: 16531.574: [ParNew: 20648551K->1040642K(22937600K), 0.4161898 secs] 20990349K->1383114K(130940928K), 0.4164494 secs] [Times: user=4.23 sys=1.43, real=0.42 secs] 
2024-03-21T21:28:12.828+0800: 16568.249: [GC (Allocation Failure) 2024-03-21T21:28:12.828+0800: 16568.249: [ParNew: 20701442K->1020640K(22937600K), 0.3445957 secs] 21043914K->1363787K(130940928K), 0.3448869 secs] [Times: user=4.08 sys=0.32, real=0.34 secs] 
2024-03-21T21:28:52.009+0800: 16607.430: [GC (Allocation Failure) 2024-03-21T21:28:52.009+0800: 16607.430: [ParNew: 20681440K->1060188K(22937600K), 0.4370389 secs] 21024587K->1403883K(130940928K), 0.4373404 secs] [Times: user=4.40 sys=1.48, real=0.43 secs] 
2024-03-21T21:29:28.306+0800: 16643.727: [GC (Allocation Failure) 2024-03-21T21:29:28.306+0800: 16643.727: [ParNew: 20720988K->1042933K(22937600K), 0.4562754 secs] 21064683K->1387178K(130940928K), 0.4565417 secs] [Times: user=4.35 sys=1.86, real=0.46 secs] 
2024-03-21T21:30:03.148+0800: 16678.569: [GC (Allocation Failure) 2024-03-21T21:30:03.148+0800: 16678.569: [ParNew: 20703733K->1090455K(22937600K), 0.4945039 secs] 21047978K->1435245K(130940928K), 0.4947799 secs] [Times: user=4.49 sys=2.24, real=0.49 secs] 
2024-03-21T21:30:43.214+0800: 16718.635: [GC (Allocation Failure) 2024-03-21T21:30:43.214+0800: 16718.635: [ParNew: 20751255K->1094579K(22937600K), 0.4503784 secs] 21096045K->1439930K(130940928K), 0.4505986 secs] [Times: user=4.59 sys=1.62, real=0.45 secs] 
2024-03-21T21:31:18.908+0800: 16754.328: [GC (Allocation Failure) 2024-03-21T21:31:18.908+0800: 16754.329: [ParNew: 20755379K->1090478K(22937600K), 0.4761278 secs] 21100730K->1436381K(130940928K), 0.4763996 secs] [Times: user=4.43 sys=2.27, real=0.47 secs] 
2024-03-21T21:31:50.535+0800: 16785.956: [GC (Allocation Failure) 2024-03-21T21:31:50.535+0800: 16785.956: [ParNew: 20751278K->1184719K(22937600K), 0.4923578 secs] 21097181K->1531211K(130940928K), 0.4925861 secs] [Times: user=4.85 sys=2.22, real=0.49 secs] 
2024-03-21T21:32:29.528+0800: 16824.949: [GC (Allocation Failure) 2024-03-21T21:32:29.529+0800: 16824.949: [ParNew: 20845519K->1147521K(22937600K), 0.4323837 secs] 21192011K->1494617K(130940928K), 0.4326132 secs] [Times: user=4.34 sys=1.64, real=0.43 secs] 
2024-03-21T21:33:03.219+0800: 16858.640: [GC (Allocation Failure) 2024-03-21T21:33:03.219+0800: 16858.640: [ParNew: 20808321K->1119207K(22937600K), 0.3475284 secs] 21155417K->1466880K(130940928K), 0.3477828 secs] [Times: user=4.05 sys=0.44, real=0.34 secs] 
2024-03-21T21:33:44.860+0800: 16900.281: [GC (Allocation Failure) 2024-03-21T21:33:44.860+0800: 16900.281: [ParNew: 20780007K->1187163K(22937600K), 0.4355559 secs] 21127680K->1535490K(130940928K), 0.4357800 secs] [Times: user=4.41 sys=1.68, real=0.43 secs] 
2024-03-21T21:34:23.558+0800: 16938.978: [GC (Allocation Failure) 2024-03-21T21:34:23.558+0800: 16938.978: [ParNew: 20847963K->1125998K(22937600K), 0.4565410 secs] 21196290K->1474969K(130940928K), 0.4567451 secs] [Times: user=4.47 sys=1.76, real=0.45 secs] 
2024-03-21T21:35:01.912+0800: 16977.333: [GC (Allocation Failure) 2024-03-21T21:35:01.913+0800: 16977.333: [ParNew: 20786798K->1043592K(22937600K), 0.5151751 secs] 21135769K->1393216K(130940928K), 0.5154033 secs] [Times: user=4.56 sys=2.83, real=0.52 secs] 
2024-03-21T21:35:42.168+0800: 17017.589: [GC (Allocation Failure) 2024-03-21T21:35:42.168+0800: 17017.589: [ParNew: 20704392K->995844K(22937600K), 0.4468067 secs] 21054016K->1346171K(130940928K), 0.4470872 secs] [Times: user=4.46 sys=1.80, real=0.44 secs] 
2024-03-21T21:36:21.543+0800: 17056.964: [GC (Allocation Failure) 2024-03-21T21:36:21.543+0800: 17056.964: [ParNew: 20656644K->1091871K(22937600K), 0.4626346 secs] 21006971K->1442747K(130940928K), 0.4628596 secs] [Times: user=4.16 sys=1.96, real=0.46 secs] 
2024-03-21T21:36:59.532+0800: 17094.952: [GC (Allocation Failure) 2024-03-21T21:36:59.532+0800: 17094.953: [ParNew: 20752671K->1041737K(22937600K), 0.4244748 secs] 21103547K->1393179K(130940928K), 0.4246972 secs] [Times: user=4.79 sys=1.53, real=0.42 secs] 
2024-03-21T21:37:34.344+0800: 17129.764: [GC (Allocation Failure) 2024-03-21T21:37:34.344+0800: 17129.764: [ParNew: 20702537K->1056209K(22937600K), 0.4199647 secs] 21053979K->1408304K(130940928K), 0.4202335 secs] [Times: user=4.25 sys=1.44, real=0.42 secs] 
2024-03-21T21:38:10.920+0800: 17166.341: [GC (Allocation Failure) 2024-03-21T21:38:10.920+0800: 17166.341: [ParNew: 20717009K->1008843K(22937600K), 0.3534122 secs] 21069104K->1361578K(130940928K), 0.3536340 secs] [Times: user=4.06 sys=0.38, real=0.35 secs] 
2024-03-21T21:38:47.105+0800: 17202.526: [GC (Allocation Failure) 2024-03-21T21:38:47.105+0800: 17202.526: [ParNew: 20669643K->1045210K(22937600K), 0.4468131 secs] 21022378K->1398602K(130940928K), 0.4470474 secs] [Times: user=4.35 sys=1.46, real=0.45 secs] 
2024-03-21T21:39:21.959+0800: 17237.380: [GC (Allocation Failure) 2024-03-21T21:39:21.959+0800: 17237.380: [ParNew: 20706010K->1033889K(22937600K), 0.4578505 secs] 21059402K->1387915K(130940928K), 0.4581957 secs] [Times: user=4.36 sys=1.73, real=0.45 secs] 
2024-03-21T21:39:59.100+0800: 17274.521: [GC (Allocation Failure) 2024-03-21T21:39:59.100+0800: 17274.521: [ParNew: 20694689K->1065718K(22937600K), 0.4724743 secs] 21048715K->1420448K(130940928K), 0.4727231 secs] [Times: user=4.57 sys=1.95, real=0.47 secs] 
2024-03-21T21:40:41.786+0800: 17317.207: [GC (Allocation Failure) 2024-03-21T21:40:41.786+0800: 17317.207: [ParNew: 20726518K->1141971K(22937600K), 0.4618965 secs] 21081248K->1497296K(130940928K), 0.4621160 secs] [Times: user=4.71 sys=1.83, real=0.47 secs] 
2024-03-21T21:41:20.688+0800: 17356.109: [GC (Allocation Failure) 2024-03-21T21:41:20.688+0800: 17356.109: [ParNew: 20802771K->1165420K(22937600K), 0.4206173 secs] 21158096K->1521318K(130940928K), 0.4208761 secs] [Times: user=4.38 sys=1.53, real=0.42 secs] 
2024-03-21T21:42:00.435+0800: 17395.856: [GC (Allocation Failure) 2024-03-21T21:42:00.435+0800: 17395.856: [ParNew: 20826220K->1117444K(22937600K), 0.3490721 secs] 21182118K->1473949K(130940928K), 0.3493196 secs] [Times: user=4.02 sys=0.60, real=0.35 secs] 
2024-03-21T21:42:35.278+0800: 17430.699: [GC (Allocation Failure) 2024-03-21T21:42:35.278+0800: 17430.699: [ParNew: 20778244K->1068740K(22937600K), 0.4025072 secs] 21134749K->1425842K(130940928K), 0.4027560 secs] [Times: user=4.13 sys=1.37, real=0.40 secs] 
2024-03-21T21:43:14.954+0800: 17470.375: [GC (Allocation Failure) 2024-03-21T21:43:14.954+0800: 17470.375: [ParNew: 20729540K->1046792K(22937600K), 0.4577129 secs] 21086642K->1404591K(130940928K), 0.4579181 secs] [Times: user=4.40 sys=2.03, real=0.46 secs] 
2024-03-21T21:43:51.139+0800: 17506.560: [GC (Allocation Failure) 2024-03-21T21:43:51.139+0800: 17506.560: [ParNew: 20707592K->1062628K(22937600K), 0.4670063 secs] 21065391K->1421180K(130940928K), 0.4672286 secs] [Times: user=4.26 sys=2.09, real=0.46 secs] 
2024-03-21T21:44:28.460+0800: 17543.881: [GC (Allocation Failure) 2024-03-21T21:44:28.460+0800: 17543.881: [ParNew: 20723428K->1039370K(22937600K), 0.4713582 secs] 21081980K->1398605K(130940928K), 0.4716055 secs] [Times: user=4.43 sys=1.63, real=0.47 secs] 
2024-03-21T21:45:04.398+0800: 17579.819: [GC (Allocation Failure) 2024-03-21T21:45:04.399+0800: 17579.819: [ParNew: 20700170K->1016588K(22937600K), 0.4269726 secs] 21059405K->1376512K(130940928K), 0.4272261 secs] [Times: user=4.22 sys=1.73, real=0.42 secs] 
2024-03-21T21:45:45.587+0800: 17621.008: [GC (Allocation Failure) 2024-03-21T21:45:45.587+0800: 17621.008: [ParNew: 20677388K->1078275K(22937600K), 0.3382156 secs] 21037312K->1438847K(130940928K), 0.3384472 secs] [Times: user=4.02 sys=0.46, real=0.34 secs] 
2024-03-21T21:46:20.676+0800: 17656.097: [GC (Allocation Failure) 2024-03-21T21:46:20.676+0800: 17656.097: [ParNew: 20739075K->1073097K(22937600K), 0.4572263 secs] 21099647K->1434321K(130940928K), 0.4575053 secs] [Times: user=4.34 sys=1.90, real=0.46 secs] 
2024-03-21T21:46:56.483+0800: 17691.904: [GC (Allocation Failure) 2024-03-21T21:46:56.483+0800: 17691.904: [ParNew: 20733897K->1081695K(22937600K), 0.4997818 secs] 21095121K->1443579K(130940928K), 0.5000558 secs] [Times: user=4.47 sys=2.37, real=0.50 secs] 
2024-03-21T21:47:33.951+0800: 17729.372: [GC (Allocation Failure) 2024-03-21T21:47:33.951+0800: 17729.372: [ParNew: 20742495K->1090335K(22937600K), 0.4990961 secs] 21104379K->1452891K(130940928K), 0.4993158 secs] [Times: user=4.96 sys=2.14, real=0.50 secs] 
2024-03-21T21:48:12.358+0800: 17767.779: [GC (Allocation Failure) 2024-03-21T21:48:12.358+0800: 17767.779: [ParNew: 20751135K->1126227K(22937600K), 0.5259797 secs] 21113691K->1489497K(130940928K), 0.5262007 secs] [Times: user=5.26 sys=2.77, real=0.52 secs] 
2024-03-21T21:49:04.197+0800: 17819.618: [GC (Allocation Failure) 2024-03-21T21:49:04.197+0800: 17819.618: [ParNew: 20787027K->1098359K(22937600K), 0.4631571 secs] 21150297K->1462303K(130940928K), 0.4634155 secs] [Times: user=4.33 sys=2.06, real=0.47 secs] 
2024-03-21T21:49:52.168+0800: 17867.589: [GC (Allocation Failure) 2024-03-21T21:49:52.168+0800: 17867.589: [ParNew: 20759159K->1010796K(22937600K), 0.4195015 secs] 21123103K->1375427K(130940928K), 0.4197434 secs] [Times: user=4.40 sys=1.49, real=0.42 secs] 
2024-03-21T21:50:51.435+0800: 17926.856: [GC (Allocation Failure) 2024-03-21T21:50:51.435+0800: 17926.856: [ParNew: 20671596K->1068772K(22937600K), 0.4333074 secs] 21036227K->1434230K(130940928K), 0.4335684 secs] [Times: user=4.45 sys=1.65, real=0.44 secs] 
2024-03-21T21:51:38.198+0800: 17973.619: [GC (Allocation Failure) 2024-03-21T21:51:38.198+0800: 17973.619: [ParNew: 20729572K->1043420K(22937600K), 0.4361558 secs] 21095030K->1409661K(130940928K), 0.4364098 secs] [Times: user=4.45 sys=1.71, real=0.43 secs] 
2024-03-21T21:52:19.121+0800: 18014.542: [GC (Allocation Failure) 2024-03-21T21:52:19.121+0800: 18014.542: [ParNew: 20704220K->993072K(22937600K), 0.4212820 secs] 21070461K->1360025K(130940928K), 0.4215243 secs] [Times: user=4.37 sys=1.47, real=0.42 secs] 
2024-03-21T21:53:11.174+0800: 18066.595: [GC (Allocation Failure) 2024-03-21T21:53:11.174+0800: 18066.595: [ParNew: 20653872K->682338K(22937600K), 0.4340377 secs] 21020825K->1049935K(130940928K), 0.4344099 secs] [Times: user=4.27 sys=1.75, real=0.44 secs] 
2024-03-21T21:54:03.733+0800: 18119.153: [GC (Allocation Failure) 2024-03-21T21:54:03.733+0800: 18119.153: [ParNew: 20343138K->817879K(22937600K), 0.4638113 secs] 20710735K->1186117K(130940928K), 0.4640690 secs] [Times: user=4.16 sys=2.45, real=0.46 secs] 
2024-03-21T21:54:49.212+0800: 18164.633: [GC (Allocation Failure) 2024-03-21T21:54:49.212+0800: 18164.633: [ParNew: 20478679K->878639K(22937600K), 0.4703486 secs] 20846917K->1247514K(130940928K), 0.4705704 secs] [Times: user=4.39 sys=2.29, real=0.47 secs] 
2024-03-21T21:56:03.105+0800: 18238.526: [GC (Allocation Failure) 2024-03-21T21:56:03.105+0800: 18238.526: [ParNew: 20539439K->899230K(22937600K), 0.4573948 secs] 20908314K->1268813K(130940928K), 0.4576300 secs] [Times: user=4.36 sys=2.13, real=0.46 secs] 
2024-03-21T21:57:03.638+0800: 18299.059: [GC (Allocation Failure) 2024-03-21T21:57:03.638+0800: 18299.059: [ParNew: 20560030K->875063K(22937600K), 0.4429806 secs] 20929613K->1245479K(130940928K), 0.4432313 secs] [Times: user=4.45 sys=1.69, real=0.44 secs] 
2024-03-21T21:58:28.053+0800: 18383.474: [GC (Allocation Failure) 2024-03-21T21:58:28.053+0800: 18383.474: [ParNew: 20535863K->858212K(22937600K), 0.4527235 secs] 20906279K->1229480K(130940928K), 0.4529519 secs] [Times: user=4.22 sys=2.17, real=0.45 secs] 
2024-03-21T21:59:14.667+0800: 18430.088: [GC (Allocation Failure) 2024-03-21T21:59:14.667+0800: 18430.088: [ParNew: 20519012K->794368K(22937600K), 0.4762206 secs] 20890280K->1166381K(130940928K), 0.4764706 secs] [Times: user=4.43 sys=2.37, real=0.48 secs] 
2024-03-21T21:59:50.683+0800: 18466.104: [GC (Allocation Failure) 2024-03-21T21:59:50.683+0800: 18466.104: [ParNew: 20455168K->817271K(22937600K), 0.4556985 secs] 20827181K->1190007K(130940928K), 0.4559548 secs] [Times: user=4.50 sys=1.65, real=0.46 secs] 
2024-03-21T22:00:30.251+0800: 18505.672: [GC (Allocation Failure) 2024-03-21T22:00:30.251+0800: 18505.672: [ParNew: 20478071K->828094K(22937600K), 0.4425532 secs] 20850807K->1201448K(130940928K), 0.4427906 secs] [Times: user=4.21 sys=2.03, real=0.44 secs] 
2024-03-21T22:01:10.719+0800: 18546.140: [GC (Allocation Failure) 2024-03-21T22:01:10.719+0800: 18546.140: [ParNew: 20488894K->934837K(22937600K), 0.4411109 secs] 20862248K->1308798K(130940928K), 0.4413624 secs] [Times: user=4.32 sys=1.93, real=0.44 secs] 
2024-03-21T22:02:22.290+0800: 18617.711: [GC (Allocation Failure) 2024-03-21T22:02:22.290+0800: 18617.711: [ParNew: 20595637K->911833K(22937600K), 0.4592704 secs] 20969598K->1286597K(130940928K), 0.4595023 secs] [Times: user=4.23 sys=2.30, real=0.46 secs] 
2024-03-21T22:03:14.720+0800: 18670.141: [GC (Allocation Failure) 2024-03-21T22:03:14.720+0800: 18670.141: [ParNew: 20572633K->884568K(22937600K), 0.4694015 secs] 20947397K->1260206K(130940928K), 0.4696785 secs] [Times: user=4.32 sys=2.11, real=0.47 secs] 
2024-03-21T22:04:13.995+0800: 18729.416: [GC (Allocation Failure) 2024-03-21T22:04:13.995+0800: 18729.416: [ParNew: 20545368K->813060K(22937600K), 0.5052112 secs] 20921006K->1189647K(130940928K), 0.5054584 secs] [Times: user=4.49 sys=2.63, real=0.51 secs] 
2024-03-21T22:04:56.268+0800: 18771.689: [GC (Allocation Failure) 2024-03-21T22:04:56.268+0800: 18771.689: [ParNew: 20473860K->857883K(22937600K), 0.4458093 secs] 20850447K->1235405K(130940928K), 0.4460754 secs] [Times: user=4.41 sys=1.64, real=0.44 secs] 
2024-03-21T22:05:34.673+0800: 18810.093: [GC (Allocation Failure) 2024-03-21T22:05:34.673+0800: 18810.093: [ParNew: 20518683K->841950K(22937600K), 0.3407206 secs] 20896205K->1220308K(130940928K), 0.3409352 secs] [Times: user=4.00 sys=0.33, real=0.34 secs] 
2024-03-21T22:06:13.411+0800: 18848.832: [GC (Allocation Failure) 2024-03-21T22:06:13.411+0800: 18848.832: [ParNew: 20502750K->888585K(22937600K), 0.4155038 secs] 20881108K->1267940K(130940928K), 0.4157110 secs] [Times: user=4.36 sys=1.33, real=0.41 secs] 
2024-03-21T22:06:50.715+0800: 18886.136: [GC (Allocation Failure) 2024-03-21T22:06:50.715+0800: 18886.136: [ParNew: 20549385K->890364K(22937600K), 0.4606532 secs] 20928740K->1270191K(130940928K), 0.4608822 secs] [Times: user=4.42 sys=1.86, real=0.46 secs] 
2024-03-21T22:07:27.165+0800: 18922.586: [GC (Allocation Failure) 2024-03-21T22:07:27.165+0800: 18922.586: [ParNew: 20551164K->1036968K(22937600K), 0.5320088 secs] 20930991K->1417018K(130940928K), 0.5322245 secs] [Times: user=4.56 sys=2.84, real=0.53 secs] 
2024-03-21T22:08:32.488+0800: 18987.909: [GC (Allocation Failure) 2024-03-21T22:08:32.488+0800: 18987.909: [ParNew: 20697768K->1049957K(22937600K), 0.5114266 secs] 21077818K->1430329K(130940928K), 0.5116398 secs] [Times: user=4.22 sys=3.24, real=0.51 secs] 
2024-03-21T22:09:21.736+0800: 19037.157: [GC (Allocation Failure) 2024-03-21T22:09:21.736+0800: 19037.157: [ParNew: 20710757K->1042733K(22937600K), 0.4651022 secs] 21091129K->1423347K(130940928K), 0.4653516 secs] [Times: user=4.38 sys=2.33, real=0.47 secs] 
2024-03-21T22:10:08.168+0800: 19083.589: [GC (Allocation Failure) 2024-03-21T22:10:08.168+0800: 19083.589: [ParNew: 20703533K->1123347K(22937600K), 0.5017695 secs] 21084147K->1504448K(130940928K), 0.5019640 secs] [Times: user=4.51 sys=2.83, real=0.50 secs] 
2024-03-21T22:10:51.033+0800: 19126.454: [GC (Allocation Failure) 2024-03-21T22:10:51.034+0800: 19126.454: [ParNew: 20784147K->1099123K(22937600K), 0.5059814 secs] 21165248K->1480441K(130940928K), 0.5062230 secs] [Times: user=4.77 sys=2.48, real=0.51 secs] 
2024-03-21T22:11:24.748+0800: 19160.169: [GC (Allocation Failure) 2024-03-21T22:11:24.748+0800: 19160.169: [ParNew: 20759923K->1033572K(22937600K), 0.4883501 secs] 21141241K->1415055K(130940928K), 0.4886124 secs] [Times: user=4.61 sys=2.38, real=0.48 secs] 
2024-03-21T22:12:05.960+0800: 19201.381: [GC (Allocation Failure) 2024-03-21T22:12:05.961+0800: 19201.381: [ParNew: 20694372K->954269K(22937600K), 0.3425466 secs] 21075855K->1335950K(130940928K), 0.3427951 secs] [Times: user=4.11 sys=0.48, real=0.34 secs] 
2024-03-21T22:12:45.747+0800: 19241.167: [GC (Allocation Failure) 2024-03-21T22:12:45.747+0800: 19241.168: [ParNew: 20615069K->1005089K(22937600K), 0.4663485 secs] 20996750K->1386967K(130940928K), 0.4665560 secs] [Times: user=4.73 sys=1.89, real=0.47 secs] 
2024-03-21T22:13:33.583+0800: 19289.004: [GC (Allocation Failure) 2024-03-21T22:13:33.584+0800: 19289.004: [ParNew: 20665889K->1001350K(22937600K), 0.4741208 secs] 21047767K->1383595K(130940928K), 0.4743427 secs] [Times: user=4.80 sys=2.11, real=0.48 secs] 
2024-03-21T22:14:27.711+0800: 19343.132: [GC (Allocation Failure) 2024-03-21T22:14:27.711+0800: 19343.132: [ParNew: 20662150K->1006763K(22937600K), 0.4871473 secs] 21044395K->1389247K(130940928K), 0.4873699 secs] [Times: user=4.51 sys=2.32, real=0.49 secs] 
2024-03-21T22:15:05.689+0800: 19381.110: [GC (Allocation Failure) 2024-03-21T22:15:05.689+0800: 19381.110: [ParNew: 20667563K->1025546K(22937600K), 0.4879890 secs] 21050047K->1408493K(130940928K), 0.4882294 secs] [Times: user=4.40 sys=2.28, real=0.48 secs] 
2024-03-21T22:15:46.013+0800: 19421.434: [GC (Allocation Failure) 2024-03-21T22:15:46.014+0800: 19421.434: [ParNew: 20686346K->1024234K(22937600K), 0.4408957 secs] 21069293K->1407384K(130940928K), 0.4411318 secs] [Times: user=4.25 sys=1.93, real=0.44 secs] 
2024-03-21T22:16:21.677+0800: 19457.098: [GC (Allocation Failure) 2024-03-21T22:16:21.677+0800: 19457.098: [ParNew: 20685034K->1021466K(22937600K), 0.3386641 secs] 21068184K->1404796K(130940928K), 0.3389002 secs] [Times: user=4.10 sys=0.40, real=0.34 secs] 
2024-03-21T22:17:08.998+0800: 19504.418: [GC (Allocation Failure) 2024-03-21T22:17:08.998+0800: 19504.419: [ParNew: 20682266K->1098538K(22937600K), 0.4172656 secs] 21065596K->1482033K(130940928K), 0.4175212 secs] [Times: user=4.29 sys=1.52, real=0.41 secs] 
2024-03-21T22:18:14.803+0800: 19570.224: [GC (Allocation Failure) 2024-03-21T22:18:14.804+0800: 19570.224: [ParNew: 20759338K->1078967K(22937600K), 0.4456687 secs] 21142833K->1462641K(130940928K), 0.4459193 secs] [Times: user=4.27 sys=2.09, real=0.45 secs] 
2024-03-21T22:19:14.783+0800: 19630.203: [GC (Allocation Failure) 2024-03-21T22:19:14.783+0800: 19630.204: [ParNew: 20739767K->1058871K(22937600K), 0.5045798 secs] 21123441K->1442723K(130940928K), 0.5048453 secs] [Times: user=4.49 sys=2.74, real=0.50 secs] 
2024-03-21T22:20:04.065+0800: 19679.485: [GC (Allocation Failure) 2024-03-21T22:20:04.065+0800: 19679.486: [ParNew: 20719671K->981596K(22937600K), 0.4800853 secs] 21103523K->1365772K(130940928K), 0.4803019 secs] [Times: user=4.51 sys=2.40, real=0.48 secs] 
2024-03-21T22:21:26.615+0800: 19762.036: [GC (Allocation Failure) 2024-03-21T22:21:26.615+0800: 19762.036: [ParNew: 20642396K->856033K(22937600K), 0.4458090 secs] 21026572K->1240534K(130940928K), 0.4460336 secs] [Times: user=4.50 sys=1.84, real=0.45 secs] 
2024-03-21T22:22:22.165+0800: 19817.586: [GC (Allocation Failure) 2024-03-21T22:22:22.165+0800: 19817.586: [ParNew: 20516833K->661239K(22937600K), 0.4159828 secs] 20901334K->1045937K(130940928K), 0.4162048 secs] [Times: user=4.30 sys=1.61, real=0.42 secs] 
2024-03-21T22:23:11.790+0800: 19867.211: [GC (Allocation Failure) 2024-03-21T22:23:11.790+0800: 19867.211: [ParNew: 20322039K->759414K(22937600K), 0.4442504 secs] 20706737K->1144290K(130940928K), 0.4445391 secs] [Times: user=4.38 sys=1.89, real=0.44 secs] 
2024-03-21T22:24:14.997+0800: 19930.417: [GC (Allocation Failure) 2024-03-21T22:24:14.997+0800: 19930.417: [ParNew: 20420214K->754621K(22937600K), 0.5013414 secs] 20805090K->1139641K(130940928K), 0.5016036 secs] [Times: user=4.47 sys=2.79, real=0.51 secs] 
2024-03-21T22:25:04.642+0800: 19980.062: [GC (Allocation Failure) 2024-03-21T22:25:04.642+0800: 19980.062: [ParNew: 20415421K->728984K(22937600K), 0.5057299 secs] 20800441K->1114174K(130940928K), 0.5059570 secs] [Times: user=4.32 sys=2.97, real=0.51 secs] 
2024-03-21T22:26:30.852+0800: 20066.273: [GC (Allocation Failure) 2024-03-21T22:26:30.852+0800: 20066.273: [ParNew: 20389784K->816118K(22937600K), 0.4566620 secs] 20774974K->1201488K(130940928K), 0.4568796 secs] [Times: user=4.20 sys=2.38, real=0.46 secs] 
2024-03-21T22:27:12.829+0800: 20108.250: [GC (Allocation Failure) 2024-03-21T22:27:12.829+0800: 20108.250: [ParNew: 20476918K->845721K(22937600K), 0.5141240 secs] 20862288K->1231348K(130940928K), 0.5143614 secs] [Times: user=4.48 sys=2.68, real=0.51 secs] 
2024-03-21T22:28:23.676+0800: 20179.097: [GC (Allocation Failure) 2024-03-21T22:28:23.676+0800: 20179.097: [ParNew: 20506521K->825329K(22937600K), 0.4860639 secs] 20892148K->1211261K(130940928K), 0.4862880 secs] [Times: user=4.24 sys=2.39, real=0.49 secs] 
2024-03-21T22:29:22.864+0800: 20238.284: [GC (Allocation Failure) 2024-03-21T22:29:22.864+0800: 20238.285: [ParNew: 20486129K->821983K(22937600K), 0.4720133 secs] 20872061K->1208356K(130940928K), 0.4722232 secs] [Times: user=4.39 sys=2.19, real=0.47 secs] 
2024-03-21T22:30:14.176+0800: 20289.597: [GC (Allocation Failure) 2024-03-21T22:30:14.176+0800: 20289.597: [ParNew: 20482783K->783638K(22937600K), 0.4729308 secs] 20869156K->1170211K(130940928K), 0.4731423 secs] [Times: user=4.24 sys=2.48, real=0.48 secs] 
2024-03-21T22:30:50.658+0800: 20326.078: [GC (Allocation Failure) 2024-03-21T22:30:50.658+0800: 20326.079: [ParNew: 20444438K->937165K(22937600K), 0.4620623 secs] 20831011K->1323915K(130940928K), 0.4623044 secs] [Times: user=4.50 sys=2.02, real=0.46 secs] 
2024-03-21T22:31:40.382+0800: 20375.802: [GC (Allocation Failure) 2024-03-21T22:31:40.382+0800: 20375.802: [ParNew: 20597965K->858235K(22937600K), 0.5238475 secs] 20984715K->1245305K(130940928K), 0.5241117 secs] [Times: user=4.60 sys=3.03, real=0.52 secs] 
2024-03-21T22:32:30.548+0800: 20425.969: [GC (Allocation Failure) 2024-03-21T22:32:30.548+0800: 20425.969: [ParNew: 20519035K->895503K(22937600K), 0.4991554 secs] 20906105K->1282980K(130940928K), 0.4993916 secs] [Times: user=4.45 sys=2.77, real=0.50 secs] 
2024-03-21T22:33:15.176+0800: 20470.596: [GC (Allocation Failure) 2024-03-21T22:33:15.176+0800: 20470.597: [ParNew: 20556303K->848937K(22937600K), 0.5145524 secs] 20943780K->1236931K(130940928K), 0.5147734 secs] [Times: user=4.40 sys=2.62, real=0.52 secs] 
2024-03-21T22:34:18.352+0800: 20533.773: [GC (Allocation Failure) 2024-03-21T22:34:18.352+0800: 20533.773: [ParNew: 20509737K->869538K(22937600K), 0.4621147 secs] 20897731K->1257969K(130940928K), 0.4623438 secs] [Times: user=4.26 sys=2.04, real=0.46 secs] 
2024-03-21T22:35:02.797+0800: 20578.218: [GC (Allocation Failure) 2024-03-21T22:35:02.798+0800: 20578.218: [ParNew: 20530338K->908761K(22937600K), 0.4379629 secs] 20918769K->1297811K(130940928K), 0.4381883 secs] [Times: user=4.50 sys=1.78, real=0.44 secs] 
2024-03-21T22:35:45.377+0800: 20620.798: [GC (Allocation Failure) 2024-03-21T22:35:45.377+0800: 20620.798: [ParNew: 20569561K->916543K(22937600K), 0.4573441 secs] 20958611K->1306104K(130940928K), 0.4575693 secs] [Times: user=4.59 sys=1.56, real=0.46 secs] 
2024-03-21T22:36:28.877+0800: 20664.297: [GC (Allocation Failure) 2024-03-21T22:36:28.877+0800: 20664.298: [ParNew: 20577343K->933968K(22937600K), 0.4657580 secs] 20966904K->1323900K(130940928K), 0.4659948 secs] [Times: user=4.38 sys=2.12, real=0.47 secs] 
2024-03-21T22:37:09.035+0800: 20704.456: [GC (Allocation Failure) 2024-03-21T22:37:09.035+0800: 20704.456: [ParNew: 20594768K->1005504K(22937600K), 0.5028421 secs] 20984700K->1395740K(130940928K), 0.5030699 secs] [Times: user=4.31 sys=2.92, real=0.51 secs] 
2024-03-21T22:38:13.124+0800: 20768.545: [GC (Allocation Failure) 2024-03-21T22:38:13.125+0800: 20768.545: [ParNew: 20666304K->990949K(22937600K), 0.4624483 secs] 21056540K->1381482K(130940928K), 0.4626984 secs] [Times: user=4.34 sys=2.07, real=0.46 secs] 
2024-03-21T22:38:59.224+0800: 20814.645: [GC (Allocation Failure) 2024-03-21T22:38:59.224+0800: 20814.645: [ParNew: 20651749K->983934K(22937600K), 0.4670893 secs] 21042282K->1374995K(130940928K), 0.4673109 secs] [Times: user=4.39 sys=2.20, real=0.47 secs] 
2024-03-21T22:39:57.549+0800: 20872.970: [GC (Allocation Failure) 2024-03-21T22:39:57.550+0800: 20872.970: [ParNew: 20644734K->945468K(22937600K), 0.4884362 secs] 21035795K->1336921K(130940928K), 0.4887087 secs] [Times: user=4.27 sys=2.54, real=0.49 secs] 
2024-03-21T22:40:42.719+0800: 20918.140: [GC (Allocation Failure) 2024-03-21T22:40:42.719+0800: 20918.140: [ParNew: 20606268K->966473K(22937600K), 0.4653812 secs] 20997721K->1358483K(130940928K), 0.4656370 secs] [Times: user=4.86 sys=1.66, real=0.46 secs] 
2024-03-21T22:41:23.084+0800: 20958.505: [GC (Allocation Failure) 2024-03-21T22:41:23.084+0800: 20958.505: [ParNew: 20627273K->767828K(22937600K), 0.5043873 secs] 21019283K->1160419K(130940928K), 0.5046086 secs] [Times: user=4.98 sys=2.83, real=0.51 secs] 
2024-03-21T22:42:01.224+0800: 20996.645: [GC (Allocation Failure) 2024-03-21T22:42:01.225+0800: 20996.645: [ParNew: 20428628K->816410K(22937600K), 0.5447524 secs] 20821219K->1209495K(130940928K), 0.5449839 secs] [Times: user=4.65 sys=3.39, real=0.55 secs] 
2024-03-21T22:43:03.372+0800: 21058.793: [GC (Allocation Failure) 2024-03-21T22:43:03.372+0800: 21058.793: [ParNew: 20477210K->872380K(22937600K), 0.4744890 secs] 20870295K->1265887K(130940928K), 0.4747471 secs] [Times: user=4.55 sys=2.32, real=0.47 secs] 
2024-03-21T22:43:54.182+0800: 21109.603: [GC (Allocation Failure) 2024-03-21T22:43:54.182+0800: 21109.603: [ParNew: 20533180K->898218K(22937600K), 0.4575330 secs] 20926687K->1292197K(130940928K), 0.4577484 secs] [Times: user=4.52 sys=2.08, real=0.46 secs] 
2024-03-21T22:44:56.376+0800: 21171.797: [GC (Allocation Failure) 2024-03-21T22:44:56.377+0800: 21171.797: [ParNew: 20559018K->890270K(22937600K), 0.4672947 secs] 20952997K->1284646K(130940928K), 0.4675320 secs] [Times: user=4.57 sys=2.03, real=0.47 secs] 
2024-03-21T22:45:43.467+0800: 21218.887: [GC (Allocation Failure) 2024-03-21T22:45:43.467+0800: 21218.887: [ParNew: 20551070K->943949K(22937600K), 0.3553012 secs] 20945446K->1338655K(130940928K), 0.3555218 secs] [Times: user=4.16 sys=0.37, real=0.36 secs] 
2024-03-21T22:46:21.856+0800: 21257.276: [GC (Allocation Failure) 2024-03-21T22:46:21.856+0800: 21257.277: [ParNew: 20604749K->901827K(22937600K), 0.4737631 secs] 20999455K->1297014K(130940928K), 0.4739756 secs] [Times: user=4.57 sys=2.05, real=0.48 secs] 
2024-03-21T22:47:35.944+0800: 21331.365: [GC (Allocation Failure) 2024-03-21T22:47:35.944+0800: 21331.365: [ParNew: 20562627K->891758K(22937600K), 0.4293473 secs] 20957814K->1287429K(130940928K), 0.4295617 secs] [Times: user=4.06 sys=1.81, real=0.43 secs] 
2024-03-21T22:48:45.147+0800: 21400.568: [GC (Allocation Failure) 2024-03-21T22:48:45.147+0800: 21400.568: [ParNew: 20552558K->857480K(22937600K), 0.4423016 secs] 20948229K->1253470K(130940928K), 0.4425416 secs] [Times: user=4.11 sys=2.17, real=0.45 secs] 
2024-03-21T22:49:43.442+0800: 21458.863: [GC (Allocation Failure) 2024-03-21T22:49:43.443+0800: 21458.863: [ParNew: 20518280K->882909K(22937600K), 0.4062254 secs] 20914270K->1279178K(130940928K), 0.4064580 secs] [Times: user=4.34 sys=1.32, real=0.41 secs] 
2024-03-21T22:50:26.024+0800: 21501.445: [GC (Allocation Failure) 2024-03-21T22:50:26.024+0800: 21501.445: [ParNew: 20543709K->872621K(22937600K), 0.4011093 secs] 20939978K->1269105K(130940928K), 0.4013638 secs] [Times: user=4.25 sys=1.28, real=0.40 secs] 
2024-03-21T22:51:29.750+0800: 21565.171: [GC (Allocation Failure) 2024-03-21T22:51:29.750+0800: 21565.171: [ParNew: 20533421K->734991K(22937600K), 0.3971429 secs] 20929905K->1131793K(130940928K), 0.3974342 secs] [Times: user=3.86 sys=1.69, real=0.40 secs] 
2024-03-21T22:52:52.563+0800: 21647.984: [GC (Allocation Failure) 2024-03-21T22:52:52.563+0800: 21647.984: [ParNew: 20395791K->540546K(22937600K), 0.4176618 secs] 20792593K->937634K(130940928K), 0.4179250 secs] [Times: user=4.15 sys=1.65, real=0.42 secs] 
2024-03-21T22:54:03.344+0800: 21718.765: [GC (Allocation Failure) 2024-03-21T22:54:03.344+0800: 21718.765: [ParNew: 20201346K->620704K(22937600K), 0.4431113 secs] 20598434K->1018190K(130940928K), 0.4433226 secs] [Times: user=4.08 sys=2.27, real=0.44 secs] 
2024-03-21T22:54:45.635+0800: 21761.055: [GC (Allocation Failure) 2024-03-21T22:54:45.635+0800: 21761.056: [ParNew: 20281504K->700110K(22937600K), 0.4403705 secs] 20678990K->1098047K(130940928K), 0.4405836 secs] [Times: user=4.18 sys=2.10, real=0.44 secs] 
2024-03-21T22:55:19.824+0800: 21795.245: [GC (Allocation Failure) 2024-03-21T22:55:19.824+0800: 21795.245: [ParNew: 20360910K->723129K(22937600K), 0.4426118 secs] 20758847K->1121379K(130940928K), 0.4428241 secs] [Times: user=4.18 sys=1.90, real=0.44 secs] 
2024-03-21T22:55:58.139+0800: 21833.560: [GC (Allocation Failure) 2024-03-21T22:55:58.139+0800: 21833.560: [ParNew: 20383929K->776875K(22937600K), 0.4092044 secs] 20782179K->1175392K(130940928K), 0.4094276 secs] [Times: user=4.20 sys=1.63, real=0.41 secs] 
2024-03-21T22:57:04.919+0800: 21900.340: [GC (Allocation Failure) 2024-03-21T22:57:04.919+0800: 21900.340: [ParNew: 20437675K->725182K(22937600K), 0.4345498 secs] 20836192K->1123972K(130940928K), 0.4348564 secs] [Times: user=3.82 sys=2.27, real=0.43 secs] 
2024-03-21T22:57:50.361+0800: 21945.782: [GC (Allocation Failure) 2024-03-21T22:57:50.362+0800: 21945.782: [ParNew: 20385982K->778535K(22937600K), 0.4440401 secs] 20784772K->1177640K(130940928K), 0.4443723 secs] [Times: user=4.10 sys=2.13, real=0.44 secs] 
2024-03-21T22:58:36.524+0800: 21991.944: [GC (Allocation Failure) 2024-03-21T22:58:36.524+0800: 21991.945: [ParNew: 20439335K->860981K(22937600K), 0.4311846 secs] 20838440K->1260603K(130940928K), 0.4314616 secs] [Times: user=4.02 sys=1.99, real=0.43 secs] 
2024-03-21T22:59:22.000+0800: 22037.421: [GC (Allocation Failure) 2024-03-21T22:59:22.000+0800: 22037.421: [ParNew: 20521781K->909172K(22937600K), 0.4259696 secs] 20921403K->1309082K(130940928K), 0.4261958 secs] [Times: user=4.25 sys=1.85, real=0.42 secs] 
2024-03-21T23:00:03.124+0800: 22078.545: [GC (Allocation Failure) 2024-03-21T23:00:03.124+0800: 22078.545: [ParNew: 20569972K->919205K(22937600K), 0.4449661 secs] 20969882K->1319386K(130940928K), 0.4452245 secs] [Times: user=4.30 sys=2.08, real=0.45 secs] 
2024-03-21T23:00:37.103+0800: 22112.524: [GC (Allocation Failure) 2024-03-21T23:00:37.103+0800: 22112.524: [ParNew: 20580005K->909420K(22937600K), 0.5056408 secs] 20980186K->1309957K(130940928K), 0.5058810 secs] [Times: user=4.36 sys=3.11, real=0.51 secs] 
2024-03-21T23:01:10.670+0800: 22146.091: [GC (Allocation Failure) 2024-03-21T23:01:10.671+0800: 22146.091: [ParNew: 20570220K->1007182K(22937600K), 0.5056258 secs] 20970757K->1408106K(130940928K), 0.5058794 secs] [Times: user=4.35 sys=3.01, real=0.50 secs] 
2024-03-21T23:02:02.432+0800: 22197.853: [GC (Allocation Failure) 2024-03-21T23:02:02.432+0800: 22197.853: [ParNew: 20667982K->968201K(22937600K), 0.4580542 secs] 21068906K->1369616K(130940928K), 0.4582831 secs] [Times: user=4.49 sys=1.96, real=0.46 secs] 
2024-03-21T23:02:56.585+0800: 22252.006: [GC (Allocation Failure) 2024-03-21T23:02:56.585+0800: 22252.006: [ParNew: 20629001K->912145K(22937600K), 0.4191044 secs] 21030416K->1314001K(130940928K), 0.4194143 secs] [Times: user=4.30 sys=1.68, real=0.42 secs] 
2024-03-21T23:03:43.755+0800: 22299.176: [GC (Allocation Failure) 2024-03-21T23:03:43.756+0800: 22299.176: [ParNew: 20572945K->877150K(22937600K), 0.4114021 secs] 20974801K->1279396K(130940928K), 0.4116548 secs] [Times: user=4.15 sys=1.76, real=0.41 secs] 
2024-03-21T23:04:31.673+0800: 22347.094: [GC (Allocation Failure) 2024-03-21T23:04:31.673+0800: 22347.094: [ParNew: 20537950K->841144K(22937600K), 0.4221385 secs] 20940196K->1243759K(130940928K), 0.4223459 secs] [Times: user=4.15 sys=1.95, real=0.42 secs] 
2024-03-21T23:05:09.735+0800: 22385.156: [GC (Allocation Failure) 2024-03-21T23:05:09.736+0800: 22385.156: [ParNew: 20501944K->883338K(22937600K), 0.4572729 secs] 20904559K->1286692K(130940928K), 0.4575350 secs] [Times: user=4.22 sys=2.19, real=0.46 secs] 
2024-03-21T23:05:42.941+0800: 22418.362: [GC (Allocation Failure) 2024-03-21T23:05:42.941+0800: 22418.362: [ParNew: 20544138K->903847K(22937600K), 0.4660648 secs] 20947492K->1307437K(130940928K), 0.4663387 secs] [Times: user=4.39 sys=2.42, real=0.47 secs] 
2024-03-21T23:06:12.971+0800: 22448.391: [GC (Allocation Failure) 2024-03-21T23:06:12.971+0800: 22448.392: [ParNew: 20564647K->922897K(22937600K), 0.4488104 secs] 20968237K->1326592K(130940928K), 0.4490078 secs] [Times: user=4.11 sys=2.36, real=0.45 secs] 
2024-03-21T23:06:52.673+0800: 22488.094: [GC (Allocation Failure) 2024-03-21T23:06:52.673+0800: 22488.094: [ParNew: 20583697K->884097K(22937600K), 0.4748596 secs] 20987392K->1287909K(130940928K), 0.4750830 secs] [Times: user=4.17 sys=2.78, real=0.48 secs] 
2024-03-21T23:07:50.430+0800: 22545.851: [GC (Allocation Failure) 2024-03-21T23:07:50.430+0800: 22545.851: [ParNew: 20544897K->919499K(22937600K), 0.4700974 secs] 20948709K->1323493K(130940928K), 0.4703171 secs] [Times: user=4.04 sys=2.60, real=0.47 secs] 
2024-03-21T23:08:37.733+0800: 22593.154: [GC (Allocation Failure) 2024-03-21T23:08:37.733+0800: 22593.154: [ParNew: 20580299K->980587K(22937600K), 0.4481092 secs] 20984293K->1384712K(130940928K), 0.4483347 secs] [Times: user=4.59 sys=2.27, real=0.45 secs] 
2024-03-21T23:09:22.702+0800: 22638.123: [GC (Allocation Failure) 2024-03-21T23:09:22.703+0800: 22638.123: [ParNew: 20641387K->1033069K(22937600K), 0.4325452 secs] 21045512K->1437324K(130940928K), 0.4327978 secs] [Times: user=4.32 sys=1.95, real=0.43 secs] 
2024-03-21T23:10:01.381+0800: 22676.802: [GC (Allocation Failure) 2024-03-21T23:10:01.381+0800: 22676.802: [ParNew: 20693869K->1021013K(22937600K), 0.4260235 secs] 21098124K->1425488K(130940928K), 0.4262442 secs] [Times: user=4.16 sys=1.98, real=0.42 secs] 
2024-03-21T23:10:34.939+0800: 22710.360: [GC (Allocation Failure) 2024-03-21T23:10:34.939+0800: 22710.360: [ParNew: 20681813K->1004434K(22937600K), 0.4444268 secs] 21086288K->1409112K(130940928K), 0.4446797 secs] [Times: user=4.50 sys=1.86, real=0.44 secs] 
2024-03-21T23:11:09.702+0800: 22745.123: [GC (Allocation Failure) 2024-03-21T23:11:09.702+0800: 22745.123: [ParNew: 20665234K->928997K(22937600K), 0.4151875 secs] 21069912K->1333778K(130940928K), 0.4153975 secs] [Times: user=4.31 sys=1.66, real=0.42 secs] 
2024-03-21T23:11:55.209+0800: 22790.630: [GC (Allocation Failure) 2024-03-21T23:11:55.209+0800: 22790.630: [ParNew: 20589797K->890938K(22937600K), 0.4356710 secs] 20994578K->1295812K(130940928K), 0.4359168 secs] [Times: user=4.34 sys=1.95, real=0.43 secs] 
2024-03-21T23:12:59.106+0800: 22854.527: [GC (Allocation Failure) 2024-03-21T23:12:59.106+0800: 22854.527: [ParNew: 20551738K->863073K(22937600K), 0.4284970 secs] 20956612K->1268090K(130940928K), 0.4288065 secs] [Times: user=4.13 sys=2.09, real=0.43 secs] 
2024-03-21T23:13:40.181+0800: 22895.601: [GC (Allocation Failure) 2024-03-21T23:13:40.181+0800: 22895.601: [ParNew: 20523873K->925732K(22937600K), 0.4481138 secs] 20928890K->1330902K(130940928K), 0.4483412 secs] [Times: user=4.32 sys=2.16, real=0.45 secs] 
2024-03-21T23:14:21.136+0800: 22936.557: [GC (Allocation Failure) 2024-03-21T23:14:21.136+0800: 22936.557: [ParNew: 20586532K->886599K(22937600K), 0.4385759 secs] 20991702K->1292000K(130940928K), 0.4388325 secs] [Times: user=4.38 sys=1.85, real=0.44 secs] 
2024-03-21T23:14:57.519+0800: 22972.940: [GC (Allocation Failure) 2024-03-21T23:14:57.519+0800: 22972.940: [ParNew: 20547399K->903426K(22937600K), 0.4419073 secs] 20952800K->1309156K(130940928K), 0.4421596 secs] [Times: user=4.26 sys=1.88, real=0.44 secs] 
2024-03-21T23:15:40.274+0800: 23015.695: [GC (Allocation Failure) 2024-03-21T23:15:40.274+0800: 23015.695: [ParNew: 20564226K->881383K(22937600K), 0.4130194 secs] 20969956K->1287241K(130940928K), 0.4132422 secs] [Times: user=4.18 sys=1.45, real=0.41 secs] 
2024-03-21T23:16:23.527+0800: 23058.948: [GC (Allocation Failure) 2024-03-21T23:16:23.528+0800: 23058.948: [ParNew: 20542183K->885150K(22937600K), 0.4046262 secs] 20948041K->1291124K(130940928K), 0.4048499 secs] [Times: user=4.38 sys=1.42, real=0.41 secs] 
2024-03-21T23:17:02.974+0800: 23098.395: [GC (Allocation Failure) 2024-03-21T23:17:02.974+0800: 23098.395: [ParNew: 20545950K->876234K(22937600K), 0.4066095 secs] 20951924K->1282327K(130940928K), 0.4068308 secs] [Times: user=4.21 sys=1.59, real=0.41 secs] 
2024-03-21T23:17:57.241+0800: 23152.662: [GC (Allocation Failure) 2024-03-21T23:17:57.241+0800: 23152.662: [ParNew: 20537034K->943100K(22937600K), 0.4038928 secs] 20943127K->1349356K(130940928K), 0.4041959 secs] [Times: user=3.93 sys=1.82, real=0.40 secs] 
2024-03-21T23:18:41.698+0800: 23197.119: [GC (Allocation Failure) 2024-03-21T23:18:41.698+0800: 23197.119: [ParNew: 20603900K->937540K(22937600K), 0.4626024 secs] 21010156K->1344033K(130940928K), 0.4628342 secs] [Times: user=4.42 sys=2.32, real=0.46 secs] 
2024-03-21T23:19:11.545+0800: 23226.966: [GC (Allocation Failure) 2024-03-21T23:19:11.545+0800: 23226.966: [ParNew: 20598340K->954094K(22937600K), 0.4664176 secs] 21004833K->1360815K(130940928K), 0.4666579 secs] [Times: user=4.12 sys=2.44, real=0.47 secs] 
2024-03-21T23:19:43.966+0800: 23259.387: [GC (Allocation Failure) 2024-03-21T23:19:43.966+0800: 23259.387: [ParNew: 20614894K->954356K(22937600K), 0.4836866 secs] 21021615K->1361419K(130940928K), 0.4839510 secs] [Times: user=4.30 sys=2.75, real=0.49 secs] 
2024-03-21T23:20:17.674+0800: 23293.094: [GC (Allocation Failure) 2024-03-21T23:20:17.674+0800: 23293.095: [ParNew: 20615156K->985844K(22937600K), 0.4578465 secs] 21022219K->1393079K(130940928K), 0.4580891 secs] [Times: user=4.79 sys=2.29, real=0.46 secs] 
2024-03-21T23:20:45.860+0800: 23321.281: [GC (Allocation Failure) 2024-03-21T23:20:45.860+0800: 23321.281: [ParNew: 20646644K->951697K(22937600K), 0.4443051 secs] 21053879K->1359095K(130940928K), 0.4445609 secs] [Times: user=4.81 sys=1.97, real=0.44 secs] 
2024-03-21T23:21:50.782+0800: 23386.202: [GC (Allocation Failure) 2024-03-21T23:21:50.782+0800: 23386.203: [ParNew: 20612497K->914554K(22937600K), 0.4027780 secs] 21019895K->1322118K(130940928K), 0.4030350 secs] [Times: user=4.06 sys=1.72, real=0.40 secs] 
2024-03-21T23:22:36.084+0800: 23431.504: [GC (Allocation Failure) 2024-03-21T23:22:36.084+0800: 23431.505: [ParNew: 20575354K->917815K(22937600K), 0.4292330 secs] 20982918K->1325594K(130940928K), 0.4294603 secs] [Times: user=4.38 sys=1.85, real=0.43 secs] 
2024-03-21T23:23:16.375+0800: 23471.796: [GC (Allocation Failure) 2024-03-21T23:23:16.375+0800: 23471.796: [ParNew: 20578615K->926921K(22937600K), 0.4765002 secs] 20986394K->1335065K(130940928K), 0.4767128 secs] [Times: user=4.19 sys=2.79, real=0.48 secs] 
2024-03-21T23:23:53.644+0800: 23509.065: [GC (Allocation Failure) 2024-03-21T23:23:53.645+0800: 23509.065: [ParNew: 20587721K->925041K(22937600K), 0.4605622 secs] 20995865K->1333638K(130940928K), 0.4607926 secs] [Times: user=4.08 sys=2.66, real=0.46 secs] 
2024-03-21T23:24:25.687+0800: 23541.108: [GC (Allocation Failure) 2024-03-21T23:24:25.687+0800: 23541.108: [ParNew: 20585841K->945130K(22937600K), 0.4716109 secs] 20994438K->1354114K(130940928K), 0.4718246 secs] [Times: user=4.23 sys=2.74, real=0.48 secs] 
2024-03-21T23:25:02.027+0800: 23577.448: [GC (Allocation Failure) 2024-03-21T23:25:02.027+0800: 23577.448: [ParNew: 20605930K->993476K(22937600K), 0.4977025 secs] 21014914K->1402836K(130940928K), 0.4979522 secs] [Times: user=4.53 sys=2.72, real=0.50 secs] 
2024-03-21T23:25:48.747+0800: 23624.168: [GC (Allocation Failure) 2024-03-21T23:25:48.747+0800: 23624.168: [ParNew: 20654276K->923499K(22937600K), 0.4848711 secs] 21063636K->1333242K(130940928K), 0.4851270 secs] [Times: user=4.25 sys=2.90, real=0.49 secs] 
2024-03-21T23:26:52.323+0800: 23687.744: [GC (Allocation Failure) 2024-03-21T23:26:52.323+0800: 23687.744: [ParNew: 20584299K->937287K(22937600K), 0.4650742 secs] 20994042K->1347491K(130940928K), 0.4653278 secs] [Times: user=4.26 sys=2.67, real=0.47 secs] 
2024-03-21T23:27:43.344+0800: 23738.765: [GC (Allocation Failure) 2024-03-21T23:27:43.344+0800: 23738.765: [ParNew: 20598087K->939702K(22937600K), 0.3985806 secs] 21008291K->1350359K(130940928K), 0.3988081 secs] [Times: user=4.00 sys=1.72, real=0.40 secs] 
2024-03-21T23:28:15.064+0800: 23770.485: [GC (Allocation Failure) 2024-03-21T23:28:15.065+0800: 23770.485: [ParNew: 20600502K->940649K(22937600K), 0.4104733 secs] 21011159K->1351930K(130940928K), 0.4107314 secs] [Times: user=4.20 sys=1.78, real=0.41 secs] 
2024-03-21T23:28:48.670+0800: 23804.091: [GC (Allocation Failure) 2024-03-21T23:28:48.671+0800: 23804.091: [ParNew: 20601449K->928713K(22937600K), 0.3149349 secs] 21012730K->1340628K(130940928K), 0.3151826 secs] [Times: user=3.88 sys=0.40, real=0.31 secs] 
2024-03-21T23:29:22.064+0800: 23837.485: [GC (Allocation Failure) 2024-03-21T23:29:22.065+0800: 23837.485: [ParNew: 20589513K->990348K(22937600K), 0.3913556 secs] 21001428K->1402712K(130940928K), 0.3915781 secs] [Times: user=4.35 sys=1.30, real=0.39 secs] 
2024-03-21T23:30:09.394+0800: 23884.815: [GC (Allocation Failure) 2024-03-21T23:30:09.394+0800: 23884.815: [ParNew: 20651148K->923776K(22937600K), 0.3840827 secs] 21063512K->1336557K(130940928K), 0.3842998 secs] [Times: user=4.32 sys=1.27, real=0.39 secs] 
2024-03-21T23:31:19.943+0800: 23955.364: [GC (Allocation Failure) 2024-03-21T23:31:19.943+0800: 23955.364: [ParNew: 20584576K->647084K(22937600K), 0.4340429 secs] 20997357K->1060317K(130940928K), 0.4343036 secs] [Times: user=4.28 sys=2.04, real=0.43 secs] 
2024-03-21T23:32:15.692+0800: 24011.112: [GC (Allocation Failure) 2024-03-21T23:32:15.692+0800: 24011.112: [ParNew: 20307884K->739759K(22937600K), 0.4137346 secs] 20721117K->1153384K(130940928K), 0.4139878 secs] [Times: user=4.28 sys=1.76, real=0.41 secs] 
2024-03-21T23:33:03.209+0800: 24058.630: [GC (Allocation Failure) 2024-03-21T23:33:03.209+0800: 24058.630: [ParNew: 20400559K->766363K(22937600K), 0.4125273 secs] 20814184K->1180502K(130940928K), 0.4127524 secs] [Times: user=4.40 sys=1.66, real=0.41 secs] 
2024-03-21T23:33:33.822+0800: 24089.243: [GC (Allocation Failure) 2024-03-21T23:33:33.822+0800: 24089.243: [ParNew: 20427163K->770088K(22937600K), 0.3961626 secs] 20841302K->1184885K(130940928K), 0.3963748 secs] [Times: user=4.68 sys=1.44, real=0.40 secs] 
2024-03-21T23:34:03.644+0800: 24119.065: [GC (Allocation Failure) 2024-03-21T23:34:03.644+0800: 24119.065: [ParNew: 20430888K->805284K(22937600K), 0.3975992 secs] 20845685K->1220547K(130940928K), 0.3978152 secs] [Times: user=4.18 sys=1.52, real=0.40 secs] 
2024-03-21T23:34:35.493+0800: 24150.913: [GC (Allocation Failure) 2024-03-21T23:34:35.493+0800: 24150.914: [ParNew: 20466084K->824323K(22937600K), 0.3983157 secs] 20881347K->1239995K(130940928K), 0.3985426 secs] [Times: user=4.28 sys=1.53, real=0.40 secs] 
2024-03-21T23:35:32.912+0800: 24208.332: [GC (Allocation Failure) 2024-03-21T23:35:32.912+0800: 24208.333: [ParNew: 20485123K->883856K(22937600K), 0.3970425 secs] 20900795K->1299966K(130940928K), 0.3972688 secs] [Times: user=4.09 sys=1.67, real=0.40 secs] 
2024-03-21T23:36:21.176+0800: 24256.596: [GC (Allocation Failure) 2024-03-21T23:36:21.176+0800: 24256.597: [ParNew: 20544656K->878269K(22937600K), 0.4129441 secs] 20960766K->1294771K(130940928K), 0.4131588 secs] [Times: user=4.28 sys=1.72, real=0.42 secs] 
2024-03-21T23:36:59.077+0800: 24294.498: [GC (Allocation Failure) 2024-03-21T23:36:59.077+0800: 24294.498: [ParNew: 20539069K->913578K(22937600K), 0.4443234 secs] 20955571K->1330493K(130940928K), 0.4445576 secs] [Times: user=4.19 sys=2.38, real=0.45 secs] 
2024-03-21T23:37:29.368+0800: 24324.789: [GC (Allocation Failure) 2024-03-21T23:37:29.369+0800: 24324.789: [ParNew: 20574378K->924334K(22937600K), 0.4573266 secs] 20991293K->1341837K(130940928K), 0.4575976 secs] [Times: user=3.73 sys=2.98, real=0.45 secs] 
2024-03-21T23:38:02.762+0800: 24358.183: [GC (Allocation Failure) 2024-03-21T23:38:02.763+0800: 24358.183: [ParNew: 20585134K->967469K(22937600K), 0.4718614 secs] 21002637K->1385755K(130940928K), 0.4721325 secs] [Times: user=4.23 sys=2.73, real=0.47 secs] 
2024-03-21T23:38:31.493+0800: 24386.914: [GC (Allocation Failure) 2024-03-21T23:38:31.493+0800: 24386.914: [ParNew: 20628269K->1003797K(22937600K), 0.4724867 secs] 21046555K->1422645K(130940928K), 0.4727043 secs] [Times: user=4.35 sys=2.64, real=0.47 secs] 
2024-03-21T23:39:03.342+0800: 24418.763: [GC (Allocation Failure) 2024-03-21T23:39:03.342+0800: 24418.763: [ParNew: 20664597K->1029944K(22937600K), 0.4518413 secs] 21083445K->1449293K(130940928K), 0.4520810 secs] [Times: user=4.39 sys=2.20, real=0.45 secs] 
2024-03-21T23:39:36.297+0800: 24451.718: [GC (Allocation Failure) 2024-03-21T23:39:36.297+0800: 24451.718: [ParNew: 20690744K->989611K(22937600K), 0.4680049 secs] 21110093K->1409426K(130940928K), 0.4682321 secs] [Times: user=4.27 sys=2.62, real=0.47 secs] 
2024-03-21T23:40:20.970+0800: 24496.391: [GC (Allocation Failure) 2024-03-21T23:40:20.970+0800: 24496.391: [ParNew: 20650411K->914014K(22937600K), 0.4503803 secs] 21070226K->1334340K(130940928K), 0.4506118 secs] [Times: user=4.50 sys=2.10, real=0.45 secs] 
2024-03-21T23:40:54.355+0800: 24529.776: [GC (Allocation Failure) 2024-03-21T23:40:54.355+0800: 24529.776: [ParNew: 20574814K->966564K(22937600K), 0.4621533 secs] 20995140K->1387608K(130940928K), 0.4624074 secs] [Times: user=4.40 sys=2.41, real=0.46 secs] 
2024-03-21T23:41:30.857+0800: 24566.278: [GC (Allocation Failure) 2024-03-21T23:41:30.857+0800: 24566.278: [ParNew: 20627364K->1003660K(22937600K), 0.4412069 secs] 21048408K->1425655K(130940928K), 0.4414195 secs] [Times: user=4.36 sys=2.11, real=0.45 secs] 
2024-03-21T23:42:02.949+0800: 24598.370: [GC (Allocation Failure) 2024-03-21T23:42:02.950+0800: 24598.370: [ParNew: 20664460K->995232K(22937600K), 0.4742130 secs] 21086455K->1417999K(130940928K), 0.4744220 secs] [Times: user=4.50 sys=2.64, real=0.47 secs] 
2024-03-21T23:42:37.184+0800: 24632.605: [GC (Allocation Failure) 2024-03-21T23:42:37.185+0800: 24632.605: [ParNew: 20656032K->1078479K(22937600K), 0.4733056 secs] 21078799K->1501770K(130940928K), 0.4735313 secs] [Times: user=4.51 sys=2.60, real=0.48 secs] 
2024-03-21T23:43:04.893+0800: 24660.314: [GC (Allocation Failure) 2024-03-21T23:43:04.893+0800: 24660.314: [ParNew: 20739279K->1110902K(22937600K), 0.5049957 secs] 21162570K->1534648K(130940928K), 0.5052365 secs] [Times: user=4.44 sys=3.13, real=0.51 secs] 
2024-03-21T23:43:38.220+0800: 24693.641: [GC (Allocation Failure) 2024-03-21T23:43:38.220+0800: 24693.641: [ParNew: 20771702K->1029178K(22937600K), 0.4600847 secs] 21195448K->1453355K(130940928K), 0.4603172 secs] [Times: user=4.44 sys=2.45, real=0.46 secs] 
2024-03-21T23:44:13.333+0800: 24728.754: [GC (Allocation Failure) 2024-03-21T23:44:13.333+0800: 24728.754: [ParNew: 20689978K->1065382K(22937600K), 0.4198485 secs] 21114155K->1490097K(130940928K), 0.4200772 secs] [Times: user=4.37 sys=1.86, real=0.42 secs] 
2024-03-21T23:44:51.065+0800: 24766.485: [GC (Allocation Failure) 2024-03-21T23:44:51.065+0800: 24766.486: [ParNew: 20726182K->1060193K(22937600K), 0.3963676 secs] 21150897K->1485589K(130940928K), 0.3966091 secs] [Times: user=4.54 sys=1.65, real=0.40 secs] 
2024-03-21T23:45:32.901+0800: 24808.322: [GC (Allocation Failure) 2024-03-21T23:45:32.901+0800: 24808.322: [ParNew: 20720993K->1148456K(22937600K), 0.4231227 secs] 21146389K->1574444K(130940928K), 0.4233689 secs] [Times: user=4.08 sys=2.09, real=0.42 secs] 
2024-03-21T23:46:06.902+0800: 24842.323: [GC (Allocation Failure) 2024-03-21T23:46:06.902+0800: 24842.323: [ParNew: 20809256K->1149686K(22937600K), 0.4715961 secs] 21235244K->1576206K(130940928K), 0.4718257 secs] [Times: user=4.56 sys=2.29, real=0.47 secs] 
2024-03-21T23:46:42.481+0800: 24877.902: [GC (Allocation Failure) 2024-03-21T23:46:42.481+0800: 24877.902: [ParNew: 20810486K->1034950K(22937600K), 0.4615539 secs] 21237006K->1461946K(130940928K), 0.4617853 secs] [Times: user=4.26 sys=2.59, real=0.46 secs] 
2024-03-21T23:47:18.993+0800: 24914.414: [GC (Allocation Failure) 2024-03-21T23:47:18.994+0800: 24914.414: [ParNew: 20695750K->1090264K(22937600K), 0.4583147 secs] 21122746K->1517714K(130940928K), 0.4585451 secs] [Times: user=4.36 sys=2.41, real=0.46 secs] 
2024-03-21T23:48:02.745+0800: 24958.166: [GC (Allocation Failure) 2024-03-21T23:48:02.746+0800: 24958.166: [ParNew: 20751064K->1006171K(22937600K), 0.4334447 secs] 21178514K->1434014K(130940928K), 0.4336855 secs] [Times: user=4.13 sys=2.23, real=0.44 secs] 
2024-03-21T23:48:34.995+0800: 24990.416: [GC (Allocation Failure) 2024-03-21T23:48:34.995+0800: 24990.416: [ParNew: 20666971K->934872K(22937600K), 0.4335326 secs] 21094814K->1363170K(130940928K), 0.4337706 secs] [Times: user=4.23 sys=2.12, real=0.44 secs] 
2024-03-21T23:49:33.188+0800: 25048.609: [GC (Allocation Failure) 2024-03-21T23:49:33.188+0800: 25048.609: [ParNew: 20595672K->901659K(22937600K), 0.4379852 secs] 21023970K->1330584K(130940928K), 0.4382022 secs] [Times: user=4.34 sys=2.17, real=0.43 secs] 
2024-03-21T23:50:08.454+0800: 25083.875: [GC (Allocation Failure) 2024-03-21T23:50:08.454+0800: 25083.875: [ParNew: 20562459K->899711K(22937600K), 0.4029628 secs] 20991384K->1329177K(130940928K), 0.4032296 secs] [Times: user=4.42 sys=1.46, real=0.41 secs] 
2024-03-21T23:50:41.761+0800: 25117.182: [GC (Allocation Failure) 2024-03-21T23:50:41.762+0800: 25117.182: [ParNew: 20560511K->873503K(22937600K), 0.4054397 secs] 20989977K->1303514K(130940928K), 0.4056918 secs] [Times: user=4.21 sys=1.72, real=0.40 secs] 
2024-03-21T23:51:14.236+0800: 25149.657: [GC (Allocation Failure) 2024-03-21T23:51:14.237+0800: 25149.657: [ParNew: 20534303K->926821K(22937600K), 0.4571543 secs] 20964314K->1357311K(130940928K), 0.4574960 secs] [Times: user=4.47 sys=2.18, real=0.46 secs] 
2024-03-21T23:51:47.951+0800: 25183.372: [GC (Allocation Failure) 2024-03-21T23:51:47.951+0800: 25183.372: [ParNew: 20587621K->939081K(22937600K), 0.4204285 secs] 21018111K->1370051K(130940928K), 0.4207553 secs] [Times: user=4.38 sys=1.78, real=0.42 secs] 
2024-03-21T23:52:25.834+0800: 25221.255: [GC (Allocation Failure) 2024-03-21T23:52:25.834+0800: 25221.255: [ParNew: 20599881K->944827K(22937600K), 0.4006986 secs] 21030851K->1376267K(130940928K), 0.4010045 secs] [Times: user=4.21 sys=1.60, real=0.40 secs] 
2024-03-21T23:53:20.653+0800: 25276.073: [GC (Allocation Failure) 2024-03-21T23:53:20.653+0800: 25276.073: [ParNew: 20605627K->917430K(22937600K), 0.3923401 secs] 21037067K->1349284K(130940928K), 0.3926371 secs] [Times: user=3.94 sys=1.77, real=0.39 secs] 
2024-03-21T23:54:03.963+0800: 25319.384: [GC (Allocation Failure) 2024-03-21T23:54:03.963+0800: 25319.384: [ParNew: 20578230K->936059K(22937600K), 0.4115941 secs] 21010084K->1368481K(130940928K), 0.4118187 secs] [Times: user=3.87 sys=2.05, real=0.41 secs] 
2024-03-21T23:54:45.115+0800: 25360.536: [GC (Allocation Failure) 2024-03-21T23:54:45.116+0800: 25360.536: [ParNew: 20596859K->929860K(22937600K), 0.4431625 secs] 21029281K->1362887K(130940928K), 0.4435392 secs] [Times: user=3.94 sys=2.44, real=0.45 secs] 
2024-03-21T23:55:20.375+0800: 25395.796: [GC (Allocation Failure) 2024-03-21T23:55:20.375+0800: 25395.796: [ParNew: 20590658K->975855K(22937600K), 0.4274139 secs] 21023684K->1409531K(130940928K), 0.4277283 secs] [Times: user=4.32 sys=1.85, real=0.43 secs] 
2024-03-21T23:55:54.812+0800: 25430.233: [GC (Allocation Failure) 2024-03-21T23:55:54.812+0800: 25430.233: [ParNew: 20636655K->978237K(22937600K), 0.3990969 secs] 21070331K->1412530K(130940928K), 0.3993554 secs] [Times: user=4.23 sys=1.59, real=0.40 secs] 
2024-03-21T23:56:26.043+0800: 25461.464: [GC (Allocation Failure) 2024-03-21T23:56:26.043+0800: 25461.464: [ParNew: 20639037K->983585K(22937600K), 0.3841913 secs] 21073330K->1418410K(130940928K), 0.3844324 secs] [Times: user=4.26 sys=1.35, real=0.39 secs] 
2024-03-21T23:56:54.163+0800: 25489.584: [GC (Allocation Failure) 2024-03-21T23:56:54.163+0800: 25489.584: [ParNew: 20644385K->992262K(22937600K), 0.4118955 secs] 21079210K->1427627K(130940928K), 0.4121122 secs] [Times: user=4.29 sys=1.67, real=0.41 secs] 
2024-03-21T23:57:25.872+0800: 25521.293: [GC (Allocation Failure) 2024-03-21T23:57:25.872+0800: 25521.293: [ParNew: 20653062K->954734K(22937600K), 0.4517029 secs] 21088427K->1390782K(130940928K), 0.4519125 secs] [Times: user=4.67 sys=1.99, real=0.45 secs] 
2024-03-21T23:58:14.401+0800: 25569.822: [GC (Allocation Failure) 2024-03-21T23:58:14.401+0800: 25569.822: [ParNew: 20615534K->903962K(22937600K), 0.4142344 secs] 21051582K->1340588K(130940928K), 0.4144538 secs] [Times: user=4.36 sys=1.88, real=0.41 secs] 
2024-03-21T23:59:06.067+0800: 25621.488: [GC (Allocation Failure) 2024-03-21T23:59:06.068+0800: 25621.488: [ParNew: 20564762K->932925K(22937600K), 0.4234004 secs] 21001388K->1370395K(130940928K), 0.4236334 secs] [Times: user=4.11 sys=2.09, real=0.43 secs] 
2024-03-21T23:59:46.448+0800: 25661.869: [GC (Allocation Failure) 2024-03-21T23:59:46.448+0800: 25661.869: [ParNew: 20593725K->930572K(22937600K), 0.4947489 secs] 21031195K->1368777K(130940928K), 0.4949596 secs] [Times: user=4.37 sys=3.06, real=0.49 secs] 
2024-03-22T00:00:20.237+0800: 25695.658: [GC (Allocation Failure) 2024-03-22T00:00:20.237+0800: 25695.658: [ParNew: 20591372K->911644K(22937600K), 0.4959682 secs] 21029577K->1350539K(130940928K), 0.4962073 secs] [Times: user=4.46 sys=2.84, real=0.50 secs] 
2024-03-22T00:00:51.536+0800: 25726.956: [GC (Allocation Failure) 2024-03-22T00:00:51.536+0800: 25726.957: [ParNew: 20572444K->922832K(22937600K), 0.4971104 secs] 21011339K->1362350K(130940928K), 0.4973831 secs] [Times: user=4.30 sys=2.75, real=0.50 secs] 
2024-03-22T00:01:21.156+0800: 25756.576: [GC (Allocation Failure) 2024-03-22T00:01:21.156+0800: 25756.577: [ParNew: 20583632K->981325K(22937600K), 0.5041352 secs] 21023150K->1421400K(130940928K), 0.5043509 secs] [Times: user=4.52 sys=2.62, real=0.51 secs] 
2024-03-22T00:01:52.371+0800: 25787.792: [GC (Allocation Failure) 2024-03-22T00:01:52.371+0800: 25787.792: [ParNew: 20642125K->966240K(22937600K), 0.4795054 secs] 21082200K->1407194K(130940928K), 0.4797164 secs] [Times: user=4.58 sys=2.39, real=0.48 secs] 
2024-03-22T00:02:22.840+0800: 25818.261: [GC (Allocation Failure) 2024-03-22T00:02:22.841+0800: 25818.261: [ParNew: 20627040K->976905K(22937600K), 0.4730199 secs] 21067994K->1418305K(130940928K), 0.4732751 secs] [Times: user=4.81 sys=2.15, real=0.47 secs] 
2024-03-22T00:03:00.112+0800: 25855.533: [GC (Allocation Failure) 2024-03-22T00:03:00.112+0800: 25855.533: [ParNew: 20637705K->998577K(22937600K), 0.4357272 secs] 21079105K->1440358K(130940928K), 0.4359556 secs] [Times: user=4.42 sys=2.17, real=0.44 secs] 
2024-03-22T00:03:34.144+0800: 25889.564: [GC (Allocation Failure) 2024-03-22T00:03:34.144+0800: 25889.564: [ParNew: 20659377K->1041730K(22937600K), 0.4695467 secs] 21101158K->1483823K(130940928K), 0.4697524 secs] [Times: user=4.17 sys=2.87, real=0.47 secs] 
2024-03-22T00:04:15.964+0800: 25931.385: [GC (Allocation Failure) 2024-03-22T00:04:15.965+0800: 25931.385: [ParNew: 20702530K->1067988K(22937600K), 0.4901327 secs] 21144623K->1510248K(130940928K), 0.4903575 secs] [Times: user=4.28 sys=3.23, real=0.49 secs] 
2024-03-22T00:05:03.284+0800: 25978.705: [GC (Allocation Failure) 2024-03-22T00:05:03.284+0800: 25978.705: [ParNew: 20728788K->1078692K(22937600K), 0.4555348 secs] 21171048K->1521099K(130940928K), 0.4557808 secs] [Times: user=4.37 sys=2.45, real=0.46 secs] 
2024-03-22T00:05:43.671+0800: 26019.091: [GC (Allocation Failure) 2024-03-22T00:05:43.671+0800: 26019.092: [ParNew: 20739492K->1080479K(22937600K), 0.4382844 secs] 21181899K->1523006K(130940928K), 0.4385112 secs] [Times: user=4.34 sys=2.22, real=0.44 secs] 
2024-03-22T00:06:18.892+0800: 26054.312: [GC (Allocation Failure) 2024-03-22T00:06:18.892+0800: 26054.312: [ParNew: 20741279K->1020740K(22937600K), 0.4276003 secs] 21183806K->1463351K(130940928K), 0.4278361 secs] [Times: user=4.29 sys=2.10, real=0.43 secs] 
2024-03-22T00:06:53.097+0800: 26088.518: [GC (Allocation Failure) 2024-03-22T00:06:53.097+0800: 26088.518: [ParNew: 20681540K->718362K(22937600K), 0.3939573 secs] 21124151K->1161074K(130940928K), 0.3941679 secs] [Times: user=4.36 sys=1.39, real=0.40 secs] 
2024-03-22T00:07:31.485+0800: 26126.906: [GC (Allocation Failure) 2024-03-22T00:07:31.485+0800: 26126.906: [ParNew: 20379162K->848394K(22937600K), 0.3953379 secs] 20821874K->1291257K(130940928K), 0.3956468 secs] [Times: user=4.31 sys=1.51, real=0.40 secs] 
2024-03-22T00:08:04.186+0800: 26159.607: [GC (Allocation Failure) 2024-03-22T00:08:04.186+0800: 26159.607: [ParNew: 20509194K->868137K(22937600K), 0.4123021 secs] 20952057K->1311199K(130940928K), 0.4125877 secs] [Times: user=4.32 sys=1.76, real=0.42 secs] 
2024-03-22T00:08:38.902+0800: 26194.323: [GC (Allocation Failure) 2024-03-22T00:08:38.902+0800: 26194.323: [ParNew: 20528937K->906025K(22937600K), 0.4186766 secs] 20971999K->1349277K(130940928K), 0.4189740 secs] [Times: user=4.26 sys=1.90, real=0.42 secs] 
2024-03-22T00:09:12.937+0800: 26228.357: [GC (Allocation Failure) 2024-03-22T00:09:12.937+0800: 26228.358: [ParNew: 20566825K->928603K(22937600K), 0.4133795 secs] 21010077K->1372004K(130940928K), 0.4137780 secs] [Times: user=4.46 sys=1.97, real=0.42 secs] 
2024-03-22T00:09:47.607+0800: 26263.028: [GC (Allocation Failure) 2024-03-22T00:09:47.607+0800: 26263.028: [ParNew: 20589403K->951936K(22937600K), 0.4105698 secs] 21032804K->1395504K(130940928K), 0.4108569 secs] [Times: user=4.20 sys=1.84, real=0.42 secs] 
2024-03-22T00:10:32.622+0800: 26308.043: [GC (Allocation Failure) 2024-03-22T00:10:32.622+0800: 26308.043: [ParNew: 20612736K->944433K(22937600K), 0.4023438 secs] 21056304K->1388087K(130940928K), 0.4025836 secs] [Times: user=4.37 sys=1.54, real=0.40 secs] 
2024-03-22T00:11:21.129+0800: 26356.550: [GC (Allocation Failure) 2024-03-22T00:11:21.129+0800: 26356.550: [ParNew: 20605233K->945332K(22937600K), 0.4171817 secs] 21048887K->1389073K(130940928K), 0.4174154 secs] [Times: user=4.43 sys=1.66, real=0.41 secs] 
2024-03-22T00:12:04.466+0800: 26399.887: [GC (Allocation Failure) 2024-03-22T00:12:04.466+0800: 26399.887: [ParNew: 20606132K->925733K(22937600K), 0.4288866 secs] 21049873K->1369575K(130940928K), 0.4291004 secs] [Times: user=4.20 sys=1.95, real=0.43 secs] 
2024-03-22T00:12:48.596+0800: 26444.017: [GC (Allocation Failure) 2024-03-22T00:12:48.597+0800: 26444.017: [ParNew: 20586533K->917114K(22937600K), 0.4398199 secs] 21030375K->1361112K(130940928K), 0.4400676 secs] [Times: user=3.96 sys=2.49, real=0.44 secs] 
2024-03-22T00:13:28.762+0800: 26484.183: [GC (Allocation Failure) 2024-03-22T00:13:28.762+0800: 26484.183: [ParNew: 20577914K->949822K(22937600K), 0.4072541 secs] 21021912K->1394042K(130940928K), 0.4074897 secs] [Times: user=4.06 sys=1.61, real=0.41 secs] 
2024-03-22T00:14:02.733+0800: 26518.154: [GC (Allocation Failure) 2024-03-22T00:14:02.733+0800: 26518.154: [ParNew: 20610622K->946552K(22937600K), 0.3938018 secs] 21054842K->1391084K(130940928K), 0.3940351 secs] [Times: user=4.06 sys=1.46, real=0.39 secs] 
2024-03-22T00:14:36.100+0800: 26551.521: [GC (Allocation Failure) 2024-03-22T00:14:36.101+0800: 26551.521: [ParNew: 20607352K->983676K(22937600K), 0.3893395 secs] 21051884K->1428672K(130940928K), 0.3895597 secs] [Times: user=3.95 sys=1.70, real=0.39 secs] 
2024-03-22T00:15:09.728+0800: 26585.149: [GC (Allocation Failure) 2024-03-22T00:15:09.728+0800: 26585.149: [ParNew: 20644476K->884122K(22937600K), 0.3948679 secs] 21089472K->1329606K(130940928K), 0.3951064 secs] [Times: user=3.76 sys=1.87, real=0.39 secs] 
2024-03-22T00:15:42.944+0800: 26618.365: [GC (Allocation Failure) 2024-03-22T00:15:42.945+0800: 26618.365: [ParNew: 20544922K->847953K(22937600K), 0.4075760 secs] 20990406K->1294014K(130940928K), 0.4077989 secs] [Times: user=4.08 sys=1.82, real=0.41 secs] 
2024-03-22T00:16:18.108+0800: 26653.528: [GC (Allocation Failure) 2024-03-22T00:16:18.108+0800: 26653.529: [ParNew: 20508753K->910891K(22937600K), 0.4095436 secs] 20954814K->1357471K(130940928K), 0.4097516 secs] [Times: user=4.24 sys=1.55, real=0.40 secs] 
2024-03-22T00:16:51.478+0800: 26686.899: [GC (Allocation Failure) 2024-03-22T00:16:51.478+0800: 26686.899: [ParNew: 20571691K->937981K(22937600K), 0.3932183 secs] 21018271K->1385060K(130940928K), 0.3934428 secs] [Times: user=4.23 sys=1.48, real=0.39 secs] 
2024-03-22T00:17:30.735+0800: 26726.156: [GC (Allocation Failure) 2024-03-22T00:17:30.736+0800: 26726.156: [ParNew: 20598781K->897831K(22937600K), 0.4098845 secs] 21045860K->1345407K(130940928K), 0.4101266 secs] [Times: user=4.15 sys=1.63, real=0.41 secs] 
2024-03-22T00:18:08.148+0800: 26763.568: [GC (Allocation Failure) 2024-03-22T00:18:08.148+0800: 26763.569: [ParNew: 20558631K->940899K(22937600K), 0.4154846 secs] 21006207K->1388999K(130940928K), 0.4156990 secs] [Times: user=4.47 sys=1.99, real=0.41 secs] 
2024-03-22T00:18:51.186+0800: 26806.607: [GC (Allocation Failure) 2024-03-22T00:18:51.186+0800: 26806.607: [ParNew: 20601699K->987771K(22937600K), 0.4148901 secs] 21049799K->1436366K(130940928K), 0.4151079 secs] [Times: user=4.05 sys=1.98, real=0.42 secs] 
2024-03-22T00:19:27.239+0800: 26842.660: [GC (Allocation Failure) 2024-03-22T00:19:27.239+0800: 26842.660: [ParNew: 20648571K->949794K(22937600K), 0.4128699 secs] 21097166K->1398924K(130940928K), 0.4131191 secs] [Times: user=4.18 sys=1.77, real=0.41 secs] 
2024-03-22T00:20:02.302+0800: 26877.723: [GC (Allocation Failure) 2024-03-22T00:20:02.302+0800: 26877.723: [ParNew: 20610594K->967492K(22937600K), 0.3903307 secs] 21059724K->1417288K(130940928K), 0.3905471 secs] [Times: user=4.39 sys=1.32, real=0.39 secs] 
2024-03-22T00:20:38.440+0800: 26913.860: [GC (Allocation Failure) 2024-03-22T00:20:38.440+0800: 26913.861: [ParNew: 20628292K->1006103K(22937600K), 0.4198599 secs] 21078088K->1456597K(130940928K), 0.4200918 secs] [Times: user=4.11 sys=2.16, real=0.42 secs] 
2024-03-22T00:21:12.148+0800: 26947.569: [GC (Allocation Failure) 2024-03-22T00:21:12.148+0800: 26947.569: [ParNew: 20666903K->919827K(22937600K), 0.4119381 secs] 21117397K->1371053K(130940928K), 0.4121944 secs] [Times: user=4.75 sys=1.69, real=0.41 secs] 
2024-03-22T00:21:51.650+0800: 26987.071: [GC (Allocation Failure) 2024-03-22T00:21:51.650+0800: 26987.071: [ParNew: 20580627K->958798K(22937600K), 0.4111505 secs] 21031853K->1410818K(130940928K), 0.4114396 secs] [Times: user=4.14 sys=1.87, real=0.41 secs] 
2024-03-22T00:22:44.007+0800: 27039.428: [GC (Allocation Failure) 2024-03-22T00:22:44.007+0800: 27039.428: [ParNew: 20619598K->950297K(22937600K), 0.4332044 secs] 21071618K->1403011K(130940928K), 0.4334270 secs] [Times: user=4.10 sys=2.28, real=0.44 secs] 
2024-03-22T00:23:24.666+0800: 27080.087: [GC (Allocation Failure) 2024-03-22T00:23:24.666+0800: 27080.087: [ParNew: 20611097K->940792K(22937600K), 0.4231797 secs] 21063811K->1394134K(130940928K), 0.4233977 secs] [Times: user=4.09 sys=2.11, real=0.43 secs] 
2024-03-22T00:24:01.080+0800: 27116.500: [GC (Allocation Failure) 2024-03-22T00:24:01.080+0800: 27116.500: [ParNew: 20601592K->984080K(22937600K), 0.3903734 secs] 21054934K->1438023K(130940928K), 0.3905771 secs] [Times: user=4.13 sys=1.56, real=0.39 secs] 
2024-03-22T00:24:32.746+0800: 27148.166: [GC (Allocation Failure) 2024-03-22T00:24:32.746+0800: 27148.167: [ParNew: 20644880K->963934K(22937600K), 0.4007944 secs] 21098823K->1418459K(130940928K), 0.4010244 secs] [Times: user=4.22 sys=1.54, real=0.40 secs] 
2024-03-22T00:25:08.521+0800: 27183.942: [GC (Allocation Failure) 2024-03-22T00:25:08.521+0800: 27183.942: [ParNew: 20624734K->774133K(22937600K), 0.4083428 secs] 21079259K->1229241K(130940928K), 0.4086029 secs] [Times: user=3.84 sys=2.15, real=0.41 secs] 
2024-03-22T00:25:45.303+0800: 27220.723: [GC (Allocation Failure) 2024-03-22T00:25:45.303+0800: 27220.724: [ParNew: 20434933K->810566K(22937600K), 0.4403662 secs] 20890041K->1266338K(130940928K), 0.4405723 secs] [Times: user=4.09 sys=2.32, real=0.44 secs] 
2024-03-22T00:26:49.754+0800: 27285.175: [GC (Allocation Failure) 2024-03-22T00:26:49.754+0800: 27285.175: [ParNew: 20471366K->830953K(22937600K), 0.3866300 secs] 20927138K->1287342K(130940928K), 0.3868984 secs] [Times: user=3.96 sys=1.60, real=0.39 secs] 
2024-03-22T00:27:49.426+0800: 27344.847: [GC (Allocation Failure) 2024-03-22T00:27:49.426+0800: 27344.847: [ParNew: 20491753K->829828K(22937600K), 0.3954486 secs] 20948142K->1286806K(130940928K), 0.3957424 secs] [Times: user=4.11 sys=1.62, real=0.40 secs] 
2024-03-22T00:28:26.153+0800: 27381.574: [GC (Allocation Failure) 2024-03-22T00:28:26.153+0800: 27381.574: [ParNew: 20490628K->784667K(22937600K), 0.3885204 secs] 20947606K->1242280K(130940928K), 0.3888301 secs] [Times: user=4.17 sys=1.51, real=0.39 secs] 
2024-03-22T00:29:03.709+0800: 27419.129: [GC (Allocation Failure) 2024-03-22T00:29:03.709+0800: 27419.129: [ParNew: 20445467K->786443K(22937600K), 0.3977645 secs] 20903080K->1244685K(130940928K), 0.3980106 secs] [Times: user=4.25 sys=1.47, real=0.39 secs] 
2024-03-22T00:29:38.939+0800: 27454.360: [GC (Allocation Failure) 2024-03-22T00:29:38.939+0800: 27454.360: [ParNew: 20447243K->816727K(22937600K), 0.4286930 secs] 20905485K->1275580K(130940928K), 0.4289867 secs] [Times: user=4.12 sys=2.19, real=0.43 secs] 
2024-03-22T00:30:12.971+0800: 27488.392: [GC (Allocation Failure) 2024-03-22T00:30:12.971+0800: 27488.392: [ParNew: 20477527K->823743K(22937600K), 0.4125374 secs] 20936380K->1283118K(130940928K), 0.4128470 secs] [Times: user=4.03 sys=1.91, real=0.41 secs] 
2024-03-22T00:30:53.607+0800: 27529.028: [GC (Allocation Failure) 2024-03-22T00:30:53.608+0800: 27529.028: [ParNew: 20484543K->844086K(22937600K), 0.3900830 secs] 20943918K->1304115K(130940928K), 0.3903946 secs] [Times: user=4.30 sys=1.42, real=0.39 secs] 
2024-03-22T00:32:05.339+0800: 27600.760: [GC (Allocation Failure) 2024-03-22T00:32:05.339+0800: 27600.760: [ParNew: 20504886K->839115K(22937600K), 0.4030173 secs] 20964915K->1299740K(130940928K), 0.4033242 secs] [Times: user=4.14 sys=1.77, real=0.40 secs] 
2024-03-22T00:32:53.469+0800: 27648.889: [GC (Allocation Failure) 2024-03-22T00:32:53.469+0800: 27648.890: [ParNew: 20499915K->843492K(22937600K), 0.4070477 secs] 20960540K->1304739K(130940928K), 0.4073619 secs] [Times: user=4.28 sys=1.72, real=0.40 secs] 
2024-03-22T00:33:28.473+0800: 27683.894: [GC (Allocation Failure) 2024-03-22T00:33:28.474+0800: 27683.894: [ParNew: 20504292K->819404K(22937600K), 0.3962248 secs] 20965539K->1281355K(130940928K), 0.3965262 secs] [Times: user=4.14 sys=1.62, real=0.40 secs] 
2024-03-22T00:34:07.843+0800: 27723.264: [GC (Allocation Failure) 2024-03-22T00:34:07.843+0800: 27723.264: [ParNew: 20480204K->867636K(22937600K), 0.4065820 secs] 20942155K->1330248K(130940928K), 0.4068768 secs] [Times: user=4.01 sys=1.93, real=0.41 secs] 
2024-03-22T00:34:46.028+0800: 27761.449: [GC (Allocation Failure) 2024-03-22T00:34:46.029+0800: 27761.449: [ParNew: 20528436K->909366K(22937600K), 0.3951764 secs] 20991048K->1372581K(130940928K), 0.3954812 secs] [Times: user=3.94 sys=1.81, real=0.39 secs] 
2024-03-22T00:35:20.508+0800: 27795.929: [GC (Allocation Failure) 2024-03-22T00:35:20.508+0800: 27795.929: [ParNew: 20570166K->842973K(22937600K), 0.3518088 secs] 21033381K->1306816K(130940928K), 0.3520960 secs] [Times: user=3.77 sys=1.29, real=0.35 secs] 
2024-03-22T00:35:50.826+0800: 27826.247: [GC (Allocation Failure) 2024-03-22T00:35:50.827+0800: 27826.247: [ParNew: 20503773K->690476K(22937600K), 0.3921720 secs] 20967616K->1154820K(130940928K), 0.3924859 secs] [Times: user=4.09 sys=1.50, real=0.40 secs] 
2024-03-22T00:36:30.277+0800: 27865.697: [GC (Allocation Failure) 2024-03-22T00:36:30.277+0800: 27865.697: [ParNew: 20351276K->759750K(22937600K), 0.3895583 secs] 20815620K->1224629K(130940928K), 0.3898518 secs] [Times: user=3.90 sys=1.85, real=0.39 secs] 
2024-03-22T00:37:38.704+0800: 27934.125: [GC (Allocation Failure) 2024-03-22T00:37:38.704+0800: 27934.125: [ParNew: 20420550K->845023K(22937600K), 0.3782464 secs] 20885429K->1310652K(130940928K), 0.3786064 secs] [Times: user=3.87 sys=1.65, real=0.38 secs] 
2024-03-22T00:38:29.636+0800: 27985.057: [GC (Allocation Failure) 2024-03-22T00:38:29.636+0800: 27985.057: [ParNew: 20505823K->794953K(22937600K), 0.3975340 secs] 20971452K->1261605K(130940928K), 0.3978144 secs] [Times: user=4.07 sys=1.72, real=0.40 secs] 
2024-03-22T00:39:05.477+0800: 28020.898: [GC (Allocation Failure) 2024-03-22T00:39:05.478+0800: 28020.898: [ParNew: 20455753K->804568K(22937600K), 0.3801023 secs] 20922405K->1271987K(130940928K), 0.3803874 secs] [Times: user=4.04 sys=1.50, real=0.39 secs] 
2024-03-22T00:39:38.703+0800: 28054.124: [GC (Allocation Failure) 2024-03-22T00:39:38.703+0800: 28054.124: [ParNew: 20465368K->779759K(22937600K), 0.3981675 secs] 20932787K->1247909K(130940928K), 0.3984615 secs] [Times: user=4.03 sys=1.56, real=0.40 secs] 
2024-03-22T00:40:14.136+0800: 28089.557: [GC (Allocation Failure) 2024-03-22T00:40:14.136+0800: 28089.557: [ParNew: 20440559K->831605K(22937600K), 0.4257577 secs] 20908709K->1300399K(130940928K), 0.4260376 secs] [Times: user=3.88 sys=2.36, real=0.43 secs] 
2024-03-22T00:40:47.689+0800: 28123.110: [GC (Allocation Failure) 2024-03-22T00:40:47.689+0800: 28123.110: [ParNew: 20492405K->848216K(22937600K), 0.4056775 secs] 20961199K->1317597K(130940928K), 0.4059841 secs] [Times: user=4.30 sys=1.55, real=0.40 secs] 
2024-03-22T00:41:21.162+0800: 28156.583: [GC (Allocation Failure) 2024-03-22T00:41:21.162+0800: 28156.583: [ParNew: 20509016K->864138K(22937600K), 0.3969565 secs] 20978397K->1334097K(130940928K), 0.3972665 secs] [Times: user=4.14 sys=1.54, real=0.40 secs] 
2024-03-22T00:42:03.125+0800: 28198.546: [GC (Allocation Failure) 2024-03-22T00:42:03.125+0800: 28198.546: [ParNew: 20524938K->881829K(22937600K), 0.3906019 secs] 20994897K->1352728K(130940928K), 0.3908938 secs] [Times: user=3.98 sys=1.86, real=0.39 secs] 
2024-03-22T00:43:06.329+0800: 28261.750: [GC (Allocation Failure) 2024-03-22T00:43:06.329+0800: 28261.750: [ParNew: 20542629K->879593K(22937600K), 0.3980479 secs] 21013528K->1351453K(130940928K), 0.3983920 secs] [Times: user=3.97 sys=1.88, real=0.40 secs] 
2024-03-22T00:44:08.977+0800: 28324.397: [GC (Allocation Failure) 2024-03-22T00:44:08.977+0800: 28324.398: [ParNew: 20540393K->934197K(22937600K), 0.4407330 secs] 21012253K->1406796K(130940928K), 0.4410169 secs] [Times: user=3.77 sys=2.77, real=0.45 secs] 
2024-03-22T00:44:55.544+0800: 28370.964: [GC (Allocation Failure) 2024-03-22T00:44:55.544+0800: 28370.965: [ParNew: 20594997K->871883K(22937600K), 0.4046837 secs] 21067596K->1345158K(130940928K), 0.4049886 secs] [Times: user=4.01 sys=1.88, real=0.41 secs] 
2024-03-22T00:45:32.105+0800: 28407.526: [GC (Allocation Failure) 2024-03-22T00:45:32.105+0800: 28407.526: [ParNew: 20532683K->868413K(22937600K), 0.4021860 secs] 21005958K->1342394K(130940928K), 0.4024116 secs] [Times: user=4.32 sys=1.58, real=0.41 secs] 
2024-03-22T00:46:07.686+0800: 28443.107: [GC (Allocation Failure) 2024-03-22T00:46:07.687+0800: 28443.107: [ParNew: 20529213K->830086K(22937600K), 0.3617645 secs] 21003194K->1304885K(130940928K), 0.3620627 secs] [Times: user=3.74 sys=1.44, real=0.37 secs] 
2024-03-22T00:46:44.852+0800: 28480.273: [GC (Allocation Failure) 2024-03-22T00:46:44.853+0800: 28480.273: [ParNew: 20490886K->617648K(22937600K), 0.4184925 secs] 20965685K->1093055K(130940928K), 0.4188435 secs] [Times: user=3.98 sys=2.14, real=0.42 secs] 
2024-03-22T00:47:21.558+0800: 28516.978: [GC (Allocation Failure) 2024-03-22T00:47:21.558+0800: 28516.979: [ParNew: 20278448K->691250K(22937600K), 0.4074877 secs] 20753855K->1167172K(130940928K), 0.4077631 secs] [Times: user=3.95 sys=1.96, real=0.40 secs] 
2024-03-22T00:47:59.683+0800: 28555.103: [GC (Allocation Failure) 2024-03-22T00:47:59.683+0800: 28555.104: [ParNew: 20352050K->802948K(22937600K), 0.3938035 secs] 20827972K->1279651K(130940928K), 0.3940986 secs] [Times: user=4.08 sys=1.67, real=0.39 secs] 
2024-03-22T00:48:54.625+0800: 28610.046: [GC (Allocation Failure) 2024-03-22T00:48:54.625+0800: 28610.046: [ParNew: 20463748K->835363K(22937600K), 0.4029471 secs] 20940451K->1312940K(130940928K), 0.4032628 secs] [Times: user=4.04 sys=1.86, real=0.41 secs] 
2024-03-22T00:49:48.237+0800: 28663.657: [GC (Allocation Failure) 2024-03-22T00:49:48.237+0800: 28663.658: [ParNew: 20496163K->768952K(22937600K), 0.4139780 secs] 20973740K->1247284K(130940928K), 0.4142866 secs] [Times: user=4.70 sys=1.71, real=0.42 secs] 
2024-03-22T00:50:40.989+0800: 28716.410: [GC (Allocation Failure) 2024-03-22T00:50:40.989+0800: 28716.410: [ParNew: 20429752K->793047K(22937600K), 0.4050841 secs] 20908084K->1272048K(130940928K), 0.4054115 secs] [Times: user=4.10 sys=1.73, real=0.40 secs] 
2024-03-22T00:51:23.653+0800: 28759.074: [GC (Allocation Failure) 2024-03-22T00:51:23.654+0800: 28759.074: [ParNew: 20453847K->797925K(22937600K), 0.4269194 secs] 20932848K->1277496K(130940928K), 0.4272439 secs] [Times: user=4.01 sys=2.14, real=0.43 secs] 
2024-03-22T00:52:02.183+0800: 28797.604: [GC (Allocation Failure) 2024-03-22T00:52:02.183+0800: 28797.604: [ParNew: 20458725K->798134K(22937600K), 0.3962380 secs] 20938296K->1278336K(130940928K), 0.3964812 secs] [Times: user=4.28 sys=1.55, real=0.40 secs] 
2024-03-22T00:52:39.512+0800: 28834.933: [GC (Allocation Failure) 2024-03-22T00:52:39.512+0800: 28834.933: [ParNew: 20458934K->805464K(22937600K), 0.3799981 secs] 20939136K->1286176K(130940928K), 0.3802422 secs] [Times: user=4.11 sys=1.50, real=0.38 secs] 
2024-03-22T00:53:15.364+0800: 28870.784: [GC (Allocation Failure) 2024-03-22T00:53:15.364+0800: 28870.785: [ParNew: 20466264K->773786K(22937600K), 0.4311662 secs] 20946976K->1254961K(130940928K), 0.4313677 secs] [Times: user=4.17 sys=2.16, real=0.43 secs] 
2024-03-22T00:53:51.292+0800: 28906.713: [GC (Allocation Failure) 2024-03-22T00:53:51.292+0800: 28906.713: [ParNew: 20434586K->821797K(22937600K), 0.4174231 secs] 20915761K->1303689K(130940928K), 0.4176860 secs] [Times: user=4.24 sys=1.81, real=0.42 secs] 
2024-03-22T00:54:29.163+0800: 28944.584: [GC (Allocation Failure) 2024-03-22T00:54:29.163+0800: 28944.584: [ParNew: 20482597K->881214K(22937600K), 0.3865340 secs] 20964489K->1363955K(130940928K), 0.3867396 secs] [Times: user=4.07 sys=1.61, real=0.39 secs] 
2024-03-22T00:55:11.945+0800: 28987.366: [GC (Allocation Failure) 2024-03-22T00:55:11.946+0800: 28987.366: [ParNew: 20542014K->916725K(22937600K), 0.4124761 secs] 21024755K->1400277K(130940928K), 0.4127246 secs] [Times: user=4.25 sys=1.71, real=0.42 secs] 
2024-03-22T00:55:51.664+0800: 29027.085: [GC (Allocation Failure) 2024-03-22T00:55:51.664+0800: 29027.085: [ParNew: 20577525K->912668K(22937600K), 0.4470456 secs] 21061077K->1396959K(130940928K), 0.4472799 secs] [Times: user=4.29 sys=2.37, real=0.45 secs] 
2024-03-22T00:56:32.725+0800: 29068.146: [GC (Allocation Failure) 2024-03-22T00:56:32.725+0800: 29068.146: [ParNew: 20573468K->893219K(22937600K), 0.3913610 secs] 21057759K->1378421K(130940928K), 0.3915908 secs] [Times: user=3.97 sys=1.68, real=0.39 secs] 
2024-03-22T00:57:13.629+0800: 29109.050: [GC (Allocation Failure) 2024-03-22T00:57:13.629+0800: 29109.050: [ParNew: 20554019K->842556K(22937600K), 0.3840085 secs] 21039221K->1328363K(130940928K), 0.3842219 secs] [Times: user=4.09 sys=1.48, real=0.38 secs] 
2024-03-22T00:57:54.941+0800: 29150.361: [GC (Allocation Failure) 2024-03-22T00:57:54.941+0800: 29150.362: [ParNew: 20503356K->807670K(22937600K), 0.3883556 secs] 20989163K->1294074K(130940928K), 0.3885737 secs] [Times: user=4.27 sys=1.42, real=0.39 secs] 
2024-03-22T00:58:42.264+0800: 29197.685: [GC (Allocation Failure) 2024-03-22T00:58:42.264+0800: 29197.685: [ParNew: 20468470K->796564K(22937600K), 0.4153986 secs] 20954874K->1283664K(130940928K), 0.4156616 secs] [Times: user=4.07 sys=1.87, real=0.42 secs] 
2024-03-22T00:59:21.357+0800: 29236.778: [GC (Allocation Failure) 2024-03-22T00:59:21.357+0800: 29236.778: [ParNew: 20457364K->771476K(22937600K), 0.4161841 secs] 20944464K->1259257K(130940928K), 0.4164218 secs] [Times: user=4.33 sys=1.73, real=0.42 secs] 
2024-03-22T00:59:54.027+0800: 29269.448: [GC (Allocation Failure) 2024-03-22T00:59:54.027+0800: 29269.448: [ParNew: 20432276K->827382K(22937600K), 0.4243281 secs] 20920057K->1315948K(130940928K), 0.4245820 secs] [Times: user=4.19 sys=1.94, real=0.43 secs] 
2024-03-22T01:00:28.706+0800: 29304.127: [GC (Allocation Failure) 2024-03-22T01:00:28.706+0800: 29304.127: [ParNew: 20488182K->897591K(22937600K), 0.4282422 secs] 20976748K->1387071K(130940928K), 0.4284980 secs] [Times: user=4.40 sys=1.73, real=0.43 secs] 
2024-03-22T01:01:00.630+0800: 29336.051: [GC (Allocation Failure) 2024-03-22T01:01:00.630+0800: 29336.051: [ParNew: 20558391K->869820K(22937600K), 0.4296672 secs] 21047871K->1360169K(130940928K), 0.4298916 secs] [Times: user=4.26 sys=1.85, real=0.43 secs] 
2024-03-22T01:01:32.883+0800: 29368.304: [GC (Allocation Failure) 2024-03-22T01:01:32.883+0800: 29368.304: [ParNew: 20530620K->946197K(22937600K), 0.4586554 secs] 21020969K->1437361K(130940928K), 0.4588931 secs] [Times: user=4.52 sys=2.25, real=0.46 secs] 
2024-03-22T01:02:04.731+0800: 29400.152: [GC (Allocation Failure) 2024-03-22T01:02:04.731+0800: 29400.152: [ParNew: 20606997K->947542K(22937600K), 0.4819009 secs] 21098161K->1439503K(130940928K), 0.4821075 secs] [Times: user=4.59 sys=2.61, real=0.48 secs] 
2024-03-22T01:02:38.081+0800: 29433.502: [GC (Allocation Failure) 2024-03-22T01:02:38.082+0800: 29433.502: [ParNew: 20608342K->1021915K(22937600K), 0.4733378 secs] 21100303K->1514307K(130940928K), 0.4736110 secs] [Times: user=5.08 sys=1.92, real=0.47 secs] 
2024-03-22T01:03:11.903+0800: 29467.324: [GC (Allocation Failure) 2024-03-22T01:03:11.904+0800: 29467.324: [ParNew: 20682715K->1010002K(22937600K), 0.4579224 secs] 21175107K->1502724K(130940928K), 0.4581583 secs] [Times: user=5.26 sys=1.94, real=0.46 secs] 
2024-03-22T01:03:47.322+0800: 29502.743: [GC (Allocation Failure) 2024-03-22T01:03:47.323+0800: 29502.743: [ParNew: 20670802K->1034733K(22937600K), 0.3991877 secs] 21163524K->1527604K(130940928K), 0.3994151 secs] [Times: user=4.29 sys=1.61, real=0.40 secs] 
2024-03-22T01:04:23.763+0800: 29539.184: [GC (Allocation Failure) 2024-03-22T01:04:23.764+0800: 29539.184: [ParNew: 20695533K->1013444K(22937600K), 0.4459929 secs] 21188404K->1506459K(130940928K), 0.4462283 secs] [Times: user=4.37 sys=2.27, real=0.45 secs] 
2024-03-22T01:05:00.264+0800: 29575.685: [GC (Allocation Failure) 2024-03-22T01:05:00.264+0800: 29575.685: [ParNew: 20674244K->1103724K(22937600K), 0.4498038 secs] 21167259K->1596853K(130940928K), 0.4500284 secs] [Times: user=4.46 sys=2.24, real=0.45 secs] 
2024-03-22T01:05:33.745+0800: 29609.166: [GC (Allocation Failure) 2024-03-22T01:05:33.745+0800: 29609.166: [ParNew: 20764524K->1107486K(22937600K), 0.4173852 secs] 21257653K->1602326K(130940928K), 0.4176054 secs] [Times: user=4.46 sys=1.81, real=0.42 secs] 
2024-03-22T01:06:13.362+0800: 29648.783: [GC (Allocation Failure) 2024-03-22T01:06:13.363+0800: 29648.783: [ParNew: 20768286K->1018515K(22937600K), 0.4292340 secs] 21263126K->1514488K(130940928K), 0.4294662 secs] [Times: user=4.51 sys=1.95, real=0.43 secs] 
2024-03-22T01:06:51.508+0800: 29686.928: [GC (Allocation Failure) 2024-03-22T01:06:51.508+0800: 29686.929: [ParNew: 20679315K->924684K(22937600K), 0.4237999 secs] 21175288K->1420789K(130940928K), 0.4240357 secs] [Times: user=4.10 sys=2.19, real=0.42 secs] 
2024-03-22T01:07:21.334+0800: 29716.755: [GC (Allocation Failure) 2024-03-22T01:07:21.334+0800: 29716.755: [ParNew: 20585484K->928546K(22937600K), 0.3946704 secs] 21081589K->1424866K(130940928K), 0.3948958 secs] [Times: user=4.12 sys=1.55, real=0.40 secs] 
2024-03-22T01:07:54.384+0800: 29749.805: [GC (Allocation Failure) 2024-03-22T01:07:54.384+0800: 29749.805: [ParNew: 20589346K->912792K(22937600K), 0.3991410 secs] 21085666K->1409274K(130940928K), 0.3993594 secs] [Times: user=4.11 sys=1.60, real=0.40 secs] 
2024-03-22T01:08:26.109+0800: 29781.530: [GC (Allocation Failure) 2024-03-22T01:08:26.109+0800: 29781.530: [ParNew: 20573592K->953052K(22937600K), 0.4069991 secs] 21070074K->1449646K(130940928K), 0.4072872 secs] [Times: user=4.43 sys=1.63, real=0.40 secs] 
2024-03-22T01:08:58.948+0800: 29814.369: [GC (Allocation Failure) 2024-03-22T01:08:58.948+0800: 29814.369: [ParNew: 20613852K->986334K(22937600K), 0.4592198 secs] 21110446K->1483005K(130940928K), 0.4594941 secs] [Times: user=4.61 sys=2.24, real=0.46 secs] 
2024-03-22T01:09:30.928+0800: 29846.349: [GC (Allocation Failure) 2024-03-22T01:09:30.928+0800: 29846.349: [ParNew: 20647134K->1008246K(22937600K), 0.4759036 secs] 21143805K->1505058K(130940928K), 0.4761161 secs] [Times: user=4.72 sys=2.23, real=0.47 secs] 
2024-03-22T01:10:03.161+0800: 29878.582: [GC (Allocation Failure) 2024-03-22T01:10:03.161+0800: 29878.582: [ParNew: 20669046K->1046649K(22937600K), 0.4522495 secs] 21165858K->1543590K(130940928K), 0.4524526 secs] [Times: user=4.71 sys=1.93, real=0.45 secs] 
2024-03-22T01:10:41.803+0800: 29917.224: [GC (Allocation Failure) 2024-03-22T01:10:41.803+0800: 29917.224: [ParNew: 20707449K->1031508K(22937600K), 0.4229982 secs] 21204390K->1528566K(130940928K), 0.4232056 secs] [Times: user=4.69 sys=1.68, real=0.42 secs] 
2024-03-22T01:11:24.183+0800: 29959.604: [GC (Allocation Failure) 2024-03-22T01:11:24.183+0800: 29959.604: [ParNew: 20692308K->1012544K(22937600K), 0.4217000 secs] 21189366K->1509746K(130940928K), 0.4219119 secs] [Times: user=4.34 sys=2.09, real=0.42 secs] 
2024-03-22T01:12:02.633+0800: 29998.054: [GC (Allocation Failure) 2024-03-22T01:12:02.634+0800: 29998.054: [ParNew: 20673344K->995948K(22937600K), 0.4712981 secs] 21170546K->1493319K(130940928K), 0.4715507 secs] [Times: user=5.00 sys=2.14, real=0.47 secs] 
2024-03-22T01:12:34.317+0800: 30029.738: [GC (Allocation Failure) 2024-03-22T01:12:34.317+0800: 30029.738: [ParNew: 20656748K->1030546K(22937600K), 0.3943213 secs] 21154119K->1528090K(130940928K), 0.3945519 secs] [Times: user=4.22 sys=1.48, real=0.40 secs] 
2024-03-22T01:13:07.424+0800: 30062.845: [GC (Allocation Failure) 2024-03-22T01:13:07.424+0800: 30062.845: [ParNew: 20691346K->1026176K(22937600K), 0.3916204 secs] 21188890K->1523925K(130940928K), 0.3918444 secs] [Times: user=4.24 sys=1.51, real=0.39 secs] 
2024-03-22T01:13:43.330+0800: 30098.751: [GC (Allocation Failure) 2024-03-22T01:13:43.330+0800: 30098.751: [ParNew: 20686976K->1034331K(22937600K), 0.4433391 secs] 21184725K->1532351K(130940928K), 0.4435725 secs] [Times: user=4.57 sys=2.00, real=0.44 secs] 
2024-03-22T01:14:20.888+0800: 30136.309: [GC (Allocation Failure) 2024-03-22T01:14:20.888+0800: 30136.309: [ParNew: 20695131K->1012002K(22937600K), 0.4982630 secs] 21193151K->1510630K(130940928K), 0.4984786 secs] [Times: user=5.08 sys=2.50, real=0.49 secs] 
2024-03-22T01:14:54.471+0800: 30169.892: [GC (Allocation Failure) 2024-03-22T01:14:54.471+0800: 30169.892: [ParNew: 20672802K->1019141K(22937600K), 0.4027124 secs] 21171430K->1520333K(130940928K), 0.4029603 secs] [Times: user=4.29 sys=1.52, real=0.40 secs] 
2024-03-22T01:15:26.572+0800: 30201.993: [GC (Allocation Failure) 2024-03-22T01:15:26.572+0800: 30201.993: [ParNew: 20679941K->745676K(22937600K), 0.3922876 secs] 21181133K->1247289K(130940928K), 0.3925259 secs] [Times: user=4.31 sys=1.35, real=0.39 secs] 
2024-03-22T01:16:01.684+0800: 30237.105: [GC (Allocation Failure) 2024-03-22T01:16:01.684+0800: 30237.105: [ParNew: 20406476K->892525K(22937600K), 0.4372232 secs] 20908089K->1394603K(130940928K), 0.4374391 secs] [Times: user=4.57 sys=1.93, real=0.44 secs] 
2024-03-22T01:16:40.838+0800: 30276.258: [GC (Allocation Failure) 2024-03-22T01:16:40.838+0800: 30276.259: [ParNew: 20553325K->947447K(22937600K), 0.4406453 secs] 21055403K->1449908K(130940928K), 0.4409343 secs] [Times: user=4.53 sys=2.16, real=0.44 secs] 
2024-03-22T01:17:18.671+0800: 30314.092: [GC (Allocation Failure) 2024-03-22T01:17:18.672+0800: 30314.092: [ParNew: 20608247K->934695K(22937600K), 0.4253313 secs] 21110708K->1437538K(130940928K), 0.4256491 secs] [Times: user=4.48 sys=1.93, real=0.42 secs] 
2024-03-22T01:17:52.262+0800: 30347.683: [GC (Allocation Failure) 2024-03-22T01:17:52.262+0800: 30347.683: [ParNew: 20595495K->935338K(22937600K), 0.4491279 secs] 21098338K->1438544K(130940928K), 0.4494594 secs] [Times: user=4.56 sys=2.13, real=0.45 secs] 
2024-03-22T01:18:28.070+0800: 30383.491: [GC (Allocation Failure) 2024-03-22T01:18:28.071+0800: 30383.491: [ParNew: 20596138K->1006464K(22937600K), 0.4572251 secs] 21099344K->1510107K(130940928K), 0.4575597 secs] [Times: user=4.47 sys=2.39, real=0.46 secs] 
2024-03-22T01:19:03.744+0800: 30419.165: [GC (Allocation Failure) 2024-03-22T01:19:03.745+0800: 30419.165: [ParNew: 20667264K->980453K(22937600K), 0.5676594 secs] 21170907K->1484542K(130940928K), 0.5679857 secs] [Times: user=5.36 sys=3.25, real=0.57 secs] 
2024-03-22T01:19:38.808+0800: 30454.229: [GC (Allocation Failure) 2024-03-22T01:19:38.808+0800: 30454.229: [ParNew: 20641253K->988946K(22937600K), 0.4473600 secs] 21145342K->1493508K(130940928K), 0.4476714 secs] [Times: user=4.68 sys=1.77, real=0.44 secs] 
2024-03-22T01:20:11.954+0800: 30487.375: [GC (Allocation Failure) 2024-03-22T01:20:11.954+0800: 30487.375: [ParNew: 20649746K->992677K(22937600K), 0.4219625 secs] 21154308K->1497766K(130940928K), 0.4222591 secs] [Times: user=4.63 sys=1.51, real=0.42 secs] 
2024-03-22T01:20:45.331+0800: 30520.752: [GC (Allocation Failure) 2024-03-22T01:20:45.331+0800: 30520.752: [ParNew: 20653477K->1085624K(22937600K), 0.4087305 secs] 21158566K->1591341K(130940928K), 0.4090758 secs] [Times: user=4.56 sys=1.48, real=0.41 secs] 
2024-03-22T01:21:21.353+0800: 30556.774: [GC (Allocation Failure) 2024-03-22T01:21:21.353+0800: 30556.774: [ParNew: 20746424K->975027K(22937600K), 0.4554464 secs] 21252141K->1481409K(130940928K), 0.4557244 secs] [Times: user=4.84 sys=1.98, real=0.46 secs] 
2024-03-22T01:21:59.712+0800: 30595.133: [GC (Allocation Failure) 2024-03-22T01:21:59.712+0800: 30595.133: [ParNew: 20635827K->1062622K(22937600K), 0.4305331 secs] 21142209K->1569617K(130940928K), 0.4308203 secs] [Times: user=4.54 sys=1.84, real=0.43 secs] 
2024-03-22T01:22:35.405+0800: 30630.825: [GC (Allocation Failure) 2024-03-22T01:22:35.405+0800: 30630.826: [ParNew: 20723422K->1115774K(22937600K), 0.4203311 secs] 21230417K->1623303K(130940928K), 0.4206288 secs] [Times: user=4.63 sys=1.61, real=0.42 secs] 
2024-03-22T01:23:12.813+0800: 30668.234: [GC (Allocation Failure) 2024-03-22T01:23:12.813+0800: 30668.234: [ParNew: 20776574K->1047685K(22937600K), 0.4835410 secs] 21284103K->1555770K(130940928K), 0.4838375 secs] [Times: user=4.67 sys=2.29, real=0.48 secs] 
2024-03-22T01:23:46.061+0800: 30701.482: [GC (Allocation Failure) 2024-03-22T01:23:46.061+0800: 30701.482: [ParNew: 20708485K->1044048K(22937600K), 0.4386196 secs] 21216570K->1552753K(130940928K), 0.4389074 secs] [Times: user=4.72 sys=1.52, real=0.44 secs] 
2024-03-22T01:24:20.758+0800: 30736.179: [GC (Allocation Failure) 2024-03-22T01:24:20.758+0800: 30736.179: [ParNew: 20704848K->987865K(22937600K), 0.4067328 secs] 21213553K->1497122K(130940928K), 0.4070704 secs] [Times: user=4.44 sys=1.54, real=0.40 secs] 
2024-03-22T01:24:51.734+0800: 30767.155: [GC (Allocation Failure) 2024-03-22T01:24:51.734+0800: 30767.155: [ParNew: 20648665K->998605K(22937600K), 0.4321624 secs] 21157922K->1508484K(130940928K), 0.4323893 secs] [Times: user=4.77 sys=1.58, real=0.43 secs] 
2024-03-22T01:25:28.492+0800: 30803.913: [GC (Allocation Failure) 2024-03-22T01:25:28.492+0800: 30803.913: [ParNew: 20659405K->933444K(22937600K), 0.4526678 secs] 21169284K->1443931K(130940928K), 0.4529272 secs] [Times: user=4.76 sys=1.97, real=0.45 secs] 
2024-03-22T01:26:02.014+0800: 30837.435: [GC (Allocation Failure) 2024-03-22T01:26:02.014+0800: 30837.435: [ParNew: 20594244K->932971K(22937600K), 0.4544056 secs] 21104731K->1444116K(130940928K), 0.4546331 secs] [Times: user=4.95 sys=1.76, real=0.46 secs] 
2024-03-22T01:26:34.771+0800: 30870.192: [GC (Allocation Failure) 2024-03-22T01:26:34.771+0800: 30870.192: [ParNew: 20593771K->1016859K(22937600K), 0.4200051 secs] 21104916K->1528652K(130940928K), 0.4202441 secs] [Times: user=5.07 sys=1.54, real=0.42 secs] 
2024-03-22T01:27:08.484+0800: 30903.904: [GC (Allocation Failure) 2024-03-22T01:27:08.484+0800: 30903.905: [ParNew: 20677659K->1087474K(22937600K), 0.4375235 secs] 21189452K->1599892K(130940928K), 0.4377592 secs] [Times: user=4.78 sys=1.72, real=0.44 secs] 
2024-03-22T01:27:41.428+0800: 30936.849: [GC (Allocation Failure) 2024-03-22T01:27:41.428+0800: 30936.849: [ParNew: 20748274K->1043503K(22937600K), 0.4533110 secs] 21260692K->1556617K(130940928K), 0.4535361 secs] [Times: user=4.56 sys=2.00, real=0.45 secs] 
2024-03-22T01:28:14.934+0800: 30970.355: [GC (Allocation Failure) 2024-03-22T01:28:14.934+0800: 30970.355: [ParNew: 20704303K->1117301K(22937600K), 0.4637663 secs] 21217417K->1631035K(130940928K), 0.4640188 secs] [Times: user=4.67 sys=2.14, real=0.47 secs] 
2024-03-22T01:28:48.168+0800: 31003.589: [GC (Allocation Failure) 2024-03-22T01:28:48.168+0800: 31003.589: [ParNew: 20778101K->1064958K(22937600K), 0.4319977 secs] 21291835K->1579256K(130940928K), 0.4322091 secs] [Times: user=4.53 sys=1.78, real=0.43 secs] 
2024-03-22T01:29:23.944+0800: 31039.365: [GC (Allocation Failure) 2024-03-22T01:29:23.944+0800: 31039.365: [ParNew: 20725758K->1215681K(22937600K), 0.3977729 secs] 21240056K->1730611K(130940928K), 0.3979858 secs] [Times: user=4.19 sys=1.59, real=0.40 secs] 
2024-03-22T01:30:00.199+0800: 31075.620: [GC (Allocation Failure) 2024-03-22T01:30:00.199+0800: 31075.620: [ParNew: 20876481K->1085876K(22937600K), 0.4721606 secs] 21391411K->1601464K(130940928K), 0.4724172 secs] [Times: user=4.52 sys=2.16, real=0.47 secs] 
2024-03-22T01:30:36.931+0800: 31112.352: [GC (Allocation Failure) 2024-03-22T01:30:36.931+0800: 31112.352: [ParNew: 20746676K->1119759K(22937600K), 0.4405770 secs] 21262264K->1635963K(130940928K), 0.4408794 secs] [Times: user=4.68 sys=1.84, real=0.44 secs] 
2024-03-22T01:31:12.646+0800: 31148.067: [GC (Allocation Failure) 2024-03-22T01:31:12.646+0800: 31148.067: [ParNew: 20780559K->1108336K(22937600K), 0.4333533 secs] 21296763K->1625203K(130940928K), 0.4336245 secs] [Times: user=4.69 sys=1.70, real=0.44 secs] 
2024-03-22T01:31:46.215+0800: 31181.636: [GC (Allocation Failure) 2024-03-22T01:31:46.215+0800: 31181.636: [ParNew: 20769136K->1206571K(22937600K), 0.4464211 secs] 21286003K->1724074K(130940928K), 0.4466759 secs] [Times: user=4.66 sys=1.73, real=0.45 secs] 
2024-03-22T01:32:19.381+0800: 31214.802: [GC (Allocation Failure) 2024-03-22T01:32:19.381+0800: 31214.802: [ParNew: 20867371K->1175414K(22937600K), 0.4092562 secs] 21384874K->1693611K(130940928K), 0.4095172 secs] [Times: user=4.33 sys=1.68, real=0.41 secs] 
2024-03-22T01:32:53.924+0800: 31249.345: [GC (Allocation Failure) 2024-03-22T01:32:53.924+0800: 31249.345: [ParNew: 20836214K->1038450K(22937600K), 0.3967366 secs] 21354411K->1557265K(130940928K), 0.3969717 secs] [Times: user=4.34 sys=1.43, real=0.40 secs] 
2024-03-22T01:33:26.999+0800: 31282.420: [GC (Allocation Failure) 2024-03-22T01:33:26.999+0800: 31282.420: [ParNew: 20699250K->1077572K(22937600K), 0.4008936 secs] 21218065K->1597005K(130940928K), 0.4011228 secs] [Times: user=4.44 sys=1.42, real=0.40 secs] 
2024-03-22T01:34:01.467+0800: 31316.887: [GC (Allocation Failure) 2024-03-22T01:34:01.467+0800: 31316.888: [ParNew: 20738372K->998454K(22937600K), 0.4121242 secs] 21257805K->1518476K(130940928K), 0.4123449 secs] [Times: user=4.55 sys=1.56, real=0.42 secs] 
2024-03-22T01:34:35.174+0800: 31350.595: [GC (Allocation Failure) 2024-03-22T01:34:35.174+0800: 31350.595: [ParNew: 20659254K->1036512K(22937600K), 0.4203846 secs] 21179276K->1557159K(130940928K), 0.4206191 secs] [Times: user=4.59 sys=1.60, real=0.42 secs] 
2024-03-22T01:35:07.946+0800: 31383.367: [GC (Allocation Failure) 2024-03-22T01:35:07.946+0800: 31383.367: [ParNew: 20697312K->1052273K(22937600K), 0.4390530 secs] 21217959K->1573531K(130940928K), 0.4392765 secs] [Times: user=4.83 sys=1.61, real=0.44 secs] 
2024-03-22T01:35:40.718+0800: 31416.139: [GC (Allocation Failure) 2024-03-22T01:35:40.718+0800: 31416.139: [ParNew: 20713073K->1084086K(22937600K), 0.4617637 secs] 21234331K->1605941K(130940928K), 0.4619964 secs] [Times: user=4.76 sys=1.81, real=0.46 secs] 
2024-03-22T01:36:15.395+0800: 31450.816: [GC (Allocation Failure) 2024-03-22T01:36:15.395+0800: 31450.816: [ParNew: 20744886K->1069392K(22937600K), 0.4678937 secs] 21266741K->1591835K(130940928K), 0.4680985 secs] [Times: user=4.81 sys=2.10, real=0.47 secs] 
2024-03-22T01:36:50.850+0800: 31486.271: [GC (Allocation Failure) 2024-03-22T01:36:50.851+0800: 31486.271: [ParNew: 20730192K->1126084K(22937600K), 0.4442454 secs] 21252635K->1649062K(130940928K), 0.4444706 secs] [Times: user=4.94 sys=1.73, real=0.44 secs] 
2024-03-22T01:37:23.514+0800: 31518.935: [GC (Allocation Failure) 2024-03-22T01:37:23.514+0800: 31518.935: [ParNew: 20786884K->1176037K(22937600K), 0.4453424 secs] 21309862K->1699636K(130940928K), 0.4455758 secs] [Times: user=4.69 sys=1.56, real=0.45 secs] 
2024-03-22T01:37:59.093+0800: 31554.514: [GC (Allocation Failure) 2024-03-22T01:37:59.093+0800: 31554.514: [ParNew: 20836837K->1290375K(22937600K), 0.4534069 secs] 21360436K->1814561K(130940928K), 0.4536369 secs] [Times: user=5.00 sys=2.01, real=0.45 secs] 
2024-03-22T01:38:35.123+0800: 31590.544: [GC (Allocation Failure) 2024-03-22T01:38:35.123+0800: 31590.544: [ParNew: 20951175K->1155486K(22937600K), 0.5169040 secs] 21475361K->1680258K(130940928K), 0.5171199 secs] [Times: user=5.44 sys=2.48, real=0.52 secs] 
2024-03-22T01:39:09.995+0800: 31625.415: [GC (Allocation Failure) 2024-03-22T01:39:09.995+0800: 31625.416: [ParNew: 20816286K->1145379K(22937600K), 0.4791003 secs] 21341058K->1670867K(130940928K), 0.4793177 secs] [Times: user=5.03 sys=2.20, real=0.48 secs] 
2024-03-22T01:39:44.841+0800: 31660.262: [GC (Allocation Failure) 2024-03-22T01:39:44.842+0800: 31660.262: [ParNew: 20806179K->1193102K(22937600K), 0.4958164 secs] 21331667K->1719255K(130940928K), 0.4960553 secs] [Times: user=5.63 sys=1.95, real=0.50 secs] 
2024-03-22T01:40:18.248+0800: 31693.669: [GC (Allocation Failure) 2024-03-22T01:40:18.249+0800: 31693.669: [ParNew: 20853902K->1239099K(22937600K), 0.4480179 secs] 21380055K->1765947K(130940928K), 0.4482371 secs] [Times: user=4.68 sys=1.98, real=0.44 secs] 
2024-03-22T01:40:48.376+0800: 31723.796: [GC (Allocation Failure) 2024-03-22T01:40:48.376+0800: 31723.797: [ParNew: 20899899K->1246309K(22937600K), 0.4146236 secs] 21426747K->1773785K(130940928K), 0.4148615 secs] [Times: user=4.41 sys=1.55, real=0.42 secs] 
2024-03-22T01:41:23.642+0800: 31759.063: [GC (Allocation Failure) 2024-03-22T01:41:23.642+0800: 31759.063: [ParNew: 20907109K->847122K(22937600K), 0.4258324 secs] 21434585K->1375183K(130940928K), 0.4260830 secs] [Times: user=4.43 sys=1.93, real=0.43 secs] 
2024-03-22T01:41:58.028+0800: 31793.449: [GC (Allocation Failure) 2024-03-22T01:41:58.028+0800: 31793.449: [ParNew: 20507922K->1037439K(22937600K), 0.4790137 secs] 21035983K->1566069K(130940928K), 0.4792967 secs] [Times: user=4.78 sys=2.42, real=0.48 secs] 
2024-03-22T01:42:32.769+0800: 31828.190: [GC (Allocation Failure) 2024-03-22T01:42:32.769+0800: 31828.190: [ParNew: 20698239K->1037791K(22937600K), 0.4973003 secs] 21226869K->1566962K(130940928K), 0.4975179 secs] [Times: user=5.14 sys=2.44, real=0.49 secs] 
2024-03-22T01:43:07.955+0800: 31863.376: [GC (Allocation Failure) 2024-03-22T01:43:07.955+0800: 31863.376: [ParNew: 20698591K->1095231K(22937600K), 0.4508743 secs] 21227762K->1624995K(130940928K), 0.4510887 secs] [Times: user=4.72 sys=2.06, real=0.45 secs] 
2024-03-22T01:43:40.344+0800: 31895.765: [GC (Allocation Failure) 2024-03-22T01:43:40.345+0800: 31895.765: [ParNew: 20756031K->1120941K(22937600K), 0.4426248 secs] 21285795K->1651274K(130940928K), 0.4428558 secs] [Times: user=4.89 sys=1.73, real=0.44 secs] 
2024-03-22T01:44:14.367+0800: 31929.788: [GC (Allocation Failure) 2024-03-22T01:44:14.368+0800: 31929.788: [ParNew: 20781741K->1136533K(22937600K), 0.4372768 secs] 21312074K->1667436K(130940928K), 0.4375101 secs] [Times: user=4.73 sys=1.82, real=0.44 secs] 
2024-03-22T01:44:45.356+0800: 31960.777: [GC (Allocation Failure) 2024-03-22T01:44:45.356+0800: 31960.777: [ParNew: 20797333K->1148986K(22937600K), 0.4853312 secs] 21328236K->1680504K(130940928K), 0.4855271 secs] [Times: user=5.14 sys=2.12, real=0.49 secs] 
2024-03-22T01:45:20.279+0800: 31995.700: [GC (Allocation Failure) 2024-03-22T01:45:20.279+0800: 31995.700: [ParNew: 20809786K->1176514K(22937600K), 0.5276684 secs] 21341304K->1708639K(130940928K), 0.5279106 secs] [Times: user=5.33 sys=2.80, real=0.52 secs] 
2024-03-22T01:45:58.892+0800: 32034.313: [GC (Allocation Failure) 2024-03-22T01:45:58.892+0800: 32034.313: [ParNew: 20837314K->1132483K(22937600K), 0.5640383 secs] 21369439K->1665226K(130940928K), 0.5642495 secs] [Times: user=5.32 sys=3.44, real=0.56 secs] 
2024-03-22T01:46:36.567+0800: 32071.988: [GC (Allocation Failure) 2024-03-22T01:46:36.567+0800: 32071.988: [ParNew: 20793283K->1145212K(22937600K), 0.4995017 secs] 21326026K->1678523K(130940928K), 0.4997193 secs] [Times: user=5.22 sys=2.45, real=0.50 secs] 
2024-03-22T01:47:13.440+0800: 32108.860: [GC (Allocation Failure) 2024-03-22T01:47:13.440+0800: 32108.860: [ParNew: 20806012K->1260746K(22937600K), 0.4697449 secs] 21339323K->1794624K(130940928K), 0.4699731 secs] [Times: user=4.85 sys=2.20, real=0.47 secs] 
2024-03-22T01:47:45.830+0800: 32141.251: [GC (Allocation Failure) 2024-03-22T01:47:45.831+0800: 32141.251: [ParNew: 20921546K->1165516K(22937600K), 0.5348224 secs] 21455424K->1699987K(130940928K), 0.5350778 secs] [Times: user=5.22 sys=3.01, real=0.53 secs] 
2024-03-22T01:48:20.397+0800: 32175.817: [GC (Allocation Failure) 2024-03-22T01:48:20.397+0800: 32175.818: [ParNew: 20826316K->1177650K(22937600K), 0.5890674 secs] 21360787K->1712700K(130940928K), 0.5892909 secs] [Times: user=5.56 sys=3.60, real=0.59 secs] 
2024-03-22T01:48:53.399+0800: 32208.820: [GC (Allocation Failure) 2024-03-22T01:48:53.400+0800: 32208.820: [ParNew: 20838450K->1232541K(22937600K), 0.5764990 secs] 21373500K->1768287K(130940928K), 0.5767083 secs] [Times: user=5.86 sys=2.99, real=0.57 secs] 
2024-03-22T01:49:23.458+0800: 32238.879: [GC (Allocation Failure) 2024-03-22T01:49:23.458+0800: 32238.879: [ParNew: 20893341K->1212264K(22937600K), 0.4969105 secs] 21429087K->1748659K(130940928K), 0.4971094 secs] [Times: user=4.89 sys=2.49, real=0.49 secs] 
2024-03-22T01:49:54.907+0800: 32270.328: [GC (Allocation Failure) 2024-03-22T01:49:54.907+0800: 32270.328: [ParNew: 20873064K->1208344K(22937600K), 0.4826877 secs] 21409459K->1745331K(130940928K), 0.4828975 secs] [Times: user=5.14 sys=2.12, real=0.49 secs] 
2024-03-22T01:50:29.161+0800: 32304.582: [GC (Allocation Failure) 2024-03-22T01:50:29.161+0800: 32304.582: [ParNew: 20869144K->1165544K(22937600K), 0.5027771 secs] 21406131K->1703148K(130940928K), 0.5030061 secs] [Times: user=5.32 sys=2.34, real=0.50 secs] 
2024-03-22T01:51:03.128+0800: 32338.549: [GC (Allocation Failure) 2024-03-22T01:51:03.128+0800: 32338.549: [ParNew: 20826344K->1258723K(22937600K), 0.5369509 secs] 21363948K->1796917K(130940928K), 0.5371793 secs] [Times: user=5.20 sys=2.93, real=0.53 secs] 
2024-03-22T01:51:35.375+0800: 32370.796: [GC (Allocation Failure) 2024-03-22T01:51:35.375+0800: 32370.796: [ParNew: 20919523K->1199327K(22937600K), 0.5438697 secs] 21457717K->1738105K(130940928K), 0.5441308 secs] [Times: user=5.23 sys=2.92, real=0.55 secs] 
2024-03-22T01:52:12.446+0800: 32407.866: [GC (Allocation Failure) 2024-03-22T01:52:12.446+0800: 32407.867: [ParNew: 20860127K->1238439K(22937600K), 0.4955243 secs] 21398905K->1777783K(130940928K), 0.4957249 secs] [Times: user=5.23 sys=2.40, real=0.50 secs] 
2024-03-22T01:52:48.025+0800: 32443.445: [GC (Allocation Failure) 2024-03-22T01:52:48.025+0800: 32443.445: [ParNew: 20899239K->1295282K(22937600K), 0.5311782 secs] 21438583K->1835192K(130940928K), 0.5314422 secs] [Times: user=4.88 sys=2.93, real=0.53 secs] 
2024-03-22T01:53:25.132+0800: 32480.553: [GC (Allocation Failure) 2024-03-22T01:53:25.132+0800: 32480.553: [ParNew: 20956082K->1157943K(22937600K), 0.5691956 secs] 21495992K->1698435K(130940928K), 0.5694361 secs] [Times: user=5.26 sys=3.57, real=0.57 secs] 
2024-03-22T01:54:01.338+0800: 32516.759: [GC (Allocation Failure) 2024-03-22T01:54:01.339+0800: 32516.759: [ParNew: 20818743K->1190990K(22937600K), 0.5290322 secs] 21359235K->1732045K(130940928K), 0.5292664 secs] [Times: user=5.20 sys=2.96, real=0.53 secs] 
2024-03-22T01:54:38.391+0800: 32553.812: [GC (Allocation Failure) 2024-03-22T01:54:38.391+0800: 32553.812: [ParNew: 20851790K->1277862K(22937600K), 0.4922853 secs] 21392845K->1819487K(130940928K), 0.4925152 secs] [Times: user=4.96 sys=2.62, real=0.49 secs] 
2024-03-22T01:55:14.407+0800: 32589.828: [GC (Allocation Failure) 2024-03-22T01:55:14.407+0800: 32589.828: [ParNew: 20938662K->1203879K(22937600K), 0.5436997 secs] 21480287K->1746173K(130940928K), 0.5439212 secs] [Times: user=5.28 sys=3.02, real=0.55 secs] 
2024-03-22T01:55:46.974+0800: 32622.395: [GC (Allocation Failure) 2024-03-22T01:55:46.974+0800: 32622.395: [ParNew: 20864679K->1145502K(22937600K), 0.5245224 secs] 21406973K->1688479K(130940928K), 0.5247581 secs] [Times: user=5.23 sys=2.64, real=0.53 secs] 
2024-03-22T01:56:22.084+0800: 32657.505: [GC (Allocation Failure) 2024-03-22T01:56:22.084+0800: 32657.505: [ParNew: 20806302K->1202941K(22937600K), 0.5053576 secs] 21349279K->1746618K(130940928K), 0.5055893 secs] [Times: user=5.50 sys=2.17, real=0.51 secs] 
2024-03-22T01:56:56.078+0800: 32691.499: [GC (Allocation Failure) 2024-03-22T01:56:56.079+0800: 32691.499: [ParNew: 20863741K->1249418K(22937600K), 0.4676004 secs] 21407418K->1793724K(130940928K), 0.4678702 secs] [Times: user=5.31 sys=1.72, real=0.46 secs] 
2024-03-22T01:57:26.811+0800: 32722.232: [GC (Allocation Failure) 2024-03-22T01:57:26.811+0800: 32722.232: [ParNew: 20910218K->1317038K(22937600K), 0.5019020 secs] 21454524K->1861999K(130940928K), 0.5021218 secs] [Times: user=5.26 sys=2.27, real=0.50 secs] 
2024-03-22T01:58:02.020+0800: 32757.441: [GC (Allocation Failure) 2024-03-22T01:58:02.021+0800: 32757.441: [ParNew: 20977838K->899422K(22937600K), 0.4364690 secs] 21522799K->1445021K(130940928K), 0.4366886 secs] [Times: user=4.86 sys=1.64, real=0.43 secs] 
2024-03-22T01:58:38.098+0800: 32793.518: [GC (Allocation Failure) 2024-03-22T01:58:38.098+0800: 32793.519: [ParNew: 20560222K->1117804K(22937600K), 0.4533819 secs] 21105821K->1663991K(130940928K), 0.4536013 secs] [Times: user=5.22 sys=1.64, real=0.45 secs] 
2024-03-22T01:59:13.040+0800: 32828.461: [GC (Allocation Failure) 2024-03-22T01:59:13.040+0800: 32828.461: [ParNew: 20778604K->1241957K(22937600K), 0.4897909 secs] 21324791K->1788720K(130940928K), 0.4900347 secs] [Times: user=5.24 sys=2.09, real=0.49 secs] 
2024-03-22T01:59:47.229+0800: 32862.650: [GC (Allocation Failure) 2024-03-22T01:59:47.229+0800: 32862.650: [ParNew: 20902757K->1157726K(22937600K), 0.4641740 secs] 21449520K->1705103K(130940928K), 0.4643911 secs] [Times: user=4.68 sys=2.22, real=0.46 secs] 
2024-03-22T02:00:20.482+0800: 32895.903: [GC (Allocation Failure) 2024-03-22T02:00:20.482+0800: 32895.903: [ParNew: 20818526K->1286901K(22937600K), 0.5085988 secs] 21365903K->1834896K(130940928K), 0.5088328 secs] [Times: user=5.87 sys=2.21, real=0.51 secs] 
2024-03-22T02:00:55.739+0800: 32931.160: [GC (Allocation Failure) 2024-03-22T02:00:55.739+0800: 32931.160: [ParNew: 20947701K->1267095K(22937600K), 0.4627300 secs] 21495696K->1815669K(130940928K), 0.4629503 secs] [Times: user=5.01 sys=1.86, real=0.46 secs] 
2024-03-22T02:01:30.593+0800: 32966.014: [GC (Allocation Failure) 2024-03-22T02:01:30.593+0800: 32966.014: [ParNew: 20927895K->1315165K(22937600K), 0.4567733 secs] 21476469K->1864341K(130940928K), 0.4570383 secs] [Times: user=5.11 sys=1.70, real=0.46 secs] 
2024-03-22T02:02:08.471+0800: 33003.892: [GC (Allocation Failure) 2024-03-22T02:02:08.471+0800: 33003.892: [ParNew: 20975965K->1225845K(22937600K), 0.4839054 secs] 21525141K->1775471K(130940928K), 0.4841347 secs] [Times: user=4.81 sys=2.39, real=0.48 secs] 
2024-03-22T02:02:42.797+0800: 33038.217: [GC (Allocation Failure) 2024-03-22T02:02:42.797+0800: 33038.218: [ParNew: 20886645K->1290912K(22937600K), 0.4860552 secs] 21436271K->1840858K(130940928K), 0.4863216 secs] [Times: user=5.16 sys=2.07, real=0.49 secs] 
2024-03-22T02:03:16.079+0800: 33071.499: [GC (Allocation Failure) 2024-03-22T02:03:16.079+0800: 33071.500: [ParNew: 20951712K->1236765K(22937600K), 0.5098027 secs] 21501658K->1786825K(130940928K), 0.5100212 secs] [Times: user=4.90 sys=2.73, real=0.51 secs] 
2024-03-22T02:03:51.470+0800: 33106.891: [GC (Allocation Failure) 2024-03-22T02:03:51.470+0800: 33106.891: [ParNew: 20897565K->1247185K(22937600K), 0.5136053 secs] 21447625K->1797355K(130940928K), 0.5138138 secs] [Times: user=5.44 sys=2.44, real=0.51 secs] 
2024-03-22T02:04:26.194+0800: 33141.615: [GC (Allocation Failure) 2024-03-22T02:04:26.194+0800: 33141.615: [ParNew: 20907985K->1271666K(22937600K), 0.4586557 secs] 21458155K->1821921K(130940928K), 0.4589101 secs] [Times: user=4.99 sys=1.78, real=0.46 secs] 
2024-03-22T02:04:59.261+0800: 33174.682: [GC (Allocation Failure) 2024-03-22T02:04:59.261+0800: 33174.682: [ParNew: 20932466K->1335951K(22937600K), 0.4362611 secs] 21482721K->1886297K(130940928K), 0.4364956 secs] [Times: user=4.79 sys=1.69, real=0.43 secs] 
2024-03-22T02:05:32.198+0800: 33207.619: [GC (Allocation Failure) 2024-03-22T02:05:32.198+0800: 33207.619: [ParNew: 20996751K->1299923K(22937600K), 0.4909081 secs] 21547097K->1850371K(130940928K), 0.4911804 secs] [Times: user=4.99 sys=2.27, real=0.49 secs] 
2024-03-22T02:06:08.173+0800: 33243.594: [GC (Allocation Failure) 2024-03-22T02:06:08.173+0800: 33243.594: [ParNew: 20960723K->1217092K(22937600K), 0.4702865 secs] 21511171K->1767689K(130940928K), 0.4705108 secs] [Times: user=4.76 sys=2.24, real=0.47 secs] 
2024-03-22T02:06:40.787+0800: 33276.208: [GC (Allocation Failure) 2024-03-22T02:06:40.787+0800: 33276.208: [ParNew: 20877892K->1237954K(22937600K), 0.4643564 secs] 21428489K->1788683K(130940928K), 0.4645916 secs] [Times: user=4.71 sys=2.13, real=0.47 secs] 
2024-03-22T02:07:14.215+0800: 33309.636: [GC (Allocation Failure) 2024-03-22T02:07:14.215+0800: 33309.636: [ParNew: 20898754K->1191068K(22937600K), 0.4446871 secs] 21449483K->1741950K(130940928K), 0.4449214 secs] [Times: user=4.85 sys=1.77, real=0.45 secs] 
2024-03-22T02:07:47.313+0800: 33342.733: [GC (Allocation Failure) 2024-03-22T02:07:47.313+0800: 33342.734: [ParNew: 20851868K->1252234K(22937600K), 0.5275240 secs] 21402750K->1803276K(130940928K), 0.5277389 secs] [Times: user=6.16 sys=1.94, real=0.53 secs] 
2024-03-22T02:08:22.367+0800: 33377.788: [GC (Allocation Failure) 2024-03-22T02:08:22.367+0800: 33377.788: [ParNew: 20913034K->1267020K(22937600K), 0.5346632 secs] 21464076K->1818236K(130940928K), 0.5349042 secs] [Times: user=6.05 sys=2.21, real=0.54 secs] 
2024-03-22T02:08:54.065+0800: 33409.486: [GC (Allocation Failure) 2024-03-22T02:08:54.065+0800: 33409.486: [ParNew: 20927820K->1323280K(22937600K), 0.4665505 secs] 21479036K->1876682K(130940928K), 0.4667782 secs] [Times: user=4.48 sys=2.35, real=0.47 secs] 
2024-03-22T02:09:34.782+0800: 33450.203: [GC (Allocation Failure) 2024-03-22T02:09:34.782+0800: 33450.203: [ParNew: 20984080K->1295168K(22937600K), 0.5312839 secs] 21537482K->1851019K(130940928K), 0.5315108 secs] [Times: user=5.22 sys=2.95, real=0.53 secs] 
2024-03-22T02:10:15.588+0800: 33491.009: [GC (Allocation Failure) 2024-03-22T02:10:15.588+0800: 33491.009: [ParNew: 20955968K->1177481K(22937600K), 0.4582231 secs] 21511819K->1736170K(130940928K), 0.4584244 secs] [Times: user=4.59 sys=2.40, real=0.45 secs] 
2024-03-22T02:10:54.478+0800: 33529.899: [GC (Allocation Failure) 2024-03-22T02:10:54.478+0800: 33529.899: [ParNew: 20838281K->1236404K(22937600K), 0.4852226 secs] 21396970K->1798320K(130940928K), 0.4854647 secs] [Times: user=4.87 sys=2.38, real=0.48 secs] 
2024-03-22T02:11:30.695+0800: 33566.116: [GC (Allocation Failure) 2024-03-22T02:11:30.695+0800: 33566.116: [ParNew: 20897204K->1271290K(22937600K), 0.5372772 secs] 21459120K->1837715K(130940928K), 0.5374925 secs] [Times: user=5.71 sys=2.51, real=0.54 secs] 
2024-03-22T02:12:04.492+0800: 33599.913: [GC (Allocation Failure) 2024-03-22T02:12:04.492+0800: 33599.913: [ParNew: 20932090K->1219506K(22937600K), 0.4972873 secs] 21498515K->1792716K(130940928K), 0.4975033 secs] [Times: user=5.09 sys=2.34, real=0.50 secs] 
2024-03-22T02:12:37.226+0800: 33632.647: [GC (Allocation Failure) 2024-03-22T02:12:37.226+0800: 33632.647: [ParNew: 20880306K->1308749K(22937600K), 0.4828642 secs] 21453516K->1890797K(130940928K), 0.4830879 secs] [Times: user=5.26 sys=2.00, real=0.49 secs] 
2024-03-22T02:13:12.080+0800: 33667.501: [GC (Allocation Failure) 2024-03-22T02:13:12.081+0800: 33667.501: [ParNew: 20969549K->1268248K(22937600K), 0.4972814 secs] 21551597K->1860607K(130940928K), 0.4975057 secs] [Times: user=5.31 sys=2.22, real=0.50 secs] 
2024-03-22T02:13:44.030+0800: 33699.451: [GC (Allocation Failure) 2024-03-22T02:13:44.030+0800: 33699.451: [ParNew: 20929048K->1231501K(22937600K), 0.5473809 secs] 21521407K->1835507K(130940928K), 0.5476040 secs] [Times: user=4.88 sys=3.41, real=0.54 secs] 
2024-03-22T02:14:19.624+0800: 33735.045: [GC (Allocation Failure) 2024-03-22T02:14:19.624+0800: 33735.045: [ParNew: 20892301K->1203202K(22937600K), 0.5442069 secs] 21496307K->1818795K(130940928K), 0.5444357 secs] [Times: user=4.98 sys=3.34, real=0.55 secs] 
2024-03-22T02:14:53.832+0800: 33769.253: [GC (Allocation Failure) 2024-03-22T02:14:53.832+0800: 33769.253: [ParNew: 20864002K->1316632K(22937600K), 0.5087341 secs] 21479595K->1943183K(130940928K), 0.5089403 secs] [Times: user=5.16 sys=2.59, real=0.51 secs] 
2024-03-22T02:15:30.217+0800: 33805.638: [GC (Allocation Failure) 2024-03-22T02:15:30.218+0800: 33805.638: [ParNew: 20977432K->962021K(22937600K), 0.4620709 secs] 21603983K->1599591K(130940928K), 0.4623027 secs] [Times: user=4.79 sys=2.15, real=0.47 secs] 
2024-03-22T02:16:07.508+0800: 33842.929: [GC (Allocation Failure) 2024-03-22T02:16:07.508+0800: 33842.929: [ParNew: 20622821K->1242311K(22937600K), 0.4761358 secs] 21260391K->1891136K(130940928K), 0.4764019 secs] [Times: user=4.64 sys=2.53, real=0.47 secs] 
2024-03-22T02:16:46.855+0800: 33882.276: [GC (Allocation Failure) 2024-03-22T02:16:46.855+0800: 33882.276: [ParNew: 20903111K->1169263K(22937600K), 0.6204603 secs] 21551936K->1828801K(130940928K), 0.6206805 secs] [Times: user=7.82 sys=1.98, real=0.62 secs] 
2024-03-22T02:17:26.057+0800: 33921.478: [GC (Allocation Failure) 2024-03-22T02:17:26.057+0800: 33921.478: [ParNew: 20830063K->1180624K(22937600K), 0.4200848 secs] 21489601K->1851083K(130940928K), 0.4202886 secs] [Times: user=4.33 sys=1.77, real=0.43 secs] 
2024-03-22T02:18:00.066+0800: 33955.487: [GC (Allocation Failure) 2024-03-22T02:18:00.066+0800: 33955.487: [ParNew: 20841424K->1167739K(22937600K), 0.4601158 secs] 21511883K->1849985K(130940928K), 0.4603888 secs] [Times: user=4.57 sys=2.03, real=0.46 secs] 
2024-03-22T02:18:33.791+0800: 33989.212: [GC (Allocation Failure) 2024-03-22T02:18:33.791+0800: 33989.212: [ParNew: 20828539K->1178941K(22937600K), 0.4648288 secs] 21510785K->1871625K(130940928K), 0.4650475 secs] [Times: user=4.58 sys=2.14, real=0.46 secs] 
2024-03-22T02:19:06.101+0800: 34021.522: [GC (Allocation Failure) 2024-03-22T02:19:06.101+0800: 34021.522: [ParNew: 20839741K->1217618K(22937600K), 0.4287851 secs] 21532425K->1920398K(130940928K), 0.4290042 secs] [Times: user=4.19 sys=1.87, real=0.43 secs] 
2024-03-22T02:19:42.335+0800: 34057.756: [GC (Allocation Failure) 2024-03-22T02:19:42.335+0800: 34057.756: [ParNew: 20878418K->1178756K(22937600K), 0.4477061 secs] 21581198K->1891867K(130940928K), 0.4479319 secs] [Times: user=4.54 sys=2.17, real=0.45 secs] 
2024-03-22T02:20:14.202+0800: 34089.623: [GC (Allocation Failure) 2024-03-22T02:20:14.202+0800: 34089.623: [ParNew: 20839556K->1230145K(22937600K), 0.5171448 secs] 21552667K->1953683K(130940928K), 0.5173995 secs] [Times: user=5.67 sys=2.07, real=0.52 secs] 
2024-03-22T02:20:47.764+0800: 34123.185: [GC (Allocation Failure) 2024-03-22T02:20:47.764+0800: 34123.185: [ParNew: 20890945K->1259311K(22937600K), 0.4733550 secs] 21614483K->1994331K(130940928K), 0.4736079 secs] [Times: user=4.71 sys=2.16, real=0.48 secs] 
2024-03-22T02:21:24.607+0800: 34160.028: [GC (Allocation Failure) 2024-03-22T02:21:24.607+0800: 34160.028: [ParNew: 20920111K->1184911K(22937600K), 0.4730554 secs] 21655131K->1930905K(130940928K), 0.4732673 secs] [Times: user=5.07 sys=1.94, real=0.48 secs] 
2024-03-22T02:22:08.328+0800: 34203.749: [GC (Allocation Failure) 2024-03-22T02:22:08.328+0800: 34203.749: [ParNew: 20845711K->1188365K(22937600K), 0.4568876 secs] 21591705K->1945668K(130940928K), 0.4571319 secs] [Times: user=4.88 sys=2.07, real=0.45 secs] 
2024-03-22T02:22:48.516+0800: 34243.937: [GC (Allocation Failure) 2024-03-22T02:22:48.517+0800: 34243.937: [ParNew: 20849165K->1313157K(22937600K), 0.4295686 secs] 21606468K->2081703K(130940928K), 0.4297865 secs] [Times: user=4.58 sys=1.81, real=0.43 secs] 
2024-03-22T02:23:24.889+0800: 34280.310: [GC (Allocation Failure) 2024-03-22T02:23:24.889+0800: 34280.310: [ParNew: 20973957K->1241875K(22937600K), 0.4908423 secs] 21742503K->2021021K(130940928K), 0.4910577 secs] [Times: user=5.61 sys=1.82, real=0.49 secs] 
2024-03-22T02:23:58.500+0800: 34313.921: [GC (Allocation Failure) 2024-03-22T02:23:58.500+0800: 34313.921: [ParNew: 20902675K->1192644K(22937600K), 0.4208609 secs] 21681821K->1983054K(130940928K), 0.4211114 secs] [Times: user=4.74 sys=1.75, real=0.42 secs] 
2024-03-22T02:24:33.082+0800: 34348.503: [GC (Allocation Failure) 2024-03-22T02:24:33.082+0800: 34348.503: [ParNew: 20853444K->1101236K(22937600K), 0.4512098 secs] 21643854K->1902110K(130940928K), 0.4514219 secs] [Times: user=5.03 sys=2.09, real=0.45 secs] 
2024-03-22T02:25:10.812+0800: 34386.233: [GC (Allocation Failure) 2024-03-22T02:25:10.812+0800: 34386.233: [ParNew: 20762036K->1064040K(22937600K), 0.9214276 secs] 21562910K->1875201K(130940928K), 0.9216430 secs] [Times: user=13.78 sys=1.49, real=0.92 secs] 
2024-03-22T02:25:48.521+0800: 34423.942: [GC (Allocation Failure) 2024-03-22T02:25:48.521+0800: 34423.942: [ParNew: 20724840K->1118238K(22937600K), 0.6154989 secs] 21536001K->1939249K(130940928K), 0.6157905 secs] [Times: user=7.80 sys=1.89, real=0.61 secs] 
2024-03-22T02:26:26.046+0800: 34461.467: [GC (Allocation Failure) 2024-03-22T02:26:26.046+0800: 34461.467: [ParNew: 20779038K->1147424K(22937600K), 0.4522334 secs] 21600049K->1978372K(130940928K), 0.4525400 secs] [Times: user=4.51 sys=2.22, real=0.46 secs] 
2024-03-22T02:27:02.308+0800: 34497.729: [GC (Allocation Failure) 2024-03-22T02:27:02.308+0800: 34497.729: [ParNew: 20808224K->1199776K(22937600K), 0.4511399 secs] 21639172K->2041752K(130940928K), 0.4514338 secs] [Times: user=4.74 sys=1.98, real=0.45 secs] 
2024-03-22T02:27:40.520+0800: 34535.941: [GC (Allocation Failure) 2024-03-22T02:27:40.520+0800: 34535.941: [ParNew: 20860576K->1138664K(22937600K), 0.5763790 secs] 21702552K->1991461K(130940928K), 0.5766880 secs] [Times: user=7.48 sys=1.55, real=0.57 secs] 
2024-03-22T02:28:20.454+0800: 34575.875: [GC (Allocation Failure) 2024-03-22T02:28:20.454+0800: 34575.875: [ParNew: 20799464K->1146508K(22937600K), 0.4038376 secs] 21652261K->2010532K(130940928K), 0.4041553 secs] [Times: user=4.14 sys=1.85, real=0.41 secs] 
2024-03-22T02:28:56.458+0800: 34611.879: [GC (Allocation Failure) 2024-03-22T02:28:56.458+0800: 34611.879: [ParNew: 20807308K->1134623K(22937600K), 0.4286783 secs] 21671332K->2008896K(130940928K), 0.4289637 secs] [Times: user=4.08 sys=2.15, real=0.42 secs] 
2024-03-22T02:29:31.373+0800: 34646.794: [GC (Allocation Failure) 2024-03-22T02:29:31.373+0800: 34646.794: [ParNew: 20795423K->1128522K(22937600K), 0.4846535 secs] 21669696K->2014027K(130940928K), 0.4849439 secs] [Times: user=5.48 sys=1.86, real=0.49 secs] 
2024-03-22T02:30:03.938+0800: 34679.359: [GC (Allocation Failure) 2024-03-22T02:30:03.939+0800: 34679.359: [ParNew: 20789322K->1189577K(22937600K), 0.6139530 secs] 21674827K->2085821K(130940928K), 0.6142373 secs] [Times: user=8.07 sys=1.57, real=0.61 secs] 
2024-03-22T02:30:37.099+0800: 34712.519: [GC (Allocation Failure) 2024-03-22T02:30:37.099+0800: 34712.519: [ParNew: 20850377K->1264039K(22937600K), 0.5049307 secs] 21746621K->2170402K(130940928K), 0.5051672 secs] [Times: user=5.31 sys=2.31, real=0.50 secs] 
2024-03-22T02:31:13.928+0800: 34749.349: [GC (Allocation Failure) 2024-03-22T02:31:13.928+0800: 34749.349: [ParNew: 20924839K->1194708K(22937600K), 0.4709274 secs] 21831202K->2109948K(130940928K), 0.4712165 secs] [Times: user=4.73 sys=2.38, real=0.47 secs] 
2024-03-22T02:31:51.878+0800: 34787.299: [GC (Allocation Failure) 2024-03-22T02:31:51.878+0800: 34787.299: [ParNew: 20855508K->1254404K(22937600K), 0.4886214 secs] 21770748K->2179467K(130940928K), 0.4888713 secs] [Times: user=4.96 sys=2.45, real=0.48 secs] 
2024-03-22T02:32:30.300+0800: 34825.721: [GC (Allocation Failure) 2024-03-22T02:32:30.300+0800: 34825.721: [ParNew: 20915204K->1287747K(22937600K), 0.4854064 secs] 21840267K->2223497K(130940928K), 0.4856487 secs] [Times: user=5.44 sys=2.02, real=0.48 secs] 
2024-03-22T02:33:19.965+0800: 34875.386: [GC (Allocation Failure) 2024-03-22T02:33:19.965+0800: 34875.386: [ParNew: 20948547K->1226800K(22937600K), 0.4113450 secs] 21884297K->2178933K(130940928K), 0.4115625 secs] [Times: user=4.18 sys=2.18, real=0.41 secs] 
2024-03-22T02:34:04.381+0800: 34919.802: [GC (Allocation Failure) 2024-03-22T02:34:04.381+0800: 34919.802: [ParNew: 20887600K->1127722K(22937600K), 0.4762707 secs] 21839733K->2092380K(130940928K), 0.4765515 secs] [Times: user=5.17 sys=2.23, real=0.47 secs] 
2024-03-22T02:34:43.274+0800: 34958.695: [GC (Allocation Failure) 2024-03-22T02:34:43.274+0800: 34958.695: [ParNew: 20788522K->1062980K(22937600K), 0.7266860 secs] 21753180K->2037572K(130940928K), 0.7269186 secs] [Times: user=9.49 sys=2.17, real=0.73 secs] 
2024-03-22T02:35:20.222+0800: 34995.643: [GC (Allocation Failure) 2024-03-22T02:35:20.222+0800: 34995.643: [ParNew: 20723780K->975357K(22937600K), 0.4861018 secs] 21698372K->1960414K(130940928K), 0.4863226 secs] [Times: user=5.74 sys=1.70, real=0.49 secs] 
2024-03-22T02:35:53.170+0800: 35028.591: [GC (Allocation Failure) 2024-03-22T02:35:53.170+0800: 35028.591: [ParNew: 20636157K->1061597K(22937600K), 0.5781059 secs] 21621214K->2056976K(130940928K), 0.5783967 secs] [Times: user=7.21 sys=1.82, real=0.58 secs] 
2024-03-22T02:36:29.513+0800: 35064.934: [GC (Allocation Failure) 2024-03-22T02:36:29.514+0800: 35064.934: [ParNew: 20722397K->1028240K(22937600K), 0.5006779 secs] 21717776K->2033897K(130940928K), 0.5010346 secs] [Times: user=4.98 sys=2.60, real=0.50 secs] 
2024-03-22T02:37:03.176+0800: 35098.597: [GC (Allocation Failure) 2024-03-22T02:37:03.176+0800: 35098.597: [ParNew: 20646150K->1045444K(22937600K), 0.5120086 secs] 21651808K->2061263K(130940928K), 0.5122992 secs] [Times: user=5.25 sys=2.91, real=0.52 secs] 
2024-03-22T02:37:43.283+0800: 35138.704: [GC (Allocation Failure) 2024-03-22T02:37:43.283+0800: 35138.704: [ParNew: 20706244K->1071030K(22937600K), 0.4855744 secs] 21722063K->2097257K(130940928K), 0.4858415 secs] [Times: user=5.74 sys=2.13, real=0.49 secs] 
2024-03-22T02:38:34.532+0800: 35189.953: [GC (Allocation Failure) 2024-03-22T02:38:34.532+0800: 35189.953: [ParNew: 20731830K->1013963K(22937600K), 0.4498018 secs] 21758057K->2050853K(130940928K), 0.4501129 secs] [Times: user=4.83 sys=2.71, real=0.45 secs] 
2024-03-22T02:39:20.718+0800: 35236.138: [GC (Allocation Failure) 2024-03-22T02:39:20.718+0800: 35236.139: [ParNew: 20674763K->982862K(22937600K), 0.6532247 secs] 21711653K->2030406K(130940928K), 0.6534473 secs] [Times: user=7.76 sys=2.56, real=0.65 secs] 
2024-03-22T02:40:01.429+0800: 35276.849: [GC (Allocation Failure) 2024-03-22T02:40:01.429+0800: 35276.850: [ParNew: 20643662K->1050395K(22937600K), 0.4696238 secs] 21691206K->2108951K(130940928K), 0.4698754 secs] [Times: user=5.37 sys=1.79, real=0.47 secs] 
2024-03-22T02:40:45.391+0800: 35320.812: [GC (Allocation Failure) 2024-03-22T02:40:45.391+0800: 35320.812: [ParNew: 20711195K->989777K(22937600K), 0.8293117 secs] 21769751K->2059636K(130940928K), 0.8296178 secs] [Times: user=11.81 sys=1.88, real=0.83 secs] 
2024-03-22T02:41:24.935+0800: 35360.356: [GC (Allocation Failure) 2024-03-22T02:41:24.935+0800: 35360.356: [ParNew: 20650577K->982762K(22937600K), 0.4304819 secs] 21720436K->2062875K(130940928K), 0.4307893 secs] [Times: user=4.79 sys=1.73, real=0.43 secs] 
2024-03-22T02:42:04.162+0800: 35399.583: [GC (Allocation Failure) 2024-03-22T02:42:04.163+0800: 35399.583: [ParNew: 20643562K->1029298K(22937600K), 0.4043790 secs] 21723675K->2119214K(130940928K), 0.4046969 secs] [Times: user=4.26 sys=1.77, real=0.40 secs] 
2024-03-22T02:42:41.577+0800: 35436.998: [GC (Allocation Failure) 2024-03-22T02:42:41.577+0800: 35436.998: [ParNew: 20690098K->1012040K(22937600K), 0.4304774 secs] 21780014K->2111767K(130940928K), 0.4307929 secs] [Times: user=4.28 sys=2.08, real=0.44 secs] 
2024-03-22T02:43:16.951+0800: 35472.372: [GC (Allocation Failure) 2024-03-22T02:43:16.951+0800: 35472.372: [ParNew: 20672840K->1104101K(22937600K), 0.4258887 secs] 21772567K->2211502K(130940928K), 0.4261610 secs] [Times: user=4.46 sys=1.82, real=0.42 secs] 
2024-03-22T02:43:57.650+0800: 35513.071: [GC (Allocation Failure) 2024-03-22T02:43:57.650+0800: 35513.071: [ParNew: 20764901K->1113352K(22937600K), 0.4556515 secs] 21872302K->2235626K(130940928K), 0.4559633 secs] [Times: user=4.67 sys=2.22, real=0.45 secs] 
2024-03-22T02:44:45.653+0800: 35561.073: [GC (Allocation Failure) 2024-03-22T02:44:45.653+0800: 35561.074: [ParNew: 20774152K->966702K(22937600K), 0.6522129 secs] 21896426K->2100967K(130940928K), 0.6525266 secs] [Times: user=9.27 sys=1.45, real=0.65 secs] 
2024-03-22T02:45:32.762+0800: 35608.183: [GC (Allocation Failure) 2024-03-22T02:45:32.762+0800: 35608.183: [ParNew: 20627502K->944658K(22937600K), 0.4589159 secs] 21761767K->2089919K(130940928K), 0.4592028 secs] [Times: user=4.64 sys=2.47, real=0.46 secs] 
2024-03-22T02:46:12.507+0800: 35647.928: [GC (Allocation Failure) 2024-03-22T02:46:12.508+0800: 35647.928: [ParNew: 20605458K->946418K(22937600K), 0.4435789 secs] 21750719K->2102877K(130940928K), 0.4438461 secs] [Times: user=4.53 sys=2.11, real=0.45 secs] 
2024-03-22T02:46:49.193+0800: 35684.614: [GC (Allocation Failure) 2024-03-22T02:46:49.193+0800: 35684.614: [ParNew: 20607218K->942713K(22937600K), 0.5177050 secs] 21763677K->2110151K(130940928K), 0.5179909 secs] [Times: user=5.44 sys=2.56, real=0.52 secs] 
2024-03-22T02:47:27.690+0800: 35723.111: [GC (Allocation Failure) 2024-03-22T02:47:27.690+0800: 35723.111: [ParNew: 20603513K->973116K(22937600K), 0.5039753 secs] 21770951K->2151216K(130940928K), 0.5042521 secs] [Times: user=5.02 sys=2.59, real=0.50 secs] 
2024-03-22T02:48:04.314+0800: 35759.735: [GC (Allocation Failure) 2024-03-22T02:48:04.315+0800: 35759.735: [ParNew: 20633916K->1021673K(22937600K), 0.6362186 secs] 21812016K->2208770K(130940928K), 0.6364986 secs] [Times: user=6.90 sys=3.13, real=0.64 secs] 
2024-03-22T02:48:41.237+0800: 35796.658: [GC (Allocation Failure) 2024-03-22T02:48:41.237+0800: 35796.658: [ParNew: 20682473K->1060006K(22937600K), 0.5301275 secs] 21869570K->2253915K(130940928K), 0.5304462 secs] [Times: user=5.53 sys=2.71, real=0.54 secs] 
2024-03-22T02:49:15.798+0800: 35831.219: [GC (Allocation Failure) 2024-03-22T02:49:15.798+0800: 35831.219: [ParNew: 20720806K->954019K(22937600K), 0.6195290 secs] 21914715K->2157278K(130940928K), 0.6198050 secs] [Times: user=6.66 sys=3.01, real=0.62 secs] 
2024-03-22T02:49:54.823+0800: 35870.244: [GC (Allocation Failure) 2024-03-22T02:49:54.823+0800: 35870.244: [ParNew: 20614819K->1064271K(22937600K), 0.6018224 secs] 21818078K->2277156K(130940928K), 0.6021375 secs] [Times: user=5.70 sys=3.79, real=0.60 secs] 
2024-03-22T02:50:49.441+0800: 35924.862: [GC (Allocation Failure) 2024-03-22T02:50:49.441+0800: 35924.862: [ParNew: 20725071K->1044189K(22937600K), 0.5519722 secs] 21937956K->2265927K(130940928K), 0.5522420 secs] [Times: user=5.22 sys=3.61, real=0.55 secs] 
2024-03-22T02:51:42.556+0800: 35977.977: [GC (Allocation Failure) 2024-03-22T02:51:42.557+0800: 35977.977: [ParNew: 20704989K->1082715K(22937600K), 0.4574719 secs] 21926727K->2314194K(130940928K), 0.4577451 secs] [Times: user=4.66 sys=2.63, real=0.46 secs] 
2024-03-22T02:52:25.465+0800: 36020.886: [GC (Allocation Failure) 2024-03-22T02:52:25.465+0800: 36020.886: [ParNew: 20743515K->1082506K(22937600K), 0.4634175 secs] 21974994K->2323831K(130940928K), 0.4636646 secs] [Times: user=4.66 sys=2.44, real=0.47 secs] 
2024-03-22T02:53:05.639+0800: 36061.060: [GC (Allocation Failure) 2024-03-22T02:53:05.639+0800: 36061.060: [ParNew: 20743306K->967012K(22937600K), 0.4860326 secs] 21984631K->2218513K(130940928K), 0.4863384 secs] [Times: user=5.13 sys=2.34, real=0.48 secs] 
2024-03-22T02:53:39.296+0800: 36094.717: [GC (Allocation Failure) 2024-03-22T02:53:39.296+0800: 36094.717: [ParNew: 20627812K->984450K(22937600K), 0.4893005 secs] 21879313K->2246469K(130940928K), 0.4896214 secs] [Times: user=4.16 sys=3.13, real=0.49 secs] 
2024-03-22T02:54:14.639+0800: 36130.060: [GC (Allocation Failure) 2024-03-22T02:54:14.640+0800: 36130.060: [ParNew: 20645250K->1000509K(22937600K), 0.4493949 secs] 21907269K->2272140K(130940928K), 0.4496891 secs] [Times: user=4.71 sys=1.87, real=0.45 secs] 
2024-03-22T02:54:50.767+0800: 36166.188: [GC (Allocation Failure) 2024-03-22T02:54:50.767+0800: 36166.188: [ParNew: 20661309K->1124838K(22937600K), 0.3949330 secs] 21932940K->2406011K(130940928K), 0.3952448 secs] [Times: user=4.24 sys=1.57, real=0.40 secs] 
2024-03-22T02:55:31.209+0800: 36206.630: [GC (Allocation Failure) 2024-03-22T02:55:31.209+0800: 36206.630: [ParNew: 20785638K->1026080K(22937600K), 0.4444507 secs] 22066811K->2322807K(130940928K), 0.4447533 secs] [Times: user=4.40 sys=2.30, real=0.44 secs] 
2024-03-22T02:56:20.347+0800: 36255.768: [GC (Allocation Failure) 2024-03-22T02:56:20.347+0800: 36255.768: [ParNew: 20686880K->1088196K(22937600K), 0.4270313 secs] 21983607K->2396759K(130940928K), 0.4273287 secs] [Times: user=4.42 sys=2.32, real=0.43 secs] 
2024-03-22T02:57:08.028+0800: 36303.448: [GC (Allocation Failure) 2024-03-22T02:57:08.028+0800: 36303.448: [ParNew: 20748996K->823650K(22937600K), 0.6567268 secs] 22057559K->2142568K(130940928K), 0.6570048 secs] [Times: user=8.43 sys=2.34, real=0.65 secs] 
2024-03-22T02:57:52.764+0800: 36348.184: [GC (Allocation Failure) 2024-03-22T02:57:52.764+0800: 36348.185: [ParNew: 20484450K->939020K(22937600K), 0.4869326 secs] 21803368K->2268025K(130940928K), 0.4872352 secs] [Times: user=4.67 sys=2.92, real=0.49 secs] 
2024-03-22T02:58:34.626+0800: 36390.047: [GC (Allocation Failure) 2024-03-22T02:58:34.626+0800: 36390.047: [ParNew: 20599820K->910567K(22937600K), 0.5754266 secs] 21928825K->2250172K(130940928K), 0.5757286 secs] [Times: user=6.58 sys=2.54, real=0.58 secs] 
2024-03-22T02:59:14.998+0800: 36430.419: [GC (Allocation Failure) 2024-03-22T02:59:14.998+0800: 36430.419: [ParNew: 20571367K->824207K(22937600K), 0.9294447 secs] 21910972K->2173838K(130940928K), 0.9297581 secs] [Times: user=12.48 sys=2.79, real=0.93 secs] 
2024-03-22T02:59:52.389+0800: 36467.810: [GC (Allocation Failure) 2024-03-22T02:59:52.390+0800: 36467.810: [ParNew: 20485007K->914868K(22937600K), 0.5260066 secs] 21834638K->2275398K(130940928K), 0.5263129 secs] [Times: user=6.48 sys=1.66, real=0.52 secs] 
2024-03-22T03:00:29.364+0800: 36504.785: [GC (Allocation Failure) 2024-03-22T03:00:29.364+0800: 36504.785: [ParNew: 20575668K->984110K(22937600K), 0.4105410 secs] 21936198K->2354304K(130940928K), 0.4108413 secs] [Times: user=4.35 sys=1.69, real=0.41 secs] 
2024-03-22T03:01:04.929+0800: 36540.350: [GC (Allocation Failure) 2024-03-22T03:01:04.929+0800: 36540.350: [ParNew: 20644910K->997817K(22937600K), 0.4474341 secs] 22015104K->2374453K(130940928K), 0.4477355 secs] [Times: user=4.60 sys=2.03, real=0.44 secs] 
2024-03-22T03:01:39.310+0800: 36574.731: [GC (Allocation Failure) 2024-03-22T03:01:39.310+0800: 36574.731: [ParNew: 20658617K->1045986K(22937600K), 0.4657675 secs] 22035253K->2429862K(130940928K), 0.4660320 secs] [Times: user=4.59 sys=2.33, real=0.46 secs] 
2024-03-22T03:02:25.508+0800: 36620.928: [GC (Allocation Failure) 2024-03-22T03:02:25.508+0800: 36620.928: [ParNew: 20706786K->1021340K(22937600K), 0.4884012 secs] 22090662K->2414609K(130940928K), 0.4886952 secs] [Times: user=5.90 sys=1.82, real=0.48 secs] 
2024-03-22T03:03:12.437+0800: 36667.858: [GC (Allocation Failure) 2024-03-22T03:03:12.437+0800: 36667.858: [ParNew: 20682140K->1060182K(22937600K), 0.4536067 secs] 22075409K->2462270K(130940928K), 0.4539259 secs] [Times: user=5.35 sys=1.71, real=0.46 secs] 
2024-03-22T03:03:57.571+0800: 36712.992: [GC (Allocation Failure) 2024-03-22T03:03:57.571+0800: 36712.992: [ParNew: 20720982K->1049019K(22937600K), 0.4146468 secs] 22123070K->2461858K(130940928K), 0.4149317 secs] [Times: user=4.27 sys=2.09, real=0.41 secs] 
2024-03-22T03:04:40.404+0800: 36755.825: [GC (Allocation Failure) 2024-03-22T03:04:40.404+0800: 36755.825: [ParNew: 20709819K->1026097K(22937600K), 0.4684386 secs] 22122658K->2449523K(130940928K), 0.4687503 secs] [Times: user=5.46 sys=1.78, real=0.47 secs] 
2024-03-22T03:05:22.086+0800: 36797.507: [GC (Allocation Failure) 2024-03-22T03:05:22.086+0800: 36797.507: [ParNew: 20686897K->1003612K(22937600K), 0.4014045 secs] 22110323K->2436907K(130940928K), 0.4016821 secs] [Times: user=4.01 sys=2.05, real=0.41 secs] 
2024-03-22T03:06:01.910+0800: 36837.331: [GC (Allocation Failure) 2024-03-22T03:06:01.910+0800: 36837.331: [ParNew: 20664412K->1046640K(22937600K), 0.4916332 secs] 22097707K->2489022K(130940928K), 0.4919034 secs] [Times: user=4.42 sys=2.95, real=0.49 secs] 
2024-03-22T03:06:38.956+0800: 36874.377: [GC (Allocation Failure) 2024-03-22T03:06:38.956+0800: 36874.377: [ParNew: 20707440K->1074698K(22937600K), 0.4694025 secs] 22149822K->2530770K(130940928K), 0.4696957 secs] [Times: user=4.36 sys=2.72, real=0.47 secs] 
2024-03-22T03:07:15.026+0800: 36910.447: [GC (Allocation Failure) 2024-03-22T03:07:15.026+0800: 36910.447: [ParNew: 20735498K->1023024K(22937600K), 0.4473919 secs] 22191570K->2493293K(130940928K), 0.4476886 secs] [Times: user=4.45 sys=2.29, real=0.45 secs] 
2024-03-22T03:07:52.135+0800: 36947.556: [GC (Allocation Failure) 2024-03-22T03:07:52.135+0800: 36947.556: [ParNew: 20683824K->1002167K(22937600K), 0.4923434 secs] 22154093K->2482397K(130940928K), 0.4926034 secs] [Times: user=5.24 sys=2.73, real=0.50 secs] 
2024-03-22T03:08:37.063+0800: 36992.484: [GC (Allocation Failure) 2024-03-22T03:08:37.063+0800: 36992.484: [ParNew: 20662967K->934799K(22937600K), 0.5563754 secs] 22143197K->2423621K(130940928K), 0.5566490 secs] [Times: user=7.22 sys=1.67, real=0.56 secs] 
2024-03-22T03:09:30.156+0800: 37045.577: [GC (Allocation Failure) 2024-03-22T03:09:30.156+0800: 37045.577: [ParNew: 20595599K->973247K(22937600K), 0.4110232 secs] 22084421K->2471474K(130940928K), 0.4113164 secs] [Times: user=4.69 sys=1.78, real=0.41 secs] 
2024-03-22T03:10:17.058+0800: 37092.479: [GC (Allocation Failure) 2024-03-22T03:10:17.058+0800: 37092.479: [ParNew: 20634047K->991087K(22937600K), 0.3877415 secs] 22132274K->2499137K(130940928K), 0.3880619 secs] [Times: user=4.20 sys=1.72, real=0.38 secs] 
2024-03-22T03:10:57.913+0800: 37133.333: [GC (Allocation Failure) 2024-03-22T03:10:57.913+0800: 37133.334: [ParNew: 20651887K->928888K(22937600K), 0.5158890 secs] 22159937K->2446774K(130940928K), 0.5161930 secs] [Times: user=5.33 sys=2.69, real=0.52 secs] 
2024-03-22T03:11:35.174+0800: 37170.595: [GC (Allocation Failure) 2024-03-22T03:11:35.174+0800: 37170.595: [ParNew: 20589688K->957341K(22937600K), 0.4758786 secs] 22107574K->2485104K(130940928K), 0.4761828 secs] [Times: user=4.75 sys=2.50, real=0.48 secs] 
2024-03-22T03:12:13.008+0800: 37208.429: [GC (Allocation Failure) 2024-03-22T03:12:13.009+0800: 37208.429: [ParNew: 20618141K->928987K(22937600K), 0.5862608 secs] 22145904K->2467018K(130940928K), 0.5865996 secs] [Times: user=6.47 sys=2.74, real=0.58 secs] 
2024-03-22T03:12:50.078+0800: 37245.499: [GC (Allocation Failure) 2024-03-22T03:12:50.078+0800: 37245.499: [ParNew: 20589787K->926231K(22937600K), 0.5911068 secs] 22127818K->2472053K(130940928K), 0.5913858 secs] [Times: user=6.11 sys=3.11, real=0.59 secs] 
2024-03-22T03:13:32.123+0800: 37287.544: [GC (Allocation Failure) 2024-03-22T03:13:32.124+0800: 37287.544: [ParNew: 20587031K->1006354K(22937600K), 0.5868635 secs] 22132853K->2560192K(130940928K), 0.5871213 secs] [Times: user=6.99 sys=2.40, real=0.59 secs] 
2024-03-22T03:14:24.337+0800: 37339.758: [GC (Allocation Failure) 2024-03-22T03:14:24.338+0800: 37339.758: [ParNew: 20667154K->969300K(22937600K), 0.5314410 secs] 22220992K->2528695K(130940928K), 0.5316876 secs] [Times: user=5.75 sys=2.86, real=0.54 secs] 
2024-03-22T03:15:15.315+0800: 37390.736: [GC (Allocation Failure) 2024-03-22T03:15:15.316+0800: 37390.736: [ParNew: 20630100K->1020176K(22937600K), 0.4328233 secs] 22189495K->2581704K(130940928K), 0.4331294 secs] [Times: user=4.77 sys=2.02, real=0.44 secs] 
2024-03-22T03:15:58.454+0800: 37433.875: [GC (Allocation Failure) 2024-03-22T03:15:58.454+0800: 37433.875: [ParNew: 20680976K->1033482K(22937600K), 0.4121591 secs] 22242504K->2595680K(130940928K), 0.4124302 secs] [Times: user=4.68 sys=1.61, real=0.41 secs] 
2024-03-22T03:16:41.494+0800: 37476.915: [GC (Allocation Failure) 2024-03-22T03:16:41.494+0800: 37476.915: [ParNew: 20694282K->981381K(22937600K), 0.4240747 secs] 22256480K->2544002K(130940928K), 0.4243502 secs] [Times: user=4.73 sys=1.73, real=0.43 secs] 
2024-03-22T03:17:21.535+0800: 37516.956: [GC (Allocation Failure) 2024-03-22T03:17:21.535+0800: 37516.956: [ParNew: 20642181K->947823K(22937600K), 0.4388438 secs] 22204802K->2510801K(130940928K), 0.4391161 secs] [Times: user=4.51 sys=2.10, real=0.44 secs] 
2024-03-22T03:18:01.590+0800: 37557.010: [GC (Allocation Failure) 2024-03-22T03:18:01.590+0800: 37557.011: [ParNew: 20608623K->1047262K(22937600K), 0.4324358 secs] 22171601K->2610577K(130940928K), 0.4327039 secs] [Times: user=5.13 sys=1.43, real=0.43 secs] 
2024-03-22T03:18:38.315+0800: 37593.736: [GC (Allocation Failure) 2024-03-22T03:18:38.315+0800: 37593.736: [ParNew: 20708062K->938042K(22937600K), 0.4468423 secs] 22271377K->2509295K(130940928K), 0.4471367 secs] [Times: user=4.61 sys=1.96, real=0.45 secs] 
2024-03-22T03:19:18.096+0800: 37633.517: [GC (Allocation Failure) 2024-03-22T03:19:18.096+0800: 37633.517: [ParNew: 20598842K->1025311K(22937600K), 0.4585892 secs] 22170095K->2604697K(130940928K), 0.4588809 secs] [Times: user=4.76 sys=2.14, real=0.46 secs] 
2024-03-22T03:20:02.523+0800: 37677.944: [GC (Allocation Failure) 2024-03-22T03:20:02.523+0800: 37677.944: [ParNew: 20686111K->969926K(22937600K), 0.4536837 secs] 22265497K->2550692K(130940928K), 0.4539902 secs] [Times: user=5.14 sys=1.93, real=0.45 secs] 
2024-03-22T03:20:51.396+0800: 37726.817: [GC (Allocation Failure) 2024-03-22T03:20:51.397+0800: 37726.817: [ParNew: 20630726K->987398K(22937600K), 0.4334268 secs] 22211492K->2568647K(130940928K), 0.4337463 secs] [Times: user=4.97 sys=1.79, real=0.44 secs] 
2024-03-22T03:21:41.041+0800: 37776.462: [GC (Allocation Failure) 2024-03-22T03:21:41.041+0800: 37776.462: [ParNew: 20648198K->905065K(22937600K), 0.4057333 secs] 22229447K->2486858K(130940928K), 0.4060309 secs] [Times: user=4.71 sys=1.61, real=0.40 secs] 
2024-03-22T03:22:21.164+0800: 37816.585: [GC (Allocation Failure) 2024-03-22T03:22:21.165+0800: 37816.585: [ParNew: 20565865K->924000K(22937600K), 0.4594645 secs] 22147658K->2506315K(130940928K), 0.4597375 secs] [Times: user=4.74 sys=2.18, real=0.46 secs] 
2024-03-22T03:22:59.417+0800: 37854.838: [GC (Allocation Failure) 2024-03-22T03:22:59.417+0800: 37854.838: [ParNew: 20584800K->958760K(22937600K), 0.4316890 secs] 22167115K->2541590K(130940928K), 0.4319940 secs] [Times: user=4.84 sys=1.65, real=0.44 secs] 
2024-03-22T03:23:32.554+0800: 37887.975: [GC (Allocation Failure) 2024-03-22T03:23:32.554+0800: 37887.975: [ParNew: 20619560K->979410K(22937600K), 0.4468636 secs] 22202390K->2562699K(130940928K), 0.4471654 secs] [Times: user=5.17 sys=1.48, real=0.45 secs] 
2024-03-22T03:24:09.117+0800: 37924.538: [GC (Allocation Failure) 2024-03-22T03:24:09.117+0800: 37924.538: [ParNew: 20640210K->974214K(22937600K), 0.4612695 secs] 22223499K->2557899K(130940928K), 0.4615148 secs] [Times: user=4.77 sys=2.19, real=0.47 secs] 
2024-03-22T03:25:00.441+0800: 37975.862: [GC (Allocation Failure) 2024-03-22T03:25:00.441+0800: 37975.862: [ParNew: 20635014K->971066K(22937600K), 0.4243081 secs] 22218699K->2555153K(130940928K), 0.4246074 secs] [Times: user=5.01 sys=1.72, real=0.42 secs] 
2024-03-22T03:25:54.576+0800: 38029.997: [GC (Allocation Failure) 2024-03-22T03:25:54.576+0800: 38029.997: [ParNew: 20631866K->921483K(22937600K), 0.4794555 secs] 22215953K->2506029K(130940928K), 0.4798126 secs] [Times: user=4.94 sys=2.77, real=0.48 secs] 
2024-03-22T03:26:37.054+0800: 38072.475: [GC (Allocation Failure) 2024-03-22T03:26:37.054+0800: 38072.475: [ParNew: 20582283K->915230K(22937600K), 0.4294441 secs] 22166829K->2500291K(130940928K), 0.4297311 secs] [Times: user=4.71 sys=1.86, real=0.43 secs] 
2024-03-22T03:27:22.606+0800: 38118.027: [GC (Allocation Failure) 2024-03-22T03:27:22.606+0800: 38118.027: [ParNew: 20576030K->953956K(22937600K), 0.4563565 secs] 22161091K->2539472K(130940928K), 0.4566585 secs] [Times: user=4.56 sys=2.47, real=0.46 secs] 
2024-03-22T03:28:05.454+0800: 38160.874: [GC (Allocation Failure) 2024-03-22T03:28:05.454+0800: 38160.875: [ParNew: 20614756K->936673K(22937600K), 0.4072156 secs] 22200272K->2522667K(130940928K), 0.4075177 secs] [Times: user=4.49 sys=1.69, real=0.41 secs] 
2024-03-22T03:28:42.889+0800: 38198.309: [GC (Allocation Failure) 2024-03-22T03:28:42.889+0800: 38198.310: [ParNew: 20597473K->939738K(22937600K), 0.4012034 secs] 22183467K->2526214K(130940928K), 0.4014928 secs] [Times: user=4.66 sys=1.36, real=0.40 secs] 
2024-03-22T03:29:22.328+0800: 38237.748: [GC (Allocation Failure) 2024-03-22T03:29:22.328+0800: 38237.749: [ParNew: 20600538K->914210K(22937600K), 0.4499150 secs] 22187014K->2501111K(130940928K), 0.4502051 secs] [Times: user=4.59 sys=2.20, real=0.45 secs] 
2024-03-22T03:30:18.558+0800: 38293.979: [GC (Allocation Failure) 2024-03-22T03:30:18.558+0800: 38293.979: [ParNew: 20575010K->947952K(22937600K), 0.3841302 secs] 22161911K->2535261K(130940928K), 0.3844475 secs] [Times: user=4.26 sys=1.83, real=0.38 secs] 
2024-03-22T03:31:10.850+0800: 38346.271: [GC (Allocation Failure) 2024-03-22T03:31:10.850+0800: 38346.271: [ParNew: 20608752K->923677K(22937600K), 0.4147358 secs] 22196061K->2516675K(130940928K), 0.4150670 secs] [Times: user=4.69 sys=1.81, real=0.41 secs] 
2024-03-22T03:32:01.024+0800: 38396.445: [GC (Allocation Failure) 2024-03-22T03:32:01.024+0800: 38396.445: [ParNew: 20584477K->916937K(22937600K), 0.4127223 secs] 22177475K->2517257K(130940928K), 0.4130343 secs] [Times: user=4.67 sys=1.73, real=0.41 secs] 
2024-03-22T03:32:49.351+0800: 38444.772: [GC (Allocation Failure) 2024-03-22T03:32:49.351+0800: 38444.772: [ParNew: 20577737K->835340K(22937600K), 0.4230963 secs] 22178057K->2442987K(130940928K), 0.4233840 secs] [Times: user=4.73 sys=1.84, real=0.42 secs] 
2024-03-22T03:33:31.800+0800: 38487.220: [GC (Allocation Failure) 2024-03-22T03:33:31.800+0800: 38487.221: [ParNew: 20496140K->827885K(22937600K), 0.3761942 secs] 22103787K->2437807K(130940928K), 0.3764773 secs] [Times: user=4.24 sys=1.41, real=0.37 secs] 
2024-03-22T03:34:17.946+0800: 38533.366: [GC (Allocation Failure) 2024-03-22T03:34:17.946+0800: 38533.367: [ParNew: 20488685K->538794K(22937600K), 0.4444962 secs] 22098607K->2149152K(130940928K), 0.4447650 secs] [Times: user=4.50 sys=2.42, real=0.45 secs] 
2024-03-22T03:35:00.732+0800: 38576.153: [GC (Allocation Failure) 2024-03-22T03:35:00.732+0800: 38576.153: [ParNew: 20199594K->672511K(22937600K), 0.4251227 secs] 21809952K->2283240K(130940928K), 0.4254049 secs] [Times: user=4.46 sys=2.11, real=0.42 secs] 
2024-03-22T03:35:53.486+0800: 38628.907: [GC (Allocation Failure) 2024-03-22T03:35:53.486+0800: 38628.907: [ParNew: 20333311K->670357K(22937600K), 0.3958952 secs] 21944040K->2281432K(130940928K), 0.3961967 secs] [Times: user=4.11 sys=2.17, real=0.40 secs] 
2024-03-22T03:36:47.035+0800: 38682.456: [GC (Allocation Failure) 2024-03-22T03:36:47.036+0800: 38682.456: [ParNew: 20331157K->660490K(22937600K), 0.4518511 secs] 21942232K->2271878K(130940928K), 0.4521792 secs] [Times: user=4.86 sys=2.34, real=0.46 secs] 
2024-03-22T03:37:31.560+0800: 38726.981: [GC (Allocation Failure) 2024-03-22T03:37:31.560+0800: 38726.981: [ParNew: 20321290K->643081K(22937600K), 0.4097156 secs] 21932678K->2254873K(130940928K), 0.4100110 secs] [Times: user=4.51 sys=1.73, real=0.41 secs] 
2024-03-22T03:38:16.209+0800: 38771.630: [GC (Allocation Failure) 2024-03-22T03:38:16.209+0800: 38771.630: [ParNew: 20303881K->690906K(22937600K), 0.4175983 secs] 21915673K->2303288K(130940928K), 0.4178408 secs] [Times: user=4.63 sys=1.86, real=0.41 secs] 
2024-03-22T03:38:56.976+0800: 38812.397: [GC (Allocation Failure) 2024-03-22T03:38:56.976+0800: 38812.397: [ParNew: 20351706K->683587K(22937600K), 0.4379070 secs] 21964088K->2296461K(130940928K), 0.4381391 secs] [Times: user=4.72 sys=1.93, real=0.44 secs] 
2024-03-22T03:39:39.473+0800: 38854.894: [GC (Allocation Failure) 2024-03-22T03:39:39.474+0800: 38854.894: [ParNew: 20344387K->716880K(22937600K), 0.3981737 secs] 21957261K->2330219K(130940928K), 0.3984151 secs] [Times: user=4.40 sys=1.61, real=0.40 secs] 
2024-03-22T03:40:26.483+0800: 38901.903: [GC (Allocation Failure) 2024-03-22T03:40:26.483+0800: 38901.904: [ParNew: 20377680K->732983K(22937600K), 0.4332309 secs] 21991019K->2346866K(130940928K), 0.4335438 secs] [Times: user=4.66 sys=1.99, real=0.43 secs] 
2024-03-22T03:41:20.022+0800: 38955.442: [GC (Allocation Failure) 2024-03-22T03:41:20.022+0800: 38955.443: [ParNew: 20393783K->747505K(22937600K), 0.3931816 secs] 22007666K->2361862K(130940928K), 0.3934873 secs] [Times: user=4.06 sys=2.06, real=0.39 secs] 
2024-03-22T03:42:13.304+0800: 39008.725: [GC (Allocation Failure) 2024-03-22T03:42:13.305+0800: 39008.725: [ParNew: 20408305K->721615K(22937600K), 0.3844416 secs] 22022662K->2336354K(130940928K), 0.3846667 secs] [Times: user=4.31 sys=1.73, real=0.39 secs] 
2024-03-22T03:43:03.768+0800: 39059.188: [GC (Allocation Failure) 2024-03-22T03:43:03.768+0800: 39059.189: [ParNew: 20382415K->722692K(22937600K), 0.3874244 secs] 21997154K->2337978K(130940928K), 0.3876829 secs] [Times: user=4.16 sys=1.82, real=0.38 secs] 
2024-03-22T03:43:46.905+0800: 39102.325: [GC (Allocation Failure) 2024-03-22T03:43:46.905+0800: 39102.326: [ParNew: 20383492K->734554K(22937600K), 0.3991244 secs] 21998778K->2350411K(130940928K), 0.3994087 secs] [Times: user=4.87 sys=1.58, real=0.40 secs] 
2024-03-22T03:44:24.488+0800: 39139.909: [GC (Allocation Failure) 2024-03-22T03:44:24.488+0800: 39139.909: [ParNew: 20395354K->714539K(22937600K), 0.4165431 secs] 22011211K->2331015K(130940928K), 0.4168362 secs] [Times: user=4.47 sys=1.74, real=0.41 secs] 
2024-03-22T03:45:04.916+0800: 39180.337: [GC (Allocation Failure) 2024-03-22T03:45:04.917+0800: 39180.337: [ParNew: 20375339K->767029K(22937600K), 0.4352198 secs] 21991815K->2388413K(130940928K), 0.4355004 secs] [Times: user=4.49 sys=2.09, real=0.44 secs] 
2024-03-22T03:46:01.790+0800: 39237.211: [GC (Allocation Failure) 2024-03-22T03:46:01.791+0800: 39237.211: [ParNew: 20427829K->742528K(22937600K), 0.3983452 secs] 22049213K->2371512K(130940928K), 0.3986415 secs] [Times: user=4.20 sys=2.19, real=0.40 secs] 
2024-03-22T03:46:56.748+0800: 39292.168: [GC (Allocation Failure) 2024-03-22T03:46:56.748+0800: 39292.169: [ParNew: 20403328K->718640K(22937600K), 0.3811129 secs] 22032312K->2356115K(130940928K), 0.3813955 secs] [Times: user=4.03 sys=1.96, real=0.38 secs] 
2024-03-22T03:47:45.390+0800: 39340.811: [GC (Allocation Failure) 2024-03-22T03:47:45.390+0800: 39340.811: [ParNew: 20379440K->708738K(22937600K), 0.3652514 secs] 22016915K->2352883K(130940928K), 0.3655015 secs] [Times: user=3.98 sys=1.62, real=0.36 secs] 
2024-03-22T03:48:29.096+0800: 39384.517: [GC (Allocation Failure) 2024-03-22T03:48:29.096+0800: 39384.517: [ParNew: 20369538K->639487K(22937600K), 0.3973396 secs] 22013683K->2284762K(130940928K), 0.3976187 secs] [Times: user=4.17 sys=1.82, real=0.40 secs] 
2024-03-22T03:49:06.287+0800: 39421.708: [GC (Allocation Failure) 2024-03-22T03:49:06.287+0800: 39421.708: [ParNew: 20300287K->553509K(22937600K), 0.4024440 secs] 21945562K->2199404K(130940928K), 0.4026717 secs] [Times: user=4.15 sys=1.82, real=0.41 secs] 
2024-03-22T03:49:39.818+0800: 39455.239: [GC (Allocation Failure) 2024-03-22T03:49:39.818+0800: 39455.239: [ParNew: 20214309K->589396K(22937600K), 0.4266743 secs] 21860204K->2235819K(130940928K), 0.4268945 secs] [Times: user=4.26 sys=2.07, real=0.42 secs] 
2024-03-22T03:50:15.666+0800: 39491.087: [GC (Allocation Failure) 2024-03-22T03:50:15.666+0800: 39491.087: [ParNew: 20250196K->607305K(22937600K), 0.4992715 secs] 21896619K->2254261K(130940928K), 0.4994995 secs] [Times: user=4.94 sys=2.66, real=0.50 secs] 
2024-03-22T03:51:00.575+0800: 39535.996: [GC (Allocation Failure) 2024-03-22T03:51:00.575+0800: 39535.996: [ParNew: 20268105K->664046K(22937600K), 0.4527194 secs] 21915061K->2311517K(130940928K), 0.4529183 secs] [Times: user=4.74 sys=2.31, real=0.46 secs] 
2024-03-22T03:51:59.721+0800: 39595.141: [GC (Allocation Failure) 2024-03-22T03:51:59.721+0800: 39595.142: [ParNew: 20324846K->694379K(22937600K), 0.3900995 secs] 21972317K->2342365K(130940928K), 0.3904225 secs] [Times: user=4.06 sys=2.06, real=0.39 secs] 
2024-03-22T03:52:45.128+0800: 39640.549: [GC (Allocation Failure) 2024-03-22T03:52:45.128+0800: 39640.549: [ParNew: 20355179K->734126K(22937600K), 0.4148643 secs] 22003165K->2382632K(130940928K), 0.4152014 secs] [Times: user=4.19 sys=1.92, real=0.41 secs] 
2024-03-22T03:53:27.516+0800: 39682.937: [GC (Allocation Failure) 2024-03-22T03:53:27.517+0800: 39682.937: [ParNew: 20394926K->759656K(22937600K), 0.4217822 secs] 22043432K->2408787K(130940928K), 0.4221003 secs] [Times: user=3.87 sys=2.51, real=0.43 secs] 
2024-03-22T03:54:09.575+0800: 39724.996: [GC (Allocation Failure) 2024-03-22T03:54:09.575+0800: 39724.996: [ParNew: 20420456K->742347K(22937600K), 0.4007996 secs] 22069587K->2392132K(130940928K), 0.4010980 secs] [Times: user=3.93 sys=2.02, real=0.40 secs] 
2024-03-22T03:54:44.168+0800: 39759.589: [GC (Allocation Failure) 2024-03-22T03:54:44.168+0800: 39759.589: [ParNew: 20403147K->761398K(22937600K), 0.3730332 secs] 22052932K->2411824K(130940928K), 0.3733202 secs] [Times: user=3.99 sys=1.42, real=0.37 secs] 
2024-03-22T03:55:15.823+0800: 39791.243: [GC (Allocation Failure) 2024-03-22T03:55:15.823+0800: 39791.243: [ParNew: 20422198K->733267K(22937600K), 0.3950854 secs] 22072624K->2384358K(130940928K), 0.3953936 secs] [Times: user=4.04 sys=1.63, real=0.40 secs] 
2024-03-22T03:55:55.296+0800: 39830.717: [GC (Allocation Failure) 2024-03-22T03:55:55.296+0800: 39830.717: [ParNew: 20394067K->756330K(22937600K), 0.3938178 secs] 22045158K->2407967K(130940928K), 0.3940902 secs] [Times: user=4.04 sys=1.80, real=0.40 secs] 
2024-03-22T03:56:46.356+0800: 39881.776: [GC (Allocation Failure) 2024-03-22T03:56:46.356+0800: 39881.777: [ParNew: 20417130K->791479K(22937600K), 0.3823836 secs] 22068767K->2443549K(130940928K), 0.3826951 secs] [Times: user=3.95 sys=1.88, real=0.39 secs] 
2024-03-22T03:57:50.159+0800: 39945.580: [GC (Allocation Failure) 2024-03-22T03:57:50.160+0800: 39945.580: [ParNew: 20452279K->801865K(22937600K), 0.3613052 secs] 22104349K->2454534K(130940928K), 0.3616079 secs] [Times: user=3.96 sys=1.59, real=0.36 secs] 
2024-03-22T03:58:48.171+0800: 40003.592: [GC (Allocation Failure) 2024-03-22T03:58:48.171+0800: 40003.592: [ParNew: 20462665K->817527K(22937600K), 0.3808591 secs] 22115334K->2470911K(130940928K), 0.3811576 secs] [Times: user=3.85 sys=1.81, real=0.38 secs] 
2024-03-22T03:59:35.651+0800: 40051.072: [GC (Allocation Failure) 2024-03-22T03:59:35.652+0800: 40051.072: [ParNew: 20478327K->765608K(22937600K), 0.3804265 secs] 22131711K->2421933K(130940928K), 0.3807196 secs] [Times: user=3.89 sys=1.70, real=0.38 secs] 
2024-03-22T04:00:14.513+0800: 40089.934: [GC (Allocation Failure) 2024-03-22T04:00:14.513+0800: 40089.934: [ParNew: 20426408K->804487K(22937600K), 0.3928730 secs] 22082733K->2470506K(130940928K), 0.3931883 secs] [Times: user=3.89 sys=1.86, real=0.39 secs] 
2024-03-22T04:00:48.834+0800: 40124.255: [GC (Allocation Failure) 2024-03-22T04:00:48.835+0800: 40124.255: [ParNew: 20465287K->715851K(22937600K), 0.3841570 secs] 22131306K->2383976K(130940928K), 0.3844903 secs] [Times: user=3.98 sys=1.59, real=0.39 secs] 
2024-03-22T04:01:27.780+0800: 40163.201: [GC (Allocation Failure) 2024-03-22T04:01:27.780+0800: 40163.201: [ParNew: 20376651K->660406K(22937600K), 0.3945638 secs] 22044776K->2329122K(130940928K), 0.3948646 secs] [Times: user=3.97 sys=1.78, real=0.39 secs] 
2024-03-22T04:02:40.768+0800: 40236.188: [GC (Allocation Failure) 2024-03-22T04:02:40.768+0800: 40236.189: [ParNew: 20321206K->696244K(22937600K), 0.3825226 secs] 21989922K->2365490K(130940928K), 0.3828188 secs] [Times: user=3.94 sys=1.94, real=0.38 secs] 
2024-03-22T04:03:32.754+0800: 40288.175: [GC (Allocation Failure) 2024-03-22T04:03:32.754+0800: 40288.175: [ParNew: 20357044K->677043K(22937600K), 0.4112445 secs] 22026290K->2346781K(130940928K), 0.4115261 secs] [Times: user=4.01 sys=2.10, real=0.41 secs] 
2024-03-22T04:04:14.217+0800: 40329.638: [GC (Allocation Failure) 2024-03-22T04:04:14.217+0800: 40329.638: [ParNew: 20337843K->710876K(22937600K), 0.3943256 secs] 22007581K->2381317K(130940928K), 0.3946091 secs] [Times: user=3.96 sys=1.95, real=0.40 secs] 
2024-03-22T04:04:51.525+0800: 40366.946: [GC (Allocation Failure) 2024-03-22T04:04:51.525+0800: 40366.946: [ParNew: 20371676K->689699K(22937600K), 0.4239120 secs] 22042117K->2360556K(130940928K), 0.4241944 secs] [Times: user=3.97 sys=2.28, real=0.43 secs] 
2024-03-22T04:05:28.885+0800: 40404.305: [GC (Allocation Failure) 2024-03-22T04:05:28.885+0800: 40404.306: [ParNew: 20350499K->703739K(22937600K), 0.3845065 secs] 22021356K->2374683K(130940928K), 0.3847852 secs] [Times: user=3.88 sys=1.67, real=0.39 secs] 
2024-03-22T04:06:07.413+0800: 40442.834: [GC (Allocation Failure) 2024-03-22T04:06:07.413+0800: 40442.834: [ParNew: 20364539K->729968K(22937600K), 0.3734353 secs] 22035483K->2401178K(130940928K), 0.3737205 secs] [Times: user=3.96 sys=1.55, real=0.37 secs] 
2024-03-22T04:06:52.218+0800: 40487.638: [GC (Allocation Failure) 2024-03-22T04:06:52.218+0800: 40487.639: [ParNew: 20390768K->724576K(22937600K), 0.4084494 secs] 22061978K->2395846K(130940928K), 0.4086952 secs] [Times: user=3.89 sys=2.27, real=0.40 secs] 
2024-03-22T04:08:04.237+0800: 40559.658: [GC (Allocation Failure) 2024-03-22T04:08:04.237+0800: 40559.658: [ParNew: 20385376K->749510K(22937600K), 0.4007878 secs] 22056646K->2420836K(130940928K), 0.4010679 secs] [Times: user=3.81 sys=2.28, real=0.41 secs] 
2024-03-22T04:08:58.115+0800: 40613.536: [GC (Allocation Failure) 2024-03-22T04:08:58.115+0800: 40613.536: [ParNew: 20410310K->722241K(22937600K), 0.3625986 secs] 22081636K->2393643K(130940928K), 0.3628817 secs] [Times: user=3.88 sys=1.48, real=0.37 secs] 
2024-03-22T04:09:34.877+0800: 40650.298: [GC (Allocation Failure) 2024-03-22T04:09:34.878+0800: 40650.298: [ParNew: 20383041K->739483K(22937600K), 0.3884753 secs] 22054443K->2410998K(130940928K), 0.3887603 secs] [Times: user=4.00 sys=1.69, real=0.39 secs] 
2024-03-22T04:10:12.200+0800: 40687.621: [GC (Allocation Failure) 2024-03-22T04:10:12.201+0800: 40687.621: [ParNew: 20400283K->738200K(22937600K), 0.4242243 secs] 22071798K->2409843K(130940928K), 0.4245188 secs] [Times: user=3.93 sys=2.35, real=0.42 secs] 
2024-03-22T04:10:45.757+0800: 40721.178: [GC (Allocation Failure) 2024-03-22T04:10:45.757+0800: 40721.178: [ParNew: 20399000K->787521K(22937600K), 0.3917603 secs] 22070643K->2459249K(130940928K), 0.3920642 secs] [Times: user=4.19 sys=1.47, real=0.40 secs] 
2024-03-22T04:11:26.873+0800: 40762.294: [GC (Allocation Failure) 2024-03-22T04:11:26.873+0800: 40762.294: [ParNew: 20448321K->808649K(22937600K), 0.3914987 secs] 22120049K->2480441K(130940928K), 0.3918159 secs] [Times: user=3.87 sys=1.95, real=0.39 secs] 
2024-03-22T04:12:16.199+0800: 40811.620: [GC (Allocation Failure) 2024-03-22T04:12:16.199+0800: 40811.620: [ParNew: 20469449K->799465K(22937600K), 0.3726576 secs] 22141241K->2477879K(130940928K), 0.3729465 secs] [Times: user=4.16 sys=1.52, real=0.37 secs] 
2024-03-22T04:13:23.421+0800: 40878.842: [GC (Allocation Failure) 2024-03-22T04:13:23.421+0800: 40878.842: [ParNew: 20460265K->785666K(22937600K), 0.3856039 secs] 22138679K->2465168K(130940928K), 0.3858822 secs] [Times: user=3.88 sys=1.81, real=0.38 secs] 
2024-03-22T04:14:03.451+0800: 40918.872: [GC (Allocation Failure) 2024-03-22T04:14:03.451+0800: 40918.872: [ParNew: 20446466K->637430K(22937600K), 0.3737572 secs] 22125968K->2317023K(130940928K), 0.3740600 secs] [Times: user=4.04 sys=1.51, real=0.37 secs] 
2024-03-22T04:14:45.415+0800: 40960.836: [GC (Allocation Failure) 2024-03-22T04:14:45.415+0800: 40960.836: [ParNew: 20298230K->682429K(22937600K), 0.4009466 secs] 21977823K->2362090K(130940928K), 0.4012373 secs] [Times: user=3.90 sys=1.96, real=0.40 secs] 
2024-03-22T04:15:27.135+0800: 41002.556: [GC (Allocation Failure) 2024-03-22T04:15:27.136+0800: 41002.556: [ParNew: 20343229K->672387K(22937600K), 0.3693934 secs] 22022890K->2352119K(130940928K), 0.3696441 secs] [Times: user=3.93 sys=1.54, real=0.37 secs] 
2024-03-22T04:16:12.082+0800: 41047.503: [GC (Allocation Failure) 2024-03-22T04:16:12.083+0800: 41047.503: [ParNew: 20333187K->680362K(22937600K), 0.3693706 secs] 22012919K->2360142K(130940928K), 0.3696710 secs] [Times: user=3.98 sys=1.49, real=0.37 secs] 
2024-03-22T04:16:49.963+0800: 41085.383: [GC (Allocation Failure) 2024-03-22T04:16:49.963+0800: 41085.384: [ParNew: 20341162K->668113K(22937600K), 0.4049606 secs] 22020942K->2347942K(130940928K), 0.4052509 secs] [Times: user=4.01 sys=1.90, real=0.41 secs] 
2024-03-22T04:17:37.158+0800: 41132.579: [GC (Allocation Failure) 2024-03-22T04:17:37.159+0800: 41132.579: [ParNew: 20328913K->689961K(22937600K), 0.3695420 secs] 22008742K->2369859K(130940928K), 0.3698431 secs] [Times: user=4.33 sys=1.56, real=0.37 secs] 
2024-03-22T04:18:28.445+0800: 41183.866: [GC (Allocation Failure) 2024-03-22T04:18:28.445+0800: 41183.866: [ParNew: 20350761K->729777K(22937600K), 0.3834961 secs] 22030659K->2409762K(130940928K), 0.3837507 secs] [Times: user=3.74 sys=1.90, real=0.39 secs] 
2024-03-22T04:19:06.257+0800: 41221.678: [GC (Allocation Failure) 2024-03-22T04:19:06.257+0800: 41221.678: [ParNew: 20390577K->750789K(22937600K), 0.3778512 secs] 22070562K->2430917K(130940928K), 0.3782123 secs] [Times: user=3.93 sys=1.55, real=0.38 secs] 
2024-03-22T04:19:44.282+0800: 41259.703: [GC (Allocation Failure) 2024-03-22T04:19:44.282+0800: 41259.703: [ParNew: 20411589K->775500K(22937600K), 0.3785891 secs] 22091717K->2455798K(130940928K), 0.3788500 secs] [Times: user=3.89 sys=1.65, real=0.38 secs] 
2024-03-22T04:20:20.397+0800: 41295.817: [GC (Allocation Failure) 2024-03-22T04:20:20.397+0800: 41295.818: [ParNew: 20436300K->789019K(22937600K), 0.4096520 secs] 22116598K->2469433K(130940928K), 0.4099556 secs] [Times: user=3.90 sys=2.06, real=0.41 secs] 
2024-03-22T04:20:55.703+0800: 41331.124: [GC (Allocation Failure) 2024-03-22T04:20:55.703+0800: 41331.124: [ParNew: 20449819K->807719K(22937600K), 0.3953649 secs] 22130233K->2488276K(130940928K), 0.3956701 secs] [Times: user=4.07 sys=1.73, real=0.40 secs] 
2024-03-22T04:21:29.461+0800: 41364.882: [GC (Allocation Failure) 2024-03-22T04:21:29.461+0800: 41364.882: [ParNew: 20468519K->841103K(22937600K), 0.4187244 secs] 22149076K->2521801K(130940928K), 0.4190227 secs] [Times: user=4.31 sys=1.79, real=0.42 secs] 
2024-03-22T04:22:04.630+0800: 41400.051: [GC (Allocation Failure) 2024-03-22T04:22:04.630+0800: 41400.051: [ParNew: 20501903K->870888K(22937600K), 0.4008733 secs] 22182601K->2551732K(130940928K), 0.4011735 secs] [Times: user=4.27 sys=1.63, real=0.40 secs] 
2024-03-22T04:22:48.971+0800: 41444.392: [GC (Allocation Failure) 2024-03-22T04:22:48.971+0800: 41444.392: [ParNew: 20531688K->931747K(22937600K), 0.3656589 secs] 22212532K->2612721K(130940928K), 0.3659526 secs] [Times: user=3.94 sys=1.58, real=0.36 secs] 
2024-03-22T04:23:30.761+0800: 41486.182: [GC (Allocation Failure) 2024-03-22T04:23:30.761+0800: 41486.182: [ParNew: 20592547K->945075K(22937600K), 0.4258196 secs] 22273521K->2630271K(130940928K), 0.4261261 secs] [Times: user=4.52 sys=1.86, real=0.42 secs] 
2024-03-22T04:24:09.085+0800: 41524.506: [GC (Allocation Failure) 2024-03-22T04:24:09.085+0800: 41524.506: [ParNew: 20605875K->945449K(22937600K), 0.3947735 secs] 22291071K->2631967K(130940928K), 0.3950502 secs] [Times: user=4.03 sys=1.86, real=0.40 secs] 
2024-03-22T04:24:46.798+0800: 41562.219: [GC (Allocation Failure) 2024-03-22T04:24:46.798+0800: 41562.219: [ParNew: 20606249K->742810K(22937600K), 0.4265435 secs] 22292767K->2429480K(130940928K), 0.4268357 secs] [Times: user=4.36 sys=2.02, real=0.42 secs] 
2024-03-22T04:25:22.633+0800: 41598.054: [GC (Allocation Failure) 2024-03-22T04:25:22.633+0800: 41598.054: [ParNew: 20403610K->848162K(22937600K), 0.4951173 secs] 22090280K->2534965K(130940928K), 0.4954167 secs] [Times: user=4.57 sys=2.91, real=0.50 secs] 
2024-03-22T04:26:00.339+0800: 41635.760: [GC (Allocation Failure) 2024-03-22T04:26:00.339+0800: 41635.760: [ParNew: 20508962K->852648K(22937600K), 0.5032349 secs] 22195765K->2539638K(130940928K), 0.5034776 secs] [Times: user=4.87 sys=2.83, real=0.50 secs] 
2024-03-22T04:26:35.771+0800: 41671.192: [GC (Allocation Failure) 2024-03-22T04:26:35.771+0800: 41671.192: [ParNew: 20513448K->859942K(22937600K), 0.4324795 secs] 22200438K->2547140K(130940928K), 0.4327869 secs] [Times: user=4.43 sys=2.00, real=0.43 secs] 
2024-03-22T04:27:15.240+0800: 41710.661: [GC (Allocation Failure) 2024-03-22T04:27:15.240+0800: 41710.661: [ParNew: 20520742K->793032K(22937600K), 0.4670421 secs] 22207940K->2480468K(130940928K), 0.4674161 secs] [Times: user=4.75 sys=2.31, real=0.46 secs] 
2024-03-22T04:27:56.040+0800: 41751.461: [GC (Allocation Failure) 2024-03-22T04:27:56.040+0800: 41751.461: [ParNew: 20453832K->810284K(22937600K), 0.4826912 secs] 22141268K->2498053K(130940928K), 0.4830503 secs] [Times: user=4.81 sys=2.60, real=0.48 secs] 
2024-03-22T04:28:33.913+0800: 41789.334: [GC (Allocation Failure) 2024-03-22T04:28:33.913+0800: 41789.334: [ParNew: 20471084K->884552K(22937600K), 0.4646594 secs] 22158853K->2572550K(130940928K), 0.4648943 secs] [Times: user=4.72 sys=2.40, real=0.47 secs] 
2024-03-22T04:29:13.500+0800: 41828.921: [GC (Allocation Failure) 2024-03-22T04:29:13.500+0800: 41828.921: [ParNew: 20545352K->862163K(22937600K), 0.4711594 secs] 22233350K->2550368K(130940928K), 0.4714036 secs] [Times: user=4.50 sys=2.70, real=0.47 secs] 
2024-03-22T04:29:49.786+0800: 41865.207: [GC (Allocation Failure) 2024-03-22T04:29:49.786+0800: 41865.207: [ParNew: 20522963K->863624K(22937600K), 0.5655530 secs] 22211168K->2552028K(130940928K), 0.5657670 secs] [Times: user=5.20 sys=3.50, real=0.57 secs] 
2024-03-22T04:30:25.424+0800: 41900.844: [GC (Allocation Failure) 2024-03-22T04:30:25.424+0800: 41900.845: [ParNew: 20524424K->916541K(22937600K), 0.4750398 secs] 22212828K->2605139K(130940928K), 0.4752591 secs] [Times: user=4.87 sys=2.34, real=0.48 secs] 
2024-03-22T04:31:01.205+0800: 41936.626: [GC (Allocation Failure) 2024-03-22T04:31:01.205+0800: 41936.626: [ParNew: 20577341K->938297K(22937600K), 0.5046792 secs] 22265939K->2627092K(130940928K), 0.5048861 secs] [Times: user=5.77 sys=2.48, real=0.51 secs] 
2024-03-22T04:31:36.260+0800: 41971.681: [GC (Allocation Failure) 2024-03-22T04:31:36.260+0800: 41971.681: [ParNew: 20599097K->911970K(22937600K), 0.5573362 secs] 22287892K->2600980K(130940928K), 0.5575546 secs] [Times: user=5.28 sys=3.03, real=0.56 secs] 
2024-03-22T04:32:14.712+0800: 42010.133: [GC (Allocation Failure) 2024-03-22T04:32:14.712+0800: 42010.133: [ParNew: 20572770K->917650K(22937600K), 0.5247029 secs] 22261780K->2606855K(130940928K), 0.5249411 secs] [Times: user=5.04 sys=3.00, real=0.52 secs] 
2024-03-22T04:32:50.386+0800: 42045.807: [GC (Allocation Failure) 2024-03-22T04:32:50.386+0800: 42045.807: [ParNew: 20578450K->1034045K(22937600K), 0.4745134 secs] 22267655K->2723480K(130940928K), 0.4747793 secs] [Times: user=5.00 sys=2.17, real=0.48 secs] 
2024-03-22T04:33:30.753+0800: 42086.174: [GC (Allocation Failure) 2024-03-22T04:33:30.753+0800: 42086.174: [ParNew: 20694845K->1065640K(22937600K), 0.5139395 secs] 22384280K->2758663K(130940928K), 0.5141747 secs] [Times: user=5.30 sys=2.67, real=0.51 secs] 
2024-03-22T04:34:15.707+0800: 42131.128: [GC (Allocation Failure) 2024-03-22T04:34:15.707+0800: 42131.128: [ParNew: 20726440K->908274K(22937600K), 0.4863344 secs] 22419463K->2603150K(130940928K), 0.4865473 secs] [Times: user=5.02 sys=2.58, real=0.49 secs] 
2024-03-22T04:34:55.926+0800: 42171.347: [GC (Allocation Failure) 2024-03-22T04:34:55.927+0800: 42171.347: [ParNew: 20569074K->874622K(22937600K), 0.4639898 secs] 22263950K->2569705K(130940928K), 0.4642187 secs] [Times: user=4.69 sys=2.43, real=0.47 secs] 
2024-03-22T04:35:30.245+0800: 42205.665: [GC (Allocation Failure) 2024-03-22T04:35:30.245+0800: 42205.666: [ParNew: 20535422K->888424K(22937600K), 0.5107855 secs] 22230505K->2583709K(130940928K), 0.5110083 secs] [Times: user=4.98 sys=2.69, real=0.51 secs] 
2024-03-22T04:36:01.154+0800: 42236.575: [GC (Allocation Failure) 2024-03-22T04:36:01.154+0800: 42236.575: [ParNew: 20549224K->894222K(22937600K), 0.5836510 secs] 22244509K->2589729K(130940928K), 0.5838893 secs] [Times: user=5.57 sys=3.52, real=0.59 secs] 
2024-03-22T04:36:34.644+0800: 42270.065: [GC (Allocation Failure) 2024-03-22T04:36:34.644+0800: 42270.065: [ParNew: 20555022K->871921K(22937600K), 0.6224709 secs] 22250529K->2567660K(130940928K), 0.6226934 secs] [Times: user=5.80 sys=3.63, real=0.62 secs] 
2024-03-22T04:37:08.942+0800: 42304.363: [GC (Allocation Failure) 2024-03-22T04:37:08.942+0800: 42304.363: [ParNew: 20532721K->963983K(22937600K), 0.4783911 secs] 22228460K->2660044K(130940928K), 0.4786663 secs] [Times: user=4.48 sys=2.59, real=0.48 secs] 
2024-03-22T04:37:43.614+0800: 42339.035: [GC (Allocation Failure) 2024-03-22T04:37:43.614+0800: 42339.035: [ParNew: 20624783K->957434K(22937600K), 0.4161873 secs] 22320844K->2653791K(130940928K), 0.4164250 secs] [Times: user=4.39 sys=1.66, real=0.42 secs] 
2024-03-22T04:38:22.918+0800: 42378.339: [GC (Allocation Failure) 2024-03-22T04:38:22.918+0800: 42378.339: [ParNew: 20618234K->1010865K(22937600K), 0.4235366 secs] 22314591K->2707567K(130940928K), 0.4237935 secs] [Times: user=4.44 sys=1.68, real=0.42 secs] 
2024-03-22T04:39:10.260+0800: 42425.680: [GC (Allocation Failure) 2024-03-22T04:39:10.260+0800: 42425.681: [ParNew: 20671665K->1015967K(22937600K), 0.4249643 secs] 22368367K->2712970K(130940928K), 0.4252711 secs] [Times: user=4.28 sys=2.29, real=0.42 secs] 
2024-03-22T04:39:47.152+0800: 42462.573: [GC (Allocation Failure) 2024-03-22T04:39:47.153+0800: 42462.573: [ParNew: 20676767K->970335K(22937600K), 0.4360234 secs] 22373770K->2667627K(130940928K), 0.4363406 secs] [Times: user=4.28 sys=2.27, real=0.44 secs] 
2024-03-22T04:40:25.348+0800: 42500.769: [GC (Allocation Failure) 2024-03-22T04:40:25.348+0800: 42500.769: [ParNew: 20631135K->1022028K(22937600K), 0.5385634 secs] 22328427K->2719634K(130940928K), 0.5388743 secs] [Times: user=5.15 sys=3.19, real=0.53 secs] 
2024-03-22T04:41:01.330+0800: 42536.751: [GC (Allocation Failure) 2024-03-22T04:41:01.330+0800: 42536.751: [ParNew: 20682828K->1017698K(22937600K), 0.4925805 secs] 22380434K->2715665K(130940928K), 0.4928715 secs] [Times: user=4.81 sys=2.64, real=0.49 secs] 
2024-03-22T04:41:36.245+0800: 42571.666: [GC (Allocation Failure) 2024-03-22T04:41:36.245+0800: 42571.666: [ParNew: 20678498K->1053223K(22937600K), 0.4940074 secs] 22376465K->2751566K(130940928K), 0.4943162 secs] [Times: user=4.73 sys=2.79, real=0.50 secs] 
2024-03-22T04:42:13.083+0800: 42608.503: [GC (Allocation Failure) 2024-03-22T04:42:13.083+0800: 42608.504: [ParNew: 20714023K->1012578K(22937600K), 0.4810735 secs] 22412366K->2711316K(130940928K), 0.4813822 secs] [Times: user=4.90 sys=2.37, real=0.48 secs] 
2024-03-22T04:42:44.994+0800: 42640.415: [GC (Allocation Failure) 2024-03-22T04:42:44.994+0800: 42640.415: [ParNew: 20673378K->1052660K(22937600K), 0.5038874 secs] 22372116K->2751788K(130940928K), 0.5042134 secs] [Times: user=5.05 sys=2.45, real=0.51 secs] 
2024-03-22T04:43:19.072+0800: 42674.493: [GC (Allocation Failure) 2024-03-22T04:43:19.072+0800: 42674.493: [ParNew: 20713460K->995333K(22937600K), 0.4530580 secs] 22412588K->2694833K(130940928K), 0.4533543 secs] [Times: user=4.64 sys=2.09, real=0.45 secs] 
2024-03-22T04:44:00.588+0800: 42716.009: [GC (Allocation Failure) 2024-03-22T04:44:00.588+0800: 42716.009: [ParNew: 20656133K->1004318K(22937600K), 0.4160902 secs] 22355633K->2704273K(130940928K), 0.4163838 secs] [Times: user=4.52 sys=1.77, real=0.41 secs] 
2024-03-22T04:44:42.743+0800: 42758.164: [GC (Allocation Failure) 2024-03-22T04:44:42.743+0800: 42758.164: [ParNew: 20665118K->982565K(22937600K), 0.4384109 secs] 22365073K->2682991K(130940928K), 0.4387156 secs] [Times: user=4.65 sys=1.99, real=0.44 secs] 
2024-03-22T04:45:22.749+0800: 42798.170: [GC (Allocation Failure) 2024-03-22T04:45:22.749+0800: 42798.170: [ParNew: 20643365K->967764K(22937600K), 0.4193607 secs] 22343791K->2668632K(130940928K), 0.4196203 secs] [Times: user=4.62 sys=1.72, real=0.42 secs] 
2024-03-22T04:45:59.130+0800: 42834.551: [GC (Allocation Failure) 2024-03-22T04:45:59.130+0800: 42834.551: [ParNew: 20628564K->994289K(22937600K), 0.4020442 secs] 22329432K->2695519K(130940928K), 0.4023456 secs] [Times: user=4.53 sys=1.50, real=0.40 secs] 
2024-03-22T04:46:33.072+0800: 42868.493: [GC (Allocation Failure) 2024-03-22T04:46:33.072+0800: 42868.493: [ParNew: 20655089K->962565K(22937600K), 0.4429741 secs] 22356319K->2664152K(130940928K), 0.4432800 secs] [Times: user=4.71 sys=1.77, real=0.44 secs] 
2024-03-22T04:47:09.756+0800: 42905.177: [GC (Allocation Failure) 2024-03-22T04:47:09.756+0800: 42905.177: [ParNew: 20623365K->1049358K(22937600K), 0.4576600 secs] 22324952K->2751298K(130940928K), 0.4579371 secs] [Times: user=4.81 sys=2.06, real=0.46 secs] 
2024-03-22T04:47:46.849+0800: 42942.270: [GC (Allocation Failure) 2024-03-22T04:47:46.850+0800: 42942.270: [ParNew: 20710158K->1021014K(22937600K), 0.4889645 secs] 22412098K->2723371K(130940928K), 0.4892806 secs] [Times: user=5.14 sys=2.30, real=0.49 secs] 
2024-03-22T04:48:22.938+0800: 42978.359: [GC (Allocation Failure) 2024-03-22T04:48:22.938+0800: 42978.359: [ParNew: 20681814K->975522K(22937600K), 0.4460725 secs] 22384171K->2678331K(130940928K), 0.4463594 secs] [Times: user=4.88 sys=1.80, real=0.44 secs] 
2024-03-22T04:49:08.997+0800: 43024.418: [GC (Allocation Failure) 2024-03-22T04:49:08.997+0800: 43024.418: [ParNew: 20636322K->1005203K(22937600K), 0.4261698 secs] 22339131K->2708513K(130940928K), 0.4264538 secs] [Times: user=4.66 sys=1.93, real=0.43 secs] 
2024-03-22T04:49:55.545+0800: 43070.966: [GC (Allocation Failure) 2024-03-22T04:49:55.545+0800: 43070.966: [ParNew: 20666003K->1009634K(22937600K), 0.4144133 secs] 22369313K->2713420K(130940928K), 0.4147134 secs] [Times: user=4.80 sys=1.64, real=0.42 secs] 
2024-03-22T04:50:33.836+0800: 43109.257: [GC (Allocation Failure) 2024-03-22T04:50:33.836+0800: 43109.257: [ParNew: 20670434K->974898K(22937600K), 0.4941721 secs] 22374220K->2679150K(130940928K), 0.4944827 secs] [Times: user=5.00 sys=2.56, real=0.50 secs] 
2024-03-22T04:51:08.964+0800: 43144.385: [GC (Allocation Failure) 2024-03-22T04:51:08.964+0800: 43144.385: [ParNew: 20635698K->938320K(22937600K), 0.5623162 secs] 22339950K->2643037K(130940928K), 0.5625237 secs] [Times: user=5.84 sys=2.86, real=0.56 secs] 
2024-03-22T04:51:46.147+0800: 43181.568: [GC (Allocation Failure) 2024-03-22T04:51:46.147+0800: 43181.568: [ParNew: 20599120K->945906K(22937600K), 0.4816013 secs] 22303837K->2651075K(130940928K), 0.4818579 secs] [Times: user=5.02 sys=2.25, real=0.49 secs] 
2024-03-22T04:52:22.041+0800: 43217.462: [GC (Allocation Failure) 2024-03-22T04:52:22.042+0800: 43217.462: [ParNew: 20606706K->1060304K(22937600K), 0.4518669 secs] 22311875K->2765959K(130940928K), 0.4521057 secs] [Times: user=4.94 sys=1.72, real=0.45 secs] 
2024-03-22T04:52:58.246+0800: 43253.667: [GC (Allocation Failure) 2024-03-22T04:52:58.246+0800: 43253.667: [ParNew: 20721104K->999654K(22937600K), 0.5681539 secs] 22426759K->2711499K(130940928K), 0.5684020 secs] [Times: user=5.51 sys=3.29, real=0.57 secs] 
2024-03-22T04:53:34.643+0800: 43290.063: [GC (Allocation Failure) 2024-03-22T04:53:34.643+0800: 43290.064: [ParNew: 20660454K->1006962K(22937600K), 0.4486640 secs] 22372299K->2721179K(130940928K), 0.4489249 secs] [Times: user=4.54 sys=2.07, real=0.45 secs] 
2024-03-22T04:54:14.253+0800: 43329.674: [GC (Allocation Failure) 2024-03-22T04:54:14.253+0800: 43329.674: [ParNew: 20667762K->957950K(22937600K), 0.4426152 secs] 22381979K->2672638K(130940928K), 0.4428356 secs] [Times: user=4.78 sys=1.93, real=0.44 secs] 
2024-03-22T04:54:56.418+0800: 43371.839: [GC (Allocation Failure) 2024-03-22T04:54:56.418+0800: 43371.839: [ParNew: 20618750K->935513K(22937600K), 0.4829914 secs] 22333438K->2650772K(130940928K), 0.4832865 secs] [Times: user=4.80 sys=2.65, real=0.48 secs] 
2024-03-22T04:55:41.121+0800: 43416.542: [GC (Allocation Failure) 2024-03-22T04:55:41.121+0800: 43416.542: [ParNew: 20596313K->945762K(22937600K), 0.4060035 secs] 22311572K->2661615K(130940928K), 0.4063110 secs] [Times: user=4.59 sys=1.62, real=0.40 secs] 
2024-03-22T04:56:21.080+0800: 43456.501: [GC (Allocation Failure) 2024-03-22T04:56:21.080+0800: 43456.501: [ParNew: 20606562K->924495K(22937600K), 0.4460994 secs] 22322415K->2640886K(130940928K), 0.4463919 secs] [Times: user=4.76 sys=2.01, real=0.44 secs] 
2024-03-22T04:56:55.674+0800: 43491.095: [GC (Allocation Failure) 2024-03-22T04:56:55.674+0800: 43491.095: [ParNew: 20585295K->979181K(22937600K), 0.4398135 secs] 22301686K->2696038K(130940928K), 0.4401016 secs] [Times: user=4.96 sys=2.00, real=0.44 secs] 
2024-03-22T04:57:31.451+0800: 43526.872: [GC (Allocation Failure) 2024-03-22T04:57:31.451+0800: 43526.872: [ParNew: 20639981K->997508K(22937600K), 0.4135997 secs] 22356838K->2714854K(130940928K), 0.4138836 secs] [Times: user=4.96 sys=1.59, real=0.41 secs] 
2024-03-22T04:58:04.608+0800: 43560.028: [GC (Allocation Failure) 2024-03-22T04:58:04.608+0800: 43560.029: [ParNew: 20658308K->1008523K(22937600K), 0.4373708 secs] 22375654K->2726380K(130940928K), 0.4376128 secs] [Times: user=4.25 sys=1.96, real=0.43 secs] 
2024-03-22T04:58:40.861+0800: 43596.281: [GC (Allocation Failure) 2024-03-22T04:58:40.861+0800: 43596.282: [ParNew: 20669323K->1023861K(22937600K), 0.4395205 secs] 22387180K->2742200K(130940928K), 0.4397783 secs] [Times: user=4.41 sys=2.09, real=0.44 secs] 
2024-03-22T04:59:15.686+0800: 43631.107: [GC (Allocation Failure) 2024-03-22T04:59:15.686+0800: 43631.107: [ParNew: 20684661K->994509K(22937600K), 0.4760159 secs] 22403000K->2713421K(130940928K), 0.4763085 secs] [Times: user=4.85 sys=2.26, real=0.48 secs] 
2024-03-22T05:00:06.106+0800: 43681.526: [GC (Allocation Failure) 2024-03-22T05:00:06.106+0800: 43681.527: [ParNew: 20655309K->1008505K(22937600K), 0.4316239 secs] 22374221K->2728130K(130940928K), 0.4319209 secs] [Times: user=4.52 sys=2.25, real=0.44 secs] 
2024-03-22T05:01:00.230+0800: 43735.651: [GC (Allocation Failure) 2024-03-22T05:01:00.231+0800: 43735.652: [ParNew: 20669305K->963448K(22937600K), 0.4326835 secs] 22388930K->2683688K(130940928K), 0.4330168 secs] [Times: user=4.81 sys=2.04, real=0.43 secs] 
2024-03-22T05:01:48.638+0800: 43784.059: [GC (Allocation Failure) 2024-03-22T05:01:48.638+0800: 43784.059: [ParNew: 20624248K->944237K(22937600K), 0.4572650 secs] 22344488K->2665020K(130940928K), 0.4575730 secs] [Times: user=4.94 sys=2.21, real=0.45 secs] 
2024-03-22T05:02:33.412+0800: 43828.833: [GC (Allocation Failure) 2024-03-22T05:02:33.412+0800: 43828.833: [ParNew: 20605037K->894909K(22937600K), 0.4855507 secs] 22325820K->2616287K(130940928K), 0.4858681 secs] [Times: user=4.92 sys=2.51, real=0.49 secs] 
2024-03-22T05:03:18.113+0800: 43873.534: [GC (Allocation Failure) 2024-03-22T05:03:18.113+0800: 43873.534: [ParNew: 20555709K->914144K(22937600K), 0.4112590 secs] 22277087K->2635902K(130940928K), 0.4115447 secs] [Times: user=4.70 sys=1.60, real=0.41 secs] 
2024-03-22T05:03:57.344+0800: 43912.764: [GC (Allocation Failure) 2024-03-22T05:03:57.344+0800: 43912.765: [ParNew: 20574944K->897135K(22937600K), 0.5030062 secs] 22296702K->2628700K(130940928K), 0.5033238 secs] [Times: user=5.12 sys=2.46, real=0.50 secs] 
2024-03-22T05:04:31.080+0800: 43946.501: [GC (Allocation Failure) 2024-03-22T05:04:31.080+0800: 43946.501: [ParNew: 20557935K->772785K(22937600K), 0.4486143 secs] 22289500K->2505245K(130940928K), 0.4488914 secs] [Times: user=4.51 sys=2.18, real=0.45 secs] 
2024-03-22T05:05:01.911+0800: 43977.332: [GC (Allocation Failure) 2024-03-22T05:05:01.911+0800: 43977.332: [ParNew: 20433585K->781356K(22937600K), 0.4603582 secs] 22166045K->2514121K(130940928K), 0.4606294 secs] [Times: user=4.68 sys=2.10, real=0.46 secs] 
2024-03-22T05:05:35.526+0800: 44010.947: [GC (Allocation Failure) 2024-03-22T05:05:35.526+0800: 44010.947: [ParNew: 20442156K->810801K(22937600K), 0.4349548 secs] 22174921K->2543665K(130940928K), 0.4352559 secs] [Times: user=4.84 sys=1.60, real=0.44 secs] 
2024-03-22T05:06:13.269+0800: 44048.690: [GC (Allocation Failure) 2024-03-22T05:06:13.269+0800: 44048.690: [ParNew: 20471601K->871777K(22937600K), 0.4701889 secs] 22204465K->2604732K(130940928K), 0.4705028 secs] [Times: user=4.75 sys=2.32, real=0.47 secs] 
2024-03-22T05:06:54.959+0800: 44090.380: [GC (Allocation Failure) 2024-03-22T05:06:54.959+0800: 44090.380: [ParNew: 20532577K->937818K(22937600K), 0.4516773 secs] 22265532K->2670871K(130940928K), 0.4519834 secs] [Times: user=4.51 sys=2.34, real=0.45 secs] 
2024-03-22T05:07:35.428+0800: 44130.849: [GC (Allocation Failure) 2024-03-22T05:07:35.428+0800: 44130.849: [ParNew: 20598618K->961690K(22937600K), 0.4406090 secs] 22331671K->2694874K(130940928K), 0.4408812 secs] [Times: user=4.99 sys=1.69, real=0.44 secs] 
2024-03-22T05:08:12.208+0800: 44167.629: [GC (Allocation Failure) 2024-03-22T05:08:12.209+0800: 44167.630: [ParNew: 20622490K->1039781K(22937600K), 0.5790019 secs] 22355674K->2773115K(130940928K), 0.5794102 secs] [Times: user=5.12 sys=3.65, real=0.58 secs] 
2024-03-22T05:08:48.764+0800: 44204.185: [GC (Allocation Failure) 2024-03-22T05:08:48.764+0800: 44204.185: [ParNew: 20700581K->1057761K(22937600K), 0.4570720 secs] 22433915K->2791203K(130940928K), 0.4573450 secs] [Times: user=4.49 sys=2.31, real=0.46 secs] 
2024-03-22T05:09:25.279+0800: 44240.700: [GC (Allocation Failure) 2024-03-22T05:09:25.280+0800: 44240.700: [ParNew: 20718561K->1083763K(22937600K), 0.4066200 secs] 22452003K->2817327K(130940928K), 0.4069061 secs] [Times: user=4.41 sys=1.59, real=0.40 secs] 
2024-03-22T05:09:58.057+0800: 44273.478: [GC (Allocation Failure) 2024-03-22T05:09:58.057+0800: 44273.478: [ParNew: 20744563K->1051394K(22937600K), 0.4292944 secs] 22478127K->2785098K(130940928K), 0.4296070 secs] [Times: user=4.74 sys=1.64, real=0.43 secs] 
2024-03-22T05:10:33.060+0800: 44308.481: [GC (Allocation Failure) 2024-03-22T05:10:33.060+0800: 44308.481: [ParNew: 20712194K->1065204K(22937600K), 0.4407805 secs] 22445898K->2799117K(130940928K), 0.4410922 secs] [Times: user=4.66 sys=1.77, real=0.44 secs] 
2024-03-22T05:11:11.321+0800: 44346.742: [GC (Allocation Failure) 2024-03-22T05:11:11.321+0800: 44346.742: [ParNew: 20726004K->1106832K(22937600K), 0.4993200 secs] 22459917K->2840872K(130940928K), 0.4996615 secs] [Times: user=5.07 sys=2.56, real=0.50 secs] 
2024-03-22T05:11:51.071+0800: 44386.492: [GC (Allocation Failure) 2024-03-22T05:11:51.071+0800: 44386.492: [ParNew: 20767632K->1102312K(22937600K), 0.4532786 secs] 22501672K->2836500K(130940928K), 0.4535752 secs] [Times: user=4.83 sys=1.94, real=0.45 secs] 
2024-03-22T05:12:30.553+0800: 44425.974: [GC (Allocation Failure) 2024-03-22T05:12:30.553+0800: 44425.974: [ParNew: 20763112K->1113954K(22937600K), 0.4612696 secs] 22497300K->2848327K(130940928K), 0.4615969 secs] [Times: user=4.84 sys=2.02, real=0.46 secs] 
2024-03-22T05:13:06.980+0800: 44462.401: [GC (Allocation Failure) 2024-03-22T05:13:06.980+0800: 44462.401: [ParNew: 20774754K->1079934K(22937600K), 0.4691159 secs] 22509127K->2814475K(130940928K), 0.4693400 secs] [Times: user=4.79 sys=2.27, real=0.47 secs] 
2024-03-22T05:13:45.929+0800: 44501.350: [GC (Allocation Failure) 2024-03-22T05:13:45.929+0800: 44501.350: [ParNew: 20740734K->1166162K(22937600K), 0.4631160 secs] 22475275K->2903725K(130940928K), 0.4633834 secs] [Times: user=5.07 sys=1.99, real=0.46 secs] 
2024-03-22T05:14:22.637+0800: 44538.058: [GC (Allocation Failure) 2024-03-22T05:14:22.637+0800: 44538.058: [ParNew: 20826962K->1110490K(22937600K), 0.4205043 secs] 22564525K->2850301K(130940928K), 0.4207260 secs] [Times: user=4.58 sys=1.63, real=0.43 secs] 
2024-03-22T05:15:00.328+0800: 44575.749: [GC (Allocation Failure) 2024-03-22T05:15:00.328+0800: 44575.749: [ParNew: 20771290K->1019522K(22937600K), 0.4340916 secs] 22511101K->2759595K(130940928K), 0.4342942 secs] [Times: user=4.48 sys=1.99, real=0.43 secs] 
2024-03-22T05:15:39.739+0800: 44615.160: [GC (Allocation Failure) 2024-03-22T05:15:39.740+0800: 44615.160: [ParNew: 20680322K->964963K(22937600K), 0.5128202 secs] 22420395K->2705304K(130940928K), 0.5130705 secs] [Times: user=4.96 sys=2.93, real=0.51 secs] 
2024-03-22T05:16:24.932+0800: 44660.353: [GC (Allocation Failure) 2024-03-22T05:16:24.932+0800: 44660.353: [ParNew: 20571792K->968424K(22937600K), 0.4463388 secs] 22312133K->2709098K(130940928K), 0.4465581 secs] [Times: user=4.88 sys=2.04, real=0.45 secs] 
2024-03-22T05:17:18.954+0800: 44714.375: [GC (Allocation Failure) 2024-03-22T05:17:18.954+0800: 44714.375: [ParNew: 20629224K->894775K(22937600K), 0.4308721 secs] 22369898K->2635805K(130940928K), 0.4310817 secs] [Times: user=4.63 sys=2.26, real=0.43 secs] 
2024-03-22T05:18:05.477+0800: 44760.898: [GC (Allocation Failure) 2024-03-22T05:18:05.477+0800: 44760.898: [ParNew: 20555575K->855803K(22937600K), 0.4222335 secs] 22296605K->2597190K(130940928K), 0.4224431 secs] [Times: user=4.24 sys=2.30, real=0.43 secs] 
2024-03-22T05:18:46.367+0800: 44801.788: [GC (Allocation Failure) 2024-03-22T05:18:46.367+0800: 44801.788: [ParNew: 20516603K->835355K(22937600K), 0.4631136 secs] 22257990K->2577106K(130940928K), 0.4633369 secs] [Times: user=4.63 sys=2.53, real=0.47 secs] 
2024-03-22T05:19:22.664+0800: 44838.085: [GC (Allocation Failure) 2024-03-22T05:19:22.665+0800: 44838.085: [ParNew: 20496155K->853156K(22937600K), 0.5456138 secs] 22237906K->2595276K(130940928K), 0.5458524 secs] [Times: user=4.78 sys=3.35, real=0.55 secs] 
2024-03-22T05:19:59.919+0800: 44875.340: [GC (Allocation Failure) 2024-03-22T05:19:59.919+0800: 44875.340: [ParNew: 20513956K->888036K(22937600K), 0.4917625 secs] 22256076K->2630582K(130940928K), 0.4919908 secs] [Times: user=4.55 sys=2.83, real=0.49 secs] 
2024-03-22T05:20:46.136+0800: 44921.557: [GC (Allocation Failure) 2024-03-22T05:20:46.136+0800: 44921.557: [ParNew: 20548836K->854388K(22937600K), 0.4895575 secs] 22291382K->2597391K(130940928K), 0.4898087 secs] [Times: user=4.80 sys=2.87, real=0.49 secs] 
2024-03-22T05:21:41.669+0800: 44977.090: [GC (Allocation Failure) 2024-03-22T05:21:41.669+0800: 44977.090: [ParNew: 20515188K->848085K(22937600K), 0.4405954 secs] 22258191K->2591559K(130940928K), 0.4408079 secs] [Times: user=4.86 sys=2.30, real=0.44 secs] 
2024-03-22T05:22:26.004+0800: 45021.425: [GC (Allocation Failure) 2024-03-22T05:22:26.004+0800: 45021.425: [ParNew: 20508885K->834297K(22937600K), 0.4668652 secs] 22252359K->2578227K(130940928K), 0.4671501 secs] [Times: user=4.99 sys=2.19, real=0.47 secs] 
2024-03-22T05:23:11.277+0800: 45066.698: [GC (Allocation Failure) 2024-03-22T05:23:11.277+0800: 45066.698: [ParNew: 20495097K->805524K(22937600K), 0.4910393 secs] 22239027K->2549927K(130940928K), 0.4913769 secs] [Times: user=5.36 sys=2.33, real=0.50 secs] 
2024-03-22T05:23:59.520+0800: 45114.941: [GC (Allocation Failure) 2024-03-22T05:23:59.520+0800: 45114.941: [ParNew: 20466324K->830184K(22937600K), 0.4413917 secs] 22210727K->2575049K(130940928K), 0.4416284 secs] [Times: user=4.76 sys=1.93, real=0.44 secs] 
2024-03-22T05:24:41.580+0800: 45157.001: [GC (Allocation Failure) 2024-03-22T05:24:41.580+0800: 45157.001: [ParNew: 20490984K->795262K(22937600K), 0.5144754 secs] 22235849K->2540531K(130940928K), 0.5147329 secs] [Times: user=4.88 sys=2.99, real=0.51 secs] 
2024-03-22T05:25:18.707+0800: 45194.128: [GC (Allocation Failure) 2024-03-22T05:25:18.707+0800: 45194.128: [ParNew: 20456062K->843064K(22937600K), 0.4615460 secs] 22201331K->2594789K(130940928K), 0.4617915 secs] [Times: user=4.79 sys=2.06, real=0.47 secs] 
2024-03-22T05:25:57.720+0800: 45233.141: [GC (Allocation Failure) 2024-03-22T05:25:57.720+0800: 45233.141: [ParNew: 20503864K->909878K(22937600K), 0.4464573 secs] 22255589K->2670924K(130940928K), 0.4466912 secs] [Times: user=4.74 sys=1.85, real=0.44 secs] 
2024-03-22T05:26:50.936+0800: 45286.357: [GC (Allocation Failure) 2024-03-22T05:26:50.936+0800: 45286.357: [ParNew: 20570678K->870806K(22937600K), 0.4537736 secs] 22331724K->2640987K(130940928K), 0.4539931 secs] [Times: user=4.42 sys=2.75, real=0.46 secs] 
2024-03-22T05:27:44.608+0800: 45340.029: [GC (Allocation Failure) 2024-03-22T05:27:44.608+0800: 45340.029: [ParNew: 20531606K->776993K(22937600K), 0.4075596 secs] 22301787K->2549584K(130940928K), 0.4078266 secs] [Times: user=4.13 sys=2.35, real=0.40 secs] 
2024-03-22T05:28:30.860+0800: 45386.281: [GC (Allocation Failure) 2024-03-22T05:28:30.860+0800: 45386.281: [ParNew: 20437793K->734740K(22937600K), 0.4667233 secs] 22210384K->2507784K(130940928K), 0.4670444 secs] [Times: user=4.88 sys=2.40, real=0.46 secs] 
2024-03-22T05:29:16.855+0800: 45432.276: [GC (Allocation Failure) 2024-03-22T05:29:16.855+0800: 45432.276: [ParNew: 20395540K->718700K(22937600K), 0.4875947 secs] 22168584K->2492375K(130940928K), 0.4878915 secs] [Times: user=4.47 sys=3.16, real=0.49 secs] 
2024-03-22T05:30:04.463+0800: 45479.884: [GC (Allocation Failure) 2024-03-22T05:30:04.464+0800: 45479.884: [ParNew: 20379500K->680687K(22937600K), 0.4075890 secs] 22153175K->2455028K(130940928K), 0.4078955 secs] [Times: user=4.31 sys=2.03, real=0.41 secs] 
2024-03-22T05:30:46.552+0800: 45521.973: [GC (Allocation Failure) 2024-03-22T05:30:46.552+0800: 45521.973: [ParNew: 20341487K->707755K(22937600K), 0.4474810 secs] 22115828K->2482716K(130940928K), 0.4477720 secs] [Times: user=4.39 sys=2.39, real=0.45 secs] 
2024-03-22T05:31:22.533+0800: 45557.954: [GC (Allocation Failure) 2024-03-22T05:31:22.533+0800: 45557.954: [ParNew: 20368555K->697457K(22937600K), 0.4115945 secs] 22143516K->2472926K(130940928K), 0.4118966 secs] [Times: user=4.18 sys=1.92, real=0.41 secs] 
2024-03-22T05:32:01.157+0800: 45596.578: [GC (Allocation Failure) 2024-03-22T05:32:01.157+0800: 45596.578: [ParNew: 20358257K->737285K(22937600K), 0.4453191 secs] 22133726K->2513207K(130940928K), 0.4456697 secs] [Times: user=4.60 sys=1.99, real=0.45 secs] 
2024-03-22T05:32:57.792+0800: 45653.212: [GC (Allocation Failure) 2024-03-22T05:32:57.792+0800: 45653.213: [ParNew: 20398085K->778191K(22937600K), 0.3478586 secs] 22174007K->2554637K(130940928K), 0.3481591 secs] [Times: user=3.77 sys=1.73, real=0.35 secs] 
2024-03-22T05:33:50.213+0800: 45705.634: [GC (Allocation Failure) 2024-03-22T05:33:50.213+0800: 45705.634: [ParNew: 20438991K->745741K(22937600K), 0.3877666 secs] 22215437K->2522926K(130940928K), 0.3880579 secs] [Times: user=4.35 sys=1.68, real=0.39 secs] 
2024-03-22T05:34:36.871+0800: 45752.292: [GC (Allocation Failure) 2024-03-22T05:34:36.871+0800: 45752.292: [ParNew: 20406541K->744832K(22937600K), 0.4200645 secs] 22183726K->2522629K(130940928K), 0.4203291 secs] [Times: user=4.51 sys=1.99, real=0.42 secs] 
2024-03-22T05:35:25.335+0800: 45800.756: [GC (Allocation Failure) 2024-03-22T05:35:25.335+0800: 45800.756: [ParNew: 20405632K->771306K(22937600K), 0.3672294 secs] 22183429K->2549732K(130940928K), 0.3675091 secs] [Times: user=4.11 sys=1.53, real=0.37 secs] 
2024-03-22T05:36:08.941+0800: 45844.362: [GC (Allocation Failure) 2024-03-22T05:36:08.942+0800: 45844.362: [ParNew: 20432106K->718947K(22937600K), 0.4329605 secs] 22210532K->2498067K(130940928K), 0.4332765 secs] [Times: user=4.35 sys=2.20, real=0.43 secs] 
2024-03-22T05:36:46.012+0800: 45881.433: [GC (Allocation Failure) 2024-03-22T05:36:46.012+0800: 45881.433: [ParNew: 20379747K->729829K(22937600K), 0.4196575 secs] 22158867K->2509586K(130940928K), 0.4199394 secs] [Times: user=4.45 sys=1.77, real=0.42 secs] 
2024-03-22T05:37:24.841+0800: 45920.262: [GC (Allocation Failure) 2024-03-22T05:37:24.842+0800: 45920.262: [ParNew: 20390629K->789978K(22937600K), 0.4180166 secs] 22170386K->2570307K(130940928K), 0.4182698 secs] [Times: user=4.29 sys=1.45, real=0.42 secs] 
2024-03-22T05:38:17.445+0800: 45972.866: [GC (Allocation Failure) 2024-03-22T05:38:17.445+0800: 45972.866: [ParNew: 20450778K->771828K(22937600K), 0.3473301 secs] 22231107K->2552914K(130940928K), 0.3476058 secs] [Times: user=3.85 sys=1.57, real=0.35 secs] 
2024-03-22T05:39:19.292+0800: 46034.712: [GC (Allocation Failure) 2024-03-22T05:39:19.292+0800: 46034.713: [ParNew: 20432628K->737371K(22937600K), 0.3480256 secs] 22213714K->2525087K(130940928K), 0.3483076 secs] [Times: user=3.89 sys=1.68, real=0.35 secs] 
2024-03-22T05:40:12.705+0800: 46088.126: [GC (Allocation Failure) 2024-03-22T05:40:12.705+0800: 46088.126: [ParNew: 20398171K->699816K(22937600K), 0.3621680 secs] 22185887K->2495913K(130940928K), 0.3624630 secs] [Times: user=3.95 sys=1.63, real=0.36 secs] 
2024-03-22T05:41:00.369+0800: 46135.790: [GC (Allocation Failure) 2024-03-22T05:41:00.369+0800: 46135.790: [ParNew: 20360616K->682762K(22937600K), 0.3822956 secs] 22156713K->2487255K(130940928K), 0.3825888 secs] [Times: user=3.89 sys=1.89, real=0.38 secs] 
2024-03-22T05:42:02.099+0800: 46197.520: [GC (Allocation Failure) 2024-03-22T05:42:02.099+0800: 46197.520: [ParNew: 20343562K->566255K(22937600K), 0.3751636 secs] 22148055K->2373361K(130940928K), 0.3754361 secs] [Times: user=4.07 sys=1.64, real=0.37 secs] 
2024-03-22T05:42:53.236+0800: 46248.657: [GC (Allocation Failure) 2024-03-22T05:42:53.236+0800: 46248.657: [ParNew: 20227055K->405264K(22937600K), 0.3978758 secs] 22034161K->2213310K(130940928K), 0.3981708 secs] [Times: user=4.01 sys=1.94, real=0.40 secs] 
2024-03-22T05:43:32.504+0800: 46287.925: [GC (Allocation Failure) 2024-03-22T05:43:32.504+0800: 46287.925: [ParNew: 20066064K->483915K(22937600K), 0.4449963 secs] 21874110K->2292674K(130940928K), 0.4452889 secs] [Times: user=4.27 sys=2.42, real=0.45 secs] 
2024-03-22T05:45:09.217+0800: 46384.638: [GC (Allocation Failure) 2024-03-22T05:45:09.217+0800: 46384.638: [ParNew: 20144715K->530262K(22937600K), 0.4255254 secs] 21953474K->2339576K(130940928K), 0.4257975 secs] [Times: user=3.93 sys=2.51, real=0.43 secs] 
2024-03-22T05:46:06.357+0800: 46441.777: [GC (Allocation Failure) 2024-03-22T05:46:06.357+0800: 46441.778: [ParNew: 20191062K->569661K(22937600K), 0.4284803 secs] 22000376K->2379392K(130940928K), 0.4287942 secs] [Times: user=4.15 sys=2.21, real=0.43 secs] 
2024-03-22T05:46:45.050+0800: 46480.470: [GC (Allocation Failure) 2024-03-22T05:46:45.050+0800: 46480.471: [ParNew: 20230461K->598437K(22937600K), 0.4091233 secs] 22040192K->2408809K(130940928K), 0.4093858 secs] [Times: user=3.94 sys=2.14, real=0.41 secs] 
2024-03-22T05:47:39.848+0800: 46535.268: [GC (Allocation Failure) 2024-03-22T05:47:39.848+0800: 46535.269: [ParNew: 20259237K->617664K(22937600K), 0.4127973 secs] 22069609K->2428673K(130940928K), 0.4130691 secs] [Times: user=3.86 sys=2.31, real=0.41 secs] 
2024-03-22T05:48:28.566+0800: 46583.987: [GC (Allocation Failure) 2024-03-22T05:48:28.566+0800: 46583.987: [ParNew: 20278464K->604074K(22937600K), 0.3761937 secs] 22089473K->2415723K(130940928K), 0.3764696 secs] [Times: user=3.59 sys=1.92, real=0.38 secs] 
2024-03-22T05:49:43.645+0800: 46659.066: [GC (Allocation Failure) 2024-03-22T05:49:43.646+0800: 46659.066: [ParNew: 20264874K->622109K(22937600K), 0.4106380 secs] 22076523K->2434490K(130940928K), 0.4109733 secs] [Times: user=4.04 sys=2.08, real=0.41 secs] 
2024-03-22T05:51:10.330+0800: 46745.751: [GC (Allocation Failure) 2024-03-22T05:51:10.330+0800: 46745.751: [ParNew: 20282909K->644120K(22937600K), 0.3945870 secs] 22095290K->2457163K(130940928K), 0.3949541 secs] [Times: user=3.97 sys=1.81, real=0.39 secs] 
2024-03-22T05:52:43.374+0800: 46838.795: [GC (Allocation Failure) 2024-03-22T05:52:43.374+0800: 46838.795: [ParNew: 20304920K->638295K(22937600K), 0.4022915 secs] 22117963K->2451963K(130940928K), 0.4025832 secs] [Times: user=4.15 sys=1.84, real=0.40 secs] 
2024-03-22T05:53:33.290+0800: 46888.710: [GC (Allocation Failure) 2024-03-22T05:53:33.290+0800: 46888.710: [ParNew: 20299095K->581456K(22937600K), 0.3739753 secs] 22112763K->2395639K(130940928K), 0.3742508 secs] [Times: user=3.87 sys=1.63, real=0.37 secs] 
2024-03-22T05:56:04.671+0800: 47040.092: [GC (Allocation Failure) 2024-03-22T05:56:04.671+0800: 47040.092: [ParNew: 20242256K->579353K(22937600K), 0.3964262 secs] 22056439K->2394088K(130940928K), 0.3967519 secs] [Times: user=3.53 sys=2.33, real=0.40 secs] 
2024-03-22T05:58:12.215+0800: 47167.636: [GC (Allocation Failure) 2024-03-22T05:58:12.215+0800: 47167.636: [ParNew: 20240153K->474873K(22937600K), 0.4015497 secs] 22054888K->2290482K(130940928K), 0.4018749 secs] [Times: user=3.53 sys=2.37, real=0.40 secs] 
2024-03-22T05:59:28.782+0800: 47244.203: [GC (Allocation Failure) 2024-03-22T05:59:28.782+0800: 47244.203: [ParNew: 20135673K->431240K(22937600K), 0.3741756 secs] 21951282K->2247837K(130940928K), 0.3744130 secs] [Times: user=3.59 sys=1.93, real=0.37 secs] 
2024-03-22T06:02:11.219+0800: 47406.640: [GC (Allocation Failure) 2024-03-22T06:02:11.219+0800: 47406.640: [ParNew: 20092040K->535083K(22937600K), 0.4003525 secs] 21908637K->2355641K(130940928K), 0.4006402 secs] [Times: user=3.73 sys=2.07, real=0.40 secs] 
2024-03-22T06:03:57.891+0800: 47513.312: [GC (Allocation Failure) 2024-03-22T06:03:57.892+0800: 47513.312: [ParNew: 20195883K->400272K(22937600K), 0.3879077 secs] 22016441K->2224024K(130940928K), 0.3881665 secs] [Times: user=3.81 sys=1.87, real=0.39 secs] 
2024-03-22T06:04:49.830+0800: 47565.251: [GC (Allocation Failure) 2024-03-22T06:04:49.830+0800: 47565.251: [ParNew: 20061072K->320994K(22937600K), 0.3633002 secs] 21884824K->2145426K(130940928K), 0.3635504 secs] [Times: user=3.79 sys=1.52, real=0.36 secs] 
2024-03-22T06:08:15.956+0800: 47771.377: [GC (Allocation Failure) 2024-03-22T06:08:15.956+0800: 47771.377: [ParNew: 19981794K->326741K(22937600K), 0.3854068 secs] 21806226K->2151966K(130940928K), 0.3856451 secs] [Times: user=3.76 sys=1.93, real=0.39 secs] 
2024-03-22T06:09:22.607+0800: 47838.028: [GC (Allocation Failure) 2024-03-22T06:09:22.607+0800: 47838.028: [ParNew: 19987541K->329918K(22937600K), 0.4052271 secs] 21812766K->2156213K(130940928K), 0.4054485 secs] [Times: user=3.65 sys=2.12, real=0.41 secs] 
2024-03-22T06:12:25.019+0800: 48020.440: [GC (Allocation Failure) 2024-03-22T06:12:25.019+0800: 48020.440: [ParNew: 19990718K->371090K(22937600K), 0.3764809 secs] 21817013K->2198195K(130940928K), 0.3767400 secs] [Times: user=3.69 sys=1.84, real=0.37 secs] 
2024-03-22T06:14:57.911+0800: 48173.332: [GC (Allocation Failure) 2024-03-22T06:14:57.911+0800: 48173.332: [ParNew: 20031890K->333246K(22937600K), 0.3835564 secs] 21858995K->2161141K(130940928K), 0.3837967 secs] [Times: user=3.72 sys=1.57, real=0.38 secs] 
2024-03-22T06:17:17.393+0800: 48312.813: [GC (Allocation Failure) 2024-03-22T06:17:17.393+0800: 48312.813: [ParNew: 19994046K->329658K(22937600K), 0.3822842 secs] 21821941K->2158315K(130940928K), 0.3825244 secs] [Times: user=3.59 sys=1.77, real=0.38 secs] 
2024-03-22T06:19:37.762+0800: 48453.183: [GC (Allocation Failure) 2024-03-22T06:19:37.762+0800: 48453.183: [ParNew: 19990458K->339267K(22937600K), 0.3750008 secs] 21819115K->2168731K(130940928K), 0.3752222 secs] [Times: user=3.67 sys=1.76, real=0.37 secs] 
2024-03-22T06:22:19.519+0800: 48614.940: [GC (Allocation Failure) 2024-03-22T06:22:19.519+0800: 48614.940: [ParNew: 20000067K->366208K(22937600K), 0.3876350 secs] 21829531K->2196753K(130940928K), 0.3878668 secs] [Times: user=3.62 sys=1.78, real=0.38 secs] 
2024-03-22T06:24:27.231+0800: 48742.652: [GC (Allocation Failure) 2024-03-22T06:24:27.232+0800: 48742.652: [ParNew: 20027008K->349816K(22937600K), 0.3917010 secs] 21857553K->2181560K(130940928K), 0.3919310 secs] [Times: user=3.66 sys=2.13, real=0.39 secs] 
2024-03-22T06:26:25.449+0800: 48860.870: [GC (Allocation Failure) 2024-03-22T06:26:25.449+0800: 48860.870: [ParNew: 20010616K->397972K(22937600K), 0.3703615 secs] 21842360K->2230051K(130940928K), 0.3706018 secs] [Times: user=3.54 sys=1.61, real=0.37 secs] 
2024-03-22T06:28:32.378+0800: 48987.799: [GC (Allocation Failure) 2024-03-22T06:28:32.378+0800: 48987.799: [ParNew: 20058772K->431250K(22937600K), 0.4232009 secs] 21890851K->2263647K(130940928K), 0.4234302 secs] [Times: user=4.30 sys=2.51, real=0.42 secs] 
2024-03-22T06:31:19.961+0800: 49155.382: [GC (Allocation Failure) 2024-03-22T06:31:19.961+0800: 49155.382: [ParNew: 20092050K->441383K(22937600K), 0.4185870 secs] 21924447K->2273878K(130940928K), 0.4188504 secs] [Times: user=3.77 sys=2.33, real=0.42 secs] 
2024-03-22T06:33:23.406+0800: 49278.827: [GC (Allocation Failure) 2024-03-22T06:33:23.406+0800: 49278.827: [ParNew: 20102183K->426550K(22937600K), 0.4074475 secs] 21934678K->2259104K(130940928K), 0.4076883 secs] [Times: user=3.76 sys=2.06, real=0.41 secs] 
2024-03-22T06:36:01.278+0800: 49436.699: [GC (Allocation Failure) 2024-03-22T06:36:01.278+0800: 49436.699: [ParNew: 20087350K->419004K(22937600K), 0.4006495 secs] 21919904K->2251682K(130940928K), 0.4008750 secs] [Times: user=3.51 sys=2.25, real=0.40 secs] 
2024-03-22T06:38:48.042+0800: 49603.463: [GC (Allocation Failure) 2024-03-22T06:38:48.043+0800: 49603.463: [ParNew: 20079804K->423021K(22937600K), 0.3968741 secs] 21912482K->2257891K(130940928K), 0.3971142 secs] [Times: user=3.63 sys=2.20, real=0.40 secs] 
2024-03-22T06:42:45.978+0800: 49841.399: [GC (Allocation Failure) 2024-03-22T06:42:45.978+0800: 49841.399: [ParNew: 20083821K->326989K(22937600K), 0.3614860 secs] 21918691K->2162481K(130940928K), 0.3617040 secs] [Times: user=3.39 sys=1.93, real=0.36 secs] 
2024-03-22T06:49:54.955+0800: 50270.376: [GC (Allocation Failure) 2024-03-22T06:49:54.955+0800: 50270.376: [ParNew: 19987789K->167322K(22937600K), 0.3793434 secs] 21823281K->2002918K(130940928K), 0.3795638 secs] [Times: user=3.67 sys=2.03, real=0.38 secs] 
2024-03-22T07:59:22.366+0800: 54437.787: [GC (Allocation Failure) 2024-03-22T07:59:22.366+0800: 54437.787: [ParNew: 19828122K->132759K(22937600K), 0.3555895 secs] 21663718K->1968371K(130940928K), 0.3558387 secs] [Times: user=3.65 sys=2.20, real=0.36 secs] 
2024-03-22T08:03:37.556+0800: 54692.977: [GC (Allocation Failure) 2024-03-22T08:03:37.556+0800: 54692.977: [ParNew: 19793559K->209811K(22937600K), 0.4003394 secs] 21629171K->2045497K(130940928K), 0.4005806 secs] [Times: user=3.33 sys=2.65, real=0.40 secs] 
2024-03-22T08:06:52.697+0800: 54888.118: [GC (Allocation Failure) 2024-03-22T08:06:52.697+0800: 54888.118: [ParNew: 19870611K->264499K(22937600K), 0.4414771 secs] 21706297K->2100249K(130940928K), 0.4417561 secs] [Times: user=4.11 sys=2.52, real=0.45 secs] 
2024-03-22T08:11:28.267+0800: 55163.688: [GC (Allocation Failure) 2024-03-22T08:11:28.267+0800: 55163.688: [ParNew: 19925299K->274954K(22937600K), 0.4474380 secs] 21761049K->2110797K(130940928K), 0.4476742 secs] [Times: user=3.64 sys=3.19, real=0.45 secs] 
2024-03-22T08:18:36.843+0800: 55592.264: [GC (Allocation Failure) 2024-03-22T08:18:36.843+0800: 55592.264: [ParNew: 19935754K->209054K(22937600K), 0.4245463 secs] 21771597K->2044994K(130940928K), 0.4247825 secs] [Times: user=3.31 sys=3.18, real=0.43 secs] 
2024-03-22T08:23:53.316+0800: 55908.737: [GC (Allocation Failure) 2024-03-22T08:23:53.316+0800: 55908.737: [ParNew: 19869854K->243603K(22937600K), 0.4009005 secs] 21705794K->2079633K(130940928K), 0.4011294 secs] [Times: user=3.68 sys=2.33, real=0.40 secs] 
2024-03-22T08:33:43.827+0800: 56499.247: [GC (Allocation Failure) 2024-03-22T08:33:43.827+0800: 56499.247: [ParNew: 19904403K->234796K(22937600K), 0.3819147 secs] 21740433K->2070893K(130940928K), 0.3821508 secs] [Times: user=3.39 sys=2.34, real=0.39 secs] 
2024-03-22T08:48:31.519+0800: 57386.940: [GC (Allocation Failure) 2024-03-22T08:48:31.519+0800: 57386.940: [ParNew: 19895596K->293487K(22937600K), 0.4081530 secs] 21731693K->2129636K(130940928K), 0.4083751 secs] [Times: user=3.82 sys=2.41, real=0.40 secs] 
2024-03-22T09:58:36.543+0800: 61591.964: [GC (Allocation Failure) 2024-03-22T09:58:36.543+0800: 61591.964: [ParNew: 19954287K->182589K(22937600K), 0.3284490 secs] 21790436K->2018792K(130940928K), 0.3286554 secs] [Times: user=3.60 sys=1.97, real=0.33 secs] 
2024-03-22T10:05:22.706+0800: 61998.127: [GC (Allocation Failure) 2024-03-22T10:05:22.706+0800: 61998.127: [ParNew: 19843389K->283226K(22937600K), 0.4969279 secs] 21679592K->2119515K(130940928K), 0.4971736 secs] [Times: user=3.59 sys=3.82, real=0.50 secs] 
2024-03-22T10:11:28.407+0800: 62363.828: [GC (Allocation Failure) 2024-03-22T10:11:28.407+0800: 62363.828: [ParNew: 19944026K->320229K(22937600K), 0.4589721 secs] 21780315K->2156590K(130940928K), 0.4592302 secs] [Times: user=3.80 sys=2.99, real=0.46 secs] 
2024-03-22T10:15:39.100+0800: 62614.521: [GC (Allocation Failure) 2024-03-22T10:15:39.101+0800: 62614.521: [ParNew: 19981029K->330394K(22937600K), 0.4578179 secs] 21817390K->2166897K(130940928K), 0.4580895 secs] [Times: user=3.90 sys=3.15, real=0.46 secs] 
2024-03-22T10:19:49.075+0800: 62864.496: [GC (Allocation Failure) 2024-03-22T10:19:49.075+0800: 62864.496: [ParNew: 19991194K->383081K(22937600K), 0.4784043 secs] 21827697K->2219685K(130940928K), 0.4786486 secs] [Times: user=3.84 sys=3.51, real=0.48 secs] 
2024-03-22T10:23:31.764+0800: 63087.185: [GC (Allocation Failure) 2024-03-22T10:23:31.765+0800: 63087.185: [ParNew: 20043881K->333336K(22937600K), 0.4036190 secs] 21880485K->2172146K(130940928K), 0.4038964 secs] [Times: user=3.76 sys=2.10, real=0.41 secs] 
2024-03-22T10:26:52.456+0800: 63287.877: [GC (Allocation Failure) 2024-03-22T10:26:52.456+0800: 63287.877: [ParNew: 19994136K->468244K(22937600K), 0.4095190 secs] 21832946K->2315556K(130940928K), 0.4097764 secs] [Times: user=3.55 sys=2.61, real=0.41 secs] 
2024-03-22T10:30:50.171+0800: 63525.592: [GC (Allocation Failure) 2024-03-22T10:30:50.171+0800: 63525.592: [ParNew: 20129044K->344801K(22937600K), 0.3714944 secs] 21976356K->2197274K(130940928K), 0.3717275 secs] [Times: user=3.82 sys=1.63, real=0.37 secs] 
2024-03-22T10:34:50.949+0800: 63766.370: [GC (Allocation Failure) 2024-03-22T10:34:50.949+0800: 63766.370: [ParNew: 20005601K->287814K(22937600K), 0.3883934 secs] 21858074K->2142487K(130940928K), 0.3886208 secs] [Times: user=3.67 sys=2.14, real=0.39 secs] 
2024-03-22T10:38:51.216+0800: 64006.636: [GC (Allocation Failure) 2024-03-22T10:38:51.216+0800: 64006.637: [ParNew: 19948614K->236215K(22937600K), 0.3941896 secs] 21803287K->2090956K(130940928K), 0.3944421 secs] [Times: user=3.62 sys=2.32, real=0.40 secs] 
2024-03-22T10:42:15.195+0800: 64210.616: [GC (Allocation Failure) 2024-03-22T10:42:15.195+0800: 64210.616: [ParNew: 19897015K->249172K(22937600K), 0.3871638 secs] 21751756K->2103987K(130940928K), 0.3874147 secs] [Times: user=3.65 sys=2.07, real=0.39 secs] 
2024-03-22T10:46:02.533+0800: 64437.954: [GC (Allocation Failure) 2024-03-22T10:46:02.533+0800: 64437.954: [ParNew: 19909972K->235869K(22937600K), 0.3954142 secs] 21764787K->2090959K(130940928K), 0.3956531 secs] [Times: user=3.83 sys=1.71, real=0.40 secs] 
2024-03-22T10:48:38.297+0800: 64593.718: [GC (Allocation Failure) 2024-03-22T10:48:38.297+0800: 64593.718: [ParNew: 19896669K->279596K(22937600K), 0.3711411 secs] 21751759K->2134793K(130940928K), 0.3713803 secs] [Times: user=3.42 sys=1.83, real=0.38 secs] 
2024-03-22T10:52:44.065+0800: 64839.486: [GC (Allocation Failure) 2024-03-22T10:52:44.066+0800: 64839.486: [ParNew: 19940396K->263405K(22937600K), 0.3774587 secs] 21795593K->2118844K(130940928K), 0.3777477 secs] [Times: user=3.72 sys=1.86, real=0.38 secs] 
2024-03-22T10:56:06.615+0800: 65042.036: [GC (Allocation Failure) 2024-03-22T10:56:06.616+0800: 65042.036: [ParNew: 19924205K->327789K(22937600K), 0.3768059 secs] 21779644K->2183646K(130940928K), 0.3770544 secs] [Times: user=3.56 sys=1.99, real=0.38 secs] 
2024-03-22T10:58:57.268+0800: 65212.689: [GC (Allocation Failure) 2024-03-22T10:58:57.268+0800: 65212.689: [ParNew: 19988589K->321210K(22937600K), 0.4019551 secs] 21844446K->2180852K(130940928K), 0.4022190 secs] [Times: user=3.55 sys=2.41, real=0.40 secs] 
2024-03-22T11:02:02.546+0800: 65397.966: [GC (Allocation Failure) 2024-03-22T11:02:02.546+0800: 65397.967: [ParNew: 19982010K->296253K(22937600K), 0.3709879 secs] 21841652K->2156182K(130940928K), 0.3712389 secs] [Times: user=3.62 sys=1.78, real=0.37 secs] 
2024-03-22T11:03:28.534+0800: 65483.955: [GC (Allocation Failure) 2024-03-22T11:03:28.534+0800: 65483.955: [ParNew: 19957053K->432472K(22937600K), 0.4135501 secs] 21816982K->2292799K(130940928K), 0.4137739 secs] [Times: user=3.68 sys=2.00, real=0.42 secs] 
2024-03-22T11:04:00.320+0800: 65515.740: [GC (Allocation Failure) 2024-03-22T11:04:00.320+0800: 65515.741: [ParNew: 20093272K->495318K(22937600K), 0.4181341 secs] 21953599K->2356189K(130940928K), 0.4183498 secs] [Times: user=3.83 sys=1.83, real=0.42 secs] 
2024-03-22T11:04:26.248+0800: 65541.668: [GC (Allocation Failure) 2024-03-22T11:04:26.248+0800: 65541.668: [ParNew: 20156118K->527050K(22937600K), 0.3934072 secs] 22016989K->2388203K(130940928K), 0.3936288 secs] [Times: user=3.71 sys=1.61, real=0.39 secs] 
2024-03-22T11:04:51.299+0800: 65566.720: [GC (Allocation Failure) 2024-03-22T11:04:51.299+0800: 65566.720: [ParNew: 20187850K->546288K(22937600K), 0.3426590 secs] 22049003K->2407660K(130940928K), 0.3428918 secs] [Times: user=3.43 sys=1.23, real=0.34 secs] 
2024-03-22T11:05:14.700+0800: 65590.121: [GC (Allocation Failure) 2024-03-22T11:05:14.700+0800: 65590.121: [ParNew: 20207088K->614908K(22937600K), 0.3374271 secs] 22068460K->2476903K(130940928K), 0.3376467 secs] [Times: user=3.68 sys=0.77, real=0.33 secs] 
2024-03-22T11:05:43.387+0800: 65618.808: [GC (Allocation Failure) 2024-03-22T11:05:43.387+0800: 65618.808: [ParNew: 20275708K->660001K(22937600K), 0.4163073 secs] 22137703K->2522400K(130940928K), 0.4165699 secs] [Times: user=3.93 sys=1.65, real=0.42 secs] 
2024-03-22T11:06:06.814+0800: 65642.235: [GC (Allocation Failure) 2024-03-22T11:06:06.814+0800: 65642.235: [ParNew: 20320801K->757714K(22937600K), 0.4241535 secs] 22183200K->2625169K(130940928K), 0.4243582 secs] [Times: user=4.04 sys=1.93, real=0.43 secs] 
2024-03-22T11:06:32.381+0800: 65667.802: [GC (Allocation Failure) 2024-03-22T11:06:32.381+0800: 65667.802: [ParNew: 20418514K->764800K(22937600K), 0.4635662 secs] 22285969K->2641280K(130940928K), 0.4638779 secs] [Times: user=4.22 sys=2.16, real=0.46 secs] 
2024-03-22T11:06:57.108+0800: 65692.529: [GC (Allocation Failure) 2024-03-22T11:06:57.108+0800: 65692.529: [ParNew: 20425600K->851459K(22937600K), 0.4508260 secs] 22302080K->2736585K(130940928K), 0.4511484 secs] [Times: user=4.03 sys=2.25, real=0.45 secs] 
2024-03-22T11:07:22.749+0800: 65718.170: [GC (Allocation Failure) 2024-03-22T11:07:22.749+0800: 65718.170: [ParNew: 20512259K->938266K(22937600K), 0.4167211 secs] 22397385K->2832012K(130940928K), 0.4169742 secs] [Times: user=4.04 sys=1.67, real=0.41 secs] 
2024-03-22T11:07:49.219+0800: 65744.640: [GC (Allocation Failure) 2024-03-22T11:07:49.219+0800: 65744.640: [ParNew: 20599066K->995137K(22937600K), 0.3675708 secs] 22492812K->2891250K(130940928K), 0.3678739 secs] [Times: user=3.57 sys=1.59, real=0.36 secs] 
2024-03-22T11:08:15.361+0800: 65770.782: [GC (Allocation Failure) 2024-03-22T11:08:15.361+0800: 65770.782: [ParNew: 20655937K->978524K(22937600K), 0.3208446 secs] 22552050K->2875334K(130940928K), 0.3211135 secs] [Times: user=3.92 sys=0.40, real=0.32 secs] 
2024-03-22T11:08:43.385+0800: 65798.806: [GC (Allocation Failure) 2024-03-22T11:08:43.385+0800: 65798.806: [ParNew: 20639324K->957521K(22937600K), 0.4112496 secs] 22536134K->2855052K(130940928K), 0.4115496 secs] [Times: user=4.08 sys=1.84, real=0.41 secs] 
2024-03-22T11:09:08.899+0800: 65824.319: [GC (Allocation Failure) 2024-03-22T11:09:08.899+0800: 65824.320: [ParNew: 20618321K->1052707K(22937600K), 0.4192527 secs] 22515852K->2950529K(130940928K), 0.4195243 secs] [Times: user=4.22 sys=1.66, real=0.42 secs] 
2024-03-22T11:09:34.807+0800: 65850.228: [GC (Allocation Failure) 2024-03-22T11:09:34.807+0800: 65850.228: [ParNew: 20713507K->1079788K(22937600K), 0.4226437 secs] 22611329K->2978001K(130940928K), 0.4229057 secs] [Times: user=4.10 sys=1.70, real=0.43 secs] 
2024-03-22T11:09:57.479+0800: 65872.900: [GC (Allocation Failure) 2024-03-22T11:09:57.479+0800: 65872.900: [ParNew: 20740588K->1020839K(22937600K), 0.4161801 secs] 22638801K->2919285K(130940928K), 0.4164593 secs] [Times: user=3.99 sys=1.87, real=0.41 secs] 
2024-03-22T11:10:20.830+0800: 65896.251: [GC (Allocation Failure) 2024-03-22T11:10:20.830+0800: 65896.251: [ParNew: 20681639K->1074523K(22937600K), 0.4015829 secs] 22580085K->2973046K(130940928K), 0.4018655 secs] [Times: user=4.02 sys=1.45, real=0.40 secs] 
2024-03-22T11:10:46.442+0800: 65921.862: [GC (Allocation Failure) 2024-03-22T11:10:46.442+0800: 65921.863: [ParNew: 20735323K->1080305K(22937600K), 0.4345606 secs] 22633846K->2978907K(130940928K), 0.4349282 secs] [Times: user=4.09 sys=1.82, real=0.43 secs] 
2024-03-22T11:11:11.139+0800: 65946.560: [GC (Allocation Failure) 2024-03-22T11:11:11.139+0800: 65946.560: [ParNew: 20741105K->1092867K(22937600K), 0.4243711 secs] 22639707K->2991542K(130940928K), 0.4246690 secs] [Times: user=4.10 sys=1.73, real=0.42 secs] 
2024-03-22T11:11:57.206+0800: 65992.627: [GC (Allocation Failure) 2024-03-22T11:11:57.206+0800: 65992.627: [ParNew: 20753667K->992337K(22937600K), 0.4195187 secs] 22652342K->2891074K(130940928K), 0.4198177 secs] [Times: user=3.89 sys=2.04, real=0.42 secs] 
2024-03-22T11:12:30.681+0800: 66026.102: [GC (Allocation Failure) 2024-03-22T11:12:30.682+0800: 66026.102: [ParNew: 20653137K->1020748K(22937600K), 0.4229460 secs] 22551874K->2919542K(130940928K), 0.4232393 secs] [Times: user=3.92 sys=2.06, real=0.42 secs] 
2024-03-22T11:12:54.405+0800: 66049.826: [GC (Allocation Failure) 2024-03-22T11:12:54.405+0800: 66049.826: [ParNew: 20681548K->1004594K(22937600K), 0.3842152 secs] 22580342K->2903451K(130940928K), 0.3844874 secs] [Times: user=4.09 sys=1.26, real=0.39 secs] 
2024-03-22T11:13:17.830+0800: 66073.251: [GC (Allocation Failure) 2024-03-22T11:13:17.830+0800: 66073.251: [ParNew: 20665394K->965420K(22937600K), 0.3903396 secs] 22564251K->2864368K(130940928K), 0.3906112 secs] [Times: user=4.06 sys=1.50, real=0.39 secs] 
2024-03-22T11:13:45.815+0800: 66101.236: [GC (Allocation Failure) 2024-03-22T11:13:45.816+0800: 66101.236: [ParNew: 20626220K->1019537K(22937600K), 0.3191066 secs] 22525168K->2918554K(130940928K), 0.3193597 secs] [Times: user=3.85 sys=0.43, real=0.32 secs] 
2024-03-22T11:14:09.469+0800: 66124.890: [GC (Allocation Failure) 2024-03-22T11:14:09.469+0800: 66124.890: [ParNew: 20680337K->1073377K(22937600K), 0.3906681 secs] 22579354K->2972464K(130940928K), 0.3909418 secs] [Times: user=3.88 sys=1.63, real=0.39 secs] 
2024-03-22T11:19:44.161+0800: 66459.582: [GC (Allocation Failure) 2024-03-22T11:19:44.161+0800: 66459.582: [ParNew: 20734177K->743468K(22937600K), 0.3703864 secs] 22633264K->2648540K(130940928K), 0.3706830 secs] [Times: user=3.46 sys=1.83, real=0.37 secs] 
2024-03-22T11:24:56.623+0800: 66772.043: [GC (Allocation Failure) 2024-03-22T11:24:56.623+0800: 66772.044: [ParNew: 20404268K->292864K(22937600K), 0.3559562 secs] 22309340K->2204948K(130940928K), 0.3562506 secs] [Times: user=3.39 sys=1.82, real=0.36 secs] 
2024-03-22T11:32:19.187+0800: 67214.608: [GC (Allocation Failure) 2024-03-22T11:32:19.187+0800: 67214.608: [ParNew: 19953664K->339652K(22937600K), 0.3541141 secs] 21865748K->2258801K(130940928K), 0.3544341 secs] [Times: user=3.45 sys=1.75, real=0.36 secs] 
2024-03-22T11:39:05.653+0800: 67621.074: [GC (Allocation Failure) 2024-03-22T11:39:05.653+0800: 67621.074: [ParNew: 20000452K->318891K(22937600K), 0.3708270 secs] 21919601K->2244875K(130940928K), 0.3710917 secs] [Times: user=3.64 sys=1.85, real=0.37 secs] 
2024-03-22T11:43:11.452+0800: 67866.873: [GC (Allocation Failure) 2024-03-22T11:43:11.452+0800: 67866.873: [ParNew: 19979691K->404172K(22937600K), 0.4069691 secs] 21905675K->2336922K(130940928K), 0.4072959 secs] [Times: user=3.63 sys=2.37, real=0.41 secs] 
2024-03-22T11:45:02.974+0800: 67978.395: [GC (Allocation Failure) 2024-03-22T11:45:02.974+0800: 67978.395: [ParNew: 20064972K->340256K(22937600K), 0.3519958 secs] 21997722K->2273790K(130940928K), 0.3522975 secs] [Times: user=3.57 sys=1.26, real=0.35 secs] 
2024-03-22T11:45:24.077+0800: 67999.498: [GC (Allocation Failure) 2024-03-22T11:45:24.077+0800: 67999.498: [ParNew: 20001056K->333497K(22937600K), 0.3887587 secs] 21934590K->2267153K(130940928K), 0.3890474 secs] [Times: user=3.67 sys=1.51, real=0.39 secs] 
2024-03-22T11:45:45.516+0800: 68020.937: [GC (Allocation Failure) 2024-03-22T11:45:45.517+0800: 68020.937: [ParNew: 19994297K->395060K(22937600K), 0.3847556 secs] 21927953K->2328937K(130940928K), 0.3850531 secs] [Times: user=3.87 sys=1.34, real=0.39 secs] 
2024-03-22T11:46:08.843+0800: 68044.264: [GC (Allocation Failure) 2024-03-22T11:46:08.844+0800: 68044.264: [ParNew: 20055860K->481684K(22937600K), 0.3647742 secs] 21989737K->2415850K(130940928K), 0.3650463 secs] [Times: user=3.84 sys=1.18, real=0.37 secs] 
2024-03-22T11:46:30.558+0800: 68065.979: [GC (Allocation Failure) 2024-03-22T11:46:30.559+0800: 68065.979: [ParNew: 20142484K->550710K(22937600K), 0.2989171 secs] 22076650K->2485287K(130940928K), 0.2991589 secs] [Times: user=3.51 sys=0.25, real=0.30 secs] 
2024-03-22T11:46:53.668+0800: 68089.089: [GC (Allocation Failure) 2024-03-22T11:46:53.668+0800: 68089.089: [ParNew: 20211510K->654479K(22937600K), 0.4125286 secs] 22146087K->2589552K(130940928K), 0.4128075 secs] [Times: user=3.98 sys=1.66, real=0.41 secs] 
2024-03-22T11:47:20.755+0800: 68116.176: [GC (Allocation Failure) 2024-03-22T11:47:20.755+0800: 68116.176: [ParNew: 20315279K->734214K(22937600K), 0.3953184 secs] 22250352K->2669766K(130940928K), 0.3955922 secs] [Times: user=3.93 sys=1.48, real=0.40 secs] 
2024-03-22T11:47:45.020+0800: 68140.441: [GC (Allocation Failure) 2024-03-22T11:47:45.020+0800: 68140.441: [ParNew: 20395014K->764945K(22937600K), 0.4066116 secs] 22330566K->2700921K(130940928K), 0.4068789 secs] [Times: user=3.90 sys=1.80, real=0.40 secs] 
2024-03-22T11:48:14.671+0800: 68170.091: [GC (Allocation Failure) 2024-03-22T11:48:14.671+0800: 68170.092: [ParNew: 20425745K->869525K(22937600K), 0.4084131 secs] 22361721K->2805946K(130940928K), 0.4087184 secs] [Times: user=3.95 sys=1.59, real=0.41 secs] 
2024-03-22T11:48:42.515+0800: 68197.936: [GC (Allocation Failure) 2024-03-22T11:48:42.515+0800: 68197.936: [ParNew: 20530325K->942685K(22937600K), 0.3245198 secs] 22466746K->2879510K(130940928K), 0.3247908 secs] [Times: user=3.86 sys=0.41, real=0.33 secs] 
2024-03-22T11:49:09.895+0800: 68225.316: [GC (Allocation Failure) 2024-03-22T11:49:09.895+0800: 68225.316: [ParNew: 20603485K->1015662K(22937600K), 0.4128664 secs] 22540310K->2954873K(130940928K), 0.4131269 secs] [Times: user=4.10 sys=1.66, real=0.42 secs] 
2024-03-22T11:49:36.924+0800: 68252.345: [GC (Allocation Failure) 2024-03-22T11:49:36.924+0800: 68252.345: [ParNew: 20676462K->1089162K(22937600K), 0.4561768 secs] 22615673K->3032809K(130940928K), 0.4564669 secs] [Times: user=4.38 sys=2.00, real=0.46 secs] 
2024-03-22T11:50:00.557+0800: 68275.978: [GC (Allocation Failure) 2024-03-22T11:50:00.557+0800: 68275.978: [ParNew: 20749962K->1035587K(22937600K), 0.4532292 secs] 22693609K->2984969K(130940928K), 0.4535536 secs] [Times: user=4.52 sys=1.72, real=0.46 secs] 
2024-03-22T11:50:27.962+0800: 68303.383: [GC (Allocation Failure) 2024-03-22T11:50:27.962+0800: 68303.383: [ParNew: 20696387K->1114125K(22937600K), 0.4269050 secs] 22645769K->3069527K(130940928K), 0.4271721 secs] [Times: user=4.19 sys=1.84, real=0.43 secs] 
2024-03-22T11:50:50.099+0800: 68325.520: [GC (Allocation Failure) 2024-03-22T11:50:50.099+0800: 68325.520: [ParNew: 20774925K->1108029K(22937600K), 0.3328195 secs] 22730327K->3067393K(130940928K), 0.3330987 secs] [Times: user=4.22 sys=0.54, real=0.33 secs] 
2024-03-22T11:51:13.259+0800: 68348.679: [GC (Allocation Failure) 2024-03-22T11:51:13.259+0800: 68348.680: [ParNew: 20768829K->1103778K(22937600K), 0.4094879 secs] 22728193K->3073228K(130940928K), 0.4097728 secs] [Times: user=4.68 sys=1.48, real=0.41 secs] 
2024-03-22T11:51:39.503+0800: 68374.924: [GC (Allocation Failure) 2024-03-22T11:51:39.503+0800: 68374.924: [ParNew: 20764578K->1093970K(22937600K), 0.4213466 secs] 22734028K->3071284K(130940928K), 0.4216201 secs] [Times: user=4.07 sys=1.85, real=0.42 secs] 
2024-03-22T11:52:02.474+0800: 68397.895: [GC (Allocation Failure) 2024-03-22T11:52:02.474+0800: 68397.895: [ParNew: 20754770K->1117913K(22937600K), 0.4765518 secs] 22732084K->3102888K(130940928K), 0.4768263 secs] [Times: user=4.16 sys=2.53, real=0.48 secs] 
2024-03-22T11:52:29.665+0800: 68425.086: [GC (Allocation Failure) 2024-03-22T11:52:29.665+0800: 68425.086: [ParNew: 20778713K->1080848K(22937600K), 0.4059281 secs] 22763688K->3073227K(130940928K), 0.4062160 secs] [Times: user=4.12 sys=1.46, real=0.41 secs] 
2024-03-22T11:52:58.932+0800: 68454.352: [GC (Allocation Failure) 2024-03-22T11:52:58.932+0800: 68454.353: [ParNew: 20741648K->1118650K(22937600K), 0.4089776 secs] 22734027K->3118574K(130940928K), 0.4092800 secs] [Times: user=4.01 sys=1.73, real=0.41 secs] 
2024-03-22T11:53:24.517+0800: 68479.938: [GC (Allocation Failure) 2024-03-22T11:53:24.517+0800: 68479.938: [ParNew: 20779450K->1113812K(22937600K), 0.3204782 secs] 22779374K->3120875K(130940928K), 0.3207836 secs] [Times: user=3.74 sys=0.52, real=0.33 secs] 
2024-03-22T11:53:51.918+0800: 68507.339: [GC (Allocation Failure) 2024-03-22T11:53:51.918+0800: 68507.339: [ParNew: 20774612K->1070015K(22937600K), 0.4024441 secs] 22781675K->3077820K(130940928K), 0.4027066 secs] [Times: user=4.18 sys=1.47, real=0.40 secs] 
2024-03-22T11:54:19.436+0800: 68534.857: [GC (Allocation Failure) 2024-03-22T11:54:19.437+0800: 68534.857: [ParNew: 20730815K->1067217K(22937600K), 0.4315616 secs] 22738620K->3075469K(130940928K), 0.4318518 secs] [Times: user=4.02 sys=1.97, real=0.44 secs] 
2024-03-22T11:54:45.391+0800: 68560.812: [GC (Allocation Failure) 2024-03-22T11:54:45.392+0800: 68560.812: [ParNew: 20728017K->966575K(22937600K), 0.4212695 secs] 22736269K->2975311K(130940928K), 0.4216256 secs] [Times: user=4.19 sys=1.67, real=0.42 secs] 
2024-03-22T11:55:15.883+0800: 68591.304: [GC (Allocation Failure) 2024-03-22T11:55:15.883+0800: 68591.304: [ParNew: 20627375K->1040136K(22937600K), 0.4098081 secs] 22636111K->3049332K(130940928K), 0.4101141 secs] [Times: user=4.03 sys=1.72, real=0.41 secs] 
2024-03-22T11:55:51.683+0800: 68627.104: [GC (Allocation Failure) 2024-03-22T11:55:51.683+0800: 68627.104: [ParNew: 20700936K->1001524K(22937600K), 0.3962874 secs] 22710132K->3011171K(130940928K), 0.3965273 secs] [Times: user=4.05 sys=1.52, real=0.40 secs] 
2024-03-22T11:56:20.093+0800: 68655.514: [GC (Allocation Failure) 2024-03-22T11:56:20.093+0800: 68655.514: [ParNew: 20662324K->1046224K(22937600K), 0.3201872 secs] 22671971K->3056305K(130940928K), 0.3204532 secs] [Times: user=3.84 sys=0.42, real=0.32 secs] 
2024-03-22T11:56:49.880+0800: 68685.301: [GC (Allocation Failure) 2024-03-22T11:56:49.880+0800: 68685.301: [ParNew: 20707024K->994581K(22937600K), 0.4171019 secs] 22717105K->3005107K(130940928K), 0.4173912 secs] [Times: user=4.21 sys=1.66, real=0.41 secs] 
2024-03-22T11:57:17.655+0800: 68713.076: [GC (Allocation Failure) 2024-03-22T11:57:17.655+0800: 68713.076: [ParNew: 20655381K->946330K(22937600K), 0.4393419 secs] 22665907K->2957343K(130940928K), 0.4396400 secs] [Times: user=4.13 sys=2.07, real=0.44 secs] 
2024-03-22T11:57:48.622+0800: 68744.043: [GC (Allocation Failure) 2024-03-22T11:57:48.622+0800: 68744.043: [ParNew: 20607130K->908454K(22937600K), 0.4599025 secs] 22618143K->2919929K(130940928K), 0.4602093 secs] [Times: user=4.13 sys=2.34, real=0.46 secs] 
2024-03-22T11:58:19.376+0800: 68774.796: [GC (Allocation Failure) 2024-03-22T11:58:19.376+0800: 68774.797: [ParNew: 20569254K->913876K(22937600K), 0.3992609 secs] 22580729K->2925778K(130940928K), 0.3995357 secs] [Times: user=4.17 sys=1.34, real=0.40 secs] 
2024-03-22T11:58:47.780+0800: 68803.200: [GC (Allocation Failure) 2024-03-22T11:58:47.780+0800: 68803.201: [ParNew: 20574676K->972649K(22937600K), 0.4123052 secs] 22586578K->2984985K(130940928K), 0.4125885 secs] [Times: user=4.18 sys=1.61, real=0.41 secs] 
2024-03-22T11:59:17.027+0800: 68832.448: [GC (Allocation Failure) 2024-03-22T11:59:17.027+0800: 68832.448: [ParNew: 20633449K->979331K(22937600K), 0.3184952 secs] 22645785K->2992089K(130940928K), 0.3187859 secs] [Times: user=3.84 sys=0.37, real=0.32 secs] 
2024-03-22T11:59:44.457+0800: 68859.878: [GC (Allocation Failure) 2024-03-22T11:59:44.458+0800: 68859.878: [ParNew: 20640131K->951221K(22937600K), 0.3984196 secs] 22652889K->2964433K(130940928K), 0.3986581 secs] [Times: user=4.04 sys=1.54, real=0.40 secs] 
2024-03-22T12:00:15.064+0800: 68890.485: [GC (Allocation Failure) 2024-03-22T12:00:15.064+0800: 68890.485: [ParNew: 20612021K->999243K(22937600K), 0.4200240 secs] 22625233K->3013026K(130940928K), 0.4203050 secs] [Times: user=4.16 sys=1.73, real=0.42 secs] 
2024-03-22T12:00:45.953+0800: 68921.373: [GC (Allocation Failure) 2024-03-22T12:00:45.953+0800: 68921.374: [ParNew: 20660043K->899645K(22937600K), 0.3912461 secs] 22673826K->2913476K(130940928K), 0.3915467 secs] [Times: user=4.09 sys=1.31, real=0.39 secs] 
2024-03-22T12:01:15.600+0800: 68951.021: [GC (Allocation Failure) 2024-03-22T12:01:15.600+0800: 68951.021: [ParNew: 20560445K->988449K(22937600K), 0.3919369 secs] 22574276K->3007532K(130940928K), 0.3921568 secs] [Times: user=4.06 sys=1.46, real=0.39 secs] 
2024-03-22T12:01:44.147+0800: 68979.568: [GC (Allocation Failure) 2024-03-22T12:01:44.147+0800: 68979.568: [ParNew: 20649249K->999155K(22937600K), 0.3181146 secs] 22668332K->3025321K(130940928K), 0.3183532 secs] [Times: user=3.86 sys=0.40, real=0.32 secs] 
2024-03-22T12:02:10.883+0800: 69006.304: [GC (Allocation Failure) 2024-03-22T12:02:10.883+0800: 69006.304: [ParNew: 20659955K->997645K(22937600K), 0.4450320 secs] 22686121K->3030845K(130940928K), 0.4452773 secs] [Times: user=4.08 sys=2.06, real=0.45 secs] 
2024-03-22T12:02:39.922+0800: 69035.343: [GC (Allocation Failure) 2024-03-22T12:02:39.923+0800: 69035.343: [ParNew: 20658445K->996518K(22937600K), 0.4182799 secs] 22691645K->3036725K(130940928K), 0.4185882 secs] [Times: user=3.99 sys=1.71, real=0.42 secs] 
2024-03-22T12:03:12.518+0800: 69067.939: [GC (Allocation Failure) 2024-03-22T12:03:12.518+0800: 69067.939: [ParNew: 20657318K->1007782K(22937600K), 0.4317860 secs] 22697525K->3055004K(130940928K), 0.4320122 secs] [Times: user=3.85 sys=2.36, real=0.43 secs] 
2024-03-22T12:03:41.357+0800: 69096.778: [GC (Allocation Failure) 2024-03-22T12:03:41.357+0800: 69096.778: [ParNew: 20668582K->1004404K(22937600K), 0.3351529 secs] 22715804K->3058695K(130940928K), 0.3353570 secs] [Times: user=3.87 sys=0.62, real=0.34 secs] 
2024-03-22T12:04:08.251+0800: 69123.671: [GC (Allocation Failure) 2024-03-22T12:04:08.251+0800: 69123.672: [ParNew: 20665204K->1033162K(22937600K), 0.4333289 secs] 22719495K->3089249K(130940928K), 0.4336724 secs] [Times: user=4.33 sys=1.78, real=0.43 secs] 
2024-03-22T12:04:36.285+0800: 69151.706: [GC (Allocation Failure) 2024-03-22T12:04:36.285+0800: 69151.706: [ParNew: 20693962K->925109K(22937600K), 0.4225753 secs] 22750049K->2981290K(130940928K), 0.4228301 secs] [Times: user=4.18 sys=1.89, real=0.43 secs] 
2024-03-22T12:05:06.690+0800: 69182.111: [GC (Allocation Failure) 2024-03-22T12:05:06.690+0800: 69182.111: [ParNew: 20585909K->931792K(22937600K), 0.4119465 secs] 22642090K->2988062K(130940928K), 0.4121843 secs] [Times: user=3.93 sys=1.89, real=0.41 secs] 
2024-03-22T12:05:33.883+0800: 69209.304: [GC (Allocation Failure) 2024-03-22T12:05:33.883+0800: 69209.304: [ParNew: 20592592K->948618K(22937600K), 0.3245937 secs] 22648862K->3004982K(130940928K), 0.3248073 secs] [Times: user=3.81 sys=0.37, real=0.33 secs] 
2024-03-22T12:06:05.497+0800: 69240.918: [GC (Allocation Failure) 2024-03-22T12:06:05.497+0800: 69240.918: [ParNew: 20609418K->925348K(22937600K), 0.4191602 secs] 22665782K->2981811K(130940928K), 0.4193682 secs] [Times: user=4.02 sys=1.49, real=0.42 secs] 
2024-03-22T12:06:33.820+0800: 69269.241: [GC (Allocation Failure) 2024-03-22T12:06:33.820+0800: 69269.241: [ParNew: 20586148K->962484K(22937600K), 0.4364833 secs] 22642611K->3019066K(130940928K), 0.4366913 secs] [Times: user=4.08 sys=1.81, real=0.43 secs] 
2024-03-22T12:07:02.340+0800: 69297.761: [GC (Allocation Failure) 2024-03-22T12:07:02.340+0800: 69297.761: [ParNew: 20623284K->935047K(22937600K), 0.4198253 secs] 22679866K->2991809K(130940928K), 0.4200320 secs] [Times: user=4.39 sys=1.47, real=0.42 secs] 
2024-03-22T12:07:29.888+0800: 69325.309: [GC (Allocation Failure) 2024-03-22T12:07:29.888+0800: 69325.309: [ParNew: 20595847K->972484K(22937600K), 0.4271812 secs] 22652609K->3029470K(130940928K), 0.4274464 secs] [Times: user=4.12 sys=1.77, real=0.42 secs] 
2024-03-22T12:07:57.395+0800: 69352.816: [GC (Allocation Failure) 2024-03-22T12:07:57.395+0800: 69352.816: [ParNew: 20633284K->945638K(22937600K), 0.3999477 secs] 22690270K->3003001K(130940928K), 0.4002507 secs] [Times: user=3.96 sys=1.68, real=0.40 secs] 
2024-03-22T12:08:25.855+0800: 69381.276: [GC (Allocation Failure) 2024-03-22T12:08:25.855+0800: 69381.276: [ParNew: 20606438K->968135K(22937600K), 0.4084240 secs] 22663801K->3025903K(130940928K), 0.4088027 secs] [Times: user=3.99 sys=1.52, real=0.41 secs] 
2024-03-22T12:08:54.082+0800: 69409.503: [GC (Allocation Failure) 2024-03-22T12:08:54.082+0800: 69409.503: [ParNew: 20628935K->1022428K(22937600K), 0.3212147 secs] 22686703K->3080632K(130940928K), 0.3214951 secs] [Times: user=3.82 sys=0.48, real=0.32 secs] 
2024-03-22T12:09:22.040+0800: 69437.460: [GC (Allocation Failure) 2024-03-22T12:09:22.040+0800: 69437.461: [ParNew: 20683228K->999520K(22937600K), 0.4063113 secs] 22741432K->3058164K(130940928K), 0.4065842 secs] [Times: user=4.06 sys=1.65, real=0.40 secs] 
2024-03-22T12:09:55.052+0800: 69470.472: [GC (Allocation Failure) 2024-03-22T12:09:55.052+0800: 69470.473: [ParNew: 20660320K->1007984K(22937600K), 0.4165070 secs] 22718964K->3067074K(130940928K), 0.4167881 secs] [Times: user=3.89 sys=2.00, real=0.42 secs] 
2024-03-22T12:10:22.586+0800: 69498.007: [GC (Allocation Failure) 2024-03-22T12:10:22.586+0800: 69498.007: [ParNew: 20668784K->980696K(22937600K), 0.4148115 secs] 22727874K->3040250K(130940928K), 0.4151115 secs] [Times: user=4.28 sys=1.40, real=0.42 secs] 
2024-03-22T12:10:53.952+0800: 69529.373: [GC (Allocation Failure) 2024-03-22T12:10:53.953+0800: 69529.373: [ParNew: 20641496K->1039035K(22937600K), 0.4226067 secs] 22701050K->3099053K(130940928K), 0.4229380 secs] [Times: user=3.98 sys=1.93, real=0.42 secs] 
2024-03-22T12:11:25.766+0800: 69561.187: [GC (Allocation Failure) 2024-03-22T12:11:25.766+0800: 69561.187: [ParNew: 20699835K->1087802K(22937600K), 0.3958157 secs] 22759853K->3152110K(130940928K), 0.3960575 secs] [Times: user=4.13 sys=1.50, real=0.40 secs] 
2024-03-22T12:12:00.369+0800: 69595.789: [GC (Allocation Failure) 2024-03-22T12:12:00.369+0800: 69595.790: [ParNew: 20748602K->1054922K(22937600K), 0.3148594 secs] 22812910K->3126598K(130940928K), 0.3151212 secs] [Times: user=3.71 sys=0.52, real=0.31 secs] 
2024-03-22T12:12:29.320+0800: 69624.741: [GC (Allocation Failure) 2024-03-22T12:12:29.320+0800: 69624.741: [ParNew: 20715722K->1045672K(22937600K), 0.4031828 secs] 22787398K->3124494K(130940928K), 0.4033901 secs] [Times: user=4.10 sys=1.68, real=0.40 secs] 
2024-03-22T12:13:16.464+0800: 69671.884: [GC (Allocation Failure) 2024-03-22T12:13:16.464+0800: 69671.885: [ParNew: 20706472K->994522K(22937600K), 0.4101670 secs] 22785294K->3080696K(130940928K), 0.4104651 secs] [Times: user=4.02 sys=1.69, real=0.41 secs] 
2024-03-22T12:13:50.355+0800: 69705.776: [GC (Allocation Failure) 2024-03-22T12:13:50.355+0800: 69705.776: [ParNew: 20655322K->953208K(22937600K), 0.4145543 secs] 22741496K->3046789K(130940928K), 0.4148573 secs] [Times: user=4.13 sys=1.60, real=0.42 secs] 
2024-03-22T12:14:20.204+0800: 69735.624: [GC (Allocation Failure) 2024-03-22T12:14:20.204+0800: 69735.624: [ParNew: 20614008K->925433K(22937600K), 0.4200751 secs] 22707589K->3026551K(130940928K), 0.4202886 secs] [Times: user=4.00 sys=1.90, real=0.42 secs] 
2024-03-22T12:14:49.844+0800: 69765.264: [GC (Allocation Failure) 2024-03-22T12:14:49.844+0800: 69765.264: [ParNew: 20586233K->906131K(22937600K), 0.3987662 secs] 22687351K->3009281K(130940928K), 0.3990269 secs] [Times: user=4.03 sys=1.60, real=0.40 secs] 
2024-03-22T12:15:20.524+0800: 69795.945: [GC (Allocation Failure) 2024-03-22T12:15:20.525+0800: 69795.945: [ParNew: 20566931K->881498K(22937600K), 0.3991440 secs] 22670081K->2985191K(130940928K), 0.3993603 secs] [Times: user=4.06 sys=1.67, real=0.40 secs] 
2024-03-22T12:17:01.701+0800: 69897.122: [GC (Allocation Failure) 2024-03-22T12:17:01.701+0800: 69897.122: [ParNew: 20542298K->753360K(22937600K), 0.4034466 secs] 22645991K->2857576K(130940928K), 0.4037121 secs] [Times: user=4.01 sys=1.80, real=0.40 secs] 
2024-03-22T12:17:32.048+0800: 69927.468: [GC (Allocation Failure) 2024-03-22T12:17:32.048+0800: 69927.469: [ParNew: 20414160K->687852K(22937600K), 0.4077958 secs] 22518376K->2792574K(130940928K), 0.4080082 secs] [Times: user=4.00 sys=1.77, real=0.40 secs] 
2024-03-22T12:18:00.116+0800: 69955.537: [GC (Allocation Failure) 2024-03-22T12:18:00.116+0800: 69955.537: [ParNew: 20348652K->680051K(22937600K), 0.4026917 secs] 22453374K->2785258K(130940928K), 0.4029240 secs] [Times: user=4.06 sys=1.59, real=0.41 secs] 
2024-03-22T12:18:26.571+0800: 69981.992: [GC (Allocation Failure) 2024-03-22T12:18:26.571+0800: 69981.992: [ParNew: 20340851K->704356K(22937600K), 0.4380394 secs] 22446058K->2810037K(130940928K), 0.4382660 secs] [Times: user=3.92 sys=2.06, real=0.44 secs] 
2024-03-22T12:19:00.245+0800: 70015.666: [GC (Allocation Failure) 2024-03-22T12:19:00.245+0800: 70015.666: [ParNew: 20365156K->744843K(22937600K), 0.4227337 secs] 22470837K->2851019K(130940928K), 0.4229536 secs] [Times: user=3.87 sys=1.69, real=0.43 secs] 
2024-03-22T12:19:38.692+0800: 70054.113: [GC (Allocation Failure) 2024-03-22T12:19:38.692+0800: 70054.113: [ParNew: 20405643K->752309K(22937600K), 0.4035055 secs] 22511819K->2858995K(130940928K), 0.4037432 secs] [Times: user=4.25 sys=1.80, real=0.40 secs] 
2024-03-22T12:20:17.296+0800: 70092.717: [GC (Allocation Failure) 2024-03-22T12:20:17.296+0800: 70092.717: [ParNew: 20413109K->778994K(22937600K), 0.3987762 secs] 22519795K->2886191K(130940928K), 0.3989766 secs] [Times: user=3.98 sys=1.55, real=0.40 secs] 
2024-03-22T12:20:59.561+0800: 70134.982: [GC (Allocation Failure) 2024-03-22T12:20:59.561+0800: 70134.982: [ParNew: 20439794K->766159K(22937600K), 0.4005582 secs] 22546991K->2873898K(130940928K), 0.4008018 secs] [Times: user=3.96 sys=1.37, real=0.40 secs] 
2024-03-22T12:21:36.570+0800: 70171.991: [GC (Allocation Failure) 2024-03-22T12:21:36.570+0800: 70171.991: [ParNew: 20426959K->831806K(22937600K), 0.3148782 secs] 22534698K->2940126K(130940928K), 0.3151652 secs] [Times: user=3.76 sys=0.51, real=0.31 secs] 
2024-03-22T12:22:07.926+0800: 70203.347: [GC (Allocation Failure) 2024-03-22T12:22:07.926+0800: 70203.347: [ParNew: 20492606K->868589K(22937600K), 0.4051674 secs] 22600926K->2977453K(130940928K), 0.4053704 secs] [Times: user=3.83 sys=1.71, real=0.41 secs] 
2024-03-22T12:22:34.579+0800: 70230.000: [GC (Allocation Failure) 2024-03-22T12:22:34.579+0800: 70230.000: [ParNew: 20529389K->869214K(22937600K), 0.4042339 secs] 22638253K->2978692K(130940928K), 0.4044460 secs] [Times: user=4.12 sys=1.50, real=0.40 secs] 
2024-03-22T12:23:00.797+0800: 70256.218: [GC (Allocation Failure) 2024-03-22T12:23:00.797+0800: 70256.218: [ParNew: 20530014K->851349K(22937600K), 0.4333118 secs] 22639492K->2961437K(130940928K), 0.4335229 secs] [Times: user=4.25 sys=1.78, real=0.44 secs] 
2024-03-22T12:23:25.242+0800: 70280.663: [GC (Allocation Failure) 2024-03-22T12:23:25.242+0800: 70280.663: [ParNew: 20512149K->864170K(22937600K), 0.4776964 secs] 22622237K->2974813K(130940928K), 0.4779337 secs] [Times: user=4.11 sys=2.27, real=0.48 secs] 
2024-03-22T12:23:53.701+0800: 70309.122: [GC (Allocation Failure) 2024-03-22T12:23:53.702+0800: 70309.122: [ParNew: 20524970K->912285K(22937600K), 0.4330467 secs] 22635613K->3027590K(130940928K), 0.4332679 secs] [Times: user=4.16 sys=1.35, real=0.43 secs] 
2024-03-22T12:24:18.850+0800: 70334.271: [GC (Allocation Failure) 2024-03-22T12:24:18.851+0800: 70334.271: [ParNew: 20573085K->961739K(22937600K), 0.4187749 secs] 22688390K->3084888K(130940928K), 0.4190258 secs] [Times: user=4.23 sys=1.72, real=0.42 secs] 
2024-03-22T12:24:46.539+0800: 70361.960: [GC (Allocation Failure) 2024-03-22T12:24:46.539+0800: 70361.960: [ParNew: 20622539K->946299K(22937600K), 0.4235258 secs] 22745688K->3077617K(130940928K), 0.4237583 secs] [Times: user=4.10 sys=1.76, real=0.42 secs] 
2024-03-22T12:25:14.186+0800: 70389.607: [GC (Allocation Failure) 2024-03-22T12:25:14.186+0800: 70389.607: [ParNew: 20607099K->1041446K(22937600K), 0.3641564 secs] 22738417K->3180742K(130940928K), 0.3643908 secs] [Times: user=3.92 sys=0.48, real=0.37 secs] 
2024-03-22T12:25:42.277+0800: 70417.698: [GC (Allocation Failure) 2024-03-22T12:25:42.277+0800: 70417.698: [ParNew: 20702246K->1024544K(22937600K), 0.3990892 secs] 22841542K->3171681K(130940928K), 0.3993053 secs] [Times: user=3.93 sys=1.64, real=0.40 secs] 
2024-03-22T12:26:09.205+0800: 70444.625: [GC (Allocation Failure) 2024-03-22T12:26:09.205+0800: 70444.626: [ParNew: 20685344K->1051346K(22937600K), 0.4291733 secs] 22832481K->3206359K(130940928K), 0.4293820 secs] [Times: user=4.05 sys=1.90, real=0.43 secs] 
2024-03-22T12:26:38.010+0800: 70473.430: [GC (Allocation Failure) 2024-03-22T12:26:38.010+0800: 70473.430: [ParNew: 20712146K->1033618K(22937600K), 0.4529361 secs] 22867159K->3191082K(130940928K), 0.4531484 secs] [Times: user=4.07 sys=1.94, real=0.45 secs] 
2024-03-22T12:27:08.325+0800: 70503.746: [GC (Allocation Failure) 2024-03-22T12:27:08.325+0800: 70503.746: [ParNew: 20694418K->1005400K(22937600K), 0.4133190 secs] 22851882K->3163467K(130940928K), 0.4135380 secs] [Times: user=4.22 sys=1.46, real=0.42 secs] 
2024-03-22T12:27:38.992+0800: 70534.413: [GC (Allocation Failure) 2024-03-22T12:27:38.993+0800: 70534.413: [ParNew: 20666200K->986224K(22937600K), 0.4142641 secs] 22824267K->3144929K(130940928K), 0.4144918 secs] [Times: user=3.89 sys=1.88, real=0.41 secs] 
2024-03-22T12:28:13.497+0800: 70568.918: [GC (Allocation Failure) 2024-03-22T12:28:13.497+0800: 70568.918: [ParNew: 20647024K->978312K(22937600K), 0.4417178 secs] 22805729K->3137706K(130940928K), 0.4419434 secs] [Times: user=4.24 sys=1.82, real=0.45 secs] 
2024-03-22T12:28:55.373+0800: 70610.794: [GC (Allocation Failure) 2024-03-22T12:28:55.374+0800: 70610.794: [ParNew: 20639112K->920969K(22937600K), 0.4313086 secs] 22798506K->3081082K(130940928K), 0.4315511 secs] [Times: user=4.03 sys=2.10, real=0.43 secs] 
2024-03-22T12:29:32.440+0800: 70647.860: [GC (Allocation Failure) 2024-03-22T12:29:32.440+0800: 70647.861: [ParNew: 20581769K->885829K(22937600K), 0.4199880 secs] 22741882K->3046663K(130940928K), 0.4202028 secs] [Times: user=4.08 sys=1.85, real=0.42 secs] 
2024-03-22T12:30:04.815+0800: 70680.236: [GC (Allocation Failure) 2024-03-22T12:30:04.815+0800: 70680.236: [ParNew: 20546629K->893843K(22937600K), 0.4087157 secs] 22707463K->3055250K(130940928K), 0.4089506 secs] [Times: user=3.98 sys=1.60, real=0.41 secs] 
2024-03-22T12:30:32.154+0800: 70707.575: [GC (Allocation Failure) 2024-03-22T12:30:32.154+0800: 70707.575: [ParNew: 20554643K->926578K(22937600K), 0.3489875 secs] 22716050K->3088513K(130940928K), 0.3491861 secs] [Times: user=4.28 sys=0.47, real=0.35 secs] 
2024-03-22T12:30:58.020+0800: 70733.441: [GC (Allocation Failure) 2024-03-22T12:30:58.020+0800: 70733.441: [ParNew: 20587378K->925116K(22937600K), 0.4286593 secs] 22749313K->3087508K(130940928K), 0.4288591 secs] [Times: user=3.93 sys=2.00, real=0.43 secs] 
2024-03-22T12:31:23.868+0800: 70759.289: [GC (Allocation Failure) 2024-03-22T12:31:23.868+0800: 70759.289: [ParNew: 20585916K->896912K(22937600K), 0.4882414 secs] 22748308K->3059781K(130940928K), 0.4884560 secs] [Times: user=4.02 sys=2.44, real=0.48 secs] 
2024-03-22T12:31:49.523+0800: 70784.944: [GC (Allocation Failure) 2024-03-22T12:31:49.523+0800: 70784.944: [ParNew: 20557712K->935062K(22937600K), 0.4311203 secs] 22720581K->3098418K(130940928K), 0.4313724 secs] [Times: user=4.49 sys=1.67, real=0.43 secs] 
2024-03-22T12:32:14.493+0800: 70809.914: [GC (Allocation Failure) 2024-03-22T12:32:14.493+0800: 70809.914: [ParNew: 20595862K->987848K(22937600K), 0.3553006 secs] 22759218K->3151691K(130940928K), 0.3555332 secs] [Times: user=3.94 sys=0.59, real=0.36 secs] 
2024-03-22T12:32:43.151+0800: 70838.572: [GC (Allocation Failure) 2024-03-22T12:32:43.152+0800: 70838.572: [ParNew: 20648648K->967176K(22937600K), 0.5178442 secs] 22812491K->3131500K(130940928K), 0.5180885 secs] [Times: user=4.50 sys=2.72, real=0.52 secs] 
2024-03-22T12:33:10.289+0800: 70865.710: [GC (Allocation Failure) 2024-03-22T12:33:10.289+0800: 70865.710: [ParNew: 20627976K->906897K(22937600K), 0.4400038 secs] 22792300K->3071695K(130940928K), 0.4402341 secs] [Times: user=4.38 sys=1.72, real=0.44 secs] 
2024-03-22T12:33:37.152+0800: 70892.573: [GC (Allocation Failure) 2024-03-22T12:33:37.153+0800: 70892.573: [ParNew: 20567697K->995941K(22937600K), 0.4823757 secs] 22732495K->3161233K(130940928K), 0.4826057 secs] [Times: user=4.48 sys=2.51, real=0.48 secs] 
2024-03-22T12:34:02.968+0800: 70918.389: [GC (Allocation Failure) 2024-03-22T12:34:02.968+0800: 70918.389: [ParNew: 20656741K->988367K(22937600K), 0.4590196 secs] 22822033K->3160322K(130940928K), 0.4592242 secs] [Times: user=4.47 sys=2.21, real=0.45 secs] 
2024-03-22T12:34:32.686+0800: 70948.107: [GC (Allocation Failure) 2024-03-22T12:34:32.686+0800: 70948.107: [ParNew: 20649167K->1050400K(22937600K), 0.3538670 secs] 22821122K->3229736K(130940928K), 0.3540827 secs] [Times: user=3.89 sys=0.70, real=0.36 secs] 
2024-03-22T12:35:04.346+0800: 70979.767: [GC (Allocation Failure) 2024-03-22T12:35:04.346+0800: 70979.767: [ParNew: 20711200K->1105431K(22937600K), 0.4789111 secs] 22890536K->3292245K(130940928K), 0.4791304 secs] [Times: user=4.68 sys=2.05, real=0.48 secs] 
2024-03-22T12:35:33.322+0800: 71008.743: [GC (Allocation Failure) 2024-03-22T12:35:33.322+0800: 71008.743: [ParNew: 20766231K->1111990K(22937600K), 0.4820305 secs] 22953045K->3306301K(130940928K), 0.4822505 secs] [Times: user=4.45 sys=2.53, real=0.48 secs] 
2024-03-22T12:36:01.825+0800: 71037.246: [GC (Allocation Failure) 2024-03-22T12:36:01.825+0800: 71037.246: [ParNew: 20772790K->1111584K(22937600K), 0.5167657 secs] 22967101K->3313374K(130940928K), 0.5170204 secs] [Times: user=4.15 sys=3.25, real=0.52 secs] 
2024-03-22T12:36:31.627+0800: 71067.048: [GC (Allocation Failure) 2024-03-22T12:36:31.627+0800: 71067.048: [ParNew: 20772384K->981321K(22937600K), 0.4158398 secs] 22974174K->3190111K(130940928K), 0.4160532 secs] [Times: user=4.12 sys=1.62, real=0.42 secs] 
2024-03-22T12:37:02.586+0800: 71098.007: [GC (Allocation Failure) 2024-03-22T12:37:02.586+0800: 71098.007: [ParNew: 20642121K->968858K(22937600K), 0.3946727 secs] 22850911K->3178915K(130940928K), 0.3948939 secs] [Times: user=3.85 sys=1.63, real=0.40 secs] 
2024-03-22T12:37:36.095+0800: 71131.516: [GC (Allocation Failure) 2024-03-22T12:37:36.096+0800: 71131.516: [ParNew: 20629658K->917589K(22937600K), 0.4003995 secs] 22839715K->3128287K(130940928K), 0.4006332 secs] [Times: user=3.97 sys=1.66, real=0.40 secs] 
2024-03-22T12:38:05.452+0800: 71160.873: [GC (Allocation Failure) 2024-03-22T12:38:05.452+0800: 71160.873: [ParNew: 20578389K->908662K(22937600K), 0.3162019 secs] 22789087K->3119951K(130940928K), 0.3164105 secs] [Times: user=3.76 sys=0.43, real=0.32 secs] 
2024-03-22T12:38:33.749+0800: 71189.170: [GC (Allocation Failure) 2024-03-22T12:38:33.749+0800: 71189.170: [ParNew: 20569462K->905273K(22937600K), 0.4248773 secs] 22780751K->3117108K(130940928K), 0.4250790 secs] [Times: user=4.05 sys=1.69, real=0.42 secs] 
2024-03-22T12:39:03.649+0800: 71219.070: [GC (Allocation Failure) 2024-03-22T12:39:03.649+0800: 71219.070: [ParNew: 20566073K->873232K(22937600K), 0.4202881 secs] 22777908K->3085589K(130940928K), 0.4205061 secs] [Times: user=4.16 sys=1.70, real=0.42 secs] 
2024-03-22T12:39:39.813+0800: 71255.234: [GC (Allocation Failure) 2024-03-22T12:39:39.813+0800: 71255.234: [ParNew: 20534032K->869528K(22937600K), 0.4122382 secs] 22746389K->3082378K(130940928K), 0.4124766 secs] [Times: user=4.23 sys=1.48, real=0.41 secs] 
2024-03-22T12:41:16.594+0800: 71352.015: [GC (Allocation Failure) 2024-03-22T12:41:16.595+0800: 71352.015: [ParNew: 20530328K->826359K(22937600K), 0.4597072 secs] 22743178K->3039705K(130940928K), 0.4599669 secs] [Times: user=4.22 sys=2.39, real=0.46 secs] 
2024-03-22T12:42:22.015+0800: 71417.436: [GC (Allocation Failure) 2024-03-22T12:42:22.015+0800: 71417.436: [ParNew: 20487159K->712610K(22937600K), 0.4506350 secs] 22700505K->2926421K(130940928K), 0.4508905 secs] [Times: user=4.13 sys=2.39, real=0.45 secs] 
2024-03-22T12:42:58.476+0800: 71453.897: [GC (Allocation Failure) 2024-03-22T12:42:58.477+0800: 71453.897: [ParNew: 20373410K->685787K(22937600K), 0.4903839 secs] 22587221K->2900026K(130940928K), 0.4906265 secs] [Times: user=4.44 sys=2.74, real=0.49 secs] 
2024-03-22T12:43:42.149+0800: 71497.570: [GC (Allocation Failure) 2024-03-22T12:43:42.149+0800: 71497.570: [ParNew: 20346587K->659344K(22937600K), 0.5003897 secs] 22560826K->2874031K(130940928K), 0.5006157 secs] [Times: user=4.59 sys=2.75, real=0.50 secs] 
2024-03-22T12:44:13.023+0800: 71528.444: [GC (Allocation Failure) 2024-03-22T12:44:13.024+0800: 71528.444: [ParNew: 20320144K->609115K(22937600K), 0.5093093 secs] 22534831K->2824288K(130940928K), 0.5095327 secs] [Times: user=4.37 sys=3.21, real=0.51 secs] 
2024-03-22T12:44:45.898+0800: 71561.319: [GC (Allocation Failure) 2024-03-22T12:44:45.898+0800: 71561.319: [ParNew: 20269915K->656660K(22937600K), 0.5203013 secs] 22485088K->2872360K(130940928K), 0.5205749 secs] [Times: user=4.16 sys=2.95, real=0.52 secs] 
2024-03-22T12:45:18.108+0800: 71593.529: [GC (Allocation Failure) 2024-03-22T12:45:18.108+0800: 71593.529: [ParNew: 20317460K->713008K(22937600K), 0.4998596 secs] 22533160K->2929279K(130940928K), 0.5001129 secs] [Times: user=3.98 sys=3.08, real=0.50 secs] 
2024-03-22T12:45:45.506+0800: 71620.927: [GC (Allocation Failure) 2024-03-22T12:45:45.507+0800: 71620.927: [ParNew: 20373808K->764720K(22937600K), 0.4191735 secs] 22590079K->2981581K(130940928K), 0.4194365 secs] [Times: user=3.77 sys=2.08, real=0.42 secs] 
2024-03-22T12:46:11.119+0800: 71646.540: [GC (Allocation Failure) 2024-03-22T12:46:11.119+0800: 71646.540: [ParNew: 20425520K->807300K(22937600K), 0.4360019 secs] 22642381K->3024749K(130940928K), 0.4362244 secs] [Times: user=4.15 sys=1.72, real=0.43 secs] 
2024-03-22T12:46:39.320+0800: 71674.741: [GC (Allocation Failure) 2024-03-22T12:46:39.320+0800: 71674.741: [ParNew: 20468100K->866885K(22937600K), 0.3316702 secs] 22685549K->3085432K(130940928K), 0.3319209 secs] [Times: user=3.75 sys=0.40, real=0.33 secs] 
2024-03-22T12:47:04.531+0800: 71699.952: [GC (Allocation Failure) 2024-03-22T12:47:04.531+0800: 71699.952: [ParNew: 20527685K->896464K(22937600K), 0.4250228 secs] 22746232K->3122489K(130940928K), 0.4252269 secs] [Times: user=3.96 sys=1.64, real=0.42 secs] 
2024-03-22T12:47:32.072+0800: 71727.493: [GC (Allocation Failure) 2024-03-22T12:47:32.072+0800: 71727.493: [ParNew: 20557264K->954287K(22937600K), 0.4199525 secs] 22783289K->3187768K(130940928K), 0.4201668 secs] [Times: user=4.00 sys=1.83, real=0.42 secs] 
2024-03-22T12:47:57.192+0800: 71752.613: [GC (Allocation Failure) 2024-03-22T12:47:57.193+0800: 71752.613: [ParNew: 20615087K->988725K(22937600K), 0.3921377 secs] 22848568K->3229497K(130940928K), 0.3923823 secs] [Times: user=3.92 sys=1.39, real=0.39 secs] 
2024-03-22T12:48:24.319+0800: 71779.740: [GC (Allocation Failure) 2024-03-22T12:48:24.319+0800: 71779.740: [ParNew: 20649525K->983578K(22937600K), 0.4468726 secs] 22890297K->3231569K(130940928K), 0.4470961 secs] [Times: user=4.03 sys=2.26, real=0.44 secs] 
2024-03-22T12:48:49.893+0800: 71805.314: [GC (Allocation Failure) 2024-03-22T12:48:49.893+0800: 71805.314: [ParNew: 20644378K->1051397K(22937600K), 0.4034909 secs] 22892369K->3306974K(130940928K), 0.4037121 secs] [Times: user=4.16 sys=1.55, real=0.40 secs] 
2024-03-22T12:49:14.285+0800: 71829.706: [GC (Allocation Failure) 2024-03-22T12:49:14.285+0800: 71829.706: [ParNew: 20712197K->1093163K(22937600K), 0.3551316 secs] 22967774K->3356655K(130940928K), 0.3553342 secs] [Times: user=3.75 sys=0.72, real=0.36 secs] 
2024-03-22T12:49:41.139+0800: 71856.560: [GC (Allocation Failure) 2024-03-22T12:49:41.139+0800: 71856.560: [ParNew: 20753963K->1157523K(22937600K), 0.4431283 secs] 23017455K->3423610K(130940928K), 0.4433375 secs] [Times: user=4.24 sys=2.00, real=0.44 secs] 
2024-03-22T12:50:05.333+0800: 71880.754: [GC (Allocation Failure) 2024-03-22T12:50:05.333+0800: 71880.754: [ParNew: 20818323K->1029926K(22937600K), 0.4421282 secs] 23084410K->3296982K(130940928K), 0.4423856 secs] [Times: user=4.24 sys=1.71, real=0.44 secs] 
2024-03-22T12:50:32.824+0800: 71908.245: [GC (Allocation Failure) 2024-03-22T12:50:32.824+0800: 71908.245: [ParNew: 20690726K->1072638K(22937600K), 0.4185159 secs] 22957782K->3340512K(130940928K), 0.4187659 secs] [Times: user=4.22 sys=1.62, real=0.42 secs] 
2024-03-22T12:51:03.463+0800: 71938.883: [GC (Allocation Failure) 2024-03-22T12:51:03.463+0800: 71938.884: [ParNew: 20733438K->1055043K(22937600K), 0.3327539 secs] 23001312K->3323666K(130940928K), 0.3330098 secs] [Times: user=3.92 sys=0.58, real=0.33 secs] 
2024-03-22T12:51:33.051+0800: 71968.472: [GC (Allocation Failure) 2024-03-22T12:51:33.051+0800: 71968.472: [ParNew: 20715843K->1054607K(22937600K), 0.4168426 secs] 22984466K->3323960K(130940928K), 0.4170903 secs] [Times: user=4.27 sys=1.69, real=0.42 secs] 
2024-03-22T12:52:00.596+0800: 71996.017: [GC (Allocation Failure) 2024-03-22T12:52:00.597+0800: 71996.017: [ParNew: 20715407K->1097962K(22937600K), 0.4613516 secs] 22984760K->3368006K(130940928K), 0.4615652 secs] [Times: user=4.27 sys=2.06, real=0.47 secs] 
2024-03-22T12:52:29.609+0800: 72025.030: [GC (Allocation Failure) 2024-03-22T12:52:29.609+0800: 72025.030: [ParNew: 20758762K->1065203K(22937600K), 0.4454054 secs] 23028806K->3335910K(130940928K), 0.4456471 secs] [Times: user=4.29 sys=2.06, real=0.44 secs] 
2024-03-22T12:52:56.542+0800: 72051.963: [GC (Allocation Failure) 2024-03-22T12:52:56.542+0800: 72051.963: [ParNew: 20726003K->1067365K(22937600K), 0.3967127 secs] 22996710K->3338650K(130940928K), 0.3969396 secs] [Times: user=4.34 sys=1.20, real=0.40 secs] 
2024-03-22T12:53:23.604+0800: 72079.024: [GC (Allocation Failure) 2024-03-22T12:53:23.604+0800: 72079.025: [ParNew: 20728165K->1063456K(22937600K), 0.3968065 secs] 22999450K->3335298K(130940928K), 0.3970564 secs] [Times: user=4.00 sys=1.62, real=0.40 secs] 
2024-03-22T12:53:53.487+0800: 72108.908: [GC (Allocation Failure) 2024-03-22T12:53:53.487+0800: 72108.908: [ParNew: 20724256K->1060798K(22937600K), 0.3286502 secs] 22996098K->3333189K(130940928K), 0.3288574 secs] [Times: user=3.77 sys=0.60, real=0.33 secs] 
2024-03-22T12:54:20.301+0800: 72135.722: [GC (Allocation Failure) 2024-03-22T12:54:20.301+0800: 72135.722: [ParNew: 20721598K->1062148K(22937600K), 0.4241647 secs] 22993989K->3335076K(130940928K), 0.4243602 secs] [Times: user=3.94 sys=2.03, real=0.42 secs] 
2024-03-22T12:54:48.086+0800: 72163.507: [GC (Allocation Failure) 2024-03-22T12:54:48.086+0800: 72163.507: [ParNew: 20722948K->1063015K(22937600K), 0.4163419 secs] 22995876K->3336448K(130940928K), 0.4165677 secs] [Times: user=3.98 sys=1.71, real=0.42 secs] 
2024-03-22T12:55:13.401+0800: 72188.822: [GC (Allocation Failure) 2024-03-22T12:55:13.401+0800: 72188.822: [ParNew: 20723815K->1065792K(22937600K), 0.3974638 secs] 22997248K->3339735K(130940928K), 0.3976798 secs] [Times: user=4.07 sys=1.55, real=0.40 secs] 
2024-03-22T12:55:39.323+0800: 72214.744: [GC (Allocation Failure) 2024-03-22T12:55:39.324+0800: 72214.744: [ParNew: 20726592K->1065946K(22937600K), 0.3201490 secs] 23000535K->3340386K(130940928K), 0.3203976 secs] [Times: user=3.76 sys=0.52, real=0.32 secs] 
2024-03-22T12:56:04.290+0800: 72239.710: [GC (Allocation Failure) 2024-03-22T12:56:04.290+0800: 72239.710: [ParNew: 20726746K->1077443K(22937600K), 0.4096248 secs] 23001186K->3352391K(130940928K), 0.4098445 secs] [Times: user=4.12 sys=1.71, real=0.41 secs] 
2024-03-22T12:56:35.091+0800: 72270.512: [GC (Allocation Failure) 2024-03-22T12:56:35.091+0800: 72270.512: [ParNew: 20738243K->1094986K(22937600K), 0.4398487 secs] 23013191K->3375211K(130940928K), 0.4400485 secs] [Times: user=3.97 sys=2.27, real=0.44 secs] 
2024-03-22T12:57:02.156+0800: 72297.577: [GC (Allocation Failure) 2024-03-22T12:57:02.156+0800: 72297.577: [ParNew: 20755786K->1049999K(22937600K), 0.4047560 secs] 23036011K->3337741K(130940928K), 0.4049565 secs] [Times: user=4.22 sys=1.42, real=0.41 secs] 
2024-03-22T12:57:30.432+0800: 72325.853: [GC (Allocation Failure) 2024-03-22T12:57:30.432+0800: 72325.853: [ParNew: 20710799K->1086071K(22937600K), 0.4037303 secs] 22998541K->3381073K(130940928K), 0.4039705 secs] [Times: user=3.98 sys=1.74, real=0.40 secs] 
2024-03-22T12:57:56.157+0800: 72351.578: [GC (Allocation Failure) 2024-03-22T12:57:56.158+0800: 72351.578: [ParNew: 20746871K->1085854K(22937600K), 0.3228702 secs] 23041873K->3388172K(130940928K), 0.3231084 secs] [Times: user=3.82 sys=0.46, real=0.33 secs] 
2024-03-22T12:58:23.057+0800: 72378.478: [GC (Allocation Failure) 2024-03-22T12:58:23.058+0800: 72378.478: [ParNew: 20746654K->1090305K(22937600K), 0.4110953 secs] 23048972K->3400079K(130940928K), 0.4113147 secs] [Times: user=4.03 sys=1.82, real=0.42 secs] 
2024-03-22T12:58:54.042+0800: 72409.463: [GC (Allocation Failure) 2024-03-22T12:58:54.042+0800: 72409.463: [ParNew: 20751105K->1135519K(22937600K), 0.4475375 secs] 23060879K->3452759K(130940928K), 0.4477566 secs] [Times: user=3.93 sys=2.25, real=0.45 secs] 
2024-03-22T12:59:21.623+0800: 72437.044: [GC (Allocation Failure) 2024-03-22T12:59:21.623+0800: 72437.044: [ParNew: 20796319K->1091063K(22937600K), 0.3386073 secs] 23113559K->3410388K(130940928K), 0.3388248 secs] [Times: user=3.53 sys=1.01, real=0.34 secs] 
2024-03-22T12:59:52.184+0800: 72467.605: [GC (Allocation Failure) 2024-03-22T12:59:52.184+0800: 72467.605: [ParNew: 20751863K->845801K(22937600K), 0.3156064 secs] 23071188K->3165918K(130940928K), 0.3158039 secs] [Times: user=3.78 sys=0.39, real=0.32 secs] 
2024-03-22T13:00:18.773+0800: 72494.194: [GC (Allocation Failure) 2024-03-22T13:00:18.773+0800: 72494.194: [ParNew: 20506601K->905843K(22937600K), 0.4238704 secs] 22826718K->3226118K(130940928K), 0.4241014 secs] [Times: user=4.16 sys=1.82, real=0.42 secs] 
2024-03-22T13:00:48.276+0800: 72523.697: [GC (Allocation Failure) 2024-03-22T13:00:48.276+0800: 72523.697: [ParNew: 20566643K->926376K(22937600K), 0.3908692 secs] 22886918K->3246806K(130940928K), 0.3911136 secs] [Times: user=4.09 sys=1.36, real=0.39 secs] 
2024-03-22T13:01:16.978+0800: 72552.399: [GC (Allocation Failure) 2024-03-22T13:01:16.978+0800: 72552.399: [ParNew: 20587176K->938388K(22937600K), 0.4227643 secs] 22907606K->3259242K(130940928K), 0.4230028 secs] [Times: user=4.33 sys=1.62, real=0.42 secs] 
2024-03-22T13:01:45.858+0800: 72581.279: [GC (Allocation Failure) 2024-03-22T13:01:45.858+0800: 72581.279: [ParNew: 20599188K->1014598K(22937600K), 0.3212578 secs] 22920042K->3335603K(130940928K), 0.3214973 secs] [Times: user=3.92 sys=0.39, real=0.32 secs] 
2024-03-22T13:02:16.935+0800: 72612.356: [GC (Allocation Failure) 2024-03-22T13:02:16.935+0800: 72612.356: [ParNew: 20675398K->1038349K(22937600K), 0.4013068 secs] 22996403K->3359478K(130940928K), 0.4015161 secs] [Times: user=3.92 sys=1.78, real=0.40 secs] 
2024-03-22T13:02:53.074+0800: 72648.495: [GC (Allocation Failure) 2024-03-22T13:02:53.074+0800: 72648.495: [ParNew: 20699149K->1011773K(22937600K), 0.4707334 secs] 23020278K->3333045K(130940928K), 0.4709695 secs] [Times: user=4.66 sys=1.89, real=0.47 secs] 
2024-03-22T13:03:33.541+0800: 72688.961: [GC (Allocation Failure) 2024-03-22T13:03:33.541+0800: 72688.962: [ParNew: 20672573K->964886K(22937600K), 0.4153916 secs] 22993845K->3286289K(130940928K), 0.4156390 secs] [Times: user=3.99 sys=1.88, real=0.41 secs] 
2024-03-22T13:04:17.814+0800: 72733.235: [GC (Allocation Failure) 2024-03-22T13:04:17.814+0800: 72733.235: [ParNew: 20625686K->940780K(22937600K), 0.4169170 secs] 22947089K->3262320K(130940928K), 0.4171751 secs] [Times: user=4.01 sys=1.67, real=0.42 secs] 
2024-03-22T13:04:53.778+0800: 72769.199: [GC (Allocation Failure) 2024-03-22T13:04:53.778+0800: 72769.199: [ParNew: 20601580K->906113K(22937600K), 0.4165167 secs] 22923120K->3227787K(130940928K), 0.4168141 secs] [Times: user=4.02 sys=1.79, real=0.41 secs] 
2024-03-22T13:05:32.517+0800: 72807.937: [GC (Allocation Failure) 2024-03-22T13:05:32.517+0800: 72807.938: [ParNew: 20566913K->898067K(22937600K), 0.4077837 secs] 22888587K->3219882K(130940928K), 0.4080892 secs] [Times: user=4.07 sys=1.62, real=0.41 secs] 
2024-03-22T13:06:13.254+0800: 72848.675: [GC (Allocation Failure) 2024-03-22T13:06:13.254+0800: 72848.675: [ParNew: 20558867K->880426K(22937600K), 0.3915984 secs] 22880682K->3202371K(130940928K), 0.3918922 secs] [Times: user=3.97 sys=1.53, real=0.39 secs] 
2024-03-22T13:06:48.492+0800: 72883.913: [GC (Allocation Failure) 2024-03-22T13:06:48.493+0800: 72883.913: [ParNew: 20541226K->820604K(22937600K), 0.3858741 secs] 22863171K->3142697K(130940928K), 0.3861655 secs] [Times: user=3.85 sys=1.50, real=0.39 secs] 
2024-03-22T13:07:22.285+0800: 72917.706: [GC (Allocation Failure) 2024-03-22T13:07:22.285+0800: 72917.706: [ParNew: 20481404K->866489K(22937600K), 0.3956257 secs] 22803497K->3188770K(130940928K), 0.3958824 secs] [Times: user=3.81 sys=1.67, real=0.40 secs] 
2024-03-22T13:07:49.891+0800: 72945.311: [GC (Allocation Failure) 2024-03-22T13:07:49.891+0800: 72945.312: [ParNew: 20527289K->831374K(22937600K), 0.3984152 secs] 22849570K->3156051K(130940928K), 0.3987384 secs] [Times: user=4.07 sys=1.57, real=0.40 secs] 
2024-03-22T13:08:15.395+0800: 72970.816: [GC (Allocation Failure) 2024-03-22T13:08:15.395+0800: 72970.816: [ParNew: 20492174K->874114K(22937600K), 0.3216761 secs] 22816851K->3205964K(130940928K), 0.3220489 secs] [Times: user=3.73 sys=0.47, real=0.32 secs] 
2024-03-22T13:08:44.265+0800: 72999.685: [GC (Allocation Failure) 2024-03-22T13:08:44.265+0800: 72999.686: [ParNew: 20534914K->863634K(22937600K), 0.4347610 secs] 22866764K->3202695K(130940928K), 0.4350554 secs] [Times: user=4.48 sys=1.75, real=0.44 secs] 
2024-03-22T13:09:09.634+0800: 73025.055: [GC (Allocation Failure) 2024-03-22T13:09:09.634+0800: 73025.055: [ParNew: 20524434K->914466K(22937600K), 0.4449311 secs] 22863495K->3260946K(130940928K), 0.4452130 secs] [Times: user=4.27 sys=2.00, real=0.45 secs] 
2024-03-22T13:09:37.006+0800: 73052.427: [GC (Allocation Failure) 2024-03-22T13:09:37.006+0800: 73052.427: [ParNew: 20575266K->939013K(22937600K), 0.4172530 secs] 22921746K->3292891K(130940928K), 0.4175252 secs] [Times: user=3.96 sys=1.92, real=0.42 secs] 
2024-03-22T13:10:03.461+0800: 73078.882: [GC (Allocation Failure) 2024-03-22T13:10:03.461+0800: 73078.882: [ParNew: 20599813K->923871K(22937600K), 0.4218127 secs] 22953691K->3285049K(130940928K), 0.4221141 secs] [Times: user=3.95 sys=1.93, real=0.42 secs] 
2024-03-22T13:10:31.171+0800: 73106.592: [GC (Allocation Failure) 2024-03-22T13:10:31.171+0800: 73106.592: [ParNew: 20584671K->1007090K(22937600K), 0.4150668 secs] 22945849K->3375775K(130940928K), 0.4153562 secs] [Times: user=4.21 sys=1.49, real=0.41 secs] 
2024-03-22T13:10:59.376+0800: 73134.796: [GC (Allocation Failure) 2024-03-22T13:10:59.376+0800: 73134.797: [ParNew: 20667890K->993174K(22937600K), 0.4283229 secs] 23036575K->3362696K(130940928K), 0.4286031 secs] [Times: user=4.00 sys=2.17, real=0.43 secs] 
2024-03-22T13:11:34.050+0800: 73169.471: [GC (Allocation Failure) 2024-03-22T13:11:34.050+0800: 73169.471: [ParNew: 20653974K->936973K(22937600K), 0.4323520 secs] 23023496K->3307155K(130940928K), 0.4326576 secs] [Times: user=4.18 sys=2.02, real=0.43 secs] 
2024-03-22T13:12:09.822+0800: 73205.243: [GC (Allocation Failure) 2024-03-22T13:12:09.822+0800: 73205.243: [ParNew: 20597773K->919957K(22937600K), 0.4154722 secs] 22967955K->3290846K(130940928K), 0.4157268 secs] [Times: user=4.04 sys=1.92, real=0.42 secs] 
2024-03-22T13:12:41.631+0800: 73237.052: [GC (Allocation Failure) 2024-03-22T13:12:41.631+0800: 73237.052: [ParNew: 20580757K->949096K(22937600K), 0.4539950 secs] 22951646K->3320731K(130940928K), 0.4542910 secs] [Times: user=4.33 sys=2.31, real=0.45 secs] 
2024-03-22T13:13:07.992+0800: 73263.412: [GC (Allocation Failure) 2024-03-22T13:13:07.992+0800: 73263.413: [ParNew: 20609896K->883124K(22937600K), 0.3418829 secs] 22981531K->3255471K(130940928K), 0.3421323 secs] [Times: user=4.06 sys=0.66, real=0.34 secs] 
2024-03-22T13:13:35.896+0800: 73291.317: [GC (Allocation Failure) 2024-03-22T13:13:35.896+0800: 73291.317: [ParNew: 20543924K->953110K(22937600K), 0.4455606 secs] 22916271K->3326175K(130940928K), 0.4458186 secs] [Times: user=4.23 sys=2.26, real=0.45 secs] 
2024-03-22T13:14:02.958+0800: 73318.379: [GC (Allocation Failure) 2024-03-22T13:14:02.958+0800: 73318.379: [ParNew: 20613910K->958014K(22937600K), 0.4486292 secs] 22986975K->3331769K(130940928K), 0.4488667 secs] [Times: user=4.22 sys=2.27, real=0.44 secs] 
2024-03-22T13:14:32.140+0800: 73347.561: [GC (Allocation Failure) 2024-03-22T13:14:32.140+0800: 73347.561: [ParNew: 20618814K->1008930K(22937600K), 0.4938235 secs] 22992569K->3383356K(130940928K), 0.4940634 secs] [Times: user=4.34 sys=2.41, real=0.49 secs] 
2024-03-22T13:15:02.478+0800: 73377.899: [GC (Allocation Failure) 2024-03-22T13:15:02.478+0800: 73377.899: [ParNew: 20669730K->946685K(22937600K), 0.4249159 secs] 23044156K->3321751K(130940928K), 0.4251287 secs] [Times: user=3.94 sys=2.10, real=0.42 secs] 
2024-03-22T13:16:05.016+0800: 73440.436: [GC (Allocation Failure) 2024-03-22T13:16:05.016+0800: 73440.436: [ParNew: 20607485K->950812K(22937600K), 0.4028462 secs] 22982551K->3326427K(130940928K), 0.4030801 secs] [Times: user=4.05 sys=1.62, real=0.41 secs] 
2024-03-22T13:17:54.142+0800: 73549.563: [GC (Allocation Failure) 2024-03-22T13:17:54.142+0800: 73549.563: [ParNew: 20611612K->825160K(22937600K), 0.4318363 secs] 22987227K->3201302K(130940928K), 0.4320872 secs] [Times: user=4.34 sys=1.80, real=0.43 secs] 
2024-03-22T13:18:28.944+0800: 73584.365: [GC (Allocation Failure) 2024-03-22T13:18:28.944+0800: 73584.365: [ParNew: 20485960K->760493K(22937600K), 0.4314619 secs] 22862102K->3137135K(130940928K), 0.4317071 secs] [Times: user=4.06 sys=2.04, real=0.43 secs] 
2024-03-22T13:19:17.623+0800: 73633.043: [GC (Allocation Failure) 2024-03-22T13:19:17.623+0800: 73633.044: [ParNew: 20421293K->716952K(22937600K), 0.4120979 secs] 22797935K->3094103K(130940928K), 0.4123388 secs] [Times: user=3.86 sys=1.94, real=0.41 secs] 
2024-03-22T13:19:52.639+0800: 73668.060: [GC (Allocation Failure) 2024-03-22T13:19:52.639+0800: 73668.060: [ParNew: 20377752K->692993K(22937600K), 0.4170456 secs] 22754903K->3070647K(130940928K), 0.4172939 secs] [Times: user=4.03 sys=1.80, real=0.41 secs] 
2024-03-22T13:21:53.691+0800: 73789.112: [GC (Allocation Failure) 2024-03-22T13:21:53.692+0800: 73789.112: [ParNew: 20353793K->672764K(22937600K), 0.4259910 secs] 22731447K->3050940K(130940928K), 0.4262569 secs] [Times: user=4.09 sys=1.91, real=0.43 secs] 
2024-03-22T13:22:22.259+0800: 73817.680: [GC (Allocation Failure) 2024-03-22T13:22:22.259+0800: 73817.680: [ParNew: 20333564K->633219K(22937600K), 0.4091310 secs] 22711740K->3018404K(130940928K), 0.4093929 secs] [Times: user=3.95 sys=1.66, real=0.41 secs] 
2024-03-22T13:22:54.321+0800: 73849.742: [GC (Allocation Failure) 2024-03-22T13:22:54.321+0800: 73849.742: [ParNew: 20294019K->673743K(22937600K), 0.4016931 secs] 22679204K->3066372K(130940928K), 0.4019532 secs] [Times: user=3.75 sys=1.58, real=0.40 secs] 
2024-03-22T14:10:37.620+0800: 76713.041: [GC (Allocation Failure) 2024-03-22T14:10:37.620+0800: 76713.041: [ParNew: 20334543K->493694K(22937600K), 0.3108276 secs] 22727172K->2893837K(130940928K), 0.3110659 secs] [Times: user=3.64 sys=1.41, real=0.31 secs] 
2024-03-22T14:42:59.431+0800: 78654.852: [GC (Allocation Failure) 2024-03-22T14:42:59.431+0800: 78654.852: [ParNew: 20154494K->301415K(22937600K), 0.3237735 secs] 22554637K->2709009K(130940928K), 0.3240159 secs] [Times: user=3.68 sys=1.53, real=0.32 secs] 
2024-03-22T14:48:57.066+0800: 79012.487: [GC (Allocation Failure) 2024-03-22T14:48:57.066+0800: 79012.487: [ParNew: 19962215K->332821K(22937600K), 0.3633231 secs] 22369809K->2747792K(130940928K), 0.3636002 secs] [Times: user=3.63 sys=1.77, real=0.37 secs] 
2024-03-22T14:52:53.230+0800: 79248.651: [GC (Allocation Failure) 2024-03-22T14:52:53.230+0800: 79248.651: [ParNew: 19993621K->356233K(22937600K), 0.3851648 secs] 22408592K->2778530K(130940928K), 0.3854843 secs] [Times: user=3.70 sys=2.09, real=0.38 secs] 
2024-03-22T14:55:43.192+0800: 79418.613: [GC (Allocation Failure) 2024-03-22T14:55:43.192+0800: 79418.613: [ParNew: 20017033K->399063K(22937600K), 0.4216460 secs] 22439330K->2828580K(130940928K), 0.4219372 secs] [Times: user=4.00 sys=2.38, real=0.42 secs] 
2024-03-22T14:58:13.758+0800: 79569.179: [GC (Allocation Failure) 2024-03-22T14:58:13.758+0800: 79569.179: [ParNew: 20059863K->305067K(22937600K), 0.3621467 secs] 22489380K->2735227K(130940928K), 0.3624679 secs] [Times: user=3.79 sys=1.52, real=0.36 secs] 
2024-03-22T15:00:07.180+0800: 79682.600: [GC (Allocation Failure) 2024-03-22T15:00:07.180+0800: 79682.600: [ParNew: 19965867K->318372K(22937600K), 0.3769845 secs] 22396027K->2749000K(130940928K), 0.3772189 secs] [Times: user=3.86 sys=1.75, real=0.37 secs] 
2024-03-22T15:01:25.601+0800: 79761.021: [GC (Allocation Failure) 2024-03-22T15:01:25.601+0800: 79761.022: [ParNew: 19979172K->324539K(22937600K), 0.3856314 secs] 22409800K->2755768K(130940928K), 0.3859253 secs] [Times: user=3.93 sys=1.75, real=0.38 secs] 
2024-03-22T15:02:29.138+0800: 79824.559: [GC (Allocation Failure) 2024-03-22T15:02:29.138+0800: 79824.559: [ParNew: 19985339K->445355K(22937600K), 0.3715371 secs] 22416568K->2877817K(130940928K), 0.3717676 secs] [Times: user=3.85 sys=1.68, real=0.37 secs] 
2024-03-22T15:03:45.375+0800: 79900.796: [GC (Allocation Failure) 2024-03-22T15:03:45.375+0800: 79900.796: [ParNew: 20106155K->441865K(22937600K), 0.3936269 secs] 22538617K->2875239K(130940928K), 0.3938453 secs] [Times: user=3.83 sys=2.04, real=0.40 secs] 
2024-03-22T15:04:57.915+0800: 79973.336: [GC (Allocation Failure) 2024-03-22T15:04:57.915+0800: 79973.336: [ParNew: 20102665K->485477K(22937600K), 0.4236041 secs] 22536039K->2919663K(130940928K), 0.4238536 secs] [Times: user=4.02 sys=2.38, real=0.43 secs] 
2024-03-22T15:05:56.548+0800: 80031.969: [GC (Allocation Failure) 2024-03-22T15:05:56.548+0800: 80031.969: [ParNew: 20146277K->534468K(22937600K), 0.3761702 secs] 22580463K->2969372K(130940928K), 0.3763967 secs] [Times: user=4.07 sys=1.55, real=0.37 secs] 
2024-03-22T15:07:25.830+0800: 80121.250: [GC (Allocation Failure) 2024-03-22T15:07:25.830+0800: 80121.250: [ParNew: 20195268K->540784K(22937600K), 0.3674164 secs] 22630172K->2976816K(130940928K), 0.3676386 secs] [Times: user=3.84 sys=1.60, real=0.36 secs] 
2024-03-22T15:08:35.315+0800: 80190.736: [GC (Allocation Failure) 2024-03-22T15:08:35.315+0800: 80190.736: [ParNew: 20201584K->513260K(22937600K), 0.3924782 secs] 22637616K->2950443K(130940928K), 0.3926977 secs] [Times: user=4.02 sys=1.88, real=0.40 secs] 
2024-03-22T15:10:01.337+0800: 80276.758: [GC (Allocation Failure) 2024-03-22T15:10:01.337+0800: 80276.758: [ParNew: 20174060K->565562K(22937600K), 0.3857963 secs] 22611243K->3003475K(130940928K), 0.3860198 secs] [Times: user=3.89 sys=1.92, real=0.39 secs] 
2024-03-22T15:11:26.016+0800: 80361.436: [GC (Allocation Failure) 2024-03-22T15:11:26.016+0800: 80361.436: [ParNew: 20226362K->513907K(22937600K), 0.4350590 secs] 22664275K->2958745K(130940928K), 0.4353135 secs] [Times: user=3.81 sys=2.35, real=0.44 secs] 
2024-03-22T15:12:31.311+0800: 80426.732: [GC (Allocation Failure) 2024-03-22T15:12:31.311+0800: 80426.732: [ParNew: 20174707K->538734K(22937600K), 0.4508049 secs] 22619545K->2987794K(130940928K), 0.4510841 secs] [Times: user=3.98 sys=2.61, real=0.45 secs] 
2024-03-22T15:13:35.928+0800: 80491.349: [GC (Allocation Failure) 2024-03-22T15:13:35.928+0800: 80491.349: [ParNew: 20199534K->540870K(22937600K), 0.4383360 secs] 22648594K->2991010K(130940928K), 0.4385509 secs] [Times: user=3.70 sys=2.79, real=0.43 secs] 
2024-03-22T15:15:05.737+0800: 80581.158: [GC (Allocation Failure) 2024-03-22T15:15:05.737+0800: 80581.158: [ParNew: 20201670K->576977K(22937600K), 0.4178829 secs] 22651810K->3027893K(130940928K), 0.4181000 secs] [Times: user=3.81 sys=2.37, real=0.42 secs] 
2024-03-22T15:15:55.155+0800: 80630.576: [GC (Allocation Failure) 2024-03-22T15:15:55.155+0800: 80630.576: [ParNew: 20237777K->592909K(22937600K), 0.4365100 secs] 22688693K->3044831K(130940928K), 0.4367290 secs] [Times: user=4.09 sys=2.55, real=0.44 secs] 
2024-03-22T15:16:58.243+0800: 80693.663: [GC (Allocation Failure) 2024-03-22T15:16:58.243+0800: 80693.663: [ParNew: 20253709K->604174K(22937600K), 0.4459280 secs] 22705631K->3064766K(130940928K), 0.4461456 secs] [Times: user=4.31 sys=2.51, real=0.45 secs] 
2024-03-22T15:18:15.993+0800: 80771.414: [GC (Allocation Failure) 2024-03-22T15:18:15.993+0800: 80771.414: [ParNew: 20264974K->527105K(22937600K), 0.4571859 secs] 22725566K->2990627K(130940928K), 0.4574620 secs] [Times: user=4.02 sys=3.00, real=0.46 secs] 
2024-03-22T15:19:02.842+0800: 80818.262: [GC (Allocation Failure) 2024-03-22T15:19:02.842+0800: 80818.263: [ParNew: 20187905K->464303K(22937600K), 0.4344380 secs] 22651427K->2928088K(130940928K), 0.4346601 secs] [Times: user=4.12 sys=2.54, real=0.43 secs] 
2024-03-22T15:20:19.103+0800: 80894.524: [GC (Allocation Failure) 2024-03-22T15:20:19.104+0800: 80894.524: [ParNew: 20125103K->485958K(22937600K), 0.4717224 secs] 22588888K->2949978K(130940928K), 0.4719905 secs] [Times: user=4.11 sys=3.23, real=0.47 secs] 
2024-03-22T15:21:29.198+0800: 80964.618: [GC (Allocation Failure) 2024-03-22T15:21:29.198+0800: 80964.619: [ParNew: 20146758K->511250K(22937600K), 0.4672944 secs] 22610778K->2975526K(130940928K), 0.4675155 secs] [Times: user=3.88 sys=3.38, real=0.46 secs] 
2024-03-22T15:22:19.327+0800: 81014.748: [GC (Allocation Failure) 2024-03-22T15:22:19.328+0800: 81014.748: [ParNew: 20172050K->513480K(22937600K), 0.4975594 secs] 22636326K->2978026K(130940928K), 0.4978396 secs] [Times: user=4.06 sys=3.39, real=0.50 secs] 
2024-03-22T15:23:38.851+0800: 81094.272: [GC (Allocation Failure) 2024-03-22T15:23:38.851+0800: 81094.272: [ParNew: 20174280K->530074K(22937600K), 0.4613916 secs] 22638826K->2994805K(130940928K), 0.4617262 secs] [Times: user=4.36 sys=2.64, real=0.46 secs] 
2024-03-22T15:24:35.839+0800: 81151.260: [GC (Allocation Failure) 2024-03-22T15:24:35.839+0800: 81151.260: [ParNew: 20190874K->510037K(22937600K), 0.4752280 secs] 22655605K->2975020K(130940928K), 0.4754381 secs] [Times: user=3.81 sys=3.57, real=0.47 secs] 
2024-03-22T15:25:36.349+0800: 81211.769: [GC (Allocation Failure) 2024-03-22T15:25:36.349+0800: 81211.769: [ParNew: 20170837K->497755K(22937600K), 0.4519753 secs] 22635820K->2962960K(130940928K), 0.4521982 secs] [Times: user=3.97 sys=2.92, real=0.45 secs] 
2024-03-22T15:26:58.434+0800: 81293.854: [GC (Allocation Failure) 2024-03-22T15:26:58.434+0800: 81293.855: [ParNew: 20158555K->522995K(22937600K), 0.4845414 secs] 22623760K->2988480K(130940928K), 0.4847583 secs] [Times: user=3.86 sys=3.56, real=0.49 secs] 
2024-03-22T15:28:17.172+0800: 81372.593: [GC (Allocation Failure) 2024-03-22T15:28:17.172+0800: 81372.593: [ParNew: 20183795K->511220K(22937600K), 0.4692012 secs] 22649280K->2976970K(130940928K), 0.4694392 secs] [Times: user=3.94 sys=3.11, real=0.47 secs] 
2024-03-22T15:29:17.513+0800: 81432.933: [GC (Allocation Failure) 2024-03-22T15:29:17.513+0800: 81432.933: [ParNew: 20172020K->554821K(22937600K), 0.4775218 secs] 22637770K->3020788K(130940928K), 0.4777336 secs] [Times: user=3.88 sys=3.47, real=0.48 secs] 
2024-03-22T15:29:51.957+0800: 81467.378: [GC (Allocation Failure) 2024-03-22T15:29:51.957+0800: 81467.378: [ParNew: 20215621K->603716K(22937600K), 0.4955706 secs] 22681588K->3069921K(130940928K), 0.4958306 secs] [Times: user=4.06 sys=3.13, real=0.50 secs] 
2024-03-22T15:30:18.375+0800: 81493.795: [GC (Allocation Failure) 2024-03-22T15:30:18.375+0800: 81493.796: [ParNew: 20264516K->633946K(22937600K), 0.5168889 secs] 22730721K->3100511K(130940928K), 0.5171972 secs] [Times: user=3.95 sys=3.37, real=0.52 secs] 
2024-03-22T15:30:46.115+0800: 81521.536: [GC (Allocation Failure) 2024-03-22T15:30:46.115+0800: 81521.536: [ParNew: 20294746K->677180K(22937600K), 0.4922285 secs] 22761311K->3143976K(130940928K), 0.4925944 secs] [Times: user=4.19 sys=2.97, real=0.50 secs] 
2024-03-22T15:31:17.143+0800: 81552.564: [GC (Allocation Failure) 2024-03-22T15:31:17.143+0800: 81552.564: [ParNew: 20337980K->728224K(22937600K), 0.4763394 secs] 22804776K->3195313K(130940928K), 0.4765826 secs] [Times: user=4.23 sys=2.92, real=0.48 secs] 
2024-03-22T15:31:47.202+0800: 81582.623: [GC (Allocation Failure) 2024-03-22T15:31:47.202+0800: 81582.623: [ParNew: 20389024K->741782K(22937600K), 0.4894341 secs] 22856113K->3212674K(130940928K), 0.4896739 secs] [Times: user=4.41 sys=2.83, real=0.49 secs] 
2024-03-22T15:32:21.233+0800: 81616.654: [GC (Allocation Failure) 2024-03-22T15:32:21.233+0800: 81616.654: [ParNew: 20402582K->852388K(22937600K), 0.4792225 secs] 22873474K->3331671K(130940928K), 0.4794628 secs] [Times: user=4.22 sys=2.98, real=0.48 secs] 
2024-03-22T15:33:06.289+0800: 81661.710: [GC (Allocation Failure) 2024-03-22T15:33:06.289+0800: 81661.710: [ParNew: 20513188K->853668K(22937600K), 0.4667452 secs] 22992471K->3341632K(130940928K), 0.4669857 secs] [Times: user=4.40 sys=2.91, real=0.46 secs] 
2024-03-22T15:33:54.837+0800: 81710.258: [GC (Allocation Failure) 2024-03-22T15:33:54.837+0800: 81710.258: [ParNew: 20514468K->848808K(22937600K), 0.4453567 secs] 23002432K->3338094K(130940928K), 0.4455754 secs] [Times: user=4.20 sys=2.65, real=0.45 secs] 
2024-03-22T15:34:41.941+0800: 81757.362: [GC (Allocation Failure) 2024-03-22T15:34:41.941+0800: 81757.362: [ParNew: 20509608K->786532K(22937600K), 0.5302277 secs] 22998894K->3275979K(130940928K), 0.5304482 secs] [Times: user=4.68 sys=3.50, real=0.53 secs] 
2024-03-22T15:35:09.794+0800: 81785.215: [GC (Allocation Failure) 2024-03-22T15:35:09.794+0800: 81785.215: [ParNew: 20447332K->734061K(22937600K), 0.5368517 secs] 22936779K->3223767K(130940928K), 0.5370726 secs] [Times: user=4.48 sys=3.55, real=0.54 secs] 
2024-03-22T15:35:38.896+0800: 81814.317: [GC (Allocation Failure) 2024-03-22T15:35:38.896+0800: 81814.317: [ParNew: 20394861K->783797K(22937600K), 0.5662199 secs] 22884567K->3273689K(130940928K), 0.5664391 secs] [Times: user=4.54 sys=3.80, real=0.57 secs] 
2024-03-22T15:36:08.215+0800: 81843.636: [GC (Allocation Failure) 2024-03-22T15:36:08.215+0800: 81843.636: [ParNew: 20444597K->749192K(22937600K), 0.5750627 secs] 22934489K->3239298K(130940928K), 0.5752793 secs] [Times: user=4.56 sys=4.06, real=0.58 secs] 
2024-03-22T15:36:37.668+0800: 81873.089: [GC (Allocation Failure) 2024-03-22T15:36:37.668+0800: 81873.089: [ParNew: 20409992K->791935K(22937600K), 0.5645864 secs] 22900098K->3282333K(130940928K), 0.5648267 secs] [Times: user=4.82 sys=3.74, real=0.56 secs] 
2024-03-22T15:37:11.229+0800: 81906.649: [GC (Allocation Failure) 2024-03-22T15:37:11.229+0800: 81906.649: [ParNew: 20452735K->834538K(22937600K), 0.5741480 secs] 22943133K->3325406K(130940928K), 0.5743586 secs] [Times: user=5.59 sys=3.75, real=0.57 secs] 
2024-03-22T15:37:51.081+0800: 81946.502: [GC (Allocation Failure) 2024-03-22T15:37:51.081+0800: 81946.502: [ParNew: 20495338K->880542K(22937600K), 0.5173356 secs] 22986206K->3371723K(130940928K), 0.5175683 secs] [Times: user=4.66 sys=3.41, real=0.52 secs] 
2024-03-22T15:38:42.819+0800: 81998.240: [GC (Allocation Failure) 2024-03-22T15:38:42.819+0800: 81998.240: [ParNew: 20541342K->856007K(22937600K), 0.4636248 secs] 23032523K->3347537K(130940928K), 0.4639565 secs] [Times: user=4.29 sys=3.11, real=0.46 secs] 
2024-03-22T15:39:28.500+0800: 82043.921: [GC (Allocation Failure) 2024-03-22T15:39:28.501+0800: 82043.921: [ParNew: 20516807K->802405K(22937600K), 0.4936337 secs] 23008337K->3294193K(130940928K), 0.4938743 secs] [Times: user=4.32 sys=3.38, real=0.49 secs] 
2024-03-22T15:40:12.046+0800: 82087.467: [GC (Allocation Failure) 2024-03-22T15:40:12.046+0800: 82087.467: [ParNew: 20463205K->837615K(22937600K), 0.5054856 secs] 22954993K->3329585K(130940928K), 0.5057016 secs] [Times: user=4.61 sys=3.23, real=0.51 secs] 
2024-03-22T15:41:01.147+0800: 82136.568: [GC (Allocation Failure) 2024-03-22T15:41:01.147+0800: 82136.568: [ParNew: 20498415K->829439K(22937600K), 0.4735008 secs] 22990385K->3321638K(130940928K), 0.4737616 secs] [Times: user=4.13 sys=3.37, real=0.48 secs] 
2024-03-22T15:41:44.282+0800: 82179.703: [GC (Allocation Failure) 2024-03-22T15:41:44.282+0800: 82179.703: [ParNew: 20490239K->753979K(22937600K), 0.4740499 secs] 22982438K->3246390K(130940928K), 0.4742964 secs] [Times: user=4.08 sys=3.18, real=0.47 secs] 
2024-03-22T15:42:24.300+0800: 82219.721: [GC (Allocation Failure) 2024-03-22T15:42:24.300+0800: 82219.721: [ParNew: 20414779K->702095K(22937600K), 0.4516859 secs] 22907190K->3194690K(130940928K), 0.4519882 secs] [Times: user=4.38 sys=2.54, real=0.45 secs] 
2024-03-22T15:43:10.123+0800: 82265.544: [GC (Allocation Failure) 2024-03-22T15:43:10.123+0800: 82265.544: [ParNew: 20362895K->759260K(22937600K), 0.4593598 secs] 22855490K->3252349K(130940928K), 0.4595803 secs] [Times: user=3.81 sys=3.21, real=0.46 secs] 
2024-03-22T15:43:55.829+0800: 82311.250: [GC (Allocation Failure) 2024-03-22T15:43:55.830+0800: 82311.250: [ParNew: 20420060K->700202K(22937600K), 0.4539537 secs] 22913149K->3200272K(130940928K), 0.4541719 secs] [Times: user=4.21 sys=2.55, real=0.45 secs] 
2024-03-22T15:44:45.114+0800: 82360.535: [GC (Allocation Failure) 2024-03-22T15:44:45.114+0800: 82360.535: [ParNew: 20361002K->718277K(22937600K), 0.4656103 secs] 22861072K->3226426K(130940928K), 0.4658319 secs] [Times: user=4.15 sys=3.02, real=0.47 secs] 
2024-03-22T15:45:28.257+0800: 82403.678: [GC (Allocation Failure) 2024-03-22T15:45:28.257+0800: 82403.678: [ParNew: 20379077K->712186K(22937600K), 0.4908973 secs] 22887226K->3228337K(130940928K), 0.4911428 secs] [Times: user=4.28 sys=3.24, real=0.50 secs] 
2024-03-22T15:46:05.261+0800: 82440.682: [GC (Allocation Failure) 2024-03-22T15:46:05.261+0800: 82440.682: [ParNew: 20372986K->734091K(22937600K), 0.5104813 secs] 22889137K->3250531K(130940928K), 0.5107938 secs] [Times: user=4.16 sys=3.52, real=0.51 secs] 
2024-03-22T15:46:48.505+0800: 82483.926: [GC (Allocation Failure) 2024-03-22T15:46:48.505+0800: 82483.926: [ParNew: 20394891K->704944K(22937600K), 0.5122564 secs] 22911331K->3221515K(130940928K), 0.5125656 secs] [Times: user=4.70 sys=2.96, real=0.52 secs] 
2024-03-22T15:47:34.744+0800: 82530.165: [GC (Allocation Failure) 2024-03-22T15:47:34.744+0800: 82530.165: [ParNew: 20365744K->702062K(22937600K), 0.5060035 secs] 22882315K->3218983K(130940928K), 0.5062435 secs] [Times: user=4.20 sys=3.67, real=0.51 secs] 
2024-03-22T15:48:15.870+0800: 82571.291: [GC (Allocation Failure) 2024-03-22T15:48:15.870+0800: 82571.291: [ParNew: 20362862K->720748K(22937600K), 0.4681567 secs] 22879783K->3237815K(130940928K), 0.4684291 secs] [Times: user=4.42 sys=2.82, real=0.47 secs] 
2024-03-22T15:49:03.011+0800: 82618.432: [GC (Allocation Failure) 2024-03-22T15:49:03.011+0800: 82618.432: [ParNew: 20381548K->685560K(22937600K), 0.4874682 secs] 22898615K->3202815K(130940928K), 0.4876976 secs] [Times: user=4.24 sys=3.34, real=0.49 secs] 
2024-03-22T15:49:58.588+0800: 82674.009: [GC (Allocation Failure) 2024-03-22T15:49:58.588+0800: 82674.009: [ParNew: 20346360K->691312K(22937600K), 0.4836597 secs] 22863615K->3208816K(130940928K), 0.4839309 secs] [Times: user=4.20 sys=3.35, real=0.48 secs] 
2024-03-22T15:50:37.700+0800: 82713.121: [GC (Allocation Failure) 2024-03-22T15:50:37.700+0800: 82713.121: [ParNew: 20352112K->658949K(22937600K), 0.4734692 secs] 22869616K->3176718K(130940928K), 0.4737457 secs] [Times: user=4.29 sys=2.95, real=0.47 secs] 
2024-03-22T15:51:13.522+0800: 82748.943: [GC (Allocation Failure) 2024-03-22T15:51:13.522+0800: 82748.943: [ParNew: 20319749K->752648K(22937600K), 0.4736739 secs] 22837518K->3270767K(130940928K), 0.4739907 secs] [Times: user=4.48 sys=2.60, real=0.47 secs] 
2024-03-22T15:51:57.734+0800: 82793.154: [GC (Allocation Failure) 2024-03-22T15:51:57.734+0800: 82793.155: [ParNew: 20413448K->792271K(22937600K), 0.4834699 secs] 22931567K->3310838K(130940928K), 0.4837572 secs] [Times: user=4.49 sys=2.98, real=0.48 secs] 
2024-03-22T15:52:49.046+0800: 82844.467: [GC (Allocation Failure) 2024-03-22T15:52:49.047+0800: 82844.467: [ParNew: 20453071K->737654K(22937600K), 0.4557416 secs] 22971638K->3256814K(130940928K), 0.4560483 secs] [Times: user=4.12 sys=3.06, real=0.46 secs] 
2024-03-22T15:53:30.627+0800: 82886.047: [GC (Allocation Failure) 2024-03-22T15:53:30.627+0800: 82886.048: [ParNew: 20398454K->767882K(22937600K), 0.4467507 secs] 22917614K->3287656K(130940928K), 0.4470487 secs] [Times: user=4.27 sys=2.58, real=0.45 secs] 
2024-03-22T15:54:11.315+0800: 82926.736: [GC (Allocation Failure) 2024-03-22T15:54:11.316+0800: 82926.736: [ParNew: 20428682K->755267K(22937600K), 0.4775527 secs] 22948456K->3275549K(130940928K), 0.4778351 secs] [Times: user=4.46 sys=3.23, real=0.48 secs] 
2024-03-22T15:55:02.629+0800: 82978.050: [GC (Allocation Failure) 2024-03-22T15:55:02.630+0800: 82978.050: [ParNew: 20416067K->749048K(22937600K), 0.4882070 secs] 22936349K->3269880K(130940928K), 0.4885136 secs] [Times: user=4.15 sys=3.51, real=0.49 secs] 
2024-03-22T15:55:50.921+0800: 83026.342: [GC (Allocation Failure) 2024-03-22T15:55:50.921+0800: 83026.342: [ParNew: 20409848K->738222K(22937600K), 0.4581934 secs] 22930680K->3259674K(130940928K), 0.4584890 secs] [Times: user=4.00 sys=3.16, real=0.46 secs] 
2024-03-22T15:56:31.799+0800: 83067.220: [GC (Allocation Failure) 2024-03-22T15:56:31.799+0800: 83067.220: [ParNew: 20399022K->732964K(22937600K), 0.4296332 secs] 22920474K->3254992K(130940928K), 0.4298766 secs] [Times: user=4.19 sys=2.28, real=0.43 secs] 
2024-03-22T15:57:12.889+0800: 83108.310: [GC (Allocation Failure) 2024-03-22T15:57:12.889+0800: 83108.310: [ParNew: 20393764K->800559K(22937600K), 0.4287679 secs] 22915792K->3330265K(130940928K), 0.4289949 secs] [Times: user=4.03 sys=2.22, real=0.43 secs] 
2024-03-22T15:58:07.141+0800: 83162.562: [GC (Allocation Failure) 2024-03-22T15:58:07.141+0800: 83162.562: [ParNew: 20461359K->752264K(22937600K), 0.3876775 secs] 22991065K->3290490K(130940928K), 0.3878864 secs] [Times: user=3.98 sys=2.08, real=0.39 secs] 
2024-03-22T15:59:04.809+0800: 83220.230: [GC (Allocation Failure) 2024-03-22T15:59:04.809+0800: 83220.230: [ParNew: 20413064K->650964K(22937600K), 0.3190144 secs] 22951290K->3190500K(130940928K), 0.3192425 secs] [Times: user=3.39 sys=1.39, real=0.32 secs] 
2024-03-22T15:59:49.382+0800: 83264.803: [GC (Allocation Failure) 2024-03-22T15:59:49.383+0800: 83264.803: [ParNew: 20311764K->550864K(22937600K), 0.3946287 secs] 22851300K->3090976K(130940928K), 0.3948812 secs] [Times: user=3.86 sys=1.64, real=0.39 secs] 
2024-03-22T16:00:40.758+0800: 83316.178: [GC (Allocation Failure) 2024-03-22T16:00:40.758+0800: 83316.179: [ParNew: 20211664K->557509K(22937600K), 0.3770761 secs] 22751776K->3098153K(130940928K), 0.3773426 secs] [Times: user=3.76 sys=1.90, real=0.37 secs] 
2024-03-22T16:01:52.925+0800: 83388.346: [GC (Allocation Failure) 2024-03-22T16:01:52.925+0800: 83388.346: [ParNew: 20218309K->556258K(22937600K), 0.3962566 secs] 22758953K->3097510K(130940928K), 0.3965065 secs] [Times: user=3.86 sys=1.82, real=0.40 secs] 
2024-03-22T16:02:45.497+0800: 83440.918: [GC (Allocation Failure) 2024-03-22T16:02:45.498+0800: 83440.918: [ParNew: 20217058K->545583K(22937600K), 0.3704557 secs] 22758310K->3087648K(130940928K), 0.3707365 secs] [Times: user=3.79 sys=1.66, real=0.38 secs] 
2024-03-22T16:04:08.144+0800: 83523.565: [GC (Allocation Failure) 2024-03-22T16:04:08.145+0800: 83523.565: [ParNew: 20206383K->536341K(22937600K), 0.3763991 secs] 22748448K->3079062K(130940928K), 0.3766700 secs] [Times: user=3.70 sys=1.64, real=0.38 secs] 
2024-03-22T16:05:12.623+0800: 83588.044: [GC (Allocation Failure) 2024-03-22T16:05:12.623+0800: 83588.044: [ParNew: 20197141K->533680K(22937600K), 0.3661068 secs] 22739862K->3076914K(130940928K), 0.3663524 secs] [Times: user=3.66 sys=1.68, real=0.37 secs] 
2024-03-22T16:06:03.226+0800: 83638.647: [GC (Allocation Failure) 2024-03-22T16:06:03.227+0800: 83638.647: [ParNew: 20194480K->528395K(22937600K), 0.3729343 secs] 22737714K->3072383K(130940928K), 0.3731606 secs] [Times: user=3.75 sys=1.67, real=0.38 secs] 
2024-03-22T16:07:17.969+0800: 83713.389: [GC (Allocation Failure) 2024-03-22T16:07:17.969+0800: 83713.389: [ParNew: 20189195K->529149K(22937600K), 0.3667573 secs] 22733183K->3073278K(130940928K), 0.3669900 secs] [Times: user=3.78 sys=1.56, real=0.36 secs] 
2024-03-22T16:08:21.850+0800: 83777.271: [GC (Allocation Failure) 2024-03-22T16:08:21.850+0800: 83777.271: [ParNew: 20189949K->517186K(22937600K), 0.3701861 secs] 22734078K->3061439K(130940928K), 0.3704224 secs] [Times: user=3.84 sys=1.60, real=0.37 secs] 
2024-03-22T16:09:17.107+0800: 83832.528: [GC (Allocation Failure) 2024-03-22T16:09:17.107+0800: 83832.528: [ParNew: 20177986K->530408K(22937600K), 0.3882073 secs] 22722239K->3075139K(130940928K), 0.3884293 secs] [Times: user=3.96 sys=1.87, real=0.39 secs] 
2024-03-22T16:10:40.443+0800: 83915.863: [GC (Allocation Failure) 2024-03-22T16:10:40.443+0800: 83915.864: [ParNew: 20191208K->537089K(22937600K), 0.3788851 secs] 22735939K->3081980K(130940928K), 0.3791210 secs] [Times: user=3.89 sys=1.79, real=0.38 secs] 
2024-03-22T16:11:40.493+0800: 83975.914: [GC (Allocation Failure) 2024-03-22T16:11:40.494+0800: 83975.914: [ParNew: 20197889K->529840K(22937600K), 0.3803384 secs] 22742780K->3074894K(130940928K), 0.3805694 secs] [Times: user=3.67 sys=2.06, real=0.38 secs] 
2024-03-22T16:12:33.563+0800: 84028.984: [GC (Allocation Failure) 2024-03-22T16:12:33.564+0800: 84028.984: [ParNew: 20190640K->550808K(22937600K), 0.3944785 secs] 22735694K->3096002K(130940928K), 0.3947495 secs] [Times: user=3.97 sys=2.02, real=0.40 secs] 
2024-03-22T16:13:56.346+0800: 84111.767: [GC (Allocation Failure) 2024-03-22T16:13:56.346+0800: 84111.767: [ParNew: 20211608K->559181K(22937600K), 0.3802804 secs] 22756802K->3104557K(130940928K), 0.3805230 secs] [Times: user=3.74 sys=1.87, real=0.38 secs] 
2024-03-22T16:14:44.004+0800: 84159.425: [GC (Allocation Failure) 2024-03-22T16:14:44.005+0800: 84159.425: [ParNew: 20219981K->561202K(22937600K), 0.3796878 secs] 22765357K->3108883K(130940928K), 0.3799176 secs] [Times: user=3.83 sys=1.83, real=0.38 secs] 
2024-03-22T16:15:28.016+0800: 84203.437: [GC (Allocation Failure) 2024-03-22T16:15:28.016+0800: 84203.437: [ParNew: 20222002K->607869K(22937600K), 0.3991824 secs] 22769683K->3164395K(130940928K), 0.3995110 secs] [Times: user=3.60 sys=2.45, real=0.40 secs] 
2024-03-22T16:16:22.579+0800: 84258.000: [GC (Allocation Failure) 2024-03-22T16:16:22.579+0800: 84258.000: [ParNew: 20268669K->664984K(22937600K), 0.3897441 secs] 22825195K->3228844K(130940928K), 0.3899656 secs] [Times: user=3.74 sys=2.25, real=0.39 secs] 
2024-03-22T16:17:16.231+0800: 84311.652: [GC (Allocation Failure) 2024-03-22T16:17:16.232+0800: 84311.652: [ParNew: 20325784K->603544K(22937600K), 0.3799871 secs] 22889644K->3168348K(130940928K), 0.3802084 secs] [Times: user=3.79 sys=1.90, real=0.38 secs] 
2024-03-22T16:17:56.514+0800: 84351.935: [GC (Allocation Failure) 2024-03-22T16:17:56.514+0800: 84351.935: [ParNew: 20264344K->524820K(22937600K), 0.4358327 secs] 22829148K->3089852K(130940928K), 0.4360924 secs] [Times: user=3.97 sys=2.62, real=0.44 secs] 
2024-03-22T16:18:44.671+0800: 84400.091: [GC (Allocation Failure) 2024-03-22T16:18:44.671+0800: 84400.092: [ParNew: 20185620K->520822K(22937600K), 0.3984117 secs] 22750652K->3086198K(130940928K), 0.3986406 secs] [Times: user=4.04 sys=2.11, real=0.40 secs] 
2024-03-22T16:19:54.763+0800: 84470.184: [GC (Allocation Failure) 2024-03-22T16:19:54.763+0800: 84470.184: [ParNew: 20181622K->587105K(22937600K), 0.3974940 secs] 22746998K->3152760K(130940928K), 0.3977088 secs] [Times: user=4.00 sys=2.23, real=0.40 secs] 
2024-03-22T16:20:42.235+0800: 84517.656: [GC (Allocation Failure) 2024-03-22T16:20:42.236+0800: 84517.656: [ParNew: 20247905K->595817K(22937600K), 0.4128385 secs] 22813560K->3161707K(130940928K), 0.4130643 secs] [Times: user=4.04 sys=2.16, real=0.42 secs] 
2024-03-22T16:21:24.331+0800: 84559.752: [GC (Allocation Failure) 2024-03-22T16:21:24.331+0800: 84559.752: [ParNew: 20256617K->605806K(22937600K), 0.4278911 secs] 22822507K->3172018K(130940928K), 0.4281276 secs] [Times: user=4.02 sys=2.43, real=0.43 secs] 
2024-03-22T16:21:54.172+0800: 84589.593: [GC (Allocation Failure) 2024-03-22T16:21:54.172+0800: 84589.593: [ParNew: 20266606K->662185K(22937600K), 0.4544342 secs] 22832818K->3228680K(130940928K), 0.4546893 secs] [Times: user=4.04 sys=2.36, real=0.45 secs] 
2024-03-22T16:22:18.269+0800: 84613.690: [GC (Allocation Failure) 2024-03-22T16:22:18.269+0800: 84613.690: [ParNew: 20322985K->723187K(22937600K), 0.4516661 secs] 22889480K->3289912K(130940928K), 0.4519010 secs] [Times: user=3.97 sys=2.39, real=0.45 secs] 
2024-03-22T16:22:43.493+0800: 84638.913: [GC (Allocation Failure) 2024-03-22T16:22:43.493+0800: 84638.914: [ParNew: 20383987K->744421K(22937600K), 0.4228795 secs] 22950712K->3311509K(130940928K), 0.4230986 secs] [Times: user=4.06 sys=1.94, real=0.42 secs] 
2024-03-22T16:23:08.791+0800: 84664.211: [GC (Allocation Failure) 2024-03-22T16:23:08.791+0800: 84664.212: [ParNew: 20405221K->780590K(22937600K), 0.3326223 secs] 22972309K->3347987K(130940928K), 0.3328438 secs] [Times: user=3.88 sys=0.57, real=0.33 secs] 
2024-03-22T16:23:36.747+0800: 84692.168: [GC (Allocation Failure) 2024-03-22T16:23:36.747+0800: 84692.168: [ParNew: 20441390K->812958K(22937600K), 0.4481019 secs] 23008787K->3380613K(130940928K), 0.4483228 secs] [Times: user=4.25 sys=2.31, real=0.45 secs] 
2024-03-22T16:24:05.229+0800: 84720.649: [GC (Allocation Failure) 2024-03-22T16:24:05.229+0800: 84720.650: [ParNew: 20473758K->854172K(22937600K), 0.4233883 secs] 23041413K->3422245K(130940928K), 0.4235969 secs] [Times: user=4.07 sys=2.05, real=0.42 secs] 
2024-03-22T16:24:34.603+0800: 84750.024: [GC (Allocation Failure) 2024-03-22T16:24:34.603+0800: 84750.024: [ParNew: 20514972K->915634K(22937600K), 0.4247799 secs] 23083045K->3484109K(130940928K), 0.4249911 secs] [Times: user=4.35 sys=1.90, real=0.43 secs] 
2024-03-22T16:25:02.050+0800: 84777.471: [GC (Allocation Failure) 2024-03-22T16:25:02.050+0800: 84777.471: [ParNew: 20576434K->980651K(22937600K), 0.4001135 secs] 23144909K->3549391K(130940928K), 0.4003186 secs] [Times: user=4.13 sys=1.60, real=0.40 secs] 
2024-03-22T16:25:27.640+0800: 84803.061: [GC (Allocation Failure) 2024-03-22T16:25:27.640+0800: 84803.061: [ParNew: 20641451K->1047110K(22937600K), 0.4084146 secs] 23210191K->3616155K(130940928K), 0.4086327 secs] [Times: user=4.07 sys=1.70, real=0.41 secs] 
2024-03-22T16:25:53.393+0800: 84828.814: [GC (Allocation Failure) 2024-03-22T16:25:53.393+0800: 84828.814: [ParNew: 20707910K->1060134K(22937600K), 0.4439444 secs] 23276955K->3634078K(130940928K), 0.4441657 secs] [Times: user=4.22 sys=2.09, real=0.44 secs] 
2024-03-22T16:26:19.444+0800: 84854.865: [GC (Allocation Failure) 2024-03-22T16:26:19.444+0800: 84854.865: [ParNew: 20720934K->1134681K(22937600K), 0.4353891 secs] 23294878K->3717593K(130940928K), 0.4356356 secs] [Times: user=4.50 sys=1.40, real=0.44 secs] 
2024-03-22T16:26:45.641+0800: 84881.062: [GC (Allocation Failure) 2024-03-22T16:26:45.641+0800: 84881.062: [ParNew: 20795481K->1171723K(22937600K), 0.4408447 secs] 23378393K->3762158K(130940928K), 0.4410744 secs] [Times: user=4.36 sys=1.84, real=0.44 secs] 
2024-03-22T16:27:10.917+0800: 84906.337: [GC (Allocation Failure) 2024-03-22T16:27:10.917+0800: 84906.338: [ParNew: 20832523K->1149224K(22937600K), 0.4197615 secs] 23422958K->3746864K(130940928K), 0.4199943 secs] [Times: user=4.34 sys=1.60, real=0.42 secs] 
2024-03-22T16:27:36.163+0800: 84931.584: [GC (Allocation Failure) 2024-03-22T16:27:36.164+0800: 84931.584: [ParNew: 20810024K->1199204K(22937600K), 0.3630164 secs] 23407664K->3798930K(130940928K), 0.3632556 secs] [Times: user=4.26 sys=0.82, real=0.36 secs] 
2024-03-22T16:28:03.746+0800: 84959.167: [GC (Allocation Failure) 2024-03-22T16:28:03.747+0800: 84959.167: [ParNew: 20860004K->1138039K(22937600K), 0.3979981 secs] 23459730K->3738064K(130940928K), 0.3982298 secs] [Times: user=4.19 sys=1.50, real=0.40 secs] 
2024-03-22T16:28:30.390+0800: 84985.810: [GC (Allocation Failure) 2024-03-22T16:28:30.390+0800: 84985.811: [ParNew: 20798839K->1110955K(22937600K), 0.4456992 secs] 23398864K->3711304K(130940928K), 0.4459153 secs] [Times: user=4.31 sys=2.03, real=0.44 secs] 
2024-03-22T16:28:58.244+0800: 85013.665: [GC (Allocation Failure) 2024-03-22T16:28:58.245+0800: 85013.665: [ParNew: 20771755K->1156391K(22937600K), 0.4415896 secs] 23372104K->3757036K(130940928K), 0.4418162 secs] [Times: user=4.57 sys=1.91, real=0.44 secs] 
2024-03-22T16:29:22.371+0800: 85037.792: [GC (Allocation Failure) 2024-03-22T16:29:22.372+0800: 85037.792: [ParNew: 20817191K->1160906K(22937600K), 0.4260080 secs] 23417836K->3761740K(130940928K), 0.4262298 secs] [Times: user=4.08 sys=1.92, real=0.43 secs] 
2024-03-22T16:29:47.496+0800: 85062.917: [GC (Allocation Failure) 2024-03-22T16:29:47.496+0800: 85062.917: [ParNew: 20821706K->1181543K(22937600K), 0.4113792 secs] 23422540K->3782554K(130940928K), 0.4115937 secs] [Times: user=4.12 sys=1.72, real=0.42 secs] 
2024-03-22T16:30:11.601+0800: 85087.022: [GC (Allocation Failure) 2024-03-22T16:30:11.601+0800: 85087.022: [ParNew: 20842343K->1153518K(22937600K), 0.4244325 secs] 23443354K->3754720K(130940928K), 0.4246564 secs] [Times: user=4.53 sys=1.24, real=0.42 secs] 
2024-03-22T16:30:35.500+0800: 85110.921: [GC (Allocation Failure) 2024-03-22T16:30:35.500+0800: 85110.921: [ParNew: 20814318K->1204925K(22937600K), 0.4311499 secs] 23415520K->3806376K(130940928K), 0.4313756 secs] [Times: user=4.34 sys=1.79, real=0.43 secs] 
2024-03-22T16:31:01.489+0800: 85136.910: [GC (Allocation Failure) 2024-03-22T16:31:01.489+0800: 85136.910: [ParNew: 20865725K->1220074K(22937600K), 0.4235684 secs] 23467176K->3821740K(130940928K), 0.4238221 secs] [Times: user=4.11 sys=1.76, real=0.42 secs] 
2024-03-22T16:31:28.585+0800: 85164.006: [GC (Allocation Failure) 2024-03-22T16:31:28.585+0800: 85164.006: [ParNew: 20880874K->1231161K(22937600K), 0.4064214 secs] 23482540K->3833063K(130940928K), 0.4066480 secs] [Times: user=4.36 sys=1.49, real=0.41 secs] 
2024-03-22T16:31:56.124+0800: 85191.545: [GC (Allocation Failure) 2024-03-22T16:31:56.125+0800: 85191.545: [ParNew: 20891961K->1255443K(22937600K), 0.3232930 secs] 23493863K->3857605K(130940928K), 0.3235091 secs] [Times: user=3.93 sys=0.50, real=0.33 secs] 
2024-03-22T16:32:28.327+0800: 85223.747: [GC (Allocation Failure) 2024-03-22T16:32:28.327+0800: 85223.747: [ParNew: 20916243K->1263990K(22937600K), 0.3970877 secs] 23518405K->3866422K(130940928K), 0.3973390 secs] [Times: user=4.23 sys=1.59, real=0.40 secs] 
2024-03-22T16:32:58.659+0800: 85254.080: [GC (Allocation Failure) 2024-03-22T16:32:58.659+0800: 85254.080: [ParNew: 20924790K->1253700K(22937600K), 0.4182422 secs] 23527222K->3856402K(130940928K), 0.4184663 secs] [Times: user=4.35 sys=1.77, real=0.42 secs] 
2024-03-22T16:33:30.641+0800: 85286.062: [GC (Allocation Failure) 2024-03-22T16:33:30.641+0800: 85286.062: [ParNew: 20914500K->1235510K(22937600K), 0.4690191 secs] 23517202K->3838504K(130940928K), 0.4692377 secs] [Times: user=4.76 sys=2.18, real=0.47 secs] 
2024-03-22T16:34:01.441+0800: 85316.862: [GC (Allocation Failure) 2024-03-22T16:34:01.442+0800: 85316.862: [ParNew: 20896310K->1178066K(22937600K), 0.4606226 secs] 23499304K->3781895K(130940928K), 0.4608642 secs] [Times: user=4.81 sys=1.95, real=0.46 secs] 
2024-03-22T16:34:28.506+0800: 85343.926: [GC (Allocation Failure) 2024-03-22T16:34:28.506+0800: 85343.927: [ParNew: 20838866K->1216967K(22937600K), 0.4702616 secs] 23442695K->3829210K(130940928K), 0.4704832 secs] [Times: user=4.88 sys=1.92, real=0.47 secs] 
2024-03-22T16:34:56.032+0800: 85371.453: [GC (Allocation Failure) 2024-03-22T16:34:56.032+0800: 85371.453: [ParNew: 20877767K->1253774K(22937600K), 0.4776417 secs] 23490010K->3874307K(130940928K), 0.4778663 secs] [Times: user=5.01 sys=2.00, real=0.48 secs] 
2024-03-22T16:35:21.789+0800: 85397.210: [GC (Allocation Failure) 2024-03-22T16:35:21.789+0800: 85397.210: [ParNew: 20914574K->1251220K(22937600K), 0.4638515 secs] 23535107K->3880023K(130940928K), 0.4640662 secs] [Times: user=4.84 sys=1.89, real=0.46 secs] 
2024-03-22T16:35:48.970+0800: 85424.391: [GC (Allocation Failure) 2024-03-22T16:35:48.970+0800: 85424.391: [ParNew: 20912020K->1206344K(22937600K), 0.4238374 secs] 23540823K->3835752K(130940928K), 0.4240495 secs] [Times: user=4.39 sys=1.66, real=0.42 secs] 
2024-03-22T16:36:14.952+0800: 85450.372: [GC (Allocation Failure) 2024-03-22T16:36:14.952+0800: 85450.372: [ParNew: 20867144K->850648K(22937600K), 0.4032756 secs] 23496552K->3480528K(130940928K), 0.4034953 secs] [Times: user=4.20 sys=1.57, real=0.40 secs] 
2024-03-22T16:36:42.406+0800: 85477.827: [GC (Allocation Failure) 2024-03-22T16:36:42.407+0800: 85477.827: [ParNew: 20511448K->1040527K(22937600K), 0.4119275 secs] 23141328K->3670879K(130940928K), 0.4121900 secs] [Times: user=4.23 sys=1.60, real=0.42 secs] 
2024-03-22T16:37:10.449+0800: 85505.870: [GC (Allocation Failure) 2024-03-22T16:37:10.449+0800: 85505.870: [ParNew: 20701327K->1117496K(22937600K), 0.4101211 secs] 23331679K->3748351K(130940928K), 0.4104097 secs] [Times: user=4.24 sys=1.64, real=0.41 secs] 
2024-03-22T16:37:40.129+0800: 85535.550: [GC (Allocation Failure) 2024-03-22T16:37:40.129+0800: 85535.550: [ParNew: 20778296K->1152462K(22937600K), 0.4112200 secs] 23409151K->3783862K(130940928K), 0.4114491 secs] [Times: user=4.22 sys=1.73, real=0.41 secs] 
2024-03-22T16:38:07.737+0800: 85563.158: [GC (Allocation Failure) 2024-03-22T16:38:07.737+0800: 85563.158: [ParNew: 20813262K->1173688K(22937600K), 0.4073059 secs] 23444662K->3805611K(130940928K), 0.4075318 secs] [Times: user=4.31 sys=1.58, real=0.41 secs] 
2024-03-22T16:38:34.293+0800: 85589.714: [GC (Allocation Failure) 2024-03-22T16:38:34.293+0800: 85589.714: [ParNew: 20834488K->1233652K(22937600K), 0.3209522 secs] 23466411K->3866122K(130940928K), 0.3211666 secs] [Times: user=4.25 sys=0.44, real=0.32 secs] 
2024-03-22T16:39:03.004+0800: 85618.425: [GC (Allocation Failure) 2024-03-22T16:39:03.004+0800: 85618.425: [ParNew: 20894452K->1166875K(22937600K), 0.4182739 secs] 23526922K->3799897K(130940928K), 0.4184918 secs] [Times: user=4.50 sys=1.57, real=0.42 secs] 
2024-03-22T16:39:32.628+0800: 85648.049: [GC (Allocation Failure) 2024-03-22T16:39:32.628+0800: 85648.049: [ParNew: 20827675K->1228822K(22937600K), 0.4199666 secs] 23460697K->3862417K(130940928K), 0.4201929 secs] [Times: user=4.43 sys=1.68, real=0.42 secs] 
2024-03-22T16:40:00.716+0800: 85676.136: [GC (Allocation Failure) 2024-03-22T16:40:00.716+0800: 85676.137: [ParNew: 20889622K->1222586K(22937600K), 0.4621274 secs] 23523217K->3856762K(130940928K), 0.4623455 secs] [Times: user=4.67 sys=2.12, real=0.47 secs] 
2024-03-22T16:40:29.213+0800: 85704.634: [GC (Allocation Failure) 2024-03-22T16:40:29.214+0800: 85704.634: [ParNew: 20883386K->1263948K(22937600K), 0.4390215 secs] 23517562K->3898707K(130940928K), 0.4393012 secs] [Times: user=4.54 sys=1.84, real=0.44 secs] 
2024-03-22T16:40:57.437+0800: 85732.857: [GC (Allocation Failure) 2024-03-22T16:40:57.437+0800: 85732.858: [ParNew: 20924748K->1262849K(22937600K), 0.4402873 secs] 23559507K->3898221K(130940928K), 0.4405596 secs] [Times: user=4.83 sys=1.51, real=0.45 secs] 
2024-03-22T16:41:28.052+0800: 85763.472: [GC (Allocation Failure) 2024-03-22T16:41:28.052+0800: 85763.473: [ParNew: 20923649K->1271115K(22937600K), 0.4176848 secs] 23559021K->3907109K(130940928K), 0.4179540 secs] [Times: user=4.37 sys=1.67, real=0.42 secs] 
2024-03-22T16:41:53.619+0800: 85789.040: [GC (Allocation Failure) 2024-03-22T16:41:53.619+0800: 85789.040: [ParNew: 20931915K->1263613K(22937600K), 0.3497873 secs] 23567909K->3900158K(130940928K), 0.3500749 secs] [Times: user=4.53 sys=0.54, real=0.35 secs] 
2024-03-22T16:42:20.329+0800: 85815.750: [GC (Allocation Failure) 2024-03-22T16:42:20.329+0800: 85815.750: [ParNew: 20924413K->1270260K(22937600K), 0.4521436 secs] 23560958K->3907367K(130940928K), 0.4524524 secs] [Times: user=4.81 sys=1.74, real=0.45 secs] 
2024-03-22T16:42:45.980+0800: 85841.401: [GC (Allocation Failure) 2024-03-22T16:42:45.980+0800: 85841.401: [ParNew: 20931060K->1239684K(22937600K), 0.4910221 secs] 23568167K->3880041K(130940928K), 0.4913363 secs] [Times: user=5.20 sys=1.97, real=0.49 secs] 
2024-03-22T16:43:15.062+0800: 85870.483: [GC (Allocation Failure) 2024-03-22T16:43:15.062+0800: 85870.483: [ParNew: 20900484K->1307971K(22937600K), 0.4747941 secs] 23540841K->3956664K(130940928K), 0.4750398 secs] [Times: user=5.05 sys=1.96, real=0.47 secs] 
2024-03-22T16:43:42.856+0800: 85898.277: [GC (Allocation Failure) 2024-03-22T16:43:42.857+0800: 85898.278: [ParNew: 20968771K->1307145K(22937600K), 0.5260572 secs] 23617464K->3964115K(130940928K), 0.5264258 secs] [Times: user=5.21 sys=2.38, real=0.53 secs] 
2024-03-22T16:44:09.443+0800: 85924.864: [GC (Allocation Failure) 2024-03-22T16:44:09.443+0800: 85924.864: [ParNew: 20967945K->1395011K(22937600K), 0.4921620 secs] 23624915K->4060321K(130940928K), 0.4924588 secs] [Times: user=4.73 sys=2.33, real=0.49 secs] 
2024-03-22T16:44:33.421+0800: 85948.842: [GC (Allocation Failure) 2024-03-22T16:44:33.421+0800: 85948.842: [ParNew: 21055811K->1304821K(22937600K), 0.3514204 secs] 23721121K->3971967K(130940928K), 0.3516748 secs] [Times: user=4.28 sys=0.56, real=0.35 secs] 
2024-03-22T16:44:59.491+0800: 85974.912: [GC (Allocation Failure) 2024-03-22T16:44:59.491+0800: 85974.912: [ParNew: 20965621K->1226170K(22937600K), 0.5258999 secs] 23632767K->3897229K(130940928K), 0.5261494 secs] [Times: user=5.11 sys=2.69, real=0.52 secs] 
2024-03-22T16:45:26.424+0800: 86001.845: [GC (Allocation Failure) 2024-03-22T16:45:26.424+0800: 86001.845: [ParNew: 20886970K->1208975K(22937600K), 0.4884170 secs] 23558029K->3886055K(130940928K), 0.4887314 secs] [Times: user=4.93 sys=2.23, real=0.49 secs] 
2024-03-22T16:45:53.753+0800: 86029.173: [GC (Allocation Failure) 2024-03-22T16:45:53.753+0800: 86029.174: [ParNew: 20869775K->1303129K(22937600K), 0.4720279 secs] 23546855K->3987306K(130940928K), 0.4723228 secs] [Times: user=4.49 sys=2.38, real=0.47 secs] 
2024-03-22T16:46:20.869+0800: 86056.290: [GC (Allocation Failure) 2024-03-22T16:46:20.870+0800: 86056.290: [ParNew: 20963929K->1190643K(22937600K), 0.4928605 secs] 23648106K->3881940K(130940928K), 0.4931978 secs] [Times: user=4.93 sys=2.37, real=0.49 secs] 
2024-03-22T16:46:46.990+0800: 86082.411: [GC (Allocation Failure) 2024-03-22T16:46:46.990+0800: 86082.411: [ParNew: 20851443K->1258958K(22937600K), 0.5665807 secs] 23542740K->3957071K(130940928K), 0.5668112 secs] [Times: user=5.55 sys=3.14, real=0.56 secs] 
2024-03-22T16:47:13.697+0800: 86109.118: [GC (Allocation Failure) 2024-03-22T16:47:13.697+0800: 86109.118: [ParNew: 20919758K->1223223K(22937600K), 0.4559597 secs] 23617871K->3927955K(130940928K), 0.4562027 secs] [Times: user=4.45 sys=2.25, real=0.46 secs] 
2024-03-22T16:47:43.493+0800: 86138.914: [GC (Allocation Failure) 2024-03-22T16:47:43.493+0800: 86138.914: [ParNew: 20884023K->1276207K(22937600K), 0.4461552 secs] 23588755K->3987524K(130940928K), 0.4464447 secs] [Times: user=4.53 sys=2.00, real=0.45 secs] 
2024-03-22T16:48:10.294+0800: 86165.715: [GC (Allocation Failure) 2024-03-22T16:48:10.294+0800: 86165.715: [ParNew: 20937007K->1227091K(22937600K), 0.5727424 secs] 23648324K->3945001K(130940928K), 0.5729906 secs] [Times: user=6.88 sys=1.86, real=0.57 secs] 
2024-03-22T16:48:38.825+0800: 86194.246: [GC (Allocation Failure) 2024-03-22T16:48:38.825+0800: 86194.246: [ParNew: 20887891K->1335703K(22937600K), 0.4361722 secs] 23605801K->4060772K(130940928K), 0.4364197 secs] [Times: user=4.38 sys=1.97, real=0.44 secs] 
2024-03-22T16:49:04.751+0800: 86220.172: [GC (Allocation Failure) 2024-03-22T16:49:04.751+0800: 86220.172: [ParNew: 20996503K->1291632K(22937600K), 0.4238624 secs] 23721572K->4024125K(130940928K), 0.4241248 secs] [Times: user=4.58 sys=1.36, real=0.42 secs] 
2024-03-22T16:49:34.304+0800: 86249.725: [GC (Allocation Failure) 2024-03-22T16:49:34.305+0800: 86249.725: [ParNew: 20952432K->1297329K(22937600K), 0.4593686 secs] 23684925K->4037336K(130940928K), 0.4596350 secs] [Times: user=4.59 sys=2.12, real=0.46 secs] 
2024-03-22T16:50:02.487+0800: 86277.908: [GC (Allocation Failure) 2024-03-22T16:50:02.487+0800: 86277.908: [ParNew: 20958129K->1287161K(22937600K), 0.4778382 secs] 23698136K->4034137K(130940928K), 0.4781035 secs] [Times: user=4.67 sys=2.24, real=0.48 secs] 
2024-03-22T16:50:29.018+0800: 86304.439: [GC (Allocation Failure) 2024-03-22T16:50:29.018+0800: 86304.439: [ParNew: 20947961K->1329132K(22937600K), 0.5181382 secs] 23694937K->4083012K(130940928K), 0.5183933 secs] [Times: user=5.19 sys=2.55, real=0.51 secs] 
2024-03-22T16:50:58.708+0800: 86334.128: [GC (Allocation Failure) 2024-03-22T16:50:58.708+0800: 86334.128: [ParNew: 20989932K->1279077K(22937600K), 0.4313381 secs] 23743812K->4039556K(130940928K), 0.4316137 secs] [Times: user=4.28 sys=1.99, real=0.43 secs] 
2024-03-22T16:51:26.696+0800: 86362.117: [GC (Allocation Failure) 2024-03-22T16:51:26.696+0800: 86362.117: [ParNew: 20939877K->1214499K(22937600K), 0.5190471 secs] 23700356K->3988595K(130940928K), 0.5193163 secs] [Times: user=5.29 sys=2.48, real=0.52 secs] 
2024-03-22T16:51:54.868+0800: 86390.289: [GC (Allocation Failure) 2024-03-22T16:51:54.869+0800: 86390.289: [ParNew: 20875299K->1318832K(22937600K), 0.4336998 secs] 23649395K->4107896K(130940928K), 0.4339735 secs] [Times: user=4.34 sys=1.89, real=0.43 secs] 
2024-03-22T16:52:19.852+0800: 86415.273: [GC (Allocation Failure) 2024-03-22T16:52:19.852+0800: 86415.273: [ParNew: 20979632K->1270862K(22937600K), 0.4572869 secs] 23768696K->4074838K(130940928K), 0.4575484 secs] [Times: user=4.78 sys=1.89, real=0.46 secs] 
2024-03-22T16:52:47.062+0800: 86442.482: [GC (Allocation Failure) 2024-03-22T16:52:47.062+0800: 86442.482: [ParNew: 20931662K->1275093K(22937600K), 0.3588782 secs] 23735638K->4087827K(130940928K), 0.3591217 secs] [Times: user=4.60 sys=0.46, real=0.36 secs] 
2024-03-22T16:53:15.414+0800: 86470.835: [GC (Allocation Failure) 2024-03-22T16:53:15.414+0800: 86470.835: [ParNew: 20935893K->1244027K(22937600K), 0.4415938 secs] 23748627K->4064065K(130940928K), 0.4418203 secs] [Times: user=4.47 sys=1.95, real=0.44 secs] 
2024-03-22T16:53:44.326+0800: 86499.747: [GC (Allocation Failure) 2024-03-22T16:53:44.327+0800: 86499.747: [ParNew: 20904827K->1248996K(22937600K), 0.4411572 secs] 23724865K->4075894K(130940928K), 0.4414471 secs] [Times: user=4.86 sys=1.52, real=0.45 secs] 
2024-03-22T16:54:10.603+0800: 86526.024: [GC (Allocation Failure) 2024-03-22T16:54:10.603+0800: 86526.024: [ParNew: 20909796K->1230925K(22937600K), 0.4397054 secs] 23736694K->4064468K(130940928K), 0.4399345 secs] [Times: user=4.35 sys=1.89, real=0.44 secs] 
2024-03-22T16:54:40.065+0800: 86555.486: [GC (Allocation Failure) 2024-03-22T16:54:40.065+0800: 86555.486: [ParNew: 20891725K->1191874K(22937600K), 0.4580966 secs] 23725268K->4032267K(130940928K), 0.4583281 secs] [Times: user=4.70 sys=2.06, real=0.46 secs] 
2024-03-22T16:55:09.038+0800: 86584.459: [GC (Allocation Failure) 2024-03-22T16:55:09.038+0800: 86584.459: [ParNew: 20852674K->1235469K(22937600K), 0.4502913 secs] 23693067K->4083070K(130940928K), 0.4505252 secs] [Times: user=4.74 sys=1.80, real=0.45 secs] 
2024-03-22T16:55:38.307+0800: 86613.728: [GC (Allocation Failure) 2024-03-22T16:55:38.307+0800: 86613.728: [ParNew: 20896269K->1292535K(22937600K), 0.4461054 secs] 23743870K->4147317K(130940928K), 0.4463442 secs] [Times: user=4.78 sys=1.72, real=0.45 secs] 
2024-03-22T16:56:07.470+0800: 86642.891: [GC (Allocation Failure) 2024-03-22T16:56:07.470+0800: 86642.891: [ParNew: 20953335K->1202360K(22937600K), 0.4292171 secs] 23808117K->4064268K(130940928K), 0.4294486 secs] [Times: user=4.09 sys=1.98, real=0.43 secs] 
2024-03-22T16:56:34.509+0800: 86669.930: [GC (Allocation Failure) 2024-03-22T16:56:34.509+0800: 86669.930: [ParNew: 20863160K->1247408K(22937600K), 0.4500907 secs] 23725068K->4116451K(130940928K), 0.4503293 secs] [Times: user=4.62 sys=1.73, real=0.45 secs] 
2024-03-22T16:57:04.830+0800: 86700.251: [GC (Allocation Failure) 2024-03-22T16:57:04.830+0800: 86700.251: [ParNew: 20908208K->1207245K(22937600K), 0.4263010 secs] 23777251K->4083107K(130940928K), 0.4265116 secs] [Times: user=4.01 sys=2.03, real=0.42 secs] 
2024-03-22T16:57:36.659+0800: 86732.080: [GC (Allocation Failure) 2024-03-22T16:57:36.659+0800: 86732.080: [ParNew: 20868045K->1233806K(22937600K), 0.4832354 secs] 23743907K->4116713K(130940928K), 0.4834600 secs] [Times: user=5.45 sys=1.71, real=0.48 secs] 
2024-03-22T16:58:06.623+0800: 86762.044: [GC (Allocation Failure) 2024-03-22T16:58:06.623+0800: 86762.044: [ParNew: 20894606K->1128088K(22937600K), 0.4162835 secs] 23777513K->4018239K(130940928K), 0.4165044 secs] [Times: user=4.01 sys=1.98, real=0.42 secs] 
2024-03-22T16:58:37.062+0800: 86792.483: [GC (Allocation Failure) 2024-03-22T16:58:37.062+0800: 86792.483: [ParNew: 20788888K->1205866K(22937600K), 0.4455025 secs] 23679039K->4103692K(130940928K), 0.4457445 secs] [Times: user=4.70 sys=1.66, real=0.45 secs] 
2024-03-22T16:59:05.822+0800: 86821.243: [GC (Allocation Failure) 2024-03-22T16:59:05.822+0800: 86821.243: [ParNew: 20866666K->1214087K(22937600K), 0.4724718 secs] 23764492K->4119615K(130940928K), 0.4727200 secs] [Times: user=4.61 sys=2.27, real=0.47 secs] 
2024-03-22T16:59:33.879+0800: 86849.300: [GC (Allocation Failure) 2024-03-22T16:59:33.879+0800: 86849.300: [ParNew: 20874887K->1209605K(22937600K), 0.4525869 secs] 23780415K->4122499K(130940928K), 0.4528094 secs] [Times: user=4.58 sys=1.82, real=0.45 secs] 
2024-03-22T16:59:59.985+0800: 86875.406: [GC (Allocation Failure) 2024-03-22T16:59:59.985+0800: 86875.406: [ParNew: 20870405K->1261591K(22937600K), 0.4329838 secs] 23783299K->4185438K(130940928K), 0.4332431 secs] [Times: user=4.91 sys=1.37, real=0.44 secs] 
2024-03-22T17:00:29.199+0800: 86904.620: [GC (Allocation Failure) 2024-03-22T17:00:29.199+0800: 86904.620: [ParNew: 20922391K->1182922K(22937600K), 0.3433711 secs] 23846238K->4119754K(130940928K), 0.3436123 secs] [Times: user=4.02 sys=0.56, real=0.34 secs] 
2024-03-22T17:00:58.808+0800: 86934.229: [GC (Allocation Failure) 2024-03-22T17:00:58.808+0800: 86934.229: [ParNew: 20843722K->1225971K(22937600K), 0.4497472 secs] 23780554K->4176176K(130940928K), 0.4500024 secs] [Times: user=4.84 sys=1.71, real=0.45 secs] 
2024-03-22T17:01:26.504+0800: 86961.925: [GC (Allocation Failure) 2024-03-22T17:01:26.504+0800: 86961.925: [ParNew: 20886771K->1213859K(22937600K), 0.4440629 secs] 23836976K->4178643K(130940928K), 0.4442802 secs] [Times: user=4.84 sys=1.60, real=0.45 secs] 
2024-03-22T17:01:54.115+0800: 86989.536: [GC (Allocation Failure) 2024-03-22T17:01:54.115+0800: 86989.536: [ParNew: 20874659K->1155353K(22937600K), 0.4528169 secs] 23839443K->4128592K(130940928K), 0.4530287 secs] [Times: user=4.40 sys=2.07, real=0.46 secs] 
2024-03-22T17:02:23.623+0800: 87019.044: [GC (Allocation Failure) 2024-03-22T17:02:23.623+0800: 87019.044: [ParNew: 20816153K->1138382K(22937600K), 0.4208467 secs] 23789392K->4118746K(130940928K), 0.4210617 secs] [Times: user=4.39 sys=1.69, real=0.42 secs] 
2024-03-22T17:02:52.330+0800: 87047.750: [GC (Allocation Failure) 2024-03-22T17:02:52.330+0800: 87047.751: [ParNew: 20799182K->1110808K(22937600K), 0.4426016 secs] 23779546K->4097567K(130940928K), 0.4428094 secs] [Times: user=4.43 sys=2.08, real=0.44 secs] 
2024-03-22T17:03:24.692+0800: 87080.113: [GC (Allocation Failure) 2024-03-22T17:03:24.692+0800: 87080.113: [ParNew: 20771608K->1068662K(22937600K), 0.7279181 secs] 23758367K->4062164K(130940928K), 0.7282088 secs] [Times: user=9.87 sys=1.81, real=0.73 secs] 
2024-03-22T17:03:55.156+0800: 87110.577: [GC (Allocation Failure) 2024-03-22T17:03:55.156+0800: 87110.577: [ParNew: 20729462K->1100152K(22937600K), 0.6620105 secs] 23722964K->4099934K(130940928K), 0.6623156 secs] [Times: user=8.32 sys=2.13, real=0.67 secs] 
2024-03-22T17:04:25.702+0800: 87141.123: [GC (Allocation Failure) 2024-03-22T17:04:25.702+0800: 87141.123: [ParNew: 20760952K->1134105K(22937600K), 0.4564265 secs] 23760734K->4140152K(130940928K), 0.4567070 secs] [Times: user=4.85 sys=1.93, real=0.46 secs] 
2024-03-22T17:04:56.462+0800: 87171.883: [GC (Allocation Failure) 2024-03-22T17:04:56.462+0800: 87171.883: [ParNew: 20794905K->1122314K(22937600K), 0.4260946 secs] 23800952K->4134851K(130940928K), 0.4263908 secs] [Times: user=4.29 sys=1.92, real=0.43 secs] 
2024-03-22T17:05:25.568+0800: 87200.989: [GC (Allocation Failure) 2024-03-22T17:05:25.568+0800: 87200.989: [ParNew: 20783114K->1110363K(22937600K), 0.4045353 secs] 23795651K->4129519K(130940928K), 0.4048165 secs] [Times: user=4.42 sys=1.73, real=0.40 secs] 
2024-03-22T17:05:57.098+0800: 87232.519: [GC (Allocation Failure) 2024-03-22T17:05:57.098+0800: 87232.519: [ParNew: 20771163K->1061461K(22937600K), 0.4281059 secs] 23790319K->4087005K(130940928K), 0.4283858 secs] [Times: user=4.85 sys=1.81, real=0.42 secs] 
2024-03-22T17:06:26.160+0800: 87261.581: [GC (Allocation Failure) 2024-03-22T17:06:26.161+0800: 87261.581: [ParNew: 20722261K->1052426K(22937600K), 0.3933935 secs] 23747805K->4084512K(130940928K), 0.3936809 secs] [Times: user=4.11 sys=1.48, real=0.39 secs] 
2024-03-22T17:06:52.468+0800: 87287.889: [GC (Allocation Failure) 2024-03-22T17:06:52.468+0800: 87287.889: [ParNew: 20713226K->1141959K(22937600K), 0.4459480 secs] 23745312K->4180813K(130940928K), 0.4462514 secs] [Times: user=4.41 sys=2.00, real=0.44 secs] 
2024-03-22T17:07:23.445+0800: 87318.866: [GC (Allocation Failure) 2024-03-22T17:07:23.445+0800: 87318.866: [ParNew: 20802759K->1157812K(22937600K), 0.3975561 secs] 23841613K->4203367K(130940928K), 0.3978175 secs] [Times: user=4.09 sys=1.64, real=0.40 secs] 
2024-03-22T17:07:54.410+0800: 87349.831: [GC (Allocation Failure) 2024-03-22T17:07:54.410+0800: 87349.831: [ParNew: 20818612K->1207495K(22937600K), 0.4040363 secs] 23864167K->4259638K(130940928K), 0.4043290 secs] [Times: user=3.91 sys=1.86, real=0.40 secs] 
2024-03-22T17:08:26.605+0800: 87382.026: [GC (Allocation Failure) 2024-03-22T17:08:26.605+0800: 87382.026: [ParNew: 20868295K->1137123K(22937600K), 0.3718326 secs] 23920438K->4195444K(130940928K), 0.3723065 secs] [Times: user=4.84 sys=1.61, real=0.37 secs] 
2024-03-22T17:08:34.173+0800: 87389.594: [GC (Allocation Failure) 2024-03-22T17:08:34.174+0800: 87389.594: [ParNew: 20797923K->1197545K(22937600K), 0.3258403 secs] 23856244K->4262534K(130940928K), 0.3263132 secs] [Times: user=4.63 sys=0.74, real=0.33 secs] 
2024-03-22T17:08:42.362+0800: 87397.783: [GC (Allocation Failure) 2024-03-22T17:08:42.362+0800: 87397.783: [ParNew: 20858345K->1313253K(22937600K), 0.3347434 secs] 23923334K->4389483K(130940928K), 0.3351877 secs] [Times: user=4.98 sys=0.32, real=0.33 secs] 
2024-03-22T17:08:51.202+0800: 87406.623: [GC (Allocation Failure) 2024-03-22T17:08:51.202+0800: 87406.623: [ParNew: 20974053K->1299847K(22937600K), 0.2893568 secs] 24050283K->4390125K(130940928K), 0.2898005 secs] [Times: user=4.09 sys=0.50, real=0.29 secs] 
2024-03-22T17:09:00.148+0800: 87415.569: [GC (Allocation Failure) 2024-03-22T17:09:00.148+0800: 87415.569: [ParNew: 20960647K->1355163K(22937600K), 0.2708732 secs] 24050925K->4459627K(130940928K), 0.2713152 secs] [Times: user=4.21 sys=0.02, real=0.27 secs] 
2024-03-22T17:09:08.807+0800: 87424.228: [GC (Allocation Failure) 2024-03-22T17:09:08.807+0800: 87424.228: [ParNew: 21015963K->1477967K(22937600K), 0.3522950 secs] 24120427K->4595896K(130940928K), 0.3527330 secs] [Times: user=4.50 sys=1.05, real=0.36 secs] 
2024-03-22T17:09:21.014+0800: 87436.434: [GC (Allocation Failure) 2024-03-22T17:09:21.014+0800: 87436.435: [ParNew: 21138767K->1268486K(22937600K), 0.3238141 secs] 24256696K->4400664K(130940928K), 0.3242557 secs] [Times: user=4.47 sys=0.73, real=0.33 secs] 
2024-03-22T17:09:29.751+0800: 87445.172: [GC (Allocation Failure) 2024-03-22T17:09:29.751+0800: 87445.172: [ParNew: 20929286K->1421564K(22937600K), 0.3082325 secs] 24061464K->4566781K(130940928K), 0.3086793 secs] [Times: user=4.77 sys=0.07, real=0.31 secs] 
2024-03-22T17:09:37.169+0800: 87452.590: [GC (Allocation Failure) 2024-03-22T17:09:37.169+0800: 87452.590: [ParNew: 21082364K->1574245K(22937600K), 0.3933712 secs] 24227581K->4759575K(130940928K), 0.3938063 secs] [Times: user=4.88 sys=1.26, real=0.39 secs] 
2024-03-22T17:09:49.908+0800: 87465.328: [GC (Allocation Failure) 2024-03-22T17:09:49.908+0800: 87465.329: [ParNew: 21235045K->1404055K(22937600K), 0.3371675 secs] 24420375K->4655228K(130940928K), 0.3376052 secs] [Times: user=4.58 sys=0.65, real=0.33 secs] 
2024-03-22T17:09:59.092+0800: 87474.513: [GC (Allocation Failure) 2024-03-22T17:09:59.092+0800: 87474.513: [ParNew: 21064855K->1278331K(22937600K), 0.3384642 secs] 24316028K->4595647K(130940928K), 0.3388790 secs] [Times: user=4.42 sys=0.84, real=0.34 secs] 
2024-03-22T17:10:09.277+0800: 87484.698: [GC (Allocation Failure) 2024-03-22T17:10:09.278+0800: 87484.698: [ParNew: 20939131K->1238671K(22937600K), 0.3340852 secs] 24256447K->4629778K(130940928K), 0.3345219 secs] [Times: user=4.66 sys=0.50, real=0.34 secs] 
2024-03-22T17:10:16.681+0800: 87492.102: [GC (Allocation Failure) 2024-03-22T17:10:16.681+0800: 87492.102: [ParNew: 20899471K->1475264K(22937600K), 0.3368383 secs] 24290578K->4939432K(130940928K), 0.3372591 secs] [Times: user=4.96 sys=0.12, real=0.34 secs] 
2024-03-22T17:10:25.175+0800: 87500.595: [GC (Allocation Failure) 2024-03-22T17:10:25.175+0800: 87500.596: [ParNew: 21136064K->1152002K(22937600K), 0.3413254 secs] 24600232K->4682197K(130940928K), 0.3417651 secs] [Times: user=4.50 sys=0.73, real=0.34 secs] 
2024-03-22T17:10:35.940+0800: 87511.361: [GC (Allocation Failure) 2024-03-22T17:10:35.940+0800: 87511.361: [ParNew: 20811949K->1156676K(22937600K), 0.3062916 secs] 24342144K->4751568K(130940928K), 0.3067291 secs] [Times: user=4.44 sys=0.27, real=0.30 secs] 
2024-03-22T17:10:43.609+0800: 87519.030: [GC (Allocation Failure) 2024-03-22T17:10:43.609+0800: 87519.030: [ParNew: 20817476K->1095502K(22937600K), 0.3247311 secs] 24412368K->4739491K(130940928K), 0.3250943 secs] [Times: user=4.76 sys=0.15, real=0.32 secs] 
2024-03-22T17:10:53.915+0800: 87529.336: [GC (Allocation Failure) 2024-03-22T17:10:53.915+0800: 87529.336: [ParNew: 20756302K->1143473K(22937600K), 0.3226540 secs] 24400291K->4837105K(130940928K), 0.3230538 secs] [Times: user=4.30 sys=0.74, real=0.33 secs] 
2024-03-22T17:11:06.873+0800: 87542.294: [GC (Allocation Failure) 2024-03-22T17:11:06.873+0800: 87542.294: [ParNew: 20804273K->1145947K(22937600K), 0.3175955 secs] 24497905K->4885993K(130940928K), 0.3180145 secs] [Times: user=4.45 sys=0.47, real=0.32 secs] 
2024-03-22T17:11:15.688+0800: 87551.109: [GC (Allocation Failure) 2024-03-22T17:11:15.688+0800: 87551.109: [ParNew: 20806747K->1110216K(22937600K), 0.2954230 secs] 24546793K->4902054K(130940928K), 0.2958314 secs] [Times: user=4.43 sys=0.03, real=0.29 secs] 
2024-03-22T17:11:24.836+0800: 87560.256: [GC (Allocation Failure) 2024-03-22T17:11:24.836+0800: 87560.257: [ParNew: 20771016K->1083707K(22937600K), 0.3459227 secs] 24562854K->4922749K(130940928K), 0.3463695 secs] [Times: user=4.54 sys=0.81, real=0.35 secs] 
2024-03-22T17:11:35.301+0800: 87570.722: [GC (Allocation Failure) 2024-03-22T17:11:35.301+0800: 87570.722: [ParNew: 20744507K->1149163K(22937600K), 0.3183739 secs] 24583549K->5035188K(130940928K), 0.3187940 secs] [Times: user=4.46 sys=0.39, real=0.32 secs] 
2024-03-22T17:11:44.621+0800: 87580.042: [GC (Allocation Failure) 2024-03-22T17:11:44.621+0800: 87580.042: [ParNew: 20809963K->1157607K(22937600K), 0.2954274 secs] 24695988K->5092094K(130940928K), 0.2958436 secs] [Times: user=4.32 sys=0.11, real=0.29 secs] 
2024-03-22T17:11:52.805+0800: 87588.226: [GC (Allocation Failure) 2024-03-22T17:11:52.805+0800: 87588.226: [ParNew: 20818407K->1141097K(22937600K), 0.3635150 secs] 24752894K->5122045K(130940928K), 0.3640095 secs] [Times: user=4.83 sys=0.74, real=0.37 secs] 
2024-03-22T17:12:04.939+0800: 87600.360: [GC (Allocation Failure) 2024-03-22T17:12:04.939+0800: 87600.360: [ParNew: 20801897K->981370K(22937600K), 0.3083808 secs] 24782845K->5008322K(130940928K), 0.3087883 secs] [Times: user=4.22 sys=0.48, real=0.31 secs] 
2024-03-22T17:12:13.530+0800: 87608.951: [GC (Allocation Failure) 2024-03-22T17:12:13.530+0800: 87608.951: [ParNew: 20642170K->1058455K(22937600K), 0.2809344 secs] 24669122K->5127513K(130940928K), 0.2813938 secs] [Times: user=4.04 sys=0.10, real=0.28 secs] 
2024-03-22T17:12:22.400+0800: 87617.821: [GC (Allocation Failure) 2024-03-22T17:12:22.400+0800: 87617.821: [ParNew: 20719255K->1031490K(22937600K), 0.3625050 secs] 24788313K->5141209K(130940928K), 0.3628592 secs] [Times: user=4.42 sys=1.05, real=0.36 secs] 
2024-03-22T17:12:32.271+0800: 87627.692: [GC (Allocation Failure) 2024-03-22T17:12:32.271+0800: 87627.692: [ParNew: 20692290K->1058562K(22937600K), 0.3251771 secs] 24802009K->5211869K(130940928K), 0.3255581 secs] [Times: user=4.45 sys=0.40, real=0.32 secs] 
2024-03-22T17:12:40.324+0800: 87635.745: [GC (Allocation Failure) 2024-03-22T17:12:40.325+0800: 87635.745: [ParNew: 20719362K->1071499K(22937600K), 0.3000556 secs] 24872669K->5266165K(130940928K), 0.3004749 secs] [Times: user=4.38 sys=0.06, real=0.30 secs] 
2024-03-22T17:12:49.057+0800: 87644.477: [GC (Allocation Failure) 2024-03-22T17:12:49.057+0800: 87644.478: [ParNew: 20732299K->1110691K(22937600K), 0.3632514 secs] 24926965K->5347369K(130940928K), 0.3637442 secs] [Times: user=4.46 sys=1.06, real=0.37 secs] 
2024-03-22T17:12:59.243+0800: 87654.663: [GC (Allocation Failure) 2024-03-22T17:12:59.243+0800: 87654.664: [ParNew: 20771491K->967679K(22937600K), 0.3169897 secs] 25008169K->5250160K(130940928K), 0.3174165 secs] [Times: user=4.38 sys=0.41, real=0.32 secs] 
2024-03-22T17:13:08.704+0800: 87664.125: [GC (Allocation Failure) 2024-03-22T17:13:08.704+0800: 87664.125: [ParNew: 20628479K->1029979K(22937600K), 0.3481581 secs] 24910960K->5353198K(130940928K), 0.3486344 secs] [Times: user=5.00 sys=0.36, real=0.35 secs] 
2024-03-22T17:13:16.721+0800: 87672.142: [GC (Allocation Failure) 2024-03-22T17:13:16.721+0800: 87672.142: [ParNew: 20690779K->1131932K(22937600K), 0.3288691 secs] 25013998K->5496351K(130940928K), 0.3293115 secs] [Times: user=4.76 sys=0.17, real=0.33 secs] 
2024-03-22T17:13:27.679+0800: 87683.099: [GC (Allocation Failure) 2024-03-22T17:13:27.679+0800: 87683.100: [ParNew: 20792732K->1047503K(22937600K), 0.3377970 secs] 25157151K->5450186K(130940928K), 0.3382655 secs] [Times: user=4.71 sys=0.45, real=0.33 secs] 
2024-03-22T17:13:35.631+0800: 87691.052: [GC (Allocation Failure) 2024-03-22T17:13:35.631+0800: 87691.052: [ParNew: 20708303K->1028464K(22937600K), 0.3532573 secs] 25110986K->5467699K(130940928K), 0.3537009 secs] [Times: user=4.50 sys=0.91, real=0.35 secs] 
2024-03-22T17:13:45.502+0800: 87700.923: [GC (Allocation Failure) 2024-03-22T17:13:45.502+0800: 87700.923: [ParNew: 20689264K->1025064K(22937600K), 0.3118009 secs] 25128499K->5501524K(130940928K), 0.3122123 secs] [Times: user=4.41 sys=0.37, real=0.31 secs] 
2024-03-22T17:13:52.519+0800: 87707.940: [GC (Allocation Failure) 2024-03-22T17:13:52.519+0800: 87707.940: [ParNew: 20685864K->962383K(22937600K), 0.2956185 secs] 25162324K->5477163K(130940928K), 0.2960264 secs] [Times: user=4.46 sys=0.07, real=0.29 secs] 
2024-03-22T17:13:59.972+0800: 87715.393: [GC (Allocation Failure) 2024-03-22T17:13:59.972+0800: 87715.393: [ParNew: 20623183K->1131664K(22937600K), 0.2938732 secs] 25137963K->5685159K(130940928K), 0.2942942 secs] [Times: user=4.44 sys=0.00, real=0.29 secs] 
2024-03-22T17:14:08.319+0800: 87723.740: [GC (Allocation Failure) 2024-03-22T17:14:08.319+0800: 87723.740: [ParNew: 20792464K->1069329K(22937600K), 0.3458379 secs] 25345959K->5660504K(130940928K), 0.3462622 secs] [Times: user=4.47 sys=0.83, real=0.34 secs] 
2024-03-22T17:14:18.291+0800: 87733.712: [GC (Allocation Failure) 2024-03-22T17:14:18.291+0800: 87733.712: [ParNew: 20730129K->1052217K(22937600K), 0.3208663 secs] 25321304K->5678887K(130940928K), 0.3212638 secs] [Times: user=4.42 sys=0.52, real=0.32 secs] 
2024-03-22T17:14:27.262+0800: 87742.682: [GC (Allocation Failure) 2024-03-22T17:14:27.262+0800: 87742.683: [ParNew: 20713017K->1029133K(22937600K), 0.2908857 secs] 25339687K->5697570K(130940928K), 0.2913262 secs] [Times: user=4.37 sys=0.00, real=0.29 secs] 
2024-03-22T17:14:35.175+0800: 87750.596: [GC (Allocation Failure) 2024-03-22T17:14:35.175+0800: 87750.596: [ParNew: 20689933K->1018505K(22937600K), 0.3493080 secs] 25358370K->5729387K(130940928K), 0.3497395 secs] [Times: user=4.35 sys=1.00, real=0.35 secs] 
2024-03-22T17:14:47.872+0800: 87763.293: [GC (Allocation Failure) 2024-03-22T17:14:47.872+0800: 87763.293: [ParNew: 20679305K->923129K(22937600K), 0.3154263 secs] 25390187K->5675555K(130940928K), 0.3158408 secs] [Times: user=4.45 sys=0.39, real=0.32 secs] 
2024-03-22T17:14:56.864+0800: 87772.285: [GC (Allocation Failure) 2024-03-22T17:14:56.865+0800: 87772.286: [ParNew: 20583929K->1098218K(22937600K), 0.3351040 secs] 25336355K->5891587K(130940928K), 0.3355091 secs] [Times: user=4.45 sys=0.81, real=0.34 secs] 
2024-03-22T17:15:06.919+0800: 87782.340: [GC (Allocation Failure) 2024-03-22T17:15:06.919+0800: 87782.340: [ParNew: 20759018K->1096067K(22937600K), 0.3075563 secs] 25552387K->5932105K(130940928K), 0.3079459 secs] [Times: user=4.26 sys=0.17, real=0.30 secs] 
2024-03-22T17:15:14.567+0800: 87789.987: [GC (Allocation Failure) 2024-03-22T17:15:14.567+0800: 87789.988: [ParNew: 20756867K->1080803K(22937600K), 0.3152124 secs] 25592905K->5959219K(130940928K), 0.3155876 secs] [Times: user=4.28 sys=0.33, real=0.32 secs] 
2024-03-22T17:15:24.421+0800: 87799.842: [GC (Allocation Failure) 2024-03-22T17:15:24.421+0800: 87799.842: [ParNew: 20741603K->997288K(22937600K), 0.2973946 secs] 25620019K->5918365K(130940928K), 0.2978700 secs] [Times: user=4.18 sys=0.32, real=0.30 secs] 
2024-03-22T17:15:36.426+0800: 87811.847: [GC (Allocation Failure) 2024-03-22T17:15:36.426+0800: 87811.847: [ParNew: 20658088K->973572K(22937600K), 0.3132078 secs] 25579165K->5936882K(130940928K), 0.3136757 secs] [Times: user=4.39 sys=0.36, real=0.32 secs] 
2024-03-22T17:15:44.216+0800: 87819.637: [GC (Allocation Failure) 2024-03-22T17:15:44.216+0800: 87819.637: [ParNew: 20634372K->1029550K(22937600K), 0.3018139 secs] 25597682K->6030912K(130940928K), 0.3022583 secs] [Times: user=4.33 sys=0.22, real=0.31 secs] 
2024-03-22T17:15:52.316+0800: 87827.737: [GC (Allocation Failure) 2024-03-22T17:15:52.316+0800: 87827.737: [ParNew: 20690350K->1081318K(22937600K), 0.2898364 secs] 25691712K->6125532K(130940928K), 0.2903144 secs] [Times: user=4.23 sys=0.04, real=0.29 secs] 
2024-03-22T17:16:02.112+0800: 87837.533: [GC (Allocation Failure) 2024-03-22T17:16:02.112+0800: 87837.533: [ParNew: 20742118K->1032065K(22937600K), 0.3582702 secs] 25786332K->6118620K(130940928K), 0.3589358 secs] [Times: user=4.52 sys=1.04, real=0.36 secs] 
2024-03-22T17:16:13.943+0800: 87849.364: [GC (Allocation Failure) 2024-03-22T17:16:13.943+0800: 87849.364: [ParNew: 20692865K->963953K(22937600K), 0.3123009 secs] 25779420K->6086097K(130940928K), 0.3127490 secs] [Times: user=4.30 sys=0.50, real=0.31 secs] 
2024-03-22T17:16:21.799+0800: 87857.220: [GC (Allocation Failure) 2024-03-22T17:16:21.799+0800: 87857.220: [ParNew: 20624753K->1163953K(22937600K), 0.2968735 secs] 25746897K->6326352K(130940928K), 0.2973028 secs] [Times: user=4.39 sys=0.01, real=0.29 secs] 
2024-03-22T17:16:31.031+0800: 87866.452: [GC (Allocation Failure) 2024-03-22T17:16:31.031+0800: 87866.452: [ParNew: 20824753K->1160542K(22937600K), 0.3624288 secs] 25987152K->6362707K(130940928K), 0.3629059 secs] [Times: user=4.50 sys=1.08, real=0.36 secs] 
2024-03-22T17:16:40.276+0800: 87875.697: [GC (Allocation Failure) 2024-03-22T17:16:40.276+0800: 87875.697: [ParNew: 20821342K->1068652K(22937600K), 0.3158794 secs] 26023507K->6310854K(130940928K), 0.3163351 secs] [Times: user=4.31 sys=0.48, real=0.32 secs] 
2024-03-22T17:16:48.763+0800: 87884.184: [GC (Allocation Failure) 2024-03-22T17:16:48.763+0800: 87884.184: [ParNew: 20729452K->1051850K(22937600K), 0.2931374 secs] 25971654K->6335637K(130940928K), 0.2935962 secs] [Times: user=4.32 sys=0.08, real=0.29 secs] 
2024-03-22T17:16:58.567+0800: 87893.987: [GC (Allocation Failure) 2024-03-22T17:16:58.567+0800: 87893.988: [ParNew: 20712650K->987295K(22937600K), 0.3730186 secs] 25996437K->6314938K(130940928K), 0.3734979 secs] [Times: user=4.51 sys=1.23, real=0.38 secs] 
2024-03-22T17:17:08.206+0800: 87903.627: [GC (Allocation Failure) 2024-03-22T17:17:08.206+0800: 87903.627: [ParNew: 20648095K->1012410K(22937600K), 0.3229735 secs] 25975738K->6381218K(130940928K), 0.3233858 secs] [Times: user=4.41 sys=0.54, real=0.33 secs] 
2024-03-22T17:17:16.181+0800: 87911.602: [GC (Allocation Failure) 2024-03-22T17:17:16.182+0800: 87911.602: [ParNew: 20673210K->1077819K(22937600K), 0.3129979 secs] 26042018K->6490868K(130940928K), 0.3134506 secs] [Times: user=4.63 sys=0.08, real=0.31 secs] 
2024-03-22T17:17:24.044+0800: 87919.465: [GC (Allocation Failure) 2024-03-22T17:17:24.045+0800: 87919.466: [ParNew: 20738619K->1057183K(22937600K), 0.3530769 secs] 26151668K->6514563K(130940928K), 0.3535644 secs] [Times: user=4.46 sys=0.95, real=0.36 secs] 
2024-03-22T17:17:33.260+0800: 87928.681: [GC (Allocation Failure) 2024-03-22T17:17:33.260+0800: 87928.681: [ParNew: 20717983K->1081989K(22937600K), 0.3227211 secs] 26175363K->6582164K(130940928K), 0.3231812 secs] [Times: user=4.38 sys=0.46, real=0.32 secs] 
2024-03-22T17:17:41.609+0800: 87937.030: [GC (Allocation Failure) 2024-03-22T17:17:41.609+0800: 87937.030: [ParNew: 20742789K->1005389K(22937600K), 0.2982038 secs] 26242964K->6547762K(130940928K), 0.2986159 secs] [Times: user=4.43 sys=0.04, real=0.30 secs] 
2024-03-22T17:17:50.526+0800: 87945.947: [GC (Allocation Failure) 2024-03-22T17:17:50.527+0800: 87945.947: [ParNew: 20666189K->993832K(22937600K), 0.3630349 secs] 26208562K->6579005K(130940928K), 0.3637072 secs] [Times: user=4.61 sys=0.84, real=0.37 secs] 
2024-03-22T17:18:00.479+0800: 87955.900: [GC (Allocation Failure) 2024-03-22T17:18:00.479+0800: 87955.900: [ParNew: 20654632K->1055700K(22937600K), 0.3170151 secs] 26239805K->6683722K(130940928K), 0.3174494 secs] [Times: user=4.39 sys=0.39, real=0.31 secs] 
2024-03-22T17:18:09.523+0800: 87964.943: [GC (Allocation Failure) 2024-03-22T17:18:09.523+0800: 87964.944: [ParNew: 20716500K->1065083K(22937600K), 0.2916266 secs] 26344522K->6739332K(130940928K), 0.2920806 secs] [Times: user=4.19 sys=0.11, real=0.29 secs] 
2024-03-22T17:18:19.718+0800: 87975.139: [GC (Allocation Failure) 2024-03-22T17:18:19.719+0800: 87975.139: [ParNew: 20725883K->1007136K(22937600K), 0.3495307 secs] 26400132K->6721502K(130940928K), 0.3499394 secs] [Times: user=4.30 sys=0.96, real=0.35 secs] 
2024-03-22T17:18:29.574+0800: 87984.994: [GC (Allocation Failure) 2024-03-22T17:18:29.574+0800: 87984.995: [ParNew: 20667936K->1068462K(22937600K), 0.3347775 secs] 26382302K->6822762K(130940928K), 0.3351424 secs] [Times: user=4.52 sys=0.41, real=0.34 secs] 
2024-03-22T17:18:38.329+0800: 87993.750: [GC (Allocation Failure) 2024-03-22T17:18:38.330+0800: 87993.751: [ParNew: 20729262K->1045469K(22937600K), 0.2938511 secs] 26483562K->6843689K(130940928K), 0.2942848 secs] [Times: user=4.23 sys=0.07, real=0.29 secs] 
2024-03-22T17:18:48.435+0800: 88003.856: [GC (Allocation Failure) 2024-03-22T17:18:48.435+0800: 88003.856: [ParNew: 20706269K->995928K(22937600K), 0.4177801 secs] 26504489K->6835955K(130940928K), 0.4182595 secs] [Times: user=5.57 sys=0.85, real=0.42 secs] 
2024-03-22T17:18:59.721+0800: 88015.142: [GC (Allocation Failure) 2024-03-22T17:18:59.721+0800: 88015.142: [ParNew: 20656728K->969697K(22937600K), 0.3144636 secs] 26496755K->6850360K(130940928K), 0.3148982 secs] [Times: user=4.22 sys=0.48, real=0.31 secs] 
2024-03-22T17:19:09.475+0800: 88024.896: [GC (Allocation Failure) 2024-03-22T17:19:09.476+0800: 88024.896: [ParNew: 20630497K->947430K(22937600K), 0.2893495 secs] 26511160K->6869331K(130940928K), 0.2897753 secs] [Times: user=4.25 sys=0.04, real=0.29 secs] 
2024-03-22T17:19:20.854+0800: 88036.275: [GC (Allocation Failure) 2024-03-22T17:19:20.855+0800: 88036.275: [ParNew: 20608230K->1014619K(22937600K), 0.3501766 secs] 26530131K->6973690K(130940928K), 0.3506388 secs] [Times: user=4.50 sys=0.84, real=0.35 secs] 
2024-03-22T17:19:30.841+0800: 88046.262: [GC (Allocation Failure) 2024-03-22T17:19:30.841+0800: 88046.262: [ParNew: 20675419K->1077762K(22937600K), 0.3739785 secs] 26634490K->7074334K(130940928K), 0.3743736 secs] [Times: user=5.16 sys=0.42, real=0.37 secs] 
2024-03-22T17:19:40.951+0800: 88056.372: [GC (Allocation Failure) 2024-03-22T17:19:40.951+0800: 88056.372: [ParNew: 20738562K->1027277K(22937600K), 0.2942062 secs] 26735134K->7062399K(130940928K), 0.2946433 secs] [Times: user=4.32 sys=0.05, real=0.29 secs] 
2024-03-22T17:19:50.225+0800: 88065.646: [GC (Allocation Failure) 2024-03-22T17:19:50.226+0800: 88065.646: [ParNew: 20688077K->1062531K(22937600K), 0.3511692 secs] 26723199K->7136252K(130940928K), 0.3516399 secs] [Times: user=4.28 sys=1.05, real=0.35 secs] 
2024-03-22T17:20:00.368+0800: 88075.789: [GC (Allocation Failure) 2024-03-22T17:20:00.368+0800: 88075.789: [ParNew: 20723331K->927378K(22937600K), 0.3113783 secs] 26797052K->7040445K(130940928K), 0.3117728 secs] [Times: user=4.22 sys=0.47, real=0.31 secs] 
2024-03-22T17:20:08.716+0800: 88084.137: [GC (Allocation Failure) 2024-03-22T17:20:08.716+0800: 88084.137: [ParNew: 20588178K->957981K(22937600K), 0.2935965 secs] 26701245K->7109230K(130940928K), 0.2940999 secs] [Times: user=4.38 sys=0.02, real=0.30 secs] 
2024-03-22T17:20:18.627+0800: 88094.048: [GC (Allocation Failure) 2024-03-22T17:20:18.627+0800: 88094.048: [ParNew: 20618781K->1147927K(22937600K), 0.3664206 secs] 26770030K->7336998K(130940928K), 0.3667741 secs] [Times: user=4.63 sys=0.88, real=0.37 secs] 
2024-03-22T17:20:28.055+0800: 88103.476: [GC (Allocation Failure) 2024-03-22T17:20:28.056+0800: 88103.476: [ParNew: 20808727K->1087957K(22937600K), 0.3279983 secs] 26997798K->7314081K(130940928K), 0.3284271 secs] [Times: user=4.35 sys=0.46, real=0.33 secs] 
2024-03-22T17:20:35.460+0800: 88110.880: [GC (Allocation Failure) 2024-03-22T17:20:35.460+0800: 88110.881: [ParNew: 20748757K->1036986K(22937600K), 0.3064950 secs] 26974881K->7302620K(130940928K), 0.3068380 secs] [Times: user=4.48 sys=0.02, real=0.30 secs] 
2024-03-22T17:20:46.050+0800: 88121.470: [GC (Allocation Failure) 2024-03-22T17:20:46.050+0800: 88121.471: [ParNew: 20697786K->979009K(22937600K), 0.3427929 secs] 26963420K->7280790K(130940928K), 0.3431900 secs] [Times: user=4.24 sys=0.88, real=0.34 secs] 
2024-03-22T17:20:55.881+0800: 88131.302: [GC (Allocation Failure) 2024-03-22T17:20:55.882+0800: 88131.303: [ParNew: 20639809K->869021K(22937600K), 0.3221258 secs] 26941590K->7207604K(130940928K), 0.3224977 secs] [Times: user=4.30 sys=0.46, real=0.32 secs] 
2024-03-22T17:21:04.048+0800: 88139.469: [GC (Allocation Failure) 2024-03-22T17:21:04.048+0800: 88139.469: [ParNew: 20529821K->1074357K(22937600K), 0.3227622 secs] 26868404K->7451959K(130940928K), 0.3232422 secs] [Times: user=4.46 sys=0.08, real=0.32 secs] 
2024-03-22T17:21:13.346+0800: 88148.767: [GC (Allocation Failure) 2024-03-22T17:21:13.346+0800: 88148.767: [ParNew: 20735157K->986959K(22937600K), 0.3642321 secs] 27112759K->7402054K(130940928K), 0.3646776 secs] [Times: user=4.61 sys=0.87, real=0.37 secs] 
2024-03-22T17:21:23.141+0800: 88158.562: [GC (Allocation Failure) 2024-03-22T17:21:23.141+0800: 88158.562: [ParNew: 20647759K->937746K(22937600K), 0.3488571 secs] 27062854K->7390597K(130940928K), 0.3492301 secs] [Times: user=4.73 sys=0.48, real=0.35 secs] 
2024-03-22T17:21:31.342+0800: 88166.762: [GC (Allocation Failure) 2024-03-22T17:21:31.342+0800: 88166.763: [ParNew: 20598546K->1005737K(22937600K), 0.3115529 secs] 27051397K->7494677K(130940928K), 0.3119244 secs] [Times: user=4.37 sys=0.04, real=0.31 secs] 
2024-03-22T17:21:40.886+0800: 88176.307: [GC (Allocation Failure) 2024-03-22T17:21:40.887+0800: 88176.308: [ParNew: 20666537K->961202K(22937600K), 0.3679918 secs] 27155477K->7487954K(130940928K), 0.3683694 secs] [Times: user=4.55 sys=0.98, real=0.37 secs] 
2024-03-22T17:21:50.722+0800: 88186.143: [GC (Allocation Failure) 2024-03-22T17:21:50.723+0800: 88186.143: [ParNew: 20622002K->1033060K(22937600K), 0.3278845 secs] 27148754K->7598594K(130940928K), 0.3282976 secs] [Times: user=4.27 sys=0.55, real=0.33 secs] 
2024-03-22T17:21:59.668+0800: 88195.089: [GC (Allocation Failure) 2024-03-22T17:21:59.668+0800: 88195.089: [ParNew: 20693860K->1053456K(22937600K), 0.2983785 secs] 27259394K->7657712K(130940928K), 0.2988195 secs] [Times: user=4.34 sys=0.02, real=0.29 secs] 
2024-03-22T17:22:08.101+0800: 88203.522: [GC (Allocation Failure) 2024-03-22T17:22:08.101+0800: 88203.522: [ParNew: 20714256K->996874K(22937600K), 0.3732137 secs] 27318512K->7639194K(130940928K), 0.3736520 secs] [Times: user=4.55 sys=1.10, real=0.37 secs] 
2024-03-22T17:22:20.465+0800: 88215.886: [GC (Allocation Failure) 2024-03-22T17:22:20.465+0800: 88215.886: [ParNew: 20657674K->988605K(22937600K), 0.3268282 secs] 27299994K->7669593K(130940928K), 0.3272954 secs] [Times: user=4.32 sys=0.59, real=0.33 secs] 
2024-03-22T17:22:29.088+0800: 88224.509: [GC (Allocation Failure) 2024-03-22T17:22:29.088+0800: 88224.509: [ParNew: 20649405K->1040946K(22937600K), 0.3031815 secs] 27330393K->7760072K(130940928K), 0.3036348 secs] [Times: user=4.41 sys=0.04, real=0.30 secs] 
2024-03-22T17:22:38.647+0800: 88234.068: [GC (Allocation Failure) 2024-03-22T17:22:38.648+0800: 88234.069: [ParNew: 20701746K->951990K(22937600K), 0.3644931 secs] 27420872K->7711550K(130940928K), 0.3649581 secs] [Times: user=4.66 sys=0.79, real=0.37 secs] 
2024-03-22T17:22:50.347+0800: 88245.767: [GC (Allocation Failure) 2024-03-22T17:22:50.347+0800: 88245.768: [ParNew: 20612790K->982593K(22937600K), 0.3183494 secs] 27372350K->7777962K(130940928K), 0.3188053 secs] [Times: user=4.33 sys=0.44, real=0.32 secs] 
2024-03-22T17:23:00.060+0800: 88255.480: [GC (Allocation Failure) 2024-03-22T17:23:00.060+0800: 88255.481: [ParNew: 20643393K->1083670K(22937600K), 0.3358600 secs] 27438762K->7915507K(130940928K), 0.3363131 secs] [Times: user=4.22 sys=0.87, real=0.33 secs] 
2024-03-22T17:23:10.717+0800: 88266.138: [GC (Allocation Failure) 2024-03-22T17:23:10.717+0800: 88266.138: [ParNew: 20744470K->1042610K(22937600K), 0.3090805 secs] 27576307K->7912992K(130940928K), 0.3095134 secs] [Times: user=4.28 sys=0.32, real=0.31 secs] 
2024-03-22T17:23:18.521+0800: 88273.942: [GC (Allocation Failure) 2024-03-22T17:23:18.521+0800: 88273.942: [ParNew: 20703410K->1041741K(22937600K), 0.2928777 secs] 27573792K->7951750K(130940928K), 0.2933054 secs] [Times: user=4.25 sys=0.10, real=0.29 secs] 
2024-03-22T17:23:26.537+0800: 88281.958: [GC (Allocation Failure) 2024-03-22T17:23:26.537+0800: 88281.958: [ParNew: 20702541K->1035966K(22937600K), 0.3126341 secs] 27612550K->7985947K(130940928K), 0.3130078 secs] [Times: user=4.68 sys=0.00, real=0.32 secs] 
2024-03-22T17:23:34.130+0800: 88289.551: [GC (Allocation Failure) 2024-03-22T17:23:34.130+0800: 88289.551: [ParNew: 20696766K->1063330K(22937600K), 0.4175705 secs] 27646747K->8052980K(130940928K), 0.4179581 secs] [Times: user=5.59 sys=0.98, real=0.42 secs] 
2024-03-22T17:23:46.294+0800: 88301.715: [GC (Allocation Failure) 2024-03-22T17:23:46.295+0800: 88301.715: [ParNew: 20724130K->1055076K(22937600K), 0.3159548 secs] 27713780K->8084001K(130940928K), 0.3163576 secs] [Times: user=4.40 sys=0.41, real=0.32 secs] 
2024-03-22T17:23:53.748+0800: 88309.169: [GC (Allocation Failure) 2024-03-22T17:23:53.748+0800: 88309.169: [ParNew: 20715876K->980079K(22937600K), 0.2938198 secs] 27744801K->8050466K(130940928K), 0.2942013 secs] [Times: user=4.30 sys=0.06, real=0.29 secs] 
2024-03-22T17:24:04.103+0800: 88319.523: [GC (Allocation Failure) 2024-03-22T17:24:04.103+0800: 88319.524: [ParNew: 20640879K->1015361K(22937600K), 0.3591733 secs] 27711266K->8122969K(130940928K), 0.3596777 secs] [Times: user=4.55 sys=0.97, real=0.36 secs] 
2024-03-22T17:24:14.041+0800: 88329.462: [GC (Allocation Failure) 2024-03-22T17:24:14.042+0800: 88329.462: [ParNew: 20676161K->996037K(22937600K), 0.3214548 secs] 27783769K->8142457K(130940928K), 0.3218738 secs] [Times: user=4.27 sys=0.60, real=0.32 secs] 
2024-03-22T17:24:23.376+0800: 88338.797: [GC (Allocation Failure) 2024-03-22T17:24:23.376+0800: 88338.797: [ParNew: 20656837K->1015249K(22937600K), 0.2963938 secs] 27803257K->8200384K(130940928K), 0.2968181 secs] [Times: user=4.39 sys=0.00, real=0.30 secs] 
2024-03-22T17:24:32.445+0800: 88347.865: [GC (Allocation Failure) 2024-03-22T17:24:32.445+0800: 88347.866: [ParNew: 20676049K->1049936K(22937600K), 0.3940635 secs] 27861184K->8272361K(130940928K), 0.3946126 secs] [Times: user=4.67 sys=1.40, real=0.40 secs] 
2024-03-22T17:24:43.899+0800: 88359.320: [GC (Allocation Failure) 2024-03-22T17:24:43.899+0800: 88359.320: [ParNew: 20710736K->1039463K(22937600K), 0.3264825 secs] 27933161K->8299580K(130940928K), 0.3269041 secs] [Times: user=4.44 sys=0.55, real=0.32 secs] 
2024-03-22T17:24:51.574+0800: 88366.995: [GC (Allocation Failure) 2024-03-22T17:24:51.574+0800: 88366.995: [ParNew: 20700263K->1017514K(22937600K), 0.2880270 secs] 27960380K->8318775K(130940928K), 0.2884371 secs] [Times: user=4.19 sys=0.07, real=0.29 secs] 
2024-03-22T17:24:59.934+0800: 88375.355: [GC (Allocation Failure) 2024-03-22T17:24:59.934+0800: 88375.355: [ParNew: 20678314K->1141937K(22937600K), 0.3479188 secs] 27979575K->8483432K(130940928K), 0.3483747 secs] [Times: user=4.38 sys=0.92, real=0.35 secs] 
2024-03-22T17:25:09.737+0800: 88385.158: [GC (Allocation Failure) 2024-03-22T17:25:09.738+0800: 88385.159: [ParNew: 20802737K->995048K(22937600K), 0.3206790 secs] 28144232K->8374978K(130940928K), 0.3211487 secs] [Times: user=4.34 sys=0.56, real=0.33 secs] 
2024-03-22T17:25:18.760+0800: 88394.181: [GC (Allocation Failure) 2024-03-22T17:25:18.760+0800: 88394.181: [ParNew: 20655848K->980137K(22937600K), 0.3124255 secs] 28035778K->8408673K(130940928K), 0.3128622 secs] [Times: user=4.63 sys=0.02, real=0.31 secs] 
2024-03-22T17:25:26.315+0800: 88401.736: [GC (Allocation Failure) 2024-03-22T17:25:26.316+0800: 88401.736: [ParNew: 20640937K->1038663K(22937600K), 0.3576005 secs] 28069473K->8517341K(130940928K), 0.3580888 secs] [Times: user=4.56 sys=0.92, real=0.36 secs] 
2024-03-22T17:25:35.573+0800: 88410.994: [GC (Allocation Failure) 2024-03-22T17:25:35.573+0800: 88410.994: [ParNew: 20699463K->1095599K(22937600K), 0.3004000 secs] 28178141K->8618958K(130940928K), 0.3008055 secs] [Times: user=4.23 sys=0.16, real=0.30 secs] 
2024-03-22T17:25:45.822+0800: 88421.243: [GC (Allocation Failure) 2024-03-22T17:25:45.823+0800: 88421.244: [ParNew: 20756399K->1068228K(22937600K), 0.2903386 secs] 28279758K->8633568K(130940928K), 0.2907555 secs] [Times: user=4.07 sys=0.28, real=0.29 secs] 
2024-03-22T17:25:54.464+0800: 88429.885: [GC (Allocation Failure) 2024-03-22T17:25:54.465+0800: 88429.885: [ParNew: 20729028K->1040541K(22937600K), 0.3339434 secs] 28294368K->8644330K(130940928K), 0.3343697 secs] [Times: user=4.24 sys=0.88, real=0.34 secs] 
2024-03-22T17:26:03.324+0800: 88438.745: [GC (Allocation Failure) 2024-03-22T17:26:03.324+0800: 88438.745: [ParNew: 20701341K->987856K(22937600K), 0.2945857 secs] 28305130K->8626871K(130940928K), 0.2950039 secs] [Times: user=4.05 sys=0.32, real=0.30 secs] 
2024-03-22T17:26:12.325+0800: 88447.746: [GC (Allocation Failure) 2024-03-22T17:26:12.326+0800: 88447.746: [ParNew: 20648656K->1017759K(22937600K), 0.2882441 secs] 28287671K->8693049K(130940928K), 0.2886607 secs] [Times: user=4.17 sys=0.19, real=0.29 secs] 
2024-03-22T17:26:19.267+0800: 88454.688: [GC (Allocation Failure) 2024-03-22T17:26:19.267+0800: 88454.688: [ParNew: 20678559K->1001095K(22937600K), 0.2785569 secs] 28353849K->8714286K(130940928K), 0.2789821 secs] [Times: user=4.15 sys=0.03, real=0.28 secs] 
2024-03-22T17:26:25.472+0800: 88460.893: [GC (Allocation Failure) 2024-03-22T17:26:25.472+0800: 88460.893: [ParNew: 20661895K->1030778K(22937600K), 0.3310632 secs] 28375086K->8782968K(130940928K), 0.3314793 secs] [Times: user=4.19 sys=0.97, real=0.33 secs] 
2024-03-22T17:26:32.403+0800: 88467.823: [GC (Allocation Failure) 2024-03-22T17:26:32.403+0800: 88467.824: [ParNew: 20691578K->979326K(22937600K), 0.2957143 secs] 28443768K->8771401K(130940928K), 0.2961428 secs] [Times: user=4.40 sys=0.41, real=0.30 secs] 
2024-03-22T17:26:36.303+0800: 88471.723: [GC (Allocation Failure) 2024-03-22T17:26:36.303+0800: 88471.724: [ParNew: 20640126K->900439K(22937600K), 0.2981551 secs] 28432201K->8730022K(130940928K), 0.2985612 secs] [Times: user=4.58 sys=0.15, real=0.30 secs] 
2024-03-22T17:26:41.109+0800: 88476.530: [GC (Allocation Failure) 2024-03-22T17:26:41.109+0800: 88476.530: [ParNew: 20561239K->858487K(22937600K), 0.2578502 secs] 28390822K->8727060K(130940928K), 0.2582554 secs] [Times: user=4.02 sys=0.04, real=0.25 secs] 
2024-03-22T17:26:44.920+0800: 88480.341: [GC (Allocation Failure) 2024-03-22T17:26:44.920+0800: 88480.341: [ParNew: 20519287K->838540K(22937600K), 0.2532123 secs] 28387860K->8747504K(130940928K), 0.2535951 secs] [Times: user=3.86 sys=0.05, real=0.25 secs] 
2024-03-22T17:26:49.739+0800: 88485.160: [GC (Allocation Failure) 2024-03-22T17:26:49.739+0800: 88485.160: [ParNew: 20499340K->805791K(22937600K), 0.3090771 secs] 28408304K->8754242K(130940928K), 0.3094960 secs] [Times: user=3.95 sys=0.94, real=0.31 secs] 
2024-03-22T17:26:55.842+0800: 88491.262: [GC (Allocation Failure) 2024-03-22T17:26:55.842+0800: 88491.263: [ParNew: 20466591K->793620K(22937600K), 0.2916737 secs] 28415042K->8780051K(130940928K), 0.2920788 secs] [Times: user=4.46 sys=0.07, real=0.29 secs] 
2024-03-22T17:27:02.418+0800: 88497.839: [GC (Allocation Failure) 2024-03-22T17:27:02.418+0800: 88497.839: [ParNew: 20454420K->768277K(22937600K), 0.2966892 secs] 28440851K->8796019K(130940928K), 0.2970821 secs] [Times: user=4.07 sys=0.44, real=0.29 secs] 
2024-03-22T17:27:09.588+0800: 88505.009: [GC (Allocation Failure) 2024-03-22T17:27:09.589+0800: 88505.009: [ParNew: 20429077K->710861K(22937600K), 0.2647208 secs] 28456819K->8780497K(130940928K), 0.2651202 secs] [Times: user=3.97 sys=0.06, real=0.26 secs] 
2024-03-22T17:27:16.529+0800: 88511.950: [GC (Allocation Failure) 2024-03-22T17:27:16.530+0800: 88511.950: [ParNew: 20371661K->738764K(22937600K), 0.3264643 secs] 28441297K->8849155K(130940928K), 0.3268811 secs] [Times: user=4.12 sys=0.99, real=0.32 secs] 
2024-03-22T17:27:25.004+0800: 88520.425: [GC (Allocation Failure) 2024-03-22T17:27:25.004+0800: 88520.425: [ParNew: 20399564K->696000K(22937600K), 0.2839441 secs] 28509955K->8846581K(130940928K), 0.2843638 secs] [Times: user=4.10 sys=0.28, real=0.29 secs] 
2024-03-22T17:27:35.575+0800: 88530.996: [GC (Allocation Failure) 2024-03-22T17:27:35.576+0800: 88530.996: [ParNew: 20356800K->679800K(22937600K), 0.2765948 secs] 28507381K->8869759K(130940928K), 0.2770333 secs] [Times: user=4.08 sys=0.13, real=0.28 secs] 
2024-03-22T17:27:43.052+0800: 88538.473: [GC (Allocation Failure) 2024-03-22T17:27:43.052+0800: 88538.473: [ParNew: 20340600K->713031K(22937600K), 0.3150183 secs] 28530559K->8943596K(130940928K), 0.3154296 secs] [Times: user=3.94 sys=0.85, real=0.31 secs] 
2024-03-22T17:27:52.710+0800: 88548.131: [GC (Allocation Failure) 2024-03-22T17:27:52.710+0800: 88548.131: [ParNew: 20373831K->752904K(22937600K), 0.3083132 secs] 28604396K->9021122K(130940928K), 0.3086689 secs] [Times: user=4.31 sys=0.29, real=0.31 secs] 
2024-03-22T17:28:01.677+0800: 88557.097: [GC (Allocation Failure) 2024-03-22T17:28:01.677+0800: 88557.098: [ParNew: 20413704K->722015K(22937600K), 0.2992436 secs] 28681922K->9026732K(130940928K), 0.2997156 secs] [Times: user=4.36 sys=0.11, real=0.30 secs] 
2024-03-22T17:28:09.587+0800: 88565.007: [GC (Allocation Failure) 2024-03-22T17:28:09.587+0800: 88565.008: [ParNew: 20382815K->730266K(22937600K), 0.2728753 secs] 28687532K->9065665K(130940928K), 0.2734177 secs] [Times: user=4.05 sys=0.03, real=0.28 secs] 
2024-03-22T17:28:19.680+0800: 88575.101: [GC (Allocation Failure) 2024-03-22T17:28:19.681+0800: 88575.101: [ParNew: 20391066K->820126K(22937600K), 0.3445613 secs] 28726465K->9176638K(130940928K), 0.3450939 secs] [Times: user=4.36 sys=0.95, real=0.34 secs] 
2024-03-22T17:28:32.316+0800: 88587.736: [GC (Allocation Failure) 2024-03-22T17:28:32.316+0800: 88587.737: [ParNew: 20480926K->726918K(22937600K), 0.2950236 secs] 28837438K->9096807K(130940928K), 0.2954808 secs] [Times: user=4.01 sys=0.41, real=0.30 secs] 
2024-03-22T17:28:41.561+0800: 88596.982: [GC (Allocation Failure) 2024-03-22T17:28:41.561+0800: 88596.982: [ParNew: 20387718K->763736K(22937600K), 0.3332499 secs] 28757607K->9145061K(130940928K), 0.3336992 secs] [Times: user=4.35 sys=0.76, real=0.33 secs] 
2024-03-22T17:28:51.653+0800: 88607.074: [GC (Allocation Failure) 2024-03-22T17:28:51.653+0800: 88607.074: [ParNew: 20424536K->917135K(22937600K), 0.2983800 secs] 28805861K->9311709K(130940928K), 0.2988216 secs] [Times: user=4.08 sys=0.46, real=0.30 secs] 
2024-03-22T17:29:00.842+0800: 88616.263: [GC (Allocation Failure) 2024-03-22T17:29:00.842+0800: 88616.263: [ParNew: 20577935K->851046K(22937600K), 0.2780210 secs] 28972509K->9261929K(130940928K), 0.2784502 secs] [Times: user=4.14 sys=0.04, real=0.28 secs] 
2024-03-22T17:29:09.223+0800: 88624.644: [GC (Allocation Failure) 2024-03-22T17:29:09.223+0800: 88624.644: [ParNew: 20511846K->1067136K(22937600K), 0.3404751 secs] 28922729K->9500094K(130940928K), 0.3409271 secs] [Times: user=4.29 sys=0.89, real=0.34 secs] 
2024-03-22T17:29:19.247+0800: 88634.668: [GC (Allocation Failure) 2024-03-22T17:29:19.248+0800: 88634.668: [ParNew: 20727936K->904191K(22937600K), 0.3027884 secs] 29160894K->9363633K(130940928K), 0.3032336 secs] [Times: user=4.18 sys=0.41, real=0.31 secs] 
2024-03-22T17:29:29.762+0800: 88645.183: [GC (Allocation Failure) 2024-03-22T17:29:29.763+0800: 88645.184: [ParNew: 20564991K->956734K(22937600K), 0.2802607 secs] 29024433K->9441091K(130940928K), 0.2807001 secs] [Times: user=4.14 sys=0.09, real=0.28 secs] 
2024-03-22T17:29:38.434+0800: 88653.855: [GC (Allocation Failure) 2024-03-22T17:29:38.434+0800: 88653.855: [ParNew: 20617534K->1082387K(22937600K), 0.3370008 secs] 29101891K->9589873K(130940928K), 0.3374609 secs] [Times: user=4.30 sys=0.88, real=0.34 secs] 
2024-03-22T17:29:48.480+0800: 88663.901: [GC (Allocation Failure) 2024-03-22T17:29:48.480+0800: 88663.901: [ParNew: 20743187K->1017583K(22937600K), 0.2874806 secs] 29250673K->9554892K(130940928K), 0.2879408 secs] [Times: user=4.19 sys=0.43, real=0.29 secs] 
2024-03-22T17:29:56.005+0800: 88671.425: [GC (Allocation Failure) 2024-03-22T17:29:56.005+0800: 88671.426: [ParNew: 20678383K->1092013K(22937600K), 0.2888844 secs] 29215692K->9658431K(130940928K), 0.2892892 secs] [Times: user=4.42 sys=0.12, real=0.29 secs] 
2024-03-22T17:30:03.894+0800: 88679.315: [GC (Allocation Failure) 2024-03-22T17:30:03.894+0800: 88679.315: [ParNew: 20752813K->1056897K(22937600K), 0.3030681 secs] 29319231K->9652969K(130940928K), 0.3035510 secs] [Times: user=4.75 sys=0.02, real=0.31 secs] 
2024-03-22T17:30:11.675+0800: 88687.096: [GC (Allocation Failure) 2024-03-22T17:30:11.676+0800: 88687.096: [ParNew: 20717697K->1109950K(22937600K), 0.3463655 secs] 29313769K->9743465K(130940928K), 0.3468940 secs] [Times: user=4.79 sys=0.81, real=0.35 secs] 
2024-03-22T17:30:20.726+0800: 88696.147: [GC (Allocation Failure) 2024-03-22T17:30:20.727+0800: 88696.147: [ParNew: 20770750K->1014885K(22937600K), 0.3382734 secs] 29404265K->9686864K(130940928K), 0.3387007 secs] [Times: user=4.97 sys=0.50, real=0.34 secs] 
2024-03-22T17:30:29.115+0800: 88704.535: [GC (Allocation Failure) 2024-03-22T17:30:29.115+0800: 88704.536: [ParNew: 20675685K->1132325K(22937600K), 0.2940916 secs] 29347664K->9841296K(130940928K), 0.2945391 secs] [Times: user=4.26 sys=0.13, real=0.30 secs] 
2024-03-22T17:30:36.521+0800: 88711.942: [GC (Allocation Failure) 2024-03-22T17:30:36.522+0800: 88711.942: [ParNew: 20793125K->1207832K(22937600K), 0.3387186 secs] 29502096K->9953448K(130940928K), 0.3391354 secs] [Times: user=4.33 sys=0.77, real=0.34 secs] 
2024-03-22T17:30:46.064+0800: 88721.484: [GC (Allocation Failure) 2024-03-22T17:30:46.064+0800: 88721.485: [ParNew: 20868632K->1076207K(22937600K), 0.3212088 secs] 29614248K->9861137K(130940928K), 0.3216473 secs] [Times: user=4.43 sys=0.41, real=0.32 secs] 
2024-03-22T17:30:53.448+0800: 88728.869: [GC (Allocation Failure) 2024-03-22T17:30:53.449+0800: 88728.869: [ParNew: 20737007K->1091580K(22937600K), 0.3019504 secs] 29521937K->9920793K(130940928K), 0.3023922 secs] [Times: user=4.39 sys=0.16, real=0.30 secs] 
2024-03-22T17:31:01.156+0800: 88736.577: [GC (Allocation Failure) 2024-03-22T17:31:01.156+0800: 88736.577: [ParNew: 20752380K->1085456K(22937600K), 0.3004265 secs] 29581593K->9961435K(130940928K), 0.3008701 secs] [Times: user=4.46 sys=0.02, real=0.30 secs] 
2024-03-22T17:31:08.510+0800: 88743.931: [GC (Allocation Failure) 2024-03-22T17:31:08.511+0800: 88743.931: [ParNew: 20746256K->1154512K(22937600K), 0.3499472 secs] 29622235K->10071478K(130940928K), 0.3503664 secs] [Times: user=4.58 sys=0.76, real=0.35 secs] 
2024-03-22T17:31:18.726+0800: 88754.146: [GC (Allocation Failure) 2024-03-22T17:31:18.726+0800: 88754.147: [ParNew: 20815312K->1086395K(22937600K), 0.3284013 secs] 29732278K->10046643K(130940928K), 0.3288161 secs] [Times: user=4.44 sys=0.51, real=0.33 secs] 
2024-03-22T17:31:26.262+0800: 88761.682: [GC (Allocation Failure) 2024-03-22T17:31:26.262+0800: 88761.683: [ParNew: 20747195K->1100436K(22937600K), 0.3002364 secs] 29707443K->10105972K(130940928K), 0.3006509 secs] [Times: user=4.28 sys=0.12, real=0.30 secs] 
2024-03-22T17:31:33.916+0800: 88769.337: [GC (Allocation Failure) 2024-03-22T17:31:33.916+0800: 88769.337: [ParNew: 20761236K->1034290K(22937600K), 0.3530643 secs] 29766772K->10081594K(130940928K), 0.3534977 secs] [Times: user=4.55 sys=0.82, real=0.36 secs] 
2024-03-22T17:31:45.903+0800: 88781.323: [GC (Allocation Failure) 2024-03-22T17:31:45.903+0800: 88781.324: [ParNew: 20695090K->1023912K(22937600K), 0.3129246 secs] 29742394K->10113416K(130940928K), 0.3133679 secs] [Times: user=4.27 sys=0.46, real=0.31 secs] 
2024-03-22T17:31:54.204+0800: 88789.625: [GC (Allocation Failure) 2024-03-22T17:31:54.204+0800: 88789.625: [ParNew: 20684712K->981714K(22937600K), 0.3035587 secs] 29774216K->10112508K(130940928K), 0.3039654 secs] [Times: user=4.42 sys=0.09, real=0.31 secs] 
2024-03-22T17:32:02.850+0800: 88798.271: [GC (Allocation Failure) 2024-03-22T17:32:02.850+0800: 88798.271: [ParNew: 20642514K->1025780K(22937600K), 0.3135880 secs] 29773308K->10202429K(130940928K), 0.3140369 secs] [Times: user=4.45 sys=0.22, real=0.31 secs] 
2024-03-22T17:32:11.677+0800: 88807.097: [GC (Allocation Failure) 2024-03-22T17:32:11.677+0800: 88807.098: [ParNew: 20686580K->1141043K(22937600K), 0.3787710 secs] 29863229K->10359179K(130940928K), 0.3791899 secs] [Times: user=5.47 sys=0.21, real=0.38 secs] 
2024-03-22T17:32:21.374+0800: 88816.794: [GC (Allocation Failure) 2024-03-22T17:32:21.374+0800: 88816.795: [ParNew: 20801843K->984683K(22937600K), 0.3346669 secs] 30019979K->10245731K(130940928K), 0.3351407 secs] [Times: user=4.39 sys=0.52, real=0.34 secs] 
2024-03-22T17:32:30.854+0800: 88826.275: [GC (Allocation Failure) 2024-03-22T17:32:30.855+0800: 88826.275: [ParNew: 20645483K->1005696K(22937600K), 0.3058107 secs] 29906531K->10306975K(130940928K), 0.3062804 secs] [Times: user=4.50 sys=0.03, real=0.31 secs] 
2024-03-22T17:32:40.227+0800: 88835.648: [GC (Allocation Failure) 2024-03-22T17:32:40.228+0800: 88835.649: [ParNew: 20666496K->1075263K(22937600K), 0.3577538 secs] 29967775K->10418570K(130940928K), 0.3582717 secs] [Times: user=4.38 sys=1.04, real=0.35 secs] 
2024-03-22T17:32:50.571+0800: 88845.992: [GC (Allocation Failure) 2024-03-22T17:32:50.572+0800: 88845.992: [ParNew: 20736063K->1009702K(22937600K), 0.3292519 secs] 30079370K->10398149K(130940928K), 0.3296992 secs] [Times: user=4.31 sys=0.62, real=0.33 secs] 
2024-03-22T17:33:00.101+0800: 88855.521: [GC (Allocation Failure) 2024-03-22T17:33:00.101+0800: 88855.522: [ParNew: 20670502K->988866K(22937600K), 0.3036492 secs] 30058949K->10418977K(130940928K), 0.3041026 secs] [Times: user=4.26 sys=0.07, real=0.30 secs] 
2024-03-22T17:33:08.312+0800: 88863.733: [GC (Allocation Failure) 2024-03-22T17:33:08.313+0800: 88863.733: [ParNew: 20649666K->1012703K(22937600K), 0.3529297 secs] 30079777K->10483387K(130940928K), 0.3533563 secs] [Times: user=4.42 sys=0.93, real=0.35 secs] 
2024-03-22T17:33:19.759+0800: 88875.180: [GC (Allocation Failure) 2024-03-22T17:33:19.759+0800: 88875.180: [ParNew: 20673503K->996343K(22937600K), 0.3188826 secs] 30144187K->10509397K(130940928K), 0.3192909 secs] [Times: user=4.25 sys=0.56, real=0.32 secs] 
2024-03-22T17:33:29.154+0800: 88884.574: [GC (Allocation Failure) 2024-03-22T17:33:29.154+0800: 88884.575: [ParNew: 20657143K->1052960K(22937600K), 0.2935769 secs] 30170197K->10607453K(130940928K), 0.2940192 secs] [Times: user=4.28 sys=0.06, real=0.30 secs] 
2024-03-22T17:33:37.780+0800: 88893.201: [GC (Allocation Failure) 2024-03-22T17:33:37.780+0800: 88893.201: [ParNew: 20713760K->1084114K(22937600K), 0.3525398 secs] 30268253K->10675381K(130940928K), 0.3529761 secs] [Times: user=4.18 sys=1.13, real=0.35 secs] 
2024-03-22T17:33:48.622+0800: 88904.043: [GC (Allocation Failure) 2024-03-22T17:33:48.622+0800: 88904.043: [ParNew: 20744914K->1003681K(22937600K), 0.3264611 secs] 30336181K->10635880K(130940928K), 0.3268990 secs] [Times: user=4.27 sys=0.52, real=0.33 secs] 
2024-03-22T17:33:58.547+0800: 88913.968: [GC (Allocation Failure) 2024-03-22T17:33:58.547+0800: 88913.968: [ParNew: 20664481K->1026375K(22937600K), 0.2912156 secs] 30296680K->10699702K(130940928K), 0.2916544 secs] [Times: user=4.22 sys=0.06, real=0.30 secs] 
2024-03-22T17:34:06.705+0800: 88922.126: [GC (Allocation Failure) 2024-03-22T17:34:06.705+0800: 88922.126: [ParNew: 20687175K->1097234K(22937600K), 0.3487332 secs] 30360502K->10810060K(130940928K), 0.3491545 secs] [Times: user=4.48 sys=0.83, real=0.35 secs] 
2024-03-22T17:34:16.235+0800: 88931.656: [GC (Allocation Failure) 2024-03-22T17:34:16.235+0800: 88931.656: [ParNew: 20758034K->1018638K(22937600K), 0.3274270 secs] 30470860K->10771392K(130940928K), 0.3278424 secs] [Times: user=4.37 sys=0.57, real=0.33 secs] 
2024-03-22T17:34:24.337+0800: 88939.758: [GC (Allocation Failure) 2024-03-22T17:34:24.337+0800: 88939.758: [ParNew: 20679438K->1090928K(22937600K), 0.2991318 secs] 30432192K->10882694K(130940928K), 0.2995662 secs] [Times: user=4.27 sys=0.15, real=0.30 secs] 
2024-03-22T17:34:32.325+0800: 88947.746: [GC (Allocation Failure) 2024-03-22T17:34:32.325+0800: 88947.746: [ParNew: 20751728K->1082181K(22937600K), 0.3629162 secs] 30543494K->10913583K(130940928K), 0.3633465 secs] [Times: user=4.48 sys=0.98, real=0.37 secs] 
2024-03-22T17:34:41.035+0800: 88956.456: [GC (Allocation Failure) 2024-03-22T17:34:41.036+0800: 88956.457: [ParNew: 20742981K->1034297K(22937600K), 0.3083814 secs] 30574383K->10903390K(130940928K), 0.3089167 secs] [Times: user=4.36 sys=0.18, real=0.31 secs] 
2024-03-22T17:34:53.139+0800: 88968.560: [GC (Allocation Failure) 2024-03-22T17:34:53.139+0800: 88968.560: [ParNew: 20695097K->1107394K(22937600K), 0.3270523 secs] 30564190K->11018158K(130940928K), 0.3275249 secs] [Times: user=4.40 sys=0.52, real=0.32 secs] 
2024-03-22T17:35:04.657+0800: 88980.077: [GC (Allocation Failure) 2024-03-22T17:35:04.657+0800: 88980.078: [ParNew: 20768194K->1027787K(22937600K), 0.3480927 secs] 30678958K->10976722K(130940928K), 0.3485731 secs] [Times: user=4.49 sys=0.78, real=0.35 secs] 
2024-03-22T17:35:15.753+0800: 88991.174: [GC (Allocation Failure) 2024-03-22T17:35:15.754+0800: 88991.174: [ParNew: 20688587K->975304K(22937600K), 0.3180018 secs] 30637522K->10964621K(130940928K), 0.3184414 secs] [Times: user=4.31 sys=0.46, real=0.32 secs] 
2024-03-22T17:35:25.043+0800: 89000.464: [GC (Allocation Failure) 2024-03-22T17:35:25.043+0800: 89000.464: [ParNew: 20636104K->919350K(22937600K), 0.2947625 secs] 30625421K->10947902K(130940928K), 0.2952263 secs] [Times: user=4.25 sys=0.15, real=0.30 secs] 
2024-03-22T17:35:34.300+0800: 89009.721: [GC (Allocation Failure) 2024-03-22T17:35:34.300+0800: 89009.721: [ParNew: 20580150K->1079735K(22937600K), 0.3396002 secs] 30608702K->11150097K(130940928K), 0.3400613 secs] [Times: user=4.32 sys=0.79, real=0.34 secs] 
2024-03-22T17:35:46.195+0800: 89021.615: [GC (Allocation Failure) 2024-03-22T17:35:46.195+0800: 89021.616: [ParNew: 20740535K->988313K(22937600K), 0.3194242 secs] 30810897K->11095910K(130940928K), 0.3198922 secs] [Times: user=4.38 sys=0.44, real=0.32 secs] 
2024-03-22T17:35:55.512+0800: 89030.933: [GC (Allocation Failure) 2024-03-22T17:35:55.513+0800: 89030.933: [ParNew: 20649113K->1186320K(22937600K), 0.2949815 secs] 30756710K->11334194K(130940928K), 0.2954330 secs] [Times: user=4.20 sys=0.14, real=0.30 secs] 
2024-03-22T17:36:04.995+0800: 89040.416: [GC (Allocation Failure) 2024-03-22T17:36:04.995+0800: 89040.416: [ParNew: 20847120K->1125674K(22937600K), 0.3571700 secs] 30994994K->11315419K(130940928K), 0.3576312 secs] [Times: user=4.47 sys=0.83, real=0.36 secs] 
2024-03-22T17:36:17.402+0800: 89052.823: [GC (Allocation Failure) 2024-03-22T17:36:17.402+0800: 89052.823: [ParNew: 20786474K->1077296K(22937600K), 0.3173150 secs] 30976219K->11306170K(130940928K), 0.3177700 secs] [Times: user=4.18 sys=0.55, real=0.32 secs] 
2024-03-22T17:36:27.998+0800: 89063.419: [GC (Allocation Failure) 2024-03-22T17:36:27.999+0800: 89063.419: [ParNew: 20738096K->1095851K(22937600K), 0.2936707 secs] 30966970K->11365892K(130940928K), 0.2941400 secs] [Times: user=4.31 sys=0.06, real=0.29 secs] 
2024-03-22T17:36:35.840+0800: 89071.261: [GC (Allocation Failure) 2024-03-22T17:36:35.840+0800: 89071.261: [ParNew: 20756651K->1026284K(22937600K), 0.3494591 secs] 31026692K->11341568K(130940928K), 0.3500252 secs] [Times: user=4.43 sys=0.88, real=0.35 secs] 
2024-03-22T17:36:45.298+0800: 89080.718: [GC (Allocation Failure) 2024-03-22T17:36:45.298+0800: 89080.719: [ParNew: 20687084K->1069435K(22937600K), 0.3177239 secs] 31002368K->11426096K(130940928K), 0.3181138 secs] [Times: user=4.32 sys=0.42, real=0.31 secs] 
2024-03-22T17:36:52.607+0800: 89088.028: [GC (Allocation Failure) 2024-03-22T17:36:52.607+0800: 89088.028: [ParNew: 20730235K->993310K(22937600K), 0.3117211 secs] 31086896K->11394833K(130940928K), 0.3121003 secs] [Times: user=4.42 sys=0.14, real=0.32 secs] 
2024-03-22T17:36:59.032+0800: 89094.453: [GC (Allocation Failure) 2024-03-22T17:36:59.032+0800: 89094.453: [ParNew: 20654110K->1011728K(22937600K), 0.2738053 secs] 31055633K->11457512K(130940928K), 0.2742706 secs] [Times: user=4.11 sys=0.08, real=0.27 secs] 
2024-03-22T17:37:03.791+0800: 89099.212: [GC (Allocation Failure) 2024-03-22T17:37:03.791+0800: 89099.212: [ParNew: 20672528K->964600K(22937600K), 0.3199336 secs] 31118312K->11454471K(130940928K), 0.3203871 secs] [Times: user=4.15 sys=0.82, real=0.32 secs] 
2024-03-22T17:37:11.052+0800: 89106.473: [GC (Allocation Failure) 2024-03-22T17:37:11.052+0800: 89106.473: [ParNew: 20625400K->844027K(22937600K), 0.2641498 secs] 31115271K->11375746K(130940928K), 0.2645941 secs] [Times: user=3.94 sys=0.13, real=0.26 secs] 
2024-03-22T17:37:18.079+0800: 89113.500: [GC (Allocation Failure) 2024-03-22T17:37:18.079+0800: 89113.500: [ParNew: 20504827K->916706K(22937600K), 0.2861799 secs] 31036546K->11487625K(130940928K), 0.2866093 secs] [Times: user=4.02 sys=0.46, real=0.28 secs] 
2024-03-22T17:37:25.122+0800: 89120.543: [GC (Allocation Failure) 2024-03-22T17:37:25.122+0800: 89120.543: [ParNew: 20577506K->875525K(22937600K), 0.2788864 secs] 31148425K->11488095K(130940928K), 0.2793122 secs] [Times: user=4.14 sys=0.08, real=0.28 secs] 
2024-03-22T17:37:33.717+0800: 89129.138: [GC (Allocation Failure) 2024-03-22T17:37:33.717+0800: 89129.138: [ParNew: 20536325K->987307K(22937600K), 0.3561138 secs] 31148895K->11642544K(130940928K), 0.3565671 secs] [Times: user=4.34 sys=1.08, real=0.36 secs] 
2024-03-22T17:37:42.786+0800: 89138.207: [GC (Allocation Failure) 2024-03-22T17:37:42.786+0800: 89138.207: [ParNew: 20648107K->971118K(22937600K), 0.2921860 secs] 31303344K->11668343K(130940928K), 0.2926409 secs] [Times: user=4.13 sys=0.12, real=0.30 secs] 
2024-03-22T17:37:50.834+0800: 89146.254: [GC (Allocation Failure) 2024-03-22T17:37:50.834+0800: 89146.255: [ParNew: 20631918K->965070K(22937600K), 0.3262523 secs] 31329143K->11700187K(130940928K), 0.3266705 secs] [Times: user=4.43 sys=0.55, real=0.33 secs] 
2024-03-22T17:37:58.797+0800: 89154.218: [GC (Allocation Failure) 2024-03-22T17:37:58.797+0800: 89154.218: [ParNew: 20625870K->884050K(22937600K), 0.2828054 secs] 31360987K->11659668K(130940928K), 0.2832404 secs] [Times: user=4.14 sys=0.05, real=0.29 secs] 
2024-03-22T17:38:06.079+0800: 89161.500: [GC (Allocation Failure) 2024-03-22T17:38:06.079+0800: 89161.500: [ParNew: 20544850K->960639K(22937600K), 0.3532048 secs] 31320468K->11780808K(130940928K), 0.3536346 secs] [Times: user=4.52 sys=0.90, real=0.35 secs] 
2024-03-22T17:38:16.070+0800: 89171.491: [GC (Allocation Failure) 2024-03-22T17:38:16.070+0800: 89171.491: [ParNew: 20621439K->859817K(22937600K), 0.3060037 secs] 31441608K->11723023K(130940928K), 0.3064337 secs] [Times: user=4.25 sys=0.39, real=0.30 secs] 
2024-03-22T17:38:24.815+0800: 89180.236: [GC (Allocation Failure) 2024-03-22T17:38:24.816+0800: 89180.236: [ParNew: 20520617K->878451K(22937600K), 0.2851783 secs] 31383823K->11783631K(130940928K), 0.2856327 secs] [Times: user=4.19 sys=0.08, real=0.29 secs] 
2024-03-22T17:38:33.160+0800: 89188.581: [GC (Allocation Failure) 2024-03-22T17:38:33.160+0800: 89188.581: [ParNew: 20539251K->890959K(22937600K), 0.3119337 secs] 31444431K->11837643K(130940928K), 0.3124470 secs] [Times: user=3.89 sys=0.76, real=0.31 secs] 
2024-03-22T17:38:40.651+0800: 89196.071: [GC (Allocation Failure) 2024-03-22T17:38:40.651+0800: 89196.072: [ParNew: 20551759K->902057K(22937600K), 0.2829515 secs] 31498443K->11887502K(130940928K), 0.2833614 secs] [Times: user=4.08 sys=0.09, real=0.28 secs] 
2024-03-22T17:38:48.621+0800: 89204.042: [GC (Allocation Failure) 2024-03-22T17:38:48.622+0800: 89204.042: [ParNew: 20562857K->887860K(22937600K), 0.3235911 secs] 31548302K->11911105K(130940928K), 0.3240110 secs] [Times: user=4.37 sys=0.52, real=0.32 secs] 
2024-03-22T17:38:55.833+0800: 89211.254: [GC (Allocation Failure) 2024-03-22T17:38:55.833+0800: 89211.254: [ParNew: 20548660K->988036K(22937600K), 0.2641461 secs] 31571905K->12034798K(130940928K), 0.2645548 secs] [Times: user=3.81 sys=0.09, real=0.26 secs] 
2024-03-22T17:39:03.733+0800: 89219.154: [GC (Allocation Failure) 2024-03-22T17:39:03.734+0800: 89219.154: [ParNew: 20648836K->1038065K(22937600K), 0.3213813 secs] 31695598K->12101771K(130940928K), 0.3218361 secs] [Times: user=4.21 sys=0.68, real=0.32 secs] 
2024-03-22T17:39:12.622+0800: 89228.043: [GC (Allocation Failure) 2024-03-22T17:39:12.622+0800: 89228.043: [ParNew: 20698865K->973868K(22937600K), 0.3006643 secs] 31762571K->12055613K(130940928K), 0.3010875 secs] [Times: user=4.16 sys=0.39, real=0.30 secs] 
2024-03-22T17:39:19.789+0800: 89235.209: [GC (Allocation Failure) 2024-03-22T17:39:19.789+0800: 89235.210: [ParNew: 20634668K->1105457K(22937600K), 0.2964937 secs] 31716413K->12211313K(130940928K), 0.2969148 secs] [Times: user=4.25 sys=0.22, real=0.29 secs] 
2024-03-22T17:39:28.506+0800: 89243.927: [GC (Allocation Failure) 2024-03-22T17:39:28.507+0800: 89243.928: [ParNew: 20766257K->993418K(22937600K), 0.2950647 secs] 31872113K->12131497K(130940928K), 0.2954976 secs] [Times: user=4.37 sys=0.03, real=0.30 secs] 
2024-03-22T17:39:35.877+0800: 89251.298: [GC (Allocation Failure) 2024-03-22T17:39:35.877+0800: 89251.298: [ParNew: 20654218K->1080798K(22937600K), 0.3668790 secs] 31792297K->12261467K(130940928K), 0.3673068 secs] [Times: user=4.58 sys=1.02, real=0.37 secs] 
2024-03-22T17:39:44.792+0800: 89260.213: [GC (Allocation Failure) 2024-03-22T17:39:44.793+0800: 89260.214: [ParNew: 20741598K->1113805K(22937600K), 0.3260103 secs] 31922267K->12335244K(130940928K), 0.3264180 secs] [Times: user=4.32 sys=0.64, real=0.33 secs] 
2024-03-22T17:39:52.479+0800: 89267.900: [GC (Allocation Failure) 2024-03-22T17:39:52.479+0800: 89267.900: [ParNew: 20774605K->1096182K(22937600K), 0.2975719 secs] 31996044K->12358263K(130940928K), 0.2980044 secs] [Times: user=4.32 sys=0.10, real=0.29 secs] 
2024-03-22T17:40:00.500+0800: 89275.921: [GC (Allocation Failure) 2024-03-22T17:40:00.501+0800: 89275.921: [ParNew: 20756982K->1036093K(22937600K), 0.3087017 secs] 32019063K->12338450K(130940928K), 0.3091330 secs] [Times: user=4.45 sys=0.18, real=0.31 secs] 
2024-03-22T17:40:08.578+0800: 89283.999: [GC (Allocation Failure) 2024-03-22T17:40:08.578+0800: 89283.999: [ParNew: 20696893K->1071587K(22937600K), 0.3464777 secs] 31999250K->12412103K(130940928K), 0.3469131 secs] [Times: user=4.58 sys=0.49, real=0.34 secs] 
2024-03-22T17:40:17.412+0800: 89292.833: [GC (Allocation Failure) 2024-03-22T17:40:17.412+0800: 89292.833: [ParNew: 20732387K->970050K(22937600K), 0.3657353 secs] 32072903K->12350606K(130940928K), 0.3661509 secs] [Times: user=4.78 sys=0.69, real=0.37 secs] 
2024-03-22T17:40:25.487+0800: 89300.908: [GC (Allocation Failure) 2024-03-22T17:40:25.487+0800: 89300.908: [ParNew: 20630850K->1158780K(22937600K), 0.3074702 secs] 32011406K->12580127K(130940928K), 0.3079162 secs] [Times: user=4.47 sys=0.04, real=0.31 secs] 
2024-03-22T17:40:33.343+0800: 89308.764: [GC (Allocation Failure) 2024-03-22T17:40:33.343+0800: 89308.764: [ParNew: 20819580K->1016823K(22937600K), 0.3741720 secs] 32240927K->12481164K(130940928K), 0.3746277 secs] [Times: user=4.85 sys=0.82, real=0.38 secs] 
2024-03-22T17:40:43.125+0800: 89318.546: [GC (Allocation Failure) 2024-03-22T17:40:43.125+0800: 89318.546: [ParNew: 20677623K->1043983K(22937600K), 0.3366303 secs] 32141964K->12547395K(130940928K), 0.3370586 secs] [Times: user=4.46 sys=0.58, real=0.34 secs] 
2024-03-22T17:40:51.393+0800: 89326.814: [GC (Allocation Failure) 2024-03-22T17:40:51.393+0800: 89326.814: [ParNew: 20704783K->1016585K(22937600K), 0.2992975 secs] 32208195K->12558025K(130940928K), 0.2997134 secs] [Times: user=4.26 sys=0.13, real=0.30 secs] 
2024-03-22T17:41:00.177+0800: 89335.598: [GC (Allocation Failure) 2024-03-22T17:41:00.177+0800: 89335.598: [ParNew: 20677385K->1277326K(22937600K), 0.3611005 secs] 32218825K->12860593K(130940928K), 0.3615317 secs] [Times: user=4.53 sys=0.84, real=0.37 secs] 
2024-03-22T17:41:09.062+0800: 89344.483: [GC (Allocation Failure) 2024-03-22T17:41:09.063+0800: 89344.483: [ParNew: 20938126K->1173552K(22937600K), 0.3142956 secs] 32521393K->12798871K(130940928K), 0.3147455 secs] [Times: user=4.31 sys=0.24, real=0.31 secs] 
2024-03-22T17:41:19.282+0800: 89354.702: [GC (Allocation Failure) 2024-03-22T17:41:19.282+0800: 89354.703: [ParNew: 20834352K->1074174K(22937600K), 0.3652265 secs] 32459671K->12743844K(130940928K), 0.3656520 secs] [Times: user=4.99 sys=0.55, real=0.36 secs] 
2024-03-22T17:41:27.732+0800: 89363.152: [GC (Allocation Failure) 2024-03-22T17:41:27.732+0800: 89363.153: [ParNew: 20734974K->1088763K(22937600K), 0.3074010 secs] 32404644K->12800878K(130940928K), 0.3078449 secs] [Times: user=4.44 sys=0.03, real=0.31 secs] 
2024-03-22T17:41:35.906+0800: 89371.327: [GC (Allocation Failure) 2024-03-22T17:41:35.906+0800: 89371.327: [ParNew: 20749563K->1071170K(22937600K), 0.4097124 secs] 32461678K->12826941K(130940928K), 0.4101847 secs] [Times: user=4.69 sys=1.65, real=0.41 secs] 
2024-03-22T17:41:46.024+0800: 89381.445: [GC (Allocation Failure) 2024-03-22T17:41:46.024+0800: 89381.445: [ParNew: 20731970K->1063372K(22937600K), 0.3462424 secs] 32487741K->12863234K(130940928K), 0.3467493 secs] [Times: user=4.54 sys=0.67, real=0.35 secs] 
2024-03-22T17:41:54.379+0800: 89389.800: [GC (Allocation Failure) 2024-03-22T17:41:54.379+0800: 89389.800: [ParNew: 20724172K->1035413K(22937600K), 0.2982759 secs] 32524034K->12875548K(130940928K), 0.2987378 secs] [Times: user=4.27 sys=0.10, real=0.30 secs] 
2024-03-22T17:42:02.446+0800: 89397.866: [GC (Allocation Failure) 2024-03-22T17:42:02.446+0800: 89397.867: [ParNew: 20696213K->1023702K(22937600K), 0.3539053 secs] 32536348K->12906170K(130940928K), 0.3543489 secs] [Times: user=4.30 sys=1.01, real=0.36 secs] 
2024-03-22T17:42:13.446+0800: 89408.867: [GC (Allocation Failure) 2024-03-22T17:42:13.446+0800: 89408.867: [ParNew: 20684502K->979171K(22937600K), 0.3216252 secs] 32566970K->12900985K(130940928K), 0.3220606 secs] [Times: user=4.37 sys=0.48, real=0.33 secs] 
2024-03-22T17:42:21.068+0800: 89416.489: [GC (Allocation Failure) 2024-03-22T17:42:21.068+0800: 89416.489: [ParNew: 20639971K->1090702K(22937600K), 0.3043317 secs] 32561785K->13055214K(130940928K), 0.3047479 secs] [Times: user=4.25 sys=0.18, real=0.30 secs] 
2024-03-22T17:42:29.634+0800: 89425.055: [GC (Allocation Failure) 2024-03-22T17:42:29.635+0800: 89425.055: [ParNew: 20751502K->1078369K(22937600K), 0.2921486 secs] 32716014K->13082917K(130940928K), 0.2925911 secs] [Times: user=4.22 sys=0.04, real=0.29 secs] 
2024-03-22T17:42:37.766+0800: 89433.187: [GC (Allocation Failure) 2024-03-22T17:42:37.766+0800: 89433.187: [ParNew: 20739169K->1107238K(22937600K), 0.3519477 secs] 32743717K->13150871K(130940928K), 0.3524261 secs] [Times: user=4.47 sys=0.82, real=0.36 secs] 
2024-03-22T17:42:50.297+0800: 89445.718: [GC (Allocation Failure) 2024-03-22T17:42:50.297+0800: 89445.718: [ParNew: 20768038K->1005813K(22937600K), 0.3174353 secs] 32811671K->13090032K(130940928K), 0.3178801 secs] [Times: user=4.26 sys=0.51, real=0.32 secs] 
2024-03-22T17:42:58.998+0800: 89454.418: [GC (Allocation Failure) 2024-03-22T17:42:58.998+0800: 89454.419: [ParNew: 20666613K->968889K(22937600K), 0.3020428 secs] 32750832K->13093344K(130940928K), 0.3024712 secs] [Times: user=4.54 sys=0.00, real=0.30 secs] 
2024-03-22T17:43:08.982+0800: 89464.403: [GC (Allocation Failure) 2024-03-22T17:43:08.983+0800: 89464.403: [ParNew: 20629689K->1181011K(22937600K), 0.3408425 secs] 32754144K->13345857K(130940928K), 0.3413001 secs] [Times: user=4.36 sys=0.81, real=0.34 secs] 
2024-03-22T17:43:18.444+0800: 89473.865: [GC (Allocation Failure) 2024-03-22T17:43:18.444+0800: 89473.865: [ParNew: 20841811K->1069649K(22937600K), 0.3125366 secs] 33006657K->13274288K(130940928K), 0.3129825 secs] [Times: user=4.17 sys=0.52, real=0.31 secs] 
2024-03-22T17:43:28.330+0800: 89483.751: [GC (Allocation Failure) 2024-03-22T17:43:28.331+0800: 89483.752: [ParNew: 20730449K->974326K(22937600K), 0.2878989 secs] 32935088K->13219014K(130940928K), 0.2883564 secs] [Times: user=4.15 sys=0.08, real=0.29 secs] 
2024-03-22T17:43:36.239+0800: 89491.660: [GC (Allocation Failure) 2024-03-22T17:43:36.239+0800: 89491.660: [ParNew: 20635126K->1080748K(22937600K), 0.3289067 secs] 32879814K->13364722K(130940928K), 0.3293270 secs] [Times: user=4.14 sys=0.84, real=0.33 secs] 
2024-03-22T17:43:46.963+0800: 89502.384: [GC (Allocation Failure) 2024-03-22T17:43:46.964+0800: 89502.384: [ParNew: 20741548K->1016957K(22937600K), 0.3100516 secs] 33025522K->13343660K(130940928K), 0.3105405 secs] [Times: user=4.04 sys=0.58, real=0.31 secs] 
2024-03-22T17:43:54.760+0800: 89510.181: [GC (Allocation Failure) 2024-03-22T17:43:54.760+0800: 89510.181: [ParNew: 20677757K->1039491K(22937600K), 0.2936111 secs] 33004460K->13407673K(130940928K), 0.2940255 secs] [Times: user=4.21 sys=0.10, real=0.29 secs] 
2024-03-22T17:44:05.836+0800: 89521.257: [GC (Allocation Failure) 2024-03-22T17:44:05.836+0800: 89521.257: [ParNew: 20700291K->1152597K(22937600K), 0.3344935 secs] 33068473K->13560834K(130940928K), 0.3349851 secs] [Times: user=4.30 sys=0.69, real=0.34 secs] 
2024-03-22T17:44:15.561+0800: 89530.982: [GC (Allocation Failure) 2024-03-22T17:44:15.561+0800: 89530.982: [ParNew: 20813397K->1035888K(22937600K), 0.3188030 secs] 33221634K->13484354K(130940928K), 0.3191993 secs] [Times: user=4.24 sys=0.41, real=0.32 secs] 
2024-03-22T17:44:23.166+0800: 89538.587: [GC (Allocation Failure) 2024-03-22T17:44:23.166+0800: 89538.587: [ParNew: 20696688K->1063620K(22937600K), 0.3115784 secs] 33145154K->13553629K(130940928K), 0.3120469 secs] [Times: user=4.16 sys=0.19, real=0.32 secs] 
2024-03-22T17:44:30.984+0800: 89546.405: [GC (Allocation Failure) 2024-03-22T17:44:30.984+0800: 89546.405: [ParNew: 20724420K->963764K(22937600K), 0.2906502 secs] 33214429K->13493786K(130940928K), 0.2910749 secs] [Times: user=4.20 sys=0.05, real=0.29 secs] 
2024-03-22T17:44:38.825+0800: 89554.246: [GC (Allocation Failure) 2024-03-22T17:44:38.825+0800: 89554.246: [ParNew: 20624564K->1000767K(22937600K), 0.3759808 secs] 33154586K->13571240K(130940928K), 0.3764315 secs] [Times: user=4.67 sys=1.04, real=0.38 secs] 
2024-03-22T17:44:48.568+0800: 89563.989: [GC (Allocation Failure) 2024-03-22T17:44:48.569+0800: 89563.989: [ParNew: 20661567K->1031067K(22937600K), 0.3182148 secs] 33232040K->13640462K(130940928K), 0.3186446 secs] [Times: user=4.07 sys=0.66, real=0.31 secs] 
2024-03-22T17:44:58.118+0800: 89573.539: [GC (Allocation Failure) 2024-03-22T17:44:58.118+0800: 89573.539: [ParNew: 20691867K->998882K(22937600K), 0.2850110 secs] 33301262K->13647352K(130940928K), 0.2854530 secs] [Times: user=4.10 sys=0.10, real=0.28 secs] 
2024-03-22T17:45:06.709+0800: 89582.130: [GC (Allocation Failure) 2024-03-22T17:45:06.710+0800: 89582.130: [ParNew: 20659682K->1033102K(22937600K), 0.3333215 secs] 33308152K->13718360K(130940928K), 0.3337440 secs] [Times: user=4.32 sys=0.75, real=0.33 secs] 
2024-03-22T17:45:16.205+0800: 89591.626: [GC (Allocation Failure) 2024-03-22T17:45:16.205+0800: 89591.626: [ParNew: 20693902K->1020489K(22937600K), 0.3107934 secs] 33379160K->13744452K(130940928K), 0.3112671 secs] [Times: user=4.13 sys=0.56, real=0.31 secs] 
2024-03-22T17:45:25.460+0800: 89600.881: [GC (Allocation Failure) 2024-03-22T17:45:25.461+0800: 89600.881: [ParNew: 20681289K->999451K(22937600K), 0.2815873 secs] 33405252K->13761711K(130940928K), 0.2819891 secs] [Times: user=4.07 sys=0.15, real=0.28 secs] 
2024-03-22T17:45:33.609+0800: 89609.030: [GC (Allocation Failure) 2024-03-22T17:45:33.609+0800: 89609.030: [ParNew: 20660251K->986241K(22937600K), 0.2779248 secs] 33422511K->13786647K(130940928K), 0.2783902 secs] [Times: user=4.12 sys=0.00, real=0.27 secs] 
2024-03-22T17:45:41.375+0800: 89616.796: [GC (Allocation Failure) 2024-03-22T17:45:41.375+0800: 89616.796: [ParNew: 20647041K->1100697K(22937600K), 0.3332330 secs] 33447447K->13938821K(130940928K), 0.3336749 secs] [Times: user=4.24 sys=0.81, real=0.34 secs] 
2024-03-22T17:45:49.699+0800: 89625.120: [GC (Allocation Failure) 2024-03-22T17:45:49.699+0800: 89625.120: [ParNew: 20761497K->1008926K(22937600K), 0.3104221 secs] 33599621K->13886987K(130940928K), 0.3108438 secs] [Times: user=4.14 sys=0.54, real=0.31 secs] 
2024-03-22T17:45:58.352+0800: 89633.773: [GC (Allocation Failure) 2024-03-22T17:45:58.353+0800: 89633.774: [ParNew: 20669726K->1113554K(22937600K), 0.2878647 secs] 33547787K->14030780K(130940928K), 0.2883080 secs] [Times: user=4.16 sys=0.13, real=0.29 secs] 
2024-03-22T17:46:05.254+0800: 89640.674: [GC (Allocation Failure) 2024-03-22T17:46:05.254+0800: 89640.675: [ParNew: 20774354K->1014304K(22937600K), 0.3300515 secs] 33691580K->13971279K(130940928K), 0.3304636 secs] [Times: user=4.28 sys=0.77, real=0.33 secs] 
2024-03-22T17:46:13.036+0800: 89648.457: [GC (Allocation Failure) 2024-03-22T17:46:13.037+0800: 89648.457: [ParNew: 20675104K->1089423K(22937600K), 0.3481958 secs] 33632079K->14086417K(130940928K), 0.3486802 secs] [Times: user=5.02 sys=0.25, real=0.35 secs] 
2024-03-22T17:46:21.247+0800: 89656.668: [GC (Allocation Failure) 2024-03-22T17:46:21.247+0800: 89656.668: [ParNew: 20750223K->1061002K(22937600K), 0.3199779 secs] 33747217K->14099602K(130940928K), 0.3203853 secs] [Times: user=4.37 sys=0.49, real=0.32 secs] 
2024-03-22T17:46:28.678+0800: 89664.099: [GC (Allocation Failure) 2024-03-22T17:46:28.678+0800: 89664.099: [ParNew: 20721802K->1125648K(22937600K), 0.2834295 secs] 33760402K->14204943K(130940928K), 0.2839720 secs] [Times: user=4.15 sys=0.06, real=0.28 secs] 
2024-03-22T17:46:35.646+0800: 89671.067: [GC (Allocation Failure) 2024-03-22T17:46:35.646+0800: 89671.067: [ParNew: 20786448K->1065169K(22937600K), 0.3344466 secs] 33865743K->14185529K(130940928K), 0.3348388 secs] [Times: user=4.16 sys=0.82, real=0.34 secs] 
2024-03-22T17:46:42.830+0800: 89678.251: [GC (Allocation Failure) 2024-03-22T17:46:42.830+0800: 89678.251: [ParNew: 20725969K->1145936K(22937600K), 0.3028156 secs] 33846329K->14307766K(130940928K), 0.3032494 secs] [Times: user=4.32 sys=0.09, real=0.30 secs] 
2024-03-22T17:46:50.840+0800: 89686.261: [GC (Allocation Failure) 2024-03-22T17:46:50.841+0800: 89686.261: [ParNew: 20806736K->1125963K(22937600K), 0.3089308 secs] 33968566K->14328301K(130940928K), 0.3093296 secs] [Times: user=4.17 sys=0.52, real=0.31 secs] 
2024-03-22T17:46:58.994+0800: 89694.414: [GC (Allocation Failure) 2024-03-22T17:46:58.994+0800: 89694.415: [ParNew: 20786763K->1066417K(22937600K), 0.2765095 secs] 33989101K->14306788K(130940928K), 0.2769367 secs] [Times: user=4.09 sys=0.02, real=0.28 secs] 
2024-03-22T17:47:05.740+0800: 89701.161: [GC (Allocation Failure) 2024-03-22T17:47:05.741+0800: 89701.162: [ParNew: 20727217K->1053997K(22937600K), 0.3262424 secs] 33967588K->14331884K(130940928K), 0.3266764 secs] [Times: user=4.07 sys=0.89, real=0.32 secs] 
2024-03-22T17:47:12.925+0800: 89708.346: [GC (Allocation Failure) 2024-03-22T17:47:12.925+0800: 89708.346: [ParNew: 20714797K->1032681K(22937600K), 0.2803780 secs] 33992684K->14351549K(130940928K), 0.2807725 secs] [Times: user=3.98 sys=0.12, real=0.28 secs] 
2024-03-22T17:47:20.823+0800: 89716.244: [GC (Allocation Failure) 2024-03-22T17:47:20.823+0800: 89716.244: [ParNew: 20693481K->1019730K(22937600K), 0.2972071 secs] 34012349K->14376688K(130940928K), 0.2975775 secs] [Times: user=3.91 sys=0.57, real=0.30 secs] 
2024-03-22T17:47:28.344+0800: 89723.765: [GC (Allocation Failure) 2024-03-22T17:47:28.344+0800: 89723.765: [ParNew: 20680530K->1085728K(22937600K), 0.2789875 secs] 34037488K->14479329K(130940928K), 0.2794244 secs] [Times: user=3.94 sys=0.17, real=0.28 secs] 
2024-03-22T17:47:35.518+0800: 89730.939: [GC (Allocation Failure) 2024-03-22T17:47:35.519+0800: 89730.939: [ParNew: 20746528K->1031401K(22937600K), 0.2923128 secs] 34140129K->14461562K(130940928K), 0.2927177 secs] [Times: user=4.11 sys=0.23, real=0.29 secs] 
2024-03-22T17:47:43.219+0800: 89738.639: [GC (Allocation Failure) 2024-03-22T17:47:43.219+0800: 89738.640: [ParNew: 20692201K->1140844K(22937600K), 0.3246990 secs] 34122362K->14606790K(130940928K), 0.3251210 secs] [Times: user=4.56 sys=0.25, real=0.32 secs] 
2024-03-22T17:47:51.825+0800: 89747.245: [GC (Allocation Failure) 2024-03-22T17:47:51.825+0800: 89747.246: [ParNew: 20801644K->1088184K(22937600K), 0.3103032 secs] 34267590K->14589893K(130940928K), 0.3107145 secs] [Times: user=4.16 sys=0.54, real=0.31 secs] 
2024-03-22T17:47:59.946+0800: 89755.367: [GC (Allocation Failure) 2024-03-22T17:47:59.946+0800: 89755.367: [ParNew: 20748984K->1103502K(22937600K), 0.2810277 secs] 34250693K->14642057K(130940928K), 0.2814461 secs] [Times: user=4.07 sys=0.07, real=0.28 secs] 
2024-03-22T17:48:06.977+0800: 89762.398: [GC (Allocation Failure) 2024-03-22T17:48:06.978+0800: 89762.398: [ParNew: 20764302K->1098389K(22937600K), 0.3313900 secs] 34302857K->14672846K(130940928K), 0.3317659 secs] [Times: user=4.14 sys=0.80, real=0.34 secs] 
2024-03-22T17:48:16.087+0800: 89771.508: [GC (Allocation Failure) 2024-03-22T17:48:16.088+0800: 89771.508: [ParNew: 20759189K->1003666K(22937600K), 0.3179407 secs] 34333646K->14613602K(130940928K), 0.3183684 secs] [Times: user=4.67 sys=0.17, real=0.32 secs] 
2024-03-22T17:48:23.544+0800: 89778.965: [GC (Allocation Failure) 2024-03-22T17:48:23.545+0800: 89778.965: [ParNew: 20664466K->1020851K(22937600K), 0.3077416 secs] 34274402K->14668491K(130940928K), 0.3081554 secs] [Times: user=4.27 sys=0.34, real=0.31 secs] 
2024-03-22T17:48:31.754+0800: 89787.175: [GC (Allocation Failure) 2024-03-22T17:48:31.754+0800: 89787.175: [ParNew: 20681651K->1146788K(22937600K), 0.2781353 secs] 34329291K->14831440K(130940928K), 0.2785634 secs] [Times: user=3.97 sys=0.14, real=0.28 secs] 
2024-03-22T17:48:40.013+0800: 89795.433: [GC (Allocation Failure) 2024-03-22T17:48:40.013+0800: 89795.434: [ParNew: 20807588K->1166509K(22937600K), 0.3268702 secs] 34492240K->14888906K(130940928K), 0.3272924 secs] [Times: user=4.03 sys=0.93, real=0.33 secs] 
2024-03-22T17:48:48.696+0800: 89804.117: [GC (Allocation Failure) 2024-03-22T17:48:48.696+0800: 89804.117: [ParNew: 20827309K->1115228K(22937600K), 0.3137765 secs] 34549706K->14875236K(130940928K), 0.3142273 secs] [Times: user=4.22 sys=0.45, real=0.32 secs] 
2024-03-22T17:48:57.854+0800: 89813.275: [GC (Allocation Failure) 2024-03-22T17:48:57.855+0800: 89813.275: [ParNew: 20776028K->1004471K(22937600K), 0.2877393 secs] 34536036K->14802282K(130940928K), 0.2881557 secs] [Times: user=4.09 sys=0.20, real=0.29 secs] 
2024-03-22T17:49:05.231+0800: 89820.652: [GC (Allocation Failure) 2024-03-22T17:49:05.231+0800: 89820.652: [ParNew: 20665271K->1082503K(22937600K), 0.2917931 secs] 34463082K->14920442K(130940928K), 0.2922025 secs] [Times: user=4.27 sys=0.04, real=0.29 secs] 
2024-03-22T17:49:15.321+0800: 89830.742: [GC (Allocation Failure) 2024-03-22T17:49:15.321+0800: 89830.742: [ParNew: 20743303K->1117393K(22937600K), 0.3454382 secs] 34581242K->14994312K(130940928K), 0.3459092 secs] [Times: user=4.17 sys=1.10, real=0.34 secs] 
2024-03-22T17:49:24.361+0800: 89839.782: [GC (Allocation Failure) 2024-03-22T17:49:24.361+0800: 89839.782: [ParNew: 20778193K->1134989K(22937600K), 0.3177800 secs] 34655112K->15049496K(130940928K), 0.3181867 secs] [Times: user=4.23 sys=0.58, real=0.32 secs] 
2024-03-22T17:49:34.529+0800: 89849.950: [GC (Allocation Failure) 2024-03-22T17:49:34.529+0800: 89849.950: [ParNew: 20795789K->1079888K(22937600K), 0.3032149 secs] 34710296K->15030124K(130940928K), 0.3036646 secs] [Times: user=4.40 sys=0.12, real=0.30 secs] 
2024-03-22T17:49:43.336+0800: 89858.757: [GC (Allocation Failure) 2024-03-22T17:49:43.337+0800: 89858.758: [ParNew: 20740688K->1104182K(22937600K), 0.3545380 secs] 34690924K->15091118K(130940928K), 0.3551255 secs] [Times: user=4.22 sys=1.18, real=0.36 secs] 
2024-03-22T17:49:53.409+0800: 89868.830: [GC (Allocation Failure) 2024-03-22T17:49:53.409+0800: 89868.830: [ParNew: 20764982K->1010006K(22937600K), 0.3312555 secs] 34751918K->15032391K(130940928K), 0.3316786 secs] [Times: user=4.53 sys=0.50, real=0.33 secs] 
2024-03-22T17:50:00.695+0800: 89876.116: [GC (Allocation Failure) 2024-03-22T17:50:00.696+0800: 89876.116: [ParNew: 20670806K->1179416K(22937600K), 0.3058120 secs] 34693191K->15238296K(130940928K), 0.3062208 secs] [Times: user=4.40 sys=0.09, real=0.31 secs] 
2024-03-22T17:50:07.993+0800: 89883.414: [GC (Allocation Failure) 2024-03-22T17:50:07.993+0800: 89883.414: [ParNew: 20840216K->1123851K(22937600K), 0.2986520 secs] 34899096K->15222022K(130940928K), 0.2990742 secs] [Times: user=4.34 sys=0.06, real=0.30 secs] 
2024-03-22T17:50:15.271+0800: 89890.692: [GC (Allocation Failure) 2024-03-22T17:50:15.271+0800: 89890.692: [ParNew: 20784651K->1170159K(22937600K), 0.3496645 secs] 34882822K->15307848K(130940928K), 0.3501337 secs] [Times: user=4.43 sys=0.87, real=0.35 secs] 
2024-03-22T17:50:24.485+0800: 89899.906: [GC (Allocation Failure) 2024-03-22T17:50:24.485+0800: 89899.906: [ParNew: 20830959K->1067428K(22937600K), 0.3306807 secs] 34968648K->15242712K(130940928K), 0.3311060 secs] [Times: user=4.42 sys=0.59, real=0.33 secs] 
2024-03-22T17:50:31.889+0800: 89907.310: [GC (Allocation Failure) 2024-03-22T17:50:31.889+0800: 89907.310: [ParNew: 20728228K->1125148K(22937600K), 0.3090447 secs] 34903512K->15339052K(130940928K), 0.3094522 secs] [Times: user=4.45 sys=0.07, real=0.31 secs] 
2024-03-22T17:50:39.557+0800: 89914.977: [GC (Allocation Failure) 2024-03-22T17:50:39.557+0800: 89914.978: [ParNew: 20785948K->1070737K(22937600K), 0.3012852 secs] 34999852K->15322353K(130940928K), 0.3017763 secs] [Times: user=4.49 sys=0.00, real=0.31 secs] 
2024-03-22T17:50:47.490+0800: 89922.911: [GC (Allocation Failure) 2024-03-22T17:50:47.490+0800: 89922.911: [ParNew: 20731537K->1188166K(22937600K), 0.3594338 secs] 34983153K->15478516K(130940928K), 0.3598591 secs] [Times: user=4.38 sys=0.98, real=0.36 secs] 
2024-03-22T17:50:56.206+0800: 89931.627: [GC (Allocation Failure) 2024-03-22T17:50:56.206+0800: 89931.627: [ParNew: 20848966K->1034621K(22937600K), 0.3294567 secs] 35139316K->15362843K(130940928K), 0.3298461 secs] [Times: user=4.36 sys=0.58, real=0.33 secs] 
2024-03-22T17:51:03.701+0800: 89939.122: [GC (Allocation Failure) 2024-03-22T17:51:03.702+0800: 89939.122: [ParNew: 20695421K->1191823K(22937600K), 0.3044218 secs] 35023643K->15557185K(130940928K), 0.3048314 secs] [Times: user=4.28 sys=0.18, real=0.30 secs] 
2024-03-22T17:51:11.709+0800: 89947.130: [GC (Allocation Failure) 2024-03-22T17:51:11.709+0800: 89947.130: [ParNew: 20852623K->1175333K(22937600K), 0.2917080 secs] 35217985K->15580951K(130940928K), 0.2921213 secs] [Times: user=4.24 sys=0.04, real=0.29 secs] 
2024-03-22T17:51:19.761+0800: 89955.182: [GC (Allocation Failure) 2024-03-22T17:51:19.761+0800: 89955.182: [ParNew: 20836133K->1168512K(22937600K), 0.3576878 secs] 35241751K->15614797K(130940928K), 0.3581208 secs] [Times: user=4.52 sys=0.87, real=0.36 secs] 
2024-03-22T17:51:28.367+0800: 89963.788: [GC (Allocation Failure) 2024-03-22T17:51:28.367+0800: 89963.788: [ParNew: 20829312K->1137068K(22937600K), 0.3211019 secs] 35275597K->15624458K(130940928K), 0.3215328 secs] [Times: user=4.25 sys=0.59, real=0.33 secs] 
2024-03-22T17:51:35.514+0800: 89970.935: [GC (Allocation Failure) 2024-03-22T17:51:35.514+0800: 89970.935: [ParNew: 20797868K->1254058K(22937600K), 0.3139050 secs] 35285258K->15780129K(130940928K), 0.3143127 secs] [Times: user=4.45 sys=0.18, real=0.32 secs] 
2024-03-22T17:51:43.184+0800: 89978.605: [GC (Allocation Failure) 2024-03-22T17:51:43.184+0800: 89978.605: [ParNew: 20914858K->1139206K(22937600K), 0.3014483 secs] 35440929K->15705075K(130940928K), 0.3018700 secs] [Times: user=4.31 sys=0.07, real=0.30 secs] 
2024-03-22T17:51:50.726+0800: 89986.147: [GC (Allocation Failure) 2024-03-22T17:51:50.727+0800: 89986.147: [ParNew: 20800006K->1221603K(22937600K), 0.3522473 secs] 35365875K->15829490K(130940928K), 0.3526717 secs] [Times: user=4.33 sys=0.98, real=0.36 secs] 
2024-03-22T17:51:59.509+0800: 89994.930: [GC (Allocation Failure) 2024-03-22T17:51:59.509+0800: 89994.930: [ParNew: 20882403K->1064059K(22937600K), 0.3290793 secs] 35490290K->15713773K(130940928K), 0.3294733 secs] [Times: user=4.48 sys=0.50, real=0.33 secs] 
2024-03-22T17:52:06.904+0800: 90002.325: [GC (Allocation Failure) 2024-03-22T17:52:06.904+0800: 90002.325: [ParNew: 20724859K->1165715K(22937600K), 0.2965278 secs] 35374573K->15855956K(130940928K), 0.2969259 secs] [Times: user=4.23 sys=0.12, real=0.30 secs] 
2024-03-22T17:52:14.311+0800: 90009.732: [GC (Allocation Failure) 2024-03-22T17:52:14.311+0800: 90009.732: [ParNew: 20826515K->1200719K(22937600K), 0.3002065 secs] 35516756K->15932122K(130940928K), 0.3006139 secs] [Times: user=4.22 sys=0.08, real=0.30 secs] 
2024-03-22T17:52:22.169+0800: 90017.590: [GC (Allocation Failure) 2024-03-22T17:52:22.169+0800: 90017.590: [ParNew: 20861519K->1174890K(22937600K), 0.3839989 secs] 35592922K->15945668K(130940928K), 0.3845491 secs] [Times: user=4.65 sys=1.19, real=0.38 secs] 
2024-03-22T17:52:32.367+0800: 90027.788: [GC (Allocation Failure) 2024-03-22T17:52:32.367+0800: 90027.788: [ParNew: 20835690K->1066570K(22937600K), 0.3364645 secs] 35606468K->15877820K(130940928K), 0.3369061 secs] [Times: user=4.48 sys=0.54, real=0.34 secs] 
2024-03-22T17:52:41.439+0800: 90036.860: [GC (Allocation Failure) 2024-03-22T17:52:41.439+0800: 90036.860: [ParNew: 20727370K->1080403K(22937600K), 0.3036800 secs] 35538620K->15933975K(130940928K), 0.3040928 secs] [Times: user=4.66 sys=0.12, real=0.30 secs] 
2024-03-22T17:52:49.580+0800: 90045.001: [GC (Allocation Failure) 2024-03-22T17:52:49.581+0800: 90045.001: [ParNew: 20741203K->1183381K(22937600K), 0.4075929 secs] 35594775K->16075767K(130940928K), 0.4080427 secs] [Times: user=4.47 sys=1.78, real=0.41 secs] 
2024-03-22T17:52:58.942+0800: 90054.363: [GC (Allocation Failure) 2024-03-22T17:52:58.942+0800: 90054.363: [ParNew: 20844181K->1122604K(22937600K), 0.2987043 secs] 35736567K->16052568K(130940928K), 0.2990884 secs] [Times: user=4.13 sys=0.27, real=0.30 secs] 
2024-03-22T17:53:06.564+0800: 90061.984: [GC (Allocation Failure) 2024-03-22T17:53:06.564+0800: 90061.985: [ParNew: 20783404K->1227886K(22937600K), 0.3103674 secs] 35713368K->16197869K(130940928K), 0.3107587 secs] [Times: user=4.07 sys=0.53, real=0.31 secs] 
2024-03-22T17:53:14.154+0800: 90069.574: [GC (Allocation Failure) 2024-03-22T17:53:14.154+0800: 90069.575: [ParNew: 20888686K->1050222K(22937600K), 0.2898882 secs] 35858669K->16059467K(130940928K), 0.2903000 secs] [Times: user=4.19 sys=0.04, real=0.29 secs] 
2024-03-22T17:53:23.331+0800: 90078.751: [GC (Allocation Failure) 2024-03-22T17:53:23.331+0800: 90078.752: [ParNew: 20711022K->1175200K(22937600K), 0.3542363 secs] 35720267K->16221680K(130940928K), 0.3547253 secs] [Times: user=4.49 sys=0.86, real=0.35 secs] 
2024-03-22T17:53:33.249+0800: 90088.670: [GC (Allocation Failure) 2024-03-22T17:53:33.249+0800: 90088.670: [ParNew: 20836000K->1116850K(22937600K), 0.3135325 secs] 35882480K->16199264K(130940928K), 0.3139456 secs] [Times: user=4.18 sys=0.46, real=0.31 secs] 
2024-03-22T17:53:41.427+0800: 90096.847: [GC (Allocation Failure) 2024-03-22T17:53:41.427+0800: 90096.848: [ParNew: 20777650K->1154694K(22937600K), 0.2997782 secs] 35860064K->16275728K(130940928K), 0.3001485 secs] [Times: user=4.33 sys=0.10, real=0.30 secs] 
2024-03-22T17:53:49.740+0800: 90105.161: [GC (Allocation Failure) 2024-03-22T17:53:49.740+0800: 90105.161: [ParNew: 20815494K->1189598K(22937600K), 0.2913054 secs] 35936528K->16348507K(130940928K), 0.2917102 secs] [Times: user=4.19 sys=0.04, real=0.29 secs] 
2024-03-22T17:53:59.058+0800: 90114.479: [GC (Allocation Failure) 2024-03-22T17:53:59.058+0800: 90114.479: [ParNew: 20850398K->1171523K(22937600K), 0.3427889 secs] 36009307K->16369468K(130940928K), 0.3431874 secs] [Times: user=4.27 sys=0.88, real=0.34 secs] 
2024-03-22T17:54:08.742+0800: 90124.163: [GC (Allocation Failure) 2024-03-22T17:54:08.742+0800: 90124.163: [ParNew: 20832323K->1161269K(22937600K), 0.3175006 secs] 36030268K->16399835K(130940928K), 0.3178989 secs] [Times: user=4.14 sys=0.59, real=0.32 secs] 
2024-03-22T17:54:17.723+0800: 90133.144: [GC (Allocation Failure) 2024-03-22T17:54:17.724+0800: 90133.144: [ParNew: 20822069K->1099614K(22937600K), 0.2912731 secs] 36060635K->16378933K(130940928K), 0.2916762 secs] [Times: user=4.17 sys=0.10, real=0.29 secs] 
2024-03-22T17:54:26.043+0800: 90141.463: [GC (Allocation Failure) 2024-03-22T17:54:26.043+0800: 90141.464: [ParNew: 20760414K->1119835K(22937600K), 0.3392803 secs] 36039733K->16438409K(130940928K), 0.3396908 secs] [Times: user=4.16 sys=0.95, real=0.34 secs] 
2024-03-22T17:54:35.780+0800: 90151.201: [GC (Allocation Failure) 2024-03-22T17:54:35.780+0800: 90151.201: [ParNew: 20780635K->1115834K(22937600K), 0.3160535 secs] 36099209K->16473468K(130940928K), 0.3164488 secs] [Times: user=4.11 sys=0.59, real=0.31 secs] 
2024-03-22T17:54:43.889+0800: 90159.310: [GC (Allocation Failure) 2024-03-22T17:54:43.890+0800: 90159.310: [ParNew: 20776634K->1187252K(22937600K), 0.3165713 secs] 36134268K->16586908K(130940928K), 0.3169865 secs] [Times: user=4.47 sys=0.22, real=0.31 secs] 
2024-03-22T17:54:52.520+0800: 90167.941: [GC (Allocation Failure) 2024-03-22T17:54:52.520+0800: 90167.941: [ParNew: 20848052K->1181606K(22937600K), 0.2909291 secs] 36247708K->16621337K(130940928K), 0.2913314 secs] [Times: user=4.25 sys=0.02, real=0.29 secs] 
2024-03-22T17:55:02.779+0800: 90178.200: [GC (Allocation Failure) 2024-03-22T17:55:02.779+0800: 90178.200: [ParNew: 20842406K->1209898K(22937600K), 0.3461225 secs] 36282137K->16688195K(130940928K), 0.3466192 secs] [Times: user=4.25 sys=0.97, real=0.34 secs] 
2024-03-22T17:55:12.540+0800: 90187.961: [GC (Allocation Failure) 2024-03-22T17:55:12.541+0800: 90187.961: [ParNew: 20870698K->1079184K(22937600K), 0.3310083 secs] 36348995K->16594437K(130940928K), 0.3314278 secs] [Times: user=4.41 sys=0.62, real=0.33 secs] 
2024-03-22T17:55:20.133+0800: 90195.553: [GC (Allocation Failure) 2024-03-22T17:55:20.133+0800: 90195.554: [ParNew: 20739984K->1057713K(22937600K), 0.2917104 secs] 36255237K->16614491K(130940928K), 0.2920960 secs] [Times: user=4.15 sys=0.12, real=0.29 secs] 
2024-03-22T17:55:28.535+0800: 90203.956: [GC (Allocation Failure) 2024-03-22T17:55:28.536+0800: 90203.957: [ParNew: 20718513K->1083033K(22937600K), 0.2707563 secs] 36275291K->16676765K(130940928K), 0.2711599 secs] [Times: user=3.84 sys=0.10, real=0.27 secs] 
2024-03-22T17:55:38.023+0800: 90213.444: [GC (Allocation Failure) 2024-03-22T17:55:38.023+0800: 90213.444: [ParNew: 20743833K->1131490K(22937600K), 0.3504395 secs] 36337565K->16760808K(130940928K), 0.3507745 secs] [Times: user=4.02 sys=1.21, real=0.35 secs] 
2024-03-22T17:55:48.483+0800: 90223.904: [GC (Allocation Failure) 2024-03-22T17:55:48.484+0800: 90223.905: [ParNew: 20792290K->1059901K(22937600K), 0.3325667 secs] 36421608K->16724596K(130940928K), 0.3330111 secs] [Times: user=4.49 sys=0.55, real=0.33 secs] 
2024-03-22T17:55:57.851+0800: 90233.272: [GC (Allocation Failure) 2024-03-22T17:55:57.851+0800: 90233.272: [ParNew: 20720701K->1003165K(22937600K), 0.2878646 secs] 36385396K->16703864K(130940928K), 0.2882747 secs] [Times: user=4.06 sys=0.16, real=0.29 secs] 
2024-03-22T17:56:06.102+0800: 90241.523: [GC (Allocation Failure) 2024-03-22T17:56:06.102+0800: 90241.523: [ParNew: 20663965K->1163681K(22937600K), 0.3493385 secs] 36364664K->16899496K(130940928K), 0.3497497 secs] [Times: user=4.24 sys=1.00, real=0.35 secs] 
2024-03-22T17:56:16.669+0800: 90252.090: [GC (Allocation Failure) 2024-03-22T17:56:16.669+0800: 90252.090: [ParNew: 20824481K->1159667K(22937600K), 0.3115088 secs] 36560296K->16931248K(130940928K), 0.3119196 secs] [Times: user=4.13 sys=0.51, real=0.31 secs] 
2024-03-22T17:56:26.206+0800: 90261.626: [GC (Allocation Failure) 2024-03-22T17:56:26.206+0800: 90261.627: [ParNew: 20819530K->1067759K(22937600K), 0.2976648 secs] 36591111K->16875314K(130940928K), 0.2980967 secs] [Times: user=4.16 sys=0.20, real=0.30 secs] 
2024-03-22T17:56:35.612+0800: 90271.033: [GC (Allocation Failure) 2024-03-22T17:56:35.612+0800: 90271.033: [ParNew: 20728559K->1100030K(22937600K), 0.3411287 secs] 36536114K->16942905K(130940928K), 0.3414879 secs] [Times: user=4.15 sys=0.97, real=0.34 secs] 
2024-03-22T17:56:46.446+0800: 90281.867: [GC (Allocation Failure) 2024-03-22T17:56:46.446+0800: 90281.867: [ParNew: 20760830K->1045371K(22937600K), 0.3197396 secs] 36603705K->16923835K(130940928K), 0.3201840 secs] [Times: user=4.22 sys=0.49, real=0.32 secs] 
2024-03-22T17:56:55.889+0800: 90291.310: [GC (Allocation Failure) 2024-03-22T17:56:55.889+0800: 90291.310: [ParNew: 20706171K->1114646K(22937600K), 0.2890886 secs] 36584635K->17027231K(130940928K), 0.2895053 secs] [Times: user=4.04 sys=0.21, real=0.29 secs] 
2024-03-22T17:57:04.153+0800: 90299.574: [GC (Allocation Failure) 2024-03-22T17:57:04.153+0800: 90299.574: [ParNew: 20775446K->1114902K(22937600K), 0.2860443 secs] 36688031K->17065618K(130940928K), 0.2864725 secs] [Times: user=4.17 sys=0.02, real=0.29 secs] 
2024-03-22T17:57:13.255+0800: 90308.676: [GC (Allocation Failure) 2024-03-22T17:57:13.255+0800: 90308.676: [ParNew: 20775702K->1161402K(22937600K), 0.3459956 secs] 36726418K->17152424K(130940928K), 0.3465338 secs] [Times: user=4.33 sys=0.84, real=0.35 secs] 
2024-03-22T17:57:22.558+0800: 90317.978: [GC (Allocation Failure) 2024-03-22T17:57:22.558+0800: 90317.979: [ParNew: 20822202K->1147779K(22937600K), 0.3418763 secs] 36813224K->17175978K(130940928K), 0.3422816 secs] [Times: user=4.52 sys=0.61, real=0.34 secs] 
2024-03-22T17:57:31.925+0800: 90327.346: [GC (Allocation Failure) 2024-03-22T17:57:31.926+0800: 90327.346: [ParNew: 20808579K->1184625K(22937600K), 0.2881882 secs] 36836778K->17246673K(130940928K), 0.2886172 secs] [Times: user=4.12 sys=0.10, real=0.29 secs] 
2024-03-22T17:57:39.443+0800: 90334.864: [GC (Allocation Failure) 2024-03-22T17:57:39.443+0800: 90334.864: [ParNew: 20845425K->1118475K(22937600K), 0.2785462 secs] 36907473K->17214278K(130940928K), 0.2789522 secs] [Times: user=4.00 sys=0.11, real=0.28 secs] 
2024-03-22T17:57:48.568+0800: 90343.988: [GC (Allocation Failure) 2024-03-22T17:57:48.568+0800: 90343.989: [ParNew: 20779275K->1164063K(22937600K), 0.3401436 secs] 36875078K->17295768K(130940928K), 0.3406025 secs] [Times: user=4.19 sys=0.95, real=0.34 secs] 
2024-03-22T17:57:57.747+0800: 90353.168: [GC (Allocation Failure) 2024-03-22T17:57:57.747+0800: 90353.168: [ParNew: 20824863K->1148308K(22937600K), 0.3106333 secs] 36956568K->17317708K(130940928K), 0.3110199 secs] [Times: user=4.08 sys=0.61, real=0.32 secs] 
2024-03-22T17:58:05.775+0800: 90361.196: [GC (Allocation Failure) 2024-03-22T17:58:05.775+0800: 90361.196: [ParNew: 20809108K->1124912K(22937600K), 0.2796520 secs] 36978508K->17330933K(130940928K), 0.2800431 secs] [Times: user=4.08 sys=0.04, real=0.28 secs] 
2024-03-22T17:58:14.174+0800: 90369.594: [GC (Allocation Failure) 2024-03-22T17:58:14.174+0800: 90369.595: [ParNew: 20785712K->1168085K(22937600K), 0.3403302 secs] 36991733K->17412165K(130940928K), 0.3407369 secs] [Times: user=4.07 sys=1.03, real=0.34 secs] 
2024-03-22T17:58:23.894+0800: 90379.315: [GC (Allocation Failure) 2024-03-22T17:58:23.895+0800: 90379.315: [ParNew: 20828885K->1143871K(22937600K), 0.3084497 secs] 37072965K->17427258K(130940928K), 0.3088658 secs] [Times: user=4.16 sys=0.46, real=0.31 secs] 
2024-03-22T17:58:32.405+0800: 90387.826: [GC (Allocation Failure) 2024-03-22T17:58:32.405+0800: 90387.826: [ParNew: 20804671K->1134485K(22937600K), 0.3045813 secs] 37088058K->17455743K(130940928K), 0.3049922 secs] [Times: user=4.25 sys=0.21, real=0.31 secs] 
2024-03-22T17:58:40.253+0800: 90395.674: [GC (Allocation Failure) 2024-03-22T17:58:40.253+0800: 90395.674: [ParNew: 20795285K->1214115K(22937600K), 0.2937884 secs] 37116543K->17576663K(130940928K), 0.2942021 secs] [Times: user=4.18 sys=0.06, real=0.29 secs] 
2024-03-22T17:58:50.085+0800: 90405.506: [GC (Allocation Failure) 2024-03-22T17:58:50.085+0800: 90405.506: [ParNew: 20874915K->1189147K(22937600K), 0.3561731 secs] 37237463K->17594375K(130940928K), 0.3565906 secs] [Times: user=4.37 sys=1.01, real=0.36 secs] 
2024-03-22T17:59:01.096+0800: 90416.517: [GC (Allocation Failure) 2024-03-22T17:59:01.096+0800: 90416.517: [ParNew: 20849947K->1121557K(22937600K), 0.3277982 secs] 37255175K->17573498K(130940928K), 0.3282334 secs] [Times: user=4.24 sys=0.69, real=0.33 secs] 
2024-03-22T17:59:11.884+0800: 90427.305: [GC (Allocation Failure) 2024-03-22T17:59:11.884+0800: 90427.305: [ParNew: 20782357K->1121639K(22937600K), 0.2899209 secs] 37234298K->17616072K(130940928K), 0.2903331 secs] [Times: user=3.96 sys=0.24, real=0.29 secs] 
2024-03-22T17:59:20.894+0800: 90436.314: [GC (Allocation Failure) 2024-03-22T17:59:20.894+0800: 90436.315: [ParNew: 20782439K->1149001K(22937600K), 0.3673850 secs] 37276872K->17687342K(130940928K), 0.3678692 secs] [Times: user=4.24 sys=1.30, real=0.37 secs] 
2024-03-22T17:59:32.681+0800: 90448.102: [GC (Allocation Failure) 2024-03-22T17:59:32.681+0800: 90448.102: [ParNew: 20809801K->1042993K(22937600K), 0.3244087 secs] 37348142K->17622179K(130940928K), 0.3248514 secs] [Times: user=4.20 sys=0.65, real=0.32 secs] 
2024-03-22T17:59:41.607+0800: 90457.028: [GC (Allocation Failure) 2024-03-22T17:59:41.607+0800: 90457.028: [ParNew: 20703793K->1148768K(22937600K), 0.2948465 secs] 37282979K->17769145K(130940928K), 0.2952666 secs] [Times: user=4.18 sys=0.10, real=0.30 secs] 
2024-03-22T17:59:51.358+0800: 90466.779: [GC (Allocation Failure) 2024-03-22T17:59:51.358+0800: 90466.779: [ParNew: 20809568K->1134613K(22937600K), 0.3625941 secs] 37429945K->17792305K(130940928K), 0.3630099 secs] [Times: user=4.33 sys=1.02, real=0.36 secs] 
2024-03-22T18:00:03.409+0800: 90478.830: [GC (Allocation Failure) 2024-03-22T18:00:03.410+0800: 90478.830: [ParNew: 20795413K->1002461K(22937600K), 0.3336232 secs] 37453105K->17697344K(130940928K), 0.3340071 secs] [Times: user=4.08 sys=0.72, real=0.33 secs] 
2024-03-22T18:00:13.705+0800: 90489.126: [GC (Allocation Failure) 2024-03-22T18:00:13.706+0800: 90489.127: [ParNew: 20663261K->1258276K(22937600K), 0.3488905 secs] 37358144K->17990288K(130940928K), 0.3492952 secs] [Times: user=5.11 sys=0.06, real=0.35 secs] 
2024-03-22T18:00:22.572+0800: 90497.993: [GC (Allocation Failure) 2024-03-22T18:00:22.572+0800: 90497.993: [ParNew: 20919076K->1114594K(22937600K), 0.3257196 secs] 37651088K->17884141K(130940928K), 0.3261535 secs] [Times: user=4.36 sys=0.48, real=0.33 secs] 
2024-03-22T18:00:31.787+0800: 90507.208: [GC (Allocation Failure) 2024-03-22T18:00:31.788+0800: 90507.208: [ParNew: 20775394K->1077610K(22937600K), 0.3205454 secs] 37544941K->17885567K(130940928K), 0.3209934 secs] [Times: user=4.27 sys=0.33, real=0.33 secs] 
2024-03-22T18:00:41.734+0800: 90517.155: [GC (Allocation Failure) 2024-03-22T18:00:41.734+0800: 90517.155: [ParNew: 20738410K->1120981K(22937600K), 0.3522168 secs] 37546367K->17967452K(130940928K), 0.3526121 secs] [Times: user=4.36 sys=0.84, real=0.35 secs] 
2024-03-22T18:00:50.275+0800: 90525.696: [GC (Allocation Failure) 2024-03-22T18:00:50.275+0800: 90525.696: [ParNew: 20781781K->1147959K(22937600K), 0.3022526 secs] 37628252K->18032801K(130940928K), 0.3026965 secs] [Times: user=4.26 sys=0.11, real=0.31 secs] 
2024-03-22T18:01:00.099+0800: 90535.520: [GC (Allocation Failure) 2024-03-22T18:01:00.099+0800: 90535.520: [ParNew: 20808759K->1152063K(22937600K), 0.3470780 secs] 37693601K->18073845K(130940928K), 0.3475223 secs] [Times: user=4.23 sys=1.00, real=0.34 secs] 
2024-03-22T18:01:09.563+0800: 90544.984: [GC (Allocation Failure) 2024-03-22T18:01:09.563+0800: 90544.984: [ParNew: 20812863K->1233315K(22937600K), 0.3374879 secs] 37734645K->18193865K(130940928K), 0.3379032 secs] [Times: user=4.58 sys=0.37, real=0.34 secs] 
2024-03-22T18:01:18.401+0800: 90553.822: [GC (Allocation Failure) 2024-03-22T18:01:18.401+0800: 90553.822: [ParNew: 20894115K->1117401K(22937600K), 0.3158042 secs] 37854665K->18117219K(130940928K), 0.3162530 secs] [Times: user=4.43 sys=0.17, real=0.32 secs] 
2024-03-22T18:01:26.873+0800: 90562.294: [GC (Allocation Failure) 2024-03-22T18:01:26.873+0800: 90562.294: [ParNew: 20778201K->1117667K(22937600K), 0.2969910 secs] 37778019K->18155273K(130940928K), 0.2974201 secs] [Times: user=4.30 sys=0.06, real=0.30 secs] 
2024-03-22T18:01:35.075+0800: 90570.496: [GC (Allocation Failure) 2024-03-22T18:01:35.075+0800: 90570.496: [ParNew: 20778467K->1156684K(22937600K), 0.3810465 secs] 37816073K->18236398K(130940928K), 0.3815601 secs] [Times: user=4.72 sys=0.98, real=0.38 secs] 
2024-03-22T18:01:47.062+0800: 90582.483: [GC (Allocation Failure) 2024-03-22T18:01:47.062+0800: 90582.483: [ParNew: 20817484K->1283739K(22937600K), 0.3294145 secs] 37897198K->18406423K(130940928K), 0.3298386 secs] [Times: user=4.21 sys=0.69, real=0.33 secs] 
2024-03-22T18:01:56.074+0800: 90591.495: [GC (Allocation Failure) 2024-03-22T18:01:56.075+0800: 90591.496: [ParNew: 20944539K->1157636K(22937600K), 0.2998418 secs] 38067223K->18321080K(130940928K), 0.3002561 secs] [Times: user=4.35 sys=0.01, real=0.30 secs] 
2024-03-22T18:02:05.830+0800: 90601.251: [GC (Allocation Failure) 2024-03-22T18:02:05.831+0800: 90601.251: [ParNew: 20818436K->1187155K(22937600K), 0.3469794 secs] 37981880K->18392109K(130940928K), 0.3474751 secs] [Times: user=4.25 sys=0.89, real=0.35 secs] 
2024-03-22T18:02:17.256+0800: 90612.677: [GC (Allocation Failure) 2024-03-22T18:02:17.256+0800: 90612.677: [ParNew: 20847955K->1111914K(22937600K), 0.3346033 secs] 38052909K->18360440K(130940928K), 0.3350271 secs] [Times: user=4.42 sys=0.62, real=0.34 secs] 
2024-03-22T18:02:26.562+0800: 90621.983: [GC (Allocation Failure) 2024-03-22T18:02:26.563+0800: 90621.984: [ParNew: 20772714K->1184590K(22937600K), 0.2970022 secs] 38021240K->18474937K(130940928K), 0.2974102 secs] [Times: user=4.13 sys=0.18, real=0.30 secs] 
2024-03-22T18:02:35.152+0800: 90630.573: [GC (Allocation Failure) 2024-03-22T18:02:35.152+0800: 90630.573: [ParNew: 20845390K->1072014K(22937600K), 0.2928835 secs] 38135737K->18407118K(130940928K), 0.2933187 secs] [Times: user=4.16 sys=0.05, real=0.29 secs] 
2024-03-22T18:02:47.628+0800: 90643.049: [GC (Allocation Failure) 2024-03-22T18:02:47.628+0800: 90643.049: [ParNew: 20732814K->1146824K(22937600K), 0.4275348 secs] 38067918K->18522307K(130940928K), 0.4279555 secs] [Times: user=4.92 sys=1.50, real=0.42 secs] 
2024-03-22T18:02:57.613+0800: 90653.034: [GC (Allocation Failure) 2024-03-22T18:02:57.614+0800: 90653.034: [ParNew: 20807624K->1111690K(22937600K), 0.3047446 secs] 38183107K->18525961K(130940928K), 0.3051580 secs] [Times: user=4.18 sys=0.31, real=0.31 secs] 
2024-03-22T18:03:07.769+0800: 90663.190: [GC (Allocation Failure) 2024-03-22T18:03:07.769+0800: 90663.190: [ParNew: 20772490K->1064087K(22937600K), 0.2788750 secs] 38186761K->18516704K(130940928K), 0.2792863 secs] [Times: user=4.06 sys=0.00, real=0.28 secs] 
2024-03-22T18:03:16.160+0800: 90671.581: [GC (Allocation Failure) 2024-03-22T18:03:16.160+0800: 90671.581: [ParNew: 20724887K->1099792K(22937600K), 0.3408081 secs] 38177504K->18594335K(130940928K), 0.3412146 secs] [Times: user=4.09 sys=1.00, real=0.34 secs] 
2024-03-22T18:03:27.285+0800: 90682.706: [GC (Allocation Failure) 2024-03-22T18:03:27.285+0800: 90682.706: [ParNew: 20760592K->1182137K(22937600K), 0.3272057 secs] 38255135K->18714738K(130940928K), 0.3276315 secs] [Times: user=4.29 sys=0.66, real=0.33 secs] 
2024-03-22T18:03:35.505+0800: 90690.926: [GC (Allocation Failure) 2024-03-22T18:03:35.505+0800: 90690.926: [ParNew: 20842937K->1128114K(22937600K), 0.2869372 secs] 38375538K->18701031K(130940928K), 0.2873422 secs] [Times: user=3.94 sys=0.21, real=0.29 secs] 
2024-03-22T18:03:44.456+0800: 90699.877: [GC (Allocation Failure) 2024-03-22T18:03:44.456+0800: 90699.877: [ParNew: 20788914K->1125705K(22937600K), 0.3189820 secs] 38361831K->18736560K(130940928K), 0.3194313 secs] [Times: user=4.20 sys=0.89, real=0.32 secs] 
2024-03-22T18:03:55.539+0800: 90710.960: [GC (Allocation Failure) 2024-03-22T18:03:55.539+0800: 90710.960: [ParNew: 20786505K->1097825K(22937600K), 0.3021368 secs] 38397360K->18745629K(130940928K), 0.3025551 secs] [Times: user=4.02 sys=0.45, real=0.30 secs] 
2024-03-22T18:04:03.743+0800: 90719.164: [GC (Allocation Failure) 2024-03-22T18:04:03.744+0800: 90719.165: [ParNew: 20758625K->1075771K(22937600K), 0.3034168 secs] 38406429K->18761994K(130940928K), 0.3038390 secs] [Times: user=4.57 sys=0.19, real=0.30 secs] 
2024-03-22T18:04:11.454+0800: 90726.875: [GC (Allocation Failure) 2024-03-22T18:04:11.455+0800: 90726.876: [ParNew: 20736571K->1162721K(22937600K), 0.2754293 secs] 38422794K->18886634K(130940928K), 0.2758485 secs] [Times: user=3.98 sys=0.00, real=0.28 secs] 
2024-03-22T18:04:19.339+0800: 90734.760: [GC (Allocation Failure) 2024-03-22T18:04:19.340+0800: 90734.760: [ParNew: 20823521K->1265371K(22937600K), 0.3376858 secs] 38547434K->19030214K(130940928K), 0.3381411 secs] [Times: user=4.20 sys=0.79, real=0.34 secs] 
2024-03-22T18:04:28.543+0800: 90743.964: [GC (Allocation Failure) 2024-03-22T18:04:28.543+0800: 90743.964: [ParNew: 20926171K->1212215K(22937600K), 0.3079400 secs] 38691014K->19014449K(130940928K), 0.3083373 secs] [Times: user=4.09 sys=0.52, real=0.31 secs] 
2024-03-22T18:04:35.866+0800: 90751.286: [GC (Allocation Failure) 2024-03-22T18:04:35.866+0800: 90751.287: [ParNew: 20873015K->1187810K(22937600K), 0.2968203 secs] 38675249K->19029258K(130940928K), 0.2972432 secs] [Times: user=4.14 sys=0.18, real=0.30 secs] 
2024-03-22T18:04:44.684+0800: 90760.104: [GC (Allocation Failure) 2024-03-22T18:04:44.684+0800: 90760.105: [ParNew: 20848610K->1188812K(22937600K), 0.2764161 secs] 38690058K->19069729K(130940928K), 0.2768468 secs] [Times: user=4.03 sys=0.01, real=0.28 secs] 
2024-03-22T18:04:53.373+0800: 90768.794: [GC (Allocation Failure) 2024-03-22T18:04:53.373+0800: 90768.794: [ParNew: 20849612K->1109401K(22937600K), 0.3403024 secs] 38730529K->19029512K(130940928K), 0.3407801 secs] [Times: user=4.30 sys=0.81, real=0.34 secs] 
2024-03-22T18:05:02.998+0800: 90778.419: [GC (Allocation Failure) 2024-03-22T18:05:02.999+0800: 90778.419: [ParNew: 20770201K->1095448K(22937600K), 0.3347013 secs] 38690312K->19052753K(130940928K), 0.3351435 secs] [Times: user=4.40 sys=0.65, real=0.33 secs] 
2024-03-22T18:05:11.105+0800: 90786.526: [GC (Allocation Failure) 2024-03-22T18:05:11.105+0800: 90786.526: [ParNew: 20756248K->1167243K(22937600K), 0.2939969 secs] 38713553K->19163047K(130940928K), 0.2944247 secs] [Times: user=4.15 sys=0.14, real=0.30 secs] 
2024-03-22T18:05:19.020+0800: 90794.440: [GC (Allocation Failure) 2024-03-22T18:05:19.020+0800: 90794.441: [ParNew: 20828043K->1151713K(22937600K), 0.2874483 secs] 38823847K->19183742K(130940928K), 0.2879194 secs] [Times: user=4.16 sys=0.04, real=0.29 secs] 
2024-03-22T18:05:28.061+0800: 90803.482: [GC (Allocation Failure) 2024-03-22T18:05:28.061+0800: 90803.482: [ParNew: 20812513K->1097507K(22937600K), 0.3422586 secs] 38844542K->19167915K(130940928K), 0.3426832 secs] [Times: user=4.08 sys=1.00, real=0.34 secs] 
2024-03-22T18:05:37.136+0800: 90812.557: [GC (Allocation Failure) 2024-03-22T18:05:37.136+0800: 90812.557: [ParNew: 20758307K->1167597K(22937600K), 0.3106187 secs] 38828715K->19274683K(130940928K), 0.3110462 secs] [Times: user=4.08 sys=0.60, real=0.31 secs] 
2024-03-22T18:05:45.386+0800: 90820.807: [GC (Allocation Failure) 2024-03-22T18:05:45.387+0800: 90820.808: [ParNew: 20828397K->1141186K(22937600K), 0.2869311 secs] 38935483K->19287323K(130940928K), 0.2873750 secs] [Times: user=4.14 sys=0.08, real=0.29 secs] 
2024-03-22T18:05:52.964+0800: 90828.385: [GC (Allocation Failure) 2024-03-22T18:05:52.964+0800: 90828.385: [ParNew: 20801986K->1275321K(22937600K), 0.3039133 secs] 38948123K->19463274K(130940928K), 0.3043550 secs] [Times: user=4.13 sys=0.31, real=0.31 secs] 
2024-03-22T18:06:00.693+0800: 90836.114: [GC (Allocation Failure) 2024-03-22T18:06:00.693+0800: 90836.114: [ParNew: 20936121K->1167376K(22937600K), 0.3702462 secs] 39124074K->19397889K(130940928K), 0.3707033 secs] [Times: user=4.54 sys=1.03, real=0.37 secs] 
2024-03-22T18:06:10.248+0800: 90845.669: [GC (Allocation Failure) 2024-03-22T18:06:10.248+0800: 90845.669: [ParNew: 20828176K->1139531K(22937600K), 0.3224717 secs] 39058689K->19412298K(130940928K), 0.3228626 secs] [Times: user=4.29 sys=0.58, real=0.32 secs] 
2024-03-22T18:06:19.011+0800: 90854.432: [GC (Allocation Failure) 2024-03-22T18:06:19.011+0800: 90854.432: [ParNew: 20800331K->1209798K(22937600K), 0.2849063 secs] 39073098K->19523736K(130940928K), 0.2853422 secs] [Times: user=4.08 sys=0.09, real=0.28 secs] 
2024-03-22T18:06:26.263+0800: 90861.684: [GC (Allocation Failure) 2024-03-22T18:06:26.263+0800: 90861.684: [ParNew: 20870598K->1233599K(22937600K), 0.2910658 secs] 39184536K->19587788K(130940928K), 0.2914486 secs] [Times: user=4.08 sys=0.10, real=0.29 secs] 
2024-03-22T18:06:33.824+0800: 90869.245: [GC (Allocation Failure) 2024-03-22T18:06:33.825+0800: 90869.245: [ParNew: 20894399K->1232964K(22937600K), 0.3759976 secs] 39248588K->19626229K(130940928K), 0.3765188 secs] [Times: user=4.54 sys=1.08, real=0.38 secs] 
2024-03-22T18:06:42.984+0800: 90878.405: [GC (Allocation Failure) 2024-03-22T18:06:42.984+0800: 90878.405: [ParNew: 20893764K->1229662K(22937600K), 0.3888263 secs] 39287029K->19662252K(130940928K), 0.3892098 secs] [Times: user=5.08 sys=0.81, real=0.39 secs] 
2024-03-22T18:06:52.584+0800: 90888.005: [GC (Allocation Failure) 2024-03-22T18:06:52.585+0800: 90888.006: [ParNew: 20890462K->1212981K(22937600K), 0.3072032 secs] 39323052K->19684769K(130940928K), 0.3076338 secs] [Times: user=4.22 sys=0.15, real=0.31 secs] 
2024-03-22T18:07:01.304+0800: 90896.724: [GC (Allocation Failure) 2024-03-22T18:07:01.304+0800: 90896.725: [ParNew: 20873781K->1211724K(22937600K), 0.4210446 secs] 39345569K->19722118K(130940928K), 0.4214894 secs] [Times: user=4.47 sys=2.09, real=0.42 secs] 
2024-03-22T18:07:11.833+0800: 90907.254: [GC (Allocation Failure) 2024-03-22T18:07:11.834+0800: 90907.254: [ParNew: 20872524K->1240452K(22937600K), 0.3695753 secs] 39382918K->19791895K(130940928K), 0.3700251 secs] [Times: user=4.83 sys=0.83, real=0.37 secs] 
2024-03-22T18:07:21.365+0800: 90916.785: [GC (Allocation Failure) 2024-03-22T18:07:21.365+0800: 90916.786: [ParNew: 20901252K->1265601K(22937600K), 0.3125124 secs] 39452695K->19859013K(130940928K), 0.3129305 secs] [Times: user=4.22 sys=0.34, real=0.32 secs] 
2024-03-22T18:07:30.907+0800: 90926.328: [GC (Allocation Failure) 2024-03-22T18:07:30.907+0800: 90926.328: [ParNew: 20926401K->1103028K(22937600K), 0.2857722 secs] 39519813K->19737215K(130940928K), 0.2861953 secs] [Times: user=4.13 sys=0.09, real=0.29 secs] 
2024-03-22T18:07:39.856+0800: 90935.277: [GC (Allocation Failure) 2024-03-22T18:07:39.857+0800: 90935.278: [ParNew: 20763828K->1211869K(22937600K), 0.4489880 secs] 39398015K->19888339K(130940928K), 0.4494236 secs] [Times: user=5.02 sys=2.05, real=0.45 secs] 
2024-03-22T18:07:49.499+0800: 90944.919: [GC (Allocation Failure) 2024-03-22T18:07:49.499+0800: 90944.920: [ParNew: 20872669K->1152140K(22937600K), 0.3441839 secs] 39549139K->19876902K(130940928K), 0.3446271 secs] [Times: user=4.33 sys=0.94, real=0.34 secs] 
2024-03-22T18:07:59.256+0800: 90954.676: [GC (Allocation Failure) 2024-03-22T18:07:59.256+0800: 90954.677: [ParNew: 20812940K->1212397K(22937600K), 0.2905656 secs] 39537702K->19984457K(130940928K), 0.2910001 secs] [Times: user=4.14 sys=0.14, real=0.29 secs] 
2024-03-22T18:08:08.505+0800: 90963.926: [GC (Allocation Failure) 2024-03-22T18:08:08.505+0800: 90963.926: [ParNew: 20873197K->1245183K(22937600K), 0.3902012 secs] 39645257K->20062576K(130940928K), 0.3907154 secs] [Times: user=4.27 sys=1.58, real=0.39 secs] 
2024-03-22T18:08:17.729+0800: 90973.150: [GC (Allocation Failure) 2024-03-22T18:08:17.729+0800: 90973.150: [ParNew: 20905983K->1124634K(22937600K), 0.3086243 secs] 39723376K->19985166K(130940928K), 0.3090846 secs] [Times: user=4.15 sys=0.48, real=0.31 secs] 
2024-03-22T18:08:25.758+0800: 90981.179: [GC (Allocation Failure) 2024-03-22T18:08:25.758+0800: 90981.179: [ParNew: 20785434K->1098753K(22937600K), 0.3008835 secs] 39645966K->20005144K(130940928K), 0.3013265 secs] [Times: user=4.24 sys=0.15, real=0.30 secs] 
2024-03-22T18:08:33.682+0800: 90989.103: [GC (Allocation Failure) 2024-03-22T18:08:33.682+0800: 90989.103: [ParNew: 20759553K->1143048K(22937600K), 0.2930680 secs] 39665944K->20092602K(130940928K), 0.2935199 secs] [Times: user=4.21 sys=0.04, real=0.29 secs] 
2024-03-22T18:08:42.829+0800: 90998.250: [GC (Allocation Failure) 2024-03-22T18:08:42.829+0800: 90998.250: [ParNew: 20779904K->1222856K(22937600K), 0.3424769 secs] 39729458K->20215312K(130940928K), 0.3428986 secs] [Times: user=4.09 sys=1.01, real=0.34 secs] 
2024-03-22T18:08:52.387+0800: 91007.808: [GC (Allocation Failure) 2024-03-22T18:08:52.387+0800: 91007.808: [ParNew: 20883656K->1218171K(22937600K), 0.3178472 secs] 39876112K->20254773K(130940928K), 0.3182989 secs] [Times: user=4.05 sys=0.67, real=0.32 secs] 
2024-03-22T18:09:00.554+0800: 91015.975: [GC (Allocation Failure) 2024-03-22T18:09:00.554+0800: 91015.975: [ParNew: 20878971K->1152106K(22937600K), 0.2889871 secs] 39915573K->20232342K(130940928K), 0.2894091 secs] [Times: user=4.10 sys=0.19, real=0.29 secs] 
2024-03-22T18:09:08.648+0800: 91024.069: [GC (Allocation Failure) 2024-03-22T18:09:08.648+0800: 91024.069: [ParNew: 20812906K->1175775K(22937600K), 0.2741745 secs] 39893142K->20298736K(130940928K), 0.2745985 secs] [Times: user=4.01 sys=0.01, real=0.27 secs] 
2024-03-22T18:09:16.803+0800: 91032.223: [GC (Allocation Failure) 2024-03-22T18:09:16.803+0800: 91032.224: [ParNew: 20836575K->1260442K(22937600K), 0.3740517 secs] 39959536K->20425924K(130940928K), 0.3745807 secs] [Times: user=4.41 sys=1.22, real=0.37 secs] 
2024-03-22T18:09:25.655+0800: 91041.076: [GC (Allocation Failure) 2024-03-22T18:09:25.655+0800: 91041.076: [ParNew: 20921242K->1232890K(22937600K), 0.3296644 secs] 40086724K->20442500K(130940928K), 0.3299916 secs] [Times: user=4.15 sys=0.69, real=0.33 secs] 
2024-03-22T18:09:33.266+0800: 91048.687: [GC (Allocation Failure) 2024-03-22T18:09:33.267+0800: 91048.687: [ParNew: 20893690K->1212364K(22937600K), 0.3058805 secs] 40103300K->20464756K(130940928K), 0.3062418 secs] [Times: user=4.29 sys=0.19, real=0.31 secs] 
2024-03-22T18:09:41.518+0800: 91056.939: [GC (Allocation Failure) 2024-03-22T18:09:41.518+0800: 91056.939: [ParNew: 20873164K->1286595K(22937600K), 0.2727251 secs] 40125556K->20581744K(130940928K), 0.2731456 secs] [Times: user=3.93 sys=0.10, real=0.27 secs] 
2024-03-22T18:09:48.552+0800: 91063.973: [GC (Allocation Failure) 2024-03-22T18:09:48.553+0800: 91063.973: [ParNew: 20947395K->1273195K(22937600K), 0.3460364 secs] 40242544K->20611039K(130940928K), 0.3465387 secs] [Times: user=4.26 sys=0.91, real=0.35 secs] 
2024-03-22T18:09:56.607+0800: 91072.028: [GC (Allocation Failure) 2024-03-22T18:09:56.607+0800: 91072.028: [ParNew: 20933995K->1246555K(22937600K), 0.3098112 secs] 40271839K->20630337K(130940928K), 0.3102095 secs] [Times: user=4.09 sys=0.45, real=0.31 secs] 
2024-03-22T18:10:03.479+0800: 91078.900: [GC (Allocation Failure) 2024-03-22T18:10:03.479+0800: 91078.900: [ParNew: 20907355K->1179337K(22937600K), 0.2918985 secs] 40291137K->20609322K(130940928K), 0.2923234 secs] [Times: user=4.13 sys=0.21, real=0.29 secs] 
2024-03-22T18:10:11.522+0800: 91086.943: [GC (Allocation Failure) 2024-03-22T18:10:11.522+0800: 91086.943: [ParNew: 20840137K->1156322K(22937600K), 0.2834249 secs] 40270122K->20631158K(130940928K), 0.2838583 secs] [Times: user=4.12 sys=0.08, real=0.28 secs] 
2024-03-22T18:10:18.748+0800: 91094.169: [GC (Allocation Failure) 2024-03-22T18:10:18.748+0800: 91094.169: [ParNew: 20817122K->1161037K(22937600K), 0.2916863 secs] 40291958K->20684474K(130940928K), 0.2921130 secs] [Times: user=4.13 sys=0.16, real=0.29 secs] 
2024-03-22T18:10:25.601+0800: 91101.022: [GC (Allocation Failure) 2024-03-22T18:10:25.602+0800: 91101.022: [ParNew: 20821837K->1227961K(22937600K), 0.3115615 secs] 40345274K->20796751K(130940928K), 0.3120013 secs] [Times: user=4.25 sys=0.41, real=0.31 secs] 
2024-03-22T18:10:33.528+0800: 91108.949: [GC (Allocation Failure) 2024-03-22T18:10:33.530+0800: 91108.950: [ParNew: 20888761K->1236602K(22937600K), 0.3092211 secs] 40457551K->20850766K(130940928K), 0.3106585 secs] [Times: user=4.00 sys=0.62, real=0.31 secs] 
2024-03-22T18:10:40.937+0800: 91116.357: [GC (Allocation Failure) 2024-03-22T18:10:40.937+0800: 91116.358: [ParNew: 20897402K->1207889K(22937600K), 0.2910617 secs] 40511566K->20871384K(130940928K), 0.2914715 secs] [Times: user=4.13 sys=0.16, real=0.30 secs] 
2024-03-22T18:10:48.733+0800: 91124.154: [GC (Allocation Failure) 2024-03-22T18:10:48.733+0800: 91124.154: [ParNew: 20868689K->1074438K(22937600K), 0.2932162 secs] 40532184K->20787675K(130940928K), 0.2936489 secs] [Times: user=4.17 sys=0.03, real=0.29 secs] 
2024-03-22T18:10:58.108+0800: 91133.529: [GC (Allocation Failure) 2024-03-22T18:10:58.108+0800: 91133.529: [ParNew: 20735238K->1130812K(22937600K), 0.3277997 secs] 40448475K->20890436K(130940928K), 0.3282272 secs] [Times: user=4.16 sys=0.81, real=0.32 secs] 
2024-03-22T18:11:06.006+0800: 91141.427: [GC (Allocation Failure) 2024-03-22T18:11:06.006+0800: 91141.427: [ParNew: 20791612K->993296K(22937600K), 0.3027953 secs] 40551236K->20795607K(130940928K), 0.3031958 secs] [Times: user=4.06 sys=0.51, real=0.31 secs] 
2024-03-22T18:11:13.936+0800: 91149.356: [GC (Allocation Failure) 2024-03-22T18:11:13.936+0800: 91149.357: [ParNew: 20654096K->1099919K(22937600K), 0.2866796 secs] 40456407K->20945094K(130940928K), 0.2870858 secs] [Times: user=4.04 sys=0.25, real=0.29 secs] 
2024-03-22T18:11:21.106+0800: 91156.527: [GC (Allocation Failure) 2024-03-22T18:11:21.107+0800: 91156.528: [ParNew: 20760719K->1055337K(22937600K), 0.2807101 secs] 40605894K->20945540K(130940928K), 0.2811167 secs] [Times: user=4.12 sys=0.02, real=0.29 secs] 
2024-03-22T18:11:28.584+0800: 91164.004: [GC (Allocation Failure) 2024-03-22T18:11:28.584+0800: 91164.005: [ParNew: 20716137K->1070403K(22937600K), 0.3196343 secs] 40606340K->21003529K(130940928K), 0.3200591 secs] [Times: user=4.03 sys=0.87, real=0.32 secs] 
2024-03-22T18:11:37.252+0800: 91172.673: [GC (Allocation Failure) 2024-03-22T18:11:37.252+0800: 91172.673: [ParNew: 20731203K->982662K(22937600K), 0.2808074 secs] 40664329K->20956786K(130940928K), 0.2812148 secs] [Times: user=4.01 sys=0.13, real=0.28 secs] 
2024-03-22T18:11:45.227+0800: 91180.647: [GC (Allocation Failure) 2024-03-22T18:11:45.227+0800: 91180.648: [ParNew: 20643462K->950420K(22937600K), 0.2907736 secs] 40617586K->20968541K(130940928K), 0.2911732 secs] [Times: user=4.01 sys=0.39, real=0.30 secs] 
2024-03-22T18:11:52.136+0800: 91187.557: [GC (Allocation Failure) 2024-03-22T18:11:52.136+0800: 91187.557: [ParNew: 20611220K->945149K(22937600K), 0.2745497 secs] 40629341K->21006350K(130940928K), 0.2749693 secs] [Times: user=4.05 sys=0.06, real=0.28 secs] 
2024-03-22T18:11:58.580+0800: 91194.001: [GC (Allocation Failure) 2024-03-22T18:11:58.580+0800: 91194.001: [ParNew: 20605949K->946728K(22937600K), 0.2708238 secs] 40667150K->21050698K(130940928K), 0.2713032 secs] [Times: user=4.03 sys=0.00, real=0.27 secs] 
2024-03-22T18:12:05.173+0800: 91200.594: [GC (Allocation Failure) 2024-03-22T18:12:05.173+0800: 91200.594: [ParNew: 20607528K->822454K(22937600K), 0.2953338 secs] 40711498K->20966690K(130940928K), 0.2957484 secs] [Times: user=3.79 sys=0.97, real=0.30 secs] 
2024-03-22T18:12:11.793+0800: 91207.214: [GC (Allocation Failure) 2024-03-22T18:12:11.793+0800: 91207.214: [ParNew: 20483254K->831859K(22937600K), 0.2719841 secs] 40627490K->21012831K(130940928K), 0.2724042 secs] [Times: user=3.74 sys=0.34, real=0.27 secs] 
2024-03-22T18:12:18.262+0800: 91213.683: [GC (Allocation Failure) 2024-03-22T18:12:18.262+0800: 91213.683: [ParNew: 20492659K->890027K(22937600K), 0.2612662 secs] 40673631K->21106524K(130940928K), 0.2616462 secs] [Times: user=3.63 sys=0.26, real=0.26 secs] 
2024-03-22T18:12:23.484+0800: 91218.904: [GC (Allocation Failure) 2024-03-22T18:12:23.484+0800: 91218.905: [ParNew: 20550827K->863396K(22937600K), 0.2728250 secs] 40767324K->21117847K(130940928K), 0.2731828 secs] [Times: user=3.85 sys=0.14, real=0.27 secs] 
2024-03-22T18:12:30.406+0800: 91225.826: [GC (Allocation Failure) 2024-03-22T18:12:30.406+0800: 91225.827: [ParNew: 20524196K->838289K(22937600K), 0.2488756 secs] 40778647K->21129120K(130940928K), 0.2492376 secs] [Times: user=3.60 sys=0.03, real=0.25 secs] 
2024-03-22T18:12:35.167+0800: 91230.588: [GC (Allocation Failure) 2024-03-22T18:12:35.168+0800: 91230.589: [ParNew: 20499089K->903376K(22937600K), 0.3171976 secs] 40789920K->21230146K(130940928K), 0.3176120 secs] [Times: user=3.85 sys=1.11, real=0.31 secs] 
2024-03-22T18:12:40.611+0800: 91236.032: [GC (Allocation Failure) 2024-03-22T18:12:40.611+0800: 91236.032: [ParNew: 20564176K->806880K(22937600K), 0.2751522 secs] 40890946K->21171926K(130940928K), 0.2755602 secs] [Times: user=3.94 sys=0.22, real=0.27 secs] 
2024-03-22T18:12:46.123+0800: 91241.543: [GC (Allocation Failure) 2024-03-22T18:12:46.123+0800: 91241.544: [ParNew: 20467680K->836477K(22937600K), 0.2692090 secs] 40832726K->21237628K(130940928K), 0.2696553 secs] [Times: user=3.67 sys=0.42, real=0.27 secs] 
2024-03-22T18:12:50.894+0800: 91246.315: [GC (Allocation Failure) 2024-03-22T18:12:50.894+0800: 91246.315: [ParNew: 20497277K->862075K(22937600K), 0.2731484 secs] 40898428K->21296105K(130940928K), 0.2734924 secs] [Times: user=3.86 sys=0.13, real=0.28 secs] 
2024-03-22T18:12:55.563+0800: 91250.984: [GC (Allocation Failure) 2024-03-22T18:12:55.563+0800: 91250.984: [ParNew: 20522875K->739756K(22937600K), 0.2619689 secs] 40956905K->21206679K(130940928K), 0.2623132 secs] [Times: user=3.75 sys=0.10, real=0.26 secs] 
2024-03-22T18:13:02.068+0800: 91257.489: [GC (Allocation Failure) 2024-03-22T18:13:02.068+0800: 91257.489: [ParNew: 20400556K->784366K(22937600K), 0.2413894 secs] 40867479K->21284610K(130940928K), 0.2417877 secs] [Times: user=3.40 sys=0.12, real=0.24 secs] 
2024-03-22T18:13:06.763+0800: 91262.184: [GC (Allocation Failure) 2024-03-22T18:13:06.763+0800: 91262.184: [ParNew: 20445166K->815127K(22937600K), 0.2962713 secs] 40945410K->21347444K(130940928K), 0.2966880 secs] [Times: user=3.71 sys=0.96, real=0.30 secs] 
2024-03-22T18:13:12.128+0800: 91267.548: [GC (Allocation Failure) 2024-03-22T18:13:12.128+0800: 91267.549: [ParNew: 20475927K->894566K(22937600K), 0.2454385 secs] 41008244K->21454785K(130940928K), 0.2458764 secs] [Times: user=3.55 sys=0.14, real=0.24 secs] 
2024-03-22T18:13:18.328+0800: 91273.749: [GC (Allocation Failure) 2024-03-22T18:13:18.328+0800: 91273.749: [ParNew: 20555366K->848713K(22937600K), 0.2617083 secs] 41115585K->21435993K(130940928K), 0.2621582 secs] [Times: user=3.74 sys=0.29, real=0.26 secs] 
2024-03-22T18:13:23.217+0800: 91278.638: [GC (Allocation Failure) 2024-03-22T18:13:23.218+0800: 91278.639: [ParNew: 20509513K->856175K(22937600K), 0.2600255 secs] 41096793K->21469936K(130940928K), 0.2604326 secs] [Times: user=3.69 sys=0.21, real=0.27 secs] 
2024-03-22T18:13:28.986+0800: 91284.407: [GC (Allocation Failure) 2024-03-22T18:13:28.986+0800: 91284.407: [ParNew: 20516975K->845384K(22937600K), 0.2651084 secs] 41130736K->21487045K(130940928K), 0.2655269 secs] [Times: user=4.03 sys=0.05, real=0.27 secs] 
2024-03-22T18:13:34.619+0800: 91290.040: [GC (Allocation Failure) 2024-03-22T18:13:34.619+0800: 91290.040: [ParNew: 20506184K->860266K(22937600K), 0.2398195 secs] 41147845K->21532322K(130940928K), 0.2402480 secs] [Times: user=3.50 sys=0.10, real=0.24 secs] 
2024-03-22T18:13:41.265+0800: 91296.685: [GC (Allocation Failure) 2024-03-22T18:13:41.265+0800: 91296.686: [ParNew: 20521066K->909781K(22937600K), 0.3032391 secs] 41193122K->21613435K(130940928K), 0.3036856 secs] [Times: user=3.71 sys=0.99, real=0.31 secs] 
2024-03-22T18:13:47.670+0800: 91303.091: [GC (Allocation Failure) 2024-03-22T18:13:47.670+0800: 91303.091: [ParNew: 20570581K->832823K(22937600K), 0.2474765 secs] 41274235K->21570743K(130940928K), 0.2479007 secs] [Times: user=3.68 sys=0.04, real=0.25 secs] 
2024-03-22T18:13:55.020+0800: 91310.441: [GC (Allocation Failure) 2024-03-22T18:13:55.020+0800: 91310.441: [ParNew: 20493623K->881600K(22937600K), 0.2832463 secs] 41231543K->21657822K(130940928K), 0.2836839 secs] [Times: user=3.98 sys=0.35, real=0.28 secs] 
2024-03-22T18:14:01.125+0800: 91316.546: [GC (Allocation Failure) 2024-03-22T18:14:01.125+0800: 91316.546: [ParNew: 20542400K->825438K(22937600K), 0.2605567 secs] 41318622K->21632898K(130940928K), 0.2609394 secs] [Times: user=3.75 sys=0.15, real=0.26 secs] 
2024-03-22T18:14:07.996+0800: 91323.416: [GC (Allocation Failure) 2024-03-22T18:14:07.996+0800: 91323.417: [ParNew: 20486238K->884426K(22937600K), 0.2540712 secs] 41293698K->21723706K(130940928K), 0.2544952 secs] [Times: user=3.76 sys=0.04, real=0.26 secs] 
2024-03-22T18:14:15.632+0800: 91331.052: [GC (Allocation Failure) 2024-03-22T18:14:15.632+0800: 91331.053: [ParNew: 20545226K->940845K(22937600K), 0.3056987 secs] 41384506K->21810359K(130940928K), 0.3061458 secs] [Times: user=3.88 sys=0.78, real=0.31 secs] 
2024-03-22T18:14:24.705+0800: 91340.125: [GC (Allocation Failure) 2024-03-22T18:14:24.705+0800: 91340.126: [ParNew: 20601645K->870111K(22937600K), 0.2711690 secs] 41471159K->21766312K(130940928K), 0.2715686 secs] [Times: user=3.76 sys=0.33, real=0.27 secs] 
2024-03-22T18:14:33.650+0800: 91349.071: [GC (Allocation Failure) 2024-03-22T18:14:33.651+0800: 91349.071: [ParNew: 20530911K->965444K(22937600K), 0.2792160 secs] 41427112K->21889018K(130940928K), 0.2796688 secs] [Times: user=3.77 sys=0.33, real=0.28 secs] 
2024-03-22T18:14:41.095+0800: 91356.516: [GC (Allocation Failure) 2024-03-22T18:14:41.095+0800: 91356.516: [ParNew: 20626244K->938621K(22937600K), 0.2611708 secs] 41549818K->21888932K(130940928K), 0.2615939 secs] [Times: user=3.72 sys=0.07, real=0.26 secs] 
2024-03-22T18:14:50.321+0800: 91365.742: [GC (Allocation Failure) 2024-03-22T18:14:50.321+0800: 91365.742: [ParNew: 20599421K->957210K(22937600K), 0.3334990 secs] 41549732K->21935726K(130940928K), 0.3339774 secs] [Times: user=3.95 sys=1.00, real=0.33 secs] 
2024-03-22T18:15:00.597+0800: 91376.018: [GC (Allocation Failure) 2024-03-22T18:15:00.597+0800: 91376.018: [ParNew: 20618010K->895210K(22937600K), 0.2899074 secs] 41596526K->21904036K(130940928K), 0.2903415 secs] [Times: user=3.84 sys=0.49, real=0.30 secs] 
2024-03-22T18:15:10.047+0800: 91385.468: [GC (Allocation Failure) 2024-03-22T18:15:10.047+0800: 91385.468: [ParNew: 20556010K->1009139K(22937600K), 0.2761081 secs] 41564836K->22046180K(130940928K), 0.2765454 secs] [Times: user=3.81 sys=0.28, real=0.28 secs] 
2024-03-22T18:15:19.416+0800: 91394.837: [GC (Allocation Failure) 2024-03-22T18:15:19.417+0800: 91394.837: [ParNew: 20669939K->973380K(22937600K), 0.2717072 secs] 41706980K->22040468K(130940928K), 0.2721498 secs] [Times: user=3.84 sys=0.08, real=0.28 secs] 
2024-03-22T18:15:28.519+0800: 91403.940: [GC (Allocation Failure) 2024-03-22T18:15:28.520+0800: 91403.940: [ParNew: 20634180K->1024333K(22937600K), 0.3320238 secs] 41701268K->22121059K(130940928K), 0.3324643 secs] [Times: user=3.93 sys=1.04, real=0.33 secs] 
2024-03-22T18:15:39.068+0800: 91414.488: [GC (Allocation Failure) 2024-03-22T18:15:39.068+0800: 91414.489: [ParNew: 20685133K->1031816K(22937600K), 0.3093073 secs] 41781859K->22158964K(130940928K), 0.3097290 secs] [Times: user=4.11 sys=0.54, real=0.30 secs] 
2024-03-22T18:15:48.342+0800: 91423.763: [GC (Allocation Failure) 2024-03-22T18:15:48.342+0800: 91423.763: [ParNew: 20692616K->1058913K(22937600K), 0.2817766 secs] 41819764K->22216442K(130940928K), 0.2822188 secs] [Times: user=3.89 sys=0.25, real=0.28 secs] 
2024-03-22T18:15:57.009+0800: 91432.430: [GC (Allocation Failure) 2024-03-22T18:15:57.009+0800: 91432.430: [ParNew: 20719713K->1156825K(22937600K), 0.3244008 secs] 41877242K->22347772K(130940928K), 0.3248121 secs] [Times: user=4.01 sys=0.90, real=0.32 secs] 
2024-03-22T18:16:07.789+0800: 91443.210: [GC (Allocation Failure) 2024-03-22T18:16:07.789+0800: 91443.210: [ParNew: 20817625K->1116387K(22937600K), 0.2937854 secs] 42008572K->22338403K(130940928K), 0.2942117 secs] [Times: user=3.82 sys=0.58, real=0.29 secs] 
2024-03-22T18:16:16.289+0800: 91451.710: [GC (Allocation Failure) 2024-03-22T18:16:16.289+0800: 91451.710: [ParNew: 20777187K->1149483K(22937600K), 0.2841193 secs] 41999203K->22406308K(130940928K), 0.2845115 secs] [Times: user=3.84 sys=0.33, real=0.28 secs] 
2024-03-22T18:16:25.101+0800: 91460.522: [GC (Allocation Failure) 2024-03-22T18:16:25.101+0800: 91460.522: [ParNew: 20810283K->1071626K(22937600K), 0.2718830 secs] 42067108K->22363579K(130940928K), 0.2723037 secs] [Times: user=3.87 sys=0.10, real=0.27 secs] 
2024-03-22T18:16:34.117+0800: 91469.538: [GC (Allocation Failure) 2024-03-22T18:16:34.117+0800: 91469.538: [ParNew: 20732426K->1058911K(22937600K), 0.3225387 secs] 42024379K->22386212K(130940928K), 0.3229962 secs] [Times: user=4.01 sys=0.87, real=0.33 secs] 
2024-03-22T18:16:43.639+0800: 91479.060: [GC (Allocation Failure) 2024-03-22T18:16:43.639+0800: 91479.060: [ParNew: 20719710K->1090951K(22937600K), 0.2906344 secs] 42047012K->22452659K(130940928K), 0.2910555 secs] [Times: user=3.87 sys=0.50, real=0.29 secs] 
2024-03-22T18:16:52.128+0800: 91487.549: [GC (Allocation Failure) 2024-03-22T18:16:52.128+0800: 91487.549: [ParNew: 20751751K->1162123K(22937600K), 0.2884233 secs] 42113459K->22559445K(130940928K), 0.2888199 secs] [Times: user=4.03 sys=0.24, real=0.28 secs] 
2024-03-22T18:16:59.625+0800: 91495.046: [GC (Allocation Failure) 2024-03-22T18:16:59.625+0800: 91495.046: [ParNew: 20822923K->1102332K(22937600K), 0.2737380 secs] 42220245K->22539416K(130940928K), 0.2741243 secs] [Times: user=3.98 sys=0.01, real=0.28 secs] 
2024-03-22T18:17:09.145+0800: 91504.566: [GC (Allocation Failure) 2024-03-22T18:17:09.145+0800: 91504.566: [ParNew: 20763132K->1139846K(22937600K), 0.4038165 secs] 42200216K->22615171K(130940928K), 0.4042550 secs] [Times: user=5.44 sys=0.87, real=0.41 secs] 
2024-03-22T18:17:18.108+0800: 91513.529: [GC (Allocation Failure) 2024-03-22T18:17:18.108+0800: 91513.529: [ParNew: 20800646K->1073768K(22937600K), 0.2972826 secs] 42275971K->22586212K(130940928K), 0.2976773 secs] [Times: user=3.93 sys=0.51, real=0.29 secs] 
2024-03-22T18:17:25.914+0800: 91521.335: [GC (Allocation Failure) 2024-03-22T18:17:25.915+0800: 91521.335: [ParNew: 20734568K->1002712K(22937600K), 0.2775327 secs] 42247012K->22553363K(130940928K), 0.2779424 secs] [Times: user=3.93 sys=0.15, real=0.28 secs] 
2024-03-22T18:17:33.641+0800: 91529.062: [GC (Allocation Failure) 2024-03-22T18:17:33.641+0800: 91529.062: [ParNew: 20663512K->1123597K(22937600K), 0.2814147 secs] 42214163K->22713206K(130940928K), 0.2818534 secs] [Times: user=4.07 sys=0.00, real=0.28 secs] 
2024-03-22T18:17:42.163+0800: 91537.584: [GC (Allocation Failure) 2024-03-22T18:17:42.163+0800: 91537.584: [ParNew: 20784397K->1109639K(22937600K), 0.3261078 secs] 42374006K->22739008K(130940928K), 0.3264921 secs] [Times: user=3.96 sys=0.94, real=0.33 secs] 
2024-03-22T18:17:52.300+0800: 91547.721: [GC (Allocation Failure) 2024-03-22T18:17:52.300+0800: 91547.721: [ParNew: 20770439K->1010025K(22937600K), 0.3185836 secs] 42399808K->22677872K(130940928K), 0.3190157 secs] [Times: user=4.37 sys=0.46, real=0.32 secs] 
2024-03-22T18:18:00.505+0800: 91555.926: [GC (Allocation Failure) 2024-03-22T18:18:00.505+0800: 91555.926: [ParNew: 20670825K->1022854K(22937600K), 0.2824244 secs] 42338672K->22728907K(130940928K), 0.2828278 secs] [Times: user=4.00 sys=0.22, real=0.29 secs] 
2024-03-22T18:18:08.034+0800: 91563.455: [GC (Allocation Failure) 2024-03-22T18:18:08.035+0800: 91563.455: [ParNew: 20683654K->1132353K(22937600K), 0.2751323 secs] 42389707K->22876558K(130940928K), 0.2755502 secs] [Times: user=4.02 sys=0.00, real=0.28 secs] 
2024-03-22T18:18:15.865+0800: 91571.286: [GC (Allocation Failure) 2024-03-22T18:18:15.865+0800: 91571.286: [ParNew: 20793153K->1127312K(22937600K), 0.3259334 secs] 42537358K->22908364K(130940928K), 0.3263456 secs] [Times: user=3.92 sys=1.02, real=0.33 secs] 
2024-03-22T18:18:26.033+0800: 91581.454: [GC (Allocation Failure) 2024-03-22T18:18:26.033+0800: 91581.454: [ParNew: 20788112K->1108361K(22937600K), 0.2985307 secs] 42569164K->22929148K(130940928K), 0.2989584 secs] [Times: user=3.97 sys=0.50, real=0.30 secs] 
2024-03-22T18:18:34.415+0800: 91589.836: [GC (Allocation Failure) 2024-03-22T18:18:34.415+0800: 91589.836: [ParNew: 20769161K->1271168K(22937600K), 0.2990782 secs] 42589948K->23130595K(130940928K), 0.2994984 secs] [Times: user=4.06 sys=0.21, real=0.30 secs] 
2024-03-22T18:18:42.838+0800: 91598.259: [GC (Allocation Failure) 2024-03-22T18:18:42.838+0800: 91598.259: [ParNew: 20931968K->1031170K(22937600K), 0.2821080 secs] 42791395K->22937456K(130940928K), 0.2825414 secs] [Times: user=4.09 sys=0.04, real=0.28 secs] 
2024-03-22T18:18:50.897+0800: 91606.318: [GC (Allocation Failure) 2024-03-22T18:18:50.897+0800: 91606.318: [ParNew: 20691970K->1163159K(22937600K), 0.3289489 secs] 42598256K->23108219K(130940928K), 0.3293721 secs] [Times: user=4.07 sys=0.89, real=0.33 secs] 
2024-03-22T18:19:02.200+0800: 91617.621: [GC (Allocation Failure) 2024-03-22T18:19:02.201+0800: 91617.622: [ParNew: 20823959K->1153097K(22937600K), 0.3204266 secs] 42769019K->23137384K(130940928K), 0.3209869 secs] [Times: user=3.99 sys=0.55, real=0.32 secs] 
2024-03-22T18:19:11.969+0800: 91627.389: [GC (Allocation Failure) 2024-03-22T18:19:11.969+0800: 91627.390: [ParNew: 20813897K->1117609K(22937600K), 0.2897560 secs] 42798184K->23140534K(130940928K), 0.2901461 secs] [Times: user=4.04 sys=0.17, real=0.29 secs] 
2024-03-22T18:19:20.509+0800: 91635.930: [GC (Allocation Failure) 2024-03-22T18:19:20.509+0800: 91635.930: [ParNew: 20778409K->1115794K(22937600K), 0.2789683 secs] 42801334K->23176235K(130940928K), 0.2793955 secs] [Times: user=3.98 sys=0.10, real=0.28 secs] 
2024-03-22T18:19:29.910+0800: 91645.331: [GC (Allocation Failure) 2024-03-22T18:19:29.911+0800: 91645.331: [ParNew: 20776594K->1163828K(22937600K), 0.3360897 secs] 42837035K->23265508K(130940928K), 0.3365193 secs] [Times: user=4.35 sys=0.72, real=0.33 secs] 
2024-03-22T18:19:39.231+0800: 91654.651: [GC (Allocation Failure) 2024-03-22T18:19:39.231+0800: 91654.652: [ParNew: 20824628K->1144395K(22937600K), 0.3074004 secs] 42926308K->23289235K(130940928K), 0.3077953 secs] [Times: user=4.11 sys=0.48, real=0.31 secs] 
2024-03-22T18:19:46.908+0800: 91662.328: [GC (Allocation Failure) 2024-03-22T18:19:46.908+0800: 91662.329: [ParNew: 20805195K->1096298K(22937600K), 0.2889713 secs] 42950035K->23283809K(130940928K), 0.2893536 secs] [Times: user=4.08 sys=0.19, real=0.28 secs] 
2024-03-22T18:19:55.501+0800: 91670.922: [GC (Allocation Failure) 2024-03-22T18:19:55.501+0800: 91670.922: [ParNew: 20757098K->1238324K(22937600K), 0.2870231 secs] 42944609K->23468818K(130940928K), 0.2874391 secs] [Times: user=4.15 sys=0.03, real=0.29 secs] 
2024-03-22T18:20:03.205+0800: 91678.626: [GC (Allocation Failure) 2024-03-22T18:20:03.205+0800: 91678.626: [ParNew: 20899124K->1227112K(22937600K), 0.3391122 secs] 43129618K->23499502K(130940928K), 0.3394987 secs] [Times: user=4.04 sys=0.98, real=0.34 secs] 
2024-03-22T18:20:13.352+0800: 91688.773: [GC (Allocation Failure) 2024-03-22T18:20:13.353+0800: 91688.773: [ParNew: 20887912K->1128654K(22937600K), 0.3254805 secs] 43160302K->23446400K(130940928K), 0.3258794 secs] [Times: user=4.18 sys=0.65, real=0.33 secs] 
2024-03-22T18:20:21.359+0800: 91696.780: [GC (Allocation Failure) 2024-03-22T18:20:21.359+0800: 91696.780: [ParNew: 20789454K->1141425K(22937600K), 0.2982308 secs] 43107200K->23502889K(130940928K), 0.2986124 secs] [Times: user=4.13 sys=0.22, real=0.30 secs] 
2024-03-22T18:20:30.302+0800: 91705.723: [GC (Allocation Failure) 2024-03-22T18:20:30.302+0800: 91705.723: [ParNew: 20802225K->1135275K(22937600K), 0.2840436 secs] 43163689K->23538025K(130940928K), 0.2844713 secs] [Times: user=4.01 sys=0.13, real=0.28 secs] 
2024-03-22T18:20:39.019+0800: 91714.440: [GC (Allocation Failure) 2024-03-22T18:20:39.020+0800: 91714.440: [ParNew: 20796075K->1065113K(22937600K), 0.3106544 secs] 43198825K->23510279K(130940928K), 0.3111087 secs] [Times: user=3.81 sys=0.78, real=0.31 secs] 
2024-03-22T18:20:48.613+0800: 91724.034: [GC (Allocation Failure) 2024-03-22T18:20:48.614+0800: 91724.035: [ParNew: 20725913K->1048469K(22937600K), 0.3092005 secs] 43171079K->23536544K(130940928K), 0.3096567 secs] [Times: user=3.98 sys=0.62, real=0.31 secs] 
2024-03-22T18:20:58.124+0800: 91733.545: [GC (Allocation Failure) 2024-03-22T18:20:58.125+0800: 91733.545: [ParNew: 20709269K->1134371K(22937600K), 0.2849050 secs] 43197344K->23661476K(130940928K), 0.2853468 secs] [Times: user=3.95 sys=0.18, real=0.29 secs] 
2024-03-22T18:21:05.980+0800: 91741.400: [GC (Allocation Failure) 2024-03-22T18:21:05.980+0800: 91741.401: [ParNew: 20795171K->1031821K(22937600K), 0.2764568 secs] 43322276K->23600974K(130940928K), 0.2768943 secs] [Times: user=3.85 sys=0.13, real=0.27 secs] 
2024-03-22T18:21:14.639+0800: 91750.060: [GC (Allocation Failure) 2024-03-22T18:21:14.640+0800: 91750.060: [ParNew: 20692621K->1100705K(22937600K), 0.3447366 secs] 43261774K->23709161K(130940928K), 0.3452680 secs] [Times: user=4.15 sys=0.99, real=0.34 secs] 
2024-03-22T18:21:23.908+0800: 91759.329: [GC (Allocation Failure) 2024-03-22T18:21:23.908+0800: 91759.329: [ParNew: 20761505K->1093262K(22937600K), 0.3026636 secs] 43369961K->23740949K(130940928K), 0.3031165 secs] [Times: user=4.01 sys=0.49, real=0.30 secs] 
2024-03-22T18:21:31.865+0800: 91767.286: [GC (Allocation Failure) 2024-03-22T18:21:31.865+0800: 91767.286: [ParNew: 20754062K->1147373K(22937600K), 0.2830669 secs] 43401749K->23834208K(130940928K), 0.2834983 secs] [Times: user=3.97 sys=0.11, real=0.29 secs] 
2024-03-22T18:21:40.854+0800: 91776.275: [GC (Allocation Failure) 2024-03-22T18:21:40.855+0800: 91776.275: [ParNew: 20808173K->1120630K(22937600K), 0.2749647 secs] 43495008K->23845029K(130940928K), 0.2754221 secs] [Times: user=3.85 sys=0.11, real=0.28 secs] 
2024-03-22T18:21:50.263+0800: 91785.684: [GC (Allocation Failure) 2024-03-22T18:21:50.263+0800: 91785.684: [ParNew: 20781430K->1062407K(22937600K), 0.3421094 secs] 43505829K->23823630K(130940928K), 0.3426022 secs] [Times: user=4.14 sys=0.88, real=0.34 secs] 
2024-03-22T18:22:00.565+0800: 91795.986: [GC (Allocation Failure) 2024-03-22T18:22:00.565+0800: 91795.986: [ParNew: 20723207K->1101224K(22937600K), 0.3111324 secs] 43484430K->23901334K(130940928K), 0.3115796 secs] [Times: user=4.04 sys=0.55, real=0.31 secs] 
2024-03-22T18:22:09.590+0800: 91805.010: [GC (Allocation Failure) 2024-03-22T18:22:09.590+0800: 91805.011: [ParNew: 20762024K->1082338K(22937600K), 0.2920905 secs] 43562134K->23921811K(130940928K), 0.2925275 secs] [Times: user=4.08 sys=0.12, real=0.29 secs] 
2024-03-22T18:22:18.770+0800: 91814.191: [GC (Allocation Failure) 2024-03-22T18:22:18.770+0800: 91814.191: [ParNew: 20743138K->1040426K(22937600K), 0.3467865 secs] 43582611K->23916625K(130940928K), 0.3472348 secs] [Times: user=4.26 sys=0.90, real=0.34 secs] 
2024-03-22T18:22:29.620+0800: 91825.040: [GC (Allocation Failure) 2024-03-22T18:22:29.620+0800: 91825.041: [ParNew: 20701226K->1038506K(22937600K), 0.3051332 secs] 43577425K->23953438K(130940928K), 0.3055489 secs] [Times: user=3.91 sys=0.61, real=0.30 secs] 
2024-03-22T18:22:38.877+0800: 91834.298: [GC (Allocation Failure) 2024-03-22T18:22:38.877+0800: 91834.298: [ParNew: 20699306K->1156831K(22937600K), 0.2988014 secs] 43614238K->24110700K(130940928K), 0.2992450 secs] [Times: user=4.14 sys=0.24, real=0.30 secs] 
2024-03-22T18:22:48.831+0800: 91844.252: [GC (Allocation Failure) 2024-03-22T18:22:48.832+0800: 91844.252: [ParNew: 20817631K->1103152K(22937600K), 0.2817233 secs] 43771500K->24092694K(130940928K), 0.2821853 secs] [Times: user=4.04 sys=0.04, real=0.28 secs] 
2024-03-22T18:22:58.717+0800: 91854.138: [GC (Allocation Failure) 2024-03-22T18:22:58.717+0800: 91854.138: [ParNew: 20763952K->1201996K(22937600K), 0.3297721 secs] 43753494K->24229170K(130940928K), 0.3301756 secs] [Times: user=3.96 sys=0.98, real=0.33 secs] 
2024-03-22T18:23:09.006+0800: 91864.427: [GC (Allocation Failure) 2024-03-22T18:23:09.007+0800: 91864.427: [ParNew: 20862796K->1100504K(22937600K), 0.3103552 secs] 43889970K->24166969K(130940928K), 0.3107974 secs] [Times: user=4.07 sys=0.57, real=0.31 secs] 
2024-03-22T18:23:17.843+0800: 91873.264: [GC (Allocation Failure) 2024-03-22T18:23:17.843+0800: 91873.264: [ParNew: 20761304K->1172808K(22937600K), 0.2822674 secs] 43827769K->24278900K(130940928K), 0.2826840 secs] [Times: user=3.98 sys=0.15, real=0.28 secs] 
2024-03-22T18:23:27.846+0800: 91883.267: [GC (Allocation Failure) 2024-03-22T18:23:27.847+0800: 91883.267: [ParNew: 20833608K->1179796K(22937600K), 0.2905417 secs] 43939700K->24326539K(130940928K), 0.2909929 secs] [Times: user=3.96 sys=0.10, real=0.29 secs] 
2024-03-22T18:23:35.816+0800: 91891.237: [GC (Allocation Failure) 2024-03-22T18:23:35.816+0800: 91891.237: [ParNew: 20840596K->1272776K(22937600K), 0.3400354 secs] 43987339K->24458338K(130940928K), 0.3405070 secs] [Times: user=4.12 sys=0.94, real=0.34 secs] 
2024-03-22T18:23:47.155+0800: 91902.575: [GC (Allocation Failure) 2024-03-22T18:23:47.155+0800: 91902.576: [ParNew: 20933576K->1121159K(22937600K), 0.3382731 secs] 44119138K->24341753K(130940928K), 0.3387161 secs] [Times: user=4.42 sys=0.69, real=0.34 secs] 
2024-03-22T18:23:56.438+0800: 91911.859: [GC (Allocation Failure) 2024-03-22T18:23:56.438+0800: 91911.859: [ParNew: 20781959K->1110407K(22937600K), 0.2809631 secs] 44002553K->24370607K(130940928K), 0.2813710 secs] [Times: user=4.00 sys=0.12, real=0.28 secs] 
2024-03-22T18:24:04.496+0800: 91919.917: [GC (Allocation Failure) 2024-03-22T18:24:04.496+0800: 91919.917: [ParNew: 20771207K->1130522K(22937600K), 0.3160332 secs] 44031407K->24430030K(130940928K), 0.3164850 secs] [Times: user=4.10 sys=0.62, real=0.32 secs] 
2024-03-22T18:24:11.985+0800: 91927.406: [GC (Allocation Failure) 2024-03-22T18:24:11.985+0800: 91927.406: [ParNew: 20791322K->1192105K(22937600K), 0.3018146 secs] 44090830K->24531936K(130940928K), 0.3022647 secs] [Times: user=4.10 sys=0.26, real=0.30 secs] 
2024-03-22T18:24:21.493+0800: 91936.914: [GC (Allocation Failure) 2024-03-22T18:24:21.494+0800: 91936.914: [ParNew: 20852905K->1127500K(22937600K), 0.3113645 secs] 44192736K->24507228K(130940928K), 0.3117945 secs] [Times: user=3.89 sys=0.76, real=0.31 secs] 
2024-03-22T18:24:30.621+0800: 91946.042: [GC (Allocation Failure) 2024-03-22T18:24:30.621+0800: 91946.042: [ParNew: 20788300K->1094823K(22937600K), 0.2827577 secs] 44168028K->24515180K(130940928K), 0.2831469 secs] [Times: user=4.02 sys=0.13, real=0.28 secs] 
2024-03-22T18:24:39.493+0800: 91954.914: [GC (Allocation Failure) 2024-03-22T18:24:39.494+0800: 91954.915: [ParNew: 20755623K->1092235K(22937600K), 0.3253470 secs] 44175980K->24553966K(130940928K), 0.3257956 secs] [Times: user=4.03 sys=0.85, real=0.33 secs] 
2024-03-22T18:24:50.733+0800: 91966.153: [GC (Allocation Failure) 2024-03-22T18:24:50.733+0800: 91966.154: [ParNew: 20753035K->1124996K(22937600K), 0.3054912 secs] 44214766K->24626877K(130940928K), 0.3059367 secs] [Times: user=4.12 sys=0.39, real=0.31 secs] 
2024-03-22T18:24:59.864+0800: 91975.285: [GC (Allocation Failure) 2024-03-22T18:24:59.865+0800: 91975.285: [ParNew: 20785796K->1194105K(22937600K), 0.2931078 secs] 44287677K->24738574K(130940928K), 0.2935259 secs] [Times: user=4.03 sys=0.23, real=0.30 secs] 
2024-03-22T18:25:08.393+0800: 91983.814: [GC (Allocation Failure) 2024-03-22T18:25:08.394+0800: 91983.815: [ParNew: 20854905K->1103919K(22937600K), 0.2828410 secs] 44399374K->24689498K(130940928K), 0.2832618 secs] [Times: user=4.06 sys=0.03, real=0.28 secs] 
2024-03-22T18:25:19.216+0800: 91994.637: [GC (Allocation Failure) 2024-03-22T18:25:19.216+0800: 91994.637: [ParNew: 20764719K->1102184K(22937600K), 0.3330416 secs] 44350298K->24727548K(130940928K), 0.3334667 secs] [Times: user=4.20 sys=0.72, real=0.34 secs] 
2024-03-22T18:25:30.492+0800: 92005.912: [GC (Allocation Failure) 2024-03-22T18:25:30.492+0800: 92005.913: [ParNew: 20762984K->1183217K(22937600K), 0.3110583 secs] 44388348K->24850290K(130940928K), 0.3114508 secs] [Times: user=4.16 sys=0.48, real=0.31 secs] 
2024-03-22T18:25:38.766+0800: 92014.187: [GC (Allocation Failure) 2024-03-22T18:25:38.767+0800: 92014.187: [ParNew: 20844017K->1256606K(22937600K), 0.2980957 secs] 44511090K->24965636K(130940928K), 0.2984854 secs] [Times: user=3.99 sys=0.21, real=0.30 secs] 
2024-03-22T18:25:46.864+0800: 92022.285: [GC (Allocation Failure) 2024-03-22T18:25:46.864+0800: 92022.285: [ParNew: 20917406K->1165959K(22937600K), 0.3241673 secs] 44626436K->24917373K(130940928K), 0.3245433 secs] [Times: user=4.71 sys=0.04, real=0.33 secs] 
2024-03-22T18:25:55.820+0800: 92031.241: [GC (Allocation Failure) 2024-03-22T18:25:55.820+0800: 92031.241: [ParNew: 20826759K->1223052K(22937600K), 0.3292017 secs] 44578173K->25017137K(130940928K), 0.3296159 secs] [Times: user=3.96 sys=0.90, real=0.33 secs] 
2024-03-22T18:26:06.199+0800: 92041.620: [GC (Allocation Failure) 2024-03-22T18:26:06.199+0800: 92041.620: [ParNew: 20883852K->1267258K(22937600K), 0.3145083 secs] 44677937K->25099279K(130940928K), 0.3148892 secs] [Times: user=4.35 sys=0.61, real=0.31 secs] 
2024-03-22T18:26:18.074+0800: 92053.494: [GC (Allocation Failure) 2024-03-22T18:26:18.074+0800: 92053.495: [ParNew: 20928058K->1280138K(22937600K), 0.3016733 secs] 44760079K->25152045K(130940928K), 0.3020909 secs] [Times: user=4.33 sys=0.25, real=0.30 secs] 
2024-03-22T18:26:27.358+0800: 92062.779: [GC (Allocation Failure) 2024-03-22T18:26:27.358+0800: 92062.779: [ParNew: 20940938K->1223963K(22937600K), 0.3231736 secs] 44812845K->25135155K(130940928K), 0.3235845 secs] [Times: user=4.29 sys=0.83, real=0.32 secs] 
2024-03-22T18:26:38.714+0800: 92074.135: [GC (Allocation Failure) 2024-03-22T18:26:38.714+0800: 92074.135: [ParNew: 20884763K->1371403K(22937600K), 0.3045313 secs] 44795955K->25318824K(130940928K), 0.3049742 secs] [Times: user=3.92 sys=0.55, real=0.31 secs] 
2024-03-22T18:26:46.907+0800: 92082.327: [GC (Allocation Failure) 2024-03-22T18:26:46.907+0800: 92082.328: [ParNew: 21032203K->1255806K(22937600K), 0.3705728 secs] 44979624K->25241110K(130940928K), 0.3709891 secs] [Times: user=5.38 sys=0.25, real=0.38 secs] 
2024-03-22T18:26:56.699+0800: 92092.120: [GC (Allocation Failure) 2024-03-22T18:26:56.699+0800: 92092.120: [ParNew: 20916606K->1330226K(22937600K), 0.3089258 secs] 44901910K->25355289K(130940928K), 0.3093534 secs] [Times: user=4.42 sys=0.15, real=0.31 secs] 
2024-03-22T18:27:05.125+0800: 92100.545: [GC (Allocation Failure) 2024-03-22T18:27:05.125+0800: 92100.546: [ParNew: 20991026K->1332646K(22937600K), 0.4152129 secs] 45016089K->25400609K(130940928K), 0.4156403 secs] [Times: user=5.63 sys=0.70, real=0.42 secs] 
2024-03-22T18:27:15.806+0800: 92111.226: [GC (Allocation Failure) 2024-03-22T18:27:15.806+0800: 92111.227: [ParNew: 20993446K->1313687K(22937600K), 0.4077291 secs] 45061409K->25424212K(130940928K), 0.4081730 secs] [Times: user=5.81 sys=0.50, real=0.41 secs] 
2024-03-22T18:27:24.918+0800: 92120.339: [GC (Allocation Failure) 2024-03-22T18:27:24.918+0800: 92120.339: [ParNew: 20974487K->1310387K(22937600K), 0.3022092 secs] 45085012K->25464613K(130940928K), 0.3026308 secs] [Times: user=4.01 sys=0.27, real=0.30 secs] 
2024-03-22T18:27:34.264+0800: 92129.685: [GC (Allocation Failure) 2024-03-22T18:27:34.264+0800: 92129.685: [ParNew: 20971187K->1465465K(22937600K), 0.3567235 secs] 45125413K->25663554K(130940928K), 0.3571564 secs] [Times: user=5.29 sys=0.03, real=0.36 secs] 
2024-03-22T18:27:44.323+0800: 92139.744: [GC (Allocation Failure) 2024-03-22T18:27:44.323+0800: 92139.744: [ParNew: 21126265K->1462982K(22937600K), 0.3492629 secs] 45324354K->25702611K(130940928K), 0.3496712 secs] [Times: user=4.04 sys=0.95, real=0.35 secs] 
2024-03-22T18:27:55.117+0800: 92150.538: [GC (Allocation Failure) 2024-03-22T18:27:55.117+0800: 92150.538: [ParNew: 21123782K->1347108K(22937600K), 0.3242214 secs] 45363411K->25630341K(130940928K), 0.3245975 secs] [Times: user=4.07 sys=0.56, real=0.33 secs] 
2024-03-22T18:28:05.312+0800: 92160.733: [GC (Allocation Failure) 2024-03-22T18:28:05.312+0800: 92160.733: [ParNew: 21007908K->1425485K(22937600K), 0.3069015 secs] 45291141K->25753038K(130940928K), 0.3072833 secs] [Times: user=4.04 sys=0.21, real=0.31 secs] 
2024-03-22T18:28:15.051+0800: 92170.472: [GC (Allocation Failure) 2024-03-22T18:28:15.052+0800: 92170.472: [ParNew: 21086285K->1374499K(22937600K), 0.3035066 secs] 45413838K->25745598K(130940928K), 0.3039004 secs] [Times: user=4.11 sys=0.14, real=0.30 secs] 
2024-03-22T18:28:23.616+0800: 92179.036: [GC (Allocation Failure) 2024-03-22T18:28:23.616+0800: 92179.037: [ParNew: 21035299K->1534985K(22937600K), 0.3396865 secs] 45406398K->25947661K(130940928K), 0.3401170 secs] [Times: user=4.17 sys=0.59, real=0.34 secs] 
2024-03-22T18:28:33.288+0800: 92188.709: [GC (Allocation Failure) 2024-03-22T18:28:33.289+0800: 92188.710: [ParNew: 21195785K->1295472K(22937600K), 0.3438727 secs] 45608461K->25749993K(130940928K), 0.3442389 secs] [Times: user=4.10 sys=0.91, real=0.34 secs] 
2024-03-22T18:28:45.469+0800: 92200.890: [GC (Allocation Failure) 2024-03-22T18:28:45.469+0800: 92200.890: [ParNew: 20956272K->1289876K(22937600K), 0.2915396 secs] 45410793K->25784639K(130940928K), 0.2919748 secs] [Times: user=4.02 sys=0.17, real=0.29 secs] 
2024-03-22T18:28:54.019+0800: 92209.440: [GC (Allocation Failure) 2024-03-22T18:28:54.020+0800: 92209.441: [ParNew: 20950676K->1399003K(22937600K), 0.3247474 secs] 45445439K->25932218K(130940928K), 0.3252270 secs] [Times: user=4.11 sys=0.71, real=0.32 secs] 
2024-03-22T18:29:05.174+0800: 92220.595: [GC (Allocation Failure) 2024-03-22T18:29:05.174+0800: 92220.595: [ParNew: 21059803K->1377197K(22937600K), 0.3194373 secs] 45593018K->25952344K(130940928K), 0.3198468 secs] [Times: user=4.05 sys=0.68, real=0.32 secs] 
2024-03-22T18:29:14.733+0800: 92230.153: [GC (Allocation Failure) 2024-03-22T18:29:14.733+0800: 92230.154: [ParNew: 21037997K->1429047K(22937600K), 0.3019349 secs] 45613144K->26044429K(130940928K), 0.3023184 secs] [Times: user=3.97 sys=0.38, real=0.30 secs] 
2024-03-22T18:29:22.948+0800: 92238.369: [GC (Allocation Failure) 2024-03-22T18:29:22.948+0800: 92238.369: [ParNew: 21089847K->1364801K(22937600K), 0.3517562 secs] 45705229K->26021468K(130940928K), 0.3521612 secs] [Times: user=5.22 sys=0.02, real=0.35 secs] 
2024-03-22T18:29:32.179+0800: 92247.600: [GC (Allocation Failure) 2024-03-22T18:29:32.179+0800: 92247.600: [ParNew: 21025601K->1412668K(22937600K), 0.3385128 secs] 45682268K->26110989K(130940928K), 0.3389760 secs] [Times: user=4.18 sys=0.78, real=0.34 secs] 
2024-03-22T18:29:42.846+0800: 92258.266: [GC (Allocation Failure) 2024-03-22T18:29:42.846+0800: 92258.267: [ParNew: 21073468K->1435889K(22937600K), 0.3955027 secs] 45771789K->26176109K(130940928K), 0.3958597 secs] [Times: user=5.33 sys=0.59, real=0.40 secs] 
2024-03-22T18:29:50.944+0800: 92266.365: [GC (Allocation Failure) 2024-03-22T18:29:50.944+0800: 92266.365: [ParNew: 21096689K->1414783K(22937600K), 0.2911548 secs] 45836909K->26199328K(130940928K), 0.2915579 secs] [Times: user=3.95 sys=0.24, real=0.29 secs] 
2024-03-22T18:30:00.598+0800: 92276.018: [GC (Allocation Failure) 2024-03-22T18:30:00.598+0800: 92276.019: [ParNew: 21075583K->1164788K(22937600K), 0.2819765 secs] 45860128K->25991693K(130940928K), 0.2824072 secs] [Times: user=4.07 sys=0.02, real=0.28 secs] 
2024-03-22T18:30:09.957+0800: 92285.378: [GC (Allocation Failure) 2024-03-22T18:30:09.957+0800: 92285.378: [ParNew: 20825588K->1317284K(22937600K), 0.3797946 secs] 45652493K->26184831K(130940928K), 0.3803320 secs] [Times: user=4.72 sys=1.04, real=0.38 secs] 
2024-03-22T18:30:20.935+0800: 92296.355: [GC (Allocation Failure) 2024-03-22T18:30:20.935+0800: 92296.356: [ParNew: 20978084K->1297486K(22937600K), 0.3315609 secs] 45845631K->26205512K(130940928K), 0.3320265 secs] [Times: user=4.11 sys=0.67, real=0.33 secs] 
2024-03-22T18:30:31.801+0800: 92307.222: [GC (Allocation Failure) 2024-03-22T18:30:31.801+0800: 92307.222: [ParNew: 20958286K->1218748K(22937600K), 0.2998441 secs] 45866312K->26166462K(130940928K), 0.3002954 secs] [Times: user=4.13 sys=0.23, real=0.30 secs] 
2024-03-22T18:30:42.574+0800: 92317.995: [GC (Allocation Failure) 2024-03-22T18:30:42.575+0800: 92317.995: [ParNew: 20879548K->1339494K(22937600K), 0.3765500 secs] 45827262K->26326507K(130940928K), 0.3770073 secs] [Times: user=4.46 sys=0.93, real=0.38 secs] 
2024-03-22T18:30:56.458+0800: 92331.879: [GC (Allocation Failure) 2024-03-22T18:30:56.458+0800: 92331.879: [ParNew: 21000294K->1225754K(22937600K), 0.3225019 secs] 45987307K->26251794K(130940928K), 0.3229531 secs] [Times: user=4.01 sys=0.74, real=0.32 secs] 
2024-03-22T18:31:07.865+0800: 92343.286: [GC (Allocation Failure) 2024-03-22T18:31:07.865+0800: 92343.286: [ParNew: 20886554K->1315721K(22937600K), 0.3032929 secs] 45912594K->26379794K(130940928K), 0.3037485 secs] [Times: user=4.00 sys=0.23, real=0.31 secs] 
2024-03-22T18:31:18.388+0800: 92353.809: [GC (Allocation Failure) 2024-03-22T18:31:18.388+0800: 92353.809: [ParNew: 20976521K->1414950K(22937600K), 0.3385868 secs] 46040594K->26522925K(130940928K), 0.3390254 secs] [Times: user=4.16 sys=0.80, real=0.33 secs] 
2024-03-22T18:31:30.359+0800: 92365.780: [GC (Allocation Failure) 2024-03-22T18:31:30.360+0800: 92365.781: [ParNew: 21075750K->1183992K(22937600K), 0.3212993 secs] 46183725K->26336964K(130940928K), 0.3217166 secs] [Times: user=4.15 sys=0.58, real=0.32 secs] 
2024-03-22T18:31:39.883+0800: 92375.304: [GC (Allocation Failure) 2024-03-22T18:31:39.883+0800: 92375.304: [ParNew: 20844792K->1393313K(22937600K), 0.3107957 secs] 45997764K->26591450K(130940928K), 0.3112561 secs] [Times: user=4.00 sys=0.34, real=0.31 secs] 
2024-03-22T18:31:50.160+0800: 92385.581: [GC (Allocation Failure) 2024-03-22T18:31:50.161+0800: 92385.581: [ParNew: 21054113K->1228045K(22937600K), 0.2915399 secs] 46252250K->26468465K(130940928K), 0.2919990 secs] [Times: user=4.12 sys=0.08, real=0.29 secs] 
2024-03-22T18:32:01.912+0800: 92397.333: [GC (Allocation Failure) 2024-03-22T18:32:01.912+0800: 92397.333: [ParNew: 20888845K->1433377K(22937600K), 0.3534564 secs] 46129265K->26716028K(130940928K), 0.3539658 secs] [Times: user=4.17 sys=1.01, real=0.35 secs] 
2024-03-22T18:32:13.970+0800: 92409.391: [GC (Allocation Failure) 2024-03-22T18:32:13.970+0800: 92409.391: [ParNew: 21094177K->1251060K(22937600K), 0.3250717 secs] 46376828K->26573104K(130940928K), 0.3255009 secs] [Times: user=4.06 sys=0.77, real=0.32 secs] 
2024-03-22T18:32:23.257+0800: 92418.678: [GC (Allocation Failure) 2024-03-22T18:32:23.258+0800: 92418.678: [ParNew: 20911860K->1303782K(22937600K), 0.3054378 secs] 46233904K->26664186K(130940928K), 0.3059051 secs] [Times: user=4.22 sys=0.18, real=0.31 secs] 
2024-03-22T18:32:32.034+0800: 92427.454: [GC (Allocation Failure) 2024-03-22T18:32:32.034+0800: 92427.455: [ParNew: 20964582K->1358483K(22937600K), 0.4475534 secs] 46324986K->26757331K(130940928K), 0.4480221 secs] [Times: user=6.20 sys=0.75, real=0.45 secs] 
2024-03-22T18:32:45.136+0800: 92440.557: [GC (Allocation Failure) 2024-03-22T18:32:45.136+0800: 92440.557: [ParNew: 21019283K->1290148K(22937600K), 0.3224817 secs] 46418131K->26727283K(130940928K), 0.3229359 secs] [Times: user=4.19 sys=0.59, real=0.33 secs] 
2024-03-22T18:32:55.220+0800: 92450.640: [GC (Allocation Failure) 2024-03-22T18:32:55.220+0800: 92450.641: [ParNew: 20950948K->1227548K(22937600K), 0.2937210 secs] 46388083K->26705017K(130940928K), 0.2941475 secs] [Times: user=4.01 sys=0.30, real=0.29 secs] 
2024-03-22T18:33:04.458+0800: 92459.878: [GC (Allocation Failure) 2024-03-22T18:33:04.458+0800: 92459.879: [ParNew: 20888348K->1281504K(22937600K), 0.3374204 secs] 46365817K->26800755K(130940928K), 0.3378557 secs] [Times: user=5.01 sys=0.08, real=0.33 secs] 
2024-03-22T18:33:14.970+0800: 92470.390: [GC (Allocation Failure) 2024-03-22T18:33:14.970+0800: 92470.391: [ParNew: 20942304K->1388527K(22937600K), 0.3488758 secs] 46461555K->26948436K(130940928K), 0.3494076 secs] [Times: user=4.10 sys=1.03, real=0.35 secs] 
2024-03-22T18:33:25.428+0800: 92480.849: [GC (Allocation Failure) 2024-03-22T18:33:25.428+0800: 92480.849: [ParNew: 21049327K->1362660K(22937600K), 0.3220493 secs] 46609236K->26966605K(130940928K), 0.3224772 secs] [Times: user=4.00 sys=0.74, real=0.32 secs] 
2024-03-22T18:33:36.199+0800: 92491.620: [GC (Allocation Failure) 2024-03-22T18:33:36.200+0800: 92491.620: [ParNew: 21023460K->1295952K(22937600K), 0.2917424 secs] 46627405K->26943345K(130940928K), 0.2922105 secs] [Times: user=4.02 sys=0.16, real=0.29 secs] 
2024-03-22T18:33:45.982+0800: 92501.403: [GC (Allocation Failure) 2024-03-22T18:33:45.982+0800: 92501.403: [ParNew: 20956752K->1447488K(22937600K), 0.3394514 secs] 46604145K->27137595K(130940928K), 0.3399297 secs] [Times: user=4.30 sys=0.61, real=0.34 secs] 
2024-03-22T18:33:58.193+0800: 92513.614: [GC (Allocation Failure) 2024-03-22T18:33:58.193+0800: 92513.614: [ParNew: 21108288K->1360485K(22937600K), 0.3123580 secs] 46798395K->27093229K(130940928K), 0.3127895 secs] [Times: user=3.95 sys=0.65, real=0.31 secs] 
2024-03-22T18:34:08.338+0800: 92523.758: [GC (Allocation Failure) 2024-03-22T18:34:08.338+0800: 92523.759: [ParNew: 21021285K->1407973K(22937600K), 0.2965689 secs] 46754029K->27185322K(130940928K), 0.2970126 secs] [Times: user=3.93 sys=0.33, real=0.29 secs] 
2024-03-22T18:34:18.689+0800: 92534.110: [GC (Allocation Failure) 2024-03-22T18:34:18.689+0800: 92534.110: [ParNew: 21068773K->1282741K(22937600K), 0.2906827 secs] 46846122K->27103301K(130940928K), 0.2911351 secs] [Times: user=4.11 sys=0.05, real=0.29 secs] 
2024-03-22T18:34:28.467+0800: 92543.888: [GC (Allocation Failure) 2024-03-22T18:34:28.467+0800: 92543.888: [ParNew: 20943541K->1315525K(22937600K), 0.3439595 secs] 46764101K->27178276K(130940928K), 0.3443969 secs] [Times: user=4.05 sys=0.96, real=0.35 secs] 
2024-03-22T18:34:38.563+0800: 92553.984: [GC (Allocation Failure) 2024-03-22T18:34:38.564+0800: 92553.985: [ParNew: 20976325K->1332812K(22937600K), 0.3176947 secs] 46839076K->27239035K(130940928K), 0.3181483 secs] [Times: user=3.93 sys=0.68, real=0.32 secs] 
2024-03-22T18:34:47.955+0800: 92563.376: [GC (Allocation Failure) 2024-03-22T18:34:47.955+0800: 92563.376: [ParNew: 20993612K->1209932K(22937600K), 0.3366025 secs] 46899835K->27157673K(130940928K), 0.3370373 secs] [Times: user=4.76 sys=0.34, real=0.34 secs] 
2024-03-22T18:34:56.596+0800: 92572.016: [GC (Allocation Failure) 2024-03-22T18:34:56.596+0800: 92572.017: [ParNew: 20870732K->1242914K(22937600K), 0.2778056 secs] 46818473K->27232085K(130940928K), 0.2782441 secs] [Times: user=4.02 sys=0.00, real=0.28 secs] 
2024-03-22T18:35:04.568+0800: 92579.988: [GC (Allocation Failure) 2024-03-22T18:35:04.568+0800: 92579.989: [ParNew: 20903714K->1334744K(22937600K), 0.3377918 secs] 46892885K->27366530K(130940928K), 0.3382697 secs] [Times: user=4.06 sys=0.90, real=0.33 secs] 
2024-03-22T18:35:14.537+0800: 92589.957: [GC (Allocation Failure) 2024-03-22T18:35:14.537+0800: 92589.958: [ParNew: 20995544K->1304420K(22937600K), 0.3104927 secs] 47027330K->27376357K(130940928K), 0.3109368 secs] [Times: user=3.95 sys=0.64, real=0.32 secs] 
2024-03-22T18:35:23.256+0800: 92598.677: [GC (Allocation Failure) 2024-03-22T18:35:23.257+0800: 92598.677: [ParNew: 20965220K->1288293K(22937600K), 0.2999325 secs] 47037157K->27403090K(130940928K), 0.3003716 secs] [Times: user=4.03 sys=0.28, real=0.30 secs] 
2024-03-22T18:35:32.664+0800: 92608.085: [GC (Allocation Failure) 2024-03-22T18:35:32.664+0800: 92608.085: [ParNew: 20949093K->1213796K(22937600K), 0.2834550 secs] 47063890K->27371837K(130940928K), 0.2838956 secs] [Times: user=4.04 sys=0.07, real=0.29 secs] 
2024-03-22T18:35:40.893+0800: 92616.314: [GC (Allocation Failure) 2024-03-22T18:35:40.894+0800: 92616.314: [ParNew: 20874596K->1330080K(22937600K), 0.3344262 secs] 47032637K->27531127K(130940928K), 0.3348446 secs] [Times: user=4.07 sys=0.79, real=0.34 secs] 
2024-03-22T18:35:51.489+0800: 92626.910: [GC (Allocation Failure) 2024-03-22T18:35:51.489+0800: 92626.910: [ParNew: 20990880K->1266240K(22937600K), 0.3030488 secs] 47191927K->27510672K(130940928K), 0.3034846 secs] [Times: user=3.91 sys=0.61, real=0.30 secs] 
2024-03-22T18:36:00.323+0800: 92635.744: [GC (Allocation Failure) 2024-03-22T18:36:00.323+0800: 92635.744: [ParNew: 20927040K->1241308K(22937600K), 0.2871103 secs] 47171472K->27528686K(130940928K), 0.2875466 secs] [Times: user=3.93 sys=0.27, real=0.29 secs] 
2024-03-22T18:36:08.739+0800: 92644.160: [GC (Allocation Failure) 2024-03-22T18:36:08.739+0800: 92644.160: [ParNew: 20902108K->1308856K(22937600K), 0.2761522 secs] 47189486K->27640823K(130940928K), 0.2765996 secs] [Times: user=3.94 sys=0.02, real=0.27 secs] 
2024-03-22T18:36:18.412+0800: 92653.832: [GC (Allocation Failure) 2024-03-22T18:36:18.412+0800: 92653.833: [ParNew: 20969656K->1296130K(22937600K), 0.3357226 secs] 47301623K->27670860K(130940928K), 0.3361587 secs] [Times: user=4.03 sys=0.87, real=0.34 secs] 
2024-03-22T18:36:28.500+0800: 92663.921: [GC (Allocation Failure) 2024-03-22T18:36:28.500+0800: 92663.921: [ParNew: 20956930K->1152866K(22937600K), 0.3300542 secs] 47331660K->27571323K(130940928K), 0.3304750 secs] [Times: user=4.33 sys=0.62, real=0.33 secs] 
2024-03-22T18:36:36.100+0800: 92671.521: [GC (Allocation Failure) 2024-03-22T18:36:36.100+0800: 92671.521: [ParNew: 20813666K->1337636K(22937600K), 0.2933198 secs] 47232123K->27798457K(130940928K), 0.2937283 secs] [Times: user=4.00 sys=0.22, real=0.29 secs] 
2024-03-22T18:36:44.456+0800: 92679.877: [GC (Allocation Failure) 2024-03-22T18:36:44.456+0800: 92679.877: [ParNew: 20998436K->1223208K(22937600K), 0.2755178 secs] 47459257K->27726215K(130940928K), 0.2759364 secs] [Times: user=3.94 sys=0.05, real=0.28 secs] 
2024-03-22T18:36:53.167+0800: 92688.588: [GC (Allocation Failure) 2024-03-22T18:36:53.167+0800: 92688.588: [ParNew: 20884008K->1249322K(22937600K), 0.3334644 secs] 47387015K->27791020K(130940928K), 0.3338809 secs] [Times: user=4.39 sys=0.52, real=0.34 secs] 
2024-03-22T18:37:05.120+0800: 92700.541: [GC (Allocation Failure) 2024-03-22T18:37:05.120+0800: 92700.541: [ParNew: 20910122K->1240305K(22937600K), 0.2951561 secs] 47451820K->27819200K(130940928K), 0.2955740 secs] [Times: user=3.81 sys=0.55, real=0.29 secs] 
2024-03-22T18:37:12.746+0800: 92708.167: [GC (Allocation Failure) 2024-03-22T18:37:12.746+0800: 92708.167: [ParNew: 20901105K->1204556K(22937600K), 0.2842076 secs] 47480000K->27825227K(130940928K), 0.2846301 secs] [Times: user=3.91 sys=0.21, real=0.29 secs] 
2024-03-22T18:37:20.274+0800: 92715.695: [GC (Allocation Failure) 2024-03-22T18:37:20.275+0800: 92715.695: [ParNew: 20865356K->1197869K(22937600K), 0.2692289 secs] 47486027K->27857478K(130940928K), 0.2696739 secs] [Times: user=3.78 sys=0.12, real=0.27 secs] 
2024-03-22T18:37:28.982+0800: 92724.403: [GC (Allocation Failure) 2024-03-22T18:37:28.982+0800: 92724.403: [ParNew: 20858669K->1267923K(22937600K), 0.3100920 secs] 47518278K->27966538K(130940928K), 0.3105030 secs] [Times: user=3.82 sys=0.79, real=0.31 secs] 
2024-03-22T18:37:38.101+0800: 92733.522: [GC (Allocation Failure) 2024-03-22T18:37:38.101+0800: 92733.522: [ParNew: 20928723K->1216648K(22937600K), 0.2700278 secs] 47627338K->27952843K(130940928K), 0.2704320 secs] [Times: user=3.78 sys=0.12, real=0.27 secs] 
2024-03-22T18:37:45.636+0800: 92741.057: [GC (Allocation Failure) 2024-03-22T18:37:45.636+0800: 92741.057: [ParNew: 20877448K->1196876K(22937600K), 0.3090753 secs] 47613643K->27970547K(130940928K), 0.3094841 secs] [Times: user=3.81 sys=0.60, real=0.31 secs] 
2024-03-22T18:37:53.332+0800: 92748.752: [GC (Allocation Failure) 2024-03-22T18:37:53.332+0800: 92748.753: [ParNew: 20857676K->1072101K(22937600K), 0.2686363 secs] 47631347K->27885768K(130940928K), 0.2690654 secs] [Times: user=3.67 sys=0.23, real=0.27 secs] 
2024-03-22T18:38:01.996+0800: 92757.417: [GC (Allocation Failure) 2024-03-22T18:38:01.996+0800: 92757.417: [ParNew: 20732901K->1208431K(22937600K), 0.2670286 secs] 47546568K->28059369K(130940928K), 0.2674992 secs] [Times: user=3.80 sys=0.04, real=0.27 secs] 
2024-03-22T18:38:09.995+0800: 92765.416: [GC (Allocation Failure) 2024-03-22T18:38:09.995+0800: 92765.416: [ParNew: 20869231K->1141983K(22937600K), 0.3512209 secs] 47720169K->28028576K(130940928K), 0.3516523 secs] [Times: user=3.81 sys=1.51, real=0.35 secs] 
2024-03-22T18:38:20.804+0800: 92776.225: [GC (Allocation Failure) 2024-03-22T18:38:20.804+0800: 92776.225: [ParNew: 20802783K->1115942K(22937600K), 0.3182946 secs] 47689376K->28040968K(130940928K), 0.3187314 secs] [Times: user=4.10 sys=0.69, real=0.32 secs] 
2024-03-22T18:38:28.480+0800: 92783.900: [GC (Allocation Failure) 2024-03-22T18:38:28.480+0800: 92783.901: [ParNew: 20776742K->1235713K(22937600K), 0.2839681 secs] 47701768K->28195896K(130940928K), 0.2843958 secs] [Times: user=3.80 sys=0.30, real=0.28 secs] 
2024-03-22T18:38:39.966+0800: 92795.387: [GC (Allocation Failure) 2024-03-22T18:38:39.966+0800: 92795.387: [ParNew: 20896513K->1214050K(22937600K), 0.2582245 secs] 47856696K->28209223K(130940928K), 0.2586766 secs] [Times: user=3.74 sys=0.07, real=0.26 secs] 
2024-03-22T18:38:49.500+0800: 92804.921: [GC (Allocation Failure) 2024-03-22T18:38:49.500+0800: 92804.921: [ParNew: 20874850K->1195136K(22937600K), 0.3209256 secs] 47870023K->28225090K(130940928K), 0.3213657 secs] [Times: user=3.81 sys=1.07, real=0.32 secs] 
2024-03-22T18:38:58.121+0800: 92813.542: [GC (Allocation Failure) 2024-03-22T18:38:58.121+0800: 92813.542: [ParNew: 20855936K->1159924K(22937600K), 0.2887219 secs] 47885890K->28226241K(130940928K), 0.2891597 secs] [Times: user=3.74 sys=0.62, real=0.29 secs] 
2024-03-22T18:39:04.896+0800: 92820.317: [GC (Allocation Failure) 2024-03-22T18:39:04.896+0800: 92820.317: [ParNew: 20820724K->1091170K(22937600K), 0.2710908 secs] 47887041K->28195472K(130940928K), 0.2715038 secs] [Times: user=3.72 sys=0.30, real=0.28 secs] 
2024-03-22T18:39:11.977+0800: 92827.398: [GC (Allocation Failure) 2024-03-22T18:39:11.977+0800: 92827.398: [ParNew: 20751970K->1098440K(22937600K), 0.2693998 secs] 47856272K->28242550K(130940928K), 0.2698418 secs] [Times: user=3.81 sys=0.09, real=0.27 secs] 
2024-03-22T18:39:20.846+0800: 92836.267: [GC (Allocation Failure) 2024-03-22T18:39:20.847+0800: 92836.268: [ParNew: 20759240K->1120902K(22937600K), 0.3169332 secs] 47903350K->28304098K(130940928K), 0.3173561 secs] [Times: user=3.80 sys=1.06, real=0.32 secs] 
2024-03-22T18:39:30.444+0800: 92845.865: [GC (Allocation Failure) 2024-03-22T18:39:30.444+0800: 92845.865: [ParNew: 20781702K->1121638K(22937600K), 0.2827714 secs] 47964898K->28344007K(130940928K), 0.2831833 secs] [Times: user=3.80 sys=0.45, real=0.28 secs] 
2024-03-22T18:39:39.384+0800: 92854.805: [GC (Allocation Failure) 2024-03-22T18:39:39.385+0800: 92854.805: [ParNew: 20782438K->1086672K(22937600K), 0.2726978 secs] 48004807K->28344956K(130940928K), 0.2731371 secs] [Times: user=3.88 sys=0.23, real=0.28 secs] 
2024-03-22T18:39:46.149+0800: 92861.570: [GC (Allocation Failure) 2024-03-22T18:39:46.149+0800: 92861.570: [ParNew: 20747472K->1090692K(22937600K), 0.2605969 secs] 48005756K->28388285K(130940928K), 0.2609906 secs] [Times: user=3.86 sys=0.00, real=0.26 secs] 
2024-03-22T18:39:54.128+0800: 92869.549: [GC (Allocation Failure) 2024-03-22T18:39:54.129+0800: 92869.550: [ParNew: 20751492K->1034355K(22937600K), 0.2551667 secs] 48049085K->28369341K(130940928K), 0.2556872 secs] [Times: user=3.71 sys=0.05, real=0.25 secs] 
2024-03-22T18:40:01.683+0800: 92877.104: [GC (Allocation Failure) 2024-03-22T18:40:01.683+0800: 92877.104: [ParNew: 20695155K->1178303K(22937600K), 0.3134350 secs] 48030141K->28550621K(130940928K), 0.3138900 secs] [Times: user=3.94 sys=0.86, real=0.31 secs] 
2024-03-22T18:40:11.519+0800: 92886.940: [GC (Allocation Failure) 2024-03-22T18:40:11.520+0800: 92886.940: [ParNew: 20839103K->1028911K(22937600K), 0.2844211 secs] 48211421K->28437160K(130940928K), 0.2848557 secs] [Times: user=3.81 sys=0.52, real=0.28 secs] 
2024-03-22T18:40:18.446+0800: 92893.867: [GC (Allocation Failure) 2024-03-22T18:40:18.447+0800: 92893.867: [ParNew: 20689711K->1166580K(22937600K), 0.2752424 secs] 48097960K->28612721K(130940928K), 0.2756738 secs] [Times: user=3.90 sys=0.22, real=0.28 secs] 
2024-03-22T18:40:24.611+0800: 92900.032: [GC (Allocation Failure) 2024-03-22T18:40:24.612+0800: 92900.032: [ParNew: 20827380K->1011358K(22937600K), 0.2676818 secs] 48273521K->28497979K(130940928K), 0.2680979 secs] [Times: user=3.81 sys=0.14, real=0.27 secs] 
2024-03-22T18:40:31.370+0800: 92906.791: [GC (Allocation Failure) 2024-03-22T18:40:31.370+0800: 92906.791: [ParNew: 20672158K->1136367K(22937600K), 0.3127871 secs] 48158779K->28667039K(130940928K), 0.3132276 secs] [Times: user=3.80 sys=0.82, real=0.31 secs] 
2024-03-22T18:40:38.606+0800: 92914.026: [GC (Allocation Failure) 2024-03-22T18:40:38.606+0800: 92914.027: [ParNew: 20797167K->1054892K(22937600K), 0.2673694 secs] 48327839K->28628637K(130940928K), 0.2678089 secs] [Times: user=3.68 sys=0.25, real=0.27 secs] 
2024-03-22T18:40:46.116+0800: 92921.536: [GC (Allocation Failure) 2024-03-22T18:40:46.116+0800: 92921.537: [ParNew: 20715692K->1075195K(22937600K), 0.3104026 secs] 48289437K->28691676K(130940928K), 0.3107759 secs] [Times: user=4.07 sys=0.57, real=0.31 secs] 
2024-03-22T18:40:53.019+0800: 92928.440: [GC (Allocation Failure) 2024-03-22T18:40:53.020+0800: 92928.441: [ParNew: 20735995K->1033741K(22937600K), 0.2920932 secs] 48352476K->28691369K(130940928K), 0.2925302 secs] [Times: user=3.93 sys=0.21, real=0.29 secs] 
2024-03-22T18:41:00.338+0800: 92935.759: [GC (Allocation Failure) 2024-03-22T18:41:00.339+0800: 92935.760: [ParNew: 20694541K->974536K(22937600K), 0.2658736 secs] 48352169K->28669926K(130940928K), 0.2663179 secs] [Times: user=3.82 sys=0.12, real=0.26 secs] 
2024-03-22T18:41:07.782+0800: 92943.203: [GC (Allocation Failure) 2024-03-22T18:41:07.782+0800: 92943.203: [ParNew: 20635336K->1079271K(22937600K), 0.3144432 secs] 48330726K->28814173K(130940928K), 0.3148706 secs] [Times: user=3.85 sys=0.97, real=0.31 secs] 
2024-03-22T18:41:16.554+0800: 92951.974: [GC (Allocation Failure) 2024-03-22T18:41:16.554+0800: 92951.975: [ParNew: 20740071K->1018076K(22937600K), 0.2628120 secs] 48474973K->28792457K(130940928K), 0.2633795 secs] [Times: user=3.77 sys=0.07, real=0.26 secs] 
2024-03-22T18:41:23.200+0800: 92958.621: [GC (Allocation Failure) 2024-03-22T18:41:23.200+0800: 92958.621: [ParNew: 20678876K->1023085K(22937600K), 0.2943763 secs] 48453257K->28839330K(130940928K), 0.2948139 secs] [Times: user=3.79 sys=0.59, real=0.29 secs] 
2024-03-22T18:41:30.386+0800: 92965.807: [GC (Allocation Failure) 2024-03-22T18:41:30.387+0800: 92965.807: [ParNew: 20683885K->1085617K(22937600K), 0.2620185 secs] 48500130K->28940967K(130940928K), 0.2624368 secs] [Times: user=3.70 sys=0.18, real=0.27 secs] 
2024-03-22T18:41:36.661+0800: 92972.082: [GC (Allocation Failure) 2024-03-22T18:41:36.661+0800: 92972.082: [ParNew: 20746417K->1178847K(22937600K), 0.2649632 secs] 48601767K->29077673K(130940928K), 0.2654229 secs] [Times: user=3.83 sys=0.08, real=0.26 secs] 
2024-03-22T18:41:43.358+0800: 92978.778: [GC (Allocation Failure) 2024-03-22T18:41:43.358+0800: 92978.779: [ParNew: 20839647K->1065539K(22937600K), 0.3309104 secs] 48738473K->29005030K(130940928K), 0.3313528 secs] [Times: user=4.08 sys=0.99, real=0.33 secs] 
2024-03-22T18:41:52.863+0800: 92988.283: [GC (Allocation Failure) 2024-03-22T18:41:52.863+0800: 92988.284: [ParNew: 20726339K->1041887K(22937600K), 0.2726751 secs] 48665830K->29021586K(130940928K), 0.2731882 secs] [Times: user=3.90 sys=0.11, real=0.27 secs] 
2024-03-22T18:42:00.772+0800: 92996.193: [GC (Allocation Failure) 2024-03-22T18:42:00.772+0800: 92996.193: [ParNew: 20702687K->961099K(22937600K), 0.3022953 secs] 48682386K->28979368K(130940928K), 0.3027489 secs] [Times: user=4.00 sys=0.55, real=0.30 secs] 
2024-03-22T18:42:09.200+0800: 93004.621: [GC (Allocation Failure) 2024-03-22T18:42:09.200+0800: 93004.621: [ParNew: 20621899K->1077813K(22937600K), 0.2702897 secs] 48640168K->29135154K(130940928K), 0.2707044 secs] [Times: user=3.83 sys=0.13, real=0.27 secs] 
2024-03-22T18:42:17.912+0800: 93013.333: [GC (Allocation Failure) 2024-03-22T18:42:17.913+0800: 93013.333: [ParNew: 20738613K->1008223K(22937600K), 0.2613541 secs] 48795954K->29102316K(130940928K), 0.2617835 secs] [Times: user=3.75 sys=0.06, real=0.26 secs] 
2024-03-22T18:42:26.139+0800: 93021.560: [GC (Allocation Failure) 2024-03-22T18:42:26.139+0800: 93021.560: [ParNew: 20669023K->1044439K(22937600K), 0.3685196 secs] 48763116K->29173994K(130940928K), 0.3689430 secs] [Times: user=4.75 sys=0.95, real=0.37 secs] 
2024-03-22T18:42:34.707+0800: 93030.128: [GC (Allocation Failure) 2024-03-22T18:42:34.707+0800: 93030.128: [ParNew: 20705239K->1015159K(22937600K), 0.2911708 secs] 48834794K->29178884K(130940928K), 0.2915758 secs] [Times: user=3.76 sys=0.64, real=0.30 secs] 
2024-03-22T18:42:43.495+0800: 93038.916: [GC (Allocation Failure) 2024-03-22T18:42:43.495+0800: 93038.916: [ParNew: 20675959K->1086301K(22937600K), 0.2838129 secs] 48839684K->29286504K(130940928K), 0.2842546 secs] [Times: user=3.93 sys=0.27, real=0.29 secs] 
2024-03-22T18:42:51.058+0800: 93046.479: [GC (Allocation Failure) 2024-03-22T18:42:51.058+0800: 93046.479: [ParNew: 20747101K->1099206K(22937600K), 0.2614903 secs] 48947304K->29335207K(130940928K), 0.2619249 secs] [Times: user=3.89 sys=0.00, real=0.26 secs] 
2024-03-22T18:43:01.129+0800: 93056.550: [GC (Allocation Failure) 2024-03-22T18:43:01.130+0800: 93056.550: [ParNew: 20760006K->993948K(22937600K), 0.3306743 secs] 48996007K->29265694K(130940928K), 0.3311350 secs] [Times: user=3.82 sys=1.30, real=0.33 secs] 
2024-03-22T18:43:09.808+0800: 93065.229: [GC (Allocation Failure) 2024-03-22T18:43:09.808+0800: 93065.229: [ParNew: 20654748K->950210K(22937600K), 0.2873837 secs] 48926494K->29258208K(130940928K), 0.2878027 secs] [Times: user=3.78 sys=0.57, real=0.28 secs] 
2024-03-22T18:43:16.633+0800: 93072.054: [GC (Allocation Failure) 2024-03-22T18:43:16.634+0800: 93072.054: [ParNew: 20611010K->1001201K(22937600K), 0.2977587 secs] 48919008K->29345081K(130940928K), 0.2981768 secs] [Times: user=4.30 sys=0.19, real=0.30 secs] 
2024-03-22T18:43:24.240+0800: 93079.661: [GC (Allocation Failure) 2024-03-22T18:43:24.241+0800: 93079.661: [ParNew: 20662001K->1017539K(22937600K), 0.2580980 secs] 49005881K->29394787K(130940928K), 0.2585217 secs] [Times: user=3.66 sys=0.13, real=0.26 secs] 
2024-03-22T18:43:33.860+0800: 93089.281: [GC (Allocation Failure) 2024-03-22T18:43:33.861+0800: 93089.281: [ParNew: 20678339K->1046445K(22937600K), 0.3013761 secs] 49055587K->29457553K(130940928K), 0.3018190 secs] [Times: user=3.68 sys=0.89, real=0.30 secs] 
2024-03-22T18:43:43.085+0800: 93098.505: [GC (Allocation Failure) 2024-03-22T18:43:43.085+0800: 93098.506: [ParNew: 20707245K->965752K(22937600K), 0.2590996 secs] 49118353K->29411000K(130940928K), 0.2595206 secs] [Times: user=3.63 sys=0.17, real=0.26 secs] 
2024-03-22T18:43:50.774+0800: 93106.195: [GC (Allocation Failure) 2024-03-22T18:43:50.774+0800: 93106.195: [ParNew: 20626552K->1017013K(22937600K), 0.2668910 secs] 49071800K->29494786K(130940928K), 0.2673090 secs] [Times: user=3.54 sys=0.48, real=0.27 secs] 
2024-03-22T18:43:57.414+0800: 93112.835: [GC (Allocation Failure) 2024-03-22T18:43:57.414+0800: 93112.835: [ParNew: 20677813K->990231K(22937600K), 0.2912823 secs] 49155586K->29501868K(130940928K), 0.2916923 secs] [Times: user=4.19 sys=0.20, real=0.29 secs] 
2024-03-22T18:44:04.359+0800: 93119.780: [GC (Allocation Failure) 2024-03-22T18:44:04.359+0800: 93119.780: [ParNew: 20651031K->1026086K(22937600K), 0.2555500 secs] 49162668K->29574238K(130940928K), 0.2559575 secs] [Times: user=3.71 sys=0.03, real=0.25 secs] 
2024-03-22T18:44:13.080+0800: 93128.501: [GC (Allocation Failure) 2024-03-22T18:44:13.081+0800: 93128.502: [ParNew: 20686886K->963547K(22937600K), 0.3060323 secs] 49235038K->29546944K(130940928K), 0.3064785 secs] [Times: user=3.60 sys=0.97, real=0.30 secs] 
2024-03-22T18:44:22.049+0800: 93137.470: [GC (Allocation Failure) 2024-03-22T18:44:22.049+0800: 93137.470: [ParNew: 20624347K->990220K(22937600K), 0.2864501 secs] 49207744K->29610548K(130940928K), 0.2868882 secs] [Times: user=3.90 sys=0.41, real=0.28 secs] 
2024-03-22T18:44:30.431+0800: 93145.852: [GC (Allocation Failure) 2024-03-22T18:44:30.432+0800: 93145.852: [ParNew: 20651020K->1002351K(22937600K), 0.2919170 secs] 49271348K->29659967K(130940928K), 0.2923786 secs] [Times: user=4.00 sys=0.39, real=0.29 secs] 
2024-03-22T18:44:37.484+0800: 93152.905: [GC (Allocation Failure) 2024-03-22T18:44:37.484+0800: 93152.905: [ParNew: 20663151K->1029593K(22937600K), 0.2524350 secs] 49320767K->29724910K(130940928K), 0.2528570 secs] [Times: user=3.58 sys=0.12, real=0.25 secs] 
2024-03-22T18:44:44.399+0800: 93159.820: [GC (Allocation Failure) 2024-03-22T18:44:44.399+0800: 93159.820: [ParNew: 20690393K->1050083K(22937600K), 0.2526674 secs] 49385710K->29780468K(130940928K), 0.2532076 secs] [Times: user=3.64 sys=0.00, real=0.25 secs] 
2024-03-22T18:44:52.381+0800: 93167.801: [GC (Allocation Failure) 2024-03-22T18:44:52.381+0800: 93167.802: [ParNew: 20710883K->1045571K(22937600K), 0.3162204 secs] 49441268K->29810012K(130940928K), 0.3166608 secs] [Times: user=3.78 sys=0.94, real=0.31 secs] 
2024-03-22T18:45:01.731+0800: 93177.152: [GC (Allocation Failure) 2024-03-22T18:45:01.731+0800: 93177.152: [ParNew: 20706371K->899856K(22937600K), 0.2743064 secs] 49470812K->29696193K(130940928K), 0.2747198 secs] [Times: user=3.51 sys=0.63, real=0.27 secs] 
2024-03-22T18:45:10.672+0800: 93186.093: [GC (Allocation Failure) 2024-03-22T18:45:10.673+0800: 93186.093: [ParNew: 20560656K->974694K(22937600K), 0.2576761 secs] 49356993K->29803922K(130940928K), 0.2580970 secs] [Times: user=3.56 sys=0.27, real=0.26 secs] 
2024-03-22T18:45:18.650+0800: 93194.071: [GC (Allocation Failure) 2024-03-22T18:45:18.650+0800: 93194.071: [ParNew: 20635494K->1076653K(22937600K), 0.2447322 secs] 49464722K->29939278K(130940928K), 0.2451362 secs] [Times: user=3.53 sys=0.03, real=0.24 secs] 
2024-03-22T18:45:26.177+0800: 93201.598: [GC (Allocation Failure) 2024-03-22T18:45:26.177+0800: 93201.598: [ParNew: 20737453K->1103616K(22937600K), 0.3025750 secs] 49600078K->29999448K(130940928K), 0.3029940 secs] [Times: user=3.67 sys=0.90, real=0.31 secs] 
2024-03-22T18:45:35.960+0800: 93211.381: [GC (Allocation Failure) 2024-03-22T18:45:35.960+0800: 93211.381: [ParNew: 20764416K->1015003K(22937600K), 0.2738589 secs] 49660248K->29941818K(130940928K), 0.2742693 secs] [Times: user=3.65 sys=0.41, real=0.27 secs] 
2024-03-22T18:45:45.091+0800: 93220.512: [GC (Allocation Failure) 2024-03-22T18:45:45.091+0800: 93220.512: [ParNew: 20675803K->1079955K(22937600K), 0.2641619 secs] 49602618K->30034900K(130940928K), 0.2645727 secs] [Times: user=3.56 sys=0.34, real=0.26 secs] 
2024-03-22T18:45:53.728+0800: 93229.149: [GC (Allocation Failure) 2024-03-22T18:45:53.729+0800: 93229.149: [ParNew: 20740755K->1070750K(22937600K), 0.2724341 secs] 49695700K->30057860K(130940928K), 0.2728762 secs] [Times: user=3.77 sys=0.18, real=0.27 secs] 
2024-03-22T18:46:03.299+0800: 93238.720: [GC (Allocation Failure) 2024-03-22T18:46:03.299+0800: 93238.720: [ParNew: 20731550K->1102574K(22937600K), 0.3048049 secs] 49718660K->30121061K(130940928K), 0.3052258 secs] [Times: user=3.75 sys=0.79, real=0.30 secs] 
2024-03-22T18:46:13.162+0800: 93248.583: [GC (Allocation Failure) 2024-03-22T18:46:13.162+0800: 93248.583: [ParNew: 20763374K->1023059K(22937600K), 0.2837285 secs] 49781861K->30070438K(130940928K), 0.2841406 secs] [Times: user=3.85 sys=0.30, real=0.28 secs] 
2024-03-22T18:46:21.149+0800: 93256.570: [GC (Allocation Failure) 2024-03-22T18:46:21.149+0800: 93256.570: [ParNew: 20683859K->1042457K(22937600K), 0.2602986 secs] 49731238K->30118877K(130940928K), 0.2607138 secs] [Times: user=3.50 sys=0.29, real=0.26 secs] 
2024-03-22T18:46:30.255+0800: 93265.676: [GC (Allocation Failure) 2024-03-22T18:46:30.255+0800: 93265.676: [ParNew: 20703257K->1077665K(22937600K), 0.2504015 secs] 49779677K->30183564K(130940928K), 0.2508213 secs] [Times: user=3.48 sys=0.16, real=0.25 secs] 
2024-03-22T18:46:40.123+0800: 93275.543: [GC (Allocation Failure) 2024-03-22T18:46:40.123+0800: 93275.544: [ParNew: 20738465K->982595K(22937600K), 0.2967045 secs] 49844364K->30118016K(130940928K), 0.2971482 secs] [Times: user=3.48 sys=0.97, real=0.30 secs] 
2024-03-22T18:46:53.120+0800: 93288.541: [GC (Allocation Failure) 2024-03-22T18:46:53.121+0800: 93288.541: [ParNew: 20643395K->981467K(22937600K), 0.2812493 secs] 49778816K->30145746K(130940928K), 0.2816820 secs] [Times: user=3.73 sys=0.42, real=0.28 secs] 
2024-03-22T18:47:03.971+0800: 93299.392: [GC (Allocation Failure) 2024-03-22T18:47:03.971+0800: 93299.392: [ParNew: 20642267K->1050339K(22937600K), 0.2650944 secs] 49806546K->30245461K(130940928K), 0.2654832 secs] [Times: user=3.62 sys=0.27, real=0.26 secs] 
2024-03-22T18:47:14.233+0800: 93309.654: [GC (Allocation Failure) 2024-03-22T18:47:14.234+0800: 93309.654: [ParNew: 20711139K->1127095K(22937600K), 0.2536191 secs] 49906261K->30351233K(130940928K), 0.2540469 secs] [Times: user=3.61 sys=0.08, real=0.25 secs] 
2024-03-22T18:47:25.197+0800: 93320.617: [GC (Allocation Failure) 2024-03-22T18:47:25.197+0800: 93320.618: [ParNew: 20787895K->1156906K(22937600K), 0.3058352 secs] 50012033K->30409040K(130940928K), 0.3062649 secs] [Times: user=3.67 sys=0.94, real=0.31 secs] 
2024-03-22T18:47:35.055+0800: 93330.476: [GC (Allocation Failure) 2024-03-22T18:47:35.055+0800: 93330.476: [ParNew: 20817706K->1141067K(22937600K), 0.2752511 secs] 50069840K->30422112K(130940928K), 0.2756787 secs] [Times: user=3.63 sys=0.50, real=0.28 secs] 
2024-03-22T18:47:45.013+0800: 93340.434: [GC (Allocation Failure) 2024-03-22T18:47:45.013+0800: 93340.434: [ParNew: 20801867K->1069205K(22937600K), 0.2534922 secs] 50082912K->30380261K(130940928K), 0.2539254 secs] [Times: user=3.50 sys=0.29, real=0.25 secs] 
2024-03-22T18:47:52.307+0800: 93347.727: [GC (Allocation Failure) 2024-03-22T18:47:52.307+0800: 93347.728: [ParNew: 20730005K->1101939K(22937600K), 0.2530571 secs] 50041061K->30446431K(130940928K), 0.2534809 secs] [Times: user=3.65 sys=0.04, real=0.26 secs] 
2024-03-22T18:48:01.934+0800: 93357.355: [GC (Allocation Failure) 2024-03-22T18:48:01.934+0800: 93357.355: [ParNew: 20762739K->1088011K(22937600K), 0.3127840 secs] 50107231K->30464268K(130940928K), 0.3132182 secs] [Times: user=3.82 sys=0.80, real=0.31 secs] 
2024-03-22T18:48:11.670+0800: 93367.091: [GC (Allocation Failure) 2024-03-22T18:48:11.671+0800: 93367.091: [ParNew: 20748811K->1034987K(22937600K), 0.2804164 secs] 50125068K->30443696K(130940928K), 0.2808409 secs] [Times: user=3.69 sys=0.48, real=0.28 secs] 
2024-03-22T18:48:20.619+0800: 93376.040: [GC (Allocation Failure) 2024-03-22T18:48:20.619+0800: 93376.040: [ParNew: 20695787K->1016741K(22937600K), 0.2666555 secs] 50104496K->30461728K(130940928K), 0.2670724 secs] [Times: user=3.73 sys=0.21, real=0.26 secs] 
2024-03-22T18:48:29.817+0800: 93385.237: [GC (Allocation Failure) 2024-03-22T18:48:29.817+0800: 93385.238: [ParNew: 20677541K->1034069K(22937600K), 0.2596567 secs] 50122528K->30513995K(130940928K), 0.2601033 secs] [Times: user=3.75 sys=0.08, real=0.26 secs] 
2024-03-22T18:48:39.582+0800: 93395.003: [GC (Allocation Failure) 2024-03-22T18:48:39.582+0800: 93395.003: [ParNew: 20694869K->1109365K(22937600K), 0.3082237 secs] 50174795K->30623769K(130940928K), 0.3086639 secs] [Times: user=3.65 sys=0.98, real=0.31 secs] 
2024-03-22T18:48:51.513+0800: 93406.934: [GC (Allocation Failure) 2024-03-22T18:48:51.514+0800: 93406.935: [ParNew: 20770165K->1035314K(22937600K), 0.2964033 secs] 50284569K->30585929K(130940928K), 0.2968378 secs] [Times: user=3.79 sys=0.61, real=0.30 secs] 
2024-03-22T18:48:59.048+0800: 93414.468: [GC (Allocation Failure) 2024-03-22T18:48:59.048+0800: 93414.469: [ParNew: 20696114K->1107652K(22937600K), 0.2664370 secs] 50246729K->30693091K(130940928K), 0.2668799 secs] [Times: user=3.59 sys=0.26, real=0.26 secs] 
2024-03-22T18:49:08.198+0800: 93423.618: [GC (Allocation Failure) 2024-03-22T18:49:08.198+0800: 93423.619: [ParNew: 20768452K->1004479K(22937600K), 0.2683420 secs] 50353891K->30627309K(130940928K), 0.2687093 secs] [Times: user=3.84 sys=0.13, real=0.26 secs] 
2024-03-22T18:49:16.281+0800: 93431.702: [GC (Allocation Failure) 2024-03-22T18:49:16.282+0800: 93431.703: [ParNew: 20665279K->1082480K(22937600K), 0.3123794 secs] 50288109K->30741217K(130940928K), 0.3128575 secs] [Times: user=4.02 sys=1.00, real=0.31 secs] 
2024-03-22T18:49:28.545+0800: 93443.966: [GC (Allocation Failure) 2024-03-22T18:49:28.546+0800: 93443.966: [ParNew: 20743280K->978660K(22937600K), 0.2766982 secs] 50402017K->30674894K(130940928K), 0.2771282 secs] [Times: user=3.88 sys=0.55, real=0.28 secs] 
2024-03-22T18:49:35.928+0800: 93451.349: [GC (Allocation Failure) 2024-03-22T18:49:35.928+0800: 93451.349: [ParNew: 20639460K->1070043K(22937600K), 0.2659955 secs] 50335694K->30803054K(130940928K), 0.2664261 secs] [Times: user=3.69 sys=0.27, real=0.26 secs] 
2024-03-22T18:49:46.434+0800: 93461.855: [GC (Allocation Failure) 2024-03-22T18:49:46.435+0800: 93461.855: [ParNew: 20730843K->1107870K(22937600K), 0.2565431 secs] 50463854K->30877874K(130940928K), 0.2569515 secs] [Times: user=3.83 sys=0.17, real=0.26 secs] 
2024-03-22T18:49:54.435+0800: 93469.855: [GC (Allocation Failure) 2024-03-22T18:49:54.435+0800: 93469.856: [ParNew: 20768670K->1118240K(22937600K), 0.2996916 secs] 50538674K->30921636K(130940928K), 0.3002419 secs] [Times: user=4.05 sys=0.72, real=0.30 secs] 
2024-03-22T18:50:04.096+0800: 93479.517: [GC (Allocation Failure) 2024-03-22T18:50:04.096+0800: 93479.517: [ParNew: 20779040K->1071080K(22937600K), 0.2782985 secs] 50582436K->30910255K(130940928K), 0.2787632 secs] [Times: user=3.67 sys=0.41, real=0.28 secs] 
2024-03-22T18:50:13.412+0800: 93488.833: [GC (Allocation Failure) 2024-03-22T18:50:13.412+0800: 93488.833: [ParNew: 20731880K->1092843K(22937600K), 0.2913515 secs] 50571055K->30968149K(130940928K), 0.2917911 secs] [Times: user=3.90 sys=0.43, real=0.29 secs] 
2024-03-22T18:50:21.833+0800: 93497.254: [GC (Allocation Failure) 2024-03-22T18:50:21.833+0800: 93497.254: [ParNew: 20753643K->1035093K(22937600K), 0.2702679 secs] 50628949K->30946158K(130940928K), 0.2706919 secs] [Times: user=3.80 sys=0.18, real=0.27 secs] 
2024-03-22T18:50:30.316+0800: 93505.737: [GC (Allocation Failure) 2024-03-22T18:50:30.316+0800: 93505.737: [ParNew: 20695893K->1025199K(22937600K), 0.3318420 secs] 50606958K->30973978K(130940928K), 0.3322893 secs] [Times: user=4.94 sys=0.10, real=0.34 secs] 
2024-03-22T18:50:39.541+0800: 93514.961: [GC (Allocation Failure) 2024-03-22T18:50:39.541+0800: 93514.962: [ParNew: 20685999K->1224338K(22937600K), 0.3358949 secs] 50634778K->31208962K(130940928K), 0.3363761 secs] [Times: user=3.74 sys=1.33, real=0.33 secs] 
2024-03-22T18:50:50.433+0800: 93525.853: [GC (Allocation Failure) 2024-03-22T18:50:50.433+0800: 93525.854: [ParNew: 20885138K->1032067K(22937600K), 0.3233334 secs] 50869762K->31052042K(130940928K), 0.3236827 secs] [Times: user=4.01 sys=0.77, real=0.32 secs] 
2024-03-22T18:50:59.250+0800: 93534.671: [GC (Allocation Failure) 2024-03-22T18:50:59.250+0800: 93534.671: [ParNew: 20692867K->1136652K(22937600K), 0.2715711 secs] 50712842K->31191129K(130940928K), 0.2719052 secs] [Times: user=3.67 sys=0.19, real=0.27 secs] 
2024-03-22T18:51:08.202+0800: 93543.623: [GC (Allocation Failure) 2024-03-22T18:51:08.203+0800: 93543.623: [ParNew: 20797452K->1080966K(22937600K), 0.2576582 secs] 50851929K->31172287K(130940928K), 0.2580862 secs] [Times: user=3.67 sys=0.04, real=0.26 secs] 
2024-03-22T18:51:19.065+0800: 93554.486: [GC (Allocation Failure) 2024-03-22T18:51:19.066+0800: 93554.486: [ParNew: 20741766K->1148573K(22937600K), 0.3339351 secs] 50833087K->31277954K(130940928K), 0.3345177 secs] [Times: user=4.02 sys=0.97, real=0.34 secs] 
2024-03-22T18:51:31.372+0800: 93566.793: [GC (Allocation Failure) 2024-03-22T18:51:31.372+0800: 93566.793: [ParNew: 20809373K->993603K(22937600K), 0.3054691 secs] 50938754K->31158459K(130940928K), 0.3059299 secs] [Times: user=3.83 sys=0.76, real=0.31 secs] 
2024-03-22T18:51:40.362+0800: 93575.783: [GC (Allocation Failure) 2024-03-22T18:51:40.362+0800: 93575.783: [ParNew: 20654403K->1002832K(22937600K), 0.2628714 secs] 50819259K->31203489K(130940928K), 0.2633195 secs] [Times: user=3.62 sys=0.18, real=0.26 secs] 
2024-03-22T18:51:48.747+0800: 93584.168: [GC (Allocation Failure) 2024-03-22T18:51:48.747+0800: 93584.168: [ParNew: 20663632K->1026444K(22937600K), 0.3149649 secs] 50864289K->31261402K(130940928K), 0.3154009 secs] [Times: user=3.66 sys=1.01, real=0.32 secs] 
2024-03-22T18:51:59.051+0800: 93594.472: [GC (Allocation Failure) 2024-03-22T18:51:59.051+0800: 93594.472: [ParNew: 20687244K->1023031K(22937600K), 0.2855627 secs] 50922202K->31296113K(130940928K), 0.2860171 secs] [Times: user=3.78 sys=0.46, real=0.28 secs] 
2024-03-22T18:52:08.120+0800: 93603.540: [GC (Allocation Failure) 2024-03-22T18:52:08.120+0800: 93603.541: [ParNew: 20683831K->1041326K(22937600K), 0.2705440 secs] 50956913K->31349149K(130940928K), 0.2709953 secs] [Times: user=3.57 sys=0.37, real=0.27 secs] 
2024-03-22T18:52:17.664+0800: 93613.085: [GC (Allocation Failure) 2024-03-22T18:52:17.664+0800: 93613.085: [ParNew: 20702126K->1031083K(22937600K), 0.2594441 secs] 51009949K->31376313K(130940928K), 0.2599386 secs] [Times: user=3.64 sys=0.14, real=0.26 secs] 
2024-03-22T18:52:24.913+0800: 93620.334: [GC (Allocation Failure) 2024-03-22T18:52:24.913+0800: 93620.334: [ParNew: 20691883K->1144941K(22937600K), 0.2624728 secs] 51037113K->31528106K(130940928K), 0.2629160 secs] [Times: user=3.71 sys=0.08, real=0.26 secs] 
2024-03-22T18:52:33.159+0800: 93628.580: [GC (Allocation Failure) 2024-03-22T18:52:33.159+0800: 93628.580: [ParNew: 20805741K->1120637K(22937600K), 0.3152697 secs] 51188906K->31539185K(130940928K), 0.3157207 secs] [Times: user=3.87 sys=0.79, real=0.31 secs] 
2024-03-22T18:52:44.142+0800: 93639.562: [GC (Allocation Failure) 2024-03-22T18:52:44.142+0800: 93639.563: [ParNew: 20781437K->1032869K(22937600K), 0.2895106 secs] 51199985K->31488979K(130940928K), 0.2899235 secs] [Times: user=3.65 sys=0.71, real=0.29 secs] 
2024-03-22T18:52:52.965+0800: 93648.385: [GC (Allocation Failure) 2024-03-22T18:52:52.965+0800: 93648.386: [ParNew: 20693669K->994448K(22937600K), 0.2686683 secs] 51149779K->31487652K(130940928K), 0.2690658 secs] [Times: user=3.77 sys=0.18, real=0.27 secs] 
2024-03-22T18:53:02.340+0800: 93657.761: [GC (Allocation Failure) 2024-03-22T18:53:02.340+0800: 93657.761: [ParNew: 20655248K->1025554K(22937600K), 0.2600758 secs] 51148452K->31554731K(130940928K), 0.2605134 secs] [Times: user=3.80 sys=0.06, real=0.26 secs] 
2024-03-22T18:53:12.678+0800: 93668.099: [GC (Allocation Failure) 2024-03-22T18:53:12.679+0800: 93668.100: [ParNew: 20686354K->1129820K(22937600K), 0.3252931 secs] 51215531K->31695531K(130940928K), 0.3258423 secs] [Times: user=3.79 sys=1.12, real=0.32 secs] 
2024-03-22T18:53:21.290+0800: 93676.711: [GC (Allocation Failure) 2024-03-22T18:53:21.291+0800: 93676.712: [ParNew: 20790620K->1099702K(22937600K), 0.2791989 secs] 51356331K->31701777K(130940928K), 0.2796290 secs] [Times: user=3.63 sys=0.59, real=0.28 secs] 
2024-03-22T18:53:29.030+0800: 93684.450: [GC (Allocation Failure) 2024-03-22T18:53:29.030+0800: 93684.451: [ParNew: 20760502K->1067222K(22937600K), 0.2615269 secs] 51362577K->31706077K(130940928K), 0.2619612 secs] [Times: user=3.62 sys=0.25, real=0.26 secs] 
2024-03-22T18:53:35.608+0800: 93691.029: [GC (Allocation Failure) 2024-03-22T18:53:35.609+0800: 93691.029: [ParNew: 20728022K->1052682K(22937600K), 0.2524424 secs] 51366877K->31727180K(130940928K), 0.2528439 secs] [Times: user=3.64 sys=0.06, real=0.25 secs] 
2024-03-22T18:53:43.260+0800: 93698.681: [GC (Allocation Failure) 2024-03-22T18:53:43.260+0800: 93698.681: [ParNew: 20713482K->1073078K(22937600K), 0.3101963 secs] 51387980K->31781160K(130940928K), 0.3106119 secs] [Times: user=3.78 sys=0.93, real=0.31 secs] 
2024-03-22T18:53:51.735+0800: 93707.156: [GC (Allocation Failure) 2024-03-22T18:53:51.735+0800: 93707.156: [ParNew: 20733878K->1015281K(22937600K), 0.2541541 secs] 51441960K->31761143K(130940928K), 0.2546170 secs] [Times: user=3.59 sys=0.13, real=0.26 secs] 
2024-03-22T18:54:02.075+0800: 93717.496: [GC (Allocation Failure) 2024-03-22T18:54:02.075+0800: 93717.496: [ParNew: 20676081K->1022346K(22937600K), 0.2964354 secs] 51421943K->31804938K(130940928K), 0.2968599 secs] [Times: user=3.79 sys=0.70, real=0.30 secs] 
2024-03-22T18:54:10.322+0800: 93725.743: [GC (Allocation Failure) 2024-03-22T18:54:10.322+0800: 93725.743: [ParNew: 20683146K->1083461K(22937600K), 0.2591195 secs] 51465738K->31902291K(130940928K), 0.2595438 secs] [Times: user=3.72 sys=0.10, real=0.26 secs] 
2024-03-22T18:54:21.065+0800: 93736.485: [GC (Allocation Failure) 2024-03-22T18:54:21.065+0800: 93736.486: [ParNew: 20744261K->1010347K(22937600K), 0.2472887 secs] 51563091K->31864269K(130940928K), 0.2477575 secs] [Times: user=3.56 sys=0.04, real=0.25 secs] 
2024-03-22T18:54:28.813+0800: 93744.234: [GC (Allocation Failure) 2024-03-22T18:54:28.813+0800: 93744.234: [ParNew: 20671147K->1026681K(22937600K), 0.3100743 secs] 51525069K->31916765K(130940928K), 0.3105008 secs] [Times: user=3.64 sys=1.01, real=0.31 secs] 
2024-03-22T18:54:37.554+0800: 93752.975: [GC (Allocation Failure) 2024-03-22T18:54:37.554+0800: 93752.975: [ParNew: 20687481K->992033K(22937600K), 0.2712824 secs] 51577565K->31920094K(130940928K), 0.2717025 secs] [Times: user=3.52 sys=0.52, real=0.27 secs] 
2024-03-22T18:54:45.683+0800: 93761.103: [GC (Allocation Failure) 2024-03-22T18:54:45.683+0800: 93761.104: [ParNew: 20652833K->927231K(22937600K), 0.2588515 secs] 51580894K->31893759K(130940928K), 0.2592705 secs] [Times: user=3.56 sys=0.23, real=0.26 secs] 
2024-03-22T18:54:55.368+0800: 93770.789: [GC (Allocation Failure) 2024-03-22T18:54:55.368+0800: 93770.789: [ParNew: 20588031K->990389K(22937600K), 0.2478501 secs] 51554559K->31991093K(130940928K), 0.2482830 secs] [Times: user=3.45 sys=0.16, real=0.24 secs] 
2024-03-22T18:55:04.534+0800: 93779.954: [GC (Allocation Failure) 2024-03-22T18:55:04.534+0800: 93779.955: [ParNew: 20651189K->1005384K(22937600K), 0.3151199 secs] 51651893K->32042210K(130940928K), 0.3156234 secs] [Times: user=3.73 sys=0.91, real=0.32 secs] 
2024-03-22T18:55:14.939+0800: 93790.360: [GC (Allocation Failure) 2024-03-22T18:55:14.940+0800: 93790.360: [ParNew: 20666184K->1085729K(22937600K), 0.2881555 secs] 51703010K->32157434K(130940928K), 0.2884861 secs] [Times: user=3.60 sys=0.50, real=0.29 secs] 
2024-03-22T18:55:25.208+0800: 93800.629: [GC (Allocation Failure) 2024-03-22T18:55:25.209+0800: 93800.629: [ParNew: 20746529K->941008K(22937600K), 0.2753282 secs] 51818234K->32043204K(130940928K), 0.2756370 secs] [Times: user=3.67 sys=0.23, real=0.27 secs] 
2024-03-22T18:55:35.234+0800: 93810.655: [GC (Allocation Failure) 2024-03-22T18:55:35.234+0800: 93810.655: [ParNew: 20601808K->1017925K(22937600K), 0.2520409 secs] 51704004K->32150412K(130940928K), 0.2524656 secs] [Times: user=3.45 sys=0.16, real=0.25 secs] 
2024-03-22T18:55:45.543+0800: 93820.964: [GC (Allocation Failure) 2024-03-22T18:55:45.543+0800: 93820.964: [ParNew: 20678725K->1047081K(22937600K), 0.3115987 secs] 51811212K->32209606K(130940928K), 0.3120170 secs] [Times: user=3.55 sys=1.11, real=0.31 secs] 
2024-03-22T18:55:57.281+0800: 93832.702: [GC (Allocation Failure) 2024-03-22T18:55:57.281+0800: 93832.702: [ParNew: 20707881K->1002436K(22937600K), 0.2784005 secs] 51870406K->32195034K(130940928K), 0.2788385 secs] [Times: user=3.50 sys=0.64, real=0.28 secs] 
2024-03-22T18:56:07.126+0800: 93842.547: [GC (Allocation Failure) 2024-03-22T18:56:07.126+0800: 93842.547: [ParNew: 20663236K->1111432K(22937600K), 0.2559482 secs] 51855834K->32334373K(130940928K), 0.2563523 secs] [Times: user=3.46 sys=0.25, real=0.26 secs] 
2024-03-22T18:56:17.325+0800: 93852.746: [GC (Allocation Failure) 2024-03-22T18:56:17.325+0800: 93852.746: [ParNew: 20772232K->993150K(22937600K), 0.2525289 secs] 51995173K->32245695K(130940928K), 0.2530008 secs] [Times: user=3.58 sys=0.02, real=0.26 secs] 
2024-03-22T18:56:25.449+0800: 93860.870: [GC (Allocation Failure) 2024-03-22T18:56:25.449+0800: 93860.870: [ParNew: 20653950K->1121273K(22937600K), 0.3071072 secs] 51906495K->32407075K(130940928K), 0.3075177 secs] [Times: user=3.66 sys=0.91, real=0.30 secs] 
2024-03-22T18:56:35.163+0800: 93870.584: [GC (Allocation Failure) 2024-03-22T18:56:35.163+0800: 93870.584: [ParNew: 20782073K->1112934K(22937600K), 0.2850554 secs] 52067875K->32432767K(130940928K), 0.2854193 secs] [Times: user=3.65 sys=0.57, real=0.29 secs] 
2024-03-22T18:56:48.077+0800: 93883.498: [GC (Allocation Failure) 2024-03-22T18:56:48.077+0800: 93883.498: [ParNew: 20773734K->1108617K(22937600K), 0.2642138 secs] 52093567K->32458790K(130940928K), 0.2646425 secs] [Times: user=3.60 sys=0.28, real=0.27 secs] 
2024-03-22T18:56:55.805+0800: 93891.225: [GC (Allocation Failure) 2024-03-22T18:56:55.805+0800: 93891.226: [ParNew: 20769417K->1047123K(22937600K), 0.2619159 secs] 52119590K->32429372K(130940928K), 0.2623276 secs] [Times: user=3.70 sys=0.05, real=0.26 secs] 
2024-03-22T18:57:06.195+0800: 93901.615: [GC (Allocation Failure) 2024-03-22T18:57:06.195+0800: 93901.616: [ParNew: 20707923K->1200307K(22937600K), 0.3170310 secs] 52090172K->32613294K(130940928K), 0.3175030 secs] [Times: user=3.69 sys=1.04, real=0.32 secs] 
2024-03-22T18:57:18.977+0800: 93914.397: [GC (Allocation Failure) 2024-03-22T18:57:18.977+0800: 93914.398: [ParNew: 20861107K->1106697K(22937600K), 0.2906773 secs] 52274094K->32550397K(130940928K), 0.2911115 secs] [Times: user=3.68 sys=0.67, real=0.30 secs] 
2024-03-22T18:57:28.725+0800: 93924.146: [GC (Allocation Failure) 2024-03-22T18:57:28.725+0800: 93924.146: [ParNew: 20767497K->1127005K(22937600K), 0.2659770 secs] 52211197K->32601417K(130940928K), 0.2664326 secs] [Times: user=3.65 sys=0.21, real=0.27 secs] 
2024-03-22T18:57:37.751+0800: 93933.172: [GC (Allocation Failure) 2024-03-22T18:57:37.751+0800: 93933.172: [ParNew: 20787805K->1181113K(22937600K), 0.3106095 secs] 52262217K->32689905K(130940928K), 0.3110762 secs] [Times: user=3.68 sys=0.94, real=0.31 secs] 
2024-03-22T18:57:49.755+0800: 93945.176: [GC (Allocation Failure) 2024-03-22T18:57:49.755+0800: 93945.176: [ParNew: 20841913K->1228199K(22937600K), 0.2806383 secs] 52350705K->32768780K(130940928K), 0.2810765 secs] [Times: user=3.70 sys=0.44, real=0.28 secs] 
2024-03-22T18:58:00.397+0800: 93955.818: [GC (Allocation Failure) 2024-03-22T18:58:00.398+0800: 93955.819: [ParNew: 20888999K->1114092K(22937600K), 0.2806468 secs] 52429580K->32689569K(130940928K), 0.2810630 secs] [Times: user=3.77 sys=0.33, real=0.28 secs] 
2024-03-22T18:58:08.773+0800: 93964.194: [GC (Allocation Failure) 2024-03-22T18:58:08.774+0800: 93964.195: [ParNew: 20774892K->1165311K(22937600K), 0.2608666 secs] 52350369K->32776737K(130940928K), 0.2613270 secs] [Times: user=3.63 sys=0.11, real=0.26 secs] 
2024-03-22T18:58:18.876+0800: 93974.296: [GC (Allocation Failure) 2024-03-22T18:58:18.876+0800: 93974.297: [ParNew: 20826111K->1263518K(22937600K), 0.3154623 secs] 52437537K->32910719K(130940928K), 0.3158811 secs] [Times: user=3.79 sys=0.85, real=0.32 secs] 
2024-03-22T18:58:29.421+0800: 93984.842: [GC (Allocation Failure) 2024-03-22T18:58:29.422+0800: 93984.842: [ParNew: 20924318K->1244939K(22937600K), 0.2940187 secs] 52571519K->32926655K(130940928K), 0.2944079 secs] [Times: user=3.75 sys=0.61, real=0.29 secs] 
2024-03-22T18:58:36.760+0800: 93992.180: [GC (Allocation Failure) 2024-03-22T18:58:36.760+0800: 93992.181: [ParNew: 20905739K->1192365K(22937600K), 0.2813057 secs] 52587455K->32909864K(130940928K), 0.2816203 secs] [Times: user=3.78 sys=0.18, real=0.28 secs] 
2024-03-22T18:58:46.150+0800: 94001.571: [GC (Allocation Failure) 2024-03-22T18:58:46.150+0800: 94001.571: [ParNew: 20853165K->1131760K(22937600K), 0.2780335 secs] 52570664K->32885164K(130940928K), 0.2783641 secs] [Times: user=3.73 sys=0.25, real=0.28 secs] 
2024-03-22T18:58:54.303+0800: 94009.723: [GC (Allocation Failure) 2024-03-22T18:58:54.303+0800: 94009.724: [ParNew: 20792560K->1230299K(22937600K), 0.2620420 secs] 52545964K->33020359K(130940928K), 0.2625250 secs] [Times: user=3.72 sys=0.06, real=0.26 secs] 
2024-03-22T18:59:01.723+0800: 94017.143: [GC (Allocation Failure) 2024-03-22T18:59:01.723+0800: 94017.144: [ParNew: 20891099K->1320092K(22937600K), 0.3345769 secs] 52681159K->33146470K(130940928K), 0.3350024 secs] [Times: user=3.92 sys=0.90, real=0.34 secs] 
2024-03-22T18:59:13.009+0800: 94028.430: [GC (Allocation Failure) 2024-03-22T18:59:13.009+0800: 94028.430: [ParNew: 20980892K->1299150K(22937600K), 0.3095596 secs] 52807270K->33159574K(130940928K), 0.3100038 secs] [Times: user=3.69 sys=0.75, real=0.31 secs] 
2024-03-22T18:59:21.112+0800: 94036.533: [GC (Allocation Failure) 2024-03-22T18:59:21.112+0800: 94036.533: [ParNew: 20959950K->1178558K(22937600K), 0.2771662 secs] 52820374K->33077558K(130940928K), 0.2775293 secs] [Times: user=3.85 sys=0.18, real=0.28 secs] 
2024-03-22T18:59:30.469+0800: 94045.890: [GC (Allocation Failure) 2024-03-22T18:59:30.469+0800: 94045.890: [ParNew: 20839358K->1321198K(22937600K), 0.2694724 secs] 52738358K->33257604K(130940928K), 0.2699275 secs] [Times: user=3.69 sys=0.08, real=0.27 secs] 
2024-03-22T18:59:39.311+0800: 94054.732: [GC (Allocation Failure) 2024-03-22T18:59:39.312+0800: 94054.732: [ParNew: 20981998K->1343372K(22937600K), 0.3264435 secs] 52918404K->33316344K(130940928K), 0.3268930 secs] [Times: user=3.91 sys=0.84, real=0.33 secs] 
2024-03-22T18:59:53.535+0800: 94068.956: [GC (Allocation Failure) 2024-03-22T18:59:53.535+0800: 94068.956: [ParNew: 21004172K->1331831K(22937600K), 0.3134344 secs] 52977144K->33344805K(130940928K), 0.3138896 secs] [Times: user=3.72 sys=0.87, real=0.32 secs] 
2024-03-22T19:00:03.802+0800: 94079.223: [GC (Allocation Failure) 2024-03-22T19:00:03.802+0800: 94079.223: [ParNew: 20992631K->1291531K(22937600K), 0.2813750 secs] 53005605K->33344446K(130940928K), 0.2818229 secs] [Times: user=3.75 sys=0.25, real=0.28 secs] 
2024-03-22T19:00:13.579+0800: 94088.999: [GC (Allocation Failure) 2024-03-22T19:00:13.579+0800: 94089.000: [ParNew: 20952331K->1331385K(22937600K), 0.3132555 secs] 53005246K->33422288K(130940928K), 0.3137194 secs] [Times: user=3.86 sys=0.80, real=0.31 secs] 
2024-03-22T19:00:25.955+0800: 94101.376: [GC (Allocation Failure) 2024-03-22T19:00:25.955+0800: 94101.376: [ParNew: 20992185K->1164567K(22937600K), 0.2987600 secs] 53083088K->33296820K(130940928K), 0.2991814 secs] [Times: user=3.85 sys=0.51, real=0.30 secs] 
2024-03-22T19:00:37.831+0800: 94113.252: [GC (Allocation Failure) 2024-03-22T19:00:37.832+0800: 94113.252: [ParNew: 20825367K->1281715K(22937600K), 0.3090886 secs] 52957620K->33453936K(130940928K), 0.3095114 secs] [Times: user=4.22 sys=0.32, real=0.31 secs] 
2024-03-22T19:00:46.714+0800: 94122.135: [GC (Allocation Failure) 2024-03-22T19:00:46.714+0800: 94122.135: [ParNew: 20942515K->1150996K(22937600K), 0.3672966 secs] 53114736K->33361010K(130940928K), 0.3677055 secs] [Times: user=5.40 sys=0.13, real=0.37 secs] 
2024-03-22T19:00:58.626+0800: 94134.047: [GC (Allocation Failure) 2024-03-22T19:00:58.626+0800: 94134.047: [ParNew: 20811796K->1244305K(22937600K), 0.3445825 secs] 53021810K->33490448K(130940928K), 0.3450243 secs] [Times: user=4.22 sys=0.84, real=0.35 secs] 
2024-03-22T19:01:09.161+0800: 94144.582: [GC (Allocation Failure) 2024-03-22T19:01:09.161+0800: 94144.582: [ParNew: 20905105K->1232957K(22937600K), 0.2966684 secs] 53151248K->33516851K(130940928K), 0.2970790 secs] [Times: user=3.71 sys=0.61, real=0.30 secs] 
2024-03-22T19:01:20.068+0800: 94155.489: [GC (Allocation Failure) 2024-03-22T19:01:20.068+0800: 94155.489: [ParNew: 20893757K->1123379K(22937600K), 0.2772493 secs] 53177651K->33442427K(130940928K), 0.2776853 secs] [Times: user=3.94 sys=0.30, real=0.27 secs] 
2024-03-22T19:01:28.290+0800: 94163.710: [GC (Allocation Failure) 2024-03-22T19:01:28.290+0800: 94163.711: [ParNew: 20784179K->1200036K(22937600K), 0.2664733 secs] 53103227K->33555386K(130940928K), 0.2668863 secs] [Times: user=3.72 sys=0.07, real=0.26 secs] 
2024-03-22T19:01:36.201+0800: 94171.622: [GC (Allocation Failure) 2024-03-22T19:01:36.202+0800: 94171.623: [ParNew: 20860836K->1311678K(22937600K), 0.3268275 secs] 53216186K->33703491K(130940928K), 0.3272434 secs] [Times: user=3.87 sys=0.84, real=0.33 secs] 
2024-03-22T19:01:48.225+0800: 94183.646: [GC (Allocation Failure) 2024-03-22T19:01:48.226+0800: 94183.646: [ParNew: 20972478K->1267731K(22937600K), 0.2960666 secs] 53364291K->33694729K(130940928K), 0.2964866 secs] [Times: user=3.79 sys=0.58, real=0.30 secs] 
2024-03-22T19:01:56.691+0800: 94192.112: [GC (Allocation Failure) 2024-03-22T19:01:56.691+0800: 94192.112: [ParNew: 20928531K->1290558K(22937600K), 0.2823574 secs] 53355529K->33756215K(130940928K), 0.2827520 secs] [Times: user=3.71 sys=0.33, real=0.28 secs] 
2024-03-22T19:02:05.553+0800: 94200.974: [GC (Allocation Failure) 2024-03-22T19:02:05.553+0800: 94200.974: [ParNew: 20951358K->1239368K(22937600K), 0.2728062 secs] 53417015K->33742634K(130940928K), 0.2732203 secs] [Times: user=3.75 sys=0.13, real=0.27 secs] 
2024-03-22T19:02:14.004+0800: 94209.425: [GC (Allocation Failure) 2024-03-22T19:02:14.004+0800: 94209.425: [ParNew: 20900168K->1336328K(22937600K), 0.3195581 secs] 53403434K->33878187K(130940928K), 0.3199853 secs] [Times: user=3.84 sys=0.81, real=0.32 secs] 
2024-03-22T19:02:23.445+0800: 94218.865: [GC (Allocation Failure) 2024-03-22T19:02:23.445+0800: 94218.866: [ParNew: 20997128K->1212812K(22937600K), 0.3211655 secs] 53538987K->33791952K(130940928K), 0.3215582 secs] [Times: user=4.30 sys=0.52, real=0.32 secs] 
2024-03-22T19:02:32.322+0800: 94227.743: [GC (Allocation Failure) 2024-03-22T19:02:32.323+0800: 94227.743: [ParNew: 20873612K->1356687K(22937600K), 0.2964089 secs] 53452752K->33977116K(130940928K), 0.2968074 secs] [Times: user=3.92 sys=0.23, real=0.30 secs] 
2024-03-22T19:02:42.684+0800: 94238.105: [GC (Allocation Failure) 2024-03-22T19:02:42.684+0800: 94238.105: [ParNew: 21017487K->1177668K(22937600K), 0.2752385 secs] 53637916K->33839858K(130940928K), 0.2756674 secs] [Times: user=3.73 sys=0.20, real=0.28 secs] 
2024-03-22T19:02:52.548+0800: 94247.968: [GC (Allocation Failure) 2024-03-22T19:02:52.548+0800: 94247.969: [ParNew: 20838468K->1331608K(22937600K), 0.3196817 secs] 53500658K->34033849K(130940928K), 0.3200959 secs] [Times: user=3.81 sys=0.86, real=0.32 secs] 
2024-03-22T19:03:06.211+0800: 94261.632: [GC (Allocation Failure) 2024-03-22T19:03:06.212+0800: 94261.633: [ParNew: 20992408K->1208390K(22937600K), 0.2954131 secs] 53694649K->33950495K(130940928K), 0.2958711 secs] [Times: user=3.78 sys=0.60, real=0.29 secs] 
2024-03-22T19:03:16.304+0800: 94271.725: [GC (Allocation Failure) 2024-03-22T19:03:16.304+0800: 94271.725: [ParNew: 20869190K->1160268K(22937600K), 0.2839242 secs] 53611295K->33944461K(130940928K), 0.2843332 secs] [Times: user=3.88 sys=0.22, real=0.29 secs] 
2024-03-22T19:03:28.137+0800: 94283.557: [GC (Allocation Failure) 2024-03-22T19:03:28.137+0800: 94283.558: [ParNew: 20821068K->1206822K(22937600K), 0.2899093 secs] 53605261K->34032573K(130940928K), 0.2903367 secs] [Times: user=4.04 sys=0.19, real=0.29 secs] 
2024-03-22T19:03:39.334+0800: 94294.755: [GC (Allocation Failure) 2024-03-22T19:03:39.334+0800: 94294.755: [ParNew: 20867622K->1331020K(22937600K), 0.3305905 secs] 53693373K->34198153K(130940928K), 0.3310398 secs] [Times: user=3.85 sys=0.94, real=0.33 secs] 
2024-03-22T19:03:51.886+0800: 94307.307: [GC (Allocation Failure) 2024-03-22T19:03:51.886+0800: 94307.307: [ParNew: 20991820K->1209351K(22937600K), 0.3144268 secs] 53858953K->34115406K(130940928K), 0.3148670 secs] [Times: user=3.97 sys=0.64, real=0.32 secs] 
2024-03-22T19:04:02.913+0800: 94318.333: [GC (Allocation Failure) 2024-03-22T19:04:02.913+0800: 94318.334: [ParNew: 20870151K->1295214K(22937600K), 0.2790291 secs] 53776206K->34240746K(130940928K), 0.2794711 secs] [Times: user=3.74 sys=0.23, real=0.28 secs] 
2024-03-22T19:04:13.257+0800: 94328.678: [GC (Allocation Failure) 2024-03-22T19:04:13.257+0800: 94328.678: [ParNew: 20956014K->1383287K(22937600K), 0.3107235 secs] 53901546K->34365261K(130940928K), 0.3111672 secs] [Times: user=3.52 sys=0.88, real=0.32 secs] 
2024-03-22T19:04:25.050+0800: 94340.471: [GC (Allocation Failure) 2024-03-22T19:04:25.050+0800: 94340.471: [ParNew: 21044087K->1268355K(22937600K), 0.2828406 secs] 54026061K->34282880K(130940928K), 0.2832803 secs] [Times: user=3.62 sys=0.48, real=0.28 secs] 
2024-03-22T19:04:33.998+0800: 94349.419: [GC (Allocation Failure) 2024-03-22T19:04:33.998+0800: 94349.419: [ParNew: 20929155K->1195339K(22937600K), 0.2842761 secs] 53943680K->34245511K(130940928K), 0.2847003 secs] [Times: user=3.77 sys=0.31, real=0.28 secs] 
2024-03-22T19:04:44.213+0800: 94359.634: [GC (Allocation Failure) 2024-03-22T19:04:44.213+0800: 94359.634: [ParNew: 20856139K->1308155K(22937600K), 0.2577632 secs] 53906311K->34393237K(130940928K), 0.2582063 secs] [Times: user=3.54 sys=0.11, real=0.26 secs] 
2024-03-22T19:04:53.257+0800: 94368.678: [GC (Allocation Failure) 2024-03-22T19:04:53.257+0800: 94368.678: [ParNew: 20968955K->1362747K(22937600K), 0.4292307 secs] 54054037K->34483242K(130940928K), 0.4296898 secs] [Times: user=5.78 sys=0.90, real=0.43 secs] 
2024-03-22T19:05:05.114+0800: 94380.535: [GC (Allocation Failure) 2024-03-22T19:05:05.114+0800: 94380.535: [ParNew: 21023547K->1369307K(22937600K), 0.2982411 secs] 54144042K->34523491K(130940928K), 0.2986533 secs] [Times: user=3.70 sys=0.60, real=0.30 secs] 
2024-03-22T19:05:15.590+0800: 94391.011: [GC (Allocation Failure) 2024-03-22T19:05:15.590+0800: 94391.011: [ParNew: 21030107K->1253263K(22937600K), 0.3740844 secs] 54184291K->34443090K(130940928K), 0.3745204 secs] [Times: user=5.47 sys=0.30, real=0.37 secs] 
2024-03-22T19:05:25.324+0800: 94400.745: [GC (Allocation Failure) 2024-03-22T19:05:25.325+0800: 94400.745: [ParNew: 20914063K->1254693K(22937600K), 0.2644225 secs] 54103890K->34480213K(130940928K), 0.2648504 secs] [Times: user=3.70 sys=0.10, real=0.27 secs] 
2024-03-22T19:05:34.021+0800: 94409.442: [GC (Allocation Failure) 2024-03-22T19:05:34.021+0800: 94409.442: [ParNew: 20915493K->1399222K(22937600K), 0.3216835 secs] 54141013K->34660476K(130940928K), 0.3221770 secs] [Times: user=3.99 sys=0.71, real=0.32 secs] 
2024-03-22T19:05:45.693+0800: 94421.113: [GC (Allocation Failure) 2024-03-22T19:05:45.693+0800: 94421.114: [ParNew: 21060022K->1331963K(22937600K), 0.2928580 secs] 54321276K->34628323K(130940928K), 0.2932865 secs] [Times: user=3.73 sys=0.58, real=0.29 secs] 
2024-03-22T19:05:54.781+0800: 94430.202: [GC (Allocation Failure) 2024-03-22T19:05:54.782+0800: 94430.202: [ParNew: 20992763K->1325603K(22937600K), 0.2820044 secs] 54289123K->34660423K(130940928K), 0.2824315 secs] [Times: user=3.73 sys=0.32, real=0.28 secs] 
2024-03-22T19:06:04.764+0800: 94440.185: [GC (Allocation Failure) 2024-03-22T19:06:04.764+0800: 94440.185: [ParNew: 20986403K->1313135K(22937600K), 0.2671781 secs] 54321223K->34686187K(130940928K), 0.2676007 secs] [Times: user=3.69 sys=0.15, real=0.27 secs] 
2024-03-22T19:06:14.675+0800: 94450.096: [GC (Allocation Failure) 2024-03-22T19:06:14.675+0800: 94450.096: [ParNew: 20973935K->1341559K(22937600K), 0.3150788 secs] 54346987K->34754342K(130940928K), 0.3155250 secs] [Times: user=3.90 sys=0.78, real=0.32 secs] 
2024-03-22T19:06:25.354+0800: 94460.775: [GC (Allocation Failure) 2024-03-22T19:06:25.354+0800: 94460.775: [ParNew: 21002359K->1333585K(22937600K), 0.2901472 secs] 54415142K->34786105K(130940928K), 0.2905827 secs] [Times: user=3.72 sys=0.53, real=0.29 secs] 
2024-03-22T19:06:34.697+0800: 94470.118: [GC (Allocation Failure) 2024-03-22T19:06:34.697+0800: 94470.118: [ParNew: 20994385K->1417863K(22937600K), 0.2869344 secs] 54446905K->34911005K(130940928K), 0.2873652 secs] [Times: user=3.84 sys=0.26, real=0.29 secs] 
2024-03-22T19:06:44.466+0800: 94479.887: [GC (Allocation Failure) 2024-03-22T19:06:44.466+0800: 94479.887: [ParNew: 21078663K->1183070K(22937600K), 0.2703376 secs] 54571805K->34719014K(130940928K), 0.2707791 secs] [Times: user=3.81 sys=0.06, real=0.27 secs] 
2024-03-22T19:06:54.828+0800: 94490.248: [GC (Allocation Failure) 2024-03-22T19:06:54.828+0800: 94490.249: [ParNew: 20843870K->1388279K(22937600K), 0.3203628 secs] 54379814K->34966596K(130940928K), 0.3208053 secs] [Times: user=3.92 sys=0.78, real=0.32 secs] 
2024-03-22T19:07:05.672+0800: 94501.093: [GC (Allocation Failure) 2024-03-22T19:07:05.672+0800: 94501.093: [ParNew: 21049079K->1316507K(22937600K), 0.2999707 secs] 54627396K->34937172K(130940928K), 0.3003919 secs] [Times: user=3.77 sys=0.63, real=0.30 secs] 
2024-03-22T19:07:14.718+0800: 94510.139: [GC (Allocation Failure) 2024-03-22T19:07:14.719+0800: 94510.139: [ParNew: 20977307K->1349647K(22937600K), 0.2837884 secs] 54597972K->35011948K(130940928K), 0.2842160 secs] [Times: user=3.74 sys=0.34, real=0.28 secs] 
2024-03-22T19:07:23.501+0800: 94518.922: [GC (Allocation Failure) 2024-03-22T19:07:23.501+0800: 94518.922: [ParNew: 21010447K->1219621K(22937600K), 0.2759825 secs] 54672748K->34923381K(130940928K), 0.2764129 secs] [Times: user=3.88 sys=0.05, real=0.28 secs] 
2024-03-22T19:07:35.265+0800: 94530.686: [GC (Allocation Failure) 2024-03-22T19:07:35.265+0800: 94530.686: [ParNew: 20880421K->1314248K(22937600K), 0.3250061 secs] 54584181K->35057790K(130940928K), 0.3255583 secs] [Times: user=3.96 sys=0.82, real=0.33 secs] 
2024-03-22T19:07:49.118+0800: 94544.539: [GC (Allocation Failure) 2024-03-22T19:07:49.119+0800: 94544.539: [ParNew: 20975048K->1349568K(22937600K), 0.3016887 secs] 54718590K->35131532K(130940928K), 0.3021015 secs] [Times: user=3.62 sys=0.71, real=0.30 secs] 
2024-03-22T19:07:57.839+0800: 94553.260: [GC (Allocation Failure) 2024-03-22T19:07:57.839+0800: 94553.260: [ParNew: 21010368K->1323144K(22937600K), 0.2810715 secs] 54792332K->35142942K(130940928K), 0.2814919 secs] [Times: user=3.70 sys=0.31, real=0.28 secs] 
2024-03-22T19:08:06.268+0800: 94561.689: [GC (Allocation Failure) 2024-03-22T19:08:06.268+0800: 94561.689: [ParNew: 20983944K->1152931K(22937600K), 0.2689893 secs] 54803742K->35011845K(130940928K), 0.2694066 secs] [Times: user=3.73 sys=0.08, real=0.26 secs] 
2024-03-22T19:08:16.015+0800: 94571.435: [GC (Allocation Failure) 2024-03-22T19:08:16.015+0800: 94571.436: [ParNew: 20813731K->1312835K(22937600K), 0.3242329 secs] 54672645K->35210040K(130940928K), 0.3247048 secs] [Times: user=3.91 sys=0.82, real=0.33 secs] 
2024-03-22T19:08:27.810+0800: 94583.231: [GC (Allocation Failure) 2024-03-22T19:08:27.810+0800: 94583.231: [ParNew: 20973635K->1307294K(22937600K), 0.3052022 secs] 54870840K->35243145K(130940928K), 0.3056115 secs] [Times: user=3.88 sys=0.58, real=0.30 secs] 
2024-03-22T19:08:36.889+0800: 94592.309: [GC (Allocation Failure) 2024-03-22T19:08:36.889+0800: 94592.310: [ParNew: 20968094K->1238178K(22937600K), 0.3014653 secs] 54903945K->35213102K(130940928K), 0.3018757 secs] [Times: user=4.07 sys=0.29, real=0.30 secs] 
2024-03-22T19:08:47.558+0800: 94602.979: [GC (Allocation Failure) 2024-03-22T19:08:47.558+0800: 94602.979: [ParNew: 20898978K->1324639K(22937600K), 0.2756289 secs] 54873902K->35338710K(130940928K), 0.2761788 secs] [Times: user=3.73 sys=0.07, real=0.27 secs] 
2024-03-22T19:08:58.703+0800: 94614.124: [GC (Allocation Failure) 2024-03-22T19:08:58.703+0800: 94614.124: [ParNew: 20985439K->1374536K(22937600K), 0.3252476 secs] 54999510K->35428541K(130940928K), 0.3256528 secs] [Times: user=3.67 sys=1.09, real=0.33 secs] 
2024-03-22T19:09:10.921+0800: 94626.342: [GC (Allocation Failure) 2024-03-22T19:09:10.922+0800: 94626.342: [ParNew: 21035336K->1356200K(22937600K), 0.3067810 secs] 55089341K->35452045K(130940928K), 0.3072220 secs] [Times: user=3.78 sys=0.65, real=0.31 secs] 
2024-03-22T19:09:20.137+0800: 94635.558: [GC (Allocation Failure) 2024-03-22T19:09:20.137+0800: 94635.558: [ParNew: 21017000K->1273806K(22937600K), 0.2729710 secs] 55112845K->35409166K(130940928K), 0.2733950 secs] [Times: user=3.69 sys=0.24, real=0.28 secs] 
2024-03-22T19:09:30.736+0800: 94646.157: [GC (Allocation Failure) 2024-03-22T19:09:30.736+0800: 94646.157: [ParNew: 20934606K->1328485K(22937600K), 0.2637556 secs] 55069966K->35503562K(130940928K), 0.2642123 secs] [Times: user=3.89 sys=0.12, real=0.27 secs] 
2024-03-22T19:09:39.508+0800: 94654.929: [GC (Allocation Failure) 2024-03-22T19:09:39.508+0800: 94654.929: [ParNew: 20989285K->1315601K(22937600K), 0.3272026 secs] 55164362K->35529917K(130940928K), 0.3276900 secs] [Times: user=3.73 sys=1.04, real=0.32 secs] 
2024-03-22T19:09:51.384+0800: 94666.805: [GC (Allocation Failure) 2024-03-22T19:09:51.385+0800: 94666.805: [ParNew: 20976401K->1256378K(22937600K), 0.3049492 secs] 55190717K->35511273K(130940928K), 0.3053860 secs] [Times: user=3.81 sys=0.67, real=0.31 secs] 
2024-03-22T19:10:00.944+0800: 94676.365: [GC (Allocation Failure) 2024-03-22T19:10:00.944+0800: 94676.365: [ParNew: 20917178K->1330979K(22937600K), 0.2761499 secs] 55172073K->35627278K(130940928K), 0.2765786 secs] [Times: user=3.70 sys=0.26, real=0.28 secs] 
2024-03-22T19:10:09.910+0800: 94685.331: [GC (Allocation Failure) 2024-03-22T19:10:09.911+0800: 94685.331: [ParNew: 20991779K->1325550K(22937600K), 0.2686071 secs] 55288078K->35661581K(130940928K), 0.2690552 secs] [Times: user=3.72 sys=0.06, real=0.27 secs] 
2024-03-22T19:10:19.382+0800: 94694.803: [GC (Allocation Failure) 2024-03-22T19:10:19.382+0800: 94694.803: [ParNew: 20986350K->1266084K(22937600K), 0.3290668 secs] 55322381K->35640768K(130940928K), 0.3295419 secs] [Times: user=3.90 sys=0.92, real=0.33 secs] 
2024-03-22T19:10:30.872+0800: 94706.293: [GC (Allocation Failure) 2024-03-22T19:10:30.872+0800: 94706.293: [ParNew: 20926884K->1412503K(22937600K), 0.3051790 secs] 55301568K->35828652K(130940928K), 0.3056048 secs] [Times: user=3.73 sys=0.73, real=0.31 secs] 
2024-03-22T19:10:40.771+0800: 94716.192: [GC (Allocation Failure) 2024-03-22T19:10:40.772+0800: 94716.193: [ParNew: 21073303K->1225963K(22937600K), 0.2957866 secs] 55489452K->35683671K(130940928K), 0.2961725 secs] [Times: user=3.80 sys=0.38, real=0.30 secs] 
2024-03-22T19:10:49.682+0800: 94725.102: [GC (Allocation Failure) 2024-03-22T19:10:49.682+0800: 94725.103: [ParNew: 20886763K->1325169K(22937600K), 0.2794358 secs] 55344471K->35823694K(130940928K), 0.2798126 secs] [Times: user=3.74 sys=0.06, real=0.28 secs] 
2024-03-22T19:11:00.396+0800: 94735.817: [GC (Allocation Failure) 2024-03-22T19:11:00.397+0800: 94735.817: [ParNew: 20985969K->1361483K(22937600K), 0.3209918 secs] 55484494K->35901369K(130940928K), 0.3214059 secs] [Times: user=3.79 sys=0.90, real=0.33 secs] 
2024-03-22T19:11:13.754+0800: 94749.175: [GC (Allocation Failure) 2024-03-22T19:11:13.754+0800: 94749.175: [ParNew: 21022283K->1342535K(22937600K), 0.3118583 secs] 55562169K->35925353K(130940928K), 0.3122790 secs] [Times: user=3.72 sys=0.74, real=0.31 secs] 
2024-03-22T19:11:23.358+0800: 94758.779: [GC (Allocation Failure) 2024-03-22T19:11:23.358+0800: 94758.779: [ParNew: 21003335K->1250809K(22937600K), 0.2850037 secs] 55586153K->35874336K(130940928K), 0.2854341 secs] [Times: user=3.80 sys=0.27, real=0.28 secs] 
2024-03-22T19:11:34.575+0800: 94769.995: [GC (Allocation Failure) 2024-03-22T19:11:34.575+0800: 94769.996: [ParNew: 20911609K->1407105K(22937600K), 0.2891807 secs] 55535136K->36069442K(130940928K), 0.2897372 secs] [Times: user=3.87 sys=0.29, real=0.29 secs] 
2024-03-22T19:11:45.797+0800: 94781.218: [GC (Allocation Failure) 2024-03-22T19:11:45.798+0800: 94781.218: [ParNew: 21067905K->1242313K(22937600K), 0.3056480 secs] 55730242K->35945461K(130940928K), 0.3061458 secs] [Times: user=3.85 sys=0.45, real=0.31 secs] 
2024-03-22T19:11:56.990+0800: 94792.411: [GC (Allocation Failure) 2024-03-22T19:11:56.990+0800: 94792.411: [ParNew: 20903113K->1333653K(22937600K), 0.2931280 secs] 55606261K->36078399K(130940928K), 0.2935971 secs] [Times: user=3.68 sys=0.52, real=0.29 secs] 
2024-03-22T19:12:06.427+0800: 94801.848: [GC (Allocation Failure) 2024-03-22T19:12:06.427+0800: 94801.848: [ParNew: 20994453K->1259881K(22937600K), 0.2584673 secs] 55739199K->36043094K(130940928K), 0.2589108 secs] [Times: user=3.78 sys=0.10, real=0.26 secs] 
2024-03-22T19:12:16.766+0800: 94812.187: [GC (Allocation Failure) 2024-03-22T19:12:16.766+0800: 94812.187: [ParNew: 20920681K->1275368K(22937600K), 0.3183837 secs] 55703894K->36097420K(130940928K), 0.3188594 secs] [Times: user=4.15 sys=0.83, real=0.32 secs] 
2024-03-22T19:12:27.807+0800: 94823.228: [GC (Allocation Failure) 2024-03-22T19:12:27.807+0800: 94823.228: [ParNew: 20936168K->1289735K(22937600K), 0.2828619 secs] 55758220K->36148210K(130940928K), 0.2833033 secs] [Times: user=3.87 sys=0.46, real=0.29 secs] 
2024-03-22T19:12:36.013+0800: 94831.434: [GC (Allocation Failure) 2024-03-22T19:12:36.013+0800: 94831.434: [ParNew: 20950535K->1232867K(22937600K), 0.2714910 secs] 55809010K->36128090K(130940928K), 0.2718941 secs] [Times: user=3.76 sys=0.29, real=0.27 secs] 
2024-03-22T19:12:45.622+0800: 94841.042: [GC (Allocation Failure) 2024-03-22T19:12:45.622+0800: 94841.043: [ParNew: 20893667K->1280236K(22937600K), 0.2727125 secs] 55788890K->36213120K(130940928K), 0.2731342 secs] [Times: user=3.74 sys=0.18, real=0.27 secs] 
2024-03-22T19:12:54.274+0800: 94849.695: [GC (Allocation Failure) 2024-03-22T19:12:54.274+0800: 94849.695: [ParNew: 20941036K->1286937K(22937600K), 0.2757075 secs] 55873920K->36257072K(130940928K), 0.2761582 secs] [Times: user=4.03 sys=0.00, real=0.28 secs] 
2024-03-22T19:13:02.301+0800: 94857.722: [GC (Allocation Failure) 2024-03-22T19:13:02.301+0800: 94857.722: [ParNew: 20947737K->1284214K(22937600K), 0.3183876 secs] 55917872K->36290602K(130940928K), 0.3188878 secs] [Times: user=3.83 sys=0.85, real=0.32 secs] 
2024-03-22T19:13:12.320+0800: 94867.741: [GC (Allocation Failure) 2024-03-22T19:13:12.320+0800: 94867.741: [ParNew: 20945014K->1322132K(22937600K), 0.2873551 secs] 55951402K->36366281K(130940928K), 0.2877964 secs] [Times: user=3.60 sys=0.61, real=0.29 secs] 
2024-03-22T19:13:21.410+0800: 94876.831: [GC (Allocation Failure) 2024-03-22T19:13:21.410+0800: 94876.831: [ParNew: 20982932K->1271506K(22937600K), 0.2744988 secs] 56027081K->36354512K(130940928K), 0.2749237 secs] [Times: user=3.80 sys=0.18, real=0.27 secs] 
2024-03-22T19:13:30.435+0800: 94885.856: [GC (Allocation Failure) 2024-03-22T19:13:30.436+0800: 94885.856: [ParNew: 20932306K->1312545K(22937600K), 0.2639544 secs] 56015312K->36432676K(130940928K), 0.2643755 secs] [Times: user=3.75 sys=0.02, real=0.27 secs] 
2024-03-22T19:13:38.856+0800: 94894.277: [GC (Allocation Failure) 2024-03-22T19:13:38.857+0800: 94894.277: [ParNew: 20973345K->1500502K(22937600K), 0.3220464 secs] 56093476K->36656794K(130940928K), 0.3224933 secs] [Times: user=3.72 sys=0.87, real=0.33 secs] 
2024-03-22T19:13:49.485+0800: 94904.906: [GC (Allocation Failure) 2024-03-22T19:13:49.485+0800: 94904.906: [ParNew: 21161302K->1340873K(22937600K), 0.2929345 secs] 56317594K->36536469K(130940928K), 0.2933387 secs] [Times: user=3.71 sys=0.54, real=0.30 secs] 
2024-03-22T19:13:59.598+0800: 94915.019: [GC (Allocation Failure) 2024-03-22T19:13:59.598+0800: 94915.019: [ParNew: 21001673K->1214399K(22937600K), 0.2841024 secs] 56197269K->36448883K(130940928K), 0.2845062 secs] [Times: user=3.81 sys=0.30, real=0.28 secs] 
2024-03-22T19:14:08.989+0800: 94924.409: [GC (Allocation Failure) 2024-03-22T19:14:08.989+0800: 94924.410: [ParNew: 20875199K->1194062K(22937600K), 0.2633341 secs] 56109683K->36468429K(130940928K), 0.2637627 secs] [Times: user=3.55 sys=0.15, real=0.26 secs] 
2024-03-22T19:14:20.442+0800: 94935.862: [GC (Allocation Failure) 2024-03-22T19:14:20.442+0800: 94935.863: [ParNew: 20854862K->1364570K(22937600K), 0.3119940 secs] 56129229K->36677153K(130940928K), 0.3124052 secs] [Times: user=3.72 sys=0.84, real=0.31 secs] 
2024-03-22T19:14:34.035+0800: 94949.455: [GC (Allocation Failure) 2024-03-22T19:14:34.035+0800: 94949.456: [ParNew: 21025370K->1245360K(22937600K), 0.3017208 secs] 56337953K->36597353K(130940928K), 0.3021824 secs] [Times: user=3.68 sys=0.69, real=0.30 secs] 
2024-03-22T19:14:44.169+0800: 94959.590: [GC (Allocation Failure) 2024-03-22T19:14:44.169+0800: 94959.590: [ParNew: 20906160K->1220934K(22937600K), 0.3878491 secs] 56258153K->36613508K(130940928K), 0.3882914 secs] [Times: user=5.62 sys=0.30, real=0.38 secs] 
2024-03-22T19:14:57.239+0800: 94972.660: [GC (Allocation Failure) 2024-03-22T19:14:57.239+0800: 94972.660: [ParNew: 20881734K->1201886K(22937600K), 0.3104228 secs] 56274308K->36633503K(130940928K), 0.3108984 secs] [Times: user=3.75 sys=0.82, real=0.31 secs] 
2024-03-22T19:15:08.473+0800: 94983.894: [GC (Allocation Failure) 2024-03-22T19:15:08.473+0800: 94983.894: [ParNew: 20862686K->1222895K(22937600K), 0.2891964 secs] 56294303K->36694051K(130940928K), 0.2896521 secs] [Times: user=3.69 sys=0.47, real=0.29 secs] 
2024-03-22T19:15:18.374+0800: 94993.795: [GC (Allocation Failure) 2024-03-22T19:15:18.374+0800: 94993.795: [ParNew: 20883695K->1215498K(22937600K), 0.2756432 secs] 56354851K->36726682K(130940928K), 0.2760861 secs] [Times: user=3.70 sys=0.19, real=0.28 secs] 
2024-03-22T19:15:28.106+0800: 95003.527: [GC (Allocation Failure) 2024-03-22T19:15:28.107+0800: 95003.527: [ParNew: 20848841K->1261262K(22937600K), 0.2713930 secs] 56360025K->36810564K(130940928K), 0.2718290 secs] [Times: user=3.64 sys=0.21, real=0.28 secs] 
2024-03-22T19:15:37.934+0800: 95013.355: [GC (Allocation Failure) 2024-03-22T19:15:37.934+0800: 95013.355: [ParNew: 20922062K->1256687K(22937600K), 0.3188432 secs] 56471364K->36844881K(130940928K), 0.3192644 secs] [Times: user=3.85 sys=0.79, real=0.32 secs] 
2024-03-22T19:15:51.415+0800: 95026.836: [GC (Allocation Failure) 2024-03-22T19:15:51.415+0800: 95026.836: [ParNew: 20917487K->1249872K(22937600K), 0.2889054 secs] 56505681K->36876888K(130940928K), 0.2893384 secs] [Times: user=3.51 sys=0.65, real=0.29 secs] 
2024-03-22T19:16:00.547+0800: 95035.967: [GC (Allocation Failure) 2024-03-22T19:16:00.547+0800: 95035.968: [ParNew: 20910672K->1174478K(22937600K), 0.2718752 secs] 56537688K->36839602K(130940928K), 0.2722842 secs] [Times: user=3.57 sys=0.32, real=0.28 secs] 
2024-03-22T19:16:09.179+0800: 95044.600: [GC (Allocation Failure) 2024-03-22T19:16:09.180+0800: 95044.601: [ParNew: 20835278K->1285057K(22937600K), 0.2687830 secs] 56500402K->36989104K(130940928K), 0.2692407 secs] [Times: user=3.61 sys=0.17, real=0.27 secs] 
2024-03-22T19:16:18.533+0800: 95053.954: [GC (Allocation Failure) 2024-03-22T19:16:18.534+0800: 95053.954: [ParNew: 20945857K->1339537K(22937600K), 0.3022339 secs] 56649904K->37083480K(130940928K), 0.3026518 secs] [Times: user=3.60 sys=0.80, real=0.30 secs] 
2024-03-22T19:16:30.195+0800: 95065.616: [GC (Allocation Failure) 2024-03-22T19:16:30.196+0800: 95065.616: [ParNew: 21000337K->1324203K(22937600K), 0.2856243 secs] 56744280K->37109232K(130940928K), 0.2860540 secs] [Times: user=3.53 sys=0.67, real=0.29 secs] 
2024-03-22T19:16:39.690+0800: 95075.111: [GC (Allocation Failure) 2024-03-22T19:16:39.690+0800: 95075.111: [ParNew: 20985003K->1211327K(22937600K), 0.2853979 secs] 56770032K->37035679K(130940928K), 0.2858173 secs] [Times: user=3.83 sys=0.35, real=0.28 secs] 
2024-03-22T19:16:47.913+0800: 95083.333: [GC (Allocation Failure) 2024-03-22T19:16:47.913+0800: 95083.334: [ParNew: 20872127K->1308038K(22937600K), 0.2669216 secs] 56696479K->37172605K(130940928K), 0.2673374 secs] [Times: user=3.63 sys=0.18, real=0.27 secs] 
2024-03-22T19:16:56.072+0800: 95091.493: [GC (Allocation Failure) 2024-03-22T19:16:56.072+0800: 95091.493: [ParNew: 20968838K->1350996K(22937600K), 0.2567729 secs] 56833405K->37256688K(130940928K), 0.2572326 secs] [Times: user=3.63 sys=0.01, real=0.26 secs] 
2024-03-22T19:17:04.216+0800: 95099.637: [GC (Allocation Failure) 2024-03-22T19:17:04.216+0800: 95099.637: [ParNew: 21011796K->1357557K(22937600K), 0.3208121 secs] 56917488K->37306139K(130940928K), 0.3212354 secs] [Times: user=3.77 sys=0.93, real=0.32 secs] 
2024-03-22T19:17:15.403+0800: 95110.824: [GC (Allocation Failure) 2024-03-22T19:17:15.404+0800: 95110.824: [ParNew: 21018357K->1295824K(22937600K), 0.3012187 secs] 56966939K->37287213K(130940928K), 0.3016691 secs] [Times: user=3.71 sys=0.76, real=0.30 secs] 
2024-03-22T19:17:25.060+0800: 95120.481: [GC (Allocation Failure) 2024-03-22T19:17:25.061+0800: 95120.481: [ParNew: 20956624K->1254055K(22937600K), 0.2716475 secs] 56948013K->37285556K(130940928K), 0.2720738 secs] [Times: user=3.65 sys=0.29, real=0.27 secs] 
2024-03-22T19:17:33.476+0800: 95128.897: [GC (Allocation Failure) 2024-03-22T19:17:33.477+0800: 95128.897: [ParNew: 20914855K->1345108K(22937600K), 0.2680682 secs] 56946356K->37417091K(130940928K), 0.2685130 secs] [Times: user=3.56 sys=0.13, real=0.27 secs] 
2024-03-22T19:17:43.771+0800: 95139.192: [GC (Allocation Failure) 2024-03-22T19:17:43.771+0800: 95139.192: [ParNew: 21005908K->1435593K(22937600K), 0.3305337 secs] 57077891K->37549608K(130940928K), 0.3309708 secs] [Times: user=3.94 sys=0.93, real=0.33 secs] 
2024-03-22T19:17:55.284+0800: 95150.705: [GC (Allocation Failure) 2024-03-22T19:17:55.284+0800: 95150.705: [ParNew: 21096393K->1253189K(22937600K), 0.2965316 secs] 57210408K->37411719K(130940928K), 0.2969730 secs] [Times: user=3.58 sys=0.75, real=0.30 secs] 
2024-03-22T19:18:04.422+0800: 95159.842: [GC (Allocation Failure) 2024-03-22T19:18:04.422+0800: 95159.843: [ParNew: 20913989K->1205703K(22937600K), 0.2758710 secs] 57072519K->37407907K(130940928K), 0.2762891 secs] [Times: user=3.70 sys=0.18, real=0.28 secs] 
2024-03-22T19:18:17.558+0800: 95172.979: [GC (Allocation Failure) 2024-03-22T19:18:17.558+0800: 95172.979: [ParNew: 20866503K->1194989K(22937600K), 0.3537670 secs] 57068707K->37438703K(130940928K), 0.3542074 secs] [Times: user=5.28 sys=0.06, real=0.35 secs] 
2024-03-22T19:18:28.247+0800: 95183.668: [GC (Allocation Failure) 2024-03-22T19:18:28.247+0800: 95183.668: [ParNew: 20855789K->1266186K(22937600K), 0.3300357 secs] 57099503K->37552213K(130940928K), 0.3305185 secs] [Times: user=3.74 sys=1.06, real=0.34 secs] 
2024-03-22T19:18:40.972+0800: 95196.392: [GC (Allocation Failure) 2024-03-22T19:18:40.972+0800: 95196.393: [ParNew: 20926986K->1233063K(22937600K), 0.3035824 secs] 57213013K->37560453K(130940928K), 0.3040315 secs] [Times: user=3.56 sys=0.90, real=0.30 secs] 
2024-03-22T19:18:51.860+0800: 95207.281: [GC (Allocation Failure) 2024-03-22T19:18:51.861+0800: 95207.281: [ParNew: 20893863K->1224204K(22937600K), 0.2681179 secs] 57221253K->37590299K(130940928K), 0.2686937 secs] [Times: user=3.71 sys=0.09, real=0.27 secs] 
2024-03-22T19:19:02.531+0800: 95217.952: [GC (Allocation Failure) 2024-03-22T19:19:02.532+0800: 95217.952: [ParNew: 20885004K->1267424K(22937600K), 0.3140989 secs] 57251099K->37670945K(130940928K), 0.3146210 secs] [Times: user=3.84 sys=0.74, real=0.31 secs] 
2024-03-22T19:19:14.758+0800: 95230.179: [GC (Allocation Failure) 2024-03-22T19:19:14.759+0800: 95230.180: [ParNew: 20928224K->1161461K(22937600K), 0.2893926 secs] 57331745K->37602128K(130940928K), 0.2898157 secs] [Times: user=3.61 sys=0.57, real=0.29 secs] 
2024-03-22T19:19:23.906+0800: 95239.327: [GC (Allocation Failure) 2024-03-22T19:19:23.907+0800: 95239.327: [ParNew: 20822261K->1288553K(22937600K), 0.2789227 secs] 57262928K->37768888K(130940928K), 0.2793317 secs] [Times: user=3.78 sys=0.19, real=0.28 secs] 
2024-03-22T19:19:34.086+0800: 95249.507: [GC (Allocation Failure) 2024-03-22T19:19:34.087+0800: 95249.507: [ParNew: 20949353K->1298604K(22937600K), 0.2751531 secs] 57429688K->37819620K(130940928K), 0.2756035 secs] [Times: user=3.74 sys=0.14, real=0.28 secs] 
2024-03-22T19:19:46.030+0800: 95261.451: [GC (Allocation Failure) 2024-03-22T19:19:46.030+0800: 95261.451: [ParNew: 20959404K->1241847K(22937600K), 0.3236632 secs] 57480420K->37802005K(130940928K), 0.3241186 secs] [Times: user=3.77 sys=0.85, real=0.32 secs] 
2024-03-22T19:19:58.191+0800: 95273.612: [GC (Allocation Failure) 2024-03-22T19:19:58.192+0800: 95273.612: [ParNew: 20902647K->1329405K(22937600K), 0.2903444 secs] 57462805K->37927613K(130940928K), 0.2908055 secs] [Times: user=3.57 sys=0.58, real=0.29 secs] 
2024-03-22T19:20:08.546+0800: 95283.967: [GC (Allocation Failure) 2024-03-22T19:20:08.546+0800: 95283.967: [ParNew: 20990205K->1211520K(22937600K), 0.2873061 secs] 57588413K->37846143K(130940928K), 0.2877371 secs] [Times: user=3.86 sys=0.28, real=0.29 secs] 
2024-03-22T19:20:20.277+0800: 95295.698: [GC (Allocation Failure) 2024-03-22T19:20:20.277+0800: 95295.698: [ParNew: 20872320K->1181126K(22937600K), 0.2571510 secs] 57506943K->37853414K(130940928K), 0.2576257 secs] [Times: user=3.52 sys=0.06, real=0.26 secs] 
2024-03-22T19:20:30.529+0800: 95305.950: [GC (Allocation Failure) 2024-03-22T19:20:30.529+0800: 95305.950: [ParNew: 20841926K->1263773K(22937600K), 0.3189430 secs] 57514214K->37972444K(130940928K), 0.3194863 secs] [Times: user=3.82 sys=0.82, real=0.32 secs] 
2024-03-22T19:20:41.268+0800: 95316.689: [GC (Allocation Failure) 2024-03-22T19:20:41.268+0800: 95316.689: [ParNew: 20924573K->1306044K(22937600K), 0.2972092 secs] 57633244K->38051694K(130940928K), 0.2976403 secs] [Times: user=3.62 sys=0.69, real=0.29 secs] 
2024-03-22T19:20:51.280+0800: 95326.701: [GC (Allocation Failure) 2024-03-22T19:20:51.280+0800: 95326.701: [ParNew: 20966844K->1215525K(22937600K), 0.2825238 secs] 57712494K->37998436K(130940928K), 0.2829461 secs] [Times: user=3.84 sys=0.24, real=0.28 secs] 
2024-03-22T19:21:01.585+0800: 95337.006: [GC (Allocation Failure) 2024-03-22T19:21:01.586+0800: 95337.006: [ParNew: 20876325K->1270119K(22937600K), 0.2606980 secs] 57659236K->38088418K(130940928K), 0.2611421 secs] [Times: user=3.61 sys=0.07, real=0.26 secs] 
2024-03-22T19:21:11.160+0800: 95346.581: [GC (Allocation Failure) 2024-03-22T19:21:11.161+0800: 95346.581: [ParNew: 20930919K->1271236K(22937600K), 0.3519935 secs] 57749218K->38126609K(130940928K), 0.3524665 secs] [Times: user=4.18 sys=1.03, real=0.35 secs] 
2024-03-22T19:21:22.213+0800: 95357.634: [GC (Allocation Failure) 2024-03-22T19:21:22.213+0800: 95357.634: [ParNew: 20932036K->1360484K(22937600K), 0.3102879 secs] 57787409K->38254613K(130940928K), 0.3107337 secs] [Times: user=3.75 sys=0.81, real=0.31 secs] 
2024-03-22T19:21:30.953+0800: 95366.374: [GC (Allocation Failure) 2024-03-22T19:21:30.953+0800: 95366.374: [ParNew: 21021284K->1256137K(22937600K), 0.2768144 secs] 57915413K->38190474K(130940928K), 0.2772266 secs] [Times: user=3.66 sys=0.31, real=0.28 secs] 
2024-03-22T19:21:39.639+0800: 95375.059: [GC (Allocation Failure) 2024-03-22T19:21:39.639+0800: 95375.060: [ParNew: 20916937K->1360052K(22937600K), 0.2620950 secs] 57851274K->38333375K(130940928K), 0.2625176 secs] [Times: user=3.68 sys=0.06, real=0.26 secs] 
2024-03-22T19:21:49.347+0800: 95384.768: [GC (Allocation Failure) 2024-03-22T19:21:49.347+0800: 95384.768: [ParNew: 21020852K->1394584K(22937600K), 0.3347475 secs] 57994175K->38404635K(130940928K), 0.3352921 secs] [Times: user=3.90 sys=0.95, real=0.34 secs] 
2024-03-22T19:22:00.553+0800: 95395.973: [GC (Allocation Failure) 2024-03-22T19:22:00.553+0800: 95395.974: [ParNew: 21055384K->1292738K(22937600K), 0.3042579 secs] 58065435K->38341517K(130940928K), 0.3047016 secs] [Times: user=3.73 sys=0.69, real=0.30 secs] 
2024-03-22T19:22:10.629+0800: 95406.050: [GC (Allocation Failure) 2024-03-22T19:22:10.630+0800: 95406.051: [ParNew: 20953538K->1383503K(22937600K), 0.2727790 secs] 58002317K->38471735K(130940928K), 0.2732125 secs] [Times: user=3.73 sys=0.19, real=0.27 secs] 
2024-03-22T19:22:18.982+0800: 95414.403: [GC (Allocation Failure) 2024-03-22T19:22:18.982+0800: 95414.403: [ParNew: 21044303K->1369418K(22937600K), 0.2679245 secs] 58132535K->38497004K(130940928K), 0.2683702 secs] [Times: user=3.70 sys=0.07, real=0.27 secs] 
2024-03-22T19:22:27.926+0800: 95423.347: [GC (Allocation Failure) 2024-03-22T19:22:27.927+0800: 95423.347: [ParNew: 21030218K->1354444K(22937600K), 0.3359720 secs] 58157804K->38521925K(130940928K), 0.3364114 secs] [Times: user=4.10 sys=0.88, real=0.34 secs] 
2024-03-22T19:22:39.662+0800: 95435.083: [GC (Allocation Failure) 2024-03-22T19:22:39.662+0800: 95435.083: [ParNew: 21015244K->1297697K(22937600K), 0.2992900 secs] 58182725K->38506326K(130940928K), 0.2997240 secs] [Times: user=3.68 sys=0.66, real=0.30 secs] 
2024-03-22T19:22:50.574+0800: 95445.995: [GC (Allocation Failure) 2024-03-22T19:22:50.574+0800: 95445.995: [ParNew: 20958497K->1228161K(22937600K), 0.3317835 secs] 58167126K->38478115K(130940928K), 0.3322103 secs] [Times: user=4.63 sys=0.31, real=0.33 secs] 
2024-03-22T19:23:01.885+0800: 95457.306: [GC (Allocation Failure) 2024-03-22T19:23:01.885+0800: 95457.306: [ParNew: 20888961K->1355242K(22937600K), 0.2830073 secs] 58138915K->38644505K(130940928K), 0.2834385 secs] [Times: user=3.88 sys=0.19, real=0.29 secs] 
2024-03-22T19:23:11.347+0800: 95466.767: [GC (Allocation Failure) 2024-03-22T19:23:11.347+0800: 95466.768: [ParNew: 21016042K->1294575K(22937600K), 0.3155233 secs] 58305305K->38624888K(130940928K), 0.3159447 secs] [Times: user=3.69 sys=0.92, real=0.32 secs] 
2024-03-22T19:23:22.233+0800: 95477.653: [GC (Allocation Failure) 2024-03-22T19:23:22.233+0800: 95477.654: [ParNew: 20955375K->1230895K(22937600K), 0.3071374 secs] 58285688K->38602249K(130940928K), 0.3075992 secs] [Times: user=3.79 sys=0.65, real=0.31 secs] 
2024-03-22T19:23:32.735+0800: 95488.156: [GC (Allocation Failure) 2024-03-22T19:23:32.735+0800: 95488.156: [ParNew: 20891695K->1329973K(22937600K), 0.3344466 secs] 58263049K->38741905K(130940928K), 0.3349079 secs] [Times: user=4.68 sys=0.31, real=0.34 secs] 
2024-03-22T19:23:43.467+0800: 95498.887: [GC (Allocation Failure) 2024-03-22T19:23:43.467+0800: 95498.888: [ParNew: 20990773K->1309447K(22937600K), 0.2782240 secs] 58402705K->38761548K(130940928K), 0.2786528 secs] [Times: user=3.81 sys=0.17, real=0.28 secs] 
2024-03-22T19:23:53.864+0800: 95509.284: [GC (Allocation Failure) 2024-03-22T19:23:53.864+0800: 95509.285: [ParNew: 20970247K->1416156K(22937600K), 0.3411243 secs] 58422348K->38906654K(130940928K), 0.3416262 secs] [Times: user=3.82 sys=1.22, real=0.34 secs] 
2024-03-22T19:24:04.816+0800: 95520.237: [GC (Allocation Failure) 2024-03-22T19:24:04.816+0800: 95520.237: [ParNew: 21076956K->1302059K(22937600K), 0.3133932 secs] 58567454K->38833238K(130940928K), 0.3138559 secs] [Times: user=3.83 sys=0.76, real=0.32 secs] 
2024-03-22T19:24:15.230+0800: 95530.650: [GC (Allocation Failure) 2024-03-22T19:24:15.230+0800: 95530.651: [ParNew: 20962859K->1343028K(22937600K), 0.2740047 secs] 58494038K->38914662K(130940928K), 0.2744151 secs] [Times: user=3.72 sys=0.22, real=0.27 secs] 
2024-03-22T19:24:25.541+0800: 95540.962: [GC (Allocation Failure) 2024-03-22T19:24:25.541+0800: 95540.962: [ParNew: 21003828K->1317846K(22937600K), 0.2691646 secs] 58575462K->38931142K(130940928K), 0.2696309 secs] [Times: user=3.71 sys=0.13, real=0.27 secs] 
2024-03-22T19:24:34.661+0800: 95550.082: [GC (Allocation Failure) 2024-03-22T19:24:34.661+0800: 95550.082: [ParNew: 20978646K->1319495K(22937600K), 0.3211932 secs] 58591942K->38972329K(130940928K), 0.3216628 secs] [Times: user=3.70 sys=0.99, real=0.32 secs] 
2024-03-22T19:24:46.297+0800: 95561.718: [GC (Allocation Failure) 2024-03-22T19:24:46.297+0800: 95561.718: [ParNew: 20980295K->1367757K(22937600K), 0.3062450 secs] 58633129K->39060224K(130940928K), 0.3067041 secs] [Times: user=3.75 sys=0.76, real=0.31 secs] 
2024-03-22T19:24:54.853+0800: 95570.274: [GC (Allocation Failure) 2024-03-22T19:24:54.853+0800: 95570.274: [ParNew: 21028557K->1388425K(22937600K), 0.2904291 secs] 58721024K->39120801K(130940928K), 0.2908656 secs] [Times: user=3.88 sys=0.24, real=0.29 secs] 
2024-03-22T19:25:03.961+0800: 95579.382: [GC (Allocation Failure) 2024-03-22T19:25:03.961+0800: 95579.382: [ParNew: 21049225K->1390876K(22937600K), 0.2750744 secs] 58781601K->39164670K(130940928K), 0.2755264 secs] [Times: user=3.81 sys=0.11, real=0.27 secs] 
2024-03-22T19:25:13.589+0800: 95589.010: [GC (Allocation Failure) 2024-03-22T19:25:13.590+0800: 95589.011: [ParNew: 21051676K->1383708K(22937600K), 0.3871546 secs] 58825470K->39199302K(130940928K), 0.3875426 secs] [Times: user=3.88 sys=1.97, real=0.38 secs] 
2024-03-22T19:25:26.122+0800: 95601.543: [GC (Allocation Failure) 2024-03-22T19:25:26.122+0800: 95601.543: [ParNew: 21044508K->1364965K(22937600K), 0.3176266 secs] 58860102K->39220775K(130940928K), 0.3179978 secs] [Times: user=3.81 sys=0.76, real=0.32 secs] 
2024-03-22T19:25:38.147+0800: 95613.568: [GC (Allocation Failure) 2024-03-22T19:25:38.147+0800: 95613.568: [ParNew: 21025765K->1379638K(22937600K), 0.3128271 secs] 58881575K->39278515K(130940928K), 0.3132366 secs] [Times: user=4.17 sys=0.28, real=0.32 secs] 
2024-03-22T19:25:46.879+0800: 95622.300: [GC (Allocation Failure) 2024-03-22T19:25:46.880+0800: 95622.300: [ParNew: 21040438K->1308800K(22937600K), 0.2678123 secs] 58939315K->39250828K(130940928K), 0.2682390 secs] [Times: user=3.72 sys=0.08, real=0.27 secs] 
2024-03-22T19:25:55.909+0800: 95631.329: [GC (Allocation Failure) 2024-03-22T19:25:55.909+0800: 95631.330: [ParNew: 20969600K->1355615K(22937600K), 0.3492915 secs] 58911628K->39342419K(130940928K), 0.3497299 secs] [Times: user=4.12 sys=1.09, real=0.35 secs] 
2024-03-22T19:26:05.629+0800: 95641.050: [GC (Allocation Failure) 2024-03-22T19:26:05.629+0800: 95641.050: [ParNew: 21016415K->1269267K(22937600K), 0.3056013 secs] 59003219K->39298418K(130940928K), 0.3060066 secs] [Times: user=3.81 sys=0.71, real=0.30 secs] 
2024-03-22T19:26:17.974+0800: 95653.394: [GC (Allocation Failure) 2024-03-22T19:26:17.974+0800: 95653.395: [ParNew: 20930067K->1364505K(22937600K), 0.2816490 secs] 58959218K->39437392K(130940928K), 0.2820495 secs] [Times: user=3.81 sys=0.32, real=0.28 secs] 
2024-03-22T19:26:26.150+0800: 95661.571: [GC (Allocation Failure) 2024-03-22T19:26:26.150+0800: 95661.571: [ParNew: 21025305K->1327656K(22937600K), 0.2663592 secs] 59098192K->39444395K(130940928K), 0.2667637 secs] [Times: user=3.72 sys=0.14, real=0.26 secs] 
2024-03-22T19:26:35.076+0800: 95670.497: [GC (Allocation Failure) 2024-03-22T19:26:35.077+0800: 95670.498: [ParNew: 20988456K->1175099K(22937600K), 0.3429355 secs] 59105195K->39336172K(130940928K), 0.3433885 secs] [Times: user=3.76 sys=1.47, real=0.35 secs] 
2024-03-22T19:26:45.516+0800: 95680.937: [GC (Allocation Failure) 2024-03-22T19:26:45.516+0800: 95680.937: [ParNew: 20835899K->1212164K(22937600K), 0.2812759 secs] 58996972K->39416635K(130940928K), 0.2816974 secs] [Times: user=3.69 sys=0.46, real=0.29 secs] 
2024-03-22T19:26:53.373+0800: 95688.794: [GC (Allocation Failure) 2024-03-22T19:26:53.373+0800: 95688.794: [ParNew: 20872964K->1273265K(22937600K), 0.2672695 secs] 59077435K->39519299K(130940928K), 0.2676618 secs] [Times: user=3.77 sys=0.14, real=0.27 secs] 
2024-03-22T19:27:03.051+0800: 95698.472: [GC (Allocation Failure) 2024-03-22T19:27:03.051+0800: 95698.472: [ParNew: 20934065K->1164668K(22937600K), 0.3243459 secs] 59180099K->39451848K(130940928K), 0.3247646 secs] [Times: user=4.65 sys=0.22, real=0.32 secs] 
2024-03-22T19:27:14.021+0800: 95709.441: [GC (Allocation Failure) 2024-03-22T19:27:14.021+0800: 95709.442: [ParNew: 20825468K->1180801K(22937600K), 0.2574717 secs] 59112648K->39508667K(130940928K), 0.2578847 secs] [Times: user=3.62 sys=0.07, real=0.26 secs] 
2024-03-22T19:27:22.016+0800: 95717.437: [GC (Allocation Failure) 2024-03-22T19:27:22.017+0800: 95717.438: [ParNew: 20841601K->1327703K(22937600K), 0.3164034 secs] 59169467K->39695485K(130940928K), 0.3168554 secs] [Times: user=3.80 sys=0.90, real=0.32 secs] 
2024-03-22T19:27:32.136+0800: 95727.557: [GC (Allocation Failure) 2024-03-22T19:27:32.136+0800: 95727.557: [ParNew: 20988503K->1267205K(22937600K), 0.3021925 secs] 59356285K->39673291K(130940928K), 0.3026387 secs] [Times: user=3.94 sys=0.54, real=0.31 secs] 
2024-03-22T19:27:40.193+0800: 95735.614: [GC (Allocation Failure) 2024-03-22T19:27:40.193+0800: 95735.614: [ParNew: 20928005K->1232049K(22937600K), 0.2773405 secs] 59334091K->39677460K(130940928K), 0.2777510 secs] [Times: user=3.73 sys=0.31, real=0.28 secs] 
2024-03-22T19:27:49.423+0800: 95744.844: [GC (Allocation Failure) 2024-03-22T19:27:49.424+0800: 95744.844: [ParNew: 20892849K->1233204K(22937600K), 0.2622092 secs] 59338260K->39720118K(130940928K), 0.2626445 secs] [Times: user=3.62 sys=0.18, real=0.26 secs] 
2024-03-22T19:27:57.436+0800: 95752.857: [GC (Allocation Failure) 2024-03-22T19:27:57.436+0800: 95752.857: [ParNew: 20894004K->1203089K(22937600K), 0.2658559 secs] 59380918K->39732564K(130940928K), 0.2662921 secs] [Times: user=3.73 sys=0.06, real=0.27 secs] 
2024-03-22T19:28:05.637+0800: 95761.057: [GC (Allocation Failure) 2024-03-22T19:28:05.637+0800: 95761.058: [ParNew: 20863889K->1312583K(22937600K), 0.3214045 secs] 59393364K->39893676K(130940928K), 0.3219035 secs] [Times: user=3.73 sys=0.98, real=0.33 secs] 
2024-03-22T19:28:17.205+0800: 95772.626: [GC (Allocation Failure) 2024-03-22T19:28:17.205+0800: 95772.626: [ParNew: 20973383K->1184645K(22937600K), 0.3035572 secs] 59554476K->39816960K(130940928K), 0.3040215 secs] [Times: user=3.55 sys=0.88, real=0.31 secs] 
2024-03-22T19:28:25.506+0800: 95780.926: [GC (Allocation Failure) 2024-03-22T19:28:25.506+0800: 95780.927: [ParNew: 20845445K->1211104K(22937600K), 0.2747610 secs] 59477760K->39899516K(130940928K), 0.2752097 secs] [Times: user=3.77 sys=0.19, real=0.28 secs] 
2024-03-22T19:28:35.623+0800: 95791.044: [GC (Allocation Failure) 2024-03-22T19:28:35.624+0800: 95791.044: [ParNew: 20871904K->1111303K(22937600K), 0.2557330 secs] 59560316K->39842746K(130940928K), 0.2562058 secs] [Times: user=3.53 sys=0.10, real=0.26 secs] 
2024-03-22T19:28:43.888+0800: 95799.308: [GC (Allocation Failure) 2024-03-22T19:28:43.888+0800: 95799.309: [ParNew: 20772103K->1339950K(22937600K), 0.3147593 secs] 59503546K->40119210K(130940928K), 0.3152142 secs] [Times: user=3.79 sys=0.86, real=0.31 secs] 
2024-03-22T19:28:53.909+0800: 95809.330: [GC (Allocation Failure) 2024-03-22T19:28:53.910+0800: 95809.331: [ParNew: 21000750K->1165752K(22937600K), 0.3068269 secs] 59780010K->39992451K(130940928K), 0.3072804 secs] [Times: user=3.88 sys=0.64, real=0.30 secs] 
2024-03-22T19:29:02.449+0800: 95817.870: [GC (Allocation Failure) 2024-03-22T19:29:02.449+0800: 95817.870: [ParNew: 20826552K->1302193K(22937600K), 0.2748866 secs] 59653251K->40173031K(130940928K), 0.2753481 secs] [Times: user=3.60 sys=0.29, real=0.27 secs] 
2024-03-22T19:29:10.682+0800: 95826.103: [GC (Allocation Failure) 2024-03-22T19:29:10.682+0800: 95826.103: [ParNew: 20962993K->1286924K(22937600K), 0.2632672 secs] 59833831K->40200233K(130940928K), 0.2637048 secs] [Times: user=3.57 sys=0.15, real=0.26 secs] 
2024-03-22T19:29:20.030+0800: 95835.451: [GC (Allocation Failure) 2024-03-22T19:29:20.030+0800: 95835.451: [ParNew: 20947724K->1216124K(22937600K), 0.2977606 secs] 59861033K->40167821K(130940928K), 0.2981955 secs] [Times: user=3.57 sys=0.83, real=0.30 secs] 
2024-03-22T19:29:29.712+0800: 95845.133: [GC (Allocation Failure) 2024-03-22T19:29:29.713+0800: 95845.133: [ParNew: 20876924K->1162148K(22937600K), 0.3127463 secs] 59828621K->40151732K(130940928K), 0.3131921 secs] [Times: user=4.37 sys=0.19, real=0.31 secs] 
2024-03-22T19:29:39.196+0800: 95854.617: [GC (Allocation Failure) 2024-03-22T19:29:39.196+0800: 95854.617: [ParNew: 20822948K->1196090K(22937600K), 0.3347099 secs] 59812532K->40224039K(130940928K), 0.3350502 secs] [Times: user=4.43 sys=0.50, real=0.34 secs] 
2024-03-22T19:29:47.389+0800: 95862.810: [GC (Allocation Failure) 2024-03-22T19:29:47.390+0800: 95862.810: [ParNew: 20856890K->1221089K(22937600K), 0.3272878 secs] 59884839K->40282051K(130940928K), 0.3276298 secs] [Times: user=4.41 sys=0.32, real=0.32 secs] 
2024-03-22T19:29:55.555+0800: 95870.976: [GC (Allocation Failure) 2024-03-22T19:29:55.555+0800: 95870.976: [ParNew: 20881889K->1229687K(22937600K), 0.2528671 secs] 59942851K->40327217K(130940928K), 0.2532875 secs] [Times: user=3.43 sys=0.14, real=0.26 secs] 
2024-03-22T19:30:05.652+0800: 95881.073: [GC (Allocation Failure) 2024-03-22T19:30:05.652+0800: 95881.073: [ParNew: 20890487K->1330652K(22937600K), 0.3141104 secs] 59988017K->40462311K(130940928K), 0.3145304 secs] [Times: user=3.66 sys=0.96, real=0.31 secs] 
2024-03-22T19:30:15.804+0800: 95891.225: [GC (Allocation Failure) 2024-03-22T19:30:15.804+0800: 95891.225: [ParNew: 20991452K->1259728K(22937600K), 0.2884898 secs] 60123111K->40429276K(130940928K), 0.2889046 secs] [Times: user=3.55 sys=0.65, real=0.29 secs] 
2024-03-22T19:30:24.777+0800: 95900.198: [GC (Allocation Failure) 2024-03-22T19:30:24.778+0800: 95900.198: [ParNew: 20920528K->1198490K(22937600K), 0.2759409 secs] 60090076K->40405731K(130940928K), 0.2763511 secs] [Times: user=3.77 sys=0.20, real=0.28 secs] 
2024-03-22T19:30:34.105+0800: 95909.526: [GC (Allocation Failure) 2024-03-22T19:30:34.105+0800: 95909.526: [ParNew: 20859290K->1236991K(22937600K), 0.2717724 secs] 60066531K->40482627K(130940928K), 0.2721852 secs] [Times: user=3.70 sys=0.19, real=0.27 secs] 
2024-03-22T19:30:45.199+0800: 95920.620: [GC (Allocation Failure) 2024-03-22T19:30:45.200+0800: 95920.620: [ParNew: 20897791K->1306278K(22937600K), 0.3085805 secs] 60143427K->40593632K(130940928K), 0.3090771 secs] [Times: user=3.67 sys=0.86, real=0.31 secs] 
2024-03-22T19:30:59.745+0800: 95935.166: [GC (Allocation Failure) 2024-03-22T19:30:59.745+0800: 95935.166: [ParNew: 20967078K->1135589K(22937600K), 0.3921475 secs] 60254432K->40463757K(130940928K), 0.3926203 secs] [Times: user=5.29 sys=0.74, real=0.40 secs] 
2024-03-22T19:31:10.910+0800: 95946.331: [GC (Allocation Failure) 2024-03-22T19:31:10.910+0800: 95946.331: [ParNew: 20796389K->1199115K(22937600K), 0.2799394 secs] 60124557K->40569124K(130940928K), 0.2803942 secs] [Times: user=3.74 sys=0.26, real=0.28 secs] 
2024-03-22T19:31:20.847+0800: 95956.268: [GC (Allocation Failure) 2024-03-22T19:31:20.847+0800: 95956.268: [ParNew: 20859915K->1262644K(22937600K), 0.2641517 secs] 60229924K->40672968K(130940928K), 0.2646076 secs] [Times: user=3.51 sys=0.19, real=0.27 secs] 
2024-03-22T19:31:32.121+0800: 95967.542: [GC (Allocation Failure) 2024-03-22T19:31:32.122+0800: 95967.542: [ParNew: 20923444K->1211886K(22937600K), 0.3269127 secs] 60333768K->40660568K(130940928K), 0.3274279 secs] [Times: user=3.79 sys=0.93, real=0.33 secs] 
2024-03-22T19:31:44.032+0800: 95979.452: [GC (Allocation Failure) 2024-03-22T19:31:44.032+0800: 95979.453: [ParNew: 20872686K->1251024K(22937600K), 0.3081232 secs] 60321368K->40738595K(130940928K), 0.3084575 secs] [Times: user=3.58 sys=0.76, real=0.31 secs] 
2024-03-22T19:31:53.209+0800: 95988.629: [GC (Allocation Failure) 2024-03-22T19:31:53.209+0800: 95988.630: [ParNew: 20911824K->1232390K(22937600K), 0.2926477 secs] 60399395K->40758181K(130940928K), 0.2930230 secs] [Times: user=3.65 sys=0.31, real=0.29 secs] 
2024-03-22T19:32:02.475+0800: 95997.896: [GC (Allocation Failure) 2024-03-22T19:32:02.475+0800: 95997.896: [ParNew: 20893190K->1219517K(22937600K), 0.2683301 secs] 60418981K->40784900K(130940928K), 0.2687648 secs] [Times: user=3.68 sys=0.04, real=0.27 secs] 
2024-03-22T19:32:13.162+0800: 96008.583: [GC (Allocation Failure) 2024-03-22T19:32:13.162+0800: 96008.583: [ParNew: 20880317K->1330077K(22937600K), 0.3215868 secs] 60445700K->40933886K(130940928K), 0.3220201 secs] [Times: user=3.63 sys=1.00, real=0.32 secs] 
2024-03-22T19:32:25.637+0800: 96021.058: [GC (Allocation Failure) 2024-03-22T19:32:25.637+0800: 96021.058: [ParNew: 20990877K->1172536K(22937600K), 0.4084915 secs] 60594686K->40815894K(130940928K), 0.4089342 secs] [Times: user=5.67 sys=0.70, real=0.41 secs] 
2024-03-22T19:32:34.992+0800: 96030.413: [GC (Allocation Failure) 2024-03-22T19:32:34.992+0800: 96030.413: [ParNew: 20833336K->1197103K(22937600K), 0.2799352 secs] 60476694K->40880159K(130940928K), 0.2803652 secs] [Times: user=3.78 sys=0.19, real=0.28 secs] 
2024-03-22T19:32:44.872+0800: 96040.293: [GC (Allocation Failure) 2024-03-22T19:32:44.872+0800: 96040.293: [ParNew: 20857903K->1282371K(22937600K), 0.2643753 secs] 60540959K->41004122K(130940928K), 0.2648129 secs] [Times: user=3.60 sys=0.03, real=0.26 secs] 
2024-03-22T19:32:53.907+0800: 96049.327: [GC (Allocation Failure) 2024-03-22T19:32:53.907+0800: 96049.328: [ParNew: 20943171K->1338342K(22937600K), 0.3195988 secs] 60664922K->41099021K(130940928K), 0.3201124 secs] [Times: user=3.66 sys=0.96, real=0.32 secs] 
2024-03-22T19:33:05.298+0800: 96060.718: [GC (Allocation Failure) 2024-03-22T19:33:05.298+0800: 96060.719: [ParNew: 20999142K->1291000K(22937600K), 0.2864495 secs] 60759821K->41089223K(130940928K), 0.2868975 secs] [Times: user=3.39 sys=0.80, real=0.28 secs] 
2024-03-22T19:33:14.642+0800: 96070.063: [GC (Allocation Failure) 2024-03-22T19:33:14.643+0800: 96070.063: [ParNew: 20951800K->1338640K(22937600K), 0.2670774 secs] 60750023K->41174371K(130940928K), 0.2675521 secs] [Times: user=3.58 sys=0.26, real=0.27 secs] 
2024-03-22T19:33:23.230+0800: 96078.651: [GC (Allocation Failure) 2024-03-22T19:33:23.230+0800: 96078.651: [ParNew: 20999440K->1378538K(22937600K), 0.2620046 secs] 60835171K->41252022K(130940928K), 0.2624974 secs] [Times: user=3.54 sys=0.13, real=0.26 secs] 
2024-03-22T19:33:31.594+0800: 96087.015: [GC (Allocation Failure) 2024-03-22T19:33:31.595+0800: 96087.015: [ParNew: 21039338K->1332983K(22937600K), 0.3057008 secs] 60912822K->41243270K(130940928K), 0.3061865 secs] [Times: user=3.63 sys=0.83, real=0.31 secs] 
2024-03-22T19:33:43.065+0800: 96098.486: [GC (Allocation Failure) 2024-03-22T19:33:43.065+0800: 96098.486: [ParNew: 20993783K->1384569K(22937600K), 0.2896483 secs] 60904070K->41333774K(130940928K), 0.2901133 secs] [Times: user=3.88 sys=0.58, real=0.29 secs] 
2024-03-22T19:33:51.999+0800: 96107.420: [GC (Allocation Failure) 2024-03-22T19:33:52.000+0800: 96107.420: [ParNew: 21045369K->1296898K(22937600K), 0.2748342 secs] 60994574K->41289775K(130940928K), 0.2752770 secs] [Times: user=3.92 sys=0.24, real=0.27 secs] 
2024-03-22T19:34:01.289+0800: 96116.710: [GC (Allocation Failure) 2024-03-22T19:34:01.290+0800: 96116.711: [ParNew: 20957698K->1287834K(22937600K), 0.2692859 secs] 60950575K->41322386K(130940928K), 0.2697189 secs] [Times: user=3.89 sys=0.22, real=0.27 secs] 
2024-03-22T19:34:11.275+0800: 96126.696: [GC (Allocation Failure) 2024-03-22T19:34:11.275+0800: 96126.696: [ParNew: 20948634K->1324296K(22937600K), 0.2567786 secs] 60983186K->41401730K(130940928K), 0.2573354 secs] [Times: user=3.93 sys=0.00, real=0.26 secs] 
2024-03-22T19:34:20.326+0800: 96135.747: [GC (Allocation Failure) 2024-03-22T19:34:20.326+0800: 96135.747: [ParNew: 20985096K->1340974K(22937600K), 0.3857052 secs] 61062530K->41461100K(130940928K), 0.3861777 secs] [Times: user=5.23 sys=1.02, real=0.39 secs] 
2024-03-22T19:34:33.204+0800: 96148.625: [GC (Allocation Failure) 2024-03-22T19:34:33.204+0800: 96148.625: [ParNew: 21001774K->1168445K(22937600K), 0.3091532 secs] 61121900K->41330983K(130940928K), 0.3096162 secs] [Times: user=3.70 sys=0.89, real=0.31 secs] 
2024-03-22T19:34:45.028+0800: 96160.449: [GC (Allocation Failure) 2024-03-22T19:34:45.028+0800: 96160.449: [ParNew: 20829245K->1234122K(22937600K), 0.2714880 secs] 60991783K->41439436K(130940928K), 0.2719211 secs] [Times: user=3.57 sys=0.37, real=0.27 secs] 
2024-03-22T19:34:54.669+0800: 96170.090: [GC (Allocation Failure) 2024-03-22T19:34:54.669+0800: 96170.090: [ParNew: 20894922K->1235300K(22937600K), 0.2661911 secs] 61100236K->41479914K(130940928K), 0.2666332 secs] [Times: user=3.75 sys=0.06, real=0.27 secs] 
2024-03-22T19:35:05.762+0800: 96181.182: [GC (Allocation Failure) 2024-03-22T19:35:05.762+0800: 96181.183: [ParNew: 20896100K->1321480K(22937600K), 0.3570371 secs] 61140714K->41608593K(130940928K), 0.3575261 secs] [Times: user=3.63 sys=1.63, real=0.36 secs] 
2024-03-22T19:35:18.080+0800: 96193.501: [GC (Allocation Failure) 2024-03-22T19:35:18.080+0800: 96193.501: [ParNew: 20982280K->1248906K(22937600K), 0.3908732 secs] 61269393K->41577997K(130940928K), 0.3913028 secs] [Times: user=5.04 sys=0.98, real=0.39 secs] 
2024-03-22T19:35:29.731+0800: 96205.152: [GC (Allocation Failure) 2024-03-22T19:35:29.731+0800: 96205.152: [ParNew: 20909706K->1207620K(22937600K), 0.2657374 secs] 61238797K->41580875K(130940928K), 0.2661520 secs] [Times: user=3.55 sys=0.27, real=0.26 secs] 
2024-03-22T19:35:39.332+0800: 96214.753: [GC (Allocation Failure) 2024-03-22T19:35:39.332+0800: 96214.753: [ParNew: 20868420K->1185839K(22937600K), 0.2470571 secs] 61241675K->41602579K(130940928K), 0.2475266 secs] [Times: user=3.46 sys=0.02, real=0.25 secs] 
2024-03-22T19:35:53.406+0800: 96228.827: [GC (Allocation Failure) 2024-03-22T19:35:53.406+0800: 96228.827: [ParNew: 20846639K->1263442K(22937600K), 0.3301857 secs] 61263379K->41720584K(130940928K), 0.3306637 secs] [Times: user=3.54 sys=1.43, real=0.33 secs] 
2024-03-22T19:36:02.120+0800: 96237.541: [GC (Allocation Failure) 2024-03-22T19:36:02.120+0800: 96237.541: [ParNew: 20924242K->1132971K(22937600K), 0.2680888 secs] 61381384K->41630532K(130940928K), 0.2685073 secs] [Times: user=3.50 sys=0.31, real=0.27 secs] 
2024-03-22T19:36:12.020+0800: 96247.441: [GC (Allocation Failure) 2024-03-22T19:36:12.020+0800: 96247.441: [ParNew: 20793771K->1134179K(22937600K), 0.2640595 secs] 61291332K->41671860K(130940928K), 0.2645026 secs] [Times: user=3.41 sys=0.28, real=0.26 secs] 
2024-03-22T19:36:20.743+0800: 96256.164: [GC (Allocation Failure) 2024-03-22T19:36:20.743+0800: 96256.164: [ParNew: 20794979K->1264823K(22937600K), 0.3535538 secs] 61332660K->41839087K(130940928K), 0.3539879 secs] [Times: user=5.32 sys=0.06, real=0.35 secs] 
2024-03-22T19:36:30.208+0800: 96265.628: [GC (Allocation Failure) 2024-03-22T19:36:30.208+0800: 96265.629: [ParNew: 20925623K->1253096K(22937600K), 0.3197233 secs] 61499887K->41867336K(130940928K), 0.3201802 secs] [Times: user=3.80 sys=0.92, real=0.32 secs] 
2024-03-22T19:36:40.981+0800: 96276.401: [GC (Allocation Failure) 2024-03-22T19:36:40.981+0800: 96276.402: [ParNew: 20913896K->1149474K(22937600K), 0.2877033 secs] 61528136K->41803734K(130940928K), 0.2881604 secs] [Times: user=3.67 sys=0.58, real=0.29 secs] 
2024-03-22T19:36:49.581+0800: 96285.002: [GC (Allocation Failure) 2024-03-22T19:36:49.581+0800: 96285.002: [ParNew: 20810274K->1139436K(22937600K), 0.2634299 secs] 61464534K->41831613K(130940928K), 0.2638725 secs] [Times: user=3.48 sys=0.28, real=0.26 secs] 
2024-03-22T19:36:58.463+0800: 96293.884: [GC (Allocation Failure) 2024-03-22T19:36:58.463+0800: 96293.884: [ParNew: 20800236K->1205406K(22937600K), 0.2453580 secs] 61492413K->41934560K(130940928K), 0.2458006 secs] [Times: user=3.33 sys=0.14, real=0.25 secs] 
2024-03-22T19:37:06.184+0800: 96301.605: [GC (Allocation Failure) 2024-03-22T19:37:06.184+0800: 96301.605: [ParNew: 20866206K->1200988K(22937600K), 0.2504715 secs] 61595360K->41965329K(130940928K), 0.2508755 secs] [Times: user=3.51 sys=0.02, real=0.25 secs] 
2024-03-22T19:37:14.224+0800: 96309.645: [GC (Allocation Failure) 2024-03-22T19:37:14.225+0800: 96309.645: [ParNew: 20861788K->1154401K(22937600K), 0.3116279 secs] 61626129K->41953264K(130940928K), 0.3120912 secs] [Times: user=3.58 sys=0.95, real=0.31 secs] 
2024-03-22T19:37:24.166+0800: 96319.587: [GC (Allocation Failure) 2024-03-22T19:37:24.166+0800: 96319.587: [ParNew: 20815201K->1239311K(22937600K), 0.2906028 secs] 61614064K->42074221K(130940928K), 0.2910728 secs] [Times: user=3.43 sys=0.79, real=0.29 secs] 
2024-03-22T19:37:33.071+0800: 96328.492: [GC (Allocation Failure) 2024-03-22T19:37:33.071+0800: 96328.492: [ParNew: 20900111K->1134297K(22937600K), 0.2720110 secs] 61735021K->42007112K(130940928K), 0.2724575 secs] [Times: user=3.49 sys=0.29, real=0.27 secs] 
2024-03-22T19:37:43.766+0800: 96339.187: [GC (Allocation Failure) 2024-03-22T19:37:43.766+0800: 96339.187: [ParNew: 20795097K->1218494K(22937600K), 0.2532710 secs] 61667912K->42127451K(130940928K), 0.2537215 secs] [Times: user=3.34 sys=0.19, real=0.26 secs] 
2024-03-22T19:37:52.957+0800: 96348.378: [GC (Allocation Failure) 2024-03-22T19:37:52.957+0800: 96348.378: [ParNew: 20879294K->1239439K(22937600K), 0.3204007 secs] 61788251K->42182470K(130940928K), 0.3209248 secs] [Times: user=3.90 sys=0.69, real=0.33 secs] 
2024-03-22T19:38:05.637+0800: 96361.058: [GC (Allocation Failure) 2024-03-22T19:38:05.637+0800: 96361.058: [ParNew: 20900239K->1249653K(22937600K), 0.2930231 secs] 61843270K->42228088K(130940928K), 0.2934539 secs] [Times: user=3.54 sys=0.74, real=0.30 secs] 
2024-03-22T19:38:17.598+0800: 96373.019: [GC (Allocation Failure) 2024-03-22T19:38:17.598+0800: 96373.019: [ParNew: 20910453K->1135708K(22937600K), 0.3508818 secs] 61888888K->42148036K(130940928K), 0.3513194 secs] [Times: user=4.94 sys=0.36, real=0.35 secs] 
2024-03-22T19:38:28.133+0800: 96383.554: [GC (Allocation Failure) 2024-03-22T19:38:28.133+0800: 96383.554: [ParNew: 20796508K->1220293K(22937600K), 0.2718912 secs] 61808836K->42268664K(130940928K), 0.2723305 secs] [Times: user=3.71 sys=0.13, real=0.27 secs] 
2024-03-22T19:38:37.584+0800: 96393.005: [GC (Allocation Failure) 2024-03-22T19:38:37.585+0800: 96393.005: [ParNew: 20881093K->1256535K(22937600K), 0.3167406 secs] 61929464K->42340566K(130940928K), 0.3172859 secs] [Times: user=3.69 sys=0.91, real=0.32 secs] 
2024-03-22T19:38:49.114+0800: 96404.534: [GC (Allocation Failure) 2024-03-22T19:38:49.114+0800: 96404.535: [ParNew: 20917335K->1223485K(22937600K), 0.3032639 secs] 62001366K->42342618K(130940928K), 0.3037299 secs] [Times: user=3.83 sys=0.64, real=0.30 secs] 
2024-03-22T19:38:58.019+0800: 96413.439: [GC (Allocation Failure) 2024-03-22T19:38:58.019+0800: 96413.440: [ParNew: 20884285K->1216478K(22937600K), 0.2765623 secs] 62003418K->42371508K(130940928K), 0.2770183 secs] [Times: user=3.58 sys=0.29, real=0.27 secs] 
2024-03-22T19:39:06.891+0800: 96422.312: [GC (Allocation Failure) 2024-03-22T19:39:06.892+0800: 96422.312: [ParNew: 20877278K->1321177K(22937600K), 0.2590794 secs] 62032308K->42514914K(130940928K), 0.2595317 secs] [Times: user=3.52 sys=0.10, real=0.26 secs] 
2024-03-22T19:39:16.746+0800: 96432.166: [GC (Allocation Failure) 2024-03-22T19:39:16.746+0800: 96432.167: [ParNew: 20981977K->1459036K(22937600K), 0.3493909 secs] 62175714K->42690543K(130940928K), 0.3499664 secs] [Times: user=3.76 sys=0.84, real=0.35 secs] 
2024-03-22T19:39:27.341+0800: 96442.762: [GC (Allocation Failure) 2024-03-22T19:39:27.342+0800: 96442.762: [ParNew: 21119836K->1255868K(22937600K), 0.2854676 secs] 62351343K->42524415K(130940928K), 0.2859397 secs] [Times: user=3.65 sys=0.54, real=0.28 secs] 
2024-03-22T19:39:35.365+0800: 96450.785: [GC (Allocation Failure) 2024-03-22T19:39:35.365+0800: 96450.786: [ParNew: 20916668K->1341282K(22937600K), 0.2707870 secs] 62185215K->42648875K(130940928K), 0.2712218 secs] [Times: user=3.56 sys=0.30, real=0.27 secs] 
2024-03-22T19:39:44.944+0800: 96460.365: [GC (Allocation Failure) 2024-03-22T19:39:44.944+0800: 96460.365: [ParNew: 21002082K->1278485K(22937600K), 0.2896115 secs] 62309675K->42624085K(130940928K), 0.2900570 secs] [Times: user=3.93 sys=0.22, real=0.29 secs] 
2024-03-22T19:39:54.164+0800: 96469.585: [GC (Allocation Failure) 2024-03-22T19:39:54.165+0800: 96469.586: [ParNew: 20939285K->1227338K(22937600K), 0.2595872 secs] 62284885K->42610959K(130940928K), 0.2600816 secs] [Times: user=3.59 sys=0.08, real=0.26 secs] 
2024-03-22T19:40:03.221+0800: 96478.642: [GC (Allocation Failure) 2024-03-22T19:40:03.222+0800: 96478.642: [ParNew: 20888138K->1269787K(22937600K), 0.3342926 secs] 62271759K->42696848K(130940928K), 0.3348283 secs] [Times: user=3.79 sys=1.10, real=0.33 secs] 
2024-03-22T19:40:15.023+0800: 96490.444: [GC (Allocation Failure) 2024-03-22T19:40:15.024+0800: 96490.444: [ParNew: 20930587K->1239162K(22937600K), 0.3117070 secs] 62357648K->42709832K(130940928K), 0.3121555 secs] [Times: user=3.69 sys=0.85, real=0.31 secs] 
2024-03-22T19:40:25.740+0800: 96501.160: [GC (Allocation Failure) 2024-03-22T19:40:25.740+0800: 96501.161: [ParNew: 20899962K->1268112K(22937600K), 0.2708053 secs] 62370632K->42786029K(130940928K), 0.2712441 secs] [Times: user=3.53 sys=0.31, real=0.27 secs] 
2024-03-22T19:40:35.015+0800: 96510.436: [GC (Allocation Failure) 2024-03-22T19:40:35.015+0800: 96510.436: [ParNew: 20928912K->1286340K(22937600K), 0.2703555 secs] 62446829K->42849480K(130940928K), 0.2708086 secs] [Times: user=3.64 sys=0.09, real=0.27 secs] 
2024-03-22T19:40:45.740+0800: 96521.160: [GC (Allocation Failure) 2024-03-22T19:40:45.740+0800: 96521.161: [ParNew: 20947140K->1256179K(22937600K), 0.3285861 secs] 62510280K->42861132K(130940928K), 0.3290746 secs] [Times: user=3.71 sys=0.92, real=0.33 secs] 
2024-03-22T19:40:58.927+0800: 96534.347: [GC (Allocation Failure) 2024-03-22T19:40:58.927+0800: 96534.348: [ParNew: 20916979K->1344096K(22937600K), 0.2999830 secs] 62521932K->42991777K(130940928K), 0.3004516 secs] [Times: user=3.64 sys=0.73, real=0.30 secs] 
2024-03-22T19:41:08.090+0800: 96543.511: [GC (Allocation Failure) 2024-03-22T19:41:08.090+0800: 96543.511: [ParNew: 21004896K->1212447K(22937600K), 0.2789991 secs] 62652577K->42904663K(130940928K), 0.2794805 secs] [Times: user=3.63 sys=0.24, real=0.28 secs] 
2024-03-22T19:41:20.710+0800: 96556.131: [GC (Allocation Failure) 2024-03-22T19:41:20.710+0800: 96556.131: [ParNew: 20873247K->1347746K(22937600K), 0.2553555 secs] 62565463K->43081594K(130940928K), 0.2558232 secs] [Times: user=3.57 sys=0.08, real=0.25 secs] 
2024-03-22T19:41:31.459+0800: 96566.880: [GC (Allocation Failure) 2024-03-22T19:41:31.459+0800: 96566.880: [ParNew: 21008546K->1270155K(22937600K), 0.3326728 secs] 62742394K->43048177K(130940928K), 0.3331480 secs] [Times: user=3.65 sys=1.13, real=0.33 secs] 
2024-03-22T19:41:42.015+0800: 96577.436: [GC (Allocation Failure) 2024-03-22T19:41:42.015+0800: 96577.436: [ParNew: 20930955K->1252246K(22937600K), 0.2951099 secs] 62708977K->43071362K(130940928K), 0.2954999 secs] [Times: user=3.61 sys=0.61, real=0.30 secs] 
2024-03-22T19:41:53.339+0800: 96588.760: [GC (Allocation Failure) 2024-03-22T19:41:53.340+0800: 96588.760: [ParNew: 20913046K->1280014K(22937600K), 0.2726507 secs] 62732162K->43138680K(130940928K), 0.2731086 secs] [Times: user=3.91 sys=0.27, real=0.27 secs] 
2024-03-22T19:42:01.954+0800: 96597.374: [GC (Allocation Failure) 2024-03-22T19:42:01.954+0800: 96597.375: [ParNew: 20940814K->1200668K(22937600K), 0.2566991 secs] 62799480K->43097229K(130940928K), 0.2571622 secs] [Times: user=3.57 sys=0.05, real=0.26 secs] 
2024-03-22T19:42:13.668+0800: 96609.089: [GC (Allocation Failure) 2024-03-22T19:42:13.668+0800: 96609.089: [ParNew: 20861468K->1303766K(22937600K), 0.3102069 secs] 62758029K->43240405K(130940928K), 0.3107485 secs] [Times: user=3.64 sys=0.94, real=0.31 secs] 
2024-03-22T19:42:23.695+0800: 96619.116: [GC (Allocation Failure) 2024-03-22T19:42:23.696+0800: 96619.116: [ParNew: 20964566K->1234315K(22937600K), 0.2854810 secs] 62901205K->43211741K(130940928K), 0.2859378 secs] [Times: user=3.56 sys=0.63, real=0.29 secs] 
2024-03-22T19:42:33.683+0800: 96629.104: [GC (Allocation Failure) 2024-03-22T19:42:33.684+0800: 96629.105: [ParNew: 20895115K->1193754K(22937600K), 0.2598200 secs] 62872541K->43210323K(130940928K), 0.2602835 secs] [Times: user=3.46 sys=0.28, real=0.26 secs] 
2024-03-22T19:42:42.604+0800: 96638.025: [GC (Allocation Failure) 2024-03-22T19:42:42.605+0800: 96638.025: [ParNew: 20854554K->1134766K(22937600K), 0.2537772 secs] 62871123K->43190286K(130940928K), 0.2542471 secs] [Times: user=3.51 sys=0.10, real=0.26 secs] 
2024-03-22T19:42:53.808+0800: 96649.229: [GC (Allocation Failure) 2024-03-22T19:42:53.808+0800: 96649.229: [ParNew: 20795566K->1262483K(22937600K), 0.3034304 secs] 62851086K->43357882K(130940928K), 0.3038889 secs] [Times: user=3.56 sys=0.88, real=0.30 secs] 
2024-03-22T19:43:05.094+0800: 96660.515: [GC (Allocation Failure) 2024-03-22T19:43:05.094+0800: 96660.515: [ParNew: 20923283K->1131035K(22937600K), 0.2860866 secs] 63018682K->43265519K(130940928K), 0.2865192 secs] [Times: user=3.66 sys=0.54, real=0.29 secs] 
2024-03-22T19:43:14.474+0800: 96669.895: [GC (Allocation Failure) 2024-03-22T19:43:14.474+0800: 96669.895: [ParNew: 20791835K->1209974K(22937600K), 0.2568518 secs] 62926319K->43386472K(130940928K), 0.2572948 secs] [Times: user=3.42 sys=0.26, real=0.26 secs] 
2024-03-22T19:43:23.645+0800: 96679.066: [GC (Allocation Failure) 2024-03-22T19:43:23.645+0800: 96679.066: [ParNew: 20870774K->1189127K(22937600K), 0.2593910 secs] 63047272K->43405960K(130940928K), 0.2598204 secs] [Times: user=3.41 sys=0.28, real=0.26 secs] 
2024-03-22T19:43:33.186+0800: 96688.606: [GC (Allocation Failure) 2024-03-22T19:43:33.186+0800: 96688.607: [ParNew: 20849927K->1289545K(22937600K), 0.3034924 secs] 63066760K->43546741K(130940928K), 0.3039680 secs] [Times: user=3.59 sys=0.83, real=0.31 secs] 
2024-03-22T19:43:45.666+0800: 96701.087: [GC (Allocation Failure) 2024-03-22T19:43:45.667+0800: 96701.088: [ParNew: 20950345K->1129616K(22937600K), 0.2755947 secs] 63207541K->43428826K(130940928K), 0.2760442 secs] [Times: user=3.51 sys=0.48, real=0.28 secs] 
2024-03-22T19:43:56.725+0800: 96712.146: [GC (Allocation Failure) 2024-03-22T19:43:56.726+0800: 96712.146: [ParNew: 20790416K->1057679K(22937600K), 0.2857857 secs] 63089626K->43398665K(130940928K), 0.2862309 secs] [Times: user=3.79 sys=0.32, real=0.29 secs] 
2024-03-22T19:44:05.225+0800: 96720.645: [GC (Allocation Failure) 2024-03-22T19:44:05.225+0800: 96720.646: [ParNew: 20718479K->1211519K(22937600K), 0.2654482 secs] 63059465K->43593446K(130940928K), 0.2658942 secs] [Times: user=3.47 sys=0.20, real=0.27 secs] 
2024-03-22T19:44:14.924+0800: 96730.345: [GC (Allocation Failure) 2024-03-22T19:44:14.924+0800: 96730.345: [ParNew: 20872319K->1104417K(22937600K), 0.2418716 secs] 63254246K->43525961K(130940928K), 0.2423754 secs] [Times: user=3.25 sys=0.12, real=0.24 secs] 
2024-03-22T19:44:22.837+0800: 96738.258: [GC (Allocation Failure) 2024-03-22T19:44:22.837+0800: 96738.258: [ParNew: 20765217K->1171599K(22937600K), 0.3119398 secs] 63186761K->43633380K(130940928K), 0.3123971 secs] [Times: user=3.66 sys=0.86, real=0.32 secs] 
2024-03-22T19:44:32.633+0800: 96748.054: [GC (Allocation Failure) 2024-03-22T19:44:32.633+0800: 96748.054: [ParNew: 20832399K->1150480K(22937600K), 0.2782379 secs] 63294180K->43651829K(130940928K), 0.2786968 secs] [Times: user=3.40 sys=0.66, real=0.28 secs] 
2024-03-22T19:44:41.308+0800: 96756.729: [GC (Allocation Failure) 2024-03-22T19:44:41.308+0800: 96756.729: [ParNew: 20811280K->1124836K(22937600K), 0.2609070 secs] 63312629K->43659770K(130940928K), 0.2613209 secs] [Times: user=3.88 sys=0.19, real=0.26 secs] 
2024-03-22T19:44:50.698+0800: 96766.119: [GC (Allocation Failure) 2024-03-22T19:44:50.698+0800: 96766.119: [ParNew: 20785636K->1146112K(22937600K), 0.2316582 secs] 63320570K->43712746K(130940928K), 0.2321139 secs] [Times: user=3.14 sys=0.17, real=0.23 secs] 
2024-03-22T19:44:58.498+0800: 96773.919: [GC (Allocation Failure) 2024-03-22T19:44:58.498+0800: 96773.919: [ParNew: 20806912K->1062028K(22937600K), 0.2785245 secs] 63373546K->43662659K(130940928K), 0.2789478 secs] [Times: user=3.59 sys=0.48, real=0.27 secs] 
2024-03-22T19:45:05.255+0800: 96780.675: [GC (Allocation Failure) 2024-03-22T19:45:05.255+0800: 96780.676: [ParNew: 20722828K->1222368K(22937600K), 0.2540158 secs] 63323459K->43854507K(130940928K), 0.2543511 secs] [Times: user=3.36 sys=0.16, real=0.26 secs] 
2024-03-22T19:45:14.661+0800: 96790.082: [GC (Allocation Failure) 2024-03-22T19:45:14.662+0800: 96790.082: [ParNew: 20883168K->1075991K(22937600K), 0.2781009 secs] 63515307K->43742804K(130940928K), 0.2785401 secs] [Times: user=3.62 sys=0.56, real=0.28 secs] 
2024-03-22T19:45:21.175+0800: 96796.596: [GC (Allocation Failure) 2024-03-22T19:45:21.175+0800: 96796.596: [ParNew: 20736791K->1049247K(22937600K), 0.2467521 secs] 63403604K->43750933K(130940928K), 0.2471910 secs] [Times: user=3.28 sys=0.30, real=0.25 secs] 
2024-03-22T19:45:29.208+0800: 96804.629: [GC (Allocation Failure) 2024-03-22T19:45:29.208+0800: 96804.629: [ParNew: 20710047K->1157715K(22937600K), 0.2574725 secs] 63411733K->43896755K(130940928K), 0.2578942 secs] [Times: user=3.51 sys=0.26, real=0.25 secs] 
2024-03-22T19:45:35.295+0800: 96810.716: [GC (Allocation Failure) 2024-03-22T19:45:35.295+0800: 96810.716: [ParNew: 20818515K->1082995K(22937600K), 0.2403996 secs] 63557555K->43858360K(130940928K), 0.2408468 secs] [Times: user=3.23 sys=0.14, real=0.24 secs] 
2024-03-22T19:45:43.127+0800: 96818.547: [GC (Allocation Failure) 2024-03-22T19:45:43.127+0800: 96818.548: [ParNew: 20743795K->1162146K(22937600K), 0.2969943 secs] 63519160K->43974395K(130940928K), 0.2974392 secs] [Times: user=3.46 sys=0.94, real=0.30 secs] 
2024-03-22T19:45:50.657+0800: 96826.078: [GC (Allocation Failure) 2024-03-22T19:45:50.657+0800: 96826.078: [ParNew: 20822946K->1081973K(22937600K), 0.2351735 secs] 63635195K->43933373K(130940928K), 0.2356027 secs] [Times: user=3.33 sys=0.00, real=0.24 secs] 
2024-03-22T19:45:56.959+0800: 96832.380: [GC (Allocation Failure) 2024-03-22T19:45:56.960+0800: 96832.380: [ParNew: 20742773K->1057911K(22937600K), 0.2668773 secs] 63594173K->43949592K(130940928K), 0.2673090 secs] [Times: user=3.43 sys=0.50, real=0.26 secs] 
2024-03-22T19:46:02.996+0800: 96838.417: [GC (Allocation Failure) 2024-03-22T19:46:02.996+0800: 96838.417: [ParNew: 20718711K->976009K(22937600K), 0.2960793 secs] 63610392K->43908286K(130940928K), 0.2964981 secs] [Times: user=4.29 sys=0.14, real=0.30 secs] 
2024-03-22T19:46:10.590+0800: 96846.011: [GC (Allocation Failure) 2024-03-22T19:46:10.590+0800: 96846.011: [ParNew: 20636809K->1044041K(22937600K), 0.2432889 secs] 63569086K->44014872K(130940928K), 0.2437085 secs] [Times: user=3.22 sys=0.27, real=0.24 secs] 
2024-03-22T19:46:18.856+0800: 96854.277: [GC (Allocation Failure) 2024-03-22T19:46:18.856+0800: 96854.277: [ParNew: 20704841K->1002796K(22937600K), 0.2334241 secs] 63675672K->44014354K(130940928K), 0.2338401 secs] [Times: user=3.20 sys=0.11, real=0.24 secs] 
2024-03-22T19:46:26.226+0800: 96861.647: [GC (Allocation Failure) 2024-03-22T19:46:26.227+0800: 96861.648: [ParNew: 20663596K->1012505K(22937600K), 0.3116955 secs] 63675154K->44060645K(130940928K), 0.3121847 secs] [Times: user=3.73 sys=0.97, real=0.32 secs] 
2024-03-22T19:46:34.534+0800: 96869.955: [GC (Allocation Failure) 2024-03-22T19:46:34.535+0800: 96869.955: [ParNew: 20673305K->985632K(22937600K), 0.2571934 secs] 63721445K->44067509K(130940928K), 0.2576248 secs] [Times: user=3.26 sys=0.49, real=0.26 secs] 
2024-03-22T19:46:44.788+0800: 96880.208: [GC (Allocation Failure) 2024-03-22T19:46:44.788+0800: 96880.209: [ParNew: 20646432K->920804K(22937600K), 0.2476922 secs] 63728309K->44037562K(130940928K), 0.2481078 secs] [Times: user=3.35 sys=0.28, real=0.24 secs] 
2024-03-22T19:46:51.690+0800: 96887.111: [GC (Allocation Failure) 2024-03-22T19:46:51.691+0800: 96887.111: [ParNew: 20581604K->1093823K(22937600K), 0.2579619 secs] 63698362K->44246666K(130940928K), 0.2583637 secs] [Times: user=3.51 sys=0.22, real=0.26 secs] 
2024-03-22T19:47:00.184+0800: 96895.605: [GC (Allocation Failure) 2024-03-22T19:47:00.184+0800: 96895.605: [ParNew: 20754623K->1040550K(22937600K), 0.2383949 secs] 63907466K->44227574K(130940928K), 0.2388594 secs] [Times: user=3.30 sys=0.11, real=0.24 secs] 
2024-03-22T19:47:06.959+0800: 96902.380: [GC (Allocation Failure) 2024-03-22T19:47:06.959+0800: 96902.380: [ParNew: 20701350K->1062568K(22937600K), 0.2839995 secs] 63888374K->44284096K(130940928K), 0.2844370 secs] [Times: user=3.37 sys=0.84, real=0.28 secs] 
2024-03-22T19:47:16.591+0800: 96912.012: [GC (Allocation Failure) 2024-03-22T19:47:16.592+0800: 96912.013: [ParNew: 20723368K->927647K(22937600K), 0.2596264 secs] 63944896K->44182810K(130940928K), 0.2601026 secs] [Times: user=3.35 sys=0.45, real=0.26 secs] 
2024-03-22T19:47:25.655+0800: 96921.075: [GC (Allocation Failure) 2024-03-22T19:47:25.655+0800: 96921.076: [ParNew: 20588447K->939150K(22937600K), 0.2660554 secs] 63843610K->44227027K(130940928K), 0.2665238 secs] [Times: user=3.58 sys=0.36, real=0.27 secs] 
2024-03-22T19:47:33.391+0800: 96928.812: [GC (Allocation Failure) 2024-03-22T19:47:33.392+0800: 96928.812: [ParNew: 20599950K->960264K(22937600K), 0.2562469 secs] 63887827K->44278894K(130940928K), 0.2566171 secs] [Times: user=3.34 sys=0.31, real=0.26 secs] 
2024-03-22T19:47:40.821+0800: 96936.242: [GC (Allocation Failure) 2024-03-22T19:47:40.822+0800: 96936.243: [ParNew: 20621064K->1031039K(22937600K), 0.2405298 secs] 63939694K->44381359K(130940928K), 0.2409925 secs] [Times: user=3.40 sys=0.07, real=0.24 secs] 
2024-03-22T19:47:49.340+0800: 96944.761: [GC (Allocation Failure) 2024-03-22T19:47:49.341+0800: 96944.762: [ParNew: 20691839K->936096K(22937600K), 0.2825517 secs] 64042159K->44319743K(130940928K), 0.2830099 secs] [Times: user=3.35 sys=0.87, real=0.28 secs] 
2024-03-22T19:47:58.458+0800: 96953.879: [GC (Allocation Failure) 2024-03-22T19:47:58.458+0800: 96953.879: [ParNew: 20596896K->1050490K(22937600K), 0.2527108 secs] 63980543K->44466110K(130940928K), 0.2531574 secs] [Times: user=3.39 sys=0.25, real=0.25 secs] 
2024-03-22T19:48:06.117+0800: 96961.538: [GC (Allocation Failure) 2024-03-22T19:48:06.118+0800: 96961.538: [ParNew: 20711290K->1032744K(22937600K), 0.2751570 secs] 64126910K->44480913K(130940928K), 0.2755776 secs] [Times: user=3.59 sys=0.55, real=0.28 secs] 
2024-03-22T19:48:12.963+0800: 96968.384: [GC (Allocation Failure) 2024-03-22T19:48:12.963+0800: 96968.384: [ParNew: 20693544K->1060997K(22937600K), 0.2487282 secs] 64141713K->44543524K(130940928K), 0.2491520 secs] [Times: user=3.41 sys=0.22, real=0.25 secs] 
2024-03-22T19:48:19.069+0800: 96974.489: [GC (Allocation Failure) 2024-03-22T19:48:19.069+0800: 96974.490: [ParNew: 20721797K->1096707K(22937600K), 0.2796558 secs] 64204324K->44611818K(130940928K), 0.2800641 secs] [Times: user=4.06 sys=0.17, real=0.28 secs] 
2024-03-22T19:48:25.450+0800: 96980.871: [GC (Allocation Failure) 2024-03-22T19:48:25.451+0800: 96980.871: [ParNew: 20757507K->1076097K(22937600K), 0.2448583 secs] 64272618K->44627487K(130940928K), 0.2452794 secs] [Times: user=3.42 sys=0.20, real=0.24 secs] 
2024-03-22T19:48:31.240+0800: 96986.661: [GC (Allocation Failure) 2024-03-22T19:48:31.240+0800: 96986.661: [ParNew: 20736897K->1010122K(22937600K), 0.2359256 secs] 64288287K->44596443K(130940928K), 0.2363533 secs] [Times: user=3.35 sys=0.10, real=0.23 secs] 
2024-03-22T19:48:36.303+0800: 96991.724: [GC (Allocation Failure) 2024-03-22T19:48:36.303+0800: 96991.724: [ParNew: 20670922K->1102623K(22937600K), 0.3083939 secs] 64257243K->44724616K(130940928K), 0.3088142 secs] [Times: user=3.62 sys=1.02, real=0.31 secs] 
2024-03-22T19:48:44.757+0800: 97000.177: [GC (Allocation Failure) 2024-03-22T19:48:44.757+0800: 97000.178: [ParNew: 20763423K->989214K(22937600K), 0.2591622 secs] 64385416K->44654637K(130940928K), 0.2596184 secs] [Times: user=3.36 sys=0.51, real=0.26 secs] 
2024-03-22T19:48:49.977+0800: 97005.397: [GC (Allocation Failure) 2024-03-22T19:48:49.977+0800: 97005.398: [ParNew: 20650014K->994092K(22937600K), 0.2433793 secs] 64315437K->44700102K(130940928K), 0.2437854 secs] [Times: user=3.27 sys=0.31, real=0.25 secs] 
2024-03-22T19:48:55.907+0800: 97011.328: [GC (Allocation Failure) 2024-03-22T19:48:55.907+0800: 97011.328: [ParNew: 20654892K->954066K(22937600K), 0.2381722 secs] 64360902K->44698659K(130940928K), 0.2385843 secs] [Times: user=3.35 sys=0.15, real=0.24 secs] 
2024-03-22T19:49:01.740+0800: 97017.160: [GC (Allocation Failure) 2024-03-22T19:49:01.740+0800: 97017.161: [ParNew: 20614866K->1084569K(22937600K), 0.2446758 secs] 64359459K->44869398K(130940928K), 0.2451161 secs] [Times: user=3.40 sys=0.22, real=0.24 secs] 
2024-03-22T19:49:08.587+0800: 97024.007: [GC (Allocation Failure) 2024-03-22T19:49:08.587+0800: 97024.008: [ParNew: 20745369K->1013040K(22937600K), 0.2329256 secs] 64530198K->44835252K(130940928K), 0.2333689 secs] [Times: user=3.29 sys=0.11, real=0.24 secs] 
2024-03-22T19:49:14.241+0800: 97029.662: [GC (Allocation Failure) 2024-03-22T19:49:14.242+0800: 97029.663: [ParNew: 20673840K->1032464K(22937600K), 0.3104169 secs] 64496052K->44896947K(130940928K), 0.3108529 secs] [Times: user=3.44 sys=1.24, real=0.31 secs] 
2024-03-22T19:49:21.708+0800: 97037.129: [GC (Allocation Failure) 2024-03-22T19:49:21.709+0800: 97037.129: [ParNew: 20693264K->1006834K(22937600K), 0.2295287 secs] 64557747K->44907961K(130940928K), 0.2299748 secs] [Times: user=3.38 sys=0.00, real=0.23 secs] 
2024-03-22T19:49:27.835+0800: 97043.256: [GC (Allocation Failure) 2024-03-22T19:49:27.836+0800: 97043.256: [ParNew: 20667634K->973782K(22937600K), 0.2750483 secs] 64568761K->44914214K(130940928K), 0.2754893 secs] [Times: user=3.60 sys=0.50, real=0.28 secs] 
2024-03-22T19:49:33.395+0800: 97048.816: [GC (Allocation Failure) 2024-03-22T19:49:33.395+0800: 97048.816: [ParNew: 20634582K->1046820K(22937600K), 0.2762343 secs] 64575014K->45027098K(130940928K), 0.2766388 secs] [Times: user=3.83 sys=0.21, real=0.28 secs] 
2024-03-22T19:49:39.341+0800: 97054.762: [GC (Allocation Failure) 2024-03-22T19:49:39.341+0800: 97054.762: [ParNew: 20707620K->1058740K(22937600K), 0.2367911 secs] 64687898K->45076640K(130940928K), 0.2371762 secs] [Times: user=3.24 sys=0.23, real=0.24 secs] 
2024-03-22T19:49:45.989+0800: 97061.410: [GC (Allocation Failure) 2024-03-22T19:49:45.989+0800: 97061.410: [ParNew: 20719540K->1027119K(22937600K), 0.2489122 secs] 64737440K->45076959K(130940928K), 0.2493665 secs] [Times: user=3.42 sys=0.24, real=0.25 secs] 
2024-03-22T19:49:53.910+0800: 97069.331: [GC (Allocation Failure) 2024-03-22T19:49:53.910+0800: 97069.331: [ParNew: 20687919K->1022419K(22937600K), 0.2185896 secs] 64737759K->45103758K(130940928K), 0.2190107 secs] [Times: user=3.16 sys=0.06, real=0.22 secs] 
2024-03-22T19:50:00.755+0800: 97076.176: [GC (Allocation Failure) 2024-03-22T19:50:00.755+0800: 97076.176: [ParNew: 20683219K->929217K(22937600K), 0.2851961 secs] 64764558K->45038152K(130940928K), 0.2856068 secs] [Times: user=3.17 sys=1.10, real=0.29 secs] 
2024-03-22T19:50:09.501+0800: 97084.921: [GC (Allocation Failure) 2024-03-22T19:50:09.501+0800: 97084.922: [ParNew: 20590017K->899584K(22937600K), 0.2509893 secs] 64698952K->45034230K(130940928K), 0.2514147 secs] [Times: user=3.25 sys=0.55, real=0.25 secs] 
2024-03-22T19:50:16.396+0800: 97091.817: [GC (Allocation Failure) 2024-03-22T19:50:16.397+0800: 97091.818: [ParNew: 20560384K->847049K(22937600K), 0.2546547 secs] 64695030K->45007735K(130940928K), 0.2550958 secs] [Times: user=3.48 sys=0.29, real=0.26 secs] 
2024-03-22T19:50:24.246+0800: 97099.667: [GC (Allocation Failure) 2024-03-22T19:50:24.247+0800: 97099.668: [ParNew: 20507849K->893141K(22937600K), 0.2331369 secs] 64668535K->45084938K(130940928K), 0.2335295 secs] [Times: user=3.09 sys=0.33, real=0.24 secs] 
2024-03-22T19:50:34.256+0800: 97109.676: [GC (Allocation Failure) 2024-03-22T19:50:34.256+0800: 97109.677: [ParNew: 20553941K->966354K(22937600K), 0.2256569 secs] 64745738K->45180776K(130940928K), 0.2261015 secs] [Times: user=3.20 sys=0.08, real=0.23 secs] 
2024-03-22T19:50:44.009+0800: 97119.430: [GC (Allocation Failure) 2024-03-22T19:50:44.009+0800: 97119.430: [ParNew: 20627154K->978236K(22937600K), 0.3256096 secs] 64841576K->45215285K(130940928K), 0.3260574 secs] [Times: user=3.83 sys=1.19, real=0.32 secs] 
2024-03-22T19:50:53.499+0800: 97128.920: [GC (Allocation Failure) 2024-03-22T19:50:53.499+0800: 97128.920: [ParNew: 20639036K->879017K(22937600K), 0.2565285 secs] 64876085K->45140617K(130940928K), 0.2570316 secs] [Times: user=3.32 sys=0.59, real=0.25 secs] 
2024-03-22T19:51:00.674+0800: 97136.094: [GC (Allocation Failure) 2024-03-22T19:51:00.674+0800: 97136.095: [ParNew: 20539817K->842123K(22937600K), 0.2260309 secs] 64801417K->45129800K(130940928K), 0.2264571 secs] [Times: user=3.20 sys=0.14, real=0.23 secs] 
2024-03-22T19:51:08.387+0800: 97143.808: [GC (Allocation Failure) 2024-03-22T19:51:08.387+0800: 97143.808: [ParNew: 20502923K->851914K(22937600K), 0.2441102 secs] 64790600K->45164000K(130940928K), 0.2445510 secs] [Times: user=3.16 sys=0.54, real=0.25 secs] 
2024-03-22T19:51:17.181+0800: 97152.601: [GC (Allocation Failure) 2024-03-22T19:51:17.181+0800: 97152.602: [ParNew: 20512714K->826454K(22937600K), 0.2154903 secs] 64824800K->45162689K(130940928K), 0.2160539 secs] [Times: user=3.05 sys=0.04, real=0.21 secs] 
2024-03-22T19:51:25.011+0800: 97160.432: [GC (Allocation Failure) 2024-03-22T19:51:25.011+0800: 97160.432: [ParNew: 20487254K->875719K(22937600K), 0.2920324 secs] 64823489K->45235282K(130940928K), 0.2925204 secs] [Times: user=3.27 sys=1.06, real=0.29 secs] 
2024-03-22T19:51:34.090+0800: 97169.511: [GC (Allocation Failure) 2024-03-22T19:51:34.090+0800: 97169.511: [ParNew: 20536519K->864166K(22937600K), 0.2483474 secs] 64896082K->45248133K(130940928K), 0.2487188 secs] [Times: user=3.16 sys=0.49, real=0.25 secs] 
2024-03-22T19:51:41.099+0800: 97176.520: [GC (Allocation Failure) 2024-03-22T19:51:41.100+0800: 97176.520: [ParNew: 20524966K->909472K(22937600K), 0.2425594 secs] 64908933K->45319399K(130940928K), 0.2429927 secs] [Times: user=3.17 sys=0.33, real=0.24 secs] 
2024-03-22T19:51:49.000+0800: 97184.421: [GC (Allocation Failure) 2024-03-22T19:51:49.000+0800: 97184.421: [ParNew: 20570272K->936824K(22937600K), 0.2949451 secs] 64980199K->45372185K(130940928K), 0.2953808 secs] [Times: user=4.31 sys=0.29, real=0.29 secs] 
2024-03-22T19:51:57.260+0800: 97192.681: [GC (Allocation Failure) 2024-03-22T19:51:57.261+0800: 97192.681: [ParNew: 20597624K->802878K(22937600K), 0.2242191 secs] 65032985K->45262445K(130940928K), 0.2246325 secs] [Times: user=3.24 sys=0.11, real=0.22 secs] 
2024-03-22T19:52:05.092+0800: 97200.513: [GC (Allocation Failure) 2024-03-22T19:52:05.093+0800: 97200.514: [ParNew: 20463678K->1020969K(22937600K), 0.2818268 secs] 64923245K->45506092K(130940928K), 0.2822649 secs] [Times: user=3.55 sys=0.76, real=0.28 secs] 
2024-03-22T19:52:13.526+0800: 97208.946: [GC (Allocation Failure) 2024-03-22T19:52:13.526+0800: 97208.947: [ParNew: 20681769K->964976K(22937600K), 0.2591759 secs] 65166892K->45478297K(130940928K), 0.2596017 secs] [Times: user=3.48 sys=0.44, real=0.26 secs] 
2024-03-22T19:52:21.298+0800: 97216.719: [GC (Allocation Failure) 2024-03-22T19:52:21.298+0800: 97216.719: [ParNew: 20625776K->913707K(22937600K), 0.2194230 secs] 65139097K->45455729K(130940928K), 0.2198348 secs] [Times: user=3.04 sys=0.29, real=0.22 secs] 
2024-03-22T19:52:30.454+0800: 97225.874: [GC (Allocation Failure) 2024-03-22T19:52:30.454+0800: 97225.875: [ParNew: 20574507K->976124K(22937600K), 0.2429161 secs] 65116529K->45545618K(130940928K), 0.2433014 secs] [Times: user=3.29 sys=0.24, real=0.24 secs] 
2024-03-22T19:52:40.494+0800: 97235.915: [GC (Allocation Failure) 2024-03-22T19:52:40.494+0800: 97235.915: [ParNew: 20636924K->902584K(22937600K), 0.2220441 secs] 65206418K->45500844K(130940928K), 0.2224576 secs] [Times: user=3.15 sys=0.08, real=0.22 secs] 
2024-03-22T19:52:49.457+0800: 97244.878: [GC (Allocation Failure) 2024-03-22T19:52:49.458+0800: 97244.879: [ParNew: 20563384K->896059K(22937600K), 0.2910149 secs] 65161644K->45523961K(130940928K), 0.2914420 secs] [Times: user=3.24 sys=1.19, real=0.30 secs] 
2024-03-22T19:52:59.659+0800: 97255.080: [GC (Allocation Failure) 2024-03-22T19:52:59.659+0800: 97255.080: [ParNew: 20556859K->975159K(22937600K), 0.3198840 secs] 65184761K->45632373K(130940928K), 0.3203181 secs] [Times: user=4.38 sys=0.57, real=0.32 secs] 
2024-03-22T19:53:08.778+0800: 97264.199: [GC (Allocation Failure) 2024-03-22T19:53:08.779+0800: 97264.200: [ParNew: 20635959K->1018960K(22937600K), 0.2422205 secs] 65293173K->45707251K(130940928K), 0.2426454 secs] [Times: user=3.32 sys=0.36, real=0.24 secs] 
2024-03-22T19:53:16.773+0800: 97272.194: [GC (Allocation Failure) 2024-03-22T19:53:16.773+0800: 97272.194: [ParNew: 20679760K->1097751K(22937600K), 0.2333888 secs] 65368051K->45815449K(130940928K), 0.2338003 secs] [Times: user=3.26 sys=0.12, real=0.23 secs] 
2024-03-22T19:53:25.615+0800: 97281.035: [GC (Allocation Failure) 2024-03-22T19:53:25.615+0800: 97281.036: [ParNew: 20758551K->1077479K(22937600K), 0.2721418 secs] 65476249K->45820427K(130940928K), 0.2725960 secs] [Times: user=3.23 sys=0.87, real=0.27 secs] 
2024-03-22T19:53:33.888+0800: 97289.309: [GC (Allocation Failure) 2024-03-22T19:53:33.889+0800: 97289.309: [ParNew: 20738279K->1167093K(22937600K), 0.2319078 secs] 65481227K->45936437K(130940928K), 0.2323506 secs] [Times: user=3.31 sys=0.06, real=0.23 secs] 
2024-03-22T19:53:41.575+0800: 97296.995: [GC (Allocation Failure) 2024-03-22T19:53:41.575+0800: 97296.996: [ParNew: 20827893K->1084267K(22937600K), 0.2564644 secs] 65597237K->45876318K(130940928K), 0.2568857 secs] [Times: user=3.20 sys=0.60, real=0.26 secs] 
2024-03-22T19:53:49.620+0800: 97305.040: [GC (Allocation Failure) 2024-03-22T19:53:49.620+0800: 97305.041: [ParNew: 20745067K->986257K(22937600K), 0.2316691 secs] 65537118K->45803490K(130940928K), 0.2321155 secs] [Times: user=3.15 sys=0.29, real=0.23 secs] 
2024-03-22T19:53:57.256+0800: 97312.677: [GC (Allocation Failure) 2024-03-22T19:53:57.256+0800: 97312.677: [ParNew: 20647057K->975971K(22937600K), 0.2236821 secs] 65464290K->45814328K(130940928K), 0.2240694 secs] [Times: user=3.09 sys=0.21, real=0.23 secs] 
2024-03-22T19:54:04.914+0800: 97320.335: [GC (Allocation Failure) 2024-03-22T19:54:04.914+0800: 97320.335: [ParNew: 20636771K->932777K(22937600K), 0.2164178 secs] 65475128K->45794965K(130940928K), 0.2168101 secs] [Times: user=2.96 sys=0.14, real=0.22 secs] 
2024-03-22T19:54:11.555+0800: 97326.976: [GC (Allocation Failure) 2024-03-22T19:54:11.555+0800: 97326.976: [ParNew: 20593577K->998608K(22937600K), 0.2811250 secs] 65455765K->45938113K(130940928K), 0.2815065 secs] [Times: user=3.23 sys=0.92, real=0.28 secs] 
2024-03-22T19:54:18.638+0800: 97334.059: [GC (Allocation Failure) 2024-03-22T19:54:18.638+0800: 97334.059: [ParNew: 20659408K->871262K(22937600K), 0.2285443 secs] 65598913K->45837509K(130940928K), 0.2289329 secs] [Times: user=2.86 sys=0.46, real=0.22 secs] 
2024-03-22T19:54:25.073+0800: 97340.494: [GC (Allocation Failure) 2024-03-22T19:54:25.073+0800: 97340.494: [ParNew: 20532062K->818793K(22937600K), 0.2145775 secs] 65498309K->45812676K(130940928K), 0.2149348 secs] [Times: user=2.94 sys=0.24, real=0.22 secs] 
2024-03-22T19:54:33.912+0800: 97349.333: [GC (Allocation Failure) 2024-03-22T19:54:33.912+0800: 97349.333: [ParNew: 20479593K->780194K(22937600K), 0.2257061 secs] 65473476K->45804316K(130940928K), 0.2261101 secs] [Times: user=2.96 sys=0.33, real=0.23 secs] 
2024-03-22T19:54:44.705+0800: 97360.126: [GC (Allocation Failure) 2024-03-22T19:54:44.706+0800: 97360.126: [ParNew: 20440994K->762727K(22937600K), 0.2165588 secs] 65465116K->45819341K(130940928K), 0.2169934 secs] [Times: user=3.05 sys=0.10, real=0.22 secs] 
2024-03-22T19:54:55.511+0800: 97370.932: [GC (Allocation Failure) 2024-03-22T19:54:55.512+0800: 97370.932: [ParNew: 20423527K->801997K(22937600K), 0.2705163 secs] 65480141K->45889746K(130940928K), 0.2709505 secs] [Times: user=2.99 sys=1.07, real=0.27 secs] 
2024-03-22T19:55:05.299+0800: 97380.720: [GC (Allocation Failure) 2024-03-22T19:55:05.299+0800: 97380.720: [ParNew: 20462797K->917627K(22937600K), 0.2724237 secs] 65550546K->46035626K(130940928K), 0.2728405 secs] [Times: user=3.55 sys=0.53, real=0.27 secs] 
2024-03-22T19:55:14.269+0800: 97389.690: [GC (Allocation Failure) 2024-03-22T19:55:14.269+0800: 97389.690: [ParNew: 20578427K->953235K(22937600K), 0.2228443 secs] 65696426K->46101501K(130940928K), 0.2232586 secs] [Times: user=2.96 sys=0.27, real=0.22 secs] 
2024-03-22T19:55:22.657+0800: 97398.078: [GC (Allocation Failure) 2024-03-22T19:55:22.657+0800: 97398.078: [ParNew: 20614035K->852897K(22937600K), 0.2574503 secs] 65762301K->46030241K(130940928K), 0.2578735 secs] [Times: user=3.56 sys=0.19, real=0.26 secs] 
2024-03-22T19:55:31.316+0800: 97406.737: [GC (Allocation Failure) 2024-03-22T19:55:31.316+0800: 97406.737: [ParNew: 20513697K->943546K(22937600K), 0.2907297 secs] 65691041K->46149377K(130940928K), 0.2913025 secs] [Times: user=3.22 sys=0.96, real=0.29 secs] 
2024-03-22T19:55:42.147+0800: 97417.567: [GC (Allocation Failure) 2024-03-22T19:55:42.147+0800: 97417.568: [ParNew: 20604346K->813317K(22937600K), 0.3103787 secs] 65810177K->46046234K(130940928K), 0.3108254 secs] [Times: user=4.32 sys=0.26, real=0.31 secs] 
2024-03-22T19:55:51.443+0800: 97426.864: [GC (Allocation Failure) 2024-03-22T19:55:51.443+0800: 97426.864: [ParNew: 20474117K->853644K(22937600K), 0.2484884 secs] 65707034K->46110196K(130940928K), 0.2489349 secs] [Times: user=3.12 sys=0.38, real=0.25 secs] 
2024-03-22T19:56:01.335+0800: 97436.756: [GC (Allocation Failure) 2024-03-22T19:56:01.335+0800: 97436.756: [ParNew: 20514444K->861848K(22937600K), 0.2502321 secs] 65770996K->46137664K(130940928K), 0.2506571 secs] [Times: user=3.10 sys=0.40, real=0.25 secs] 
2024-03-22T19:56:12.246+0800: 97447.666: [GC (Allocation Failure) 2024-03-22T19:56:12.246+0800: 97447.667: [ParNew: 20522648K->956247K(22937600K), 0.2396209 secs] 65798464K->46252309K(130940928K), 0.2400941 secs] [Times: user=3.10 sys=0.10, real=0.24 secs] 
2024-03-22T19:56:23.322+0800: 97458.743: [GC (Allocation Failure) 2024-03-22T19:56:23.323+0800: 97458.743: [ParNew: 20617047K->968278K(22937600K), 0.3188445 secs] 65913109K->46302419K(130940928K), 0.3194395 secs] [Times: user=3.41 sys=1.17, real=0.32 secs] 
2024-03-22T19:56:34.196+0800: 97469.616: [GC (Allocation Failure) 2024-03-22T19:56:34.196+0800: 97469.617: [ParNew: 20629078K->964792K(22937600K), 0.2909357 secs] 65963219K->46318071K(130940928K), 0.2914078 secs] [Times: user=3.56 sys=0.67, real=0.29 secs] 
2024-03-22T19:56:45.470+0800: 97480.891: [GC (Allocation Failure) 2024-03-22T19:56:45.471+0800: 97480.891: [ParNew: 20625592K->1029052K(22937600K), 0.2567936 secs] 65978871K->46397818K(130940928K), 0.2572636 secs] [Times: user=3.21 sys=0.45, real=0.26 secs] 
2024-03-22T19:56:57.959+0800: 97493.379: [GC (Allocation Failure) 2024-03-22T19:56:57.959+0800: 97493.380: [ParNew: 20689852K->942637K(22937600K), 0.2935474 secs] 66058618K->46328001K(130940928K), 0.2939976 secs] [Times: user=3.16 sys=1.17, real=0.29 secs] 
2024-03-22T19:57:12.483+0800: 97507.903: [GC (Allocation Failure) 2024-03-22T19:57:12.483+0800: 97507.904: [ParNew: 20603437K->883311K(22937600K), 0.2470173 secs] 65988801K->46288779K(130940928K), 0.2475047 secs] [Times: user=2.99 sys=0.49, real=0.25 secs] 
2024-03-22T19:57:24.820+0800: 97520.241: [GC (Allocation Failure) 2024-03-22T19:57:24.820+0800: 97520.241: [ParNew: 20544111K->872545K(22937600K), 0.2495224 secs] 65949579K->46298818K(130940928K), 0.2499283 secs] [Times: user=3.11 sys=0.49, real=0.25 secs] 
2024-03-22T19:57:37.684+0800: 97533.105: [GC (Allocation Failure) 2024-03-22T19:57:37.685+0800: 97533.105: [ParNew: 20533345K->868187K(22937600K), 0.2405753 secs] 65959618K->46319595K(130940928K), 0.2410197 secs] [Times: user=3.10 sys=0.33, real=0.24 secs] 
2024-03-22T19:57:48.501+0800: 97543.921: [GC (Allocation Failure) 2024-03-22T19:57:48.501+0800: 97543.922: [ParNew: 20528987K->901995K(22937600K), 0.2831132 secs] 65980395K->46376924K(130940928K), 0.2836379 secs] [Times: user=3.05 sys=1.27, real=0.28 secs] 
2024-03-22T19:57:58.363+0800: 97553.783: [GC (Allocation Failure) 2024-03-22T19:57:58.363+0800: 97553.784: [ParNew: 20562795K->793513K(22937600K), 0.2309289 secs] 66037724K->46289377K(130940928K), 0.2313174 secs] [Times: user=3.01 sys=0.45, real=0.23 secs] 
2024-03-22T19:58:09.934+0800: 97565.355: [GC (Allocation Failure) 2024-03-22T19:58:09.934+0800: 97565.355: [ParNew: 20454313K->817046K(22937600K), 0.2264548 secs] 65950177K->46337456K(130940928K), 0.2268850 secs] [Times: user=2.90 sys=0.46, real=0.23 secs] 
2024-03-22T19:58:21.463+0800: 97576.884: [GC (Allocation Failure) 2024-03-22T19:58:21.464+0800: 97576.885: [ParNew: 20477846K->717615K(22937600K), 0.2254114 secs] 65998256K->46268204K(130940928K), 0.2258595 secs] [Times: user=3.01 sys=0.18, real=0.23 secs] 
2024-03-22T19:58:33.523+0800: 97588.944: [GC (Allocation Failure) 2024-03-22T19:58:33.523+0800: 97588.944: [ParNew: 20378415K->812786K(22937600K), 0.3996750 secs] 65929004K->46388665K(130940928K), 0.4002366 secs] [Times: user=4.64 sys=1.46, real=0.40 secs] 
2024-03-22T19:58:47.946+0800: 97603.367: [GC (Allocation Failure) 2024-03-22T19:58:47.947+0800: 97603.367: [ParNew: 20473586K->714216K(22937600K), 0.2514314 secs] 66049465K->46318020K(130940928K), 0.2519026 secs] [Times: user=3.12 sys=0.70, real=0.26 secs] 
2024-03-22T19:59:01.117+0800: 97616.538: [GC (Allocation Failure) 2024-03-22T19:59:01.118+0800: 97616.539: [ParNew: 20375016K->798117K(22937600K), 0.2410768 secs] 65978820K->46430098K(130940928K), 0.2415159 secs] [Times: user=3.26 sys=0.36, real=0.25 secs] 
2024-03-22T19:59:11.234+0800: 97626.655: [GC (Allocation Failure) 2024-03-22T19:59:11.235+0800: 97626.656: [ParNew: 20458917K->715436K(22937600K), 0.3249239 secs] 66090898K->46376267K(130940928K), 0.3253774 secs] [Times: user=5.32 sys=0.05, real=0.33 secs] 
2024-03-22T19:59:22.203+0800: 97637.624: [GC (Allocation Failure) 2024-03-22T19:59:22.203+0800: 97637.624: [ParNew: 20376236K->810922K(22937600K), 0.2963692 secs] 66037067K->46498961K(130940928K), 0.2968160 secs] [Times: user=3.20 sys=1.36, real=0.30 secs] 
2024-03-22T19:59:32.166+0800: 97647.587: [GC (Allocation Failure) 2024-03-22T19:59:32.167+0800: 97647.587: [ParNew: 20471722K->795875K(22937600K), 0.2493713 secs] 66159761K->46511227K(130940928K), 0.2498257 secs] [Times: user=3.40 sys=0.53, real=0.25 secs] 
2024-03-22T19:59:41.433+0800: 97656.854: [GC (Allocation Failure) 2024-03-22T19:59:41.434+0800: 97656.854: [ParNew: 20456675K->892230K(22937600K), 0.2430748 secs] 66172027K->46637666K(130940928K), 0.2435188 secs] [Times: user=3.16 sys=0.36, real=0.24 secs] 
2024-03-22T19:59:51.354+0800: 97666.775: [GC (Allocation Failure) 2024-03-22T19:59:51.355+0800: 97666.775: [ParNew: 20553030K->1040784K(22937600K), 0.2384949 secs] 66298466K->46813668K(130940928K), 0.2389174 secs] [Times: user=3.35 sys=0.10, real=0.24 secs] 
2024-03-22T20:00:01.730+0800: 97677.151: [GC (Allocation Failure) 2024-03-22T20:00:01.731+0800: 97677.151: [ParNew: 20701584K->1079117K(22937600K), 0.3105436 secs] 66474468K->46877127K(130940928K), 0.3109407 secs] [Times: user=3.64 sys=0.86, real=0.31 secs] 
2024-03-22T20:00:13.370+0800: 97688.791: [GC (Allocation Failure) 2024-03-22T20:00:13.370+0800: 97688.791: [ParNew: 20739917K->1097861K(22937600K), 0.2857063 secs] 66537927K->46923784K(130940928K), 0.2860961 secs] [Times: user=3.44 sys=0.55, real=0.28 secs] 
2024-03-22T20:00:24.438+0800: 97699.859: [GC (Allocation Failure) 2024-03-22T20:00:24.439+0800: 97699.859: [ParNew: 20758661K->1163420K(22937600K), 0.3526161 secs] 66584584K->47016073K(130940928K), 0.3530302 secs] [Times: user=4.98 sys=0.35, real=0.35 secs] 
2024-03-22T20:00:36.274+0800: 97711.695: [GC (Allocation Failure) 2024-03-22T20:00:36.275+0800: 97711.695: [ParNew: 20824220K->1094846K(22937600K), 0.2434294 secs] 66676873K->46966485K(130940928K), 0.2438471 secs] [Times: user=3.31 sys=0.23, real=0.25 secs] 
2024-03-22T20:00:47.380+0800: 97722.801: [GC (Allocation Failure) 2024-03-22T20:00:47.380+0800: 97722.801: [ParNew: 20755646K->1175326K(22937600K), 0.2880352 secs] 66627285K->47068138K(130940928K), 0.2884918 secs] [Times: user=3.50 sys=0.80, real=0.29 secs] 
2024-03-22T20:00:58.680+0800: 97734.100: [GC (Allocation Failure) 2024-03-22T20:00:58.680+0800: 97734.101: [ParNew: 20836126K->1038012K(22937600K), 0.2661241 secs] 66728938K->46954998K(130940928K), 0.2665870 secs] [Times: user=3.21 sys=0.72, real=0.26 secs] 
2024-03-22T20:01:09.806+0800: 97745.226: [GC (Allocation Failure) 2024-03-22T20:01:09.806+0800: 97745.227: [ParNew: 20698812K->1158624K(22937600K), 0.2565586 secs] 66615798K->47108122K(130940928K), 0.2570052 secs] [Times: user=3.24 sys=0.42, real=0.26 secs] 
2024-03-22T20:01:20.734+0800: 97756.155: [GC (Allocation Failure) 2024-03-22T20:01:20.735+0800: 97756.155: [ParNew: 20819424K->1103788K(22937600K), 0.2525037 secs] 66768922K->47091915K(130940928K), 0.2529792 secs] [Times: user=3.28 sys=0.20, real=0.25 secs] 
2024-03-22T20:01:31.104+0800: 97766.525: [GC (Allocation Failure) 2024-03-22T20:01:31.104+0800: 97766.525: [ParNew: 20764588K->1012586K(22937600K), 0.3464616 secs] 66752715K->47033869K(130940928K), 0.3469119 secs] [Times: user=3.76 sys=1.14, real=0.35 secs] 
2024-03-22T20:01:42.147+0800: 97777.568: [GC (Allocation Failure) 2024-03-22T20:01:42.147+0800: 97777.568: [ParNew: 20673386K->1093442K(22937600K), 0.2982314 secs] 66694669K->47148401K(130940928K), 0.2986882 secs] [Times: user=3.44 sys=0.65, real=0.30 secs] 
2024-03-22T20:01:53.591+0800: 97789.012: [GC (Allocation Failure) 2024-03-22T20:01:53.591+0800: 97789.012: [ParNew: 20754242K->1025493K(22937600K), 0.2627022 secs] 66809201K->47107197K(130940928K), 0.2630680 secs] [Times: user=3.36 sys=0.19, real=0.26 secs] 
2024-03-22T20:02:05.801+0800: 97801.222: [GC (Allocation Failure) 2024-03-22T20:02:05.802+0800: 97801.222: [ParNew: 20686293K->1012982K(22937600K), 0.2544323 secs] 66767997K->47142350K(130940928K), 0.2549352 secs] [Times: user=3.16 sys=0.20, real=0.25 secs] 
2024-03-22T20:02:18.805+0800: 97814.226: [GC (Allocation Failure) 2024-03-22T20:02:18.805+0800: 97814.226: [ParNew: 20673782K->883460K(22937600K), 0.4140623 secs] 66803150K->47094064K(130940928K), 0.4145477 secs] [Times: user=5.07 sys=1.23, real=0.42 secs] 
2024-03-22T20:02:31.273+0800: 97826.694: [GC (Allocation Failure) 2024-03-22T20:02:31.274+0800: 97826.694: [ParNew: 20544260K->802849K(22937600K), 0.2743337 secs] 66754864K->47134349K(130940928K), 0.2747977 secs] [Times: user=3.11 sys=0.53, real=0.28 secs] 
2024-03-22T20:02:42.871+0800: 97838.292: [GC (Allocation Failure) 2024-03-22T20:02:42.871+0800: 97838.292: [ParNew: 20463649K->696649K(22937600K), 0.2870051 secs] 66795149K->47115034K(130940928K), 0.2874704 secs] [Times: user=3.33 sys=0.47, real=0.29 secs] 
2024-03-22T20:02:53.936+0800: 97849.357: [GC (Allocation Failure) 2024-03-22T20:02:53.937+0800: 97849.357: [ParNew: 20357449K->601777K(22937600K), 0.2976560 secs] 66775834K->47069708K(130940928K), 0.2981331 secs] [Times: user=3.29 sys=1.00, real=0.30 secs] 
2024-03-22T20:03:05.787+0800: 97861.208: [GC (Allocation Failure) 2024-03-22T20:03:05.787+0800: 97861.208: [ParNew: 20262577K->568739K(22937600K), 0.2489521 secs] 66730508K->47118770K(130940928K), 0.2494443 secs] [Times: user=2.93 sys=0.39, real=0.25 secs] 
2024-03-22T20:03:19.395+0800: 97874.815: [GC (Allocation Failure) 2024-03-22T20:03:19.395+0800: 97874.816: [ParNew: 20229539K->569695K(22937600K), 0.2368475 secs] 66779570K->47135388K(130940928K), 0.2373212 secs] [Times: user=2.83 sys=0.58, real=0.24 secs] 
2024-03-22T20:03:33.007+0800: 97888.428: [GC (Allocation Failure) 2024-03-22T20:03:33.007+0800: 97888.428: [ParNew: 20227845K->613228K(22937600K), 0.2273544 secs] 66793537K->47196841K(130940928K), 0.2278224 secs] [Times: user=3.01 sys=0.13, real=0.23 secs] 
2024-03-22T20:03:47.313+0800: 97902.734: [GC (Allocation Failure) 2024-03-22T20:03:47.313+0800: 97902.734: [ParNew: 20274028K->575397K(22937600K), 0.3178951 secs] 66857641K->47174993K(130940928K), 0.3182752 secs] [Times: user=3.03 sys=1.58, real=0.32 secs] 
2024-03-22T20:04:04.436+0800: 97919.857: [GC (Allocation Failure) 2024-03-22T20:04:04.436+0800: 97919.857: [ParNew: 20236197K->606008K(22937600K), 0.2657565 secs] 66835793K->47221173K(130940928K), 0.2662001 secs] [Times: user=3.16 sys=0.60, real=0.27 secs] 
2024-03-22T20:04:20.144+0800: 97935.565: [GC (Allocation Failure) 2024-03-22T20:04:20.144+0800: 97935.565: [ParNew: 20266808K->623684K(22937600K), 0.2269932 secs] 66881973K->47260094K(130940928K), 0.2274476 secs] [Times: user=2.90 sys=0.20, real=0.23 secs] 
2024-03-22T20:04:38.975+0800: 97954.396: [GC (Allocation Failure) 2024-03-22T20:04:38.976+0800: 97954.396: [ParNew: 20284484K->579700K(22937600K), 0.3211426 secs] 66920894K->47239616K(130940928K), 0.3216102 secs] [Times: user=2.98 sys=1.73, real=0.32 secs] 
2024-03-22T20:04:56.501+0800: 97971.921: [GC (Allocation Failure) 2024-03-22T20:04:56.501+0800: 97971.922: [ParNew: 20240500K->633883K(22937600K), 0.2641666 secs] 66900416K->47316908K(130940928K), 0.2646222 secs] [Times: user=3.13 sys=0.58, real=0.26 secs] 
2024-03-22T20:05:12.281+0800: 97987.701: [GC (Allocation Failure) 2024-03-22T20:05:12.281+0800: 97987.702: [ParNew: 20294683K->634152K(22937600K), 0.3050884 secs] 66977708K->47338906K(130940928K), 0.3056035 secs] [Times: user=3.03 sys=1.29, real=0.30 secs] 
2024-03-22T20:05:31.341+0800: 98006.761: [GC (Allocation Failure) 2024-03-22T20:05:31.341+0800: 98006.762: [ParNew: 20294952K->647834K(22937600K), 0.2568168 secs] 66999706K->47372217K(130940928K), 0.2572426 secs] [Times: user=2.81 sys=0.79, real=0.26 secs] 
2024-03-22T20:05:48.098+0800: 98023.519: [GC (Allocation Failure) 2024-03-22T20:05:48.098+0800: 98023.519: [ParNew: 20308634K->619199K(22937600K), 0.2563749 secs] 67033017K->47358875K(130940928K), 0.2569290 secs] [Times: user=3.00 sys=0.32, real=0.25 secs] 
2024-03-22T20:06:00.365+0800: 98035.786: [GC (Allocation Failure) 2024-03-22T20:06:00.365+0800: 98035.786: [ParNew: 20279999K->761835K(22937600K), 0.2983825 secs] 67019675K->47519856K(130940928K), 0.2988615 secs] [Times: user=3.30 sys=1.12, real=0.30 secs] 
2024-03-22T20:06:12.974+0800: 98048.394: [GC (Allocation Failure) 2024-03-22T20:06:12.974+0800: 98048.395: [ParNew: 20422635K->731223K(22937600K), 0.2881843 secs] 67180656K->47511884K(130940928K), 0.2885507 secs] [Times: user=3.44 sys=0.61, real=0.29 secs] 
2024-03-22T20:06:24.299+0800: 98059.720: [GC (Allocation Failure) 2024-03-22T20:06:24.299+0800: 98059.720: [ParNew: 20392023K->679180K(22937600K), 0.2765785 secs] 67172684K->47490900K(130940928K), 0.2769197 secs] [Times: user=3.22 sys=0.68, real=0.27 secs] 
2024-03-22T20:06:34.919+0800: 98070.340: [GC (Allocation Failure) 2024-03-22T20:06:34.919+0800: 98070.340: [ParNew: 20339980K->816674K(22937600K), 0.2487416 secs] 67151700K->47654012K(130940928K), 0.2492050 secs] [Times: user=3.22 sys=0.13, real=0.25 secs] 
2024-03-22T20:06:43.891+0800: 98079.311: [GC (Allocation Failure) 2024-03-22T20:06:43.891+0800: 98079.312: [ParNew: 20477474K->767952K(22937600K), 0.3224240 secs] 67314812K->47631709K(130940928K), 0.3228254 secs] [Times: user=3.35 sys=1.36, real=0.32 secs] 
2024-03-22T20:06:58.220+0800: 98093.641: [GC (Allocation Failure) 2024-03-22T20:06:58.220+0800: 98093.641: [ParNew: 20428752K->849390K(22937600K), 0.2763929 secs] 67292509K->47732267K(130940928K), 0.2768592 secs] [Times: user=3.06 sys=0.86, real=0.27 secs] 
2024-03-22T20:07:09.416+0800: 98104.837: [GC (Allocation Failure) 2024-03-22T20:07:09.417+0800: 98104.838: [ParNew: 20510190K->789758K(22937600K), 0.2657679 secs] 67393067K->47691145K(130940928K), 0.2662607 secs] [Times: user=3.40 sys=0.44, real=0.27 secs] 
2024-03-22T20:07:21.595+0800: 98117.016: [GC (Allocation Failure) 2024-03-22T20:07:21.596+0800: 98117.016: [ParNew: 20450558K->875122K(22937600K), 0.3944371 secs] 67351945K->47796083K(130940928K), 0.3949495 secs] [Times: user=3.32 sys=2.68, real=0.40 secs] 
2024-03-22T20:07:33.993+0800: 98129.413: [GC (Allocation Failure) 2024-03-22T20:07:33.993+0800: 98129.414: [ParNew: 20535922K->835966K(22937600K), 0.2614687 secs] 67456883K->47778558K(130940928K), 0.2619528 secs] [Times: user=3.16 sys=0.60, real=0.26 secs] 
2024-03-22T20:07:46.012+0800: 98141.433: [GC (Allocation Failure) 2024-03-22T20:07:46.012+0800: 98141.433: [ParNew: 20496766K->860868K(22937600K), 0.2588155 secs] 67439358K->47825603K(130940928K), 0.2592627 secs] [Times: user=3.36 sys=0.43, real=0.26 secs] 
2024-03-22T20:07:57.485+0800: 98152.906: [GC (Allocation Failure) 2024-03-22T20:07:57.486+0800: 98152.907: [ParNew: 20521668K->921925K(22937600K), 0.2430569 secs] 67486403K->47911649K(130940928K), 0.2435233 secs] [Times: user=3.20 sys=0.35, real=0.25 secs] 
2024-03-22T20:08:09.990+0800: 98165.411: [GC (Allocation Failure) 2024-03-22T20:08:09.990+0800: 98165.411: [ParNew: 20582725K->774535K(22937600K), 0.2716958 secs] 67572449K->47787251K(130940928K), 0.2721514 secs] [Times: user=3.08 sys=0.99, real=0.27 secs] 
2024-03-22T20:08:22.066+0800: 98177.486: [GC (Allocation Failure) 2024-03-22T20:08:22.066+0800: 98177.487: [ParNew: 20435335K->706695K(22937600K), 0.2417023 secs] 67448051K->47741518K(130940928K), 0.2421545 secs] [Times: user=3.19 sys=0.34, real=0.25 secs] 
2024-03-22T20:08:34.818+0800: 98190.239: [GC (Allocation Failure) 2024-03-22T20:08:34.818+0800: 98190.239: [ParNew: 20367495K->829526K(22937600K), 0.2287145 secs] 67402318K->47884694K(130940928K), 0.2291638 secs] [Times: user=2.89 sys=0.45, real=0.22 secs] 
2024-03-22T20:08:47.469+0800: 98202.890: [GC (Allocation Failure) 2024-03-22T20:08:47.469+0800: 98202.890: [ParNew: 20489622K->815897K(22937600K), 0.2623740 secs] 67544789K->47930813K(130940928K), 0.2629894 secs] [Times: user=3.26 sys=0.32, real=0.26 secs] 
2024-03-22T20:09:00.509+0800: 98215.930: [GC (Allocation Failure) 2024-03-22T20:09:00.509+0800: 98215.930: [ParNew: 20476697K->666048K(22937600K), 0.2997396 secs] 67591613K->47852641K(130940928K), 0.3003867 secs] [Times: user=3.10 sys=1.27, real=0.30 secs] 
2024-03-22T20:09:12.508+0800: 98227.929: [GC (Allocation Failure) 2024-03-22T20:09:12.509+0800: 98227.929: [ParNew: 20326848K->650420K(22937600K), 0.3222763 secs] 67513441K->47862549K(130940928K), 0.3227844 secs] [Times: user=4.48 sys=0.40, real=0.32 secs] 
2024-03-22T20:09:23.639+0800: 98239.060: [GC (Allocation Failure) 2024-03-22T20:09:23.639+0800: 98239.060: [ParNew: 20311220K->677283K(22937600K), 0.2641180 secs] 67523349K->47930163K(130940928K), 0.2646274 secs] [Times: user=3.09 sys=0.67, real=0.26 secs] 
2024-03-22T20:09:34.775+0800: 98250.196: [GC (Allocation Failure) 2024-03-22T20:09:34.776+0800: 98250.197: [ParNew: 20338083K->624234K(22937600K), 0.2759800 secs] 67590963K->47942409K(130940928K), 0.2764997 secs] [Times: user=3.25 sys=0.51, real=0.28 secs] 
2024-03-22T20:09:50.794+0800: 98266.214: [GC (Allocation Failure) 2024-03-22T20:09:50.794+0800: 98266.215: [ParNew: 20285034K->683943K(22937600K), 0.2449657 secs] 67603209K->48017452K(130940928K), 0.2454610 secs] [Times: user=2.87 sys=0.52, real=0.25 secs] 
2024-03-22T20:10:09.018+0800: 98284.438: [GC (Allocation Failure) 2024-03-22T20:10:09.018+0800: 98284.439: [ParNew: 20344743K->706298K(22937600K), 0.2878833 secs] 67678252K->48063747K(130940928K), 0.2883760 secs] [Times: user=2.88 sys=1.17, real=0.28 secs] 
2024-03-22T20:10:26.640+0800: 98302.061: [GC (Allocation Failure) 2024-03-22T20:10:26.640+0800: 98302.061: [ParNew: 20367098K->640356K(22937600K), 0.2976538 secs] 67724547K->48029323K(130940928K), 0.2982487 secs] [Times: user=3.04 sys=1.43, real=0.30 secs] 
2024-03-22T20:10:46.216+0800: 98321.636: [GC (Allocation Failure) 2024-03-22T20:10:46.216+0800: 98321.637: [ParNew: 20301156K->661736K(22937600K), 0.2955760 secs] 67690123K->48080231K(130940928K), 0.2959671 secs] [Times: user=3.32 sys=0.77, real=0.30 secs] 
2024-03-22T20:11:05.390+0800: 98340.811: [GC (Allocation Failure) 2024-03-22T20:11:05.390+0800: 98340.811: [ParNew: 20322536K->658137K(22937600K), 0.3344552 secs] 67741031K->48104987K(130940928K), 0.3348397 secs] [Times: user=3.24 sys=1.65, real=0.33 secs] 
2024-03-22T20:11:25.780+0800: 98361.201: [GC (Allocation Failure) 2024-03-22T20:11:25.781+0800: 98361.202: [ParNew: 20318937K->647758K(22937600K), 0.2589004 secs] 67765787K->48115804K(130940928K), 0.2592954 secs] [Times: user=3.26 sys=0.46, real=0.26 secs] 
2024-03-22T20:11:45.596+0800: 98381.017: [GC (Allocation Failure) 2024-03-22T20:11:45.596+0800: 98381.017: [ParNew: 20308558K->683261K(22937600K), 0.2636217 secs] 67776604K->48167679K(130940928K), 0.2640274 secs] [Times: user=2.94 sys=0.81, real=0.27 secs] 
2024-03-22T20:12:02.217+0800: 98397.638: [GC (Allocation Failure) 2024-03-22T20:12:02.217+0800: 98397.638: [ParNew: 20344061K->647090K(22937600K), 0.3344086 secs] 67828479K->48148899K(130940928K), 0.3347514 secs] [Times: user=2.93 sys=1.80, real=0.34 secs] 
2024-03-22T20:12:19.813+0800: 98415.234: [GC (Allocation Failure) 2024-03-22T20:12:19.814+0800: 98415.235: [ParNew: 20307890K->719193K(22937600K), 0.2803585 secs] 67809699K->48237050K(130940928K), 0.2808553 secs] [Times: user=3.25 sys=0.66, real=0.28 secs] 
2024-03-22T20:12:34.618+0800: 98430.038: [GC (Allocation Failure) 2024-03-22T20:12:34.618+0800: 98430.039: [ParNew: 20379993K->739626K(22937600K), 0.3309706 secs] 67897850K->48272459K(130940928K), 0.3314822 secs] [Times: user=3.15 sys=1.53, real=0.33 secs] 
2024-03-22T20:12:52.245+0800: 98447.665: [GC (Allocation Failure) 2024-03-22T20:12:52.245+0800: 98447.666: [ParNew: 20400426K->751036K(22937600K), 0.2599066 secs] 67933259K->48298650K(130940928K), 0.2604394 secs] [Times: user=2.94 sys=0.54, real=0.26 secs] 
2024-03-22T20:13:08.234+0800: 98463.655: [GC (Allocation Failure) 2024-03-22T20:13:08.234+0800: 98463.655: [ParNew: 20411836K->740115K(22937600K), 0.2688187 secs] 67959450K->48313260K(130940928K), 0.2693048 secs] [Times: user=3.13 sys=0.63, real=0.27 secs] 
2024-03-22T20:13:22.566+0800: 98477.987: [GC (Allocation Failure) 2024-03-22T20:13:22.567+0800: 98477.987: [ParNew: 20400915K->730331K(22937600K), 0.2941278 secs] 67974060K->48338001K(130940928K), 0.2946828 secs] [Times: user=3.10 sys=1.15, real=0.30 secs] 
2024-03-22T20:13:38.984+0800: 98494.405: [GC (Allocation Failure) 2024-03-22T20:13:38.984+0800: 98494.405: [ParNew: 20391131K->727334K(22937600K), 0.2413806 secs] 67998801K->48375435K(130940928K), 0.2418649 secs] [Times: user=2.86 sys=0.64, real=0.24 secs] 
2024-03-22T20:13:54.380+0800: 98509.800: [GC (Allocation Failure) 2024-03-22T20:13:54.380+0800: 98509.801: [ParNew: 20388134K->718773K(22937600K), 0.2402598 secs] 68036235K->48405760K(130940928K), 0.2407184 secs] [Times: user=3.23 sys=0.47, real=0.24 secs] 
2024-03-22T20:14:10.546+0800: 98525.967: [GC (Allocation Failure) 2024-03-22T20:14:10.546+0800: 98525.967: [ParNew: 20379573K->666628K(22937600K), 0.2630745 secs] 68066560K->48387923K(130940928K), 0.2635418 secs] [Times: user=2.99 sys=1.10, real=0.27 secs] 
2024-03-22T20:14:28.406+0800: 98543.827: [GC (Allocation Failure) 2024-03-22T20:14:28.407+0800: 98543.827: [ParNew: 20327428K->681983K(22937600K), 0.2255539 secs] 68048723K->48440816K(130940928K), 0.2260025 secs] [Times: user=2.63 sys=0.82, real=0.23 secs] 
2024-03-22T20:14:46.116+0800: 98561.536: [GC (Allocation Failure) 2024-03-22T20:14:46.116+0800: 98561.537: [ParNew: 20342783K->632463K(22937600K), 0.2025409 secs] 68101616K->48413696K(130940928K), 0.2030128 secs] [Times: user=2.75 sys=0.31, real=0.21 secs] 
2024-03-22T20:15:03.000+0800: 98578.421: [GC (Allocation Failure) 2024-03-22T20:15:03.000+0800: 98578.421: [ParNew: 20293263K->620627K(22937600K), 0.3031034 secs] 68074496K->48420999K(130940928K), 0.3034037 secs] [Times: user=2.93 sys=1.64, real=0.30 secs] 
2024-03-22T20:15:19.422+0800: 98594.843: [GC (Allocation Failure) 2024-03-22T20:15:19.422+0800: 98594.843: [ParNew: 20281427K->660206K(22937600K), 0.2477489 secs] 68081799K->48490373K(130940928K), 0.2480756 secs] [Times: user=2.89 sys=0.61, real=0.25 secs] 
2024-03-22T20:15:35.632+0800: 98611.053: [GC (Allocation Failure) 2024-03-22T20:15:35.632+0800: 98611.053: [ParNew: 20321006K->653620K(22937600K), 0.2932084 secs] 68151173K->48503365K(130940928K), 0.2935739 secs] [Times: user=2.90 sys=1.44, real=0.29 secs] 
2024-03-22T20:15:51.682+0800: 98627.103: [GC (Allocation Failure) 2024-03-22T20:15:51.682+0800: 98627.103: [ParNew: 20314420K->646067K(22937600K), 0.2248080 secs] 68164165K->48519242K(130940928K), 0.2251279 secs] [Times: user=2.65 sys=0.55, real=0.22 secs] 
2024-03-22T20:16:05.504+0800: 98640.925: [GC (Allocation Failure) 2024-03-22T20:16:05.504+0800: 98640.925: [ParNew: 20306867K->664053K(22937600K), 0.2331500 secs] 68180042K->48562481K(130940928K), 0.2334640 secs] [Times: user=2.99 sys=0.41, real=0.24 secs] 
2024-03-22T20:16:17.852+0800: 98653.273: [GC (Allocation Failure) 2024-03-22T20:16:17.852+0800: 98653.273: [ParNew: 20324853K->677400K(22937600K), 0.2001425 secs] 68223281K->48606854K(130940928K), 0.2005127 secs] [Times: user=2.52 sys=0.26, real=0.20 secs] 
2024-03-22T20:16:32.103+0800: 98667.524: [GC (Allocation Failure) 2024-03-22T20:16:32.104+0800: 98667.524: [ParNew: 20338200K->651881K(22937600K), 0.2934728 secs] 68267654K->48614804K(130940928K), 0.2938099 secs] [Times: user=2.78 sys=1.55, real=0.29 secs] 
2024-03-22T20:16:48.587+0800: 98684.008: [GC (Allocation Failure) 2024-03-22T20:16:48.587+0800: 98684.008: [ParNew: 20312681K->619121K(22937600K), 0.2381374 secs] 68275604K->48620118K(130940928K), 0.2384404 secs] [Times: user=2.93 sys=0.54, real=0.24 secs] 
2024-03-22T20:17:04.387+0800: 98699.808: [GC (Allocation Failure) 2024-03-22T20:17:04.387+0800: 98699.808: [ParNew: 20279921K->604683K(22937600K), 0.2592865 secs] 68280918K->48637271K(130940928K), 0.2597098 secs] [Times: user=2.89 sys=1.17, real=0.26 secs] 
2024-03-22T20:17:21.356+0800: 98716.777: [GC (Allocation Failure) 2024-03-22T20:17:21.356+0800: 98716.777: [ParNew: 20265483K->537833K(22937600K), 0.1958992 secs] 68298071K->48596198K(130940928K), 0.1962962 secs] [Times: user=2.55 sys=0.40, real=0.20 secs] 
2024-03-22T20:17:36.743+0800: 98732.164: [GC (Allocation Failure) 2024-03-22T20:17:36.744+0800: 98732.164: [ParNew: 20198633K->566283K(22937600K), 0.2279665 secs] 68256998K->48648620K(130940928K), 0.2283487 secs] [Times: user=2.78 sys=0.73, real=0.23 secs] 
2024-03-22T20:17:51.828+0800: 98747.248: [GC (Allocation Failure) 2024-03-22T20:17:51.828+0800: 98747.249: [ParNew: 20227083K->596451K(22937600K), 0.2709598 secs] 68309420K->48693196K(130940928K), 0.2713406 secs] [Times: user=2.85 sys=1.18, real=0.27 secs] 
2024-03-22T20:18:07.718+0800: 98763.139: [GC (Allocation Failure) 2024-03-22T20:18:07.718+0800: 98763.139: [ParNew: 20257251K->560501K(22937600K), 0.2164222 secs] 68353996K->48671678K(130940928K), 0.2167354 secs] [Times: user=2.57 sys=0.52, real=0.21 secs] 
2024-03-22T20:18:23.535+0800: 98778.956: [GC (Allocation Failure) 2024-03-22T20:18:23.535+0800: 98778.956: [ParNew: 20221301K->585522K(22937600K), 0.2245071 secs] 68332478K->48712945K(130940928K), 0.2247920 secs] [Times: user=2.65 sys=0.58, real=0.23 secs] 
2024-03-22T20:18:39.856+0800: 98795.277: [GC (Allocation Failure) 2024-03-22T20:18:39.856+0800: 98795.277: [ParNew: 20246322K->581968K(22937600K), 0.2727503 secs] 68373745K->48728897K(130940928K), 0.2730884 secs] [Times: user=2.82 sys=1.22, real=0.28 secs] 
2024-03-22T20:18:54.466+0800: 98809.887: [GC (Allocation Failure) 2024-03-22T20:18:54.466+0800: 98809.887: [ParNew: 20242768K->573221K(22937600K), 0.2220230 secs] 68389697K->48743828K(130940928K), 0.2223547 secs] [Times: user=2.55 sys=0.60, real=0.23 secs] 
2024-03-22T20:19:11.398+0800: 98826.819: [GC (Allocation Failure) 2024-03-22T20:19:11.399+0800: 98826.819: [ParNew: 20234021K->560059K(22937600K), 0.2273387 secs] 68404628K->48757688K(130940928K), 0.2277513 secs] [Times: user=2.86 sys=0.54, real=0.22 secs] 
2024-03-22T20:19:29.975+0800: 98845.396: [GC (Allocation Failure) 2024-03-22T20:19:29.976+0800: 98845.397: [ParNew: 20220859K->596439K(22937600K), 0.3375031 secs] 68418488K->48821145K(130940928K), 0.3379412 secs] [Times: user=3.63 sys=1.39, real=0.34 secs] 
2024-03-22T20:19:47.108+0800: 98862.528: [GC (Allocation Failure) 2024-03-22T20:19:47.108+0800: 98862.529: [ParNew: 20257239K->588471K(22937600K), 0.2463807 secs] 68481945K->48838336K(130940928K), 0.2466733 secs] [Times: user=2.70 sys=0.92, real=0.24 secs] 
2024-03-22T20:20:04.049+0800: 98879.470: [GC (Allocation Failure) 2024-03-22T20:20:04.050+0800: 98879.470: [ParNew: 20249271K->580169K(22937600K), 0.2017787 secs] 68499136K->48853015K(130940928K), 0.2020849 secs] [Times: user=2.70 sys=0.18, real=0.20 secs] 
2024-03-22T20:20:18.244+0800: 98893.664: [GC (Allocation Failure) 2024-03-22T20:20:18.244+0800: 98893.665: [ParNew: 20240969K->592019K(22937600K), 0.2718978 secs] 68513815K->48885595K(130940928K), 0.2723218 secs] [Times: user=2.79 sys=1.43, real=0.27 secs] 
2024-03-22T20:20:33.120+0800: 98908.541: [GC (Allocation Failure) 2024-03-22T20:20:33.120+0800: 98908.541: [ParNew: 20252819K->597090K(22937600K), 0.2260548 secs] 68546395K->48912506K(130940928K), 0.2264432 secs] [Times: user=2.70 sys=0.81, real=0.22 secs] 
2024-03-22T20:20:46.907+0800: 98922.328: [GC (Allocation Failure) 2024-03-22T20:20:46.908+0800: 98922.328: [ParNew: 20257890K->528345K(22937600K), 0.1905018 secs] 68573306K->48865438K(130940928K), 0.1908949 secs] [Times: user=2.67 sys=0.26, real=0.20 secs] 
2024-03-22T20:20:58.382+0800: 98933.803: [GC (Allocation Failure) 2024-03-22T20:20:58.382+0800: 98933.803: [ParNew: 20189145K->532872K(22937600K), 0.3080781 secs] 68526238K->48885448K(130940928K), 0.3083885 secs] [Times: user=3.13 sys=1.77, real=0.31 secs] 
2024-03-22T20:21:08.755+0800: 98944.176: [GC (Allocation Failure) 2024-03-22T20:21:08.755+0800: 98944.176: [ParNew: 20193672K->542128K(22937600K), 0.2180800 secs] 68546248K->48909876K(130940928K), 0.2183846 secs] [Times: user=2.97 sys=0.28, real=0.22 secs] 
2024-03-22T20:21:27.212+0800: 98962.633: [GC (Allocation Failure) 2024-03-22T20:21:27.212+0800: 98962.633: [ParNew: 20202928K->579451K(22937600K), 0.2473765 secs] 68570676K->48966423K(130940928K), 0.2476806 secs] [Times: user=2.88 sys=0.77, real=0.25 secs] 
2024-03-22T20:21:44.414+0800: 98979.835: [GC (Allocation Failure) 2024-03-22T20:21:44.414+0800: 98979.835: [ParNew: 20240251K->555794K(22937600K), 0.2200047 secs] 68627223K->48971041K(130940928K), 0.2203116 secs] [Times: user=3.00 sys=0.14, real=0.22 secs] 
2024-03-22T20:22:02.964+0800: 98998.385: [GC (Allocation Failure) 2024-03-22T20:22:02.964+0800: 98998.385: [ParNew: 20216594K->556512K(22937600K), 0.3122447 secs] 68631841K->48996129K(130940928K), 0.3126454 secs] [Times: user=3.08 sys=1.73, real=0.31 secs] 
2024-03-22T20:22:22.942+0800: 99018.363: [GC (Allocation Failure) 2024-03-22T20:22:22.942+0800: 99018.363: [ParNew: 20217312K->522291K(22937600K), 0.2422004 secs] 68656929K->48985880K(130940928K), 0.2425512 secs] [Times: user=2.75 sys=0.79, real=0.24 secs] 
2024-03-22T20:22:38.949+0800: 99034.370: [GC (Allocation Failure) 2024-03-22T20:22:38.950+0800: 99034.370: [ParNew: 20183091K->607749K(22937600K), 0.3700741 secs] 68646680K->49091022K(130940928K), 0.3704618 secs] [Times: user=2.84 sys=2.83, real=0.37 secs] 
2024-03-22T20:22:55.167+0800: 99050.588: [GC (Allocation Failure) 2024-03-22T20:22:55.167+0800: 99050.588: [ParNew: 20268549K->549973K(22937600K), 0.2279799 secs] 68751822K->49058803K(130940928K), 0.2283340 secs] [Times: user=2.60 sys=0.57, real=0.23 secs] 
2024-03-22T20:23:10.557+0800: 99065.977: [GC (Allocation Failure) 2024-03-22T20:23:10.557+0800: 99065.978: [ParNew: 20210773K->609269K(22937600K), 0.2730211 secs] 68719603K->49144424K(130940928K), 0.2733816 secs] [Times: user=3.30 sys=0.75, real=0.28 secs] 
2024-03-22T20:23:29.650+0800: 99085.070: [GC (Allocation Failure) 2024-03-22T20:23:29.650+0800: 99085.071: [ParNew: 20270069K->592258K(22937600K), 0.3939602 secs] 68805224K->49153975K(130940928K), 0.3943503 secs] [Times: user=3.06 sys=3.14, real=0.39 secs] 
2024-03-22T20:23:47.159+0800: 99102.580: [GC (Allocation Failure) 2024-03-22T20:23:47.160+0800: 99102.580: [ParNew: 20253058K->517868K(22937600K), 0.2512266 secs] 68814775K->49101946K(130940928K), 0.2515717 secs] [Times: user=2.81 sys=1.01, real=0.25 secs] 
2024-03-22T20:24:06.654+0800: 99122.075: [GC (Allocation Failure) 2024-03-22T20:24:06.654+0800: 99122.075: [ParNew: 20178668K->569313K(22937600K), 0.2162056 secs] 68762746K->49172082K(130940928K), 0.2165338 secs] [Times: user=2.64 sys=0.54, real=0.22 secs] 
2024-03-22T20:24:24.548+0800: 99139.968: [GC (Allocation Failure) 2024-03-22T20:24:24.548+0800: 99139.969: [ParNew: 20230113K->559850K(22937600K), 0.4274947 secs] 68832882K->49180124K(130940928K), 0.4278535 secs] [Times: user=3.56 sys=3.38, real=0.42 secs] 
2024-03-22T20:24:40.382+0800: 99155.803: [GC (Allocation Failure) 2024-03-22T20:24:40.382+0800: 99155.803: [ParNew: 20220650K->583921K(22937600K), 0.2361652 secs] 68840924K->49221129K(130940928K), 0.2365038 secs] [Times: user=2.53 sys=0.82, real=0.24 secs] 
2024-03-22T20:24:57.164+0800: 99172.585: [GC (Allocation Failure) 2024-03-22T20:24:57.164+0800: 99172.585: [ParNew: 20244721K->598132K(22937600K), 0.2064283 secs] 68881929K->49245605K(130940928K), 0.2068041 secs] [Times: user=2.79 sys=0.13, real=0.21 secs] 
2024-03-22T20:25:13.490+0800: 99188.911: [GC (Allocation Failure) 2024-03-22T20:25:13.490+0800: 99188.911: [ParNew: 20258932K->587884K(22937600K), 0.3673775 secs] 68906405K->49245984K(130940928K), 0.3678284 secs] [Times: user=2.75 sys=3.06, real=0.37 secs] 
2024-03-22T20:25:29.644+0800: 99205.065: [GC (Allocation Failure) 2024-03-22T20:25:29.644+0800: 99205.065: [ParNew: 20248684K->698338K(22937600K), 0.2323510 secs] 68906784K->49369744K(130940928K), 0.2327721 secs] [Times: user=2.68 sys=0.69, real=0.23 secs] 
2024-03-22T20:25:44.590+0800: 99220.010: [GC (Allocation Failure) 2024-03-22T20:25:44.590+0800: 99220.011: [ParNew: 20359138K->627535K(22937600K), 0.3106942 secs] 69030544K->49320054K(130940928K), 0.3110520 secs] [Times: user=2.98 sys=1.84, real=0.31 secs] 
2024-03-22T20:26:01.430+0800: 99236.851: [GC (Allocation Failure) 2024-03-22T20:26:01.430+0800: 99236.851: [ParNew: 20288335K->642804K(22937600K), 0.2382395 secs] 68980854K->49353195K(130940928K), 0.2385809 secs] [Times: user=3.15 sys=0.36, real=0.24 secs] 
2024-03-22T20:26:18.268+0800: 99253.688: [GC (Allocation Failure) 2024-03-22T20:26:18.268+0800: 99253.689: [ParNew: 20303604K->674223K(22937600K), 0.2662103 secs] 69013995K->49405764K(130940928K), 0.2665083 secs] [Times: user=3.54 sys=0.52, real=0.26 secs] 
2024-03-22T20:26:32.639+0800: 99268.059: [GC (Allocation Failure) 2024-03-22T20:26:32.639+0800: 99268.060: [ParNew: 20335023K->651230K(22937600K), 0.3373895 secs] 69066564K->49410638K(130940928K), 0.3377924 secs] [Times: user=3.09 sys=2.13, real=0.33 secs] 
2024-03-22T20:26:49.408+0800: 99284.829: [GC (Allocation Failure) 2024-03-22T20:26:49.408+0800: 99284.829: [ParNew: 20312030K->622277K(22937600K), 0.2234765 secs] 69071438K->49414953K(130940928K), 0.2239275 secs] [Times: user=2.76 sys=0.66, real=0.22 secs] 
2024-03-22T20:27:04.314+0800: 99299.734: [GC (Allocation Failure) 2024-03-22T20:27:04.314+0800: 99299.735: [ParNew: 20283077K->700192K(22937600K), 0.2230936 secs] 69075753K->49520020K(130940928K), 0.2234849 secs] [Times: user=2.83 sys=0.59, real=0.22 secs] 
2024-03-22T20:27:22.287+0800: 99317.708: [GC (Allocation Failure) 2024-03-22T20:27:22.287+0800: 99317.708: [ParNew: 20360992K->695845K(22937600K), 0.3359277 secs] 69180820K->49532882K(130940928K), 0.3362438 secs] [Times: user=2.88 sys=2.43, real=0.34 secs] 
2024-03-22T20:27:38.134+0800: 99333.555: [GC (Allocation Failure) 2024-03-22T20:27:38.134+0800: 99333.555: [ParNew: 20356645K->601588K(22937600K), 0.2710278 secs] 69193682K->49459818K(130940928K), 0.2713340 secs] [Times: user=3.53 sys=0.62, real=0.27 secs] 
2024-03-22T20:27:55.011+0800: 99350.432: [GC (Allocation Failure) 2024-03-22T20:27:55.012+0800: 99350.432: [ParNew: 20262388K->632519K(22937600K), 0.2279141 secs] 69120618K->49508418K(130940928K), 0.2282790 secs] [Times: user=2.75 sys=0.63, real=0.23 secs] 
2024-03-22T20:28:10.955+0800: 99366.376: [GC (Allocation Failure) 2024-03-22T20:28:10.955+0800: 99366.376: [ParNew: 20293319K->648664K(22937600K), 0.3808925 secs] 69169218K->49542115K(130940928K), 0.3812316 secs] [Times: user=2.92 sys=3.10, real=0.38 secs] 
2024-03-22T20:28:28.667+0800: 99384.088: [GC (Allocation Failure) 2024-03-22T20:28:28.667+0800: 99384.088: [ParNew: 20309464K->601444K(22937600K), 0.2543805 secs] 69202915K->49512986K(130940928K), 0.2547146 secs] [Times: user=3.05 sys=0.71, real=0.26 secs] 
2024-03-22T20:28:46.942+0800: 99402.363: [GC (Allocation Failure) 2024-03-22T20:28:46.942+0800: 99402.363: [ParNew: 20262244K->662845K(22937600K), 0.3509477 secs] 69173786K->49599116K(130940928K), 0.3513414 secs] [Times: user=4.74 sys=0.74, real=0.35 secs] 
2024-03-22T20:29:04.158+0800: 99419.579: [GC (Allocation Failure) 2024-03-22T20:29:04.159+0800: 99419.579: [ParNew: 20323645K->633282K(22937600K), 0.3507586 secs] 69259916K->49623484K(130940928K), 0.3511191 secs] [Times: user=2.97 sys=2.18, real=0.35 secs] 
2024-03-22T20:29:22.275+0800: 99437.696: [GC (Allocation Failure) 2024-03-22T20:29:22.275+0800: 99437.696: [ParNew: 20294082K->635707K(22937600K), 0.2467479 secs] 69284284K->49651633K(130940928K), 0.2471237 secs] [Times: user=2.72 sys=0.84, real=0.25 secs] 
2024-03-22T20:29:40.271+0800: 99455.692: [GC (Allocation Failure) 2024-03-22T20:29:40.271+0800: 99455.692: [ParNew: 20296507K->605498K(22937600K), 0.2056553 secs] 69312433K->49650231K(130940928K), 0.2061409 secs] [Times: user=2.36 sys=0.41, real=0.20 secs] 
2024-03-22T20:29:58.684+0800: 99474.105: [GC (Allocation Failure) 2024-03-22T20:29:58.684+0800: 99474.105: [ParNew: 20266298K->608085K(22937600K), 0.3012216 secs] 69311031K->49673973K(130940928K), 0.3016102 secs] [Times: user=2.76 sys=1.63, real=0.30 secs] 
2024-03-22T20:30:14.672+0800: 99490.093: [GC (Allocation Failure) 2024-03-22T20:30:14.672+0800: 99490.093: [ParNew: 20268885K->578990K(22937600K), 0.2191138 secs] 69334773K->49669710K(130940928K), 0.2195437 secs] [Times: user=2.65 sys=0.44, real=0.22 secs] 
2024-03-22T20:30:34.855+0800: 99510.276: [GC (Allocation Failure) 2024-03-22T20:30:34.855+0800: 99510.276: [ParNew: 20239790K->605307K(22937600K), 0.2712087 secs] 69330510K->49720624K(130940928K), 0.2716869 secs] [Times: user=2.83 sys=1.37, real=0.27 secs] 
2024-03-22T20:30:54.963+0800: 99530.384: [GC (Allocation Failure) 2024-03-22T20:30:54.963+0800: 99530.384: [ParNew: 20266107K->649027K(22937600K), 0.2359379 secs] 69381424K->49783702K(130940928K), 0.2363624 secs] [Times: user=2.82 sys=0.76, real=0.24 secs] 
2024-03-22T20:31:14.533+0800: 99549.954: [GC (Allocation Failure) 2024-03-22T20:31:14.534+0800: 99549.954: [ParNew: 20309827K->667041K(22937600K), 0.2070316 secs] 69444502K->49820403K(130940928K), 0.2074748 secs] [Times: user=2.82 sys=0.37, real=0.21 secs] 
2024-03-22T20:31:31.235+0800: 99566.656: [GC (Allocation Failure) 2024-03-22T20:31:31.236+0800: 99566.656: [ParNew: 20327841K->681278K(22937600K), 0.2938710 secs] 69481203K->49854940K(130940928K), 0.2943223 secs] [Times: user=3.04 sys=1.60, real=0.30 secs] 
2024-03-22T20:31:47.553+0800: 99582.974: [GC (Allocation Failure) 2024-03-22T20:31:47.553+0800: 99582.974: [ParNew: 20342078K->729578K(22937600K), 0.2398787 secs] 69515740K->49922688K(130940928K), 0.2402824 secs] [Times: user=3.02 sys=0.60, real=0.24 secs] 
2024-03-22T20:32:01.557+0800: 99596.978: [GC (Allocation Failure) 2024-03-22T20:32:01.557+0800: 99596.978: [ParNew: 20390378K->809294K(22937600K), 0.2126821 secs] 69583488K->50021038K(130940928K), 0.2130358 secs] [Times: user=2.81 sys=0.20, real=0.22 secs] 
2024-03-22T20:32:16.625+0800: 99612.045: [GC (Allocation Failure) 2024-03-22T20:32:16.625+0800: 99612.046: [ParNew: 20470094K->843881K(22937600K), 0.2708729 secs] 69681838K->50074645K(130940928K), 0.2713129 secs] [Times: user=3.08 sys=1.04, real=0.27 secs] 
2024-03-22T20:32:33.626+0800: 99629.047: [GC (Allocation Failure) 2024-03-22T20:32:33.626+0800: 99629.047: [ParNew: 20504681K->852511K(22937600K), 0.2603432 secs] 69735445K->50106079K(130940928K), 0.2608215 secs] [Times: user=3.08 sys=0.83, real=0.26 secs] 
2024-03-22T20:32:49.998+0800: 99645.419: [GC (Allocation Failure) 2024-03-22T20:32:49.998+0800: 99645.419: [ParNew: 20513311K->817272K(22937600K), 0.2428551 secs] 69766879K->50095067K(130940928K), 0.2433390 secs] [Times: user=3.42 sys=0.18, real=0.24 secs] 
2024-03-22T20:33:00.932+0800: 99656.353: [GC (Allocation Failure) 2024-03-22T20:33:00.932+0800: 99656.353: [ParNew: 20478072K->881645K(22937600K), 0.2555639 secs] 69755867K->50186137K(130940928K), 0.2559667 secs] [Times: user=2.91 sys=0.99, real=0.26 secs] 
2024-03-22T20:33:11.723+0800: 99667.144: [GC (Allocation Failure) 2024-03-22T20:33:11.723+0800: 99667.144: [ParNew: 20542445K->908482K(22937600K), 0.2241697 secs] 69846937K->50237773K(130940928K), 0.2245716 secs] [Times: user=3.08 sys=0.34, real=0.23 secs] 
2024-03-22T20:33:24.257+0800: 99679.678: [GC (Allocation Failure) 2024-03-22T20:33:24.257+0800: 99679.678: [ParNew: 20569282K->837847K(22937600K), 0.2411285 secs] 69898573K->50195381K(130940928K), 0.2415253 secs] [Times: user=3.49 sys=0.21, real=0.25 secs] 
2024-03-22T20:33:37.481+0800: 99692.902: [GC (Allocation Failure) 2024-03-22T20:33:37.481+0800: 99692.902: [ParNew: 20498647K->881953K(22937600K), 0.2230164 secs] 69856181K->50263522K(130940928K), 0.2233773 secs] [Times: user=3.04 sys=0.16, real=0.22 secs] 
2024-03-22T20:33:53.143+0800: 99708.564: [GC (Allocation Failure) 2024-03-22T20:33:53.143+0800: 99708.564: [ParNew: 20542753K->801879K(22937600K), 0.3367875 secs] 69924322K->50219320K(130940928K), 0.3371917 secs] [Times: user=3.25 sys=2.09, real=0.34 secs] 
2024-03-22T20:34:11.021+0800: 99726.442: [GC (Allocation Failure) 2024-03-22T20:34:11.021+0800: 99726.442: [ParNew: 20462679K->811385K(22937600K), 0.2237142 secs] 69880120K->50259529K(130940928K), 0.2240806 secs] [Times: user=2.97 sys=0.45, real=0.22 secs] 
2024-03-22T20:34:29.657+0800: 99745.078: [GC (Allocation Failure) 2024-03-22T20:34:29.657+0800: 99745.078: [ParNew: 20472185K->903209K(22937600K), 0.3262959 secs] 69920329K->50372427K(130940928K), 0.3266458 secs] [Times: user=3.26 sys=2.01, real=0.33 secs] 
2024-03-22T20:34:47.322+0800: 99762.743: [GC (Allocation Failure) 2024-03-22T20:34:47.322+0800: 99762.743: [ParNew: 20564009K->839282K(22937600K), 0.2933631 secs] 70033227K->50333209K(130940928K), 0.2937198 secs] [Times: user=3.96 sys=0.68, real=0.29 secs] 
2024-03-22T20:35:03.970+0800: 99779.390: [GC (Allocation Failure) 2024-03-22T20:35:03.970+0800: 99779.391: [ParNew: 20500082K->887691K(22937600K), 0.2321163 secs] 69994009K->50419345K(130940928K), 0.2324594 secs] [Times: user=2.93 sys=0.52, real=0.23 secs] 
2024-03-22T20:35:18.676+0800: 99794.097: [GC (Allocation Failure) 2024-03-22T20:35:18.676+0800: 99794.097: [ParNew: 20548491K->823479K(22937600K), 0.2772664 secs] 70080145K->50396341K(130940928K), 0.2776579 secs] [Times: user=3.15 sys=1.11, real=0.28 secs] 
2024-03-22T20:35:34.277+0800: 99809.698: [GC (Allocation Failure) 2024-03-22T20:35:34.278+0800: 99809.698: [ParNew: 20484279K->779153K(22937600K), 0.2319825 secs] 70057141K->50403746K(130940928K), 0.2323341 secs] [Times: user=2.77 sys=0.60, real=0.24 secs] 
2024-03-22T20:35:49.191+0800: 99824.612: [GC (Allocation Failure) 2024-03-22T20:35:49.191+0800: 99824.612: [ParNew: 20439953K->764776K(22937600K), 0.2341118 secs] 70064546K->50436300K(130940928K), 0.2345005 secs] [Times: user=2.84 sys=0.53, real=0.23 secs] 
2024-03-22T20:36:02.085+0800: 99837.505: [GC (Allocation Failure) 2024-03-22T20:36:02.085+0800: 99837.506: [ParNew: 20425576K->753911K(22937600K), 0.2605555 secs] 70097100K->50461363K(130940928K), 0.2610267 secs] [Times: user=3.58 sys=0.27, real=0.26 secs] 
2024-03-22T20:36:15.178+0800: 99850.599: [GC (Allocation Failure) 2024-03-22T20:36:15.178+0800: 99850.599: [ParNew: 20414711K->743528K(22937600K), 0.3431810 secs] 70122163K->50481246K(130940928K), 0.3436258 secs] [Times: user=3.12 sys=2.16, real=0.34 secs] 
2024-03-22T20:36:31.681+0800: 99867.102: [GC (Allocation Failure) 2024-03-22T20:36:31.681+0800: 99867.102: [ParNew: 20404328K->672467K(22937600K), 0.2350993 secs] 70142046K->50452281K(130940928K), 0.2355569 secs] [Times: user=2.76 sys=0.69, real=0.23 secs] 
2024-03-22T20:36:48.237+0800: 99883.658: [GC (Allocation Failure) 2024-03-22T20:36:48.238+0800: 99883.658: [ParNew: 20333267K->694338K(22937600K), 0.2003460 secs] 70113081K->50510343K(130940928K), 0.2007672 secs] [Times: user=2.75 sys=0.20, real=0.21 secs] 
2024-03-22T20:37:08.873+0800: 99904.294: [GC (Allocation Failure) 2024-03-22T20:37:08.873+0800: 99904.294: [ParNew: 20355138K->714509K(22937600K), 0.3340403 secs] 70171143K->50561717K(130940928K), 0.3344679 secs] [Times: user=3.24 sys=2.17, real=0.33 secs] 
2024-03-22T20:37:27.898+0800: 99923.318: [GC (Allocation Failure) 2024-03-22T20:37:27.898+0800: 99923.319: [ParNew: 20375309K->673570K(22937600K), 0.2236400 secs] 70222517K->50550190K(130940928K), 0.2239853 secs] [Times: user=2.67 sys=0.66, real=0.22 secs] 
2024-03-22T20:37:45.737+0800: 99941.158: [GC (Allocation Failure) 2024-03-22T20:37:45.738+0800: 99941.158: [ParNew: 20334370K->656142K(22937600K), 0.2874689 secs] 70210990K->50566147K(130940928K), 0.2878648 secs] [Times: user=2.88 sys=1.66, real=0.29 secs] 
2024-03-22T20:38:00.275+0800: 99955.696: [GC (Allocation Failure) 2024-03-22T20:38:00.275+0800: 99955.696: [ParNew: 20316942K->618854K(22937600K), 0.2068169 secs] 70226947K->50558748K(130940928K), 0.2072013 secs] [Times: user=2.61 sys=0.45, real=0.21 secs] 
2024-03-22T20:38:16.174+0800: 99971.595: [GC (Allocation Failure) 2024-03-22T20:38:16.174+0800: 99971.595: [ParNew: 20279654K->652026K(22937600K), 0.2436235 secs] 70219548K->50616780K(130940928K), 0.2440215 secs] [Times: user=3.16 sys=0.48, real=0.25 secs] 
2024-03-22T20:38:32.327+0800: 99987.748: [GC (Allocation Failure) 2024-03-22T20:38:32.328+0800: 99987.748: [ParNew: 20312826K->724906K(22937600K), 0.2090468 secs] 70277580K->50709867K(130940928K), 0.2094802 secs] [Times: user=2.86 sys=0.08, real=0.21 secs] 
2024-03-22T20:38:48.372+0800: 100003.793: [GC (Allocation Failure) 2024-03-22T20:38:48.372+0800: 100003.793: [ParNew: 20385706K->728639K(22937600K), 0.3340298 secs] 70370667K->50739003K(130940928K), 0.3344728 secs] [Times: user=2.81 sys=2.42, real=0.33 secs] 
2024-03-22T20:39:04.168+0800: 100019.589: [GC (Allocation Failure) 2024-03-22T20:39:04.168+0800: 100019.589: [ParNew: 20389439K->728550K(22937600K), 0.2508905 secs] 70399803K->50758349K(130940928K), 0.2513614 secs] [Times: user=3.23 sys=0.57, real=0.25 secs] 
2024-03-22T20:39:19.283+0800: 100034.704: [GC (Allocation Failure) 2024-03-22T20:39:19.283+0800: 100034.704: [ParNew: 20389350K->746446K(22937600K), 0.2036893 secs] 70419149K->50797889K(130940928K), 0.2041393 secs] [Times: user=2.77 sys=0.17, real=0.20 secs] 
2024-03-22T20:39:35.241+0800: 100050.661: [GC (Allocation Failure) 2024-03-22T20:39:35.241+0800: 100050.662: [ParNew: 20407246K->774683K(22937600K), 0.3726345 secs] 70458689K->50852630K(130940928K), 0.3730249 secs] [Times: user=2.80 sys=3.06, real=0.37 secs] 
2024-03-22T20:39:53.484+0800: 100068.905: [GC (Allocation Failure) 2024-03-22T20:39:53.484+0800: 100068.905: [ParNew: 20435483K->706220K(22937600K), 0.2463384 secs] 70513430K->50812800K(130940928K), 0.2466740 secs] [Times: user=2.82 sys=0.82, real=0.25 secs] 
2024-03-22T20:40:12.913+0800: 100088.334: [GC (Allocation Failure) 2024-03-22T20:40:12.913+0800: 100088.334: [ParNew: 20367020K->768299K(22937600K), 0.3324922 secs] 70473600K->50909073K(130940928K), 0.3329064 secs] [Times: user=3.13 sys=2.22, real=0.33 secs] 
2024-03-22T20:40:33.255+0800: 100108.676: [GC (Allocation Failure) 2024-03-22T20:40:33.255+0800: 100108.676: [ParNew: 20429099K->738037K(22937600K), 0.2511166 secs] 70569873K->50911951K(130940928K), 0.2514865 secs] [Times: user=3.04 sys=0.90, real=0.25 secs] 
2024-03-22T20:40:51.904+0800: 100127.325: [GC (Allocation Failure) 2024-03-22T20:40:51.904+0800: 100127.325: [ParNew: 20398837K->679203K(22937600K), 0.2520107 secs] 70572751K->50885894K(130940928K), 0.2523636 secs] [Times: user=3.50 sys=0.43, real=0.25 secs] 
2024-03-22T20:41:10.616+0800: 100146.036: [GC (Allocation Failure) 2024-03-22T20:41:10.616+0800: 100146.037: [ParNew: 20340003K->734849K(22937600K), 0.3713518 secs] 70546694K->50964392K(130940928K), 0.3717542 secs] [Times: user=3.18 sys=2.85, real=0.38 secs] 
2024-03-22T20:41:25.422+0800: 100160.843: [GC (Allocation Failure) 2024-03-22T20:41:25.423+0800: 100160.843: [ParNew: 20395649K->748558K(22937600K), 0.2361793 secs] 70625192K->50991374K(130940928K), 0.2366319 secs] [Times: user=2.78 sys=0.81, real=0.24 secs] 
2024-03-22T20:41:39.991+0800: 100175.412: [GC (Allocation Failure) 2024-03-22T20:41:39.991+0800: 100175.412: [ParNew: 20409358K->730880K(22937600K), 0.2323117 secs] 70652174K->50987303K(130940928K), 0.2327593 secs] [Times: user=3.05 sys=0.48, real=0.23 secs] 
2024-03-22T20:41:54.524+0800: 100189.945: [GC (Allocation Failure) 2024-03-22T20:41:54.524+0800: 100189.945: [ParNew: 20391680K->791655K(22937600K), 0.4094579 secs] 70648103K->51075185K(130940928K), 0.4099275 secs] [Times: user=3.06 sys=3.37, real=0.41 secs] 
2024-03-22T20:42:09.659+0800: 100205.080: [GC (Allocation Failure) 2024-03-22T20:42:09.659+0800: 100205.080: [ParNew: 20452455K->714002K(22937600K), 0.3132715 secs] 70735985K->51024821K(130940928K), 0.3137062 secs] [Times: user=3.69 sys=1.13, real=0.31 secs] 
2024-03-22T20:42:23.996+0800: 100219.417: [GC (Allocation Failure) 2024-03-22T20:42:23.996+0800: 100219.417: [ParNew: 20374802K->807318K(22937600K), 0.2332810 secs] 70685621K->51155137K(130940928K), 0.2337300 secs] [Times: user=2.98 sys=0.34, real=0.24 secs] 
2024-03-22T20:42:38.115+0800: 100233.535: [GC (Allocation Failure) 2024-03-22T20:42:38.115+0800: 100233.536: [ParNew: 20468118K->695771K(22937600K), 0.3069918 secs] 70815937K->51083866K(130940928K), 0.3074316 secs] [Times: user=3.08 sys=1.61, real=0.31 secs] 
2024-03-22T20:42:53.734+0800: 100249.154: [GC (Allocation Failure) 2024-03-22T20:42:53.734+0800: 100249.155: [ParNew: 20356571K->761261K(22937600K), 0.2609308 secs] 70744666K->51181926K(130940928K), 0.2612820 secs] [Times: user=3.14 sys=0.89, real=0.26 secs] 
2024-03-22T20:43:08.908+0800: 100264.329: [GC (Allocation Failure) 2024-03-22T20:43:08.908+0800: 100264.329: [ParNew: 20422061K->637201K(22937600K), 0.2238860 secs] 70842726K->51091524K(130940928K), 0.2242533 secs] [Times: user=2.80 sys=0.50, real=0.22 secs] 
2024-03-22T20:43:22.817+0800: 100278.238: [GC (Allocation Failure) 2024-03-22T20:43:22.817+0800: 100278.238: [ParNew: 20298001K->744814K(22937600K), 0.3126648 secs] 70752324K->51228811K(130940928K), 0.3130000 secs] [Times: user=2.52 sys=2.52, real=0.32 secs] 
2024-03-22T20:43:37.311+0800: 100292.732: [GC (Allocation Failure) 2024-03-22T20:43:37.312+0800: 100292.732: [ParNew: 20405614K->665185K(22937600K), 0.2285658 secs] 70889611K->51174965K(130940928K), 0.2289689 secs] [Times: user=2.82 sys=0.79, real=0.23 secs] 
2024-03-22T20:43:51.844+0800: 100307.264: [GC (Allocation Failure) 2024-03-22T20:43:51.844+0800: 100307.265: [ParNew: 20325985K->718820K(22937600K), 0.2099791 secs] 70835765K->51255191K(130940928K), 0.2103131 secs] [Times: user=2.71 sys=0.57, real=0.21 secs] 
2024-03-22T20:44:04.995+0800: 100320.416: [GC (Allocation Failure) 2024-03-22T20:44:04.995+0800: 100320.416: [ParNew: 20379620K->637028K(22937600K), 0.2127376 secs] 70915991K->51197939K(130940928K), 0.2130969 secs] [Times: user=3.10 sys=0.11, real=0.22 secs] 
2024-03-22T20:44:18.302+0800: 100333.723: [GC (Allocation Failure) 2024-03-22T20:44:18.303+0800: 100333.723: [ParNew: 20297828K->684799K(22937600K), 0.4145246 secs] 70858739K->51267021K(130940928K), 0.4148853 secs] [Times: user=3.70 sys=3.10, real=0.41 secs] 
2024-03-22T20:44:30.425+0800: 100345.846: [GC (Allocation Failure) 2024-03-22T20:44:30.425+0800: 100345.846: [ParNew: 20345599K->754667K(22937600K), 0.2267951 secs] 70927821K->51357286K(130940928K), 0.2271552 secs] [Times: user=2.88 sys=0.56, real=0.23 secs] 
2024-03-22T20:44:42.141+0800: 100357.562: [GC (Allocation Failure) 2024-03-22T20:44:42.141+0800: 100357.562: [ParNew: 20415467K->736968K(22937600K), 0.2298733 secs] 71018086K->51368537K(130940928K), 0.2302261 secs] [Times: user=2.84 sys=0.53, real=0.23 secs] 
2024-03-22T20:44:52.562+0800: 100367.983: [GC (Allocation Failure) 2024-03-22T20:44:52.563+0800: 100367.983: [ParNew: 20397768K->795062K(22937600K), 0.4013741 secs] 71029337K->51457302K(130940928K), 0.4018141 secs] [Times: user=3.12 sys=3.30, real=0.40 secs] 
2024-03-22T20:45:05.047+0800: 100380.468: [GC (Allocation Failure) 2024-03-22T20:45:05.047+0800: 100380.468: [ParNew: 20455862K->747844K(22937600K), 0.2528882 secs] 71118102K->51437025K(130940928K), 0.2532985 secs] [Times: user=3.44 sys=0.35, real=0.26 secs] 
2024-03-22T20:45:16.855+0800: 100392.276: [GC (Allocation Failure) 2024-03-22T20:45:16.855+0800: 100392.276: [ParNew: 20408644K->834023K(22937600K), 0.2363763 secs] 71097825K->51555956K(130940928K), 0.2368023 secs] [Times: user=3.04 sys=0.52, real=0.24 secs] 
2024-03-22T20:45:28.176+0800: 100403.597: [GC (Allocation Failure) 2024-03-22T20:45:28.176+0800: 100403.597: [ParNew: 20494823K->819048K(22937600K), 0.2206767 secs] 71216756K->51574144K(130940928K), 0.2210842 secs] [Times: user=2.82 sys=0.44, real=0.22 secs] 
2024-03-22T20:45:40.106+0800: 100415.527: [GC (Allocation Failure) 2024-03-22T20:45:40.106+0800: 100415.527: [ParNew: 20479848K->792486K(22937600K), 0.2730374 secs] 71234944K->51579179K(130940928K), 0.2734591 secs] [Times: user=3.03 sys=1.19, real=0.28 secs] 
2024-03-22T20:45:53.345+0800: 100428.766: [GC (Allocation Failure) 2024-03-22T20:45:53.345+0800: 100428.766: [ParNew: 20453286K->758426K(22937600K), 0.2141015 secs] 71239979K->51578571K(130940928K), 0.2145102 secs] [Times: user=2.73 sys=0.48, real=0.22 secs] 
2024-03-22T20:46:08.029+0800: 100443.450: [GC (Allocation Failure) 2024-03-22T20:46:08.029+0800: 100443.450: [ParNew: 20419226K->726156K(22937600K), 0.2230830 secs] 71239371K->51577063K(130940928K), 0.2234470 secs] [Times: user=2.71 sys=0.76, real=0.22 secs] 
2024-03-22T20:46:23.950+0800: 100459.371: [GC (Allocation Failure) 2024-03-22T20:46:23.950+0800: 100459.371: [ParNew: 20386956K->630801K(22937600K), 0.1934201 secs] 71237863K->51507563K(130940928K), 0.1937750 secs] [Times: user=2.82 sys=0.12, real=0.19 secs] 
2024-03-22T20:46:40.943+0800: 100476.364: [GC (Allocation Failure) 2024-03-22T20:46:40.943+0800: 100476.364: [ParNew: 20291601K->675047K(22937600K), 0.3528764 secs] 71168363K->51577897K(130940928K), 0.3532203 secs] [Times: user=3.00 sys=2.76, real=0.35 secs] 
2024-03-22T20:46:56.910+0800: 100492.331: [GC (Allocation Failure) 2024-03-22T20:46:56.910+0800: 100492.331: [ParNew: 20335847K->698747K(22937600K), 0.2569286 secs] 71238697K->51623460K(130940928K), 0.2572976 secs] [Times: user=3.27 sys=0.78, real=0.25 secs] 
2024-03-22T20:47:10.394+0800: 100505.815: [GC (Allocation Failure) 2024-03-22T20:47:10.394+0800: 100505.815: [ParNew: 20359547K->772179K(22937600K), 0.2133113 secs] 71284260K->51717014K(130940928K), 0.2136911 secs] [Times: user=2.86 sys=0.31, real=0.22 secs] 
2024-03-22T20:47:23.801+0800: 100519.222: [GC (Allocation Failure) 2024-03-22T20:47:23.802+0800: 100519.222: [ParNew: 20432979K->753584K(22937600K), 0.4151088 secs] 71377814K->51719828K(130940928K), 0.4155202 secs] [Times: user=3.13 sys=3.66, real=0.41 secs] 
2024-03-22T20:47:35.522+0800: 100530.943: [GC (Allocation Failure) 2024-03-22T20:47:35.522+0800: 100530.943: [ParNew: 20414384K->705972K(22937600K), 0.3424893 secs] 71380628K->51699112K(130940928K), 0.3429159 secs] [Times: user=4.60 sys=0.85, real=0.34 secs] 
2024-03-22T20:47:46.735+0800: 100542.156: [GC (Allocation Failure) 2024-03-22T20:47:46.736+0800: 100542.156: [ParNew: 20366772K->722100K(22937600K), 0.2467882 secs] 71359912K->51748917K(130940928K), 0.2472227 secs] [Times: user=3.31 sys=0.43, real=0.25 secs] 
2024-03-22T20:47:56.423+0800: 100551.844: [GC (Allocation Failure) 2024-03-22T20:47:56.423+0800: 100551.844: [ParNew: 20382900K->640210K(22937600K), 0.2048703 secs] 71409717K->51708374K(130940928K), 0.2052644 secs] [Times: user=2.85 sys=0.07, real=0.21 secs] 
2024-03-22T20:48:06.742+0800: 100562.163: [GC (Allocation Failure) 2024-03-22T20:48:06.742+0800: 100562.163: [ParNew: 20301010K->748415K(22937600K), 0.2605122 secs] 71369174K->51857021K(130940928K), 0.2609541 secs] [Times: user=2.95 sys=1.02, real=0.26 secs] 
2024-03-22T20:48:15.557+0800: 100570.978: [GC (Allocation Failure) 2024-03-22T20:48:15.557+0800: 100570.978: [ParNew: 20409215K->582010K(22937600K), 0.2114958 secs] 71517821K->51727341K(130940928K), 0.2119639 secs] [Times: user=2.81 sys=0.40, real=0.22 secs] 
2024-03-22T20:48:23.044+0800: 100578.465: [GC (Allocation Failure) 2024-03-22T20:48:23.044+0800: 100578.465: [ParNew: 20242810K->639603K(22937600K), 0.2043804 secs] 71388141K->51815689K(130940928K), 0.2048144 secs] [Times: user=2.81 sys=0.23, real=0.21 secs] 
2024-03-22T20:48:31.422+0800: 100586.843: [GC (Allocation Failure) 2024-03-22T20:48:31.422+0800: 100586.843: [ParNew: 20300403K->657402K(22937600K), 0.2032604 secs] 71476489K->51866289K(130940928K), 0.2036856 secs] [Times: user=2.73 sys=0.26, real=0.20 secs] 
2024-03-22T20:48:43.513+0800: 100598.934: [GC (Allocation Failure) 2024-03-22T20:48:43.513+0800: 100598.934: [ParNew: 20318202K->605325K(22937600K), 0.2142034 secs] 71527089K->51836035K(130940928K), 0.2146255 secs] [Times: user=3.04 sys=0.15, real=0.22 secs] 
2024-03-22T20:48:57.821+0800: 100613.241: [GC (Allocation Failure) 2024-03-22T20:48:57.821+0800: 100613.242: [ParNew: 20266125K->654479K(22937600K), 0.3298594 secs] 71496835K->51906035K(130940928K), 0.3303373 secs] [Times: user=2.97 sys=2.29, real=0.33 secs] 
2024-03-22T20:49:12.863+0800: 100628.284: [GC (Allocation Failure) 2024-03-22T20:49:12.863+0800: 100628.284: [ParNew: 20315279K->615678K(22937600K), 0.2852194 secs] 71566835K->51885174K(130940928K), 0.2856406 secs] [Times: user=3.72 sys=0.78, real=0.29 secs] 
2024-03-22T20:49:27.973+0800: 100643.394: [GC (Allocation Failure) 2024-03-22T20:49:27.973+0800: 100643.394: [ParNew: 20276478K->634257K(22937600K), 0.2043227 secs] 71545974K->51924558K(130940928K), 0.2047071 secs] [Times: user=2.75 sys=0.37, real=0.21 secs] 
2024-03-22T20:49:42.033+0800: 100657.454: [GC (Allocation Failure) 2024-03-22T20:49:42.034+0800: 100657.454: [ParNew: 20295057K->568814K(22937600K), 0.2609799 secs] 71585358K->51884587K(130940928K), 0.2613398 secs] [Times: user=2.78 sys=1.34, real=0.26 secs] 
2024-03-22T20:49:56.270+0800: 100671.691: [GC (Allocation Failure) 2024-03-22T20:49:56.270+0800: 100671.691: [ParNew: 20229614K->581848K(22937600K), 0.2063762 secs] 71545387K->51924173K(130940928K), 0.2066990 secs] [Times: user=2.54 sys=0.63, real=0.20 secs] 
2024-03-22T20:50:11.495+0800: 100686.916: [GC (Allocation Failure) 2024-03-22T20:50:11.496+0800: 100686.916: [ParNew: 20242648K->547984K(22937600K), 0.2146821 secs] 71584973K->51919551K(130940928K), 0.2150398 secs] [Times: user=2.70 sys=0.57, real=0.22 secs] 
2024-03-22T20:50:24.690+0800: 100700.111: [GC (Allocation Failure) 2024-03-22T20:50:24.690+0800: 100700.111: [ParNew: 20208784K->580578K(22937600K), 0.2585538 secs] 71580351K->51981682K(130940928K), 0.2589143 secs] [Times: user=2.84 sys=1.13, real=0.26 secs] 
2024-03-22T20:50:36.752+0800: 100712.173: [GC (Allocation Failure) 2024-03-22T20:50:36.752+0800: 100712.173: [ParNew: 20241378K->598426K(22937600K), 0.2391608 secs] 71642482K->52027657K(130940928K), 0.2395359 secs] [Times: user=3.05 sys=0.50, real=0.24 secs] 
2024-03-22T20:50:48.188+0800: 100723.609: [GC (Allocation Failure) 2024-03-22T20:50:48.188+0800: 100723.609: [ParNew: 20259226K->605487K(22937600K), 0.2362098 secs] 71688457K->52062148K(130940928K), 0.2365902 secs] [Times: user=3.09 sys=0.44, real=0.23 secs] 
2024-03-22T20:50:59.709+0800: 100735.129: [GC (Allocation Failure) 2024-03-22T20:50:59.709+0800: 100735.130: [ParNew: 20266287K->579596K(22937600K), 0.2233708 secs] 71722948K->52064813K(130940928K), 0.2238150 secs] [Times: user=3.02 sys=0.31, real=0.22 secs] 
2024-03-22T20:51:11.076+0800: 100746.497: [GC (Allocation Failure) 2024-03-22T20:51:11.076+0800: 100746.497: [ParNew: 20240396K->631642K(22937600K), 0.2662519 secs] 71725613K->52141370K(130940928K), 0.2667057 secs] [Times: user=2.92 sys=1.10, real=0.27 secs] 
2024-03-22T20:51:25.793+0800: 100761.214: [GC (Allocation Failure) 2024-03-22T20:51:25.793+0800: 100761.214: [ParNew: 20292442K->603605K(22937600K), 0.2350205 secs] 71802170K->52131520K(130940928K), 0.2354471 secs] [Times: user=3.04 sys=0.54, real=0.24 secs] 
2024-03-22T20:51:40.689+0800: 100776.110: [GC (Allocation Failure) 2024-03-22T20:51:40.689+0800: 100776.110: [ParNew: 20264405K->610884K(22937600K), 0.2232339 secs] 71792320K->52159437K(130940928K), 0.2236278 secs] [Times: user=2.74 sys=0.63, real=0.22 secs] 
2024-03-22T20:51:56.483+0800: 100791.904: [GC (Allocation Failure) 2024-03-22T20:51:56.484+0800: 100791.904: [ParNew: 20271684K->650865K(22937600K), 0.2694448 secs] 71820237K->52221691K(130940928K), 0.2698703 secs] [Times: user=2.99 sys=1.23, real=0.27 secs] 
2024-03-22T20:52:10.832+0800: 100806.253: [GC (Allocation Failure) 2024-03-22T20:52:10.833+0800: 100806.253: [ParNew: 20311665K->618639K(22937600K), 0.2095856 secs] 71882491K->52216836K(130940928K), 0.2099764 secs] [Times: user=2.81 sys=0.37, real=0.21 secs] 
2024-03-22T20:52:25.101+0800: 100820.522: [GC (Allocation Failure) 2024-03-22T20:52:25.101+0800: 100820.522: [ParNew: 20279439K->631294K(22937600K), 0.2163844 secs] 71877636K->52254479K(130940928K), 0.2167422 secs] [Times: user=2.76 sys=0.52, real=0.22 secs] 
2024-03-22T20:52:37.919+0800: 100833.340: [GC (Allocation Failure) 2024-03-22T20:52:37.919+0800: 100833.340: [ParNew: 20292094K->598392K(22937600K), 0.1997661 secs] 71915279K->52245408K(130940928K), 0.2001512 secs] [Times: user=2.76 sys=0.26, real=0.20 secs] 
2024-03-22T20:52:50.040+0800: 100845.460: [GC (Allocation Failure) 2024-03-22T20:52:50.040+0800: 100845.461: [ParNew: 20259192K->656863K(22937600K), 0.2823049 secs] 71906208K->52324758K(130940928K), 0.2827022 secs] [Times: user=3.24 sys=1.22, real=0.28 secs] 
2024-03-22T20:53:01.521+0800: 100856.941: [GC (Allocation Failure) 2024-03-22T20:53:01.521+0800: 100856.942: [ParNew: 20317663K->601858K(22937600K), 0.2040250 secs] 71985558K->52288100K(130940928K), 0.2044529 secs] [Times: user=2.62 sys=0.39, real=0.20 secs] 
2024-03-22T20:53:11.610+0800: 100867.031: [GC (Allocation Failure) 2024-03-22T20:53:11.610+0800: 100867.031: [ParNew: 20262658K->694149K(22937600K), 0.2066110 secs] 71948900K->52395662K(130940928K), 0.2069937 secs] [Times: user=2.71 sys=0.32, real=0.20 secs] 
2024-03-22T20:53:21.285+0800: 100876.706: [GC (Allocation Failure) 2024-03-22T20:53:21.285+0800: 100876.706: [ParNew: 20354949K->684833K(22937600K), 0.2363732 secs] 72056462K->52412405K(130940928K), 0.2367880 secs] [Times: user=3.13 sys=0.45, real=0.24 secs] 
2024-03-22T20:53:30.821+0800: 100886.242: [GC (Allocation Failure) 2024-03-22T20:53:30.822+0800: 100886.242: [ParNew: 20345633K->718748K(22937600K), 0.2329819 secs] 72073205K->52473810K(130940928K), 0.2334136 secs] [Times: user=3.56 sys=0.00, real=0.23 secs] 
2024-03-22T20:53:40.294+0800: 100895.715: [GC (Allocation Failure) 2024-03-22T20:53:40.294+0800: 100895.715: [ParNew: 20379548K->821324K(22937600K), 0.3173048 secs] 72134610K->52606480K(130940928K), 0.3177242 secs] [Times: user=3.13 sys=1.84, real=0.32 secs] 
2024-03-22T20:53:49.470+0800: 100904.891: [GC (Allocation Failure) 2024-03-22T20:53:49.470+0800: 100904.891: [ParNew: 20482124K->761758K(22937600K), 0.2248911 secs] 72267280K->52580945K(130940928K), 0.2253355 secs] [Times: user=2.81 sys=0.56, real=0.22 secs] 
2024-03-22T20:53:58.451+0800: 100913.872: [GC (Allocation Failure) 2024-03-22T20:53:58.452+0800: 100913.872: [ParNew: 20422558K->693191K(22937600K), 0.2039032 secs] 72241745K->52540317K(130940928K), 0.2043052 secs] [Times: user=2.72 sys=0.31, real=0.20 secs] 
2024-03-22T20:54:07.111+0800: 100922.532: [GC (Allocation Failure) 2024-03-22T20:54:07.111+0800: 100922.532: [ParNew: 20353991K->819986K(22937600K), 0.2186050 secs] 72201117K->52695733K(130940928K), 0.2189737 secs] [Times: user=3.02 sys=0.24, real=0.22 secs] 
2024-03-22T20:54:15.910+0800: 100931.331: [GC (Allocation Failure) 2024-03-22T20:54:15.910+0800: 100931.331: [ParNew: 20480786K->786283K(22937600K), 0.1901198 secs] 72356533K->52687252K(130940928K), 0.1904946 secs] [Times: user=2.97 sys=0.02, real=0.19 secs] 
2024-03-22T20:54:25.143+0800: 100940.564: [GC (Allocation Failure) 2024-03-22T20:54:25.143+0800: 100940.564: [ParNew: 20447083K->815024K(22937600K), 0.2771702 secs] 72348052K->52741554K(130940928K), 0.2775804 secs] [Times: user=3.49 sys=1.15, real=0.28 secs] 
2024-03-22T20:54:34.745+0800: 100950.166: [GC (Allocation Failure) 2024-03-22T20:54:34.746+0800: 100950.166: [ParNew: 20475824K->708140K(22937600K), 0.2102093 secs] 72402354K->52657470K(130940928K), 0.2105754 secs] [Times: user=2.99 sys=0.42, real=0.21 secs] 
2024-03-22T20:54:44.015+0800: 100959.436: [GC (Allocation Failure) 2024-03-22T20:54:44.015+0800: 100959.436: [ParNew: 20368940K->847752K(22937600K), 0.1997040 secs] 72318270K->52821480K(130940928K), 0.2000781 secs] [Times: user=2.76 sys=0.26, real=0.20 secs] 
2024-03-22T20:54:52.946+0800: 100968.367: [GC (Allocation Failure) 2024-03-22T20:54:52.946+0800: 100968.367: [ParNew: 20508552K->803515K(22937600K), 0.2025027 secs] 72482280K->52805259K(130940928K), 0.2028749 secs] [Times: user=2.61 sys=0.45, real=0.21 secs] 
2024-03-22T20:55:01.368+0800: 100976.789: [GC (Allocation Failure) 2024-03-22T20:55:01.368+0800: 100976.789: [ParNew: 20464315K->820537K(22937600K), 0.2269966 secs] 72466059K->52851967K(130940928K), 0.2274091 secs] [Times: user=3.54 sys=0.00, real=0.22 secs] 
2024-03-22T20:55:10.304+0800: 100985.725: [GC (Allocation Failure) 2024-03-22T20:55:10.304+0800: 100985.725: [ParNew: 20481337K->894422K(22937600K), 0.2472013 secs] 72512767K->52952141K(130940928K), 0.2475551 secs] [Times: user=3.09 sys=0.77, real=0.25 secs] 
2024-03-22T20:55:20.154+0800: 100995.575: [GC (Allocation Failure) 2024-03-22T20:55:20.154+0800: 100995.575: [ParNew: 20555222K->778430K(22937600K), 0.2047744 secs] 72612941K->52865580K(130940928K), 0.2051558 secs] [Times: user=2.94 sys=0.19, real=0.21 secs] 
2024-03-22T20:55:30.132+0800: 101005.552: [GC (Allocation Failure) 2024-03-22T20:55:30.132+0800: 101005.553: [ParNew: 20439230K->795671K(22937600K), 0.2115679 secs] 72526380K->52920563K(130940928K), 0.2119275 secs] [Times: user=2.79 sys=0.45, real=0.21 secs] 
2024-03-22T20:55:38.869+0800: 101014.290: [GC (Allocation Failure) 2024-03-22T20:55:38.869+0800: 101014.290: [ParNew: 20456471K->822196K(22937600K), 0.2223255 secs] 72581363K->52982077K(130940928K), 0.2226478 secs] [Times: user=2.93 sys=0.30, real=0.22 secs] 
2024-03-22T20:55:47.791+0800: 101023.212: [GC (Allocation Failure) 2024-03-22T20:55:47.792+0800: 101023.212: [ParNew: 20482996K->851778K(22937600K), 0.2075125 secs] 72642877K->53048106K(130940928K), 0.2079036 secs] [Times: user=2.92 sys=0.15, real=0.21 secs] 
2024-03-22T20:55:56.898+0800: 101032.319: [GC (Allocation Failure) 2024-03-22T20:55:56.899+0800: 101032.319: [ParNew: 20512578K->899072K(22937600K), 0.2955801 secs] 72708906K->53135615K(130940928K), 0.2959588 secs] [Times: user=3.09 sys=1.54, real=0.29 secs] 
2024-03-22T20:56:06.232+0800: 101041.653: [GC (Allocation Failure) 2024-03-22T20:56:06.232+0800: 101041.653: [ParNew: 20559872K->743363K(22937600K), 0.2283475 secs] 72796415K->53016136K(130940928K), 0.2287309 secs] [Times: user=3.07 sys=0.37, real=0.23 secs] 
2024-03-22T20:56:15.611+0800: 101051.032: [GC (Allocation Failure) 2024-03-22T20:56:15.611+0800: 101051.032: [ParNew: 20404163K->845265K(22937600K), 0.2220898 secs] 72676936K->53153445K(130940928K), 0.2224392 secs] [Times: user=3.00 sys=0.35, real=0.22 secs] 
2024-03-22T20:56:25.685+0800: 101061.106: [GC (Allocation Failure) 2024-03-22T20:56:25.686+0800: 101061.106: [ParNew: 20506065K->846377K(22937600K), 0.2120726 secs] 72814245K->53193280K(130940928K), 0.2124212 secs] [Times: user=2.82 sys=0.33, real=0.22 secs] 
2024-03-22T20:56:34.596+0800: 101070.017: [GC (Allocation Failure) 2024-03-22T20:56:34.596+0800: 101070.017: [ParNew: 20507177K->824296K(22937600K), 0.2058928 secs] 72854080K->53209153K(130940928K), 0.2063011 secs] [Times: user=2.89 sys=0.12, real=0.21 secs] 
2024-03-22T20:56:43.341+0800: 101078.761: [GC (Allocation Failure) 2024-03-22T20:56:43.341+0800: 101078.762: [ParNew: 20485096K->834747K(22937600K), 0.2685555 secs] 72869953K->53252698K(130940928K), 0.2689524 secs] [Times: user=2.95 sys=0.98, real=0.27 secs] 
2024-03-22T20:56:51.967+0800: 101087.388: [GC (Allocation Failure) 2024-03-22T20:56:51.968+0800: 101087.388: [ParNew: 20495547K->876624K(22937600K), 0.2195923 secs] 72913498K->53326074K(130940928K), 0.2200476 secs] [Times: user=2.87 sys=0.17, real=0.23 secs] 
2024-03-22T20:57:01.776+0800: 101097.197: [GC (Allocation Failure) 2024-03-22T20:57:01.777+0800: 101097.197: [ParNew: 20537424K->837790K(22937600K), 0.2484474 secs] 72986874K->53323857K(130940928K), 0.2489049 secs] [Times: user=2.84 sys=0.70, real=0.25 secs] 
2024-03-22T20:57:12.216+0800: 101107.636: [GC (Allocation Failure) 2024-03-22T20:57:12.216+0800: 101107.637: [ParNew: 20498590K->881538K(22937600K), 0.2181491 secs] 72984657K->53404160K(130940928K), 0.2185626 secs] [Times: user=2.88 sys=0.33, real=0.22 secs] 
2024-03-22T20:57:22.978+0800: 101118.399: [GC (Allocation Failure) 2024-03-22T20:57:22.979+0800: 101118.399: [ParNew: 20542338K->853136K(22937600K), 0.2191170 secs] 73064960K->53402778K(130940928K), 0.2195380 secs] [Times: user=3.12 sys=0.18, real=0.22 secs] 
2024-03-22T20:57:34.385+0800: 101129.806: [GC (Allocation Failure) 2024-03-22T20:57:34.385+0800: 101129.806: [ParNew: 20513936K->871430K(22937600K), 0.2610903 secs] 73063578K->53453920K(130940928K), 0.2615536 secs] [Times: user=3.11 sys=0.92, real=0.26 secs] 
2024-03-22T20:57:48.563+0800: 101143.984: [GC (Allocation Failure) 2024-03-22T20:57:48.564+0800: 101143.984: [ParNew: 20532230K->799209K(22937600K), 0.2382697 secs] 73114720K->53418347K(130940928K), 0.2385899 secs] [Times: user=2.74 sys=0.72, real=0.24 secs] 
2024-03-22T20:58:04.977+0800: 101160.398: [GC (Allocation Failure) 2024-03-22T20:58:04.978+0800: 101160.398: [ParNew: 20460009K->809137K(22937600K), 0.2553996 secs] 73079147K->53458739K(130940928K), 0.2557162 secs] [Times: user=3.24 sys=0.64, real=0.26 secs] 
2024-03-22T20:58:21.697+0800: 101177.118: [GC (Allocation Failure) 2024-03-22T20:58:21.697+0800: 101177.118: [ParNew: 20469937K->819479K(22937600K), 0.2726472 secs] 73119539K->53501016K(130940928K), 0.2730219 secs] [Times: user=2.82 sys=1.53, real=0.28 secs] 
2024-03-22T20:58:38.501+0800: 101193.922: [GC (Allocation Failure) 2024-03-22T20:58:38.501+0800: 101193.922: [ParNew: 20480279K->745027K(22937600K), 0.2166866 secs] 73161816K->53461154K(130940928K), 0.2170408 secs] [Times: user=2.62 sys=0.70, real=0.22 secs] 
2024-03-22T20:58:54.395+0800: 101209.816: [GC (Allocation Failure) 2024-03-22T20:58:54.396+0800: 101209.816: [ParNew: 20405827K->730376K(22937600K), 0.2243731 secs] 73121954K->53484351K(130940928K), 0.2246595 secs] [Times: user=2.65 sys=0.60, real=0.23 secs] 
2024-03-22T20:59:08.006+0800: 101223.427: [GC (Allocation Failure) 2024-03-22T20:59:08.006+0800: 101223.427: [ParNew: 20391176K->706721K(22937600K), 0.3091739 secs] 73145151K->53492671K(130940928K), 0.3096048 secs] [Times: user=3.05 sys=1.60, real=0.31 secs] 
2024-03-22T20:59:24.037+0800: 101239.457: [GC (Allocation Failure) 2024-03-22T20:59:24.037+0800: 101239.458: [ParNew: 20367521K->727400K(22937600K), 0.2371009 secs] 73153471K->53545016K(130940928K), 0.2375102 secs] [Times: user=2.88 sys=0.50, real=0.24 secs] 
2024-03-22T20:59:38.242+0800: 101253.662: [GC (Allocation Failure) 2024-03-22T20:59:38.242+0800: 101253.663: [ParNew: 20388200K->663980K(22937600K), 0.2343427 secs] 73205816K->53517801K(130940928K), 0.2347654 secs] [Times: user=2.88 sys=0.56, real=0.23 secs] 
2024-03-22T20:59:53.360+0800: 101268.781: [GC (Allocation Failure) 2024-03-22T20:59:53.361+0800: 101268.781: [ParNew: 20324780K->616559K(22937600K), 0.2274252 secs] 73178601K->53512045K(130940928K), 0.2278919 secs] [Times: user=3.03 sys=0.20, real=0.23 secs] 
2024-03-22T21:00:09.213+0800: 101284.634: [GC (Allocation Failure) 2024-03-22T21:00:09.213+0800: 101284.634: [ParNew: 20277359K->640410K(22937600K), 0.3608005 secs] 73172845K->53569756K(130940928K), 0.3612841 secs] [Times: user=3.37 sys=2.30, real=0.36 secs] 
2024-03-22T21:00:25.225+0800: 101300.646: [GC (Allocation Failure) 2024-03-22T21:00:25.225+0800: 101300.646: [ParNew: 20301210K->615555K(22937600K), 0.2848165 secs] 73230556K->53579246K(130940928K), 0.2852879 secs] [Times: user=3.55 sys=0.73, real=0.29 secs] 
2024-03-22T21:00:41.543+0800: 101316.964: [GC (Allocation Failure) 2024-03-22T21:00:41.544+0800: 101316.964: [ParNew: 20276355K->627446K(22937600K), 0.1940878 secs] 73240046K->53625775K(130940928K), 0.1945625 secs] [Times: user=2.64 sys=0.22, real=0.20 secs] 
2024-03-22T21:00:54.383+0800: 101329.803: [GC (Allocation Failure) 2024-03-22T21:00:54.383+0800: 101329.804: [ParNew: 20288246K->660725K(22937600K), 0.2854532 secs] 73286575K->53687110K(130940928K), 0.2858913 secs] [Times: user=3.23 sys=1.34, real=0.29 secs] 
2024-03-22T21:01:07.671+0800: 101343.092: [GC (Allocation Failure) 2024-03-22T21:01:07.671+0800: 101343.092: [ParNew: 20321525K->551973K(22937600K), 0.2263591 secs] 73347910K->53615926K(130940928K), 0.2267762 secs] [Times: user=2.96 sys=0.49, real=0.23 secs] 
2024-03-22T21:01:20.821+0800: 101356.242: [GC (Allocation Failure) 2024-03-22T21:01:20.821+0800: 101356.242: [ParNew: 20212773K->615506K(22937600K), 0.1901584 secs] 73276726K->53696038K(130940928K), 0.1906008 secs] [Times: user=2.55 sys=0.38, real=0.19 secs] 
2024-03-22T21:01:33.567+0800: 101368.988: [GC (Allocation Failure) 2024-03-22T21:01:33.567+0800: 101368.988: [ParNew: 20276306K->641801K(22937600K), 0.2531297 secs] 73356838K->53739607K(130940928K), 0.2534874 secs] [Times: user=2.81 sys=1.19, real=0.26 secs] 
2024-03-22T21:01:44.935+0800: 101380.356: [GC (Allocation Failure) 2024-03-22T21:01:44.935+0800: 101380.356: [ParNew: 20302601K->616526K(22937600K), 0.1791387 secs] 73400407K->53730530K(130940928K), 0.1794816 secs] [Times: user=2.30 sys=0.42, real=0.18 secs] 
2024-03-22T21:01:57.006+0800: 101392.427: [GC (Allocation Failure) 2024-03-22T21:01:57.006+0800: 101392.427: [ParNew: 20277326K->637664K(22937600K), 0.1941466 secs] 73391330K->53767162K(130940928K), 0.1944821 secs] [Times: user=2.63 sys=0.34, real=0.20 secs] 
2024-03-22T21:02:08.284+0800: 101403.705: [GC (Allocation Failure) 2024-03-22T21:02:08.284+0800: 101403.705: [ParNew: 20298464K->689624K(22937600K), 0.2037070 secs] 73427962K->53833017K(130940928K), 0.2040829 secs] [Times: user=2.68 sys=0.34, real=0.21 secs] 
2024-03-22T21:02:19.346+0800: 101414.767: [GC (Allocation Failure) 2024-03-22T21:02:19.346+0800: 101414.767: [ParNew: 20350424K->653429K(22937600K), 0.1793062 secs] 73493817K->53813347K(130940928K), 0.1797230 secs] [Times: user=2.65 sys=0.00, real=0.18 secs] 
2024-03-22T21:02:29.430+0800: 101424.850: [GC (Allocation Failure) 2024-03-22T21:02:29.430+0800: 101424.851: [ParNew: 20314229K->762588K(22937600K), 0.2654900 secs] 73474147K->53941307K(130940928K), 0.2659353 secs] [Times: user=2.85 sys=1.18, real=0.26 secs] 
2024-03-22T21:02:41.567+0800: 101436.988: [GC (Allocation Failure) 2024-03-22T21:02:41.567+0800: 101436.988: [ParNew: 20423388K->724429K(22937600K), 0.2220091 secs] 73602107K->53925264K(130940928K), 0.2224609 secs] [Times: user=2.59 sys=0.68, real=0.23 secs] 
2024-03-22T21:02:52.261+0800: 101447.681: [GC (Allocation Failure) 2024-03-22T21:02:52.261+0800: 101447.682: [ParNew: 20385229K->784991K(22937600K), 0.2108667 secs] 73586064K->54013373K(130940928K), 0.2112632 secs] [Times: user=2.71 sys=0.34, real=0.21 secs] 
2024-03-22T21:03:03.708+0800: 101459.129: [GC (Allocation Failure) 2024-03-22T21:03:03.708+0800: 101459.129: [ParNew: 20445791K->727181K(22937600K), 0.1882074 secs] 73674173K->53986350K(130940928K), 0.1886466 secs] [Times: user=2.71 sys=0.04, real=0.18 secs] 
2024-03-22T21:03:13.887+0800: 101469.308: [GC (Allocation Failure) 2024-03-22T21:03:13.888+0800: 101469.308: [ParNew: 20387981K->762360K(22937600K), 0.2617990 secs] 73647150K->54045804K(130940928K), 0.2623040 secs] [Times: user=2.94 sys=1.16, real=0.27 secs] 
2024-03-22T21:03:24.788+0800: 101480.208: [GC (Allocation Failure) 2024-03-22T21:03:24.788+0800: 101480.209: [ParNew: 20423160K->716786K(22937600K), 0.2172391 secs] 73706604K->54021988K(130940928K), 0.2176526 secs] [Times: user=2.67 sys=0.50, real=0.21 secs] 
2024-03-22T21:03:35.053+0800: 101490.474: [GC (Allocation Failure) 2024-03-22T21:03:35.053+0800: 101490.474: [ParNew: 20377586K->775078K(22937600K), 0.2308597 secs] 73682788K->54114490K(130940928K), 0.2312391 secs] [Times: user=2.99 sys=0.33, real=0.23 secs] 
2024-03-22T21:03:45.925+0800: 101501.346: [GC (Allocation Failure) 2024-03-22T21:03:45.926+0800: 101501.346: [ParNew: 20435878K->742279K(22937600K), 0.2025747 secs] 73775290K->54109828K(130940928K), 0.2030097 secs] [Times: user=2.72 sys=0.20, real=0.21 secs] 
2024-03-22T21:03:58.632+0800: 101514.053: [GC (Allocation Failure) 2024-03-22T21:03:58.632+0800: 101514.053: [ParNew: 20403079K->767646K(22937600K), 0.2454268 secs] 73770628K->54159497K(130940928K), 0.2458306 secs] [Times: user=2.66 sys=1.21, real=0.25 secs] 
2024-03-22T21:04:10.882+0800: 101526.303: [GC (Allocation Failure) 2024-03-22T21:04:10.882+0800: 101526.303: [ParNew: 20428446K->769470K(22937600K), 0.1996241 secs] 73820297K->54186803K(130940928K), 0.2000130 secs] [Times: user=2.41 sys=0.65, real=0.20 secs] 
2024-03-22T21:04:23.397+0800: 101538.818: [GC (Allocation Failure) 2024-03-22T21:04:23.398+0800: 101538.818: [ParNew: 20430270K->775450K(22937600K), 0.2224279 secs] 73847603K->54218351K(130940928K), 0.2227650 secs] [Times: user=2.89 sys=0.55, real=0.23 secs] 
2024-03-22T21:04:35.260+0800: 101550.681: [GC (Allocation Failure) 2024-03-22T21:04:35.260+0800: 101550.681: [ParNew: 20436250K->751580K(22937600K), 0.1882012 secs] 73879151K->54217777K(130940928K), 0.1885284 secs] [Times: user=2.48 sys=0.38, real=0.19 secs] 
2024-03-22T21:04:46.814+0800: 101562.235: [GC (Allocation Failure) 2024-03-22T21:04:46.815+0800: 101562.235: [ParNew: 20412380K->724050K(22937600K), 0.2723546 secs] 73878577K->54213542K(130940928K), 0.2726816 secs] [Times: user=3.13 sys=1.28, real=0.27 secs] 
2024-03-22T21:04:59.130+0800: 101574.551: [GC (Allocation Failure) 2024-03-22T21:04:59.130+0800: 101574.551: [ParNew: 20384850K->704113K(22937600K), 0.2103060 secs] 73874342K->54230323K(130940928K), 0.2106667 secs] [Times: user=2.70 sys=0.47, real=0.21 secs] 
2024-03-22T21:05:11.057+0800: 101586.478: [GC (Allocation Failure) 2024-03-22T21:05:11.057+0800: 101586.478: [ParNew: 20364913K->695813K(22937600K), 0.2091325 secs] 73891123K->54250598K(130940928K), 0.2094915 secs] [Times: user=2.73 sys=0.38, real=0.21 secs] 
2024-03-22T21:05:22.338+0800: 101597.758: [GC (Allocation Failure) 2024-03-22T21:05:22.338+0800: 101597.759: [ParNew: 20356613K->731075K(22937600K), 0.2057607 secs] 73911398K->54321462K(130940928K), 0.2061303 secs] [Times: user=2.57 sys=0.36, real=0.20 secs] 
2024-03-22T21:05:32.761+0800: 101608.182: [GC (Allocation Failure) 2024-03-22T21:05:32.761+0800: 101608.182: [ParNew: 20391875K->602930K(22937600K), 0.2469490 secs] 73982262K->54232115K(130940928K), 0.2473225 secs] [Times: user=2.77 sys=1.00, real=0.25 secs] 
2024-03-22T21:05:44.686+0800: 101620.107: [GC (Allocation Failure) 2024-03-22T21:05:44.686+0800: 101620.107: [ParNew: 20263730K->683034K(22937600K), 0.2059121 secs] 73892915K->54345911K(130940928K), 0.2063052 secs] [Times: user=2.63 sys=0.30, real=0.21 secs] 
2024-03-22T21:05:57.182+0800: 101632.603: [GC (Allocation Failure) 2024-03-22T21:05:57.182+0800: 101632.603: [ParNew: 20343834K->729503K(22937600K), 0.2129390 secs] 74006711K->54425482K(130940928K), 0.2133143 secs] [Times: user=2.75 sys=0.37, real=0.21 secs] 
2024-03-22T21:06:08.453+0800: 101643.874: [GC (Allocation Failure) 2024-03-22T21:06:08.453+0800: 101643.874: [ParNew: 20390303K->648305K(22937600K), 0.2045721 secs] 74086282K->54372333K(130940928K), 0.2049574 secs] [Times: user=2.68 sys=0.33, real=0.21 secs] 
2024-03-22T21:06:20.880+0800: 101656.301: [GC (Allocation Failure) 2024-03-22T21:06:20.880+0800: 101656.301: [ParNew: 20309105K->685411K(22937600K), 0.1866141 secs] 74033133K->54441349K(130940928K), 0.1869970 secs] [Times: user=2.71 sys=0.00, real=0.18 secs] 
2024-03-22T21:06:33.593+0800: 101669.014: [GC (Allocation Failure) 2024-03-22T21:06:33.594+0800: 101669.014: [ParNew: 20346211K->729639K(22937600K), 0.2710436 secs] 74102149K->54517136K(130940928K), 0.2714482 secs] [Times: user=2.69 sys=1.47, real=0.27 secs] 
2024-03-22T21:06:46.182+0800: 101681.603: [GC (Allocation Failure) 2024-03-22T21:06:46.182+0800: 101681.603: [ParNew: 20390439K->705084K(22937600K), 0.2254495 secs] 74177936K->54518456K(130940928K), 0.2258171 secs] [Times: user=2.88 sys=0.51, real=0.23 secs] 
2024-03-22T21:06:58.251+0800: 101693.672: [GC (Allocation Failure) 2024-03-22T21:06:58.251+0800: 101693.672: [ParNew: 20365884K->743045K(22937600K), 0.2312044 secs] 74179256K->54577612K(130940928K), 0.2315736 secs] [Times: user=3.34 sys=0.26, real=0.23 secs] 
2024-03-22T21:07:09.746+0800: 101705.167: [GC (Allocation Failure) 2024-03-22T21:07:09.746+0800: 101705.167: [ParNew: 20403845K->669790K(22937600K), 0.1853780 secs] 74238412K->54527564K(130940928K), 0.1857110 secs] [Times: user=2.84 sys=0.00, real=0.19 secs] 
2024-03-22T21:07:23.854+0800: 101719.275: [GC (Allocation Failure) 2024-03-22T21:07:23.854+0800: 101719.275: [ParNew: 20330590K->692064K(22937600K), 0.2909113 secs] 74188364K->54572607K(130940928K), 0.2912585 secs] [Times: user=2.71 sys=1.98, real=0.29 secs] 
2024-03-22T21:07:37.463+0800: 101732.884: [GC (Allocation Failure) 2024-03-22T21:07:37.463+0800: 101732.884: [ParNew: 20352864K->711545K(22937600K), 0.1975019 secs] 74233407K->54611857K(130940928K), 0.1978326 secs] [Times: user=2.36 sys=0.71, real=0.20 secs] 
2024-03-22T21:07:50.545+0800: 101745.966: [GC (Allocation Failure) 2024-03-22T21:07:50.546+0800: 101745.966: [ParNew: 20372345K->638734K(22937600K), 0.2002898 secs] 74272657K->54564029K(130940928K), 0.2006385 secs] [Times: user=2.66 sys=0.43, real=0.20 secs] 
2024-03-22T21:08:04.302+0800: 101759.723: [GC (Allocation Failure) 2024-03-22T21:08:04.303+0800: 101759.724: [ParNew: 20299534K->701351K(22937600K), 0.2769178 secs] 74224829K->54653559K(130940928K), 0.2772842 secs] [Times: user=2.91 sys=1.41, real=0.28 secs] 
2024-03-22T21:08:18.364+0800: 101773.785: [GC (Allocation Failure) 2024-03-22T21:08:18.365+0800: 101773.786: [ParNew: 20362151K->666075K(22937600K), 0.2261026 secs] 74314359K->54647611K(130940928K), 0.2264969 secs] [Times: user=2.73 sys=0.62, real=0.23 secs] 
2024-03-22T21:08:32.499+0800: 101787.920: [GC (Allocation Failure) 2024-03-22T21:08:32.499+0800: 101787.920: [ParNew: 20326875K->705120K(22937600K), 0.2193868 secs] 74308411K->54716401K(130940928K), 0.2198212 secs] [Times: user=2.69 sys=0.53, real=0.22 secs] 
2024-03-22T21:08:45.244+0800: 101800.665: [GC (Allocation Failure) 2024-03-22T21:08:45.244+0800: 101800.665: [ParNew: 20365920K->676845K(22937600K), 0.1976360 secs] 74377201K->54715887K(130940928K), 0.1979987 secs] [Times: user=2.50 sys=0.30, real=0.20 secs] 
2024-03-22T21:08:58.171+0800: 101813.592: [GC (Allocation Failure) 2024-03-22T21:08:58.171+0800: 101813.592: [ParNew: 20337645K->787698K(22937600K), 0.3019593 secs] 74376687K->54864823K(130940928K), 0.3023735 secs] [Times: user=3.11 sys=1.49, real=0.30 secs] 
2024-03-22T21:09:11.161+0800: 101826.582: [GC (Allocation Failure) 2024-03-22T21:09:11.161+0800: 101826.582: [ParNew: 20448498K->719589K(22937600K), 0.2217293 secs] 74525623K->54825576K(130940928K), 0.2221193 secs] [Times: user=2.59 sys=0.70, real=0.22 secs] 
2024-03-22T21:09:24.608+0800: 101840.029: [GC (Allocation Failure) 2024-03-22T21:09:24.609+0800: 101840.029: [ParNew: 20380389K->757553K(22937600K), 0.2505937 secs] 74486376K->54891886K(130940928K), 0.2509794 secs] [Times: user=3.45 sys=0.35, real=0.25 secs] 
2024-03-22T21:09:38.427+0800: 101853.847: [GC (Allocation Failure) 2024-03-22T21:09:38.427+0800: 101853.848: [ParNew: 20418353K->743318K(22937600K), 0.2910925 secs] 74552686K->54906674K(130940928K), 0.2914161 secs] [Times: user=3.11 sys=1.25, real=0.30 secs] 
2024-03-22T21:09:54.972+0800: 101870.393: [GC (Allocation Failure) 2024-03-22T21:09:54.972+0800: 101870.393: [ParNew: 20404118K->726139K(22937600K), 0.2244494 secs] 74567474K->54921322K(130940928K), 0.2247757 secs] [Times: user=2.77 sys=0.52, real=0.22 secs] 
2024-03-22T21:10:12.111+0800: 101887.532: [GC (Allocation Failure) 2024-03-22T21:10:12.111+0800: 101887.532: [ParNew: 20386939K->718177K(22937600K), 0.2196732 secs] 74582122K->54942257K(130940928K), 0.2200614 secs] [Times: user=2.63 sys=0.65, real=0.22 secs] 
2024-03-22T21:10:29.153+0800: 101904.574: [GC (Allocation Failure) 2024-03-22T21:10:29.154+0800: 101904.574: [ParNew: 20378977K->761561K(22937600K), 0.2502253 secs] 74603057K->55005943K(130940928K), 0.2505607 secs] [Times: user=2.74 sys=1.26, real=0.25 secs] 
2024-03-22T21:10:44.126+0800: 101919.547: [GC (Allocation Failure) 2024-03-22T21:10:44.126+0800: 101919.547: [ParNew: 20422361K->679801K(22937600K), 0.2240451 secs] 74666743K->54947056K(130940928K), 0.2244378 secs] [Times: user=3.12 sys=0.33, real=0.23 secs] 
2024-03-22T21:10:57.830+0800: 101933.251: [GC (Allocation Failure) 2024-03-22T21:10:57.830+0800: 101933.251: [ParNew: 20340601K->719734K(22937600K), 0.2118022 secs] 74607856K->55011316K(130940928K), 0.2122030 secs] [Times: user=2.67 sys=0.52, real=0.21 secs] 
2024-03-22T21:11:10.603+0800: 101946.024: [GC (Allocation Failure) 2024-03-22T21:11:10.604+0800: 101946.025: [ParNew: 20380534K->710525K(22937600K), 0.1944536 secs] 74672116K->55025981K(130940928K), 0.1949274 secs] [Times: user=2.68 sys=0.11, real=0.20 secs] 
2024-03-22T21:11:21.988+0800: 101957.409: [GC (Allocation Failure) 2024-03-22T21:11:21.988+0800: 101957.409: [ParNew: 20371325K->783793K(22937600K), 0.3007243 secs] 74686781K->55122913K(130940928K), 0.3011893 secs] [Times: user=3.27 sys=1.23, real=0.30 secs] 
2024-03-22T21:11:35.915+0800: 101971.336: [GC (Allocation Failure) 2024-03-22T21:11:35.915+0800: 101971.336: [ParNew: 20444593K->732632K(22937600K), 0.2372451 secs] 74783713K->55097994K(130940928K), 0.2377505 secs] [Times: user=3.07 sys=0.46, real=0.24 secs] 
2024-03-22T21:11:49.319+0800: 101984.740: [GC (Allocation Failure) 2024-03-22T21:11:49.319+0800: 101984.740: [ParNew: 20393432K->719407K(22937600K), 0.2225389 secs] 74758794K->55116320K(130940928K), 0.2230170 secs] [Times: user=2.75 sys=0.48, real=0.22 secs] 
2024-03-22T21:12:01.749+0800: 101997.170: [GC (Allocation Failure) 2024-03-22T21:12:01.749+0800: 101997.170: [ParNew: 20380207K->731830K(22937600K), 0.1973425 secs] 74777120K->55167846K(130940928K), 0.1978603 secs] [Times: user=2.75 sys=0.06, real=0.19 secs] 
2024-03-22T21:12:13.854+0800: 102009.275: [GC (Allocation Failure) 2024-03-22T21:12:13.854+0800: 102009.275: [ParNew: 20392630K->735791K(22937600K), 0.2931615 secs] 74828646K->55211866K(130940928K), 0.2935942 secs] [Times: user=3.10 sys=1.40, real=0.30 secs] 
2024-03-22T21:12:27.210+0800: 102022.630: [GC (Allocation Failure) 2024-03-22T21:12:27.210+0800: 102022.631: [ParNew: 20396591K->649981K(22937600K), 0.2162337 secs] 74872666K->55159660K(130940928K), 0.2166441 secs] [Times: user=2.64 sys=0.47, real=0.21 secs] 
2024-03-22T21:12:39.248+0800: 102034.669: [GC (Allocation Failure) 2024-03-22T21:12:39.248+0800: 102034.669: [ParNew: 20310781K->631672K(22937600K), 0.2102954 secs] 74820460K->55170500K(130940928K), 0.2107661 secs] [Times: user=2.69 sys=0.36, real=0.21 secs] 
2024-03-22T21:12:52.355+0800: 102047.776: [GC (Allocation Failure) 2024-03-22T21:12:52.356+0800: 102047.776: [ParNew: 20292472K->669490K(22937600K), 0.2575770 secs] 74831300K->55237162K(130940928K), 0.2579788 secs] [Times: user=2.91 sys=1.10, real=0.26 secs] 
2024-03-22T21:13:05.983+0800: 102061.404: [GC (Allocation Failure) 2024-03-22T21:13:05.984+0800: 102061.404: [ParNew: 20330290K->643423K(22937600K), 0.2086436 secs] 74897962K->55238175K(130940928K), 0.2090095 secs] [Times: user=2.83 sys=0.37, real=0.21 secs] 
2024-03-22T21:13:18.893+0800: 102074.314: [GC (Allocation Failure) 2024-03-22T21:13:18.894+0800: 102074.314: [ParNew: 20304223K->646018K(22937600K), 0.2333707 secs] 74898975K->55270488K(130940928K), 0.2337612 secs] [Times: user=3.09 sys=0.50, real=0.23 secs] 
2024-03-22T21:13:31.740+0800: 102087.161: [GC (Allocation Failure) 2024-03-22T21:13:31.740+0800: 102087.161: [ParNew: 20306818K->620690K(22937600K), 0.2010091 secs] 74931288K->55266920K(130940928K), 0.2013801 secs] [Times: user=2.83 sys=0.26, real=0.20 secs] 
2024-03-22T21:13:44.334+0800: 102099.755: [GC (Allocation Failure) 2024-03-22T21:13:44.334+0800: 102099.755: [ParNew: 20281490K->627454K(22937600K), 0.3122403 secs] 74927720K->55290809K(130940928K), 0.3126202 secs] [Times: user=2.67 sys=2.35, real=0.31 secs] 
2024-03-22T21:13:58.443+0800: 102113.864: [GC (Allocation Failure) 2024-03-22T21:13:58.443+0800: 102113.864: [ParNew: 20288254K->622272K(22937600K), 0.2236436 secs] 74951609K->55307809K(130940928K), 0.2241116 secs] [Times: user=2.67 sys=0.55, real=0.22 secs] 
2024-03-22T21:14:09.865+0800: 102125.286: [GC (Allocation Failure) 2024-03-22T21:14:09.866+0800: 102125.286: [ParNew: 20283072K->603279K(22937600K), 0.2800128 secs] 74968609K->55311150K(130940928K), 0.2804968 secs] [Times: user=3.63 sys=0.52, real=0.28 secs] 
2024-03-22T21:14:22.208+0800: 102137.629: [GC (Allocation Failure) 2024-03-22T21:14:22.209+0800: 102137.629: [ParNew: 20264079K->680656K(22937600K), 0.2265929 secs] 74971950K->55418741K(130940928K), 0.2270344 secs] [Times: user=3.02 sys=0.29, real=0.22 secs] 
2024-03-22T21:14:35.648+0800: 102151.069: [GC (Allocation Failure) 2024-03-22T21:14:35.649+0800: 102151.070: [ParNew: 20341456K->687648K(22937600K), 0.4108188 secs] 75079541K->55458447K(130940928K), 0.4112805 secs] [Times: user=2.94 sys=3.62, real=0.41 secs] 
2024-03-22T21:14:49.022+0800: 102164.443: [GC (Allocation Failure) 2024-03-22T21:14:49.022+0800: 102164.443: [ParNew: 20348448K->726012K(22937600K), 0.2714850 secs] 75119247K->55525956K(130940928K), 0.2719320 secs] [Times: user=3.22 sys=0.89, real=0.27 secs] 
2024-03-22T21:15:02.770+0800: 102178.191: [GC (Allocation Failure) 2024-03-22T21:15:02.770+0800: 102178.191: [ParNew: 20386812K->730171K(22937600K), 0.2474197 secs] 75186756K->55557411K(130940928K), 0.2478786 secs] [Times: user=3.10 sys=0.61, real=0.25 secs] 
2024-03-22T21:15:14.920+0800: 102190.341: [GC (Allocation Failure) 2024-03-22T21:15:14.920+0800: 102190.341: [ParNew: 20390971K->743580K(22937600K), 0.2144141 secs] 75218211K->55601570K(130940928K), 0.2148646 secs] [Times: user=2.99 sys=0.16, real=0.21 secs] 
2024-03-22T21:15:25.814+0800: 102201.234: [GC (Allocation Failure) 2024-03-22T21:15:25.814+0800: 102201.235: [ParNew: 20404380K->679105K(22937600K), 0.4446821 secs] 75262370K->55565774K(130940928K), 0.4451967 secs] [Times: user=2.86 sys=4.34, real=0.45 secs] 
2024-03-22T21:15:35.693+0800: 102211.114: [GC (Allocation Failure) 2024-03-22T21:15:35.694+0800: 102211.114: [ParNew: 20339905K->659599K(22937600K), 0.2306842 secs] 75226574K->55572010K(130940928K), 0.2311079 secs] [Times: user=2.57 sys=0.97, real=0.23 secs] 
2024-03-22T21:15:45.061+0800: 102220.481: [GC (Allocation Failure) 2024-03-22T21:15:45.061+0800: 102220.482: [ParNew: 20320399K->659156K(22937600K), 0.2487202 secs] 75232810K->55589097K(130940928K), 0.2490877 secs] [Times: user=3.47 sys=0.45, real=0.25 secs] 
2024-03-22T21:15:54.562+0800: 102229.983: [GC (Allocation Failure) 2024-03-22T21:15:54.563+0800: 102229.983: [ParNew: 20319956K->666448K(22937600K), 0.2291785 secs] 75249897K->55617213K(130940928K), 0.2295393 secs] [Times: user=3.34 sys=0.23, real=0.23 secs] 
2024-03-22T21:16:04.642+0800: 102240.062: [GC (Allocation Failure) 2024-03-22T21:16:04.642+0800: 102240.063: [ParNew: 20327248K->617637K(22937600K), 0.2200558 secs] 75278013K->55588346K(130940928K), 0.2204663 secs] [Times: user=2.93 sys=0.49, real=0.22 secs] 
2024-03-22T21:16:14.800+0800: 102250.221: [GC (Allocation Failure) 2024-03-22T21:16:14.800+0800: 102250.221: [ParNew: 20278437K->654917K(22937600K), 0.3551035 secs] 75249146K->55642373K(130940928K), 0.3554718 secs] [Times: user=3.00 sys=2.87, real=0.35 secs] 
2024-03-22T21:16:25.983+0800: 102261.403: [GC (Allocation Failure) 2024-03-22T21:16:25.983+0800: 102261.404: [ParNew: 20315717K->645289K(22937600K), 0.2125227 secs] 75303173K->55645543K(130940928K), 0.2128698 secs] [Times: user=2.65 sys=0.65, real=0.21 secs] 
2024-03-22T21:16:42.214+0800: 102277.634: [GC (Allocation Failure) 2024-03-22T21:16:42.214+0800: 102277.635: [ParNew: 20306089K->676013K(22937600K), 0.2472790 secs] 75306343K->55697809K(130940928K), 0.2476782 secs] [Times: user=2.81 sys=0.95, real=0.25 secs] 
2024-03-22T21:16:58.708+0800: 102294.129: [GC (Allocation Failure) 2024-03-22T21:16:58.708+0800: 102294.129: [ParNew: 20336813K->707369K(22937600K), 0.4150612 secs] 75358609K->55759416K(130940928K), 0.4154799 secs] [Times: user=3.15 sys=3.48, real=0.41 secs] 
2024-03-22T21:17:17.528+0800: 102312.949: [GC (Allocation Failure) 2024-03-22T21:17:17.529+0800: 102312.949: [ParNew: 20368169K->670427K(22937600K), 0.2860191 secs] 75420216K->55757963K(130940928K), 0.2864343 secs] [Times: user=2.97 sys=1.30, real=0.28 secs] 
2024-03-22T21:17:33.099+0800: 102328.520: [GC (Allocation Failure) 2024-03-22T21:17:33.099+0800: 102328.520: [ParNew: 20331227K->586171K(22937600K), 0.2492150 secs] 75418763K->55709098K(130940928K), 0.2496561 secs] [Times: user=3.14 sys=0.77, real=0.25 secs] 
2024-03-22T21:17:49.056+0800: 102344.477: [GC (Allocation Failure) 2024-03-22T21:17:49.056+0800: 102344.477: [ParNew: 20246971K->664418K(22937600K), 0.4187609 secs] 75369898K->55818212K(130940928K), 0.4191796 secs] [Times: user=3.27 sys=3.75, real=0.42 secs] 
2024-03-22T21:18:05.666+0800: 102361.087: [GC (Allocation Failure) 2024-03-22T21:18:05.666+0800: 102361.087: [ParNew: 20325218K->635100K(22937600K), 0.2583964 secs] 75479012K->55822433K(130940928K), 0.2588060 secs] [Times: user=2.96 sys=1.09, real=0.26 secs] 
2024-03-22T21:18:23.175+0800: 102378.596: [GC (Allocation Failure) 2024-03-22T21:18:23.175+0800: 102378.596: [ParNew: 20295900K->556877K(22937600K), 0.2772866 secs] 75483233K->55773241K(130940928K), 0.2777141 secs] [Times: user=3.17 sys=1.13, real=0.28 secs] 
2024-03-22T21:18:44.230+0800: 102399.651: [GC (Allocation Failure) 2024-03-22T21:18:44.230+0800: 102399.651: [ParNew: 20217677K->604135K(22937600K), 0.4197196 secs] 75434041K->55848087K(130940928K), 0.4202424 secs] [Times: user=2.94 sys=3.88, real=0.42 secs] 
2024-03-22T21:19:06.936+0800: 102422.357: [GC (Allocation Failure) 2024-03-22T21:19:06.936+0800: 102422.357: [ParNew: 20264935K->653017K(22937600K), 0.2822111 secs] 75508887K->55927553K(130940928K), 0.2825459 secs] [Times: user=2.89 sys=1.54, real=0.29 secs] 
2024-03-22T21:19:27.409+0800: 102442.830: [GC (Allocation Failure) 2024-03-22T21:19:27.409+0800: 102442.830: [ParNew: 20313817K->592418K(22937600K), 0.2010152 secs] 75588353K->55886556K(130940928K), 0.2013784 secs] [Times: user=2.45 sys=0.51, real=0.20 secs] 
2024-03-22T21:19:46.784+0800: 102462.205: [GC (Allocation Failure) 2024-03-22T21:19:46.785+0800: 102462.205: [ParNew: 20253218K->647254K(22937600K), 0.4038730 secs] 75547356K->55956156K(130940928K), 0.4042656 secs] [Times: user=3.11 sys=3.45, real=0.41 secs] 
2024-03-22T21:20:04.086+0800: 102479.507: [GC (Allocation Failure) 2024-03-22T21:20:04.086+0800: 102479.507: [ParNew: 20308054K->681062K(22937600K), 0.2545115 secs] 75616956K->56003263K(130940928K), 0.2549477 secs] [Times: user=2.67 sys=1.17, real=0.26 secs] 
2024-03-22T21:20:19.730+0800: 102495.151: [GC (Allocation Failure) 2024-03-22T21:20:19.731+0800: 102495.151: [ParNew: 20341862K->648738K(22937600K), 0.2126899 secs] 75664063K->55983576K(130940928K), 0.2131469 secs] [Times: user=2.92 sys=0.12, real=0.21 secs] 
2024-03-22T21:20:34.194+0800: 102509.615: [GC (Allocation Failure) 2024-03-22T21:20:34.195+0800: 102509.615: [ParNew: 20309538K->746979K(22937600K), 0.4188289 secs] 75644376K->56091867K(130940928K), 0.4193074 secs] [Times: user=3.52 sys=3.20, real=0.42 secs] 
2024-03-22T21:20:47.088+0800: 102522.509: [GC (Allocation Failure) 2024-03-22T21:20:47.088+0800: 102522.509: [ParNew: 20407779K->826440K(22937600K), 0.2267876 secs] 75752667K->56181892K(130940928K), 0.2272210 secs] [Times: user=2.77 sys=0.49, real=0.22 secs] 
2024-03-22T21:21:00.379+0800: 102535.800: [GC (Allocation Failure) 2024-03-22T21:21:00.380+0800: 102535.800: [ParNew: 20487240K->813103K(22937600K), 0.3173360 secs] 75842692K->56192031K(130940928K), 0.3177837 secs] [Times: user=4.50 sys=0.40, real=0.31 secs] 
2024-03-22T21:21:12.124+0800: 102547.545: [GC (Allocation Failure) 2024-03-22T21:21:12.124+0800: 102547.545: [ParNew: 20473903K->769124K(22937600K), 0.2599930 secs] 75852831K->56174867K(130940928K), 0.2604344 secs] [Times: user=3.02 sys=0.99, real=0.26 secs] 
2024-03-22T21:21:25.652+0800: 102561.073: [GC (Allocation Failure) 2024-03-22T21:21:25.652+0800: 102561.073: [ParNew: 20429924K->847473K(22937600K), 0.2281698 secs] 75835667K->56281554K(130940928K), 0.2286190 secs] [Times: user=2.83 sys=0.60, real=0.23 secs] 
2024-03-22T21:21:39.515+0800: 102574.936: [GC (Allocation Failure) 2024-03-22T21:21:39.515+0800: 102574.936: [ParNew: 20508273K->827420K(22937600K), 0.2249873 secs] 75942354K->56292224K(130940928K), 0.2253518 secs] [Times: user=2.74 sys=0.48, real=0.23 secs] 
2024-03-22T21:21:53.649+0800: 102589.069: [GC (Allocation Failure) 2024-03-22T21:21:53.649+0800: 102589.070: [ParNew: 20488220K->811217K(22937600K), 0.2632333 secs] 75953024K->56312209K(130940928K), 0.2636248 secs] [Times: user=3.89 sys=0.20, real=0.26 secs] 
2024-03-22T21:22:12.079+0800: 102607.500: [GC (Allocation Failure) 2024-03-22T21:22:12.079+0800: 102607.500: [ParNew: 20472017K->803761K(22937600K), 0.3157202 secs] 75973009K->56338643K(130940928K), 0.3161870 secs] [Times: user=3.06 sys=1.94, real=0.31 secs] 
2024-03-22T21:22:34.659+0800: 102630.080: [GC (Allocation Failure) 2024-03-22T21:22:34.659+0800: 102630.080: [ParNew: 20464561K->736188K(22937600K), 0.2404673 secs] 75999443K->56300574K(130940928K), 0.2408333 secs] [Times: user=2.93 sys=0.73, real=0.24 secs] 
2024-03-22T21:22:54.140+0800: 102649.561: [GC (Allocation Failure) 2024-03-22T21:22:54.141+0800: 102649.561: [ParNew: 20396988K->759927K(22937600K), 0.3311127 secs] 75961374K->56346035K(130940928K), 0.3314778 secs] [Times: user=2.83 sys=2.31, real=0.33 secs] 
2024-03-22T21:23:10.435+0800: 102665.856: [GC (Allocation Failure) 2024-03-22T21:23:10.435+0800: 102665.856: [ParNew: 20420727K->758859K(22937600K), 0.2265571 secs] 76006835K->56367443K(130940928K), 0.2269802 secs] [Times: user=2.60 sys=0.69, real=0.23 secs] 
2024-03-22T21:23:28.938+0800: 102684.358: [GC (Allocation Failure) 2024-03-22T21:23:28.938+0800: 102684.359: [ParNew: 20419659K->818529K(22937600K), 0.2321698 secs] 76028243K->56454559K(130940928K), 0.2325783 secs] [Times: user=2.75 sys=0.57, real=0.23 secs] 
2024-03-22T21:23:47.801+0800: 102703.222: [GC (Allocation Failure) 2024-03-22T21:23:47.801+0800: 102703.222: [ParNew: 20479329K->859686K(22937600K), 0.3046329 secs] 76115359K->56522650K(130940928K), 0.3051008 secs] [Times: user=2.96 sys=1.58, real=0.30 secs] 
2024-03-22T21:24:05.234+0800: 102720.655: [GC (Allocation Failure) 2024-03-22T21:24:05.234+0800: 102720.655: [ParNew: 20520486K->866254K(22937600K), 0.3519445 secs] 76183450K->56561865K(130940928K), 0.3523547 secs] [Times: user=4.44 sys=1.02, real=0.35 secs] 
2024-03-22T21:24:21.582+0800: 102737.003: [GC (Allocation Failure) 2024-03-22T21:24:21.582+0800: 102737.003: [ParNew: 20527054K->738604K(22937600K), 0.3026289 secs] 76222665K->56478234K(130940928K), 0.3030414 secs] [Times: user=4.03 sys=0.56, real=0.30 secs] 
2024-03-22T21:24:37.377+0800: 102752.797: [GC (Allocation Failure) 2024-03-22T21:24:37.377+0800: 102752.798: [ParNew: 20399404K->845016K(22937600K), 0.3432670 secs] 76139034K->56628428K(130940928K), 0.3437573 secs] [Times: user=3.07 sys=2.20, real=0.35 secs] 
2024-03-22T21:24:55.306+0800: 102770.727: [GC (Allocation Failure) 2024-03-22T21:24:55.306+0800: 102770.727: [ParNew: 20505816K->758554K(22937600K), 0.2692626 secs] 76289228K->56584971K(130940928K), 0.2696404 secs] [Times: user=3.18 sys=0.95, real=0.27 secs] 
2024-03-22T21:25:13.805+0800: 102789.226: [GC (Allocation Failure) 2024-03-22T21:25:13.805+0800: 102789.226: [ParNew: 20419354K->777349K(22937600K), 0.2897712 secs] 76245771K->56645004K(130940928K), 0.2901410 secs] [Times: user=4.12 sys=0.50, real=0.29 secs] 
2024-03-22T21:25:29.182+0800: 102804.602: [GC (Allocation Failure) 2024-03-22T21:25:29.182+0800: 102804.603: [ParNew: 20438149K->731675K(22937600K), 0.2604704 secs] 76305804K->56628014K(130940928K), 0.2607599 secs] [Times: user=2.83 sys=1.12, real=0.26 secs] 
2024-03-22T21:25:43.467+0800: 102818.888: [GC (Allocation Failure) 2024-03-22T21:25:43.468+0800: 102818.888: [ParNew: 20392475K->793573K(22937600K), 0.2436281 secs] 76288814K->56718233K(130940928K), 0.2439708 secs] [Times: user=3.05 sys=0.61, real=0.25 secs] 
2024-03-22T21:25:57.159+0800: 102832.579: [GC (Allocation Failure) 2024-03-22T21:25:57.159+0800: 102832.580: [ParNew: 20454373K->719137K(22937600K), 0.2064718 secs] 76379033K->56670215K(130940928K), 0.2068034 secs] [Times: user=2.60 sys=0.37, real=0.20 secs] 
2024-03-22T21:26:10.798+0800: 102846.218: [GC (Allocation Failure) 2024-03-22T21:26:10.798+0800: 102846.219: [ParNew: 20379937K->765186K(22937600K), 0.2656901 secs] 76331015K->56740983K(130940928K), 0.2661503 secs] [Times: user=2.94 sys=1.17, real=0.26 secs] 
2024-03-22T21:26:22.620+0800: 102858.041: [GC (Allocation Failure) 2024-03-22T21:26:22.621+0800: 102858.042: [ParNew: 20425986K->761197K(22937600K), 0.2451780 secs] 76401783K->56759687K(130940928K), 0.2456047 secs] [Times: user=3.02 sys=0.65, real=0.24 secs] 
2024-03-22T21:26:34.407+0800: 102869.828: [GC (Allocation Failure) 2024-03-22T21:26:34.407+0800: 102869.828: [ParNew: 20421997K->803589K(22937600K), 0.2187502 secs] 76420487K->56827095K(130940928K), 0.2191805 secs] [Times: user=2.75 sys=0.44, real=0.22 secs] 
2024-03-22T21:26:48.028+0800: 102883.449: [GC (Allocation Failure) 2024-03-22T21:26:48.029+0800: 102883.449: [ParNew: 20464389K->742619K(22937600K), 0.3056958 secs] 76487895K->56796190K(130940928K), 0.3061138 secs] [Times: user=4.39 sys=0.30, real=0.30 secs] 
2024-03-22T21:27:00.846+0800: 102896.267: [GC (Allocation Failure) 2024-03-22T21:27:00.847+0800: 102896.267: [ParNew: 20403419K->860676K(22937600K), 0.2051692 secs] 76456990K->56943593K(130940928K), 0.2056055 secs] [Times: user=2.65 sys=0.23, real=0.21 secs] 
2024-03-22T21:27:12.663+0800: 102908.084: [GC (Allocation Failure) 2024-03-22T21:27:12.663+0800: 102908.084: [ParNew: 20521476K->892920K(22937600K), 0.4046735 secs] 76604393K->57011275K(130940928K), 0.4051065 secs] [Times: user=3.95 sys=2.26, real=0.41 secs] 
2024-03-22T21:27:24.343+0800: 102919.764: [GC (Allocation Failure) 2024-03-22T21:27:24.343+0800: 102919.764: [ParNew: 20553720K->861139K(22937600K), 0.2459414 secs] 76672075K->57013148K(130940928K), 0.2463539 secs] [Times: user=2.84 sys=0.63, real=0.25 secs] 
2024-03-22T21:27:36.408+0800: 102931.829: [GC (Allocation Failure) 2024-03-22T21:27:36.409+0800: 102931.830: [ParNew: 20521939K->815102K(22937600K), 0.2239985 secs] 76673948K->57006338K(130940928K), 0.2243820 secs] [Times: user=2.73 sys=0.32, real=0.22 secs] 
2024-03-22T21:27:49.677+0800: 102945.098: [GC (Allocation Failure) 2024-03-22T21:27:49.677+0800: 102945.098: [ParNew: 20475902K->828716K(22937600K), 0.2004171 secs] 76667138K->57057967K(130940928K), 0.2008622 secs] [Times: user=2.56 sys=0.36, real=0.21 secs] 
2024-03-22T21:28:02.861+0800: 102958.282: [GC (Allocation Failure) 2024-03-22T21:28:02.862+0800: 102958.282: [ParNew: 20489516K->862575K(22937600K), 0.3006234 secs] 76718767K->57128339K(130940928K), 0.3010910 secs] [Times: user=3.33 sys=1.38, real=0.30 secs] 
2024-03-22T21:28:16.554+0800: 102971.975: [GC (Allocation Failure) 2024-03-22T21:28:16.554+0800: 102971.975: [ParNew: 20523375K->771971K(22937600K), 0.2324345 secs] 76789139K->57067311K(130940928K), 0.2328655 secs] [Times: user=2.71 sys=0.86, real=0.23 secs] 
2024-03-22T21:28:30.739+0800: 102986.160: [GC (Allocation Failure) 2024-03-22T21:28:30.739+0800: 102986.160: [ParNew: 20432771K->770247K(22937600K), 0.2152145 secs] 76728111K->57091834K(130940928K), 0.2156093 secs] [Times: user=2.75 sys=0.53, real=0.21 secs] 
2024-03-22T21:28:45.832+0800: 103001.253: [GC (Allocation Failure) 2024-03-22T21:28:45.832+0800: 103001.253: [ParNew: 20431047K->732554K(22937600K), 0.2726202 secs] 76752634K->57082188K(130940928K), 0.2729777 secs] [Times: user=3.96 sys=0.16, real=0.27 secs] 
2024-03-22T21:28:59.138+0800: 103014.559: [GC (Allocation Failure) 2024-03-22T21:28:59.138+0800: 103014.559: [ParNew: 20393354K->805620K(22937600K), 0.2826744 secs] 76742988K->57182735K(130940928K), 0.2830564 secs] [Times: user=2.96 sys=1.42, real=0.28 secs] 
2024-03-22T21:29:12.535+0800: 103027.956: [GC (Allocation Failure) 2024-03-22T21:29:12.536+0800: 103027.956: [ParNew: 20466420K->820786K(22937600K), 0.3170522 secs] 76843535K->57233128K(130940928K), 0.3174278 secs] [Times: user=4.28 sys=0.66, real=0.32 secs] 
2024-03-22T21:29:26.027+0800: 103041.448: [GC (Allocation Failure) 2024-03-22T21:29:26.028+0800: 103041.449: [ParNew: 20481586K->745545K(22937600K), 0.2613352 secs] 76893928K->57190766K(130940928K), 0.2617957 secs] [Times: user=3.45 sys=0.47, real=0.27 secs] 
2024-03-22T21:29:38.211+0800: 103053.632: [GC (Allocation Failure) 2024-03-22T21:29:38.211+0800: 103053.632: [ParNew: 20406345K->859826K(22937600K), 0.2170357 secs] 76851566K->57340201K(130940928K), 0.2174572 secs] [Times: user=2.96 sys=0.15, real=0.22 secs] 
2024-03-22T21:29:50.273+0800: 103065.694: [GC (Allocation Failure) 2024-03-22T21:29:50.273+0800: 103065.694: [ParNew: 20520626K->881461K(22937600K), 0.3447293 secs] 77001001K->57396705K(130940928K), 0.3452101 secs] [Times: user=3.18 sys=2.14, real=0.35 secs] 
2024-03-22T21:30:03.352+0800: 103078.772: [GC (Allocation Failure) 2024-03-22T21:30:03.352+0800: 103078.773: [ParNew: 20542261K->843951K(22937600K), 0.3388777 secs] 77057505K->57397567K(130940928K), 0.3392893 secs] [Times: user=4.26 sys=0.90, real=0.34 secs] 
2024-03-22T21:30:15.375+0800: 103090.796: [GC (Allocation Failure) 2024-03-22T21:30:15.375+0800: 103090.796: [ParNew: 20504751K->839742K(22937600K), 0.3090702 secs] 77058367K->57432553K(130940928K), 0.3095193 secs] [Times: user=4.40 sys=0.34, real=0.31 secs] 
2024-03-22T21:30:26.902+0800: 103102.323: [GC (Allocation Failure) 2024-03-22T21:30:26.902+0800: 103102.323: [ParNew: 20500542K->760638K(22937600K), 0.2266615 secs] 77093353K->57391799K(130940928K), 0.2271336 secs] [Times: user=2.67 sys=0.35, real=0.23 secs] 
2024-03-22T21:30:39.018+0800: 103114.439: [GC (Allocation Failure) 2024-03-22T21:30:39.018+0800: 103114.439: [ParNew: 20421438K->873602K(22937600K), 0.3170726 secs] 77052599K->57543754K(130940928K), 0.3176266 secs] [Times: user=2.97 sys=1.93, real=0.31 secs] 
2024-03-22T21:30:50.987+0800: 103126.408: [GC (Allocation Failure) 2024-03-22T21:30:50.987+0800: 103126.408: [ParNew: 20534402K->846283K(22937600K), 0.2308881 secs] 77204554K->57555822K(130940928K), 0.2313409 secs] [Times: user=2.59 sys=0.83, real=0.24 secs] 
2024-03-22T21:31:04.639+0800: 103140.060: [GC (Allocation Failure) 2024-03-22T21:31:04.639+0800: 103140.060: [ParNew: 20507083K->833482K(22937600K), 0.2095236 secs] 77216622K->57575277K(130940928K), 0.2099193 secs] [Times: user=2.65 sys=0.53, real=0.21 secs] 
2024-03-22T21:31:19.531+0800: 103154.952: [GC (Allocation Failure) 2024-03-22T21:31:19.531+0800: 103154.952: [ParNew: 20494282K->764744K(22937600K), 0.2322454 secs] 77236077K->57539081K(130940928K), 0.2326986 secs] [Times: user=3.53 sys=0.02, real=0.23 secs] 
2024-03-22T21:31:36.414+0800: 103171.835: [GC (Allocation Failure) 2024-03-22T21:31:36.414+0800: 103171.835: [ParNew: 20425544K->790847K(22937600K), 0.2882857 secs] 77199881K->57592522K(130940928K), 0.2886465 secs] [Times: user=2.73 sys=1.91, real=0.29 secs] 
2024-03-22T21:31:51.898+0800: 103187.319: [GC (Allocation Failure) 2024-03-22T21:31:51.899+0800: 103187.319: [ParNew: 20451647K->771938K(22937600K), 0.2371366 secs] 77253322K->57595426K(130940928K), 0.2374669 secs] [Times: user=3.01 sys=0.64, real=0.23 secs] 
2024-03-22T21:32:05.269+0800: 103200.690: [GC (Allocation Failure) 2024-03-22T21:32:05.269+0800: 103200.690: [ParNew: 20432738K->689759K(22937600K), 0.1967077 secs] 77256226K->57537806K(130940928K), 0.1970687 secs] [Times: user=2.69 sys=0.18, real=0.19 secs] 
2024-03-22T21:32:16.726+0800: 103212.147: [GC (Allocation Failure) 2024-03-22T21:32:16.726+0800: 103212.147: [ParNew: 20350559K->805975K(22937600K), 0.2612355 secs] 77198606K->57684303K(130940928K), 0.2616061 secs] [Times: user=2.96 sys=1.03, real=0.27 secs] 
2024-03-22T21:32:27.619+0800: 103223.040: [GC (Allocation Failure) 2024-03-22T21:32:27.619+0800: 103223.040: [ParNew: 20466775K->740691K(22937600K), 0.2636587 secs] 77345103K->57654073K(130940928K), 0.2640551 secs] [Times: user=3.29 sys=0.76, real=0.26 secs] 
2024-03-22T21:32:39.239+0800: 103234.660: [GC (Allocation Failure) 2024-03-22T21:32:39.239+0800: 103234.660: [ParNew: 20401491K->750370K(22937600K), 0.2068182 secs] 77314873K->57697960K(130940928K), 0.2071961 secs] [Times: user=2.45 sys=0.61, real=0.20 secs] 
2024-03-22T21:32:50.476+0800: 103245.897: [GC (Allocation Failure) 2024-03-22T21:32:50.476+0800: 103245.897: [ParNew: 20411170K->728584K(22937600K), 0.2011617 secs] 77358760K->57708485K(130940928K), 0.2016035 secs] [Times: user=2.76 sys=0.18, real=0.20 secs] 
2024-03-22T21:33:02.324+0800: 103257.745: [GC (Allocation Failure) 2024-03-22T21:33:02.324+0800: 103257.745: [ParNew: 20389384K->825757K(22937600K), 0.2583825 secs] 77369285K->57841824K(130940928K), 0.2588253 secs] [Times: user=2.76 sys=1.13, real=0.26 secs] 
2024-03-22T21:33:16.057+0800: 103271.478: [GC (Allocation Failure) 2024-03-22T21:33:16.057+0800: 103271.478: [ParNew: 20486557K->791798K(22937600K), 0.2544928 secs] 77502624K->57846832K(130940928K), 0.2549257 secs] [Times: user=3.34 sys=0.52, real=0.26 secs] 
2024-03-22T21:33:29.987+0800: 103285.408: [GC (Allocation Failure) 2024-03-22T21:33:29.987+0800: 103285.408: [ParNew: 20452598K->775465K(22937600K), 0.2597079 secs] 77507632K->57867720K(130940928K), 0.2601375 secs] [Times: user=3.22 sys=0.65, real=0.26 secs] 
2024-03-22T21:33:42.169+0800: 103297.590: [GC (Allocation Failure) 2024-03-22T21:33:42.170+0800: 103297.590: [ParNew: 20436265K->740353K(22937600K), 0.2086457 secs] 77528520K->57867626K(130940928K), 0.2090775 secs] [Times: user=2.75 sys=0.15, real=0.21 secs] 
2024-03-22T21:33:54.724+0800: 103310.145: [GC (Allocation Failure) 2024-03-22T21:33:54.724+0800: 103310.145: [ParNew: 20401153K->833227K(22937600K), 0.4656728 secs] 77528426K->57993138K(130940928K), 0.4661417 secs] [Times: user=5.24 sys=2.15, real=0.47 secs] 
2024-03-22T21:34:09.091+0800: 103324.511: [GC (Allocation Failure) 2024-03-22T21:34:09.091+0800: 103324.512: [ParNew: 20494027K->784092K(22937600K), 0.2345587 secs] 77653938K->57966264K(130940928K), 0.2349632 secs] [Times: user=2.55 sys=0.96, real=0.23 secs] 
2024-03-22T21:34:22.972+0800: 103338.392: [GC (Allocation Failure) 2024-03-22T21:34:22.972+0800: 103338.393: [ParNew: 20444892K->776902K(22937600K), 0.2236918 secs] 77627064K->57980059K(130940928K), 0.2241029 secs] [Times: user=2.77 sys=0.57, real=0.22 secs] 
2024-03-22T21:34:37.785+0800: 103353.206: [GC (Allocation Failure) 2024-03-22T21:34:37.785+0800: 103353.206: [ParNew: 20437702K->859917K(22937600K), 0.3029123 secs] 77640859K->58080184K(130940928K), 0.3033558 secs] [Times: user=2.86 sys=1.94, real=0.31 secs] 
2024-03-22T21:34:53.850+0800: 103369.271: [GC (Allocation Failure) 2024-03-22T21:34:53.851+0800: 103369.271: [ParNew: 20520717K->753235K(22937600K), 0.2377209 secs] 77740984K->57988878K(130940928K), 0.2380750 secs] [Times: user=2.85 sys=0.68, real=0.24 secs] 
2024-03-22T21:35:09.465+0800: 103384.886: [GC (Allocation Failure) 2024-03-22T21:35:09.465+0800: 103384.886: [ParNew: 20414035K->809702K(22937600K), 0.2257929 secs] 77649678K->58072404K(130940928K), 0.2261246 secs] [Times: user=2.64 sys=0.67, real=0.23 secs] 
2024-03-22T21:35:25.140+0800: 103400.561: [GC (Allocation Failure) 2024-03-22T21:35:25.140+0800: 103400.561: [ParNew: 20470502K->756375K(22937600K), 0.2338574 secs] 77733204K->58049312K(130940928K), 0.2342668 secs] [Times: user=3.51 sys=0.07, real=0.23 secs] 
2024-03-22T21:35:41.085+0800: 103416.506: [GC (Allocation Failure) 2024-03-22T21:35:41.085+0800: 103416.506: [ParNew: 20417175K->818414K(22937600K), 0.3415316 secs] 77710112K->58149341K(130940928K), 0.3419308 secs] [Times: user=3.26 sys=2.13, real=0.34 secs] 
2024-03-22T21:35:55.887+0800: 103431.308: [GC (Allocation Failure) 2024-03-22T21:35:55.887+0800: 103431.308: [ParNew: 20479214K->793437K(22937600K), 0.2189482 secs] 77810141K->58157869K(130940928K), 0.2193226 secs] [Times: user=2.67 sys=0.52, real=0.22 secs] 
2024-03-22T21:36:10.462+0800: 103445.883: [GC (Allocation Failure) 2024-03-22T21:36:10.462+0800: 103445.883: [ParNew: 20454237K->775895K(22937600K), 0.2553521 secs] 77818669K->58174635K(130940928K), 0.2557553 secs] [Times: user=3.28 sys=0.58, real=0.26 secs] 
2024-03-22T21:36:24.249+0800: 103459.670: [GC (Allocation Failure) 2024-03-22T21:36:24.250+0800: 103459.671: [ParNew: 20436695K->853974K(22937600K), 0.2705485 secs] 77835435K->58287463K(130940928K), 0.2710734 secs] [Times: user=2.90 sys=1.19, real=0.27 secs] 
2024-03-22T21:36:37.409+0800: 103472.829: [GC (Allocation Failure) 2024-03-22T21:36:37.409+0800: 103472.830: [ParNew: 20514774K->817647K(22937600K), 0.2193902 secs] 77948263K->58289078K(130940928K), 0.2198317 secs] [Times: user=2.63 sys=0.45, real=0.22 secs] 
2024-03-22T21:36:51.625+0800: 103487.046: [GC (Allocation Failure) 2024-03-22T21:36:51.625+0800: 103487.046: [ParNew: 20478447K->810092K(22937600K), 0.2415459 secs] 77949878K->58319812K(130940928K), 0.2419608 secs] [Times: user=3.21 sys=0.54, real=0.24 secs] 
2024-03-22T21:37:04.094+0800: 103499.515: [GC (Allocation Failure) 2024-03-22T21:37:04.094+0800: 103499.515: [ParNew: 20470892K->791539K(22937600K), 0.2190109 secs] 77980612K->58343545K(130940928K), 0.2194622 secs] [Times: user=2.82 sys=0.32, real=0.22 secs] 
2024-03-22T21:37:18.607+0800: 103514.028: [GC (Allocation Failure) 2024-03-22T21:37:18.608+0800: 103514.029: [ParNew: 20452339K->799991K(22937600K), 0.2801478 secs] 78004345K->58394617K(130940928K), 0.2807334 secs] [Times: user=2.92 sys=1.35, real=0.29 secs] 
2024-03-22T21:37:34.095+0800: 103529.516: [GC (Allocation Failure) 2024-03-22T21:37:34.096+0800: 103529.516: [ParNew: 20460791K->798615K(22937600K), 0.2384758 secs] 78055417K->58431385K(130940928K), 0.2388941 secs] [Times: user=2.74 sys=0.84, real=0.24 secs] 
2024-03-22T21:37:48.188+0800: 103543.609: [GC (Allocation Failure) 2024-03-22T21:37:48.189+0800: 103543.609: [ParNew: 20459415K->733851K(22937600K), 0.2334688 secs] 78092185K->58397394K(130940928K), 0.2339018 secs] [Times: user=2.94 sys=0.67, real=0.23 secs] 
2024-03-22T21:38:03.193+0800: 103558.614: [GC (Allocation Failure) 2024-03-22T21:38:03.193+0800: 103558.614: [ParNew: 20394651K->764770K(22937600K), 0.2290495 secs] 78058194K->58460105K(130940928K), 0.2294788 secs] [Times: user=2.80 sys=0.64, real=0.23 secs] 
2024-03-22T21:38:16.603+0800: 103572.024: [GC (Allocation Failure) 2024-03-22T21:38:16.604+0800: 103572.024: [ParNew: 20425570K->677038K(22937600K), 0.2219849 secs] 78120905K->58397719K(130940928K), 0.2223719 secs] [Times: user=2.64 sys=0.75, real=0.22 secs] 
2024-03-22T21:38:28.881+0800: 103584.301: [GC (Allocation Failure) 2024-03-22T21:38:28.881+0800: 103584.302: [ParNew: 20337838K->732994K(22937600K), 0.2104911 secs] 78058519K->58478166K(130940928K), 0.2108353 secs] [Times: user=2.69 sys=0.50, real=0.21 secs] 
2024-03-22T21:38:42.140+0800: 103597.561: [GC (Allocation Failure) 2024-03-22T21:38:42.140+0800: 103597.561: [ParNew: 20393794K->764504K(22937600K), 0.2086048 secs] 78138966K->58533267K(130940928K), 0.2089474 secs] [Times: user=2.73 sys=0.33, real=0.21 secs] 
2024-03-22T21:38:56.083+0800: 103611.504: [GC (Allocation Failure) 2024-03-22T21:38:56.083+0800: 103611.504: [ParNew: 20425304K->761808K(22937600K), 0.2964969 secs] 78194067K->58552998K(130940928K), 0.2968523 secs] [Times: user=2.95 sys=1.54, real=0.30 secs] 
2024-03-22T21:39:10.989+0800: 103626.410: [GC (Allocation Failure) 2024-03-22T21:39:10.989+0800: 103626.410: [ParNew: 20422608K->698365K(22937600K), 0.3161764 secs] 78213798K->58521172K(130940928K), 0.3165244 secs] [Times: user=4.31 sys=0.61, real=0.31 secs] 
2024-03-22T21:39:23.264+0800: 103638.685: [GC (Allocation Failure) 2024-03-22T21:39:23.264+0800: 103638.685: [ParNew: 20359165K->818455K(22937600K), 0.2296194 secs] 78181972K->58676157K(130940928K), 0.2300276 secs] [Times: user=2.74 sys=0.54, real=0.23 secs] 
2024-03-22T21:39:39.184+0800: 103654.605: [GC (Allocation Failure) 2024-03-22T21:39:39.184+0800: 103654.605: [ParNew: 20479255K->722750K(22937600K), 0.2018884 secs] 78336957K->58613644K(130940928K), 0.2023635 secs] [Times: user=2.63 sys=0.17, real=0.20 secs] 
2024-03-22T21:39:54.028+0800: 103669.449: [GC (Allocation Failure) 2024-03-22T21:39:54.028+0800: 103669.449: [ParNew: 20383550K->794394K(22937600K), 0.3241111 secs] 78274444K->58717468K(130940928K), 0.3246595 secs] [Times: user=2.86 sys=2.10, real=0.32 secs] 
2024-03-22T21:40:10.965+0800: 103686.386: [GC (Allocation Failure) 2024-03-22T21:40:10.966+0800: 103686.386: [ParNew: 20455194K->735676K(22937600K), 0.2223125 secs] 78378268K->58699220K(130940928K), 0.2227385 secs] [Times: user=2.55 sys=0.69, real=0.23 secs] 
2024-03-22T21:40:25.965+0800: 103701.386: [GC (Allocation Failure) 2024-03-22T21:40:25.965+0800: 103701.386: [ParNew: 20396476K->771323K(22937600K), 0.2095418 secs] 78360020K->58775220K(130940928K), 0.2099644 secs] [Times: user=2.68 sys=0.29, real=0.21 secs] 
2024-03-22T21:40:42.399+0800: 103717.820: [GC (Allocation Failure) 2024-03-22T21:40:42.400+0800: 103717.821: [ParNew: 20432123K->712200K(22937600K), 0.2770907 secs] 78436020K->58753685K(130940928K), 0.2774816 secs] [Times: user=2.80 sys=1.39, real=0.27 secs] 
2024-03-22T21:41:02.178+0800: 103737.599: [GC (Allocation Failure) 2024-03-22T21:41:02.179+0800: 103737.599: [ParNew: 20373000K->669420K(22937600K), 0.2451825 secs] 78414485K->58745684K(130940928K), 0.2455629 secs] [Times: user=3.00 sys=0.79, real=0.24 secs] 
2024-03-22T21:41:20.925+0800: 103756.345: [GC (Allocation Failure) 2024-03-22T21:41:20.925+0800: 103756.346: [ParNew: 20330220K->709370K(22937600K), 0.2032280 secs] 78406484K->58820830K(130940928K), 0.2036115 secs] [Times: user=2.65 sys=0.34, real=0.21 secs] 
2024-03-22T21:41:39.163+0800: 103774.584: [GC (Allocation Failure) 2024-03-22T21:41:39.163+0800: 103774.584: [ParNew: 20370170K->681261K(22937600K), 0.2734623 secs] 78481630K->58815637K(130940928K), 0.2739256 secs] [Times: user=2.49 sys=1.76, real=0.27 secs] 
2024-03-22T21:41:53.536+0800: 103788.957: [GC (Allocation Failure) 2024-03-22T21:41:53.536+0800: 103788.957: [ParNew: 20342061K->708243K(22937600K), 0.2103597 secs] 78476437K->58866040K(130940928K), 0.2107772 secs] [Times: user=2.55 sys=0.58, real=0.21 secs] 
2024-03-22T21:42:09.496+0800: 103804.917: [GC (Allocation Failure) 2024-03-22T21:42:09.497+0800: 103804.917: [ParNew: 20369043K->638183K(22937600K), 0.2227097 secs] 78526840K->58817443K(130940928K), 0.2231138 secs] [Times: user=2.90 sys=0.41, real=0.23 secs] 
2024-03-22T21:42:23.814+0800: 103819.235: [GC (Allocation Failure) 2024-03-22T21:42:23.814+0800: 103819.235: [ParNew: 20298983K->731286K(22937600K), 0.2681187 secs] 78478243K->58931943K(130940928K), 0.2685686 secs] [Times: user=2.79 sys=1.24, real=0.27 secs] 
2024-03-22T21:42:37.793+0800: 103833.214: [GC (Allocation Failure) 2024-03-22T21:42:37.793+0800: 103833.214: [ParNew: 20392086K->714273K(22937600K), 0.3536471 secs] 78592743K->58940019K(130940928K), 0.3541070 secs] [Times: user=4.92 sys=0.61, real=0.35 secs] 
2024-03-22T21:42:52.634+0800: 103848.055: [GC (Allocation Failure) 2024-03-22T21:42:52.634+0800: 103848.055: [ParNew: 20375073K->718175K(22937600K), 0.2155658 secs] 78600819K->58973421K(130940928K), 0.2160004 secs] [Times: user=2.63 sys=0.51, real=0.22 secs] 
2024-03-22T21:43:09.360+0800: 103864.781: [GC (Allocation Failure) 2024-03-22T21:43:09.360+0800: 103864.781: [ParNew: 20378975K->740541K(22937600K), 0.3260568 secs] 78634221K->59021241K(130940928K), 0.3264989 secs] [Times: user=2.85 sys=2.22, real=0.32 secs] 
2024-03-22T21:43:28.123+0800: 103883.544: [GC (Allocation Failure) 2024-03-22T21:43:28.124+0800: 103883.544: [ParNew: 20401341K->673070K(22937600K), 0.2158419 secs] 78682041K->58985607K(130940928K), 0.2162601 secs] [Times: user=2.51 sys=0.65, real=0.22 secs] 
2024-03-22T21:43:46.193+0800: 103901.614: [GC (Allocation Failure) 2024-03-22T21:43:46.193+0800: 103901.614: [ParNew: 20333870K->708417K(22937600K), 0.2384795 secs] 78646407K->59054763K(130940928K), 0.2388999 secs] [Times: user=2.70 sys=0.87, real=0.24 secs] 
2024-03-22T21:44:02.603+0800: 103918.024: [GC (Allocation Failure) 2024-03-22T21:44:02.603+0800: 103918.024: [ParNew: 20369217K->746218K(22937600K), 0.2908644 secs] 78715563K->59128197K(130940928K), 0.2912606 secs] [Times: user=2.71 sys=1.61, real=0.29 secs] 
2024-03-22T21:44:15.634+0800: 103931.055: [GC (Allocation Failure) 2024-03-22T21:44:15.634+0800: 103931.055: [ParNew: 20407018K->669332K(22937600K), 0.2040994 secs] 78788997K->59081484K(130940928K), 0.2046640 secs] [Times: user=2.48 sys=0.35, real=0.21 secs] 
2024-03-22T21:44:26.245+0800: 103941.666: [GC (Allocation Failure) 2024-03-22T21:44:26.246+0800: 103941.666: [ParNew: 20330132K->660349K(22937600K), 0.1911309 secs] 78742284K->59099688K(130940928K), 0.1915315 secs] [Times: user=2.52 sys=0.35, real=0.19 secs] 
2024-03-22T21:44:39.652+0800: 103955.073: [GC (Allocation Failure) 2024-03-22T21:44:39.652+0800: 103955.073: [ParNew: 20321149K->680689K(22937600K), 0.1972283 secs] 78760488K->59142755K(130940928K), 0.1976169 secs] [Times: user=2.57 sys=0.35, real=0.20 secs] 
2024-03-22T21:44:56.786+0800: 103972.207: [GC (Allocation Failure) 2024-03-22T21:44:56.787+0800: 103972.207: [ParNew: 20341489K->669673K(22937600K), 0.2591829 secs] 78803555K->59148948K(130940928K), 0.2596221 secs] [Times: user=2.73 sys=1.15, real=0.26 secs] 
2024-03-22T21:45:13.691+0800: 103989.112: [GC (Allocation Failure) 2024-03-22T21:45:13.692+0800: 103989.112: [ParNew: 20330473K->697655K(22937600K), 0.3526559 secs] 78809748K->59197743K(130940928K), 0.3530680 secs] [Times: user=4.82 sys=0.66, real=0.35 secs] 
2024-03-22T21:45:30.595+0800: 104006.016: [GC (Allocation Failure) 2024-03-22T21:45:30.595+0800: 104006.016: [ParNew: 20358455K->676909K(22937600K), 0.2534499 secs] 78858543K->59201849K(130940928K), 0.2538563 secs] [Times: user=2.98 sys=0.66, real=0.26 secs] 
2024-03-22T21:45:45.712+0800: 104021.133: [GC (Allocation Failure) 2024-03-22T21:45:45.713+0800: 104021.133: [ParNew: 20337709K->740718K(22937600K), 0.2799408 secs] 78862649K->59285074K(130940928K), 0.2803825 secs] [Times: user=2.98 sys=1.14, real=0.28 secs] 
2024-03-22T21:46:02.949+0800: 104038.370: [GC (Allocation Failure) 2024-03-22T21:46:02.949+0800: 104038.370: [ParNew: 20401518K->771378K(22937600K), 0.2319348 secs] 78945874K->59343543K(130940928K), 0.2322883 secs] [Times: user=2.54 sys=0.66, real=0.23 secs] 
2024-03-22T21:46:21.508+0800: 104056.928: [GC (Allocation Failure) 2024-03-22T21:46:21.508+0800: 104056.929: [ParNew: 20432178K->752042K(22937600K), 0.3148345 secs] 79004343K->59358013K(130940928K), 0.3151952 secs] [Times: user=4.00 sys=0.63, real=0.31 secs] 
2024-03-22T21:46:38.486+0800: 104073.906: [GC (Allocation Failure) 2024-03-22T21:46:38.486+0800: 104073.907: [ParNew: 20412842K->724714K(22937600K), 0.2586696 secs] 79018813K->59365557K(130940928K), 0.2591100 secs] [Times: user=2.72 sys=1.18, real=0.26 secs] 
2024-03-22T21:46:59.524+0800: 104094.944: [GC (Allocation Failure) 2024-03-22T21:46:59.524+0800: 104094.945: [ParNew: 20385514K->712820K(22937600K), 0.2545263 secs] 79026357K->59378330K(130940928K), 0.2549088 secs] [Times: user=2.84 sys=1.03, real=0.26 secs] 
2024-03-22T21:47:19.087+0800: 104114.508: [GC (Allocation Failure) 2024-03-22T21:47:19.088+0800: 104114.508: [ParNew: 20373620K->716594K(22937600K), 0.2113898 secs] 79039130K->59410608K(130940928K), 0.2117713 secs] [Times: user=2.37 sys=0.68, real=0.22 secs] 
2024-03-22T21:47:41.276+0800: 104136.697: [GC (Allocation Failure) 2024-03-22T21:47:41.277+0800: 104136.697: [ParNew: 20377394K->743370K(22937600K), 0.2933451 secs] 79071408K->59468768K(130940928K), 0.2937792 secs] [Times: user=2.70 sys=1.78, real=0.30 secs] 
2024-03-22T21:48:02.707+0800: 104158.127: [GC (Allocation Failure) 2024-03-22T21:48:02.707+0800: 104158.128: [ParNew: 20404170K->697885K(22937600K), 0.2489699 secs] 79129568K->59449688K(130940928K), 0.2494193 secs] [Times: user=2.62 sys=0.97, real=0.25 secs] 
2024-03-22T21:48:20.576+0800: 104175.997: [GC (Allocation Failure) 2024-03-22T21:48:20.576+0800: 104175.997: [ParNew: 20358685K->781016K(22937600K), 0.2834045 secs] 79110488K->59554106K(130940928K), 0.2838482 secs] [Times: user=2.74 sys=1.40, real=0.29 secs] 
2024-03-22T21:48:37.920+0800: 104193.341: [GC (Allocation Failure) 2024-03-22T21:48:37.920+0800: 104193.341: [ParNew: 20441816K->792812K(22937600K), 0.2538201 secs] 79214906K->59582844K(130940928K), 0.2542709 secs] [Times: user=3.04 sys=0.54, real=0.25 secs] 
2024-03-22T21:48:55.256+0800: 104210.677: [GC (Allocation Failure) 2024-03-22T21:48:55.256+0800: 104210.677: [ParNew: 20453612K->835900K(22937600K), 0.2741978 secs] 79243644K->59642674K(130940928K), 0.2746282 secs] [Times: user=3.41 sys=0.58, real=0.28 secs] 
2024-03-22T21:49:15.070+0800: 104230.491: [GC (Allocation Failure) 2024-03-22T21:49:15.070+0800: 104230.491: [ParNew: 20496700K->868855K(22937600K), 0.3148632 secs] 79303474K->59694805K(130940928K), 0.3153068 secs] [Times: user=2.81 sys=2.02, real=0.31 secs] 
2024-03-22T21:49:33.600+0800: 104249.020: [GC (Allocation Failure) 2024-03-22T21:49:33.600+0800: 104249.021: [ParNew: 20529655K->811984K(22937600K), 0.2373704 secs] 79355605K->59660783K(130940928K), 0.2377951 secs] [Times: user=2.49 sys=1.01, real=0.24 secs] 
2024-03-22T21:49:52.650+0800: 104268.071: [GC (Allocation Failure) 2024-03-22T21:49:52.651+0800: 104268.071: [ParNew: 20472784K->835528K(22937600K), 0.3395396 secs] 79321583K->59716673K(130940928K), 0.3399987 secs] [Times: user=4.80 sys=0.58, real=0.34 secs] 
2024-03-22T21:50:10.862+0800: 104286.283: [GC (Allocation Failure) 2024-03-22T21:50:10.863+0800: 104286.284: [ParNew: 20496328K->811180K(22937600K), 0.3815913 secs] 79377473K->59726873K(130940928K), 0.3819745 secs] [Times: user=2.86 sys=3.33, real=0.38 secs] 
2024-03-22T21:50:28.225+0800: 104303.646: [GC (Allocation Failure) 2024-03-22T21:50:28.225+0800: 104303.646: [ParNew: 20471980K->804063K(22937600K), 0.2870743 secs] 79387673K->59752259K(130940928K), 0.2874462 secs] [Times: user=3.27 sys=1.15, real=0.29 secs] 
2024-03-22T21:50:43.645+0800: 104319.066: [GC (Allocation Failure) 2024-03-22T21:50:43.646+0800: 104319.066: [ParNew: 20464863K->837922K(22937600K), 0.2328011 secs] 79413059K->59818245K(130940928K), 0.2332907 secs] [Times: user=2.86 sys=0.57, real=0.24 secs] 
2024-03-22T21:50:59.952+0800: 104335.373: [GC (Allocation Failure) 2024-03-22T21:50:59.952+0800: 104335.373: [ParNew: 20498722K->795306K(22937600K), 0.2921985 secs] 79479045K->59813522K(130940928K), 0.2926701 secs] [Times: user=3.02 sys=1.28, real=0.29 secs] 
2024-03-22T21:51:16.779+0800: 104352.200: [GC (Allocation Failure) 2024-03-22T21:51:16.779+0800: 104352.200: [ParNew: 20456106K->851422K(22937600K), 0.2625835 secs] 79474322K->59891855K(130940928K), 0.2630378 secs] [Times: user=3.12 sys=0.69, real=0.26 secs] 
2024-03-22T21:51:35.172+0800: 104370.593: [GC (Allocation Failure) 2024-03-22T21:51:35.173+0800: 104370.593: [ParNew: 20512222K->798451K(22937600K), 0.2680793 secs] 79552655K->59863539K(130940928K), 0.2684910 secs] [Times: user=3.15 sys=0.75, real=0.27 secs] 
2024-03-22T21:51:51.124+0800: 104386.545: [GC (Allocation Failure) 2024-03-22T21:51:51.124+0800: 104386.545: [ParNew: 20459251K->872201K(22937600K), 0.2716099 secs] 79524339K->59970431K(130940928K), 0.2720500 secs] [Times: user=2.80 sys=1.10, real=0.27 secs] 
2024-03-22T21:52:10.571+0800: 104405.992: [GC (Allocation Failure) 2024-03-22T21:52:10.572+0800: 104405.992: [ParNew: 20533001K->832460K(22937600K), 0.2440575 secs] 79631231K->59962186K(130940928K), 0.2444765 secs] [Times: user=2.64 sys=0.74, real=0.24 secs] 
2024-03-22T21:52:33.591+0800: 104429.012: [GC (Allocation Failure) 2024-03-22T21:52:33.591+0800: 104429.012: [ParNew: 20493260K->818401K(22937600K), 0.2512357 secs] 79622986K->59985870K(130940928K), 0.2516221 secs] [Times: user=3.10 sys=0.68, real=0.25 secs] 
2024-03-22T21:52:57.448+0800: 104452.868: [GC (Allocation Failure) 2024-03-22T21:52:57.448+0800: 104452.869: [ParNew: 20479201K->807024K(22937600K), 0.3439937 secs] 79646670K->60015640K(130940928K), 0.3443618 secs] [Times: user=2.85 sys=2.46, real=0.34 secs] 
2024-03-22T21:53:19.542+0800: 104474.963: [GC (Allocation Failure) 2024-03-22T21:53:19.542+0800: 104474.963: [ParNew: 20467824K->711524K(22937600K), 0.4403052 secs] 79676440K->59965858K(130940928K), 0.4406540 secs] [Times: user=5.99 sys=0.95, real=0.44 secs] 
2024-03-22T21:53:40.362+0800: 104495.783: [GC (Allocation Failure) 2024-03-22T21:53:40.362+0800: 104495.783: [ParNew: 20372324K->769080K(22937600K), 0.3151082 secs] 79626658K->60063150K(130940928K), 0.3156370 secs] [Times: user=2.92 sys=1.77, real=0.32 secs] 
2024-03-22T21:53:57.946+0800: 104513.366: [GC (Allocation Failure) 2024-03-22T21:53:57.946+0800: 104513.367: [ParNew: 20429880K->791290K(22937600K), 0.3279450 secs] 79723950K->60115813K(130940928K), 0.3283579 secs] [Times: user=3.93 sys=1.05, real=0.33 secs] 
2024-03-22T21:54:13.451+0800: 104528.872: [GC (Allocation Failure) 2024-03-22T21:54:13.452+0800: 104528.872: [ParNew: 20452090K->803685K(22937600K), 0.2656373 secs] 79776613K->60154559K(130940928K), 0.2660795 secs] [Times: user=3.15 sys=0.69, real=0.26 secs] 
2024-03-22T21:54:30.785+0800: 104546.206: [GC (Allocation Failure) 2024-03-22T21:54:30.785+0800: 104546.206: [ParNew: 20464485K->845098K(22937600K), 0.4656917 secs] 79815359K->60219828K(130940928K), 0.4661328 secs] [Times: user=5.52 sys=2.34, real=0.47 secs] 
2024-03-22T21:54:46.700+0800: 104562.121: [GC (Allocation Failure) 2024-03-22T21:54:46.700+0800: 104562.121: [ParNew: 20505898K->829574K(22937600K), 0.3656477 secs] 79880628K->60221680K(130940928K), 0.3660625 secs] [Times: user=5.08 sys=0.88, real=0.36 secs] 
2024-03-22T21:55:07.328+0800: 104582.749: [GC (Allocation Failure) 2024-03-22T21:55:07.328+0800: 104582.749: [ParNew: 20490374K->875159K(22937600K), 0.2351848 secs] 79882480K->60293276K(130940928K), 0.2355913 secs] [Times: user=3.02 sys=0.71, real=0.23 secs] 
2024-03-22T21:55:30.336+0800: 104605.757: [GC (Allocation Failure) 2024-03-22T21:55:30.337+0800: 104605.758: [ParNew: 20535959K->906954K(22937600K), 0.3402854 secs] 79954076K->60350954K(130940928K), 0.3406773 secs] [Times: user=2.70 sys=2.70, real=0.34 secs] 
2024-03-22T21:55:50.063+0800: 104625.484: [GC (Allocation Failure) 2024-03-22T21:55:50.063+0800: 104625.484: [ParNew: 20567754K->883924K(22937600K), 0.2281047 secs] 80011754K->60355556K(130940928K), 0.2284406 secs] [Times: user=2.50 sys=0.94, real=0.23 secs] 
2024-03-22T21:56:06.591+0800: 104642.012: [GC (Allocation Failure) 2024-03-22T21:56:06.591+0800: 104642.012: [ParNew: 20544724K->867266K(22937600K), 0.1952714 secs] 80016356K->60365542K(130940928K), 0.1956182 secs] [Times: user=2.51 sys=0.35, real=0.19 secs] 
2024-03-22T21:56:22.658+0800: 104658.079: [GC (Allocation Failure) 2024-03-22T21:56:22.658+0800: 104658.079: [ParNew: 20528066K->860043K(22937600K), 0.3504258 secs] 80026342K->60388203K(130940928K), 0.3508630 secs] [Times: user=3.38 sys=2.08, real=0.35 secs] 
2024-03-22T21:56:38.264+0800: 104673.685: [GC (Allocation Failure) 2024-03-22T21:56:38.264+0800: 104673.685: [ParNew: 20520843K->848260K(22937600K), 0.2527567 secs] 80049003K->60408962K(130940928K), 0.2531625 secs] [Times: user=3.11 sys=0.66, real=0.25 secs] 
2024-03-22T21:56:54.511+0800: 104689.932: [GC (Allocation Failure) 2024-03-22T21:56:54.511+0800: 104689.932: [ParNew: 20509060K->794859K(22937600K), 0.2696318 secs] 80069762K->60381938K(130940928K), 0.2700487 secs] [Times: user=3.43 sys=0.49, real=0.27 secs] 
2024-03-22T21:57:09.373+0800: 104704.794: [GC (Allocation Failure) 2024-03-22T21:57:09.373+0800: 104704.794: [ParNew: 20455659K->892520K(22937600K), 0.4350449 secs] 80042738K->60502183K(130940928K), 0.4354818 secs] [Times: user=3.16 sys=3.66, real=0.44 secs] 
2024-03-22T21:57:30.216+0800: 104725.637: [GC (Allocation Failure) 2024-03-22T21:57:30.216+0800: 104725.637: [ParNew: 20553320K->841159K(22937600K), 0.2889996 secs] 80162983K->60475486K(130940928K), 0.2894258 secs] [Times: user=2.89 sys=1.42, real=0.29 secs] 
2024-03-22T21:57:48.033+0800: 104743.454: [GC (Allocation Failure) 2024-03-22T21:57:48.033+0800: 104743.454: [ParNew: 20501959K->882188K(22937600K), 0.2713486 secs] 80136286K->60544655K(130940928K), 0.2717637 secs] [Times: user=3.48 sys=0.51, real=0.27 secs] 
2024-03-22T21:58:09.382+0800: 104764.803: [GC (Allocation Failure) 2024-03-22T21:58:09.382+0800: 104764.803: [ParNew: 20542988K->877590K(22937600K), 0.3644264 secs] 80205455K->60579233K(130940928K), 0.3648589 secs] [Times: user=2.80 sys=2.96, real=0.36 secs] 
2024-03-22T21:58:33.223+0800: 104788.644: [GC (Allocation Failure) 2024-03-22T21:58:33.223+0800: 104788.644: [ParNew: 20538390K->906278K(22937600K), 0.2748911 secs] 80240033K->60650214K(130940928K), 0.2752972 secs] [Times: user=2.69 sys=1.50, real=0.28 secs] 
2024-03-22T21:58:56.528+0800: 104811.949: [GC (Allocation Failure) 2024-03-22T21:58:56.528+0800: 104811.949: [ParNew: 20567078K->833588K(22937600K), 0.3798289 secs] 80311014K->60619489K(130940928K), 0.3801800 secs] [Times: user=2.97 sys=3.05, real=0.38 secs] 
2024-03-22T21:59:18.148+0800: 104833.569: [GC (Allocation Failure) 2024-03-22T21:59:18.148+0800: 104833.569: [ParNew: 20494388K->796690K(22937600K), 0.2940003 secs] 80280289K->60613496K(130940928K), 0.2943882 secs] [Times: user=2.92 sys=1.49, real=0.29 secs] 
2024-03-22T21:59:36.881+0800: 104852.302: [GC (Allocation Failure) 2024-03-22T21:59:36.881+0800: 104852.302: [ParNew: 20457490K->719424K(22937600K), 0.2701211 secs] 80274296K->60558953K(130940928K), 0.2705926 secs] [Times: user=3.22 sys=0.78, real=0.27 secs] 
2024-03-22T21:59:54.178+0800: 104869.598: [GC (Allocation Failure) 2024-03-22T21:59:54.178+0800: 104869.599: [ParNew: 20380224K->789805K(22937600K), 0.4080839 secs] 80219753K->60645989K(130940928K), 0.4085657 secs] [Times: user=2.94 sys=3.36, real=0.40 secs] 
2024-03-22T22:00:12.032+0800: 104887.453: [GC (Allocation Failure) 2024-03-22T22:00:12.033+0800: 104887.453: [ParNew: 20450605K->800695K(22937600K), 0.3079357 secs] 80306789K->60675232K(130940928K), 0.3084353 secs] [Times: user=3.13 sys=1.35, real=0.31 secs] 
2024-03-22T22:00:29.474+0800: 104904.895: [GC (Allocation Failure) 2024-03-22T22:00:29.474+0800: 104904.895: [ParNew: 20461495K->758265K(22937600K), 0.2863726 secs] 80336032K->60669379K(130940928K), 0.2867980 secs] [Times: user=3.57 sys=0.61, real=0.29 secs] 
2024-03-22T22:00:44.270+0800: 104919.691: [GC (Allocation Failure) 2024-03-22T22:00:44.270+0800: 104919.691: [ParNew: 20419065K->812763K(22937600K), 0.3644736 secs] 80330179K->60768956K(130940928K), 0.3649438 secs] [Times: user=3.51 sys=2.03, real=0.36 secs] 
2024-03-22T22:01:03.652+0800: 104939.073: [GC (Allocation Failure) 2024-03-22T22:01:03.652+0800: 104939.073: [ParNew: 20473563K->819873K(22937600K), 0.2557543 secs] 80429756K->60804894K(130940928K), 0.2562078 secs] [Times: user=3.11 sys=0.69, real=0.26 secs] 
2024-03-22T22:01:23.156+0800: 104958.577: [GC (Allocation Failure) 2024-03-22T22:01:23.157+0800: 104958.577: [ParNew: 20480673K->773729K(22937600K), 0.3040825 secs] 80465694K->60784902K(130940928K), 0.3045245 secs] [Times: user=4.06 sys=0.67, real=0.31 secs] 
2024-03-22T22:01:45.050+0800: 104980.471: [GC (Allocation Failure) 2024-03-22T22:01:45.051+0800: 104980.471: [ParNew: 20434529K->817654K(22937600K), 0.3021306 secs] 80445702K->60850491K(130940928K), 0.3026213 secs] [Times: user=3.23 sys=1.54, real=0.30 secs] 
2024-03-22T22:02:04.085+0800: 104999.505: [GC (Allocation Failure) 2024-03-22T22:02:04.085+0800: 104999.506: [ParNew: 20478454K->815639K(22937600K), 0.2271279 secs] 80511291K->60863303K(130940928K), 0.2275039 secs] [Times: user=2.52 sys=0.86, real=0.23 secs] 
2024-03-22T22:02:22.355+0800: 105017.776: [GC (Allocation Failure) 2024-03-22T22:02:22.355+0800: 105017.776: [ParNew: 20476439K->762863K(22937600K), 0.3840055 secs] 80524103K->60827827K(130940928K), 0.3844114 secs] [Times: user=5.61 sys=0.44, real=0.39 secs] 
2024-03-22T22:02:42.066+0800: 105037.487: [GC (Allocation Failure) 2024-03-22T22:02:42.066+0800: 105037.487: [ParNew: 20423663K->812617K(22937600K), 0.3517978 secs] 80488627K->60889473K(130940928K), 0.3522318 secs] [Times: user=3.58 sys=1.81, real=0.36 secs] 
2024-03-22T22:03:02.759+0800: 105058.180: [GC (Allocation Failure) 2024-03-22T22:03:02.760+0800: 105058.181: [ParNew: 20473417K->866534K(22937600K), 0.2491862 secs] 80550273K->60951679K(130940928K), 0.2496299 secs] [Times: user=3.02 sys=0.59, real=0.25 secs] 
2024-03-22T22:03:19.084+0800: 105074.505: [GC (Allocation Failure) 2024-03-22T22:03:19.084+0800: 105074.505: [ParNew: 20527334K->890930K(22937600K), 0.2745255 secs] 80612479K->60989869K(130940928K), 0.2749687 secs] [Times: user=2.57 sys=1.41, real=0.28 secs] 
2024-03-22T22:03:37.210+0800: 105092.631: [GC (Allocation Failure) 2024-03-22T22:03:37.210+0800: 105092.631: [ParNew: 20551730K->881003K(22937600K), 0.2679821 secs] 80650669K->60998942K(130940928K), 0.2684114 secs] [Times: user=3.17 sys=0.77, real=0.27 secs] 
2024-03-22T22:03:55.594+0800: 105111.015: [GC (Allocation Failure) 2024-03-22T22:03:55.595+0800: 105111.015: [ParNew: 20541803K->968990K(22937600K), 0.2293233 secs] 80659742K->61120874K(130940928K), 0.2297585 secs] [Times: user=2.67 sys=0.63, real=0.23 secs] 
2024-03-22T22:04:15.609+0800: 105131.030: [GC (Allocation Failure) 2024-03-22T22:04:15.609+0800: 105131.030: [ParNew: 20629790K->902080K(22937600K), 0.2950671 secs] 80781674K->61093238K(130940928K), 0.2955267 secs] [Times: user=3.09 sys=1.39, real=0.29 secs] 
2024-03-22T22:04:40.651+0800: 105156.072: [GC (Allocation Failure) 2024-03-22T22:04:40.651+0800: 105156.072: [ParNew: 20562880K->912072K(22937600K), 0.2770162 secs] 80754038K->61131288K(130940928K), 0.2774174 secs] [Times: user=3.16 sys=1.20, real=0.28 secs] 
2024-03-22T22:05:01.325+0800: 105176.745: [GC (Allocation Failure) 2024-03-22T22:05:01.325+0800: 105176.746: [ParNew: 20572872K->843816K(22937600K), 0.2735436 secs] 80792088K->61090563K(130940928K), 0.2739592 secs] [Times: user=2.76 sys=1.44, real=0.28 secs] 
2024-03-22T22:05:17.412+0800: 105192.833: [GC (Allocation Failure) 2024-03-22T22:05:17.412+0800: 105192.833: [ParNew: 20504616K->786733K(22937600K), 0.4009212 secs] 80751363K->61091130K(130940928K), 0.4013542 secs] [Times: user=5.84 sys=0.54, real=0.40 secs] 
2024-03-22T22:05:32.457+0800: 105207.878: [GC (Allocation Failure) 2024-03-22T22:05:32.457+0800: 105207.878: [ParNew: 20447533K->833017K(22937600K), 0.2601849 secs] 80751930K->61165494K(130940928K), 0.2606447 secs] [Times: user=3.07 sys=0.74, real=0.27 secs] 
2024-03-22T22:05:46.442+0800: 105221.863: [GC (Allocation Failure) 2024-03-22T22:05:46.443+0800: 105221.864: [ParNew: 20493817K->877324K(22937600K), 0.2332216 secs] 80826294K->61235102K(130940928K), 0.2336482 secs] [Times: user=3.14 sys=0.26, real=0.23 secs] 
2024-03-22T22:05:59.496+0800: 105234.917: [GC (Allocation Failure) 2024-03-22T22:05:59.497+0800: 105234.917: [ParNew: 20538124K->801560K(22937600K), 0.3230351 secs] 80895902K->61187096K(130940928K), 0.3234894 secs] [Times: user=3.06 sys=1.89, real=0.33 secs] 
2024-03-22T22:06:19.471+0800: 105254.892: [GC (Allocation Failure) 2024-03-22T22:06:19.471+0800: 105254.892: [ParNew: 20462360K->873643K(22937600K), 0.2654016 secs] 80847896K->61279141K(130940928K), 0.2658171 secs] [Times: user=3.18 sys=0.84, real=0.26 secs] 
2024-03-22T22:06:35.230+0800: 105270.651: [GC (Allocation Failure) 2024-03-22T22:06:35.230+0800: 105270.651: [ParNew: 20534443K->886925K(22937600K), 0.2588399 secs] 80939941K->61318230K(130940928K), 0.2592830 secs] [Times: user=3.18 sys=0.54, real=0.26 secs] 
2024-03-22T22:06:51.974+0800: 105287.395: [GC (Allocation Failure) 2024-03-22T22:06:51.975+0800: 105287.395: [ParNew: 20547725K->938739K(22937600K), 0.2872629 secs] 80979030K->61401215K(130940928K), 0.2877318 secs] [Times: user=2.76 sys=1.39, real=0.29 secs] 
2024-03-22T22:07:12.083+0800: 105307.503: [GC (Allocation Failure) 2024-03-22T22:07:12.083+0800: 105307.504: [ParNew: 20599539K->908459K(22937600K), 0.3702130 secs] 81062015K->61424816K(130940928K), 0.3706577 secs] [Times: user=5.11 sys=1.00, real=0.37 secs] 
2024-03-22T22:07:30.397+0800: 105325.818: [GC (Allocation Failure) 2024-03-22T22:07:30.398+0800: 105325.818: [ParNew: 20569259K->849219K(22937600K), 0.2417577 secs] 81085616K->61411215K(130940928K), 0.2421745 secs] [Times: user=3.05 sys=0.58, real=0.25 secs] 
2024-03-22T22:07:49.735+0800: 105345.156: [GC (Allocation Failure) 2024-03-22T22:07:49.735+0800: 105345.156: [ParNew: 20510019K->789512K(22937600K), 0.2589316 secs] 81072015K->61394724K(130940928K), 0.2594197 secs] [Times: user=2.64 sys=1.33, real=0.26 secs] 
2024-03-22T22:08:09.044+0800: 105364.465: [GC (Allocation Failure) 2024-03-22T22:08:09.044+0800: 105364.465: [ParNew: 20450312K->796089K(22937600K), 0.2383804 secs] 81055524K->61443048K(130940928K), 0.2387491 secs] [Times: user=2.46 sys=1.01, real=0.24 secs] 
2024-03-22T22:08:27.304+0800: 105382.725: [GC (Allocation Failure) 2024-03-22T22:08:27.305+0800: 105382.726: [ParNew: 20456889K->825800K(22937600K), 0.2271410 secs] 81103848K->61511320K(130940928K), 0.2275292 secs] [Times: user=2.85 sys=0.40, real=0.23 secs] 
2024-03-22T22:08:46.139+0800: 105401.560: [GC (Allocation Failure) 2024-03-22T22:08:46.140+0800: 105401.560: [ParNew: 20486600K->813676K(22937600K), 0.3062993 secs] 81172120K->61528018K(130940928K), 0.3067308 secs] [Times: user=2.61 sys=1.96, real=0.30 secs] 
2024-03-22T22:09:06.272+0800: 105421.693: [GC (Allocation Failure) 2024-03-22T22:09:06.273+0800: 105421.693: [ParNew: 20474476K->891427K(22937600K), 0.2456329 secs] 81188818K->61630066K(130940928K), 0.2460434 secs] [Times: user=2.67 sys=0.79, real=0.25 secs] 
2024-03-22T22:09:21.658+0800: 105437.078: [GC (Allocation Failure) 2024-03-22T22:09:21.658+0800: 105437.079: [ParNew: 20552227K->854079K(22937600K), 0.1933483 secs] 81290866K->61621175K(130940928K), 0.1937670 secs] [Times: user=2.54 sys=0.09, real=0.19 secs] 
2024-03-22T22:09:37.265+0800: 105452.686: [GC (Allocation Failure) 2024-03-22T22:09:37.265+0800: 105452.686: [ParNew: 20514879K->823689K(22937600K), 0.3227875 secs] 81281975K->61613907K(130940928K), 0.3232107 secs] [Times: user=2.94 sys=2.04, real=0.33 secs] 
2024-03-22T22:09:51.846+0800: 105467.267: [GC (Allocation Failure) 2024-03-22T22:09:51.846+0800: 105467.267: [ParNew: 20484489K->889304K(22937600K), 0.2105566 secs] 81274707K->61712904K(130940928K), 0.2109707 secs] [Times: user=2.64 sys=0.44, real=0.21 secs] 
2024-03-22T22:10:05.313+0800: 105480.734: [GC (Allocation Failure) 2024-03-22T22:10:05.313+0800: 105480.734: [ParNew: 20550104K->831713K(22937600K), 0.2326777 secs] 81373704K->61691009K(130940928K), 0.2331142 secs] [Times: user=3.04 sys=0.39, real=0.23 secs] 
2024-03-22T22:10:16.411+0800: 105491.832: [GC (Allocation Failure) 2024-03-22T22:10:16.411+0800: 105491.832: [ParNew: 20492513K->868343K(22937600K), 0.2806234 secs] 81351809K->61769978K(130940928K), 0.2810644 secs] [Times: user=3.16 sys=1.12, real=0.28 secs] 
2024-03-22T22:10:26.678+0800: 105502.099: [GC (Allocation Failure) 2024-03-22T22:10:26.678+0800: 105502.099: [ParNew: 20529143K->791921K(22937600K), 0.1866684 secs] 81430778K->61727413K(130940928K), 0.1870901 secs] [Times: user=2.39 sys=0.34, real=0.18 secs] 
2024-03-22T22:10:47.729+0800: 105523.150: [GC (Allocation Failure) 2024-03-22T22:10:47.729+0800: 105523.150: [ParNew: 20452721K->806374K(22937600K), 0.2677245 secs] 81388213K->61782839K(130940928K), 0.2681749 secs] [Times: user=2.87 sys=1.01, real=0.26 secs] 
2024-03-22T22:11:08.111+0800: 105543.532: [GC (Allocation Failure) 2024-03-22T22:11:08.111+0800: 105543.532: [ParNew: 20467174K->809190K(22937600K), 0.2647070 secs] 81443639K->61823376K(130940928K), 0.2651024 secs] [Times: user=2.66 sys=1.32, real=0.26 secs] 
2024-03-22T22:11:26.118+0800: 105561.539: [GC (Allocation Failure) 2024-03-22T22:11:26.119+0800: 105561.539: [ParNew: 20469990K->875024K(22937600K), 0.2173877 secs] 81484176K->61924401K(130940928K), 0.2177751 secs] [Times: user=2.55 sys=0.66, real=0.21 secs] 
2024-03-22T22:11:42.426+0800: 105577.847: [GC (Allocation Failure) 2024-03-22T22:11:42.427+0800: 105577.847: [ParNew: 20535824K->884291K(22937600K), 0.2127500 secs] 81585201K->61960326K(130940928K), 0.2131716 secs] [Times: user=2.67 sys=0.48, real=0.22 secs] 
2024-03-22T22:11:54.825+0800: 105590.245: [GC (Allocation Failure) 2024-03-22T22:11:54.825+0800: 105590.246: [ParNew: 20545091K->1017709K(22937600K), 0.3143044 secs] 81621126K->62112296K(130940928K), 0.3147125 secs] [Times: user=5.10 sys=0.09, real=0.32 secs] 
2024-03-22T22:12:09.313+0800: 105604.734: [GC (Allocation Failure) 2024-03-22T22:12:09.313+0800: 105604.734: [ParNew: 20678509K->1021980K(22937600K), 0.3041765 secs] 81773096K->62146749K(130940928K), 0.3046735 secs] [Times: user=3.01 sys=1.50, real=0.31 secs] 
2024-03-22T22:12:21.751+0800: 105617.172: [GC (Allocation Failure) 2024-03-22T22:12:21.752+0800: 105617.172: [ParNew: 20682780K->1093426K(22937600K), 0.2381306 secs] 81807549K->62248888K(130940928K), 0.2385959 secs] [Times: user=3.02 sys=0.39, real=0.24 secs] 
2024-03-22T22:12:35.034+0800: 105630.455: [GC (Allocation Failure) 2024-03-22T22:12:35.034+0800: 105630.455: [ParNew: 20754226K->1090996K(22937600K), 0.2480153 secs] 81909688K->62285232K(130940928K), 0.2484781 secs] [Times: user=3.10 sys=0.48, real=0.25 secs] 
2024-03-22T22:12:49.499+0800: 105644.920: [GC (Allocation Failure) 2024-03-22T22:12:49.499+0800: 105644.920: [ParNew: 20751796K->1085949K(22937600K), 0.3126294 secs] 81946032K->62322272K(130940928K), 0.3131183 secs] [Times: user=4.52 sys=0.24, real=0.31 secs] 
2024-03-22T22:13:01.441+0800: 105656.862: [GC (Allocation Failure) 2024-03-22T22:13:01.442+0800: 105656.862: [ParNew: 20746749K->1099876K(22937600K), 0.2919665 secs] 81983072K->62368987K(130940928K), 0.2923940 secs] [Times: user=3.00 sys=1.42, real=0.29 secs] 
2024-03-22T22:13:13.096+0800: 105668.516: [GC (Allocation Failure) 2024-03-22T22:13:13.096+0800: 105668.517: [ParNew: 20760676K->1109018K(22937600K), 0.2199736 secs] 82029787K->62405248K(130940928K), 0.2203967 secs] [Times: user=2.87 sys=0.32, real=0.22 secs] 
2024-03-22T22:13:23.588+0800: 105679.009: [GC (Allocation Failure) 2024-03-22T22:13:23.588+0800: 105679.009: [ParNew: 20769818K->1166671K(22937600K), 0.2156173 secs] 82066048K->62485640K(130940928K), 0.2160134 secs] [Times: user=2.83 sys=0.37, real=0.21 secs] 
2024-03-22T22:13:33.428+0800: 105688.849: [GC (Allocation Failure) 2024-03-22T22:13:33.428+0800: 105688.849: [ParNew: 20827471K->1242044K(22937600K), 0.2101265 secs] 82146440K->62582173K(130940928K), 0.2105528 secs] [Times: user=2.95 sys=0.17, real=0.21 secs] 
2024-03-22T22:13:45.125+0800: 105700.545: [GC (Allocation Failure) 2024-03-22T22:13:45.125+0800: 105700.546: [ParNew: 20902844K->1288838K(22937600K), 0.3800849 secs] 82242973K->62651075K(130940928K), 0.3805299 secs] [Times: user=3.88 sys=2.27, real=0.38 secs] 
2024-03-22T22:13:56.862+0800: 105712.283: [GC (Allocation Failure) 2024-03-22T22:13:56.863+0800: 105712.284: [ParNew: 20949638K->1396883K(22937600K), 0.2902695 secs] 82311875K->62774750K(130940928K), 0.2906304 secs] [Times: user=3.38 sys=1.02, real=0.29 secs] 
2024-03-22T22:14:09.303+0800: 105724.724: [GC (Allocation Failure) 2024-03-22T22:14:09.303+0800: 105724.724: [ParNew: 21057683K->1402568K(22937600K), 0.2264675 secs] 82435550K->62805085K(130940928K), 0.2267837 secs] [Times: user=2.94 sys=0.48, real=0.23 secs] 
2024-03-22T22:14:22.608+0800: 105738.029: [GC (Allocation Failure) 2024-03-22T22:14:22.608+0800: 105738.029: [ParNew: 21063368K->1351021K(22937600K), 0.3472018 secs] 82465885K->62783223K(130940928K), 0.3476526 secs] [Times: user=5.13 sys=0.32, real=0.34 secs] 
2024-03-22T22:14:35.636+0800: 105751.057: [GC (Allocation Failure) 2024-03-22T22:14:35.636+0800: 105751.057: [ParNew: 21011821K->1279605K(22937600K), 0.3176339 secs] 82444023K->62794470K(130940928K), 0.3180417 secs] [Times: user=3.34 sys=1.27, real=0.32 secs] 
2024-03-22T22:14:48.906+0800: 105764.327: [GC (Allocation Failure) 2024-03-22T22:14:48.907+0800: 105764.327: [ParNew: 20940405K->1244838K(22937600K), 0.3014475 secs] 82455270K->62845757K(130940928K), 0.3018686 secs] [Times: user=3.27 sys=1.08, real=0.31 secs] 
2024-03-22T22:15:04.258+0800: 105779.679: [GC (Allocation Failure) 2024-03-22T22:15:04.258+0800: 105779.679: [ParNew: 20905638K->1283321K(22937600K), 0.3292470 secs] 82506557K->62975708K(130940928K), 0.3296647 secs] [Times: user=4.17 sys=0.75, real=0.33 secs] 
2024-03-22T22:15:18.071+0800: 105793.492: [GC (Allocation Failure) 2024-03-22T22:15:18.071+0800: 105793.492: [ParNew: 20944121K->1207557K(22937600K), 0.2665053 secs] 82636508K->62955203K(130940928K), 0.2669281 secs] [Times: user=3.35 sys=0.43, real=0.27 secs] 
2024-03-22T22:15:30.403+0800: 105805.824: [GC (Allocation Failure) 2024-03-22T22:15:30.403+0800: 105805.824: [ParNew: 20868357K->1197765K(22937600K), 0.3999427 secs] 82616003K->62998031K(130940928K), 0.4004842 secs] [Times: user=4.55 sys=1.81, real=0.40 secs] 
2024-03-22T22:15:42.846+0800: 105818.267: [GC (Allocation Failure) 2024-03-22T22:15:42.846+0800: 105818.267: [ParNew: 20858565K->1306105K(22937600K), 0.3234602 secs] 82658831K->63157115K(130940928K), 0.3239391 secs] [Times: user=3.98 sys=0.96, real=0.33 secs] 
2024-03-22T22:15:54.772+0800: 105830.193: [GC (Allocation Failure) 2024-03-22T22:15:54.772+0800: 105830.193: [ParNew: 20966905K->1301436K(22937600K), 0.2502942 secs] 82817915K->63213784K(130940928K), 0.2507566 secs] [Times: user=3.11 sys=0.51, real=0.25 secs] 
2024-03-22T22:16:05.665+0800: 105841.086: [GC (Allocation Failure) 2024-03-22T22:16:05.665+0800: 105841.086: [ParNew: 20962236K->1179340K(22937600K), 0.3273424 secs] 82874584K->63150713K(130940928K), 0.3277740 secs] [Times: user=4.79 sys=0.25, real=0.33 secs] 
2024-03-22T22:16:18.032+0800: 105853.452: [GC (Allocation Failure) 2024-03-22T22:16:18.032+0800: 105853.453: [ParNew: 20840140K->1261138K(22937600K), 0.2289411 secs] 82811513K->63293945K(130940928K), 0.2294044 secs] [Times: user=3.12 sys=0.17, real=0.23 secs] 
2024-03-22T22:16:31.173+0800: 105866.593: [GC (Allocation Failure) 2024-03-22T22:16:31.173+0800: 105866.594: [ParNew: 20921938K->1275115K(22937600K), 0.3606070 secs] 82954745K->63370308K(130940928K), 0.3610616 secs] [Times: user=3.39 sys=2.34, real=0.36 secs] 
2024-03-22T22:16:43.826+0800: 105879.247: [GC (Allocation Failure) 2024-03-22T22:16:43.826+0800: 105879.247: [ParNew: 20935915K->1355895K(22937600K), 0.2442288 secs] 83031108K->63496588K(130940928K), 0.2445535 secs] [Times: user=3.06 sys=0.47, real=0.25 secs] 
2024-03-22T22:16:56.336+0800: 105891.757: [GC (Allocation Failure) 2024-03-22T22:16:56.336+0800: 105891.757: [ParNew: 21016695K->1345323K(22937600K), 0.2613852 secs] 83157388K->63534297K(130940928K), 0.2617753 secs] [Times: user=3.32 sys=0.48, real=0.27 secs] 
2024-03-22T22:17:08.203+0800: 105903.623: [GC (Allocation Failure) 2024-03-22T22:17:08.203+0800: 105903.624: [ParNew: 21006123K->1395666K(22937600K), 0.2700056 secs] 83195097K->63624256K(130940928K), 0.2704089 secs] [Times: user=4.08 sys=0.10, real=0.27 secs] 
2024-03-22T22:17:19.266+0800: 105914.687: [GC (Allocation Failure) 2024-03-22T22:17:19.266+0800: 105914.687: [ParNew: 21056466K->1346587K(22937600K), 0.3079076 secs] 83285056K->63614765K(130940928K), 0.3083039 secs] [Times: user=3.36 sys=1.48, real=0.31 secs] 
2024-03-22T22:17:30.354+0800: 105925.775: [GC (Allocation Failure) 2024-03-22T22:17:30.354+0800: 105925.775: [ParNew: 21007387K->1570511K(22937600K), 0.3460646 secs] 83275565K->63879364K(130940928K), 0.3464189 secs] [Times: user=4.38 sys=1.11, real=0.35 secs] 
2024-03-22T22:17:41.231+0800: 105936.652: [GC (Allocation Failure) 2024-03-22T22:17:41.231+0800: 105936.652: [ParNew: 21231311K->1379332K(22937600K), 0.3034537 secs] 83540164K->63735652K(130940928K), 0.3038015 secs] [Times: user=4.51 sys=0.17, real=0.30 secs] 
2024-03-22T22:17:52.143+0800: 105947.563: [GC (Allocation Failure) 2024-03-22T22:17:52.143+0800: 105947.564: [ParNew: 21040132K->1404974K(22937600K), 0.3143233 secs] 83396452K->63814123K(130940928K), 0.3147527 secs] [Times: user=4.28 sys=0.43, real=0.31 secs] 
2024-03-22T22:18:02.982+0800: 105958.403: [GC (Allocation Failure) 2024-03-22T22:18:02.982+0800: 105958.403: [ParNew: 21065774K->1532503K(22937600K), 0.2807848 secs] 83474923K->63995583K(130940928K), 0.2812070 secs] [Times: user=3.69 sys=0.49, real=0.28 secs] 
2024-03-22T22:18:13.203+0800: 105968.624: [GC (Allocation Failure) 2024-03-22T22:18:13.203+0800: 105968.624: [ParNew: 21193303K->1349538K(22937600K), 0.2938322 secs] 83656383K->63873396K(130940928K), 0.2942318 secs] [Times: user=3.52 sys=0.74, real=0.29 secs] 
2024-03-22T22:18:22.097+0800: 105977.517: [GC (Allocation Failure) 2024-03-22T22:18:22.097+0800: 105977.518: [ParNew: 21010338K->1307149K(22937600K), 0.3132897 secs] 83534196K->63880929K(130940928K), 0.3137099 secs] [Times: user=4.22 sys=0.55, real=0.32 secs] 
2024-03-22T22:18:32.385+0800: 105987.806: [GC (Allocation Failure) 2024-03-22T22:18:32.385+0800: 105987.806: [ParNew: 20967949K->1333713K(22937600K), 0.2621074 secs] 83541729K->63965740K(130940928K), 0.2625648 secs] [Times: user=3.16 sys=0.43, real=0.27 secs] 
2024-03-22T22:18:43.779+0800: 105999.200: [GC (Allocation Failure) 2024-03-22T22:18:43.780+0800: 105999.200: [ParNew: 20994513K->1271503K(22937600K), 0.2549572 secs] 83626540K->63966647K(130940928K), 0.2553512 secs] [Times: user=3.23 sys=0.48, real=0.25 secs] 
2024-03-22T22:18:54.106+0800: 106009.527: [GC (Allocation Failure) 2024-03-22T22:18:54.106+0800: 106009.527: [ParNew: 20932303K->1333765K(22937600K), 0.3012952 secs] 83627447K->64092013K(130940928K), 0.3016864 secs] [Times: user=3.33 sys=1.26, real=0.31 secs] 
2024-03-22T22:19:04.311+0800: 106019.732: [GC (Allocation Failure) 2024-03-22T22:19:04.311+0800: 106019.732: [ParNew: 20994565K->1371698K(22937600K), 0.3286110 secs] 83752813K->64196189K(130940928K), 0.3289949 secs] [Times: user=4.55 sys=0.43, real=0.33 secs] 
2024-03-22T22:19:15.603+0800: 106031.024: [GC (Allocation Failure) 2024-03-22T22:19:15.603+0800: 106031.024: [ParNew: 21032498K->1324862K(22937600K), 0.2986668 secs] 83856989K->64226654K(130940928K), 0.2990362 secs] [Times: user=4.13 sys=0.33, real=0.30 secs] 
2024-03-22T22:19:27.856+0800: 106043.277: [GC (Allocation Failure) 2024-03-22T22:19:27.856+0800: 106043.277: [ParNew: 20985662K->1357407K(22937600K), 0.2587512 secs] 83887454K->64330002K(130940928K), 0.2591173 secs] [Times: user=3.35 sys=0.42, real=0.26 secs] 
2024-03-22T22:19:38.932+0800: 106054.352: [GC (Allocation Failure) 2024-03-22T22:19:38.932+0800: 106054.353: [ParNew: 21018207K->1239885K(22937600K), 0.2669302 secs] 83990802K->64285134K(130940928K), 0.2673194 secs] [Times: user=3.62 sys=0.32, real=0.27 secs] 
2024-03-22T22:19:50.529+0800: 106065.950: [GC (Allocation Failure) 2024-03-22T22:19:50.529+0800: 106065.950: [ParNew: 20900685K->1166657K(22937600K), 0.2414324 secs] 83945934K->64281173K(130940928K), 0.2418251 secs] [Times: user=3.02 sys=0.49, real=0.24 secs] 
2024-03-22T22:20:02.315+0800: 106077.736: [GC (Allocation Failure) 2024-03-22T22:20:02.315+0800: 106077.736: [ParNew: 20827457K->1174896K(22937600K), 0.2502792 secs] 83941973K->64352884K(130940928K), 0.2506737 secs] [Times: user=2.83 sys=0.80, real=0.25 secs] 
2024-03-22T22:20:13.198+0800: 106088.619: [GC (Allocation Failure) 2024-03-22T22:20:13.198+0800: 106088.619: [ParNew: 20835696K->1153760K(22937600K), 0.2180079 secs] 84013684K->64387137K(130940928K), 0.2183891 secs] [Times: user=2.81 sys=0.27, real=0.21 secs] 
2024-03-22T22:20:25.518+0800: 106100.939: [GC (Allocation Failure) 2024-03-22T22:20:25.519+0800: 106100.939: [ParNew: 20814560K->1103829K(22937600K), 0.2450023 secs] 84047937K->64388408K(130940928K), 0.2453986 secs] [Times: user=3.14 sys=0.36, real=0.24 secs] 
2024-03-22T22:20:37.424+0800: 106112.844: [GC (Allocation Failure) 2024-03-22T22:20:37.424+0800: 106112.845: [ParNew: 20764629K->1110639K(22937600K), 0.2035834 secs] 84049208K->64439388K(130940928K), 0.2039684 secs] [Times: user=2.57 sys=0.24, real=0.21 secs] 
2024-03-22T22:20:49.693+0800: 106125.114: [GC (Allocation Failure) 2024-03-22T22:20:49.693+0800: 106125.114: [ParNew: 20771439K->1217687K(22937600K), 0.3327014 secs] 84100188K->64599451K(130940928K), 0.3331193 secs] [Times: user=3.97 sys=1.10, real=0.33 secs] 
2024-03-22T22:21:01.369+0800: 106136.790: [GC (Allocation Failure) 2024-03-22T22:21:01.369+0800: 106136.790: [ParNew: 20878487K->1114578K(22937600K), 0.2194158 secs] 84260251K->64551281K(130940928K), 0.2197975 secs] [Times: user=2.83 sys=0.11, real=0.22 secs] 
2024-03-22T22:21:12.371+0800: 106147.791: [GC (Allocation Failure) 2024-03-22T22:21:12.371+0800: 106147.792: [ParNew: 20775378K->1136948K(22937600K), 0.2316222 secs] 84212081K->64612552K(130940928K), 0.2319919 secs] [Times: user=3.00 sys=0.27, real=0.23 secs] 
2024-03-22T22:21:22.910+0800: 106158.330: [GC (Allocation Failure) 2024-03-22T22:21:22.910+0800: 106158.331: [ParNew: 20797748K->1181355K(22937600K), 0.2123043 secs] 84273352K->64698333K(130940928K), 0.2126950 secs] [Times: user=2.53 sys=0.38, real=0.21 secs] 
2024-03-22T22:21:33.614+0800: 106169.035: [GC (Allocation Failure) 2024-03-22T22:21:33.615+0800: 106169.035: [ParNew: 20842155K->1171386K(22937600K), 0.2742659 secs] 84359133K->64732140K(130940928K), 0.2746963 secs] [Times: user=3.28 sys=0.67, real=0.28 secs] 
2024-03-22T22:21:45.599+0800: 106181.020: [GC (Allocation Failure) 2024-03-22T22:21:45.599+0800: 106181.020: [ParNew: 20832186K->1292268K(22937600K), 0.2607501 secs] 84392940K->64897379K(130940928K), 0.2611348 secs] [Times: user=3.24 sys=0.62, real=0.26 secs] 
2024-03-22T22:21:58.905+0800: 106194.326: [GC (Allocation Failure) 2024-03-22T22:21:58.906+0800: 106194.327: [ParNew: 20953068K->1180558K(22937600K), 0.2405376 secs] 84558179K->64837728K(130940928K), 0.2409537 secs] [Times: user=2.96 sys=0.32, real=0.24 secs] 
2024-03-22T22:22:13.676+0800: 106209.097: [GC (Allocation Failure) 2024-03-22T22:22:13.676+0800: 106209.097: [ParNew: 20841358K->1194272K(22937600K), 0.2124558 secs] 84498528K->64905933K(130940928K), 0.2128108 secs] [Times: user=2.79 sys=0.30, real=0.22 secs] 
2024-03-22T22:22:31.626+0800: 106227.047: [GC (Allocation Failure) 2024-03-22T22:22:31.626+0800: 106227.047: [ParNew: 20855072K->1190562K(22937600K), 0.2875564 secs] 84566733K->64949226K(130940928K), 0.2880086 secs] [Times: user=3.00 sys=1.32, real=0.29 secs] 
2024-03-22T22:22:50.409+0800: 106245.829: [GC (Allocation Failure) 2024-03-22T22:22:50.409+0800: 106245.830: [ParNew: 20851362K->1121116K(22937600K), 0.2952357 secs] 84610026K->64915741K(130940928K), 0.2956190 secs] [Times: user=3.74 sys=0.83, real=0.29 secs] 
2024-03-22T22:23:10.492+0800: 106265.913: [GC (Allocation Failure) 2024-03-22T22:23:10.492+0800: 106265.913: [ParNew: 20781916K->1257015K(22937600K), 0.2802798 secs] 84576541K->65092719K(130940928K), 0.2806695 secs] [Times: user=3.95 sys=0.38, real=0.28 secs] 
2024-03-22T22:23:27.794+0800: 106283.215: [GC (Allocation Failure) 2024-03-22T22:23:27.795+0800: 106283.215: [ParNew: 20917815K->1258627K(22937600K), 0.3784858 secs] 84753519K->65134338K(130940928K), 0.3788292 secs] [Times: user=4.03 sys=1.75, real=0.38 secs] 
2024-03-22T22:23:42.951+0800: 106298.372: [GC (Allocation Failure) 2024-03-22T22:23:42.952+0800: 106298.372: [ParNew: 20919427K->1220847K(22937600K), 0.2369232 secs] 84795138K->65136368K(130940928K), 0.2373867 secs] [Times: user=2.90 sys=0.49, real=0.24 secs] 
2024-03-22T22:23:58.143+0800: 106313.564: [GC (Allocation Failure) 2024-03-22T22:23:58.143+0800: 106313.564: [ParNew: 20881647K->1253626K(22937600K), 0.2238276 secs] 84797168K->65215026K(130940928K), 0.2242664 secs] [Times: user=2.82 sys=0.34, real=0.23 secs] 
2024-03-22T22:24:14.987+0800: 106330.408: [GC (Allocation Failure) 2024-03-22T22:24:14.987+0800: 106330.408: [ParNew: 20914426K->1288361K(22937600K), 0.2901305 secs] 84875826K->65299994K(130940928K), 0.2905837 secs] [Times: user=3.15 sys=0.99, real=0.30 secs] 
2024-03-22T22:24:32.417+0800: 106347.838: [GC (Allocation Failure) 2024-03-22T22:24:32.417+0800: 106347.838: [ParNew: 20949161K->1233894K(22937600K), 0.2864502 secs] 84960794K->65297627K(130940928K), 0.2869096 secs] [Times: user=3.14 sys=0.92, real=0.29 secs] 
2024-03-22T22:24:48.820+0800: 106364.241: [GC (Allocation Failure) 2024-03-22T22:24:48.820+0800: 106364.241: [ParNew: 20894694K->1156845K(22937600K), 0.2450083 secs] 84958427K->65275042K(130940928K), 0.2454724 secs] [Times: user=2.82 sys=0.52, real=0.24 secs] 
2024-03-22T22:25:05.990+0800: 106381.411: [GC (Allocation Failure) 2024-03-22T22:25:05.990+0800: 106381.411: [ParNew: 20817645K->1130426K(22937600K), 0.2759943 secs] 84935842K->65300188K(130940928K), 0.2764185 secs] [Times: user=3.16 sys=0.79, real=0.27 secs] 
2024-03-22T22:25:25.422+0800: 106400.843: [GC (Allocation Failure) 2024-03-22T22:25:25.422+0800: 106400.843: [ParNew: 20791226K->1102775K(22937600K), 0.2476564 secs] 84960988K->65321974K(130940928K), 0.2480707 secs] [Times: user=2.86 sys=0.82, real=0.25 secs] 
2024-03-22T22:25:45.697+0800: 106421.118: [GC (Allocation Failure) 2024-03-22T22:25:45.697+0800: 106421.118: [ParNew: 20763575K->1190575K(22937600K), 0.2261789 secs] 84982774K->65458298K(130940928K), 0.2265629 secs] [Times: user=2.73 sys=0.61, real=0.23 secs] 
2024-03-22T22:26:07.617+0800: 106443.038: [GC (Allocation Failure) 2024-03-22T22:26:07.617+0800: 106443.038: [ParNew: 20851375K->1105697K(22937600K), 0.3364747 secs] 85119098K->65422763K(130940928K), 0.3368516 secs] [Times: user=4.23 sys=1.07, real=0.34 secs] 
2024-03-22T22:26:29.904+0800: 106465.325: [GC (Allocation Failure) 2024-03-22T22:26:29.904+0800: 106465.325: [ParNew: 20766497K->1101768K(22937600K), 0.2559717 secs] 85083563K->65464104K(130940928K), 0.2563578 secs] [Times: user=2.64 sys=1.20, real=0.26 secs] 
2024-03-22T22:26:46.534+0800: 106481.955: [GC (Allocation Failure) 2024-03-22T22:26:46.534+0800: 106481.955: [ParNew: 20762568K->1138189K(22937600K), 0.2245631 secs] 85124904K->65542432K(130940928K), 0.2249824 secs] [Times: user=2.84 sys=0.41, real=0.23 secs] 
2024-03-22T22:26:59.531+0800: 106494.951: [GC (Allocation Failure) 2024-03-22T22:26:59.531+0800: 106494.952: [ParNew: 20798989K->1205377K(22937600K), 0.3023085 secs] 85203232K->65663049K(130940928K), 0.3026680 secs] [Times: user=3.23 sys=1.39, real=0.30 secs] 
2024-03-22T22:27:16.297+0800: 106511.718: [GC (Allocation Failure) 2024-03-22T22:27:16.298+0800: 106511.718: [ParNew: 20866177K->1063186K(22937600K), 0.4011350 secs] 85323849K->65576812K(130940928K), 0.4015251 secs] [Times: user=5.51 sys=0.81, real=0.41 secs] 
2024-03-22T22:27:32.715+0800: 106528.135: [GC (Allocation Failure) 2024-03-22T22:27:32.715+0800: 106528.136: [ParNew: 20723986K->1005295K(22937600K), 0.3593691 secs] 85237612K->65581865K(130940928K), 0.3597989 secs] [Times: user=5.02 sys=0.50, real=0.36 secs] 
2024-03-22T22:27:48.905+0800: 106544.326: [GC (Allocation Failure) 2024-03-22T22:27:48.905+0800: 106544.326: [ParNew: 20666095K->1036069K(22937600K), 0.3292237 secs] 85242665K->65667464K(130940928K), 0.3297045 secs] [Times: user=4.96 sys=0.11, real=0.33 secs] 
2024-03-22T22:28:09.694+0800: 106565.115: [GC (Allocation Failure) 2024-03-22T22:28:09.695+0800: 106565.115: [ParNew: 20696869K->1062745K(22937600K), 0.3265395 secs] 85328264K->65731596K(130940928K), 0.3269463 secs] [Times: user=3.29 sys=1.78, real=0.33 secs] 
2024-03-22T22:28:29.452+0800: 106584.873: [GC (Allocation Failure) 2024-03-22T22:28:29.452+0800: 106584.873: [ParNew: 20723545K->920791K(22937600K), 0.2273669 secs] 85392396K->65625241K(130940928K), 0.2277992 secs] [Times: user=2.68 sys=0.68, real=0.23 secs] 
2024-03-22T22:28:49.034+0800: 106604.455: [GC (Allocation Failure) 2024-03-22T22:28:49.035+0800: 106604.455: [ParNew: 20581591K->964374K(22937600K), 0.2693484 secs] 85286041K->65715839K(130940928K), 0.2698289 secs] [Times: user=2.76 sys=1.21, real=0.27 secs] 
2024-03-22T22:29:09.367+0800: 106624.787: [GC (Allocation Failure) 2024-03-22T22:29:09.367+0800: 106624.788: [ParNew: 20625174K->979741K(22937600K), 0.2809008 secs] 85376639K->65780468K(130940928K), 0.2813099 secs] [Times: user=3.42 sys=0.89, real=0.29 secs] 
2024-03-22T22:29:28.898+0800: 106644.319: [GC (Allocation Failure) 2024-03-22T22:29:28.898+0800: 106644.319: [ParNew: 20640541K->1012156K(22937600K), 0.2626712 secs] 85441268K->65858704K(130940928K), 0.2631263 secs] [Times: user=3.45 sys=0.51, real=0.26 secs] 
2024-03-22T22:29:46.882+0800: 106662.303: [GC (Allocation Failure) 2024-03-22T22:29:46.883+0800: 106662.303: [ParNew: 20672956K->965355K(22937600K), 0.4269435 secs] 85519504K->65858140K(130940928K), 0.4274675 secs] [Times: user=5.50 sys=1.47, real=0.43 secs] 
2024-03-22T22:30:06.273+0800: 106681.694: [GC (Allocation Failure) 2024-03-22T22:30:06.273+0800: 106681.694: [ParNew: 20626155K->999572K(22937600K), 0.2567577 secs] 85518940K->65931950K(130940928K), 0.2572069 secs] [Times: user=2.80 sys=0.82, real=0.26 secs] 
2024-03-22T22:30:22.162+0800: 106697.583: [GC (Allocation Failure) 2024-03-22T22:30:22.162+0800: 106697.583: [ParNew: 20660372K->923886K(22937600K), 0.2096676 secs] 85592750K->65890424K(130940928K), 0.2101126 secs] [Times: user=2.60 sys=0.38, real=0.21 secs] 
2024-03-22T22:30:35.892+0800: 106711.313: [GC (Allocation Failure) 2024-03-22T22:30:35.892+0800: 106711.313: [ParNew: 20584686K->1026543K(22937600K), 0.4405378 secs] 85551224K->66020375K(130940928K), 0.4409996 secs] [Times: user=6.04 sys=1.14, real=0.44 secs] 
2024-03-22T22:30:47.644+0800: 106723.065: [GC (Allocation Failure) 2024-03-22T22:30:47.645+0800: 106723.065: [ParNew: 20687343K->893660K(22937600K), 0.2146129 secs] 85681175K->65919172K(130940928K), 0.2150511 secs] [Times: user=2.63 sys=0.56, real=0.22 secs] 
2024-03-22T22:30:57.657+0800: 106733.078: [GC (Allocation Failure) 2024-03-22T22:30:57.657+0800: 106733.078: [ParNew: 20554460K->934399K(22937600K), 0.3640297 secs] 85579972K->66007080K(130940928K), 0.3644627 secs] [Times: user=5.46 sys=0.40, real=0.37 secs] 
2024-03-22T22:31:19.326+0800: 106754.747: [GC (Allocation Failure) 2024-03-22T22:31:19.326+0800: 106754.747: [ParNew: 20595199K->886853K(22937600K), 0.2212047 secs] 85667880K->66014964K(130940928K), 0.2216553 secs] [Times: user=2.55 sys=0.57, real=0.23 secs] 
2024-03-22T22:31:38.628+0800: 106774.049: [GC (Allocation Failure) 2024-03-22T22:31:38.628+0800: 106774.049: [ParNew: 20547653K->848960K(22937600K), 0.3198195 secs] 85675764K->66023825K(130940928K), 0.3203181 secs] [Times: user=2.67 sys=2.16, real=0.32 secs] 
2024-03-22T22:32:00.949+0800: 106796.370: [GC (Allocation Failure) 2024-03-22T22:32:00.949+0800: 106796.370: [ParNew: 20509760K->880812K(22937600K), 0.2482911 secs] 85684625K->66094224K(130940928K), 0.2486924 secs] [Times: user=2.63 sys=0.99, real=0.25 secs] 
2024-03-22T22:32:19.929+0800: 106815.349: [GC (Allocation Failure) 2024-03-22T22:32:19.929+0800: 106815.350: [ParNew: 20541612K->939252K(22937600K), 0.2241498 secs] 85755024K->66184754K(130940928K), 0.2245847 secs] [Times: user=2.55 sys=0.68, real=0.22 secs] 
2024-03-22T22:32:42.069+0800: 106837.490: [GC (Allocation Failure) 2024-03-22T22:32:42.069+0800: 106837.490: [ParNew: 20600052K->942227K(22937600K), 0.3055314 secs] 85845554K->66220502K(130940928K), 0.3059835 secs] [Times: user=2.68 sys=1.68, real=0.30 secs] 
2024-03-22T22:33:03.430+0800: 106858.851: [GC (Allocation Failure) 2024-03-22T22:33:03.430+0800: 106858.851: [ParNew: 20603027K->870091K(22937600K), 0.3006468 secs] 85881302K->66175264K(130940928K), 0.3010101 secs] [Times: user=3.43 sys=0.97, real=0.30 secs] 
2024-03-22T22:33:21.169+0800: 106876.590: [GC (Allocation Failure) 2024-03-22T22:33:21.169+0800: 106876.590: [ParNew: 20530891K->941844K(22937600K), 0.3020864 secs] 85836064K->66279299K(130940928K), 0.3025332 secs] [Times: user=4.20 sys=0.42, real=0.30 secs] 
2024-03-22T22:33:37.915+0800: 106893.336: [GC (Allocation Failure) 2024-03-22T22:33:37.915+0800: 106893.336: [ParNew: 20602644K->950217K(22937600K), 0.3267061 secs] 85940099K->66334699K(130940928K), 0.3271642 secs] [Times: user=2.87 sys=2.04, real=0.33 secs] 
2024-03-22T22:33:57.908+0800: 106913.329: [GC (Allocation Failure) 2024-03-22T22:33:57.908+0800: 106913.329: [ParNew: 20611017K->940802K(22937600K), 0.4103146 secs] 85995499K->66372740K(130940928K), 0.4107570 secs] [Times: user=5.11 sys=1.28, real=0.41 secs] 
2024-03-22T22:34:13.764+0800: 106929.185: [GC (Allocation Failure) 2024-03-22T22:34:13.764+0800: 106929.185: [ParNew: 20601602K->962054K(22937600K), 0.2678003 secs] 86033540K->66442175K(130940928K), 0.2681614 secs] [Times: user=3.48 sys=0.46, real=0.27 secs] 
2024-03-22T22:34:30.076+0800: 106945.497: [GC (Allocation Failure) 2024-03-22T22:34:30.076+0800: 106945.497: [ParNew: 20622854K->943997K(22937600K), 0.2923311 secs] 86102975K->66471251K(130940928K), 0.2927628 secs] [Times: user=2.81 sys=1.46, real=0.30 secs] 
2024-03-22T22:34:50.219+0800: 106965.640: [GC (Allocation Failure) 2024-03-22T22:34:50.220+0800: 106965.640: [ParNew: 20604797K->894617K(22937600K), 0.3415762 secs] 86132051K->66459731K(130940928K), 0.3420010 secs] [Times: user=4.30 sys=0.92, real=0.34 secs] 
2024-03-22T22:35:10.556+0800: 106985.976: [GC (Allocation Failure) 2024-03-22T22:35:10.556+0800: 106985.977: [ParNew: 20555417K->882630K(22937600K), 0.2297833 secs] 86120531K->66473581K(130940928K), 0.2301556 secs] [Times: user=2.76 sys=0.65, real=0.23 secs] 
2024-03-22T22:35:30.391+0800: 107005.811: [GC (Allocation Failure) 2024-03-22T22:35:30.391+0800: 107005.812: [ParNew: 20543430K->937451K(22937600K), 0.3038585 secs] 86134381K->66550165K(130940928K), 0.3042435 secs] [Times: user=2.94 sys=1.70, real=0.30 secs] 
2024-03-22T22:35:46.980+0800: 107022.401: [GC (Allocation Failure) 2024-03-22T22:35:46.981+0800: 107022.402: [ParNew: 20598251K->944061K(22937600K), 0.3470071 secs] 86210965K->66573628K(130940928K), 0.3474864 secs] [Times: user=4.53 sys=0.85, real=0.35 secs] 
2024-03-22T22:36:06.039+0800: 107041.460: [GC (Allocation Failure) 2024-03-22T22:36:06.039+0800: 107041.460: [ParNew: 20604861K->958306K(22937600K), 0.2226042 secs] 86234428K->66615190K(130940928K), 0.2230450 secs] [Times: user=2.59 sys=0.70, real=0.22 secs] 
2024-03-22T22:36:27.382+0800: 107062.803: [GC (Allocation Failure) 2024-03-22T22:36:27.383+0800: 107062.803: [ParNew: 20619106K->941370K(22937600K), 0.2190375 secs] 86275990K->66626091K(130940928K), 0.2194913 secs] [Times: user=2.80 sys=0.39, real=0.22 secs] 
2024-03-22T22:36:46.122+0800: 107081.543: [GC (Allocation Failure) 2024-03-22T22:36:46.122+0800: 107081.543: [ParNew: 20602170K->922381K(22937600K), 0.3513746 secs] 86286891K->66639815K(130940928K), 0.3517788 secs] [Times: user=2.98 sys=2.49, real=0.35 secs] 
2024-03-22T22:37:05.514+0800: 107100.935: [GC (Allocation Failure) 2024-03-22T22:37:05.514+0800: 107100.935: [ParNew: 20583181K->859018K(22937600K), 0.3119553 secs] 86300615K->66609454K(130940928K), 0.3123930 secs] [Times: user=3.99 sys=0.80, real=0.31 secs] 
2024-03-22T22:37:21.238+0800: 107116.659: [GC (Allocation Failure) 2024-03-22T22:37:21.238+0800: 107116.659: [ParNew: 20519818K->835539K(22937600K), 0.2071736 secs] 86270254K->66627403K(130940928K), 0.2075909 secs] [Times: user=2.59 sys=0.36, real=0.20 secs] 
2024-03-22T22:37:42.203+0800: 107137.624: [GC (Allocation Failure) 2024-03-22T22:37:42.204+0800: 107137.625: [ParNew: 20496339K->864480K(22937600K), 0.3817023 secs] 86288203K->66693730K(130940928K), 0.3821899 secs] [Times: user=3.20 sys=2.65, real=0.38 secs] 
2024-03-22T22:38:02.012+0800: 107157.433: [GC (Allocation Failure) 2024-03-22T22:38:02.012+0800: 107157.433: [ParNew: 20525280K->859275K(22937600K), 0.2546856 secs] 86354530K->66723496K(130940928K), 0.2551484 secs] [Times: user=2.71 sys=0.89, real=0.25 secs] 
2024-03-22T22:38:20.933+0800: 107176.354: [GC (Allocation Failure) 2024-03-22T22:38:20.934+0800: 107176.355: [ParNew: 20520075K->858420K(22937600K), 0.2448820 secs] 86384296K->66757945K(130940928K), 0.2453410 secs] [Times: user=3.15 sys=0.42, real=0.25 secs] 
2024-03-22T22:38:37.290+0800: 107192.710: [GC (Allocation Failure) 2024-03-22T22:38:37.290+0800: 107192.711: [ParNew: 20519220K->919145K(22937600K), 0.3826926 secs] 86418745K->66858321K(130940928K), 0.3831560 secs] [Times: user=2.79 sys=3.13, real=0.38 secs] 
2024-03-22T22:38:56.727+0800: 107212.148: [GC (Allocation Failure) 2024-03-22T22:38:56.727+0800: 107212.148: [ParNew: 20579945K->884336K(22937600K), 0.2685184 secs] 86519121K->66856899K(130940928K), 0.2689550 secs] [Times: user=2.94 sys=1.07, real=0.27 secs] 
2024-03-22T22:39:16.949+0800: 107232.370: [GC (Allocation Failure) 2024-03-22T22:39:16.949+0800: 107232.370: [ParNew: 20545136K->878174K(22937600K), 0.2589228 secs] 86517699K->66883796K(130940928K), 0.2594048 secs] [Times: user=3.38 sys=0.45, real=0.26 secs] 
2024-03-22T22:39:40.450+0800: 107255.870: [GC (Allocation Failure) 2024-03-22T22:39:40.450+0800: 107255.871: [ParNew: 20538974K->862344K(22937600K), 0.3870761 secs] 86544596K->66889147K(130940928K), 0.3875389 secs] [Times: user=2.72 sys=3.40, real=0.38 secs] 
2024-03-22T22:39:59.656+0800: 107275.077: [GC (Allocation Failure) 2024-03-22T22:39:59.656+0800: 107275.077: [ParNew: 20523144K->949052K(22937600K), 0.2628146 secs] 86549947K->66993418K(130940928K), 0.2632494 secs] [Times: user=2.96 sys=1.01, real=0.27 secs] 
2024-03-22T22:40:15.169+0800: 107290.590: [GC (Allocation Failure) 2024-03-22T22:40:15.170+0800: 107290.590: [ParNew: 20609852K->935884K(22937600K), 0.2405619 secs] 86654218K->67006492K(130940928K), 0.2410071 secs] [Times: user=3.41 sys=0.09, real=0.24 secs] 
2024-03-22T22:40:29.922+0800: 107305.343: [GC (Allocation Failure) 2024-03-22T22:40:29.923+0800: 107305.344: [ParNew: 20596684K->1008497K(22937600K), 0.4116892 secs] 86667292K->67112683K(130940928K), 0.4121842 secs] [Times: user=3.12 sys=3.53, real=0.41 secs] 
2024-03-22T22:40:43.794+0800: 107319.215: [GC (Allocation Failure) 2024-03-22T22:40:43.794+0800: 107319.215: [ParNew: 20669297K->1138721K(22937600K), 0.2367161 secs] 86773483K->67270438K(130940928K), 0.2371745 secs] [Times: user=2.79 sys=0.65, real=0.24 secs] 
2024-03-22T22:40:57.550+0800: 107332.971: [GC (Allocation Failure) 2024-03-22T22:40:57.550+0800: 107332.971: [ParNew: 20799521K->1077029K(22937600K), 0.3331924 secs] 86931238K->67236057K(130940928K), 0.3335880 secs] [Times: user=4.62 sys=0.41, real=0.33 secs] 
2024-03-22T22:41:10.341+0800: 107345.762: [GC (Allocation Failure) 2024-03-22T22:41:10.341+0800: 107345.762: [ParNew: 20737829K->1169494K(22937600K), 0.2143565 secs] 86896857K->67356639K(130940928K), 0.2148412 secs] [Times: user=2.86 sys=0.12, real=0.21 secs] 
2024-03-22T22:41:24.508+0800: 107359.928: [GC (Allocation Failure) 2024-03-22T22:41:24.508+0800: 107359.929: [ParNew: 20830294K->1221065K(22937600K), 0.3990654 secs] 87017439K->67442976K(130940928K), 0.3995612 secs] [Times: user=3.85 sys=2.43, real=0.39 secs] 
2024-03-22T22:41:39.705+0800: 107375.126: [GC (Allocation Failure) 2024-03-22T22:41:39.705+0800: 107375.126: [ParNew: 20881865K->1247311K(22937600K), 0.2686423 secs] 87103776K->67496535K(130940928K), 0.2690838 secs] [Times: user=3.37 sys=0.59, real=0.27 secs] 
2024-03-22T22:41:55.140+0800: 107390.561: [GC (Allocation Failure) 2024-03-22T22:41:55.140+0800: 107390.561: [ParNew: 20908111K->1176961K(22937600K), 0.2797764 secs] 87157335K->67471363K(130940928K), 0.2802228 secs] [Times: user=3.53 sys=0.51, real=0.28 secs] 
2024-03-22T22:42:10.875+0800: 107406.296: [GC (Allocation Failure) 2024-03-22T22:42:10.875+0800: 107406.296: [ParNew: 20837761K->1274481K(22937600K), 0.3181945 secs] 87132163K->67613121K(130940928K), 0.3186341 secs] [Times: user=3.35 sys=1.48, real=0.32 secs] 
2024-03-22T22:42:26.882+0800: 107422.303: [GC (Allocation Failure) 2024-03-22T22:42:26.882+0800: 107422.303: [ParNew: 20935281K->1399698K(22937600K), 0.3162877 secs] 87273921K->67777510K(130940928K), 0.3166659 secs] [Times: user=3.40 sys=1.41, real=0.32 secs] 
2024-03-22T22:42:39.961+0800: 107435.382: [GC (Allocation Failure) 2024-03-22T22:42:39.961+0800: 107435.382: [ParNew: 21060498K->1357915K(22937600K), 0.2855916 secs] 87438310K->67777339K(130940928K), 0.2859853 secs] [Times: user=3.62 sys=0.67, real=0.28 secs] 
2024-03-22T22:42:56.487+0800: 107451.908: [GC (Allocation Failure) 2024-03-22T22:42:56.487+0800: 107451.908: [ParNew: 21018715K->1494055K(22937600K), 0.4079297 secs] 87438139K->67951359K(130940928K), 0.4083357 secs] [Times: user=6.21 sys=0.29, real=0.41 secs] 
2024-03-22T22:43:13.241+0800: 107468.662: [GC (Allocation Failure) 2024-03-22T22:43:13.242+0800: 107468.663: [ParNew: 21154855K->1439711K(22937600K), 0.4103297 secs] 87612159K->67934110K(130940928K), 0.4107296 secs] [Times: user=3.77 sys=2.73, real=0.41 secs] 
2024-03-22T22:43:32.261+0800: 107487.682: [GC (Allocation Failure) 2024-03-22T22:43:32.261+0800: 107487.682: [ParNew: 21100511K->1398294K(22937600K), 0.2943537 secs] 87594910K->67929564K(130940928K), 0.2947274 secs] [Times: user=3.94 sys=0.53, real=0.29 secs] 
2024-03-22T22:43:49.500+0800: 107504.921: [GC (Allocation Failure) 2024-03-22T22:43:49.501+0800: 107504.922: [ParNew: 21059094K->1334861K(22937600K), 0.2386403 secs] 87590364K->67922919K(130940928K), 0.2390223 secs] [Times: user=3.04 sys=0.42, real=0.24 secs] 
2024-03-22T22:44:08.820+0800: 107524.241: [GC (Allocation Failure) 2024-03-22T22:44:08.820+0800: 107524.241: [ParNew: 20995661K->1355064K(22937600K), 0.4280333 secs] 87583719K->68014477K(130940928K), 0.4283759 secs] [Times: user=4.04 sys=2.67, real=0.43 secs] 
2024-03-22T22:44:29.356+0800: 107544.777: [GC (Allocation Failure) 2024-03-22T22:44:29.357+0800: 107544.777: [ParNew: 21015864K->1278750K(22937600K), 0.2972448 secs] 87675277K->67992295K(130940928K), 0.2976130 secs] [Times: user=3.57 sys=0.76, real=0.30 secs] 
2024-03-22T22:44:44.888+0800: 107560.309: [GC (Allocation Failure) 2024-03-22T22:44:44.888+0800: 107560.309: [ParNew: 20939550K->1232740K(22937600K), 0.2468352 secs] 87653095K->68020742K(130940928K), 0.2472135 secs] [Times: user=3.12 sys=0.41, real=0.24 secs] 
2024-03-22T22:44:59.913+0800: 107575.334: [GC (Allocation Failure) 2024-03-22T22:44:59.913+0800: 107575.334: [ParNew: 20893540K->1235182K(22937600K), 0.3074633 secs] 87681542K->68094306K(130940928K), 0.3079014 secs] [Times: user=3.25 sys=1.41, real=0.31 secs] 
2024-03-22T22:45:15.296+0800: 107590.717: [GC (Allocation Failure) 2024-03-22T22:45:15.296+0800: 107590.717: [ParNew: 20895982K->1263024K(22937600K), 0.2873497 secs] 87755106K->68185433K(130940928K), 0.2877732 secs] [Times: user=2.94 sys=1.13, real=0.29 secs] 
2024-03-22T22:45:30.390+0800: 107605.811: [GC (Allocation Failure) 2024-03-22T22:45:30.390+0800: 107605.811: [ParNew: 20923824K->1301787K(22937600K), 0.2590699 secs] 87846233K->68283422K(130940928K), 0.2594668 secs] [Times: user=3.03 sys=0.62, real=0.26 secs] 
2024-03-22T22:45:45.671+0800: 107621.092: [GC (Allocation Failure) 2024-03-22T22:45:45.671+0800: 107621.092: [ParNew: 20962587K->1247302K(22937600K), 0.4082327 secs] 87944222K->68291129K(130940928K), 0.4086630 secs] [Times: user=6.04 sys=0.18, real=0.41 secs] 
2024-03-22T22:46:01.767+0800: 107637.188: [GC (Allocation Failure) 2024-03-22T22:46:01.767+0800: 107637.188: [ParNew: 20908102K->1345491K(22937600K), 0.3912004 secs] 87951929K->68435857K(130940928K), 0.3916414 secs] [Times: user=4.27 sys=1.73, real=0.40 secs] 
2024-03-22T22:46:18.999+0800: 107654.420: [GC (Allocation Failure) 2024-03-22T22:46:18.999+0800: 107654.420: [ParNew: 21006291K->1246986K(22937600K), 0.2432319 secs] 88096657K->68383566K(130940928K), 0.2436684 secs] [Times: user=2.91 sys=0.55, real=0.24 secs] 
2024-03-22T22:46:36.085+0800: 107671.506: [GC (Allocation Failure) 2024-03-22T22:46:36.085+0800: 107671.506: [ParNew: 20907786K->1298625K(22937600K), 0.2689817 secs] 88044366K->68495179K(130940928K), 0.2694113 secs] [Times: user=3.64 sys=0.36, real=0.27 secs] 
2024-03-22T22:46:52.359+0800: 107687.780: [GC (Allocation Failure) 2024-03-22T22:46:52.360+0800: 107687.780: [ParNew: 20959425K->1420263K(22937600K), 0.3237751 secs] 88155979K->68664176K(130940928K), 0.3242548 secs] [Times: user=3.55 sys=1.49, real=0.32 secs] 
2024-03-22T22:47:09.684+0800: 107705.105: [GC (Allocation Failure) 2024-03-22T22:47:09.684+0800: 107705.105: [ParNew: 21081063K->1306376K(22937600K), 0.2664135 secs] 88324976K->68604724K(130940928K), 0.2667970 secs] [Times: user=2.89 sys=1.16, real=0.27 secs] 
2024-03-22T22:47:26.015+0800: 107721.436: [GC (Allocation Failure) 2024-03-22T22:47:26.015+0800: 107721.436: [ParNew: 20967176K->1328050K(22937600K), 0.2514437 secs] 88265524K->68677603K(130940928K), 0.2517756 secs] [Times: user=3.13 sys=0.53, real=0.25 secs] 
2024-03-22T22:47:41.217+0800: 107736.638: [GC (Allocation Failure) 2024-03-22T22:47:41.218+0800: 107736.638: [ParNew: 20988850K->1502738K(22937600K), 0.3818390 secs] 88338403K->68903704K(130940928K), 0.3822399 secs] [Times: user=3.49 sys=2.49, real=0.39 secs] 
2024-03-22T22:47:54.298+0800: 107749.718: [GC (Allocation Failure) 2024-03-22T22:47:54.298+0800: 107749.719: [ParNew: 21163538K->1504013K(22937600K), 0.2817819 secs] 88564504K->68942935K(130940928K), 0.2822310 secs] [Times: user=3.34 sys=0.76, real=0.28 secs] 
2024-03-22T22:48:08.257+0800: 107763.678: [GC (Allocation Failure) 2024-03-22T22:48:08.258+0800: 107763.679: [ParNew: 21164813K->1403573K(22937600K), 0.2388148 secs] 88603735K->68876902K(130940928K), 0.2392285 secs] [Times: user=2.93 sys=0.62, real=0.23 secs] 
2024-03-22T22:48:20.982+0800: 107776.403: [GC (Allocation Failure) 2024-03-22T22:48:20.983+0800: 107776.403: [ParNew: 21064373K->1415205K(22937600K), 0.2351529 secs] 88537702K->68925570K(130940928K), 0.2355456 secs] [Times: user=2.99 sys=0.48, real=0.24 secs] 
2024-03-22T22:48:33.636+0800: 107789.057: [GC (Allocation Failure) 2024-03-22T22:48:33.636+0800: 107789.057: [ParNew: 21076005K->1575965K(22937600K), 0.4024605 secs] 88586370K->69151449K(130940928K), 0.4029002 secs] [Times: user=3.95 sys=2.34, real=0.41 secs] 
2024-03-22T22:48:46.780+0800: 107802.200: [GC (Allocation Failure) 2024-03-22T22:48:46.780+0800: 107802.201: [ParNew: 21236765K->1677842K(22937600K), 0.3030737 secs] 88812249K->69322685K(130940928K), 0.3035230 secs] [Times: user=3.36 sys=1.06, real=0.30 secs] 
2024-03-22T22:48:58.750+0800: 107814.171: [GC (Allocation Failure) 2024-03-22T22:48:58.751+0800: 107814.171: [ParNew: 21338642K->1377259K(22937600K), 0.4249658 secs] 88983485K->69089894K(130940928K), 0.4253720 secs] [Times: user=6.25 sys=0.41, real=0.42 secs] 
2024-03-22T22:49:11.281+0800: 107826.702: [GC (Allocation Failure) 2024-03-22T22:49:11.282+0800: 107826.702: [ParNew: 21038059K->1431347K(22937600K), 0.3021112 secs] 88750694K->69205499K(130940928K), 0.3025278 secs] [Times: user=3.83 sys=0.51, real=0.30 secs] 
2024-03-22T22:49:22.678+0800: 107838.098: [GC (Allocation Failure) 2024-03-22T22:49:22.678+0800: 107838.099: [ParNew: 21092147K->1611344K(22937600K), 0.2694520 secs] 88866299K->69435907K(130940928K), 0.2699685 secs] [Times: user=3.78 sys=0.05, real=0.27 secs] 
2024-03-22T22:49:34.069+0800: 107849.490: [GC (Allocation Failure) 2024-03-22T22:49:34.070+0800: 107849.491: [ParNew: 21272144K->1541503K(22937600K), 0.5726296 secs] 89096707K->69417855K(130940928K), 0.5731060 secs] [Times: user=6.94 sys=2.25, real=0.57 secs] 
2024-03-22T22:49:47.507+0800: 107862.928: [GC (Allocation Failure) 2024-03-22T22:49:47.507+0800: 107862.928: [ParNew: 21202303K->1664096K(22937600K), 0.3491804 secs] 89078655K->69597229K(130940928K), 0.3495704 secs] [Times: user=3.46 sys=1.70, real=0.35 secs] 
2024-03-22T22:50:02.044+0800: 107877.465: [GC (Allocation Failure) 2024-03-22T22:50:02.044+0800: 107877.465: [ParNew: 21324896K->1538479K(22937600K), 0.2875118 secs] 89258029K->69531415K(130940928K), 0.2879148 secs] [Times: user=3.58 sys=0.51, real=0.29 secs] 
2024-03-22T22:50:16.740+0800: 107892.161: [GC (Allocation Failure) 2024-03-22T22:50:16.740+0800: 107892.161: [ParNew: 21199279K->1549821K(22937600K), 0.4004170 secs] 89192215K->69596276K(130940928K), 0.4008776 secs] [Times: user=6.01 sys=0.26, real=0.40 secs] 
2024-03-22T22:50:30.508+0800: 107905.929: [GC (Allocation Failure) 2024-03-22T22:50:30.508+0800: 107905.929: [ParNew: 21210621K->1665916K(22937600K), 0.3858249 secs] 89257076K->69773248K(130940928K), 0.3862878 secs] [Times: user=3.37 sys=2.61, real=0.38 secs] 
2024-03-22T22:50:42.955+0800: 107918.376: [GC (Allocation Failure) 2024-03-22T22:50:42.955+0800: 107918.376: [ParNew: 21326716K->1602607K(22937600K), 0.2683902 secs] 89434048K->69765633K(130940928K), 0.2687987 secs] [Times: user=3.51 sys=0.39, real=0.27 secs] 
2024-03-22T22:50:53.552+0800: 107928.973: [GC (Allocation Failure) 2024-03-22T22:50:53.552+0800: 107928.973: [ParNew: 21263407K->1578330K(22937600K), 0.3988616 secs] 89426433K->69802155K(130940928K), 0.3993065 secs] [Times: user=5.98 sys=0.35, real=0.40 secs] 
2024-03-22T22:51:04.087+0800: 107939.508: [GC (Allocation Failure) 2024-03-22T22:51:04.088+0800: 107939.508: [ParNew: 21239130K->1603665K(22937600K), 0.2430232 secs] 89462955K->69890638K(130940928K), 0.2434639 secs] [Times: user=3.21 sys=0.35, real=0.25 secs] 
2024-03-22T22:51:13.855+0800: 107949.276: [GC (Allocation Failure) 2024-03-22T22:51:13.855+0800: 107949.276: [ParNew: 21264465K->1757495K(22937600K), 0.2932096 secs] 89551438K->70101974K(130940928K), 0.2936400 secs] [Times: user=3.63 sys=0.75, real=0.30 secs] 
2024-03-22T22:51:21.272+0800: 107956.693: [GC (Allocation Failure) 2024-03-22T22:51:21.272+0800: 107956.693: [ParNew: 21418295K->1574043K(22937600K), 0.2548192 secs] 89762774K->69976802K(130940928K), 0.2552578 secs] [Times: user=3.55 sys=0.23, real=0.25 secs] 
2024-03-22T22:51:33.146+0800: 107968.567: [GC (Allocation Failure) 2024-03-22T22:51:33.146+0800: 107968.567: [ParNew: 21234843K->1698785K(22937600K), 0.2870045 secs] 89637602K->70164832K(130940928K), 0.2874190 secs] [Times: user=3.43 sys=0.74, real=0.29 secs] 
2024-03-22T22:51:45.444+0800: 107980.865: [GC (Allocation Failure) 2024-03-22T22:51:45.444+0800: 107980.865: [ParNew: 21359585K->1558205K(22937600K), 0.2680706 secs] 89825632K->70098115K(130940928K), 0.2684762 secs] [Times: user=3.45 sys=0.35, real=0.27 secs] 
2024-03-22T22:51:57.246+0800: 107992.667: [GC (Allocation Failure) 2024-03-22T22:51:57.246+0800: 107992.667: [ParNew: 21219005K->1638051K(22937600K), 0.3034948 secs] 89758915K->70247135K(130940928K), 0.3039102 secs] [Times: user=4.40 sys=0.13, real=0.31 secs] 
2024-03-22T22:52:10.892+0800: 108006.313: [GC (Allocation Failure) 2024-03-22T22:52:10.893+0800: 108006.313: [ParNew: 21298851K->1751079K(22937600K), 0.3270868 secs] 89907935K->70434436K(130940928K), 0.3275048 secs] [Times: user=3.97 sys=0.91, real=0.33 secs] 
2024-03-22T22:52:24.912+0800: 108020.333: [GC (Allocation Failure) 2024-03-22T22:52:24.912+0800: 108020.333: [ParNew: 21411879K->1697040K(22937600K), 0.3871723 secs] 90095236K->70453404K(130940928K), 0.3875191 secs] [Times: user=4.92 sys=1.19, real=0.39 secs] 
2024-03-22T22:52:39.354+0800: 108034.775: [GC (Allocation Failure) 2024-03-22T22:52:39.355+0800: 108034.775: [ParNew: 21357840K->1659060K(22937600K), 0.2607874 secs] 90114204K->70487751K(130940928K), 0.2612084 secs] [Times: user=3.44 sys=0.35, real=0.26 secs] 
2024-03-22T22:52:50.951+0800: 108046.372: [GC (Allocation Failure) 2024-03-22T22:52:50.951+0800: 108046.372: [ParNew: 21319860K->1712290K(22937600K), 0.2573624 secs] 90148551K->70617833K(130940928K), 0.2577744 secs] [Times: user=3.44 sys=0.19, real=0.26 secs] 
2024-03-22T22:53:02.809+0800: 108058.229: [GC (Allocation Failure) 2024-03-22T22:53:02.809+0800: 108058.230: [ParNew: 21373090K->1808875K(22937600K), 0.3061892 secs] 90278633K->70793677K(130940928K), 0.3066016 secs] [Times: user=3.68 sys=0.82, real=0.30 secs] 
2024-03-22T22:53:13.576+0800: 108068.997: [GC (Allocation Failure) 2024-03-22T22:53:13.577+0800: 108068.997: [ParNew: 21469675K->1719358K(22937600K), 0.3946401 secs] 90454477K->70787629K(130940928K), 0.3950496 secs] [Times: user=5.39 sys=0.69, real=0.40 secs] 
2024-03-22T22:53:25.161+0800: 108080.582: [GC (Allocation Failure) 2024-03-22T22:53:25.161+0800: 108080.582: [ParNew: 21380158K->1708626K(22937600K), 0.2710578 secs] 90448429K->70849878K(130940928K), 0.2714496 secs] [Times: user=3.53 sys=0.25, real=0.27 secs] 
2024-03-22T22:53:36.088+0800: 108091.509: [GC (Allocation Failure) 2024-03-22T22:53:36.088+0800: 108091.509: [ParNew: 21369426K->1895209K(22937600K), 0.2741563 secs] 90510678K->71114418K(130940928K), 0.2745455 secs] [Times: user=3.59 sys=0.20, real=0.27 secs] 
2024-03-22T22:53:47.941+0800: 108103.362: [GC (Allocation Failure) 2024-03-22T22:53:47.942+0800: 108103.362: [ParNew: 21556009K->1777566K(22937600K), 0.3457357 secs] 90775218K->71059945K(130940928K), 0.3461664 secs] [Times: user=4.83 sys=0.36, real=0.35 secs] 
2024-03-22T22:53:59.348+0800: 108114.769: [GC (Allocation Failure) 2024-03-22T22:53:59.348+0800: 108114.769: [ParNew: 21438366K->1994445K(22937600K), 0.3295137 secs] 90720745K->71327453K(130940928K), 0.3299324 secs] [Times: user=3.72 sys=1.15, real=0.33 secs] 
2024-03-22T22:54:12.462+0800: 108127.882: [GC (Allocation Failure) 2024-03-22T22:54:12.462+0800: 108127.883: [ParNew: 21655245K->2000354K(22937600K), 0.3523845 secs] 90988253K->71389877K(130940928K), 0.3528541 secs] [Times: user=4.05 sys=1.21, real=0.35 secs] 
2024-03-22T22:54:25.221+0800: 108140.642: [GC (Allocation Failure) 2024-03-22T22:54:25.221+0800: 108140.642: [ParNew: 21661154K->1829249K(22937600K), 0.3026290 secs] 91050677K->71263412K(130940928K), 0.3030425 secs] [Times: user=4.16 sys=0.22, real=0.30 secs] 
2024-03-22T22:54:36.603+0800: 108152.024: [GC (Allocation Failure) 2024-03-22T22:54:36.604+0800: 108152.024: [ParNew: 21490049K->1955562K(22937600K), 0.2880811 secs] 90924212K->71463933K(130940928K), 0.2884479 secs] [Times: user=3.75 sys=0.38, real=0.29 secs] 
2024-03-22T22:54:49.764+0800: 108165.185: [GC (Allocation Failure) 2024-03-22T22:54:49.765+0800: 108165.185: [ParNew: 21616362K->1932060K(22937600K), 0.2734324 secs] 91124733K->71516589K(130940928K), 0.2738760 secs] [Times: user=3.81 sys=0.12, real=0.28 secs] 
2024-03-22T22:55:02.954+0800: 108178.374: [GC (Allocation Failure) 2024-03-22T22:55:02.954+0800: 108178.375: [ParNew: 21592860K->2163492K(22937600K), 0.3667034 secs] 91177389K->71826608K(130940928K), 0.3671168 secs] [Times: user=3.78 sys=1.85, real=0.37 secs] 
2024-03-22T22:55:15.779+0800: 108191.199: [GC (Allocation Failure) 2024-03-22T22:55:15.779+0800: 108191.200: [ParNew: 21824292K->2039316K(22937600K), 0.3991505 secs] 91487408K->71772967K(130940928K), 0.3995425 secs] [Times: user=5.59 sys=0.61, real=0.40 secs] 
2024-03-22T22:55:28.494+0800: 108203.915: [GC (Allocation Failure) 2024-03-22T22:55:28.494+0800: 108203.915: [ParNew: 21700116K->2165502K(22937600K), 0.3006812 secs] 91433767K->71985199K(130940928K), 0.3009955 secs] [Times: user=3.81 sys=0.42, real=0.30 secs] 
2024-03-22T22:55:41.206+0800: 108216.627: [GC (Allocation Failure) 2024-03-22T22:55:41.207+0800: 108216.627: [ParNew: 21826302K->1989962K(22937600K), 0.2671530 secs] 91645999K->71893144K(130940928K), 0.2675735 secs] [Times: user=3.73 sys=0.22, real=0.27 secs] 
2024-03-22T22:55:54.341+0800: 108229.762: [GC (Allocation Failure) 2024-03-22T22:55:54.341+0800: 108229.762: [ParNew: 21650762K->2148625K(22937600K), 0.3243647 secs] 91553944K->72140420K(130940928K), 0.3247930 secs] [Times: user=3.85 sys=1.00, real=0.32 secs] 
2024-03-22T22:56:07.539+0800: 108242.959: [GC (Allocation Failure) 2024-03-22T22:56:07.539+0800: 108242.960: [ParNew: 21809425K->1923139K(22937600K), 0.3233298 secs] 91801220K->72004569K(130940928K), 0.3237212 secs] [Times: user=3.84 sys=1.04, real=0.32 secs] 
2024-03-22T22:56:19.802+0800: 108255.223: [GC (Allocation Failure) 2024-03-22T22:56:19.802+0800: 108255.223: [ParNew: 21583939K->1893669K(22937600K), 0.4224122 secs] 91665369K->72057860K(130940928K), 0.4227704 secs] [Times: user=6.14 sys=0.34, real=0.42 secs] 
2024-03-22T22:56:34.068+0800: 108269.489: [GC (Allocation Failure) 2024-03-22T22:56:34.068+0800: 108269.489: [ParNew: 21554469K->1983370K(22937600K), 0.2816022 secs] 91718660K->72239242K(130940928K), 0.2819811 secs] [Times: user=3.74 sys=0.36, real=0.28 secs] 
2024-03-22T22:56:47.015+0800: 108282.436: [GC (Allocation Failure) 2024-03-22T22:56:47.015+0800: 108282.436: [ParNew: 21644170K->2040337K(22937600K), 0.3138588 secs] 91900042K->72392111K(130940928K), 0.3142486 secs] [Times: user=3.91 sys=0.60, real=0.32 secs] 
2024-03-22T22:56:59.893+0800: 108295.314: [GC (Allocation Failure) 2024-03-22T22:56:59.894+0800: 108295.314: [ParNew: 21701137K->1972037K(22937600K), 0.3467178 secs] 92052911K->72410989K(130940928K), 0.3470910 secs] [Times: user=4.05 sys=1.20, real=0.35 secs] 
2024-03-22T22:57:12.474+0800: 108307.895: [GC (Allocation Failure) 2024-03-22T22:57:12.475+0800: 108307.895: [ParNew: 21632837K->1986220K(22937600K), 0.3761778 secs] 92071789K->72513301K(130940928K), 0.3765681 secs] [Times: user=5.28 sys=0.47, real=0.38 secs] 
2024-03-22T22:57:24.625+0800: 108320.046: [GC (Allocation Failure) 2024-03-22T22:57:24.625+0800: 108320.046: [ParNew: 21647020K->1961762K(22937600K), 0.2842942 secs] 92174101K->72583640K(130940928K), 0.2847301 secs] [Times: user=3.52 sys=0.52, real=0.29 secs] 
2024-03-22T22:57:36.140+0800: 108331.561: [GC (Allocation Failure) 2024-03-22T22:57:36.140+0800: 108331.561: [ParNew: 21622562K->2125426K(22937600K), 0.2761745 secs] 92244440K->72846196K(130940928K), 0.2766243 secs] [Times: user=3.76 sys=0.08, real=0.27 secs] 
2024-03-22T22:57:46.145+0800: 108341.566: [GC (Allocation Failure) 2024-03-22T22:57:46.146+0800: 108341.567: [ParNew: 21786226K->2104880K(22937600K), 0.3336125 secs] 92506996K->72914346K(130940928K), 0.3341601 secs] [Times: user=4.02 sys=0.79, real=0.34 secs] 
2024-03-22T22:57:58.802+0800: 108354.223: [GC (Allocation Failure) 2024-03-22T22:57:58.803+0800: 108354.223: [ParNew: 21765680K->1997417K(22937600K), 0.3297337 secs] 92575146K->72898795K(130940928K), 0.3302262 secs] [Times: user=3.88 sys=1.00, real=0.33 secs] 
2024-03-22T22:58:10.544+0800: 108365.964: [GC (Allocation Failure) 2024-03-22T22:58:10.544+0800: 108365.965: [ParNew: 21658217K->2089797K(22937600K), 0.4232128 secs] 92559595K->73081266K(130940928K), 0.4236603 secs] [Times: user=5.97 sys=0.40, real=0.42 secs] 
2024-03-22T22:58:22.339+0800: 108377.760: [GC (Allocation Failure) 2024-03-22T22:58:22.339+0800: 108377.760: [ParNew: 21750597K->1851321K(22937600K), 0.3005386 secs] 92742066K->72932136K(130940928K), 0.3010121 secs] [Times: user=3.93 sys=0.31, real=0.30 secs] 
2024-03-22T22:58:32.952+0800: 108388.373: [GC (Allocation Failure) 2024-03-22T22:58:32.952+0800: 108388.373: [ParNew: 21512121K->2063804K(22937600K), 0.2861794 secs] 92592936K->73232912K(130940928K), 0.2866680 secs] [Times: user=3.78 sys=0.08, real=0.29 secs] 
2024-03-22T22:58:43.222+0800: 108398.643: [GC (Allocation Failure) 2024-03-22T22:58:43.222+0800: 108398.643: [ParNew: 21724604K->2015643K(22937600K), 0.3436041 secs] 92893712K->73259120K(130940928K), 0.3441025 secs] [Times: user=3.66 sys=1.18, real=0.34 secs] 
2024-03-22T22:58:54.893+0800: 108410.314: [GC (Allocation Failure) 2024-03-22T22:58:54.893+0800: 108410.314: [ParNew: 21645073K->2019620K(22937600K), 0.3371544 secs] 92888550K->73347433K(130940928K), 0.3376422 secs] [Times: user=3.84 sys=1.04, real=0.34 secs] 
2024-03-22T22:59:05.335+0800: 108420.756: [GC (Allocation Failure) 2024-03-22T22:59:05.335+0800: 108420.756: [ParNew: 21680420K->2007442K(22937600K), 0.2949338 secs] 93008233K->73418237K(130940928K), 0.2953875 secs] [Times: user=3.82 sys=0.27, real=0.30 secs] 
2024-03-22T22:59:17.864+0800: 108433.285: [GC (Allocation Failure) 2024-03-22T22:59:17.864+0800: 108433.285: [ParNew: 21668242K->2227878K(22937600K), 0.3668500 secs] 93079037K->73722773K(130940928K), 0.3672985 secs] [Times: user=5.17 sys=0.34, real=0.37 secs] 
2024-03-22T22:59:28.484+0800: 108443.905: [GC (Allocation Failure) 2024-03-22T22:59:28.484+0800: 108443.905: [ParNew: 21888678K->2093248K(22937600K), 0.3154630 secs] 93383573K->73680506K(130940928K), 0.3159429 secs] [Times: user=4.33 sys=0.16, real=0.32 secs] 
2024-03-22T22:59:40.657+0800: 108456.077: [GC (Allocation Failure) 2024-03-22T22:59:40.657+0800: 108456.078: [ParNew: 21754048K->2139490K(22937600K), 0.3476484 secs] 93341306K->73817154K(130940928K), 0.3481295 secs] [Times: user=3.59 sys=1.48, real=0.35 secs] 
2024-03-22T22:59:53.944+0800: 108469.364: [GC (Allocation Failure) 2024-03-22T22:59:53.944+0800: 108469.365: [ParNew: 21800290K->2064386K(22937600K), 0.2964657 secs] 93477954K->73823140K(130940928K), 0.2968928 secs] [Times: user=3.60 sys=0.77, real=0.30 secs] 
2024-03-22T23:00:06.918+0800: 108482.338: [GC (Allocation Failure) 2024-03-22T23:00:06.918+0800: 108482.339: [ParNew: 21725186K->1961899K(22937600K), 0.2757804 secs] 93483940K->73799649K(130940928K), 0.2762055 secs] [Times: user=3.89 sys=0.39, real=0.27 secs] 
2024-03-22T23:00:20.310+0800: 108495.731: [GC (Allocation Failure) 2024-03-22T23:00:20.310+0800: 108495.731: [ParNew: 21622699K->1898063K(22937600K), 0.2743843 secs] 93460449K->73821211K(130940928K), 0.2747983 secs] [Times: user=3.89 sys=0.31, real=0.27 secs] 
2024-03-22T23:00:33.141+0800: 108508.562: [GC (Allocation Failure) 2024-03-22T23:00:33.142+0800: 108508.563: [ParNew: 21558863K->2031807K(22937600K), 0.3035032 secs] 93482011K->74044390K(130940928K), 0.3039457 secs] [Times: user=3.95 sys=0.71, real=0.30 secs] 
2024-03-22T23:00:44.849+0800: 108520.270: [GC (Allocation Failure) 2024-03-22T23:00:44.850+0800: 108520.270: [ParNew: 21692607K->1885433K(22937600K), 0.3113801 secs] 93705190K->73975582K(130940928K), 0.3118183 secs] [Times: user=3.50 sys=1.11, real=0.31 secs] 
2024-03-22T23:00:56.041+0800: 108531.462: [GC (Allocation Failure) 2024-03-22T23:00:56.041+0800: 108531.462: [ParNew: 21546233K->1926362K(22937600K), 0.4353096 secs] 93636382K->74101291K(130940928K), 0.4357079 secs] [Times: user=6.33 sys=0.39, real=0.43 secs] 
2024-03-22T23:01:07.280+0800: 108542.701: [GC (Allocation Failure) 2024-03-22T23:01:07.280+0800: 108542.701: [ParNew: 21587162K->1791877K(22937600K), 0.2772054 secs] 93762091K->74054867K(130940928K), 0.2776202 secs] [Times: user=3.37 sys=0.48, real=0.28 secs] 
2024-03-22T23:01:18.610+0800: 108554.030: [GC (Allocation Failure) 2024-03-22T23:01:18.610+0800: 108554.031: [ParNew: 21452677K->1900721K(22937600K), 0.2893308 secs] 93715667K->74244171K(130940928K), 0.2897577 secs] [Times: user=3.76 sys=0.06, real=0.29 secs] 
2024-03-22T23:01:31.618+0800: 108567.039: [GC (Allocation Failure) 2024-03-22T23:01:31.618+0800: 108567.039: [ParNew: 21561521K->1987230K(22937600K), 0.3619141 secs] 93904971K->74410708K(130940928K), 0.3624474 secs] [Times: user=3.62 sys=1.12, real=0.36 secs] 
2024-03-22T23:01:42.974+0800: 108578.395: [GC (Allocation Failure) 2024-03-22T23:01:42.974+0800: 108578.395: [ParNew: 21648030K->1774770K(22937600K), 0.4086712 secs] 94071508K->74278110K(130940928K), 0.4090383 secs] [Times: user=4.69 sys=1.20, real=0.41 secs] 
2024-03-22T23:01:54.745+0800: 108590.165: [GC (Allocation Failure) 2024-03-22T23:01:54.745+0800: 108590.166: [ParNew: 21435570K->1971037K(22937600K), 0.4536709 secs] 93938910K->74552823K(130940928K), 0.4540874 secs] [Times: user=6.49 sys=0.21, real=0.46 secs] 
2024-03-22T23:02:05.829+0800: 108601.250: [GC (Allocation Failure) 2024-03-22T23:02:05.829+0800: 108601.250: [ParNew: 21631837K->1857978K(22937600K), 0.3705679 secs] 94213623K->74527508K(130940928K), 0.3709689 secs] [Times: user=4.89 sys=0.32, real=0.37 secs] 
2024-03-22T23:02:16.709+0800: 108612.130: [GC (Allocation Failure) 2024-03-22T23:02:16.709+0800: 108612.130: [ParNew: 21518778K->1834595K(22937600K), 0.4088175 secs] 94188308K->74585324K(130940928K), 0.4092991 secs] [Times: user=6.14 sys=0.08, real=0.41 secs] 
2024-03-22T23:02:29.882+0800: 108625.303: [GC (Allocation Failure) 2024-03-22T23:02:29.882+0800: 108625.303: [ParNew: 21495395K->1914400K(22937600K), 0.3428657 secs] 94246124K->74740751K(130940928K), 0.3435554 secs] [Times: user=3.68 sys=1.30, real=0.34 secs] 
2024-03-22T23:02:41.883+0800: 108637.304: [GC (Allocation Failure) 2024-03-22T23:02:41.883+0800: 108637.304: [ParNew: 21575200K->1819829K(22937600K), 0.3234831 secs] 94401551K->74722754K(130940928K), 0.3239484 secs] [Times: user=3.83 sys=0.83, real=0.32 secs] 
2024-03-22T23:02:53.610+0800: 108649.031: [GC (Allocation Failure) 2024-03-22T23:02:53.610+0800: 108649.031: [ParNew: 21480629K->1959046K(22937600K), 0.2807213 secs] 94383554K->74943664K(130940928K), 0.2811965 secs] [Times: user=3.40 sys=0.52, real=0.28 secs] 
2024-03-22T23:03:05.357+0800: 108660.778: [GC (Allocation Failure) 2024-03-22T23:03:05.358+0800: 108660.778: [ParNew: 21619846K->1919767K(22937600K), 0.2770646 secs] 94604464K->74981816K(130940928K), 0.2775117 secs] [Times: user=3.59 sys=0.22, real=0.28 secs] 
2024-03-22T23:03:19.235+0800: 108674.656: [GC (Allocation Failure) 2024-03-22T23:03:19.235+0800: 108674.656: [ParNew: 21580567K->1911306K(22937600K), 0.3124401 secs] 94642616K->75051469K(130940928K), 0.3127834 secs] [Times: user=3.65 sys=0.62, real=0.32 secs] 
2024-03-22T23:03:29.382+0800: 108684.803: [GC (Allocation Failure) 2024-03-22T23:03:29.382+0800: 108684.803: [ParNew: 21572106K->2011192K(22937600K), 0.3069793 secs] 94712269K->75225472K(130940928K), 0.3073282 secs] [Times: user=3.32 sys=0.80, real=0.31 secs] 
2024-03-22T23:03:39.581+0800: 108695.002: [GC (Allocation Failure) 2024-03-22T23:03:39.582+0800: 108695.002: [ParNew: 21671992K->1712840K(22937600K), 0.2942742 secs] 94886272K->74997549K(130940928K), 0.2946220 secs] [Times: user=3.60 sys=0.35, real=0.29 secs] 
2024-03-22T23:03:49.953+0800: 108705.374: [GC (Allocation Failure) 2024-03-22T23:03:49.953+0800: 108705.374: [ParNew: 21373640K->1829850K(22937600K), 0.2861697 secs] 94658349K->75188471K(130940928K), 0.2865167 secs] [Times: user=3.36 sys=0.44, real=0.29 secs] 
2024-03-22T23:04:01.775+0800: 108717.196: [GC (Allocation Failure) 2024-03-22T23:04:01.776+0800: 108717.196: [ParNew: 21490650K->1783407K(22937600K), 0.3244409 secs] 94849271K->75216065K(130940928K), 0.3247896 secs] [Times: user=4.07 sys=0.35, real=0.33 secs] 
2024-03-22T23:04:11.892+0800: 108727.313: [GC (Allocation Failure) 2024-03-22T23:04:11.893+0800: 108727.313: [ParNew: 21444207K->1702326K(22937600K), 0.2598295 secs] 94876865K->75211536K(130940928K), 0.2603135 secs] [Times: user=3.57 sys=0.00, real=0.26 secs] 
2024-03-22T23:04:21.665+0800: 108737.086: [GC (Allocation Failure) 2024-03-22T23:04:21.665+0800: 108737.086: [ParNew: 21363126K->1932304K(22937600K), 0.5008300 secs] 94872336K->75527683K(130940928K), 0.5013738 secs] [Times: user=7.03 sys=0.74, real=0.50 secs] 
2024-03-22T23:04:32.523+0800: 108747.944: [GC (Allocation Failure) 2024-03-22T23:04:32.524+0800: 108747.945: [ParNew: 21593104K->1822931K(22937600K), 0.4799098 secs] 95188483K->75500126K(130940928K), 0.4803986 secs] [Times: user=6.57 sys=0.90, real=0.48 secs] 
2024-03-22T23:04:43.548+0800: 108758.968: [GC (Allocation Failure) 2024-03-22T23:04:43.548+0800: 108758.969: [ParNew: 21483731K->1828030K(22937600K), 0.2685318 secs] 95160926K->75585810K(130940928K), 0.2689836 secs] [Times: user=3.30 sys=0.46, real=0.26 secs] 
2024-03-22T23:04:54.700+0800: 108770.121: [GC (Allocation Failure) 2024-03-22T23:04:54.700+0800: 108770.121: [ParNew: 21488830K->1794372K(22937600K), 0.2718495 secs] 95246610K->75627774K(130940928K), 0.2723091 secs] [Times: user=3.28 sys=0.45, real=0.27 secs] 
2024-03-22T23:05:06.429+0800: 108781.850: [GC (Allocation Failure) 2024-03-22T23:05:06.430+0800: 108781.850: [ParNew: 21455172K->1773717K(22937600K), 0.4090424 secs] 95288574K->75678499K(130940928K), 0.4094954 secs] [Times: user=6.16 sys=0.14, real=0.41 secs] 
2024-03-22T23:05:16.940+0800: 108792.361: [GC (Allocation Failure) 2024-03-22T23:05:16.940+0800: 108792.361: [ParNew: 21434517K->1795919K(22937600K), 0.3624927 secs] 95339299K->75778502K(130940928K), 0.3630134 secs] [Times: user=4.31 sys=0.99, real=0.36 secs] 
2024-03-22T23:05:28.006+0800: 108803.427: [GC (Allocation Failure) 2024-03-22T23:05:28.007+0800: 108803.427: [ParNew: 21456719K->1706303K(22937600K), 0.4418441 secs] 95439302K->75780102K(130940928K), 0.4423044 secs] [Times: user=6.14 sys=0.82, real=0.45 secs] 
2024-03-22T23:05:38.014+0800: 108813.435: [GC (Allocation Failure) 2024-03-22T23:05:38.014+0800: 108813.435: [ParNew: 21367103K->1844436K(22937600K), 0.2647485 secs] 95440902K->75999361K(130940928K), 0.2651955 secs] [Times: user=3.51 sys=0.21, real=0.27 secs] 
2024-03-22T23:05:48.728+0800: 108824.149: [GC (Allocation Failure) 2024-03-22T23:05:48.729+0800: 108824.149: [ParNew: 21505236K->1829708K(22937600K), 0.4146029 secs] 95660161K->76063836K(130940928K), 0.4150915 secs] [Times: user=6.03 sys=0.31, real=0.41 secs] 
2024-03-22T23:06:01.129+0800: 108836.549: [GC (Allocation Failure) 2024-03-22T23:06:01.129+0800: 108836.550: [ParNew: 21490508K->1716662K(22937600K), 0.2672093 secs] 95724636K->76034681K(130940928K), 0.2677183 secs] [Times: user=3.54 sys=0.12, real=0.26 secs] 
2024-03-22T23:06:14.646+0800: 108850.067: [GC (Allocation Failure) 2024-03-22T23:06:14.647+0800: 108850.067: [ParNew: 21377462K->1839782K(22937600K), 0.3119491 secs] 95695481K->76236559K(130940928K), 0.3124938 secs] [Times: user=3.71 sys=0.72, real=0.32 secs] 
2024-03-22T23:06:26.189+0800: 108861.609: [GC (Allocation Failure) 2024-03-22T23:06:26.189+0800: 108861.610: [ParNew: 21500582K->1933205K(22937600K), 0.3127608 secs] 95897359K->76398643K(130940928K), 0.3132430 secs] [Times: user=3.76 sys=0.77, real=0.31 secs] 
2024-03-22T23:06:37.719+0800: 108873.140: [GC (Allocation Failure) 2024-03-22T23:06:37.719+0800: 108873.140: [ParNew: 21594005K->1794953K(22937600K), 0.2727683 secs] 96059443K->76336100K(130940928K), 0.2732389 secs] [Times: user=3.33 sys=0.50, real=0.27 secs] 
2024-03-22T23:06:48.888+0800: 108884.309: [GC (Allocation Failure) 2024-03-22T23:06:48.888+0800: 108884.309: [ParNew: 21455753K->1684913K(22937600K), 0.2708903 secs] 95996900K->76300210K(130940928K), 0.2713299 secs] [Times: user=3.36 sys=0.42, real=0.27 secs] 
2024-03-22T23:06:58.411+0800: 108893.832: [GC (Allocation Failure) 2024-03-22T23:06:58.411+0800: 108893.832: [ParNew: 21345713K->1879157K(22937600K), 0.2507337 secs] 95961010K->76562816K(130940928K), 0.2511550 secs] [Times: user=3.27 sys=0.23, real=0.25 secs] 
2024-03-22T23:07:09.577+0800: 108904.997: [GC (Allocation Failure) 2024-03-22T23:07:09.577+0800: 108904.998: [ParNew: 21539957K->1959437K(22937600K), 0.2931029 secs] 96223616K->76710138K(130940928K), 0.2936163 secs] [Times: user=3.46 sys=0.83, real=0.30 secs] 
2024-03-22T23:07:22.064+0800: 108917.485: [GC (Allocation Failure) 2024-03-22T23:07:22.065+0800: 108917.485: [ParNew: 21620237K->1868876K(22937600K), 0.3581814 secs] 96370938K->76691771K(130940928K), 0.3586431 secs] [Times: user=4.41 sys=1.00, real=0.36 secs] 
2024-03-22T23:07:32.769+0800: 108928.190: [GC (Allocation Failure) 2024-03-22T23:07:32.769+0800: 108928.190: [ParNew: 21529676K->1834032K(22937600K), 0.4215263 secs] 96352571K->76726022K(130940928K), 0.4219618 secs] [Times: user=6.15 sys=0.29, real=0.42 secs] 
2024-03-22T23:07:43.833+0800: 108939.254: [GC (Allocation Failure) 2024-03-22T23:07:43.834+0800: 108939.254: [ParNew: 21494832K->1765192K(22937600K), 0.4120289 secs] 96386822K->76733381K(130940928K), 0.4124748 secs] [Times: user=6.03 sys=0.26, real=0.41 secs] 
2024-03-22T23:07:54.324+0800: 108949.745: [GC (Allocation Failure) 2024-03-22T23:07:54.324+0800: 108949.745: [ParNew: 21425992K->1972211K(22937600K), 0.2698962 secs] 96394181K->77015650K(130940928K), 0.2703459 secs] [Times: user=3.64 sys=0.07, real=0.27 secs] 
2024-03-22T23:08:04.554+0800: 108959.974: [GC (Allocation Failure) 2024-03-22T23:08:04.554+0800: 108959.975: [ParNew: 21633011K->2010207K(22937600K), 0.2999395 secs] 96676450K->77129760K(130940928K), 0.3004186 secs] [Times: user=3.57 sys=0.65, real=0.30 secs] 
2024-03-22T23:08:15.705+0800: 108971.125: [GC (Allocation Failure) 2024-03-22T23:08:15.705+0800: 108971.126: [ParNew: 21671007K->2054350K(22937600K), 0.3290307 secs] 96790560K->77257186K(130940928K), 0.3294721 secs] [Times: user=3.78 sys=0.98, real=0.33 secs] 
2024-03-22T23:08:27.807+0800: 108983.228: [GC (Allocation Failure) 2024-03-22T23:08:27.807+0800: 108983.228: [ParNew: 21715150K->1714500K(22937600K), 0.2666440 secs] 96917986K->77001520K(130940928K), 0.2670901 secs] [Times: user=3.48 sys=0.27, real=0.27 secs] 
2024-03-22T23:08:39.194+0800: 108994.615: [GC (Allocation Failure) 2024-03-22T23:08:39.195+0800: 108994.615: [ParNew: 21375300K->1813726K(22937600K), 0.2711583 secs] 96662320K->77179971K(130940928K), 0.2715790 secs] [Times: user=3.55 sys=0.26, real=0.27 secs] 
2024-03-22T23:08:51.790+0800: 109007.211: [GC (Allocation Failure) 2024-03-22T23:08:51.790+0800: 109007.211: [ParNew: 21474526K->1849926K(22937600K), 0.2662806 secs] 96840771K->77300133K(130940928K), 0.2667166 secs] [Times: user=3.54 sys=0.11, real=0.26 secs] 
2024-03-22T23:09:04.735+0800: 109020.156: [GC (Allocation Failure) 2024-03-22T23:09:04.736+0800: 109020.157: [ParNew: 21510726K->1861929K(22937600K), 0.3364205 secs] 96960933K->77393612K(130940928K), 0.3369673 secs] [Times: user=3.47 sys=1.19, real=0.34 secs] 
2024-03-22T23:09:20.510+0800: 109035.931: [GC (Allocation Failure) 2024-03-22T23:09:20.511+0800: 109035.931: [ParNew: 21522729K->1637684K(22937600K), 0.3814458 secs] 97054412K->77248217K(130940928K), 0.3817764 secs] [Times: user=4.49 sys=0.99, real=0.38 secs] 
2024-03-22T23:09:37.719+0800: 109053.140: [GC (Allocation Failure) 2024-03-22T23:09:37.719+0800: 109053.140: [ParNew: 21298484K->1767988K(22937600K), 0.2845938 secs] 96909017K->77451416K(130940928K), 0.2848814 secs] [Times: user=3.16 sys=0.71, real=0.28 secs] 
2024-03-22T23:09:54.861+0800: 109070.282: [GC (Allocation Failure) 2024-03-22T23:09:54.861+0800: 109070.282: [ParNew: 21428788K->1840386K(22937600K), 0.2968534 secs] 97112216K->77597931K(130940928K), 0.2972454 secs] [Times: user=3.36 sys=0.89, real=0.30 secs] 
2024-03-22T23:10:13.505+0800: 109088.926: [GC (Allocation Failure) 2024-03-22T23:10:13.505+0800: 109088.926: [ParNew: 21501186K->1739283K(22937600K), 0.4737744 secs] 97258731K->77559170K(130940928K), 0.4742673 secs] [Times: user=6.46 sys=0.99, real=0.48 secs] 
2024-03-22T23:10:28.970+0800: 109104.391: [GC (Allocation Failure) 2024-03-22T23:10:28.971+0800: 109104.391: [ParNew: 21400083K->1669663K(22937600K), 0.2667125 secs] 97219970K->77558621K(130940928K), 0.2672129 secs] [Times: user=3.23 sys=0.58, real=0.27 secs] 
2024-03-22T23:10:42.728+0800: 109118.149: [GC (Allocation Failure) 2024-03-22T23:10:42.729+0800: 109118.149: [ParNew: 21330463K->1712859K(22937600K), 0.2672266 secs] 97219421K->77679125K(130940928K), 0.2677184 secs] [Times: user=3.34 sys=0.47, real=0.26 secs] 
2024-03-22T23:10:54.997+0800: 109130.418: [GC (Allocation Failure) 2024-03-22T23:10:54.998+0800: 109130.419: [ParNew: 21373659K->1725287K(22937600K), 0.2901686 secs] 97339925K->77768678K(130940928K), 0.2906763 secs] [Times: user=3.52 sys=0.67, real=0.30 secs] 
2024-03-22T23:11:07.627+0800: 109143.048: [GC (Allocation Failure) 2024-03-22T23:11:07.628+0800: 109143.048: [ParNew: 21386087K->1627032K(22937600K), 0.2951640 secs] 97429478K->77753557K(130940928K), 0.2956773 secs] [Times: user=3.41 sys=0.90, real=0.30 secs] 
2024-03-22T23:11:20.105+0800: 109155.525: [GC (Allocation Failure) 2024-03-22T23:11:20.105+0800: 109155.526: [ParNew: 21287832K->1555123K(22937600K), 0.3123987 secs] 97414357K->77758849K(130940928K), 0.3128264 secs] [Times: user=4.43 sys=0.30, real=0.32 secs] 
2024-03-22T23:11:33.315+0800: 109168.736: [GC (Allocation Failure) 2024-03-22T23:11:33.315+0800: 109168.736: [ParNew: 21215923K->1682389K(22937600K), 0.3388353 secs] 97419649K->77951312K(130940928K), 0.3392800 secs] [Times: user=4.77 sys=0.43, real=0.34 secs] 
2024-03-22T23:11:45.804+0800: 109181.225: [GC (Allocation Failure) 2024-03-22T23:11:45.805+0800: 109181.226: [ParNew: 21343189K->1850292K(22937600K), 0.2528917 secs] 97612112K->78192547K(130940928K), 0.2533908 secs] [Times: user=3.50 sys=0.10, real=0.26 secs] 
2024-03-22T23:11:58.286+0800: 109193.707: [GC (Allocation Failure) 2024-03-22T23:11:58.286+0800: 109193.707: [ParNew: 21511092K->1800352K(22937600K), 0.4391901 secs] 97853347K->78203625K(130940928K), 0.4397176 secs] [Times: user=5.17 sys=1.72, real=0.44 secs] 
2024-03-22T23:12:09.629+0800: 109205.050: [GC (Allocation Failure) 2024-03-22T23:12:09.629+0800: 109205.050: [ParNew: 21461152K->1576544K(22937600K), 0.5028180 secs] 97864425K->78051648K(130940928K), 0.5032848 secs] [Times: user=6.59 sys=1.54, real=0.50 secs] 
2024-03-22T23:12:20.816+0800: 109216.236: [GC (Allocation Failure) 2024-03-22T23:12:20.816+0800: 109216.237: [ParNew: 21237344K->1554877K(22937600K), 0.2732975 secs] 97712448K->78104857K(130940928K), 0.2737774 secs] [Times: user=3.53 sys=0.40, real=0.28 secs] 
2024-03-22T23:12:30.975+0800: 109226.396: [GC (Allocation Failure) 2024-03-22T23:12:30.975+0800: 109226.396: [ParNew: 21215677K->1810979K(22937600K), 0.2734613 secs] 97765657K->78432460K(130940928K), 0.2739453 secs] [Times: user=3.66 sys=0.31, real=0.28 secs] 
2024-03-22T23:12:41.972+0800: 109237.393: [GC (Allocation Failure) 2024-03-22T23:12:41.973+0800: 109237.393: [ParNew: 21471779K->1613461K(22937600K), 0.2537628 secs] 98093260K->78315695K(130940928K), 0.2542122 secs] [Times: user=3.30 sys=0.30, real=0.25 secs] 
2024-03-22T23:12:53.979+0800: 109249.400: [GC (Allocation Failure) 2024-03-22T23:12:53.980+0800: 109249.400: [ParNew: 21274261K->1756253K(22937600K), 0.3549746 secs] 97976495K->78536095K(130940928K), 0.3554606 secs] [Times: user=3.96 sys=1.35, real=0.35 secs] 
2024-03-22T23:13:06.377+0800: 109261.797: [GC (Allocation Failure) 2024-03-22T23:13:06.377+0800: 109261.798: [ParNew: 21417053K->1635481K(22937600K), 0.3308707 secs] 98196895K->78488923K(130940928K), 0.3313471 secs] [Times: user=3.39 sys=1.50, real=0.34 secs] 
2024-03-22T23:13:21.140+0800: 109276.561: [GC (Allocation Failure) 2024-03-22T23:13:21.141+0800: 109276.562: [ParNew: 21296281K->1674654K(22937600K), 0.3160602 secs] 98149723K->78597472K(130940928K), 0.3165157 secs] [Times: user=4.03 sys=0.66, real=0.31 secs] 
2024-03-22T23:13:35.016+0800: 109290.437: [GC (Allocation Failure) 2024-03-22T23:13:35.017+0800: 109290.437: [ParNew: 21335454K->1472088K(22937600K), 0.2784356 secs] 98258272K->78467299K(130940928K), 0.2789104 secs] [Times: user=3.67 sys=0.47, real=0.28 secs] 
2024-03-22T23:13:49.121+0800: 109304.541: [GC (Allocation Failure) 2024-03-22T23:13:49.121+0800: 109304.542: [ParNew: 21132888K->1746238K(22937600K), 0.3822043 secs] 98128099K->78813739K(130940928K), 0.3826904 secs] [Times: user=3.25 sys=2.55, real=0.38 secs] 
2024-03-22T23:14:04.220+0800: 109319.641: [GC (Allocation Failure) 2024-03-22T23:14:04.221+0800: 109319.641: [ParNew: 21407038K->1532966K(22937600K), 0.3054993 secs] 98474539K->78664513K(130940928K), 0.3059368 secs] [Times: user=3.16 sys=1.25, real=0.30 secs] 
2024-03-22T23:14:21.336+0800: 109336.757: [GC (Allocation Failure) 2024-03-22T23:14:21.337+0800: 109336.757: [ParNew: 21193766K->1563423K(22937600K), 0.2747000 secs] 98325313K->78762978K(130940928K), 0.2751310 secs] [Times: user=3.29 sys=0.67, real=0.28 secs] 
2024-03-22T23:14:37.257+0800: 109352.678: [GC (Allocation Failure) 2024-03-22T23:14:37.257+0800: 109352.678: [ParNew: 21224223K->1367852K(22937600K), 0.2512652 secs] 98423778K->78631077K(130940928K), 0.2516822 secs] [Times: user=3.14 sys=0.46, real=0.26 secs] 
2024-03-22T23:14:51.765+0800: 109367.186: [GC (Allocation Failure) 2024-03-22T23:14:51.765+0800: 109367.186: [ParNew: 21028652K->1549113K(22937600K), 0.4335355 secs] 98291877K->78879995K(130940928K), 0.4339737 secs] [Times: user=4.60 sys=2.29, real=0.44 secs] 
2024-03-22T23:15:06.189+0800: 109381.610: [GC (Allocation Failure) 2024-03-22T23:15:06.189+0800: 109381.610: [ParNew: 21209913K->1419723K(22937600K), 0.2948992 secs] 98540795K->78824834K(130940928K), 0.2952908 secs] [Times: user=3.05 sys=1.41, real=0.29 secs] 
2024-03-22T23:15:20.654+0800: 109396.075: [GC (Allocation Failure) 2024-03-22T23:15:20.654+0800: 109396.075: [ParNew: 21080523K->1356031K(22937600K), 0.2463734 secs] 98485634K->78838369K(130940928K), 0.2467424 secs] [Times: user=3.04 sys=0.57, real=0.25 secs] 
2024-03-22T23:15:34.740+0800: 109410.161: [GC (Allocation Failure) 2024-03-22T23:15:34.740+0800: 109410.161: [ParNew: 21016831K->1356137K(22937600K), 0.2406517 secs] 98499169K->78905853K(130940928K), 0.2410249 secs] [Times: user=3.05 sys=0.40, real=0.24 secs] 
2024-03-22T23:15:50.758+0800: 109426.179: [GC (Allocation Failure) 2024-03-22T23:15:50.759+0800: 109426.179: [ParNew: 21016937K->1541486K(22937600K), 0.3044652 secs] 98566653K->79153475K(130940928K), 0.3049289 secs] [Times: user=3.60 sys=0.97, real=0.30 secs] 
2024-03-22T23:16:05.496+0800: 109440.917: [GC (Allocation Failure) 2024-03-22T23:16:05.496+0800: 109440.917: [ParNew: 21202286K->1326009K(22937600K), 0.3557308 secs] 98814275K->78999409K(130940928K), 0.3561095 secs] [Times: user=4.36 sys=1.24, real=0.36 secs] 
2024-03-22T23:16:12.320+0800: 109447.740: [GC (Allocation Failure) 2024-03-22T23:16:12.320+0800: 109447.741: [ParNew: 20986809K->1281514K(22937600K), 0.2117955 secs] 98660209K->79018013K(130940928K), 0.2121558 secs] [Times: user=2.65 sys=0.45, real=0.21 secs] 
2024-03-22T23:16:17.052+0800: 109452.473: [GC (Allocation Failure) 2024-03-22T23:16:17.052+0800: 109452.473: [ParNew: 20942314K->1231214K(22937600K), 0.3639540 secs] 98678813K->79034533K(130940928K), 0.3643090 secs] [Times: user=5.78 sys=0.05, real=0.36 secs] 
2024-03-22T23:16:22.005+0800: 109457.426: [GC (Allocation Failure) 2024-03-22T23:16:22.005+0800: 109457.426: [ParNew: 20892014K->1121839K(22937600K), 0.2282423 secs] 98695333K->78995467K(130940928K), 0.2286034 secs] [Times: user=3.17 sys=0.20, real=0.23 secs] 
2024-03-22T23:16:26.986+0800: 109462.407: [GC (Allocation Failure) 2024-03-22T23:16:26.986+0800: 109462.407: [ParNew: 20782639K->1010235K(22937600K), 0.2608381 secs] 98656267K->78957525K(130940928K), 0.2611948 secs] [Times: user=3.80 sys=0.14, real=0.26 secs] 
2024-03-22T23:16:31.491+0800: 109466.912: [GC (Allocation Failure) 2024-03-22T23:16:31.491+0800: 109466.912: [ParNew: 20671035K->895602K(22937600K), 0.1809567 secs] 98618325K->78918363K(130940928K), 0.1813084 secs] [Times: user=2.65 sys=0.00, real=0.18 secs] 
2024-03-22T23:16:36.098+0800: 109471.519: [GC (Allocation Failure) 2024-03-22T23:16:36.098+0800: 109471.519: [ParNew: 20556402K->825610K(22937600K), 0.1715078 secs] 98579163K->78907460K(130940928K), 0.1718694 secs] [Times: user=2.32 sys=0.14, real=0.17 secs] 
2024-03-22T23:16:40.394+0800: 109475.815: [GC (Allocation Failure) 2024-03-22T23:16:40.394+0800: 109475.815: [ParNew: 20486410K->805561K(22937600K), 0.2621390 secs] 98568260K->78944670K(130940928K), 0.2624921 secs] [Times: user=2.57 sys=1.28, real=0.26 secs] 
2024-03-22T23:16:45.427+0800: 109480.847: [GC (Allocation Failure) 2024-03-22T23:16:45.427+0800: 109480.848: [ParNew: 20466361K->682503K(22937600K), 0.1805798 secs] 98605470K->78859561K(130940928K), 0.1809731 secs] [Times: user=2.58 sys=0.08, real=0.19 secs] 
2024-03-22T23:16:53.573+0800: 109488.994: [GC (Allocation Failure) 2024-03-22T23:16:53.573+0800: 109488.994: [ParNew: 20343303K->686363K(22937600K), 0.1898669 secs] 98520361K->78910244K(130940928K), 0.1902957 secs] [Times: user=2.36 sys=0.34, real=0.19 secs] 
2024-03-22T23:17:07.353+0800: 109502.774: [GC (Allocation Failure) 2024-03-22T23:17:07.353+0800: 109502.774: [ParNew: 20347163K->781085K(22937600K), 0.2395641 secs] 98571044K->79056926K(130940928K), 0.2399656 secs] [Times: user=2.86 sys=0.58, real=0.24 secs] 
2024-03-22T23:17:20.650+0800: 109516.071: [GC (Allocation Failure) 2024-03-22T23:17:20.650+0800: 109516.071: [ParNew: 20441885K->714402K(22937600K), 0.2129346 secs] 98717726K->79050031K(130940928K), 0.2133300 secs] [Times: user=2.35 sys=0.58, real=0.21 secs] 
2024-03-22T23:17:36.248+0800: 109531.669: [GC (Allocation Failure) 2024-03-22T23:17:36.248+0800: 109531.669: [ParNew: 20375202K->678373K(22937600K), 0.2729258 secs] 98710831K->79079730K(130940928K), 0.2733314 secs] [Times: user=2.65 sys=1.33, real=0.27 secs] 
2024-03-22T23:17:49.226+0800: 109544.646: [GC (Allocation Failure) 2024-03-22T23:17:49.226+0800: 109544.647: [ParNew: 20339173K->702214K(22937600K), 0.2140358 secs] 98740530K->79162597K(130940928K), 0.2144331 secs] [Times: user=2.61 sys=0.44, real=0.22 secs] 
2024-03-22T23:18:01.357+0800: 109556.778: [GC (Allocation Failure) 2024-03-22T23:18:01.357+0800: 109556.778: [ParNew: 20363014K->766176K(22937600K), 0.1988019 secs] 98823397K->79286032K(130940928K), 0.1992463 secs] [Times: user=2.22 sys=0.53, real=0.20 secs] 
2024-03-22T23:18:14.605+0800: 109570.025: [GC (Allocation Failure) 2024-03-22T23:18:14.605+0800: 109570.026: [ParNew: 20426976K->710689K(22937600K), 0.2679629 secs] 98946832K->79280432K(130940928K), 0.2683722 secs] [Times: user=3.67 sys=0.37, real=0.27 secs] 
2024-03-22T23:18:27.923+0800: 109583.344: [GC (Allocation Failure) 2024-03-22T23:18:27.924+0800: 109583.345: [ParNew: 20371489K->882741K(22937600K), 0.1954787 secs] 98941232K->79469168K(130940928K), 0.1959206 secs] [Times: user=2.65 sys=0.10, real=0.20 secs] 
2024-03-22T23:18:41.810+0800: 109597.231: [GC (Allocation Failure) 2024-03-22T23:18:41.811+0800: 109597.231: [ParNew: 20543541K->915916K(22937600K), 0.2632679 secs] 99129968K->79515027K(130940928K), 0.2637021 secs] [Times: user=2.63 sys=1.42, real=0.26 secs] 
2024-03-22T23:18:55.854+0800: 109611.274: [GC (Allocation Failure) 2024-03-22T23:18:55.854+0800: 109611.275: [ParNew: 20576716K->1145398K(22937600K), 0.1893579 secs] 99175827K->79755634K(130940928K), 0.1897788 secs] [Times: user=2.29 sys=0.46, real=0.19 secs] 
2024-03-22T23:19:09.740+0800: 109625.161: [GC (Allocation Failure) 2024-03-22T23:19:09.740+0800: 109625.161: [ParNew: 20806198K->1128586K(22937600K), 0.2224629 secs] 99416434K->79748004K(130940928K), 0.2228539 secs] [Times: user=3.25 sys=0.15, real=0.22 secs] 
2024-03-22T23:19:23.072+0800: 109638.493: [GC (Allocation Failure) 2024-03-22T23:19:23.072+0800: 109638.493: [ParNew: 20789386K->1309040K(22937600K), 0.2660574 secs] 99408804K->79936551K(130940928K), 0.2664490 secs] [Times: user=3.89 sys=0.25, real=0.27 secs] 
2024-03-22T23:19:36.990+0800: 109652.410: [GC (Allocation Failure) 2024-03-22T23:19:36.990+0800: 109652.411: [ParNew: 20969840K->1385060K(22937600K), 0.2548803 secs] 99597351K->80020651K(130940928K), 0.2552882 secs] [Times: user=3.04 sys=0.83, real=0.25 secs] 
2024-03-22T23:19:50.204+0800: 109665.625: [GC (Allocation Failure) 2024-03-22T23:19:50.204+0800: 109665.625: [ParNew: 21045860K->1665140K(22937600K), 0.2616497 secs] 99681451K->80308181K(130940928K), 0.2620092 secs] [Times: user=2.94 sys=0.88, real=0.26 secs] 
2024-03-22T23:20:03.891+0800: 109679.312: [GC (Allocation Failure) 2024-03-22T23:20:03.891+0800: 109679.312: [ParNew: 21325940K->1644129K(22937600K), 0.2352954 secs] 99968981K->80295508K(130940928K), 0.2355786 secs] [Times: user=3.00 sys=0.37, real=0.23 secs] 
2024-03-22T23:20:16.324+0800: 109691.745: [GC (Allocation Failure) 2024-03-22T23:20:16.324+0800: 109691.745: [ParNew: 21304929K->1593302K(22937600K), 0.2368610 secs] 99956308K->80262353K(130940928K), 0.2372510 secs] [Times: user=3.13 sys=0.42, real=0.24 secs] 
2024-03-22T23:20:29.172+0800: 109704.593: [GC (Allocation Failure) 2024-03-22T23:20:29.172+0800: 109704.593: [ParNew: 21254102K->1853664K(22937600K), 0.2466135 secs] 99923153K->80555191K(130940928K), 0.2470406 secs] [Times: user=3.10 sys=0.52, real=0.25 secs] 
2024-03-22T23:20:41.861+0800: 109717.282: [GC (Allocation Failure) 2024-03-22T23:20:41.862+0800: 109717.282: [ParNew: 21514464K->1881778K(22937600K), 0.2739206 secs] 100215991K->80625154K(130940928K), 0.2743754 secs] [Times: user=3.04 sys=0.92, real=0.27 secs] 
2024-03-22T23:20:53.684+0800: 109729.105: [GC (Allocation Failure) 2024-03-22T23:20:53.684+0800: 109729.105: [ParNew: 21542578K->1906104K(22937600K), 0.2557213 secs] 100285954K->80713832K(130940928K), 0.2561433 secs] [Times: user=3.38 sys=0.22, real=0.26 secs] 
2024-03-22T23:21:05.996+0800: 109741.417: [GC (Allocation Failure) 2024-03-22T23:21:05.996+0800: 109741.417: [ParNew: 21566904K->1946318K(22937600K), 0.2574266 secs] 100374632K->80815129K(130940928K), 0.2578255 secs] [Times: user=3.19 sys=0.42, real=0.26 secs] 
2024-03-22T23:21:17.723+0800: 109753.144: [GC (Allocation Failure) 2024-03-22T23:21:17.724+0800: 109753.145: [ParNew: 21607118K->1862615K(22937600K), 0.3439446 secs] 100475929K->80797239K(130940928K), 0.3443854 secs] [Times: user=4.63 sys=0.50, real=0.35 secs] 
2024-03-22T23:21:30.074+0800: 109765.495: [GC (Allocation Failure) 2024-03-22T23:21:30.074+0800: 109765.495: [ParNew: 21523415K->1929580K(22937600K), 0.2934806 secs] 100458039K->80932837K(130940928K), 0.2939460 secs] [Times: user=3.62 sys=0.43, real=0.30 secs] 
2024-03-22T23:21:41.280+0800: 109776.700: [GC (Allocation Failure) 2024-03-22T23:21:41.280+0800: 109776.701: [ParNew: 21590380K->1969267K(22937600K), 0.3475798 secs] 100593637K->81042496K(130940928K), 0.3480029 secs] [Times: user=4.35 sys=0.76, real=0.35 secs] 
2024-03-22T23:21:54.234+0800: 109789.655: [GC (Allocation Failure) 2024-03-22T23:21:54.234+0800: 109789.655: [ParNew: 21630067K->1966627K(22937600K), 0.2849480 secs] 100703296K->81109097K(130940928K), 0.2853620 secs] [Times: user=3.66 sys=0.27, real=0.29 secs] 
2024-03-22T23:22:05.294+0800: 109800.715: [GC (Allocation Failure) 2024-03-22T23:22:05.295+0800: 109800.716: [ParNew: 21627427K->1832515K(22937600K), 0.2603535 secs] 100769897K->81082990K(130940928K), 0.2607975 secs] [Times: user=3.17 sys=0.36, real=0.26 secs] 
2024-03-22T23:22:16.839+0800: 109812.259: [GC (Allocation Failure) 2024-03-22T23:22:16.839+0800: 109812.260: [ParNew: 21493315K->1686228K(22937600K), 0.2909919 secs] 100743790K->81021713K(130940928K), 0.2914511 secs] [Times: user=3.71 sys=0.23, real=0.29 secs] 
2024-03-22T23:22:29.899+0800: 109825.320: [GC (Allocation Failure) 2024-03-22T23:22:29.899+0800: 109825.320: [ParNew: 21347028K->1707258K(22937600K), 0.3202363 secs] 100682513K->81115981K(130940928K), 0.3206583 secs] [Times: user=3.76 sys=0.81, real=0.32 secs] 
2024-03-22T23:22:42.598+0800: 109838.019: [GC (Allocation Failure) 2024-03-22T23:22:42.599+0800: 109838.019: [ParNew: 21368058K->1902547K(22937600K), 0.3380496 secs] 100776781K->81385012K(130940928K), 0.3384806 secs] [Times: user=3.91 sys=1.10, real=0.33 secs] 
2024-03-22T23:22:55.257+0800: 109850.678: [GC (Allocation Failure) 2024-03-22T23:22:55.257+0800: 109850.678: [ParNew: 21563347K->1766026K(22937600K), 0.2627128 secs] 101045812K->81320452K(130940928K), 0.2631316 secs] [Times: user=3.39 sys=0.35, real=0.27 secs] 
2024-03-22T23:23:08.289+0800: 109863.710: [GC (Allocation Failure) 2024-03-22T23:23:08.289+0800: 109863.710: [ParNew: 21426826K->1730478K(22937600K), 0.3277165 secs] 100981252K->81348575K(130940928K), 0.3281168 secs] [Times: user=4.46 sys=0.55, real=0.32 secs] 
2024-03-22T23:23:21.537+0800: 109876.958: [GC (Allocation Failure) 2024-03-22T23:23:21.537+0800: 109876.958: [ParNew: 21391278K->1889376K(22937600K), 0.2546265 secs] 101009375K->81568570K(130940928K), 0.2550177 secs] [Times: user=3.48 sys=0.18, real=0.26 secs] 
2024-03-22T23:23:33.799+0800: 109889.219: [GC (Allocation Failure) 2024-03-22T23:23:33.799+0800: 109889.220: [ParNew: 21550176K->1672150K(22937600K), 0.3513052 secs] 101229370K->81420365K(130940928K), 0.3517551 secs] [Times: user=3.90 sys=1.46, real=0.35 secs] 
2024-03-22T23:23:46.625+0800: 109902.046: [GC (Allocation Failure) 2024-03-22T23:23:46.625+0800: 109902.046: [ParNew: 21332950K->1717387K(22937600K), 0.3015307 secs] 101081165K->81531003K(130940928K), 0.3019183 secs] [Times: user=3.27 sys=1.31, real=0.30 secs] 
2024-03-22T23:23:57.618+0800: 109913.039: [GC (Allocation Failure) 2024-03-22T23:23:57.618+0800: 109913.039: [ParNew: 21378187K->1736623K(22937600K), 0.2519682 secs] 101191803K->81618398K(130940928K), 0.2523404 secs] [Times: user=3.46 sys=0.22, real=0.25 secs] 
2024-03-22T23:24:07.847+0800: 109923.268: [GC (Allocation Failure) 2024-03-22T23:24:07.847+0800: 109923.268: [ParNew: 21397423K->1622637K(22937600K), 0.2519252 secs] 101279198K->81574973K(130940928K), 0.2522907 secs] [Times: user=3.18 sys=0.37, real=0.26 secs] 
2024-03-22T23:24:19.323+0800: 109934.744: [GC (Allocation Failure) 2024-03-22T23:24:19.323+0800: 109934.744: [ParNew: 21283437K->1795250K(22937600K), 0.2807336 secs] 101235773K->81818055K(130940928K), 0.2811178 secs] [Times: user=3.92 sys=0.30, real=0.28 secs] 
2024-03-22T23:24:30.139+0800: 109945.560: [GC (Allocation Failure) 2024-03-22T23:24:30.139+0800: 109945.560: [ParNew: 21456050K->1862317K(22937600K), 0.2909927 secs] 101478855K->81961747K(130940928K), 0.2913966 secs] [Times: user=3.58 sys=0.75, real=0.29 secs] 
2024-03-22T23:24:40.849+0800: 109956.270: [GC (Allocation Failure) 2024-03-22T23:24:40.849+0800: 109956.270: [ParNew: 21523117K->1604735K(22937600K), 0.2969649 secs] 101622547K->81776183K(130940928K), 0.2973446 secs] [Times: user=3.50 sys=0.95, real=0.29 secs] 
2024-03-22T23:24:50.993+0800: 109966.413: [GC (Allocation Failure) 2024-03-22T23:24:50.993+0800: 109966.414: [ParNew: 21265535K->1686363K(22937600K), 0.3184486 secs] 101436983K->81941610K(130940928K), 0.3188402 secs] [Times: user=4.58 sys=0.20, real=0.32 secs] 
2024-03-22T23:25:01.038+0800: 109976.459: [GC (Allocation Failure) 2024-03-22T23:25:01.038+0800: 109976.459: [ParNew: 21347163K->1584989K(22937600K), 0.3210936 secs] 101602410K->81910752K(130940928K), 0.3215171 secs] [Times: user=4.41 sys=0.40, real=0.32 secs] 
2024-03-22T23:25:09.928+0800: 109985.349: [GC (Allocation Failure) 2024-03-22T23:25:09.928+0800: 109985.349: [ParNew: 21245789K->1588121K(22937600K), 0.3080093 secs] 101571552K->81979342K(130940928K), 0.3084156 secs] [Times: user=4.26 sys=0.32, real=0.30 secs] 
2024-03-22T23:25:19.496+0800: 109994.917: [GC (Allocation Failure) 2024-03-22T23:25:19.496+0800: 109994.917: [ParNew: 21248921K->1765216K(22937600K), 0.2562830 secs] 101640142K->82225923K(130940928K), 0.2566980 secs] [Times: user=3.29 sys=0.28, real=0.26 secs] 
2024-03-22T23:25:29.875+0800: 110005.296: [GC (Allocation Failure) 2024-03-22T23:25:29.876+0800: 110005.297: [ParNew: 21426016K->1589247K(22937600K), 0.3005101 secs] 101886723K->82130284K(130940928K), 0.3009207 secs] [Times: user=3.43 sys=0.91, real=0.30 secs] 
2024-03-22T23:25:41.265+0800: 110016.685: [GC (Allocation Failure) 2024-03-22T23:25:41.265+0800: 110016.686: [ParNew: 21250047K->1763917K(22937600K), 0.3727670 secs] 101791084K->82384557K(130940928K), 0.3732235 secs] [Times: user=4.74 sys=0.88, real=0.38 secs] 
2024-03-22T23:25:52.809+0800: 110028.230: [GC (Allocation Failure) 2024-03-22T23:25:52.810+0800: 110028.231: [ParNew: 21424717K->1585966K(22937600K), 0.3161146 secs] 102045357K->82288159K(130940928K), 0.3165487 secs] [Times: user=4.14 sys=0.44, real=0.31 secs] 
2024-03-22T23:26:03.000+0800: 110038.421: [GC (Allocation Failure) 2024-03-22T23:26:03.000+0800: 110038.421: [ParNew: 21246766K->1566768K(22937600K), 0.2644164 secs] 101948959K->82349556K(130940928K), 0.2648623 secs] [Times: user=3.28 sys=0.39, real=0.26 secs] 
2024-03-22T23:26:12.682+0800: 110048.102: [GC (Allocation Failure) 2024-03-22T23:26:12.682+0800: 110048.103: [ParNew: 21227568K->1597549K(22937600K), 0.2720864 secs] 102010356K->82450408K(130940928K), 0.2725369 secs] [Times: user=3.54 sys=0.22, real=0.27 secs] 
2024-03-22T23:26:21.775+0800: 110057.196: [GC (Allocation Failure) 2024-03-22T23:26:21.775+0800: 110057.196: [ParNew: 21258349K->1479043K(22937600K), 0.2420815 secs] 102111208K->82406694K(130940928K), 0.2425360 secs] [Times: user=3.25 sys=0.07, real=0.25 secs] 
2024-03-22T23:26:30.534+0800: 110065.955: [GC (Allocation Failure) 2024-03-22T23:26:30.534+0800: 110065.955: [ParNew: 21139843K->1578341K(22937600K), 0.3183988 secs] 102067494K->82576280K(130940928K), 0.3188789 secs] [Times: user=3.76 sys=0.92, real=0.32 secs] 
2024-03-22T23:26:42.088+0800: 110077.509: [GC (Allocation Failure) 2024-03-22T23:26:42.088+0800: 110077.509: [ParNew: 21239141K->1703146K(22937600K), 0.2858634 secs] 102237080K->82769466K(130940928K), 0.2862603 secs] [Times: user=3.25 sys=0.95, real=0.28 secs] 
2024-03-22T23:26:52.773+0800: 110088.194: [GC (Allocation Failure) 2024-03-22T23:26:52.773+0800: 110088.194: [ParNew: 21363946K->1663777K(22937600K), 0.2889517 secs] 102430266K->82799080K(130940928K), 0.2893445 secs] [Times: user=3.92 sys=0.32, real=0.29 secs] 
2024-03-22T23:27:03.625+0800: 110099.045: [GC (Allocation Failure) 2024-03-22T23:27:03.625+0800: 110099.046: [ParNew: 21324577K->1581090K(22937600K), 0.3024722 secs] 102459880K->82790438K(130940928K), 0.3028810 secs] [Times: user=4.07 sys=0.38, real=0.31 secs] 
2024-03-22T23:27:15.043+0800: 110110.464: [GC (Allocation Failure) 2024-03-22T23:27:15.044+0800: 110110.464: [ParNew: 21241890K->1586714K(22937600K), 0.2499004 secs] 102451238K->82865241K(130940928K), 0.2503148 secs] [Times: user=3.47 sys=0.14, real=0.25 secs] 
2024-03-22T23:27:27.656+0800: 110123.077: [GC (Allocation Failure) 2024-03-22T23:27:27.656+0800: 110123.077: [ParNew: 21247514K->1618325K(22937600K), 0.3480777 secs] 102526041K->82966342K(130940928K), 0.3485305 secs] [Times: user=3.38 sys=1.99, real=0.35 secs] 
2024-03-22T23:27:38.103+0800: 110133.524: [GC (Allocation Failure) 2024-03-22T23:27:38.103+0800: 110133.524: [ParNew: 21279125K->1554332K(22937600K), 0.2782624 secs] 102627142K->82968199K(130940928K), 0.2786369 secs] [Times: user=3.25 sys=0.85, real=0.28 secs] 
2024-03-22T23:27:48.616+0800: 110144.037: [GC (Allocation Failure) 2024-03-22T23:27:48.617+0800: 110144.038: [ParNew: 21215132K->1502149K(22937600K), 0.2582879 secs] 102628999K->82979679K(130940928K), 0.2586446 secs] [Times: user=3.11 sys=0.44, real=0.26 secs] 
2024-03-22T23:27:58.817+0800: 110154.238: [GC (Allocation Failure) 2024-03-22T23:27:58.817+0800: 110154.238: [ParNew: 21162949K->1540615K(22937600K), 0.3074346 secs] 102640479K->83087654K(130940928K), 0.3078851 secs] [Times: user=4.05 sys=0.32, real=0.31 secs] 
2024-03-22T23:28:08.469+0800: 110163.890: [GC (Allocation Failure) 2024-03-22T23:28:08.470+0800: 110163.890: [ParNew: 21201415K->1437978K(22937600K), 0.2675212 secs] 102748454K->83060929K(130940928K), 0.2679413 secs] [Times: user=3.45 sys=0.16, real=0.26 secs] 
2024-03-22T23:28:18.415+0800: 110173.836: [GC (Allocation Failure) 2024-03-22T23:28:18.416+0800: 110173.836: [ParNew: 21098778K->1440496K(22937600K), 0.2513309 secs] 102721729K->83138753K(130940928K), 0.2517737 secs] [Times: user=3.58 sys=0.02, real=0.25 secs] 
2024-03-22T23:28:27.440+0800: 110182.860: [GC (Allocation Failure) 2024-03-22T23:28:27.440+0800: 110182.861: [ParNew: 21101296K->1586776K(22937600K), 0.3077974 secs] 102799553K->83360791K(130940928K), 0.3082732 secs] [Times: user=3.69 sys=0.83, real=0.31 secs] 
2024-03-22T23:28:38.224+0800: 110193.645: [GC (Allocation Failure) 2024-03-22T23:28:38.224+0800: 110193.645: [ParNew: 21247576K->1819488K(22937600K), 0.2976592 secs] 103021591K->83663121K(130940928K), 0.2981460 secs] [Times: user=3.41 sys=0.98, real=0.30 secs] 
2024-03-22T23:28:49.422+0800: 110204.843: [GC (Allocation Failure) 2024-03-22T23:28:49.423+0800: 110204.844: [ParNew: 21480288K->1608526K(22937600K), 0.2463027 secs] 103323921K->83517924K(130940928K), 0.2467679 secs] [Times: user=3.33 sys=0.15, real=0.25 secs] 
2024-03-22T23:29:01.076+0800: 110216.496: [GC (Allocation Failure) 2024-03-22T23:29:01.076+0800: 110216.497: [ParNew: 21269326K->1724570K(22937600K), 0.2609810 secs] 103178724K->83699559K(130940928K), 0.2614602 secs] [Times: user=3.46 sys=0.25, real=0.26 secs] 
2024-03-22T23:29:10.458+0800: 110225.878: [GC (Allocation Failure) 2024-03-22T23:29:10.458+0800: 110225.879: [ParNew: 21385370K->1638819K(22937600K), 0.3040659 secs] 103360359K->83673080K(130940928K), 0.3045120 secs] [Times: user=4.18 sys=0.41, real=0.30 secs] 
2024-03-22T23:29:21.310+0800: 110236.731: [GC (Allocation Failure) 2024-03-22T23:29:21.311+0800: 110236.732: [ParNew: 21299619K->1562386K(22937600K), 0.2909012 secs] 103333880K->83668682K(130940928K), 0.2913865 secs] [Times: user=3.59 sys=0.67, real=0.29 secs] 
2024-03-22T23:29:33.078+0800: 110248.499: [GC (Allocation Failure) 2024-03-22T23:29:33.078+0800: 110248.499: [ParNew: 21223186K->1708605K(22937600K), 0.2955410 secs] 103329482K->83885555K(130940928K), 0.2960286 secs] [Times: user=3.59 sys=0.67, real=0.29 secs] 
2024-03-22T23:29:44.349+0800: 110259.770: [GC (Allocation Failure) 2024-03-22T23:29:44.349+0800: 110259.770: [ParNew: 21369405K->1632582K(22937600K), 0.3055930 secs] 103546355K->83878311K(130940928K), 0.3060361 secs] [Times: user=4.14 sys=0.37, real=0.30 secs] 
2024-03-22T23:29:55.593+0800: 110271.013: [GC (Allocation Failure) 2024-03-22T23:29:55.593+0800: 110271.014: [ParNew: 21293382K->1665823K(22937600K), 0.2579662 secs] 103539111K->83980690K(130940928K), 0.2584022 secs] [Times: user=3.21 sys=0.40, real=0.26 secs] 
2024-03-22T23:30:06.712+0800: 110282.133: [GC (Allocation Failure) 2024-03-22T23:30:06.712+0800: 110282.133: [ParNew: 21326623K->1800688K(22937600K), 0.2635158 secs] 103641490K->84182177K(130940928K), 0.2639966 secs] [Times: user=3.23 sys=0.48, real=0.26 secs] 
2024-03-22T23:30:17.397+0800: 110292.817: [GC (Allocation Failure) 2024-03-22T23:30:17.397+0800: 110292.818: [ParNew: 21461488K->1771352K(22937600K), 0.2578292 secs] 103842977K->84220400K(130940928K), 0.2583143 secs] [Times: user=3.39 sys=0.17, real=0.26 secs] 
2024-03-22T23:30:28.515+0800: 110303.936: [GC (Allocation Failure) 2024-03-22T23:30:28.515+0800: 110303.936: [ParNew: 21432152K->1705586K(22937600K), 0.3142267 secs] 103881200K->84217502K(130940928K), 0.3147370 secs] [Times: user=3.69 sys=0.95, real=0.32 secs] 
2024-03-22T23:30:39.491+0800: 110314.911: [GC (Allocation Failure) 2024-03-22T23:30:39.491+0800: 110314.912: [ParNew: 21366386K->1609107K(22937600K), 0.3873464 secs] 103878302K->84201982K(130940928K), 0.3878242 secs] [Times: user=4.86 sys=1.13, real=0.39 secs] 
2024-03-22T23:30:49.067+0800: 110324.488: [GC (Allocation Failure) 2024-03-22T23:30:49.067+0800: 110324.488: [ParNew: 21269907K->1790401K(22937600K), 0.3486586 secs] 103862782K->84444072K(130940928K), 0.3490964 secs] [Times: user=5.38 sys=0.16, real=0.35 secs] 
2024-03-22T23:30:59.887+0800: 110335.308: [GC (Allocation Failure) 2024-03-22T23:30:59.887+0800: 110335.308: [ParNew: 21451201K->1725829K(22937600K), 0.2522647 secs] 104104872K->84445906K(130940928K), 0.2527151 secs] [Times: user=3.55 sys=0.25, real=0.26 secs] 
2024-03-22T23:31:10.834+0800: 110346.255: [GC (Allocation Failure) 2024-03-22T23:31:10.834+0800: 110346.255: [ParNew: 21386629K->1755021K(22937600K), 0.2537705 secs] 104106706K->84537028K(130940928K), 0.2542107 secs] [Times: user=3.44 sys=0.43, real=0.26 secs] 
2024-03-22T23:31:20.830+0800: 110356.251: [GC (Allocation Failure) 2024-03-22T23:31:20.831+0800: 110356.251: [ParNew: 21415821K->1828850K(22937600K), 0.3774170 secs] 104197828K->84689797K(130940928K), 0.3778863 secs] [Times: user=5.14 sys=0.73, real=0.38 secs] 
2024-03-22T23:31:31.826+0800: 110367.247: [GC (Allocation Failure) 2024-03-22T23:31:31.826+0800: 110367.247: [ParNew: 21489650K->1577754K(22937600K), 0.2790933 secs] 104350597K->84511624K(130940928K), 0.2795192 secs] [Times: user=3.20 sys=0.94, real=0.28 secs] 
2024-03-22T23:31:45.458+0800: 110380.879: [GC (Allocation Failure) 2024-03-22T23:31:45.458+0800: 110380.879: [ParNew: 21238554K->1731090K(22937600K), 0.2748368 secs] 104172424K->84744421K(130940928K), 0.2752116 secs] [Times: user=3.72 sys=0.37, real=0.27 secs] 
2024-03-22T23:31:58.847+0800: 110394.268: [GC (Allocation Failure) 2024-03-22T23:31:58.847+0800: 110394.268: [ParNew: 21391890K->1767536K(22937600K), 0.2449256 secs] 104405221K->84845309K(130940928K), 0.2453505 secs] [Times: user=3.38 sys=0.22, real=0.25 secs] 
2024-03-22T23:32:12.235+0800: 110407.655: [GC (Allocation Failure) 2024-03-22T23:32:12.235+0800: 110407.656: [ParNew: 21428336K->1785646K(22937600K), 0.3955067 secs] 104506109K->84935059K(130940928K), 0.3959571 secs] [Times: user=5.94 sys=0.34, real=0.40 secs] 
2024-03-22T23:32:24.391+0800: 110419.812: [GC (Allocation Failure) 2024-03-22T23:32:24.391+0800: 110419.812: [ParNew: 21446446K->1754308K(22937600K), 0.2961406 secs] 104595859K->84984012K(130940928K), 0.2965737 secs] [Times: user=3.78 sys=0.64, real=0.30 secs] 
2024-03-22T23:32:36.382+0800: 110431.803: [GC (Allocation Failure) 2024-03-22T23:32:36.382+0800: 110431.803: [ParNew: 21415108K->2011053K(22937600K), 0.2899704 secs] 104644812K->85317744K(130940928K), 0.2904295 secs] [Times: user=3.50 sys=0.82, real=0.29 secs] 
2024-03-22T23:32:48.555+0800: 110443.976: [GC (Allocation Failure) 2024-03-22T23:32:48.555+0800: 110443.976: [ParNew: 21671853K->1815422K(22937600K), 0.2603004 secs] 104978544K->85203483K(130940928K), 0.2607501 secs] [Times: user=3.31 sys=0.45, real=0.26 secs] 
2024-03-22T23:32:59.390+0800: 110454.810: [GC (Allocation Failure) 2024-03-22T23:32:59.390+0800: 110454.811: [ParNew: 21476222K->1691349K(22937600K), 0.2522877 secs] 104864283K->85154717K(130940928K), 0.2527083 secs] [Times: user=3.21 sys=0.40, real=0.25 secs] 
2024-03-22T23:33:11.690+0800: 110467.111: [GC (Allocation Failure) 2024-03-22T23:33:11.690+0800: 110467.111: [ParNew: 21352149K->2024158K(22937600K), 0.2573954 secs] 104815517K->85558840K(130940928K), 0.2578226 secs] [Times: user=3.24 sys=0.44, real=0.26 secs] 
2024-03-22T23:33:23.507+0800: 110478.928: [GC (Allocation Failure) 2024-03-22T23:33:23.507+0800: 110478.928: [ParNew: 21684958K->1776242K(22937600K), 0.2557776 secs] 105219640K->85389503K(130940928K), 0.2562617 secs] [Times: user=3.39 sys=0.22, real=0.26 secs] 
2024-03-22T23:33:36.285+0800: 110491.706: [GC (Allocation Failure) 2024-03-22T23:33:36.285+0800: 110491.706: [ParNew: 21437042K->1914081K(22937600K), 0.4706044 secs] 105050303K->85602996K(130940928K), 0.4710688 secs] [Times: user=5.98 sys=1.46, real=0.47 secs] 
2024-03-22T23:33:48.267+0800: 110503.687: [GC (Allocation Failure) 2024-03-22T23:33:48.267+0800: 110503.688: [ParNew: 21574881K->1956128K(22937600K), 0.3673502 secs] 105263796K->85722599K(130940928K), 0.3678112 secs] [Times: user=5.35 sys=0.18, real=0.37 secs] 
2024-03-22T23:34:00.909+0800: 110516.330: [GC (Allocation Failure) 2024-03-22T23:34:00.909+0800: 110516.330: [ParNew: 21616928K->1889320K(22937600K), 0.3046926 secs] 105383399K->85728973K(130940928K), 0.3051432 secs] [Times: user=4.06 sys=0.41, real=0.30 secs] 
2024-03-22T23:34:13.989+0800: 110529.410: [GC (Allocation Failure) 2024-03-22T23:34:13.989+0800: 110529.410: [ParNew: 21550120K->1892501K(22937600K), 0.3030581 secs] 105389773K->85816896K(130940928K), 0.3035083 secs] [Times: user=4.01 sys=0.38, real=0.30 secs] 
2024-03-22T23:34:25.270+0800: 110540.691: [GC (Allocation Failure) 2024-03-22T23:34:25.270+0800: 110540.691: [ParNew: 21553301K->1943434K(22937600K), 0.2559065 secs] 105477696K->85949538K(130940928K), 0.2563711 secs] [Times: user=3.35 sys=0.20, real=0.25 secs] 
2024-03-22T23:34:35.089+0800: 110550.509: [GC (Allocation Failure) 2024-03-22T23:34:35.089+0800: 110550.510: [ParNew: 21604234K->1826264K(22937600K), 0.3168229 secs] 105610338K->85904270K(130940928K), 0.3173960 secs] [Times: user=3.72 sys=0.91, real=0.31 secs] 
2024-03-22T23:34:48.973+0800: 110564.394: [GC (Allocation Failure) 2024-03-22T23:34:48.974+0800: 110564.395: [ParNew: 21487064K->2112635K(22937600K), 0.3077706 secs] 105565070K->86265230K(130940928K), 0.3082108 secs] [Times: user=3.65 sys=0.95, real=0.31 secs] 
2024-03-22T23:35:00.363+0800: 110575.784: [GC (Allocation Failure) 2024-03-22T23:35:00.364+0800: 110575.784: [ParNew: 21773435K->1925948K(22937600K), 0.3154878 secs] 105926030K->86153366K(130940928K), 0.3159256 secs] [Times: user=4.22 sys=0.45, real=0.32 secs] 
2024-03-22T23:35:10.290+0800: 110585.711: [GC (Allocation Failure) 2024-03-22T23:35:10.291+0800: 110585.712: [ParNew: 21586748K->1928745K(22937600K), 0.2613526 secs] 105814166K->86242194K(130940928K), 0.2617832 secs] [Times: user=3.35 sys=0.34, real=0.26 secs] 
2024-03-22T23:35:22.088+0800: 110597.509: [GC (Allocation Failure) 2024-03-22T23:35:22.088+0800: 110597.509: [ParNew: 21589545K->1971681K(22937600K), 0.2859634 secs] 105902994K->86364328K(130940928K), 0.2864121 secs] [Times: user=3.74 sys=0.32, real=0.28 secs] 
2024-03-22T23:35:33.948+0800: 110609.369: [GC (Allocation Failure) 2024-03-22T23:35:33.949+0800: 110609.370: [ParNew: 21632481K->1764886K(22937600K), 0.2856566 secs] 106025128K->86232804K(130940928K), 0.2861084 secs] [Times: user=3.56 sys=0.56, real=0.28 secs] 
2024-03-22T23:35:45.488+0800: 110620.909: [GC (Allocation Failure) 2024-03-22T23:35:45.489+0800: 110620.909: [ParNew: 21425686K->1897746K(22937600K), 0.3847195 secs] 105893604K->86439997K(130940928K), 0.3851321 secs] [Times: user=5.12 sys=0.85, real=0.38 secs] 
2024-03-22T23:35:56.741+0800: 110632.162: [GC (Allocation Failure) 2024-03-22T23:35:56.741+0800: 110632.162: [ParNew: 21558546K->1986038K(22937600K), 0.3284212 secs] 106100797K->86600836K(130940928K), 0.3288341 secs] [Times: user=4.76 sys=0.29, real=0.33 secs] 
2024-03-22T23:36:08.010+0800: 110643.431: [GC (Allocation Failure) 2024-03-22T23:36:08.010+0800: 110643.431: [ParNew: 21646838K->1711598K(22937600K), 0.3536958 secs] 106261636K->86404372K(130940928K), 0.3540997 secs] [Times: user=5.14 sys=0.30, real=0.35 secs] 
2024-03-22T23:36:19.013+0800: 110654.434: [GC (Allocation Failure) 2024-03-22T23:36:19.014+0800: 110654.434: [ParNew: 21372398K->1970396K(22937600K), 0.3765449 secs] 106065172K->86746229K(130940928K), 0.3769797 secs] [Times: user=5.65 sys=0.22, real=0.38 secs] 
2024-03-22T23:36:30.242+0800: 110665.663: [GC (Allocation Failure) 2024-03-22T23:36:30.242+0800: 110665.663: [ParNew: 21631196K->1602064K(22937600K), 0.3791946 secs] 106407029K->86465184K(130940928K), 0.3796120 secs] [Times: user=5.65 sys=0.30, real=0.38 secs] 
2024-03-22T23:36:41.689+0800: 110677.110: [GC (Allocation Failure) 2024-03-22T23:36:41.689+0800: 110677.110: [ParNew: 21262864K->1667170K(22937600K), 0.2960428 secs] 106125984K->86613250K(130940928K), 0.2965088 secs] [Times: user=3.56 sys=0.77, real=0.29 secs] 
2024-03-22T23:36:53.630+0800: 110689.051: [GC (Allocation Failure) 2024-03-22T23:36:53.630+0800: 110689.051: [ParNew: 21327970K->1853478K(22937600K), 0.3543319 secs] 106274050K->86888284K(130940928K), 0.3547768 secs] [Times: user=4.47 sys=0.96, real=0.35 secs] 
2024-03-22T23:37:04.558+0800: 110699.978: [GC (Allocation Failure) 2024-03-22T23:37:04.558+0800: 110699.979: [ParNew: 21514278K->1644549K(22937600K), 0.3318582 secs] 106549084K->86768809K(130940928K), 0.3322947 secs] [Times: user=4.71 sys=0.27, real=0.33 secs] 
2024-03-22T23:37:15.628+0800: 110711.049: [GC (Allocation Failure) 2024-03-22T23:37:15.628+0800: 110711.049: [ParNew: 21305349K->1821632K(22937600K), 0.2650658 secs] 106429609K->87036804K(130940928K), 0.2654445 secs] [Times: user=3.52 sys=0.24, real=0.26 secs] 
2024-03-22T23:37:27.837+0800: 110723.257: [GC (Allocation Failure) 2024-03-22T23:37:27.837+0800: 110723.258: [ParNew: 21482432K->1889675K(22937600K), 0.3372473 secs] 106697604K->87183224K(130940928K), 0.3376787 secs] [Times: user=4.79 sys=0.30, real=0.34 secs] 
2024-03-22T23:37:40.676+0800: 110736.096: [GC (Allocation Failure) 2024-03-22T23:37:40.676+0800: 110736.097: [ParNew: 21550475K->1786678K(22937600K), 0.3200382 secs] 106844024K->87171088K(130940928K), 0.3205033 secs] [Times: user=3.61 sys=0.91, real=0.32 secs] 
2024-03-22T23:37:54.617+0800: 110750.037: [GC (Allocation Failure) 2024-03-22T23:37:54.617+0800: 110750.038: [ParNew: 21447478K->1932790K(22937600K), 0.3110797 secs] 106831888K->87402908K(130940928K), 0.3115212 secs] [Times: user=3.51 sys=0.99, real=0.32 secs] 
2024-03-22T23:38:06.719+0800: 110762.139: [GC (Allocation Failure) 2024-03-22T23:38:06.719+0800: 110762.140: [ParNew: 21593590K->1787047K(22937600K), 0.2773498 secs] 107063708K->87333830K(130940928K), 0.2777741 secs] [Times: user=3.48 sys=0.28, real=0.27 secs] 
2024-03-22T23:38:19.074+0800: 110774.495: [GC (Allocation Failure) 2024-03-22T23:38:19.075+0800: 110774.495: [ParNew: 21447847K->1709984K(22937600K), 0.2738343 secs] 106994630K->87335960K(130940928K), 0.2742165 secs] [Times: user=3.44 sys=0.19, real=0.28 secs] 
2024-03-22T23:38:33.767+0800: 110789.187: [GC (Allocation Failure) 2024-03-22T23:38:33.767+0800: 110789.188: [ParNew: 21370784K->1823458K(22937600K), 0.3440093 secs] 106996760K->87530396K(130940928K), 0.3444583 secs] [Times: user=4.59 sys=0.26, real=0.35 secs] 
2024-03-22T23:38:48.982+0800: 110804.403: [GC (Allocation Failure) 2024-03-22T23:38:48.983+0800: 110804.403: [ParNew: 21484258K->1667911K(22937600K), 0.3954917 secs] 107191196K->87450077K(130940928K), 0.3960398 secs] [Times: user=3.99 sys=1.71, real=0.40 secs] 
2024-03-22T23:39:07.128+0800: 110822.549: [GC (Allocation Failure) 2024-03-22T23:39:07.128+0800: 110822.549: [ParNew: 21328711K->1558316K(22937600K), 0.2927031 secs] 107110877K->87413704K(130940928K), 0.2931621 secs] [Times: user=3.18 sys=0.98, real=0.29 secs] 
2024-03-22T23:39:27.982+0800: 110843.403: [GC (Allocation Failure) 2024-03-22T23:39:27.983+0800: 110843.403: [ParNew: 21219116K->1484718K(22937600K), 0.3696706 secs] 107074504K->87408341K(130940928K), 0.3701115 secs] [Times: user=5.03 sys=0.61, real=0.37 secs] 
2024-03-22T23:39:44.717+0800: 110860.138: [GC (Allocation Failure) 2024-03-22T23:39:44.717+0800: 110860.138: [ParNew: 21145518K->1501524K(22937600K), 0.3455528 secs] 107069141K->87494790K(130940928K), 0.3459883 secs] [Times: user=3.84 sys=1.27, real=0.35 secs] 
2024-03-22T23:40:03.648+0800: 110879.069: [GC (Allocation Failure) 2024-03-22T23:40:03.648+0800: 110879.069: [ParNew: 21162324K->1503711K(22937600K), 0.3060244 secs] 107155590K->87564482K(130940928K), 0.3064714 secs] [Times: user=3.70 sys=0.86, real=0.30 secs] 
2024-03-22T23:40:18.523+0800: 110893.944: [GC (Allocation Failure) 2024-03-22T23:40:18.523+0800: 110893.944: [ParNew: 21164511K->1505170K(22937600K), 0.3039084 secs] 107225282K->87642709K(130940928K), 0.3043336 secs] [Times: user=3.88 sys=0.60, real=0.30 secs] 
2024-03-22T23:40:31.897+0800: 110907.318: [GC (Allocation Failure) 2024-03-22T23:40:31.898+0800: 110907.318: [ParNew: 21165970K->1554110K(22937600K), 0.2659781 secs] 107303509K->87772179K(130940928K), 0.2664011 secs] [Times: user=3.43 sys=0.26, real=0.27 secs] 
2024-03-22T23:40:44.696+0800: 110920.117: [GC (Allocation Failure) 2024-03-22T23:40:44.697+0800: 110920.118: [ParNew: 21214910K->1559792K(22937600K), 0.3633285 secs] 107432979K->87855207K(130940928K), 0.3637470 secs] [Times: user=5.54 sys=0.14, real=0.37 secs] 
2024-03-22T23:40:55.881+0800: 110931.302: [GC (Allocation Failure) 2024-03-22T23:40:55.881+0800: 110931.302: [ParNew: 21220592K->1593702K(22937600K), 0.2920109 secs] 107516007K->87964923K(130940928K), 0.2924039 secs] [Times: user=3.87 sys=0.50, real=0.29 secs] 
2024-03-22T23:41:07.539+0800: 110942.960: [GC (Allocation Failure) 2024-03-22T23:41:07.539+0800: 110942.960: [ParNew: 21254502K->1310519K(22937600K), 0.4422791 secs] 107625723K->87754636K(130940928K), 0.4426839 secs] [Times: user=6.18 sys=0.91, real=0.44 secs] 
2024-03-22T23:41:07.986+0800: 110943.407: [GC (CMS Initial Mark) [1 CMS-initial-mark: 86444116K(108003328K)] 87757973K(130940928K), 0.0538193 secs] [Times: user=0.78 sys=0.10, real=0.06 secs] 
2024-03-22T23:41:08.040+0800: 110943.461: [CMS-concurrent-mark-start]
2024-03-22T23:41:17.460+0800: 110952.881: [GC (Allocation Failure) 2024-03-22T23:41:17.460+0800: 110952.881: [ParNew: 20971319K->1413905K(22937600K), 0.4151783 secs] 107415436K->87934798K(130940928K), 0.4155699 secs] [Times: user=6.31 sys=0.29, real=0.41 secs] 
2024-03-22T23:41:23.063+0800: 110958.484: [CMS-concurrent-mark: 14.584/15.023 secs] [Times: user=162.45 sys=27.00, real=15.02 secs] 
2024-03-22T23:41:23.063+0800: 110958.484: [CMS-concurrent-preclean-start]
2024-03-22T23:41:26.564+0800: 110961.985: [CMS-concurrent-preclean: 3.471/3.501 secs] [Times: user=18.52 sys=2.81, real=3.50 secs] 
2024-03-22T23:41:26.564+0800: 110961.985: [CMS-concurrent-abortable-preclean-start]
2024-03-22T23:41:27.921+0800: 110963.342: [GC (Allocation Failure) 2024-03-22T23:41:27.921+0800: 110963.342: [ParNew: 21074705K->1553319K(22937600K), 0.2350379 secs] 107595598K->88158694K(130940928K), 0.2354651 secs] [Times: user=2.98 sys=0.32, real=0.23 secs] 
 CMS: abort preclean due to time 2024-03-22T23:41:36.067+0800: 110971.488: [CMS-concurrent-abortable-preclean: 9.217/9.503 secs] [Times: user=76.46 sys=11.47, real=9.50 secs] 
2024-03-22T23:41:36.078+0800: 110971.499: [GC (Allocation Failure) 2024-03-22T23:41:36.078+0800: 110971.499: [ParNew: 21214119K->1651220K(22937600K), 0.2574575 secs] 107819494K->88334340K(130940928K), 0.2578704 secs] [Times: user=3.52 sys=0.14, real=0.25 secs] 
2024-03-22T23:41:36.341+0800: 110971.762: [GC (CMS Final Remark) [YG occupancy: 1653653 K (22937600 K)]2024-03-22T23:41:36.341+0800: 110971.762: [Rescan (parallel) , 0.0817872 secs]2024-03-22T23:41:36.423+0800: 110971.844: [weak refs processing, 2.4219075 secs]2024-03-22T23:41:38.845+0800: 110974.266: [class unloading, 0.0668869 secs]2024-03-22T23:41:38.912+0800: 110974.333: [scrub symbol table, 0.0200834 secs]2024-03-22T23:41:38.932+0800: 110974.353: [scrub string table, 0.0017880 secs][1 CMS-remark: 86683119K(108003328K)] 88336772K(130940928K), 3.4204959 secs] [Times: user=4.65 sys=0.15, real=3.42 secs] 
2024-03-22T23:41:39.762+0800: 110975.183: [CMS-concurrent-sweep-start]
2024-03-22T23:41:49.382+0800: 110984.803: [GC (Allocation Failure) 2024-03-22T23:41:49.383+0800: 110984.804: [ParNew: 21312020K->1494329K(22937600K), 0.2685547 secs] 101084301K->81334618K(130940928K), 0.2689996 secs] [Times: user=3.52 sys=0.33, real=0.27 secs] 
2024-03-22T23:41:59.544+0800: 110994.965: [GC (Allocation Failure) 2024-03-22T23:41:59.545+0800: 110994.966: [ParNew: 21155129K->1593108K(22937600K), 0.2662187 secs] 96374626K->76877793K(130940928K), 0.2667327 secs] [Times: user=3.09 sys=0.64, real=0.27 secs] 
2024-03-22T23:42:11.858+0800: 111007.278: [GC (Allocation Failure) 2024-03-22T23:42:11.858+0800: 111007.279: [ParNew: 21253908K->1990648K(22937600K), 0.2557343 secs] 91988703K->72773146K(130940928K), 0.2561914 secs] [Times: user=2.93 sys=0.79, real=0.25 secs] 
2024-03-22T23:42:21.079+0800: 111016.500: [GC (Allocation Failure) 2024-03-22T23:42:21.079+0800: 111016.500: [ParNew: 21651448K->1460476K(22937600K), 0.2262210 secs] 89127047K->68977162K(130940928K), 0.2266555 secs] [Times: user=3.00 sys=0.19, real=0.22 secs] 
2024-03-22T23:42:30.741+0800: 111026.162: [GC (Allocation Failure) 2024-03-22T23:42:30.741+0800: 111026.162: [ParNew: 21121276K->2113798K(22937600K), 0.2408626 secs] 85304853K->66333698K(130940928K), 0.2413339 secs] [Times: user=3.02 sys=0.31, real=0.24 secs] 
2024-03-22T23:42:40.229+0800: 111035.650: [GC (Allocation Failure) 2024-03-22T23:42:40.230+0800: 111035.650: [ParNew: 21774598K->1466714K(22937600K), 0.2584761 secs] 82935766K->62666158K(130940928K), 0.2589419 secs] [Times: user=3.12 sys=0.41, real=0.26 secs] 
2024-03-22T23:42:50.747+0800: 111046.168: [GC (Allocation Failure) 2024-03-22T23:42:50.747+0800: 111046.168: [ParNew: 21127514K->2110240K(22937600K), 0.2463791 secs] 78846254K->59889559K(130940928K), 0.2468462 secs] [Times: user=3.35 sys=0.10, real=0.25 secs] 
2024-03-22T23:43:00.724+0800: 111056.144: [GC (Allocation Failure) 2024-03-22T23:43:00.724+0800: 111056.145: [ParNew: 21771040K->1525991K(22937600K), 0.3379424 secs] 76422396K->56262815K(130940928K), 0.3383985 secs] [Times: user=3.66 sys=1.23, real=0.34 secs] 
2024-03-22T23:43:11.702+0800: 111067.123: [GC (Allocation Failure) 2024-03-22T23:43:11.702+0800: 111067.123: [ParNew: 21186791K->2093017K(22937600K), 0.2990690 secs] 68939776K->49917688K(130940928K), 0.2995853 secs] [Times: user=3.32 sys=1.03, real=0.30 secs] 
2024-03-22T23:43:23.481+0800: 111078.902: [GC (Allocation Failure) 2024-03-22T23:43:23.481+0800: 111078.902: [ParNew: 21753817K->2034772K(22937600K), 0.2665251 secs] 61158951K->41515662K(130940928K), 0.2669509 secs] [Times: user=3.28 sys=0.31, real=0.27 secs] 
2024-03-22T23:43:34.247+0800: 111089.668: [GC (Allocation Failure) 2024-03-22T23:43:34.247+0800: 111089.668: [ParNew: 21695572K->2068907K(22937600K), 0.2847007 secs] 53718536K->34164896K(130940928K), 0.2850884 secs] [Times: user=3.46 sys=0.23, real=0.29 secs] 
2024-03-22T23:43:40.351+0800: 111095.772: [CMS-concurrent-sweep: 117.219/120.589 secs] [Times: user=803.93 sys=152.52, real=120.59 secs] 
2024-03-22T23:43:40.351+0800: 111095.772: [CMS-concurrent-reset-start]
2024-03-22T23:43:41.294+0800: 111096.715: [CMS-concurrent-reset: 0.943/0.943 secs] [Times: user=6.47 sys=1.89, real=0.94 secs] 
2024-03-22T23:43:43.916+0800: 111099.337: [GC (Allocation Failure) 2024-03-22T23:43:43.916+0800: 111099.337: [ParNew: 21729707K->1619145K(22937600K), 0.2879916 secs] 51223177K->31189349K(130940928K), 0.2883722 secs] [Times: user=3.31 sys=0.45, real=0.29 secs] 
2024-03-22T23:43:54.100+0800: 111109.521: [GC (Allocation Failure) 2024-03-22T23:43:54.100+0800: 111109.521: [ParNew: 21279945K->1735002K(22937600K), 0.2426694 secs] 50850149K->31380434K(130940928K), 0.2431516 secs] [Times: user=3.48 sys=0.00, real=0.24 secs] 
2024-03-22T23:44:04.450+0800: 111119.870: [GC (Allocation Failure) 2024-03-22T23:44:04.450+0800: 111119.871: [ParNew: 21395802K->1667064K(22937600K), 0.3681819 secs] 51041234K->31390609K(130940928K), 0.3685865 secs] [Times: user=3.77 sys=1.74, real=0.37 secs] 
2024-03-22T23:44:15.901+0800: 111131.322: [GC (Allocation Failure) 2024-03-22T23:44:15.901+0800: 111131.322: [ParNew: 21327864K->1741192K(22937600K), 0.3313269 secs] 51051409K->31535897K(130940928K), 0.3316941 secs] [Times: user=3.72 sys=1.23, real=0.33 secs] 
2024-03-22T23:44:27.132+0800: 111142.552: [GC (Allocation Failure) 2024-03-22T23:44:27.132+0800: 111142.553: [ParNew: 21401992K->1615450K(22937600K), 0.2731404 secs] 51196697K->31492379K(130940928K), 0.2735172 secs] [Times: user=3.62 sys=0.22, real=0.27 secs] 
2024-03-22T23:44:36.380+0800: 111151.801: [GC (Allocation Failure) 2024-03-22T23:44:36.381+0800: 111151.801: [ParNew: 21276250K->1600044K(22937600K), 0.2648801 secs] 51153179K->31550671K(130940928K), 0.2652554 secs] [Times: user=3.34 sys=0.47, real=0.26 secs] 
2024-03-22T23:44:47.627+0800: 111163.048: [GC (Allocation Failure) 2024-03-22T23:44:47.627+0800: 111163.048: [ParNew: 21260844K->1686397K(22937600K), 0.2548709 secs] 51211471K->31717376K(130940928K), 0.2553858 secs] [Times: user=3.43 sys=0.44, real=0.26 secs] 
2024-03-22T23:45:00.281+0800: 111175.701: [GC (Allocation Failure) 2024-03-22T23:45:00.281+0800: 111175.702: [ParNew: 21347197K->1734814K(22937600K), 0.4406939 secs] 51378176K->31837636K(130940928K), 0.4410970 secs] [Times: user=3.21 sys=3.67, real=0.44 secs] 
2024-03-22T23:45:14.276+0800: 111189.697: [GC (Allocation Failure) 2024-03-22T23:45:14.277+0800: 111189.698: [ParNew: 21395614K->1891094K(22937600K), 0.3040353 secs] 51498436K->32065707K(130940928K), 0.3045121 secs] [Times: user=3.30 sys=1.06, real=0.31 secs] 
2024-03-22T23:45:26.972+0800: 111202.392: [GC (Allocation Failure) 2024-03-22T23:45:26.972+0800: 111202.393: [ParNew: 21551894K->1758622K(22937600K), 0.2621866 secs] 51726507K->32003862K(130940928K), 0.2626506 secs] [Times: user=3.19 sys=0.35, real=0.26 secs] 
2024-03-22T23:45:39.206+0800: 111214.627: [GC (Allocation Failure) 2024-03-22T23:45:39.206+0800: 111214.627: [ParNew: 21419422K->1692339K(22937600K), 0.2947443 secs] 51664662K->32008942K(130940928K), 0.2951842 secs] [Times: user=3.61 sys=0.44, real=0.30 secs] 
2024-03-22T23:45:52.432+0800: 111227.853: [GC (Allocation Failure) 2024-03-22T23:45:52.433+0800: 111227.853: [ParNew: 21353139K->1633854K(22937600K), 0.2870049 secs] 51669742K->32027506K(130940928K), 0.2874207 secs] [Times: user=3.52 sys=0.24, real=0.29 secs] 
2024-03-22T23:46:04.314+0800: 111239.735: [GC (Allocation Failure) 2024-03-22T23:46:04.314+0800: 111239.735: [ParNew: 21294654K->1865238K(22937600K), 0.4577263 secs] 51688306K->32337479K(130940928K), 0.4582413 secs] [Times: user=3.34 sys=3.46, real=0.46 secs] 
2024-03-22T23:46:17.979+0800: 111253.400: [GC (Allocation Failure) 2024-03-22T23:46:17.979+0800: 111253.400: [ParNew: 21526038K->1678394K(22937600K), 0.3153826 secs] 51998279K->32230220K(130940928K), 0.3158220 secs] [Times: user=3.26 sys=1.18, real=0.31 secs] 
2024-03-22T23:46:31.841+0800: 111267.262: [GC (Allocation Failure) 2024-03-22T23:46:31.842+0800: 111267.263: [ParNew: 21339194K->1664943K(22937600K), 0.2851723 secs] 51891020K->32295167K(130940928K), 0.2856062 secs] [Times: user=3.30 sys=0.65, real=0.28 secs] 
2024-03-22T23:46:46.994+0800: 111282.414: [GC (Allocation Failure) 2024-03-22T23:46:46.994+0800: 111282.415: [ParNew: 21325743K->1625585K(22937600K), 0.3098145 secs] 51955967K->32323435K(130940928K), 0.3102557 secs] [Times: user=3.60 sys=0.73, real=0.31 secs] 
2024-03-22T23:47:01.911+0800: 111297.332: [GC (Allocation Failure) 2024-03-22T23:47:01.912+0800: 111297.332: [ParNew: 21286385K->1761224K(22937600K), 0.2658108 secs] 51984235K->32526336K(130940928K), 0.2662727 secs] [Times: user=3.42 sys=0.13, real=0.27 secs] 
2024-03-22T23:47:18.830+0800: 111314.251: [GC (Allocation Failure) 2024-03-22T23:47:18.830+0800: 111314.251: [ParNew: 21422024K->1609703K(22937600K), 0.5172107 secs] 52187136K->32440969K(130940928K), 0.5176499 secs] [Times: user=3.70 sys=4.41, real=0.52 secs] 
2024-03-22T23:47:34.339+0800: 111329.760: [GC (Allocation Failure) 2024-03-22T23:47:34.340+0800: 111329.760: [ParNew: 21270503K->1573999K(22937600K), 0.2724187 secs] 52101769K->32479648K(130940928K), 0.2728683 secs] [Times: user=3.37 sys=0.36, real=0.27 secs] 
2024-03-22T23:47:50.690+0800: 111346.111: [GC (Allocation Failure) 2024-03-22T23:47:50.691+0800: 111346.112: [ParNew: 21234799K->1514182K(22937600K), 0.3076265 secs] 52140448K->32490937K(130940928K), 0.3103636 secs] [Times: user=3.39 sys=1.00, real=0.31 secs] 
2024-03-22T23:48:03.304+0800: 111358.725: [GC (Allocation Failure) 2024-03-22T23:48:03.304+0800: 111358.725: [ParNew: 21174982K->1622618K(22937600K), 0.2410021 secs] 52151737K->32657974K(130940928K), 0.2414543 secs] [Times: user=3.11 sys=0.27, real=0.24 secs] 
2024-03-22T23:48:16.887+0800: 111372.308: [GC (Allocation Failure) 2024-03-22T23:48:16.887+0800: 111372.308: [ParNew: 21283418K->1567897K(22937600K), 0.4611783 secs] 52318774K->32666348K(130940928K), 0.4615282 secs] [Times: user=3.36 sys=3.61, real=0.47 secs] 
2024-03-22T23:48:28.865+0800: 111384.285: [GC (Allocation Failure) 2024-03-22T23:48:28.865+0800: 111384.286: [ParNew: 21228697K->1480058K(22937600K), 0.2820169 secs] 52327148K->32654436K(130940928K), 0.2823913 secs] [Times: user=3.22 sys=0.57, real=0.28 secs] 
2024-03-22T23:48:40.564+0800: 111395.985: [GC (Allocation Failure) 2024-03-22T23:48:40.564+0800: 111395.985: [ParNew: 21140858K->1343840K(22937600K), 0.2730792 secs] 52315236K->32597311K(130940928K), 0.2734323 secs] [Times: user=3.31 sys=0.33, real=0.27 secs] 
2024-03-22T23:48:52.465+0800: 111407.886: [GC (Allocation Failure) 2024-03-22T23:48:52.465+0800: 111407.886: [ParNew: 21004640K->1474507K(22937600K), 0.2989911 secs] 52258111K->32807891K(130940928K), 0.2994245 secs] [Times: user=3.47 sys=0.71, real=0.30 secs] 
2024-03-22T23:49:04.353+0800: 111419.774: [GC (Allocation Failure) 2024-03-22T23:49:04.353+0800: 111419.774: [ParNew: 21135307K->1457267K(22937600K), 0.2374532 secs] 52468691K->32873212K(130940928K), 0.2379018 secs] [Times: user=3.02 sys=0.20, real=0.24 secs] 
2024-03-22T23:49:15.272+0800: 111430.693: [GC (Allocation Failure) 2024-03-22T23:49:15.273+0800: 111430.694: [ParNew: 21118067K->1298272K(22937600K), 0.4258439 secs] 52534012K->32791352K(130940928K), 0.4262679 secs] [Times: user=3.16 sys=3.39, real=0.43 secs] 
2024-03-22T23:49:27.835+0800: 111443.256: [GC (Allocation Failure) 2024-03-22T23:49:27.836+0800: 111443.256: [ParNew: 20959072K->1309991K(22937600K), 0.2984655 secs] 52452152K->32889809K(130940928K), 0.2988715 secs] [Times: user=2.93 sys=1.33, real=0.30 secs] 
2024-03-22T23:49:38.124+0800: 111453.545: [GC (Allocation Failure) 2024-03-22T23:49:38.124+0800: 111453.545: [ParNew: 20970791K->1291389K(22937600K), 0.2596041 secs] 52550609K->32951420K(130940928K), 0.2600069 secs] [Times: user=3.19 sys=0.35, real=0.26 secs] 
2024-03-22T23:49:48.332+0800: 111463.753: [GC (Allocation Failure) 2024-03-22T23:49:48.332+0800: 111463.753: [ParNew: 20952189K->1464121K(22937600K), 0.2626086 secs] 52612220K->33200420K(130940928K), 0.2630367 secs] [Times: user=3.14 sys=0.46, real=0.26 secs] 
2024-03-22T23:50:00.333+0800: 111475.754: [GC (Allocation Failure) 2024-03-22T23:50:00.334+0800: 111475.754: [ParNew: 21124921K->1305252K(22937600K), 0.2541494 secs] 52861220K->33117678K(130940928K), 0.2545630 secs] [Times: user=2.92 sys=0.54, real=0.26 secs] 
2024-03-22T23:50:13.043+0800: 111488.464: [GC (Allocation Failure) 2024-03-22T23:50:13.043+0800: 111488.464: [ParNew: 20966052K->1272429K(22937600K), 0.5786130 secs] 52778478K->33143211K(130940928K), 0.5790658 secs] [Times: user=5.26 sys=3.97, real=0.58 secs] 
2024-03-22T23:50:23.892+0800: 111499.313: [GC (Allocation Failure) 2024-03-22T23:50:23.892+0800: 111499.313: [ParNew: 20933229K->1491487K(22937600K), 0.3513783 secs] 52804011K->33406105K(130940928K), 0.3518310 secs] [Times: user=4.28 sys=1.07, real=0.35 secs] 
2024-03-22T23:50:36.143+0800: 111511.564: [GC (Allocation Failure) 2024-03-22T23:50:36.143+0800: 111511.564: [ParNew: 21152287K->1440378K(22937600K), 0.2484144 secs] 53066905K->33401979K(130940928K), 0.2488801 secs] [Times: user=3.26 sys=0.26, real=0.25 secs] 
2024-03-22T23:50:48.043+0800: 111523.464: [GC (Allocation Failure) 2024-03-22T23:50:48.043+0800: 111523.464: [ParNew: 21101178K->1191834K(22937600K), 0.2785667 secs] 53062779K->33204603K(130940928K), 0.2790332 secs] [Times: user=3.63 sys=0.40, real=0.28 secs] 
2024-03-22T23:50:58.075+0800: 111533.495: [GC (Allocation Failure) 2024-03-22T23:50:58.075+0800: 111533.496: [ParNew: 20852634K->1283830K(22937600K), 0.2574692 secs] 52865403K->33347873K(130940928K), 0.2579228 secs] [Times: user=3.07 sys=0.56, real=0.26 secs] 
2024-03-22T23:51:09.530+0800: 111544.951: [GC (Allocation Failure) 2024-03-22T23:51:09.530+0800: 111544.951: [ParNew: 20944630K->1468839K(22937600K), 0.2370731 secs] 53008673K->33588629K(130940928K), 0.2375680 secs] [Times: user=3.09 sys=0.13, real=0.24 secs] 
2024-03-22T23:51:21.427+0800: 111556.847: [GC (Allocation Failure) 2024-03-22T23:51:21.427+0800: 111556.848: [ParNew: 21129639K->1206168K(22937600K), 0.4571566 secs] 53249429K->33374253K(130940928K), 0.4576359 secs] [Times: user=3.35 sys=3.32, real=0.46 secs] 
2024-03-22T23:51:32.549+0800: 111567.970: [GC (Allocation Failure) 2024-03-22T23:51:32.550+0800: 111567.970: [ParNew: 20866968K->1520910K(22937600K), 0.2966392 secs] 53035053K->33742374K(130940928K), 0.2970250 secs] [Times: user=3.13 sys=0.95, real=0.29 secs] 
2024-03-22T23:51:43.882+0800: 111579.303: [GC (Allocation Failure) 2024-03-22T23:51:43.882+0800: 111579.303: [ParNew: 21181710K->1345282K(22937600K), 0.2806943 secs] 53403174K->33618506K(130940928K), 0.2811458 secs] [Times: user=3.12 sys=0.47, real=0.28 secs] 
2024-03-22T23:51:56.550+0800: 111591.971: [GC (Allocation Failure) 2024-03-22T23:51:56.550+0800: 111591.971: [ParNew: 21006082K->1399978K(22937600K), 0.2943204 secs] 53279306K->33730544K(130940928K), 0.2946874 secs] [Times: user=3.14 sys=0.86, real=0.29 secs] 
2024-03-22T23:52:09.188+0800: 111604.608: [GC (Allocation Failure) 2024-03-22T23:52:09.188+0800: 111604.609: [ParNew: 21060778K->1270183K(22937600K), 0.2414108 secs] 53391344K->33661444K(130940928K), 0.2418546 secs] [Times: user=2.94 sys=0.30, real=0.24 secs] 
2024-03-22T23:52:25.630+0800: 111621.051: [GC (Allocation Failure) 2024-03-22T23:52:25.631+0800: 111621.051: [ParNew: 20930983K->1270733K(22937600K), 0.4330408 secs] 53322244K->33719106K(130940928K), 0.4334785 secs] [Times: user=3.31 sys=3.39, real=0.43 secs] 
2024-03-22T23:52:42.533+0800: 111637.954: [GC (Allocation Failure) 2024-03-22T23:52:42.533+0800: 111637.954: [ParNew: 20931533K->1233833K(22937600K), 0.2382236 secs] 53379906K->33742164K(130940928K), 0.2387098 secs] [Times: user=2.81 sys=0.40, real=0.24 secs] 
2024-03-22T23:52:59.938+0800: 111655.359: [GC (Allocation Failure) 2024-03-22T23:52:59.938+0800: 111655.359: [ParNew: 20894633K->1242703K(22937600K), 0.2398413 secs] 53402964K->33805565K(130940928K), 0.2403237 secs] [Times: user=2.64 sys=0.72, real=0.24 secs] 
2024-03-22T23:53:17.124+0800: 111672.545: [GC (Allocation Failure) 2024-03-22T23:53:17.125+0800: 111672.546: [ParNew: 20903503K->1202358K(22937600K), 0.2833865 secs] 53466365K->33825081K(130940928K), 0.2839111 secs] [Times: user=3.34 sys=0.74, real=0.29 secs] 
2024-03-22T23:53:32.987+0800: 111688.408: [GC (Allocation Failure) 2024-03-22T23:53:32.987+0800: 111688.408: [ParNew: 20863158K->1081226K(22937600K), 0.3680278 secs] 53485881K->33760932K(130940928K), 0.3685316 secs] [Times: user=4.90 sys=0.62, real=0.37 secs] 
2024-03-22T23:53:44.176+0800: 111699.597: [GC (Allocation Failure) 2024-03-22T23:53:44.176+0800: 111699.597: [ParNew: 20742026K->1134009K(22937600K), 0.2255263 secs] 53421732K->33869210K(130940928K), 0.2260065 secs] [Times: user=2.49 sys=0.51, real=0.23 secs] 
2024-03-22T23:53:58.370+0800: 111713.790: [GC (Allocation Failure) 2024-03-22T23:53:58.370+0800: 111713.791: [ParNew: 20794809K->1083859K(22937600K), 0.2319214 secs] 53530010K->33873298K(130940928K), 0.2324093 secs] [Times: user=2.71 sys=0.41, real=0.23 secs] 
2024-03-22T23:54:10.908+0800: 111726.329: [GC (Allocation Failure) 2024-03-22T23:54:10.909+0800: 111726.329: [ParNew: 20744659K->1017613K(22937600K), 0.2500994 secs] 53534098K->33863252K(130940928K), 0.2506087 secs] [Times: user=2.70 sys=0.57, real=0.25 secs] 
2024-03-22T23:54:24.621+0800: 111740.042: [GC (Allocation Failure) 2024-03-22T23:54:24.621+0800: 111740.042: [ParNew: 20678413K->1148476K(22937600K), 0.3554534 secs] 53524052K->34046567K(130940928K), 0.3559699 secs] [Times: user=2.74 sys=2.30, real=0.35 secs] 
2024-03-22T23:54:38.494+0800: 111753.915: [GC (Allocation Failure) 2024-03-22T23:54:38.494+0800: 111753.915: [ParNew: 20809276K->1062500K(22937600K), 0.2646090 secs] 53707367K->34016727K(130940928K), 0.2650568 secs] [Times: user=2.94 sys=0.62, real=0.27 secs] 
2024-03-22T23:54:53.979+0800: 111769.400: [GC (Allocation Failure) 2024-03-22T23:54:53.979+0800: 111769.400: [ParNew: 20723300K->1097994K(22937600K), 0.2492306 secs] 53677527K->34111884K(130940928K), 0.2496844 secs] [Times: user=2.88 sys=0.38, real=0.25 secs] 
2024-03-22T23:55:06.631+0800: 111782.052: [GC (Allocation Failure) 2024-03-22T23:55:06.631+0800: 111782.052: [ParNew: 20758794K->1093465K(22937600K), 0.2297768 secs] 53772684K->34159704K(130940928K), 0.2302291 secs] [Times: user=2.65 sys=0.27, real=0.23 secs] 
2024-03-22T23:55:20.931+0800: 111796.351: [GC (Allocation Failure) 2024-03-22T23:55:20.931+0800: 111796.352: [ParNew: 20754265K->1133128K(22937600K), 0.2114375 secs] 53820504K->34252828K(130940928K), 0.2118893 secs] [Times: user=2.45 sys=0.30, real=0.21 secs] 
2024-03-22T23:55:33.225+0800: 111808.645: [GC (Allocation Failure) 2024-03-22T23:55:33.225+0800: 111808.646: [ParNew: 20793928K->1127055K(22937600K), 0.2862228 secs] 53913628K->34291398K(130940928K), 0.2867154 secs] [Times: user=2.66 sys=1.47, real=0.29 secs] 
2024-03-22T23:55:45.176+0800: 111820.597: [GC (Allocation Failure) 2024-03-22T23:55:45.176+0800: 111820.597: [ParNew: 20787855K->1255504K(22937600K), 0.2564389 secs] 53952198K->34459471K(130940928K), 0.2569142 secs] [Times: user=2.90 sys=0.81, real=0.26 secs] 
2024-03-22T23:55:57.031+0800: 111832.452: [GC (Allocation Failure) 2024-03-22T23:55:57.032+0800: 111832.452: [ParNew: 20916304K->1088315K(22937600K), 0.2488573 secs] 54120271K->34331760K(130940928K), 0.2492604 secs] [Times: user=3.55 sys=0.31, real=0.25 secs] 
2024-03-22T23:56:06.708+0800: 111842.128: [GC (Allocation Failure) 2024-03-22T23:56:06.708+0800: 111842.129: [ParNew: 20749115K->1247424K(22937600K), 0.2201345 secs] 53992560K->34530469K(130940928K), 0.2205765 secs] [Times: user=2.69 sys=0.38, real=0.22 secs] 
2024-03-22T23:56:16.768+0800: 111852.189: [GC (Allocation Failure) 2024-03-22T23:56:16.769+0800: 111852.190: [ParNew: 20908224K->1250751K(22937600K), 0.2042124 secs] 54191269K->34577639K(130940928K), 0.2046935 secs] [Times: user=2.51 sys=0.33, real=0.20 secs] 
2024-03-22T23:56:26.279+0800: 111861.700: [GC (Allocation Failure) 2024-03-22T23:56:26.279+0800: 111861.700: [ParNew: 20911551K->1245674K(22937600K), 0.3249158 secs] 54238439K->34613074K(130940928K), 0.3253623 secs] [Times: user=2.68 sys=2.37, real=0.32 secs] 
2024-03-22T23:56:36.066+0800: 111871.487: [GC (Allocation Failure) 2024-03-22T23:56:36.066+0800: 111871.487: [ParNew: 20906474K->1323986K(22937600K), 0.3932665 secs] 54273874K->34728064K(130940928K), 0.3937239 secs] [Times: user=5.73 sys=0.55, real=0.40 secs] 
2024-03-22T23:56:47.279+0800: 111882.700: [GC (Allocation Failure) 2024-03-22T23:56:47.280+0800: 111882.700: [ParNew: 20984786K->1231993K(22937600K), 0.2180983 secs] 54388864K->34674776K(130940928K), 0.2185520 secs] [Times: user=2.85 sys=0.24, real=0.22 secs] 
2024-03-22T23:56:59.044+0800: 111894.465: [GC (Allocation Failure) 2024-03-22T23:56:59.045+0800: 111894.465: [ParNew: 20892793K->1268342K(22937600K), 0.2090086 secs] 54335576K->34753246K(130940928K), 0.2094436 secs] [Times: user=2.68 sys=0.27, real=0.21 secs] 
2024-03-22T23:57:10.452+0800: 111905.873: [GC (Allocation Failure) 2024-03-22T23:57:10.452+0800: 111905.873: [ParNew: 20929142K->1376658K(22937600K), 0.2259860 secs] 54414046K->34917906K(130940928K), 0.2264140 secs] [Times: user=2.73 sys=0.35, real=0.23 secs] 
2024-03-22T23:57:22.130+0800: 111917.551: [GC (Allocation Failure) 2024-03-22T23:57:22.130+0800: 111917.551: [ParNew: 21037458K->1312697K(22937600K), 0.2266091 secs] 54578706K->34906620K(130940928K), 0.2271005 secs] [Times: user=3.02 sys=0.12, real=0.22 secs] 
2024-03-22T23:57:31.458+0800: 111926.879: [GC (Allocation Failure) 2024-03-22T23:57:31.459+0800: 111926.879: [ParNew: 20973497K->1308749K(22937600K), 0.3015714 secs] 54567420K->34951722K(130940928K), 0.3020843 secs] [Times: user=3.03 sys=1.38, real=0.30 secs] 
2024-03-22T23:57:42.358+0800: 111937.779: [GC (Allocation Failure) 2024-03-22T23:57:42.359+0800: 111937.779: [ParNew: 20969549K->1593677K(22937600K), 0.2441774 secs] 54612522K->35288534K(130940928K), 0.2446249 secs] [Times: user=2.64 sys=0.83, real=0.24 secs] 
2024-03-22T23:57:52.962+0800: 111948.383: [GC (Allocation Failure) 2024-03-22T23:57:52.963+0800: 111948.383: [ParNew: 21254477K->1176615K(22937600K), 0.2210783 secs] 54949334K->34926110K(130940928K), 0.2215571 secs] [Times: user=2.85 sys=0.16, real=0.22 secs] 
2024-03-22T23:58:04.071+0800: 111959.492: [GC (Allocation Failure) 2024-03-22T23:58:04.071+0800: 111959.492: [ParNew: 20837415K->1654525K(22937600K), 0.2330438 secs] 54586910K->35461676K(130940928K), 0.2335061 secs] [Times: user=2.87 sys=0.29, real=0.23 secs] 
2024-03-22T23:58:16.089+0800: 111971.510: [GC (Allocation Failure) 2024-03-22T23:58:16.089+0800: 111971.510: [ParNew: 21315325K->1213068K(22937600K), 0.2374649 secs] 55122476K->35081431K(130940928K), 0.2378998 secs] [Times: user=3.09 sys=0.19, real=0.23 secs] 
2024-03-22T23:58:28.153+0800: 111983.574: [GC (Allocation Failure) 2024-03-22T23:58:28.153+0800: 111983.574: [ParNew: 20873868K->1322404K(22937600K), 0.2859157 secs] 54742231K->35251828K(130940928K), 0.2863753 secs] [Times: user=3.13 sys=0.89, real=0.29 secs] 
2024-03-22T23:58:40.811+0800: 111996.232: [GC (Allocation Failure) 2024-03-22T23:58:40.812+0800: 111996.233: [ParNew: 20983204K->1564346K(22937600K), 0.2803353 secs] 54912628K->35557336K(130940928K), 0.2807821 secs] [Times: user=3.43 sys=0.58, real=0.28 secs] 
2024-03-22T23:58:55.106+0800: 112010.527: [GC (Allocation Failure) 2024-03-22T23:58:55.106+0800: 112010.527: [ParNew: 21225146K->1262761K(22937600K), 0.2400765 secs] 55218136K->35312320K(130940928K), 0.2405327 secs] [Times: user=2.93 sys=0.33, real=0.24 secs] 
2024-03-22T23:59:05.403+0800: 112020.824: [GC (Allocation Failure) 2024-03-22T23:59:05.403+0800: 112020.824: [ParNew: 20923561K->1317358K(22937600K), 0.2427551 secs] 54973120K->35420297K(130940928K), 0.2431986 secs] [Times: user=3.02 sys=0.26, real=0.24 secs] 
2024-03-22T23:59:20.929+0800: 112036.350: [GC (Allocation Failure) 2024-03-22T23:59:20.930+0800: 112036.351: [ParNew: 20978158K->1433778K(22937600K), 0.2424539 secs] 55081097K->35586900K(130940928K), 0.2429244 secs] [Times: user=2.85 sys=0.45, real=0.24 secs] 
2024-03-22T23:59:31.489+0800: 112046.909: [GC (Allocation Failure) 2024-03-22T23:59:31.489+0800: 112046.910: [ParNew: 21094578K->1376162K(22937600K), 0.2798703 secs] 55247700K->35582774K(130940928K), 0.2803307 secs] [Times: user=2.93 sys=0.97, real=0.28 secs] 
2024-03-22T23:59:45.106+0800: 112060.527: [GC (Allocation Failure) 2024-03-22T23:59:45.106+0800: 112060.527: [ParNew: 21036962K->1520461K(22937600K), 0.2557385 secs] 55243574K->35779631K(130940928K), 0.2562111 secs] [Times: user=2.73 sys=0.75, real=0.26 secs] 
2024-03-22T23:59:56.797+0800: 112072.218: [GC (Allocation Failure) 2024-03-22T23:59:56.797+0800: 112072.218: [ParNew: 21181261K->1427029K(22937600K), 0.2440010 secs] 55440431K->35745724K(130940928K), 0.2444606 secs] [Times: user=3.21 sys=0.09, real=0.25 secs] 
2024-03-23T00:00:05.933+0800: 112081.354: [GC (Allocation Failure) 2024-03-23T00:00:05.933+0800: 112081.354: [ParNew: 21087829K->1250927K(22937600K), 0.2307641 secs] 55406524K->35630634K(130940928K), 0.2312279 secs] [Times: user=2.89 sys=0.22, real=0.23 secs] 
2024-03-23T00:00:14.218+0800: 112089.639: [GC (Allocation Failure) 2024-03-23T00:00:14.219+0800: 112089.640: [ParNew: 20911727K->1434456K(22937600K), 0.2259242 secs] 55291434K->35868283K(130940928K), 0.2263974 secs] [Times: user=2.84 sys=0.22, real=0.22 secs] 
2024-03-23T00:00:24.971+0800: 112100.392: [GC (Allocation Failure) 2024-03-23T00:00:24.971+0800: 112100.392: [ParNew: 21095256K->1344380K(22937600K), 0.2249149 secs] 55529083K->35831837K(130940928K), 0.2254165 secs] [Times: user=2.82 sys=0.23, real=0.22 secs] 
2024-03-23T00:00:33.072+0800: 112108.493: [GC (Allocation Failure) 2024-03-23T00:00:33.072+0800: 112108.493: [ParNew: 21005180K->1316386K(22937600K), 0.2731622 secs] 55492637K->35859902K(130940928K), 0.2736187 secs] [Times: user=3.02 sys=0.91, real=0.27 secs] 
2024-03-23T00:00:44.152+0800: 112119.573: [GC (Allocation Failure) 2024-03-23T00:00:44.152+0800: 112119.573: [ParNew: 20977186K->1101377K(22937600K), 0.2812050 secs] 55520702K->35703006K(130940928K), 0.2816729 secs] [Times: user=3.55 sys=0.61, real=0.28 secs] 
2024-03-23T00:00:51.156+0800: 112126.577: [GC (Allocation Failure) 2024-03-23T00:00:51.156+0800: 112126.577: [ParNew: 20762177K->1216016K(22937600K), 0.2218599 secs] 55363806K->35871039K(130940928K), 0.2223026 secs] [Times: user=2.92 sys=0.16, real=0.23 secs] 
2024-03-23T00:01:00.157+0800: 112135.578: [GC (Allocation Failure) 2024-03-23T00:01:00.157+0800: 112135.578: [ParNew: 20876816K->1155860K(22937600K), 0.2173955 secs] 55531839K->35867772K(130940928K), 0.2178538 secs] [Times: user=2.83 sys=0.16, real=0.22 secs] 
2024-03-23T00:01:09.561+0800: 112144.982: [GC (Allocation Failure) 2024-03-23T00:01:09.562+0800: 112144.982: [ParNew: 20816660K->1157332K(22937600K), 0.2202503 secs] 55528572K->35928885K(130940928K), 0.2206759 secs] [Times: user=2.76 sys=0.20, real=0.22 secs] 
2024-03-23T00:01:21.647+0800: 112157.068: [GC (Allocation Failure) 2024-03-23T00:01:21.647+0800: 112157.068: [ParNew: 20818132K->1108411K(22937600K), 0.2136842 secs] 55589685K->35937636K(130940928K), 0.2141233 secs] [Times: user=2.61 sys=0.23, real=0.22 secs] 
2024-03-23T00:01:33.887+0800: 112169.308: [GC (Allocation Failure) 2024-03-23T00:01:33.887+0800: 112169.308: [ParNew: 20769211K->1107290K(22937600K), 0.2939092 secs] 55598436K->35994721K(130940928K), 0.2943670 secs] [Times: user=2.92 sys=1.21, real=0.30 secs] 
2024-03-23T00:01:47.565+0800: 112182.986: [GC (Allocation Failure) 2024-03-23T00:01:47.565+0800: 112182.986: [ParNew: 20768090K->1151490K(22937600K), 0.2620821 secs] 55655521K->36098415K(130940928K), 0.2624517 secs] [Times: user=2.79 sys=0.62, real=0.26 secs] 
2024-03-23T00:02:01.204+0800: 112196.624: [GC (Allocation Failure) 2024-03-23T00:02:01.204+0800: 112196.625: [ParNew: 20812290K->1091073K(22937600K), 0.2425415 secs] 55759215K->36095132K(130940928K), 0.2429298 secs] [Times: user=2.54 sys=0.54, real=0.24 secs] 
2024-03-23T00:02:13.643+0800: 112209.064: [GC (Allocation Failure) 2024-03-23T00:02:13.643+0800: 112209.064: [ParNew: 20751873K->1111171K(22937600K), 0.2332563 secs] 55755932K->36169612K(130940928K), 0.2335988 secs] [Times: user=2.69 sys=0.31, real=0.23 secs] 
2024-03-23T00:02:25.272+0800: 112220.693: [GC (Allocation Failure) 2024-03-23T00:02:25.272+0800: 112220.693: [ParNew: 20771971K->1042680K(22937600K), 0.2649992 secs] 55830412K->36164998K(130940928K), 0.2654133 secs] [Times: user=2.94 sys=0.43, real=0.26 secs] 
2024-03-23T00:02:37.503+0800: 112232.924: [GC (Allocation Failure) 2024-03-23T00:02:37.503+0800: 112232.924: [ParNew: 20703480K->1107078K(22937600K), 0.2655599 secs] 55825798K->36280831K(130940928K), 0.2661671 secs] [Times: user=2.69 sys=1.09, real=0.27 secs] 
2024-03-23T00:02:48.924+0800: 112244.345: [GC (Allocation Failure) 2024-03-23T00:02:48.924+0800: 112244.345: [ParNew: 20767878K->1267352K(22937600K), 0.3138308 secs] 55941631K->36486092K(130940928K), 0.3143185 secs] [Times: user=4.26 sys=0.41, real=0.32 secs] 
2024-03-23T00:03:00.532+0800: 112255.952: [GC (Allocation Failure) 2024-03-23T00:03:00.532+0800: 112255.953: [ParNew: 20928152K->1366622K(22937600K), 0.2132264 secs] 56146892K->36629789K(130940928K), 0.2136871 secs] [Times: user=2.72 sys=0.17, real=0.21 secs] 
2024-03-23T00:03:11.168+0800: 112266.589: [GC (Allocation Failure) 2024-03-23T00:03:11.169+0800: 112266.589: [ParNew: 21027422K->1553164K(22937600K), 0.2258651 secs] 56290589K->36856877K(130940928K), 0.2263428 secs] [Times: user=2.83 sys=0.21, real=0.22 secs] 
2024-03-23T00:03:22.126+0800: 112277.547: [GC (Allocation Failure) 2024-03-23T00:03:22.126+0800: 112277.547: [ParNew: 21213964K->1148764K(22937600K), 0.2301541 secs] 56517677K->36487039K(130940928K), 0.2306319 secs] [Times: user=2.82 sys=0.34, real=0.23 secs] 
2024-03-23T00:03:32.242+0800: 112287.663: [GC (Allocation Failure) 2024-03-23T00:03:32.242+0800: 112287.663: [ParNew: 20809564K->1562055K(22937600K), 0.2375941 secs] 56147839K->36938082K(130940928K), 0.2380370 secs] [Times: user=3.09 sys=0.19, real=0.24 secs] 
2024-03-23T00:03:46.232+0800: 112301.653: [GC (Allocation Failure) 2024-03-23T00:03:46.232+0800: 112301.653: [ParNew: 21222855K->1403344K(22937600K), 0.3015868 secs] 56598882K->36810096K(130940928K), 0.3021471 secs] [Times: user=3.41 sys=1.11, real=0.30 secs] 
2024-03-23T00:03:59.637+0800: 112315.058: [GC (Allocation Failure) 2024-03-23T00:03:59.637+0800: 112315.058: [ParNew: 21064144K->1752980K(22937600K), 0.2678106 secs] 56470896K->37192154K(130940928K), 0.2682571 secs] [Times: user=2.98 sys=0.89, real=0.27 secs] 
2024-03-23T00:04:12.689+0800: 112328.109: [GC (Allocation Failure) 2024-03-23T00:04:12.689+0800: 112328.110: [ParNew: 21413780K->1320974K(22937600K), 0.2381404 secs] 56852954K->36800650K(130940928K), 0.2386163 secs] [Times: user=3.04 sys=0.33, real=0.23 secs] 
2024-03-23T00:04:24.343+0800: 112339.764: [GC (Allocation Failure) 2024-03-23T00:04:24.344+0800: 112339.764: [ParNew: 20981774K->1618927K(22937600K), 0.2267809 secs] 56461450K->37142821K(130940928K), 0.2272412 secs] [Times: user=2.61 sys=0.48, real=0.23 secs] 
2024-03-23T00:04:36.749+0800: 112352.170: [GC (Allocation Failure) 2024-03-23T00:04:36.749+0800: 112352.170: [ParNew: 21279727K->1660708K(22937600K), 0.2176251 secs] 56803621K->37235232K(130940928K), 0.2180878 secs] [Times: user=2.85 sys=0.12, real=0.21 secs] 
2024-03-23T00:04:48.384+0800: 112363.804: [GC (Allocation Failure) 2024-03-23T00:04:48.384+0800: 112363.805: [ParNew: 21321508K->1648636K(22937600K), 0.4101114 secs] 56896032K->37276813K(130940928K), 0.4106112 secs] [Times: user=5.49 sys=0.74, real=0.41 secs] 
2024-03-23T00:05:03.459+0800: 112378.880: [GC (Allocation Failure) 2024-03-23T00:05:03.460+0800: 112378.880: [ParNew: 21309436K->1702932K(22937600K), 0.2951053 secs] 56937613K->37378555K(130940928K), 0.2955987 secs] [Times: user=3.09 sys=1.30, real=0.29 secs] 
2024-03-23T00:05:15.671+0800: 112391.092: [GC (Allocation Failure) 2024-03-23T00:05:15.671+0800: 112391.092: [ParNew: 21363732K->1589116K(22937600K), 0.2341936 secs] 57039355K->37309239K(130940928K), 0.2346611 secs] [Times: user=2.89 sys=0.28, real=0.23 secs] 
2024-03-23T00:05:27.490+0800: 112402.911: [GC (Allocation Failure) 2024-03-23T00:05:27.491+0800: 112402.912: [ParNew: 21249916K->1465622K(22937600K), 0.2310269 secs] 56970039K->37249858K(130940928K), 0.2314856 secs] [Times: user=2.85 sys=0.30, real=0.23 secs] 
2024-03-23T00:05:40.555+0800: 112415.975: [GC (Allocation Failure) 2024-03-23T00:05:40.555+0800: 112415.976: [ParNew: 21126422K->1487836K(22937600K), 0.2448723 secs] 56910658K->37359581K(130940928K), 0.2453772 secs] [Times: user=3.07 sys=0.19, real=0.25 secs] 
2024-03-23T00:05:52.176+0800: 112427.597: [GC (Allocation Failure) 2024-03-23T00:05:52.176+0800: 112427.597: [ParNew: 21148636K->1362361K(22937600K), 0.3063451 secs] 57020381K->37325507K(130940928K), 0.3069181 secs] [Times: user=3.00 sys=1.24, real=0.31 secs] 
2024-03-23T00:06:02.919+0800: 112438.340: [GC (Allocation Failure) 2024-03-23T00:06:02.919+0800: 112438.340: [ParNew: 21023161K->1426573K(22937600K), 0.2719147 secs] 56986307K->37463577K(130940928K), 0.2723946 secs] [Times: user=2.86 sys=0.92, real=0.27 secs] 
2024-03-23T00:06:12.763+0800: 112448.184: [GC (Allocation Failure) 2024-03-23T00:06:12.763+0800: 112448.184: [ParNew: 21087373K->1460023K(22937600K), 0.2249363 secs] 57124377K->37569303K(130940928K), 0.2254278 secs] [Times: user=3.07 sys=0.24, real=0.23 secs] 
2024-03-23T00:06:22.130+0800: 112457.551: [GC (Allocation Failure) 2024-03-23T00:06:22.131+0800: 112457.552: [ParNew: 21120823K->1259625K(22937600K), 0.2641682 secs] 57230103K->37439527K(130940928K), 0.2646384 secs] [Times: user=3.79 sys=0.21, real=0.26 secs] 
2024-03-23T00:06:33.669+0800: 112469.090: [GC (Allocation Failure) 2024-03-23T00:06:33.669+0800: 112469.090: [ParNew: 20920425K->1476839K(22937600K), 0.2396019 secs] 57100327K->37719854K(130940928K), 0.2400877 secs] [Times: user=3.39 sys=0.20, real=0.24 secs] 
2024-03-23T00:06:46.030+0800: 112481.451: [GC (Allocation Failure) 2024-03-23T00:06:46.030+0800: 112481.451: [ParNew: 21137639K->1465985K(22937600K), 0.2950366 secs] 57380654K->37760140K(130940928K), 0.2955108 secs] [Times: user=3.20 sys=1.12, real=0.29 secs] 
2024-03-23T00:06:55.563+0800: 112490.984: [GC (Allocation Failure) 2024-03-23T00:06:55.564+0800: 112490.985: [ParNew: 21126785K->1453181K(22937600K), 0.3469300 secs] 57420940K->37811719K(130940928K), 0.3473797 secs] [Times: user=4.83 sys=0.76, real=0.35 secs] 
2024-03-23T00:07:05.131+0800: 112500.552: [GC (Allocation Failure) 2024-03-23T00:07:05.131+0800: 112500.552: [ParNew: 21113981K->1751526K(22937600K), 0.3012606 secs] 57472519K->38175629K(130940928K), 0.3016991 secs] [Times: user=4.35 sys=0.30, real=0.30 secs] 
2024-03-23T00:07:14.823+0800: 112510.244: [GC (Allocation Failure) 2024-03-23T00:07:14.824+0800: 112510.244: [ParNew: 21412326K->1431082K(22937600K), 0.2320286 secs] 57836429K->37925631K(130940928K), 0.2324530 secs] [Times: user=2.97 sys=0.22, real=0.23 secs] 
2024-03-23T00:07:26.237+0800: 112521.658: [GC (Allocation Failure) 2024-03-23T00:07:26.237+0800: 112521.658: [ParNew: 21091882K->1474253K(22937600K), 0.2431889 secs] 57586431K->38040704K(130940928K), 0.2436387 secs] [Times: user=3.01 sys=0.33, real=0.25 secs] 
2024-03-23T00:07:34.754+0800: 112530.175: [GC (Allocation Failure) 2024-03-23T00:07:34.754+0800: 112530.175: [ParNew: 21135053K->1434529K(22937600K), 0.2434692 secs] 57701504K->38061583K(130940928K), 0.2438823 secs] [Times: user=2.98 sys=0.24, real=0.25 secs] 
2024-03-23T00:07:45.831+0800: 112541.252: [GC (Allocation Failure) 2024-03-23T00:07:45.831+0800: 112541.252: [ParNew: 21095329K->1544678K(22937600K), 0.2649882 secs] 57722383K->38223465K(130940928K), 0.2654645 secs] [Times: user=2.98 sys=0.83, real=0.26 secs] 
2024-03-23T00:07:58.323+0800: 112553.744: [GC (Allocation Failure) 2024-03-23T00:07:58.324+0800: 112553.744: [ParNew: 21205478K->1841300K(22937600K), 0.2878736 secs] 57884265K->38568488K(130940928K), 0.2883485 secs] [Times: user=3.60 sys=0.66, real=0.29 secs] 
2024-03-23T00:08:07.034+0800: 112562.455: [GC (Allocation Failure) 2024-03-23T00:08:07.035+0800: 112562.455: [ParNew: 21502100K->1609161K(22937600K), 0.2469850 secs] 58229288K->38380261K(130940928K), 0.2474509 secs] [Times: user=3.24 sys=0.26, real=0.25 secs] 
2024-03-23T00:08:15.625+0800: 112571.046: [GC (Allocation Failure) 2024-03-23T00:08:15.625+0800: 112571.046: [ParNew: 21269961K->1750762K(22937600K), 0.2460584 secs] 58041061K->38572974K(130940928K), 0.2465276 secs] [Times: user=3.23 sys=0.22, real=0.25 secs] 
2024-03-23T00:08:27.031+0800: 112582.451: [GC (Allocation Failure) 2024-03-23T00:08:27.031+0800: 112582.452: [ParNew: 21411562K->1808632K(22937600K), 0.2390339 secs] 58233774K->38684501K(130940928K), 0.2395024 secs] [Times: user=3.07 sys=0.29, real=0.24 secs] 
2024-03-23T00:08:35.316+0800: 112590.737: [GC (Allocation Failure) 2024-03-23T00:08:35.316+0800: 112590.737: [ParNew: 21469432K->1684422K(22937600K), 0.2508295 secs] 58345301K->38637207K(130940928K), 0.2512772 secs] [Times: user=3.36 sys=0.09, real=0.25 secs] 
2024-03-23T00:08:47.578+0800: 112602.999: [GC (Allocation Failure) 2024-03-23T00:08:47.579+0800: 112602.999: [ParNew: 21345222K->1598736K(22937600K), 0.2912443 secs] 58298007K->38626848K(130940928K), 0.2918795 secs] [Times: user=3.48 sys=0.68, real=0.29 secs] 
2024-03-23T00:08:59.407+0800: 112614.828: [GC (Allocation Failure) 2024-03-23T00:08:59.407+0800: 112614.828: [ParNew: 21259536K->1489870K(22937600K), 0.3009068 secs] 58287648K->38584244K(130940928K), 0.3013914 secs] [Times: user=3.65 sys=0.76, real=0.31 secs] 
2024-03-23T00:09:08.734+0800: 112624.155: [GC (Allocation Failure) 2024-03-23T00:09:08.735+0800: 112624.156: [ParNew: 21150670K->1512035K(22937600K), 0.2385033 secs] 58245044K->38679779K(130940928K), 0.2389680 secs] [Times: user=3.10 sys=0.23, real=0.24 secs] 
2024-03-23T00:09:20.038+0800: 112635.459: [GC (Allocation Failure) 2024-03-23T00:09:20.039+0800: 112635.460: [ParNew: 21172835K->1566405K(22937600K), 0.2485035 secs] 58340579K->38807399K(130940928K), 0.2488673 secs] [Times: user=2.87 sys=0.30, real=0.24 secs] 
2024-03-23T00:09:29.248+0800: 112644.669: [GC (Allocation Failure) 2024-03-23T00:09:29.248+0800: 112644.669: [ParNew: 21227205K->1476831K(22937600K), 0.2539520 secs] 58468199K->38787218K(130940928K), 0.2542975 secs] [Times: user=3.02 sys=0.31, real=0.25 secs] 
2024-03-23T00:09:39.156+0800: 112654.577: [GC (Allocation Failure) 2024-03-23T00:09:39.157+0800: 112654.578: [ParNew: 21137631K->1610957K(22937600K), 0.2343726 secs] 58448018K->38984156K(130940928K), 0.2348488 secs] [Times: user=2.98 sys=0.27, real=0.24 secs] 
2024-03-23T00:09:48.262+0800: 112663.683: [GC (Allocation Failure) 2024-03-23T00:09:48.263+0800: 112663.683: [ParNew: 21271757K->1532609K(22937600K), 0.3358434 secs] 58644956K->38969410K(130940928K), 0.3362978 secs] [Times: user=3.31 sys=1.73, real=0.34 secs] 
2024-03-23T00:09:58.053+0800: 112673.474: [GC (Allocation Failure) 2024-03-23T00:09:58.054+0800: 112673.474: [ParNew: 21193409K->1667571K(22937600K), 0.2656527 secs] 58630210K->39174683K(130940928K), 0.2660863 secs] [Times: user=3.08 sys=0.79, real=0.27 secs] 
2024-03-23T00:10:07.132+0800: 112682.553: [GC (Allocation Failure) 2024-03-23T00:10:07.132+0800: 112682.553: [ParNew: 21328371K->1516895K(22937600K), 0.2468151 secs] 58835483K->39087507K(130940928K), 0.2472423 secs] [Times: user=3.09 sys=0.28, real=0.25 secs] 
2024-03-23T00:10:18.042+0800: 112693.463: [GC (Allocation Failure) 2024-03-23T00:10:18.043+0800: 112693.463: [ParNew: 21135592K->1681708K(22937600K), 0.2418623 secs] 58706204K->39324257K(130940928K), 0.2423872 secs] [Times: user=3.09 sys=0.26, real=0.24 secs] 
2024-03-23T00:10:27.209+0800: 112702.629: [GC (Allocation Failure) 2024-03-23T00:10:27.209+0800: 112702.630: [ParNew: 21342508K->1396566K(22937600K), 0.2489627 secs] 58985057K->39118624K(130940928K), 0.2494085 secs] [Times: user=3.32 sys=0.14, real=0.25 secs] 
2024-03-23T00:10:36.449+0800: 112711.870: [GC (Allocation Failure) 2024-03-23T00:10:36.449+0800: 112711.870: [ParNew: 21057366K->1656353K(22937600K), 0.2350171 secs] 58779424K->39439617K(130940928K), 0.2354645 secs] [Times: user=2.97 sys=0.28, real=0.23 secs] 
2024-03-23T00:10:48.102+0800: 112723.523: [GC (Allocation Failure) 2024-03-23T00:10:48.103+0800: 112723.523: [ParNew: 21317153K->1314950K(22937600K), 0.3378426 secs] 59100417K->39159558K(130940928K), 0.3383235 secs] [Times: user=3.23 sys=1.87, real=0.34 secs] 
2024-03-23T00:10:59.489+0800: 112734.910: [GC (Allocation Failure) 2024-03-23T00:10:59.489+0800: 112734.910: [ParNew: 20975750K->1772797K(22937600K), 0.2707876 secs] 58820358K->39683763K(130940928K), 0.2712319 secs] [Times: user=2.95 sys=0.92, real=0.27 secs] 
2024-03-23T00:11:10.651+0800: 112746.072: [GC (Allocation Failure) 2024-03-23T00:11:10.652+0800: 112746.072: [ParNew: 21433597K->1625798K(22937600K), 0.2422675 secs] 59344563K->39601475K(130940928K), 0.2427171 secs] [Times: user=3.05 sys=0.30, real=0.24 secs] 
2024-03-23T00:11:22.665+0800: 112758.086: [GC (Allocation Failure) 2024-03-23T00:11:22.666+0800: 112758.086: [ParNew: 21286598K->1437078K(22937600K), 0.2501289 secs] 59262275K->39489335K(130940928K), 0.2506048 secs] [Times: user=3.29 sys=0.11, real=0.25 secs] 
2024-03-23T00:11:37.898+0800: 112773.319: [GC (Allocation Failure) 2024-03-23T00:11:37.898+0800: 112773.319: [ParNew: 21097878K->1522300K(22937600K), 0.2717663 secs] 59150135K->39655113K(130940928K), 0.2721694 secs] [Times: user=3.26 sys=0.31, real=0.27 secs] 
2024-03-23T00:11:51.763+0800: 112787.184: [GC (Allocation Failure) 2024-03-23T00:11:51.763+0800: 112787.184: [ParNew: 21183100K->1518280K(22937600K), 0.2959653 secs] 59315913K->39709440K(130940928K), 0.2964341 secs] [Times: user=3.08 sys=1.12, real=0.30 secs] 
2024-03-23T00:12:04.584+0800: 112800.004: [GC (Allocation Failure) 2024-03-23T00:12:04.584+0800: 112800.005: [ParNew: 21179080K->1212969K(22937600K), 0.2599888 secs] 59370240K->39468574K(130940928K), 0.2604289 secs] [Times: user=2.84 sys=0.81, real=0.26 secs] 
2024-03-23T00:12:18.971+0800: 112814.392: [GC (Allocation Failure) 2024-03-23T00:12:18.972+0800: 112814.393: [ParNew: 20873769K->1453596K(22937600K), 0.2522850 secs] 59129374K->39773084K(130940928K), 0.2526723 secs] [Times: user=2.93 sys=0.36, real=0.25 secs] 
2024-03-23T00:12:31.571+0800: 112826.992: [GC (Allocation Failure) 2024-03-23T00:12:31.571+0800: 112826.992: [ParNew: 21114396K->1448613K(22937600K), 0.2576843 secs] 59433884K->39833268K(130940928K), 0.2580358 secs] [Times: user=2.87 sys=0.45, real=0.26 secs] 
2024-03-23T00:12:44.467+0800: 112839.888: [GC (Allocation Failure) 2024-03-23T00:12:44.467+0800: 112839.888: [ParNew: 21109413K->1247070K(22937600K), 0.2555804 secs] 59494068K->39691653K(130940928K), 0.2560434 secs] [Times: user=3.18 sys=0.27, real=0.26 secs] 
2024-03-23T00:12:57.374+0800: 112852.795: [GC (Allocation Failure) 2024-03-23T00:12:57.374+0800: 112852.795: [ParNew: 20907870K->1212233K(22937600K), 0.3274683 secs] 59352453K->39717392K(130940928K), 0.3280191 secs] [Times: user=3.49 sys=1.27, real=0.33 secs] 
2024-03-23T00:13:10.517+0800: 112865.938: [GC (Allocation Failure) 2024-03-23T00:13:10.517+0800: 112865.938: [ParNew: 20873033K->1337333K(22937600K), 0.2729285 secs] 59378192K->39910405K(130940928K), 0.2734016 secs] [Times: user=3.19 sys=0.65, real=0.28 secs] 
2024-03-23T00:13:20.278+0800: 112875.699: [GC (Allocation Failure) 2024-03-23T00:13:20.279+0800: 112875.700: [ParNew: 20998133K->1279807K(22937600K), 0.2212606 secs] 59571205K->39923459K(130940928K), 0.2217003 secs] [Times: user=2.81 sys=0.18, real=0.22 secs] 
2024-03-23T00:13:29.350+0800: 112884.771: [GC (Allocation Failure) 2024-03-23T00:13:29.350+0800: 112884.771: [ParNew: 20940607K->1173921K(22937600K), 0.2104463 secs] 59584259K->39874944K(130940928K), 0.2108878 secs] [Times: user=2.71 sys=0.26, real=0.21 secs] 
2024-03-23T00:13:36.692+0800: 112892.113: [GC (Allocation Failure) 2024-03-23T00:13:36.693+0800: 112892.113: [ParNew: 20834721K->1053240K(22937600K), 0.2302415 secs] 59535744K->39812894K(130940928K), 0.2306799 secs] [Times: user=3.00 sys=0.28, real=0.23 secs] 
2024-03-23T00:13:45.115+0800: 112900.536: [GC (Allocation Failure) 2024-03-23T00:13:45.115+0800: 112900.536: [ParNew: 20714040K->1053111K(22937600K), 0.1990995 secs] 59473694K->39878884K(130940928K), 0.1995313 secs] [Times: user=2.65 sys=0.00, real=0.20 secs] 
2024-03-23T00:13:54.284+0800: 112909.704: [GC (Allocation Failure) 2024-03-23T00:13:54.284+0800: 112909.705: [ParNew: 20713911K->1031048K(22937600K), 0.2632930 secs] 59539684K->39927410K(130940928K), 0.2637689 secs] [Times: user=2.79 sys=0.96, real=0.27 secs] 
2024-03-23T00:14:04.211+0800: 112919.632: [GC (Allocation Failure) 2024-03-23T00:14:04.212+0800: 112919.632: [ParNew: 20691848K->1018544K(22937600K), 0.2685555 secs] 59588210K->39977092K(130940928K), 0.2690006 secs] [Times: user=3.42 sys=0.44, real=0.27 secs] 
2024-03-23T00:14:13.565+0800: 112928.985: [GC (Allocation Failure) 2024-03-23T00:14:13.565+0800: 112928.986: [ParNew: 20679344K->1055077K(22937600K), 0.2112347 secs] 59637892K->40075478K(130940928K), 0.2116878 secs] [Times: user=2.52 sys=0.36, real=0.21 secs] 
2024-03-23T00:14:23.413+0800: 112938.834: [GC (Allocation Failure) 2024-03-23T00:14:23.413+0800: 112938.834: [ParNew: 20715877K->1002613K(22937600K), 0.1995659 secs] 59736278K->40081641K(130940928K), 0.2000239 secs] [Times: user=2.33 sys=0.39, real=0.20 secs] 
2024-03-23T00:14:32.134+0800: 112947.555: [GC (Allocation Failure) 2024-03-23T00:14:32.134+0800: 112947.555: [ParNew: 20663413K->949336K(22937600K), 0.1865098 secs] 59742441K->40080140K(130940928K), 0.1869687 secs] [Times: user=2.28 sys=0.33, real=0.19 secs] 
2024-03-23T00:14:41.150+0800: 112956.570: [GC (Allocation Failure) 2024-03-23T00:14:41.150+0800: 112956.571: [ParNew: 20610136K->970778K(22937600K), 0.1889638 secs] 59740940K->40140681K(130940928K), 0.1894031 secs] [Times: user=2.22 sys=0.37, real=0.19 secs] 
2024-03-23T00:14:53.693+0800: 112969.114: [GC (Allocation Failure) 2024-03-23T00:14:53.694+0800: 112969.114: [ParNew: 20631578K->880861K(22937600K), 0.2403168 secs] 59801481K->40089627K(130940928K), 0.2408411 secs] [Times: user=2.60 sys=0.95, real=0.24 secs] 
2024-03-23T00:15:02.852+0800: 112978.273: [GC (Allocation Failure) 2024-03-23T00:15:02.852+0800: 112978.273: [ParNew: 20541608K->981559K(22937600K), 0.2320940 secs] 59750374K->40231798K(130940928K), 0.2656879 secs] [Times: user=2.84 sys=0.47, real=0.27 secs] 
2024-03-23T00:15:13.486+0800: 112988.906: [GC (Allocation Failure) 2024-03-23T00:15:13.486+0800: 112988.907: [ParNew: 20642359K->1005444K(22937600K), 0.1905421 secs] 59892598K->40299025K(130940928K), 0.1909995 secs] [Times: user=2.28 sys=0.33, real=0.19 secs] 
2024-03-23T00:15:23.478+0800: 112998.898: [GC (Allocation Failure) 2024-03-23T00:15:23.478+0800: 112998.899: [ParNew: 20666244K->1003000K(22937600K), 0.2057694 secs] 59959825K->40340586K(130940928K), 0.2062446 secs] [Times: user=2.69 sys=0.14, real=0.20 secs] 
2024-03-23T00:15:33.067+0800: 113008.488: [GC (Allocation Failure) 2024-03-23T00:15:33.067+0800: 113008.488: [ParNew: 20663800K->919498K(22937600K), 0.2123716 secs] 60001386K->40299518K(130940928K), 0.2128278 secs] [Times: user=2.59 sys=0.21, real=0.22 secs] 
2024-03-23T00:15:42.948+0800: 113018.368: [GC (Allocation Failure) 2024-03-23T00:15:42.948+0800: 113018.369: [ParNew: 20580298K->995698K(22937600K), 0.1987204 secs] 59960318K->40412639K(130940928K), 0.1991715 secs] [Times: user=2.56 sys=0.23, real=0.19 secs] 
2024-03-23T00:15:52.160+0800: 113027.581: [GC (Allocation Failure) 2024-03-23T00:15:52.161+0800: 113027.581: [ParNew: 20656498K->1032472K(22937600K), 0.2521817 secs] 60073439K->40480254K(130940928K), 0.2526489 secs] [Times: user=2.58 sys=1.16, real=0.25 secs] 
2024-03-23T00:16:01.428+0800: 113036.848: [GC (Allocation Failure) 2024-03-23T00:16:01.428+0800: 113036.849: [ParNew: 20693272K->1117324K(22937600K), 0.1886002 secs] 60141054K->40597697K(130940928K), 0.1890653 secs] [Times: user=2.39 sys=0.26, real=0.18 secs] 
2024-03-23T00:16:10.686+0800: 113046.107: [GC (Allocation Failure) 2024-03-23T00:16:10.686+0800: 113046.107: [ParNew: 20778124K->1449518K(22937600K), 0.2160311 secs] 60258497K->40966502K(130940928K), 0.2164726 secs] [Times: user=2.35 sys=0.81, real=0.22 secs] 
2024-03-23T00:16:18.013+0800: 113053.434: [GC (Allocation Failure) 2024-03-23T00:16:18.014+0800: 113053.434: [ParNew: 21110318K->1036818K(22937600K), 0.1981011 secs] 60627302K->40592337K(130940928K), 0.1985460 secs] [Times: user=2.50 sys=0.33, real=0.20 secs] 
2024-03-23T00:16:24.129+0800: 113059.550: [GC (Allocation Failure) 2024-03-23T00:16:24.130+0800: 113059.551: [ParNew: 20697618K->1337149K(22937600K), 0.1962354 secs] 60253137K->40938011K(130940928K), 0.1966583 secs] [Times: user=2.91 sys=0.00, real=0.19 secs] 
2024-03-23T00:16:33.683+0800: 113069.104: [GC (Allocation Failure) 2024-03-23T00:16:33.683+0800: 113069.104: [ParNew: 20997949K->1293279K(22937600K), 0.2261017 secs] 60598811K->40936709K(130940928K), 0.2265457 secs] [Times: user=2.65 sys=0.68, real=0.23 secs] 
2024-03-23T00:16:39.744+0800: 113075.165: [GC (Allocation Failure) 2024-03-23T00:16:39.745+0800: 113075.165: [ParNew: 20954079K->1269569K(22937600K), 0.2024242 secs] 60597509K->40948285K(130940928K), 0.2028817 secs] [Times: user=2.57 sys=0.36, real=0.20 secs] 
2024-03-23T00:16:45.807+0800: 113081.227: [GC (Allocation Failure) 2024-03-23T00:16:45.807+0800: 113081.228: [ParNew: 20930369K->1380383K(22937600K), 0.1936968 secs] 60609085K->41091370K(130940928K), 0.1941175 secs] [Times: user=2.96 sys=0.00, real=0.20 secs] 
2024-03-23T00:16:52.314+0800: 113087.735: [GC (Allocation Failure) 2024-03-23T00:16:52.314+0800: 113087.735: [ParNew: 21041183K->1271244K(22937600K), 0.3272326 secs] 60752170K->41023811K(130940928K), 0.3276757 secs] [Times: user=3.24 sys=1.85, real=0.33 secs] 
2024-03-23T00:16:58.256+0800: 113093.677: [GC (Allocation Failure) 2024-03-23T00:16:58.256+0800: 113093.677: [ParNew: 20932044K->1194189K(22937600K), 0.2101455 secs] 60684611K->40990743K(130940928K), 0.2106445 secs] [Times: user=2.77 sys=0.28, real=0.21 secs] 
2024-03-23T00:17:03.458+0800: 113098.879: [GC (Allocation Failure) 2024-03-23T00:17:03.458+0800: 113098.879: [ParNew: 20854989K->1318733K(22937600K), 0.2355829 secs] 60651543K->41160246K(130940928K), 0.2359894 secs] [Times: user=2.92 sys=0.43, real=0.23 secs] 
2024-03-23T00:17:10.718+0800: 113106.139: [GC (Allocation Failure) 2024-03-23T00:17:10.718+0800: 113106.139: [ParNew: 20979533K->1316974K(22937600K), 0.2417860 secs] 60821046K->41209861K(130940928K), 0.2421249 secs] [Times: user=3.35 sys=0.00, real=0.24 secs] 
2024-03-23T00:17:20.241+0800: 113115.662: [GC (Allocation Failure) 2024-03-23T00:17:20.242+0800: 113115.662: [ParNew: 20977774K->1232040K(22937600K), 0.2910003 secs] 60870661K->41176875K(130940928K), 0.2913630 secs] [Times: user=4.64 sys=0.00, real=0.29 secs] 
2024-03-23T00:17:28.532+0800: 113123.952: [GC (Allocation Failure) 2024-03-23T00:17:28.532+0800: 113123.953: [ParNew: 20892840K->1275682K(22937600K), 0.2206422 secs] 60837675K->41271989K(130940928K), 0.2210576 secs] [Times: user=2.55 sys=0.41, real=0.22 secs] 
2024-03-23T00:17:38.057+0800: 113133.478: [GC (Allocation Failure) 2024-03-23T00:17:38.057+0800: 113133.478: [ParNew: 20936482K->1375385K(22937600K), 0.2216753 secs] 60932789K->41414475K(130940928K), 0.2220173 secs] [Times: user=2.60 sys=0.44, real=0.23 secs] 
2024-03-23T00:17:47.854+0800: 113143.275: [GC (Allocation Failure) 2024-03-23T00:17:47.854+0800: 113143.275: [ParNew: 21036185K->1476116K(22937600K), 0.2018277 secs] 61075275K->41563617K(130940928K), 0.2022374 secs] [Times: user=2.63 sys=0.23, real=0.20 secs] 
2024-03-23T00:17:58.329+0800: 113153.750: [GC (Allocation Failure) 2024-03-23T00:17:58.329+0800: 113153.750: [ParNew: 21136916K->1114834K(22937600K), 0.3510973 secs] 61224417K->41278163K(130940928K), 0.3515655 secs] [Times: user=2.85 sys=2.47, real=0.35 secs] 
2024-03-23T00:18:08.556+0800: 113163.977: [GC (Allocation Failure) 2024-03-23T00:18:08.557+0800: 113163.977: [ParNew: 20775634K->1355624K(22937600K), 0.2362827 secs] 60938963K->41595233K(130940928K), 0.2367018 secs] [Times: user=3.06 sys=0.28, real=0.24 secs] 
2024-03-23T00:18:18.638+0800: 113174.059: [GC (Allocation Failure) 2024-03-23T00:18:18.638+0800: 113174.059: [ParNew: 21016424K->1205277K(22937600K), 0.2176998 secs] 61256033K->41505720K(130940928K), 0.2181372 secs] [Times: user=3.04 sys=0.07, real=0.21 secs] 
2024-03-23T00:18:29.001+0800: 113184.422: [GC (Allocation Failure) 2024-03-23T00:18:29.002+0800: 113184.422: [ParNew: 20866077K->1340659K(22937600K), 0.2351601 secs] 61166520K->41691817K(130940928K), 0.2355912 secs] [Times: user=3.14 sys=0.21, real=0.23 secs] 
2024-03-23T00:18:39.505+0800: 113194.926: [GC (Allocation Failure) 2024-03-23T00:18:39.505+0800: 113194.926: [ParNew: 21001459K->1324387K(22937600K), 0.2251059 secs] 61352617K->41737303K(130940928K), 0.2255303 secs] [Times: user=2.65 sys=0.60, real=0.23 secs] 
2024-03-23T00:18:49.039+0800: 113204.460: [GC (Allocation Failure) 2024-03-23T00:18:49.039+0800: 113204.460: [ParNew: 20985187K->1294073K(22937600K), 0.4049808 secs] 61398103K->41759951K(130940928K), 0.4053958 secs] [Times: user=2.92 sys=3.55, real=0.40 secs] 
2024-03-23T00:18:59.051+0800: 113214.472: [GC (Allocation Failure) 2024-03-23T00:18:59.052+0800: 113214.472: [ParNew: 20954873K->1653617K(22937600K), 0.2321376 secs] 61420751K->42166660K(130940928K), 0.2325786 secs] [Times: user=2.59 sys=0.80, real=0.23 secs] 
2024-03-23T00:19:10.434+0800: 113225.855: [GC (Allocation Failure) 2024-03-23T00:19:10.435+0800: 113225.855: [ParNew: 21314417K->1424606K(22937600K), 0.2207896 secs] 61827460K->41982653K(130940928K), 0.2212491 secs] [Times: user=2.70 sys=0.42, real=0.22 secs] 
2024-03-23T00:19:21.432+0800: 113236.853: [GC (Allocation Failure) 2024-03-23T00:19:21.432+0800: 113236.853: [ParNew: 21085406K->1664034K(22937600K), 0.2451883 secs] 61643453K->42263600K(130940928K), 0.2456222 secs] [Times: user=3.32 sys=0.12, real=0.25 secs] 
2024-03-23T00:19:33.291+0800: 113248.711: [GC (Allocation Failure) 2024-03-23T00:19:33.291+0800: 113248.712: [ParNew: 21324834K->1573585K(22937600K), 0.2306924 secs] 61924400K->42208000K(130940928K), 0.2311291 secs] [Times: user=2.75 sys=0.54, real=0.23 secs] 
2024-03-23T00:19:42.952+0800: 113258.373: [GC (Allocation Failure) 2024-03-23T00:19:42.952+0800: 113258.373: [ParNew: 21234385K->1678404K(22937600K), 0.2280994 secs] 61868800K->42362370K(130940928K), 0.2285526 secs] [Times: user=2.80 sys=0.34, real=0.23 secs] 
2024-03-23T00:19:53.067+0800: 113268.488: [GC (Allocation Failure) 2024-03-23T00:19:53.067+0800: 113268.488: [ParNew: 21339204K->1512209K(22937600K), 0.3019109 secs] 62023170K->42262680K(130940928K), 0.3024015 secs] [Times: user=3.22 sys=1.10, real=0.31 secs] 
2024-03-23T00:20:03.433+0800: 113278.854: [GC (Allocation Failure) 2024-03-23T00:20:03.433+0800: 113278.854: [ParNew: 21173009K->1414941K(22937600K), 0.2654580 secs] 61923480K->42225992K(130940928K), 0.2658888 secs] [Times: user=3.16 sys=0.64, real=0.27 secs] 
2024-03-23T00:20:13.498+0800: 113288.918: [GC (Allocation Failure) 2024-03-23T00:20:13.498+0800: 113288.919: [ParNew: 21075741K->1467538K(22937600K), 0.2371668 secs] 61886792K->42349000K(130940928K), 0.2376175 secs] [Times: user=3.26 sys=0.05, real=0.23 secs] 
2024-03-23T00:20:25.762+0800: 113301.183: [GC (Allocation Failure) 2024-03-23T00:20:25.762+0800: 113301.183: [ParNew: 21128338K->1414643K(22937600K), 0.2525370 secs] 62009800K->42365559K(130940928K), 0.2530142 secs] [Times: user=3.32 sys=0.16, real=0.25 secs] 
2024-03-23T00:20:36.884+0800: 113312.305: [GC (Allocation Failure) 2024-03-23T00:20:36.884+0800: 113312.305: [ParNew: 21075443K->1465409K(22937600K), 0.2481850 secs] 62026359K->42483676K(130940928K), 0.2486395 secs] [Times: user=2.83 sys=0.58, real=0.25 secs] 
2024-03-23T00:20:48.808+0800: 113324.229: [GC (Allocation Failure) 2024-03-23T00:20:48.808+0800: 113324.229: [ParNew: 21126209K->1626465K(22937600K), 0.2986660 secs] 62144476K->42714645K(130940928K), 0.2991287 secs] [Times: user=3.17 sys=1.08, real=0.29 secs] 
2024-03-23T00:21:01.567+0800: 113336.987: [GC (Allocation Failure) 2024-03-23T00:21:01.567+0800: 113336.988: [ParNew: 21287265K->1519573K(22937600K), 0.2625710 secs] 62375445K->42673993K(130940928K), 0.2630206 secs] [Times: user=3.09 sys=0.62, real=0.27 secs] 
2024-03-23T00:21:13.300+0800: 113348.721: [GC (Allocation Failure) 2024-03-23T00:21:13.300+0800: 113348.721: [ParNew: 21180373K->1437377K(22937600K), 0.2442613 secs] 62334793K->42663320K(130940928K), 0.2447289 secs] [Times: user=3.26 sys=0.07, real=0.24 secs] 
2024-03-23T00:21:24.355+0800: 113359.776: [GC (Allocation Failure) 2024-03-23T00:21:24.356+0800: 113359.776: [ParNew: 21098177K->1499706K(22937600K), 0.2322792 secs] 62324120K->42788267K(130940928K), 0.2327489 secs] [Times: user=2.77 sys=0.50, real=0.24 secs] 
2024-03-23T00:21:34.349+0800: 113369.770: [GC (Allocation Failure) 2024-03-23T00:21:34.349+0800: 113369.770: [ParNew: 21160506K->1517699K(22937600K), 0.2339893 secs] 62449067K->42863869K(130940928K), 0.2344487 secs] [Times: user=2.73 sys=0.55, real=0.23 secs] 
2024-03-23T00:21:43.875+0800: 113379.296: [GC (Allocation Failure) 2024-03-23T00:21:43.875+0800: 113379.296: [ParNew: 21178499K->1288173K(22937600K), 0.2234186 secs] 62524669K->42699117K(130940928K), 0.2238576 secs] [Times: user=2.71 sys=0.34, real=0.23 secs] 
2024-03-23T00:21:53.280+0800: 113388.700: [GC (Allocation Failure) 2024-03-23T00:21:53.280+0800: 113388.701: [ParNew: 20948973K->1369047K(22937600K), 0.2802391 secs] 62359917K->42854244K(130940928K), 0.2807083 secs] [Times: user=3.30 sys=0.69, real=0.28 secs] 
2024-03-23T00:22:03.265+0800: 113398.686: [GC (Allocation Failure) 2024-03-23T00:22:03.265+0800: 113398.686: [ParNew: 21029847K->1296277K(22937600K), 0.2593423 secs] 62515044K->42855100K(130940928K), 0.2598016 secs] [Times: user=3.09 sys=0.56, real=0.26 secs] 
2024-03-23T00:22:13.409+0800: 113408.829: [GC (Allocation Failure) 2024-03-23T00:22:13.409+0800: 113408.830: [ParNew: 20957077K->1295861K(22937600K), 0.2492734 secs] 62515900K->42930093K(130940928K), 0.2497039 secs] [Times: user=2.73 sys=0.50, real=0.25 secs] 
2024-03-23T00:22:25.596+0800: 113421.017: [GC (Allocation Failure) 2024-03-23T00:22:25.596+0800: 113421.017: [ParNew: 20956661K->1225441K(22937600K), 0.2276568 secs] 62590893K->42923753K(130940928K), 0.2280959 secs] [Times: user=3.02 sys=0.10, real=0.23 secs] 
2024-03-23T00:22:40.424+0800: 113435.845: [GC (Allocation Failure) 2024-03-23T00:22:40.425+0800: 113435.845: [ParNew: 20886241K->1289315K(22937600K), 0.2497129 secs] 62584553K->43052257K(130940928K), 0.2501584 secs] [Times: user=2.88 sys=0.55, real=0.25 secs] 
2024-03-23T00:22:54.576+0800: 113449.997: [GC (Allocation Failure) 2024-03-23T00:22:54.576+0800: 113449.997: [ParNew: 20950115K->1217720K(22937600K), 0.2964353 secs] 62713057K->43044877K(130940928K), 0.2968691 secs] [Times: user=2.85 sys=1.41, real=0.30 secs] 
2024-03-23T00:23:08.426+0800: 113463.847: [GC (Allocation Failure) 2024-03-23T00:23:08.426+0800: 113463.847: [ParNew: 20878520K->1267566K(22937600K), 0.2582617 secs] 62705677K->43153882K(130940928K), 0.2586662 secs] [Times: user=3.02 sys=0.62, real=0.26 secs] 
2024-03-23T00:23:22.851+0800: 113478.272: [GC (Allocation Failure) 2024-03-23T00:23:22.851+0800: 113478.272: [ParNew: 20928366K->1300072K(22937600K), 0.2273634 secs] 62814682K->43252043K(130940928K), 0.2277903 secs] [Times: user=2.53 sys=0.53, real=0.23 secs] 
2024-03-23T00:23:36.879+0800: 113492.300: [GC (Allocation Failure) 2024-03-23T00:23:36.880+0800: 113492.300: [ParNew: 20960872K->1220996K(22937600K), 0.2269612 secs] 62912843K->43238107K(130940928K), 0.2273808 secs] [Times: user=2.52 sys=0.57, real=0.22 secs] 
2024-03-23T00:23:51.402+0800: 113506.823: [GC (Allocation Failure) 2024-03-23T00:23:51.402+0800: 113506.823: [ParNew: 20881796K->1176910K(22937600K), 0.2929826 secs] 62898907K->43260679K(130940928K), 0.2934047 secs] [Times: user=2.77 sys=1.49, real=0.29 secs] 
2024-03-23T00:24:05.466+0800: 113520.886: [GC (Allocation Failure) 2024-03-23T00:24:05.466+0800: 113520.887: [ParNew: 20837710K->1142711K(22937600K), 0.2246548 secs] 62921479K->43282706K(130940928K), 0.2250665 secs] [Times: user=2.36 sys=0.80, real=0.23 secs] 
2024-03-23T00:24:17.643+0800: 113533.064: [GC (Allocation Failure) 2024-03-23T00:24:17.643+0800: 113533.064: [ParNew: 20803511K->1152417K(22937600K), 0.2173040 secs] 62943506K->43345600K(130940928K), 0.2177372 secs] [Times: user=2.49 sys=0.58, real=0.22 secs] 
2024-03-23T00:24:30.332+0800: 113545.753: [GC (Allocation Failure) 2024-03-23T00:24:30.333+0800: 113545.753: [ParNew: 20813217K->1148046K(22937600K), 0.2106167 secs] 63006400K->43388991K(130940928K), 0.2110296 secs] [Times: user=2.83 sys=0.09, real=0.21 secs] 
2024-03-23T00:24:42.654+0800: 113558.075: [GC (Allocation Failure) 2024-03-23T00:24:42.655+0800: 113558.075: [ParNew: 20808846K->1167124K(22937600K), 0.2300783 secs] 63049791K->43454688K(130940928K), 0.2304980 secs] [Times: user=2.69 sys=0.51, real=0.23 secs] 
2024-03-23T00:24:56.156+0800: 113571.577: [GC (Allocation Failure) 2024-03-23T00:24:56.157+0800: 113571.577: [ParNew: 20827924K->1188380K(22937600K), 0.3210897 secs] 63115488K->43524090K(130940928K), 0.3215292 secs] [Times: user=2.77 sys=1.99, real=0.33 secs] 
2024-03-23T00:25:08.529+0800: 113583.950: [GC (Allocation Failure) 2024-03-23T00:25:08.530+0800: 113583.950: [ParNew: 20849180K->1264291K(22937600K), 0.2230226 secs] 63184890K->43648409K(130940928K), 0.2234466 secs] [Times: user=2.73 sys=0.39, real=0.22 secs] 
2024-03-23T00:25:20.889+0800: 113596.310: [GC (Allocation Failure) 2024-03-23T00:25:20.889+0800: 113596.310: [ParNew: 20925091K->1098332K(22937600K), 0.3588319 secs] 63309209K->43525149K(130940928K), 0.3592583 secs] [Times: user=5.47 sys=0.14, real=0.36 secs] 
2024-03-23T00:25:32.050+0800: 113607.470: [GC (Allocation Failure) 2024-03-23T00:25:32.050+0800: 113607.471: [ParNew: 20759132K->1223266K(22937600K), 0.2088894 secs] 63185949K->43695472K(130940928K), 0.2093014 secs] [Times: user=2.83 sys=0.12, real=0.21 secs] 
2024-03-23T00:25:42.045+0800: 113617.466: [GC (Allocation Failure) 2024-03-23T00:25:42.045+0800: 113617.466: [ParNew: 20884066K->1104970K(22937600K), 0.2057482 secs] 63356272K->43630001K(130940928K), 0.2061582 secs] [Times: user=2.88 sys=0.00, real=0.21 secs] 
2024-03-23T00:25:51.875+0800: 113627.296: [GC (Allocation Failure) 2024-03-23T00:25:51.875+0800: 113627.296: [ParNew: 20765770K->1198483K(22937600K), 0.2587563 secs] 63290801K->43786070K(130940928K), 0.2591843 secs] [Times: user=2.84 sys=0.97, real=0.26 secs] 
2024-03-23T00:26:04.619+0800: 113640.039: [GC (Allocation Failure) 2024-03-23T00:26:04.619+0800: 113640.040: [ParNew: 20859283K->1168053K(22937600K), 0.2197192 secs] 63446870K->43804148K(130940928K), 0.2201171 secs] [Times: user=2.76 sys=0.39, real=0.22 secs] 
2024-03-23T00:26:18.130+0800: 113653.551: [GC (Allocation Failure) 2024-03-23T00:26:18.130+0800: 113653.551: [ParNew: 20828853K->1163550K(22937600K), 0.2104942 secs] 63464948K->43854399K(130940928K), 0.2108963 secs] [Times: user=2.48 sys=0.48, real=0.21 secs] 
2024-03-23T00:26:31.545+0800: 113666.966: [GC (Allocation Failure) 2024-03-23T00:26:31.545+0800: 113666.966: [ParNew: 20824350K->1269961K(22937600K), 0.2152161 secs] 63515199K->44014126K(130940928K), 0.2156304 secs] [Times: user=2.47 sys=0.45, real=0.22 secs] 
2024-03-23T00:26:43.682+0800: 113679.103: [GC (Allocation Failure) 2024-03-23T00:26:43.682+0800: 113679.103: [ParNew: 20930761K->1162221K(22937600K), 0.3531813 secs] 63674926K->43957859K(130940928K), 0.3535784 secs] [Times: user=5.30 sys=0.23, real=0.35 secs] 
2024-03-23T00:26:56.277+0800: 113691.697: [GC (Allocation Failure) 2024-03-23T00:26:56.277+0800: 113691.698: [ParNew: 20823021K->1185845K(22937600K), 0.2550897 secs] 63618659K->44031825K(130940928K), 0.2555300 secs] [Times: user=2.90 sys=0.89, real=0.26 secs] 
2024-03-23T00:27:09.581+0800: 113705.002: [GC (Allocation Failure) 2024-03-23T00:27:09.582+0800: 113705.003: [ParNew: 20846645K->1124074K(22937600K), 0.2142339 secs] 63692625K->44018111K(130940928K), 0.2146276 secs] [Times: user=2.76 sys=0.33, real=0.21 secs] 
2024-03-23T00:27:21.571+0800: 113716.992: [GC (Allocation Failure) 2024-03-23T00:27:21.572+0800: 113716.992: [ParNew: 20784874K->1365773K(22937600K), 0.2033791 secs] 63678911K->44296937K(130940928K), 0.2037682 secs] [Times: user=2.40 sys=0.43, real=0.20 secs] 
2024-03-23T00:27:34.579+0800: 113730.000: [GC (Allocation Failure) 2024-03-23T00:27:34.579+0800: 113730.000: [ParNew: 21026573K->1235237K(22937600K), 0.2245610 secs] 63957737K->44206516K(130940928K), 0.2249435 secs] [Times: user=2.57 sys=0.59, real=0.22 secs] 
2024-03-23T00:27:47.307+0800: 113742.728: [GC (Allocation Failure) 2024-03-23T00:27:47.307+0800: 113742.728: [ParNew: 20896037K->1396997K(22937600K), 0.2307954 secs] 63867316K->44410074K(130940928K), 0.2311259 secs] [Times: user=3.01 sys=0.11, real=0.24 secs] 
2024-03-23T00:28:00.368+0800: 113755.789: [GC (Allocation Failure) 2024-03-23T00:28:00.368+0800: 113755.789: [ParNew: 21057797K->1266062K(22937600K), 0.2682966 secs] 64070874K->44324211K(130940928K), 0.2687089 secs] [Times: user=2.88 sys=1.13, real=0.26 secs] 
2024-03-23T00:28:12.136+0800: 113767.557: [GC (Allocation Failure) 2024-03-23T00:28:12.137+0800: 113767.557: [ParNew: 20926862K->1845523K(22937600K), 0.2614721 secs] 63985011K->44944562K(130940928K), 0.2619474 secs] [Times: user=3.23 sys=0.52, real=0.27 secs] 
2024-03-23T00:28:23.356+0800: 113778.777: [GC (Allocation Failure) 2024-03-23T00:28:23.356+0800: 113778.777: [ParNew: 21506323K->1269225K(22937600K), 0.2335175 secs] 64605362K->44412223K(130940928K), 0.2339410 secs] [Times: user=3.14 sys=0.07, real=0.24 secs] 
2024-03-23T00:28:35.717+0800: 113791.137: [GC (Allocation Failure) 2024-03-23T00:28:35.717+0800: 113791.138: [ParNew: 20930025K->1642530K(22937600K), 0.2222021 secs] 64073023K->44830163K(130940928K), 0.2226359 secs] [Times: user=2.64 sys=0.46, real=0.23 secs] 
2024-03-23T00:28:48.093+0800: 113803.514: [GC (Allocation Failure) 2024-03-23T00:28:48.093+0800: 113803.514: [ParNew: 21303330K->1463361K(22937600K), 0.2435305 secs] 64490963K->44721001K(130940928K), 0.2439597 secs] [Times: user=2.74 sys=0.65, real=0.24 secs] 
2024-03-23T00:29:00.581+0800: 113816.002: [GC (Allocation Failure) 2024-03-23T00:29:00.581+0800: 113816.002: [ParNew: 21124161K->1462035K(22937600K), 0.2947000 secs] 64381801K->44776008K(130940928K), 0.2951146 secs] [Times: user=2.98 sys=1.25, real=0.29 secs] 
2024-03-23T00:29:13.127+0800: 113828.547: [GC (Allocation Failure) 2024-03-23T00:29:13.127+0800: 113828.548: [ParNew: 21122835K->1677957K(22937600K), 0.2577537 secs] 64436808K->45051591K(130940928K), 0.2581690 secs] [Times: user=2.99 sys=0.59, real=0.26 secs] 
2024-03-23T00:29:26.408+0800: 113841.829: [GC (Allocation Failure) 2024-03-23T00:29:26.408+0800: 113841.829: [ParNew: 21338757K->1551758K(22937600K), 0.2329988 secs] 64712391K->44968281K(130940928K), 0.2333904 secs] [Times: user=3.07 sys=0.15, real=0.23 secs] 
2024-03-23T00:29:38.147+0800: 113853.568: [GC (Allocation Failure) 2024-03-23T00:29:38.147+0800: 113853.568: [ParNew: 21212558K->1454677K(22937600K), 0.2301608 secs] 64629081K->44922480K(130940928K), 0.2305711 secs] [Times: user=3.14 sys=0.09, real=0.24 secs] 
2024-03-23T00:29:51.249+0800: 113866.669: [GC (Allocation Failure) 2024-03-23T00:29:51.249+0800: 113866.670: [ParNew: 21115477K->1452785K(22937600K), 0.2424510 secs] 64583280K->44977015K(130940928K), 0.2428550 secs] [Times: user=3.16 sys=0.29, real=0.24 secs] 
2024-03-23T00:30:01.984+0800: 113877.404: [GC (Allocation Failure) 2024-03-23T00:30:01.984+0800: 113877.405: [ParNew: 21113585K->1534213K(22937600K), 0.3004419 secs] 64637815K->45113021K(130940928K), 0.3008476 secs] [Times: user=3.07 sys=1.26, real=0.30 secs] 
2024-03-23T00:30:14.336+0800: 113889.757: [GC (Allocation Failure) 2024-03-23T00:30:14.336+0800: 113889.757: [ParNew: 21195013K->1518097K(22937600K), 0.2578422 secs] 64773821K->45156820K(130940928K), 0.2582348 secs] [Times: user=3.30 sys=0.63, real=0.26 secs] 
2024-03-23T00:30:25.640+0800: 113901.061: [GC (Allocation Failure) 2024-03-23T00:30:25.640+0800: 113901.061: [ParNew: 21178897K->1354076K(22937600K), 0.2259011 secs] 64817620K->45056009K(130940928K), 0.2263016 secs] [Times: user=3.28 sys=0.06, real=0.22 secs] 
2024-03-23T00:30:36.790+0800: 113912.211: [GC (Allocation Failure) 2024-03-23T00:30:36.790+0800: 113912.211: [ParNew: 21014876K->1504181K(22937600K), 0.2392502 secs] 64716809K->45276018K(130940928K), 0.2396590 secs] [Times: user=2.90 sys=0.55, real=0.24 secs] 
2024-03-23T00:30:50.940+0800: 113926.361: [GC (Allocation Failure) 2024-03-23T00:30:50.940+0800: 113926.361: [ParNew: 21164981K->1335553K(22937600K), 0.2429745 secs] 64936818K->45180534K(130940928K), 0.2433543 secs] [Times: user=3.30 sys=0.32, real=0.24 secs] 
2024-03-23T00:31:02.075+0800: 113937.496: [GC (Allocation Failure) 2024-03-23T00:31:02.075+0800: 113937.496: [ParNew: 20996353K->1289136K(22937600K), 0.2856653 secs] 64841334K->45201690K(130940928K), 0.2860936 secs] [Times: user=3.80 sys=0.59, real=0.29 secs] 
2024-03-23T00:31:14.200+0800: 113949.620: [GC (Allocation Failure) 2024-03-23T00:31:14.200+0800: 113949.621: [ParNew: 20949936K->1332831K(22937600K), 0.2508849 secs] 64862490K->45312811K(130940928K), 0.2512893 secs] [Times: user=2.94 sys=0.62, real=0.25 secs] 
2024-03-23T00:31:26.824+0800: 113962.244: [GC (Allocation Failure) 2024-03-23T00:31:26.824+0800: 113962.245: [ParNew: 20993631K->1239020K(22937600K), 0.2317824 secs] 64973611K->45286729K(130940928K), 0.2321851 secs] [Times: user=3.16 sys=0.08, real=0.23 secs] 
2024-03-23T00:31:40.795+0800: 113976.216: [GC (Allocation Failure) 2024-03-23T00:31:40.795+0800: 113976.216: [ParNew: 20899820K->1176286K(22937600K), 0.2289697 secs] 64947529K->45294486K(130940928K), 0.2293748 secs] [Times: user=3.04 sys=0.18, real=0.23 secs] 
2024-03-23T00:31:55.313+0800: 113990.733: [GC (Allocation Failure) 2024-03-23T00:31:55.313+0800: 113990.734: [ParNew: 20837086K->1235210K(22937600K), 0.2320685 secs] 64955286K->45420934K(130940928K), 0.2324915 secs] [Times: user=3.10 sys=0.16, real=0.23 secs] 
2024-03-23T00:32:11.376+0800: 114006.797: [GC (Allocation Failure) 2024-03-23T00:32:11.376+0800: 114006.797: [ParNew: 20896010K->1175093K(22937600K), 0.2612398 secs] 65081734K->45418679K(130940928K), 0.2617562 secs] [Times: user=2.95 sys=0.87, real=0.27 secs] 
2024-03-23T00:32:25.102+0800: 114020.523: [GC (Allocation Failure) 2024-03-23T00:32:25.103+0800: 114020.523: [ParNew: 20835893K->1222676K(22937600K), 0.2587613 secs] 65079479K->45532700K(130940928K), 0.2592012 secs] [Times: user=2.96 sys=0.67, real=0.26 secs] 
2024-03-23T00:32:39.806+0800: 114035.227: [GC (Allocation Failure) 2024-03-23T00:32:39.807+0800: 114035.228: [ParNew: 20883476K->1057452K(22937600K), 0.2286314 secs] 65193500K->45432837K(130940928K), 0.2290698 secs] [Times: user=2.47 sys=0.57, real=0.23 secs] 
2024-03-23T00:32:55.361+0800: 114050.782: [GC (Allocation Failure) 2024-03-23T00:32:55.361+0800: 114050.782: [ParNew: 20718252K->1059288K(22937600K), 0.2256185 secs] 65093637K->45494656K(130940928K), 0.2260603 secs] [Times: user=2.39 sys=0.72, real=0.22 secs] 
2024-03-23T00:33:10.165+0800: 114065.586: [GC (Allocation Failure) 2024-03-23T00:33:10.165+0800: 114065.586: [ParNew: 20720088K->1143206K(22937600K), 0.3124611 secs] 65155456K->45636586K(130940928K), 0.3129369 secs] [Times: user=2.80 sys=1.78, real=0.32 secs] 
2024-03-23T00:33:25.333+0800: 114080.754: [GC (Allocation Failure) 2024-03-23T00:33:25.333+0800: 114080.754: [ParNew: 20804006K->1014175K(22937600K), 0.2362985 secs] 65297386K->45560639K(130940928K), 0.2367346 secs] [Times: user=2.71 sys=0.53, real=0.24 secs] 
2024-03-23T00:33:40.992+0800: 114096.413: [GC (Allocation Failure) 2024-03-23T00:33:40.992+0800: 114096.413: [ParNew: 20674975K->1081838K(22937600K), 0.2228146 secs] 65221439K->45683482K(130940928K), 0.2232548 secs] [Times: user=2.38 sys=0.53, real=0.22 secs] 
2024-03-23T00:33:55.039+0800: 114110.460: [GC (Allocation Failure) 2024-03-23T00:33:55.040+0800: 114110.461: [ParNew: 20742638K->931121K(22937600K), 0.2320322 secs] 65344282K->45586382K(130940928K), 0.2324918 secs] [Times: user=2.39 sys=0.73, real=0.23 secs] 
2024-03-23T00:34:08.496+0800: 114123.916: [GC (Allocation Failure) 2024-03-23T00:34:08.496+0800: 114123.917: [ParNew: 20591921K->994281K(22937600K), 0.2692041 secs] 65247182K->45705591K(130940928K), 0.2696560 secs] [Times: user=2.77 sys=0.85, real=0.27 secs] 
2024-03-23T00:34:23.747+0800: 114139.168: [GC (Allocation Failure) 2024-03-23T00:34:23.748+0800: 114139.168: [ParNew: 20655081K->1023056K(22937600K), 0.2678109 secs] 65366391K->45785771K(130940928K), 0.2682838 secs] [Times: user=3.34 sys=0.40, real=0.27 secs] 
2024-03-23T00:34:36.963+0800: 114152.383: [GC (Allocation Failure) 2024-03-23T00:34:36.963+0800: 114152.384: [ParNew: 20683856K->1014443K(22937600K), 0.2528715 secs] 65446571K->45825536K(130940928K), 0.2533223 secs] [Times: user=2.89 sys=0.49, real=0.25 secs] 
2024-03-23T00:34:50.320+0800: 114165.741: [GC (Allocation Failure) 2024-03-23T00:34:50.320+0800: 114165.741: [ParNew: 20675243K->1049727K(22937600K), 0.2096125 secs] 65486336K->45909944K(130940928K), 0.2100528 secs] [Times: user=2.27 sys=0.45, real=0.21 secs] 
2024-03-23T00:35:04.268+0800: 114179.689: [GC (Allocation Failure) 2024-03-23T00:35:04.268+0800: 114179.689: [ParNew: 20710527K->1123173K(22937600K), 0.2129677 secs] 65570744K->46034811K(130940928K), 0.2135109 secs] [Times: user=2.70 sys=0.01, real=0.21 secs] 
2024-03-23T00:35:16.690+0800: 114192.111: [GC (Allocation Failure) 2024-03-23T00:35:16.691+0800: 114192.111: [ParNew: 20783973K->1083364K(22937600K), 0.2499637 secs] 65695611K->46042601K(130940928K), 0.2504287 secs] [Times: user=2.61 sys=0.95, real=0.25 secs] 
2024-03-23T00:35:31.718+0800: 114207.139: [GC (Allocation Failure) 2024-03-23T00:35:31.719+0800: 114207.139: [ParNew: 20744164K->1020929K(22937600K), 0.2502481 secs] 65703401K->46027260K(130940928K), 0.2506870 secs] [Times: user=2.93 sys=0.57, real=0.25 secs] 
2024-03-23T00:35:48.540+0800: 114223.961: [GC (Allocation Failure) 2024-03-23T00:35:48.540+0800: 114223.961: [ParNew: 20681729K->1015782K(22937600K), 0.2424383 secs] 65688060K->46049952K(130940928K), 0.2428452 secs] [Times: user=2.76 sys=0.70, real=0.24 secs] 
2024-03-23T00:36:01.768+0800: 114237.189: [GC (Allocation Failure) 2024-03-23T00:36:01.768+0800: 114237.189: [ParNew: 20676582K->1100854K(22937600K), 0.2096884 secs] 65710752K->46172346K(130940928K), 0.2101222 secs] [Times: user=2.48 sys=0.54, real=0.21 secs] 
2024-03-23T00:36:09.549+0800: 114244.969: [GC (Allocation Failure) 2024-03-23T00:36:09.549+0800: 114244.970: [ParNew: 20761654K->1082135K(22937600K), 0.1572362 secs] 65833146K->46191315K(130940928K), 0.1576524 secs] [Times: user=2.12 sys=0.06, real=0.15 secs] 
2024-03-23T00:36:17.329+0800: 114252.750: [GC (Allocation Failure) 2024-03-23T00:36:17.329+0800: 114252.750: [ParNew: 20742935K->1126393K(22937600K), 0.2771068 secs] 65852115K->46273523K(130940928K), 0.2776394 secs] [Times: user=3.03 sys=1.24, real=0.27 secs] 
2024-03-23T00:36:25.586+0800: 114261.007: [GC (Allocation Failure) 2024-03-23T00:36:25.586+0800: 114261.007: [ParNew: 20787193K->958208K(22937600K), 0.1928351 secs] 65934323K->46145234K(130940928K), 0.1932574 secs] [Times: user=2.09 sys=0.75, real=0.20 secs] 
2024-03-23T00:36:32.751+0800: 114268.172: [GC (Allocation Failure) 2024-03-23T00:36:32.751+0800: 114268.172: [ParNew: 20619008K->896871K(22937600K), 0.2761947 secs] 65806034K->46121649K(130940928K), 0.2766207 secs] [Times: user=4.35 sys=0.26, real=0.28 secs] 
2024-03-23T00:36:42.661+0800: 114278.081: [GC (Allocation Failure) 2024-03-23T00:36:42.661+0800: 114278.082: [ParNew: 20557671K->928404K(22937600K), 0.1711065 secs] 65782449K->46192053K(130940928K), 0.1715246 secs] [Times: user=2.07 sys=0.31, real=0.17 secs] 
2024-03-23T00:36:58.357+0800: 114293.778: [GC (Allocation Failure) 2024-03-23T00:36:58.357+0800: 114293.778: [ParNew: 20589204K->938861K(22937600K), 0.1985852 secs] 65852853K->46241734K(130940928K), 0.1990132 secs] [Times: user=2.21 sys=0.51, real=0.20 secs] 
2024-03-23T00:37:11.793+0800: 114307.214: [GC (Allocation Failure) 2024-03-23T00:37:11.794+0800: 114307.214: [ParNew: 20599661K->930553K(22937600K), 0.2391383 secs] 65902534K->46278391K(130940928K), 0.2395914 secs] [Times: user=2.54 sys=0.91, real=0.24 secs] 
2024-03-23T00:37:27.205+0800: 114322.626: [GC (Allocation Failure) 2024-03-23T00:37:27.205+0800: 114322.626: [ParNew: 20591353K->913697K(22937600K), 0.2131441 secs] 65939191K->46302686K(130940928K), 0.2135860 secs] [Times: user=2.27 sys=0.63, real=0.22 secs] 
2024-03-23T00:37:42.830+0800: 114338.251: [GC (Allocation Failure) 2024-03-23T00:37:42.830+0800: 114338.251: [ParNew: 20574497K->930525K(22937600K), 0.1961813 secs] 65963486K->46364080K(130940928K), 0.1966031 secs] [Times: user=2.10 sys=0.42, real=0.19 secs] 
2024-03-23T00:37:57.793+0800: 114353.213: [GC (Allocation Failure) 2024-03-23T00:37:57.793+0800: 114353.214: [ParNew: 20591325K->925861K(22937600K), 0.2339943 secs] 66024880K->46399686K(130940928K), 0.2344340 secs] [Times: user=2.54 sys=0.63, real=0.23 secs] 
2024-03-23T00:38:11.704+0800: 114367.125: [GC (Allocation Failure) 2024-03-23T00:38:11.704+0800: 114367.125: [ParNew: 20586661K->905939K(22937600K), 0.2445714 secs] 66060486K->46427902K(130940928K), 0.2450663 secs] [Times: user=2.87 sys=0.22, real=0.25 secs] 
2024-03-23T00:38:29.777+0800: 114385.197: [GC (Allocation Failure) 2024-03-23T00:38:29.777+0800: 114385.198: [ParNew: 20566739K->889278K(22937600K), 0.3335815 secs] 66088702K->46450104K(130940928K), 0.3340412 secs] [Times: user=2.52 sys=2.23, real=0.34 secs] 
2024-03-23T00:38:44.967+0800: 114400.388: [GC (Allocation Failure) 2024-03-23T00:38:44.967+0800: 114400.388: [ParNew: 20550078K->903876K(22937600K), 0.2419952 secs] 66110904K->46515603K(130940928K), 0.2424273 secs] [Times: user=2.72 sys=0.54, real=0.25 secs] 
2024-03-23T00:39:02.696+0800: 114418.117: [GC (Allocation Failure) 2024-03-23T00:39:02.697+0800: 114418.117: [ParNew: 20564676K->943896K(22937600K), 0.2348685 secs] 66176403K->46600359K(130940928K), 0.2353319 secs] [Times: user=2.96 sys=0.18, real=0.24 secs] 
2024-03-23T00:39:18.736+0800: 114434.156: [GC (Allocation Failure) 2024-03-23T00:39:18.736+0800: 114434.157: [ParNew: 20604696K->946964K(22937600K), 0.2057591 secs] 66261159K->46631322K(130940928K), 0.2062055 secs] [Times: user=2.21 sys=0.48, real=0.21 secs] 
2024-03-23T00:39:33.139+0800: 114448.560: [GC (Allocation Failure) 2024-03-23T00:39:33.140+0800: 114448.561: [ParNew: 20607764K->936393K(22937600K), 0.2665549 secs] 66292122K->46641929K(130940928K), 0.2670430 secs] [Times: user=2.44 sys=1.30, real=0.26 secs] 
2024-03-23T00:39:50.402+0800: 114465.823: [GC (Allocation Failure) 2024-03-23T00:39:50.402+0800: 114465.823: [ParNew: 20597193K->1042944K(22937600K), 0.2166525 secs] 66302729K->46767427K(130940928K), 0.2171216 secs] [Times: user=2.17 sys=0.83, real=0.22 secs] 
2024-03-23T00:40:06.100+0800: 114481.521: [GC (Allocation Failure) 2024-03-23T00:40:06.101+0800: 114481.522: [ParNew: 20703744K->1002655K(22937600K), 0.1988501 secs] 66428227K->46743012K(130940928K), 0.1993197 secs] [Times: user=2.17 sys=0.51, real=0.20 secs] 
2024-03-23T00:40:22.148+0800: 114497.568: [GC (Allocation Failure) 2024-03-23T00:40:22.148+0800: 114497.569: [ParNew: 20663455K->1069247K(22937600K), 0.2153059 secs] 66403812K->46825428K(130940928K), 0.2157450 secs] [Times: user=2.62 sys=0.31, real=0.21 secs] 
2024-03-23T00:40:41.277+0800: 114516.698: [GC (Allocation Failure) 2024-03-23T00:40:41.277+0800: 114516.698: [ParNew: 20730047K->1100024K(22937600K), 0.3300271 secs] 66486228K->46879458K(130940928K), 0.3305307 secs] [Times: user=3.03 sys=1.81, real=0.34 secs] 
2024-03-23T00:40:59.113+0800: 114534.534: [GC (Allocation Failure) 2024-03-23T00:40:59.113+0800: 114534.534: [ParNew: 20760824K->1168821K(22937600K), 0.2468333 secs] 66540258K->46988851K(130940928K), 0.2472653 secs] [Times: user=2.75 sys=0.50, real=0.25 secs] 
2024-03-23T00:41:17.454+0800: 114552.875: [GC (Allocation Failure) 2024-03-23T00:41:17.454+0800: 114552.875: [ParNew: 20829621K->1128852K(22937600K), 0.2494531 secs] 66649651K->46981355K(130940928K), 0.2498051 secs] [Times: user=3.02 sys=0.41, real=0.25 secs] 
2024-03-23T00:41:32.583+0800: 114568.004: [GC (Allocation Failure) 2024-03-23T00:41:32.583+0800: 114568.004: [ParNew: 20789652K->1084635K(22937600K), 0.4495157 secs] 66642155K->46981030K(130940928K), 0.4499817 secs] [Times: user=7.26 sys=0.00, real=0.45 secs] 
2024-03-23T00:41:49.954+0800: 114585.375: [GC (Allocation Failure) 2024-03-23T00:41:49.954+0800: 114585.375: [ParNew: 20745435K->1060542K(22937600K), 0.3196915 secs] 66641830K->47002182K(130940928K), 0.3201436 secs] [Times: user=2.74 sys=1.99, real=0.32 secs] 
2024-03-23T00:42:07.728+0800: 114603.149: [GC (Allocation Failure) 2024-03-23T00:42:07.728+0800: 114603.149: [ParNew: 20721342K->1080866K(22937600K), 0.3736846 secs] 66662982K->47071731K(130940928K), 0.3741515 secs] [Times: user=5.52 sys=0.27, real=0.37 secs] 
2024-03-23T00:42:25.598+0800: 114621.019: [GC (Allocation Failure) 2024-03-23T00:42:25.598+0800: 114621.019: [ParNew: 20741666K->1058198K(22937600K), 0.2111820 secs] 66732531K->47100337K(130940928K), 0.2116383 secs] [Times: user=2.18 sys=0.69, real=0.21 secs] 
2024-03-23T00:42:41.765+0800: 114637.186: [GC (Allocation Failure) 2024-03-23T00:42:41.766+0800: 114637.187: [ParNew: 20718998K->1045890K(22937600K), 0.2810837 secs] 66761137K->47139503K(130940928K), 0.2815978 secs] [Times: user=2.77 sys=1.26, real=0.28 secs] 
2024-03-23T00:43:01.386+0800: 114656.807: [GC (Allocation Failure) 2024-03-23T00:43:01.387+0800: 114656.808: [ParNew: 20706690K->978225K(22937600K), 0.4402994 secs] 66800303K->47120021K(130940928K), 0.4407457 secs] [Times: user=6.28 sys=0.73, real=0.44 secs] 
2024-03-23T00:43:12.957+0800: 114668.378: [GC (Allocation Failure) 2024-03-23T00:43:12.957+0800: 114668.378: [ParNew: 20639025K->1079332K(22937600K), 0.2357863 secs] 66780821K->47269516K(130940928K), 0.2362093 secs] [Times: user=3.18 sys=0.09, real=0.24 secs] 
2024-03-23T00:43:26.589+0800: 114682.009: [GC (Allocation Failure) 2024-03-23T00:43:26.589+0800: 114682.010: [ParNew: 20740132K->1036840K(22937600K), 0.2498275 secs] 66930316K->47278259K(130940928K), 0.2502577 secs] [Times: user=3.30 sys=0.28, real=0.25 secs] 
2024-03-23T00:43:40.854+0800: 114696.275: [GC (Allocation Failure) 2024-03-23T00:43:40.854+0800: 114696.275: [ParNew: 20697640K->1076173K(22937600K), 0.2160454 secs] 66939059K->47367097K(130940928K), 0.2164512 secs] [Times: user=2.59 sys=0.36, real=0.22 secs] 
2024-03-23T00:43:56.480+0800: 114711.901: [GC (Allocation Failure) 2024-03-23T00:43:56.481+0800: 114711.902: [ParNew: 20736973K->1033592K(22937600K), 0.3040179 secs] 67027897K->47370626K(130940928K), 0.3044279 secs] [Times: user=2.44 sys=1.84, real=0.30 secs] 
2024-03-23T00:44:15.185+0800: 114730.606: [GC (Allocation Failure) 2024-03-23T00:44:15.185+0800: 114730.606: [ParNew: 20694392K->1031531K(22937600K), 0.2534684 secs] 67031426K->47407692K(130940928K), 0.2538496 secs] [Times: user=2.77 sys=0.60, real=0.26 secs] 
2024-03-23T00:44:31.047+0800: 114746.468: [GC (Allocation Failure) 2024-03-23T00:44:31.047+0800: 114746.468: [ParNew: 20692331K->1082991K(22937600K), 0.4566572 secs] 67068492K->47501051K(130940928K), 0.4570433 secs] [Times: user=6.44 sys=0.51, real=0.46 secs] 
2024-03-23T00:44:45.117+0800: 114760.537: [GC (Allocation Failure) 2024-03-23T00:44:45.117+0800: 114760.538: [ParNew: 20743791K->1047277K(22937600K), 0.2115603 secs] 67161851K->47506030K(130940928K), 0.2120058 secs] [Times: user=2.44 sys=0.38, real=0.22 secs] 
2024-03-23T00:45:01.378+0800: 114776.798: [GC (Allocation Failure) 2024-03-23T00:45:01.378+0800: 114776.799: [ParNew: 20708077K->1088918K(22937600K), 0.2693623 secs] 67166830K->47583777K(130940928K), 0.2699250 secs] [Times: user=2.51 sys=1.29, real=0.27 secs] 
2024-03-23T00:45:18.115+0800: 114793.536: [GC (Allocation Failure) 2024-03-23T00:45:18.115+0800: 114793.536: [ParNew: 20749718K->1071108K(22937600K), 0.2334841 secs] 67244577K->47599148K(130940928K), 0.2339264 secs] [Times: user=2.34 sys=0.89, real=0.24 secs] 
2024-03-23T00:45:32.775+0800: 114808.196: [GC (Allocation Failure) 2024-03-23T00:45:32.775+0800: 114808.196: [ParNew: 20731908K->1159177K(22937600K), 0.2339982 secs] 67259948K->47716006K(130940928K), 0.2344789 secs] [Times: user=2.97 sys=0.16, real=0.24 secs] 
2024-03-23T00:45:47.952+0800: 114823.373: [GC (Allocation Failure) 2024-03-23T00:45:47.953+0800: 114823.373: [ParNew: 20819977K->1206028K(22937600K), 0.2128719 secs] 67376806K->47796718K(130940928K), 0.2133351 secs] [Times: user=2.38 sys=0.53, real=0.21 secs] 
2024-03-23T00:46:03.124+0800: 114838.544: [GC (Allocation Failure) 2024-03-23T00:46:03.124+0800: 114838.545: [ParNew: 20866828K->1148343K(22937600K), 0.2942448 secs] 67457518K->47776428K(130940928K), 0.2947513 secs] [Times: user=3.05 sys=1.25, real=0.30 secs] 
2024-03-23T00:46:18.307+0800: 114853.727: [GC (Allocation Failure) 2024-03-23T00:46:18.307+0800: 114853.728: [ParNew: 20809143K->1159556K(22937600K), 0.2766706 secs] 67437228K->47827121K(130940928K), 0.2771265 secs] [Times: user=3.34 sys=0.73, real=0.28 secs] 
2024-03-23T00:46:32.186+0800: 114867.606: [GC (Allocation Failure) 2024-03-23T00:46:32.186+0800: 114867.607: [ParNew: 20820356K->1198653K(22937600K), 0.3326283 secs] 67487921K->47901403K(130940928K), 0.3330014 secs] [Times: user=4.52 sys=0.42, real=0.34 secs] 
2024-03-23T00:46:48.254+0800: 114883.675: [GC (Allocation Failure) 2024-03-23T00:46:48.255+0800: 114883.676: [ParNew: 20859453K->1193953K(22937600K), 0.2393687 secs] 67562203K->47942004K(130940928K), 0.2398254 secs] [Times: user=2.86 sys=0.44, real=0.24 secs] 
2024-03-23T00:47:03.583+0800: 114899.004: [GC (Allocation Failure) 2024-03-23T00:47:03.583+0800: 114899.004: [ParNew: 20854753K->1196581K(22937600K), 0.3208911 secs] 67602804K->47996241K(130940928K), 0.3213783 secs] [Times: user=2.56 sys=2.19, real=0.32 secs] 
2024-03-23T00:47:22.330+0800: 114917.751: [GC (Allocation Failure) 2024-03-23T00:47:22.330+0800: 114917.751: [ParNew: 20857381K->1182481K(22937600K), 0.2408807 secs] 67657041K->48031126K(130940928K), 0.2413576 secs] [Times: user=2.71 sys=0.72, real=0.24 secs] 
2024-03-23T00:47:35.901+0800: 114931.322: [GC (Allocation Failure) 2024-03-23T00:47:35.901+0800: 114931.322: [ParNew: 20843281K->1244919K(22937600K), 0.2739447 secs] 67691926K->48143291K(130940928K), 0.2743501 secs] [Times: user=3.55 sys=0.30, real=0.27 secs] 
2024-03-23T00:47:49.949+0800: 114945.370: [GC (Allocation Failure) 2024-03-23T00:47:49.949+0800: 114945.370: [ParNew: 20905719K->1117897K(22937600K), 0.2219733 secs] 67804091K->48060694K(130940928K), 0.2224334 secs] [Times: user=2.37 sys=0.56, real=0.22 secs] 
2024-03-23T00:48:03.050+0800: 114958.471: [GC (Allocation Failure) 2024-03-23T00:48:03.050+0800: 114958.471: [ParNew: 20778697K->1104998K(22937600K), 0.1831473 secs] 67721494K->48093496K(130940928K), 0.1836651 secs] [Times: user=2.24 sys=0.27, real=0.18 secs] 
2024-03-23T00:48:15.682+0800: 114971.103: [GC (Allocation Failure) 2024-03-23T00:48:15.683+0800: 114971.104: [ParNew: 20765798K->1167359K(22937600K), 0.3041665 secs] 67754296K->48197558K(130940928K), 0.3045925 secs] [Times: user=2.67 sys=1.64, real=0.30 secs] 
2024-03-23T00:48:30.841+0800: 114986.262: [GC (Allocation Failure) 2024-03-23T00:48:30.841+0800: 114986.262: [ParNew: 20828159K->1102191K(22937600K), 0.2559892 secs] 67858358K->48173807K(130940928K), 0.2564105 secs] [Times: user=2.74 sys=0.77, real=0.25 secs] 
2024-03-23T00:48:45.026+0800: 115000.447: [GC (Allocation Failure) 2024-03-23T00:48:45.026+0800: 115000.447: [ParNew: 20762991K->1144997K(22937600K), 0.2009827 secs] 67834607K->48268966K(130940928K), 0.2014293 secs] [Times: user=2.28 sys=0.44, real=0.20 secs] 
2024-03-23T00:48:57.940+0800: 115013.361: [GC (Allocation Failure) 2024-03-23T00:48:57.940+0800: 115013.361: [ParNew: 20805797K->1165721K(22937600K), 0.2090368 secs] 67929766K->48339176K(130940928K), 0.2094780 secs] [Times: user=2.81 sys=0.14, real=0.21 secs] 
2024-03-23T00:49:11.280+0800: 115026.701: [GC (Allocation Failure) 2024-03-23T00:49:11.280+0800: 115026.701: [ParNew: 20826521K->1135547K(22937600K), 0.2692051 secs] 67999976K->48365945K(130940928K), 0.2696498 secs] [Times: user=3.05 sys=0.86, real=0.27 secs] 
2024-03-23T00:49:24.649+0800: 115040.070: [GC (Allocation Failure) 2024-03-23T00:49:24.649+0800: 115040.070: [ParNew: 20796347K->992850K(22937600K), 0.2649096 secs] 68026745K->48278663K(130940928K), 0.2653529 secs] [Times: user=3.35 sys=0.47, real=0.26 secs] 
2024-03-23T00:49:36.512+0800: 115051.933: [GC (Allocation Failure) 2024-03-23T00:49:36.512+0800: 115051.933: [ParNew: 20653650K->1142282K(22937600K), 0.2432378 secs] 67939463K->48478461K(130940928K), 0.2436976 secs] [Times: user=2.94 sys=0.49, real=0.24 secs] 
2024-03-23T00:49:51.295+0800: 115066.715: [GC (Allocation Failure) 2024-03-23T00:49:51.295+0800: 115066.716: [ParNew: 20803082K->989825K(22937600K), 0.1948510 secs] 68139261K->48370984K(130940928K), 0.1952854 secs] [Times: user=2.25 sys=0.42, real=0.20 secs] 
2024-03-23T00:50:02.217+0800: 115077.638: [GC (Allocation Failure) 2024-03-23T00:50:02.217+0800: 115077.638: [ParNew: 20650625K->1012568K(22937600K), 0.2170935 secs] 68031784K->48435128K(130940928K), 0.2175531 secs] [Times: user=2.57 sys=0.47, real=0.22 secs] 
2024-03-23T00:50:14.221+0800: 115089.642: [GC (Allocation Failure) 2024-03-23T00:50:14.221+0800: 115089.642: [ParNew: 20673368K->1154658K(22937600K), 0.3338668 secs] 68095928K->48624508K(130940928K), 0.3343505 secs] [Times: user=4.18 sys=0.82, real=0.33 secs] 
2024-03-23T00:50:30.253+0800: 115105.674: [GC (Allocation Failure) 2024-03-23T00:50:30.253+0800: 115105.674: [ParNew: 20815458K->1053944K(22937600K), 0.2668097 secs] 68285308K->48569455K(130940928K), 0.2672957 secs] [Times: user=2.92 sys=0.89, real=0.27 secs] 
2024-03-23T00:50:42.071+0800: 115117.492: [GC (Allocation Failure) 2024-03-23T00:50:42.072+0800: 115117.493: [ParNew: 20714744K->1101286K(22937600K), 0.2487846 secs] 68230255K->48658275K(130940928K), 0.2492264 secs] [Times: user=3.43 sys=0.09, real=0.25 secs] 
2024-03-23T00:50:54.758+0800: 115130.178: [GC (Allocation Failure) 2024-03-23T00:50:54.758+0800: 115130.179: [ParNew: 20762086K->1058403K(22937600K), 0.1972712 secs] 68319075K->48655779K(130940928K), 0.1977365 secs] [Times: user=2.26 sys=0.41, real=0.19 secs] 
2024-03-23T00:51:07.346+0800: 115142.767: [GC (Allocation Failure) 2024-03-23T00:51:07.346+0800: 115142.767: [ParNew: 20719203K->1217286K(22937600K), 0.2235058 secs] 68316579K->48860854K(130940928K), 0.2239799 secs] [Times: user=3.09 sys=0.05, real=0.23 secs] 
2024-03-23T00:51:18.301+0800: 115153.722: [GC (Allocation Failure) 2024-03-23T00:51:18.302+0800: 115153.722: [ParNew: 20878086K->1175659K(22937600K), 0.2872508 secs] 68521654K->48862131K(130940928K), 0.2877963 secs] [Times: user=3.21 sys=1.03, real=0.29 secs] 
2024-03-23T00:51:30.876+0800: 115166.297: [GC (Allocation Failure) 2024-03-23T00:51:30.876+0800: 115166.297: [ParNew: 20836459K->1154430K(22937600K), 0.3807872 secs] 68522931K->48882101K(130940928K), 0.3812540 secs] [Times: user=5.33 sys=0.46, real=0.38 secs] 
2024-03-23T00:51:42.507+0800: 115177.928: [GC (Allocation Failure) 2024-03-23T00:51:42.507+0800: 115177.928: [ParNew: 20815230K->1302538K(22937600K), 0.2203453 secs] 68542901K->49078269K(130940928K), 0.2207859 secs] [Times: user=2.81 sys=0.00, real=0.23 secs] 
2024-03-23T00:51:54.731+0800: 115190.152: [GC (Allocation Failure) 2024-03-23T00:51:54.731+0800: 115190.152: [ParNew: 20963338K->1213791K(22937600K), 0.2022144 secs] 68739069K->49033294K(130940928K), 0.2026604 secs] [Times: user=2.75 sys=0.04, real=0.20 secs] 
2024-03-23T00:52:05.969+0800: 115201.390: [GC (Allocation Failure) 2024-03-23T00:52:05.969+0800: 115201.390: [ParNew: 20874591K->1113654K(22937600K), 0.3638654 secs] 68694094K->48973411K(130940928K), 0.3643294 secs] [Times: user=5.26 sys=0.51, real=0.36 secs] 
2024-03-23T00:52:18.315+0800: 115213.736: [GC (Allocation Failure) 2024-03-23T00:52:18.315+0800: 115213.736: [ParNew: 20774454K->1125437K(22937600K), 0.2859223 secs] 68634211K->49035362K(130940928K), 0.2863826 secs] [Times: user=3.16 sys=1.01, real=0.29 secs] 
2024-03-23T00:52:29.593+0800: 115225.013: [GC (Allocation Failure) 2024-03-23T00:52:29.593+0800: 115225.014: [ParNew: 20786237K->1044592K(22937600K), 0.2303473 secs] 68696162K->49003037K(130940928K), 0.2307821 secs] [Times: user=2.44 sys=0.92, real=0.23 secs] 
2024-03-23T00:52:39.193+0800: 115234.614: [GC (Allocation Failure) 2024-03-23T00:52:39.193+0800: 115234.614: [ParNew: 20705392K->1117903K(22937600K), 0.1843543 secs] 68663837K->49121961K(130940928K), 0.1847666 secs] [Times: user=2.63 sys=0.00, real=0.19 secs] 
2024-03-23T00:52:48.880+0800: 115244.301: [GC (Allocation Failure) 2024-03-23T00:52:48.881+0800: 115244.302: [ParNew: 20778703K->1114641K(22937600K), 0.2092670 secs] 68782761K->49158432K(130940928K), 0.2096813 secs] [Times: user=3.05 sys=0.03, real=0.21 secs] 
2024-03-23T00:52:57.742+0800: 115253.162: [GC (Allocation Failure) 2024-03-23T00:52:57.742+0800: 115253.163: [ParNew: 20775441K->1063869K(22937600K), 0.1773052 secs] 68819232K->49144062K(130940928K), 0.1777172 secs] [Times: user=2.22 sys=0.28, real=0.18 secs] 
2024-03-23T00:53:06.552+0800: 115261.973: [GC (Allocation Failure) 2024-03-23T00:53:06.553+0800: 115261.973: [ParNew: 20724669K->1019720K(22937600K), 0.1727563 secs] 68804862K->49140581K(130940928K), 0.1731820 secs] [Times: user=2.20 sys=0.17, real=0.17 secs] 
2024-03-23T00:53:15.645+0800: 115271.066: [GC (Allocation Failure) 2024-03-23T00:53:15.645+0800: 115271.066: [ParNew: 20680520K->1012180K(22937600K), 0.2419168 secs] 68801381K->49187140K(130940928K), 0.2423954 secs] [Times: user=2.65 sys=0.83, real=0.24 secs] 
2024-03-23T00:53:27.751+0800: 115283.171: [GC (Allocation Failure) 2024-03-23T00:53:27.751+0800: 115283.172: [ParNew: 20672980K->1000374K(22937600K), 0.1954682 secs] 68847940K->49222507K(130940928K), 0.1959004 secs] [Times: user=2.07 sys=0.66, real=0.19 secs] 
2024-03-23T00:53:38.068+0800: 115293.489: [GC (Allocation Failure) 2024-03-23T00:53:38.068+0800: 115293.489: [ParNew: 20661174K->871616K(22937600K), 0.1783480 secs] 68883307K->49139862K(130940928K), 0.1787862 secs] [Times: user=2.08 sys=0.29, real=0.17 secs] 
2024-03-23T00:53:48.732+0800: 115304.153: [GC (Allocation Failure) 2024-03-23T00:53:48.732+0800: 115304.153: [ParNew: 20532416K->909215K(22937600K), 0.1985642 secs] 68800662K->49236141K(130940928K), 0.1990005 secs] [Times: user=2.66 sys=0.00, real=0.20 secs] 
2024-03-23T00:54:01.291+0800: 115316.712: [GC (Allocation Failure) 2024-03-23T00:54:01.291+0800: 115316.712: [ParNew: 20570015K->790023K(22937600K), 0.2805880 secs] 68896941K->49179834K(130940928K), 0.2810237 secs] [Times: user=4.01 sys=0.39, real=0.28 secs] 
2024-03-23T00:54:14.995+0800: 115330.416: [GC (Allocation Failure) 2024-03-23T00:54:14.995+0800: 115330.416: [ParNew: 20450823K->822821K(22937600K), 0.2576347 secs] 68840634K->49277177K(130940928K), 0.2581014 secs] [Times: user=2.75 sys=1.00, real=0.26 secs] 
2024-03-23T00:54:30.473+0800: 115345.894: [GC (Allocation Failure) 2024-03-23T00:54:30.474+0800: 115345.895: [ParNew: 20483621K->787233K(22937600K), 0.2273486 secs] 68937977K->49296085K(130940928K), 0.2277792 secs] [Times: user=2.41 sys=0.67, real=0.23 secs] 
2024-03-23T00:54:43.813+0800: 115359.234: [GC (Allocation Failure) 2024-03-23T00:54:43.813+0800: 115359.234: [ParNew: 20448033K->765260K(22937600K), 0.2016593 secs] 68956885K->49313504K(130940928K), 0.2020826 secs] [Times: user=2.21 sys=0.41, real=0.20 secs] 
2024-03-23T00:54:58.759+0800: 115374.180: [GC (Allocation Failure) 2024-03-23T00:54:58.760+0800: 115374.180: [ParNew: 20426060K->811574K(22937600K), 0.3409429 secs] 68974304K->49388332K(130940928K), 0.3413650 secs] [Times: user=5.00 sys=0.23, real=0.34 secs] 
2024-03-23T00:55:11.207+0800: 115386.628: [GC (Allocation Failure) 2024-03-23T00:55:11.207+0800: 115386.628: [ParNew: 20472374K->783765K(22937600K), 0.2137028 secs] 69049132K->49391227K(130940928K), 0.2142818 secs] [Times: user=3.02 sys=0.00, real=0.22 secs] 
2024-03-23T00:55:23.985+0800: 115399.406: [GC (Allocation Failure) 2024-03-23T00:55:23.986+0800: 115399.406: [ParNew: 20444565K->861296K(22937600K), 0.2722440 secs] 69052027K->49494825K(130940928K), 0.2728093 secs] [Times: user=1.97 sys=1.99, real=0.28 secs] 
2024-03-23T00:55:39.868+0800: 115415.289: [GC (Allocation Failure) 2024-03-23T00:55:39.868+0800: 115415.289: [ParNew: 20522096K->818896K(22937600K), 0.2281132 secs] 69155625K->49476240K(130940928K), 0.2285778 secs] [Times: user=3.09 sys=0.14, real=0.22 secs] 
2024-03-23T00:55:51.612+0800: 115427.033: [GC (Allocation Failure) 2024-03-23T00:55:51.613+0800: 115427.033: [ParNew: 20479696K->902585K(22937600K), 0.1902679 secs] 69137040K->49586535K(130940928K), 0.1907324 secs] [Times: user=2.15 sys=0.43, real=0.19 secs] 
2024-03-23T00:56:02.551+0800: 115437.972: [GC (Allocation Failure) 2024-03-23T00:56:02.552+0800: 115437.972: [ParNew: 20563385K->854511K(22937600K), 0.2192305 secs] 69247335K->49560025K(130940928K), 0.2196916 secs] [Times: user=2.98 sys=0.14, real=0.22 secs] 
2024-03-23T00:56:13.710+0800: 115449.131: [GC (Allocation Failure) 2024-03-23T00:56:13.710+0800: 115449.131: [ParNew: 20515311K->990273K(22937600K), 0.3529558 secs] 69220825K->49715652K(130940928K), 0.3534316 secs] [Times: user=5.66 sys=0.00, real=0.35 secs] 
2024-03-23T00:56:25.266+0800: 115460.687: [GC (Allocation Failure) 2024-03-23T00:56:25.267+0800: 115460.687: [ParNew: 20651073K->976805K(22937600K), 0.2821539 secs] 69376452K->49725739K(130940928K), 0.2825989 secs] [Times: user=2.42 sys=1.87, real=0.29 secs] 
2024-03-23T00:56:34.936+0800: 115470.357: [GC (Allocation Failure) 2024-03-23T00:56:34.936+0800: 115470.357: [ParNew: 20637605K->979262K(22937600K), 0.2298277 secs] 69386539K->49751232K(130940928K), 0.2302548 secs] [Times: user=3.29 sys=0.10, real=0.23 secs] 
2024-03-23T00:56:45.920+0800: 115481.341: [GC (Allocation Failure) 2024-03-23T00:56:45.920+0800: 115481.341: [ParNew: 20640062K->905891K(22937600K), 0.2300435 secs] 69412032K->49703848K(130940928K), 0.2305013 secs] [Times: user=2.85 sys=0.49, real=0.23 secs] 
2024-03-23T00:56:57.797+0800: 115493.218: [GC (Allocation Failure) 2024-03-23T00:56:57.797+0800: 115493.218: [ParNew: 20566691K->871803K(22937600K), 0.1951068 secs] 69364648K->49700193K(130940928K), 0.1955019 secs] [Times: user=2.33 sys=0.42, real=0.20 secs] 
2024-03-23T00:57:06.240+0800: 115501.660: [GC (Allocation Failure) 2024-03-23T00:57:06.240+0800: 115501.661: [ParNew: 20532603K->1010103K(22937600K), 0.2894307 secs] 69360993K->49872458K(130940928K), 0.2898229 secs] [Times: user=4.23 sys=0.19, real=0.29 secs] 
2024-03-23T00:57:14.362+0800: 115509.783: [GC (Allocation Failure) 2024-03-23T00:57:14.362+0800: 115509.783: [ParNew: 20670903K->1035890K(22937600K), 0.1709252 secs] 69533258K->49944491K(130940928K), 0.1713498 secs] [Times: user=2.20 sys=0.08, real=0.17 secs] 
2024-03-23T00:57:23.667+0800: 115519.088: [GC (Allocation Failure) 2024-03-23T00:57:23.667+0800: 115519.088: [ParNew: 20696690K->975011K(22937600K), 0.3188445 secs] 69605291K->49925369K(130940928K), 0.3193209 secs] [Times: user=2.75 sys=2.14, real=0.32 secs] 
2024-03-23T00:57:34.573+0800: 115529.994: [GC (Allocation Failure) 2024-03-23T00:57:34.573+0800: 115529.994: [ParNew: 20635811K->939865K(22937600K), 0.2123434 secs] 69586169K->49932050K(130940928K), 0.2127431 secs] [Times: user=2.54 sys=0.48, real=0.21 secs] 
2024-03-23T00:57:45.067+0800: 115540.488: [GC (Allocation Failure) 2024-03-23T00:57:45.067+0800: 115540.488: [ParNew: 20600665K->920165K(22937600K), 0.1919653 secs] 69592850K->49957315K(130940928K), 0.1924043 secs] [Times: user=2.35 sys=0.33, real=0.20 secs] 
2024-03-23T00:57:55.948+0800: 115551.369: [GC (Allocation Failure) 2024-03-23T00:57:55.949+0800: 115551.369: [ParNew: 20580965K->889278K(22937600K), 0.3765215 secs] 69618115K->49970867K(130940928K), 0.3769430 secs] [Times: user=5.77 sys=0.18, real=0.37 secs] 
2024-03-23T00:58:04.325+0800: 115559.746: [GC (Allocation Failure) 2024-03-23T00:58:04.325+0800: 115559.746: [ParNew: 20550078K->935452K(22937600K), 0.1973004 secs] 69631667K->50060285K(130940928K), 0.1977295 secs] [Times: user=2.38 sys=0.35, real=0.20 secs] 
2024-03-23T00:58:13.351+0800: 115568.771: [GC (Allocation Failure) 2024-03-23T00:58:13.351+0800: 115568.772: [ParNew: 20596252K->877690K(22937600K), 0.2036739 secs] 69721085K->50046355K(130940928K), 0.2042004 secs] [Times: user=2.66 sys=0.21, real=0.20 secs] 
2024-03-23T00:58:25.598+0800: 115581.018: [GC (Allocation Failure) 2024-03-23T00:58:25.598+0800: 115581.019: [ParNew: 20538490K->891066K(22937600K), 0.2609651 secs] 69707155K->50099613K(130940928K), 0.2614167 secs] [Times: user=2.46 sys=1.32, real=0.26 secs] 
2024-03-23T00:58:39.983+0800: 115595.404: [GC (Allocation Failure) 2024-03-23T00:58:39.983+0800: 115595.404: [ParNew: 20551866K->1065569K(22937600K), 0.2100193 secs] 69760413K->50309774K(130940928K), 0.2104581 secs] [Times: user=2.06 sys=0.79, real=0.21 secs] 
2024-03-23T00:58:52.733+0800: 115608.154: [GC (Allocation Failure) 2024-03-23T00:58:52.733+0800: 115608.154: [ParNew: 20726369K->953885K(22937600K), 0.2254768 secs] 69970574K->50235149K(130940928K), 0.2258904 secs] [Times: user=2.59 sys=0.44, real=0.23 secs] 
2024-03-23T00:59:04.590+0800: 115620.011: [GC (Allocation Failure) 2024-03-23T00:59:04.590+0800: 115620.011: [ParNew: 20614685K->977400K(22937600K), 0.2065501 secs] 69895949K->50292390K(130940928K), 0.2069351 secs] [Times: user=2.18 sys=0.40, real=0.20 secs] 
2024-03-23T00:59:20.440+0800: 115635.861: [GC (Allocation Failure) 2024-03-23T00:59:20.440+0800: 115635.861: [ParNew: 20638200K->993192K(22937600K), 0.2830897 secs] 69953190K->50339515K(130940928K), 0.2835214 secs] [Times: user=2.64 sys=1.56, real=0.28 secs] 
2024-03-23T00:59:34.759+0800: 115650.180: [GC (Allocation Failure) 2024-03-23T00:59:34.759+0800: 115650.180: [ParNew: 20653992K->1010642K(22937600K), 0.2755687 secs] 70000315K->50392182K(130940928K), 0.2760137 secs] [Times: user=3.41 sys=0.46, real=0.27 secs] 
2024-03-23T00:59:48.611+0800: 115664.032: [GC (Allocation Failure) 2024-03-23T00:59:48.612+0800: 115664.033: [ParNew: 20671442K->1036402K(22937600K), 0.2094391 secs] 70052982K->50455745K(130940928K), 0.2098850 secs] [Times: user=2.34 sys=0.43, real=0.21 secs] 
2024-03-23T01:00:01.730+0800: 115677.151: [GC (Allocation Failure) 2024-03-23T01:00:01.731+0800: 115677.151: [ParNew: 20697202K->1101005K(22937600K), 0.3793785 secs] 70116545K->50554016K(130940928K), 0.3798164 secs] [Times: user=5.66 sys=0.19, real=0.38 secs] 
2024-03-23T01:00:13.624+0800: 115689.045: [GC (Allocation Failure) 2024-03-23T01:00:13.624+0800: 115689.045: [ParNew: 20761805K->1175575K(22937600K), 0.2512799 secs] 70214816K->50663901K(130940928K), 0.2517071 secs] [Times: user=3.20 sys=0.22, real=0.25 secs] 
2024-03-23T01:00:26.525+0800: 115701.946: [GC (Allocation Failure) 2024-03-23T01:00:26.525+0800: 115701.946: [ParNew: 20836375K->1259110K(22937600K), 0.4916623 secs] 70324701K->50783635K(130940928K), 0.4921760 secs] [Times: user=6.27 sys=1.49, real=0.49 secs] 
2024-03-23T01:00:41.400+0800: 115716.820: [GC (Allocation Failure) 2024-03-23T01:00:41.400+0800: 115716.821: [ParNew: 20919910K->1274802K(22937600K), 0.2691242 secs] 70444435K->50838685K(130940928K), 0.2696025 secs] [Times: user=3.25 sys=0.56, real=0.27 secs] 
2024-03-23T01:00:52.073+0800: 115727.494: [GC (Allocation Failure) 2024-03-23T01:00:52.074+0800: 115727.495: [ParNew: 20935602K->1249164K(22937600K), 0.3946616 secs] 70499485K->50846101K(130940928K), 0.3951058 secs] [Times: user=5.49 sys=0.59, real=0.40 secs] 
2024-03-23T01:01:05.525+0800: 115740.946: [GC (Allocation Failure) 2024-03-23T01:01:05.525+0800: 115740.946: [ParNew: 20909964K->1227035K(22937600K), 0.2098832 secs] 70506901K->50865476K(130940928K), 0.2103293 secs] [Times: user=2.77 sys=0.05, real=0.21 secs] 
2024-03-23T01:01:19.840+0800: 115755.261: [GC (Allocation Failure) 2024-03-23T01:01:19.840+0800: 115755.261: [ParNew: 20887835K->1234267K(22937600K), 0.2104837 secs] 70526276K->50906275K(130940928K), 0.2109159 secs] [Times: user=2.45 sys=0.39, real=0.21 secs] 
2024-03-23T01:01:33.676+0800: 115769.097: [GC (Allocation Failure) 2024-03-23T01:01:33.677+0800: 115769.097: [ParNew: 20895067K->1192248K(22937600K), 0.2613001 secs] 70567075K->50897563K(130940928K), 0.2618498 secs] [Times: user=2.40 sys=1.22, real=0.27 secs] 
2024-03-23T01:01:48.532+0800: 115783.952: [GC (Allocation Failure) 2024-03-23T01:01:48.532+0800: 115783.953: [ParNew: 20853048K->1306554K(22937600K), 0.2422635 secs] 70558363K->51046171K(130940928K), 0.2427380 secs] [Times: user=2.84 sys=0.49, real=0.24 secs] 
2024-03-23T01:02:01.059+0800: 115796.479: [GC (Allocation Failure) 2024-03-23T01:02:01.059+0800: 115796.480: [ParNew: 20967354K->1206455K(22937600K), 0.2408189 secs] 70706971K->50997788K(130940928K), 0.2412795 secs] [Times: user=2.81 sys=0.51, real=0.24 secs] 
2024-03-23T01:02:14.415+0800: 115809.835: [GC (Allocation Failure) 2024-03-23T01:02:14.415+0800: 115809.836: [ParNew: 20867255K->1155586K(22937600K), 0.2129403 secs] 70658588K->50992390K(130940928K), 0.2133902 secs] [Times: user=2.79 sys=0.04, real=0.22 secs] 
2024-03-23T01:02:26.084+0800: 115821.505: [GC (Allocation Failure) 2024-03-23T01:02:26.084+0800: 115821.505: [ParNew: 20816386K->1175894K(22937600K), 0.2031260 secs] 70653190K->51058914K(130940928K), 0.2035651 secs] [Times: user=2.93 sys=0.00, real=0.21 secs] 
2024-03-23T01:02:34.730+0800: 115830.151: [GC (Allocation Failure) 2024-03-23T01:02:34.730+0800: 115830.151: [ParNew: 20836694K->1029885K(22937600K), 0.2858733 secs] 70719714K->50960680K(130940928K), 0.2863442 secs] [Times: user=3.19 sys=1.14, real=0.28 secs] 
2024-03-23T01:02:51.392+0800: 115846.812: [GC (Allocation Failure) 2024-03-23T01:02:51.392+0800: 115846.813: [ParNew: 20690685K->1166749K(22937600K), 0.2330104 secs] 70621480K->51154574K(130940928K), 0.2334936 secs] [Times: user=2.22 sys=0.84, real=0.23 secs] 
2024-03-23T01:03:06.571+0800: 115861.992: [GC (Allocation Failure) 2024-03-23T01:03:06.572+0800: 115861.993: [ParNew: 20827549K->1049383K(22937600K), 0.2132940 secs] 70815374K->51091320K(130940928K), 0.2137946 secs] [Times: user=2.30 sys=0.52, real=0.21 secs] 
2024-03-23T01:03:19.981+0800: 115875.402: [GC (Allocation Failure) 2024-03-23T01:03:19.982+0800: 115875.403: [ParNew: 20710183K->1049689K(22937600K), 0.2882836 secs] 70752120K->51146038K(130940928K), 0.2887441 secs] [Times: user=3.88 sys=0.32, real=0.29 secs] 
2024-03-23T01:03:32.672+0800: 115888.092: [GC (Allocation Failure) 2024-03-23T01:03:32.672+0800: 115888.093: [ParNew: 20710489K->1027672K(22937600K), 0.1961730 secs] 70806838K->51177832K(130940928K), 0.1966584 secs] [Times: user=2.33 sys=0.19, real=0.20 secs] 
2024-03-23T01:03:50.532+0800: 115905.953: [GC (Allocation Failure) 2024-03-23T01:03:50.533+0800: 115905.953: [ParNew: 20688472K->1010340K(22937600K), 0.3570452 secs] 70838632K->51206175K(130940928K), 0.3574994 secs] [Times: user=3.89 sys=1.58, real=0.36 secs] 
2024-03-23T01:04:04.060+0800: 115919.481: [GC (Allocation Failure) 2024-03-23T01:04:04.060+0800: 115919.481: [ParNew: 20671140K->1038536K(22937600K), 0.2221453 secs] 70866975K->51288738K(130940928K), 0.2225307 secs] [Times: user=2.39 sys=0.42, real=0.22 secs] 
2024-03-23T01:04:21.066+0800: 115936.487: [GC (Allocation Failure) 2024-03-23T01:04:21.066+0800: 115936.487: [ParNew: 20699336K->1039970K(22937600K), 0.4497249 secs] 70949538K->51336907K(130940928K), 0.4501189 secs] [Times: user=7.11 sys=0.25, real=0.45 secs] 
2024-03-23T01:04:33.786+0800: 115949.207: [GC (Allocation Failure) 2024-03-23T01:04:33.786+0800: 115949.207: [ParNew: 20700770K->1002365K(22937600K), 0.3920174 secs] 70997707K->51343862K(130940928K), 0.3924955 secs] [Times: user=6.17 sys=0.17, real=0.40 secs] 
2024-03-23T01:04:49.262+0800: 115964.682: [GC (Allocation Failure) 2024-03-23T01:04:49.262+0800: 115964.683: [ParNew: 20663165K->1002240K(22937600K), 0.3773688 secs] 71004662K->51386744K(130940928K), 0.3778612 secs] [Times: user=3.30 sys=2.83, real=0.38 secs] 
2024-03-23T01:05:05.083+0800: 115980.504: [GC (Allocation Failure) 2024-03-23T01:05:05.084+0800: 115980.504: [ParNew: 20663040K->1068615K(22937600K), 0.2310140 secs] 71047544K->51494447K(130940928K), 0.2314793 secs] [Times: user=2.65 sys=0.53, real=0.23 secs] 
2024-03-23T01:05:20.459+0800: 115995.879: [GC (Allocation Failure) 2024-03-23T01:05:20.459+0800: 115995.880: [ParNew: 20729415K->993559K(22937600K), 0.2290018 secs] 71155247K->51463903K(130940928K), 0.2294369 secs] [Times: user=2.86 sys=0.25, real=0.23 secs] 
2024-03-23T01:05:33.447+0800: 116008.868: [GC (Allocation Failure) 2024-03-23T01:05:33.447+0800: 116008.868: [ParNew: 20654359K->1001867K(22937600K), 0.2628156 secs] 71124703K->51514290K(130940928K), 0.2632720 secs] [Times: user=3.06 sys=0.66, real=0.27 secs] 
2024-03-23T01:05:45.177+0800: 116020.597: [GC (Allocation Failure) 2024-03-23T01:05:45.177+0800: 116020.598: [ParNew: 20662667K->1092882K(22937600K), 0.4010326 secs] 71175090K->51644246K(130940928K), 0.4014958 secs] [Times: user=3.53 sys=2.47, real=0.41 secs] 
2024-03-23T01:06:03.416+0800: 116038.837: [GC (Allocation Failure) 2024-03-23T01:06:03.416+0800: 116038.837: [ParNew: 20753682K->1266487K(22937600K), 0.2332818 secs] 71305046K->51845450K(130940928K), 0.2336967 secs] [Times: user=2.16 sys=1.00, real=0.24 secs] 
2024-03-23T01:06:16.508+0800: 116051.929: [GC (Allocation Failure) 2024-03-23T01:06:16.508+0800: 116051.929: [ParNew: 20927287K->1163207K(22937600K), 0.3546893 secs] 71506250K->51763880K(130940928K), 0.3550731 secs] [Times: user=4.79 sys=0.50, real=0.35 secs] 
2024-03-23T01:06:30.972+0800: 116066.393: [GC (Allocation Failure) 2024-03-23T01:06:30.972+0800: 116066.393: [ParNew: 20824007K->1155956K(22937600K), 0.4198011 secs] 71424680K->51799352K(130940928K), 0.4202639 secs] [Times: user=5.96 sys=0.42, real=0.42 secs] 
2024-03-23T01:06:43.761+0800: 116079.182: [GC (Allocation Failure) 2024-03-23T01:06:43.761+0800: 116079.182: [ParNew: 20816756K->1253190K(22937600K), 0.2265901 secs] 71460152K->51933712K(130940928K), 0.2270823 secs] [Times: user=2.77 sys=0.30, real=0.23 secs] 
2024-03-23T01:06:58.974+0800: 116094.395: [GC (Allocation Failure) 2024-03-23T01:06:58.974+0800: 116094.395: [ParNew: 20913990K->1219516K(22937600K), 0.4800048 secs] 71594512K->51939484K(130940928K), 0.4804897 secs] [Times: user=5.58 sys=2.11, real=0.48 secs] 
2024-03-23T01:07:11.281+0800: 116106.702: [GC (Allocation Failure) 2024-03-23T01:07:11.282+0800: 116106.702: [ParNew: 20880316K->1353610K(22937600K), 0.2110824 secs] 71600284K->52116333K(130940928K), 0.2115483 secs] [Times: user=2.40 sys=0.37, real=0.21 secs] 
2024-03-23T01:07:23.334+0800: 116118.755: [GC (Allocation Failure) 2024-03-23T01:07:23.334+0800: 116118.755: [ParNew: 21014410K->1234224K(22937600K), 0.2422669 secs] 71777133K->52042722K(130940928K), 0.2427507 secs] [Times: user=3.25 sys=0.17, real=0.24 secs] 
2024-03-23T01:07:37.118+0800: 116132.539: [GC (Allocation Failure) 2024-03-23T01:07:37.118+0800: 116132.539: [ParNew: 20895024K->1266958K(22937600K), 0.2418877 secs] 71703522K->52131075K(130940928K), 0.2423446 secs] [Times: user=2.68 sys=0.70, real=0.24 secs] 
2024-03-23T01:07:50.784+0800: 116146.204: [GC (Allocation Failure) 2024-03-23T01:07:50.784+0800: 116146.205: [ParNew: 20927758K->1150373K(22937600K), 0.3484391 secs] 71791875K->52065147K(130940928K), 0.3489190 secs] [Times: user=3.11 sys=2.12, real=0.35 secs] 
2024-03-23T01:08:05.186+0800: 116160.607: [GC (Allocation Failure) 2024-03-23T01:08:05.186+0800: 116160.607: [ParNew: 20811173K->1315751K(22937600K), 0.2369236 secs] 71725947K->52280870K(130940928K), 0.2373742 secs] [Times: user=2.86 sys=0.43, real=0.24 secs] 
2024-03-23T01:08:19.275+0800: 116174.696: [GC (Allocation Failure) 2024-03-23T01:08:19.275+0800: 116174.696: [ParNew: 20976551K->1170743K(22937600K), 0.2020575 secs] 71941670K->52180887K(130940928K), 0.2025014 secs] [Times: user=2.30 sys=0.40, real=0.21 secs] 
2024-03-23T01:08:31.254+0800: 116186.675: [GC (Allocation Failure) 2024-03-23T01:08:31.254+0800: 116186.675: [ParNew: 20831543K->1120240K(22937600K), 0.2087231 secs] 71841687K->52177492K(130940928K), 0.2091541 secs] [Times: user=2.42 sys=0.40, real=0.21 secs] 
2024-03-23T01:08:42.592+0800: 116198.012: [GC (Allocation Failure) 2024-03-23T01:08:42.592+0800: 116198.013: [ParNew: 20781040K->1258624K(22937600K), 0.2092867 secs] 71838292K->52361864K(130940928K), 0.2097199 secs] [Times: user=2.39 sys=0.46, real=0.21 secs] 
2024-03-23T01:08:53.039+0800: 116208.460: [GC (Allocation Failure) 2024-03-23T01:08:53.040+0800: 116208.460: [ParNew: 20919424K->1359094K(22937600K), 0.2390024 secs] 72022664K->52512733K(130940928K), 0.2396837 secs] [Times: user=3.07 sys=0.31, real=0.24 secs] 
2024-03-23T01:09:01.907+0800: 116217.328: [GC (Allocation Failure) 2024-03-23T01:09:01.908+0800: 116217.329: [ParNew: 21019894K->1187865K(22937600K), 0.3089153 secs] 72173533K->52390268K(130940928K), 0.3094927 secs] [Times: user=2.88 sys=1.71, real=0.31 secs] 
2024-03-23T01:09:11.780+0800: 116227.201: [GC (Allocation Failure) 2024-03-23T01:09:11.780+0800: 116227.201: [ParNew: 20848665K->1303635K(22937600K), 0.2757916 secs] 72051068K->52558414K(130940928K), 0.2762241 secs] [Times: user=3.26 sys=0.81, real=0.27 secs] 
2024-03-23T01:09:22.001+0800: 116237.422: [GC (Allocation Failure) 2024-03-23T01:09:22.001+0800: 116237.422: [ParNew: 20964435K->981187K(22937600K), 0.2138819 secs] 72219214K->52284184K(130940928K), 0.2143340 secs] [Times: user=3.00 sys=0.00, real=0.21 secs] 
2024-03-23T01:09:31.498+0800: 116246.919: [GC (Allocation Failure) 2024-03-23T01:09:31.498+0800: 116246.919: [ParNew: 20641987K->1166670K(22937600K), 0.2212531 secs] 71944984K->52516150K(130940928K), 0.2216847 secs] [Times: user=2.75 sys=0.43, real=0.22 secs] 
2024-03-23T01:09:41.725+0800: 116257.146: [GC (Allocation Failure) 2024-03-23T01:09:41.725+0800: 116257.146: [ParNew: 20827470K->1022462K(22937600K), 0.3274504 secs] 72176950K->52418929K(130940928K), 0.3279019 secs] [Times: user=4.62 sys=0.44, real=0.33 secs] 
2024-03-23T01:09:49.526+0800: 116264.947: [GC (Allocation Failure) 2024-03-23T01:09:49.526+0800: 116264.947: [ParNew: 20683262K->981243K(22937600K), 0.2284833 secs] 72079729K->52421836K(130940928K), 0.2289349 secs] [Times: user=2.97 sys=0.34, real=0.23 secs] 
2024-03-23T01:10:00.072+0800: 116275.493: [GC (Allocation Failure) 2024-03-23T01:10:00.072+0800: 116275.493: [ParNew: 20642043K->1097309K(22937600K), 0.4245752 secs] 72082636K->52584594K(130940928K), 0.4250392 secs] [Times: user=2.94 sys=3.87, real=0.42 secs] 
2024-03-23T01:10:09.716+0800: 116285.137: [GC (Allocation Failure) 2024-03-23T01:10:09.716+0800: 116285.137: [ParNew: 20758109K->1133991K(22937600K), 0.2382267 secs] 72245394K->52662407K(130940928K), 0.2386949 secs] [Times: user=3.00 sys=0.48, real=0.24 secs] 
2024-03-23T01:10:19.321+0800: 116294.741: [GC (Allocation Failure) 2024-03-23T01:10:19.321+0800: 116294.742: [ParNew: 20794791K->994750K(22937600K), 0.2783321 secs] 72323207K->52564405K(130940928K), 0.2787954 secs] [Times: user=4.06 sys=0.19, real=0.28 secs] 
2024-03-23T01:10:31.119+0800: 116306.540: [GC (Allocation Failure) 2024-03-23T01:10:31.119+0800: 116306.540: [ParNew: 20655550K->1053046K(22937600K), 0.2816611 secs] 72225205K->52667647K(130940928K), 0.2821392 secs] [Times: user=3.97 sys=0.23, real=0.28 secs] 
2024-03-23T01:10:44.985+0800: 116320.406: [GC (Allocation Failure) 2024-03-23T01:10:44.985+0800: 116320.406: [ParNew: 20713846K->1043468K(22937600K), 0.2276327 secs] 72328447K->52710340K(130940928K), 0.2280779 secs] [Times: user=2.44 sys=0.55, real=0.23 secs] 
2024-03-23T01:10:59.664+0800: 116335.085: [GC (Allocation Failure) 2024-03-23T01:10:59.664+0800: 116335.085: [ParNew: 20704268K->1110127K(22937600K), 0.2857986 secs] 72371140K->52821593K(130940928K), 0.2862606 secs] [Times: user=2.75 sys=1.47, real=0.29 secs] 
2024-03-23T01:11:14.685+0800: 116350.106: [GC (Allocation Failure) 2024-03-23T01:11:14.685+0800: 116350.106: [ParNew: 20770927K->1193780K(22937600K), 0.2480125 secs] 72482393K->52958388K(130940928K), 0.2485192 secs] [Times: user=2.65 sys=0.83, real=0.25 secs] 
2024-03-23T01:11:29.238+0800: 116364.659: [GC (Allocation Failure) 2024-03-23T01:11:29.239+0800: 116364.659: [ParNew: 20854580K->1079842K(22937600K), 0.2380727 secs] 72619188K->52901944K(130940928K), 0.2385240 secs] [Times: user=3.18 sys=0.12, real=0.23 secs] 
2024-03-23T01:11:43.884+0800: 116379.305: [GC (Allocation Failure) 2024-03-23T01:11:43.884+0800: 116379.305: [ParNew: 20740642K->1165570K(22937600K), 0.2732466 secs] 72562744K->53029463K(130940928K), 0.2737319 secs] [Times: user=3.20 sys=0.70, real=0.28 secs] 
2024-03-23T01:11:58.782+0800: 116394.202: [GC (Allocation Failure) 2024-03-23T01:11:58.782+0800: 116394.203: [ParNew: 20826370K->1098714K(22937600K), 0.2287752 secs] 72690263K->52999274K(130940928K), 0.2292181 secs] [Times: user=2.79 sys=0.21, real=0.23 secs] 
2024-03-23T01:12:14.053+0800: 116409.474: [GC (Allocation Failure) 2024-03-23T01:12:14.054+0800: 116409.474: [ParNew: 20759514K->1067602K(22937600K), 0.4607632 secs] 72660074K->53006778K(130940928K), 0.4613240 secs] [Times: user=5.89 sys=1.32, real=0.46 secs] 
2024-03-23T01:12:29.489+0800: 116424.910: [GC (Allocation Failure) 2024-03-23T01:12:29.490+0800: 116424.910: [ParNew: 20728402K->1310512K(22937600K), 0.2903292 secs] 72667578K->53288803K(130940928K), 0.2908369 secs] [Times: user=2.90 sys=1.13, real=0.29 secs] 
2024-03-23T01:12:44.302+0800: 116439.723: [GC (Allocation Failure) 2024-03-23T01:12:44.302+0800: 116439.723: [ParNew: 20971312K->1343209K(22937600K), 0.2168177 secs] 72949603K->53353799K(130940928K), 0.2172815 secs] [Times: user=2.77 sys=0.07, real=0.22 secs] 
2024-03-23T01:12:59.767+0800: 116455.188: [GC (Allocation Failure) 2024-03-23T01:12:59.767+0800: 116455.188: [ParNew: 21004009K->1237520K(22937600K), 0.2131109 secs] 73014599K->53279681K(130940928K), 0.2135505 secs] [Times: user=2.75 sys=0.14, real=0.22 secs] 
2024-03-23T01:13:11.901+0800: 116467.322: [GC (Allocation Failure) 2024-03-23T01:13:11.901+0800: 116467.322: [ParNew: 20898320K->1408389K(22937600K), 0.3260822 secs] 72940481K->53478099K(130940928K), 0.3265203 secs] [Times: user=3.62 sys=1.11, real=0.32 secs] 
2024-03-23T01:13:29.240+0800: 116484.661: [GC (Allocation Failure) 2024-03-23T01:13:29.241+0800: 116484.661: [ParNew: 21069189K->1350467K(22937600K), 0.2356103 secs] 73138899K->53450938K(130940928K), 0.2360835 secs] [Times: user=2.35 sys=0.93, real=0.23 secs] 
2024-03-23T01:13:41.804+0800: 116497.225: [GC (Allocation Failure) 2024-03-23T01:13:41.805+0800: 116497.225: [ParNew: 21011267K->1261114K(22937600K), 0.2316818 secs] 73111738K->53406008K(130940928K), 0.2321558 secs] [Times: user=3.03 sys=0.07, real=0.23 secs] 
2024-03-23T01:13:56.011+0800: 116511.432: [GC (Allocation Failure) 2024-03-23T01:13:56.011+0800: 116511.432: [ParNew: 20921914K->1216955K(22937600K), 0.2237928 secs] 73066808K->53401881K(130940928K), 0.2242557 secs] [Times: user=2.47 sys=0.53, real=0.22 secs] 
2024-03-23T01:14:07.891+0800: 116523.312: [GC (Allocation Failure) 2024-03-23T01:14:07.892+0800: 116523.312: [ParNew: 20877755K->1431260K(22937600K), 0.2125363 secs] 73062681K->53664732K(130940928K), 0.2130054 secs] [Times: user=2.46 sys=0.28, real=0.21 secs] 
2024-03-23T01:14:20.252+0800: 116535.673: [GC (Allocation Failure) 2024-03-23T01:14:20.252+0800: 116535.673: [ParNew: 21092060K->1277038K(22937600K), 0.2762178 secs] 73325532K->53561959K(130940928K), 0.2767401 secs] [Times: user=2.79 sys=1.05, real=0.28 secs] 
2024-03-23T01:14:33.409+0800: 116548.830: [GC (Allocation Failure) 2024-03-23T01:14:33.409+0800: 116548.830: [ParNew: 20937838K->1263407K(22937600K), 0.2669680 secs] 73222759K->53606916K(130940928K), 0.2674453 secs] [Times: user=2.80 sys=1.13, real=0.26 secs] 
2024-03-23T01:14:45.202+0800: 116560.622: [GC (Allocation Failure) 2024-03-23T01:14:45.202+0800: 116560.623: [ParNew: 20924207K->1281259K(22937600K), 0.2299550 secs] 73267716K->53683290K(130940928K), 0.2304313 secs] [Times: user=3.25 sys=0.12, real=0.23 secs] 
2024-03-23T01:14:59.739+0800: 116575.159: [GC (Allocation Failure) 2024-03-23T01:14:59.739+0800: 116575.160: [ParNew: 20942059K->1293018K(22937600K), 0.2230433 secs] 73344090K->53755335K(130940928K), 0.2234846 secs] [Times: user=3.02 sys=0.22, real=0.22 secs] 
2024-03-23T01:15:11.247+0800: 116586.668: [GC (Allocation Failure) 2024-03-23T01:15:11.247+0800: 116586.668: [ParNew: 20953818K->1207275K(22937600K), 0.2109378 secs] 73416135K->53726995K(130940928K), 0.2113852 secs] [Times: user=2.75 sys=0.26, real=0.22 secs] 
2024-03-23T01:15:23.889+0800: 116599.310: [GC (Allocation Failure) 2024-03-23T01:15:23.889+0800: 116599.310: [ParNew: 20868075K->1179201K(22937600K), 0.3393086 secs] 73387795K->53755194K(130940928K), 0.3397520 secs] [Times: user=3.82 sys=1.56, real=0.34 secs] 
2024-03-23T01:15:37.496+0800: 116612.917: [GC (Allocation Failure) 2024-03-23T01:15:37.496+0800: 116612.917: [ParNew: 20840001K->1194168K(22937600K), 0.2492122 secs] 73415994K->53834313K(130940928K), 0.2496556 secs] [Times: user=2.86 sys=0.85, real=0.25 secs] 
2024-03-23T01:15:50.427+0800: 116625.848: [GC (Allocation Failure) 2024-03-23T01:15:50.427+0800: 116625.848: [ParNew: 20854968K->1166052K(22937600K), 0.2129711 secs] 73495113K->53871790K(130940928K), 0.2134273 secs] [Times: user=2.49 sys=0.51, real=0.22 secs] 
2024-03-23T01:16:04.789+0800: 116640.210: [GC (Allocation Failure) 2024-03-23T01:16:04.789+0800: 116640.210: [ParNew: 20826852K->1226865K(22937600K), 0.2151251 secs] 73532590K->53987694K(130940928K), 0.2155814 secs] [Times: user=2.32 sys=0.58, real=0.21 secs] 
2024-03-23T01:16:19.780+0800: 116655.201: [GC (Allocation Failure) 2024-03-23T01:16:19.781+0800: 116655.201: [ParNew: 20887665K->1170919K(22937600K), 0.2985925 secs] 73648494K->53990976K(130940928K), 0.2990769 secs] [Times: user=3.27 sys=1.35, real=0.30 secs] 
2024-03-23T01:16:33.632+0800: 116669.053: [GC (Allocation Failure) 2024-03-23T01:16:33.632+0800: 116669.053: [ParNew: 20831719K->1101622K(22937600K), 0.2852780 secs] 73651776K->53973573K(130940928K), 0.2857272 secs] [Times: user=3.63 sys=0.68, real=0.29 secs] 
2024-03-23T01:16:48.019+0800: 116683.440: [GC (Allocation Failure) 2024-03-23T01:16:48.020+0800: 116683.441: [ParNew: 20762422K->1132603K(22937600K), 0.2182767 secs] 73634373K->54048642K(130940928K), 0.2187395 secs] [Times: user=2.60 sys=0.54, real=0.22 secs] 
2024-03-23T01:17:00.250+0800: 116695.671: [GC (Allocation Failure) 2024-03-23T01:17:00.250+0800: 116695.671: [ParNew: 20793403K->1085816K(22937600K), 0.2296059 secs] 73709442K->54045108K(130940928K), 0.2300700 secs] [Times: user=3.14 sys=0.21, real=0.23 secs] 
2024-03-23T01:17:10.393+0800: 116705.814: [GC (Allocation Failure) 2024-03-23T01:17:10.393+0800: 116705.814: [ParNew: 20746616K->1050557K(22937600K), 0.1975558 secs] 73705908K->54051006K(130940928K), 0.1979915 secs] [Times: user=2.61 sys=0.24, real=0.20 secs] 
2024-03-23T01:17:21.690+0800: 116717.111: [GC (Allocation Failure) 2024-03-23T01:17:21.690+0800: 116717.111: [ParNew: 20711357K->1028574K(22937600K), 0.2635064 secs] 73711806K->54071788K(130940928K), 0.2640222 secs] [Times: user=2.79 sys=1.08, real=0.26 secs] 
2024-03-23T01:17:36.069+0800: 116731.490: [GC (Allocation Failure) 2024-03-23T01:17:36.069+0800: 116731.490: [ParNew: 20689374K->1072894K(22937600K), 0.4065726 secs] 73732588K->54153918K(130940928K), 0.4070191 secs] [Times: user=6.04 sys=0.76, real=0.40 secs] 
2024-03-23T01:17:45.684+0800: 116741.105: [GC (Allocation Failure) 2024-03-23T01:17:45.684+0800: 116741.105: [ParNew: 20733694K->1065867K(22937600K), 0.2067892 secs] 73814718K->54183928K(130940928K), 0.2072181 secs] [Times: user=2.60 sys=0.33, real=0.21 secs] 
2024-03-23T01:17:58.385+0800: 116753.806: [GC (Allocation Failure) 2024-03-23T01:17:58.385+0800: 116753.806: [ParNew: 20726667K->1109842K(22937600K), 0.2167774 secs] 73844728K->54264314K(130940928K), 0.2172253 secs] [Times: user=3.03 sys=0.18, real=0.22 secs] 
2024-03-23T01:18:08.520+0800: 116763.940: [GC (Allocation Failure) 2024-03-23T01:18:08.520+0800: 116763.941: [ParNew: 20770642K->1070420K(22937600K), 0.4020329 secs] 73925114K->54260427K(130940928K), 0.4024594 secs] [Times: user=6.52 sys=0.21, real=0.40 secs] 
2024-03-23T01:18:20.478+0800: 116775.898: [GC (Allocation Failure) 2024-03-23T01:18:20.478+0800: 116775.899: [ParNew: 20731220K->1072393K(22937600K), 0.2568750 secs] 73921227K->54297464K(130940928K), 0.2574020 secs] [Times: user=2.82 sys=1.10, real=0.25 secs] 
2024-03-23T01:18:35.170+0800: 116790.590: [GC (Allocation Failure) 2024-03-23T01:18:35.170+0800: 116790.591: [ParNew: 20733193K->1169643K(22937600K), 0.2384814 secs] 73958264K->54436751K(130940928K), 0.2389465 secs] [Times: user=2.47 sys=0.90, real=0.24 secs] 
2024-03-23T01:18:52.488+0800: 116807.908: [GC (Allocation Failure) 2024-03-23T01:18:52.488+0800: 116807.909: [ParNew: 20830443K->1087197K(22937600K), 0.2088784 secs] 74097551K->54403653K(130940928K), 0.2093142 secs] [Times: user=2.45 sys=0.54, real=0.20 secs] 
2024-03-23T01:19:05.613+0800: 116821.033: [GC (Allocation Failure) 2024-03-23T01:19:05.613+0800: 116821.034: [ParNew: 20747997K->1158777K(22937600K), 0.2108742 secs] 74064453K->54519481K(130940928K), 0.2113238 secs] [Times: user=2.52 sys=0.54, real=0.21 secs] 
2024-03-23T01:19:22.406+0800: 116837.827: [GC (Allocation Failure) 2024-03-23T01:19:22.407+0800: 116837.828: [ParNew: 20819577K->1145684K(22937600K), 0.2703734 secs] 74180281K->54549270K(130940928K), 0.2708752 secs] [Times: user=3.02 sys=1.11, real=0.27 secs] 
2024-03-23T01:19:37.023+0800: 116852.443: [GC (Allocation Failure) 2024-03-23T01:19:37.023+0800: 116852.444: [ParNew: 20806484K->1184330K(22937600K), 0.2294938 secs] 74210070K->54631840K(130940928K), 0.2299385 secs] [Times: user=2.80 sys=0.57, real=0.23 secs] 
2024-03-23T01:19:52.632+0800: 116868.053: [GC (Allocation Failure) 2024-03-23T01:19:52.633+0800: 116868.053: [ParNew: 20845130K->1099138K(22937600K), 0.4445606 secs] 74292640K->54592949K(130940928K), 0.4450025 secs] [Times: user=6.89 sys=0.51, real=0.44 secs] 
2024-03-23T01:20:05.331+0800: 116880.752: [GC (Allocation Failure) 2024-03-23T01:20:05.331+0800: 116880.752: [ParNew: 20759938K->1064712K(22937600K), 0.2809075 secs] 74253749K->54604743K(130940928K), 0.2814238 secs] [Times: user=3.89 sys=0.35, real=0.28 secs] 
2024-03-23T01:20:20.099+0800: 116895.520: [GC (Allocation Failure) 2024-03-23T01:20:20.099+0800: 116895.520: [ParNew: 20725512K->1245871K(22937600K), 0.2590087 secs] 74265543K->54831689K(130940928K), 0.2594746 secs] [Times: user=2.94 sys=0.84, real=0.26 secs] 
2024-03-23T01:20:37.064+0800: 116912.485: [GC (Allocation Failure) 2024-03-23T01:20:37.065+0800: 116912.485: [ParNew: 20906671K->1194022K(22937600K), 0.3034783 secs] 74492489K->54824068K(130940928K), 0.3039566 secs] [Times: user=3.89 sys=0.85, real=0.31 secs] 
2024-03-23T01:20:47.958+0800: 116923.378: [GC (Allocation Failure) 2024-03-23T01:20:47.958+0800: 116923.379: [ParNew: 20854822K->1190290K(22937600K), 0.4523851 secs] 74484868K->54868809K(130940928K), 0.4528423 secs] [Times: user=7.03 sys=0.44, real=0.45 secs] 
2024-03-23T01:21:00.982+0800: 116936.403: [GC (Allocation Failure) 2024-03-23T01:21:00.982+0800: 116936.403: [ParNew: 20851090K->1200394K(22937600K), 0.4656688 secs] 74529609K->54928828K(130940928K), 0.4661170 secs] [Times: user=7.53 sys=0.17, real=0.47 secs] 
2024-03-23T01:21:12.646+0800: 116948.067: [GC (Allocation Failure) 2024-03-23T01:21:12.646+0800: 116948.067: [ParNew: 20861194K->1149182K(22937600K), 0.4335372 secs] 74589628K->54922901K(130940928K), 0.4339919 secs] [Times: user=7.30 sys=0.00, real=0.44 secs] 
2024-03-23T01:21:26.014+0800: 116961.435: [GC (Allocation Failure) 2024-03-23T01:21:26.014+0800: 116961.435: [ParNew: 20809982K->1191416K(22937600K), 0.2679387 secs] 74583701K->55010654K(130940928K), 0.2684707 secs] [Times: user=2.43 sys=1.56, real=0.27 secs] 
2024-03-23T01:21:39.261+0800: 116974.682: [GC (Allocation Failure) 2024-03-23T01:21:39.262+0800: 116974.682: [ParNew: 20852216K->1149723K(22937600K), 0.3110830 secs] 74671454K->55011988K(130940928K), 0.3115433 secs] [Times: user=4.43 sys=0.41, real=0.31 secs] 
2024-03-23T01:21:52.238+0800: 116987.659: [GC (Allocation Failure) 2024-03-23T01:21:52.238+0800: 116987.659: [ParNew: 20810523K->1245995K(22937600K), 0.2418558 secs] 74672788K->55153529K(130940928K), 0.2423101 secs] [Times: user=3.03 sys=0.56, real=0.24 secs] 
2024-03-23T01:22:03.528+0800: 116998.949: [GC (Allocation Failure) 2024-03-23T01:22:03.528+0800: 116998.949: [ParNew: 20906795K->1290647K(22937600K), 0.2217798 secs] 74814329K->55250400K(130940928K), 0.2222192 secs] [Times: user=2.58 sys=0.56, real=0.22 secs] 
2024-03-23T01:22:15.737+0800: 117011.158: [GC (Allocation Failure) 2024-03-23T01:22:15.737+0800: 117011.158: [ParNew: 20951447K->1144897K(22937600K), 0.2158406 secs] 74911200K->55150787K(130940928K), 0.2163400 secs] [Times: user=2.83 sys=0.30, real=0.22 secs] 
2024-03-23T01:22:26.659+0800: 117022.080: [GC (Allocation Failure) 2024-03-23T01:22:26.660+0800: 117022.081: [ParNew: 20805697K->1219509K(22937600K), 0.3047235 secs] 74811587K->55269248K(130940928K), 0.3052178 secs] [Times: user=3.00 sys=1.74, real=0.30 secs] 
2024-03-23T01:22:40.242+0800: 117035.663: [GC (Allocation Failure) 2024-03-23T01:22:40.242+0800: 117035.663: [ParNew: 20880309K->1201697K(22937600K), 0.2639719 secs] 74930048K->55296042K(130940928K), 0.2644409 secs] [Times: user=3.63 sys=0.29, real=0.26 secs] 
2024-03-23T01:22:50.886+0800: 117046.307: [GC (Allocation Failure) 2024-03-23T01:22:50.887+0800: 117046.307: [ParNew: 20862497K->1151735K(22937600K), 0.2228347 secs] 74956842K->55299686K(130940928K), 0.2232859 secs] [Times: user=3.20 sys=0.11, real=0.23 secs] 
2024-03-23T01:23:02.337+0800: 117057.758: [GC (Allocation Failure) 2024-03-23T01:23:02.337+0800: 117057.758: [ParNew: 20812535K->1190101K(22937600K), 0.2097568 secs] 74960486K->55391723K(130940928K), 0.2102217 secs] [Times: user=2.57 sys=0.50, real=0.21 secs] 
2024-03-23T01:23:12.374+0800: 117067.795: [GC (Allocation Failure) 2024-03-23T01:23:12.375+0800: 117067.795: [ParNew: 20850901K->1156387K(22937600K), 0.1869364 secs] 75052523K->55412060K(130940928K), 0.1874062 secs] [Times: user=2.46 sys=0.26, real=0.19 secs] 
2024-03-23T01:23:20.607+0800: 117076.027: [GC (Allocation Failure) 2024-03-23T01:23:20.607+0800: 117076.028: [ParNew: 20817187K->1191697K(22937600K), 0.2357693 secs] 75072860K->55495724K(130940928K), 0.2362036 secs] [Times: user=2.83 sys=0.84, real=0.24 secs] 
2024-03-23T01:23:34.892+0800: 117090.313: [GC (Allocation Failure) 2024-03-23T01:23:34.893+0800: 117090.313: [ParNew: 20852497K->1072508K(22937600K), 0.2798262 secs] 75156524K->55422425K(130940928K), 0.2802783 secs] [Times: user=3.67 sys=0.64, real=0.28 secs] 
2024-03-23T01:23:49.442+0800: 117104.863: [GC (Allocation Failure) 2024-03-23T01:23:49.442+0800: 117104.863: [ParNew: 20733308K->1145760K(22937600K), 0.2518574 secs] 75083225K->55545159K(130940928K), 0.2522965 secs] [Times: user=3.27 sys=0.62, real=0.25 secs] 
2024-03-23T01:23:59.017+0800: 117114.438: [GC (Allocation Failure) 2024-03-23T01:23:59.018+0800: 117114.439: [ParNew: 20806560K->1028892K(22937600K), 0.2394294 secs] 75205959K->55475855K(130940928K), 0.2398652 secs] [Times: user=3.06 sys=0.44, real=0.24 secs] 
2024-03-23T01:24:06.873+0800: 117122.293: [GC (Allocation Failure) 2024-03-23T01:24:06.873+0800: 117122.294: [ParNew: 20689692K->1063589K(22937600K), 0.1863669 secs] 75136655K->55561979K(130940928K), 0.1867845 secs] [Times: user=2.82 sys=0.00, real=0.19 secs] 
2024-03-23T01:24:19.376+0800: 117134.796: [GC (Allocation Failure) 2024-03-23T01:24:19.376+0800: 117134.797: [ParNew: 20724389K->1106082K(22937600K), 0.2866408 secs] 75222779K->55658303K(130940928K), 0.2871171 secs] [Times: user=3.33 sys=1.20, real=0.29 secs] 
2024-03-23T01:24:34.309+0800: 117149.730: [GC (Allocation Failure) 2024-03-23T01:24:34.309+0800: 117149.730: [ParNew: 20766882K->1026747K(22937600K), 0.2443435 secs] 75319103K->55631643K(130940928K), 0.2447647 secs] [Times: user=3.17 sys=0.54, real=0.24 secs] 
2024-03-23T01:24:46.090+0800: 117161.510: [GC (Allocation Failure) 2024-03-23T01:24:46.090+0800: 117161.511: [ParNew: 20687547K->1085477K(22937600K), 0.2227304 secs] 75292443K->55737207K(130940928K), 0.2231491 secs] [Times: user=3.29 sys=0.08, real=0.22 secs] 
2024-03-23T01:24:55.039+0800: 117170.460: [GC (Allocation Failure) 2024-03-23T01:24:55.039+0800: 117170.460: [ParNew: 20746277K->968080K(22937600K), 0.2322460 secs] 75398007K->55662562K(130940928K), 0.2327591 secs] [Times: user=3.49 sys=0.13, real=0.23 secs] 
2024-03-23T01:25:03.471+0800: 117178.891: [GC (Allocation Failure) 2024-03-23T01:25:03.471+0800: 117178.892: [ParNew: 20628880K->971690K(22937600K), 0.2032748 secs] 75323362K->55709010K(130940928K), 0.2037275 secs] [Times: user=2.74 sys=0.39, real=0.20 secs] 
2024-03-23T01:25:12.114+0800: 117187.535: [GC (Allocation Failure) 2024-03-23T01:25:12.114+0800: 117187.535: [ParNew: 20632490K->971558K(22937600K), 0.2020688 secs] 75369810K->55751907K(130940928K), 0.2025292 secs] [Times: user=3.13 sys=0.00, real=0.20 secs] 
2024-03-23T01:25:19.551+0800: 117194.972: [GC (Allocation Failure) 2024-03-23T01:25:19.551+0800: 117194.972: [ParNew: 20632358K->975009K(22937600K), 0.2343860 secs] 75412707K->55804225K(130940928K), 0.2348316 secs] [Times: user=2.38 sys=1.32, real=0.23 secs] 
2024-03-23T01:25:30.284+0800: 117205.704: [GC (Allocation Failure) 2024-03-23T01:25:30.284+0800: 117205.705: [ParNew: 20635809K->929490K(22937600K), 0.1928923 secs] 75465025K->55800097K(130940928K), 0.1933424 secs] [Times: user=2.67 sys=0.18, real=0.19 secs] 
2024-03-23T01:25:37.040+0800: 117212.461: [GC (Allocation Failure) 2024-03-23T01:25:37.040+0800: 117212.461: [ParNew: 20590290K->981417K(22937600K), 0.2411758 secs] 75460897K->55890838K(130940928K), 0.2416245 secs] [Times: user=3.56 sys=0.02, real=0.24 secs] 
2024-03-23T01:25:45.966+0800: 117221.387: [GC (Allocation Failure) 2024-03-23T01:25:45.966+0800: 117221.387: [ParNew: 20642217K->880329K(22937600K), 0.1747804 secs] 75551638K->55821320K(130940928K), 0.1752278 secs] [Times: user=2.31 sys=0.28, real=0.18 secs] 
2024-03-23T01:25:54.625+0800: 117230.046: [GC (Allocation Failure) 2024-03-23T01:25:54.625+0800: 117230.046: [ParNew: 20541129K->895125K(22937600K), 0.1847488 secs] 75482120K->55866306K(130940928K), 0.1852056 secs] [Times: user=2.82 sys=0.00, real=0.19 secs] 
2024-03-23T01:26:01.478+0800: 117236.898: [GC (Allocation Failure) 2024-03-23T01:26:01.478+0800: 117236.899: [ParNew: 20555925K->843290K(22937600K), 0.1766568 secs] 75527106K->55859923K(130940928K), 0.1771100 secs] [Times: user=2.33 sys=0.28, real=0.17 secs] 
2024-03-23T01:26:09.350+0800: 117244.771: [GC (Allocation Failure) 2024-03-23T01:26:09.350+0800: 117244.771: [ParNew: 20504090K->804035K(22937600K), 0.1693660 secs] 75520723K->55861519K(130940928K), 0.1698064 secs] [Times: user=2.27 sys=0.25, real=0.17 secs] 
2024-03-23T01:26:20.532+0800: 117255.952: [GC (Allocation Failure) 2024-03-23T01:26:20.532+0800: 117255.953: [ParNew: 20464835K->978718K(22937600K), 0.2416489 secs] 75522319K->56075119K(130940928K), 0.2421701 secs] [Times: user=2.78 sys=0.91, real=0.24 secs] 
2024-03-23T01:26:30.295+0800: 117265.716: [GC (Allocation Failure) 2024-03-23T01:26:30.295+0800: 117265.716: [ParNew: 20639518K->910153K(22937600K), 0.2107544 secs] 75735919K->56037720K(130940928K), 0.2112004 secs] [Times: user=3.02 sys=0.23, real=0.21 secs] 
2024-03-23T01:26:38.142+0800: 117273.563: [GC (Allocation Failure) 2024-03-23T01:26:38.142+0800: 117273.563: [ParNew: 20570953K->825364K(22937600K), 0.1718374 secs] 75698520K->55991260K(130940928K), 0.1722654 secs] [Times: user=2.32 sys=0.25, real=0.17 secs] 
2024-03-23T01:26:46.351+0800: 117281.772: [GC (Allocation Failure) 2024-03-23T01:26:46.352+0800: 117281.773: [ParNew: 20486164K->893900K(22937600K), 0.1796450 secs] 75652060K->56112236K(130940928K), 0.1800933 secs] [Times: user=2.34 sys=0.28, real=0.18 secs] 
2024-03-23T01:26:55.422+0800: 117290.843: [GC (Allocation Failure) 2024-03-23T01:26:55.423+0800: 117290.843: [ParNew: 20554700K->795804K(22937600K), 0.1848249 secs] 75773036K->56056687K(130940928K), 0.1852568 secs] [Times: user=2.40 sys=0.33, real=0.19 secs] 
2024-03-23T01:27:05.115+0800: 117300.536: [GC (Allocation Failure) 2024-03-23T01:27:05.115+0800: 117300.536: [ParNew: 20456604K->803406K(22937600K), 0.2027529 secs] 75717487K->56100162K(130940928K), 0.2031274 secs] [Times: user=2.93 sys=0.05, real=0.21 secs] 
2024-03-23T01:27:16.090+0800: 117311.511: [GC (Allocation Failure) 2024-03-23T01:27:16.090+0800: 117311.511: [ParNew: 20464206K->940089K(22937600K), 0.2644993 secs] 75760962K->56268596K(130940928K), 0.2649465 secs] [Times: user=2.82 sys=1.22, real=0.26 secs] 
2024-03-23T01:27:31.013+0800: 117326.434: [GC (Allocation Failure) 2024-03-23T01:27:31.014+0800: 117326.434: [ParNew: 20600889K->935469K(22937600K), 0.2321592 secs] 75929396K->56297674K(130940928K), 0.2326013 secs] [Times: user=3.10 sys=0.35, real=0.23 secs] 
2024-03-23T01:27:43.179+0800: 117338.600: [GC (Allocation Failure) 2024-03-23T01:27:43.179+0800: 117338.600: [ParNew: 20596269K->992497K(22937600K), 0.2054673 secs] 75958474K->56379913K(130940928K), 0.2059004 secs] [Times: user=2.51 sys=0.41, real=0.20 secs] 
2024-03-23T01:27:54.495+0800: 117349.915: [GC (Allocation Failure) 2024-03-23T01:27:54.495+0800: 117349.916: [ParNew: 20653297K->983561K(22937600K), 0.3382740 secs] 76040713K->56411243K(130940928K), 0.3387058 secs] [Times: user=4.97 sys=0.49, real=0.34 secs] 
2024-03-23T01:28:05.432+0800: 117360.853: [GC (Allocation Failure) 2024-03-23T01:28:05.432+0800: 117360.853: [ParNew: 20644361K->992677K(22937600K), 0.1930779 secs] 76072043K->56450243K(130940928K), 0.1935373 secs] [Times: user=2.41 sys=0.46, real=0.19 secs] 
2024-03-23T01:28:19.043+0800: 117374.464: [GC (Allocation Failure) 2024-03-23T01:28:19.044+0800: 117374.464: [ParNew: 20653477K->1087286K(22937600K), 0.2673033 secs] 76111043K->56577829K(130940928K), 0.2678286 secs] [Times: user=2.96 sys=1.13, real=0.27 secs] 
2024-03-23T01:28:32.037+0800: 117387.458: [GC (Allocation Failure) 2024-03-23T01:28:32.037+0800: 117387.458: [ParNew: 20748086K->1158879K(22937600K), 0.2528274 secs] 76238629K->56683407K(130940928K), 0.2532867 secs] [Times: user=2.89 sys=0.93, real=0.26 secs] 
2024-03-23T01:28:44.832+0800: 117400.253: [GC (Allocation Failure) 2024-03-23T01:28:44.832+0800: 117400.253: [ParNew: 20819679K->1115548K(22937600K), 0.2386882 secs] 76344207K->56668750K(130940928K), 0.2391266 secs] [Times: user=3.10 sys=0.51, real=0.24 secs] 
2024-03-23T01:28:57.931+0800: 117413.352: [GC (Allocation Failure) 2024-03-23T01:28:57.931+0800: 117413.352: [ParNew: 20776348K->1227760K(22937600K), 0.2108767 secs] 76329550K->56809771K(130940928K), 0.2113417 secs] [Times: user=2.92 sys=0.12, real=0.21 secs] 
2024-03-23T01:29:08.190+0800: 117423.611: [GC (Allocation Failure) 2024-03-23T01:29:08.190+0800: 117423.611: [ParNew: 20888560K->1210584K(22937600K), 0.2375161 secs] 76470571K->56838740K(130940928K), 0.2379763 secs] [Times: user=3.42 sys=0.10, real=0.24 secs] 
2024-03-23T01:29:19.576+0800: 117434.997: [GC (Allocation Failure) 2024-03-23T01:29:19.576+0800: 117434.997: [ParNew: 20871384K->1342698K(22937600K), 0.2659173 secs] 76499540K->57011740K(130940928K), 0.2663922 secs] [Times: user=3.00 sys=0.88, real=0.27 secs] 
2024-03-23T01:29:33.730+0800: 117449.151: [GC (Allocation Failure) 2024-03-23T01:29:33.731+0800: 117449.152: [ParNew: 21003498K->1255782K(22937600K), 0.3948991 secs] 76672540K->56951512K(130940928K), 0.3954004 secs] [Times: user=5.88 sys=0.66, real=0.39 secs] 
2024-03-23T01:29:45.846+0800: 117461.266: [GC (Allocation Failure) 2024-03-23T01:29:45.846+0800: 117461.267: [ParNew: 20916582K->1144954K(22937600K), 0.2032730 secs] 76612312K->56873640K(130940928K), 0.2037716 secs] [Times: user=3.01 sys=0.00, real=0.21 secs] 
2024-03-23T01:29:55.850+0800: 117471.271: [GC (Allocation Failure) 2024-03-23T01:29:55.851+0800: 117471.272: [ParNew: 20805754K->1141435K(22937600K), 0.2003060 secs] 76534440K->56902956K(130940928K), 0.2007513 secs] [Times: user=2.46 sys=0.43, real=0.20 secs] 
2024-03-23T01:30:04.016+0800: 117479.437: [GC (Allocation Failure) 2024-03-23T01:30:04.016+0800: 117479.437: [ParNew: 20802235K->1191659K(22937600K), 0.1939427 secs] 76563756K->56988909K(130940928K), 0.1943912 secs] [Times: user=2.45 sys=0.41, real=0.20 secs] 
2024-03-23T01:30:12.232+0800: 117487.653: [GC (Allocation Failure) 2024-03-23T01:30:12.232+0800: 117487.653: [ParNew: 20852459K->1117432K(22937600K), 0.2344355 secs] 76649709K->56965437K(130940928K), 0.2349267 secs] [Times: user=3.68 sys=0.00, real=0.23 secs] 
2024-03-23T01:30:17.837+0800: 117493.258: [GC (Allocation Failure) 2024-03-23T01:30:17.837+0800: 117493.258: [ParNew: 20778232K->1066985K(22937600K), 0.2722045 secs] 76626237K->56970190K(130940928K), 0.2726426 secs] [Times: user=3.25 sys=1.11, real=0.28 secs] 
2024-03-23T01:30:28.651+0800: 117504.072: [GC (Allocation Failure) 2024-03-23T01:30:28.651+0800: 117504.072: [ParNew: 20727785K->1246244K(22937600K), 0.3375750 secs] 76630990K->57200042K(130940928K), 0.3380314 secs] [Times: user=5.15 sys=0.36, real=0.34 secs] 
2024-03-23T01:30:35.930+0800: 117511.351: [GC (Allocation Failure) 2024-03-23T01:30:35.930+0800: 117511.351: [ParNew: 20907044K->991584K(22937600K), 0.3149866 secs] 76860842K->56994595K(130940928K), 0.3154232 secs] [Times: user=5.17 sys=0.00, real=0.31 secs] 
2024-03-23T01:30:42.396+0800: 117517.817: [GC (Allocation Failure) 2024-03-23T01:30:42.396+0800: 117517.817: [ParNew: 20652384K->951025K(22937600K), 0.2703075 secs] 76655395K->57000746K(130940928K), 0.2707520 secs] [Times: user=4.16 sys=0.19, real=0.27 secs] 
2024-03-23T01:30:50.140+0800: 117525.561: [GC (Allocation Failure) 2024-03-23T01:30:50.141+0800: 117525.561: [ParNew: 20611825K->929134K(22937600K), 0.2084822 secs] 76661546K->57035654K(130940928K), 0.2089365 secs] [Times: user=2.75 sys=0.38, real=0.21 secs] 
2024-03-23T01:30:58.469+0800: 117533.890: [GC (Allocation Failure) 2024-03-23T01:30:58.469+0800: 117533.890: [ParNew: 20589934K->868141K(22937600K), 0.2679573 secs] 76696454K->57039697K(130940928K), 0.2684124 secs] [Times: user=4.01 sys=0.23, real=0.27 secs] 
2024-03-23T01:31:05.323+0800: 117540.744: [GC (Allocation Failure) 2024-03-23T01:31:05.323+0800: 117540.744: [ParNew: 20528941K->835741K(22937600K), 0.1721545 secs] 76700497K->57064333K(130940928K), 0.1725903 secs] [Times: user=2.29 sys=0.19, real=0.17 secs] 
2024-03-23T01:31:18.165+0800: 117553.586: [GC (Allocation Failure) 2024-03-23T01:31:18.165+0800: 117553.586: [ParNew: 20496541K->946974K(22937600K), 0.2505332 secs] 76725133K->57228725K(130940928K), 0.2510039 secs] [Times: user=2.73 sys=1.00, real=0.25 secs] 
2024-03-23T01:31:31.573+0800: 117566.993: [GC (Allocation Failure) 2024-03-23T01:31:31.573+0800: 117566.994: [ParNew: 20607774K->781929K(22937600K), 0.3602625 secs] 76889525K->57112452K(130940928K), 0.3606891 secs] [Times: user=5.00 sys=0.85, real=0.36 secs] 
2024-03-23T01:31:42.993+0800: 117578.414: [GC (Allocation Failure) 2024-03-23T01:31:42.993+0800: 117578.414: [ParNew: 20442729K->868272K(22937600K), 0.1868036 secs] 76773252K->57242877K(130940928K), 0.1872178 secs] [Times: user=2.23 sys=0.36, real=0.19 secs] 
2024-03-23T01:31:53.758+0800: 117589.179: [GC (Allocation Failure) 2024-03-23T01:31:53.758+0800: 117589.179: [ParNew: 20529072K->811313K(22937600K), 0.1937427 secs] 76903677K->57235575K(130940928K), 0.1941535 secs] [Times: user=2.83 sys=0.05, real=0.19 secs] 
2024-03-23T01:32:04.531+0800: 117599.952: [GC (Allocation Failure) 2024-03-23T01:32:04.531+0800: 117599.952: [ParNew: 20472113K->759095K(22937600K), 0.3607286 secs] 76896375K->57221742K(130940928K), 0.3611836 secs] [Times: user=5.67 sys=0.12, real=0.36 secs] 
2024-03-23T01:32:18.138+0800: 117613.559: [GC (Allocation Failure) 2024-03-23T01:32:18.139+0800: 117613.560: [ParNew: 20419895K->754689K(22937600K), 0.5534603 secs] 76882542K->57256786K(130940928K), 0.5539446 secs] [Times: user=6.13 sys=3.28, real=0.55 secs] 
2024-03-23T01:32:33.704+0800: 117629.125: [GC (Allocation Failure) 2024-03-23T01:32:33.705+0800: 117629.125: [ParNew: 20415489K->836693K(22937600K), 0.3581718 secs] 76917586K->57367146K(130940928K), 0.3586192 secs] [Times: user=5.23 sys=0.55, real=0.36 secs] 
2024-03-23T01:32:46.121+0800: 117641.542: [GC (Allocation Failure) 2024-03-23T01:32:46.121+0800: 117641.542: [ParNew: 20497493K->791171K(22937600K), 0.1952761 secs] 77027946K->57345400K(130940928K), 0.1957372 secs] [Times: user=2.23 sys=0.54, real=0.19 secs] 
2024-03-23T01:32:59.154+0800: 117654.575: [GC (Allocation Failure) 2024-03-23T01:32:59.155+0800: 117654.575: [ParNew: 20451971K->892398K(22937600K), 0.3498238 secs] 77006200K->57463377K(130940928K), 0.3502114 secs] [Times: user=5.32 sys=0.26, real=0.35 secs] 
2024-03-23T01:33:10.558+0800: 117665.979: [GC (Allocation Failure) 2024-03-23T01:33:10.558+0800: 117665.979: [ParNew: 20553198K->860707K(22937600K), 0.2178490 secs] 77124177K->57463668K(130940928K), 0.2182645 secs] [Times: user=3.25 sys=0.00, real=0.21 secs] 
2024-03-23T01:33:23.087+0800: 117678.508: [GC (Allocation Failure) 2024-03-23T01:33:23.087+0800: 117678.508: [ParNew: 20521507K->878929K(22937600K), 0.2643251 secs] 77124468K->57508240K(130940928K), 0.2647951 secs] [Times: user=2.36 sys=1.69, real=0.27 secs] 
2024-03-23T01:33:37.326+0800: 117692.747: [GC (Allocation Failure) 2024-03-23T01:33:37.326+0800: 117692.747: [ParNew: 20539729K->1164704K(22937600K), 0.2191446 secs] 77169040K->57811250K(130940928K), 0.2195603 secs] [Times: user=2.88 sys=0.51, real=0.22 secs] 
2024-03-23T01:33:47.720+0800: 117703.140: [GC (Allocation Failure) 2024-03-23T01:33:47.720+0800: 117703.141: [ParNew: 20825504K->1138951K(22937600K), 0.2111192 secs] 77472050K->57805603K(130940928K), 0.2115415 secs] [Times: user=3.07 sys=0.04, real=0.21 secs] 
2024-03-23T01:33:59.498+0800: 117714.919: [GC (Allocation Failure) 2024-03-23T01:33:59.499+0800: 117714.919: [ParNew: 20799751K->1118482K(22937600K), 0.2304666 secs] 77466403K->57810537K(130940928K), 0.2308871 secs] [Times: user=3.30 sys=0.18, real=0.23 secs] 
2024-03-23T01:34:07.882+0800: 117723.303: [GC (Allocation Failure) 2024-03-23T01:34:07.883+0800: 117723.303: [ParNew: 20779282K->1056595K(22937600K), 0.3489820 secs] 77471337K->57772403K(130940928K), 0.3494343 secs] [Times: user=5.82 sys=0.05, real=0.35 secs] 
2024-03-23T01:34:15.660+0800: 117731.081: [GC (Allocation Failure) 2024-03-23T01:34:15.660+0800: 117731.081: [ParNew: 20717395K->1131154K(22937600K), 0.2325967 secs] 77433203K->57882554K(130940928K), 0.2330728 secs] [Times: user=2.43 sys=1.23, real=0.23 secs] 
2024-03-23T01:34:29.663+0800: 117745.084: [GC (Allocation Failure) 2024-03-23T01:34:29.663+0800: 117745.084: [ParNew: 20791954K->1024648K(22937600K), 0.2148283 secs] 77543354K->57817445K(130940928K), 0.2152437 secs] [Times: user=2.73 sys=0.43, real=0.22 secs] 
2024-03-23T01:34:41.943+0800: 117757.364: [GC (Allocation Failure) 2024-03-23T01:34:41.943+0800: 117757.364: [ParNew: 20648948K->1088220K(22937600K), 0.3858465 secs] 77441745K->57916241K(130940928K), 0.3862632 secs] [Times: user=6.09 sys=0.30, real=0.39 secs] 
2024-03-23T01:34:52.490+0800: 117767.911: [GC (Allocation Failure) 2024-03-23T01:34:52.490+0800: 117767.911: [ParNew: 20749020K->1127214K(22937600K), 0.2111739 secs] 77577041K->57994314K(130940928K), 0.2115939 secs] [Times: user=3.04 sys=0.04, real=0.21 secs] 
2024-03-23T01:35:03.052+0800: 117778.472: [GC (Allocation Failure) 2024-03-23T01:35:03.052+0800: 117778.473: [ParNew: 20788014K->1042501K(22937600K), 0.2947835 secs] 77655114K->57946133K(130940928K), 0.2952007 secs] [Times: user=4.33 sys=0.36, real=0.29 secs] 
2024-03-23T01:35:14.208+0800: 117789.629: [GC (Allocation Failure) 2024-03-23T01:35:14.208+0800: 117789.629: [ParNew: 20703301K->1246425K(22937600K), 0.2057454 secs] 77606933K->58190579K(130940928K), 0.2061694 secs] [Times: user=3.22 sys=0.00, real=0.20 secs] 
2024-03-23T01:35:27.964+0800: 117803.385: [GC (Allocation Failure) 2024-03-23T01:35:27.964+0800: 117803.385: [ParNew: 20907225K->1189169K(22937600K), 0.2734440 secs] 77851379K->58183056K(130940928K), 0.2738427 secs] [Times: user=2.88 sys=1.42, real=0.28 secs] 
2024-03-23T01:35:37.803+0800: 117813.224: [GC (Allocation Failure) 2024-03-23T01:35:37.803+0800: 117813.224: [ParNew: 20849969K->1143271K(22937600K), 0.1853944 secs] 77843856K->58174912K(130940928K), 0.1858046 secs] [Times: user=2.40 sys=0.32, real=0.19 secs] 
2024-03-23T01:35:46.760+0800: 117822.181: [GC (Allocation Failure) 2024-03-23T01:35:46.761+0800: 117822.182: [ParNew: 20804071K->1174828K(22937600K), 0.1998212 secs] 77835712K->58253021K(130940928K), 0.2002471 secs] [Times: user=2.98 sys=0.00, real=0.20 secs] 
2024-03-23T01:35:55.094+0800: 117830.515: [GC (Allocation Failure) 2024-03-23T01:35:55.094+0800: 117830.515: [ParNew: 20835628K->1023180K(22937600K), 0.1958546 secs] 77913821K->58149301K(130940928K), 0.1962310 secs] [Times: user=2.87 sys=0.00, real=0.20 secs] 
2024-03-23T01:36:01.118+0800: 117836.539: [GC (Allocation Failure) 2024-03-23T01:36:01.119+0800: 117836.539: [ParNew: 20683980K->1021779K(22937600K), 0.1957820 secs] 77810101K->58215938K(130940928K), 0.1961523 secs] [Times: user=2.45 sys=0.30, real=0.19 secs] 
2024-03-23T01:36:06.282+0800: 117841.703: [GC (Allocation Failure) 2024-03-23T01:36:06.283+0800: 117841.703: [ParNew: 20682579K->940864K(22937600K), 0.1937521 secs] 77876738K->58211106K(130940928K), 0.1941756 secs] [Times: user=2.49 sys=0.22, real=0.19 secs] 
2024-03-23T01:36:14.199+0800: 117849.620: [GC (Allocation Failure) 2024-03-23T01:36:14.199+0800: 117849.620: [ParNew: 20601664K->1014224K(22937600K), 0.2417163 secs] 77871906K->58337199K(130940928K), 0.2421121 secs] [Times: user=2.52 sys=1.24, real=0.24 secs] 
2024-03-23T01:36:27.710+0800: 117863.130: [GC (Allocation Failure) 2024-03-23T01:36:27.710+0800: 117863.131: [ParNew: 20675024K->885495K(22937600K), 0.1969343 secs] 77997999K->58253420K(130940928K), 0.1973494 secs] [Times: user=2.09 sys=0.54, real=0.19 secs] 
2024-03-23T01:36:37.813+0800: 117873.234: [GC (Allocation Failure) 2024-03-23T01:36:37.813+0800: 117873.234: [ParNew: 20546295K->1003656K(22937600K), 0.2062267 secs] 77914220K->58400374K(130940928K), 0.2066293 secs] [Times: user=2.66 sys=0.40, real=0.21 secs] 
2024-03-23T01:36:47.882+0800: 117883.302: [GC (Allocation Failure) 2024-03-23T01:36:47.882+0800: 117883.303: [ParNew: 20664456K->1130007K(22937600K), 0.2059232 secs] 78061174K->58550966K(130940928K), 0.2063334 secs] [Times: user=2.64 sys=0.45, real=0.21 secs] 
2024-03-23T01:37:00.048+0800: 117895.469: [GC (Allocation Failure) 2024-03-23T01:37:00.048+0800: 117895.469: [ParNew: 20790807K->1006356K(22937600K), 0.2245090 secs] 78211766K->58468132K(130940928K), 0.2249046 secs] [Times: user=3.19 sys=0.19, real=0.22 secs] 
2024-03-23T01:37:10.257+0800: 117905.678: [GC (Allocation Failure) 2024-03-23T01:37:10.257+0800: 117905.678: [ParNew: 20667156K->1110588K(22937600K), 0.3247863 secs] 78128932K->58614169K(130940928K), 0.3252084 secs] [Times: user=4.98 sys=0.29, real=0.33 secs] 
2024-03-23T01:37:21.349+0800: 117916.770: [GC (Allocation Failure) 2024-03-23T01:37:21.349+0800: 117916.770: [ParNew: 20770865K->1025991K(22937600K), 0.2762273 secs] 78274446K->58572903K(130940928K), 0.2767052 secs] [Times: user=3.11 sys=1.22, real=0.27 secs] 
2024-03-23T01:37:32.234+0800: 117927.655: [GC (Allocation Failure) 2024-03-23T01:37:32.234+0800: 117927.655: [ParNew: 20686791K->899436K(22937600K), 0.3350909 secs] 78233703K->58488909K(130940928K), 0.3355366 secs] [Times: user=5.08 sys=0.42, real=0.34 secs] 
2024-03-23T01:37:41.981+0800: 117937.402: [GC (Allocation Failure) 2024-03-23T01:37:41.982+0800: 117937.403: [ParNew: 20560236K->905891K(22937600K), 0.2111960 secs] 78149709K->58538969K(130940928K), 0.2116106 secs] [Times: user=2.83 sys=0.33, real=0.21 secs] 
2024-03-23T01:37:51.131+0800: 117946.552: [GC (Allocation Failure) 2024-03-23T01:37:51.132+0800: 117946.553: [ParNew: 20566691K->869875K(22937600K), 0.3366839 secs] 78199769K->58559107K(130940928K), 0.3371234 secs] [Times: user=5.44 sys=0.08, real=0.34 secs] 
2024-03-23T01:37:57.011+0800: 117952.431: [GC (Allocation Failure) 2024-03-23T01:37:57.011+0800: 117952.432: [ParNew: 20530675K->858229K(22937600K), 0.1994076 secs] 78219907K->58591982K(130940928K), 0.1998167 secs] [Times: user=3.16 sys=0.00, real=0.20 secs] 
2024-03-23T01:38:02.149+0800: 117957.570: [GC (Allocation Failure) 2024-03-23T01:38:02.149+0800: 117957.570: [ParNew: 20519029K->799139K(22937600K), 0.1666767 secs] 78252782K->58575632K(130940928K), 0.1670828 secs] [Times: user=2.70 sys=0.00, real=0.16 secs] 
2024-03-23T01:38:07.841+0800: 117963.262: [GC (Allocation Failure) 2024-03-23T01:38:07.841+0800: 117963.262: [ParNew: 20459939K->817736K(22937600K), 0.1591771 secs] 78236432K->58624768K(130940928K), 0.1595962 secs] [Times: user=2.34 sys=0.07, real=0.16 secs] 
2024-03-23T01:38:13.133+0800: 117968.554: [GC (Allocation Failure) 2024-03-23T01:38:13.134+0800: 117968.554: [ParNew: 20478536K->835842K(22937600K), 0.3048054 secs] 78285568K->58665382K(130940928K), 0.3052610 secs] [Times: user=2.49 sys=2.63, real=0.31 secs] 
2024-03-23T01:38:24.021+0800: 117979.442: [GC (Allocation Failure) 2024-03-23T01:38:24.021+0800: 117979.442: [ParNew: 20496642K->844207K(22937600K), 0.1862883 secs] 78326182K->58696947K(130940928K), 0.1867573 secs] [Times: user=2.69 sys=0.09, real=0.19 secs] 
2024-03-23T01:38:31.849+0800: 117987.270: [GC (Allocation Failure) 2024-03-23T01:38:31.849+0800: 117987.270: [ParNew: 20505007K->848230K(22937600K), 0.2864781 secs] 78357747K->58733993K(130940928K), 0.2869501 secs] [Times: user=4.72 sys=0.00, real=0.28 secs] 
2024-03-23T01:38:38.043+0800: 117993.464: [GC (Allocation Failure) 2024-03-23T01:38:38.043+0800: 117993.464: [ParNew: 20509030K->840718K(22937600K), 0.1817516 secs] 78394793K->58774092K(130940928K), 0.1821164 secs] [Times: user=2.30 sys=0.24, real=0.18 secs] 
2024-03-23T01:38:43.498+0800: 117998.919: [GC (Allocation Failure) 2024-03-23T01:38:43.499+0800: 117998.919: [ParNew: 20501518K->771414K(22937600K), 0.1822312 secs] 78434892K->58752544K(130940928K), 0.1826170 secs] [Times: user=2.83 sys=0.00, real=0.18 secs] 
2024-03-23T01:38:50.284+0800: 118005.705: [GC (Allocation Failure) 2024-03-23T01:38:50.284+0800: 118005.705: [ParNew: 20432214K->745781K(22937600K), 0.2973838 secs] 78413344K->58772427K(130940928K), 0.2977799 secs] [Times: user=4.54 sys=0.27, real=0.30 secs] 
2024-03-23T01:38:57.864+0800: 118013.285: [GC (Allocation Failure) 2024-03-23T01:38:57.864+0800: 118013.285: [ParNew: 20406581K->797137K(22937600K), 0.1901405 secs] 78433227K->58866181K(130940928K), 0.1905950 secs] [Times: user=2.52 sys=0.36, real=0.19 secs] 
2024-03-23T01:39:05.802+0800: 118021.223: [GC (Allocation Failure) 2024-03-23T01:39:05.802+0800: 118021.223: [ParNew: 20457937K->776619K(22937600K), 0.1913059 secs] 78526981K->58885820K(130940928K), 0.1917509 secs] [Times: user=2.60 sys=0.31, real=0.19 secs] 
2024-03-23T01:39:13.257+0800: 118028.678: [GC (Allocation Failure) 2024-03-23T01:39:13.258+0800: 118028.678: [ParNew: 20437419K->812325K(22937600K), 0.2486189 secs] 78546620K->58960850K(130940928K), 0.2490793 secs] [Times: user=2.27 sys=1.50, real=0.25 secs] 
2024-03-23T01:39:22.640+0800: 118038.061: [GC (Allocation Failure) 2024-03-23T01:39:22.641+0800: 118038.061: [ParNew: 20473125K->764368K(22937600K), 0.2543610 secs] 78621650K->58950246K(130940928K), 0.2548188 secs] [Times: user=3.63 sys=0.24, real=0.25 secs] 
2024-03-23T01:39:29.767+0800: 118045.188: [GC (Allocation Failure) 2024-03-23T01:39:29.767+0800: 118045.188: [ParNew: 20425168K->648733K(22937600K), 0.1614681 secs] 78611046K->58863234K(130940928K), 0.1618895 secs] [Times: user=2.25 sys=0.20, real=0.17 secs] 
2024-03-23T01:39:35.844+0800: 118051.265: [GC (Allocation Failure) 2024-03-23T01:39:35.844+0800: 118051.265: [ParNew: 20309533K->689301K(22937600K), 0.1686650 secs] 78524034K->58929368K(130940928K), 0.1690433 secs] [Times: user=2.34 sys=0.22, real=0.17 secs] 
2024-03-23T01:39:44.909+0800: 118060.330: [GC (Allocation Failure) 2024-03-23T01:39:44.909+0800: 118060.330: [ParNew: 20350101K->768231K(22937600K), 0.1670408 secs] 78590168K->59025820K(130940928K), 0.1674761 secs] [Times: user=2.21 sys=0.28, real=0.16 secs] 
2024-03-23T01:39:54.017+0800: 118069.438: [GC (Allocation Failure) 2024-03-23T01:39:54.017+0800: 118069.438: [ParNew: 20429031K->669601K(22937600K), 0.1816907 secs] 78686620K->58945047K(130940928K), 0.1821276 secs] [Times: user=2.71 sys=0.06, real=0.19 secs] 
2024-03-23T01:40:03.336+0800: 118078.757: [GC (Allocation Failure) 2024-03-23T01:40:03.336+0800: 118078.757: [ParNew: 20330401K->802629K(22937600K), 0.1845214 secs] 78605847K->59097750K(130940928K), 0.1849791 secs] [Times: user=2.45 sys=0.34, real=0.19 secs] 
2024-03-23T01:40:12.958+0800: 118088.379: [GC (Allocation Failure) 2024-03-23T01:40:12.959+0800: 118088.379: [ParNew: 20463429K->762152K(22937600K), 0.3131072 secs] 78758550K->59076595K(130940928K), 0.3135825 secs] [Times: user=3.13 sys=2.12, real=0.31 secs] 
2024-03-23T01:40:22.426+0800: 118097.846: [GC (Allocation Failure) 2024-03-23T01:40:22.426+0800: 118097.847: [ParNew: 20422952K->751170K(22937600K), 0.1852261 secs] 78737395K->59107734K(130940928K), 0.1856864 secs] [Times: user=2.25 sys=0.40, real=0.19 secs] 
2024-03-23T01:40:32.525+0800: 118107.946: [GC (Allocation Failure) 2024-03-23T01:40:32.526+0800: 118107.947: [ParNew: 20411970K->742677K(22937600K), 0.1964039 secs] 78768534K->59133410K(130940928K), 0.1969218 secs] [Times: user=2.50 sys=0.30, real=0.20 secs] 
2024-03-23T01:40:41.130+0800: 118116.551: [GC (Allocation Failure) 2024-03-23T01:40:41.130+0800: 118116.551: [ParNew: 20403477K->752032K(22937600K), 0.1843536 secs] 78794210K->59169237K(130940928K), 0.1847877 secs] [Times: user=2.34 sys=0.25, real=0.18 secs] 
2024-03-23T01:40:50.820+0800: 118126.240: [GC (Allocation Failure) 2024-03-23T01:40:50.820+0800: 118126.241: [ParNew: 20412832K->861452K(22937600K), 0.1953964 secs] 78830037K->59298009K(130940928K), 0.1958357 secs] [Times: user=2.59 sys=0.44, real=0.19 secs] 
2024-03-23T01:40:59.454+0800: 118134.875: [GC (Allocation Failure) 2024-03-23T01:40:59.454+0800: 118134.875: [ParNew: 20522252K->743642K(22937600K), 0.1934520 secs] 78958809K->59208282K(130940928K), 0.1939395 secs] [Times: user=2.75 sys=0.02, real=0.20 secs] 
2024-03-23T01:41:05.757+0800: 118141.178: [GC (Allocation Failure) 2024-03-23T01:41:05.757+0800: 118141.178: [ParNew: 20404442K->728739K(22937600K), 0.1709725 secs] 78869082K->59225856K(130940928K), 0.1714214 secs] [Times: user=2.28 sys=0.25, real=0.18 secs] 
2024-03-23T01:41:13.903+0800: 118149.324: [GC (Allocation Failure) 2024-03-23T01:41:13.903+0800: 118149.324: [ParNew: 20389539K->737094K(22937600K), 0.2395052 secs] 78886656K->59266704K(130940928K), 0.2399858 secs] [Times: user=2.29 sys=1.53, real=0.24 secs] 
2024-03-23T01:41:25.007+0800: 118160.428: [GC (Allocation Failure) 2024-03-23T01:41:25.007+0800: 118160.428: [ParNew: 20397894K->854354K(22937600K), 0.2601339 secs] 78927504K->59416610K(130940928K), 0.2606111 secs] [Times: user=3.75 sys=0.33, real=0.27 secs] 
2024-03-23T01:41:34.083+0800: 118169.504: [GC (Allocation Failure) 2024-03-23T01:41:34.083+0800: 118169.504: [ParNew: 20515154K->694769K(22937600K), 0.1874641 secs] 79077410K->59287703K(130940928K), 0.1879290 secs] [Times: user=2.46 sys=0.34, real=0.19 secs] 
2024-03-23T01:41:44.206+0800: 118179.626: [GC (Allocation Failure) 2024-03-23T01:41:44.206+0800: 118179.627: [ParNew: 20355569K->828315K(22937600K), 0.2318062 secs] 78948503K->59445479K(130940928K), 0.2322705 secs] [Times: user=3.52 sys=0.13, real=0.24 secs] 
2024-03-23T01:41:53.528+0800: 118188.949: [GC (Allocation Failure) 2024-03-23T01:41:53.528+0800: 118188.949: [ParNew: 20489115K->767774K(22937600K), 0.2062316 secs] 79106279K->59409389K(130940928K), 0.2066920 secs] [Times: user=2.99 sys=0.05, real=0.20 secs] 
2024-03-23T01:42:05.832+0800: 118201.253: [GC (Allocation Failure) 2024-03-23T01:42:05.832+0800: 118201.253: [ParNew: 20428574K->834520K(22937600K), 0.1970302 secs] 79070189K->59506572K(130940928K), 0.1975068 secs] [Times: user=2.82 sys=0.05, real=0.20 secs] 
2024-03-23T01:42:18.237+0800: 118213.658: [GC (Allocation Failure) 2024-03-23T01:42:18.237+0800: 118213.658: [ParNew: 20495320K->808598K(22937600K), 0.3909686 secs] 79167372K->59510737K(130940928K), 0.3914764 secs] [Times: user=5.24 sys=1.24, real=0.40 secs] 
2024-03-23T01:42:32.787+0800: 118228.208: [GC (Allocation Failure) 2024-03-23T01:42:32.788+0800: 118228.209: [ParNew: 20469398K->861180K(22937600K), 0.2025407 secs] 79171537K->59596199K(130940928K), 0.2030257 secs] [Times: user=2.77 sys=0.33, real=0.20 secs] 
2024-03-23T01:42:46.385+0800: 118241.806: [GC (Allocation Failure) 2024-03-23T01:42:46.385+0800: 118241.806: [ParNew: 20521980K->847062K(22937600K), 0.2073078 secs] 79256999K->59609095K(130940928K), 0.2077929 secs] [Times: user=2.61 sys=0.55, real=0.21 secs] 
2024-03-23T01:43:00.433+0800: 118255.854: [GC (Allocation Failure) 2024-03-23T01:43:00.433+0800: 118255.854: [ParNew: 20507862K->839720K(22937600K), 0.2003715 secs] 79269895K->59639167K(130940928K), 0.2008315 secs] [Times: user=2.70 sys=0.32, real=0.20 secs] 
2024-03-23T01:43:11.119+0800: 118266.539: [GC (Allocation Failure) 2024-03-23T01:43:11.119+0800: 118266.540: [ParNew: 20500520K->830634K(22937600K), 0.2002101 secs] 79299967K->59662998K(130940928K), 0.2006742 secs] [Times: user=2.72 sys=0.31, real=0.20 secs] 
2024-03-23T01:43:24.122+0800: 118279.543: [GC (Allocation Failure) 2024-03-23T01:43:24.122+0800: 118279.543: [ParNew: 20491434K->868756K(22937600K), 0.2718395 secs] 79323798K->59732511K(130940928K), 0.2723042 secs] [Times: user=2.69 sys=1.65, real=0.27 secs] 
2024-03-23T01:43:37.620+0800: 118293.041: [GC (Allocation Failure) 2024-03-23T01:43:37.621+0800: 118293.041: [ParNew: 20493605K->987539K(22937600K), 0.3133656 secs] 79357361K->59881531K(130940928K), 0.3138387 secs] [Times: user=4.85 sys=0.34, real=0.31 secs] 
2024-03-23T01:43:50.541+0800: 118305.962: [GC (Allocation Failure) 2024-03-23T01:43:50.541+0800: 118305.962: [ParNew: 20648339K->905428K(22937600K), 0.2895170 secs] 79542331K->59828027K(130940928K), 0.2900232 secs] [Times: user=4.26 sys=0.35, real=0.29 secs] 
2024-03-23T01:44:01.277+0800: 118316.697: [GC (Allocation Failure) 2024-03-23T01:44:01.277+0800: 118316.698: [ParNew: 20566228K->946174K(22937600K), 0.2110965 secs] 79488827K->59892417K(130940928K), 0.2114883 secs] [Times: user=2.94 sys=0.15, real=0.22 secs] 
2024-03-23T01:44:12.662+0800: 118328.083: [GC (Allocation Failure) 2024-03-23T01:44:12.662+0800: 118328.083: [ParNew: 20606974K->926055K(22937600K), 0.1984406 secs] 79553217K->59899979K(130940928K), 0.1989199 secs] [Times: user=2.32 sys=0.29, real=0.20 secs] 
2024-03-23T01:44:21.944+0800: 118337.365: [GC (Allocation Failure) 2024-03-23T01:44:21.944+0800: 118337.365: [ParNew: 20586855K->972981K(22937600K), 0.2551901 secs] 79560779K->59979991K(130940928K), 0.2556559 secs] [Times: user=2.84 sys=1.11, real=0.26 secs] 
2024-03-23T01:44:35.465+0800: 118350.886: [GC (Allocation Failure) 2024-03-23T01:44:35.466+0800: 118350.886: [ParNew: 20633781K->1027522K(22937600K), 0.2102301 secs] 79640791K->60068293K(130940928K), 0.2106610 secs] [Times: user=2.77 sys=0.28, real=0.21 secs] 
2024-03-23T01:44:49.398+0800: 118364.819: [GC (Allocation Failure) 2024-03-23T01:44:49.399+0800: 118364.820: [ParNew: 20688322K->1118491K(22937600K), 0.3650874 secs] 79729093K->60190593K(130940928K), 0.3654423 secs] [Times: user=5.35 sys=0.66, real=0.36 secs] 
2024-03-23T01:44:59.246+0800: 118374.667: [GC (Allocation Failure) 2024-03-23T01:44:59.246+0800: 118374.667: [ParNew: 20779291K->1042111K(22937600K), 0.2245150 secs] 79851393K->60150584K(130940928K), 0.2249046 secs] [Times: user=3.11 sys=0.19, real=0.23 secs] 
2024-03-23T01:45:09.165+0800: 118384.586: [GC (Allocation Failure) 2024-03-23T01:45:09.165+0800: 118384.586: [ParNew: 20702911K->1055719K(22937600K), 0.2092859 secs] 79811384K->60204111K(130940928K), 0.2097252 secs] [Times: user=2.52 sys=0.43, real=0.21 secs] 
2024-03-23T01:45:22.493+0800: 118397.914: [GC (Allocation Failure) 2024-03-23T01:45:22.493+0800: 118397.914: [ParNew: 20716519K->1173629K(22937600K), 0.2560511 secs] 79864911K->60357530K(130940928K), 0.2565200 secs] [Times: user=2.98 sys=1.11, real=0.26 secs] 
2024-03-23T01:45:33.212+0800: 118408.633: [GC (Allocation Failure) 2024-03-23T01:45:33.212+0800: 118408.633: [ParNew: 20834429K->1129601K(22937600K), 0.2124159 secs] 80018330K->60348128K(130940928K), 0.2128742 secs] [Times: user=2.93 sys=0.33, real=0.21 secs] 
2024-03-23T01:45:43.409+0800: 118418.830: [GC (Allocation Failure) 2024-03-23T01:45:43.409+0800: 118418.830: [ParNew: 20790401K->1317779K(22937600K), 0.1921325 secs] 80008928K->60572544K(130940928K), 0.1925595 secs] [Times: user=2.51 sys=0.33, real=0.19 secs] 
2024-03-23T01:45:53.156+0800: 118428.577: [GC (Allocation Failure) 2024-03-23T01:45:53.156+0800: 118428.577: [ParNew: 20978579K->1139866K(22937600K), 0.2054765 secs] 80233344K->60431555K(130940928K), 0.2059068 secs] [Times: user=2.63 sys=0.40, real=0.21 secs] 
2024-03-23T01:46:03.838+0800: 118439.258: [GC (Allocation Failure) 2024-03-23T01:46:03.838+0800: 118439.259: [ParNew: 20800666K->1149291K(22937600K), 0.2099982 secs] 80092355K->60483405K(130940928K), 0.2105010 secs] [Times: user=3.02 sys=0.14, real=0.21 secs] 
2024-03-23T01:46:12.676+0800: 118448.097: [GC (Allocation Failure) 2024-03-23T01:46:12.676+0800: 118448.097: [ParNew: 20810091K->1223666K(22937600K), 0.2097808 secs] 80144205K->60601854K(130940928K), 0.2102811 secs] [Times: user=2.74 sys=0.40, real=0.21 secs] 
2024-03-23T01:46:20.575+0800: 118455.996: [GC (Allocation Failure) 2024-03-23T01:46:20.575+0800: 118455.996: [ParNew: 20884466K->1169941K(22937600K), 0.2464481 secs] 80262654K->60600127K(130940928K), 0.2469110 secs] [Times: user=3.05 sys=0.74, real=0.25 secs] 
2024-03-23T01:46:30.476+0800: 118465.897: [GC (Allocation Failure) 2024-03-23T01:46:30.477+0800: 118465.898: [ParNew: 20830741K->1140292K(22937600K), 0.2209116 secs] 80260927K->60613782K(130940928K), 0.2213545 secs] [Times: user=3.18 sys=0.19, real=0.23 secs] 
2024-03-23T01:46:39.569+0800: 118474.990: [GC (Allocation Failure) 2024-03-23T01:46:39.569+0800: 118474.990: [ParNew: 20801092K->1210261K(22937600K), 0.2013769 secs] 80274582K->60727478K(130940928K), 0.2018268 secs] [Times: user=2.98 sys=0.05, real=0.20 secs] 
2024-03-23T01:46:48.498+0800: 118483.918: [GC (Allocation Failure) 2024-03-23T01:46:48.498+0800: 118483.919: [ParNew: 20871061K->1134346K(22937600K), 0.1989268 secs] 80388278K->60696860K(130940928K), 0.1993991 secs] [Times: user=3.02 sys=0.00, real=0.19 secs] 
2024-03-23T01:46:56.877+0800: 118492.298: [GC (Allocation Failure) 2024-03-23T01:46:56.877+0800: 118492.298: [ParNew: 20795146K->1110519K(22937600K), 0.2394837 secs] 80357660K->60726143K(130940928K), 0.2399442 secs] [Times: user=3.19 sys=0.49, real=0.24 secs] 
2024-03-23T01:47:07.287+0800: 118502.707: [GC (Allocation Failure) 2024-03-23T01:47:07.287+0800: 118502.708: [ParNew: 20771319K->1108080K(22937600K), 0.2089935 secs] 80386943K->60776568K(130940928K), 0.2094568 secs] [Times: user=2.60 sys=0.55, real=0.21 secs] 
2024-03-23T01:47:16.227+0800: 118511.648: [GC (Allocation Failure) 2024-03-23T01:47:16.228+0800: 118511.648: [ParNew: 20768880K->1167475K(22937600K), 0.1897205 secs] 80437368K->60885514K(130940928K), 0.1901740 secs] [Times: user=2.60 sys=0.20, real=0.20 secs] 
2024-03-23T01:47:24.469+0800: 118519.889: [GC (Allocation Failure) 2024-03-23T01:47:24.469+0800: 118519.890: [ParNew: 20828275K->1121401K(22937600K), 0.2590660 secs] 80546314K->60892341K(130940928K), 0.2595957 secs] [Times: user=2.89 sys=1.17, real=0.26 secs] 
2024-03-23T01:47:33.934+0800: 118529.355: [GC (Allocation Failure) 2024-03-23T01:47:33.934+0800: 118529.355: [ParNew: 20782201K->1042070K(22937600K), 0.2443010 secs] 80553141K->60864417K(130940928K), 0.2447728 secs] [Times: user=2.96 sys=0.83, real=0.25 secs] 
2024-03-23T01:47:42.031+0800: 118537.452: [GC (Allocation Failure) 2024-03-23T01:47:42.031+0800: 118537.452: [ParNew: 20702870K->956420K(22937600K), 0.2027558 secs] 80525217K->60829028K(130940928K), 0.2032051 secs] [Times: user=2.99 sys=0.00, real=0.20 secs] 
2024-03-23T01:47:49.822+0800: 118545.243: [GC (Allocation Failure) 2024-03-23T01:47:49.823+0800: 118545.244: [ParNew: 20617220K->1025315K(22937600K), 0.2068682 secs] 80489828K->60953901K(130940928K), 0.2073168 secs] [Times: user=3.14 sys=0.00, real=0.21 secs] 
2024-03-23T01:48:01.136+0800: 118556.557: [GC (Allocation Failure) 2024-03-23T01:48:01.137+0800: 118556.557: [ParNew: 20686115K->1078674K(22937600K), 0.2078262 secs] 80614701K->61057099K(130940928K), 0.2082985 secs] [Times: user=2.58 sys=0.56, real=0.21 secs] 
2024-03-23T01:48:08.563+0800: 118563.984: [GC (Allocation Failure) 2024-03-23T01:48:08.563+0800: 118563.984: [ParNew: 20739474K->979856K(22937600K), 0.1981249 secs] 80717899K->61010369K(130940928K), 0.1985759 secs] [Times: user=2.58 sys=0.41, real=0.20 secs] 
2024-03-23T01:48:16.900+0800: 118572.321: [GC (Allocation Failure) 2024-03-23T01:48:16.900+0800: 118572.321: [ParNew: 20640656K->945863K(22937600K), 0.2128064 secs] 80671169K->61023460K(130940928K), 0.2132451 secs] [Times: user=3.43 sys=0.00, real=0.21 secs] 
2024-03-23T01:48:25.864+0800: 118581.285: [GC (Allocation Failure) 2024-03-23T01:48:25.864+0800: 118581.285: [ParNew: 20606663K->1084639K(22937600K), 0.2807080 secs] 80684260K->61207284K(130940928K), 0.2811488 secs] [Times: user=2.66 sys=1.55, real=0.28 secs] 
2024-03-23T01:48:35.347+0800: 118590.767: [GC (Allocation Failure) 2024-03-23T01:48:35.347+0800: 118590.768: [ParNew: 20745439K->931103K(22937600K), 0.2115835 secs] 80868084K->61099243K(130940928K), 0.2120517 secs] [Times: user=2.47 sys=0.75, real=0.22 secs] 
2024-03-23T01:48:44.724+0800: 118600.145: [GC (Allocation Failure) 2024-03-23T01:48:44.725+0800: 118600.145: [ParNew: 20591903K->995440K(22937600K), 0.1913561 secs] 80760043K->61204797K(130940928K), 0.1917896 secs] [Times: user=2.92 sys=0.00, real=0.19 secs] 
2024-03-23T01:48:54.620+0800: 118610.041: [GC (Allocation Failure) 2024-03-23T01:48:54.620+0800: 118610.041: [ParNew: 20656240K->994072K(22937600K), 0.1938867 secs] 80865597K->61246499K(130940928K), 0.1943211 secs] [Times: user=2.52 sys=0.40, real=0.19 secs] 
2024-03-23T01:49:02.303+0800: 118617.723: [GC (Allocation Failure) 2024-03-23T01:49:02.303+0800: 118617.724: [ParNew: 20654872K->929891K(22937600K), 0.2114200 secs] 80907299K->61218265K(130940928K), 0.2118902 secs] [Times: user=2.63 sys=0.43, real=0.21 secs] 
2024-03-23T01:49:10.507+0800: 118625.928: [GC (Allocation Failure) 2024-03-23T01:49:10.507+0800: 118625.928: [ParNew: 20590691K->990855K(22937600K), 0.1908696 secs] 80879065K->61314818K(130940928K), 0.1913084 secs] [Times: user=2.44 sys=0.30, real=0.20 secs] 
2024-03-23T01:49:19.311+0800: 118634.732: [GC (Allocation Failure) 2024-03-23T01:49:19.311+0800: 118634.732: [ParNew: 20651655K->1055883K(22937600K), 0.2650707 secs] 80975618K->61415834K(130940928K), 0.2655239 secs] [Times: user=2.94 sys=1.28, real=0.26 secs] 
2024-03-23T01:49:28.497+0800: 118643.918: [GC (Allocation Failure) 2024-03-23T01:49:28.497+0800: 118643.918: [ParNew: 20716683K->1040414K(22937600K), 0.1891029 secs] 81076634K->61435538K(130940928K), 0.1895457 secs] [Times: user=2.56 sys=0.32, real=0.19 secs] 
2024-03-23T01:49:35.810+0800: 118651.231: [GC (Allocation Failure) 2024-03-23T01:49:35.810+0800: 118651.231: [ParNew: 20701214K->1066730K(22937600K), 0.1983820 secs] 81096338K->61497748K(130940928K), 0.1988137 secs] [Times: user=2.46 sys=0.46, real=0.20 secs] 
2024-03-23T01:49:43.870+0800: 118659.291: [GC (Allocation Failure) 2024-03-23T01:49:43.870+0800: 118659.291: [ParNew: 20727530K->972392K(22937600K), 0.1898405 secs] 81158548K->61444064K(130940928K), 0.1902868 secs] [Times: user=2.93 sys=0.00, real=0.19 secs] 
2024-03-23T01:49:51.865+0800: 118667.285: [GC (Allocation Failure) 2024-03-23T01:49:51.865+0800: 118667.286: [ParNew: 20633192K->991940K(22937600K), 0.1927263 secs] 81104864K->61509886K(130940928K), 0.1931582 secs] [Times: user=2.97 sys=0.00, real=0.20 secs] 
2024-03-23T01:50:00.102+0800: 118675.523: [GC (Allocation Failure) 2024-03-23T01:50:00.102+0800: 118675.523: [ParNew: 20652740K->887185K(22937600K), 0.2190230 secs] 81170686K->61459865K(130940928K), 0.2194560 secs] [Times: user=3.14 sys=0.26, real=0.22 secs] 
2024-03-23T01:50:05.146+0800: 118680.566: [GC (Allocation Failure) 2024-03-23T01:50:05.146+0800: 118680.567: [ParNew: 20547985K->877142K(22937600K), 0.2135604 secs] 81120665K->61501762K(130940928K), 0.2139734 secs] [Times: user=2.93 sys=0.39, real=0.22 secs] 
2024-03-23T01:50:12.926+0800: 118688.346: [GC (Allocation Failure) 2024-03-23T01:50:12.926+0800: 118688.347: [ParNew: 20537942K->943505K(22937600K), 0.1859053 secs] 81162562K->61612009K(130940928K), 0.1863518 secs] [Times: user=2.57 sys=0.18, real=0.19 secs] 
2024-03-23T01:50:17.895+0800: 118693.316: [GC (Allocation Failure) 2024-03-23T01:50:17.896+0800: 118693.316: [ParNew: 20604305K->1009308K(22937600K), 0.2576349 secs] 81272809K->61717255K(130940928K), 0.2580674 secs] [Times: user=2.85 sys=1.33, real=0.26 secs] 
2024-03-23T01:50:22.926+0800: 118698.346: [GC (Allocation Failure) 2024-03-23T01:50:22.926+0800: 118698.347: [ParNew: 20670108K->826073K(22937600K), 0.2059321 secs] 81378055K->61575121K(130940928K), 0.2063610 secs] [Times: user=2.83 sys=0.32, real=0.21 secs] 
2024-03-23T01:50:28.553+0800: 118703.974: [GC (Allocation Failure) 2024-03-23T01:50:28.553+0800: 118703.974: [ParNew: 20486873K->859360K(22937600K), 0.1917393 secs] 81235921K->61649093K(130940928K), 0.1921921 secs] [Times: user=2.29 sys=0.52, real=0.19 secs] 
2024-03-23T01:50:34.390+0800: 118709.811: [GC (Allocation Failure) 2024-03-23T01:50:34.390+0800: 118709.811: [ParNew: 20520160K->877006K(22937600K), 0.2026407 secs] 81309893K->61704225K(130940928K), 0.2030816 secs] [Times: user=2.87 sys=0.36, real=0.20 secs] 
2024-03-23T01:50:39.568+0800: 118714.989: [GC (Allocation Failure) 2024-03-23T01:50:39.568+0800: 118714.989: [ParNew: 20537806K->802903K(22937600K), 0.1771622 secs] 81365025K->61671446K(130940928K), 0.1775847 secs] [Times: user=2.86 sys=0.00, real=0.17 secs] 
2024-03-23T01:50:49.854+0800: 118725.275: [GC (Allocation Failure) 2024-03-23T01:50:49.855+0800: 118725.275: [ParNew: 20463703K->759567K(22937600K), 0.1846619 secs] 81332246K->61667772K(130940928K), 0.1851147 secs] [Times: user=2.49 sys=0.39, real=0.19 secs] 
2024-03-23T01:50:58.186+0800: 118733.607: [GC (Allocation Failure) 2024-03-23T01:50:58.187+0800: 118733.607: [ParNew: 20420367K->791577K(22937600K), 0.1899514 secs] 81328572K->61738303K(130940928K), 0.1903779 secs] [Times: user=2.44 sys=0.45, real=0.19 secs] 
2024-03-23T01:51:04.821+0800: 118740.242: [GC (Allocation Failure) 2024-03-23T01:51:04.821+0800: 118740.242: [ParNew: 20452377K->838538K(22937600K), 0.1902264 secs] 81399103K->61827378K(130940928K), 0.1906465 secs] [Times: user=2.90 sys=0.00, real=0.19 secs] 
2024-03-23T01:51:14.682+0800: 118750.103: [GC (Allocation Failure) 2024-03-23T01:51:14.682+0800: 118750.103: [ParNew: 20499338K->853494K(22937600K), 0.1858971 secs] 81488178K->61887081K(130940928K), 0.1862891 secs] [Times: user=2.36 sys=0.11, real=0.19 secs] 
2024-03-23T01:51:25.197+0800: 118760.617: [GC (Allocation Failure) 2024-03-23T01:51:25.197+0800: 118760.618: [ParNew: 20514294K->830357K(22937600K), 0.2661678 secs] 81547881K->61904082K(130940928K), 0.2667932 secs] [Times: user=2.89 sys=1.31, real=0.27 secs] 
2024-03-23T01:51:35.006+0800: 118770.426: [GC (Allocation Failure) 2024-03-23T01:51:35.006+0800: 118770.427: [ParNew: 20491157K->813785K(22937600K), 0.2003778 secs] 81564882K->61927110K(130940928K), 0.2008242 secs] [Times: user=2.75 sys=0.26, real=0.20 secs] 
2024-03-23T01:51:44.930+0800: 118780.351: [GC (Allocation Failure) 2024-03-23T01:51:44.930+0800: 118780.351: [ParNew: 20474585K->893915K(22937600K), 0.2125915 secs] 81587910K->62046259K(130940928K), 0.2130330 secs] [Times: user=2.79 sys=0.48, real=0.21 secs] 
2024-03-23T01:51:54.673+0800: 118790.094: [GC (Allocation Failure) 2024-03-23T01:51:54.673+0800: 118790.094: [ParNew: 20554715K->849040K(22937600K), 0.2138009 secs] 81707059K->62038400K(130940928K), 0.2142418 secs] [Times: user=3.25 sys=0.07, real=0.21 secs] 
2024-03-23T01:52:06.004+0800: 118801.425: [GC (Allocation Failure) 2024-03-23T01:52:06.004+0800: 118801.425: [ParNew: 20509840K->836384K(22937600K), 0.1994737 secs] 81699200K->62056709K(130940928K), 0.1999358 secs] [Times: user=2.46 sys=0.58, real=0.20 secs] 
2024-03-23T01:52:16.809+0800: 118812.230: [GC (Allocation Failure) 2024-03-23T01:52:16.809+0800: 118812.230: [ParNew: 20497184K->903920K(22937600K), 0.1804216 secs] 81717509K->62159553K(130940928K), 0.1808801 secs] [Times: user=2.85 sys=0.00, real=0.18 secs] 
2024-03-23T01:52:25.577+0800: 118820.998: [GC (Allocation Failure) 2024-03-23T01:52:25.577+0800: 118820.998: [ParNew: 20564720K->937308K(22937600K), 0.2626797 secs] 81820353K->62222790K(130940928K), 0.2631793 secs] [Times: user=2.69 sys=1.36, real=0.27 secs] 
2024-03-23T01:52:35.263+0800: 118830.683: [GC (Allocation Failure) 2024-03-23T01:52:35.263+0800: 118830.684: [ParNew: 20598108K->1075904K(22937600K), 0.2077822 secs] 81883590K->62390028K(130940928K), 0.2081744 secs] [Times: user=2.84 sys=0.32, real=0.21 secs] 
2024-03-23T01:52:47.444+0800: 118842.865: [GC (Allocation Failure) 2024-03-23T01:52:47.445+0800: 118842.866: [ParNew: 20736704K->885665K(22937600K), 0.1991087 secs] 82050828K->62226102K(130940928K), 0.1995361 secs] [Times: user=2.91 sys=0.12, real=0.20 secs] 
2024-03-23T01:52:58.344+0800: 118853.764: [GC (Allocation Failure) 2024-03-23T01:52:58.344+0800: 118853.765: [ParNew: 20546465K->974703K(22937600K), 0.3144002 secs] 81886902K->62339968K(130940928K), 0.3148461 secs] [Times: user=5.08 sys=0.12, real=0.32 secs] 
2024-03-23T01:53:08.884+0800: 118864.305: [GC (Allocation Failure) 2024-03-23T01:53:08.885+0800: 118864.306: [ParNew: 20635503K->962277K(22937600K), 0.1948521 secs] 82000768K->62352787K(130940928K), 0.1952953 secs] [Times: user=2.92 sys=0.01, real=0.20 secs] 
2024-03-23T01:53:20.324+0800: 118875.745: [GC (Allocation Failure) 2024-03-23T01:53:20.325+0800: 118875.746: [ParNew: 20623077K->919119K(22937600K), 0.2610337 secs] 82013587K->62342578K(130940928K), 0.2616087 secs] [Times: user=3.01 sys=1.12, real=0.26 secs] 
2024-03-23T01:53:34.630+0800: 118890.051: [GC (Allocation Failure) 2024-03-23T01:53:34.630+0800: 118890.051: [ParNew: 20579919K->904695K(22937600K), 0.2009774 secs] 82003378K->62370069K(130940928K), 0.2014319 secs] [Times: user=2.67 sys=0.31, real=0.20 secs] 
2024-03-23T01:53:45.611+0800: 118901.032: [GC (Allocation Failure) 2024-03-23T01:53:45.611+0800: 118901.032: [ParNew: 20565495K->846940K(22937600K), 0.1854984 secs] 82030869K->62348394K(130940928K), 0.1859535 secs] [Times: user=2.38 sys=0.34, real=0.18 secs] 
2024-03-23T01:53:56.086+0800: 118911.507: [GC (Allocation Failure) 2024-03-23T01:53:56.086+0800: 118911.507: [ParNew: 20507740K->855015K(22937600K), 0.2162624 secs] 82009194K->62398315K(130940928K), 0.2166994 secs] [Times: user=3.16 sys=0.11, real=0.22 secs] 
2024-03-23T01:54:05.809+0800: 118921.230: [GC (Allocation Failure) 2024-03-23T01:54:05.810+0800: 118921.231: [ParNew: 20515815K->858000K(22937600K), 0.2022892 secs] 82059115K->62444715K(130940928K), 0.2027436 secs] [Times: user=2.42 sys=0.50, real=0.20 secs] 
2024-03-23T01:54:18.426+0800: 118933.847: [GC (Allocation Failure) 2024-03-23T01:54:18.426+0800: 118933.847: [ParNew: 20518800K->867115K(22937600K), 0.2382824 secs] 82105515K->62499565K(130940928K), 0.2387522 secs] [Times: user=2.34 sys=1.35, real=0.24 secs] 
2024-03-23T01:54:32.398+0800: 118947.819: [GC (Allocation Failure) 2024-03-23T01:54:32.398+0800: 118947.819: [ParNew: 20527915K->795421K(22937600K), 0.3458653 secs] 82160365K->62469478K(130940928K), 0.3462382 secs] [Times: user=5.08 sys=0.16, real=0.34 secs] 
2024-03-23T01:54:43.484+0800: 118958.904: [GC (Allocation Failure) 2024-03-23T01:54:43.484+0800: 118958.905: [ParNew: 20456221K->798435K(22937600K), 0.1920978 secs] 82130278K->62512081K(130940928K), 0.1925769 secs] [Times: user=2.24 sys=0.28, real=0.19 secs] 
2024-03-23T01:54:53.181+0800: 118968.602: [GC (Allocation Failure) 2024-03-23T01:54:53.182+0800: 118968.602: [ParNew: 20459235K->767940K(22937600K), 0.1993064 secs] 82172881K->62528314K(130940928K), 0.1997865 secs] [Times: user=2.19 sys=0.31, real=0.20 secs] 
2024-03-23T01:55:01.890+0800: 118977.311: [GC (Allocation Failure) 2024-03-23T01:55:01.891+0800: 118977.312: [ParNew: 20428740K->835279K(22937600K), 0.2002971 secs] 82189114K->62637378K(130940928K), 0.2007367 secs] [Times: user=2.77 sys=0.00, real=0.20 secs] 
2024-03-23T01:55:11.376+0800: 118986.797: [GC (Allocation Failure) 2024-03-23T01:55:11.377+0800: 118986.797: [ParNew: 20496079K->810560K(22937600K), 0.2090013 secs] 82298178K->62651651K(130940928K), 0.2094553 secs] [Times: user=2.96 sys=0.00, real=0.21 secs] 
2024-03-23T01:55:21.154+0800: 118996.575: [GC (Allocation Failure) 2024-03-23T01:55:21.154+0800: 118996.575: [ParNew: 20471360K->815265K(22937600K), 0.2315561 secs] 82312451K->62691989K(130940928K), 0.2320057 secs] [Times: user=1.97 sys=1.42, real=0.23 secs] 
2024-03-23T01:55:31.680+0800: 119007.101: [GC (Allocation Failure) 2024-03-23T01:55:31.680+0800: 119007.101: [ParNew: 20476065K->757389K(22937600K), 0.2081928 secs] 82352789K->62660632K(130940928K), 0.2086484 secs] [Times: user=2.93 sys=0.09, real=0.21 secs] 
2024-03-23T01:55:41.888+0800: 119017.309: [GC (Allocation Failure) 2024-03-23T01:55:41.888+0800: 119017.309: [ParNew: 20418189K->744330K(22937600K), 0.1973472 secs] 82321432K->62675564K(130940928K), 0.1978119 secs] [Times: user=2.85 sys=0.00, real=0.19 secs] 
2024-03-23T01:55:50.964+0800: 119026.384: [GC (Allocation Failure) 2024-03-23T01:55:50.964+0800: 119026.385: [ParNew: 20405130K->790614K(22937600K), 0.1792166 secs] 82336364K->62750937K(130940928K), 0.1796438 secs] [Times: user=1.99 sys=0.25, real=0.18 secs] 
2024-03-23T01:56:01.047+0800: 119036.468: [GC (Allocation Failure) 2024-03-23T01:56:01.047+0800: 119036.468: [ParNew: 20451414K->771120K(22937600K), 0.2225375 secs] 82411737K->62762201K(130940928K), 0.2229777 secs] [Times: user=2.70 sys=0.41, real=0.23 secs] 
2024-03-23T01:56:11.848+0800: 119047.269: [GC (Allocation Failure) 2024-03-23T01:56:11.848+0800: 119047.269: [ParNew: 20431920K->797871K(22937600K), 0.2056980 secs] 82423001K->62818352K(130940928K), 0.2061196 secs] [Times: user=2.67 sys=0.04, real=0.20 secs] 
2024-03-23T01:56:21.836+0800: 119057.257: [GC (Allocation Failure) 2024-03-23T01:56:21.837+0800: 119057.258: [ParNew: 20458671K->917692K(22937600K), 0.1608409 secs] 82479152K->62966959K(130940928K), 0.1613126 secs] [Times: user=2.05 sys=0.05, real=0.17 secs] 
2024-03-23T01:56:34.790+0800: 119070.211: [GC (Allocation Failure) 2024-03-23T01:56:34.790+0800: 119070.211: [ParNew: 20578492K->864563K(22937600K), 0.2959921 secs] 82627759K->62943994K(130940928K), 0.2964612 secs] [Times: user=2.87 sys=1.41, real=0.29 secs] 
2024-03-23T01:56:47.526+0800: 119082.947: [GC (Allocation Failure) 2024-03-23T01:56:47.526+0800: 119082.947: [ParNew: 20525363K->848027K(22937600K), 0.1893639 secs] 82604794K->62957413K(130940928K), 0.1897730 secs] [Times: user=2.00 sys=0.39, real=0.19 secs] 
2024-03-23T01:56:57.472+0800: 119092.893: [GC (Allocation Failure) 2024-03-23T01:56:57.472+0800: 119092.893: [ParNew: 20508827K->857764K(22937600K), 0.2132799 secs] 82618213K->62996631K(130940928K), 0.2136692 secs] [Times: user=2.46 sys=0.35, real=0.21 secs] 
2024-03-23T01:57:06.331+0800: 119101.752: [GC (Allocation Failure) 2024-03-23T01:57:06.331+0800: 119101.752: [ParNew: 20518564K->809752K(22937600K), 0.1865852 secs] 82657431K->62977806K(130940928K), 0.1870176 secs] [Times: user=2.06 sys=0.28, real=0.19 secs] 
2024-03-23T01:57:16.316+0800: 119111.737: [GC (Allocation Failure) 2024-03-23T01:57:16.317+0800: 119111.738: [ParNew: 20470552K->803221K(22937600K), 0.3365153 secs] 82638606K->63003646K(130940928K), 0.3369005 secs] [Times: user=4.65 sys=0.40, real=0.34 secs] 
2024-03-23T01:57:28.583+0800: 119124.003: [GC (Allocation Failure) 2024-03-23T01:57:28.583+0800: 119124.004: [ParNew: 20464021K->759583K(22937600K), 0.2471598 secs] 82664446K->62991636K(130940928K), 0.2476627 secs] [Times: user=2.52 sys=1.14, real=0.25 secs] 
2024-03-23T01:57:40.411+0800: 119135.832: [GC (Allocation Failure) 2024-03-23T01:57:40.412+0800: 119135.833: [ParNew: 20420383K->782695K(22937600K), 0.1737713 secs] 82652436K->63044292K(130940928K), 0.1742397 secs] [Times: user=1.98 sys=0.39, real=0.17 secs] 
2024-03-23T01:57:50.664+0800: 119146.085: [GC (Allocation Failure) 2024-03-23T01:57:50.664+0800: 119146.085: [ParNew: 20443495K->700254K(22937600K), 0.1799575 secs] 82705092K->62988444K(130940928K), 0.1804359 secs] [Times: user=2.11 sys=0.36, real=0.18 secs] 
2024-03-23T01:58:01.299+0800: 119156.720: [GC (Allocation Failure) 2024-03-23T01:58:01.299+0800: 119156.720: [ParNew: 20361054K->800653K(22937600K), 0.1847210 secs] 82649244K->63114235K(130940928K), 0.1851881 secs] [Times: user=2.54 sys=0.00, real=0.18 secs] 
2024-03-23T01:58:10.880+0800: 119166.301: [GC (Allocation Failure) 2024-03-23T01:58:10.880+0800: 119166.301: [ParNew: 20461453K->803001K(22937600K), 0.1859143 secs] 82775035K->63142226K(130940928K), 0.1864248 secs] [Times: user=2.16 sys=0.36, real=0.18 secs] 
2024-03-23T01:58:20.842+0800: 119176.263: [GC (Allocation Failure) 2024-03-23T01:58:20.842+0800: 119176.263: [ParNew: 20463801K->766660K(22937600K), 0.1974618 secs] 82803026K->63131234K(130940928K), 0.1979450 secs] [Times: user=2.83 sys=0.00, real=0.20 secs] 
2024-03-23T01:58:34.913+0800: 119190.334: [GC (Allocation Failure) 2024-03-23T01:58:34.913+0800: 119190.334: [ParNew: 20427460K->797919K(22937600K), 0.4592307 secs] 82792034K->63188954K(130940928K), 0.4597494 secs] [Times: user=3.25 sys=4.23, real=0.46 secs] 
2024-03-23T01:58:50.265+0800: 119205.686: [GC (Allocation Failure) 2024-03-23T01:58:50.265+0800: 119205.686: [ParNew: 20458719K->789307K(22937600K), 0.2296334 secs] 82849754K->63214643K(130940928K), 0.2301162 secs] [Times: user=2.90 sys=0.45, real=0.23 secs] 
2024-03-23T01:59:02.022+0800: 119217.443: [GC (Allocation Failure) 2024-03-23T01:59:02.022+0800: 119217.443: [ParNew: 20450107K->778891K(22937600K), 0.2006324 secs] 82875443K->63238526K(130940928K), 0.2011277 secs] [Times: user=2.40 sys=0.26, real=0.20 secs] 
2024-03-23T01:59:12.029+0800: 119227.449: [GC (Allocation Failure) 2024-03-23T01:59:12.029+0800: 119227.450: [ParNew: 20439691K->768710K(22937600K), 0.1976195 secs] 82899326K->63261498K(130940928K), 0.1980466 secs] [Times: user=2.21 sys=0.31, real=0.19 secs] 
2024-03-23T01:59:24.651+0800: 119240.072: [GC (Allocation Failure) 2024-03-23T01:59:24.652+0800: 119240.073: [ParNew: 20429510K->729467K(22937600K), 0.2059100 secs] 82922298K->63247731K(130940928K), 0.2063104 secs] [Times: user=2.20 sys=0.58, real=0.21 secs] 
2024-03-23T01:59:34.691+0800: 119250.112: [GC (Allocation Failure) 2024-03-23T01:59:34.691+0800: 119250.112: [ParNew: 20390267K->786515K(22937600K), 0.1658250 secs] 82908531K->63329108K(130940928K), 0.1662888 secs] [Times: user=2.16 sys=0.07, real=0.16 secs] 
2024-03-23T01:59:47.439+0800: 119262.860: [GC (Allocation Failure) 2024-03-23T01:59:47.439+0800: 119262.860: [ParNew: 20447315K->763431K(22937600K), 0.3072157 secs] 82989908K->63331828K(130940928K), 0.3077111 secs] [Times: user=2.27 sys=2.46, real=0.30 secs] 
2024-03-23T01:59:58.446+0800: 119273.867: [GC (Allocation Failure) 2024-03-23T01:59:58.447+0800: 119273.867: [ParNew: 20424231K->836570K(22937600K), 0.1842560 secs] 82992628K->63433369K(130940928K), 0.1847095 secs] [Times: user=2.17 sys=0.35, real=0.19 secs] 
2024-03-23T02:00:09.591+0800: 119285.012: [GC (Allocation Failure) 2024-03-23T02:00:09.591+0800: 119285.012: [ParNew: 20497370K->784578K(22937600K), 0.2048849 secs] 83094169K->63407597K(130940928K), 0.2053688 secs] [Times: user=2.53 sys=0.43, real=0.20 secs] 
2024-03-23T02:00:19.316+0800: 119294.737: [GC (Allocation Failure) 2024-03-23T02:00:19.317+0800: 119294.737: [ParNew: 20445378K->881222K(22937600K), 0.1868158 secs] 83068397K->63532460K(130940928K), 0.1872825 secs] [Times: user=2.17 sys=0.33, real=0.19 secs] 
2024-03-23T02:00:30.064+0800: 119305.485: [GC (Allocation Failure) 2024-03-23T02:00:30.064+0800: 119305.485: [ParNew: 20542022K->970768K(22937600K), 0.2050760 secs] 83193260K->63650485K(130940928K), 0.2055474 secs] [Times: user=2.66 sys=0.43, real=0.21 secs] 
2024-03-23T02:00:39.029+0800: 119314.450: [GC (Allocation Failure) 2024-03-23T02:00:39.029+0800: 119314.450: [ParNew: 20631568K->1006678K(22937600K), 0.2730572 secs] 83311285K->63716396K(130940928K), 0.2735063 secs] [Times: user=3.24 sys=1.10, real=0.27 secs] 
2024-03-23T02:00:50.571+0800: 119325.992: [GC (Allocation Failure) 2024-03-23T02:00:50.572+0800: 119325.992: [ParNew: 20667478K->1044281K(22937600K), 0.1988286 secs] 83377196K->63781590K(130940928K), 0.1992958 secs] [Times: user=2.82 sys=0.22, real=0.20 secs] 
2024-03-23T02:01:00.439+0800: 119335.859: [GC (Allocation Failure) 2024-03-23T02:01:00.439+0800: 119335.860: [ParNew: 20705081K->1036494K(22937600K), 0.2003753 secs] 83442390K->63803858K(130940928K), 0.2008414 secs] [Times: user=2.53 sys=0.36, real=0.20 secs] 
2024-03-23T02:01:10.389+0800: 119345.810: [GC (Allocation Failure) 2024-03-23T02:01:10.389+0800: 119345.810: [ParNew: 20697294K->1223486K(22937600K), 0.2198408 secs] 83464658K->64021243K(130940928K), 0.2202513 secs] [Times: user=2.51 sys=0.37, real=0.22 secs] 
2024-03-23T02:01:22.121+0800: 119357.542: [GC (Allocation Failure) 2024-03-23T02:01:22.122+0800: 119357.542: [ParNew: 20884286K->1109791K(22937600K), 0.3809751 secs] 83682043K->63937361K(130940928K), 0.3813960 secs] [Times: user=5.47 sys=0.22, real=0.38 secs] 
2024-03-23T02:01:35.072+0800: 119370.493: [GC (Allocation Failure) 2024-03-23T02:01:35.073+0800: 119370.494: [ParNew: 20770591K->1165872K(22937600K), 0.2165577 secs] 83598161K->64027579K(130940928K), 0.2170365 secs] [Times: user=3.01 sys=0.00, real=0.22 secs] 
2024-03-23T02:01:45.370+0800: 119380.791: [GC (Allocation Failure) 2024-03-23T02:01:45.370+0800: 119380.791: [ParNew: 20826672K->1165990K(22937600K), 0.2739267 secs] 83688379K->64062944K(130940928K), 0.2744060 secs] [Times: user=2.92 sys=1.06, real=0.27 secs] 
2024-03-23T02:01:56.578+0800: 119391.999: [GC (Allocation Failure) 2024-03-23T02:01:56.578+0800: 119391.999: [ParNew: 20826790K->1117687K(22937600K), 0.2368217 secs] 83723744K->64051723K(130940928K), 0.2372777 secs] [Times: user=3.01 sys=0.42, real=0.23 secs] 
2024-03-23T02:02:09.104+0800: 119404.525: [GC (Allocation Failure) 2024-03-23T02:02:09.104+0800: 119404.525: [ParNew: 20778487K->1236196K(22937600K), 0.2324527 secs] 83712523K->64204421K(130940928K), 0.2329082 secs] [Times: user=2.90 sys=0.47, real=0.23 secs] 
2024-03-23T02:02:21.851+0800: 119417.272: [GC (Allocation Failure) 2024-03-23T02:02:21.851+0800: 119417.272: [ParNew: 20896996K->1136547K(22937600K), 0.2232453 secs] 83865221K->64143798K(130940928K), 0.2237030 secs] [Times: user=2.68 sys=0.52, real=0.22 secs] 
2024-03-23T02:02:32.787+0800: 119428.207: [GC (Allocation Failure) 2024-03-23T02:02:32.787+0800: 119428.208: [ParNew: 20797347K->1227957K(22937600K), 0.2175876 secs] 83804598K->64276366K(130940928K), 0.2180511 secs] [Times: user=2.51 sys=0.51, real=0.22 secs] 
2024-03-23T02:02:42.499+0800: 119437.920: [GC (Allocation Failure) 2024-03-23T02:02:42.499+0800: 119437.920: [ParNew: 20888757K->1166966K(22937600K), 0.2619444 secs] 83937166K->64260190K(130940928K), 0.2624022 secs] [Times: user=3.04 sys=0.73, real=0.26 secs] 
2024-03-23T02:02:54.898+0800: 119450.319: [GC (Allocation Failure) 2024-03-23T02:02:54.898+0800: 119450.319: [ParNew: 20827766K->1166831K(22937600K), 0.2153619 secs] 83920990K->64304281K(130940928K), 0.2158323 secs] [Times: user=2.78 sys=0.29, real=0.21 secs] 
2024-03-23T02:03:07.404+0800: 119462.825: [GC (Allocation Failure) 2024-03-23T02:03:07.404+0800: 119462.825: [ParNew: 20827631K->1123255K(22937600K), 0.2053072 secs] 83965081K->64309078K(130940928K), 0.2057676 secs] [Times: user=2.53 sys=0.36, real=0.21 secs] 
2024-03-23T02:03:18.107+0800: 119473.528: [GC (Allocation Failure) 2024-03-23T02:03:18.108+0800: 119473.528: [ParNew: 20784055K->1105574K(22937600K), 0.2243088 secs] 83969878K->64353168K(130940928K), 0.2247371 secs] [Times: user=2.68 sys=0.43, real=0.23 secs] 
2024-03-23T02:03:28.838+0800: 119484.259: [GC (Allocation Failure) 2024-03-23T02:03:28.838+0800: 119484.259: [ParNew: 20766374K->1174135K(22937600K), 0.2292852 secs] 84013968K->64486782K(130940928K), 0.2297723 secs] [Times: user=3.06 sys=0.12, real=0.23 secs] 
2024-03-23T02:03:40.669+0800: 119496.090: [GC (Allocation Failure) 2024-03-23T02:03:40.669+0800: 119496.090: [ParNew: 20834935K->1130215K(22937600K), 0.3126962 secs] 84147582K->64499515K(130940928K), 0.3131670 secs] [Times: user=4.50 sys=0.21, real=0.31 secs] 
2024-03-23T02:03:50.784+0800: 119506.205: [GC (Allocation Failure) 2024-03-23T02:03:50.784+0800: 119506.205: [ParNew: 20791015K->1330186K(22937600K), 0.3553715 secs] 84160315K->64755303K(130940928K), 0.3558342 secs] [Times: user=2.73 sys=2.58, real=0.36 secs] 
2024-03-23T02:04:03.819+0800: 119519.240: [GC (Allocation Failure) 2024-03-23T02:04:03.819+0800: 119519.240: [ParNew: 20990986K->1069146K(22937600K), 0.2603395 secs] 84416103K->64540618K(130940928K), 0.2608102 secs] [Times: user=3.19 sys=0.54, real=0.26 secs] 
2024-03-23T02:04:14.272+0800: 119529.693: [GC (Allocation Failure) 2024-03-23T02:04:14.272+0800: 119529.693: [ParNew: 20729946K->1142452K(22937600K), 0.2216620 secs] 84201418K->64655843K(130940928K), 0.2221440 secs] [Times: user=2.49 sys=0.35, real=0.22 secs] 
2024-03-23T02:04:28.055+0800: 119543.476: [GC (Allocation Failure) 2024-03-23T02:04:28.056+0800: 119543.476: [ParNew: 20803252K->1126234K(22937600K), 0.2171336 secs] 84316643K->64685563K(130940928K), 0.2175967 secs] [Times: user=2.48 sys=0.52, real=0.22 secs] 
2024-03-23T02:04:39.907+0800: 119555.328: [GC (Allocation Failure) 2024-03-23T02:04:39.908+0800: 119555.328: [ParNew: 20787034K->1092370K(22937600K), 0.3031428 secs] 84346363K->64694191K(130940928K), 0.3035813 secs] [Times: user=4.21 sys=0.38, real=0.31 secs] 
2024-03-23T02:04:50.477+0800: 119565.898: [GC (Allocation Failure) 2024-03-23T02:04:50.478+0800: 119565.898: [ParNew: 20753170K->1062129K(22937600K), 0.2266822 secs] 84354991K->64706820K(130940928K), 0.2271980 secs] [Times: user=3.30 sys=0.00, real=0.23 secs] 
2024-03-23T02:05:00.560+0800: 119575.981: [GC (Allocation Failure) 2024-03-23T02:05:00.560+0800: 119575.981: [ParNew: 20722929K->1007539K(22937600K), 0.3027657 secs] 84367620K->64696432K(130940928K), 0.3032473 secs] [Times: user=2.60 sys=1.92, real=0.30 secs] 
2024-03-23T02:05:12.472+0800: 119587.893: [GC (Allocation Failure) 2024-03-23T02:05:12.473+0800: 119587.894: [ParNew: 20668339K->1143774K(22937600K), 0.2272812 secs] 84357232K->64875738K(130940928K), 0.2277840 secs] [Times: user=2.63 sys=0.57, real=0.23 secs] 
2024-03-23T02:05:21.973+0800: 119597.393: [GC (Allocation Failure) 2024-03-23T02:05:21.973+0800: 119597.394: [ParNew: 20804574K->1061027K(22937600K), 0.2264546 secs] 84536538K->64842874K(130940928K), 0.2269045 secs] [Times: user=3.08 sys=0.06, real=0.23 secs] 
2024-03-23T02:05:30.703+0800: 119606.123: [GC (Allocation Failure) 2024-03-23T02:05:30.703+0800: 119606.124: [ParNew: 20721827K->1115875K(22937600K), 0.2008025 secs] 84503674K->64951538K(130940928K), 0.2012921 secs] [Times: user=2.38 sys=0.34, real=0.20 secs] 
2024-03-23T02:05:43.054+0800: 119618.474: [GC (Allocation Failure) 2024-03-23T02:05:43.054+0800: 119618.475: [ParNew: 20776675K->988280K(22937600K), 0.2549369 secs] 84612338K->64893124K(130940928K), 0.2553912 secs] [Times: user=3.16 sys=0.41, real=0.26 secs] 
2024-03-23T02:05:55.862+0800: 119631.283: [GC (Allocation Failure) 2024-03-23T02:05:55.863+0800: 119631.283: [ParNew: 20649080K->942054K(22937600K), 0.2790139 secs] 84553924K->64899673K(130940928K), 0.2794814 secs] [Times: user=2.91 sys=1.14, real=0.28 secs] 
2024-03-23T02:06:07.120+0800: 119642.541: [GC (Allocation Failure) 2024-03-23T02:06:07.121+0800: 119642.541: [ParNew: 20602854K->923963K(22937600K), 0.2419927 secs] 84560473K->64929139K(130940928K), 0.2424443 secs] [Times: user=3.00 sys=0.42, real=0.24 secs] 
2024-03-23T02:06:21.536+0800: 119656.957: [GC (Allocation Failure) 2024-03-23T02:06:21.537+0800: 119656.958: [ParNew: 20584763K->896089K(22937600K), 0.1975469 secs] 84589939K->64946603K(130940928K), 0.1979866 secs] [Times: user=2.29 sys=0.45, real=0.20 secs] 
2024-03-23T02:06:33.444+0800: 119668.865: [GC (Allocation Failure) 2024-03-23T02:06:33.444+0800: 119668.865: [ParNew: 20556889K->867744K(22937600K), 0.2797946 secs] 84607403K->64959280K(130940928K), 0.2802165 secs] [Times: user=3.87 sys=0.15, real=0.28 secs] 
2024-03-23T02:06:47.533+0800: 119682.954: [GC (Allocation Failure) 2024-03-23T02:06:47.534+0800: 119682.955: [ParNew: 20528544K->872504K(22937600K), 0.3274322 secs] 84620080K->65006130K(130940928K), 0.3278999 secs] [Times: user=4.35 sys=0.65, real=0.33 secs] 
2024-03-23T02:07:00.315+0800: 119695.736: [GC (Allocation Failure) 2024-03-23T02:07:00.315+0800: 119695.736: [ParNew: 20533304K->938379K(22937600K), 0.2236655 secs] 84666930K->65108166K(130940928K), 0.2241499 secs] [Times: user=2.39 sys=0.65, real=0.23 secs] 
2024-03-23T02:07:15.441+0800: 119710.862: [GC (Allocation Failure) 2024-03-23T02:07:15.441+0800: 119710.862: [ParNew: 20599179K->908369K(22937600K), 0.2402116 secs] 84768966K->65115839K(130940928K), 0.2406741 secs] [Times: user=2.50 sys=0.91, real=0.24 secs] 
2024-03-23T02:07:28.757+0800: 119724.178: [GC (Allocation Failure) 2024-03-23T02:07:28.757+0800: 119724.178: [ParNew: 20569169K->939050K(22937600K), 0.2312726 secs] 84776639K->65179977K(130940928K), 0.2317316 secs] [Times: user=2.66 sys=0.59, real=0.24 secs] 
2024-03-23T02:07:41.827+0800: 119737.247: [GC (Allocation Failure) 2024-03-23T02:07:41.827+0800: 119737.248: [ParNew: 20599850K->1012182K(22937600K), 0.2887893 secs] 84840777K->65284745K(130940928K), 0.2892401 secs] [Times: user=3.86 sys=0.43, real=0.29 secs] 
2024-03-23T02:07:55.152+0800: 119750.573: [GC (Allocation Failure) 2024-03-23T02:07:55.152+0800: 119750.573: [ParNew: 20672982K->926610K(22937600K), 0.2132545 secs] 84945545K->65231980K(130940928K), 0.2137209 secs] [Times: user=2.30 sys=0.65, real=0.21 secs] 
2024-03-23T02:08:08.937+0800: 119764.358: [GC (Allocation Failure) 2024-03-23T02:08:08.938+0800: 119764.358: [ParNew: 20587410K->1038998K(22937600K), 0.3725868 secs] 84892780K->65374458K(130940928K), 0.3730580 secs] [Times: user=2.63 sys=3.14, real=0.38 secs] 
2024-03-23T02:08:25.653+0800: 119781.074: [GC (Allocation Failure) 2024-03-23T02:08:25.653+0800: 119781.074: [ParNew: 20699798K->970928K(22937600K), 0.2496371 secs] 85035258K->65332872K(130940928K), 0.2500508 secs] [Times: user=2.93 sys=0.51, real=0.25 secs] 
2024-03-23T02:08:37.842+0800: 119793.263: [GC (Allocation Failure) 2024-03-23T02:08:37.842+0800: 119793.263: [ParNew: 20631728K->1105841K(22937600K), 0.2762039 secs] 84993672K->65498221K(130940928K), 0.2766387 secs] [Times: user=3.25 sys=0.63, real=0.28 secs] 
2024-03-23T02:08:49.622+0800: 119805.042: [GC (Allocation Failure) 2024-03-23T02:08:49.622+0800: 119805.043: [ParNew: 20766641K->1040247K(22937600K), 0.3372831 secs] 85159021K->65461014K(130940928K), 0.3376747 secs] [Times: user=4.98 sys=0.07, real=0.34 secs] 
2024-03-23T02:09:02.936+0800: 119818.357: [GC (Allocation Failure) 2024-03-23T02:09:02.937+0800: 119818.358: [ParNew: 20701047K->1086644K(22937600K), 0.2327874 secs] 85121814K->65539994K(130940928K), 0.2332943 secs] [Times: user=2.86 sys=0.46, real=0.24 secs] 
2024-03-23T02:09:15.935+0800: 119831.356: [GC (Allocation Failure) 2024-03-23T02:09:15.935+0800: 119831.356: [ParNew: 20747444K->1080961K(22937600K), 0.2776248 secs] 85200794K->65576185K(130940928K), 0.2780870 secs] [Times: user=2.64 sys=1.32, real=0.28 secs] 
2024-03-23T02:09:32.914+0800: 119848.334: [GC (Allocation Failure) 2024-03-23T02:09:32.914+0800: 119848.335: [ParNew: 20741761K->1154256K(22937600K), 0.2400000 secs] 85236985K->65695407K(130940928K), 0.2404984 secs] [Times: user=2.61 sys=0.70, real=0.24 secs] 
2024-03-23T02:09:49.148+0800: 119864.569: [GC (Allocation Failure) 2024-03-23T02:09:49.149+0800: 119864.569: [ParNew: 20815056K->1069522K(22937600K), 0.2021930 secs] 85356207K->65646126K(130940928K), 0.2026100 secs] [Times: user=2.59 sys=0.12, real=0.20 secs] 
2024-03-23T02:10:01.485+0800: 119876.906: [GC (Allocation Failure) 2024-03-23T02:10:01.486+0800: 119876.907: [ParNew: 20730322K->1144145K(22937600K), 0.2106303 secs] 85306926K->65760502K(130940928K), 0.2111291 secs] [Times: user=2.72 sys=0.07, real=0.21 secs] 
2024-03-23T02:10:14.035+0800: 119889.456: [GC (Allocation Failure) 2024-03-23T02:10:14.035+0800: 119889.456: [ParNew: 20804945K->996484K(22937600K), 0.2420475 secs] 85421302K->65656391K(130940928K), 0.2425697 secs] [Times: user=2.78 sys=0.58, real=0.25 secs] 
2024-03-23T02:10:28.008+0800: 119903.429: [GC (Allocation Failure) 2024-03-23T02:10:28.009+0800: 119903.430: [ParNew: 20657284K->1112772K(22937600K), 0.2790222 secs] 85317191K->65814027K(130940928K), 0.2795454 secs] [Times: user=3.44 sys=0.63, real=0.28 secs] 
2024-03-23T02:10:38.725+0800: 119914.145: [GC (Allocation Failure) 2024-03-23T02:10:38.725+0800: 119914.146: [ParNew: 20773572K->1101459K(22937600K), 0.3892691 secs] 85474827K->65848222K(130940928K), 0.3897445 secs] [Times: user=5.92 sys=0.13, real=0.39 secs] 
2024-03-23T02:10:50.598+0800: 119926.019: [GC (Allocation Failure) 2024-03-23T02:10:50.598+0800: 119926.019: [ParNew: 20762259K->1054518K(22937600K), 0.2083461 secs] 85509022K->65843940K(130940928K), 0.2088215 secs] [Times: user=2.81 sys=0.01, real=0.20 secs] 
2024-03-23T02:11:00.729+0800: 119936.150: [GC (Allocation Failure) 2024-03-23T02:11:00.730+0800: 119936.150: [ParNew: 20715318K->1036910K(22937600K), 0.1995603 secs] 85504740K->65870907K(130940928K), 0.2000599 secs] [Times: user=2.70 sys=0.00, real=0.20 secs] 
2024-03-23T02:11:12.695+0800: 119948.116: [GC (Allocation Failure) 2024-03-23T02:11:12.696+0800: 119948.117: [ParNew: 20697710K->1094044K(22937600K), 0.2013654 secs] 85531707K->65972434K(130940928K), 0.2017828 secs] [Times: user=2.34 sys=0.22, real=0.20 secs] 
2024-03-23T02:11:26.151+0800: 119961.572: [GC (Allocation Failure) 2024-03-23T02:11:26.151+0800: 119961.572: [ParNew: 20754844K->1029422K(22937600K), 0.3796149 secs] 85633234K->65953189K(130940928K), 0.3801840 secs] [Times: user=4.64 sys=1.11, real=0.38 secs] 
2024-03-23T02:11:40.902+0800: 119976.323: [GC (Allocation Failure) 2024-03-23T02:11:40.903+0800: 119976.323: [ParNew: 20690222K->933309K(22937600K), 0.2316303 secs] 85613989K->65907045K(130940928K), 0.2321144 secs] [Times: user=2.24 sys=0.94, real=0.23 secs] 
2024-03-23T02:11:52.839+0800: 119988.260: [GC (Allocation Failure) 2024-03-23T02:11:52.839+0800: 119988.260: [ParNew: 20594109K->1064190K(22937600K), 0.2105396 secs] 85567845K->66079487K(130940928K), 0.2110073 secs] [Times: user=2.81 sys=0.02, real=0.21 secs] 
2024-03-23T02:12:05.372+0800: 120000.792: [GC (Allocation Failure) 2024-03-23T02:12:05.372+0800: 120000.793: [ParNew: 20724990K->946449K(22937600K), 0.4308453 secs] 85740287K->65999000K(130940928K), 0.4313179 secs] [Times: user=6.36 sys=0.38, real=0.43 secs] 
2024-03-23T02:12:19.434+0800: 120014.854: [GC (Allocation Failure) 2024-03-23T02:12:19.434+0800: 120014.855: [ParNew: 20607249K->1044434K(22937600K), 0.2326913 secs] 85659800K->66133231K(130940928K), 0.2331899 secs] [Times: user=3.25 sys=0.00, real=0.23 secs] 
2024-03-23T02:12:33.182+0800: 120028.603: [GC (Allocation Failure) 2024-03-23T02:12:33.182+0800: 120028.603: [ParNew: 20705234K->1142249K(22937600K), 0.3270399 secs] 85794031K->66270878K(130940928K), 0.3275142 secs] [Times: user=3.23 sys=1.60, real=0.33 secs] 
2024-03-23T02:12:48.367+0800: 120043.788: [GC (Allocation Failure) 2024-03-23T02:12:48.367+0800: 120043.788: [ParNew: 20803049K->1148047K(22937600K), 0.2195416 secs] 85931678K->66320732K(130940928K), 0.2200211 secs] [Times: user=2.44 sys=0.43, real=0.22 secs] 
2024-03-23T02:13:00.925+0800: 120056.346: [GC (Allocation Failure) 2024-03-23T02:13:00.925+0800: 120056.346: [ParNew: 20808847K->1017092K(22937600K), 0.2482907 secs] 85981532K->66236119K(130940928K), 0.2487406 secs] [Times: user=2.92 sys=0.52, real=0.25 secs] 
2024-03-23T02:13:12.007+0800: 120067.428: [GC (Allocation Failure) 2024-03-23T02:13:12.007+0800: 120067.428: [ParNew: 20677892K->1098313K(22937600K), 0.2586524 secs] 85896919K->66364393K(130940928K), 0.2591001 secs] [Times: user=3.08 sys=0.57, real=0.26 secs] 
2024-03-23T02:13:24.704+0800: 120080.125: [GC (Allocation Failure) 2024-03-23T02:13:24.704+0800: 120080.125: [ParNew: 20759113K->1078329K(22937600K), 0.3015943 secs] 86025193K->66390767K(130940928K), 0.3020503 secs] [Times: user=3.42 sys=1.09, real=0.30 secs] 
2024-03-23T02:13:42.503+0800: 120097.924: [GC (Allocation Failure) 2024-03-23T02:13:42.504+0800: 120097.924: [ParNew: 20739129K->1090286K(22937600K), 0.2517364 secs] 86051567K->66446997K(130940928K), 0.2522143 secs] [Times: user=2.61 sys=0.85, real=0.25 secs] 
2024-03-23T02:13:55.564+0800: 120110.985: [GC (Allocation Failure) 2024-03-23T02:13:55.564+0800: 120110.985: [ParNew: 20751086K->1007652K(22937600K), 0.3068140 secs] 86107797K->66408525K(130940928K), 0.3072776 secs] [Times: user=4.14 sys=0.32, real=0.31 secs] 
2024-03-23T02:14:05.923+0800: 120121.344: [GC (Allocation Failure) 2024-03-23T02:14:05.923+0800: 120121.344: [ParNew: 20668452K->1105900K(22937600K), 0.2369832 secs] 86069325K->66540552K(130940928K), 0.2374190 secs] [Times: user=3.19 sys=0.09, real=0.24 secs] 
2024-03-23T02:14:19.626+0800: 120135.047: [GC (Allocation Failure) 2024-03-23T02:14:19.626+0800: 120135.047: [ParNew: 20766700K->1017786K(22937600K), 0.1950546 secs] 86201352K->66484827K(130940928K), 0.1955364 secs] [Times: user=2.29 sys=0.39, real=0.20 secs] 
2024-03-23T02:14:34.471+0800: 120149.892: [GC (Allocation Failure) 2024-03-23T02:14:34.471+0800: 120149.892: [ParNew: 20678586K->960792K(22937600K), 0.3664321 secs] 86145627K->66461218K(130940928K), 0.3668926 secs] [Times: user=3.45 sys=2.09, real=0.37 secs] 
2024-03-23T02:14:53.138+0800: 120168.559: [GC (Allocation Failure) 2024-03-23T02:14:53.139+0800: 120168.559: [ParNew: 20621592K->1001898K(22937600K), 0.2859413 secs] 86122018K->66536901K(130940928K), 0.2863225 secs] [Times: user=3.41 sys=0.64, real=0.28 secs] 
2024-03-23T02:15:03.927+0800: 120179.348: [GC (Allocation Failure) 2024-03-23T02:15:03.927+0800: 120179.348: [ParNew: 20662698K->1042424K(22937600K), 0.2108197 secs] 86197701K->66615502K(130940928K), 0.2112674 secs] [Times: user=2.80 sys=0.00, real=0.22 secs] 
2024-03-23T02:15:15.727+0800: 120191.148: [GC (Allocation Failure) 2024-03-23T02:15:15.728+0800: 120191.148: [ParNew: 20703224K->1081838K(22937600K), 0.2081946 secs] 86276302K->66697984K(130940928K), 0.2086591 secs] [Times: user=2.40 sys=0.47, real=0.21 secs] 
2024-03-23T02:15:25.839+0800: 120201.260: [GC (Allocation Failure) 2024-03-23T02:15:25.840+0800: 120201.261: [ParNew: 20742638K->981497K(22937600K), 0.3270513 secs] 86358784K->66640082K(130940928K), 0.3275318 secs] [Times: user=4.63 sys=0.33, real=0.32 secs] 
2024-03-23T02:15:33.631+0800: 120209.052: [GC (Allocation Failure) 2024-03-23T02:15:33.631+0800: 120209.052: [ParNew: 20642297K->1047037K(22937600K), 0.3236805 secs] 86300882K->66751537K(130940928K), 0.3241748 secs] [Times: user=2.54 sys=2.41, real=0.32 secs] 
2024-03-23T02:15:47.657+0800: 120223.078: [GC (Allocation Failure) 2024-03-23T02:15:47.657+0800: 120223.078: [ParNew: 20707837K->1036578K(22937600K), 0.2209315 secs] 86412337K->66787678K(130940928K), 0.2213855 secs] [Times: user=2.37 sys=0.72, real=0.23 secs] 
2024-03-23T02:15:59.457+0800: 120234.877: [GC (Allocation Failure) 2024-03-23T02:15:59.457+0800: 120234.878: [ParNew: 20697378K->985338K(22937600K), 0.1916938 secs] 86448478K->66778242K(130940928K), 0.1921408 secs] [Times: user=2.73 sys=0.00, real=0.20 secs] 
2024-03-23T02:16:04.412+0800: 120239.833: [GC (Allocation Failure) 2024-03-23T02:16:04.414+0800: 120239.835: [ParNew: 20646138K->911570K(22937600K), 0.1759863 secs] 86439042K->66745337K(130940928K), 0.1775264 secs] [Times: user=2.29 sys=0.21, real=0.18 secs] 
2024-03-23T02:16:13.639+0800: 120249.060: [GC (Allocation Failure) 2024-03-23T02:16:13.639+0800: 120249.060: [ParNew: 20572370K->927407K(22937600K), 0.2543715 secs] 86406137K->66799503K(130940928K), 0.2548070 secs] [Times: user=3.76 sys=0.08, real=0.25 secs] 
2024-03-23T02:16:21.219+0800: 120256.640: [GC (Allocation Failure) 2024-03-23T02:16:21.220+0800: 120256.641: [ParNew: 20588207K->814298K(22937600K), 0.3515139 secs] 86460303K->66720577K(130940928K), 0.3518717 secs] [Times: user=5.44 sys=0.00, real=0.35 secs] 
2024-03-23T02:16:30.406+0800: 120265.827: [GC (Allocation Failure) 2024-03-23T02:16:30.407+0800: 120265.827: [ParNew: 20475098K->856298K(22937600K), 0.3168651 secs] 86381377K->66804245K(130940928K), 0.3172929 secs] [Times: user=4.92 sys=0.00, real=0.32 secs] 
2024-03-23T02:16:43.118+0800: 120278.539: [GC (Allocation Failure) 2024-03-23T02:16:43.119+0800: 120278.539: [ParNew: 20517098K->889930K(22937600K), 0.2983448 secs] 86465045K->66884168K(130940928K), 0.2988457 secs] [Times: user=3.13 sys=1.27, real=0.29 secs] 
2024-03-23T02:16:56.320+0800: 120291.741: [GC (Allocation Failure) 2024-03-23T02:16:56.320+0800: 120291.741: [ParNew: 20550730K->902863K(22937600K), 0.3868508 secs] 86544968K->66945170K(130940928K), 0.3873148 secs] [Times: user=5.53 sys=0.37, real=0.38 secs] 
2024-03-23T02:17:06.214+0800: 120301.635: [GC (Allocation Failure) 2024-03-23T02:17:06.214+0800: 120301.635: [ParNew: 20563663K->891682K(22937600K), 0.2153957 secs] 86605970K->66970828K(130940928K), 0.2158543 secs] [Times: user=2.55 sys=0.32, real=0.22 secs] 
2024-03-23T02:17:16.568+0800: 120311.988: [GC (Allocation Failure) 2024-03-23T02:17:16.568+0800: 120311.989: [ParNew: 20552482K->885286K(22937600K), 0.2133537 secs] 86631628K->67006536K(130940928K), 0.2138134 secs] [Times: user=2.98 sys=0.02, real=0.21 secs] 
2024-03-23T02:17:28.049+0800: 120323.470: [GC (Allocation Failure) 2024-03-23T02:17:28.049+0800: 120323.470: [ParNew: 20546086K->903569K(22937600K), 0.2035012 secs] 86667336K->67064864K(130940928K), 0.2039663 secs] [Times: user=2.21 sys=0.49, real=0.20 secs] 
2024-03-23T02:17:39.496+0800: 120334.916: [GC (Allocation Failure) 2024-03-23T02:17:39.496+0800: 120334.917: [ParNew: 20564369K->909110K(22937600K), 0.2104589 secs] 86725664K->67111070K(130940928K), 0.2110375 secs] [Times: user=2.59 sys=0.18, real=0.21 secs] 
2024-03-23T02:17:55.175+0800: 120350.596: [GC (Allocation Failure) 2024-03-23T02:17:55.176+0800: 120350.596: [ParNew: 20569910K->916928K(22937600K), 0.3068777 secs] 86771870K->67159900K(130940928K), 0.3073734 secs] [Times: user=2.92 sys=1.54, real=0.31 secs] 
2024-03-23T02:18:08.777+0800: 120364.198: [GC (Allocation Failure) 2024-03-23T02:18:08.777+0800: 120364.198: [ParNew: 20577728K->894100K(22937600K), 0.2190536 secs] 86820700K->67174310K(130940928K), 0.2195246 secs] [Times: user=2.55 sys=0.41, real=0.22 secs] 
2024-03-23T02:18:20.565+0800: 120375.986: [GC (Allocation Failure) 2024-03-23T02:18:20.566+0800: 120375.987: [ParNew: 20554900K->928812K(22937600K), 0.2211070 secs] 86835110K->67234575K(130940928K), 0.2215825 secs] [Times: user=2.58 sys=0.44, real=0.22 secs] 
2024-03-23T02:18:32.853+0800: 120388.274: [GC (Allocation Failure) 2024-03-23T02:18:32.853+0800: 120388.274: [ParNew: 20589612K->996681K(22937600K), 0.2066787 secs] 86895375K->67331534K(130940928K), 0.2071311 secs] [Times: user=2.71 sys=0.08, real=0.21 secs] 
2024-03-23T02:18:42.194+0800: 120397.615: [GC (Allocation Failure) 2024-03-23T02:18:42.194+0800: 120397.615: [ParNew: 20657481K->1016948K(22937600K), 0.1798616 secs] 86992334K->67381965K(130940928K), 0.1803309 secs] [Times: user=2.32 sys=0.10, real=0.18 secs] 
2024-03-23T02:18:54.736+0800: 120410.157: [GC (Allocation Failure) 2024-03-23T02:18:54.737+0800: 120410.157: [ParNew: 20677748K->977194K(22937600K), 0.2728542 secs] 87042765K->67357185K(130940928K), 0.2733324 secs] [Times: user=2.55 sys=1.43, real=0.28 secs] 
2024-03-23T02:19:05.972+0800: 120421.393: [GC (Allocation Failure) 2024-03-23T02:19:05.973+0800: 120421.393: [ParNew: 20637994K->1140608K(22937600K), 0.2378736 secs] 87017985K->67542592K(130940928K), 0.2383138 secs] [Times: user=2.83 sys=0.56, real=0.24 secs] 
2024-03-23T02:19:20.426+0800: 120435.847: [GC (Allocation Failure) 2024-03-23T02:19:20.426+0800: 120435.847: [ParNew: 20801408K->1056335K(22937600K), 0.2062697 secs] 87203392K->67485364K(130940928K), 0.2067072 secs] [Times: user=2.78 sys=0.07, real=0.21 secs] 
2024-03-23T02:19:30.734+0800: 120446.155: [GC (Allocation Failure) 2024-03-23T02:19:30.735+0800: 120446.155: [ParNew: 20717135K->1030146K(22937600K), 0.2048031 secs] 87146164K->67487172K(130940928K), 0.2052591 secs] [Times: user=2.43 sys=0.39, real=0.21 secs] 
2024-03-23T02:19:44.203+0800: 120459.624: [GC (Allocation Failure) 2024-03-23T02:19:44.204+0800: 120459.624: [ParNew: 20690946K->1087053K(22937600K), 0.1981963 secs] 87147972K->67584841K(130940928K), 0.1987704 secs] [Times: user=2.71 sys=0.00, real=0.20 secs] 
2024-03-23T02:19:55.916+0800: 120471.336: [GC (Allocation Failure) 2024-03-23T02:19:55.916+0800: 120471.337: [ParNew: 20747853K->1004989K(22937600K), 0.2842158 secs] 87245641K->67552738K(130940928K), 0.2847038 secs] [Times: user=2.76 sys=1.23, real=0.29 secs] 
2024-03-23T02:20:05.690+0800: 120481.111: [GC (Allocation Failure) 2024-03-23T02:20:05.690+0800: 120481.111: [ParNew: 20665789K->1159997K(22937600K), 0.2301758 secs] 87213538K->67748714K(130940928K), 0.2306036 secs] [Times: user=2.46 sys=0.81, real=0.23 secs] 
2024-03-23T02:20:18.912+0800: 120494.333: [GC (Allocation Failure) 2024-03-23T02:20:18.913+0800: 120494.333: [ParNew: 20820797K->1096803K(22937600K), 0.2467164 secs] 87409514K->67720852K(130940928K), 0.2471953 secs] [Times: user=3.40 sys=0.14, real=0.25 secs] 
2024-03-23T02:20:31.525+0800: 120506.946: [GC (Allocation Failure) 2024-03-23T02:20:31.525+0800: 120506.946: [ParNew: 20757603K->1046693K(22937600K), 0.2270953 secs] 87381652K->67717803K(130940928K), 0.2275438 secs] [Times: user=2.50 sys=0.55, real=0.23 secs] 
2024-03-23T02:20:41.235+0800: 120516.656: [GC (Allocation Failure) 2024-03-23T02:20:41.235+0800: 120516.656: [ParNew: 20707493K->1071273K(22937600K), 0.2009617 secs] 87378603K->67791721K(130940928K), 0.2013953 secs] [Times: user=2.72 sys=0.00, real=0.20 secs] 
2024-03-23T02:20:53.489+0800: 120528.909: [GC (Allocation Failure) 2024-03-23T02:20:53.489+0800: 120528.910: [ParNew: 20732073K->1118823K(22937600K), 0.3664456 secs] 87452521K->67890048K(130940928K), 0.3670402 secs] [Times: user=3.09 sys=2.43, real=0.36 secs] 
2024-03-23T02:21:10.208+0800: 120545.629: [GC (Allocation Failure) 2024-03-23T02:21:10.209+0800: 120545.629: [ParNew: 20779623K->1059051K(22937600K), 0.3018390 secs] 87550848K->67877556K(130940928K), 0.3023149 secs] [Times: user=3.67 sys=0.56, real=0.30 secs] 
2024-03-23T02:21:18.868+0800: 120554.289: [GC (Allocation Failure) 2024-03-23T02:21:18.869+0800: 120554.289: [ParNew: 20719851K->993262K(22937600K), 0.2028508 secs] 87538356K->67861070K(130940928K), 0.2033478 secs] [Times: user=2.74 sys=0.00, real=0.20 secs] 
2024-03-23T02:21:31.557+0800: 120566.977: [GC (Allocation Failure) 2024-03-23T02:21:31.557+0800: 120566.978: [ParNew: 20654062K->870449K(22937600K), 0.2250004 secs] 87521870K->67779558K(130940928K), 0.2255036 secs] [Times: user=2.83 sys=0.52, real=0.23 secs] 
2024-03-23T02:21:43.706+0800: 120579.127: [GC (Allocation Failure) 2024-03-23T02:21:43.706+0800: 120579.127: [ParNew: 20531249K->911195K(22937600K), 0.2025759 secs] 87440358K->67852164K(130940928K), 0.2030320 secs] [Times: user=2.48 sys=0.53, real=0.21 secs] 
2024-03-23T02:21:55.498+0800: 120590.919: [GC (Allocation Failure) 2024-03-23T02:21:55.499+0800: 120590.919: [ParNew: 20571995K->927999K(22937600K), 0.2612875 secs] 87512964K->67904017K(130940928K), 0.2617609 secs] [Times: user=2.88 sys=1.13, real=0.26 secs] 
2024-03-23T02:22:10.535+0800: 120605.956: [GC (Allocation Failure) 2024-03-23T02:22:10.535+0800: 120605.956: [ParNew: 20588799K->904371K(22937600K), 0.3313254 secs] 87564817K->67920480K(130940928K), 0.3317669 secs] [Times: user=4.45 sys=0.13, real=0.33 secs] 
2024-03-23T02:22:20.940+0800: 120616.361: [GC (Allocation Failure) 2024-03-23T02:22:20.940+0800: 120616.361: [ParNew: 20565171K->902480K(22937600K), 0.2409620 secs] 87581280K->67956752K(130940928K), 0.2414550 secs] [Times: user=3.15 sys=0.02, real=0.24 secs] 
2024-03-23T02:22:35.324+0800: 120630.745: [GC (Allocation Failure) 2024-03-23T02:22:35.324+0800: 120630.745: [ParNew: 20563280K->1011686K(22937600K), 0.2185306 secs] 87617552K->68105749K(130940928K), 0.2189161 secs] [Times: user=2.71 sys=0.06, real=0.22 secs] 
2024-03-23T02:22:50.521+0800: 120645.942: [GC (Allocation Failure) 2024-03-23T02:22:50.521+0800: 120645.942: [ParNew: 20672486K->1006855K(22937600K), 0.3170001 secs] 87766549K->68141813K(130940928K), 0.3174601 secs] [Times: user=4.16 sys=0.45, real=0.32 secs] 
2024-03-23T02:23:04.581+0800: 120660.002: [GC (Allocation Failure) 2024-03-23T02:23:04.582+0800: 120660.003: [ParNew: 20667655K->1067055K(22937600K), 0.5134457 secs] 87802613K->68241754K(130940928K), 0.5139519 secs] [Times: user=6.56 sys=1.48, real=0.51 secs] 
2024-03-23T02:23:21.591+0800: 120677.012: [GC (Allocation Failure) 2024-03-23T02:23:21.591+0800: 120677.012: [ParNew: 20727855K->1055966K(22937600K), 0.3680953 secs] 87902554K->68263174K(130940928K), 0.3685745 secs] [Times: user=4.82 sys=0.78, real=0.37 secs] 
2024-03-23T02:23:35.245+0800: 120690.666: [GC (Allocation Failure) 2024-03-23T02:23:35.245+0800: 120690.666: [ParNew: 20716766K->1087250K(22937600K), 0.3780812 secs] 87923974K->68327901K(130940928K), 0.3785661 secs] [Times: user=5.60 sys=0.14, real=0.38 secs] 
2024-03-23T02:23:51.106+0800: 120706.527: [GC (Allocation Failure) 2024-03-23T02:23:51.106+0800: 120706.527: [ParNew: 20748050K->1068834K(22937600K), 0.2271896 secs] 87988701K->68347802K(130940928K), 0.2276665 secs] [Times: user=2.47 sys=0.62, real=0.23 secs] 
2024-03-23T02:24:04.740+0800: 120720.161: [GC (Allocation Failure) 2024-03-23T02:24:04.740+0800: 120720.161: [ParNew: 20729634K->1122368K(22937600K), 0.2403866 secs] 88008602K->68431014K(130940928K), 0.2408722 secs] [Times: user=2.94 sys=0.33, real=0.24 secs] 
2024-03-23T02:24:21.456+0800: 120736.877: [GC (Allocation Failure) 2024-03-23T02:24:21.456+0800: 120736.877: [ParNew: 20783168K->1109747K(22937600K), 0.3405361 secs] 88091814K->68451782K(130940928K), 0.3409430 secs] [Times: user=3.11 sys=1.78, real=0.34 secs] 
2024-03-23T02:24:37.881+0800: 120753.302: [GC (Allocation Failure) 2024-03-23T02:24:37.881+0800: 120753.302: [ParNew: 20770547K->1134811K(22937600K), 0.2267533 secs] 88112582K->68512632K(130940928K), 0.2271401 secs] [Times: user=2.71 sys=0.09, real=0.23 secs] 
2024-03-23T02:24:52.008+0800: 120767.429: [GC (Allocation Failure) 2024-03-23T02:24:52.009+0800: 120767.429: [ParNew: 20795611K->1246615K(22937600K), 0.2277534 secs] 88173432K->68652160K(130940928K), 0.2281539 secs] [Times: user=2.37 sys=0.47, real=0.22 secs] 
2024-03-23T02:25:08.885+0800: 120784.306: [GC (Allocation Failure) 2024-03-23T02:25:08.885+0800: 120784.306: [ParNew: 20907415K->1299314K(22937600K), 0.2329173 secs] 88312960K->68739337K(130940928K), 0.2333454 secs] [Times: user=2.88 sys=0.03, real=0.24 secs] 
2024-03-23T02:25:24.162+0800: 120799.583: [GC (Allocation Failure) 2024-03-23T02:25:24.162+0800: 120799.583: [ParNew: 20960114K->1381841K(22937600K), 0.3206691 secs] 88400137K->68859859K(130940928K), 0.3212387 secs] [Times: user=3.02 sys=1.58, real=0.32 secs] 
2024-03-23T02:25:40.245+0800: 120815.666: [GC (Allocation Failure) 2024-03-23T02:25:40.245+0800: 120815.666: [ParNew: 21042641K->1499916K(22937600K), 0.2567355 secs] 88520659K->69022292K(130940928K), 0.2572635 secs] [Times: user=2.63 sys=1.00, real=0.26 secs] 
2024-03-23T02:25:55.429+0800: 120830.850: [GC (Allocation Failure) 2024-03-23T02:25:55.429+0800: 120830.850: [ParNew: 21160716K->1464361K(22937600K), 0.2609695 secs] 88683092K->69034181K(130940928K), 0.2614627 secs] [Times: user=3.45 sys=0.20, real=0.26 secs] 
2024-03-23T02:26:07.186+0800: 120842.607: [GC (Allocation Failure) 2024-03-23T02:26:07.187+0800: 120842.607: [ParNew: 21125161K->1406078K(22937600K), 0.5251306 secs] 88694981K->69018250K(130940928K), 0.5255960 secs] [Times: user=8.03 sys=0.29, real=0.53 secs] 
2024-03-23T02:26:22.849+0800: 120858.270: [GC (Allocation Failure) 2024-03-23T02:26:22.850+0800: 120858.270: [ParNew: 21066878K->1495402K(22937600K), 0.3910408 secs] 88679050K->69147276K(130940928K), 0.3915684 secs] [Times: user=4.92 sys=0.91, real=0.39 secs] 
2024-03-23T02:26:39.513+0800: 120874.934: [GC (Allocation Failure) 2024-03-23T02:26:39.513+0800: 120874.934: [ParNew: 21156202K->1408911K(22937600K), 0.2945743 secs] 88808076K->69115335K(130940928K), 0.2950144 secs] [Times: user=3.46 sys=0.67, real=0.30 secs] 
2024-03-23T02:26:52.292+0800: 120887.713: [GC (Allocation Failure) 2024-03-23T02:26:52.292+0800: 120887.713: [ParNew: 21069711K->1396276K(22937600K), 0.4591050 secs] 88776135K->69158340K(130940928K), 0.4594861 secs] [Times: user=7.07 sys=0.00, real=0.46 secs] 
2024-03-23T02:27:05.187+0800: 120900.608: [GC (Allocation Failure) 2024-03-23T02:27:05.187+0800: 120900.608: [ParNew: 21057076K->1600851K(22937600K), 0.2401500 secs] 88819140K->69419597K(130940928K), 0.2405188 secs] [Times: user=2.64 sys=0.50, real=0.24 secs] 
2024-03-23T02:27:15.859+0800: 120911.280: [GC (Allocation Failure) 2024-03-23T02:27:15.859+0800: 120911.280: [ParNew: 21261651K->1337116K(22937600K), 0.2282949 secs] 89080397K->69208459K(130940928K), 0.2286649 secs] [Times: user=2.51 sys=0.44, real=0.23 secs] 
2024-03-23T02:27:24.501+0800: 120919.921: [GC (Allocation Failure) 2024-03-23T02:27:24.501+0800: 120919.922: [ParNew: 20997916K->1254748K(22937600K), 0.2648338 secs] 88869259K->69174791K(130940928K), 0.2654212 secs] [Times: user=3.59 sys=0.36, real=0.26 secs] 
2024-03-23T02:27:34.626+0800: 120930.047: [GC (Allocation Failure) 2024-03-23T02:27:34.626+0800: 120930.047: [ParNew: 20915548K->1472415K(22937600K), 0.2922057 secs] 88835591K->69444244K(130940928K), 0.2927383 secs] [Times: user=2.92 sys=1.38, real=0.30 secs] 
2024-03-23T02:27:49.159+0800: 120944.580: [GC (Allocation Failure) 2024-03-23T02:27:49.159+0800: 120944.580: [ParNew: 21133215K->1261441K(22937600K), 0.4087565 secs] 89105044K->69285876K(130940928K), 0.4092539 secs] [Times: user=5.65 sys=0.80, real=0.41 secs] 
2024-03-23T02:28:02.553+0800: 120957.974: [GC (Allocation Failure) 2024-03-23T02:28:02.554+0800: 120957.974: [ParNew: 20922241K->1386780K(22937600K), 0.2294322 secs] 88946676K->69465247K(130940928K), 0.2299486 secs] [Times: user=2.50 sys=0.52, real=0.23 secs] 
2024-03-23T02:28:16.768+0800: 120972.189: [GC (Allocation Failure) 2024-03-23T02:28:16.768+0800: 120972.189: [ParNew: 21047580K->1331707K(22937600K), 0.2995089 secs] 89126047K->69467247K(130940928K), 0.3000110 secs] [Times: user=3.95 sys=0.40, real=0.30 secs] 
2024-03-23T02:28:30.380+0800: 120985.801: [GC (Allocation Failure) 2024-03-23T02:28:30.381+0800: 120985.801: [ParNew: 20992507K->1453263K(22937600K), 0.2296285 secs] 89128047K->69646322K(130940928K), 0.2301329 secs] [Times: user=2.83 sys=0.34, real=0.23 secs] 
2024-03-23T02:28:43.025+0800: 120998.445: [GC (Allocation Failure) 2024-03-23T02:28:43.025+0800: 120998.446: [ParNew: 21114063K->1238122K(22937600K), 0.3352464 secs] 89307122K->69514904K(130940928K), 0.3357878 secs] [Times: user=3.29 sys=1.38, real=0.34 secs] 
2024-03-23T02:29:01.005+0800: 121016.426: [GC (Allocation Failure) 2024-03-23T02:29:01.005+0800: 121016.426: [ParNew: 20898922K->1165133K(22937600K), 0.2629340 secs] 89175704K->69532368K(130940928K), 0.2633831 secs] [Times: user=2.96 sys=0.36, real=0.27 secs] 
2024-03-23T02:29:13.980+0800: 121029.401: [GC (Allocation Failure) 2024-03-23T02:29:13.980+0800: 121029.401: [ParNew: 20825933K->1143916K(22937600K), 0.2441628 secs] 89193168K->69581680K(130940928K), 0.2446425 secs] [Times: user=2.54 sys=0.56, real=0.24 secs] 
2024-03-23T02:29:28.483+0800: 121043.904: [GC (Allocation Failure) 2024-03-23T02:29:28.484+0800: 121043.904: [ParNew: 20804716K->1229428K(22937600K), 0.2718306 secs] 89242480K->69724938K(130940928K), 0.2723326 secs] [Times: user=3.15 sys=0.66, real=0.27 secs] 
2024-03-23T02:29:42.524+0800: 121057.945: [GC (Allocation Failure) 2024-03-23T02:29:42.524+0800: 121057.945: [ParNew: 20890228K->1128880K(22937600K), 0.3118461 secs] 89385738K->69671156K(130940928K), 0.3123646 secs] [Times: user=2.91 sys=1.58, real=0.31 secs] 
2024-03-23T02:29:55.786+0800: 121071.207: [GC (Allocation Failure) 2024-03-23T02:29:55.786+0800: 121071.207: [ParNew: 20789680K->1361403K(22937600K), 0.4016020 secs] 89331956K->69949291K(130940928K), 0.4020330 secs] [Times: user=4.99 sys=0.95, real=0.41 secs] 
2024-03-23T02:30:09.909+0800: 121085.330: [GC (Allocation Failure) 2024-03-23T02:30:09.909+0800: 121085.330: [ParNew: 21022203K->1234378K(22937600K), 0.2241365 secs] 89610091K->69864134K(130940928K), 0.2246084 secs] [Times: user=2.90 sys=0.08, real=0.22 secs] 
2024-03-23T02:30:24.149+0800: 121099.570: [GC (Allocation Failure) 2024-03-23T02:30:24.149+0800: 121099.570: [ParNew: 20895178K->1252240K(22937600K), 0.2240686 secs] 89524934K->69922029K(130940928K), 0.2245140 secs] [Times: user=2.47 sys=0.53, real=0.22 secs] 
2024-03-23T02:30:43.954+0800: 121119.375: [GC (Allocation Failure) 2024-03-23T02:30:43.954+0800: 121119.375: [ParNew: 20913040K->1271540K(22937600K), 0.2189753 secs] 89582829K->69977784K(130940928K), 0.2194507 secs] [Times: user=2.48 sys=0.48, real=0.22 secs] 
2024-03-23T02:31:02.294+0800: 121137.714: [GC (Allocation Failure) 2024-03-23T02:31:02.294+0800: 121137.715: [ParNew: 20932340K->1433947K(22937600K), 0.3096161 secs] 89638584K->70169856K(130940928K), 0.3101407 secs] [Times: user=2.72 sys=1.79, real=0.31 secs] 
2024-03-23T02:31:19.973+0800: 121155.394: [GC (Allocation Failure) 2024-03-23T02:31:19.974+0800: 121155.394: [ParNew: 21094747K->1473085K(22937600K), 0.2262465 secs] 89830656K->70242244K(130940928K), 0.2267403 secs] [Times: user=2.52 sys=0.53, real=0.23 secs] 
2024-03-23T02:31:34.678+0800: 121170.099: [GC (Allocation Failure) 2024-03-23T02:31:34.678+0800: 121170.099: [ParNew: 21133885K->1468696K(22937600K), 0.2366947 secs] 89903044K->70273915K(130940928K), 0.2372057 secs] [Times: user=2.59 sys=0.60, real=0.23 secs] 
2024-03-23T02:31:49.774+0800: 121185.195: [GC (Allocation Failure) 2024-03-23T02:31:49.775+0800: 121185.195: [ParNew: 21129496K->1302898K(22937600K), 0.2324259 secs] 89934715K->70154290K(130940928K), 0.2329336 secs] [Times: user=2.61 sys=0.46, real=0.23 secs] 
2024-03-23T02:32:08.732+0800: 121204.153: [GC (Allocation Failure) 2024-03-23T02:32:08.732+0800: 121204.153: [ParNew: 20963698K->1433509K(22937600K), 0.3631162 secs] 89815090K->70361988K(130940928K), 0.3636494 secs] [Times: user=3.56 sys=1.76, real=0.36 secs] 
2024-03-23T02:32:22.746+0800: 121218.166: [GC (Allocation Failure) 2024-03-23T02:32:22.746+0800: 121218.167: [ParNew: 21094309K->1402835K(22937600K), 0.4779040 secs] 90022788K->70395447K(130940928K), 0.4784317 secs] [Times: user=6.92 sys=0.49, real=0.48 secs] 
2024-03-23T02:32:39.316+0800: 121234.737: [GC (Allocation Failure) 2024-03-23T02:32:39.316+0800: 121234.737: [ParNew: 21063635K->1516257K(22937600K), 0.2420232 secs] 90056247K->70564161K(130940928K), 0.2425175 secs] [Times: user=3.02 sys=0.25, real=0.25 secs] 
2024-03-23T02:32:52.575+0800: 121247.996: [GC (Allocation Failure) 2024-03-23T02:32:52.576+0800: 121247.997: [ParNew: 21177057K->1496754K(22937600K), 0.2495172 secs] 90224961K->70601695K(130940928K), 0.2500096 secs] [Times: user=3.28 sys=0.12, real=0.25 secs] 
2024-03-23T02:33:05.906+0800: 121261.327: [GC (Allocation Failure) 2024-03-23T02:33:05.907+0800: 121261.328: [ParNew: 21157554K->1502316K(22937600K), 0.2765005 secs] 90262495K->70670240K(130940928K), 0.2770550 secs] [Times: user=2.60 sys=1.21, real=0.28 secs] 
2024-03-23T02:33:21.076+0800: 121276.497: [GC (Allocation Failure) 2024-03-23T02:33:21.076+0800: 121276.497: [ParNew: 21163116K->1324612K(22937600K), 0.2577751 secs] 90331040K->70547895K(130940928K), 0.2582521 secs] [Times: user=2.57 sys=1.05, real=0.26 secs] 
2024-03-23T02:33:33.832+0800: 121289.253: [GC (Allocation Failure) 2024-03-23T02:33:33.833+0800: 121289.253: [ParNew: 20985412K->1415657K(22937600K), 0.2272324 secs] 90208695K->70691888K(130940928K), 0.2277064 secs] [Times: user=2.69 sys=0.42, real=0.23 secs] 
2024-03-23T02:33:47.225+0800: 121302.646: [GC (Allocation Failure) 2024-03-23T02:33:47.225+0800: 121302.646: [ParNew: 21076457K->1390717K(22937600K), 0.2401574 secs] 90352688K->70722444K(130940928K), 0.2405794 secs] [Times: user=3.05 sys=0.16, real=0.24 secs] 
2024-03-23T02:33:58.571+0800: 121313.991: [GC (Allocation Failure) 2024-03-23T02:33:58.571+0800: 121313.992: [ParNew: 21051517K->1309251K(22937600K), 0.2108862 secs] 90383244K->70700979K(130940928K), 0.2114518 secs] [Times: user=2.46 sys=0.37, real=0.21 secs] 
2024-03-23T02:34:09.459+0800: 121324.880: [GC (Allocation Failure) 2024-03-23T02:34:09.459+0800: 121324.880: [ParNew: 20970051K->1203892K(22937600K), 0.2560774 secs] 90361779K->70649649K(130940928K), 0.2565669 secs] [Times: user=2.82 sys=0.79, real=0.26 secs] 
2024-03-23T02:34:23.072+0800: 121338.493: [GC (Allocation Failure) 2024-03-23T02:34:23.073+0800: 121338.493: [ParNew: 20864692K->1341461K(22937600K), 0.2456001 secs] 90310449K->70844882K(130940928K), 0.2461008 secs] [Times: user=2.43 sys=0.88, real=0.25 secs] 
2024-03-23T02:34:34.776+0800: 121350.197: [GC (Allocation Failure) 2024-03-23T02:34:34.776+0800: 121350.197: [ParNew: 21002261K->1380181K(22937600K), 0.2148678 secs] 90505682K->70946797K(130940928K), 0.2153383 secs] [Times: user=2.88 sys=0.03, real=0.22 secs] 
2024-03-23T02:34:48.543+0800: 121363.963: [GC (Allocation Failure) 2024-03-23T02:34:48.543+0800: 121363.964: [ParNew: 21040981K->1249898K(22937600K), 0.2384245 secs] 90607597K->70884397K(130940928K), 0.2389118 secs] [Times: user=3.21 sys=0.16, real=0.24 secs] 
2024-03-23T02:34:59.857+0800: 121375.278: [GC (Allocation Failure) 2024-03-23T02:34:59.857+0800: 121375.278: [ParNew: 20910698K->1141336K(22937600K), 0.2573465 secs] 90545197K->70840736K(130940928K), 0.2578310 secs] [Times: user=3.11 sys=0.55, real=0.26 secs] 
2024-03-23T02:35:09.735+0800: 121385.156: [GC (Allocation Failure) 2024-03-23T02:35:09.735+0800: 121385.156: [ParNew: 20802136K->1118225K(22937600K), 0.2416181 secs] 90501536K->70877942K(130940928K), 0.2420973 secs] [Times: user=3.02 sys=0.32, real=0.24 secs] 
2024-03-23T02:35:20.315+0800: 121395.735: [GC (Allocation Failure) 2024-03-23T02:35:20.315+0800: 121395.736: [ParNew: 20779025K->1179101K(22937600K), 0.2480260 secs] 90538742K->70999927K(130940928K), 0.2485009 secs] [Times: user=2.92 sys=0.70, real=0.25 secs] 
2024-03-23T02:35:33.815+0800: 121409.236: [GC (Allocation Failure) 2024-03-23T02:35:33.815+0800: 121409.236: [ParNew: 20839901K->1122985K(22937600K), 0.2605893 secs] 90660727K->71004145K(130940928K), 0.2610601 secs] [Times: user=3.30 sys=0.37, real=0.26 secs] 
2024-03-23T02:35:49.070+0800: 121424.491: [GC (Allocation Failure) 2024-03-23T02:35:49.071+0800: 121424.491: [ParNew: 20783785K->1203411K(22937600K), 0.2154745 secs] 90664945K->71137432K(130940928K), 0.2159108 secs] [Times: user=2.37 sys=0.48, real=0.21 secs] 
2024-03-23T02:36:01.667+0800: 121437.087: [GC (Allocation Failure) 2024-03-23T02:36:01.667+0800: 121437.088: [ParNew: 20864211K->1155732K(22937600K), 0.2603191 secs] 90798232K->71145874K(130940928K), 0.2606625 secs] [Times: user=3.16 sys=0.25, real=0.26 secs] 
2024-03-23T02:36:14.791+0800: 121450.212: [GC (Allocation Failure) 2024-03-23T02:36:14.791+0800: 121450.212: [ParNew: 20816532K->1162218K(22937600K), 0.2732615 secs] 90806674K->71203018K(130940928K), 0.2737094 secs] [Times: user=2.69 sys=1.19, real=0.27 secs] 
2024-03-23T02:36:32.388+0800: 121467.809: [GC (Allocation Failure) 2024-03-23T02:36:32.388+0800: 121467.809: [ParNew: 20823018K->1137719K(22937600K), 0.2313877 secs] 90863818K->71227801K(130940928K), 0.2319358 secs] [Times: user=2.76 sys=0.37, real=0.23 secs] 
2024-03-23T02:36:45.675+0800: 121481.096: [GC (Allocation Failure) 2024-03-23T02:36:45.676+0800: 121481.096: [ParNew: 20798519K->1078911K(22937600K), 0.2363086 secs] 90888601K->71209060K(130940928K), 0.2367685 secs] [Times: user=3.04 sys=0.14, real=0.24 secs] 
2024-03-23T02:37:00.846+0800: 121496.267: [GC (Allocation Failure) 2024-03-23T02:37:00.846+0800: 121496.267: [ParNew: 20739711K->1095091K(22937600K), 0.2472012 secs] 90869860K->71266435K(130940928K), 0.2476344 secs] [Times: user=3.21 sys=0.22, real=0.25 secs] 
2024-03-23T02:37:13.952+0800: 121509.373: [GC (Allocation Failure) 2024-03-23T02:37:13.952+0800: 121509.373: [ParNew: 20755891K->1109948K(22937600K), 0.2329344 secs] 90927235K->71318316K(130940928K), 0.2334051 secs] [Times: user=2.69 sys=0.46, real=0.23 secs] 
2024-03-23T02:37:28.951+0800: 121524.372: [GC (Allocation Failure) 2024-03-23T02:37:28.951+0800: 121524.372: [ParNew: 20770748K->1275702K(22937600K), 0.2793325 secs] 90979116K->71523934K(130940928K), 0.2798811 secs] [Times: user=2.74 sys=1.21, real=0.28 secs] 
2024-03-23T02:37:42.336+0800: 121537.757: [GC (Allocation Failure) 2024-03-23T02:37:42.336+0800: 121537.757: [ParNew: 20936502K->1146763K(22937600K), 0.2923003 secs] 91184734K->71443562K(130940928K), 0.2927661 secs] [Times: user=3.53 sys=0.67, real=0.30 secs] 
2024-03-23T02:37:55.821+0800: 121551.241: [GC (Allocation Failure) 2024-03-23T02:37:55.821+0800: 121551.242: [ParNew: 20807563K->1289273K(22937600K), 0.2276693 secs] 91104362K->71633032K(130940928K), 0.2281409 secs] [Times: user=3.11 sys=0.06, real=0.23 secs] 
2024-03-23T02:38:10.119+0800: 121565.540: [GC (Allocation Failure) 2024-03-23T02:38:10.119+0800: 121565.540: [ParNew: 20950073K->1148831K(22937600K), 0.2499101 secs] 91293832K->71531749K(130940928K), 0.2503712 secs] [Times: user=3.36 sys=0.35, real=0.25 secs] 
2024-03-23T02:38:19.233+0800: 121574.653: [GC (Allocation Failure) 2024-03-23T02:38:19.233+0800: 121574.654: [ParNew: 20809631K->1188717K(22937600K), 0.2034697 secs] 91192549K->71615722K(130940928K), 0.2039311 secs] [Times: user=2.82 sys=0.00, real=0.20 secs] 
2024-03-23T02:38:27.008+0800: 121582.429: [GC (Allocation Failure) 2024-03-23T02:38:27.009+0800: 121582.429: [ParNew: 20849517K->1310967K(22937600K), 0.1803480 secs] 91276522K->71780441K(130940928K), 0.1808141 secs] [Times: user=2.40 sys=0.09, real=0.18 secs] 
2024-03-23T02:38:35.160+0800: 121590.581: [GC (Allocation Failure) 2024-03-23T02:38:35.161+0800: 121590.581: [ParNew: 20971767K->1218930K(22937600K), 0.2424601 secs] 91441241K->71721191K(130940928K), 0.2429343 secs] [Times: user=2.74 sys=0.87, real=0.24 secs] 
2024-03-23T02:38:50.273+0800: 121605.694: [GC (Allocation Failure) 2024-03-23T02:38:50.274+0800: 121605.694: [ParNew: 20879730K->1283446K(22937600K), 0.2228241 secs] 91381991K->71833354K(130940928K), 0.2233147 secs] [Times: user=2.26 sys=0.90, real=0.22 secs] 
2024-03-23T02:39:01.299+0800: 121616.720: [GC (Allocation Failure) 2024-03-23T02:39:01.300+0800: 121616.721: [ParNew: 20944246K->1117452K(22937600K), 0.2060712 secs] 91494154K->71721374K(130940928K), 0.2065466 secs] [Times: user=2.57 sys=0.34, real=0.20 secs] 
2024-03-23T02:39:11.476+0800: 121626.897: [GC (Allocation Failure) 2024-03-23T02:39:11.476+0800: 121626.897: [ParNew: 20778252K->1127067K(22937600K), 0.2007532 secs] 91382174K->71784050K(130940928K), 0.2012109 secs] [Times: user=2.37 sys=0.41, real=0.20 secs] 
2024-03-23T02:39:19.222+0800: 121634.643: [GC (Allocation Failure) 2024-03-23T02:39:19.223+0800: 121634.643: [ParNew: 20787867K->1087439K(22937600K), 0.1884001 secs] 91444850K->71797633K(130940928K), 0.1888605 secs] [Times: user=2.25 sys=0.35, real=0.19 secs] 
2024-03-23T02:39:26.990+0800: 121642.411: [GC (Allocation Failure) 2024-03-23T02:39:26.990+0800: 121642.411: [ParNew: 20748239K->996488K(22937600K), 0.1975473 secs] 91458433K->71761505K(130940928K), 0.1980031 secs] [Times: user=2.66 sys=0.20, real=0.20 secs] 
2024-03-23T02:39:33.938+0800: 121649.359: [GC (Allocation Failure) 2024-03-23T02:39:33.939+0800: 121649.359: [ParNew: 20657288K->1004059K(22937600K), 0.2726273 secs] 91422305K->71827403K(130940928K), 0.2731069 secs] [Times: user=2.48 sys=1.62, real=0.27 secs] 
2024-03-23T02:39:45.815+0800: 121661.236: [GC (Allocation Failure) 2024-03-23T02:39:45.815+0800: 121661.236: [ParNew: 20664859K->1026018K(22937600K), 0.2219381 secs] 91488203K->71907195K(130940928K), 0.2224056 secs] [Times: user=2.94 sys=0.31, real=0.22 secs] 
2024-03-23T02:39:53.776+0800: 121669.197: [GC (Allocation Failure) 2024-03-23T02:39:53.776+0800: 121669.197: [ParNew: 20686818K->937853K(22937600K), 0.1783652 secs] 91567995K->71874735K(130940928K), 0.1788337 secs] [Times: user=2.68 sys=0.00, real=0.18 secs] 
2024-03-23T02:40:00.697+0800: 121676.118: [GC (Allocation Failure) 2024-03-23T02:40:00.697+0800: 121676.118: [ParNew: 20598653K->937157K(22937600K), 0.1759082 secs] 91535535K->71929120K(130940928K), 0.1763828 secs] [Times: user=2.64 sys=0.00, real=0.18 secs] 
2024-03-23T02:40:06.074+0800: 121681.495: [GC (Allocation Failure) 2024-03-23T02:40:06.074+0800: 121681.495: [ParNew: 20597957K->890295K(22937600K), 0.1754668 secs] 91589920K->71939328K(130940928K), 0.1759023 secs] [Times: user=2.25 sys=0.23, real=0.18 secs] 
2024-03-23T02:40:11.788+0800: 121687.209: [GC (Allocation Failure) 2024-03-23T02:40:11.788+0800: 121687.209: [ParNew: 20551095K->827312K(22937600K), 0.1784705 secs] 91600128K->71931283K(130940928K), 0.1789122 secs] [Times: user=2.30 sys=0.23, real=0.17 secs] 
2024-03-23T02:40:17.697+0800: 121693.118: [GC (Allocation Failure) 2024-03-23T02:40:17.697+0800: 121693.118: [ParNew: 20488112K->805925K(22937600K), 0.1718320 secs] 91592083K->71952620K(130940928K), 0.1722745 secs] [Times: user=2.22 sys=0.25, real=0.18 secs] 
2024-03-23T02:40:23.490+0800: 121698.911: [GC (Allocation Failure) 2024-03-23T02:40:23.490+0800: 121698.911: [ParNew: 20466725K->688556K(22937600K), 0.2076857 secs] 91613420K->71876865K(130940928K), 0.2081439 secs] [Times: user=3.22 sys=0.00, real=0.21 secs] 
2024-03-23T02:40:29.724+0800: 121705.145: [GC (Allocation Failure) 2024-03-23T02:40:29.724+0800: 121705.145: [ParNew: 20349356K->729673K(22937600K), 0.3433496 secs] 91537665K->71947340K(130940928K), 0.3438271 secs] [Times: user=3.60 sys=1.97, real=0.35 secs] 
2024-03-23T02:40:36.005+0800: 121711.426: [GC (Allocation Failure) 2024-03-23T02:40:36.005+0800: 121711.426: [ParNew: 20390473K->718960K(22937600K), 0.1685501 secs] 91608140K->71966988K(130940928K), 0.1690107 secs] [Times: user=2.13 sys=0.26, real=0.17 secs] 
2024-03-23T02:40:44.766+0800: 121720.187: [GC (Allocation Failure) 2024-03-23T02:40:44.766+0800: 121720.187: [ParNew: 20379760K->618519K(22937600K), 0.1786100 secs] 91627788K->71910390K(130940928K), 0.1790551 secs] [Times: user=2.08 sys=0.50, real=0.18 secs] 
2024-03-23T02:40:51.810+0800: 121727.231: [GC (Allocation Failure) 2024-03-23T02:40:51.811+0800: 121727.231: [ParNew: 20279319K->688244K(22937600K), 0.1863112 secs] 91571190K->72015726K(130940928K), 0.1867448 secs] [Times: user=2.42 sys=0.29, real=0.18 secs] 
2024-03-23T02:40:59.449+0800: 121734.870: [GC (Allocation Failure) 2024-03-23T02:40:59.449+0800: 121734.870: [ParNew: 20349044K->678034K(22937600K), 0.2128043 secs] 91676526K->72044777K(130940928K), 0.2132519 secs] [Times: user=2.67 sys=0.45, real=0.21 secs] 
2024-03-23T02:41:07.699+0800: 121743.120: [GC (Allocation Failure) 2024-03-23T02:41:07.699+0800: 121743.120: [ParNew: 20338834K->593252K(22937600K), 0.1799350 secs] 91705577K->71987092K(130940928K), 0.1803779 secs] [Times: user=2.22 sys=0.40, real=0.18 secs] 
2024-03-23T02:41:18.065+0800: 121753.486: [GC (Allocation Failure) 2024-03-23T02:41:18.065+0800: 121753.486: [ParNew: 20254052K->758991K(22937600K), 0.1995087 secs] 91647892K->72176166K(130940928K), 0.1999654 secs] [Times: user=2.26 sys=0.47, real=0.20 secs] 
2024-03-23T02:41:26.173+0800: 121761.594: [GC (Allocation Failure) 2024-03-23T02:41:26.173+0800: 121761.594: [ParNew: 20419791K->684776K(22937600K), 0.1670868 secs] 91836966K->72130748K(130940928K), 0.1675676 secs] [Times: user=2.61 sys=0.00, real=0.17 secs] 
2024-03-23T02:41:34.009+0800: 121769.430: [GC (Allocation Failure) 2024-03-23T02:41:34.010+0800: 121769.430: [ParNew: 20345576K->709297K(22937600K), 0.2881965 secs] 91791548K->72206596K(130940928K), 0.2887168 secs] [Times: user=2.86 sys=1.45, real=0.29 secs] 
2024-03-23T02:41:47.587+0800: 121783.008: [GC (Allocation Failure) 2024-03-23T02:41:47.587+0800: 121783.008: [ParNew: 20370097K->655443K(22937600K), 0.2031916 secs] 91867396K->72194513K(130940928K), 0.2036719 secs] [Times: user=2.65 sys=0.21, real=0.21 secs] 
2024-03-23T02:41:58.297+0800: 121793.718: [GC (Allocation Failure) 2024-03-23T02:41:58.297+0800: 121793.718: [ParNew: 20316243K->701497K(22937600K), 0.1905613 secs] 91855313K->72276753K(130940928K), 0.1910393 secs] [Times: user=2.71 sys=0.00, real=0.20 secs] 
2024-03-23T02:42:11.096+0800: 121806.516: [GC (Allocation Failure) 2024-03-23T02:42:11.096+0800: 121806.517: [ParNew: 20362297K->743477K(22937600K), 0.2134683 secs] 91937553K->72348699K(130940928K), 0.2139359 secs] [Times: user=2.86 sys=0.27, real=0.22 secs] 
2024-03-23T02:42:21.513+0800: 121816.934: [GC (Allocation Failure) 2024-03-23T02:42:21.514+0800: 121816.934: [ParNew: 20404277K->797048K(22937600K), 0.1975539 secs] 92009499K->72430767K(130940928K), 0.1980075 secs] [Times: user=2.32 sys=0.37, real=0.20 secs] 
2024-03-23T02:42:31.067+0800: 121826.487: [GC (Allocation Failure) 2024-03-23T02:42:31.067+0800: 121826.488: [ParNew: 20457848K->701268K(22937600K), 0.3694027 secs] 92091567K->72359227K(130940928K), 0.3698656 secs] [Times: user=2.52 sys=3.20, real=0.37 secs] 
2024-03-23T02:42:43.779+0800: 121839.200: [GC (Allocation Failure) 2024-03-23T02:42:43.779+0800: 121839.200: [ParNew: 20362068K->914154K(22937600K), 0.1956371 secs] 92020027K->72591336K(130940928K), 0.1961119 secs] [Times: user=2.09 sys=0.57, real=0.19 secs] 
2024-03-23T02:42:57.567+0800: 121852.987: [GC (Allocation Failure) 2024-03-23T02:42:57.567+0800: 121852.988: [ParNew: 20574954K->925093K(22937600K), 0.1905049 secs] 92252136K->72619467K(130940928K), 0.1909777 secs] [Times: user=2.15 sys=0.45, real=0.20 secs] 
2024-03-23T02:43:08.289+0800: 121863.710: [GC (Allocation Failure) 2024-03-23T02:43:08.290+0800: 121863.711: [ParNew: 20585893K->1019650K(22937600K), 0.2212154 secs] 92280267K->72728498K(130940928K), 0.2217038 secs] [Times: user=2.57 sys=0.46, real=0.22 secs] 
2024-03-23T02:43:20.865+0800: 121876.286: [GC (Allocation Failure) 2024-03-23T02:43:20.865+0800: 121876.286: [ParNew: 20680450K->1010954K(22937600K), 0.2053239 secs] 92389298K->72740033K(130940928K), 0.2058010 secs] [Times: user=2.26 sys=0.47, real=0.21 secs] 
2024-03-23T02:43:37.909+0800: 121893.330: [GC (Allocation Failure) 2024-03-23T02:43:37.909+0800: 121893.330: [ParNew: 20671754K->993557K(22937600K), 0.4024001 secs] 92400833K->72743629K(130940928K), 0.4028989 secs] [Times: user=2.54 sys=3.73, real=0.40 secs] 
2024-03-23T02:43:51.957+0800: 121907.378: [GC (Allocation Failure) 2024-03-23T02:43:51.957+0800: 121907.378: [ParNew: 20654357K->1256719K(22937600K), 0.2306718 secs] 92404429K->73030705K(130940928K), 0.2311563 secs] [Times: user=2.25 sys=0.93, real=0.24 secs] 
2024-03-23T02:44:03.224+0800: 121918.645: [GC (Allocation Failure) 2024-03-23T02:44:03.224+0800: 121918.645: [ParNew: 20917519K->967904K(22937600K), 0.2159103 secs] 92691505K->72765512K(130940928K), 0.2163411 secs] [Times: user=2.37 sys=0.42, real=0.22 secs] 
2024-03-23T02:44:18.790+0800: 121934.211: [GC (Allocation Failure) 2024-03-23T02:44:18.791+0800: 121934.211: [ParNew: 20628704K->1092712K(22937600K), 0.2285277 secs] 92426312K->72926659K(130940928K), 0.2289704 secs] [Times: user=2.83 sys=0.21, real=0.23 secs] 
2024-03-23T02:44:30.564+0800: 121945.985: [GC (Allocation Failure) 2024-03-23T02:44:30.565+0800: 121945.986: [ParNew: 20753512K->1070307K(22937600K), 0.2422718 secs] 92587459K->72935971K(130940928K), 0.2427046 secs] [Times: user=2.85 sys=0.53, real=0.24 secs] 
2024-03-23T02:44:42.882+0800: 121958.303: [GC (Allocation Failure) 2024-03-23T02:44:42.882+0800: 121958.303: [ParNew: 20731107K->1167023K(22937600K), 0.2686547 secs] 92596771K->73061087K(130940928K), 0.2691613 secs] [Times: user=2.42 sys=1.41, real=0.27 secs] 
2024-03-23T02:44:58.978+0800: 121974.398: [GC (Allocation Failure) 2024-03-23T02:44:58.978+0800: 121974.399: [ParNew: 20827823K->1115188K(22937600K), 0.2682314 secs] 92721887K->73049542K(130940928K), 0.2686788 secs] [Times: user=3.29 sys=0.58, real=0.26 secs] 
2024-03-23T02:45:05.573+0800: 121980.994: [GC (Allocation Failure) 2024-03-23T02:45:05.574+0800: 121980.994: [ParNew: 20775988K->1072233K(22937600K), 0.1900801 secs] 92710342K->73044442K(130940928K), 0.1904999 secs] [Times: user=2.45 sys=0.26, real=0.19 secs] 
2024-03-23T02:45:14.178+0800: 121989.599: [GC (Allocation Failure) 2024-03-23T02:45:14.178+0800: 121989.599: [ParNew: 20733033K->1083934K(22937600K), 0.2023077 secs] 92705242K->73102601K(130940928K), 0.2027612 secs] [Times: user=2.57 sys=0.37, real=0.20 secs] 
2024-03-23T02:45:23.177+0800: 121998.598: [GC (Allocation Failure) 2024-03-23T02:45:23.177+0800: 121998.598: [ParNew: 20744734K->1095957K(22937600K), 0.2187461 secs] 92763401K->73156163K(130940928K), 0.2191917 secs] [Times: user=2.75 sys=0.40, real=0.22 secs] 
2024-03-23T02:45:35.199+0800: 122010.619: [GC (Allocation Failure) 2024-03-23T02:45:35.199+0800: 122010.620: [ParNew: 20756757K->1153331K(22937600K), 0.1870661 secs] 92816963K->73251361K(130940928K), 0.1875369 secs] [Times: user=2.75 sys=0.00, real=0.18 secs] 
2024-03-23T02:45:44.665+0800: 122020.085: [GC (Allocation Failure) 2024-03-23T02:45:44.665+0800: 122020.086: [ParNew: 20814131K->1088273K(22937600K), 0.3655031 secs] 92912161K->73229391K(130940928K), 0.3659821 secs] [Times: user=3.13 sys=2.65, real=0.37 secs] 
2024-03-23T02:45:53.845+0800: 122029.266: [GC (Allocation Failure) 2024-03-23T02:45:53.846+0800: 122029.267: [ParNew: 20749073K->1000393K(22937600K), 0.2326131 secs] 92890191K->73180357K(130940928K), 0.2330621 secs] [Times: user=3.01 sys=0.43, real=0.24 secs] 
2024-03-23T02:46:01.133+0800: 122036.553: [GC (Allocation Failure) 2024-03-23T02:46:01.133+0800: 122036.554: [ParNew: 20661193K->1013695K(22937600K), 0.1830709 secs] 92841157K->73240315K(130940928K), 0.1835219 secs] [Times: user=2.32 sys=0.26, real=0.18 secs] 
2024-03-23T02:46:07.654+0800: 122043.075: [GC (Allocation Failure) 2024-03-23T02:46:07.654+0800: 122043.075: [ParNew: 20674495K->971108K(22937600K), 0.2057165 secs] 92901115K->73254444K(130940928K), 0.2061662 secs] [Times: user=3.04 sys=0.00, real=0.21 secs] 
2024-03-23T02:46:13.997+0800: 122049.418: [GC (Allocation Failure) 2024-03-23T02:46:13.997+0800: 122049.418: [ParNew: 20631908K->979053K(22937600K), 0.1940666 secs] 92915244K->73309190K(130940928K), 0.1945083 secs] [Times: user=2.49 sys=0.32, real=0.20 secs] 
2024-03-23T02:46:21.823+0800: 122057.244: [GC (Allocation Failure) 2024-03-23T02:46:21.823+0800: 122057.244: [ParNew: 20639853K->921365K(22937600K), 0.1826458 secs] 92969990K->73307872K(130940928K), 0.1830869 secs] [Times: user=2.29 sys=0.25, real=0.18 secs] 
2024-03-23T02:46:29.581+0800: 122065.002: [GC (Allocation Failure) 2024-03-23T02:46:29.581+0800: 122065.002: [ParNew: 20582165K->821622K(22937600K), 0.1821550 secs] 92968672K->73261051K(130940928K), 0.1825839 secs] [Times: user=2.67 sys=0.00, real=0.18 secs] 
2024-03-23T02:46:37.618+0800: 122073.038: [GC (Allocation Failure) 2024-03-23T02:46:37.618+0800: 122073.039: [ParNew: 20482422K->854964K(22937600K), 0.1690652 secs] 92921851K->73347370K(130940928K), 0.1694429 secs] [Times: user=2.28 sys=0.09, real=0.16 secs] 
2024-03-23T02:46:45.022+0800: 122080.443: [GC (Allocation Failure) 2024-03-23T02:46:45.022+0800: 122080.443: [ParNew: 20515764K->724749K(22937600K), 0.3367110 secs] 93008170K->73272256K(130940928K), 0.3371623 secs] [Times: user=2.12 sys=3.21, real=0.34 secs] 
2024-03-23T02:46:53.854+0800: 122089.275: [GC (Allocation Failure) 2024-03-23T02:46:53.854+0800: 122089.275: [ParNew: 20385549K->757156K(22937600K), 0.1780627 secs] 92933056K->73357292K(130940928K), 0.1785095 secs] [Times: user=2.07 sys=0.46, real=0.18 secs] 
2024-03-23T02:47:02.928+0800: 122098.349: [GC (Allocation Failure) 2024-03-23T02:47:02.928+0800: 122098.349: [ParNew: 20417956K->723060K(22937600K), 0.1927439 secs] 93018092K->73377191K(130940928K), 0.1931902 secs] [Times: user=2.37 sys=0.35, real=0.19 secs] 
2024-03-23T02:47:12.325+0800: 122107.746: [GC (Allocation Failure) 2024-03-23T02:47:12.325+0800: 122107.746: [ParNew: 20383860K->643637K(22937600K), 0.1723693 secs] 93037991K->73329010K(130940928K), 0.1728054 secs] [Times: user=2.10 sys=0.34, real=0.18 secs] 
2024-03-23T02:47:21.684+0800: 122117.105: [GC (Allocation Failure) 2024-03-23T02:47:21.684+0800: 122117.105: [ParNew: 20304437K->663695K(22937600K), 0.1805109 secs] 92989810K->73387442K(130940928K), 0.1809561 secs] [Times: user=2.56 sys=0.03, real=0.18 secs] 
2024-03-23T02:47:30.141+0800: 122125.562: [GC (Allocation Failure) 2024-03-23T02:47:30.141+0800: 122125.562: [ParNew: 20324495K->675127K(22937600K), 0.1795153 secs] 93048242K->73436561K(130940928K), 0.1799948 secs] [Times: user=2.51 sys=0.01, real=0.18 secs] 
2024-03-23T02:47:40.856+0800: 122136.277: [GC (Allocation Failure) 2024-03-23T02:47:40.856+0800: 122136.277: [ParNew: 20335927K->590330K(22937600K), 0.1994222 secs] 93097361K->73391215K(130940928K), 0.1999866 secs] [Times: user=2.69 sys=0.20, real=0.20 secs] 
2024-03-23T02:47:53.824+0800: 122149.244: [GC (Allocation Failure) 2024-03-23T02:47:53.824+0800: 122149.245: [ParNew: 20251130K->686871K(22937600K), 0.3971692 secs] 93052015K->73517697K(130940928K), 0.3976300 secs] [Times: user=2.89 sys=3.36, real=0.40 secs] 
2024-03-23T02:48:04.832+0800: 122160.252: [GC (Allocation Failure) 2024-03-23T02:48:04.832+0800: 122160.253: [ParNew: 20347671K->815841K(22937600K), 0.2009794 secs] 93178497K->73683413K(130940928K), 0.2014377 secs] [Times: user=2.86 sys=0.02, real=0.20 secs] 
2024-03-23T02:48:18.932+0800: 122174.353: [GC (Allocation Failure) 2024-03-23T02:48:18.932+0800: 122174.353: [ParNew: 20476641K->751566K(22937600K), 0.1926850 secs] 93344213K->73644770K(130940928K), 0.1931433 secs] [Times: user=2.18 sys=0.58, real=0.19 secs] 
2024-03-23T02:48:25.925+0800: 122181.346: [GC (Allocation Failure) 2024-03-23T02:48:25.925+0800: 122181.346: [ParNew: 20412366K->874559K(22937600K), 0.1702343 secs] 93305570K->73789954K(130940928K), 0.1706676 secs] [Times: user=2.13 sys=0.26, real=0.17 secs] 
2024-03-23T02:48:34.536+0800: 122189.957: [GC (Allocation Failure) 2024-03-23T02:48:34.537+0800: 122189.957: [ParNew: 20535359K->752500K(22937600K), 0.1912988 secs] 93450754K->73691333K(130940928K), 0.1917486 secs] [Times: user=2.32 sys=0.45, real=0.20 secs] 
2024-03-23T02:48:42.424+0800: 122197.845: [GC (Allocation Failure) 2024-03-23T02:48:42.424+0800: 122197.845: [ParNew: 20413300K->887159K(22937600K), 0.1596272 secs] 93352133K->73847859K(130940928K), 0.1600587 secs] [Times: user=2.15 sys=0.07, real=0.16 secs] 
2024-03-23T02:48:54.845+0800: 122210.266: [GC (Allocation Failure) 2024-03-23T02:48:54.845+0800: 122210.266: [ParNew: 20547959K->965754K(22937600K), 0.2707840 secs] 93508659K->73948725K(130940928K), 0.2713864 secs] [Times: user=2.52 sys=1.40, real=0.27 secs] 
2024-03-23T02:49:13.312+0800: 122228.733: [GC (Allocation Failure) 2024-03-23T02:49:13.313+0800: 122228.733: [ParNew: 20626554K->977632K(22937600K), 0.2382919 secs] 93609525K->73982717K(130940928K), 0.2388094 secs] [Times: user=2.80 sys=0.53, real=0.24 secs] 
2024-03-23T02:49:26.930+0800: 122242.351: [GC (Allocation Failure) 2024-03-23T02:49:26.930+0800: 122242.351: [ParNew: 20638432K->1066170K(22937600K), 0.2072029 secs] 93643517K->74089905K(130940928K), 0.2076907 secs] [Times: user=2.29 sys=0.42, real=0.21 secs] 
2024-03-23T02:49:40.035+0800: 122255.455: [GC (Allocation Failure) 2024-03-23T02:49:40.035+0800: 122255.456: [ParNew: 20683359K->1241178K(22937600K), 0.2223593 secs] 93707094K->74286647K(130940928K), 0.2228335 secs] [Times: user=2.39 sys=0.53, real=0.23 secs] 
2024-03-23T02:49:57.634+0800: 122273.055: [GC (Allocation Failure) 2024-03-23T02:49:57.634+0800: 122273.055: [ParNew: 20901978K->1161137K(22937600K), 0.2706808 secs] 93947447K->74230870K(130940928K), 0.2711860 secs] [Times: user=2.75 sys=1.07, real=0.27 secs] 
2024-03-23T02:50:13.108+0800: 122288.529: [GC (Allocation Failure) 2024-03-23T02:50:13.109+0800: 122288.529: [ParNew: 20821937K->1375425K(22937600K), 0.2737093 secs] 93891670K->74468011K(130940928K), 0.2742259 secs] [Times: user=3.29 sys=0.46, real=0.27 secs] 
2024-03-23T02:50:27.805+0800: 122303.226: [GC (Allocation Failure) 2024-03-23T02:50:27.805+0800: 122303.226: [ParNew: 21036225K->1316346K(22937600K), 0.2257920 secs] 94128811K->74431743K(130940928K), 0.2262742 secs] [Times: user=2.87 sys=0.10, real=0.23 secs] 
2024-03-23T02:50:39.809+0800: 122315.230: [GC (Allocation Failure) 2024-03-23T02:50:39.810+0800: 122315.230: [ParNew: 20977146K->1522689K(22937600K), 0.2273409 secs] 94092543K->74663248K(130940928K), 0.2278004 secs] [Times: user=2.53 sys=0.48, real=0.22 secs] 
2024-03-23T02:50:56.381+0800: 122331.802: [GC (Allocation Failure) 2024-03-23T02:50:56.382+0800: 122331.802: [ParNew: 21183489K->1232784K(22937600K), 0.2045018 secs] 94324048K->74400123K(130940928K), 0.2049934 secs] [Times: user=2.45 sys=0.25, real=0.20 secs] 
2024-03-23T02:51:12.830+0800: 122348.251: [GC (Allocation Failure) 2024-03-23T02:51:12.831+0800: 122348.251: [ParNew: 20893584K->1292817K(22937600K), 0.3039280 secs] 94060923K->74507817K(130940928K), 0.3044347 secs] [Times: user=2.87 sys=1.40, real=0.30 secs] 
2024-03-23T02:51:24.770+0800: 122360.191: [GC (Allocation Failure) 2024-03-23T02:51:24.771+0800: 122360.191: [ParNew: 20953617K->1359123K(22937600K), 0.2265695 secs] 94168617K->74644384K(130940928K), 0.2270693 secs] [Times: user=2.94 sys=0.02, real=0.23 secs] 
2024-03-23T02:51:33.003+0800: 122368.424: [GC (Allocation Failure) 2024-03-23T02:51:33.003+0800: 122368.424: [ParNew: 21019923K->1308463K(22937600K), 0.2036117 secs] 94305184K->74660846K(130940928K), 0.2040999 secs] [Times: user=2.48 sys=0.34, real=0.20 secs] 
2024-03-23T02:51:41.588+0800: 122377.009: [GC (Allocation Failure) 2024-03-23T02:51:41.588+0800: 122377.009: [ParNew: 20969263K->1177056K(22937600K), 0.1875735 secs] 94321646K->74574851K(130940928K), 0.1880383 secs] [Times: user=2.35 sys=0.31, real=0.18 secs] 
2024-03-23T02:51:51.218+0800: 122386.638: [GC (Allocation Failure) 2024-03-23T02:51:51.218+0800: 122386.639: [ParNew: 20837856K->1218194K(22937600K), 0.1962762 secs] 94235651K->74658514K(130940928K), 0.1967628 secs] [Times: user=2.90 sys=0.00, real=0.19 secs] 
2024-03-23T02:52:01.315+0800: 122396.736: [GC (Allocation Failure) 2024-03-23T02:52:01.315+0800: 122396.736: [ParNew: 20878994K->1202612K(22937600K), 0.2315685 secs] 94319314K->74681381K(130940928K), 0.2320561 secs] [Times: user=2.92 sys=0.53, real=0.23 secs] 
2024-03-23T02:52:10.546+0800: 122405.967: [GC (Allocation Failure) 2024-03-23T02:52:10.547+0800: 122405.967: [ParNew: 20863412K->1066428K(22937600K), 0.2260887 secs] 94342181K->74598543K(130940928K), 0.2266179 secs] [Times: user=2.57 sys=0.71, real=0.23 secs] 
2024-03-23T02:52:18.074+0800: 122413.494: [GC (Allocation Failure) 2024-03-23T02:52:18.074+0800: 122413.495: [ParNew: 20727228K->1060446K(22937600K), 0.1783753 secs] 94259343K->74653544K(130940928K), 0.1788140 secs] [Times: user=2.26 sys=0.23, real=0.18 secs] 
2024-03-23T02:52:26.526+0800: 122421.947: [GC (Allocation Failure) 2024-03-23T02:52:26.526+0800: 122421.947: [ParNew: 20721246K->895147K(22937600K), 0.1819739 secs] 94314344K->74548248K(130940928K), 0.1824445 secs] [Times: user=2.41 sys=0.31, real=0.19 secs] 
2024-03-23T02:52:34.326+0800: 122429.747: [GC (Allocation Failure) 2024-03-23T02:52:34.326+0800: 122429.747: [ParNew: 20555947K->824516K(22937600K), 0.1994090 secs] 94209048K->74532339K(130940928K), 0.1998875 secs] [Times: user=2.85 sys=0.00, real=0.20 secs] 
2024-03-23T02:52:43.153+0800: 122438.574: [GC (Allocation Failure) 2024-03-23T02:52:43.154+0800: 122438.574: [ParNew: 20485316K->771861K(22937600K), 0.1928425 secs] 94193139K->74528413K(130940928K), 0.1932056 secs] [Times: user=2.26 sys=0.37, real=0.19 secs] 
2024-03-23T02:52:50.665+0800: 122446.085: [GC (Allocation Failure) 2024-03-23T02:52:50.665+0800: 122446.086: [ParNew: 20432661K->840519K(22937600K), 0.1907023 secs] 94189213K->74652537K(130940928K), 0.1910579 secs] [Times: user=2.30 sys=0.27, real=0.19 secs] 
2024-03-23T02:52:58.777+0800: 122454.198: [GC (Allocation Failure) 2024-03-23T02:52:58.777+0800: 122454.198: [ParNew: 20501319K->780318K(22937600K), 0.2879865 secs] 94313337K->74646135K(130940928K), 0.2884730 secs] [Times: user=4.46 sys=0.05, real=0.29 secs] 
2024-03-23T02:53:05.798+0800: 122461.219: [GC (Allocation Failure) 2024-03-23T02:53:05.798+0800: 122461.219: [ParNew: 20441118K->694831K(22937600K), 0.2310119 secs] 94306935K->74609647K(130940928K), 0.2314556 secs] [Times: user=2.36 sys=1.09, real=0.23 secs] 
2024-03-23T02:53:17.863+0800: 122473.284: [GC (Allocation Failure) 2024-03-23T02:53:17.863+0800: 122473.284: [ParNew: 20355631K->672016K(22937600K), 0.2084379 secs] 94270447K->74633153K(130940928K), 0.2089096 secs] [Times: user=2.55 sys=0.52, real=0.21 secs] 
2024-03-23T02:53:24.955+0800: 122480.376: [GC (Allocation Failure) 2024-03-23T02:53:24.956+0800: 122480.376: [ParNew: 20332816K->573998K(22937600K), 0.2912894 secs] 94293953K->74584425K(130940928K), 0.2917198 secs] [Times: user=4.25 sys=0.23, real=0.29 secs] 
2024-03-23T02:53:35.182+0800: 122490.603: [GC (Allocation Failure) 2024-03-23T02:53:35.182+0800: 122490.603: [ParNew: 20234798K->577991K(22937600K), 0.1829945 secs] 94245225K->74636108K(130940928K), 0.1834180 secs] [Times: user=2.16 sys=0.29, real=0.18 secs] 
2024-03-23T02:53:43.975+0800: 122499.396: [GC (Allocation Failure) 2024-03-23T02:53:43.975+0800: 122499.396: [ParNew: 20238791K->587835K(22937600K), 0.1761544 secs] 94296908K->74668566K(130940928K), 0.1765170 secs] [Times: user=2.07 sys=0.34, real=0.18 secs] 
2024-03-23T02:53:53.302+0800: 122508.723: [GC (Allocation Failure) 2024-03-23T02:53:53.303+0800: 122508.723: [ParNew: 20248635K->598331K(22937600K), 0.1817384 secs] 94329366K->74701610K(130940928K), 0.1821172 secs] [Times: user=2.47 sys=0.00, real=0.18 secs] 
2024-03-23T02:54:03.160+0800: 122518.581: [GC (Allocation Failure) 2024-03-23T02:54:03.161+0800: 122518.581: [ParNew: 20259131K->642275K(22937600K), 0.1520215 secs] 94362410K->74768483K(130940928K), 0.1525204 secs] [Times: user=2.04 sys=0.02, real=0.15 secs] 
2024-03-23T02:54:11.175+0800: 122526.596: [GC (Allocation Failure) 2024-03-23T02:54:11.175+0800: 122526.596: [ParNew: 20303075K->645296K(22937600K), 0.3430032 secs] 94429283K->74796389K(130940928K), 0.3435111 secs] [Times: user=3.51 sys=1.93, real=0.35 secs] 
2024-03-23T02:54:19.332+0800: 122534.753: [GC (Allocation Failure) 2024-03-23T02:54:19.333+0800: 122534.754: [ParNew: 20306096K->630227K(22937600K), 0.2127596 secs] 94457189K->74804453K(130940928K), 0.2132302 secs] [Times: user=2.97 sys=0.17, real=0.21 secs] 
2024-03-23T02:54:26.003+0800: 122541.423: [GC (Allocation Failure) 2024-03-23T02:54:26.003+0800: 122541.424: [ParNew: 20291027K->619768K(22937600K), 0.1738047 secs] 94465253K->74815340K(130940928K), 0.1742313 secs] [Times: user=2.26 sys=0.23, real=0.17 secs] 
2024-03-23T02:54:40.175+0800: 122555.596: [GC (Allocation Failure) 2024-03-23T02:54:40.176+0800: 122555.596: [ParNew: 20280568K->654472K(22937600K), 0.1753052 secs] 94476140K->74869408K(130940928K), 0.1757725 secs] [Times: user=2.07 sys=0.45, real=0.18 secs] 
2024-03-23T02:54:51.285+0800: 122566.706: [GC (Allocation Failure) 2024-03-23T02:54:51.285+0800: 122566.706: [ParNew: 20315272K->654704K(22937600K), 0.2899578 secs] 94530208K->74893359K(130940928K), 0.2904233 secs] [Times: user=4.46 sys=0.02, real=0.29 secs] 
2024-03-23T02:55:01.820+0800: 122577.241: [GC (Allocation Failure) 2024-03-23T02:55:01.821+0800: 122577.242: [ParNew: 20315504K->749059K(22937600K), 0.1882979 secs] 94554159K->75006525K(130940928K), 0.1888040 secs] [Times: user=2.37 sys=0.32, real=0.19 secs] 
2024-03-23T02:55:10.739+0800: 122586.159: [GC (Allocation Failure) 2024-03-23T02:55:10.739+0800: 122586.160: [ParNew: 20409859K->742921K(22937600K), 0.2638782 secs] 94667325K->75020904K(130940928K), 0.2643494 secs] [Times: user=2.51 sys=1.54, real=0.26 secs] 
2024-03-23T02:55:23.549+0800: 122598.970: [GC (Allocation Failure) 2024-03-23T02:55:23.549+0800: 122598.970: [ParNew: 20403721K->895912K(22937600K), 0.2129819 secs] 94681704K->75196485K(130940928K), 0.2134995 secs] [Times: user=2.91 sys=0.16, real=0.21 secs] 
2024-03-23T02:55:38.779+0800: 122614.200: [GC (Allocation Failure) 2024-03-23T02:55:38.779+0800: 122614.200: [ParNew: 20556712K->882450K(22937600K), 0.2047871 secs] 94857285K->75207459K(130940928K), 0.2052554 secs] [Times: user=2.63 sys=0.18, real=0.20 secs] 
2024-03-23T02:55:53.230+0800: 122628.650: [GC (Allocation Failure) 2024-03-23T02:55:53.230+0800: 122628.651: [ParNew: 20543250K->887337K(22937600K), 0.2072794 secs] 94868259K->75239760K(130940928K), 0.2077632 secs] [Times: user=2.30 sys=0.52, real=0.20 secs] 
2024-03-23T02:56:05.351+0800: 122640.771: [GC (Allocation Failure) 2024-03-23T02:56:05.351+0800: 122640.772: [ParNew: 20548137K->891861K(22937600K), 0.2100075 secs] 94900560K->75268425K(130940928K), 0.2104627 secs] [Times: user=2.37 sys=0.46, real=0.21 secs] 
2024-03-23T02:56:19.563+0800: 122654.984: [GC (Allocation Failure) 2024-03-23T02:56:19.563+0800: 122654.984: [ParNew: 20552661K->1069236K(22937600K), 0.2634404 secs] 94929225K->75474745K(130940928K), 0.2638824 secs] [Times: user=2.62 sys=1.16, real=0.26 secs] 
2024-03-23T02:56:33.689+0800: 122669.110: [GC (Allocation Failure) 2024-03-23T02:56:33.689+0800: 122669.110: [ParNew: 20730036K->1107778K(22937600K), 0.2587981 secs] 95135545K->75538613K(130940928K), 0.2592453 secs] [Times: user=2.80 sys=0.80, real=0.26 secs] 
2024-03-23T02:56:48.821+0800: 122684.241: [GC (Allocation Failure) 2024-03-23T02:56:48.821+0800: 122684.242: [ParNew: 20768578K->1006347K(22937600K), 0.2399355 secs] 95199413K->75466492K(130940928K), 0.2403930 secs] [Times: user=3.10 sys=0.24, real=0.24 secs] 
2024-03-23T02:57:02.250+0800: 122697.671: [GC (Allocation Failure) 2024-03-23T02:57:02.250+0800: 122697.671: [ParNew: 20667147K->1025661K(22937600K), 0.2242031 secs] 95127292K->75516726K(130940928K), 0.2246563 secs] [Times: user=2.45 sys=0.64, real=0.22 secs] 
2024-03-23T02:57:13.718+0800: 122709.139: [GC (Allocation Failure) 2024-03-23T02:57:13.718+0800: 122709.139: [ParNew: 20686461K->1213579K(22937600K), 0.2528978 secs] 95177526K->75732095K(130940928K), 0.2533588 secs] [Times: user=3.04 sys=0.51, real=0.25 secs] 
2024-03-23T02:57:26.362+0800: 122721.782: [GC (Allocation Failure) 2024-03-23T02:57:26.362+0800: 122721.783: [ParNew: 20874379K->1117435K(22937600K), 0.3015168 secs] 95392895K->75661858K(130940928K), 0.3020081 secs] [Times: user=2.75 sys=1.76, real=0.30 secs] 
2024-03-23T02:57:39.087+0800: 122734.508: [GC (Allocation Failure) 2024-03-23T02:57:39.088+0800: 122734.508: [ParNew: 20778235K->1312377K(22937600K), 0.2337836 secs] 95322658K->75881534K(130940928K), 0.2342273 secs] [Times: user=2.82 sys=0.54, real=0.24 secs] 
2024-03-23T02:57:51.685+0800: 122747.106: [GC (Allocation Failure) 2024-03-23T02:57:51.685+0800: 122747.106: [ParNew: 20973177K->1285558K(22937600K), 0.2076458 secs] 95542334K->75889925K(130940928K), 0.2080826 secs] [Times: user=2.43 sys=0.46, real=0.21 secs] 
2024-03-23T02:58:04.336+0800: 122759.757: [GC (Allocation Failure) 2024-03-23T02:58:04.336+0800: 122759.757: [ParNew: 20946358K->1255218K(22937600K), 0.2107642 secs] 95550725K->75902629K(130940928K), 0.2112064 secs] [Times: user=2.39 sys=0.44, real=0.21 secs] 
2024-03-23T02:58:15.984+0800: 122771.405: [GC (Allocation Failure) 2024-03-23T02:58:15.985+0800: 122771.405: [ParNew: 20916018K->1242826K(22937600K), 0.2069563 secs] 95563429K->75929316K(130940928K), 0.2074079 secs] [Times: user=2.82 sys=0.04, real=0.21 secs] 
2024-03-23T02:58:28.290+0800: 122783.711: [GC (Allocation Failure) 2024-03-23T02:58:28.290+0800: 122783.711: [ParNew: 20903626K->1228049K(22937600K), 0.1863977 secs] 95590116K->75952111K(130940928K), 0.1868471 secs] [Times: user=2.42 sys=0.13, real=0.18 secs] 
2024-03-23T02:58:37.788+0800: 122793.209: [GC (Allocation Failure) 2024-03-23T02:58:37.788+0800: 122793.209: [ParNew: 20888849K->1193277K(22937600K), 0.2718889 secs] 95612911K->75969871K(130940928K), 0.2723783 secs] [Times: user=2.70 sys=1.28, real=0.27 secs] 
2024-03-23T02:58:48.347+0800: 122803.768: [GC (Allocation Failure) 2024-03-23T02:58:48.348+0800: 122803.768: [ParNew: 20854077K->1286116K(22937600K), 0.2197687 secs] 95630671K->76118816K(130940928K), 0.2201948 secs] [Times: user=2.29 sys=0.84, real=0.23 secs] 
2024-03-23T02:58:59.762+0800: 122815.183: [GC (Allocation Failure) 2024-03-23T02:58:59.763+0800: 122815.184: [ParNew: 20946916K->1155003K(22937600K), 0.3924417 secs] 95779616K->76042730K(130940928K), 0.3928628 secs] [Times: user=6.10 sys=0.20, real=0.39 secs] 
2024-03-23T02:59:07.290+0800: 122822.711: [GC (Allocation Failure) 2024-03-23T02:59:07.291+0800: 122822.711: [ParNew: 20815803K->1123632K(22937600K), 0.1972338 secs] 95703530K->76066391K(130940928K), 0.1976322 secs] [Times: user=2.45 sys=0.29, real=0.20 secs] 
2024-03-23T02:59:14.398+0800: 122829.819: [GC (Allocation Failure) 2024-03-23T02:59:14.398+0800: 122829.819: [ParNew: 20784432K->1117515K(22937600K), 0.2424895 secs] 95727191K->76110448K(130940928K), 0.2429335 secs] [Times: user=3.57 sys=0.07, real=0.24 secs] 
2024-03-23T02:59:20.821+0800: 122836.242: [GC (Allocation Failure) 2024-03-23T02:59:20.822+0800: 122836.242: [ParNew: 20778315K->1110677K(22937600K), 0.1944492 secs] 95771248K->76161040K(130940928K), 0.1948883 secs] [Times: user=2.44 sys=0.34, real=0.19 secs] 
2024-03-23T02:59:26.092+0800: 122841.513: [GC (Allocation Failure) 2024-03-23T02:59:26.092+0800: 122841.513: [ParNew: 20771477K->991586K(22937600K), 0.1775141 secs] 95821840K->76091906K(130940928K), 0.1779460 secs] [Times: user=2.37 sys=0.15, real=0.18 secs] 
2024-03-23T02:59:32.887+0800: 122848.307: [GC (Allocation Failure) 2024-03-23T02:59:32.887+0800: 122848.308: [ParNew: 20652386K->970651K(22937600K), 0.1920050 secs] 95752706K->76120713K(130940928K), 0.1924441 secs] [Times: user=2.50 sys=0.22, real=0.20 secs] 
2024-03-23T02:59:41.118+0800: 122856.538: [GC (Allocation Failure) 2024-03-23T02:59:41.118+0800: 122856.539: [ParNew: 20631451K->951116K(22937600K), 0.2237211 secs] 95781513K->76155111K(130940928K), 0.2241882 secs] [Times: user=2.30 sys=0.98, real=0.22 secs] 
2024-03-23T02:59:48.155+0800: 122863.576: [GC (Allocation Failure) 2024-03-23T02:59:48.156+0800: 122863.577: [ParNew: 20611916K->953414K(22937600K), 0.2370422 secs] 95815911K->76207594K(130940928K), 0.2374400 secs] [Times: user=3.17 sys=0.42, real=0.24 secs] 
2024-03-23T02:59:55.097+0800: 122870.518: [GC (Allocation Failure) 2024-03-23T02:59:55.098+0800: 122870.519: [ParNew: 20614214K->818494K(22937600K), 0.2071284 secs] 95868394K->76117995K(130940928K), 0.2075840 secs] [Times: user=2.63 sys=0.36, real=0.21 secs] 
2024-03-23T03:00:01.761+0800: 122877.182: [GC (Allocation Failure) 2024-03-23T03:00:01.762+0800: 122877.182: [ParNew: 20479294K->808642K(22937600K), 0.1719362 secs] 95778795K->76151603K(130940928K), 0.1723427 secs] [Times: user=2.18 sys=0.26, real=0.17 secs] 
2024-03-23T03:00:10.997+0800: 122886.418: [GC (Allocation Failure) 2024-03-23T03:00:10.998+0800: 122886.418: [ParNew: 20469442K->822959K(22937600K), 0.1807918 secs] 95812403K->76207572K(130940928K), 0.1812610 secs] [Times: user=2.25 sys=0.30, real=0.19 secs] 
2024-03-23T03:00:18.292+0800: 122893.713: [GC (Allocation Failure) 2024-03-23T03:00:18.292+0800: 122893.713: [ParNew: 20483759K->774080K(22937600K), 0.1834395 secs] 95868372K->76202474K(130940928K), 0.1839169 secs] [Times: user=2.26 sys=0.38, real=0.18 secs] 
2024-03-23T03:00:25.240+0800: 122900.661: [GC (Allocation Failure) 2024-03-23T03:00:25.240+0800: 122900.661: [ParNew: 20434880K->729447K(22937600K), 0.1747815 secs] 95863274K->76221408K(130940928K), 0.1752627 secs] [Times: user=2.25 sys=0.18, real=0.17 secs] 
2024-03-23T03:00:32.576+0800: 122907.997: [GC (Allocation Failure) 2024-03-23T03:00:32.576+0800: 122907.997: [ParNew: 20390247K->693493K(22937600K), 0.2517281 secs] 95882208K->76249874K(130940928K), 0.2522092 secs] [Times: user=2.58 sys=1.16, real=0.26 secs] 
2024-03-23T03:00:40.512+0800: 122915.933: [GC (Allocation Failure) 2024-03-23T03:00:40.513+0800: 122915.934: [ParNew: 20354293K->598404K(22937600K), 0.1759357 secs] 95910674K->76205255K(130940928K), 0.1763982 secs] [Times: user=2.39 sys=0.10, real=0.18 secs] 
2024-03-23T03:00:49.093+0800: 122924.514: [GC (Allocation Failure) 2024-03-23T03:00:49.093+0800: 122924.514: [ParNew: 20259204K->621280K(22937600K), 0.2625920 secs] 95866055K->76268584K(130940928K), 0.2631191 secs] [Times: user=3.53 sys=0.44, real=0.26 secs] 
2024-03-23T03:00:58.112+0800: 122933.532: [GC (Allocation Failure) 2024-03-23T03:00:58.112+0800: 122933.533: [ParNew: 20282080K->650984K(22937600K), 0.2063086 secs] 95929384K->76335208K(130940928K), 0.2067538 secs] [Times: user=2.96 sys=0.04, real=0.21 secs] 
2024-03-23T03:01:06.154+0800: 122941.575: [GC (Allocation Failure) 2024-03-23T03:01:06.154+0800: 122941.575: [ParNew: 20311784K->627106K(22937600K), 0.1870432 secs] 95996008K->76338348K(130940928K), 0.1874853 secs] [Times: user=2.35 sys=0.32, real=0.19 secs] 
2024-03-23T03:01:14.005+0800: 122949.426: [GC (Allocation Failure) 2024-03-23T03:01:14.005+0800: 122949.426: [ParNew: 20287906K->607951K(22937600K), 0.1748252 secs] 95999148K->76343359K(130940928K), 0.1752962 secs] [Times: user=2.13 sys=0.35, real=0.18 secs] 
2024-03-23T03:01:25.185+0800: 122960.606: [GC (Allocation Failure) 2024-03-23T03:01:25.186+0800: 122960.607: [ParNew: 20268751K->574251K(22937600K), 0.2282305 secs] 96004159K->76331902K(130940928K), 0.2287172 secs] [Times: user=2.93 sys=0.44, real=0.23 secs] 
2024-03-23T03:01:42.220+0800: 122977.641: [GC (Allocation Failure) 2024-03-23T03:01:42.220+0800: 122977.641: [ParNew: 20235051K->747484K(22937600K), 0.3526463 secs] 95992702K->76528145K(130940928K), 0.3531711 secs] [Times: user=2.70 sys=2.57, real=0.35 secs] 
2024-03-23T03:01:59.077+0800: 122994.498: [GC (Allocation Failure) 2024-03-23T03:01:59.078+0800: 122994.499: [ParNew: 20408284K->757546K(22937600K), 0.2873122 secs] 96188945K->76557195K(130940928K), 0.2877707 secs] [Times: user=3.14 sys=1.00, real=0.28 secs] 
2024-03-23T03:02:12.103+0800: 123007.524: [GC (Allocation Failure) 2024-03-23T03:02:12.103+0800: 123007.524: [ParNew: 20418346K->785898K(22937600K), 0.2349326 secs] 96217995K->76607793K(130940928K), 0.2353942 secs] [Times: user=2.96 sys=0.37, real=0.24 secs] 
2024-03-23T03:02:24.885+0800: 123020.306: [GC (Allocation Failure) 2024-03-23T03:02:24.885+0800: 123020.306: [ParNew: 20446698K->831977K(22937600K), 0.2320633 secs] 96268593K->76678399K(130940928K), 0.2325209 secs] [Times: user=2.39 sys=0.86, real=0.24 secs] 
2024-03-23T03:02:40.420+0800: 123035.841: [GC (Allocation Failure) 2024-03-23T03:02:40.420+0800: 123035.841: [ParNew: 20492777K->815380K(22937600K), 0.3816369 secs] 96339199K->76679225K(130940928K), 0.3821303 secs] [Times: user=2.85 sys=3.13, real=0.38 secs] 
2024-03-23T03:02:56.613+0800: 123052.033: [GC (Allocation Failure) 2024-03-23T03:02:56.613+0800: 123052.034: [ParNew: 20476180K->939823K(22937600K), 0.2343431 secs] 96340025K->76823774K(130940928K), 0.2347916 secs] [Times: user=2.69 sys=0.63, real=0.23 secs] 
2024-03-23T03:03:09.982+0800: 123065.403: [GC (Allocation Failure) 2024-03-23T03:03:09.983+0800: 123065.403: [ParNew: 20600623K->978127K(22937600K), 0.2164055 secs] 96484574K->76884749K(130940928K), 0.2168602 secs] [Times: user=2.72 sys=0.31, real=0.22 secs] 
2024-03-23T03:03:24.094+0800: 123079.515: [GC (Allocation Failure) 2024-03-23T03:03:24.095+0800: 123079.516: [ParNew: 20638927K->1027248K(22937600K), 0.2262020 secs] 96545549K->76956567K(130940928K), 0.2266572 secs] [Times: user=2.38 sys=0.79, real=0.23 secs] 
2024-03-23T03:03:36.561+0800: 123091.982: [GC (Allocation Failure) 2024-03-23T03:03:36.561+0800: 123091.982: [ParNew: 20688048K->1124310K(22937600K), 0.2104334 secs] 96617367K->77073675K(130940928K), 0.2108842 secs] [Times: user=2.48 sys=0.42, real=0.21 secs] 
2024-03-23T03:03:52.473+0800: 123107.894: [GC (Allocation Failure) 2024-03-23T03:03:52.473+0800: 123107.894: [ParNew: 20785110K->1222586K(22937600K), 0.4712673 secs] 96734475K->77195847K(130940928K), 0.4717883 secs] [Times: user=3.40 sys=4.09, real=0.47 secs] 
2024-03-23T03:04:10.032+0800: 123125.452: [GC (Allocation Failure) 2024-03-23T03:04:10.032+0800: 123125.453: [ParNew: 20883386K->1218815K(22937600K), 0.2946150 secs] 96856647K->77212245K(130940928K), 0.2950952 secs] [Times: user=3.22 sys=1.27, real=0.29 secs] 
2024-03-23T03:04:22.375+0800: 123137.796: [GC (Allocation Failure) 2024-03-23T03:04:22.375+0800: 123137.796: [ParNew: 20879615K->1263904K(22937600K), 0.2448292 secs] 96873045K->77281229K(130940928K), 0.2452865 secs] [Times: user=3.35 sys=0.39, real=0.25 secs] 
2024-03-23T03:04:35.217+0800: 123150.638: [GC (Allocation Failure) 2024-03-23T03:04:35.217+0800: 123150.638: [ParNew: 20924704K->1173099K(22937600K), 0.2554185 secs] 96942029K->77215831K(130940928K), 0.2558887 secs] [Times: user=3.55 sys=0.39, real=0.26 secs] 
2024-03-23T03:04:49.779+0800: 123165.200: [GC (Allocation Failure) 2024-03-23T03:04:49.780+0800: 123165.200: [ParNew: 20833899K->1340393K(22937600K), 0.2644138 secs] 96876631K->77407475K(130940928K), 0.2648936 secs] [Times: user=2.45 sys=1.28, real=0.26 secs] 
2024-03-23T03:05:02.993+0800: 123178.414: [GC (Allocation Failure) 2024-03-23T03:05:02.993+0800: 123178.414: [ParNew: 21001193K->1309215K(22937600K), 0.2405696 secs] 97068275K->77410266K(130940928K), 0.2410441 secs] [Times: user=2.57 sys=0.83, real=0.24 secs] 
2024-03-23T03:05:15.503+0800: 123190.924: [GC (Allocation Failure) 2024-03-23T03:05:15.504+0800: 123190.925: [ParNew: 20970015K->1220540K(22937600K), 0.2154319 secs] 97071066K->77379854K(130940928K), 0.2159019 secs] [Times: user=2.82 sys=0.03, real=0.22 secs] 
2024-03-23T03:05:25.560+0800: 123200.981: [GC (Allocation Failure) 2024-03-23T03:05:25.560+0800: 123200.981: [ParNew: 20881340K->1279984K(22937600K), 0.2099684 secs] 97040654K->77497184K(130940928K), 0.2103244 secs] [Times: user=2.38 sys=0.37, real=0.21 secs] 
2024-03-23T03:05:34.389+0800: 123209.810: [GC (Allocation Failure) 2024-03-23T03:05:34.389+0800: 123209.810: [ParNew: 20940784K->1104209K(22937600K), 0.2080845 secs] 97157984K->77375151K(130940928K), 0.2084865 secs] [Times: user=2.44 sys=0.34, real=0.20 secs] 
2024-03-23T03:05:42.372+0800: 123217.793: [GC (Allocation Failure) 2024-03-23T03:05:42.373+0800: 123217.793: [ParNew: 20765009K->1095185K(22937600K), 0.1911357 secs] 97035951K->77414082K(130940928K), 0.1916053 secs] [Times: user=2.47 sys=0.25, real=0.19 secs] 
2024-03-23T03:05:49.967+0800: 123225.387: [GC (Allocation Failure) 2024-03-23T03:05:49.967+0800: 123225.388: [ParNew: 20755985K->1042371K(22937600K), 0.2604014 secs] 97074882K->77407315K(130940928K), 0.2608143 secs] [Times: user=2.95 sys=0.87, real=0.26 secs] 
2024-03-23T03:06:00.070+0800: 123235.491: [GC (Allocation Failure) 2024-03-23T03:06:00.071+0800: 123235.492: [ParNew: 20703171K->976047K(22937600K), 0.1983208 secs] 97068115K->77398656K(130940928K), 0.1986728 secs] [Times: user=2.27 sys=0.37, real=0.20 secs] 
2024-03-23T03:06:06.212+0800: 123241.633: [GC (Allocation Failure) 2024-03-23T03:06:06.212+0800: 123241.633: [ParNew: 20636847K->1098281K(22937600K), 0.1987622 secs] 97059456K->77573238K(130940928K), 0.1992606 secs] [Times: user=2.35 sys=0.51, real=0.20 secs] 
2024-03-23T03:06:12.840+0800: 123248.261: [GC (Allocation Failure) 2024-03-23T03:06:12.841+0800: 123248.261: [ParNew: 20759081K->948737K(22937600K), 0.2127536 secs] 97234038K->77486174K(130940928K), 0.2132274 secs] [Times: user=3.15 sys=0.00, real=0.21 secs] 
2024-03-23T03:06:19.844+0800: 123255.265: [GC (Allocation Failure) 2024-03-23T03:06:19.845+0800: 123255.265: [ParNew: 20609537K->923084K(22937600K), 0.1852940 secs] 97146974K->77519619K(130940928K), 0.1857469 secs] [Times: user=2.76 sys=0.00, real=0.19 secs] 
2024-03-23T03:06:25.939+0800: 123261.360: [GC (Allocation Failure) 2024-03-23T03:06:25.940+0800: 123261.360: [ParNew: 20583884K->901935K(22937600K), 0.1817160 secs] 97180419K->77553466K(130940928K), 0.1821535 secs] [Times: user=2.37 sys=0.26, real=0.18 secs] 
2024-03-23T03:06:33.996+0800: 123269.417: [GC (Allocation Failure) 2024-03-23T03:06:33.997+0800: 123269.418: [ParNew: 20562735K->830018K(22937600K), 0.1862832 secs] 97214266K->77538901K(130940928K), 0.1867350 secs] [Times: user=2.68 sys=0.00, real=0.19 secs] 
2024-03-23T03:06:40.410+0800: 123275.831: [GC (Allocation Failure) 2024-03-23T03:06:40.410+0800: 123275.831: [ParNew: 20490818K->808609K(22937600K), 0.1759105 secs] 97199701K->77567000K(130940928K), 0.1763574 secs] [Times: user=2.27 sys=0.27, real=0.17 secs] 
2024-03-23T03:06:44.809+0800: 123280.230: [GC (Allocation Failure) 2024-03-23T03:06:44.809+0800: 123280.230: [ParNew: 20469409K->713325K(22937600K), 0.2027493 secs] 97227800K->77520061K(130940928K), 0.2031497 secs] [Times: user=3.25 sys=0.00, real=0.20 secs] 
2024-03-23T03:06:50.312+0800: 123285.733: [GC (Allocation Failure) 2024-03-23T03:06:50.312+0800: 123285.733: [ParNew: 20374125K->757981K(22937600K), 0.2332360 secs] 97180861K->77611599K(130940928K), 0.2336473 secs] [Times: user=2.03 sys=1.54, real=0.23 secs] 
2024-03-23T03:06:57.095+0800: 123292.516: [GC (Allocation Failure) 2024-03-23T03:06:57.095+0800: 123292.516: [ParNew: 20418781K->641905K(22937600K), 0.1660320 secs] 97272399K->77543968K(130940928K), 0.1664486 secs] [Times: user=2.12 sys=0.21, real=0.17 secs] 
2024-03-23T03:07:04.513+0800: 123299.933: [GC (Allocation Failure) 2024-03-23T03:07:04.513+0800: 123299.934: [ParNew: 20302705K->701656K(22937600K), 0.1965273 secs] 97204768K->77646468K(130940928K), 0.1969181 secs] [Times: user=2.52 sys=0.60, real=0.20 secs] 
2024-03-23T03:07:12.663+0800: 123308.084: [GC (Allocation Failure) 2024-03-23T03:07:12.664+0800: 123308.084: [ParNew: 20362456K->633885K(22937600K), 0.1748116 secs] 97307268K->77617849K(130940928K), 0.1752482 secs] [Times: user=2.58 sys=0.00, real=0.18 secs] 
2024-03-23T03:07:19.853+0800: 123315.274: [GC (Allocation Failure) 2024-03-23T03:07:19.853+0800: 123315.274: [ParNew: 20294685K->652078K(22937600K), 0.1938781 secs] 97278649K->77669525K(130940928K), 0.1942865 secs] [Times: user=2.49 sys=0.40, real=0.19 secs] 
2024-03-23T03:07:27.785+0800: 123323.206: [GC (Allocation Failure) 2024-03-23T03:07:27.785+0800: 123323.206: [ParNew: 20312878K->698482K(22937600K), 0.1676732 secs] 97330325K->77739347K(130940928K), 0.1680900 secs] [Times: user=2.14 sys=0.03, real=0.17 secs] 
2024-03-23T03:07:34.659+0800: 123330.080: [GC (Allocation Failure) 2024-03-23T03:07:34.659+0800: 123330.080: [ParNew: 20359282K->657499K(22937600K), 0.1777852 secs] 97400147K->77722032K(130940928K), 0.1781959 secs] [Times: user=2.22 sys=0.31, real=0.17 secs] 
2024-03-23T03:07:41.428+0800: 123336.848: [GC (Allocation Failure) 2024-03-23T03:07:41.428+0800: 123336.849: [ParNew: 20318299K->642375K(22937600K), 0.1670198 secs] 97382832K->77743558K(130940928K), 0.1674103 secs] [Times: user=2.20 sys=0.16, real=0.16 secs] 
2024-03-23T03:07:50.971+0800: 123346.392: [GC (Allocation Failure) 2024-03-23T03:07:50.971+0800: 123346.392: [ParNew: 20303175K->647729K(22937600K), 0.2405900 secs] 97404358K->77773521K(130940928K), 0.2410219 secs] [Times: user=1.97 sys=1.74, real=0.24 secs] 
2024-03-23T03:08:00.255+0800: 123355.676: [GC (Allocation Failure) 2024-03-23T03:08:00.255+0800: 123355.676: [ParNew: 20308529K->641840K(22937600K), 0.1755129 secs] 97434321K->77796350K(130940928K), 0.1759257 secs] [Times: user=2.06 sys=0.40, real=0.18 secs] 
2024-03-23T03:08:08.310+0800: 123363.731: [GC (Allocation Failure) 2024-03-23T03:08:08.310+0800: 123363.731: [ParNew: 20302640K->649429K(22937600K), 0.1787621 secs] 97457150K->77839335K(130940928K), 0.1791842 secs] [Times: user=2.25 sys=0.29, real=0.18 secs] 
2024-03-23T03:08:16.030+0800: 123371.451: [GC (Allocation Failure) 2024-03-23T03:08:16.030+0800: 123371.451: [ParNew: 20310229K->629764K(22937600K), 0.1766531 secs] 97500135K->77844774K(130940928K), 0.1770516 secs] [Times: user=2.19 sys=0.34, real=0.17 secs] 
2024-03-23T03:08:24.988+0800: 123380.409: [GC (Allocation Failure) 2024-03-23T03:08:24.988+0800: 123380.409: [ParNew: 20290564K->673550K(22937600K), 0.1745857 secs] 97505574K->77918042K(130940928K), 0.1750225 secs] [Times: user=2.55 sys=0.00, real=0.17 secs] 
2024-03-23T03:08:33.227+0800: 123388.647: [GC (Allocation Failure) 2024-03-23T03:08:33.227+0800: 123388.648: [ParNew: 20334350K->720704K(22937600K), 0.1767088 secs] 97578842K->77986800K(130940928K), 0.1771366 secs] [Times: user=2.13 sys=0.38, real=0.18 secs] 
2024-03-23T03:08:42.520+0800: 123397.941: [GC (Allocation Failure) 2024-03-23T03:08:42.520+0800: 123397.941: [ParNew: 20381504K->697083K(22937600K), 0.2053877 secs] 97647600K->77983237K(130940928K), 0.2058176 secs] [Times: user=2.65 sys=0.36, real=0.20 secs] 
2024-03-23T03:08:51.454+0800: 123406.874: [GC (Allocation Failure) 2024-03-23T03:08:51.454+0800: 123406.875: [ParNew: 20357883K->694388K(22937600K), 0.2480642 secs] 97644037K->78004958K(130940928K), 0.2484952 secs] [Times: user=2.43 sys=1.30, real=0.25 secs] 
2024-03-23T03:09:01.898+0800: 123417.319: [GC (Allocation Failure) 2024-03-23T03:09:01.898+0800: 123417.319: [ParNew: 20355188K->725907K(22937600K), 0.1830879 secs] 97665758K->78060087K(130940928K), 0.1835424 secs] [Times: user=2.15 sys=0.46, real=0.18 secs] 
2024-03-23T03:09:10.441+0800: 123425.862: [GC (Allocation Failure) 2024-03-23T03:09:10.441+0800: 123425.862: [ParNew: 20386707K->842940K(22937600K), 0.1910657 secs] 97720887K->78203377K(130940928K), 0.1914729 secs] [Times: user=2.38 sys=0.38, real=0.19 secs] 
2024-03-23T03:09:20.719+0800: 123436.140: [GC (Allocation Failure) 2024-03-23T03:09:20.720+0800: 123436.141: [ParNew: 20503740K->806055K(22937600K), 0.2040426 secs] 97864177K->78194369K(130940928K), 0.2044872 secs] [Times: user=2.56 sys=0.42, real=0.20 secs] 
2024-03-23T03:09:29.915+0800: 123445.336: [GC (Allocation Failure) 2024-03-23T03:09:29.915+0800: 123445.336: [ParNew: 20466855K->834706K(22937600K), 0.1932798 secs] 97855169K->78248321K(130940928K), 0.1937228 secs] [Times: user=2.23 sys=0.43, real=0.20 secs] 
2024-03-23T03:09:39.066+0800: 123454.487: [GC (Allocation Failure) 2024-03-23T03:09:39.066+0800: 123454.487: [ParNew: 20495506K->814922K(22937600K), 0.1875231 secs] 97909121K->78255078K(130940928K), 0.1879532 secs] [Times: user=2.60 sys=0.02, real=0.19 secs] 
2024-03-23T03:09:52.343+0800: 123467.764: [GC (Allocation Failure) 2024-03-23T03:09:52.343+0800: 123467.764: [ParNew: 20475722K->849141K(22937600K), 0.2479022 secs] 97915878K->78321887K(130940928K), 0.2483719 secs] [Times: user=2.74 sys=0.83, real=0.25 secs] 
2024-03-23T03:10:06.064+0800: 123481.485: [GC (Allocation Failure) 2024-03-23T03:10:06.064+0800: 123481.485: [ParNew: 20509941K->868566K(22937600K), 0.2631099 secs] 97982687K->78371663K(130940928K), 0.2635906 secs] [Times: user=3.03 sys=0.71, real=0.27 secs] 
2024-03-23T03:10:20.274+0800: 123495.695: [GC (Allocation Failure) 2024-03-23T03:10:20.275+0800: 123495.696: [ParNew: 20529366K->818910K(22937600K), 0.2225718 secs] 98032463K->78349885K(130940928K), 0.2230372 secs] [Times: user=2.81 sys=0.30, real=0.23 secs] 
2024-03-23T03:10:33.552+0800: 123508.973: [GC (Allocation Failure) 2024-03-23T03:10:33.553+0800: 123508.973: [ParNew: 20479710K->939052K(22937600K), 0.2581404 secs] 98010685K->78501188K(130940928K), 0.2586055 secs] [Times: user=3.37 sys=0.29, real=0.26 secs] 
2024-03-23T03:10:50.535+0800: 123525.956: [GC (Allocation Failure) 2024-03-23T03:10:50.535+0800: 123525.956: [ParNew: 20599852K->943814K(22937600K), 0.2178063 secs] 98161988K->78534579K(130940928K), 0.2182686 secs] [Times: user=2.46 sys=0.50, real=0.22 secs] 
2024-03-23T03:11:04.798+0800: 123540.219: [GC (Allocation Failure) 2024-03-23T03:11:04.798+0800: 123540.219: [ParNew: 20604614K->1052677K(22937600K), 0.3648767 secs] 98195379K->78672083K(130940928K), 0.3654254 secs] [Times: user=2.77 sys=2.69, real=0.36 secs] 
2024-03-23T03:11:21.762+0800: 123557.183: [GC (Allocation Failure) 2024-03-23T03:11:21.762+0800: 123557.183: [ParNew: 20713477K->1113845K(22937600K), 0.2436641 secs] 98332883K->78762883K(130940928K), 0.2441464 secs] [Times: user=2.28 sys=1.20, real=0.24 secs] 
2024-03-23T03:11:35.463+0800: 123570.884: [GC (Allocation Failure) 2024-03-23T03:11:35.463+0800: 123570.884: [ParNew: 20774645K->1219018K(22937600K), 0.2375969 secs] 98423683K->78899353K(130940928K), 0.2380712 secs] [Times: user=2.59 sys=0.64, real=0.24 secs] 
2024-03-23T03:11:49.396+0800: 123584.816: [GC (Allocation Failure) 2024-03-23T03:11:49.396+0800: 123584.817: [ParNew: 20879818K->1137198K(22937600K), 0.2239292 secs] 98560153K->78848637K(130940928K), 0.2243771 secs] [Times: user=2.44 sys=0.64, real=0.23 secs] 
2024-03-23T03:12:02.206+0800: 123597.627: [GC (Allocation Failure) 2024-03-23T03:12:02.206+0800: 123597.627: [ParNew: 20797998K->1215379K(22937600K), 0.3196234 secs] 98509437K->78958402K(130940928K), 0.3201152 secs] [Times: user=2.87 sys=2.01, real=0.32 secs] 
2024-03-23T03:12:14.752+0800: 123610.173: [GC (Allocation Failure) 2024-03-23T03:12:14.752+0800: 123610.173: [ParNew: 20876179K->1260705K(22937600K), 0.2654955 secs] 98619202K->79036065K(130940928K), 0.2659721 secs] [Times: user=2.95 sys=0.96, real=0.27 secs] 
2024-03-23T03:12:27.825+0800: 123623.246: [GC (Allocation Failure) 2024-03-23T03:12:27.825+0800: 123623.246: [ParNew: 20921505K->1286542K(22937600K), 0.2375722 secs] 98696865K->79090923K(130940928K), 0.2380345 secs] [Times: user=2.74 sys=0.69, real=0.24 secs] 
2024-03-23T03:12:38.020+0800: 123633.441: [GC (Allocation Failure) 2024-03-23T03:12:38.020+0800: 123633.441: [ParNew: 20947342K->1392425K(22937600K), 0.2138628 secs] 98751723K->79231608K(130940928K), 0.2142976 secs] [Times: user=2.54 sys=0.44, real=0.21 secs] 
2024-03-23T03:12:49.258+0800: 123644.679: [GC (Allocation Failure) 2024-03-23T03:12:49.259+0800: 123644.680: [ParNew: 21053225K->1252030K(22937600K), 0.2779723 secs] 98892408K->79130237K(130940928K), 0.2784526 secs] [Times: user=3.31 sys=0.56, real=0.27 secs] 
2024-03-23T03:12:56.419+0800: 123651.840: [GC (Allocation Failure) 2024-03-23T03:12:56.419+0800: 123651.840: [ParNew: 20912830K->1384528K(22937600K), 0.2352367 secs] 98791037K->79297613K(130940928K), 0.2356767 secs] [Times: user=3.59 sys=0.01, real=0.23 secs] 
2024-03-23T03:13:02.692+0800: 123658.113: [GC (Allocation Failure) 2024-03-23T03:13:02.692+0800: 123658.113: [ParNew: 21045328K->1232817K(22937600K), 0.1861064 secs] 98958413K->79192175K(130940928K), 0.1865761 secs] [Times: user=2.58 sys=0.12, real=0.19 secs] 
2024-03-23T03:13:09.650+0800: 123665.071: [GC (Allocation Failure) 2024-03-23T03:13:09.651+0800: 123665.072: [ParNew: 20893617K->1226258K(22937600K), 0.2826592 secs] 98852975K->79239972K(130940928K), 0.2830952 secs] [Times: user=2.83 sys=1.54, real=0.28 secs] 
2024-03-23T03:13:19.382+0800: 123674.803: [GC (Allocation Failure) 2024-03-23T03:13:19.383+0800: 123674.803: [ParNew: 20887058K->1322635K(22937600K), 0.2142716 secs] 98900772K->79386307K(130940928K), 0.2147313 secs] [Times: user=2.76 sys=0.41, real=0.21 secs] 
2024-03-23T03:13:31.251+0800: 123686.672: [GC (Allocation Failure) 2024-03-23T03:13:31.251+0800: 123686.672: [ParNew: 20983435K->1205302K(22937600K), 0.2077476 secs] 99047107K->79327484K(130940928K), 0.2081905 secs] [Times: user=2.48 sys=0.50, real=0.21 secs] 
2024-03-23T03:13:39.749+0800: 123695.170: [GC (Allocation Failure) 2024-03-23T03:13:39.749+0800: 123695.170: [ParNew: 20866102K->1187399K(22937600K), 0.2014172 secs] 98988284K->79368354K(130940928K), 0.2018494 secs] [Times: user=2.49 sys=0.38, real=0.20 secs] 
2024-03-23T03:13:50.042+0800: 123705.462: [GC (Allocation Failure) 2024-03-23T03:13:50.042+0800: 123705.463: [ParNew: 20848199K->1051282K(22937600K), 0.2115275 secs] 99029154K->79305946K(130940928K), 0.2119819 secs] [Times: user=2.90 sys=0.14, real=0.21 secs] 
2024-03-23T03:13:57.575+0800: 123712.995: [GC (Allocation Failure) 2024-03-23T03:13:57.575+0800: 123712.996: [ParNew: 20712082K->978030K(22937600K), 0.1994141 secs] 98966746K->79312024K(130940928K), 0.1998541 secs] [Times: user=2.84 sys=0.00, real=0.20 secs] 
2024-03-23T03:14:05.127+0800: 123720.548: [GC (Allocation Failure) 2024-03-23T03:14:05.127+0800: 123720.548: [ParNew: 20638830K->947537K(22937600K), 0.2282293 secs] 98972824K->79341951K(130940928K), 0.2286629 secs] [Times: user=3.11 sys=0.26, real=0.23 secs] 
2024-03-23T03:14:12.497+0800: 123727.917: [GC (Allocation Failure) 2024-03-23T03:14:12.497+0800: 123727.918: [ParNew: 20608337K->915671K(22937600K), 0.3928871 secs] 99002751K->79366081K(130940928K), 0.3932908 secs] [Times: user=2.79 sys=3.58, real=0.40 secs] 
2024-03-23T03:14:21.690+0800: 123737.111: [GC (Allocation Failure) 2024-03-23T03:14:21.691+0800: 123737.111: [ParNew: 20576471K->814306K(22937600K), 0.2314091 secs] 99026881K->79343286K(130940928K), 0.2318475 secs] [Times: user=2.71 sys=0.54, real=0.23 secs] 
2024-03-23T03:14:29.336+0800: 123744.757: [GC (Allocation Failure) 2024-03-23T03:14:29.336+0800: 123744.757: [ParNew: 20475106K->812749K(22937600K), 0.1962542 secs] 99004086K->79398827K(130940928K), 0.1967128 secs] [Times: user=2.75 sys=0.00, real=0.20 secs] 
2024-03-23T03:14:36.513+0800: 123751.934: [GC (Allocation Failure) 2024-03-23T03:14:36.514+0800: 123751.934: [ParNew: 20473549K->781860K(22937600K), 0.1875184 secs] 99059627K->79423090K(130940928K), 0.1879322 secs] [Times: user=2.28 sys=0.35, real=0.19 secs] 
2024-03-23T03:14:43.494+0800: 123758.915: [GC (Allocation Failure) 2024-03-23T03:14:43.494+0800: 123758.915: [ParNew: 20442660K->789122K(22937600K), 0.2159920 secs] 99083890K->79478386K(130940928K), 0.2164554 secs] [Times: user=3.08 sys=0.07, real=0.22 secs] 
2024-03-23T03:14:51.992+0800: 123767.413: [GC (Allocation Failure) 2024-03-23T03:14:51.992+0800: 123767.413: [ParNew: 20449922K->680797K(22937600K), 0.1801197 secs] 99139186K->79409569K(130940928K), 0.1805657 secs] [Times: user=2.24 sys=0.38, real=0.18 secs] 
2024-03-23T03:14:59.873+0800: 123775.294: [GC (Allocation Failure) 2024-03-23T03:14:59.874+0800: 123775.294: [ParNew: 20341597K->770142K(22937600K), 0.2118324 secs] 99070369K->79525771K(130940928K), 0.2122995 secs] [Times: user=3.25 sys=0.00, real=0.21 secs] 
2024-03-23T03:15:06.313+0800: 123781.734: [GC (Allocation Failure) 2024-03-23T03:15:06.314+0800: 123781.734: [ParNew: 20430942K->686300K(22937600K), 0.3962555 secs] 99186571K->79467078K(130940928K), 0.3966425 secs] [Times: user=2.45 sys=3.89, real=0.40 secs] 
2024-03-23T03:15:12.955+0800: 123788.375: [GC (Allocation Failure) 2024-03-23T03:15:12.955+0800: 123788.376: [ParNew: 20347100K->737780K(22937600K), 0.2384371 secs] 99127878K->79552981K(130940928K), 0.2388842 secs] [Times: user=2.99 sys=0.48, real=0.24 secs] 
2024-03-23T03:15:19.824+0800: 123795.245: [GC (Allocation Failure) 2024-03-23T03:15:19.824+0800: 123795.245: [ParNew: 20398580K->766246K(22937600K), 0.2098898 secs] 99213781K->79611375K(130940928K), 0.2103386 secs] [Times: user=2.56 sys=0.43, real=0.21 secs] 
2024-03-23T03:15:28.682+0800: 123804.103: [GC (Allocation Failure) 2024-03-23T03:15:28.682+0800: 123804.103: [ParNew: 20427046K->738054K(22937600K), 0.2273978 secs] 99272175K->79618362K(130940928K), 0.2278078 secs] [Times: user=2.67 sys=0.56, real=0.23 secs] 
2024-03-23T03:15:35.242+0800: 123810.663: [GC (Allocation Failure) 2024-03-23T03:15:35.243+0800: 123810.663: [ParNew: 20398854K->713526K(22937600K), 0.1868561 secs] 99279162K->79631758K(130940928K), 0.1873060 secs] [Times: user=2.65 sys=0.00, real=0.19 secs] 
2024-03-23T03:15:43.721+0800: 123819.142: [GC (Allocation Failure) 2024-03-23T03:15:43.722+0800: 123819.142: [ParNew: 20374326K->685936K(22937600K), 0.1908108 secs] 99292558K->79641338K(130940928K), 0.1912647 secs] [Times: user=2.78 sys=0.00, real=0.19 secs] 
2024-03-23T03:15:53.242+0800: 123828.663: [GC (Allocation Failure) 2024-03-23T03:15:53.243+0800: 123828.663: [ParNew: 20346736K->712265K(22937600K), 0.1805725 secs] 99302138K->79701415K(130940928K), 0.1810353 secs] [Times: user=2.17 sys=0.41, real=0.18 secs] 
2024-03-23T03:16:00.904+0800: 123836.325: [GC (Allocation Failure) 2024-03-23T03:16:00.904+0800: 123836.325: [ParNew: 20373065K->666174K(22937600K), 0.1666722 secs] 99362215K->79687678K(130940928K), 0.1671289 secs] [Times: user=2.22 sys=0.11, real=0.17 secs] 
2024-03-23T03:16:10.444+0800: 123845.864: [GC (Allocation Failure) 2024-03-23T03:16:10.444+0800: 123845.865: [ParNew: 20326974K->708535K(22937600K), 0.2563519 secs] 99348478K->79759719K(130940928K), 0.2567891 secs] [Times: user=2.63 sys=1.29, real=0.26 secs] 
2024-03-23T03:16:21.660+0800: 123857.081: [GC (Allocation Failure) 2024-03-23T03:16:21.660+0800: 123857.081: [ParNew: 20369335K->812654K(22937600K), 0.2458714 secs] 99420519K->79892683K(130940928K), 0.2462990 secs] [Times: user=3.56 sys=0.29, real=0.24 secs] 
2024-03-23T03:16:32.009+0800: 123867.430: [GC (Allocation Failure) 2024-03-23T03:16:32.009+0800: 123867.430: [ParNew: 20473454K->762668K(22937600K), 0.1910928 secs] 99553483K->79872968K(130940928K), 0.1915346 secs] [Times: user=2.37 sys=0.50, real=0.19 secs] 
2024-03-23T03:16:40.486+0800: 123875.907: [GC (Allocation Failure) 2024-03-23T03:16:40.486+0800: 123875.907: [ParNew: 20423468K->818197K(22937600K), 0.1798345 secs] 99533768K->79959404K(130940928K), 0.1802738 secs] [Times: user=2.74 sys=0.00, real=0.18 secs] 
2024-03-23T03:16:52.480+0800: 123887.901: [GC (Allocation Failure) 2024-03-23T03:16:52.480+0800: 123887.901: [ParNew: 20478997K->877323K(22937600K), 0.1881267 secs] 99620204K->80046941K(130940928K), 0.1885463 secs] [Times: user=2.76 sys=0.06, real=0.19 secs] 
2024-03-23T03:17:00.865+0800: 123896.285: [GC (Allocation Failure) 2024-03-23T03:17:00.865+0800: 123896.286: [ParNew: 20538123K->821905K(22937600K), 0.1785090 secs] 99707741K->80021596K(130940928K), 0.1789421 secs] [Times: user=2.24 sys=0.23, real=0.18 secs] 
2024-03-23T03:17:10.323+0800: 123905.744: [GC (Allocation Failure) 2024-03-23T03:17:10.324+0800: 123905.744: [ParNew: 20482705K->898523K(22937600K), 0.2323322 secs] 99682396K->80130321K(130940928K), 0.2327909 secs] [Times: user=2.58 sys=0.84, real=0.23 secs] 
2024-03-23T03:17:22.311+0800: 123917.732: [GC (Allocation Failure) 2024-03-23T03:17:22.311+0800: 123917.732: [ParNew: 20559323K->935705K(22937600K), 0.2357721 secs] 99791121K->80195696K(130940928K), 0.2362112 secs] [Times: user=3.15 sys=0.28, real=0.23 secs] 
2024-03-23T03:17:33.509+0800: 123928.930: [GC (Allocation Failure) 2024-03-23T03:17:33.509+0800: 123928.930: [ParNew: 20596505K->929187K(22937600K), 0.1880695 secs] 99856496K->80212972K(130940928K), 0.1885117 secs] [Times: user=2.23 sys=0.37, real=0.18 secs] 
2024-03-23T03:17:44.344+0800: 123939.765: [GC (Allocation Failure) 2024-03-23T03:17:44.344+0800: 123939.765: [ParNew: 20589987K->893664K(22937600K), 0.2043531 secs] 99873772K->80204320K(130940928K), 0.2047913 secs] [Times: user=2.82 sys=0.15, real=0.21 secs] 
2024-03-23T03:17:55.571+0800: 123950.992: [GC (Allocation Failure) 2024-03-23T03:17:55.571+0800: 123950.992: [ParNew: 20554464K->931121K(22937600K), 0.1873599 secs] 99865120K->80272461K(130940928K), 0.1877869 secs] [Times: user=2.29 sys=0.38, real=0.19 secs] 
2024-03-23T03:18:04.343+0800: 123959.764: [GC (Allocation Failure) 2024-03-23T03:18:04.343+0800: 123959.764: [ParNew: 20591921K->1017643K(22937600K), 0.1849178 secs] 99933261K->80387695K(130940928K), 0.1853735 secs] [Times: user=2.29 sys=0.32, real=0.19 secs] 
2024-03-23T03:18:12.341+0800: 123967.762: [GC (Allocation Failure) 2024-03-23T03:18:12.341+0800: 123967.762: [ParNew: 20678443K->945070K(22937600K), 0.1692100 secs] 100048495K->80344324K(130940928K), 0.1696824 secs] [Times: user=2.31 sys=0.06, real=0.17 secs] 
2024-03-23T03:18:19.239+0800: 123974.660: [GC (Allocation Failure) 2024-03-23T03:18:19.239+0800: 123974.660: [ParNew: 20605870K->1012760K(22937600K), 0.2445837 secs] 100005124K->80440042K(130940928K), 0.2450531 secs] [Times: user=2.23 sys=1.49, real=0.24 secs] 
2024-03-23T03:18:27.241+0800: 123982.662: [GC (Allocation Failure) 2024-03-23T03:18:27.242+0800: 123982.662: [ParNew: 20673560K->989441K(22937600K), 0.2058997 secs] 100100842K->80450283K(130940928K), 0.2063629 secs] [Times: user=2.72 sys=0.32, real=0.21 secs] 
2024-03-23T03:18:35.488+0800: 123990.909: [GC (Allocation Failure) 2024-03-23T03:18:35.488+0800: 123990.909: [ParNew: 20650241K->924382K(22937600K), 0.1801802 secs] 100111083K->80418752K(130940928K), 0.1806351 secs] [Times: user=2.30 sys=0.30, real=0.18 secs] 
2024-03-23T03:18:42.745+0800: 123998.166: [GC (Allocation Failure) 2024-03-23T03:18:42.745+0800: 123998.166: [ParNew: 20585182K->896576K(22937600K), 0.1886160 secs] 100079552K->80437985K(130940928K), 0.1890539 secs] [Times: user=2.32 sys=0.38, real=0.19 secs] 
2024-03-23T03:18:50.895+0800: 124006.316: [GC (Allocation Failure) 2024-03-23T03:18:50.895+0800: 124006.316: [ParNew: 20557376K->888548K(22937600K), 0.1840599 secs] 100098785K->80465995K(130940928K), 0.1845027 secs] [Times: user=2.33 sys=0.31, real=0.19 secs] 
2024-03-23T03:18:59.720+0800: 124015.141: [GC (Allocation Failure) 2024-03-23T03:18:59.720+0800: 124015.141: [ParNew: 20549348K->853752K(22937600K), 0.1867709 secs] 100126795K->80470153K(130940928K), 0.1872197 secs] [Times: user=2.30 sys=0.43, real=0.18 secs] 
2024-03-23T03:19:06.251+0800: 124021.672: [GC (Allocation Failure) 2024-03-23T03:19:06.251+0800: 124021.672: [ParNew: 20514552K->957994K(22937600K), 0.1829434 secs] 100130953K->80619271K(130940928K), 0.1833729 secs] [Times: user=2.41 sys=0.19, real=0.18 secs] 
2024-03-23T03:19:12.858+0800: 124028.278: [GC (Allocation Failure) 2024-03-23T03:19:12.858+0800: 124028.279: [ParNew: 20618794K->849714K(22937600K), 0.2371666 secs] 100280071K->80557355K(130940928K), 0.2376157 secs] [Times: user=3.25 sys=0.33, real=0.23 secs] 
2024-03-23T03:19:19.912+0800: 124035.333: [GC (Allocation Failure) 2024-03-23T03:19:19.913+0800: 124035.333: [ParNew: 20510514K->695640K(22937600K), 0.2358978 secs] 100218155K->80443706K(130940928K), 0.2364103 secs] [Times: user=2.33 sys=1.32, real=0.24 secs] 
2024-03-23T03:19:28.201+0800: 124043.621: [GC (Allocation Failure) 2024-03-23T03:19:28.201+0800: 124043.622: [ParNew: 20356440K->691931K(22937600K), 0.1898149 secs] 100104506K->80490006K(130940928K), 0.1902674 secs] [Times: user=2.20 sys=0.58, real=0.19 secs] 
2024-03-23T03:19:35.507+0800: 124050.928: [GC (Allocation Failure) 2024-03-23T03:19:35.507+0800: 124050.928: [ParNew: 20352731K->689216K(22937600K), 0.1979520 secs] 100150806K->80529123K(130940928K), 0.1984839 secs] [Times: user=2.50 sys=0.40, real=0.20 secs] 
2024-03-23T03:19:42.743+0800: 124058.164: [GC (Allocation Failure) 2024-03-23T03:19:42.743+0800: 124058.164: [ParNew: 20350016K->680497K(22937600K), 0.1816028 secs] 100189923K->80562895K(130940928K), 0.1820447 secs] [Times: user=2.29 sys=0.37, real=0.18 secs] 
2024-03-23T03:19:49.891+0800: 124065.311: [GC (Allocation Failure) 2024-03-23T03:19:49.891+0800: 124065.312: [ParNew: 20341297K->669222K(22937600K), 0.1771578 secs] 100223695K->80599667K(130940928K), 0.1775747 secs] [Times: user=2.65 sys=0.00, real=0.18 secs] 
2024-03-23T03:19:56.563+0800: 124071.984: [GC (Allocation Failure) 2024-03-23T03:19:56.563+0800: 124071.984: [ParNew: 20330022K->654457K(22937600K), 0.1763050 secs] 100260467K->80622607K(130940928K), 0.1767301 secs] [Times: user=2.25 sys=0.35, real=0.18 secs] 
2024-03-23T03:20:03.563+0800: 124078.984: [GC (Allocation Failure) 2024-03-23T03:20:03.563+0800: 124078.984: [ParNew: 20315257K->633570K(22937600K), 0.1933021 secs] 100283407K->80635493K(130940928K), 0.1937876 secs] [Times: user=2.28 sys=0.21, real=0.19 secs] 
2024-03-23T03:20:11.712+0800: 124087.132: [GC (Allocation Failure) 2024-03-23T03:20:11.712+0800: 124087.133: [ParNew: 20294370K->622903K(22937600K), 0.2529574 secs] 100296293K->80653878K(130940928K), 0.2534159 secs] [Times: user=2.48 sys=1.48, real=0.25 secs] 
2024-03-23T03:20:18.900+0800: 124094.321: [GC (Allocation Failure) 2024-03-23T03:20:18.901+0800: 124094.322: [ParNew: 20283703K->604433K(22937600K), 0.1621722 secs] 100314678K->80666250K(130940928K), 0.1626820 secs] [Times: user=2.10 sys=0.22, real=0.16 secs] 
2024-03-23T03:20:25.969+0800: 124101.389: [GC (Allocation Failure) 2024-03-23T03:20:25.969+0800: 124101.390: [ParNew: 20265233K->528994K(22937600K), 0.2105878 secs] 100327050K->80618184K(130940928K), 0.2110262 secs] [Times: user=2.60 sys=0.61, real=0.21 secs] 
2024-03-23T03:20:32.500+0800: 124107.921: [GC (Allocation Failure) 2024-03-23T03:20:32.500+0800: 124107.921: [ParNew: 20189794K->605021K(22937600K), 0.1683943 secs] 100278984K->80721940K(130940928K), 0.1687904 secs] [Times: user=2.11 sys=0.30, real=0.17 secs] 
2024-03-23T03:20:39.363+0800: 124114.783: [GC (Allocation Failure) 2024-03-23T03:20:39.363+0800: 124114.784: [ParNew: 20265821K->602150K(22937600K), 0.1946365 secs] 100382740K->80746366K(130940928K), 0.1950723 secs] [Times: user=2.51 sys=0.43, real=0.20 secs] 
2024-03-23T03:20:46.569+0800: 124121.990: [GC (Allocation Failure) 2024-03-23T03:20:46.569+0800: 124121.990: [ParNew: 20262950K->635769K(22937600K), 0.1667430 secs] 100407166K->80809359K(130940928K), 0.1671291 secs] [Times: user=2.12 sys=0.27, real=0.16 secs] 
2024-03-23T03:20:54.104+0800: 124129.525: [GC (Allocation Failure) 2024-03-23T03:20:54.104+0800: 124129.525: [ParNew: 20296569K->549981K(22937600K), 0.1736541 secs] 100470159K->80752909K(130940928K), 0.1740732 secs] [Times: user=2.53 sys=0.03, real=0.18 secs] 
2024-03-23T03:21:01.772+0800: 124137.193: [GC (Allocation Failure) 2024-03-23T03:21:01.772+0800: 124137.193: [ParNew: 20210781K->622578K(22937600K), 0.1688701 secs] 100413709K->80847680K(130940928K), 0.1692694 secs] [Times: user=2.58 sys=0.00, real=0.17 secs] 
2024-03-23T03:21:09.575+0800: 124144.996: [GC (Allocation Failure) 2024-03-23T03:21:09.575+0800: 124144.996: [ParNew: 20283378K->615458K(22937600K), 0.2482044 secs] 100508480K->80860388K(130940928K), 0.2486098 secs] [Times: user=1.97 sys=1.88, real=0.25 secs] 
2024-03-23T03:21:17.706+0800: 124153.127: [GC (Allocation Failure) 2024-03-23T03:21:17.706+0800: 124153.127: [ParNew: 20276258K->588670K(22937600K), 0.1708753 secs] 100521188K->80862535K(130940928K), 0.1712754 secs] [Times: user=2.29 sys=0.13, real=0.18 secs] 
2024-03-23T03:21:25.980+0800: 124161.401: [GC (Allocation Failure) 2024-03-23T03:21:25.980+0800: 124161.401: [ParNew: 20249470K->654817K(22937600K), 0.1888388 secs] 100523335K->80954042K(130940928K), 0.1893178 secs] [Times: user=2.11 sys=0.61, real=0.19 secs] 
2024-03-23T03:21:34.127+0800: 124169.548: [GC (Allocation Failure) 2024-03-23T03:21:34.127+0800: 124169.548: [ParNew: 20315617K->720662K(22937600K), 0.1931814 secs] 100614842K->81042668K(130940928K), 0.1935553 secs] [Times: user=2.26 sys=0.41, real=0.20 secs] 
2024-03-23T03:21:42.158+0800: 124177.579: [GC (Allocation Failure) 2024-03-23T03:21:42.158+0800: 124177.579: [ParNew: 20381462K->668706K(22937600K), 0.1885824 secs] 100703468K->81014935K(130940928K), 0.1890067 secs] [Times: user=2.28 sys=0.34, real=0.18 secs] 
2024-03-23T03:21:50.621+0800: 124186.042: [GC (Allocation Failure) 2024-03-23T03:21:50.622+0800: 124186.043: [ParNew: 20329506K->698936K(22937600K), 0.1992513 secs] 100675735K->81068423K(130940928K), 0.1997487 secs] [Times: user=2.52 sys=0.47, real=0.20 secs] 
2024-03-23T03:22:01.785+0800: 124197.206: [GC (Allocation Failure) 2024-03-23T03:22:01.785+0800: 124197.206: [ParNew: 20359736K->784703K(22937600K), 0.1799786 secs] 100729223K->81179030K(130940928K), 0.1804134 secs] [Times: user=2.25 sys=0.37, real=0.18 secs] 
2024-03-23T03:22:10.525+0800: 124205.946: [GC (Allocation Failure) 2024-03-23T03:22:10.526+0800: 124205.946: [ParNew: 20445503K->703051K(22937600K), 0.2469265 secs] 100839830K->81123946K(130940928K), 0.2473707 secs] [Times: user=2.20 sys=1.56, real=0.25 secs] 
2024-03-23T03:22:20.288+0800: 124215.709: [GC (Allocation Failure) 2024-03-23T03:22:20.288+0800: 124215.709: [ParNew: 20363851K->950419K(22937600K), 0.1748443 secs] 100784746K->81395191K(130940928K), 0.1753010 secs] [Times: user=2.56 sys=0.00, real=0.17 secs] 
2024-03-23T03:22:31.335+0800: 124226.756: [GC (Allocation Failure) 2024-03-23T03:22:31.336+0800: 124226.756: [ParNew: 20611219K->870035K(22937600K), 0.2114278 secs] 101055991K->81342544K(130940928K), 0.2119005 secs] [Times: user=2.83 sys=0.19, real=0.21 secs] 
2024-03-23T03:22:41.093+0800: 124236.514: [GC (Allocation Failure) 2024-03-23T03:22:41.094+0800: 124236.515: [ParNew: 20530835K->910070K(22937600K), 0.2052984 secs] 101003344K->81406374K(130940928K), 0.2057467 secs] [Times: user=2.81 sys=0.07, real=0.21 secs] 
2024-03-23T03:22:50.660+0800: 124246.081: [GC (Allocation Failure) 2024-03-23T03:22:50.660+0800: 124246.081: [ParNew: 20570870K->930724K(22937600K), 0.2671797 secs] 101067174K->81451165K(130940928K), 0.2676261 secs] [Times: user=3.74 sys=0.25, real=0.27 secs] 
2024-03-23T03:23:02.960+0800: 124258.381: [GC (Allocation Failure) 2024-03-23T03:23:02.961+0800: 124258.381: [ParNew: 20591524K->893400K(22937600K), 0.2327931 secs] 101111965K->81444085K(130940928K), 0.2332540 secs] [Times: user=2.82 sys=0.59, real=0.23 secs] 
2024-03-23T03:23:13.762+0800: 124269.183: [GC (Allocation Failure) 2024-03-23T03:23:13.763+0800: 124269.183: [ParNew: 20554200K->947056K(22937600K), 0.3167794 secs] 101104885K->81521345K(130940928K), 0.3172622 secs] [Times: user=2.56 sys=2.23, real=0.32 secs] 
2024-03-23T03:23:27.947+0800: 124283.367: [GC (Allocation Failure) 2024-03-23T03:23:27.947+0800: 124283.368: [ParNew: 20607856K->1011879K(22937600K), 0.2100775 secs] 101182145K->81617808K(130940928K), 0.2105169 secs] [Times: user=2.26 sys=0.69, real=0.21 secs] 
2024-03-23T03:23:38.504+0800: 124293.925: [GC (Allocation Failure) 2024-03-23T03:23:38.504+0800: 124293.925: [ParNew: 20672679K->1035597K(22937600K), 0.2234514 secs] 101278608K->81670318K(130940928K), 0.2238960 secs] [Times: user=2.64 sys=0.52, real=0.23 secs] 
2024-03-23T03:23:51.888+0800: 124307.309: [GC (Allocation Failure) 2024-03-23T03:23:51.888+0800: 124307.309: [ParNew: 20696397K->1185693K(22937600K), 0.2056169 secs] 101331118K->81854771K(130940928K), 0.2060504 secs] [Times: user=2.74 sys=0.09, real=0.20 secs] 
2024-03-23T03:24:01.623+0800: 124317.044: [GC (Allocation Failure) 2024-03-23T03:24:01.623+0800: 124317.044: [ParNew: 20846493K->1353355K(22937600K), 0.2067900 secs] 101515571K->82049484K(130940928K), 0.2072258 secs] [Times: user=2.43 sys=0.37, real=0.21 secs] 
2024-03-23T03:24:11.770+0800: 124327.191: [GC (Allocation Failure) 2024-03-23T03:24:11.771+0800: 124327.191: [ParNew: 21014155K->1274884K(22937600K), 0.1917359 secs] 101710284K->82012308K(130940928K), 0.1921776 secs] [Times: user=2.40 sys=0.25, real=0.19 secs] 
2024-03-23T03:24:20.372+0800: 124335.792: [GC (Allocation Failure) 2024-03-23T03:24:20.372+0800: 124335.793: [ParNew: 20935684K->1273740K(22937600K), 0.2554687 secs] 101673108K->82053644K(130940928K), 0.2558947 secs] [Times: user=2.89 sys=0.88, real=0.26 secs] 
2024-03-23T03:24:31.045+0800: 124346.466: [GC (Allocation Failure) 2024-03-23T03:24:31.045+0800: 124346.466: [ParNew: 20934540K->1210061K(22937600K), 0.2516367 secs] 101714444K->82024203K(130940928K), 0.2520860 secs] [Times: user=3.30 sys=0.50, real=0.25 secs] 
2024-03-23T03:24:40.588+0800: 124356.009: [GC (Allocation Failure) 2024-03-23T03:24:40.588+0800: 124356.009: [ParNew: 20870861K->1422513K(22937600K), 0.2077446 secs] 101685003K->82271853K(130940928K), 0.2082094 secs] [Times: user=2.90 sys=0.03, real=0.20 secs] 
2024-03-23T03:24:49.459+0800: 124364.880: [GC (Allocation Failure) 2024-03-23T03:24:49.460+0800: 124364.880: [ParNew: 21083313K->1348059K(22937600K), 0.2059556 secs] 101932653K->82240297K(130940928K), 0.2063932 secs] [Times: user=2.49 sys=0.41, real=0.20 secs] 
2024-03-23T03:24:59.807+0800: 124375.227: [GC (Allocation Failure) 2024-03-23T03:24:59.807+0800: 124375.228: [ParNew: 21008859K->1304667K(22937600K), 0.2031984 secs] 101901097K->82237711K(130940928K), 0.2035787 secs] [Times: user=2.90 sys=0.02, real=0.21 secs] 
2024-03-23T03:25:06.226+0800: 124381.646: [GC (Allocation Failure) 2024-03-23T03:25:06.226+0800: 124381.647: [ParNew: 20965467K->1228973K(22937600K), 0.1933512 secs] 101898511K->82209576K(130940928K), 0.1937495 secs] [Times: user=2.48 sys=0.30, real=0.20 secs] 
2024-03-23T03:25:14.922+0800: 124390.343: [GC (Allocation Failure) 2024-03-23T03:25:14.922+0800: 124390.343: [ParNew: 20889773K->1100755K(22937600K), 0.1883171 secs] 101870376K->82126841K(130940928K), 0.1887638 secs] [Times: user=2.56 sys=0.15, real=0.19 secs] 
2024-03-23T03:25:23.250+0800: 124398.671: [GC (Allocation Failure) 2024-03-23T03:25:23.251+0800: 124398.671: [ParNew: 20761555K->1244529K(22937600K), 0.2582499 secs] 101787641K->82322521K(130940928K), 0.2588311 secs] [Times: user=2.93 sys=0.91, real=0.26 secs] 
2024-03-23T03:25:32.460+0800: 124407.881: [GC (Allocation Failure) 2024-03-23T03:25:32.461+0800: 124407.881: [ParNew: 20905329K->1151706K(22937600K), 0.2328240 secs] 101983321K->82283155K(130940928K), 0.2332756 secs] [Times: user=2.55 sys=0.88, real=0.23 secs] 
2024-03-23T03:25:39.782+0800: 124415.203: [GC (Allocation Failure) 2024-03-23T03:25:39.782+0800: 124415.203: [ParNew: 20812506K->1106805K(22937600K), 0.2328704 secs] 101943955K->82290059K(130940928K), 0.2332789 secs] [Times: user=3.58 sys=0.14, real=0.23 secs] 
2024-03-23T03:25:47.491+0800: 124422.912: [GC (Allocation Failure) 2024-03-23T03:25:47.491+0800: 124422.912: [ParNew: 20767605K->995569K(22937600K), 0.2075885 secs] 101950859K->82236389K(130940928K), 0.2080320 secs] [Times: user=2.56 sys=0.44, real=0.21 secs] 
2024-03-23T03:25:55.448+0800: 124430.869: [GC (Allocation Failure) 2024-03-23T03:25:55.448+0800: 124430.869: [ParNew: 20656369K->1028118K(22937600K), 0.1919891 secs] 101897189K->82329451K(130940928K), 0.1924097 secs] [Times: user=2.42 sys=0.36, real=0.19 secs] 
2024-03-23T03:26:03.551+0800: 124438.972: [GC (Allocation Failure) 2024-03-23T03:26:03.551+0800: 124438.972: [ParNew: 20688918K->1100750K(22937600K), 0.2034360 secs] 101990251K->82466239K(130940928K), 0.2038747 secs] [Times: user=2.60 sys=0.40, real=0.20 secs] 
2024-03-23T03:26:11.616+0800: 124447.037: [GC (Allocation Failure) 2024-03-23T03:26:11.616+0800: 124447.037: [ParNew: 20761550K->975650K(22937600K), 0.1882066 secs] 102127039K->82401709K(130940928K), 0.1886550 secs] [Times: user=2.81 sys=0.00, real=0.19 secs] 
2024-03-23T03:26:19.963+0800: 124455.384: [GC (Allocation Failure) 2024-03-23T03:26:19.963+0800: 124455.384: [ParNew: 20636450K->872864K(22937600K), 0.2468341 secs] 102062509K->82349820K(130940928K), 0.2472511 secs] [Times: user=2.70 sys=1.07, real=0.25 secs] 
2024-03-23T03:26:29.393+0800: 124464.814: [GC (Allocation Failure) 2024-03-23T03:26:29.393+0800: 124464.814: [ParNew: 20533664K->901412K(22937600K), 0.2461629 secs] 102010620K->82421239K(130940928K), 0.2466404 secs] [Times: user=3.41 sys=0.34, real=0.25 secs] 
2024-03-23T03:26:39.427+0800: 124474.848: [GC (Allocation Failure) 2024-03-23T03:26:39.427+0800: 124474.848: [ParNew: 20562212K->808578K(22937600K), 0.1907786 secs] 102082039K->82401228K(130940928K), 0.1912331 secs] [Times: user=2.35 sys=0.35, real=0.20 secs] 
2024-03-23T03:26:48.590+0800: 124484.011: [GC (Allocation Failure) 2024-03-23T03:26:48.590+0800: 124484.011: [ParNew: 20469378K->821760K(22937600K), 0.2068395 secs] 102062028K->82478809K(130940928K), 0.2072957 secs] [Times: user=2.87 sys=0.12, real=0.20 secs] 
2024-03-23T03:26:57.371+0800: 124492.792: [GC (Allocation Failure) 2024-03-23T03:26:57.371+0800: 124492.792: [ParNew: 20482560K->799807K(22937600K), 0.1876631 secs] 102139609K->82514655K(130940928K), 0.1882060 secs] [Times: user=2.32 sys=0.36, real=0.19 secs] 
2024-03-23T03:27:07.307+0800: 124502.728: [GC (Allocation Failure) 2024-03-23T03:27:07.308+0800: 124502.728: [ParNew: 20460607K->811084K(22937600K), 0.1852419 secs] 102175455K->82573342K(130940928K), 0.1856956 secs] [Times: user=2.26 sys=0.39, real=0.19 secs] 
2024-03-23T03:27:16.814+0800: 124512.235: [GC (Allocation Failure) 2024-03-23T03:27:16.815+0800: 124512.235: [ParNew: 20471884K->747167K(22937600K), 0.1770953 secs] 102234142K->82544935K(130940928K), 0.1775608 secs] [Times: user=2.38 sys=0.16, real=0.18 secs] 
2024-03-23T03:27:25.175+0800: 124520.595: [GC (Allocation Failure) 2024-03-23T03:27:25.175+0800: 124520.596: [ParNew: 20407967K->889187K(22937600K), 0.2800190 secs] 102205735K->82723624K(130940928K), 0.2804452 secs] [Times: user=2.64 sys=1.71, real=0.28 secs] 
2024-03-23T03:27:34.253+0800: 124529.673: [GC (Allocation Failure) 2024-03-23T03:27:34.253+0800: 124529.674: [ParNew: 20549987K->697964K(22937600K), 0.2033758 secs] 102384424K->82573236K(130940928K), 0.2038426 secs] [Times: user=2.44 sys=0.56, real=0.20 secs] 
2024-03-23T03:27:43.168+0800: 124538.589: [GC (Allocation Failure) 2024-03-23T03:27:43.168+0800: 124538.589: [ParNew: 20358764K->739217K(22937600K), 0.1895589 secs] 102234036K->82650499K(130940928K), 0.1899995 secs] [Times: user=2.64 sys=0.08, real=0.19 secs] 
2024-03-23T03:27:52.089+0800: 124547.510: [GC (Allocation Failure) 2024-03-23T03:27:52.090+0800: 124547.510: [ParNew: 20400017K->715243K(22937600K), 0.1981794 secs] 102311299K->82660809K(130940928K), 0.1986407 secs] [Times: user=2.41 sys=0.51, real=0.20 secs] 
2024-03-23T03:27:59.976+0800: 124555.396: [GC (Allocation Failure) 2024-03-23T03:27:59.976+0800: 124555.397: [ParNew: 20376043K->819630K(22937600K), 0.1978603 secs] 102321609K->82798336K(130940928K), 0.1982972 secs] [Times: user=2.81 sys=0.08, real=0.20 secs] 
2024-03-23T03:28:08.344+0800: 124563.765: [GC (Allocation Failure) 2024-03-23T03:28:08.345+0800: 124563.765: [ParNew: 20480430K->808597K(22937600K), 0.1886508 secs] 102459136K->82817451K(130940928K), 0.1890929 secs] [Times: user=2.27 sys=0.43, real=0.19 secs] 
2024-03-23T03:28:16.839+0800: 124572.260: [GC (Allocation Failure) 2024-03-23T03:28:16.839+0800: 124572.260: [ParNew: 20469397K->830854K(22937600K), 0.1839379 secs] 102478251K->82867584K(130940928K), 0.1844051 secs] [Times: user=2.46 sys=0.16, real=0.18 secs] 
2024-03-23T03:28:25.344+0800: 124580.765: [GC (Allocation Failure) 2024-03-23T03:28:25.345+0800: 124580.765: [ParNew: 20491654K->788312K(22937600K), 0.2562385 secs] 102528384K->82858299K(130940928K), 0.2566875 secs] [Times: user=2.60 sys=1.33, real=0.26 secs] 
2024-03-23T03:28:33.737+0800: 124589.157: [GC (Allocation Failure) 2024-03-23T03:28:33.737+0800: 124589.158: [ParNew: 20449112K->1001313K(22937600K), 0.1978968 secs] 102519099K->83101709K(130940928K), 0.1982658 secs] [Times: user=2.18 sys=0.51, real=0.20 secs] 
2024-03-23T03:28:43.386+0800: 124598.807: [GC (Allocation Failure) 2024-03-23T03:28:43.386+0800: 124598.807: [ParNew: 20662113K->893977K(22937600K), 0.2050902 secs] 102762509K->83024711K(130940928K), 0.2055317 secs] [Times: user=2.76 sys=0.02, real=0.21 secs] 
2024-03-23T03:28:53.905+0800: 124609.326: [GC (Allocation Failure) 2024-03-23T03:28:53.905+0800: 124609.326: [ParNew: 20554773K->921248K(22937600K), 0.2028013 secs] 102685508K->83085426K(130940928K), 0.2032204 secs] [Times: user=2.30 sys=0.46, real=0.21 secs] 
2024-03-23T03:29:01.962+0800: 124617.383: [GC (Allocation Failure) 2024-03-23T03:29:01.963+0800: 124617.383: [ParNew: 20582048K->1028790K(22937600K), 0.2079731 secs] 102746226K->83230341K(130940928K), 0.2083969 secs] [Times: user=2.82 sys=0.00, real=0.21 secs] 
2024-03-23T03:29:10.932+0800: 124626.353: [GC (Allocation Failure) 2024-03-23T03:29:10.932+0800: 124626.353: [ParNew: 20689590K->892185K(22937600K), 0.1947750 secs] 102891141K->83127446K(130940928K), 0.1952127 secs] [Times: user=2.46 sys=0.44, real=0.19 secs] 
2024-03-23T03:29:20.276+0800: 124635.697: [GC (Allocation Failure) 2024-03-23T03:29:20.276+0800: 124635.697: [ParNew: 20552985K->1012119K(22937600K), 0.2446765 secs] 102788246K->83281366K(130940928K), 0.2451068 secs] [Times: user=3.66 sys=0.00, real=0.25 secs] 
2024-03-23T03:29:31.837+0800: 124647.258: [GC (Allocation Failure) 2024-03-23T03:29:31.837+0800: 124647.258: [ParNew: 20672919K->952747K(22937600K), 0.2718893 secs] 102942166K->83259626K(130940928K), 0.2724254 secs] [Times: user=2.60 sys=1.41, real=0.28 secs] 
2024-03-23T03:29:42.888+0800: 124658.309: [GC (Allocation Failure) 2024-03-23T03:29:42.888+0800: 124658.309: [ParNew: 20613547K->958242K(22937600K), 0.3328195 secs] 102920426K->83304373K(130940928K), 0.3332360 secs] [Times: user=4.35 sys=0.73, real=0.33 secs] 
2024-03-23T03:29:52.883+0800: 124668.304: [GC (Allocation Failure) 2024-03-23T03:29:52.883+0800: 124668.304: [ParNew: 20619042K->1082936K(22937600K), 0.2125553 secs] 102965173K->83463363K(130940928K), 0.2129800 secs] [Times: user=2.45 sys=0.46, real=0.21 secs] 
2024-03-23T03:30:05.668+0800: 124681.089: [GC (Allocation Failure) 2024-03-23T03:30:05.668+0800: 124681.089: [ParNew: 20743736K->995773K(22937600K), 0.2217684 secs] 103124163K->83409387K(130940928K), 0.2222055 secs] [Times: user=2.55 sys=0.54, real=0.22 secs] 
2024-03-23T03:30:18.714+0800: 124694.135: [GC (Allocation Failure) 2024-03-23T03:30:18.714+0800: 124694.135: [ParNew: 20656573K->1063186K(22937600K), 0.2095127 secs] 103070187K->83507152K(130940928K), 0.2099886 secs] [Times: user=2.44 sys=0.52, real=0.21 secs] 
2024-03-23T03:30:30.233+0800: 124705.654: [GC (Allocation Failure) 2024-03-23T03:30:30.234+0800: 124705.655: [ParNew: 20723986K->1163166K(22937600K), 0.2542916 secs] 103167952K->83641593K(130940928K), 0.2550907 secs] [Times: user=2.88 sys=0.79, real=0.26 secs] 
2024-03-23T03:30:41.903+0800: 124717.324: [GC (Allocation Failure) 2024-03-23T03:30:41.903+0800: 124717.324: [ParNew: 20823966K->1185710K(22937600K), 0.2337969 secs] 103302393K->83699481K(130940928K), 0.2342564 secs] [Times: user=3.00 sys=0.39, real=0.23 secs] 
2024-03-23T03:30:50.258+0800: 124725.678: [GC (Allocation Failure) 2024-03-23T03:30:50.258+0800: 124725.679: [ParNew: 20846510K->1119086K(22937600K), 0.2065421 secs] 103360281K->83666598K(130940928K), 0.2069948 secs] [Times: user=2.49 sys=0.47, real=0.20 secs] 
2024-03-23T03:31:01.183+0800: 124736.604: [GC (Allocation Failure) 2024-03-23T03:31:01.184+0800: 124736.604: [ParNew: 20779886K->1196191K(22937600K), 0.2220093 secs] 103327398K->83773087K(130940928K), 0.2224554 secs] [Times: user=3.18 sys=0.15, real=0.22 secs] 
2024-03-23T03:31:08.949+0800: 124744.370: [GC (Allocation Failure) 2024-03-23T03:31:08.950+0800: 124744.370: [ParNew: 20856991K->1052846K(22937600K), 0.2047924 secs] 103433887K->83666573K(130940928K), 0.2052281 secs] [Times: user=2.57 sys=0.39, real=0.20 secs] 
2024-03-23T03:31:18.385+0800: 124753.805: [GC (Allocation Failure) 2024-03-23T03:31:18.385+0800: 124753.806: [ParNew: 20713646K->1214262K(22937600K), 0.2074599 secs] 103327373K->83867937K(130940928K), 0.2079052 secs] [Times: user=2.53 sys=0.50, real=0.21 secs] 
2024-03-23T03:31:26.878+0800: 124762.299: [GC (Allocation Failure) 2024-03-23T03:31:26.879+0800: 124762.299: [ParNew: 20875062K->1197529K(22937600K), 0.1861043 secs] 103528737K->83893072K(130940928K), 0.1865599 secs] [Times: user=2.43 sys=0.16, real=0.18 secs] 
2024-03-23T03:31:36.107+0800: 124771.528: [GC (Allocation Failure) 2024-03-23T03:31:36.107+0800: 124771.528: [ParNew: 20858329K->1118028K(22937600K), 0.4291470 secs] 103553872K->83859298K(130940928K), 0.4297162 secs] [Times: user=5.34 sys=1.50, real=0.43 secs] 
2024-03-23T03:31:47.910+0800: 124783.330: [GC (Allocation Failure) 2024-03-23T03:31:47.910+0800: 124783.331: [ParNew: 20778828K->1097205K(22937600K), 0.2628431 secs] 103520098K->83885332K(130940928K), 0.2633030 secs] [Times: user=2.99 sys=1.00, real=0.26 secs] 
2024-03-23T03:31:58.510+0800: 124793.931: [GC (Allocation Failure) 2024-03-23T03:31:58.510+0800: 124793.931: [ParNew: 20758005K->1142043K(22937600K), 0.2122013 secs] 103546132K->83978590K(130940928K), 0.2126452 secs] [Times: user=2.99 sys=0.07, real=0.21 secs] 
2024-03-23T03:32:07.160+0800: 124802.581: [GC (Allocation Failure) 2024-03-23T03:32:07.160+0800: 124802.581: [ParNew: 20802843K->1108324K(22937600K), 0.2048127 secs] 103639390K->83994036K(130940928K), 0.2053561 secs] [Times: user=2.49 sys=0.42, real=0.20 secs] 
2024-03-23T03:32:16.181+0800: 124811.602: [GC (Allocation Failure) 2024-03-23T03:32:16.181+0800: 124811.602: [ParNew: 20769124K->1182824K(22937600K), 0.2048780 secs] 103654836K->84128331K(130940928K), 0.2052999 secs] [Times: user=2.45 sys=0.43, real=0.20 secs] 
2024-03-23T03:32:28.035+0800: 124823.456: [GC (Allocation Failure) 2024-03-23T03:32:28.035+0800: 124823.456: [ParNew: 20843624K->1004488K(22937600K), 0.1877646 secs] 103789131K->84006123K(130940928K), 0.1882299 secs] [Times: user=2.88 sys=0.00, real=0.19 secs] 
2024-03-23T03:32:36.531+0800: 124831.952: [GC (Allocation Failure) 2024-03-23T03:32:36.531+0800: 124831.952: [ParNew: 20665288K->1050444K(22937600K), 0.2686367 secs] 103666923K->84108875K(130940928K), 0.2690700 secs] [Times: user=2.79 sys=1.22, real=0.27 secs] 
2024-03-23T03:32:45.282+0800: 124840.703: [GC (Allocation Failure) 2024-03-23T03:32:45.283+0800: 124840.703: [ParNew: 20711244K->916946K(22937600K), 0.2461010 secs] 103769675K->84035578K(130940928K), 0.2465329 secs] [Times: user=2.82 sys=0.81, real=0.25 secs] 
2024-03-23T03:32:52.911+0800: 124848.332: [GC (Allocation Failure) 2024-03-23T03:32:52.911+0800: 124848.332: [ParNew: 20577746K->1086412K(22937600K), 0.1974814 secs] 103696378K->84264673K(130940928K), 0.1979060 secs] [Times: user=2.84 sys=0.00, real=0.20 secs] 
2024-03-23T03:33:02.384+0800: 124857.804: [GC (Allocation Failure) 2024-03-23T03:33:02.384+0800: 124857.805: [ParNew: 20747212K->1068470K(22937600K), 0.2039323 secs] 103925473K->84302912K(130940928K), 0.2043660 secs] [Times: user=2.46 sys=0.48, real=0.21 secs] 
2024-03-23T03:33:10.628+0800: 124866.049: [GC (Allocation Failure) 2024-03-23T03:33:10.628+0800: 124866.049: [ParNew: 20729270K->941072K(22937600K), 0.2677195 secs] 103963712K->84215819K(130940928K), 0.2680732 secs] [Times: user=3.75 sys=0.18, real=0.26 secs] 
2024-03-23T03:33:20.832+0800: 124876.253: [GC (Allocation Failure) 2024-03-23T03:33:20.832+0800: 124876.253: [ParNew: 20601872K->997091K(22937600K), 0.2193593 secs] 103876619K->84312009K(130940928K), 0.2198131 secs] [Times: user=2.82 sys=0.48, real=0.22 secs] 
2024-03-23T03:33:28.886+0800: 124884.307: [GC (Allocation Failure) 2024-03-23T03:33:28.886+0800: 124884.307: [ParNew: 20657891K->924934K(22937600K), 0.1800773 secs] 103972809K->84283465K(130940928K), 0.1805070 secs] [Times: user=2.41 sys=0.15, real=0.18 secs] 
2024-03-23T03:33:35.840+0800: 124891.261: [GC (Allocation Failure) 2024-03-23T03:33:35.840+0800: 124891.261: [ParNew: 20585734K->1017948K(22937600K), 0.4093221 secs] 103944265K->84417765K(130940928K), 0.4097402 secs] [Times: user=2.73 sys=3.87, real=0.41 secs] 
2024-03-23T03:33:44.565+0800: 124899.986: [GC (Allocation Failure) 2024-03-23T03:33:44.565+0800: 124899.986: [ParNew: 20678748K->956492K(22937600K), 0.2666056 secs] 104078565K->84397892K(130940928K), 0.2670311 secs] [Times: user=3.52 sys=0.61, real=0.27 secs] 
2024-03-23T03:33:52.802+0800: 124908.223: [GC (Allocation Failure) 2024-03-23T03:33:52.802+0800: 124908.223: [ParNew: 20617292K->922788K(22937600K), 0.1928198 secs] 104058692K->84406346K(130940928K), 0.1932541 secs] [Times: user=2.40 sys=0.38, real=0.19 secs] 
2024-03-23T03:34:01.260+0800: 124916.681: [GC (Allocation Failure) 2024-03-23T03:34:01.260+0800: 124916.681: [ParNew: 20583588K->982674K(22937600K), 0.1996262 secs] 104067146K->84505532K(130940928K), 0.2000217 secs] [Times: user=2.40 sys=0.51, real=0.20 secs] 
2024-03-23T03:34:08.378+0800: 124923.799: [GC (Allocation Failure) 2024-03-23T03:34:08.379+0800: 124923.799: [ParNew: 20643474K->1001989K(22937600K), 0.1934619 secs] 104166332K->84568558K(130940928K), 0.1938727 secs] [Times: user=2.82 sys=0.00, real=0.19 secs] 
2024-03-23T03:34:15.544+0800: 124930.965: [GC (Allocation Failure) 2024-03-23T03:34:15.544+0800: 124930.965: [ParNew: 20662789K->1006408K(22937600K), 0.1960843 secs] 104229358K->84619518K(130940928K), 0.1965024 secs] [Times: user=2.50 sys=0.35, real=0.20 secs] 
2024-03-23T03:34:22.659+0800: 124938.079: [GC (Allocation Failure) 2024-03-23T03:34:22.659+0800: 124938.080: [ParNew: 20667208K->1007762K(22937600K), 0.1959729 secs] 104280318K->84669092K(130940928K), 0.1963761 secs] [Times: user=2.52 sys=0.34, real=0.19 secs] 
2024-03-23T03:34:33.123+0800: 124948.544: [GC (Allocation Failure) 2024-03-23T03:34:33.123+0800: 124948.544: [ParNew: 20668562K->851060K(22937600K), 0.1764932 secs] 104329892K->84556742K(130940928K), 0.1769570 secs] [Times: user=2.39 sys=0.12, real=0.18 secs] 
2024-03-23T03:34:40.943+0800: 124956.364: [GC (Allocation Failure) 2024-03-23T03:34:40.944+0800: 124956.364: [ParNew: 20511860K->953190K(22937600K), 0.3050501 secs] 104217542K->84706082K(130940928K), 0.3055462 secs] [Times: user=2.54 sys=2.20, real=0.31 secs] 
2024-03-23T03:34:50.394+0800: 124965.815: [GC (Allocation Failure) 2024-03-23T03:34:50.394+0800: 124965.815: [ParNew: 20613990K->887969K(22937600K), 0.2395216 secs] 104366882K->84683906K(130940928K), 0.2399553 secs] [Times: user=3.13 sys=0.47, real=0.24 secs] 
2024-03-23T03:34:58.338+0800: 124973.759: [GC (Allocation Failure) 2024-03-23T03:34:58.339+0800: 124973.759: [ParNew: 20548769K->932477K(22937600K), 0.2070155 secs] 104344706K->84765691K(130940928K), 0.2074330 secs] [Times: user=2.49 sys=0.52, real=0.20 secs] 
2024-03-23T03:35:06.558+0800: 124981.979: [GC (Allocation Failure) 2024-03-23T03:35:06.559+0800: 124981.979: [ParNew: 20593277K->905918K(22937600K), 0.1974614 secs] 104426491K->84779726K(130940928K), 0.1979139 secs] [Times: user=2.42 sys=0.43, real=0.19 secs] 
2024-03-23T03:35:14.584+0800: 124990.005: [GC (Allocation Failure) 2024-03-23T03:35:14.584+0800: 124990.005: [ParNew: 20566718K->847408K(22937600K), 0.1915718 secs] 104440526K->84764810K(130940928K), 0.1920025 secs] [Times: user=2.38 sys=0.37, real=0.19 secs] 
2024-03-23T03:35:21.558+0800: 124996.979: [GC (Allocation Failure) 2024-03-23T03:35:21.558+0800: 124996.979: [ParNew: 20508208K->935202K(22937600K), 0.1919403 secs] 104425610K->84889734K(130940928K), 0.1923665 secs] [Times: user=2.80 sys=0.00, real=0.19 secs] 
2024-03-23T03:35:30.644+0800: 125006.065: [GC (Allocation Failure) 2024-03-23T03:35:30.644+0800: 125006.065: [ParNew: 20596002K->849185K(22937600K), 0.1816969 secs] 104550534K->84848359K(130940928K), 0.1821559 secs] [Times: user=2.41 sys=0.17, real=0.18 secs] 
2024-03-23T03:35:40.841+0800: 125016.262: [GC (Allocation Failure) 2024-03-23T03:35:40.841+0800: 125016.262: [ParNew: 20509985K->942440K(22937600K), 0.2773189 secs] 104509159K->84980170K(130940928K), 0.2777955 secs] [Times: user=2.73 sys=1.54, real=0.28 secs] 
2024-03-23T03:35:50.824+0800: 125026.244: [GC (Allocation Failure) 2024-03-23T03:35:50.824+0800: 125026.245: [ParNew: 20603240K->963570K(22937600K), 0.2153707 secs] 104640970K->85042795K(130940928K), 0.2158422 secs] [Times: user=2.89 sys=0.25, real=0.22 secs] 
2024-03-23T03:36:01.970+0800: 125037.391: [GC (Allocation Failure) 2024-03-23T03:36:01.971+0800: 125037.392: [ParNew: 20624370K->925928K(22937600K), 0.2019572 secs] 104703595K->85047567K(130940928K), 0.2024181 secs] [Times: user=2.35 sys=0.56, real=0.20 secs] 
2024-03-23T03:36:11.416+0800: 125046.836: [GC (Allocation Failure) 2024-03-23T03:36:11.416+0800: 125046.837: [ParNew: 20586728K->1110287K(22937600K), 0.2015125 secs] 104708367K->85274283K(130940928K), 0.2019640 secs] [Times: user=2.80 sys=0.02, real=0.21 secs] 
2024-03-23T03:36:22.195+0800: 125057.616: [GC (Allocation Failure) 2024-03-23T03:36:22.195+0800: 125057.616: [ParNew: 20771087K->1075009K(22937600K), 0.2003003 secs] 104935083K->85278649K(130940928K), 0.2007685 secs] [Times: user=2.39 sys=0.41, real=0.20 secs] 
2024-03-23T03:36:32.196+0800: 125067.617: [GC (Allocation Failure) 2024-03-23T03:36:32.197+0800: 125067.617: [ParNew: 20735809K->988420K(22937600K), 0.2532360 secs] 104939449K->85226739K(130940928K), 0.2538134 secs] [Times: user=3.25 sys=0.48, real=0.26 secs] 
2024-03-23T03:36:42.225+0800: 125077.646: [GC (Allocation Failure) 2024-03-23T03:36:42.225+0800: 125077.646: [ParNew: 20649220K->1033333K(22937600K), 0.2555602 secs] 104887539K->85306849K(130940928K), 0.2560232 secs] [Times: user=2.46 sys=1.25, real=0.26 secs] 
2024-03-23T03:36:57.201+0800: 125092.622: [GC (Allocation Failure) 2024-03-23T03:36:57.201+0800: 125092.622: [ParNew: 20694133K->1429353K(22937600K), 0.2682560 secs] 104967649K->85737612K(130940928K), 0.2686441 secs] [Times: user=3.38 sys=0.47, real=0.27 secs] 
2024-03-23T03:37:07.737+0800: 125103.158: [GC (Allocation Failure) 2024-03-23T03:37:07.738+0800: 125103.158: [ParNew: 21090153K->1019153K(22937600K), 0.2431068 secs] 105398412K->85368700K(130940928K), 0.2434509 secs] [Times: user=2.72 sys=0.56, real=0.25 secs] 
2024-03-23T03:37:18.416+0800: 125113.837: [GC (Allocation Failure) 2024-03-23T03:37:18.417+0800: 125113.837: [ParNew: 20679953K->1364732K(22937600K), 0.2264701 secs] 105029500K->85751759K(130940928K), 0.2268905 secs] [Times: user=2.94 sys=0.10, real=0.23 secs] 
2024-03-23T03:37:28.485+0800: 125123.906: [GC (Allocation Failure) 2024-03-23T03:37:28.485+0800: 125123.906: [ParNew: 21025532K->1218471K(22937600K), 0.2264822 secs] 105412559K->85645680K(130940928K), 0.2269274 secs] [Times: user=2.91 sys=0.08, real=0.23 secs] 
2024-03-23T03:37:35.965+0800: 125131.386: [GC (Allocation Failure) 2024-03-23T03:37:35.966+0800: 125131.387: [ParNew: 20879271K->1300844K(22937600K), 0.2051948 secs] 105306480K->85767824K(130940928K), 0.2056052 secs] [Times: user=2.96 sys=0.00, real=0.21 secs] 
2024-03-23T03:37:44.211+0800: 125139.632: [GC (Allocation Failure) 2024-03-23T03:37:44.211+0800: 125139.632: [ParNew: 20961644K->1209839K(22937600K), 0.2744903 secs] 105428624K->85717123K(130940928K), 0.2749224 secs] [Times: user=2.80 sys=1.39, real=0.27 secs] 
2024-03-23T03:37:52.060+0800: 125147.481: [GC (Allocation Failure) 2024-03-23T03:37:52.060+0800: 125147.481: [ParNew: 20870639K->1286177K(22937600K), 0.2115962 secs] 105377923K->85834907K(130940928K), 0.2120122 secs] [Times: user=2.50 sys=0.35, real=0.21 secs] 
2024-03-23T03:38:00.529+0800: 125155.950: [GC (Allocation Failure) 2024-03-23T03:38:00.530+0800: 125155.950: [ParNew: 20946977K->1215069K(22937600K), 0.2520591 secs] 105495707K->85810961K(130940928K), 0.2525062 secs] [Times: user=2.61 sys=0.89, real=0.25 secs] 
2024-03-23T03:38:06.557+0800: 125161.978: [GC (Allocation Failure) 2024-03-23T03:38:06.557+0800: 125161.978: [ParNew: 20875869K->1152357K(22937600K), 0.2110873 secs] 105471761K->85794181K(130940928K), 0.2114362 secs] [Times: user=2.56 sys=0.32, real=0.22 secs] 
2024-03-23T03:38:12.613+0800: 125168.034: [GC (Allocation Failure) 2024-03-23T03:38:12.614+0800: 125168.034: [ParNew: 20813157K->1157916K(22937600K), 0.3361156 secs] 105454981K->85850845K(130940928K), 0.3364768 secs] [Times: user=4.72 sys=0.45, real=0.34 secs] 
2024-03-23T03:38:21.131+0800: 125176.552: [GC (Allocation Failure) 2024-03-23T03:38:21.132+0800: 125176.552: [ParNew: 20818716K->1065208K(22937600K), 0.2111200 secs] 105511645K->85807462K(130940928K), 0.2115684 secs] [Times: user=2.49 sys=0.40, real=0.21 secs] 
2024-03-23T03:38:30.314+0800: 125185.735: [GC (Allocation Failure) 2024-03-23T03:38:30.315+0800: 125185.735: [ParNew: 20726008K->1142330K(22937600K), 0.2511786 secs] 105468262K->85933752K(130940928K), 0.2515905 secs] [Times: user=3.40 sys=0.26, real=0.25 secs] 
2024-03-23T03:38:36.447+0800: 125191.868: [GC (Allocation Failure) 2024-03-23T03:38:36.448+0800: 125191.869: [ParNew: 20803130K->1120603K(22937600K), 0.2165025 secs] 105594552K->85957697K(130940928K), 0.2169290 secs] [Times: user=3.24 sys=0.00, real=0.21 secs] 
2024-03-23T03:38:43.257+0800: 125198.677: [GC (Allocation Failure) 2024-03-23T03:38:43.257+0800: 125198.678: [ParNew: 20781403K->986075K(22937600K), 0.2000370 secs] 105618497K->85871841K(130940928K), 0.2004635 secs] [Times: user=2.80 sys=0.18, real=0.20 secs] 
2024-03-23T03:38:50.894+0800: 125206.314: [GC (Allocation Failure) 2024-03-23T03:38:50.894+0800: 125206.315: [ParNew: 20646875K->1064914K(22937600K), 0.2596942 secs] 105532641K->86008186K(130940928K), 0.2602200 secs] [Times: user=3.39 sys=0.58, real=0.26 secs] 
2024-03-23T03:38:58.706+0800: 125214.127: [GC (Allocation Failure) 2024-03-23T03:38:58.706+0800: 125214.127: [ParNew: 20725714K->1134693K(22937600K), 0.2283199 secs] 105668986K->86142858K(130940928K), 0.2287064 secs] [Times: user=3.08 sys=0.39, real=0.23 secs] 
2024-03-23T03:39:06.669+0800: 125222.089: [GC (Allocation Failure) 2024-03-23T03:39:06.669+0800: 125222.090: [ParNew: 20795493K->893949K(22937600K), 0.2417958 secs] 105803658K->85961990K(130940928K), 0.2421943 secs] [Times: user=3.56 sys=0.18, real=0.24 secs] 
2024-03-23T03:39:14.606+0800: 125230.027: [GC (Allocation Failure) 2024-03-23T03:39:14.607+0800: 125230.027: [ParNew: 20554749K->1042247K(22937600K), 0.1931336 secs] 105622790K->86170765K(130940928K), 0.1935342 secs] [Times: user=2.46 sys=0.40, real=0.20 secs] 
2024-03-23T03:39:22.521+0800: 125237.942: [GC (Allocation Failure) 2024-03-23T03:39:22.521+0800: 125237.942: [ParNew: 20703047K->974399K(22937600K), 0.1927048 secs] 105831565K->86162394K(130940928K), 0.1931244 secs] [Times: user=2.84 sys=0.00, real=0.19 secs] 
2024-03-23T03:39:29.726+0800: 125245.147: [GC (Allocation Failure) 2024-03-23T03:39:29.727+0800: 125245.147: [ParNew: 20635199K->835708K(22937600K), 0.1726818 secs] 105823194K->86072534K(130940928K), 0.1731009 secs] [Times: user=2.17 sys=0.36, real=0.18 secs] 
2024-03-23T03:39:37.402+0800: 125252.823: [GC (Allocation Failure) 2024-03-23T03:39:37.402+0800: 125252.823: [ParNew: 20496508K->854199K(22937600K), 0.1732999 secs] 105733334K->86137842K(130940928K), 0.1737148 secs] [Times: user=2.35 sys=0.15, real=0.17 secs] 
2024-03-23T03:39:44.954+0800: 125260.375: [GC (Allocation Failure) 2024-03-23T03:39:44.954+0800: 125260.375: [ParNew: 20514999K->894571K(22937600K), 0.2466473 secs] 105798642K->86220043K(130940928K), 0.2470478 secs] [Times: user=2.56 sys=1.27, real=0.25 secs] 
2024-03-23T03:39:52.593+0800: 125268.014: [GC (Allocation Failure) 2024-03-23T03:39:52.593+0800: 125268.014: [ParNew: 20555371K->1037774K(22937600K), 0.2040132 secs] 105880843K->86414823K(130940928K), 0.2044315 secs] [Times: user=2.84 sys=0.19, real=0.20 secs] 
2024-03-23T03:39:59.745+0800: 125275.166: [GC (Allocation Failure) 2024-03-23T03:39:59.746+0800: 125275.166: [ParNew: 20698574K->1101528K(22937600K), 0.1786913 secs] 106075623K->86516223K(130940928K), 0.1790818 secs] [Times: user=2.72 sys=0.00, real=0.18 secs] 
2024-03-23T03:40:07.166+0800: 125282.587: [GC (Allocation Failure) 2024-03-23T03:40:07.167+0800: 125282.587: [ParNew: 20762328K->853454K(22937600K), 0.1828900 secs] 106177023K->86299024K(130940928K), 0.1833332 secs] [Times: user=2.30 sys=0.38, real=0.19 secs] 
2024-03-23T03:40:15.660+0800: 125291.081: [GC (Allocation Failure) 2024-03-23T03:40:15.660+0800: 125291.081: [ParNew: 20514254K->1038712K(22937600K), 0.1838024 secs] 105959824K->86529380K(130940928K), 0.1842183 secs] [Times: user=2.33 sys=0.33, real=0.18 secs] 
2024-03-23T03:40:23.238+0800: 125298.659: [GC (Allocation Failure) 2024-03-23T03:40:23.238+0800: 125298.659: [ParNew: 20699512K->1056742K(22937600K), 0.1865712 secs] 106190180K->86585177K(130940928K), 0.1870076 secs] [Times: user=2.41 sys=0.32, real=0.18 secs] 
2024-03-23T03:40:32.643+0800: 125308.064: [GC (Allocation Failure) 2024-03-23T03:40:32.643+0800: 125308.064: [ParNew: 20717542K->980754K(22937600K), 0.1891825 secs] 106245977K->86546287K(130940928K), 0.1896415 secs] [Times: user=2.45 sys=0.31, real=0.19 secs] 
2024-03-23T03:40:40.863+0800: 125316.284: [GC (Allocation Failure) 2024-03-23T03:40:40.863+0800: 125316.284: [ParNew: 20641554K->941192K(22937600K), 0.1694792 secs] 106207087K->86539718K(130940928K), 0.1700177 secs] [Times: user=2.29 sys=0.10, real=0.17 secs] 
2024-03-23T03:40:48.531+0800: 125323.952: [GC (Allocation Failure) 2024-03-23T03:40:48.532+0800: 125323.952: [ParNew: 20601992K->975959K(22937600K), 0.2589551 secs] 106200518K->86610524K(130940928K), 0.2593875 secs] [Times: user=2.70 sys=1.21, real=0.26 secs] 
2024-03-23T03:40:55.822+0800: 125331.243: [GC (Allocation Failure) 2024-03-23T03:40:55.823+0800: 125331.243: [ParNew: 20636759K->1097628K(22937600K), 0.2226762 secs] 106271324K->86767303K(130940928K), 0.2231317 secs] [Times: user=2.95 sys=0.37, real=0.22 secs] 
2024-03-23T03:41:03.294+0800: 125338.714: [GC (Allocation Failure) 2024-03-23T03:41:03.294+0800: 125338.715: [ParNew: 20758428K->1126882K(22937600K), 0.1938436 secs] 106428103K->86838579K(130940928K), 0.1942645 secs] [Times: user=2.81 sys=0.00, real=0.20 secs] 
2024-03-23T03:41:10.504+0800: 125345.925: [GC (Allocation Failure) 2024-03-23T03:41:10.504+0800: 125345.925: [ParNew: 20787682K->1034306K(22937600K), 0.2074154 secs] 106499379K->86786403K(130940928K), 0.2078736 secs] [Times: user=2.39 sys=0.33, real=0.21 secs] 
2024-03-23T03:41:18.126+0800: 125353.547: [GC (Allocation Failure) 2024-03-23T03:41:18.126+0800: 125353.547: [ParNew: 20695106K->1127298K(22937600K), 0.2051821 secs] 106447203K->86914105K(130940928K), 0.2055968 secs] [Times: user=2.65 sys=0.39, real=0.21 secs] 
2024-03-23T03:41:27.760+0800: 125363.181: [GC (Allocation Failure) 2024-03-23T03:41:27.760+0800: 125363.181: [ParNew: 20788098K->1023752K(22937600K), 0.1904871 secs] 106574905K->86843378K(130940928K), 0.1908726 secs] [Times: user=2.79 sys=0.03, real=0.19 secs] 
2024-03-23T03:41:35.601+0800: 125371.022: [GC (Allocation Failure) 2024-03-23T03:41:35.601+0800: 125371.022: [ParNew: 20684552K->1041737K(22937600K), 0.1938499 secs] 106504178K->86902226K(130940928K), 0.1942765 secs] [Times: user=2.92 sys=0.00, real=0.19 secs] 
2024-03-23T03:41:42.570+0800: 125377.990: [GC (Allocation Failure) 2024-03-23T03:41:42.570+0800: 125377.991: [ParNew: 20702537K->1025108K(22937600K), 0.2471043 secs] 106563026K->86925374K(130940928K), 0.2475241 secs] [Times: user=2.74 sys=1.06, real=0.24 secs] 
2024-03-23T03:41:53.451+0800: 125388.872: [GC (Allocation Failure) 2024-03-23T03:41:53.451+0800: 125388.872: [ParNew: 20685908K->986333K(22937600K), 0.2327010 secs] 106586174K->86930363K(130940928K), 0.2331362 secs] [Times: user=3.10 sys=0.36, real=0.23 secs] 
2024-03-23T03:42:00.784+0800: 125396.205: [GC (Allocation Failure) 2024-03-23T03:42:00.784+0800: 125396.205: [ParNew: 20647133K->999198K(22937600K), 0.1872191 secs] 106591163K->86983232K(130940928K), 0.1876499 secs] [Times: user=2.78 sys=0.00, real=0.19 secs] 
2024-03-23T03:42:08.591+0800: 125404.011: [GC (Allocation Failure) 2024-03-23T03:42:08.591+0800: 125404.012: [ParNew: 20659998K->931205K(22937600K), 0.1898155 secs] 106644032K->86954928K(130940928K), 0.1902472 secs] [Times: user=2.40 sys=0.41, real=0.19 secs] 
2024-03-23T03:42:16.444+0800: 125411.864: [GC (Allocation Failure) 2024-03-23T03:42:16.444+0800: 125411.865: [ParNew: 20592005K->970592K(22937600K), 0.1880323 secs] 106615728K->87040635K(130940928K), 0.1884974 secs] [Times: user=2.79 sys=0.00, real=0.19 secs] 
2024-03-23T03:42:25.614+0800: 125421.034: [GC (Allocation Failure) 2024-03-23T03:42:25.614+0800: 125421.035: [ParNew: 20631392K->976931K(22937600K), 0.1931846 secs] 106701435K->87088804K(130940928K), 0.1936318 secs] [Times: user=2.38 sys=0.50, real=0.19 secs] 
2024-03-23T03:42:34.412+0800: 125429.833: [GC (Allocation Failure) 2024-03-23T03:42:34.413+0800: 125429.834: [ParNew: 20637731K->934777K(22937600K), 0.1960558 secs] 106749604K->87096048K(130940928K), 0.1964953 secs] [Times: user=2.87 sys=0.00, real=0.20 secs] 
2024-03-23T03:42:44.966+0800: 125440.387: [GC (Allocation Failure) 2024-03-23T03:42:44.966+0800: 125440.387: [ParNew: 20595577K->1025291K(22937600K), 0.2744973 secs] 106756848K->87233154K(130940928K), 0.2749925 secs] [Times: user=2.63 sys=1.53, real=0.28 secs] 
2024-03-23T03:42:55.791+0800: 125451.212: [GC (Allocation Failure) 2024-03-23T03:42:55.791+0800: 125451.212: [ParNew: 20686091K->922101K(22937600K), 0.2579933 secs] 106893954K->87181208K(130940928K), 0.2584485 secs] [Times: user=3.64 sys=0.50, real=0.26 secs] 
2024-03-23T03:43:06.565+0800: 125461.986: [GC (Allocation Failure) 2024-03-23T03:43:06.565+0800: 125461.986: [ParNew: 20582901K->979728K(22937600K), 0.2226188 secs] 106842008K->87286444K(130940928K), 0.2230504 secs] [Times: user=3.16 sys=0.30, real=0.23 secs] 
2024-03-23T03:43:15.839+0800: 125471.260: [GC (Allocation Failure) 2024-03-23T03:43:15.839+0800: 125471.260: [ParNew: 20640528K->1182325K(22937600K), 0.2009271 secs] 106947244K->87536490K(130940928K), 0.2013555 secs] [Times: user=2.61 sys=0.46, real=0.20 secs] 
2024-03-23T03:43:25.545+0800: 125480.966: [GC (Allocation Failure) 2024-03-23T03:43:25.545+0800: 125480.966: [ParNew: 20843125K->1112831K(22937600K), 0.2135763 secs] 107197290K->87509655K(130940928K), 0.2140348 secs] [Times: user=2.69 sys=0.60, real=0.22 secs] 
2024-03-23T03:43:34.731+0800: 125490.152: [GC (Allocation Failure) 2024-03-23T03:43:34.731+0800: 125490.152: [ParNew: 20773631K->1231554K(22937600K), 0.2042160 secs] 107170455K->87667491K(130940928K), 0.2046911 secs] [Times: user=2.52 sys=0.30, real=0.20 secs] 
2024-03-23T03:43:34.941+0800: 125490.362: [GC (CMS Initial Mark) [1 CMS-initial-mark: 86435937K(108003328K)] 87668176K(130940928K), 0.0351783 secs] [Times: user=0.81 sys=0.00, real=0.03 secs] 
2024-03-23T03:43:34.977+0800: 125490.397: [CMS-concurrent-mark-start]
2024-03-23T03:43:43.999+0800: 125499.420: [CMS-concurrent-mark: 9.004/9.022 secs] [Times: user=80.51 sys=13.45, real=9.03 secs] 
2024-03-23T03:43:43.999+0800: 125499.420: [CMS-concurrent-preclean-start]
2024-03-23T03:43:45.993+0800: 125501.414: [GC (Allocation Failure) 2024-03-23T03:43:45.993+0800: 125501.414: [ParNew: 20892354K->1398639K(22937600K), 0.2727309 secs] 107328291K->87869226K(130940928K), 0.2732144 secs] [Times: user=2.99 sys=1.05, real=0.27 secs] 
2024-03-23T03:43:47.721+0800: 125503.141: [CMS-concurrent-preclean: 3.432/3.721 secs] [Times: user=25.20 sys=6.84, real=3.72 secs] 
2024-03-23T03:43:47.721+0800: 125503.142: [CMS-concurrent-abortable-preclean-start]
 CMS: abort preclean due to time 2024-03-23T03:43:57.885+0800: 125513.306: [CMS-concurrent-abortable-preclean: 10.120/10.165 secs] [Times: user=60.70 sys=18.22, real=10.16 secs] 
2024-03-23T03:43:57.893+0800: 125513.314: [GC (CMS Final Remark) [YG occupancy: 19210554 K (22937600 K)]2024-03-23T03:43:57.893+0800: 125513.314: [Rescan (parallel) , 0.7367463 secs]2024-03-23T03:43:58.630+0800: 125514.051: [weak refs processing, 0.7995967 secs]2024-03-23T03:43:59.429+0800: 125514.850: [class unloading, 0.0643911 secs]2024-03-23T03:43:59.494+0800: 125514.915: [scrub symbol table, 0.0204725 secs]2024-03-23T03:43:59.514+0800: 125514.935: [scrub string table, 0.0016143 secs][1 CMS-remark: 86470586K(108003328K)] 105681141K(130940928K), 1.9400911 secs] [Times: user=14.05 sys=0.37, real=1.94 secs] 
2024-03-23T03:43:59.833+0800: 125515.254: [CMS-concurrent-sweep-start]
2024-03-23T03:44:01.497+0800: 125516.918: [GC (Allocation Failure) 2024-03-23T03:44:01.497+0800: 125516.918: [ParNew: 21059439K->1346872K(22937600K), 0.2656892 secs] 106669652K->87003900K(130940928K), 0.2661556 secs] [Times: user=3.41 sys=0.30, real=0.27 secs] 
2024-03-23T03:44:12.698+0800: 125528.119: [GC (Allocation Failure) 2024-03-23T03:44:12.699+0800: 125528.119: [ParNew: 21007672K->1461724K(22937600K), 0.2533426 secs] 96694968K->77184154K(130940928K), 0.2538209 secs] [Times: user=3.22 sys=0.24, real=0.25 secs] 
2024-03-23T03:44:22.828+0800: 125538.248: [GC (Allocation Failure) 2024-03-23T03:44:22.828+0800: 125538.249: [ParNew: 21122524K->1402931K(22937600K), 0.2446437 secs] 87723041K->68049419K(130940928K), 0.2450940 secs] [Times: user=3.11 sys=0.25, real=0.24 secs] 
2024-03-23T03:44:34.588+0800: 125550.009: [GC (Allocation Failure) 2024-03-23T03:44:34.588+0800: 125550.009: [ParNew: 21063731K->1440867K(22937600K), 0.2472431 secs] 77370222K->57787022K(130940928K), 0.2477218 secs] [Times: user=3.19 sys=0.26, real=0.24 secs] 
2024-03-23T03:44:43.341+0800: 125558.762: [GC (Allocation Failure) 2024-03-23T03:44:43.342+0800: 125558.762: [ParNew: 21101667K->1784989K(22937600K), 0.2598083 secs] 70613699K->51334725K(130940928K), 0.2602897 secs] [Times: user=3.43 sys=0.33, real=0.26 secs] 
2024-03-23T03:44:51.097+0800: 125566.518: [GC (Allocation Failure) 2024-03-23T03:44:51.097+0800: 125566.518: [ParNew: 21445789K->1329547K(22937600K), 0.4254824 secs] 63654037K->43578068K(130940928K), 0.4259981 secs] [Times: user=3.08 sys=3.69, real=0.43 secs] 
2024-03-23T03:45:00.496+0800: 125575.917: [GC (Allocation Failure) 2024-03-23T03:45:00.497+0800: 125575.918: [ParNew: 20990347K->1634949K(22937600K), 0.2748314 secs] 55162954K->35843402K(130940928K), 0.2752880 secs] [Times: user=2.95 sys=1.17, real=0.28 secs] 
2024-03-23T03:45:08.366+0800: 125583.787: [GC (Allocation Failure) 2024-03-23T03:45:08.367+0800: 125583.787: [ParNew: 21295749K->1582990K(22937600K), 0.2285665 secs] 48222970K->28555237K(130940928K), 0.2289995 secs] [Times: user=2.65 sys=0.62, real=0.23 secs] 
2024-03-23T03:45:15.696+0800: 125591.117: [CMS-concurrent-sweep: 73.354/75.863 secs] [Times: user=517.68 sys=108.16, real=75.86 secs] 
2024-03-23T03:45:15.696+0800: 125591.117: [CMS-concurrent-reset-start]
2024-03-23T03:45:16.134+0800: 125591.554: [CMS-concurrent-reset: 0.438/0.438 secs] [Times: user=3.58 sys=0.76, real=0.44 secs] 
2024-03-23T03:45:17.670+0800: 125593.091: [GC (Allocation Failure) 2024-03-23T03:45:17.670+0800: 125593.091: [ParNew: 21243790K->1543710K(22937600K), 0.2427510 secs] 43070695K->23420008K(130940928K), 0.2431863 secs] [Times: user=3.15 sys=0.29, real=0.24 secs] 
2024-03-23T03:45:25.525+0800: 125600.945: [GC (Allocation Failure) 2024-03-23T03:45:25.525+0800: 125600.946: [ParNew: 21204510K->1518452K(22937600K), 0.2265258 secs] 43080808K->23444091K(130940928K), 0.2269515 secs] [Times: user=2.70 sys=0.56, real=0.23 secs] 
2024-03-23T03:45:34.229+0800: 125609.650: [GC (Allocation Failure) 2024-03-23T03:45:34.229+0800: 125609.650: [ParNew: 21179252K->1672494K(22937600K), 0.2394114 secs] 43104891K->23655541K(130940928K), 0.2398522 secs] [Times: user=3.22 sys=0.23, real=0.24 secs] 
2024-03-23T03:45:43.617+0800: 125619.038: [GC (Allocation Failure) 2024-03-23T03:45:43.618+0800: 125619.038: [ParNew: 21333294K->1391081K(22937600K), 0.2217767 secs] 43316341K->23452088K(130940928K), 0.2222339 secs] [Times: user=2.83 sys=0.25, real=0.23 secs] 
2024-03-23T03:45:53.272+0800: 125628.693: [GC (Allocation Failure) 2024-03-23T03:45:53.272+0800: 125628.693: [ParNew: 21051881K->1381889K(22937600K), 0.3115014 secs] 43112888K->23517372K(130940928K), 0.3120365 secs] [Times: user=2.94 sys=1.64, real=0.31 secs] 
2024-03-23T03:46:02.978+0800: 125638.399: [GC (Allocation Failure) 2024-03-23T03:46:02.979+0800: 125638.399: [ParNew: 21042689K->1438066K(22937600K), 0.2886204 secs] 43178172K->23643408K(130940928K), 0.2889873 secs] [Times: user=3.07 sys=1.00, real=0.29 secs] 
2024-03-23T03:46:12.488+0800: 125647.909: [GC (Allocation Failure) 2024-03-23T03:46:12.488+0800: 125647.909: [ParNew: 21098866K->1310478K(22937600K), 0.2668713 secs] 43304208K->23584028K(130940928K), 0.2672695 secs] [Times: user=3.05 sys=0.72, real=0.26 secs] 
2024-03-23T03:46:22.422+0800: 125657.843: [GC (Allocation Failure) 2024-03-23T03:46:22.422+0800: 125657.843: [ParNew: 20971278K->1235943K(22937600K), 0.2355615 secs] 43244828K->23589295K(130940928K), 0.2359133 secs] [Times: user=2.60 sys=0.58, real=0.24 secs] 
2024-03-23T03:46:32.238+0800: 125667.659: [GC (Allocation Failure) 2024-03-23T03:46:32.239+0800: 125667.659: [ParNew: 20896743K->1174517K(22937600K), 0.2394394 secs] 43250095K->23599422K(130940928K), 0.2398434 secs] [Times: user=3.05 sys=0.15, real=0.24 secs] 
2024-03-23T03:46:41.933+0800: 125677.354: [GC (Allocation Failure) 2024-03-23T03:46:41.933+0800: 125677.354: [ParNew: 20835317K->1152094K(22937600K), 0.2008486 secs] 43260222K->23649297K(130940928K), 0.2012509 secs] [Times: user=2.55 sys=0.19, real=0.20 secs] 
2024-03-23T03:46:50.784+0800: 125686.205: [GC (Allocation Failure) 2024-03-23T03:46:50.785+0800: 125686.206: [ParNew: 20812894K->1195025K(22937600K), 0.4093455 secs] 43310097K->23763599K(130940928K), 0.4098602 secs] [Times: user=2.99 sys=3.45, real=0.41 secs] 
2024-03-23T03:47:01.137+0800: 125696.558: [GC (Allocation Failure) 2024-03-23T03:47:01.137+0800: 125696.558: [ParNew: 20855825K->1432095K(22937600K), 0.2656130 secs] 43424399K->24059903K(130940928K), 0.2660567 secs] [Times: user=2.89 sys=0.99, real=0.27 secs] 
2024-03-23T03:47:10.197+0800: 125705.618: [GC (Allocation Failure) 2024-03-23T03:47:10.198+0800: 125705.618: [ParNew: 21092895K->1102551K(22937600K), 0.2274783 secs] 43720703K->23781815K(130940928K), 0.2279182 secs] [Times: user=2.95 sys=0.25, real=0.23 secs] 
2024-03-23T03:47:20.053+0800: 125715.474: [GC (Allocation Failure) 2024-03-23T03:47:20.053+0800: 125715.474: [ParNew: 20763351K->1221913K(22937600K), 0.2261753 secs] 43442615K->23955705K(130940928K), 0.2266150 secs] [Times: user=2.92 sys=0.31, real=0.23 secs] 
2024-03-23T03:47:30.050+0800: 125725.471: [GC (Allocation Failure) 2024-03-23T03:47:30.051+0800: 125725.472: [ParNew: 20882713K->1094881K(22937600K), 0.2111290 secs] 43616505K->23876790K(130940928K), 0.2115707 secs] [Times: user=2.48 sys=0.61, real=0.21 secs] 
2024-03-23T03:47:39.838+0800: 125735.259: [GC (Allocation Failure) 2024-03-23T03:47:39.839+0800: 125735.259: [ParNew: 20755681K->1157238K(22937600K), 0.2070807 secs] 43537590K->23991442K(130940928K), 0.2075029 secs] [Times: user=2.54 sys=0.26, real=0.20 secs] 
2024-03-23T03:47:49.465+0800: 125744.886: [GC (Allocation Failure) 2024-03-23T03:47:49.465+0800: 125744.886: [ParNew: 20818038K->1341413K(22937600K), 0.2824138 secs] 43652242K->24226971K(130940928K), 0.2828994 secs] [Times: user=2.85 sys=1.21, real=0.29 secs] 
2024-03-23T03:47:59.737+0800: 125755.158: [GC (Allocation Failure) 2024-03-23T03:47:59.737+0800: 125755.158: [ParNew: 21002213K->1329900K(22937600K), 0.2643364 secs] 43887771K->24268341K(130940928K), 0.2646795 secs] [Times: user=2.77 sys=0.97, real=0.27 secs] 
2024-03-23T03:48:09.214+0800: 125764.635: [GC (Allocation Failure) 2024-03-23T03:48:09.215+0800: 125764.635: [ParNew: 20990700K->1171217K(22937600K), 0.2325233 secs] 43929141K->24157732K(130940928K), 0.2329253 secs] [Times: user=2.94 sys=0.23, real=0.23 secs] 
2024-03-23T03:48:18.720+0800: 125774.140: [GC (Allocation Failure) 2024-03-23T03:48:18.720+0800: 125774.141: [ParNew: 20832017K->1268502K(22937600K), 0.2382483 secs] 43818532K->24304307K(130940928K), 0.2386912 secs] [Times: user=3.05 sys=0.22, real=0.24 secs] 
2024-03-23T03:48:28.192+0800: 125783.613: [GC (Allocation Failure) 2024-03-23T03:48:28.193+0800: 125783.613: [ParNew: 20929302K->1351917K(22937600K), 0.2216697 secs] 43965107K->24439318K(130940928K), 0.2221085 secs] [Times: user=2.61 sys=0.53, real=0.22 secs] 
2024-03-23T03:48:37.524+0800: 125792.945: [GC (Allocation Failure) 2024-03-23T03:48:37.524+0800: 125792.945: [ParNew: 21012717K->1454604K(22937600K), 0.2088355 secs] 44100118K->24584760K(130940928K), 0.2092740 secs] [Times: user=3.00 sys=0.00, real=0.21 secs] 
2024-03-23T03:48:46.667+0800: 125802.088: [GC (Allocation Failure) 2024-03-23T03:48:46.667+0800: 125802.088: [ParNew: 21115404K->1551207K(22937600K), 0.2016287 secs] 44245560K->24730642K(130940928K), 0.2020691 secs] [Times: user=2.63 sys=0.16, real=0.21 secs] 
2024-03-23T03:48:54.635+0800: 125810.056: [GC (Allocation Failure) 2024-03-23T03:48:54.636+0800: 125810.056: [ParNew: 21212007K->1330875K(22937600K), 0.2784850 secs] 44391442K->24563212K(130940928K), 0.2789473 secs] [Times: user=2.91 sys=1.26, real=0.28 secs] 
2024-03-23T03:49:03.612+0800: 125819.033: [GC (Allocation Failure) 2024-03-23T03:49:03.613+0800: 125819.033: [ParNew: 20991675K->1349769K(22937600K), 0.2418616 secs] 44224012K->24636435K(130940928K), 0.2423218 secs] [Times: user=2.89 sys=0.67, real=0.24 secs] 
2024-03-23T03:49:11.946+0800: 125827.367: [GC (Allocation Failure) 2024-03-23T03:49:11.946+0800: 125827.367: [ParNew: 21010569K->1316115K(22937600K), 0.2150347 secs] 44297235K->24653869K(130940928K), 0.2154614 secs] [Times: user=2.97 sys=0.12, real=0.22 secs] 
2024-03-23T03:49:20.208+0800: 125835.629: [GC (Allocation Failure) 2024-03-23T03:49:20.209+0800: 125835.629: [ParNew: 20976915K->1463695K(22937600K), 0.2141905 secs] 44314669K->24858410K(130940928K), 0.2146248 secs] [Times: user=2.98 sys=0.09, real=0.21 secs] 
2024-03-23T03:49:28.293+0800: 125843.714: [GC (Allocation Failure) 2024-03-23T03:49:28.294+0800: 125843.714: [ParNew: 21124495K->1251544K(22937600K), 0.1982815 secs] 44519210K->24697656K(130940928K), 0.1987304 secs] [Times: user=2.85 sys=0.00, real=0.20 secs] 
2024-03-23T03:49:35.994+0800: 125851.415: [GC (Allocation Failure) 2024-03-23T03:49:35.994+0800: 125851.415: [ParNew: 20912344K->1250951K(22937600K), 0.2120918 secs] 44358456K->24754183K(130940928K), 0.2125201 secs] [Times: user=2.60 sys=0.42, real=0.21 secs] 
2024-03-23T03:49:44.301+0800: 125859.722: [GC (Allocation Failure) 2024-03-23T03:49:44.302+0800: 125859.722: [ParNew: 20911751K->1358936K(22937600K), 0.1866961 secs] 44414983K->24916690K(130940928K), 0.1871610 secs] [Times: user=2.53 sys=0.11, real=0.19 secs] 
2024-03-23T03:49:52.019+0800: 125867.439: [GC (Allocation Failure) 2024-03-23T03:49:52.019+0800: 125867.440: [ParNew: 21019736K->1210280K(22937600K), 0.2738407 secs] 44577490K->24828787K(130940928K), 0.2743280 secs] [Times: user=2.45 sys=1.62, real=0.27 secs] 
2024-03-23T03:50:00.834+0800: 125876.255: [GC (Allocation Failure) 2024-03-23T03:50:00.834+0800: 125876.255: [ParNew: 20871080K->1277294K(22937600K), 0.2389816 secs] 44489587K->24957282K(130940928K), 0.2393850 secs] [Times: user=2.84 sys=0.64, real=0.24 secs] 
2024-03-23T03:50:08.731+0800: 125884.152: [GC (Allocation Failure) 2024-03-23T03:50:08.731+0800: 125884.152: [ParNew: 20938094K->1256735K(22937600K), 0.2220177 secs] 44618082K->25003870K(130940928K), 0.2224571 secs] [Times: user=2.66 sys=0.50, real=0.22 secs] 
2024-03-23T03:50:17.031+0800: 125892.452: [GC (Allocation Failure) 2024-03-23T03:50:17.031+0800: 125892.452: [ParNew: 20917535K->1362962K(22937600K), 0.2300684 secs] 44664670K->25168131K(130940928K), 0.2305195 secs] [Times: user=2.76 sys=0.52, real=0.23 secs] 
2024-03-23T03:50:28.479+0800: 125903.900: [GC (Allocation Failure) 2024-03-23T03:50:28.480+0800: 125903.901: [ParNew: 21023762K->1276526K(22937600K), 0.2126918 secs] 44828931K->25140734K(130940928K), 0.2131317 secs] [Times: user=2.45 sys=0.56, real=0.21 secs] 
2024-03-23T03:50:36.407+0800: 125911.828: [GC (Allocation Failure) 2024-03-23T03:50:36.408+0800: 125911.829: [ParNew: 20937326K->1368397K(22937600K), 0.2176799 secs] 44801534K->25297480K(130940928K), 0.2181432 secs] [Times: user=2.64 sys=0.37, real=0.22 secs] 
2024-03-23T03:50:45.630+0800: 125921.051: [GC (Allocation Failure) 2024-03-23T03:50:45.631+0800: 125921.052: [ParNew: 21029197K->1280985K(22937600K), 0.2737241 secs] 44958280K->25268425K(130940928K), 0.2741830 secs] [Times: user=3.06 sys=1.01, real=0.27 secs] 
2024-03-23T03:50:55.008+0800: 125930.429: [GC (Allocation Failure) 2024-03-23T03:50:55.009+0800: 125930.430: [ParNew: 20941785K->1580295K(22937600K), 0.2227667 secs] 44929225K->25623910K(130940928K), 0.2232025 secs] [Times: user=2.56 sys=0.55, real=0.22 secs] 
2024-03-23T03:51:03.797+0800: 125939.217: [GC (Allocation Failure) 2024-03-23T03:51:03.797+0800: 125939.218: [ParNew: 21241095K->1400012K(22937600K), 0.2263907 secs] 45284710K->25498701K(130940928K), 0.2268030 secs] [Times: user=2.62 sys=0.61, real=0.23 secs] 
2024-03-23T03:51:13.920+0800: 125949.340: [GC (Allocation Failure) 2024-03-23T03:51:13.920+0800: 125949.341: [ParNew: 21060812K->1392725K(22937600K), 0.2320951 secs] 45159501K->25545270K(130940928K), 0.2325125 secs] [Times: user=3.09 sys=0.26, real=0.23 secs] 
2024-03-23T03:51:21.796+0800: 125957.217: [GC (Allocation Failure) 2024-03-23T03:51:21.796+0800: 125957.217: [ParNew: 21053525K->1322306K(22937600K), 0.2283229 secs] 45206070K->25529915K(130940928K), 0.2287754 secs] [Times: user=3.06 sys=0.05, real=0.23 secs] 
2024-03-23T03:51:32.227+0800: 125967.648: [GC (Allocation Failure) 2024-03-23T03:51:32.227+0800: 125967.648: [ParNew: 20983106K->1427922K(22937600K), 0.2304461 secs] 45190715K->25686032K(130940928K), 0.2308891 secs] [Times: user=3.10 sys=0.17, real=0.24 secs] 
2024-03-23T03:51:41.987+0800: 125977.408: [GC (Allocation Failure) 2024-03-23T03:51:41.987+0800: 125977.408: [ParNew: 21088722K->1465443K(22937600K), 0.2142364 secs] 45346832K->25777166K(130940928K), 0.2146944 secs] [Times: user=3.09 sys=0.00, real=0.22 secs] 
2024-03-23T03:51:50.400+0800: 125985.820: [GC (Allocation Failure) 2024-03-23T03:51:50.400+0800: 125985.821: [ParNew: 21126243K->1468697K(22937600K), 0.2840003 secs] 45437966K->25839346K(130940928K), 0.2844964 secs] [Times: user=3.28 sys=0.89, real=0.28 secs] 
2024-03-23T03:51:58.506+0800: 125993.927: [GC (Allocation Failure) 2024-03-23T03:51:58.506+0800: 125993.927: [ParNew: 21129497K->1597700K(22937600K), 0.2581860 secs] 45500146K->26021245K(130940928K), 0.2586450 secs] [Times: user=2.74 sys=1.05, real=0.26 secs] 
2024-03-23T03:52:07.570+0800: 126002.991: [GC (Allocation Failure) 2024-03-23T03:52:07.571+0800: 126002.992: [ParNew: 21258500K->1569261K(22937600K), 0.2265597 secs] 45682045K->26046677K(130940928K), 0.2271092 secs] [Times: user=2.66 sys=0.52, real=0.23 secs] 
2024-03-23T03:52:17.586+0800: 126013.007: [GC (Allocation Failure) 2024-03-23T03:52:17.586+0800: 126013.007: [ParNew: 21230061K->1613988K(22937600K), 0.2342979 secs] 45707477K->26154604K(130940928K), 0.2347468 secs] [Times: user=3.14 sys=0.12, real=0.24 secs] 
2024-03-23T03:52:24.929+0800: 126020.350: [GC (Allocation Failure) 2024-03-23T03:52:24.929+0800: 126020.350: [ParNew: 21274788K->1465626K(22937600K), 0.2271189 secs] 45815404K->26063650K(130940928K), 0.2275448 secs] [Times: user=2.77 sys=0.44, real=0.22 secs] 
2024-03-23T03:52:35.886+0800: 126031.307: [GC (Allocation Failure) 2024-03-23T03:52:35.886+0800: 126031.307: [ParNew: 21126426K->1392898K(22937600K), 0.2307119 secs] 45724450K->26049046K(130940928K), 0.2311722 secs] [Times: user=3.23 sys=0.09, real=0.23 secs] 
2024-03-23T03:52:45.436+0800: 126040.857: [GC (Allocation Failure) 2024-03-23T03:52:45.436+0800: 126040.857: [ParNew: 21053698K->1297329K(22937600K), 0.2093109 secs] 45709846K->26018261K(130940928K), 0.2098483 secs] [Times: user=2.73 sys=0.18, real=0.21 secs] 
2024-03-23T03:52:54.126+0800: 126049.547: [GC (Allocation Failure) 2024-03-23T03:52:54.126+0800: 126049.547: [ParNew: 20958129K->1398267K(22937600K), 0.2922830 secs] 45679061K->26185687K(130940928K), 0.2928223 secs] [Times: user=3.05 sys=1.27, real=0.30 secs] 
2024-03-23T03:53:03.920+0800: 126059.341: [GC (Allocation Failure) 2024-03-23T03:53:03.920+0800: 126059.341: [ParNew: 21059067K->1463748K(22937600K), 0.2547220 secs] 45846487K->26312620K(130940928K), 0.2551929 secs] [Times: user=2.95 sys=0.75, real=0.25 secs] 
2024-03-23T03:53:11.614+0800: 126067.035: [GC (Allocation Failure) 2024-03-23T03:53:11.614+0800: 126067.035: [ParNew: 21124548K->1425478K(22937600K), 0.2264628 secs] 45973420K->26341642K(130940928K), 0.2269333 secs] [Times: user=2.69 sys=0.49, real=0.23 secs] 
2024-03-23T03:53:20.319+0800: 126075.739: [GC (Allocation Failure) 2024-03-23T03:53:20.319+0800: 126075.740: [ParNew: 21086278K->1338931K(22937600K), 0.2288983 secs] 46002442K->26316726K(130940928K), 0.2293460 secs] [Times: user=2.77 sys=0.47, real=0.23 secs] 
2024-03-23T03:53:29.469+0800: 126084.890: [GC (Allocation Failure) 2024-03-23T03:53:29.470+0800: 126084.890: [ParNew: 20999731K->1466027K(22937600K), 0.2257494 secs] 45977526K->26514289K(130940928K), 0.2261987 secs] [Times: user=3.18 sys=0.09, real=0.22 secs] 
2024-03-23T03:53:38.567+0800: 126093.988: [GC (Allocation Failure) 2024-03-23T03:53:38.567+0800: 126093.988: [ParNew: 21126827K->1325783K(22937600K), 0.2437919 secs] 46175089K->26437001K(130940928K), 0.2442662 secs] [Times: user=3.53 sys=0.06, real=0.25 secs] 
2024-03-23T03:53:47.901+0800: 126103.322: [GC (Allocation Failure) 2024-03-23T03:53:47.901+0800: 126103.322: [ParNew: 20986583K->1379408K(22937600K), 0.4019689 secs] 46097801K->26560379K(130940928K), 0.4024250 secs] [Times: user=3.23 sys=3.11, real=0.40 secs] 
2024-03-23T03:53:57.039+0800: 126112.459: [GC (Allocation Failure) 2024-03-23T03:53:57.039+0800: 126112.460: [ParNew: 21040208K->1322315K(22937600K), 0.3186149 secs] 46221179K->26569365K(130940928K), 0.3190654 secs] [Times: user=4.20 sys=0.66, real=0.32 secs] 
2024-03-23T03:54:06.169+0800: 126121.589: [GC (Allocation Failure) 2024-03-23T03:54:06.169+0800: 126121.590: [ParNew: 20983115K->1334022K(22937600K), 0.2487380 secs] 46230165K->26639241K(130940928K), 0.2491728 secs] [Times: user=3.21 sys=0.50, real=0.25 secs] 
2024-03-23T03:54:15.035+0800: 126130.456: [GC (Allocation Failure) 2024-03-23T03:54:15.035+0800: 126130.456: [ParNew: 20994822K->1282819K(22937600K), 0.2429395 secs] 46300041K->26645473K(130940928K), 0.2433624 secs] [Times: user=3.13 sys=0.34, real=0.25 secs] 
2024-03-23T03:54:24.334+0800: 126139.755: [GC (Allocation Failure) 2024-03-23T03:54:24.334+0800: 126139.755: [ParNew: 20943619K->1401792K(22937600K), 0.2539763 secs] 46306273K->26821368K(130940928K), 0.2543234 secs] [Times: user=3.32 sys=0.33, real=0.26 secs] 
2024-03-23T03:54:33.522+0800: 126148.943: [GC (Allocation Failure) 2024-03-23T03:54:33.522+0800: 126148.943: [ParNew: 21062592K->1262951K(22937600K), 0.2312703 secs] 46482168K->26753071K(130940928K), 0.2316137 secs] [Times: user=2.68 sys=0.51, real=0.23 secs] 
2024-03-23T03:54:42.794+0800: 126158.215: [GC (Allocation Failure) 2024-03-23T03:54:42.794+0800: 126158.215: [ParNew: 20923751K->1357826K(22937600K), 0.2083284 secs] 46413871K->26915431K(130940928K), 0.2087778 secs] [Times: user=3.15 sys=0.00, real=0.21 secs] 
2024-03-23T03:54:51.566+0800: 126166.987: [GC (Allocation Failure) 2024-03-23T03:54:51.566+0800: 126166.987: [ParNew: 21018626K->1358198K(22937600K), 0.4431844 secs] 46576231K->26981136K(130940928K), 0.4436109 secs] [Times: user=3.39 sys=3.67, real=0.45 secs] 
2024-03-23T03:55:01.356+0800: 126176.776: [GC (Allocation Failure) 2024-03-23T03:55:01.356+0800: 126176.777: [ParNew: 21018998K->1360329K(22937600K), 0.3270663 secs] 46641936K->27048834K(130940928K), 0.3275594 secs] [Times: user=3.58 sys=1.50, real=0.33 secs] 
2024-03-23T03:55:09.698+0800: 126185.119: [GC (Allocation Failure) 2024-03-23T03:55:09.699+0800: 126185.119: [ParNew: 21021129K->1379864K(22937600K), 0.2257535 secs] 46709634K->27129788K(130940928K), 0.2262074 secs] [Times: user=3.07 sys=0.21, real=0.22 secs] 
2024-03-23T03:55:18.734+0800: 126194.154: [GC (Allocation Failure) 2024-03-23T03:55:18.734+0800: 126194.155: [ParNew: 21040664K->1328569K(22937600K), 0.2300391 secs] 46790588K->27138979K(130940928K), 0.2304971 secs] [Times: user=2.72 sys=0.63, real=0.23 secs] 
2024-03-23T03:55:26.953+0800: 126202.374: [GC (Allocation Failure) 2024-03-23T03:55:26.953+0800: 126202.374: [ParNew: 20989369K->1283319K(22937600K), 0.2364403 secs] 46799779K->27150222K(130940928K), 0.2368940 secs] [Times: user=3.28 sys=0.19, real=0.24 secs] 
2024-03-23T03:55:35.377+0800: 126210.797: [GC (Allocation Failure) 2024-03-23T03:55:35.377+0800: 126210.798: [ParNew: 20944119K->1417519K(22937600K), 0.2153774 secs] 46811022K->27349684K(130940928K), 0.2158268 secs] [Times: user=3.08 sys=0.00, real=0.22 secs] 
2024-03-23T03:55:44.613+0800: 126220.034: [GC (Allocation Failure) 2024-03-23T03:55:44.614+0800: 126220.035: [ParNew: 21078319K->1264897K(22937600K), 0.3860106 secs] 47010484K->27270072K(130940928K), 0.3864863 secs] [Times: user=2.97 sys=3.19, real=0.39 secs] 
2024-03-23T03:55:52.767+0800: 126228.187: [GC (Allocation Failure) 2024-03-23T03:55:52.767+0800: 126228.188: [ParNew: 20925697K->1313251K(22937600K), 0.2441493 secs] 46930872K->27372494K(130940928K), 0.2445946 secs] [Times: user=2.64 sys=1.04, real=0.25 secs] 
2024-03-23T03:56:01.425+0800: 126236.845: [GC (Allocation Failure) 2024-03-23T03:56:01.425+0800: 126236.846: [ParNew: 20974051K->1284220K(22937600K), 0.2167142 secs] 47033294K->27397347K(130940928K), 0.2171591 secs] [Times: user=2.55 sys=0.48, real=0.22 secs] 
2024-03-23T03:56:10.908+0800: 126246.328: [GC (Allocation Failure) 2024-03-23T03:56:10.908+0800: 126246.329: [ParNew: 20945020K->1342289K(22937600K), 0.2299790 secs] 47058147K->27503678K(130940928K), 0.2303881 secs] [Times: user=3.09 sys=0.34, real=0.23 secs] 
2024-03-23T03:56:21.301+0800: 126256.722: [GC (Allocation Failure) 2024-03-23T03:56:21.301+0800: 126256.722: [ParNew: 21003089K->1319187K(22937600K), 0.2292849 secs] 47164478K->27541787K(130940928K), 0.2297156 secs] [Times: user=2.69 sys=0.71, real=0.23 secs] 
2024-03-23T03:56:30.200+0800: 126265.621: [GC (Allocation Failure) 2024-03-23T03:56:30.200+0800: 126265.621: [ParNew: 20979987K->1399248K(22937600K), 0.2302294 secs] 47202587K->27675942K(130940928K), 0.2306574 secs] [Times: user=2.71 sys=0.60, real=0.23 secs] 
2024-03-23T03:56:39.140+0800: 126274.561: [GC (Allocation Failure) 2024-03-23T03:56:39.141+0800: 126274.561: [ParNew: 21060048K->1501405K(22937600K), 0.2262222 secs] 47336742K->27836124K(130940928K), 0.2266655 secs] [Times: user=2.98 sys=0.30, real=0.22 secs] 
2024-03-23T03:56:48.299+0800: 126283.720: [GC (Allocation Failure) 2024-03-23T03:56:48.300+0800: 126283.720: [ParNew: 21162205K->1365493K(22937600K), 0.4329656 secs] 47496924K->27754610K(130940928K), 0.4333989 secs] [Times: user=3.31 sys=3.66, real=0.43 secs] 
2024-03-23T03:56:58.754+0800: 126294.174: [GC (Allocation Failure) 2024-03-23T03:56:58.754+0800: 126294.175: [ParNew: 21026293K->1393650K(22937600K), 0.2872759 secs] 47415410K->27842827K(130940928K), 0.2877432 secs] [Times: user=2.99 sys=1.37, real=0.29 secs] 
2024-03-23T03:57:06.015+0800: 126301.436: [GC (Allocation Failure) 2024-03-23T03:57:06.015+0800: 126301.436: [ParNew: 21054450K->1602135K(22937600K), 0.2276224 secs] 47503627K->28104714K(130940928K), 0.2280762 secs] [Times: user=2.76 sys=0.52, real=0.23 secs] 
2024-03-23T03:57:15.401+0800: 126310.822: [GC (Allocation Failure) 2024-03-23T03:57:15.401+0800: 126310.822: [ParNew: 21262935K->1522918K(22937600K), 0.2321632 secs] 47765514K->28087813K(130940928K), 0.2326288 secs] [Times: user=2.72 sys=0.62, real=0.23 secs] 
2024-03-23T03:57:25.563+0800: 126320.984: [GC (Allocation Failure) 2024-03-23T03:57:25.564+0800: 126320.984: [ParNew: 21183718K->1688989K(22937600K), 0.2319965 secs] 47748613K->28310664K(130940928K), 0.2324640 secs] [Times: user=2.67 sys=0.64, real=0.23 secs] 
2024-03-23T03:57:33.746+0800: 126329.167: [GC (Allocation Failure) 2024-03-23T03:57:33.746+0800: 126329.167: [ParNew: 21349789K->1611056K(22937600K), 0.3063645 secs] 47971464K->28286943K(130940928K), 0.3068193 secs] [Times: user=4.29 sys=0.27, real=0.31 secs] 
2024-03-23T03:57:44.337+0800: 126339.758: [GC (Allocation Failure) 2024-03-23T03:57:44.338+0800: 126339.758: [ParNew: 21271856K->1509245K(22937600K), 0.4171661 secs] 47947743K->28242354K(130940928K), 0.4176661 secs] [Times: user=3.24 sys=3.34, real=0.42 secs] 
2024-03-23T03:57:55.139+0800: 126350.560: [GC (Allocation Failure) 2024-03-23T03:57:55.139+0800: 126350.560: [ParNew: 21170045K->1671324K(22937600K), 0.3318621 secs] 47903154K->28466734K(130940928K), 0.3323279 secs] [Times: user=3.86 sys=1.21, real=0.33 secs] 
2024-03-23T03:58:04.234+0800: 126359.655: [GC (Allocation Failure) 2024-03-23T03:58:04.235+0800: 126359.655: [ParNew: 21332124K->1603846K(22937600K), 0.2595444 secs] 48127534K->28458469K(130940928K), 0.2599086 secs] [Times: user=3.25 sys=0.35, real=0.26 secs] 
2024-03-23T03:58:13.576+0800: 126368.997: [GC (Allocation Failure) 2024-03-23T03:58:13.576+0800: 126368.997: [ParNew: 21264646K->1669728K(22937600K), 0.2516016 secs] 48119269K->28582579K(130940928K), 0.2519751 secs] [Times: user=3.28 sys=0.23, real=0.26 secs] 
2024-03-23T03:58:22.735+0800: 126378.156: [GC (Allocation Failure) 2024-03-23T03:58:22.735+0800: 126378.156: [ParNew: 21330528K->1647430K(22937600K), 0.2478983 secs] 48243379K->28617614K(130940928K), 0.2482627 secs] [Times: user=3.24 sys=0.19, real=0.25 secs] 
2024-03-23T03:58:31.405+0800: 126386.826: [GC (Allocation Failure) 2024-03-23T03:58:31.405+0800: 126386.826: [ParNew: 21308230K->1711827K(22937600K), 0.2489128 secs] 48278414K->28742077K(130940928K), 0.2493547 secs] [Times: user=2.95 sys=0.43, real=0.25 secs] 
2024-03-23T03:58:41.686+0800: 126397.107: [GC (Allocation Failure) 2024-03-23T03:58:41.687+0800: 126397.107: [ParNew: 21372627K->1479235K(22937600K), 0.2268262 secs] 48402877K->28575949K(130940928K), 0.2273564 secs] [Times: user=2.90 sys=0.23, real=0.23 secs] 
2024-03-23T03:58:50.724+0800: 126406.145: [GC (Allocation Failure) 2024-03-23T03:58:50.724+0800: 126406.145: [ParNew: 21140035K->1603834K(22937600K), 0.4072678 secs] 48236749K->28771958K(130940928K), 0.4077704 secs] [Times: user=3.13 sys=3.23, real=0.41 secs] 
2024-03-23T03:59:01.635+0800: 126417.056: [GC (Allocation Failure) 2024-03-23T03:59:01.635+0800: 126417.056: [ParNew: 21264634K->1564266K(22937600K), 0.3487503 secs] 48432758K->28801347K(130940928K), 0.3492109 secs] [Times: user=4.55 sys=0.88, real=0.35 secs] 
2024-03-23T03:59:11.992+0800: 126427.413: [GC (Allocation Failure) 2024-03-23T03:59:11.992+0800: 126427.413: [ParNew: 21225066K->1809434K(22937600K), 0.2718320 secs] 48462147K->29107926K(130940928K), 0.2723011 secs] [Times: user=3.62 sys=0.36, real=0.27 secs] 
2024-03-23T03:59:22.214+0800: 126437.634: [GC (Allocation Failure) 2024-03-23T03:59:22.214+0800: 126437.635: [ParNew: 21470234K->1774674K(22937600K), 0.2532561 secs] 48768726K->29139832K(130940928K), 0.2537242 secs] [Times: user=3.37 sys=0.28, real=0.25 secs] 
2024-03-23T03:59:30.881+0800: 126446.302: [GC (Allocation Failure) 2024-03-23T03:59:30.881+0800: 126446.302: [ParNew: 21435474K->1628355K(22937600K), 0.2550912 secs] 48800632K->29054767K(130940928K), 0.2555012 secs] [Times: user=3.46 sys=0.25, real=0.25 secs] 
2024-03-23T03:59:39.866+0800: 126455.287: [GC (Allocation Failure) 2024-03-23T03:59:39.866+0800: 126455.287: [ParNew: 21289155K->1644906K(22937600K), 0.2323404 secs] 48715567K->29147987K(130940928K), 0.2327980 secs] [Times: user=2.97 sys=0.36, real=0.24 secs] 
2024-03-23T03:59:48.940+0800: 126464.361: [GC (Allocation Failure) 2024-03-23T03:59:48.940+0800: 126464.361: [ParNew: 21305706K->1644887K(22937600K), 0.4126531 secs] 48808787K->29217433K(130940928K), 0.4130935 secs] [Times: user=3.18 sys=3.42, real=0.41 secs] 
2024-03-23T03:59:58.428+0800: 126473.849: [GC (Allocation Failure) 2024-03-23T03:59:58.428+0800: 126473.849: [ParNew: 21305687K->1530646K(22937600K), 0.3248809 secs] 48878233K->29180631K(130940928K), 0.3253164 secs] [Times: user=3.74 sys=1.24, real=0.32 secs] 
2024-03-23T04:00:08.413+0800: 126483.834: [GC (Allocation Failure) 2024-03-23T04:00:08.413+0800: 126483.834: [ParNew: 21191446K->1521870K(22937600K), 0.2289357 secs] 48841431K->29251847K(130940928K), 0.2293576 secs] [Times: user=3.15 sys=0.20, real=0.23 secs] 
2024-03-23T04:00:17.809+0800: 126493.230: [GC (Allocation Failure) 2024-03-23T04:00:17.809+0800: 126493.230: [ParNew: 21182670K->1442986K(22937600K), 0.2298938 secs] 48912647K->29253692K(130940928K), 0.2303455 secs] [Times: user=2.86 sys=0.53, real=0.23 secs] 
2024-03-23T04:00:27.591+0800: 126503.012: [GC (Allocation Failure) 2024-03-23T04:00:27.591+0800: 126503.012: [ParNew: 21103786K->1357519K(22937600K), 0.2356575 secs] 48914492K->29237659K(130940928K), 0.2361123 secs] [Times: user=3.10 sys=0.37, real=0.23 secs] 
2024-03-23T04:00:36.677+0800: 126512.098: [GC (Allocation Failure) 2024-03-23T04:00:36.677+0800: 126512.098: [ParNew: 21018319K->1452819K(22937600K), 0.2238444 secs] 48898459K->29402404K(130940928K), 0.2242973 secs] [Times: user=3.21 sys=0.00, real=0.23 secs] 
2024-03-23T04:00:46.173+0800: 126521.594: [GC (Allocation Failure) 2024-03-23T04:00:46.173+0800: 126521.594: [ParNew: 21113619K->1405425K(22937600K), 0.2549948 secs] 49063204K->29424959K(130940928K), 0.2554355 secs] [Times: user=2.98 sys=0.68, real=0.26 secs] 
2024-03-23T04:00:55.671+0800: 126531.092: [GC (Allocation Failure) 2024-03-23T04:00:55.671+0800: 126531.092: [ParNew: 21066225K->1238725K(22937600K), 0.2639858 secs] 49085759K->29322641K(130940928K), 0.2644308 secs] [Times: user=2.91 sys=1.01, real=0.26 secs] 
2024-03-23T04:01:04.633+0800: 126540.054: [GC (Allocation Failure) 2024-03-23T04:01:04.634+0800: 126540.054: [ParNew: 20899525K->1274174K(22937600K), 0.2377228 secs] 48983441K->29433504K(130940928K), 0.2381599 secs] [Times: user=3.15 sys=0.28, real=0.24 secs] 
2024-03-23T04:01:14.082+0800: 126549.503: [GC (Allocation Failure) 2024-03-23T04:01:14.082+0800: 126549.503: [ParNew: 20934974K->1375246K(22937600K), 0.2266324 secs] 49094304K->29607379K(130940928K), 0.2270673 secs] [Times: user=2.57 sys=0.56, real=0.23 secs] 
2024-03-23T04:01:23.990+0800: 126559.411: [GC (Allocation Failure) 2024-03-23T04:01:23.990+0800: 126559.411: [ParNew: 21036046K->1307844K(22937600K), 0.2306106 secs] 49268179K->29614812K(130940928K), 0.2309189 secs] [Times: user=2.60 sys=0.58, real=0.23 secs] 
2024-03-23T04:01:33.546+0800: 126568.966: [GC (Allocation Failure) 2024-03-23T04:01:33.546+0800: 126568.967: [ParNew: 20968644K->1473642K(22937600K), 0.2144010 secs] 49275612K->29849606K(130940928K), 0.2148488 secs] [Times: user=2.61 sys=0.39, real=0.22 secs] 
2024-03-23T04:01:42.876+0800: 126578.297: [GC (Allocation Failure) 2024-03-23T04:01:42.876+0800: 126578.297: [ParNew: 21134442K->1360186K(22937600K), 0.2885211 secs] 49510406K->29804990K(130940928K), 0.2888907 secs] [Times: user=2.95 sys=1.19, real=0.29 secs] 
2024-03-23T04:01:52.236+0800: 126587.657: [GC (Allocation Failure) 2024-03-23T04:01:52.236+0800: 126587.657: [ParNew: 21020986K->1196551K(22937600K), 0.2726638 secs] 49465790K->29702506K(130940928K), 0.2730563 secs] [Times: user=3.60 sys=0.48, real=0.28 secs] 
2024-03-23T04:02:00.575+0800: 126595.996: [GC (Allocation Failure) 2024-03-23T04:02:00.575+0800: 126595.996: [ParNew: 20857351K->1316701K(22937600K), 0.2129610 secs] 49363306K->29881740K(130940928K), 0.2133479 secs] [Times: user=2.52 sys=0.47, real=0.22 secs] 
2024-03-23T04:02:08.154+0800: 126603.575: [GC (Allocation Failure) 2024-03-23T04:02:08.154+0800: 126603.575: [ParNew: 20977501K->1308406K(22937600K), 0.2042107 secs] 49542540K->29926413K(130940928K), 0.2045927 secs] [Times: user=2.56 sys=0.40, real=0.21 secs] 
2024-03-23T04:02:15.092+0800: 126610.513: [GC (Allocation Failure) 2024-03-23T04:02:15.093+0800: 126610.514: [ParNew: 20969206K->1329809K(22937600K), 0.2014617 secs] 49587213K->30011831K(130940928K), 0.2018519 secs] [Times: user=2.98 sys=0.00, real=0.20 secs] 
2024-03-23T04:02:22.234+0800: 126617.655: [GC (Allocation Failure) 2024-03-23T04:02:22.234+0800: 126617.655: [ParNew: 20990609K->1411439K(22937600K), 0.2003101 secs] 49672631K->30150371K(130940928K), 0.2007072 secs] [Times: user=2.53 sys=0.37, real=0.20 secs] 
2024-03-23T04:02:29.369+0800: 126624.789: [GC (Allocation Failure) 2024-03-23T04:02:29.369+0800: 126624.790: [ParNew: 21072239K->1310249K(22937600K), 0.1974712 secs] 49811171K->30106448K(130940928K), 0.1979465 secs] [Times: user=2.87 sys=0.00, real=0.19 secs] 
2024-03-23T04:02:37.870+0800: 126633.291: [GC (Allocation Failure) 2024-03-23T04:02:37.871+0800: 126633.291: [ParNew: 20971049K->1365207K(22937600K), 0.2198432 secs] 49767248K->30222915K(130940928K), 0.2203263 secs] [Times: user=2.90 sys=0.24, real=0.22 secs] 
2024-03-23T04:02:45.797+0800: 126641.217: [GC (Allocation Failure) 2024-03-23T04:02:45.797+0800: 126641.218: [ParNew: 21026007K->1337541K(22937600K), 0.2844503 secs] 49883715K->30261546K(130940928K), 0.2848764 secs] [Times: user=3.00 sys=1.02, real=0.29 secs] 
2024-03-23T04:02:54.909+0800: 126650.329: [GC (Allocation Failure) 2024-03-23T04:02:54.909+0800: 126650.330: [ParNew: 20998341K->1541924K(22937600K), 0.2479999 secs] 49922346K->30528464K(130940928K), 0.2483715 secs] [Times: user=2.89 sys=0.59, real=0.24 secs] 
2024-03-23T04:03:03.688+0800: 126659.109: [GC (Allocation Failure) 2024-03-23T04:03:03.688+0800: 126659.109: [ParNew: 21202724K->1355564K(22937600K), 0.2385296 secs] 50189264K->30407049K(130940928K), 0.2390182 secs] [Times: user=2.61 sys=0.39, real=0.23 secs] 
2024-03-23T04:03:13.432+0800: 126668.853: [GC (Allocation Failure) 2024-03-23T04:03:13.433+0800: 126668.854: [ParNew: 21016364K->1338008K(22937600K), 0.2352521 secs] 50067849K->30441560K(130940928K), 0.2357062 secs] [Times: user=2.92 sys=0.49, real=0.24 secs] 
2024-03-23T04:03:22.052+0800: 126677.473: [GC (Allocation Failure) 2024-03-23T04:03:22.052+0800: 126677.473: [ParNew: 20998808K->1405301K(22937600K), 0.2167127 secs] 50102360K->30565050K(130940928K), 0.2171751 secs] [Times: user=2.92 sys=0.03, real=0.22 secs] 
2024-03-23T04:03:32.266+0800: 126687.687: [GC (Allocation Failure) 2024-03-23T04:03:32.266+0800: 126687.687: [ParNew: 21066101K->1334626K(22937600K), 0.2009666 secs] 50225850K->30545457K(130940928K), 0.2014420 secs] [Times: user=2.53 sys=0.27, real=0.20 secs] 
2024-03-23T04:03:42.081+0800: 126697.502: [GC (Allocation Failure) 2024-03-23T04:03:42.081+0800: 126697.502: [ParNew: 20995426K->1351413K(22937600K), 0.2601604 secs] 50206257K->30622951K(130940928K), 0.2605455 secs] [Times: user=2.52 sys=1.30, real=0.26 secs] 
2024-03-23T04:03:52.443+0800: 126707.864: [GC (Allocation Failure) 2024-03-23T04:03:52.443+0800: 126707.864: [ParNew: 21012213K->1527034K(22937600K), 0.2504022 secs] 50283751K->30851253K(130940928K), 0.2508552 secs] [Times: user=3.14 sys=0.52, real=0.25 secs] 
2024-03-23T04:04:04.088+0800: 126719.509: [GC (Allocation Failure) 2024-03-23T04:04:04.088+0800: 126719.509: [ParNew: 21187834K->1272551K(22937600K), 0.2113472 secs] 50512053K->30644805K(130940928K), 0.2117922 secs] [Times: user=2.52 sys=0.45, real=0.21 secs] 
2024-03-23T04:04:14.521+0800: 126729.942: [GC (Allocation Failure) 2024-03-23T04:04:14.521+0800: 126729.942: [ParNew: 20933351K->1426776K(22937600K), 0.2092588 secs] 50305605K->30846466K(130940928K), 0.2096901 secs] [Times: user=2.88 sys=0.05, real=0.21 secs] 
2024-03-23T04:04:22.950+0800: 126738.370: [GC (Allocation Failure) 2024-03-23T04:04:22.950+0800: 126738.371: [ParNew: 21087576K->1351601K(22937600K), 0.2113745 secs] 50507266K->30835649K(130940928K), 0.2117898 secs] [Times: user=2.55 sys=0.39, real=0.21 secs] 
2024-03-23T04:04:32.323+0800: 126747.744: [GC (Allocation Failure) 2024-03-23T04:04:32.323+0800: 126747.744: [ParNew: 21012401K->1222859K(22937600K), 0.2090058 secs] 50496449K->30773712K(130940928K), 0.2094409 secs] [Times: user=2.55 sys=0.36, real=0.21 secs] 
2024-03-23T04:04:39.991+0800: 126755.412: [GC (Allocation Failure) 2024-03-23T04:04:39.991+0800: 126755.412: [ParNew: 20883659K->1267655K(22937600K), 0.1914025 secs] 50434512K->30871496K(130940928K), 0.1918364 secs] [Times: user=2.49 sys=0.13, real=0.19 secs] 
2024-03-23T04:04:49.619+0800: 126765.040: [GC (Allocation Failure) 2024-03-23T04:04:49.620+0800: 126765.040: [ParNew: 20928455K->1295041K(22937600K), 0.2606891 secs] 50532296K->30953206K(130940928K), 0.2611942 secs] [Times: user=2.55 sys=1.23, real=0.26 secs] 
2024-03-23T04:04:59.370+0800: 126774.791: [GC (Allocation Failure) 2024-03-23T04:04:59.371+0800: 126774.792: [ParNew: 20955841K->1356670K(22937600K), 0.2771804 secs] 50614006K->31081446K(130940928K), 0.2776184 secs] [Times: user=3.26 sys=0.74, real=0.28 secs] 
2024-03-23T04:05:07.363+0800: 126782.784: [GC (Allocation Failure) 2024-03-23T04:05:07.363+0800: 126782.784: [ParNew: 21017470K->1214844K(22937600K), 0.2116062 secs] 50742246K->31009986K(130940928K), 0.2119915 secs] [Times: user=2.90 sys=0.02, real=0.21 secs] 
2024-03-23T04:05:16.847+0800: 126792.268: [GC (Allocation Failure) 2024-03-23T04:05:16.847+0800: 126792.268: [ParNew: 20875644K->1179710K(22937600K), 0.2099315 secs] 50670786K->31045657K(130940928K), 0.2103545 secs] [Times: user=2.50 sys=0.44, real=0.21 secs] 
2024-03-23T04:05:25.927+0800: 126801.347: [GC (Allocation Failure) 2024-03-23T04:05:25.927+0800: 126801.348: [ParNew: 20840510K->1267824K(22937600K), 0.2104452 secs] 50706457K->31194647K(130940928K), 0.2108517 secs] [Times: user=2.54 sys=0.46, real=0.22 secs] 
2024-03-23T04:05:34.398+0800: 126809.819: [GC (Allocation Failure) 2024-03-23T04:05:34.398+0800: 126809.819: [ParNew: 20928624K->1347386K(22937600K), 0.1958275 secs] 50855447K->31323991K(130940928K), 0.1962464 secs] [Times: user=2.50 sys=0.28, real=0.19 secs] 
2024-03-23T04:05:43.658+0800: 126819.079: [GC (Allocation Failure) 2024-03-23T04:05:43.658+0800: 126819.079: [ParNew: 21008186K->1374696K(22937600K), 0.2680105 secs] 50984791K->31402893K(130940928K), 0.2684361 secs] [Times: user=2.62 sys=1.48, real=0.26 secs] 
2024-03-23T04:05:52.614+0800: 126828.035: [GC (Allocation Failure) 2024-03-23T04:05:52.614+0800: 126828.035: [ParNew: 21035496K->1461506K(22937600K), 0.2216002 secs] 51063693K->31544146K(130940928K), 0.2219999 secs] [Times: user=2.49 sys=0.78, real=0.22 secs] 
2024-03-23T04:06:02.040+0800: 126837.461: [GC (Allocation Failure) 2024-03-23T04:06:02.040+0800: 126837.461: [ParNew: 21122306K->1445589K(22937600K), 0.2313064 secs] 51204946K->31577135K(130940928K), 0.2317099 secs] [Times: user=2.85 sys=0.56, real=0.23 secs] 
2024-03-23T04:06:11.513+0800: 126846.934: [GC (Allocation Failure) 2024-03-23T04:06:11.514+0800: 126846.935: [ParNew: 21106389K->1381871K(22937600K), 0.2143130 secs] 51237935K->31562328K(130940928K), 0.2147186 secs] [Times: user=2.95 sys=0.17, real=0.22 secs] 
2024-03-23T04:06:21.166+0800: 126856.587: [GC (Allocation Failure) 2024-03-23T04:06:21.166+0800: 126856.587: [ParNew: 21042671K->1350170K(22937600K), 0.2143465 secs] 51223128K->31589153K(130940928K), 0.2147356 secs] [Times: user=2.93 sys=0.17, real=0.22 secs] 
2024-03-23T04:06:30.977+0800: 126866.398: [GC (Allocation Failure) 2024-03-23T04:06:30.977+0800: 126866.398: [ParNew: 21010970K->1312127K(22937600K), 0.2097589 secs] 51249953K->31612476K(130940928K), 0.2101496 secs] [Times: user=2.54 sys=0.45, real=0.21 secs] 
2024-03-23T04:06:40.671+0800: 126876.091: [GC (Allocation Failure) 2024-03-23T04:06:40.671+0800: 126876.092: [ParNew: 20972927K->1393241K(22937600K), 0.3694306 secs] 51273276K->31746099K(130940928K), 0.3698234 secs] [Times: user=2.95 sys=2.90, real=0.37 secs] 
2024-03-23T04:06:50.583+0800: 126886.003: [GC (Allocation Failure) 2024-03-23T04:06:50.583+0800: 126886.004: [ParNew: 21054041K->1511887K(22937600K), 0.2400380 secs] 51406899K->31915597K(130940928K), 0.2404064 secs] [Times: user=2.95 sys=0.61, real=0.24 secs] 
2024-03-23T04:07:01.380+0800: 126896.801: [GC (Allocation Failure) 2024-03-23T04:07:01.380+0800: 126896.801: [ParNew: 21172687K->1316359K(22937600K), 0.2142634 secs] 51576397K->31772276K(130940928K), 0.2146301 secs] [Times: user=3.00 sys=0.13, real=0.21 secs] 
2024-03-23T04:07:11.859+0800: 126907.280: [GC (Allocation Failure) 2024-03-23T04:07:11.859+0800: 126907.280: [ParNew: 20977159K->1390137K(22937600K), 0.2217351 secs] 51433076K->31898494K(130940928K), 0.2221340 secs] [Times: user=2.99 sys=0.25, real=0.22 secs] 
2024-03-23T04:07:22.052+0800: 126917.473: [GC (Allocation Failure) 2024-03-23T04:07:22.052+0800: 126917.473: [ParNew: 21050937K->1427440K(22937600K), 0.2155629 secs] 51559294K->31995859K(130940928K), 0.2159712 secs] [Times: user=3.01 sys=0.13, real=0.22 secs] 
2024-03-23T04:07:32.535+0800: 126927.956: [GC (Allocation Failure) 2024-03-23T04:07:32.536+0800: 126927.957: [ParNew: 21088240K->1484327K(22937600K), 0.2044832 secs] 51656659K->32103562K(130940928K), 0.2048987 secs] [Times: user=2.60 sys=0.35, real=0.21 secs] 
2024-03-23T04:07:43.284+0800: 126938.705: [GC (Allocation Failure) 2024-03-23T04:07:43.284+0800: 126938.705: [ParNew: 21145127K->1338301K(22937600K), 0.2669554 secs] 51764362K->32011477K(130940928K), 0.2673965 secs] [Times: user=2.99 sys=1.01, real=0.27 secs] 
2024-03-23T04:07:54.203+0800: 126949.624: [GC (Allocation Failure) 2024-03-23T04:07:54.204+0800: 126949.624: [ParNew: 20999101K->1295893K(22937600K), 0.2551735 secs] 51672277K->32039230K(130940928K), 0.2555857 secs] [Times: user=3.13 sys=0.68, real=0.26 secs] 
2024-03-23T04:08:04.135+0800: 126959.556: [GC (Allocation Failure) 2024-03-23T04:08:04.136+0800: 126959.556: [ParNew: 20956693K->1480909K(22937600K), 0.2177958 secs] 51700030K->32294327K(130940928K), 0.2182052 secs] [Times: user=2.97 sys=0.13, real=0.22 secs] 
2024-03-23T04:08:14.338+0800: 126969.759: [GC (Allocation Failure) 2024-03-23T04:08:14.338+0800: 126969.759: [ParNew: 21141709K->1424921K(22937600K), 0.2135309 secs] 51955127K->32307837K(130940928K), 0.2139297 secs] [Times: user=2.58 sys=0.52, real=0.21 secs] 
2024-03-23T04:08:24.099+0800: 126979.520: [GC (Allocation Failure) 2024-03-23T04:08:24.099+0800: 126979.520: [ParNew: 21085721K->1312193K(22937600K), 0.2201660 secs] 51968637K->32264551K(130940928K), 0.2206376 secs] [Times: user=3.04 sys=0.13, real=0.22 secs] 
2024-03-23T04:08:34.012+0800: 126989.432: [GC (Allocation Failure) 2024-03-23T04:08:34.012+0800: 126989.433: [ParNew: 20972993K->1328049K(22937600K), 0.2341244 secs] 51925351K->32343973K(130940928K), 0.2345690 secs] [Times: user=2.98 sys=0.37, real=0.23 secs] 
2024-03-23T04:08:43.596+0800: 126999.017: [GC (Allocation Failure) 2024-03-23T04:08:43.596+0800: 126999.017: [ParNew: 20988849K->1390221K(22937600K), 0.2589348 secs] 52004773K->32465783K(130940928K), 0.2593763 secs] [Times: user=3.00 sys=0.86, real=0.26 secs] 
2024-03-23T04:08:53.197+0800: 127008.618: [GC (Allocation Failure) 2024-03-23T04:08:53.197+0800: 127008.618: [ParNew: 21051021K->1248012K(22937600K), 0.2752581 secs] 52126583K->32380155K(130940928K), 0.2756693 secs] [Times: user=3.53 sys=0.65, real=0.28 secs] 
2024-03-23T04:09:02.333+0800: 127017.754: [GC (Allocation Failure) 2024-03-23T04:09:02.333+0800: 127017.754: [ParNew: 20908812K->1444496K(22937600K), 0.2089995 secs] 52040955K->32635545K(130940928K), 0.2094427 secs] [Times: user=2.91 sys=0.09, real=0.21 secs] 
2024-03-23T04:09:10.676+0800: 127026.097: [GC (Allocation Failure) 2024-03-23T04:09:10.680+0800: 127026.101: [ParNew: 21105296K->1339169K(22937600K), 0.2023477 secs] 52296345K->32586754K(130940928K), 0.2063101 secs] [Times: user=2.89 sys=0.00, real=0.21 secs] 
2024-03-23T04:09:19.862+0800: 127035.283: [GC (Allocation Failure) 2024-03-23T04:09:19.863+0800: 127035.283: [ParNew: 20999969K->1299360K(22937600K), 0.2041298 secs] 52247554K->32603887K(130940928K), 0.2045828 secs] [Times: user=2.90 sys=0.00, real=0.20 secs] 
2024-03-23T04:09:29.181+0800: 127044.601: [GC (Allocation Failure) 2024-03-23T04:09:29.181+0800: 127044.602: [ParNew: 20960160K->1385007K(22937600K), 0.2069986 secs] 52264687K->32744163K(130940928K), 0.2074235 secs] [Times: user=2.92 sys=0.02, real=0.21 secs] 
2024-03-23T04:09:37.332+0800: 127052.753: [GC (Allocation Failure) 2024-03-23T04:09:37.332+0800: 127052.753: [ParNew: 21045807K->1349581K(22937600K), 0.2079313 secs] 52404963K->32767783K(130940928K), 0.2083524 secs] [Times: user=2.73 sys=0.17, real=0.21 secs] 
2024-03-23T04:09:45.740+0800: 127061.161: [GC (Allocation Failure) 2024-03-23T04:09:45.740+0800: 127061.161: [ParNew: 21010381K->1318105K(22937600K), 0.2978296 secs] 52428583K->32791835K(130940928K), 0.2982745 secs] [Times: user=3.26 sys=1.18, real=0.30 secs] 
2024-03-23T04:09:53.663+0800: 127069.083: [GC (Allocation Failure) 2024-03-23T04:09:53.663+0800: 127069.084: [ParNew: 20978905K->1511327K(22937600K), 0.2400477 secs] 52452635K->33048950K(130940928K), 0.2404584 secs] [Times: user=2.95 sys=0.53, real=0.24 secs] 
2024-03-23T04:10:01.888+0800: 127077.309: [GC (Allocation Failure) 2024-03-23T04:10:01.888+0800: 127077.309: [ParNew: 21172127K->1410671K(22937600K), 0.2198611 secs] 52709750K->33001452K(130940928K), 0.2201901 secs] [Times: user=2.56 sys=0.40, real=0.22 secs] 
2024-03-23T04:10:10.902+0800: 127086.323: [GC (Allocation Failure) 2024-03-23T04:10:10.902+0800: 127086.323: [ParNew: 21071471K->1550654K(22937600K), 0.2716858 secs] 52662252K->33204409K(130940928K), 0.2720871 secs] [Times: user=3.29 sys=0.57, real=0.27 secs] 
2024-03-23T04:10:21.195+0800: 127096.616: [GC (Allocation Failure) 2024-03-23T04:10:21.195+0800: 127096.616: [ParNew: 21211454K->1346727K(22937600K), 0.2192297 secs] 52865209K->33063311K(130940928K), 0.2195952 secs] [Times: user=2.57 sys=0.43, real=0.22 secs] 
2024-03-23T04:10:29.816+0800: 127105.237: [GC (Allocation Failure) 2024-03-23T04:10:29.817+0800: 127105.237: [ParNew: 21007527K->1356028K(22937600K), 0.2267463 secs] 52724111K->33126665K(130940928K), 0.2271946 secs] [Times: user=2.69 sys=0.34, real=0.23 secs] 
2024-03-23T04:10:39.100+0800: 127114.521: [GC (Allocation Failure) 2024-03-23T04:10:39.101+0800: 127114.521: [ParNew: 21016828K->1344325K(22937600K), 0.2751981 secs] 52787465K->33174623K(130940928K), 0.2756249 secs] [Times: user=2.61 sys=1.28, real=0.27 secs] 
2024-03-23T04:10:49.683+0800: 127125.104: [GC (Allocation Failure) 2024-03-23T04:10:49.683+0800: 127125.104: [ParNew: 21005125K->1138401K(22937600K), 0.2753814 secs] 52835423K->33035300K(130940928K), 0.2758514 secs] [Times: user=3.27 sys=0.58, real=0.28 secs] 
2024-03-23T04:10:58.553+0800: 127133.974: [GC (Allocation Failure) 2024-03-23T04:10:58.554+0800: 127133.975: [ParNew: 20799201K->1421702K(22937600K), 0.2213533 secs] 52696100K->33382967K(130940928K), 0.2218013 secs] [Times: user=2.61 sys=0.46, real=0.22 secs] 
2024-03-23T04:11:07.999+0800: 127143.420: [GC (Allocation Failure) 2024-03-23T04:11:07.999+0800: 127143.420: [ParNew: 21082502K->1318230K(22937600K), 0.2542640 secs] 53043767K->33343634K(130940928K), 0.2546973 secs] [Times: user=3.47 sys=0.31, real=0.25 secs] 
2024-03-23T04:11:17.451+0800: 127152.872: [GC (Allocation Failure) 2024-03-23T04:11:17.451+0800: 127152.872: [ParNew: 20979030K->1256730K(22937600K), 0.2184898 secs] 53004434K->33333945K(130940928K), 0.2189164 secs] [Times: user=3.00 sys=0.15, real=0.22 secs] 
2024-03-23T04:11:27.117+0800: 127162.538: [GC (Allocation Failure) 2024-03-23T04:11:27.117+0800: 127162.538: [ParNew: 20917530K->1220483K(22937600K), 0.2106223 secs] 52994745K->33353457K(130940928K), 0.2110763 secs] [Times: user=2.56 sys=0.46, real=0.22 secs] 
2024-03-23T04:11:37.700+0800: 127173.121: [GC (Allocation Failure) 2024-03-23T04:11:37.700+0800: 127173.121: [ParNew: 20881283K->1250816K(22937600K), 0.3347100 secs] 53014257K->33444999K(130940928K), 0.3351613 secs] [Times: user=2.62 sys=2.62, real=0.33 secs] 
2024-03-23T04:11:48.474+0800: 127183.895: [GC (Allocation Failure) 2024-03-23T04:11:48.474+0800: 127183.895: [ParNew: 20911616K->977883K(22937600K), 0.2522486 secs] 53105799K->33236179K(130940928K), 0.2527012 secs] [Times: user=3.38 sys=0.44, real=0.25 secs] 
2024-03-23T04:11:59.463+0800: 127194.884: [GC (Allocation Failure) 2024-03-23T04:11:59.464+0800: 127194.884: [ParNew: 20638683K->1002097K(22937600K), 0.1985864 secs] 52896979K->33317413K(130940928K), 0.1989907 secs] [Times: user=2.73 sys=0.07, real=0.20 secs] 
2024-03-23T04:12:10.245+0800: 127205.666: [GC (Allocation Failure) 2024-03-23T04:12:10.245+0800: 127205.666: [ParNew: 20662897K->1011466K(22937600K), 0.1928472 secs] 52978213K->33379480K(130940928K), 0.1932429 secs] [Times: user=2.21 sys=0.56, real=0.20 secs] 
2024-03-23T04:12:21.127+0800: 127216.547: [GC (Allocation Failure) 2024-03-23T04:12:21.127+0800: 127216.548: [ParNew: 20672266K->861891K(22937600K), 0.1971122 secs] 53040280K->33282804K(130940928K), 0.1975266 secs] [Times: user=2.42 sys=0.62, real=0.20 secs] 
2024-03-23T04:12:31.724+0800: 127227.145: [GC (Allocation Failure) 2024-03-23T04:12:31.725+0800: 127227.145: [ParNew: 20522691K->865762K(22937600K), 0.1790276 secs] 52943604K->33339376K(130940928K), 0.1794958 secs] [Times: user=2.69 sys=0.00, real=0.18 secs] 
2024-03-23T04:12:42.199+0800: 127237.619: [GC (Allocation Failure) 2024-03-23T04:12:42.199+0800: 127237.620: [ParNew: 20526562K->904101K(22937600K), 0.2578320 secs] 53000176K->33436032K(130940928K), 0.2583131 secs] [Times: user=2.75 sys=1.35, real=0.25 secs] 
2024-03-23T04:12:52.699+0800: 127248.119: [GC (Allocation Failure) 2024-03-23T04:12:52.699+0800: 127248.120: [ParNew: 20564901K->767359K(22937600K), 0.1949268 secs] 53096832K->33355003K(130940928K), 0.1953353 secs] [Times: user=2.64 sys=0.34, real=0.19 secs] 
2024-03-23T04:13:03.983+0800: 127259.404: [GC (Allocation Failure) 2024-03-23T04:13:03.983+0800: 127259.404: [ParNew: 20428159K->810744K(22937600K), 0.2013235 secs] 53015803K->33455678K(130940928K), 0.2017568 secs] [Times: user=2.21 sys=0.69, real=0.20 secs] 
2024-03-23T04:13:15.097+0800: 127270.518: [GC (Allocation Failure) 2024-03-23T04:13:15.097+0800: 127270.518: [ParNew: 20471544K->757421K(22937600K), 0.1889920 secs] 53116478K->33456442K(130940928K), 0.1894205 secs] [Times: user=2.07 sys=0.63, real=0.19 secs] 
2024-03-23T04:13:26.934+0800: 127282.355: [GC (Allocation Failure) 2024-03-23T04:13:26.935+0800: 127282.355: [ParNew: 20418221K->707828K(22937600K), 0.1886919 secs] 53117242K->33458894K(130940928K), 0.1890881 secs] [Times: user=2.13 sys=0.52, real=0.19 secs] 
2024-03-23T04:13:39.230+0800: 127294.651: [GC (Allocation Failure) 2024-03-23T04:13:39.230+0800: 127294.651: [ParNew: 20368624K->689860K(22937600K), 0.2599754 secs] 53119690K->33490912K(130940928K), 0.2603787 secs] [Times: user=2.51 sys=1.44, real=0.26 secs] 
2024-03-23T04:13:50.823+0800: 127306.244: [GC (Allocation Failure) 2024-03-23T04:13:50.824+0800: 127306.245: [ParNew: 20350660K->662841K(22937600K), 0.1797084 secs] 53151712K->33507591K(130940928K), 0.1801514 secs] [Times: user=2.37 sys=0.17, real=0.18 secs] 
2024-03-23T04:14:02.204+0800: 127317.625: [GC (Allocation Failure) 2024-03-23T04:14:02.207+0800: 127317.627: [ParNew: 20323641K->690839K(22937600K), 0.1901864 secs] 53168391K->33575598K(130940928K), 0.1926683 secs] [Times: user=2.10 sys=0.61, real=0.19 secs] 
2024-03-23T04:14:14.370+0800: 127329.790: [GC (Allocation Failure) 2024-03-23T04:14:14.370+0800: 127329.791: [ParNew: 20351639K->699103K(22937600K), 0.1913015 secs] 53236398K->33619003K(130940928K), 0.1917328 secs] [Times: user=2.16 sys=0.60, real=0.19 secs] 
2024-03-23T04:14:22.758+0800: 127338.179: [GC (Allocation Failure) 2024-03-23T04:14:22.758+0800: 127338.179: [ParNew: 20359903K->754111K(22937600K), 0.1865469 secs] 53279803K->33701777K(130940928K), 0.1869931 secs] [Times: user=2.53 sys=0.12, real=0.18 secs] 
2024-03-23T04:14:31.247+0800: 127346.667: [GC (Allocation Failure) 2024-03-23T04:14:31.247+0800: 127346.668: [ParNew: 20414911K->688391K(22937600K), 0.1577551 secs] 53362577K->33654958K(130940928K), 0.1581741 secs] [Times: user=2.11 sys=0.12, real=0.16 secs] 
2024-03-23T04:14:43.765+0800: 127359.186: [GC (Allocation Failure) 2024-03-23T04:14:43.765+0800: 127359.186: [ParNew: 20349191K->866207K(22937600K), 0.2974238 secs] 53315758K->33854118K(130940928K), 0.2979843 secs] [Times: user=2.81 sys=1.62, real=0.30 secs] 
2024-03-23T04:14:55.656+0800: 127371.077: [GC (Allocation Failure) 2024-03-23T04:14:55.656+0800: 127371.077: [ParNew: 20527007K->1012673K(22937600K), 0.2072425 secs] 53514918K->34020793K(130940928K), 0.2076090 secs] [Times: user=2.06 sys=0.77, real=0.21 secs] 
2024-03-23T04:15:10.658+0800: 127386.079: [GC (Allocation Failure) 2024-03-23T04:15:10.659+0800: 127386.079: [ParNew: 20673473K->895273K(22937600K), 0.2129957 secs] 53681593K->33920666K(130940928K), 0.2133825 secs] [Times: user=2.20 sys=0.75, real=0.21 secs] 
2024-03-23T04:15:22.886+0800: 127398.307: [GC (Allocation Failure) 2024-03-23T04:15:22.886+0800: 127398.307: [ParNew: 20556073K->1048436K(22937600K), 0.2090383 secs] 53581466K->34093436K(130940928K), 0.2094199 secs] [Times: user=2.61 sys=0.27, real=0.21 secs] 
2024-03-23T04:15:33.480+0800: 127408.901: [GC (Allocation Failure) 2024-03-23T04:15:33.480+0800: 127408.901: [ParNew: 20709236K->1108345K(22937600K), 0.2016821 secs] 53754236K->34181935K(130940928K), 0.2020443 secs] [Times: user=2.40 sys=0.27, real=0.20 secs] 
2024-03-23T04:15:43.018+0800: 127418.439: [GC (Allocation Failure) 2024-03-23T04:15:43.018+0800: 127418.439: [ParNew: 20769145K->1061286K(22937600K), 0.2669939 secs] 53842735K->34167704K(130940928K), 0.2674135 secs] [Times: user=2.65 sys=1.09, real=0.26 secs] 
2024-03-23T04:15:52.813+0800: 127428.234: [GC (Allocation Failure) 2024-03-23T04:15:52.814+0800: 127428.235: [ParNew: 20722086K->1211940K(22937600K), 0.2417707 secs] 53828504K->34347860K(130940928K), 0.2421454 secs] [Times: user=3.01 sys=0.40, real=0.24 secs] 
2024-03-23T04:16:03.841+0800: 127439.262: [GC (Allocation Failure) 2024-03-23T04:16:03.841+0800: 127439.262: [ParNew: 20872740K->1107950K(22937600K), 0.2244586 secs] 54008660K->34279681K(130940928K), 0.2249306 secs] [Times: user=2.41 sys=0.58, real=0.22 secs] 
2024-03-23T04:16:14.093+0800: 127449.514: [GC (Allocation Failure) 2024-03-23T04:16:14.093+0800: 127449.514: [ParNew: 20768750K->1152568K(22937600K), 0.2020274 secs] 53940481K->34359908K(130940928K), 0.2024815 secs] [Times: user=2.41 sys=0.48, real=0.20 secs] 
2024-03-23T04:16:23.140+0800: 127458.561: [GC (Allocation Failure) 2024-03-23T04:16:23.141+0800: 127458.561: [ParNew: 20813368K->1252343K(22937600K), 0.2062544 secs] 54020708K->34500754K(130940928K), 0.2067442 secs] [Times: user=2.46 sys=0.42, real=0.20 secs] 
2024-03-23T04:16:32.149+0800: 127467.570: [GC (Allocation Failure) 2024-03-23T04:16:32.149+0800: 127467.570: [ParNew: 20913143K->1150129K(22937600K), 0.2256721 secs] 54161554K->34436817K(130940928K), 0.2261317 secs] [Times: user=2.84 sys=0.46, real=0.22 secs] 
2024-03-23T04:16:40.417+0800: 127475.837: [GC (Allocation Failure) 2024-03-23T04:16:40.417+0800: 127475.838: [ParNew: 20810929K->1283865K(22937600K), 0.3421240 secs] 54097617K->34611249K(130940928K), 0.3425250 secs] [Times: user=2.73 sys=2.40, real=0.35 secs] 
2024-03-23T04:16:49.498+0800: 127484.919: [GC (Allocation Failure) 2024-03-23T04:16:49.498+0800: 127484.919: [ParNew: 20944665K->1406580K(22937600K), 0.2120308 secs] 54272049K->34774293K(130940928K), 0.2124612 secs] [Times: user=2.43 sys=0.40, real=0.21 secs] 
2024-03-23T04:16:56.869+0800: 127492.290: [GC (Allocation Failure) 2024-03-23T04:16:56.869+0800: 127492.290: [ParNew: 21067380K->1334607K(22937600K), 0.2167423 secs] 54435093K->34740657K(130940928K), 0.2171714 secs] [Times: user=2.40 sys=0.69, real=0.21 secs] 
2024-03-23T04:17:04.435+0800: 127499.856: [GC (Allocation Failure) 2024-03-23T04:17:04.435+0800: 127499.856: [ParNew: 20995407K->1177127K(22937600K), 0.2031701 secs] 54401457K->34614273K(130940928K), 0.2036228 secs] [Times: user=2.90 sys=0.13, real=0.21 secs] 
2024-03-23T04:17:11.594+0800: 127507.015: [GC (Allocation Failure) 2024-03-23T04:17:11.594+0800: 127507.015: [ParNew: 20837927K->1135901K(22937600K), 0.1979071 secs] 54275073K->34624661K(130940928K), 0.1983345 secs] [Times: user=2.50 sys=0.42, real=0.20 secs] 
2024-03-23T04:17:19.161+0800: 127514.582: [GC (Allocation Failure) 2024-03-23T04:17:19.161+0800: 127514.582: [ParNew: 20796701K->1084713K(22937600K), 0.2092146 secs] 54285461K->34632438K(130940928K), 0.2096597 secs] [Times: user=2.63 sys=0.39, real=0.21 secs] 
2024-03-23T04:17:26.489+0800: 127521.910: [GC (Allocation Failure) 2024-03-23T04:17:26.489+0800: 127521.910: [ParNew: 20745513K->1187692K(22937600K), 0.2065650 secs] 54293238K->34794635K(130940928K), 0.2069865 secs] [Times: user=2.60 sys=0.37, real=0.20 secs] 
2024-03-23T04:17:34.268+0800: 127529.689: [GC (Allocation Failure) 2024-03-23T04:17:34.268+0800: 127529.689: [ParNew: 20848492K->975906K(22937600K), 0.1802307 secs] 54455435K->34647676K(130940928K), 0.1806476 secs] [Times: user=2.42 sys=0.11, real=0.18 secs] 
2024-03-23T04:17:41.976+0800: 127537.397: [GC (Allocation Failure) 2024-03-23T04:17:41.977+0800: 127537.398: [ParNew: 20636706K->1131895K(22937600K), 0.2540904 secs] 54308476K->34864749K(130940928K), 0.2545719 secs] [Times: user=2.71 sys=1.13, real=0.26 secs] 
2024-03-23T04:17:49.669+0800: 127545.090: [GC (Allocation Failure) 2024-03-23T04:17:49.669+0800: 127545.090: [ParNew: 20792695K->1064913K(22937600K), 0.2385011 secs] 54525549K->34858126K(130940928K), 0.2389490 secs] [Times: user=3.23 sys=0.39, real=0.24 secs] 
2024-03-23T04:17:56.544+0800: 127551.965: [GC (Allocation Failure) 2024-03-23T04:17:56.544+0800: 127551.965: [ParNew: 20725713K->869388K(22937600K), 0.1816344 secs] 54518926K->34721694K(130940928K), 0.1820334 secs] [Times: user=2.27 sys=0.28, real=0.18 secs] 
2024-03-23T04:18:03.732+0800: 127559.153: [GC (Allocation Failure) 2024-03-23T04:18:03.732+0800: 127559.153: [ParNew: 20530188K->859250K(22937600K), 0.1847986 secs] 54382494K->34765892K(130940928K), 0.1851986 secs] [Times: user=2.67 sys=0.00, real=0.18 secs] 
2024-03-23T04:18:10.722+0800: 127566.143: [GC (Allocation Failure) 2024-03-23T04:18:10.722+0800: 127566.143: [ParNew: 20520050K->868806K(22937600K), 0.1826478 secs] 54426692K->34829622K(130940928K), 0.1830572 secs] [Times: user=2.66 sys=0.00, real=0.18 secs] 
2024-03-23T04:18:18.002+0800: 127573.423: [GC (Allocation Failure) 2024-03-23T04:18:18.003+0800: 127573.423: [ParNew: 20529606K->846255K(22937600K), 0.1800144 secs] 54490422K->34860402K(130940928K), 0.1804251 secs] [Times: user=2.24 sys=0.33, real=0.18 secs] 
2024-03-23T04:18:25.431+0800: 127580.852: [GC (Allocation Failure) 2024-03-23T04:18:25.432+0800: 127580.852: [ParNew: 20507055K->943930K(22937600K), 0.1754434 secs] 54521202K->35011219K(130940928K), 0.1758490 secs] [Times: user=2.25 sys=0.26, real=0.17 secs] 
2024-03-23T04:18:32.433+0800: 127587.853: [GC (Allocation Failure) 2024-03-23T04:18:32.433+0800: 127587.854: [ParNew: 20604730K->741597K(22937600K), 0.1675779 secs] 54672019K->34858418K(130940928K), 0.1680316 secs] [Times: user=2.28 sys=0.07, real=0.17 secs] 
2024-03-23T04:18:39.285+0800: 127594.706: [GC (Allocation Failure) 2024-03-23T04:18:39.286+0800: 127594.706: [ParNew: 20402397K->865569K(22937600K), 0.2403547 secs] 54519218K->35026674K(130940928K), 0.2408239 secs] [Times: user=2.30 sys=1.36, real=0.24 secs] 
2024-03-23T04:18:46.061+0800: 127601.482: [GC (Allocation Failure) 2024-03-23T04:18:46.061+0800: 127601.482: [ParNew: 20526369K->808331K(22937600K), 0.1866974 secs] 54687474K->35015937K(130940928K), 0.1870882 secs] [Times: user=2.13 sys=0.50, real=0.19 secs] 
2024-03-23T04:18:52.738+0800: 127608.159: [GC (Allocation Failure) 2024-03-23T04:18:52.738+0800: 127608.159: [ParNew: 20469131K->802633K(22937600K), 0.1728153 secs] 54676737K->35045981K(130940928K), 0.1732410 secs] [Times: user=2.20 sys=0.23, real=0.17 secs] 
2024-03-23T04:18:59.776+0800: 127615.197: [GC (Allocation Failure) 2024-03-23T04:18:59.776+0800: 127615.197: [ParNew: 20463433K->738210K(22937600K), 0.1931049 secs] 54706781K->35014077K(130940928K), 0.1934533 secs] [Times: user=2.21 sys=0.49, real=0.20 secs] 
2024-03-23T04:19:06.927+0800: 127622.348: [GC (Allocation Failure) 2024-03-23T04:19:06.927+0800: 127622.348: [ParNew: 20399010K->772053K(22937600K), 0.1776395 secs] 54674877K->35092199K(130940928K), 0.1779703 secs] [Times: user=2.38 sys=0.00, real=0.18 secs] 
2024-03-23T04:19:14.289+0800: 127629.710: [GC (Allocation Failure) 2024-03-23T04:19:14.290+0800: 127629.710: [ParNew: 20432853K->763632K(22937600K), 0.2170605 secs] 54752999K->35124422K(130940928K), 0.2174042 secs] [Times: user=2.55 sys=0.50, real=0.21 secs] 
2024-03-23T04:19:21.714+0800: 127637.134: [GC (Allocation Failure) 2024-03-23T04:19:21.714+0800: 127637.135: [ParNew: 20424432K->762034K(22937600K), 0.1809991 secs] 54785222K->35160727K(130940928K), 0.1813040 secs] [Times: user=2.18 sys=0.28, real=0.18 secs] 
2024-03-23T04:19:30.101+0800: 127645.522: [GC (Allocation Failure) 2024-03-23T04:19:30.101+0800: 127645.522: [ParNew: 20422834K->694039K(22937600K), 0.1570355 secs] 54821527K->35130746K(130940928K), 0.1575168 secs] [Times: user=2.18 sys=0.05, real=0.16 secs] 
2024-03-23T04:19:36.548+0800: 127651.969: [GC (Allocation Failure) 2024-03-23T04:19:36.548+0800: 127651.969: [ParNew: 20354839K->728041K(22937600K), 0.3662395 secs] 54791546K->35202048K(130940928K), 0.3666754 secs] [Times: user=2.57 sys=3.24, real=0.36 secs] 
2024-03-23T04:19:47.022+0800: 127662.443: [GC (Allocation Failure) 2024-03-23T04:19:47.022+0800: 127662.443: [ParNew: 20388841K->978598K(22937600K), 0.2195183 secs] 54862848K->35486229K(130940928K), 0.2199920 secs] [Times: user=2.74 sys=0.43, real=0.22 secs] 
2024-03-23T04:19:55.362+0800: 127670.783: [GC (Allocation Failure) 2024-03-23T04:19:55.362+0800: 127670.783: [ParNew: 20639398K->707909K(22937600K), 0.2157963 secs] 55147029K->35245240K(130940928K), 0.2162641 secs] [Times: user=2.62 sys=0.53, real=0.22 secs] 
2024-03-23T04:20:05.136+0800: 127680.557: [GC (Allocation Failure) 2024-03-23T04:20:05.136+0800: 127680.557: [ParNew: 20368709K->920658K(22937600K), 0.1912605 secs] 54906040K->35488766K(130940928K), 0.1917227 secs] [Times: user=2.18 sys=0.55, real=0.20 secs] 
2024-03-23T04:20:14.045+0800: 127689.466: [GC (Allocation Failure) 2024-03-23T04:20:14.045+0800: 127689.466: [ParNew: 20581458K->867842K(22937600K), 0.1860578 secs] 55149566K->35470716K(130940928K), 0.1865185 secs] [Times: user=2.40 sys=0.44, real=0.19 secs] 
2024-03-23T04:20:22.600+0800: 127698.021: [GC (Allocation Failure) 2024-03-23T04:20:22.601+0800: 127698.021: [ParNew: 20528642K->813219K(22937600K), 0.1843755 secs] 55131516K->35448873K(130940928K), 0.1848348 secs] [Times: user=2.66 sys=0.00, real=0.18 secs] 
2024-03-23T04:20:32.548+0800: 127707.969: [GC (Allocation Failure) 2024-03-23T04:20:32.549+0800: 127707.970: [ParNew: 20474019K->799473K(22937600K), 0.2660519 secs] 55109673K->35466303K(130940928K), 0.2665274 secs] [Times: user=2.11 sys=1.88, real=0.26 secs] 
2024-03-23T04:20:41.430+0800: 127716.850: [GC (Allocation Failure) 2024-03-23T04:20:41.430+0800: 127716.851: [ParNew: 20460273K->878206K(22937600K), 0.2089016 secs] 55127103K->35572793K(130940928K), 0.2093652 secs] [Times: user=2.50 sys=0.56, real=0.21 secs] 
2024-03-23T04:20:50.173+0800: 127725.594: [GC (Allocation Failure) 2024-03-23T04:20:50.173+0800: 127725.594: [ParNew: 20539006K->876827K(22937600K), 0.2230290 secs] 55233593K->35603698K(130940928K), 0.2234721 secs] [Times: user=3.01 sys=0.07, real=0.22 secs] 
2024-03-23T04:20:59.122+0800: 127734.543: [GC (Allocation Failure) 2024-03-23T04:20:59.122+0800: 127734.543: [ParNew: 20537627K->858492K(22937600K), 0.2014643 secs] 55264498K->35612923K(130940928K), 0.2018525 secs] [Times: user=2.62 sys=0.16, real=0.20 secs] 
2024-03-23T04:21:08.277+0800: 127743.698: [GC (Allocation Failure) 2024-03-23T04:21:08.278+0800: 127743.698: [ParNew: 20519292K->877764K(22937600K), 0.1907158 secs] 55273723K->35662513K(130940928K), 0.1910940 secs] [Times: user=2.22 sys=0.37, real=0.20 secs] 
2024-03-23T04:21:17.825+0800: 127753.246: [GC (Allocation Failure) 2024-03-23T04:21:17.825+0800: 127753.246: [ParNew: 20538564K->908767K(22937600K), 0.2019019 secs] 55323313K->35726600K(130940928K), 0.2022906 secs] [Times: user=2.64 sys=0.09, real=0.20 secs] 
2024-03-23T04:21:25.481+0800: 127760.901: [GC (Allocation Failure) 2024-03-23T04:21:25.481+0800: 127760.902: [ParNew: 20569567K->929793K(22937600K), 0.2217975 secs] 55387400K->35779917K(130940928K), 0.2222773 secs] [Times: user=2.91 sys=0.27, real=0.22 secs] 
2024-03-23T04:21:33.521+0800: 127768.942: [GC (Allocation Failure) 2024-03-23T04:21:33.521+0800: 127768.942: [ParNew: 20590593K->961823K(22937600K), 0.2602572 secs] 55440717K->35837738K(130940928K), 0.2607941 secs] [Times: user=2.40 sys=1.38, real=0.26 secs] 
2024-03-23T04:21:44.191+0800: 127779.612: [GC (Allocation Failure) 2024-03-23T04:21:44.192+0800: 127779.612: [ParNew: 20622623K->1001805K(22937600K), 0.2043131 secs] 55498538K->35908662K(130940928K), 0.2047846 secs] [Times: user=2.56 sys=0.19, real=0.20 secs] 
2024-03-23T04:21:52.237+0800: 127787.658: [GC (Allocation Failure) 2024-03-23T04:21:52.237+0800: 127787.658: [ParNew: 20662605K->955369K(22937600K), 0.1962114 secs] 55569462K->35900910K(130940928K), 0.1965644 secs] [Times: user=2.64 sys=0.00, real=0.20 secs] 
2024-03-23T04:22:04.664+0800: 127800.085: [GC (Allocation Failure) 2024-03-23T04:22:04.665+0800: 127800.085: [ParNew: 20616169K->865967K(22937600K), 0.2190501 secs] 55561710K->35862523K(130940928K), 0.2194455 secs] [Times: user=2.72 sys=0.26, real=0.22 secs] 
2024-03-23T04:22:13.046+0800: 127808.467: [GC (Allocation Failure) 2024-03-23T04:22:13.046+0800: 127808.467: [ParNew: 20526767K->939859K(22937600K), 0.1972551 secs] 55523323K->35980256K(130940928K), 0.1977296 secs] [Times: user=2.32 sys=0.36, real=0.20 secs] 
2024-03-23T04:22:22.011+0800: 127817.432: [GC (Allocation Failure) 2024-03-23T04:22:22.011+0800: 127817.432: [ParNew: 20600659K->918902K(22937600K), 0.1997197 secs] 55641056K->36002176K(130940928K), 0.2001724 secs] [Times: user=2.31 sys=0.38, real=0.20 secs] 
2024-03-23T04:22:33.446+0800: 127828.867: [GC (Allocation Failure) 2024-03-23T04:22:33.446+0800: 127828.867: [ParNew: 20579702K->972005K(22937600K), 0.2569139 secs] 55662976K->36093518K(130940928K), 0.2575317 secs] [Times: user=2.56 sys=1.09, real=0.26 secs] 
2024-03-23T04:22:42.922+0800: 127838.343: [GC (Allocation Failure) 2024-03-23T04:22:42.922+0800: 127838.343: [ParNew: 20632805K->861992K(22937600K), 0.2064398 secs] 55754318K->36021075K(130940928K), 0.2068034 secs] [Times: user=2.20 sys=0.55, real=0.21 secs] 
2024-03-23T04:22:52.339+0800: 127847.760: [GC (Allocation Failure) 2024-03-23T04:22:52.339+0800: 127847.760: [ParNew: 20522792K->886503K(22937600K), 0.1896508 secs] 55681875K->36079029K(130940928K), 0.1900162 secs] [Times: user=2.21 sys=0.33, real=0.19 secs] 
2024-03-23T04:23:01.745+0800: 127857.165: [GC (Allocation Failure) 2024-03-23T04:23:01.745+0800: 127857.166: [ParNew: 20547303K->865569K(22937600K), 0.1914701 secs] 55739829K->36098178K(130940928K), 0.1918902 secs] [Times: user=2.26 sys=0.50, real=0.19 secs] 
2024-03-23T04:23:10.788+0800: 127866.209: [GC (Allocation Failure) 2024-03-23T04:23:10.789+0800: 127866.209: [ParNew: 20526369K->872012K(22937600K), 0.1891227 secs] 55758978K->36140681K(130940928K), 0.1895733 secs] [Times: user=2.26 sys=0.39, real=0.19 secs] 
2024-03-23T04:23:20.314+0800: 127875.735: [GC (Allocation Failure) 2024-03-23T04:23:20.314+0800: 127875.735: [ParNew: 20532812K->958988K(22937600K), 0.2151286 secs] 55801481K->36262465K(130940928K), 0.2155671 secs] [Times: user=2.99 sys=0.16, real=0.22 secs] 
2024-03-23T04:23:29.250+0800: 127884.671: [GC (Allocation Failure) 2024-03-23T04:23:29.250+0800: 127884.671: [ParNew: 20619788K->870867K(22937600K), 0.1658194 secs] 55923265K->36210146K(130940928K), 0.1662714 secs] [Times: user=2.20 sys=0.11, real=0.16 secs] 
2024-03-23T04:23:36.812+0800: 127892.233: [GC (Allocation Failure) 2024-03-23T04:23:36.812+0800: 127892.233: [ParNew: 20531667K->930805K(22937600K), 0.2415127 secs] 55870946K->36306510K(130940928K), 0.2419367 secs] [Times: user=2.57 sys=0.97, real=0.24 secs] 
2024-03-23T04:23:45.971+0800: 127901.392: [GC (Allocation Failure) 2024-03-23T04:23:45.972+0800: 127901.392: [ParNew: 20591605K->876326K(22937600K), 0.2059510 secs] 55967310K->36292758K(130940928K), 0.2064097 secs] [Times: user=2.81 sys=0.38, real=0.21 secs] 
2024-03-23T04:23:54.414+0800: 127909.835: [GC (Allocation Failure) 2024-03-23T04:23:54.414+0800: 127909.835: [ParNew: 20537126K->887965K(22937600K), 0.1916910 secs] 55953558K->36347272K(130940928K), 0.1921318 secs] [Times: user=2.25 sys=0.44, real=0.19 secs] 
2024-03-23T04:24:05.195+0800: 127920.616: [GC (Allocation Failure) 2024-03-23T04:24:05.195+0800: 127920.616: [ParNew: 20548765K->837372K(22937600K), 0.1834216 secs] 56008072K->36335160K(130940928K), 0.1838679 secs] [Times: user=2.59 sys=0.05, real=0.19 secs] 
2024-03-23T04:24:13.418+0800: 127928.839: [GC (Allocation Failure) 2024-03-23T04:24:13.419+0800: 127928.840: [ParNew: 20498172K->869153K(22937600K), 0.1893058 secs] 55995960K->36403347K(130940928K), 0.1897591 secs] [Times: user=2.64 sys=0.00, real=0.19 secs] 
2024-03-23T04:24:22.178+0800: 127937.599: [GC (Allocation Failure) 2024-03-23T04:24:22.179+0800: 127937.599: [ParNew: 20529953K->811943K(22937600K), 0.1860988 secs] 56064147K->36382941K(130940928K), 0.1865637 secs] [Times: user=2.68 sys=0.00, real=0.18 secs] 
2024-03-23T04:24:30.911+0800: 127946.331: [GC (Allocation Failure) 2024-03-23T04:24:30.911+0800: 127946.332: [ParNew: 20472743K->816101K(22937600K), 0.2297277 secs] 56043741K->36424057K(130940928K), 0.2301772 secs] [Times: user=2.79 sys=0.71, real=0.23 secs] 
2024-03-23T04:24:38.821+0800: 127954.242: [GC (Allocation Failure) 2024-03-23T04:24:38.821+0800: 127954.242: [ParNew: 20476901K->892074K(22937600K), 0.1802178 secs] 56084857K->36538146K(130940928K), 0.1806840 secs] [Times: user=2.18 sys=0.39, real=0.18 secs] 
2024-03-23T04:24:47.147+0800: 127962.568: [GC (Allocation Failure) 2024-03-23T04:24:47.148+0800: 127962.568: [ParNew: 20552874K->910152K(22937600K), 0.1945409 secs] 56198946K->36592349K(130940928K), 0.1949654 secs] [Times: user=2.11 sys=0.69, real=0.20 secs] 
2024-03-23T04:24:54.999+0800: 127970.419: [GC (Allocation Failure) 2024-03-23T04:24:54.999+0800: 127970.420: [ParNew: 20570952K->895493K(22937600K), 0.1787123 secs] 56253149K->36619519K(130940928K), 0.1791222 secs] [Times: user=2.18 sys=0.36, real=0.18 secs] 
2024-03-23T04:25:03.497+0800: 127978.918: [GC (Allocation Failure) 2024-03-23T04:25:03.497+0800: 127978.918: [ParNew: 20556293K->933390K(22937600K), 0.1866837 secs] 56280319K->36694632K(130940928K), 0.1870739 secs] [Times: user=2.26 sys=0.28, real=0.19 secs] 
2024-03-23T04:25:12.047+0800: 127987.467: [GC (Allocation Failure) 2024-03-23T04:25:12.047+0800: 127987.468: [ParNew: 20594190K->861845K(22937600K), 0.2384620 secs] 56355432K->36656030K(130940928K), 0.2388628 secs] [Times: user=3.44 sys=0.19, real=0.24 secs] 
2024-03-23T04:25:21.250+0800: 127996.671: [GC (Allocation Failure) 2024-03-23T04:25:21.250+0800: 127996.671: [ParNew: 20522645K->791863K(22937600K), 0.1711223 secs] 56316830K->36622475K(130940928K), 0.1716039 secs] [Times: user=2.23 sys=0.26, real=0.17 secs] 
2024-03-23T04:25:31.161+0800: 128006.582: [GC (Allocation Failure) 2024-03-23T04:25:31.161+0800: 128006.582: [ParNew: 20452663K->885646K(22937600K), 0.2638337 secs] 56283275K->36755914K(130940928K), 0.2642435 secs] [Times: user=2.86 sys=1.17, real=0.26 secs] 
2024-03-23T04:25:40.701+0800: 128016.122: [GC (Allocation Failure) 2024-03-23T04:25:40.701+0800: 128016.122: [ParNew: 20546446K->806202K(22937600K), 0.2092531 secs] 56416714K->36714572K(130940928K), 0.2096543 secs] [Times: user=2.84 sys=0.22, real=0.21 secs] 
2024-03-23T04:25:50.083+0800: 128025.504: [GC (Allocation Failure) 2024-03-23T04:25:50.083+0800: 128025.504: [ParNew: 20467002K->847904K(22937600K), 0.1869230 secs] 56375372K->36794689K(130940928K), 0.1873410 secs] [Times: user=2.21 sys=0.46, real=0.19 secs] 
2024-03-23T04:25:58.724+0800: 128034.145: [GC (Allocation Failure) 2024-03-23T04:25:58.725+0800: 128034.145: [ParNew: 20508704K->857090K(22937600K), 0.1923071 secs] 56455489K->36840956K(130940928K), 0.1926852 secs] [Times: user=2.72 sys=0.06, real=0.19 secs] 
2024-03-23T04:26:07.626+0800: 128043.047: [GC (Allocation Failure) 2024-03-23T04:26:07.626+0800: 128043.047: [ParNew: 20517890K->833000K(22937600K), 0.1903737 secs] 56501756K->36857050K(130940928K), 0.1907762 secs] [Times: user=2.31 sys=0.41, real=0.19 secs] 
2024-03-23T04:26:16.646+0800: 128052.067: [GC (Allocation Failure) 2024-03-23T04:26:16.646+0800: 128052.067: [ParNew: 20493800K->845373K(22937600K), 0.1862697 secs] 56517850K->36902394K(130940928K), 0.1866954 secs] [Times: user=2.27 sys=0.34, real=0.19 secs] 
2024-03-23T04:26:26.180+0800: 128061.601: [GC (Allocation Failure) 2024-03-23T04:26:26.181+0800: 128061.601: [ParNew: 20506173K->1004645K(22937600K), 0.1857447 secs] 56563194K->37100897K(130940928K), 0.1862104 secs] [Times: user=2.46 sys=0.17, real=0.18 secs] 
2024-03-23T04:26:34.671+0800: 128070.092: [GC (Allocation Failure) 2024-03-23T04:26:34.671+0800: 128070.092: [ParNew: 20665445K->922448K(22937600K), 0.2448154 secs] 56761697K->37056305K(130940928K), 0.2452513 secs] [Times: user=2.59 sys=0.88, real=0.24 secs] 
2024-03-23T04:26:45.348+0800: 128080.769: [GC (Allocation Failure) 2024-03-23T04:26:45.349+0800: 128080.770: [ParNew: 20583248K->844037K(22937600K), 0.2278948 secs] 56717105K->37012779K(130940928K), 0.2283300 secs] [Times: user=2.89 sys=0.47, real=0.22 secs] 
2024-03-23T04:26:54.473+0800: 128089.894: [GC (Allocation Failure) 2024-03-23T04:26:54.474+0800: 128089.894: [ParNew: 20504837K->862693K(22937600K), 0.2047174 secs] 56673579K->37074302K(130940928K), 0.2051582 secs] [Times: user=2.82 sys=0.08, real=0.21 secs] 
2024-03-23T04:27:02.867+0800: 128098.288: [GC (Allocation Failure) 2024-03-23T04:27:02.867+0800: 128098.288: [ParNew: 20523493K->855441K(22937600K), 0.1899982 secs] 56735102K->37115747K(130940928K), 0.1904278 secs] [Times: user=2.69 sys=0.00, real=0.20 secs] 
2024-03-23T04:27:13.508+0800: 128108.929: [GC (Allocation Failure) 2024-03-23T04:27:13.508+0800: 128108.929: [ParNew: 20516241K->936036K(22937600K), 0.1918660 secs] 56776547K->37232340K(130940928K), 0.1923074 secs] [Times: user=2.25 sys=0.45, real=0.19 secs] 
2024-03-23T04:27:22.045+0800: 128117.466: [GC (Allocation Failure) 2024-03-23T04:27:22.045+0800: 128117.466: [ParNew: 20596836K->884078K(22937600K), 0.1757877 secs] 56893140K->37207825K(130940928K), 0.1762210 secs] [Times: user=2.25 sys=0.13, real=0.18 secs] 
2024-03-23T04:27:30.882+0800: 128126.302: [GC (Allocation Failure) 2024-03-23T04:27:30.882+0800: 128126.303: [ParNew: 20544878K->1026880K(22937600K), 0.2382279 secs] 56868625K->37373360K(130940928K), 0.2386580 secs] [Times: user=2.21 sys=1.31, real=0.24 secs] 
2024-03-23T04:27:40.154+0800: 128135.575: [GC (Allocation Failure) 2024-03-23T04:27:40.154+0800: 128135.575: [ParNew: 20687680K->1206237K(22937600K), 0.2048429 secs] 57034160K->37573080K(130940928K), 0.2052846 secs] [Times: user=2.89 sys=0.32, real=0.21 secs] 
2024-03-23T04:27:49.143+0800: 128144.563: [GC (Allocation Failure) 2024-03-23T04:27:49.143+0800: 128144.564: [ParNew: 20867037K->915529K(22937600K), 0.1938112 secs] 57233880K->37310429K(130940928K), 0.1942374 secs] [Times: user=2.45 sys=0.48, real=0.19 secs] 
2024-03-23T04:27:57.801+0800: 128153.222: [GC (Allocation Failure) 2024-03-23T04:27:57.801+0800: 128153.222: [ParNew: 20576329K->1148525K(22937600K), 0.1942414 secs] 56971229K->37575361K(130940928K), 0.1946712 secs] [Times: user=2.66 sys=0.10, real=0.19 secs] 
2024-03-23T04:28:05.589+0800: 128161.010: [GC (Allocation Failure) 2024-03-23T04:28:05.589+0800: 128161.010: [ParNew: 20809325K->1084654K(22937600K), 0.1973333 secs] 57236161K->37551035K(130940928K), 0.1977407 secs] [Times: user=2.73 sys=0.00, real=0.19 secs] 
2024-03-23T04:28:14.736+0800: 128170.157: [GC (Allocation Failure) 2024-03-23T04:28:14.736+0800: 128170.157: [ParNew: 20745454K->1110192K(22937600K), 0.1988755 secs] 57211835K->37612933K(130940928K), 0.1992552 secs] [Times: user=2.34 sys=0.42, real=0.20 secs] 
2024-03-23T04:28:23.284+0800: 128178.705: [GC (Allocation Failure) 2024-03-23T04:28:23.284+0800: 128178.705: [ParNew: 20770992K->975143K(22937600K), 0.1988752 secs] 57273733K->37514726K(130940928K), 0.1993483 secs] [Times: user=3.02 sys=0.00, real=0.20 secs] 
2024-03-23T04:28:32.929+0800: 128188.350: [GC (Allocation Failure) 2024-03-23T04:28:32.930+0800: 128188.351: [ParNew: 20635943K->1100454K(22937600K), 0.3061634 secs] 57175526K->37682892K(130940928K), 0.3067127 secs] [Times: user=2.90 sys=1.75, real=0.30 secs] 
2024-03-23T04:28:41.768+0800: 128197.189: [GC (Allocation Failure) 2024-03-23T04:28:41.768+0800: 128197.189: [ParNew: 20761254K->1189453K(22937600K), 0.2156733 secs] 57343692K->37813941K(130940928K), 0.2160879 secs] [Times: user=2.61 sys=0.56, real=0.21 secs] 
2024-03-23T04:28:50.711+0800: 128206.132: [GC (Allocation Failure) 2024-03-23T04:28:50.712+0800: 128206.132: [ParNew: 20850253K->995219K(22937600K), 0.2063440 secs] 57474741K->37663287K(130940928K), 0.2068057 secs] [Times: user=2.82 sys=0.25, real=0.21 secs] 
2024-03-23T04:28:59.200+0800: 128214.621: [GC (Allocation Failure) 2024-03-23T04:28:59.200+0800: 128214.621: [ParNew: 20656019K->1039589K(22937600K), 0.1907021 secs] 57324087K->37748181K(130940928K), 0.1911437 secs] [Times: user=2.35 sys=0.44, real=0.19 secs] 
2024-03-23T04:29:06.618+0800: 128222.039: [GC (Allocation Failure) 2024-03-23T04:29:06.618+0800: 128222.039: [ParNew: 20700389K->1040478K(22937600K), 0.1915540 secs] 57408981K->37794283K(130940928K), 0.1919933 secs] [Times: user=2.36 sys=0.34, real=0.19 secs] 
2024-03-23T04:29:14.646+0800: 128230.067: [GC (Allocation Failure) 2024-03-23T04:29:14.646+0800: 128230.067: [ParNew: 20701278K->926046K(22937600K), 0.1894564 secs] 57455083K->37722812K(130940928K), 0.1898726 secs] [Times: user=2.75 sys=0.00, real=0.19 secs] 
2024-03-23T04:29:23.786+0800: 128239.207: [GC (Allocation Failure) 2024-03-23T04:29:23.786+0800: 128239.207: [ParNew: 20586846K->1144505K(22937600K), 0.2221533 secs] 57383612K->37983245K(130940928K), 0.2225844 secs] [Times: user=2.57 sys=0.19, real=0.23 secs] 
2024-03-23T04:29:32.138+0800: 128247.559: [GC (Allocation Failure) 2024-03-23T04:29:32.139+0800: 128247.559: [ParNew: 20805305K->1075752K(22937600K), 0.4041218 secs] 57644045K->37958006K(130940928K), 0.4045690 secs] [Times: user=2.63 sys=3.83, real=0.40 secs] 
2024-03-23T04:29:40.683+0800: 128256.104: [GC (Allocation Failure) 2024-03-23T04:29:40.684+0800: 128256.104: [ParNew: 20736552K->1006652K(22937600K), 0.2935566 secs] 57618806K->37933841K(130940928K), 0.2939928 secs] [Times: user=3.49 sys=1.06, real=0.30 secs] 
2024-03-23T04:29:50.393+0800: 128265.814: [GC (Allocation Failure) 2024-03-23T04:29:50.394+0800: 128265.815: [ParNew: 20667452K->1107452K(22937600K), 0.2535928 secs] 57594641K->38084460K(130940928K), 0.2539670 secs] [Times: user=3.03 sys=0.62, real=0.26 secs] 
2024-03-23T04:30:00.265+0800: 128275.686: [GC (Allocation Failure) 2024-03-23T04:30:00.265+0800: 128275.686: [ParNew: 20768252K->983371K(22937600K), 0.2230959 secs] 57745260K->38012344K(130940928K), 0.2234726 secs] [Times: user=2.47 sys=0.65, real=0.23 secs] 
2024-03-23T04:30:08.970+0800: 128284.390: [GC (Allocation Failure) 2024-03-23T04:30:08.970+0800: 128284.391: [ParNew: 20644171K->1147952K(22937600K), 0.2163170 secs] 57673144K->38223565K(130940928K), 0.2167560 secs] [Times: user=2.47 sys=0.56, real=0.21 secs] 
2024-03-23T04:30:15.934+0800: 128291.355: [GC (Allocation Failure) 2024-03-23T04:30:15.934+0800: 128291.355: [ParNew: 20808752K->1099236K(22937600K), 0.2238275 secs] 57884365K->38227759K(130940928K), 0.2242436 secs] [Times: user=2.81 sys=0.30, real=0.23 secs] 
2024-03-23T04:30:23.645+0800: 128299.066: [GC (Allocation Failure) 2024-03-23T04:30:23.645+0800: 128299.066: [ParNew: 20760036K->1129033K(22937600K), 0.2503525 secs] 57888559K->38303809K(130940928K), 0.2508186 secs] [Times: user=3.00 sys=0.55, real=0.25 secs] 
2024-03-23T04:30:32.093+0800: 128307.514: [GC (Allocation Failure) 2024-03-23T04:30:32.093+0800: 128307.514: [ParNew: 20789833K->1215211K(22937600K), 0.2643120 secs] 57964609K->38437714K(130940928K), 0.2647262 secs] [Times: user=3.66 sys=0.05, real=0.27 secs] 
2024-03-23T04:30:39.990+0800: 128315.411: [GC (Allocation Failure) 2024-03-23T04:30:39.990+0800: 128315.411: [ParNew: 20876011K->1158504K(22937600K), 0.2487022 secs] 58098514K->38422074K(130940928K), 0.2490981 secs] [Times: user=3.01 sys=0.37, real=0.25 secs] 
2024-03-23T04:30:48.235+0800: 128323.656: [GC (Allocation Failure) 2024-03-23T04:30:48.236+0800: 128323.656: [ParNew: 20819304K->1351519K(22937600K), 0.2118856 secs] 58082874K->38661342K(130940928K), 0.2123732 secs] [Times: user=2.52 sys=0.41, real=0.22 secs] 
2024-03-23T04:30:56.228+0800: 128331.648: [GC (Allocation Failure) 2024-03-23T04:30:56.228+0800: 128331.649: [ParNew: 21012319K->1471742K(22937600K), 0.2292699 secs] 58322142K->38813586K(130940928K), 0.2296880 secs] [Times: user=2.81 sys=0.42, real=0.22 secs] 
2024-03-23T04:31:04.224+0800: 128339.645: [GC (Allocation Failure) 2024-03-23T04:31:04.224+0800: 128339.645: [ParNew: 21132542K->1645998K(22937600K), 0.2229578 secs] 58474386K->39022911K(130940928K), 0.2234304 secs] [Times: user=2.72 sys=0.41, real=0.23 secs] 
2024-03-23T04:31:12.104+0800: 128347.525: [GC (Allocation Failure) 2024-03-23T04:31:12.104+0800: 128347.525: [ParNew: 21306798K->1595266K(22937600K), 0.2504452 secs] 58683711K->39013617K(130940928K), 0.2508812 secs] [Times: user=2.98 sys=0.47, real=0.25 secs] 
2024-03-23T04:31:20.225+0800: 128355.646: [GC (Allocation Failure) 2024-03-23T04:31:20.225+0800: 128355.646: [ParNew: 21256066K->1598041K(22937600K), 0.2477057 secs] 58674417K->39049778K(130940928K), 0.2481387 secs] [Times: user=3.32 sys=0.00, real=0.25 secs] 
2024-03-23T04:31:28.453+0800: 128363.874: [GC (Allocation Failure) 2024-03-23T04:31:28.454+0800: 128363.875: [ParNew: 21258841K->1644246K(22937600K), 0.2773158 secs] 58710578K->39131608K(130940928K), 0.2777824 secs] [Times: user=3.22 sys=0.66, real=0.28 secs] 
2024-03-23T04:31:36.954+0800: 128372.375: [GC (Allocation Failure) 2024-03-23T04:31:36.955+0800: 128372.376: [ParNew: 21305046K->1606702K(22937600K), 0.2895192 secs] 58792408K->39129653K(130940928K), 0.2899783 secs] [Times: user=2.93 sys=1.08, real=0.29 secs] 
2024-03-23T04:31:45.101+0800: 128380.521: [GC (Allocation Failure) 2024-03-23T04:31:45.101+0800: 128380.522: [ParNew: 21267502K->1647704K(22937600K), 0.2523780 secs] 58790453K->39207840K(130940928K), 0.2528438 secs] [Times: user=3.26 sys=0.08, real=0.25 secs] 
2024-03-23T04:31:53.209+0800: 128388.630: [GC (Allocation Failure) 2024-03-23T04:31:53.210+0800: 128388.630: [ParNew: 21308504K->1542142K(22937600K), 0.2775410 secs] 58868640K->39135328K(130940928K), 0.2780146 secs] [Times: user=3.44 sys=0.13, real=0.27 secs] 
2024-03-23T04:32:03.472+0800: 128398.893: [GC (Allocation Failure) 2024-03-23T04:32:03.472+0800: 128398.893: [ParNew: 21202942K->1625323K(22937600K), 0.3348967 secs] 58796128K->39250662K(130940928K), 0.3352885 secs] [Times: user=3.44 sys=0.15, real=0.33 secs] 
2024-03-23T04:32:12.441+0800: 128407.862: [GC (Allocation Failure) 2024-03-23T04:32:12.441+0800: 128407.862: [ParNew: 21286123K->1646179K(22937600K), 0.3060739 secs] 58911462K->39320735K(130940928K), 0.3064672 secs] [Times: user=3.00 sys=0.48, real=0.31 secs] 
2024-03-23T04:32:21.611+0800: 128417.032: [GC (Allocation Failure) 2024-03-23T04:32:21.612+0800: 128417.032: [ParNew: 21306979K->1660879K(22937600K), 0.3289332 secs] 58981535K->39368930K(130940928K), 0.3293519 secs] [Times: user=3.44 sys=0.39, real=0.33 secs] 
2024-03-23T04:32:32.162+0800: 128427.583: [GC (Allocation Failure) 2024-03-23T04:32:32.162+0800: 128427.583: [ParNew: 21321679K->1725229K(22937600K), 0.3081624 secs] 59029730K->39476701K(130940928K), 0.3085575 secs] [Times: user=3.25 sys=0.54, real=0.31 secs] 
2024-03-23T04:32:39.971+0800: 128435.392: [GC (Allocation Failure) 2024-03-23T04:32:39.972+0800: 128435.392: [ParNew: 21386029K->1592761K(22937600K), 0.3326877 secs] 59137501K->39378158K(130940928K), 0.3331143 secs] [Times: user=3.52 sys=0.18, real=0.33 secs] 
2024-03-23T04:32:47.921+0800: 128443.342: [GC (Allocation Failure) 2024-03-23T04:32:47.921+0800: 128443.342: [ParNew: 21253561K->1632685K(22937600K), 0.2997123 secs] 59038958K->39457507K(130940928K), 0.3001142 secs] [Times: user=2.94 sys=0.49, real=0.30 secs] 
2024-03-23T04:32:55.726+0800: 128451.146: [GC (Allocation Failure) 2024-03-23T04:32:55.726+0800: 128451.147: [ParNew: 21293485K->1506605K(22937600K), 0.2627317 secs] 59118307K->39389799K(130940928K), 0.2631672 secs] [Times: user=3.29 sys=0.04, real=0.27 secs] 
2024-03-23T04:33:05.124+0800: 128460.545: [GC (Allocation Failure) 2024-03-23T04:33:05.124+0800: 128460.545: [ParNew: 21167405K->1562588K(22937600K), 0.2727501 secs] 59050599K->39509090K(130940928K), 0.2732092 secs] [Times: user=3.25 sys=0.02, real=0.27 secs] 
2024-03-23T04:33:13.787+0800: 128469.208: [GC (Allocation Failure) 2024-03-23T04:33:13.787+0800: 128469.208: [ParNew: 21223388K->1450257K(22937600K), 0.2595201 secs] 59169890K->39446426K(130940928K), 0.2600086 secs] [Times: user=3.25 sys=0.00, real=0.26 secs] 
2024-03-23T04:33:22.734+0800: 128478.155: [GC (Allocation Failure) 2024-03-23T04:33:22.735+0800: 128478.155: [ParNew: 21111057K->1447181K(22937600K), 0.3252012 secs] 59107226K->39472390K(130940928K), 0.3257309 secs] [Times: user=3.81 sys=0.51, real=0.33 secs] 
2024-03-23T04:33:33.029+0800: 128488.450: [GC (Allocation Failure) 2024-03-23T04:33:33.029+0800: 128488.450: [ParNew: 21107981K->1741445K(22937600K), 0.3373058 secs] 59133190K->39795639K(130940928K), 0.3379007 secs] [Times: user=3.75 sys=0.60, real=0.33 secs] 
2024-03-23T04:33:43.899+0800: 128499.320: [GC (Allocation Failure) 2024-03-23T04:33:43.899+0800: 128499.320: [ParNew: 21402245K->1505979K(22937600K), 0.2740845 secs] 59456439K->39591012K(130940928K), 0.2745615 secs] [Times: user=3.26 sys=0.23, real=0.27 secs] 
2024-03-23T04:33:53.134+0800: 128508.555: [GC (Allocation Failure) 2024-03-23T04:33:53.135+0800: 128508.556: [ParNew: 21166779K->1513066K(22937600K), 0.3506777 secs] 59251812K->39640698K(130940928K), 0.3511748 secs] [Times: user=4.71 sys=0.00, real=0.35 secs] 
2024-03-23T04:34:03.251+0800: 128518.672: [GC (Allocation Failure) 2024-03-23T04:34:03.252+0800: 128518.673: [ParNew: 21173866K->1547491K(22937600K), 0.2751031 secs] 59301498K->39704612K(130940928K), 0.2756067 secs] [Times: user=2.95 sys=0.49, real=0.27 secs] 
2024-03-23T04:34:10.521+0800: 128525.942: [GC (Allocation Failure) 2024-03-23T04:34:10.521+0800: 128525.942: [ParNew: 21208291K->1551633K(22937600K), 0.2864352 secs] 59365412K->39774111K(130940928K), 0.2868805 secs] [Times: user=3.46 sys=0.10, real=0.29 secs] 
2024-03-23T04:34:20.625+0800: 128536.045: [GC (Allocation Failure) 2024-03-23T04:34:20.625+0800: 128536.046: [ParNew: 21212433K->1427552K(22937600K), 0.3388765 secs] 59434911K->39724594K(130940928K), 0.3393857 secs] [Times: user=4.36 sys=0.14, real=0.34 secs] 
2024-03-23T04:34:29.187+0800: 128544.608: [GC (Allocation Failure) 2024-03-23T04:34:29.187+0800: 128544.608: [ParNew: 21088352K->1492624K(22937600K), 0.2994470 secs] 59385394K->39821367K(130940928K), 0.2999282 secs] [Times: user=3.03 sys=0.93, real=0.30 secs] 
2024-03-23T04:34:40.078+0800: 128555.499: [GC (Allocation Failure) 2024-03-23T04:34:40.079+0800: 128555.500: [ParNew: 21153424K->1505811K(22937600K), 0.3086149 secs] 59482167K->39879288K(130940928K), 0.3090975 secs] [Times: user=3.22 sys=0.77, real=0.31 secs] 
2024-03-23T04:34:50.186+0800: 128565.606: [GC (Allocation Failure) 2024-03-23T04:34:50.186+0800: 128565.607: [ParNew: 21166611K->1360427K(22937600K), 0.2651412 secs] 59540088K->39772734K(130940928K), 0.2655892 secs] [Times: user=3.26 sys=0.11, real=0.27 secs] 
2024-03-23T04:34:59.039+0800: 128574.460: [GC (Allocation Failure) 2024-03-23T04:34:59.039+0800: 128574.460: [ParNew: 21021227K->1432327K(22937600K), 0.2788968 secs] 59433534K->39892619K(130940928K), 0.2793529 secs] [Times: user=2.96 sys=0.50, real=0.28 secs] 
2024-03-23T04:35:07.869+0800: 128583.290: [GC (Allocation Failure) 2024-03-23T04:35:07.870+0800: 128583.291: [ParNew: 21093127K->1434710K(22937600K), 0.2708806 secs] 59553419K->39945303K(130940928K), 0.2713176 secs] [Times: user=3.36 sys=0.08, real=0.27 secs] 
2024-03-23T04:35:17.922+0800: 128593.343: [GC (Allocation Failure) 2024-03-23T04:35:17.922+0800: 128593.343: [ParNew: 21095510K->1358285K(22937600K), 0.2660094 secs] 59606103K->39924654K(130940928K), 0.2664602 secs] [Times: user=3.32 sys=0.00, real=0.27 secs] 
2024-03-23T04:35:28.645+0800: 128604.066: [GC (Allocation Failure) 2024-03-23T04:35:28.645+0800: 128604.066: [ParNew: 21019085K->1357273K(22937600K), 0.3183428 secs] 59585454K->39966634K(130940928K), 0.3188417 secs] [Times: user=3.38 sys=0.92, real=0.32 secs] 
2024-03-23T04:35:37.374+0800: 128612.794: [GC (Allocation Failure) 2024-03-23T04:35:37.374+0800: 128612.795: [ParNew: 21018073K->1427607K(22937600K), 0.3067491 secs] 59627434K->40088982K(130940928K), 0.3071775 secs] [Times: user=3.33 sys=0.62, real=0.31 secs] 
2024-03-23T04:35:45.582+0800: 128621.003: [GC (Allocation Failure) 2024-03-23T04:35:45.582+0800: 128621.003: [ParNew: 21088407K->1477015K(22937600K), 0.2617760 secs] 59749782K->40181654K(130940928K), 0.2621822 secs] [Times: user=2.81 sys=0.55, real=0.26 secs] 
2024-03-23T04:35:55.687+0800: 128631.108: [GC (Allocation Failure) 2024-03-23T04:35:55.688+0800: 128631.109: [ParNew: 21137815K->1369849K(22937600K), 0.2687077 secs] 59842454K->40127175K(130940928K), 0.2691444 secs] [Times: user=3.30 sys=0.14, real=0.27 secs] 
2024-03-23T04:36:06.794+0800: 128642.215: [GC (Allocation Failure) 2024-03-23T04:36:06.794+0800: 128642.215: [ParNew: 21030649K->1427026K(22937600K), 0.2810853 secs] 59787975K->40226506K(130940928K), 0.2814300 secs] [Times: user=3.28 sys=0.10, real=0.28 secs] 
2024-03-23T04:36:17.197+0800: 128652.618: [GC (Allocation Failure) 2024-03-23T04:36:17.197+0800: 128652.618: [ParNew: 21087826K->1252537K(22937600K), 0.2769492 secs] 59887306K->40109803K(130940928K), 0.2773812 secs] [Times: user=3.41 sys=0.14, real=0.28 secs] 
2024-03-23T04:36:29.123+0800: 128664.544: [GC (Allocation Failure) 2024-03-23T04:36:29.123+0800: 128664.544: [ParNew: 20913337K->1354591K(22937600K), 0.3272811 secs] 59770603K->40255406K(130940928K), 0.3277187 secs] [Times: user=3.50 sys=0.99, real=0.33 secs] 
2024-03-23T04:36:41.783+0800: 128677.204: [GC (Allocation Failure) 2024-03-23T04:36:41.783+0800: 128677.204: [ParNew: 21015391K->1359621K(22937600K), 0.3302709 secs] 59916206K->40308340K(130940928K), 0.3307003 secs] [Times: user=2.89 sys=1.26, real=0.33 secs] 
2024-03-23T04:36:52.386+0800: 128687.807: [GC (Allocation Failure) 2024-03-23T04:36:52.386+0800: 128687.807: [ParNew: 21020421K->1255668K(22937600K), 0.3358324 secs] 59969140K->40241117K(130940928K), 0.3361928 secs] [Times: user=3.96 sys=0.41, real=0.34 secs] 
2024-03-23T04:37:04.468+0800: 128699.889: [GC (Allocation Failure) 2024-03-23T04:37:04.469+0800: 128699.889: [ParNew: 20916468K->1251449K(22937600K), 0.3096020 secs] 59901917K->40278380K(130940928K), 0.3100772 secs] [Times: user=3.44 sys=0.28, real=0.31 secs] 
2024-03-23T04:37:14.792+0800: 128710.213: [GC (Allocation Failure) 2024-03-23T04:37:14.792+0800: 128710.213: [ParNew: 20912249K->1214953K(22937600K), 0.2798713 secs] 59939180K->40280753K(130940928K), 0.2803150 secs] [Times: user=3.01 sys=0.56, real=0.28 secs] 
2024-03-23T04:37:26.280+0800: 128721.701: [GC (Allocation Failure) 2024-03-23T04:37:26.280+0800: 128721.701: [ParNew: 20875753K->1159681K(22937600K), 0.2607582 secs] 59941553K->40267543K(130940928K), 0.2613873 secs] [Times: user=3.24 sys=0.00, real=0.26 secs] 
2024-03-23T04:37:36.868+0800: 128732.289: [GC (Allocation Failure) 2024-03-23T04:37:36.869+0800: 128732.290: [ParNew: 20820481K->1147492K(22937600K), 0.3776635 secs] 59928343K->40298246K(130940928K), 0.3782646 secs] [Times: user=4.05 sys=1.22, real=0.37 secs] 
2024-03-23T04:37:49.026+0800: 128744.446: [GC (Allocation Failure) 2024-03-23T04:37:49.026+0800: 128744.447: [ParNew: 20808292K->1131494K(22937600K), 0.3051213 secs] 59959046K->40316162K(130940928K), 0.3055943 secs] [Times: user=3.39 sys=0.66, real=0.31 secs] 
2024-03-23T04:37:58.470+0800: 128753.891: [GC (Allocation Failure) 2024-03-23T04:37:58.470+0800: 128753.891: [ParNew: 20792294K->1327047K(22937600K), 0.3025887 secs] 59976962K->40538997K(130940928K), 0.3030316 secs] [Times: user=3.56 sys=0.17, real=0.30 secs] 
2024-03-23T04:38:07.946+0800: 128763.367: [GC (Allocation Failure) 2024-03-23T04:38:07.947+0800: 128763.367: [ParNew: 20987847K->1215744K(22937600K), 0.2698197 secs] 60199797K->40454656K(130940928K), 0.2702756 secs] [Times: user=3.24 sys=0.10, real=0.27 secs] 
2024-03-23T04:38:19.054+0800: 128774.475: [GC (Allocation Failure) 2024-03-23T04:38:19.054+0800: 128774.475: [ParNew: 20876544K->1245174K(22937600K), 0.2689628 secs] 60115456K->40562894K(130940928K), 0.2694313 secs] [Times: user=3.17 sys=0.06, real=0.27 secs] 
2024-03-23T04:38:31.291+0800: 128786.712: [GC (Allocation Failure) 2024-03-23T04:38:31.291+0800: 128786.712: [ParNew: 20905974K->1239954K(22937600K), 0.3010084 secs] 60223694K->40625495K(130940928K), 0.3014570 secs] [Times: user=3.37 sys=0.51, real=0.30 secs] 
2024-03-23T04:38:42.401+0800: 128797.822: [GC (Allocation Failure) 2024-03-23T04:38:42.401+0800: 128797.822: [ParNew: 20900754K->1236968K(22937600K), 0.2896436 secs] 60286295K->40663145K(130940928K), 0.2901015 secs] [Times: user=3.09 sys=0.52, real=0.29 secs] 
2024-03-23T04:38:51.743+0800: 128807.164: [GC (Allocation Failure) 2024-03-23T04:38:51.744+0800: 128807.164: [ParNew: 20897768K->1197563K(22937600K), 0.2775719 secs] 60323945K->40648802K(130940928K), 0.2780020 secs] [Times: user=3.34 sys=0.20, real=0.28 secs] 
2024-03-23T04:39:04.417+0800: 128819.838: [GC (Allocation Failure) 2024-03-23T04:39:04.418+0800: 128819.838: [ParNew: 20858363K->1218588K(22937600K), 0.2973035 secs] 60309602K->40693943K(130940928K), 0.2977503 secs] [Times: user=3.19 sys=0.70, real=0.30 secs] 
2024-03-23T04:39:15.170+0800: 128830.591: [GC (Allocation Failure) 2024-03-23T04:39:15.170+0800: 128830.591: [ParNew: 20879388K->1254163K(22937600K), 0.2653861 secs] 60354743K->40780218K(130940928K), 0.2658114 secs] [Times: user=2.74 sys=0.54, real=0.26 secs] 
2024-03-23T04:39:29.306+0800: 128844.727: [GC (Allocation Failure) 2024-03-23T04:39:29.306+0800: 128844.727: [ParNew: 20914963K->1267223K(22937600K), 0.2507257 secs] 60441018K->40829768K(130940928K), 0.2511341 secs] [Times: user=3.12 sys=0.00, real=0.25 secs] 
2024-03-23T04:39:39.390+0800: 128854.810: [GC (Allocation Failure) 2024-03-23T04:39:39.390+0800: 128854.811: [ParNew: 20928023K->1237903K(22937600K), 0.3120528 secs] 60490568K->40827138K(130940928K), 0.3125088 secs] [Times: user=3.00 sys=1.25, real=0.31 secs] 
2024-03-23T04:39:53.806+0800: 128869.227: [GC (Allocation Failure) 2024-03-23T04:39:53.806+0800: 128869.227: [ParNew: 20898703K->1214868K(22937600K), 0.2913055 secs] 60487938K->40833315K(130940928K), 0.2918307 secs] [Times: user=2.68 sys=1.24, real=0.30 secs] 
2024-03-23T04:40:01.861+0800: 128877.282: [GC (Allocation Failure) 2024-03-23T04:40:01.862+0800: 128877.282: [ParNew: 20875668K->1277990K(22937600K), 0.2329768 secs] 60494115K->40925675K(130940928K), 0.2334724 secs] [Times: user=2.57 sys=0.40, real=0.23 secs] 
2024-03-23T04:40:11.783+0800: 128887.204: [GC (Allocation Failure) 2024-03-23T04:40:11.783+0800: 128887.204: [ParNew: 20938790K->1180254K(22937600K), 0.2475397 secs] 60586475K->40853428K(130940928K), 0.2480302 secs] [Times: user=3.02 sys=0.12, real=0.25 secs] 
2024-03-23T04:40:21.225+0800: 128896.645: [GC (Allocation Failure) 2024-03-23T04:40:21.225+0800: 128896.646: [ParNew: 20841054K->1209023K(22937600K), 0.2677173 secs] 60514228K->40924756K(130940928K), 0.2681959 secs] [Times: user=3.41 sys=0.07, real=0.27 secs] 
2024-03-23T04:40:31.628+0800: 128907.049: [GC (Allocation Failure) 2024-03-23T04:40:31.628+0800: 128907.049: [ParNew: 20869823K->1326362K(22937600K), 0.2680866 secs] 60585556K->41069265K(130940928K), 0.2685857 secs] [Times: user=3.50 sys=0.00, real=0.26 secs] 
2024-03-23T04:40:40.140+0800: 128915.561: [GC (Allocation Failure) 2024-03-23T04:40:40.140+0800: 128915.561: [ParNew: 20987162K->1283084K(22937600K), 0.2879500 secs] 60730065K->41100037K(130940928K), 0.2884472 secs] [Times: user=3.22 sys=0.69, real=0.29 secs] 
2024-03-23T04:40:51.758+0800: 128927.179: [GC (Allocation Failure) 2024-03-23T04:40:51.759+0800: 128927.180: [ParNew: 20943884K->1468700K(22937600K), 0.2810309 secs] 60760837K->41334088K(130940928K), 0.2815316 secs] [Times: user=3.26 sys=0.59, real=0.28 secs] 
2024-03-23T04:41:00.053+0800: 128935.474: [GC (Allocation Failure) 2024-03-23T04:41:00.053+0800: 128935.474: [ParNew: 21129500K->1310148K(22937600K), 0.2514622 secs] 60994888K->41233470K(130940928K), 0.2519099 secs] [Times: user=3.22 sys=0.08, real=0.25 secs] 
2024-03-23T04:41:07.691+0800: 128943.112: [GC (Allocation Failure) 2024-03-23T04:41:07.692+0800: 128943.112: [ParNew: 20970948K->1285115K(22937600K), 0.2680675 secs] 60894270K->41360741K(130940928K), 0.2685405 secs] [Times: user=2.86 sys=0.48, real=0.27 secs] 
2024-03-23T04:41:15.423+0800: 128950.844: [GC (Allocation Failure) 2024-03-23T04:41:15.423+0800: 128950.844: [ParNew: 20945915K->1196941K(22937600K), 0.2467855 secs] 61021541K->41307059K(130940928K), 0.2472323 secs] [Times: user=2.86 sys=0.41, real=0.25 secs] 
2024-03-23T04:41:21.718+0800: 128957.139: [GC (Allocation Failure) 2024-03-23T04:41:21.718+0800: 128957.139: [ParNew: 20857741K->1194226K(22937600K), 0.2289662 secs] 60967859K->41335932K(130940928K), 0.2294154 secs] [Times: user=3.00 sys=0.00, real=0.22 secs] 
2024-03-23T04:41:28.640+0800: 128964.061: [GC (Allocation Failure) 2024-03-23T04:41:28.640+0800: 128964.061: [ParNew: 20855026K->1241025K(22937600K), 0.2694868 secs] 60996732K->41414244K(130940928K), 0.2699662 secs] [Times: user=3.60 sys=0.36, real=0.27 secs] 
2024-03-23T04:41:36.188+0800: 128971.609: [GC (Allocation Failure) 2024-03-23T04:41:36.188+0800: 128971.609: [ParNew: 20901825K->1336030K(22937600K), 0.2732953 secs] 61075044K->41544394K(130940928K), 0.2737251 secs] [Times: user=2.97 sys=0.72, real=0.27 secs] 
2024-03-23T04:41:44.489+0800: 128979.910: [GC (Allocation Failure) 2024-03-23T04:41:44.489+0800: 128979.910: [ParNew: 20996830K->1360288K(22937600K), 0.2543892 secs] 61205194K->41601477K(130940928K), 0.2548391 secs] [Times: user=2.86 sys=0.35, real=0.25 secs] 
2024-03-23T04:41:52.558+0800: 128987.979: [GC (Allocation Failure) 2024-03-23T04:41:52.559+0800: 128987.980: [ParNew: 21021088K->1379062K(22937600K), 0.2893660 secs] 61262277K->41653582K(130940928K), 0.2898194 secs] [Times: user=3.27 sys=0.55, real=0.29 secs] 
2024-03-23T04:42:00.921+0800: 128996.342: [GC (Allocation Failure) 2024-03-23T04:42:00.921+0800: 128996.342: [ParNew: 21039862K->1325260K(22937600K), 0.2969344 secs] 61314382K->41627637K(130940928K), 0.2973645 secs] [Times: user=3.83 sys=0.28, real=0.30 secs] 
2024-03-23T04:42:09.328+0800: 129004.749: [GC (Allocation Failure) 2024-03-23T04:42:09.328+0800: 129004.749: [ParNew: 20986060K->1512870K(22937600K), 0.2739921 secs] 61288437K->41846840K(130940928K), 0.2744062 secs] [Times: user=3.11 sys=0.50, real=0.27 secs] 
2024-03-23T04:42:18.199+0800: 129013.620: [GC (Allocation Failure) 2024-03-23T04:42:18.199+0800: 129013.620: [ParNew: 21172574K->1323524K(22937600K), 0.2836546 secs] 61506545K->41729317K(130940928K), 0.2840856 secs] [Times: user=3.48 sys=0.13, real=0.28 secs] 
2024-03-23T04:42:27.045+0800: 129022.466: [GC (Allocation Failure) 2024-03-23T04:42:27.045+0800: 129022.466: [ParNew: 20984324K->1225400K(22937600K), 0.2746439 secs] 61390117K->41676696K(130940928K), 0.2750884 secs] [Times: user=3.41 sys=0.03, real=0.28 secs] 
2024-03-23T04:42:35.308+0800: 129030.729: [GC (Allocation Failure) 2024-03-23T04:42:35.308+0800: 129030.729: [ParNew: 20886200K->1247015K(22937600K), 0.2680042 secs] 61337496K->41769074K(130940928K), 0.2685835 secs] [Times: user=2.92 sys=0.81, real=0.26 secs] 
2024-03-23T04:42:44.594+0800: 129040.015: [GC (Allocation Failure) 2024-03-23T04:42:44.595+0800: 129040.015: [ParNew: 20907815K->1252276K(22937600K), 0.3056782 secs] 61429874K->41814498K(130940928K), 0.3061122 secs] [Times: user=3.88 sys=0.53, real=0.31 secs] 
2024-03-23T04:42:53.350+0800: 129048.771: [GC (Allocation Failure) 2024-03-23T04:42:53.351+0800: 129048.772: [ParNew: 20913076K->1188766K(22937600K), 0.2613049 secs] 61475298K->41802945K(130940928K), 0.2617141 secs] [Times: user=2.82 sys=0.54, real=0.26 secs] 
2024-03-23T04:43:02.208+0800: 129057.629: [GC (Allocation Failure) 2024-03-23T04:43:02.208+0800: 129057.629: [ParNew: 20847845K->1156429K(22937600K), 0.2380149 secs] 61462024K->41800695K(130940928K), 0.2384200 secs] [Times: user=2.83 sys=0.48, real=0.23 secs] 
2024-03-23T04:43:10.213+0800: 129065.634: [GC (Allocation Failure) 2024-03-23T04:43:10.213+0800: 129065.634: [ParNew: 20817229K->1248986K(22937600K), 0.2612965 secs] 61461495K->41919401K(130940928K), 0.2616897 secs] [Times: user=3.07 sys=0.42, real=0.26 secs] 
2024-03-23T04:43:18.454+0800: 129073.875: [GC (Allocation Failure) 2024-03-23T04:43:18.454+0800: 129073.875: [ParNew: 20909786K->1225296K(22937600K), 0.2258796 secs] 61580201K->41920849K(130940928K), 0.2262869 secs] [Times: user=3.09 sys=0.00, real=0.23 secs] 
2024-03-23T04:43:26.629+0800: 129082.050: [GC (Allocation Failure) 2024-03-23T04:43:26.629+0800: 129082.050: [ParNew: 20886096K->1234792K(22937600K), 0.2352019 secs] 61581649K->41952515K(130940928K), 0.2355916 secs] [Times: user=3.29 sys=0.00, real=0.23 secs] 
2024-03-23T04:43:35.293+0800: 129090.714: [GC (Allocation Failure) 2024-03-23T04:43:35.293+0800: 129090.714: [ParNew: 20895592K->1305749K(22937600K), 0.2759069 secs] 61613315K->42049039K(130940928K), 0.2762933 secs] [Times: user=3.38 sys=0.52, real=0.28 secs] 
2024-03-23T04:43:44.775+0800: 129100.196: [GC (Allocation Failure) 2024-03-23T04:43:44.775+0800: 129100.196: [ParNew: 20966549K->1308851K(22937600K), 0.3098345 secs] 61709839K->42080140K(130940928K), 0.3102173 secs] [Times: user=3.57 sys=0.54, real=0.31 secs] 
2024-03-23T04:43:53.472+0800: 129108.893: [GC (Allocation Failure) 2024-03-23T04:43:53.472+0800: 129108.893: [ParNew: 20969651K->1180760K(22937600K), 0.3527587 secs] 61740940K->42011279K(130940928K), 0.3531766 secs] [Times: user=3.85 sys=0.23, real=0.35 secs] 
2024-03-23T04:44:02.350+0800: 129117.770: [GC (Allocation Failure) 2024-03-23T04:44:02.350+0800: 129117.771: [ParNew: 20841560K->1273925K(22937600K), 0.2709262 secs] 61672079K->42188584K(130940928K), 0.2713948 secs] [Times: user=2.83 sys=0.53, real=0.27 secs] 
2024-03-23T04:44:10.479+0800: 129125.900: [GC (Allocation Failure) 2024-03-23T04:44:10.479+0800: 129125.900: [ParNew: 20934725K->1161899K(22937600K), 0.2645408 secs] 61849384K->42126693K(130940928K), 0.2649808 secs] [Times: user=3.27 sys=0.05, real=0.26 secs] 
2024-03-23T04:44:19.828+0800: 129135.249: [GC (Allocation Failure) 2024-03-23T04:44:19.828+0800: 129135.249: [ParNew: 20822699K->1123741K(22937600K), 0.2641562 secs] 61787493K->42126810K(130940928K), 0.2646010 secs] [Times: user=3.22 sys=0.08, real=0.26 secs] 
2024-03-23T04:44:29.253+0800: 129144.674: [GC (Allocation Failure) 2024-03-23T04:44:29.253+0800: 129144.674: [ParNew: 20784541K->1080165K(22937600K), 0.2476284 secs] 61787610K->42104485K(130940928K), 0.2480864 secs] [Times: user=2.68 sys=0.13, real=0.25 secs] 
2024-03-23T04:44:39.841+0800: 129155.262: [GC (Allocation Failure) 2024-03-23T04:44:39.841+0800: 129155.262: [ParNew: 20740965K->1144179K(22937600K), 0.3120448 secs] 61765285K->42192653K(130940928K), 0.3125468 secs] [Times: user=3.07 sys=0.90, real=0.31 secs] 
2024-03-23T04:44:50.341+0800: 129165.762: [GC (Allocation Failure) 2024-03-23T04:44:50.342+0800: 129165.763: [ParNew: 20804979K->1257909K(22937600K), 0.2750258 secs] 61853453K->42327382K(130940928K), 0.2754828 secs] [Times: user=3.08 sys=0.32, real=0.27 secs] 
2024-03-23T04:44:59.204+0800: 129174.625: [GC (Allocation Failure) 2024-03-23T04:44:59.204+0800: 129174.625: [ParNew: 20918709K->1321859K(22937600K), 0.2757825 secs] 61988182K->42414340K(130940928K), 0.2762040 secs] [Times: user=3.17 sys=0.07, real=0.28 secs] 
2024-03-23T04:45:07.970+0800: 129183.391: [GC (Allocation Failure) 2024-03-23T04:45:07.971+0800: 129183.391: [ParNew: 20982659K->1261964K(22937600K), 0.2925507 secs] 62075140K->42376245K(130940928K), 0.2929654 secs] [Times: user=3.24 sys=0.05, real=0.29 secs] 
2024-03-23T04:45:17.822+0800: 129193.243: [GC (Allocation Failure) 2024-03-23T04:45:17.822+0800: 129193.243: [ParNew: 20922764K->1302353K(22937600K), 0.2761916 secs] 62037045K->42436182K(130940928K), 0.2766364 secs] [Times: user=3.23 sys=0.07, real=0.28 secs] 
2024-03-23T04:45:26.253+0800: 129201.674: [GC (Allocation Failure) 2024-03-23T04:45:26.253+0800: 129201.674: [ParNew: 20963153K->1279643K(22937600K), 0.2581481 secs] 62096982K->42442804K(130940928K), 0.2585680 secs] [Times: user=2.92 sys=0.27, real=0.26 secs] 
2024-03-23T04:45:38.550+0800: 129213.971: [GC (Allocation Failure) 2024-03-23T04:45:38.550+0800: 129213.971: [ParNew: 20940443K->1163910K(22937600K), 0.2770061 secs] 62103604K->42367312K(130940928K), 0.2774677 secs] [Times: user=3.09 sys=0.59, real=0.27 secs] 
2024-03-23T04:45:50.329+0800: 129225.750: [GC (Allocation Failure) 2024-03-23T04:45:50.329+0800: 129225.750: [ParNew: 20824710K->1160939K(22937600K), 0.3161275 secs] 62028112K->42384786K(130940928K), 0.3165890 secs] [Times: user=3.41 sys=0.71, real=0.31 secs] 
2024-03-23T04:46:00.159+0800: 129235.580: [GC (Allocation Failure) 2024-03-23T04:46:00.159+0800: 129235.580: [ParNew: 20821739K->1329602K(22937600K), 0.2761588 secs] 62045586K->42575556K(130940928K), 0.2765991 secs] [Times: user=2.92 sys=0.47, real=0.27 secs] 
2024-03-23T04:46:09.339+0800: 129244.760: [GC (Allocation Failure) 2024-03-23T04:46:09.340+0800: 129244.761: [ParNew: 20990402K->1366433K(22937600K), 0.2547257 secs] 62236356K->42634123K(130940928K), 0.2551739 secs] [Times: user=2.70 sys=0.46, real=0.25 secs] 
2024-03-23T04:46:20.696+0800: 129256.117: [GC (Allocation Failure) 2024-03-23T04:46:20.696+0800: 129256.117: [ParNew: 21025075K->1389992K(22937600K), 0.2745803 secs] 62292764K->42678144K(130940928K), 0.2750074 secs] [Times: user=2.91 sys=0.53, real=0.28 secs] 
2024-03-23T04:46:33.421+0800: 129268.842: [GC (Allocation Failure) 2024-03-23T04:46:33.421+0800: 129268.842: [ParNew: 21050792K->1284593K(22937600K), 0.2659612 secs] 62338944K->42592365K(130940928K), 0.2664730 secs] [Times: user=3.27 sys=0.00, real=0.26 secs] 
2024-03-23T04:46:43.087+0800: 129278.508: [GC (Allocation Failure) 2024-03-23T04:46:43.088+0800: 129278.508: [ParNew: 20945393K->1417623K(22937600K), 0.3549183 secs] 62253165K->42773394K(130940928K), 0.3554398 secs] [Times: user=4.01 sys=0.74, real=0.36 secs] 
2024-03-23T04:46:53.097+0800: 129288.518: [GC (Allocation Failure) 2024-03-23T04:46:53.097+0800: 129288.518: [ParNew: 21078423K->1371544K(22937600K), 0.3320108 secs] 62434194K->42759197K(130940928K), 0.3324831 secs] [Times: user=3.59 sys=0.79, real=0.34 secs] 
2024-03-23T04:47:05.674+0800: 129301.095: [GC (Allocation Failure) 2024-03-23T04:47:05.675+0800: 129301.095: [ParNew: 21032344K->1418806K(22937600K), 0.3076640 secs] 62419997K->42904366K(130940928K), 0.3081276 secs] [Times: user=3.55 sys=0.23, real=0.31 secs] 
2024-03-23T04:47:15.182+0800: 129310.603: [GC (Allocation Failure) 2024-03-23T04:47:15.182+0800: 129310.603: [ParNew: 21079606K->1315376K(22937600K), 0.2770377 secs] 62565166K->42864243K(130940928K), 0.2774933 secs] [Times: user=3.23 sys=0.04, real=0.28 secs] 
2024-03-23T04:47:23.698+0800: 129319.119: [GC (Allocation Failure) 2024-03-23T04:47:23.699+0800: 129319.120: [ParNew: 20976176K->1326904K(22937600K), 0.3085179 secs] 62525043K->42949216K(130940928K), 0.3089622 secs] [Times: user=3.69 sys=0.16, real=0.31 secs] 
2024-03-23T04:47:32.118+0800: 129327.539: [GC (Allocation Failure) 2024-03-23T04:47:32.119+0800: 129327.539: [ParNew: 20987704K->1196476K(22937600K), 0.2961500 secs] 62610016K->42938399K(130940928K), 0.2965916 secs] [Times: user=3.53 sys=0.00, real=0.29 secs] 
2024-03-23T04:47:41.312+0800: 129336.733: [GC (Allocation Failure) 2024-03-23T04:47:41.312+0800: 129336.733: [ParNew: 20857276K->1145919K(22937600K), 0.3207064 secs] 62599199K->42964495K(130940928K), 0.3211606 secs] [Times: user=3.39 sys=0.85, real=0.32 secs] 
2024-03-23T04:47:50.753+0800: 129346.173: [GC (Allocation Failure) 2024-03-23T04:47:50.753+0800: 129346.174: [ParNew: 20806719K->1159046K(22937600K), 0.3065793 secs] 62625295K->43008278K(130940928K), 0.3070357 secs] [Times: user=3.32 sys=0.57, real=0.31 secs] 
2024-03-23T04:47:59.170+0800: 129354.591: [GC (Allocation Failure) 2024-03-23T04:47:59.170+0800: 129354.591: [ParNew: 20819846K->1227699K(22937600K), 0.2864948 secs] 62669078K->43107727K(130940928K), 0.2868708 secs] [Times: user=3.37 sys=0.07, real=0.28 secs] 
2024-03-23T04:48:07.558+0800: 129362.979: [GC (Allocation Failure) 2024-03-23T04:48:07.558+0800: 129362.979: [ParNew: 20888499K->1256799K(22937600K), 0.2757432 secs] 62768527K->43162987K(130940928K), 0.2761290 secs] [Times: user=3.14 sys=0.05, real=0.27 secs] 
2024-03-23T04:48:16.852+0800: 129372.273: [GC (Allocation Failure) 2024-03-23T04:48:16.853+0800: 129372.273: [ParNew: 20917599K->1294311K(22937600K), 0.3559424 secs] 62823787K->43225131K(130940928K), 0.3563185 secs] [Times: user=4.34 sys=0.32, real=0.36 secs] 
2024-03-23T04:48:25.807+0800: 129381.227: [GC (Allocation Failure) 2024-03-23T04:48:25.807+0800: 129381.228: [ParNew: 20955111K->1390424K(22937600K), 0.3179394 secs] 62885931K->43359499K(130940928K), 0.3183386 secs] [Times: user=3.58 sys=0.13, real=0.32 secs] 
2024-03-23T04:48:33.983+0800: 129389.404: [GC (Allocation Failure) 2024-03-23T04:48:33.984+0800: 129389.404: [ParNew: 21051224K->1311690K(22937600K), 0.2597625 secs] 63020299K->43317989K(130940928K), 0.2602246 secs] [Times: user=3.26 sys=0.00, real=0.26 secs] 
2024-03-23T04:48:42.482+0800: 129397.903: [GC (Allocation Failure) 2024-03-23T04:48:42.482+0800: 129397.903: [ParNew: 20972490K->1573292K(22937600K), 0.2949083 secs] 62978789K->43612015K(130940928K), 0.2954441 secs] [Times: user=3.23 sys=0.62, real=0.29 secs] 
2024-03-23T04:48:52.181+0800: 129407.602: [GC (Allocation Failure) 2024-03-23T04:48:52.182+0800: 129407.602: [ParNew: 21232320K->1546916K(22937600K), 0.3000335 secs] 63271043K->43618233K(130940928K), 0.3004612 secs] [Times: user=3.29 sys=0.72, real=0.30 secs] 
2024-03-23T04:49:01.815+0800: 129417.236: [GC (Allocation Failure) 2024-03-23T04:49:01.816+0800: 129417.236: [ParNew: 21207716K->1409280K(22937600K), 0.3262652 secs] 63279033K->43513489K(130940928K), 0.3267001 secs] [Times: user=4.63 sys=0.00, real=0.33 secs] 
2024-03-23T04:49:10.848+0800: 129426.269: [GC (Allocation Failure) 2024-03-23T04:49:10.848+0800: 129426.269: [ParNew: 21070080K->1474429K(22937600K), 0.2491441 secs] 63174289K->43616143K(130940928K), 0.2495650 secs] [Times: user=3.21 sys=0.09, real=0.24 secs] 
2024-03-23T04:49:20.455+0800: 129435.876: [GC (Allocation Failure) 2024-03-23T04:49:20.456+0800: 129435.876: [ParNew: 21135229K->1399098K(22937600K), 0.2710541 secs] 63276943K->43632611K(130940928K), 0.2714743 secs] [Times: user=3.42 sys=0.11, real=0.27 secs] 
2024-03-23T04:49:30.108+0800: 129445.529: [GC (Allocation Failure) 2024-03-23T04:49:30.108+0800: 129445.529: [ParNew: 21059898K->1208768K(22937600K), 0.2976198 secs] 63293411K->43499665K(130940928K), 0.2980525 secs] [Times: user=3.88 sys=0.09, real=0.29 secs] 
2024-03-23T04:49:38.523+0800: 129453.944: [GC (Allocation Failure) 2024-03-23T04:49:38.523+0800: 129453.944: [ParNew: 20869568K->1310837K(22937600K), 0.2523304 secs] 63160465K->43638384K(130940928K), 0.2527544 secs] [Times: user=3.04 sys=0.36, real=0.25 secs] 
2024-03-23T04:49:48.155+0800: 129463.576: [GC (Allocation Failure) 2024-03-23T04:49:48.156+0800: 129463.576: [ParNew: 20971637K->1294801K(22937600K), 0.2907964 secs] 63299184K->43663912K(130940928K), 0.2913000 secs] [Times: user=3.51 sys=0.46, real=0.29 secs] 
2024-03-23T04:49:57.064+0800: 129472.485: [GC (Allocation Failure) 2024-03-23T04:49:57.065+0800: 129472.486: [ParNew: 20955601K->1166573K(22937600K), 0.2486923 secs] 63324712K->43584203K(130940928K), 0.2491579 secs] [Times: user=2.75 sys=0.48, real=0.25 secs] 
2024-03-23T04:50:06.567+0800: 129481.988: [GC (Allocation Failure) 2024-03-23T04:50:06.568+0800: 129481.988: [ParNew: 20827373K->1278957K(22937600K), 0.2384721 secs] 63245003K->43723334K(130940928K), 0.2388724 secs] [Times: user=2.62 sys=0.43, real=0.24 secs] 
2024-03-23T04:50:14.123+0800: 129489.544: [GC (Allocation Failure) 2024-03-23T04:50:14.123+0800: 129489.544: [ParNew: 20939757K->1152718K(22937600K), 0.3202917 secs] 63384134K->43669404K(130940928K), 0.3207296 secs] [Times: user=3.82 sys=0.14, real=0.32 secs] 
2024-03-23T04:50:22.256+0800: 129497.677: [GC (Allocation Failure) 2024-03-23T04:50:22.257+0800: 129497.677: [ParNew: 20813518K->1175687K(22937600K), 0.2527424 secs] 63330204K->43732586K(130940928K), 0.2531532 secs] [Times: user=2.67 sys=0.38, real=0.26 secs] 
2024-03-23T04:50:31.636+0800: 129507.057: [GC (Allocation Failure) 2024-03-23T04:50:31.636+0800: 129507.057: [ParNew: 20836487K->1208180K(22937600K), 0.2307837 secs] 63393386K->43797763K(130940928K), 0.2312579 secs] [Times: user=2.70 sys=0.22, real=0.24 secs] 
2024-03-23T04:50:39.960+0800: 129515.381: [GC (Allocation Failure) 2024-03-23T04:50:39.960+0800: 129515.381: [ParNew: 20868980K->1223100K(22937600K), 0.2977232 secs] 63458563K->43901428K(130940928K), 0.2981808 secs] [Times: user=3.29 sys=0.68, real=0.30 secs] 
2024-03-23T04:50:48.563+0800: 129523.984: [GC (Allocation Failure) 2024-03-23T04:50:48.563+0800: 129523.984: [ParNew: 20883900K->1272758K(22937600K), 0.3171896 secs] 63562228K->43995794K(130940928K), 0.3176650 secs] [Times: user=4.06 sys=0.35, real=0.32 secs] 
2024-03-23T04:50:58.559+0800: 129533.979: [GC (Allocation Failure) 2024-03-23T04:50:58.559+0800: 129533.980: [ParNew: 20933558K->1036264K(22937600K), 0.2763738 secs] 63656594K->43888022K(130940928K), 0.2768276 secs] [Times: user=3.19 sys=0.19, real=0.27 secs] 
2024-03-23T04:51:06.581+0800: 129542.002: [GC (Allocation Failure) 2024-03-23T04:51:06.581+0800: 129542.002: [ParNew: 20697064K->1170293K(22937600K), 0.2447159 secs] 63548822K->44045966K(130940928K), 0.2451339 secs] [Times: user=3.10 sys=0.01, real=0.24 secs] 
2024-03-23T04:51:14.683+0800: 129550.104: [GC (Allocation Failure) 2024-03-23T04:51:14.684+0800: 129550.104: [ParNew: 20831093K->1092419K(22937600K), 0.2481695 secs] 63706766K->43989410K(130940928K), 0.2486126 secs] [Times: user=3.07 sys=0.04, real=0.25 secs] 
2024-03-23T04:51:23.659+0800: 129559.080: [GC (Allocation Failure) 2024-03-23T04:51:23.659+0800: 129559.080: [ParNew: 20753219K->1142565K(22937600K), 0.3249222 secs] 63650210K->44058092K(130940928K), 0.3253662 secs] [Times: user=4.59 sys=0.00, real=0.32 secs] 
2024-03-23T04:51:32.598+0800: 129568.019: [GC (Allocation Failure) 2024-03-23T04:51:32.598+0800: 129568.019: [ParNew: 20803365K->1253880K(22937600K), 0.2991057 secs] 63718892K->44187139K(130940928K), 0.2995860 secs] [Times: user=3.99 sys=0.00, real=0.30 secs] 
2024-03-23T04:51:40.700+0800: 129576.121: [GC (Allocation Failure) 2024-03-23T04:51:40.700+0800: 129576.121: [ParNew: 20914680K->1294792K(22937600K), 0.2973794 secs] 63847939K->44243149K(130940928K), 0.2979442 secs] [Times: user=3.24 sys=0.82, real=0.30 secs] 
2024-03-23T04:51:50.452+0800: 129585.873: [GC (Allocation Failure) 2024-03-23T04:51:50.453+0800: 129585.874: [ParNew: 20955592K->1480585K(22937600K), 0.2865806 secs] 63903949K->44449740K(130940928K), 0.2870463 secs] [Times: user=2.72 sys=1.12, real=0.29 secs] 
2024-03-23T04:51:59.165+0800: 129594.586: [GC (Allocation Failure) 2024-03-23T04:51:59.166+0800: 129594.586: [ParNew: 21141385K->1339394K(22937600K), 0.2874089 secs] 64110540K->44328488K(130940928K), 0.2878708 secs] [Times: user=3.05 sys=0.56, real=0.29 secs] 
2024-03-23T04:52:06.782+0800: 129602.203: [GC (Allocation Failure) 2024-03-23T04:52:06.782+0800: 129602.203: [ParNew: 21000194K->1465237K(22937600K), 0.3081968 secs] 63989288K->44483131K(130940928K), 0.3085724 secs] [Times: user=3.44 sys=0.14, real=0.31 secs] 
2024-03-23T04:52:17.594+0800: 129613.015: [GC (Allocation Failure) 2024-03-23T04:52:17.594+0800: 129613.015: [ParNew: 21126037K->1351347K(22937600K), 0.3132939 secs] 64143931K->44427975K(130940928K), 0.3137687 secs] [Times: user=3.43 sys=0.25, real=0.32 secs] 
2024-03-23T04:52:25.242+0800: 129620.663: [GC (Allocation Failure) 2024-03-23T04:52:25.242+0800: 129620.663: [ParNew: 21012147K->1408132K(22937600K), 0.2965066 secs] 64088775K->44517746K(130940928K), 0.2969379 secs] [Times: user=3.02 sys=0.51, real=0.30 secs] 
2024-03-23T04:52:33.580+0800: 129629.001: [GC (Allocation Failure) 2024-03-23T04:52:33.581+0800: 129629.002: [ParNew: 21068932K->1371389K(22937600K), 0.2757235 secs] 64178546K->44513070K(130940928K), 0.2762253 secs] [Times: user=3.01 sys=0.26, real=0.27 secs] 
2024-03-23T04:52:43.488+0800: 129638.909: [GC (Allocation Failure) 2024-03-23T04:52:43.488+0800: 129638.909: [ParNew: 21032189K->1510182K(22937600K), 0.3699303 secs] 64173870K->44680050K(130940928K), 0.3704537 secs] [Times: user=3.39 sys=1.48, real=0.37 secs] 
2024-03-23T04:52:54.208+0800: 129649.629: [GC (Allocation Failure) 2024-03-23T04:52:54.208+0800: 129649.629: [ParNew: 21170982K->1501982K(22937600K), 0.3440177 secs] 64340850K->44707274K(130940928K), 0.3444942 secs] [Times: user=3.83 sys=0.87, real=0.34 secs] 
2024-03-23T04:53:04.217+0800: 129659.638: [GC (Allocation Failure) 2024-03-23T04:53:04.217+0800: 129659.638: [ParNew: 21162782K->1393925K(22937600K), 0.3008475 secs] 64368074K->44627115K(130940928K), 0.3013206 secs] [Times: user=3.76 sys=0.22, real=0.31 secs] 
2024-03-23T04:53:11.812+0800: 129667.233: [GC (Allocation Failure) 2024-03-23T04:53:11.812+0800: 129667.233: [ParNew: 21054725K->1591321K(22937600K), 0.2655121 secs] 64287915K->44857780K(130940928K), 0.2659600 secs] [Times: user=2.90 sys=0.54, real=0.27 secs] 
2024-03-23T04:53:21.611+0800: 129677.032: [GC (Allocation Failure) 2024-03-23T04:53:21.611+0800: 129677.032: [ParNew: 21252121K->1293507K(22937600K), 0.2894123 secs] 64518580K->44596965K(130940928K), 0.2899816 secs] [Times: user=3.33 sys=0.22, real=0.29 secs] 
2024-03-23T04:53:31.086+0800: 129686.507: [GC (Allocation Failure) 2024-03-23T04:53:31.086+0800: 129686.507: [ParNew: 20954307K->1353303K(22937600K), 0.2732959 secs] 64257765K->44702677K(130940928K), 0.2737754 secs] [Times: user=3.04 sys=0.31, real=0.28 secs] 
2024-03-23T04:53:41.838+0800: 129697.259: [GC (Allocation Failure) 2024-03-23T04:53:41.838+0800: 129697.259: [ParNew: 21014103K->1486202K(22937600K), 0.3017245 secs] 64363477K->44871396K(130940928K), 0.3022383 secs] [Times: user=3.35 sys=0.77, real=0.30 secs] 
2024-03-23T04:53:51.070+0800: 129706.491: [GC (Allocation Failure) 2024-03-23T04:53:51.070+0800: 129706.491: [ParNew: 21147002K->1572751K(22937600K), 0.3392497 secs] 64532196K->45004126K(130940928K), 0.3396773 secs] [Times: user=4.05 sys=0.67, real=0.34 secs] 
2024-03-23T04:54:00.052+0800: 129715.472: [GC (Allocation Failure) 2024-03-23T04:54:00.052+0800: 129715.473: [ParNew: 21233551K->1439360K(22937600K), 0.2939930 secs] 64664926K->44917007K(130940928K), 0.2944246 secs] [Times: user=3.44 sys=0.56, real=0.29 secs] 
2024-03-23T04:54:09.033+0800: 129724.454: [GC (Allocation Failure) 2024-03-23T04:54:09.033+0800: 129724.454: [ParNew: 21100160K->1493968K(22937600K), 0.2678351 secs] 64577807K->45030299K(130940928K), 0.2682631 secs] [Times: user=3.35 sys=0.13, real=0.27 secs] 
2024-03-23T04:54:18.016+0800: 129733.437: [GC (Allocation Failure) 2024-03-23T04:54:18.016+0800: 129733.437: [ParNew: 21154768K->1415212K(22937600K), 0.2605231 secs] 64691099K->45013049K(130940928K), 0.2609834 secs] [Times: user=2.88 sys=0.43, real=0.26 secs] 
2024-03-23T04:54:26.756+0800: 129742.177: [GC (Allocation Failure) 2024-03-23T04:54:26.757+0800: 129742.177: [ParNew: 21076012K->1341039K(22937600K), 0.2467073 secs] 64673849K->44982416K(130940928K), 0.2471585 secs] [Times: user=2.76 sys=0.42, real=0.25 secs] 
2024-03-23T04:54:34.652+0800: 129750.073: [GC (Allocation Failure) 2024-03-23T04:54:34.653+0800: 129750.073: [ParNew: 21001839K->1504277K(22937600K), 0.2414886 secs] 64643216K->45178221K(130940928K), 0.2419855 secs] [Times: user=3.18 sys=0.00, real=0.24 secs] 
2024-03-23T04:54:43.557+0800: 129758.978: [GC (Allocation Failure) 2024-03-23T04:54:43.557+0800: 129758.978: [ParNew: 21165077K->1387776K(22937600K), 0.2986765 secs] 64839021K->45097610K(130940928K), 0.2991540 secs] [Times: user=3.31 sys=0.74, real=0.30 secs] 
2024-03-23T04:54:53.074+0800: 129768.495: [GC (Allocation Failure) 2024-03-23T04:54:53.075+0800: 129768.495: [ParNew: 21048576K->1474012K(22937600K), 0.3128067 secs] 64758410K->45255864K(130940928K), 0.3132911 secs] [Times: user=3.33 sys=0.80, real=0.32 secs] 
2024-03-23T04:55:01.857+0800: 129777.278: [GC (Allocation Failure) 2024-03-23T04:55:01.858+0800: 129777.279: [ParNew: 21134812K->1316770K(22937600K), 0.3153722 secs] 64916664K->45177268K(130940928K), 0.3158913 secs] [Times: user=3.33 sys=0.16, real=0.32 secs] 
2024-03-23T04:55:10.371+0800: 129785.792: [GC (Allocation Failure) 2024-03-23T04:55:10.371+0800: 129785.792: [ParNew: 20977570K->1323444K(22937600K), 0.3057781 secs] 64838068K->45252965K(130940928K), 0.3062149 secs] [Times: user=3.42 sys=0.65, real=0.31 secs] 
2024-03-23T04:55:19.224+0800: 129794.644: [GC (Allocation Failure) 2024-03-23T04:55:19.224+0800: 129794.645: [ParNew: 20984240K->1323159K(22937600K), 0.2573994 secs] 64913761K->45287704K(130940928K), 0.2578344 secs] [Times: user=2.79 sys=0.39, real=0.26 secs] 
2024-03-23T04:55:27.063+0800: 129802.484: [GC (Allocation Failure) 2024-03-23T04:55:27.063+0800: 129802.484: [ParNew: 20983959K->1212104K(22937600K), 0.2520693 secs] 64948504K->45216479K(130940928K), 0.2524574 secs] [Times: user=3.13 sys=0.00, real=0.25 secs] 
2024-03-23T04:55:35.667+0800: 129811.088: [GC (Allocation Failure) 2024-03-23T04:55:35.667+0800: 129811.088: [ParNew: 20872904K->1159516K(22937600K), 0.2715497 secs] 64877279K->45196156K(130940928K), 0.2720874 secs] [Times: user=3.27 sys=0.29, real=0.28 secs] 
2024-03-23T04:55:43.788+0800: 129819.208: [GC (Allocation Failure) 2024-03-23T04:55:43.788+0800: 129819.209: [ParNew: 20820316K->1198460K(22937600K), 0.2758246 secs] 64856956K->45273604K(130940928K), 0.2762462 secs] [Times: user=2.68 sys=0.95, real=0.27 secs] 
2024-03-23T04:55:52.464+0800: 129827.884: [GC (Allocation Failure) 2024-03-23T04:55:52.464+0800: 129827.885: [ParNew: 20859260K->1192807K(22937600K), 0.3371860 secs] 64934404K->45308888K(130940928K), 0.3376411 secs] [Times: user=3.75 sys=0.65, real=0.34 secs] 
2024-03-23T04:56:01.895+0800: 129837.316: [GC (Allocation Failure) 2024-03-23T04:56:01.895+0800: 129837.316: [ParNew: 20853607K->1039181K(22937600K), 0.2744965 secs] 64969688K->45199722K(130940928K), 0.2749646 secs] [Times: user=3.02 sys=0.08, real=0.28 secs] 
2024-03-23T04:56:10.192+0800: 129845.613: [GC (Allocation Failure) 2024-03-23T04:56:10.192+0800: 129845.613: [ParNew: 20699981K->1171294K(22937600K), 0.2829329 secs] 64860522K->45368080K(130940928K), 0.2833974 secs] [Times: user=2.71 sys=0.46, real=0.28 secs] 
2024-03-23T04:56:17.874+0800: 129853.295: [GC (Allocation Failure) 2024-03-23T04:56:17.874+0800: 129853.295: [ParNew: 20832094K->1192663K(22937600K), 0.3168078 secs] 65028880K->45420997K(130940928K), 0.3171620 secs] [Times: user=3.56 sys=0.06, real=0.32 secs] 
2024-03-23T04:56:24.686+0800: 129860.107: [GC (Allocation Failure) 2024-03-23T04:56:24.687+0800: 129860.107: [ParNew: 20853463K->1288716K(22937600K), 0.2799237 secs] 65081797K->45541312K(130940928K), 0.2803520 secs] [Times: user=2.97 sys=0.41, real=0.28 secs] 
2024-03-23T04:56:31.248+0800: 129866.668: [GC (Allocation Failure) 2024-03-23T04:56:31.248+0800: 129866.669: [ParNew: 20949516K->1226970K(22937600K), 0.2720292 secs] 65202112K->45509467K(130940928K), 0.2724426 secs] [Times: user=3.18 sys=0.00, real=0.27 secs] 
2024-03-23T04:56:37.963+0800: 129873.384: [GC (Allocation Failure) 2024-03-23T04:56:37.964+0800: 129873.384: [ParNew: 20887770K->1237781K(22937600K), 0.2805007 secs] 65170267K->45545673K(130940928K), 0.2809698 secs] [Times: user=3.07 sys=0.45, real=0.28 secs] 
2024-03-23T04:56:44.718+0800: 129880.139: [GC (Allocation Failure) 2024-03-23T04:56:44.718+0800: 129880.139: [ParNew: 20898581K->1208618K(22937600K), 0.2928563 secs] 65206473K->45540516K(130940928K), 0.2932588 secs] [Times: user=3.10 sys=0.53, real=0.29 secs] 
2024-03-23T04:56:51.515+0800: 129886.936: [GC (Allocation Failure) 2024-03-23T04:56:51.515+0800: 129886.936: [ParNew: 20869418K->1211191K(22937600K), 0.3146848 secs] 65201316K->45569812K(130940928K), 0.3151027 secs] [Times: user=3.27 sys=0.68, real=0.32 secs] 
2024-03-23T04:57:00.802+0800: 129896.223: [GC (Allocation Failure) 2024-03-23T04:57:00.802+0800: 129896.223: [ParNew: 20871991K->1297388K(22937600K), 0.2935557 secs] 65230612K->45679932K(130940928K), 0.2939353 secs] [Times: user=3.39 sys=0.11, real=0.29 secs] 
2024-03-23T04:57:07.324+0800: 129902.745: [GC (Allocation Failure) 2024-03-23T04:57:07.324+0800: 129902.745: [ParNew: 20958188K->1436904K(22937600K), 0.2924258 secs] 65340732K->45841487K(130940928K), 0.2928093 secs] [Times: user=3.24 sys=0.00, real=0.29 secs] 
2024-03-23T04:57:14.545+0800: 129909.965: [GC (Allocation Failure) 2024-03-23T04:57:14.545+0800: 129909.966: [ParNew: 21097704K->1379151K(22937600K), 0.3176718 secs] 65502287K->45804672K(130940928K), 0.3180455 secs] [Times: user=4.02 sys=0.17, real=0.32 secs] 
2024-03-23T04:57:21.531+0800: 129916.952: [GC (Allocation Failure) 2024-03-23T04:57:21.531+0800: 129916.952: [ParNew: 21039951K->1404064K(22937600K), 0.2808598 secs] 65465472K->45858538K(130940928K), 0.2812238 secs] [Times: user=3.08 sys=0.47, real=0.28 secs] 
2024-03-23T04:57:30.655+0800: 129926.076: [GC (Allocation Failure) 2024-03-23T04:57:30.655+0800: 129926.076: [ParNew: 21064864K->1352376K(22937600K), 0.2760896 secs] 65519338K->45824944K(130940928K), 0.2765544 secs] [Times: user=3.06 sys=0.30, real=0.28 secs] 
2024-03-23T04:57:37.596+0800: 129933.017: [GC (Allocation Failure) 2024-03-23T04:57:37.596+0800: 129933.017: [ParNew: 21013176K->1480216K(22937600K), 0.2833811 secs] 65485744K->45973502K(130940928K), 0.2838506 secs] [Times: user=2.87 sys=0.71, real=0.29 secs] 
2024-03-23T04:57:44.442+0800: 129939.863: [GC (Allocation Failure) 2024-03-23T04:57:44.443+0800: 129939.863: [ParNew: 21141016K->1397898K(22937600K), 0.3169340 secs] 65634302K->45922321K(130940928K), 0.3173967 secs] [Times: user=3.45 sys=0.46, real=0.32 secs] 
2024-03-23T04:57:52.785+0800: 129948.206: [GC (Allocation Failure) 2024-03-23T04:57:52.786+0800: 129948.206: [ParNew: 21058412K->1387299K(22937600K), 0.2890358 secs] 65582834K->45931754K(130940928K), 0.2895109 secs] [Times: user=3.59 sys=0.18, real=0.29 secs] 
2024-03-23T04:58:01.392+0800: 129956.813: [GC (Allocation Failure) 2024-03-23T04:58:01.392+0800: 129956.813: [ParNew: 21048099K->1419356K(22937600K), 0.2579303 secs] 65592554K->45991309K(130940928K), 0.2583634 secs] [Times: user=3.23 sys=0.07, real=0.26 secs] 
2024-03-23T04:58:08.403+0800: 129963.824: [GC (Allocation Failure) 2024-03-23T04:58:08.403+0800: 129963.824: [ParNew: 21080156K->1400343K(22937600K), 0.2692400 secs] 65652109K->45999856K(130940928K), 0.2697120 secs] [Times: user=3.40 sys=0.04, real=0.27 secs] 
2024-03-23T04:58:15.403+0800: 129970.824: [GC (Allocation Failure) 2024-03-23T04:58:15.403+0800: 129970.824: [ParNew: 21061143K->1404850K(22937600K), 0.2795879 secs] 65660656K->46029246K(130940928K), 0.2800367 secs] [Times: user=3.12 sys=0.48, real=0.28 secs] 
2024-03-23T04:58:22.819+0800: 129978.240: [GC (Allocation Failure) 2024-03-23T04:58:22.819+0800: 129978.240: [ParNew: 21065650K->1486958K(22937600K), 0.2834074 secs] 65690046K->46139238K(130940928K), 0.2838490 secs] [Times: user=3.61 sys=0.09, real=0.28 secs] 
2024-03-23T04:58:30.975+0800: 129986.396: [GC (Allocation Failure) 2024-03-23T04:58:30.975+0800: 129986.396: [ParNew: 21147758K->1524691K(22937600K), 0.2706286 secs] 65800038K->46199896K(130940928K), 0.2710839 secs] [Times: user=3.53 sys=0.00, real=0.27 secs] 
2024-03-23T04:58:38.493+0800: 129993.913: [GC (Allocation Failure) 2024-03-23T04:58:38.493+0800: 129993.914: [ParNew: 21185491K->1492080K(22937600K), 0.3271017 secs] 65860696K->46193355K(130940928K), 0.3275794 secs] [Times: user=3.42 sys=1.01, real=0.33 secs] 
2024-03-23T04:58:46.555+0800: 130001.976: [GC (Allocation Failure) 2024-03-23T04:58:46.555+0800: 130001.976: [ParNew: 21152880K->1413860K(22937600K), 0.3565141 secs] 65854155K->46138535K(130940928K), 0.3569800 secs] [Times: user=3.95 sys=0.91, real=0.36 secs] 
2024-03-23T04:58:53.884+0800: 130009.304: [GC (Allocation Failure) 2024-03-23T04:58:53.884+0800: 130009.305: [ParNew: 21074660K->1435346K(22937600K), 0.2866311 secs] 65799335K->46182592K(130940928K), 0.2870878 secs] [Times: user=3.67 sys=0.16, real=0.29 secs] 
2024-03-23T04:59:02.834+0800: 130018.255: [GC (Allocation Failure) 2024-03-23T04:59:02.835+0800: 130018.255: [ParNew: 21096146K->1526452K(22937600K), 0.3056723 secs] 65843392K->46314565K(130940928K), 0.3061295 secs] [Times: user=3.70 sys=0.18, real=0.31 secs] 
2024-03-23T04:59:10.239+0800: 130025.659: [GC (Allocation Failure) 2024-03-23T04:59:10.239+0800: 130025.660: [ParNew: 21187252K->1437053K(22937600K), 0.2934982 secs] 65975365K->46257773K(130940928K), 0.2939424 secs] [Times: user=3.57 sys=0.11, real=0.29 secs] 
2024-03-23T04:59:17.898+0800: 130033.319: [GC (Allocation Failure) 2024-03-23T04:59:17.898+0800: 130033.319: [ParNew: 21097853K->1453714K(22937600K), 0.3021959 secs] 65918573K->46300180K(130940928K), 0.3026321 secs] [Times: user=3.78 sys=0.20, real=0.30 secs] 
2024-03-23T04:59:26.131+0800: 130041.552: [GC (Allocation Failure) 2024-03-23T04:59:26.131+0800: 130041.552: [ParNew: 21114514K->1444527K(22937600K), 0.2937105 secs] 65960980K->46403650K(130940928K), 0.2942102 secs] [Times: user=3.65 sys=0.09, real=0.29 secs] 
2024-03-23T04:59:34.604+0800: 130050.024: [GC (Allocation Failure) 2024-03-23T04:59:34.604+0800: 130050.025: [ParNew: 21105327K->1367033K(22937600K), 0.3089367 secs] 66064450K->46397835K(130940928K), 0.3093967 secs] [Times: user=3.42 sys=0.45, real=0.31 secs] 
2024-03-23T04:59:43.592+0800: 130059.013: [GC (Allocation Failure) 2024-03-23T04:59:43.592+0800: 130059.013: [ParNew: 21027833K->1155699K(22937600K), 0.3091556 secs] 66058635K->46316852K(130940928K), 0.3095903 secs] [Times: user=2.87 sys=0.82, real=0.31 secs] 
2024-03-23T04:59:52.198+0800: 130067.619: [GC (Allocation Failure) 2024-03-23T04:59:52.198+0800: 130067.619: [ParNew: 20816499K->1036158K(22937600K), 0.2836534 secs] 65977652K->46286005K(130940928K), 0.2840977 secs] [Times: user=3.36 sys=0.11, real=0.28 secs] 
2024-03-23T05:00:01.164+0800: 130076.585: [GC (Allocation Failure) 2024-03-23T05:00:01.165+0800: 130076.586: [ParNew: 20696958K->1132331K(22937600K), 0.2723261 secs] 65946805K->46449217K(130940928K), 0.2727305 secs] [Times: user=2.89 sys=0.53, real=0.27 secs] 
2024-03-23T05:00:10.847+0800: 130086.268: [GC (Allocation Failure) 2024-03-23T05:00:10.848+0800: 130086.268: [ParNew: 20793131K->959683K(22937600K), 0.2627168 secs] 66110017K->46335311K(130940928K), 0.2631361 secs] [Times: user=2.82 sys=0.51, real=0.27 secs] 
2024-03-23T05:00:19.683+0800: 130095.104: [GC (Allocation Failure) 2024-03-23T05:00:19.683+0800: 130095.104: [ParNew: 20620483K->964459K(22937600K), 0.2675981 secs] 65996111K->46396916K(130940928K), 0.2680277 secs] [Times: user=2.85 sys=0.46, real=0.27 secs] 
2024-03-23T05:00:27.807+0800: 130103.228: [GC (Allocation Failure) 2024-03-23T05:00:27.807+0800: 130103.228: [ParNew: 20625259K->895066K(22937600K), 0.2615053 secs] 66057716K->46362735K(130940928K), 0.2619377 secs] [Times: user=3.74 sys=0.01, real=0.27 secs] 
2024-03-23T05:00:36.530+0800: 130111.951: [GC (Allocation Failure) 2024-03-23T05:00:36.530+0800: 130111.951: [ParNew: 20555866K->991460K(22937600K), 0.3520752 secs] 66023535K->46515131K(130940928K), 0.3525118 secs] [Times: user=3.28 sys=1.61, real=0.35 secs] 
2024-03-23T05:00:46.494+0800: 130121.915: [GC (Allocation Failure) 2024-03-23T05:00:46.495+0800: 130121.915: [ParNew: 20652260K->788432K(22937600K), 0.3584928 secs] 66175931K->46363159K(130940928K), 0.3589327 secs] [Times: user=4.28 sys=0.68, real=0.36 secs] 
2024-03-23T05:00:56.076+0800: 130131.497: [GC (Allocation Failure) 2024-03-23T05:00:56.076+0800: 130131.497: [ParNew: 20449232K->872995K(22937600K), 0.3036827 secs] 66023959K->46493138K(130940928K), 0.3041060 secs] [Times: user=3.65 sys=0.35, real=0.31 secs] 
2024-03-23T05:01:05.539+0800: 130140.960: [GC (Allocation Failure) 2024-03-23T05:01:05.539+0800: 130140.960: [ParNew: 20533795K->841046K(22937600K), 0.2803007 secs] 66153938K->46504874K(130940928K), 0.2806994 secs] [Times: user=3.40 sys=0.32, real=0.28 secs] 
2024-03-23T05:01:15.174+0800: 130150.595: [GC (Allocation Failure) 2024-03-23T05:01:15.174+0800: 130150.595: [ParNew: 20501846K->772599K(22937600K), 0.2675541 secs] 66165674K->46472001K(130940928K), 0.2679755 secs] [Times: user=3.24 sys=0.31, real=0.27 secs] 
2024-03-23T05:01:25.243+0800: 130160.664: [GC (Allocation Failure) 2024-03-23T05:01:25.243+0800: 130160.664: [ParNew: 20433399K->745310K(22937600K), 0.2882103 secs] 66132801K->46501477K(130940928K), 0.2886972 secs] [Times: user=3.22 sys=0.55, real=0.29 secs] 
2024-03-23T05:01:34.691+0800: 130170.111: [GC (Allocation Failure) 2024-03-23T05:01:34.691+0800: 130170.112: [ParNew: 20406110K->774556K(22937600K), 0.3669441 secs] 66162277K->46575373K(130940928K), 0.3674088 secs] [Times: user=2.87 sys=2.28, real=0.37 secs] 
2024-03-23T05:01:44.013+0800: 130179.434: [GC (Allocation Failure) 2024-03-23T05:01:44.014+0800: 130179.435: [ParNew: 20435356K->671801K(22937600K), 0.2682161 secs] 66236173K->46511011K(130940928K), 0.2686177 secs] [Times: user=3.17 sys=0.21, real=0.27 secs] 
2024-03-23T05:01:52.759+0800: 130188.180: [GC (Allocation Failure) 2024-03-23T05:01:52.760+0800: 130188.180: [ParNew: 20332601K->766400K(22937600K), 0.2644287 secs] 66171811K->46637442K(130940928K), 0.2648623 secs] [Times: user=3.14 sys=0.08, real=0.26 secs] 
2024-03-23T05:02:02.864+0800: 130198.285: [GC (Allocation Failure) 2024-03-23T05:02:02.864+0800: 130198.285: [ParNew: 20427200K->681311K(22937600K), 0.2676130 secs] 66298242K->46587999K(130940928K), 0.2680082 secs] [Times: user=3.08 sys=0.14, real=0.27 secs] 
2024-03-23T05:02:12.006+0800: 130207.427: [GC (Allocation Failure) 2024-03-23T05:02:12.006+0800: 130207.427: [ParNew: 20342111K->730922K(22937600K), 0.2882223 secs] 66248799K->46665453K(130940928K), 0.2885634 secs] [Times: user=3.29 sys=0.24, real=0.29 secs] 
2024-03-23T05:02:21.434+0800: 130216.855: [GC (Allocation Failure) 2024-03-23T05:02:21.434+0800: 130216.855: [ParNew: 20391722K->597705K(22937600K), 0.2796275 secs] 66326253K->46560692K(130940928K), 0.2800157 secs] [Times: user=3.24 sys=0.23, real=0.28 secs] 
2024-03-23T05:02:29.935+0800: 130225.356: [GC (Allocation Failure) 2024-03-23T05:02:29.935+0800: 130225.356: [ParNew: 20258505K->654368K(22937600K), 0.2342024 secs] 66221492K->46643632K(130940928K), 0.2346226 secs] [Times: user=3.01 sys=0.00, real=0.24 secs] 
2024-03-23T05:02:38.540+0800: 130233.961: [GC (Allocation Failure) 2024-03-23T05:02:38.540+0800: 130233.961: [ParNew: 20315168K->761062K(22937600K), 0.3567446 secs] 66304432K->46777650K(130940928K), 0.3572077 secs] [Times: user=3.30 sys=1.55, real=0.35 secs] 
2024-03-23T05:02:48.538+0800: 130243.958: [GC (Allocation Failure) 2024-03-23T05:02:48.538+0800: 130243.959: [ParNew: 20421862K->832353K(22937600K), 0.3023452 secs] 66438450K->46871639K(130940928K), 0.3028233 secs] [Times: user=3.06 sys=0.80, real=0.30 secs] 
2024-03-23T05:02:56.312+0800: 130251.733: [GC (Allocation Failure) 2024-03-23T05:02:56.312+0800: 130251.733: [ParNew: 20493153K->947090K(22937600K), 0.2602769 secs] 66532439K->47005946K(130940928K), 0.2607065 secs] [Times: user=3.05 sys=0.08, real=0.26 secs] 
2024-03-23T05:03:05.739+0800: 130261.160: [GC (Allocation Failure) 2024-03-23T05:03:05.740+0800: 130261.160: [ParNew: 20607890K->919258K(22937600K), 0.3440559 secs] 66666746K->47011482K(130940928K), 0.3445075 secs] [Times: user=4.29 sys=0.32, real=0.34 secs] 
2024-03-23T05:03:13.886+0800: 130269.307: [GC (Allocation Failure) 2024-03-23T05:03:13.886+0800: 130269.307: [ParNew: 20580058K->938306K(22937600K), 0.2915710 secs] 66672282K->47055946K(130940928K), 0.2920546 secs] [Times: user=3.21 sys=0.54, real=0.30 secs] 
2024-03-23T05:03:24.357+0800: 130279.778: [GC (Allocation Failure) 2024-03-23T05:03:24.357+0800: 130279.778: [ParNew: 20599106K->988976K(22937600K), 0.2768941 secs] 66716746K->47134056K(130940928K), 0.2773790 secs] [Times: user=3.23 sys=0.06, real=0.28 secs] 
2024-03-23T05:03:31.909+0800: 130287.329: [GC (Allocation Failure) 2024-03-23T05:03:31.909+0800: 130287.330: [ParNew: 20649776K->1051444K(22937600K), 0.2803409 secs] 66794856K->47228085K(130940928K), 0.2808053 secs] [Times: user=3.27 sys=0.00, real=0.28 secs] 
2024-03-23T05:03:39.939+0800: 130295.360: [GC (Allocation Failure) 2024-03-23T05:03:39.939+0800: 130295.360: [ParNew: 20712244K->1063973K(22937600K), 0.3104739 secs] 66888885K->47268063K(130940928K), 0.3109826 secs] [Times: user=3.19 sys=0.87, real=0.31 secs] 
2024-03-23T05:03:48.751+0800: 130304.171: [GC (Allocation Failure) 2024-03-23T05:03:48.751+0800: 130304.172: [ParNew: 20724773K->1013363K(22937600K), 0.3386140 secs] 66928863K->47252965K(130940928K), 0.3390986 secs] [Times: user=3.82 sys=0.67, real=0.34 secs] 
2024-03-23T05:03:57.387+0800: 130312.808: [GC (Allocation Failure) 2024-03-23T05:03:57.387+0800: 130312.808: [ParNew: 20674163K->1080400K(22937600K), 0.2741845 secs] 66913765K->47351145K(130940928K), 0.2746379 secs] [Times: user=2.88 sys=0.50, real=0.28 secs] 
2024-03-23T05:04:05.880+0800: 130321.301: [GC (Allocation Failure) 2024-03-23T05:04:05.880+0800: 130321.301: [ParNew: 20741200K->1086560K(22937600K), 0.2628149 secs] 67011945K->47381728K(130940928K), 0.2632588 secs] [Times: user=3.15 sys=0.05, real=0.26 secs] 
2024-03-23T05:04:14.070+0800: 130329.490: [GC (Allocation Failure) 2024-03-23T05:04:14.070+0800: 130329.491: [ParNew: 20747360K->1051598K(22937600K), 0.2609806 secs] 67042528K->47368384K(130940928K), 0.2614472 secs] [Times: user=2.85 sys=0.42, real=0.26 secs] 
2024-03-23T05:04:22.467+0800: 130337.888: [GC (Allocation Failure) 2024-03-23T05:04:22.467+0800: 130337.888: [ParNew: 20712398K->1172811K(22937600K), 0.2747799 secs] 67029184K->47516712K(130940928K), 0.2752281 secs] [Times: user=2.89 sys=0.48, real=0.28 secs] 
2024-03-23T05:04:30.956+0800: 130346.377: [GC (Allocation Failure) 2024-03-23T05:04:30.956+0800: 130346.377: [ParNew: 20833611K->1212704K(22937600K), 0.2498296 secs] 67177512K->47580159K(130940928K), 0.2503074 secs] [Times: user=2.81 sys=0.20, real=0.25 secs] 
2024-03-23T05:04:39.490+0800: 130354.911: [GC (Allocation Failure) 2024-03-23T05:04:39.490+0800: 130354.911: [ParNew: 20873504K->1359333K(22937600K), 0.3040551 secs] 67240959K->47753425K(130940928K), 0.3045376 secs] [Times: user=3.21 sys=0.75, real=0.30 secs] 
2024-03-23T05:04:50.261+0800: 130365.682: [GC (Allocation Failure) 2024-03-23T05:04:50.261+0800: 130365.682: [ParNew: 21020133K->1242834K(22937600K), 0.2962021 secs] 67414225K->47681603K(130940928K), 0.2966318 secs] [Times: user=3.08 sys=0.59, real=0.30 secs] 
2024-03-23T05:04:59.812+0800: 130375.233: [GC (Allocation Failure) 2024-03-23T05:04:59.813+0800: 130375.233: [ParNew: 20903634K->1179561K(22937600K), 0.3545610 secs] 67342403K->47702873K(130940928K), 0.3550094 secs] [Times: user=3.90 sys=0.32, real=0.35 secs] 
2024-03-23T05:05:09.649+0800: 130385.070: [GC (Allocation Failure) 2024-03-23T05:05:09.649+0800: 130385.070: [ParNew: 20840361K->1107231K(22937600K), 0.3029573 secs] 67363673K->47721168K(130940928K), 0.3033748 secs] [Times: user=2.80 sys=0.52, real=0.30 secs] 
2024-03-23T05:05:21.321+0800: 130396.742: [GC (Allocation Failure) 2024-03-23T05:05:21.321+0800: 130396.742: [ParNew: 20768031K->1093055K(22937600K), 0.2776899 secs] 67381968K->47763987K(130940928K), 0.2780273 secs] [Times: user=2.77 sys=0.55, real=0.28 secs] 
2024-03-23T05:05:32.365+0800: 130407.786: [GC (Allocation Failure) 2024-03-23T05:05:32.365+0800: 130407.786: [ParNew: 20753855K->933045K(22937600K), 0.2652420 secs] 67424787K->47656938K(130940928K), 0.2655876 secs] [Times: user=3.32 sys=0.00, real=0.27 secs] 
2024-03-23T05:05:43.653+0800: 130419.074: [GC (Allocation Failure) 2024-03-23T05:05:43.653+0800: 130419.074: [ParNew: 20593845K->1030315K(22937600K), 0.3494807 secs] 67317738K->47810932K(130940928K), 0.3498420 secs] [Times: user=3.30 sys=1.37, real=0.35 secs] 
2024-03-23T05:05:54.489+0800: 130429.910: [GC (Allocation Failure) 2024-03-23T05:05:54.489+0800: 130429.910: [ParNew: 20691115K->961618K(22937600K), 0.2326975 secs] 67471732K->47789876K(130940928K), 0.2331390 secs] [Times: user=2.48 sys=0.49, real=0.23 secs] 
2024-03-23T05:06:05.412+0800: 130440.833: [GC (Allocation Failure) 2024-03-23T05:06:05.412+0800: 130440.833: [ParNew: 20622418K->871993K(22937600K), 0.2460547 secs] 67450676K->47744635K(130940928K), 0.2464346 secs] [Times: user=2.80 sys=0.54, real=0.25 secs] 
2024-03-23T05:06:17.368+0800: 130452.788: [GC (Allocation Failure) 2024-03-23T05:06:17.368+0800: 130452.789: [ParNew: 20532793K->929012K(22937600K), 0.2286855 secs] 67405435K->47832671K(130940928K), 0.2291151 secs] [Times: user=2.48 sys=0.55, real=0.22 secs] 
2024-03-23T05:06:29.666+0800: 130465.086: [GC (Allocation Failure) 2024-03-23T05:06:29.666+0800: 130465.087: [ParNew: 20589812K->924338K(22937600K), 0.2116764 secs] 67493471K->47893545K(130940928K), 0.2120939 secs] [Times: user=2.48 sys=0.25, real=0.22 secs] 
2024-03-23T05:06:40.558+0800: 130475.979: [GC (Allocation Failure) 2024-03-23T05:06:40.559+0800: 130475.980: [ParNew: 20585138K->831397K(22937600K), 0.2611355 secs] 67554345K->47842775K(130940928K), 0.2615903 secs] [Times: user=2.44 sys=1.33, real=0.26 secs] 
2024-03-23T05:06:51.313+0800: 130486.734: [GC (Allocation Failure) 2024-03-23T05:06:51.313+0800: 130486.734: [ParNew: 20492197K->818248K(22937600K), 0.3027924 secs] 67503575K->47867394K(130940928K), 0.3032483 secs] [Times: user=3.97 sys=0.70, real=0.30 secs] 
2024-03-23T05:07:01.682+0800: 130497.103: [GC (Allocation Failure) 2024-03-23T05:07:01.682+0800: 130497.103: [ParNew: 20479048K->746026K(22937600K), 0.2508462 secs] 67528194K->47868581K(130940928K), 0.2512736 secs] [Times: user=3.00 sys=0.53, real=0.25 secs] 
2024-03-23T05:07:11.646+0800: 130507.067: [GC (Allocation Failure) 2024-03-23T05:07:11.646+0800: 130507.067: [ParNew: 20406826K->722892K(22937600K), 0.2026160 secs] 67529381K->47884831K(130940928K), 0.2030533 secs] [Times: user=2.38 sys=0.50, real=0.21 secs] 
2024-03-23T05:07:20.576+0800: 130515.997: [GC (Allocation Failure) 2024-03-23T05:07:20.577+0800: 130515.997: [ParNew: 20383692K->829026K(22937600K), 0.1900921 secs] 67545631K->48027595K(130940928K), 0.1905082 secs] [Times: user=2.71 sys=0.03, real=0.19 secs] 
2024-03-23T05:07:31.952+0800: 130527.373: [GC (Allocation Failure) 2024-03-23T05:07:31.952+0800: 130527.373: [ParNew: 20489826K->785542K(22937600K), 0.2479058 secs] 67688395K->48023536K(130940928K), 0.2483930 secs] [Times: user=2.76 sys=0.96, real=0.25 secs] 
2024-03-23T05:07:41.945+0800: 130537.366: [GC (Allocation Failure) 2024-03-23T05:07:41.945+0800: 130537.366: [ParNew: 20446342K->730526K(22937600K), 0.1902365 secs] 67684336K->48002651K(130940928K), 0.1906756 secs] [Times: user=2.24 sys=0.42, real=0.19 secs] 
2024-03-23T05:07:54.032+0800: 130549.453: [GC (Allocation Failure) 2024-03-23T05:07:54.032+0800: 130549.453: [ParNew: 20391326K->812881K(22937600K), 0.2212411 secs] 67663451K->48117003K(130940928K), 0.2216881 secs] [Times: user=3.04 sys=0.48, real=0.22 secs] 
2024-03-23T05:08:03.837+0800: 130559.258: [GC (Allocation Failure) 2024-03-23T05:08:03.837+0800: 130559.258: [ParNew: 20473681K->858538K(22937600K), 0.1962898 secs] 67777803K->48189483K(130940928K), 0.1967518 secs] [Times: user=2.27 sys=0.46, real=0.20 secs] 
2024-03-23T05:08:14.665+0800: 130570.086: [GC (Allocation Failure) 2024-03-23T05:08:14.665+0800: 130570.086: [ParNew: 20519338K->792733K(22937600K), 0.1988664 secs] 67850283K->48146931K(130940928K), 0.1993253 secs] [Times: user=2.32 sys=0.55, real=0.20 secs] 
2024-03-23T05:08:25.627+0800: 130581.048: [GC (Allocation Failure) 2024-03-23T05:08:25.627+0800: 130581.048: [ParNew: 20453533K->753623K(22937600K), 0.1914673 secs] 67807731K->48136980K(130940928K), 0.1919559 secs] [Times: user=2.34 sys=0.34, real=0.20 secs] 
2024-03-23T05:08:37.829+0800: 130593.250: [GC (Allocation Failure) 2024-03-23T05:08:37.830+0800: 130593.250: [ParNew: 20414423K->840155K(22937600K), 0.2682019 secs] 67797780K->48247181K(130940928K), 0.2687484 secs] [Times: user=2.94 sys=1.12, real=0.27 secs] 
2024-03-23T05:08:48.087+0800: 130603.508: [GC (Allocation Failure) 2024-03-23T05:08:48.087+0800: 130603.508: [ParNew: 20500955K->860329K(22937600K), 0.2111083 secs] 67907981K->48292112K(130940928K), 0.2116258 secs] [Times: user=2.64 sys=0.35, real=0.22 secs] 
2024-03-23T05:08:59.278+0800: 130614.699: [GC (Allocation Failure) 2024-03-23T05:08:59.278+0800: 130614.699: [ParNew: 20521129K->836029K(22937600K), 0.2121090 secs] 67952912K->48291689K(130940928K), 0.2125654 secs] [Times: user=2.54 sys=0.52, real=0.21 secs] 
2024-03-23T05:09:09.488+0800: 130624.909: [GC (Allocation Failure) 2024-03-23T05:09:09.488+0800: 130624.909: [ParNew: 20496829K->895832K(22937600K), 0.2004791 secs] 67952489K->48381350K(130940928K), 0.2009392 secs] [Times: user=2.32 sys=0.54, real=0.20 secs] 
2024-03-23T05:09:21.225+0800: 130636.646: [GC (Allocation Failure) 2024-03-23T05:09:21.225+0800: 130636.646: [ParNew: 20556632K->890049K(22937600K), 0.2004682 secs] 68042150K->48402907K(130940928K), 0.2009504 secs] [Times: user=2.31 sys=0.54, real=0.20 secs] 
2024-03-23T05:09:32.562+0800: 130647.983: [GC (Allocation Failure) 2024-03-23T05:09:32.563+0800: 130647.984: [ParNew: 20550849K->987713K(22937600K), 0.2503809 secs] 68063707K->48528210K(130940928K), 0.2508963 secs] [Times: user=2.78 sys=0.79, real=0.25 secs] 
2024-03-23T05:09:43.867+0800: 130659.288: [GC (Allocation Failure) 2024-03-23T05:09:43.868+0800: 130659.289: [ParNew: 20648513K->911543K(22937600K), 0.2730310 secs] 68189010K->48486479K(130940928K), 0.2734748 secs] [Times: user=3.59 sys=0.40, real=0.28 secs] 
2024-03-23T05:09:58.567+0800: 130673.988: [GC (Allocation Failure) 2024-03-23T05:09:58.567+0800: 130673.988: [ParNew: 20572343K->851214K(22937600K), 0.2167951 secs] 68147279K->48479828K(130940928K), 0.2173091 secs] [Times: user=2.34 sys=0.61, real=0.22 secs] 
2024-03-23T05:10:08.843+0800: 130684.263: [GC (Allocation Failure) 2024-03-23T05:10:08.843+0800: 130684.264: [ParNew: 20512014K->819992K(22937600K), 0.2165695 secs] 68140628K->48490924K(130940928K), 0.2170689 secs] [Times: user=2.82 sys=0.05, real=0.22 secs] 
2024-03-23T05:10:20.706+0800: 130696.127: [GC (Allocation Failure) 2024-03-23T05:10:20.706+0800: 130696.127: [ParNew: 20480792K->886938K(22937600K), 0.2262192 secs] 68151724K->48594545K(130940928K), 0.2267167 secs] [Times: user=2.80 sys=0.32, real=0.23 secs] 
2024-03-23T05:10:33.397+0800: 130708.818: [GC (Allocation Failure) 2024-03-23T05:10:33.398+0800: 130708.818: [ParNew: 20547738K->920929K(22937600K), 0.2068464 secs] 68255345K->48669497K(130940928K), 0.2075554 secs] [Times: user=2.43 sys=0.22, real=0.21 secs] 
2024-03-23T05:10:44.302+0800: 130719.723: [GC (Allocation Failure) 2024-03-23T05:10:44.302+0800: 130719.723: [ParNew: 20581729K->1012168K(22937600K), 0.3327232 secs] 68330297K->48793165K(130940928K), 0.3332533 secs] [Times: user=2.65 sys=2.27, real=0.33 secs] 
2024-03-23T05:10:56.791+0800: 130732.212: [GC (Allocation Failure) 2024-03-23T05:10:56.791+0800: 130732.212: [ParNew: 20672968K->966754K(22937600K), 0.2122928 secs] 68453965K->48775074K(130940928K), 0.2127838 secs] [Times: user=2.76 sys=0.21, real=0.21 secs] 
2024-03-23T05:11:06.677+0800: 130742.098: [GC (Allocation Failure) 2024-03-23T05:11:06.677+0800: 130742.098: [ParNew: 20627554K->1053015K(22937600K), 0.2438244 secs] 68435874K->48892966K(130940928K), 0.2442738 secs] [Times: user=2.89 sys=0.53, real=0.25 secs] 
2024-03-23T05:11:17.855+0800: 130753.275: [GC (Allocation Failure) 2024-03-23T05:11:17.855+0800: 130753.276: [ParNew: 20713815K->952853K(22937600K), 0.1981242 secs] 68553766K->48827668K(130940928K), 0.1985565 secs] [Times: user=2.47 sys=0.42, real=0.20 secs] 
2024-03-23T05:11:27.249+0800: 130762.670: [GC (Allocation Failure) 2024-03-23T05:11:27.249+0800: 130762.670: [ParNew: 20613653K->901163K(22937600K), 0.2004278 secs] 68488468K->48810244K(130940928K), 0.2009405 secs] [Times: user=2.97 sys=0.00, real=0.20 secs] 
2024-03-23T05:11:38.301+0800: 130773.722: [GC (Allocation Failure) 2024-03-23T05:11:38.301+0800: 130773.722: [ParNew: 20561963K->972061K(22937600K), 0.2533332 secs] 68471044K->48916336K(130940928K), 0.2538384 secs] [Times: user=2.99 sys=0.86, real=0.25 secs] 
2024-03-23T05:11:51.828+0800: 130787.249: [GC (Allocation Failure) 2024-03-23T05:11:51.828+0800: 130787.249: [ParNew: 20632861K->1027072K(22937600K), 0.2173154 secs] 68577136K->49004125K(130940928K), 0.2178149 secs] [Times: user=2.80 sys=0.50, real=0.21 secs] 
2024-03-23T05:12:01.311+0800: 130796.731: [GC (Allocation Failure) 2024-03-23T05:12:01.311+0800: 130796.732: [ParNew: 20687872K->971433K(22937600K), 0.2009604 secs] 68664925K->48985668K(130940928K), 0.2014000 secs] [Times: user=2.53 sys=0.44, real=0.20 secs] 
2024-03-23T05:12:11.325+0800: 130806.745: [GC (Allocation Failure) 2024-03-23T05:12:11.325+0800: 130806.746: [ParNew: 20632233K->960443K(22937600K), 0.2120071 secs] 68646468K->49009582K(130940928K), 0.2124584 secs] [Times: user=3.12 sys=0.08, real=0.21 secs] 
2024-03-23T05:12:21.916+0800: 130817.337: [GC (Allocation Failure) 2024-03-23T05:12:21.916+0800: 130817.337: [ParNew: 20621243K->939405K(22937600K), 0.1991473 secs] 68670382K->49021867K(130940928K), 0.1995995 secs] [Times: user=2.89 sys=0.16, real=0.20 secs] 
2024-03-23T05:12:33.143+0800: 130828.563: [GC (Allocation Failure) 2024-03-23T05:12:33.143+0800: 130828.564: [ParNew: 20600205K->919591K(22937600K), 0.2054372 secs] 68682667K->49047484K(130940928K), 0.2059399 secs] [Times: user=2.82 sys=0.24, real=0.21 secs] 
2024-03-23T05:12:45.496+0800: 130840.917: [GC (Allocation Failure) 2024-03-23T05:12:45.496+0800: 130840.917: [ParNew: 20580391K->1032565K(22937600K), 0.2725181 secs] 68708284K->49199524K(130940928K), 0.2729637 secs] [Times: user=2.93 sys=1.42, real=0.28 secs] 
2024-03-23T05:12:55.644+0800: 130851.065: [GC (Allocation Failure) 2024-03-23T05:12:55.644+0800: 130851.065: [ParNew: 20693365K->909454K(22937600K), 0.1909923 secs] 68860324K->49120570K(130940928K), 0.1913907 secs] [Times: user=2.28 sys=0.45, real=0.19 secs] 
2024-03-23T05:13:05.165+0800: 130860.586: [GC (Allocation Failure) 2024-03-23T05:13:05.165+0800: 130860.586: [ParNew: 20570254K->891855K(22937600K), 0.1893160 secs] 68781370K->49142003K(130940928K), 0.1897284 secs] [Times: user=2.68 sys=0.01, real=0.19 secs] 
2024-03-23T05:13:14.358+0800: 130869.779: [GC (Allocation Failure) 2024-03-23T05:13:14.358+0800: 130869.779: [ParNew: 20552655K->839470K(22937600K), 0.1887054 secs] 68802803K->49136009K(130940928K), 0.1890779 secs] [Times: user=2.33 sys=0.38, real=0.18 secs] 
2024-03-23T05:13:24.226+0800: 130879.647: [GC (Allocation Failure) 2024-03-23T05:13:24.227+0800: 130879.647: [ParNew: 20500270K->824720K(22937600K), 0.1946137 secs] 68796809K->49173299K(130940928K), 0.1950432 secs] [Times: user=2.73 sys=0.08, real=0.20 secs] 
2024-03-23T05:13:34.178+0800: 130889.598: [GC (Allocation Failure) 2024-03-23T05:13:34.178+0800: 130889.599: [ParNew: 20485520K->838564K(22937600K), 0.2999945 secs] 68834099K->49230354K(130940928K), 0.3004131 secs] [Times: user=2.43 sys=2.33, real=0.30 secs] 
2024-03-23T05:13:43.429+0800: 130898.850: [GC (Allocation Failure) 2024-03-23T05:13:43.429+0800: 130898.850: [ParNew: 20499364K->684245K(22937600K), 0.1834361 secs] 68891154K->49123422K(130940928K), 0.1838422 secs] [Times: user=2.20 sys=0.44, real=0.18 secs] 
2024-03-23T05:13:53.397+0800: 130908.818: [GC (Allocation Failure) 2024-03-23T05:13:53.397+0800: 130908.818: [ParNew: 20345045K->750213K(22937600K), 0.1871079 secs] 68784222K->49226505K(130940928K), 0.1875170 secs] [Times: user=2.22 sys=0.42, real=0.19 secs] 
2024-03-23T05:14:02.916+0800: 130918.337: [GC (Allocation Failure) 2024-03-23T05:14:02.917+0800: 130918.337: [ParNew: 20411013K->801760K(22937600K), 0.1903974 secs] 68887305K->49318278K(130940928K), 0.1908057 secs] [Times: user=2.67 sys=0.02, real=0.19 secs] 
2024-03-23T05:14:12.715+0800: 130928.136: [GC (Allocation Failure) 2024-03-23T05:14:12.715+0800: 130928.136: [ParNew: 20462560K->709385K(22937600K), 0.2771572 secs] 68979078K->49264121K(130940928K), 0.2775587 secs] [Times: user=3.94 sys=0.37, real=0.28 secs] 
2024-03-23T05:14:21.763+0800: 130937.184: [GC (Allocation Failure) 2024-03-23T05:14:21.763+0800: 130937.184: [ParNew: 20370185K->694042K(22937600K), 0.1901698 secs] 68924921K->49284753K(130940928K), 0.1905690 secs] [Times: user=2.60 sys=0.11, real=0.19 secs] 
2024-03-23T05:14:31.559+0800: 130946.980: [GC (Allocation Failure) 2024-03-23T05:14:31.560+0800: 130946.980: [ParNew: 20354842K->665193K(22937600K), 0.1742804 secs] 68945553K->49294431K(130940928K), 0.1747123 secs] [Times: user=2.33 sys=0.08, real=0.17 secs] 
2024-03-23T05:14:40.255+0800: 130955.676: [GC (Allocation Failure) 2024-03-23T05:14:40.256+0800: 130955.676: [ParNew: 20325993K->703822K(22937600K), 0.3562600 secs] 68955231K->49370217K(130940928K), 0.3568411 secs] [Times: user=2.96 sys=2.60, real=0.36 secs] 
2024-03-23T05:14:52.935+0800: 130968.356: [GC (Allocation Failure) 2024-03-23T05:14:52.935+0800: 130968.356: [ParNew: 20364622K->681768K(22937600K), 0.2086656 secs] 69031017K->49380805K(130940928K), 0.2091641 secs] [Times: user=2.15 sys=0.85, real=0.21 secs] 
2024-03-23T05:15:01.089+0800: 130976.509: [GC (Allocation Failure) 2024-03-23T05:15:01.089+0800: 130976.510: [ParNew: 20342568K->670810K(22937600K), 0.1984406 secs] 69041605K->49401912K(130940928K), 0.1988648 secs] [Times: user=2.37 sys=0.38, real=0.20 secs] 
2024-03-23T05:15:10.702+0800: 130986.123: [GC (Allocation Failure) 2024-03-23T05:15:10.702+0800: 130986.123: [ParNew: 20331610K->681421K(22937600K), 0.1917937 secs] 69062712K->49438828K(130940928K), 0.1922190 secs] [Times: user=2.31 sys=0.43, real=0.19 secs] 
2024-03-23T05:15:19.936+0800: 130995.357: [GC (Allocation Failure) 2024-03-23T05:15:19.937+0800: 130995.357: [ParNew: 20342221K->675490K(22937600K), 0.2153583 secs] 69099628K->49453745K(130940928K), 0.2157936 secs] [Times: user=2.58 sys=0.55, real=0.22 secs] 
2024-03-23T05:15:32.094+0800: 131007.515: [GC (Allocation Failure) 2024-03-23T05:15:32.094+0800: 131007.515: [ParNew: 20336290K->648897K(22937600K), 0.2060656 secs] 69114545K->49451865K(130940928K), 0.2065301 secs] [Times: user=2.71 sys=0.25, real=0.21 secs] 
2024-03-23T05:15:43.467+0800: 131018.888: [GC (Allocation Failure) 2024-03-23T05:15:43.467+0800: 131018.888: [ParNew: 20309697K->731690K(22937600K), 0.2953895 secs] 69112665K->49558369K(130940928K), 0.2959203 secs] [Times: user=2.50 sys=1.88, real=0.30 secs] 
2024-03-23T05:15:57.977+0800: 131033.398: [GC (Allocation Failure) 2024-03-23T05:15:57.978+0800: 131033.398: [ParNew: 20392490K->768445K(22937600K), 0.2202615 secs] 69219169K->49620845K(130940928K), 0.2207523 secs] [Times: user=2.50 sys=0.64, real=0.23 secs] 
2024-03-23T05:16:10.094+0800: 131045.515: [GC (Allocation Failure) 2024-03-23T05:16:10.095+0800: 131045.516: [ParNew: 20429245K->701689K(22937600K), 0.2069749 secs] 69281645K->49577848K(130940928K), 0.2074418 secs] [Times: user=2.39 sys=0.51, real=0.21 secs] 
2024-03-23T05:16:20.073+0800: 131055.493: [GC (Allocation Failure) 2024-03-23T05:16:20.073+0800: 131055.494: [ParNew: 20362489K->804775K(22937600K), 0.2074475 secs] 69238648K->49705977K(130940928K), 0.2079004 secs] [Times: user=2.40 sys=0.50, real=0.21 secs] 
2024-03-23T05:16:33.081+0800: 131068.501: [GC (Allocation Failure) 2024-03-23T05:16:33.081+0800: 131068.502: [ParNew: 20465575K->846062K(22937600K), 0.1984339 secs] 69366777K->49769706K(130940928K), 0.1989023 secs] [Times: user=2.34 sys=0.38, real=0.20 secs] 
2024-03-23T05:16:42.406+0800: 131077.827: [GC (Allocation Failure) 2024-03-23T05:16:42.407+0800: 131077.827: [ParNew: 20506862K->944007K(22937600K), 0.2915146 secs] 69430506K->49891627K(130940928K), 0.2919702 secs] [Times: user=2.62 sys=1.58, real=0.30 secs] 
2024-03-23T05:16:55.715+0800: 131091.135: [GC (Allocation Failure) 2024-03-23T05:16:55.715+0800: 131091.136: [ParNew: 20604807K->1010057K(22937600K), 0.2841437 secs] 69552427K->49981545K(130940928K), 0.2845897 secs] [Times: user=3.67 sys=0.58, real=0.29 secs] 
2024-03-23T05:17:10.422+0800: 131105.843: [GC (Allocation Failure) 2024-03-23T05:17:10.422+0800: 131105.843: [ParNew: 20670857K->963081K(22937600K), 0.2361860 secs] 69642345K->49962884K(130940928K), 0.2366599 secs] [Times: user=2.66 sys=0.73, real=0.24 secs] 
2024-03-23T05:17:22.533+0800: 131117.954: [GC (Allocation Failure) 2024-03-23T05:17:22.534+0800: 131117.954: [ParNew: 20623881K->1019278K(22937600K), 0.2157298 secs] 69623684K->50046784K(130940928K), 0.2162141 secs] [Times: user=2.86 sys=0.09, real=0.22 secs] 
2024-03-23T05:17:35.131+0800: 131130.552: [GC (Allocation Failure) 2024-03-23T05:17:35.131+0800: 131130.552: [ParNew: 20680078K->898496K(22937600K), 0.2437685 secs] 69707584K->49958283K(130940928K), 0.2442396 secs] [Times: user=3.21 sys=0.22, real=0.24 secs] 
2024-03-23T05:17:49.614+0800: 131145.035: [GC (Allocation Failure) 2024-03-23T05:17:49.614+0800: 131145.035: [ParNew: 20559296K->1057924K(22937600K), 0.2492602 secs] 69619083K->50145229K(130940928K), 0.2497628 secs] [Times: user=2.82 sys=0.72, real=0.25 secs] 
2024-03-23T05:18:01.809+0800: 131157.229: [GC (Allocation Failure) 2024-03-23T05:18:01.809+0800: 131157.230: [ParNew: 20718724K->1010191K(22937600K), 0.2335899 secs] 69806029K->50130665K(130940928K), 0.2340464 secs] [Times: user=2.46 sys=0.83, real=0.23 secs] 
2024-03-23T05:18:11.355+0800: 131166.776: [GC (Allocation Failure) 2024-03-23T05:18:11.355+0800: 131166.776: [ParNew: 20670991K->1020343K(22937600K), 0.2050212 secs] 69791465K->50170548K(130940928K), 0.2054478 secs] [Times: user=2.46 sys=0.42, real=0.21 secs] 
2024-03-23T05:18:23.216+0800: 131178.637: [GC (Allocation Failure) 2024-03-23T05:18:23.216+0800: 131178.637: [ParNew: 20681143K->1087259K(22937600K), 0.2089890 secs] 69831348K->50269375K(130940928K), 0.2094318 secs] [Times: user=2.41 sys=0.51, real=0.21 secs] 
2024-03-23T05:18:35.805+0800: 131191.225: [GC (Allocation Failure) 2024-03-23T05:18:35.805+0800: 131191.226: [ParNew: 20748059K->940349K(22937600K), 0.2010041 secs] 69930175K->50152500K(130940928K), 0.2014516 secs] [Times: user=2.37 sys=0.51, real=0.20 secs] 
2024-03-23T05:18:45.137+0800: 131200.558: [GC (Allocation Failure) 2024-03-23T05:18:45.137+0800: 131200.558: [ParNew: 20601149K->926672K(22937600K), 0.2024570 secs] 69813300K->50172528K(130940928K), 0.2028702 secs] [Times: user=3.01 sys=0.00, real=0.21 secs] 
2024-03-23T05:18:54.747+0800: 131210.168: [GC (Allocation Failure) 2024-03-23T05:18:54.747+0800: 131210.168: [ParNew: 20587472K->940009K(22937600K), 0.2574096 secs] 69833328K->50230154K(130940928K), 0.2578743 secs] [Times: user=2.83 sys=1.02, real=0.26 secs] 
2024-03-23T05:19:05.859+0800: 131221.279: [GC (Allocation Failure) 2024-03-23T05:19:05.859+0800: 131221.280: [ParNew: 20600809K->906513K(22937600K), 0.2970866 secs] 69890954K->50234422K(130940928K), 0.2975416 secs] [Times: user=3.84 sys=0.73, real=0.29 secs] 
2024-03-23T05:19:17.290+0800: 131232.711: [GC (Allocation Failure) 2024-03-23T05:19:17.291+0800: 131232.712: [ParNew: 20567313K->1035805K(22937600K), 0.1964088 secs] 69895222K->50405051K(130940928K), 0.1968417 secs] [Times: user=2.36 sys=0.46, real=0.19 secs] 
2024-03-23T05:19:29.953+0800: 131245.374: [GC (Allocation Failure) 2024-03-23T05:19:29.954+0800: 131245.374: [ParNew: 20696605K->995207K(22937600K), 0.2093746 secs] 70065851K->50405232K(130940928K), 0.2098116 secs] [Times: user=2.34 sys=0.66, real=0.21 secs] 
2024-03-23T05:19:42.842+0800: 131258.263: [GC (Allocation Failure) 2024-03-23T05:19:42.842+0800: 131258.263: [ParNew: 20656007K->991790K(22937600K), 0.1925439 secs] 70066032K->50445117K(130940928K), 0.1929803 secs] [Times: user=2.67 sys=0.01, real=0.19 secs] 
2024-03-23T05:19:55.861+0800: 131271.282: [GC (Allocation Failure) 2024-03-23T05:19:55.862+0800: 131271.283: [ParNew: 20652590K->1027880K(22937600K), 0.2544045 secs] 70105917K->50530039K(130940928K), 0.2550038 secs] [Times: user=2.73 sys=0.96, real=0.25 secs] 
2024-03-23T05:20:09.245+0800: 131284.665: [GC (Allocation Failure) 2024-03-23T05:20:09.245+0800: 131284.666: [ParNew: 20688680K->925791K(22937600K), 0.2391188 secs] 70190839K->50471313K(130940928K), 0.2395554 secs] [Times: user=2.80 sys=0.71, real=0.24 secs] 
2024-03-23T05:20:22.050+0800: 131297.471: [GC (Allocation Failure) 2024-03-23T05:20:22.050+0800: 131297.471: [ParNew: 20586591K->898577K(22937600K), 0.2130333 secs] 70132113K->50490747K(130940928K), 0.2134926 secs] [Times: user=2.37 sys=0.56, real=0.21 secs] 
2024-03-23T05:20:35.934+0800: 131311.354: [GC (Allocation Failure) 2024-03-23T05:20:35.934+0800: 131311.355: [ParNew: 20559377K->911030K(22937600K), 0.2164602 secs] 70151547K->50549262K(130940928K), 0.2168965 secs] [Times: user=2.75 sys=0.27, real=0.22 secs] 
2024-03-23T05:20:50.122+0800: 131325.543: [GC (Allocation Failure) 2024-03-23T05:20:50.122+0800: 131325.543: [ParNew: 20571830K->915224K(22937600K), 0.2510661 secs] 70210062K->50590568K(130940928K), 0.2515238 secs] [Times: user=2.66 sys=1.10, real=0.25 secs] 
2024-03-23T05:21:03.675+0800: 131339.096: [GC (Allocation Failure) 2024-03-23T05:21:03.676+0800: 131339.096: [ParNew: 20576024K->845887K(22937600K), 0.2110620 secs] 70251368K->50566648K(130940928K), 0.2115218 secs] [Times: user=2.67 sys=0.21, real=0.21 secs] 
2024-03-23T05:21:17.917+0800: 131353.337: [GC (Allocation Failure) 2024-03-23T05:21:17.917+0800: 131353.338: [ParNew: 20506687K->824545K(22937600K), 0.2090131 secs] 70227448K->50587454K(130940928K), 0.2094622 secs] [Times: user=2.69 sys=0.12, real=0.21 secs] 
2024-03-23T05:21:30.661+0800: 131366.082: [GC (Allocation Failure) 2024-03-23T05:21:30.661+0800: 131366.082: [ParNew: 20485345K->909014K(22937600K), 0.2238261 secs] 70248254K->50705401K(130940928K), 0.2242870 secs] [Times: user=2.82 sys=0.22, real=0.22 secs] 
2024-03-23T05:21:41.890+0800: 131377.311: [GC (Allocation Failure) 2024-03-23T05:21:41.890+0800: 131377.311: [ParNew: 20569814K->912123K(22937600K), 0.2187183 secs] 70366201K->50745636K(130940928K), 0.2191753 secs] [Times: user=2.85 sys=0.09, real=0.22 secs] 
2024-03-23T05:21:56.130+0800: 131391.551: [GC (Allocation Failure) 2024-03-23T05:21:56.130+0800: 131391.551: [ParNew: 20572923K->895103K(22937600K), 0.2593288 secs] 70406436K->50764245K(130940928K), 0.2598246 secs] [Times: user=2.55 sys=1.21, real=0.26 secs] 
2024-03-23T05:22:10.768+0800: 131406.188: [GC (Allocation Failure) 2024-03-23T05:22:10.768+0800: 131406.189: [ParNew: 20555903K->1031962K(22937600K), 0.2399713 secs] 70425045K->50932324K(130940928K), 0.2404561 secs] [Times: user=2.72 sys=0.52, real=0.24 secs] 
2024-03-23T05:22:24.118+0800: 131419.539: [GC (Allocation Failure) 2024-03-23T05:22:24.118+0800: 131419.539: [ParNew: 20692762K->1065465K(22937600K), 0.2573834 secs] 70593124K->51001007K(130940928K), 0.2578675 secs] [Times: user=3.09 sys=0.26, real=0.25 secs] 
2024-03-23T05:22:38.756+0800: 131434.177: [GC (Allocation Failure) 2024-03-23T05:22:38.757+0800: 131434.177: [ParNew: 20726265K->1061320K(22937600K), 0.2460904 secs] 70661807K->51026333K(130940928K), 0.2464981 secs] [Times: user=2.52 sys=0.73, real=0.25 secs] 
2024-03-23T05:22:52.455+0800: 131447.875: [GC (Allocation Failure) 2024-03-23T05:22:52.455+0800: 131447.876: [ParNew: 20722120K->1083595K(22937600K), 0.2149842 secs] 70687133K->51082630K(130940928K), 0.2154793 secs] [Times: user=2.48 sys=0.32, real=0.22 secs] 
2024-03-23T05:23:04.693+0800: 131460.114: [GC (Allocation Failure) 2024-03-23T05:23:04.693+0800: 131460.114: [ParNew: 20744395K->1116392K(22937600K), 0.3108042 secs] 70743430K->51151043K(130940928K), 0.3113881 secs] [Times: user=2.85 sys=1.51, real=0.31 secs] 
2024-03-23T05:23:19.407+0800: 131474.828: [GC (Allocation Failure) 2024-03-23T05:23:19.407+0800: 131474.828: [ParNew: 20777192K->1181614K(22937600K), 0.2505606 secs] 70811843K->51250560K(130940928K), 0.2510526 secs] [Times: user=2.37 sys=1.11, real=0.26 secs] 
2024-03-23T05:23:30.917+0800: 131486.338: [GC (Allocation Failure) 2024-03-23T05:23:30.917+0800: 131486.338: [ParNew: 20842414K->1067712K(22937600K), 0.2084332 secs] 70911360K->51175644K(130940928K), 0.2088956 secs] [Times: user=2.36 sys=0.45, real=0.21 secs] 
2024-03-23T05:23:41.936+0800: 131497.357: [GC (Allocation Failure) 2024-03-23T05:23:41.936+0800: 131497.357: [ParNew: 20728512K->1104554K(22937600K), 0.2113012 secs] 70836444K->51251328K(130940928K), 0.2117705 secs] [Times: user=2.43 sys=0.40, real=0.22 secs] 
2024-03-23T05:23:54.495+0800: 131509.916: [GC (Allocation Failure) 2024-03-23T05:23:54.496+0800: 131509.916: [ParNew: 20765354K->1178089K(22937600K), 0.2089356 secs] 70912128K->51361593K(130940928K), 0.2093947 secs] [Times: user=2.51 sys=0.32, real=0.21 secs] 
2024-03-23T05:24:08.478+0800: 131523.899: [GC (Allocation Failure) 2024-03-23T05:24:08.479+0800: 131523.900: [ParNew: 20838889K->1131127K(22937600K), 0.2804218 secs] 71022393K->51341524K(130940928K), 0.2810024 secs] [Times: user=2.75 sys=1.32, real=0.28 secs] 
2024-03-23T05:24:24.347+0800: 131539.768: [GC (Allocation Failure) 2024-03-23T05:24:24.348+0800: 131539.768: [ParNew: 20791927K->1136482K(22937600K), 0.2543309 secs] 71002324K->51383146K(130940928K), 0.2547640 secs] [Times: user=2.63 sys=1.17, real=0.26 secs] 
2024-03-23T05:24:39.918+0800: 131555.339: [GC (Allocation Failure) 2024-03-23T05:24:39.919+0800: 131555.340: [ParNew: 20797282K->1029308K(22937600K), 0.2435086 secs] 71043946K->51318763K(130940928K), 0.2439218 secs] [Times: user=3.04 sys=0.44, real=0.24 secs] 
2024-03-23T05:24:54.063+0800: 131569.484: [GC (Allocation Failure) 2024-03-23T05:24:54.063+0800: 131569.484: [ParNew: 20690108K->1042212K(22937600K), 0.2233353 secs] 70979563K->51376493K(130940928K), 0.2237933 secs] [Times: user=2.51 sys=0.57, real=0.22 secs] 
2024-03-23T05:25:09.586+0800: 131585.007: [GC (Allocation Failure) 2024-03-23T05:25:09.586+0800: 131585.007: [ParNew: 20703012K->1123125K(22937600K), 0.3601826 secs] 71037293K->51508045K(130940928K), 0.3607205 secs] [Times: user=3.30 sys=2.24, real=0.36 secs] 
2024-03-23T05:25:24.659+0800: 131600.079: [GC (Allocation Failure) 2024-03-23T05:25:24.659+0800: 131600.080: [ParNew: 20783925K->1038902K(22937600K), 0.2863164 secs] 71168845K->51463733K(130940928K), 0.2867055 secs] [Times: user=2.96 sys=1.16, real=0.28 secs] 
2024-03-23T05:25:39.583+0800: 131615.004: [GC (Allocation Failure) 2024-03-23T05:25:39.584+0800: 131615.005: [ParNew: 20699702K->976132K(22937600K), 0.2334412 secs] 71124533K->51452152K(130940928K), 0.2337972 secs] [Times: user=2.44 sys=0.75, real=0.23 secs] 
2024-03-23T05:25:53.889+0800: 131629.310: [GC (Allocation Failure) 2024-03-23T05:25:53.890+0800: 131629.311: [ParNew: 20636932K->1059670K(22937600K), 0.2348854 secs] 71112952K->51592567K(130940928K), 0.2352830 secs] [Times: user=2.90 sys=0.22, real=0.23 secs] 
2024-03-23T05:26:04.594+0800: 131640.015: [GC (Allocation Failure) 2024-03-23T05:26:04.594+0800: 131640.015: [ParNew: 20720470K->1038253K(22937600K), 0.2721052 secs] 71253367K->51627352K(130940928K), 0.2726880 secs] [Times: user=2.85 sys=0.93, real=0.27 secs] 
2024-03-23T05:26:16.421+0800: 131651.842: [GC (Allocation Failure) 2024-03-23T05:26:16.421+0800: 131651.842: [ParNew: 20699053K->1024388K(22937600K), 0.2177134 secs] 71288152K->51668987K(130940928K), 0.2181794 secs] [Times: user=2.71 sys=0.40, real=0.22 secs] 
2024-03-23T05:26:29.890+0800: 131665.311: [GC (Allocation Failure) 2024-03-23T05:26:29.891+0800: 131665.312: [ParNew: 20685188K->1181616K(22937600K), 0.2220759 secs] 71329787K->51879560K(130940928K), 0.2225459 secs] [Times: user=2.46 sys=0.55, real=0.22 secs] 
2024-03-23T05:26:43.522+0800: 131678.943: [GC (Allocation Failure) 2024-03-23T05:26:43.523+0800: 131678.944: [ParNew: 20842416K->1037943K(22937600K), 0.2348285 secs] 71540360K->51787641K(130940928K), 0.2353169 secs] [Times: user=2.87 sys=0.39, real=0.24 secs] 
2024-03-23T05:26:56.045+0800: 131691.466: [GC (Allocation Failure) 2024-03-23T05:26:56.046+0800: 131691.466: [ParNew: 20698743K->1067844K(22937600K), 0.2120036 secs] 71448441K->51858773K(130940928K), 0.2124690 secs] [Times: user=2.53 sys=0.42, real=0.22 secs] 
2024-03-23T05:27:06.369+0800: 131701.789: [GC (Allocation Failure) 2024-03-23T05:27:06.369+0800: 131701.790: [ParNew: 20728644K->1173090K(22937600K), 0.2608522 secs] 71519573K->52005862K(130940928K), 0.2614275 secs] [Times: user=2.95 sys=0.85, real=0.26 secs] 
2024-03-23T05:27:16.942+0800: 131712.362: [GC (Allocation Failure) 2024-03-23T05:27:16.942+0800: 131712.363: [ParNew: 20833890K->1062055K(22937600K), 0.2317516 secs] 71666662K->51939344K(130940928K), 0.2322224 secs] [Times: user=2.49 sys=0.72, real=0.23 secs] 
2024-03-23T05:27:30.235+0800: 131725.656: [GC (Allocation Failure) 2024-03-23T05:27:30.235+0800: 131725.656: [ParNew: 20722855K->1040246K(22937600K), 0.2190471 secs] 71600144K->51968305K(130940928K), 0.2195118 secs] [Times: user=2.81 sys=0.15, real=0.22 secs] 
2024-03-23T05:27:40.808+0800: 131736.229: [GC (Allocation Failure) 2024-03-23T05:27:40.808+0800: 131736.229: [ParNew: 20701046K->1004987K(22937600K), 0.2361932 secs] 71629105K->51974550K(130940928K), 0.2366258 secs] [Times: user=2.70 sys=0.56, real=0.23 secs] 
2024-03-23T05:27:52.102+0800: 131747.523: [GC (Allocation Failure) 2024-03-23T05:27:52.102+0800: 131747.523: [ParNew: 20665787K->1042378K(22937600K), 0.2106114 secs] 71635350K->52045503K(130940928K), 0.2110782 secs] [Times: user=2.85 sys=0.06, real=0.21 secs] 
2024-03-23T05:28:03.929+0800: 131759.350: [GC (Allocation Failure) 2024-03-23T05:28:03.929+0800: 131759.350: [ParNew: 20703178K->913553K(22937600K), 0.2090857 secs] 71706303K->51948593K(130940928K), 0.2094507 secs] [Times: user=2.83 sys=0.00, real=0.21 secs] 
2024-03-23T05:28:16.513+0800: 131771.934: [GC (Allocation Failure) 2024-03-23T05:28:16.513+0800: 131771.934: [ParNew: 20574353K->1118681K(22937600K), 0.2938336 secs] 71609393K->52188455K(130940928K), 0.2941899 secs] [Times: user=2.84 sys=1.24, real=0.29 secs] 
2024-03-23T05:28:31.685+0800: 131787.106: [GC (Allocation Failure) 2024-03-23T05:28:31.685+0800: 131787.106: [ParNew: 20779091K->1126499K(22937600K), 0.2758244 secs] 71848865K->52233455K(130940928K), 0.2761846 secs] [Times: user=3.39 sys=0.27, real=0.28 secs] 
2024-03-23T05:28:41.774+0800: 131797.195: [GC (Allocation Failure) 2024-03-23T05:28:41.774+0800: 131797.195: [ParNew: 20787299K->1093980K(22937600K), 0.2590390 secs] 71894255K->52234968K(130940928K), 0.2593793 secs] [Times: user=3.35 sys=0.13, real=0.26 secs] 
2024-03-23T05:28:53.320+0800: 131808.741: [GC (Allocation Failure) 2024-03-23T05:28:53.320+0800: 131808.741: [ParNew: 20754780K->1058222K(22937600K), 0.2486273 secs] 71895768K->52252482K(130940928K), 0.2490337 secs] [Times: user=2.97 sys=0.20, real=0.25 secs] 
2024-03-23T05:29:08.339+0800: 131823.760: [GC (Allocation Failure) 2024-03-23T05:29:08.339+0800: 131823.760: [ParNew: 20719022K->1165070K(22937600K), 0.2882548 secs] 71913282K->52425553K(130940928K), 0.2886423 secs] [Times: user=2.91 sys=0.91, real=0.29 secs] 
2024-03-23T05:29:22.755+0800: 131838.176: [GC (Allocation Failure) 2024-03-23T05:29:22.755+0800: 131838.176: [ParNew: 20825870K->1074054K(22937600K), 0.2426898 secs] 72086353K->52390252K(130940928K), 0.2430456 secs] [Times: user=2.80 sys=0.36, real=0.25 secs] 
2024-03-23T05:29:33.575+0800: 131848.996: [GC (Allocation Failure) 2024-03-23T05:29:33.576+0800: 131848.996: [ParNew: 20734854K->1010520K(22937600K), 0.2236155 secs] 72051052K->52377241K(130940928K), 0.2240090 secs] [Times: user=2.43 sys=0.48, real=0.23 secs] 
2024-03-23T05:29:43.695+0800: 131859.116: [GC (Allocation Failure) 2024-03-23T05:29:43.695+0800: 131859.116: [ParNew: 20671320K->900229K(22937600K), 0.2270393 secs] 72038041K->52311466K(130940928K), 0.2273971 secs] [Times: user=2.88 sys=0.09, real=0.23 secs] 
2024-03-23T05:29:54.335+0800: 131869.756: [GC (Allocation Failure) 2024-03-23T05:29:54.335+0800: 131869.756: [ParNew: 20561029K->903678K(22937600K), 0.2439091 secs] 71972266K->52351014K(130940928K), 0.2442336 secs] [Times: user=3.18 sys=0.23, real=0.25 secs] 
2024-03-23T05:30:06.194+0800: 131881.615: [GC (Allocation Failure) 2024-03-23T05:30:06.195+0800: 131881.615: [ParNew: 20564478K->1030763K(22937600K), 0.2142904 secs] 72011814K->52510017K(130940928K), 0.2146638 secs] [Times: user=2.60 sys=0.24, real=0.22 secs] 
2024-03-23T05:30:18.319+0800: 131893.740: [GC (Allocation Failure) 2024-03-23T05:30:18.319+0800: 131893.740: [ParNew: 20691563K->1005223K(22937600K), 0.2997489 secs] 72170817K->52516894K(130940928K), 0.3002136 secs] [Times: user=2.94 sys=1.43, real=0.30 secs] 
2024-03-23T05:30:31.411+0800: 131906.832: [GC (Allocation Failure) 2024-03-23T05:30:31.412+0800: 131906.833: [ParNew: 20666023K->984210K(22937600K), 0.2268511 secs] 72177694K->52534474K(130940928K), 0.2273194 secs] [Times: user=2.71 sys=0.59, real=0.23 secs] 
2024-03-23T05:30:42.920+0800: 131918.341: [GC (Allocation Failure) 2024-03-23T05:30:42.920+0800: 131918.341: [ParNew: 20645010K->949432K(22937600K), 0.2285000 secs] 72195274K->52540591K(130940928K), 0.2289582 secs] [Times: user=3.14 sys=0.21, real=0.23 secs] 
2024-03-23T05:30:54.606+0800: 131930.027: [GC (Allocation Failure) 2024-03-23T05:30:54.607+0800: 131930.027: [ParNew: 20610232K->876647K(22937600K), 0.2162694 secs] 72201391K->52504300K(130940928K), 0.2167159 secs] [Times: user=2.58 sys=0.59, real=0.22 secs] 
2024-03-23T05:31:06.860+0800: 131942.281: [GC (Allocation Failure) 2024-03-23T05:31:06.860+0800: 131942.281: [ParNew: 20537447K->921004K(22937600K), 0.1938451 secs] 72165100K->52597191K(130940928K), 0.1942882 secs] [Times: user=2.50 sys=0.25, real=0.19 secs] 
2024-03-23T05:31:19.634+0800: 131955.055: [GC (Allocation Failure) 2024-03-23T05:31:19.634+0800: 131955.055: [ParNew: 20581804K->945592K(22937600K), 0.3073241 secs] 72257991K->52671030K(130940928K), 0.3077712 secs] [Times: user=2.63 sys=2.01, real=0.31 secs] 
2024-03-23T05:31:32.560+0800: 131967.981: [GC (Allocation Failure) 2024-03-23T05:31:32.561+0800: 131967.981: [ParNew: 20606392K->861694K(22937600K), 0.2376224 secs] 72331830K->52634958K(130940928K), 0.2380546 secs] [Times: user=2.99 sys=0.58, real=0.24 secs] 
2024-03-23T05:31:44.455+0800: 131979.876: [GC (Allocation Failure) 2024-03-23T05:31:44.455+0800: 131979.876: [ParNew: 20522494K->804242K(22937600K), 0.2149271 secs] 72295758K->52622144K(130940928K), 0.2153505 secs] [Times: user=2.49 sys=0.65, real=0.22 secs] 
2024-03-23T05:31:55.790+0800: 131991.211: [GC (Allocation Failure) 2024-03-23T05:31:55.790+0800: 131991.211: [ParNew: 20465042K->798807K(22937600K), 0.2062835 secs] 72282944K->52662857K(130940928K), 0.2067412 secs] [Times: user=2.79 sys=0.11, real=0.20 secs] 
2024-03-23T05:32:05.393+0800: 132000.814: [GC (Allocation Failure) 2024-03-23T05:32:05.394+0800: 132000.815: [ParNew: 20459607K->776732K(22937600K), 0.3352454 secs] 72323657K->52681852K(130940928K), 0.3356458 secs] [Times: user=4.76 sys=0.28, real=0.34 secs] 
2024-03-23T05:32:17.843+0800: 132013.264: [GC (Allocation Failure) 2024-03-23T05:32:17.843+0800: 132013.264: [ParNew: 20437532K->911640K(22937600K), 0.3340950 secs] 72342652K->52862298K(130940928K), 0.3345376 secs] [Times: user=2.64 sys=2.39, real=0.34 secs] 
2024-03-23T05:32:30.052+0800: 132025.473: [GC (Allocation Failure) 2024-03-23T05:32:30.053+0800: 132025.474: [ParNew: 20572440K->784756K(22937600K), 0.2372566 secs] 72523098K->52774264K(130940928K), 0.2376383 secs] [Times: user=2.72 sys=0.59, real=0.24 secs] 
2024-03-23T05:32:40.819+0800: 132036.239: [GC (Allocation Failure) 2024-03-23T05:32:40.819+0800: 132036.240: [ParNew: 20445556K->810436K(22937600K), 0.2183126 secs] 72435064K->52836643K(130940928K), 0.2187494 secs] [Times: user=2.70 sys=0.17, real=0.21 secs] 
2024-03-23T05:32:55.964+0800: 132051.385: [GC (Allocation Failure) 2024-03-23T05:32:55.965+0800: 132051.386: [ParNew: 20471236K->801717K(22937600K), 0.2203679 secs] 72497443K->52859086K(130940928K), 0.2207519 secs] [Times: user=2.68 sys=0.27, real=0.22 secs] 
2024-03-23T05:33:11.288+0800: 132066.708: [GC (Allocation Failure) 2024-03-23T05:33:11.288+0800: 132066.709: [ParNew: 20462517K->782897K(22937600K), 0.2076293 secs] 72519886K->52872241K(130940928K), 0.2080254 secs] [Times: user=2.37 sys=0.35, real=0.20 secs] 
2024-03-23T05:33:25.302+0800: 132080.722: [GC (Allocation Failure) 2024-03-23T05:33:25.302+0800: 132080.723: [ParNew: 20443697K->946105K(22937600K), 0.3961491 secs] 72533041K->53067377K(130940928K), 0.3965595 secs] [Times: user=2.24 sys=3.76, real=0.40 secs] 
2024-03-23T05:33:39.746+0800: 132095.167: [GC (Allocation Failure) 2024-03-23T05:33:39.746+0800: 132095.167: [ParNew: 20606905K->892849K(22937600K), 0.2607285 secs] 72728177K->53044527K(130940928K), 0.2611545 secs] [Times: user=2.96 sys=0.62, real=0.26 secs] 
2024-03-23T05:33:50.890+0800: 132106.310: [GC (Allocation Failure) 2024-03-23T05:33:50.890+0800: 132106.311: [ParNew: 20553649K->901566K(22937600K), 0.2305027 secs] 72705327K->53080612K(130940928K), 0.2309937 secs] [Times: user=3.06 sys=0.18, real=0.23 secs] 
2024-03-23T05:34:05.472+0800: 132120.892: [GC (Allocation Failure) 2024-03-23T05:34:05.472+0800: 132120.893: [ParNew: 20562366K->952344K(22937600K), 0.2239074 secs] 72741412K->53162280K(130940928K), 0.2243924 secs] [Times: user=2.46 sys=0.63, real=0.22 secs] 
2024-03-23T05:34:20.995+0800: 132136.416: [GC (Allocation Failure) 2024-03-23T05:34:20.995+0800: 132136.416: [ParNew: 20613144K->1040969K(22937600K), 0.2831506 secs] 72823080K->53282642K(130940928K), 0.2836792 secs] [Times: user=2.79 sys=1.32, real=0.29 secs] 
2024-03-23T05:34:40.147+0800: 132155.568: [GC (Allocation Failure) 2024-03-23T05:34:40.147+0800: 132155.568: [ParNew: 20701769K->1069329K(22937600K), 0.2502262 secs] 72943442K->53341105K(130940928K), 0.2506586 secs] [Times: user=2.92 sys=0.56, real=0.26 secs] 
2024-03-23T05:34:51.755+0800: 132167.176: [GC (Allocation Failure) 2024-03-23T05:34:51.755+0800: 132167.176: [ParNew: 20730129K->985186K(22937600K), 0.2171812 secs] 73001905K->53282319K(130940928K), 0.2204413 secs] [Times: user=2.36 sys=0.46, real=0.22 secs] 
2024-03-23T05:35:06.847+0800: 132182.268: [GC (Allocation Failure) 2024-03-23T05:35:06.847+0800: 132182.268: [ParNew: 20645986K->968405K(22937600K), 0.2651892 secs] 72943119K->53298667K(130940928K), 0.2655838 secs] [Times: user=2.98 sys=0.72, real=0.27 secs] 
2024-03-23T05:35:18.621+0800: 132194.042: [GC (Allocation Failure) 2024-03-23T05:35:18.621+0800: 132194.042: [ParNew: 20629205K->1134265K(22937600K), 0.2178053 secs] 72959467K->53498706K(130940928K), 0.2181503 secs] [Times: user=2.85 sys=0.00, real=0.22 secs] 
2024-03-23T05:35:31.245+0800: 132206.666: [GC (Allocation Failure) 2024-03-23T05:35:31.246+0800: 132206.667: [ParNew: 20795065K->1105329K(22937600K), 0.2868093 secs] 73159506K->53503375K(130940928K), 0.2874577 secs] [Times: user=3.07 sys=1.11, real=0.29 secs] 
2024-03-23T05:35:45.053+0800: 132220.474: [GC (Allocation Failure) 2024-03-23T05:35:45.053+0800: 132220.474: [ParNew: 20766129K->1116633K(22937600K), 0.2250825 secs] 73164175K->53546907K(130940928K), 0.2255575 secs] [Times: user=2.30 sys=0.96, real=0.23 secs] 
2024-03-23T05:35:56.421+0800: 132231.842: [GC (Allocation Failure) 2024-03-23T05:35:56.421+0800: 132231.842: [ParNew: 20777433K->1147327K(22937600K), 0.2120074 secs] 73207707K->53613107K(130940928K), 0.2124830 secs] [Times: user=2.44 sys=0.50, real=0.21 secs] 
2024-03-23T05:36:08.765+0800: 132244.185: [GC (Allocation Failure) 2024-03-23T05:36:08.765+0800: 132244.186: [ParNew: 20808127K->1056289K(22937600K), 0.2535239 secs] 73273907K->53559636K(130940928K), 0.2539954 secs] [Times: user=3.33 sys=0.37, real=0.26 secs] 
2024-03-23T05:36:21.194+0800: 132256.615: [GC (Allocation Failure) 2024-03-23T05:36:21.194+0800: 132256.615: [ParNew: 20717089K->1136918K(22937600K), 0.2155960 secs] 73220436K->53685604K(130940928K), 0.2160642 secs] [Times: user=3.02 sys=0.05, real=0.22 secs] 
2024-03-23T05:36:34.220+0800: 132269.640: [GC (Allocation Failure) 2024-03-23T05:36:34.220+0800: 132269.641: [ParNew: 20797718K->1198255K(22937600K), 0.2690745 secs] 73346404K->53792330K(130940928K), 0.2695236 secs] [Times: user=2.99 sys=0.98, real=0.27 secs] 
2024-03-23T05:36:47.478+0800: 132282.898: [GC (Allocation Failure) 2024-03-23T05:36:47.478+0800: 132282.899: [ParNew: 20859055K->1167921K(22937600K), 0.2570661 secs] 73453130K->53805971K(130940928K), 0.2574904 secs] [Times: user=2.38 sys=1.18, real=0.25 secs] 
2024-03-23T05:37:01.421+0800: 132296.842: [GC (Allocation Failure) 2024-03-23T05:37:01.421+0800: 132296.842: [ParNew: 20828721K->1007631K(22937600K), 0.2639361 secs] 73466771K->53690986K(130940928K), 0.2642660 secs] [Times: user=3.48 sys=0.35, real=0.26 secs] 
2024-03-23T05:37:15.304+0800: 132310.725: [GC (Allocation Failure) 2024-03-23T05:37:15.305+0800: 132310.725: [ParNew: 20668431K->1064172K(22937600K), 0.2393998 secs] 73351786K->53791128K(130940928K), 0.2397684 secs] [Times: user=2.94 sys=0.43, real=0.24 secs] 
2024-03-23T05:37:26.839+0800: 132322.260: [GC (Allocation Failure) 2024-03-23T05:37:26.839+0800: 132322.260: [ParNew: 20724972K->1113079K(22937600K), 0.2040628 secs] 73451928K->53892897K(130940928K), 0.2044673 secs] [Times: user=2.47 sys=0.20, real=0.20 secs] 
2024-03-23T05:37:42.330+0800: 132337.751: [GC (Allocation Failure) 2024-03-23T05:37:42.330+0800: 132337.751: [ParNew: 20773879K->1066541K(22937600K), 0.3004450 secs] 73553697K->53900510K(130940928K), 0.3008704 secs] [Times: user=2.77 sys=1.50, real=0.30 secs] 
2024-03-23T05:37:58.453+0800: 132353.874: [GC (Allocation Failure) 2024-03-23T05:37:58.453+0800: 132353.874: [ParNew: 20727341K->1072574K(22937600K), 0.2284318 secs] 73561310K->53962508K(130940928K), 0.2288875 secs] [Times: user=2.36 sys=0.68, real=0.23 secs] 
2024-03-23T05:38:11.613+0800: 132367.034: [GC (Allocation Failure) 2024-03-23T05:38:11.613+0800: 132367.034: [ParNew: 20733374K->1028795K(22937600K), 0.2353036 secs] 73623308K->53965869K(130940928K), 0.2357682 secs] [Times: user=2.88 sys=0.45, real=0.24 secs] 
2024-03-23T05:38:26.854+0800: 132382.275: [GC (Allocation Failure) 2024-03-23T05:38:26.855+0800: 132382.276: [ParNew: 20689595K->976545K(22937600K), 0.2140882 secs] 73626669K->53959685K(130940928K), 0.2146033 secs] [Times: user=3.18 sys=0.00, real=0.22 secs] 
2024-03-23T05:38:38.989+0800: 132394.410: [GC (Allocation Failure) 2024-03-23T05:38:38.990+0800: 132394.411: [ParNew: 20637345K->997607K(22937600K), 0.2746067 secs] 73620485K->54027903K(130940928K), 0.2751093 secs] [Times: user=2.75 sys=1.13, real=0.27 secs] 
2024-03-23T05:38:51.418+0800: 132406.839: [GC (Allocation Failure) 2024-03-23T05:38:51.418+0800: 132406.839: [ParNew: 20658407K->1006031K(22937600K), 0.2490760 secs] 73688703K->54077433K(130940928K), 0.2495667 secs] [Times: user=3.02 sys=0.58, real=0.25 secs] 
2024-03-23T05:39:04.526+0800: 132419.946: [GC (Allocation Failure) 2024-03-23T05:39:04.526+0800: 132419.947: [ParNew: 20666831K->1005166K(22937600K), 0.2443950 secs] 73738233K->54116037K(130940928K), 0.2448750 secs] [Times: user=2.77 sys=0.61, real=0.25 secs] 
2024-03-23T05:39:19.767+0800: 132435.188: [GC (Allocation Failure) 2024-03-23T05:39:19.767+0800: 132435.188: [ParNew: 20665966K->965834K(22937600K), 0.2194165 secs] 73776837K->54116841K(130940928K), 0.2199151 secs] [Times: user=2.84 sys=0.19, real=0.22 secs] 
2024-03-23T05:39:32.955+0800: 132448.376: [GC (Allocation Failure) 2024-03-23T05:39:32.956+0800: 132448.376: [ParNew: 20626634K->1032806K(22937600K), 0.2117545 secs] 73777641K->54229280K(130940928K), 0.2122408 secs] [Times: user=2.86 sys=0.00, real=0.22 secs] 
2024-03-23T05:39:48.629+0800: 132464.049: [GC (Allocation Failure) 2024-03-23T05:39:48.629+0800: 132464.050: [ParNew: 20693606K->991164K(22937600K), 0.2951318 secs] 73890080K->54228047K(130940928K), 0.2955973 secs] [Times: user=2.73 sys=1.57, real=0.29 secs] 
2024-03-23T05:40:04.817+0800: 132480.237: [GC (Allocation Failure) 2024-03-23T05:40:04.817+0800: 132480.238: [ParNew: 20651964K->984461K(22937600K), 0.2249696 secs] 73888847K->54257644K(130940928K), 0.2254387 secs] [Times: user=2.81 sys=0.28, real=0.23 secs] 
2024-03-23T05:40:16.556+0800: 132491.977: [GC (Allocation Failure) 2024-03-23T05:40:16.556+0800: 132491.977: [ParNew: 20645261K->1063336K(22937600K), 0.2706581 secs] 73918444K->54376279K(130940928K), 0.2711496 secs] [Times: user=3.35 sys=0.24, real=0.28 secs] 
2024-03-23T05:40:29.466+0800: 132504.887: [GC (Allocation Failure) 2024-03-23T05:40:29.467+0800: 132504.887: [ParNew: 20724136K->994969K(22937600K), 0.2144700 secs] 74037079K->54340742K(130940928K), 0.2149852 secs] [Times: user=2.43 sys=0.51, real=0.22 secs] 
2024-03-23T05:40:41.981+0800: 132517.402: [GC (Allocation Failure) 2024-03-23T05:40:41.982+0800: 132517.402: [ParNew: 20655769K->1158544K(22937600K), 0.2996689 secs] 74001542K->54541100K(130940928K), 0.3002492 secs] [Times: user=3.09 sys=1.08, real=0.30 secs] 
2024-03-23T05:40:57.369+0800: 132532.790: [GC (Allocation Failure) 2024-03-23T05:40:57.369+0800: 132532.790: [ParNew: 20819344K->1118560K(22937600K), 0.2369570 secs] 74201900K->54533841K(130940928K), 0.2374424 secs] [Times: user=2.74 sys=0.51, real=0.23 secs] 
2024-03-23T05:41:09.545+0800: 132544.966: [GC (Allocation Failure) 2024-03-23T05:41:09.545+0800: 132544.966: [ParNew: 20779360K->1041394K(22937600K), 0.2561439 secs] 74194641K->54496619K(130940928K), 0.2566140 secs] [Times: user=2.99 sys=0.60, real=0.26 secs] 
2024-03-23T05:41:23.274+0800: 132558.695: [GC (Allocation Failure) 2024-03-23T05:41:23.274+0800: 132558.695: [ParNew: 20702194K->1163654K(22937600K), 0.2327749 secs] 74157419K->54656523K(130940928K), 0.2332834 secs] [Times: user=2.91 sys=0.21, real=0.23 secs] 
2024-03-23T05:41:37.456+0800: 132572.877: [GC (Allocation Failure) 2024-03-23T05:41:37.457+0800: 132572.877: [ParNew: 20824454K->996185K(22937600K), 0.2037989 secs] 74317323K->54531606K(130940928K), 0.2042799 secs] [Times: user=2.81 sys=0.00, real=0.21 secs] 
2024-03-23T05:41:50.558+0800: 132585.979: [GC (Allocation Failure) 2024-03-23T05:41:50.559+0800: 132585.979: [ParNew: 20656985K->1058483K(22937600K), 0.2845196 secs] 74192406K->54642276K(130940928K), 0.2849483 secs] [Times: user=2.88 sys=1.03, real=0.28 secs] 
2024-03-23T05:42:04.259+0800: 132599.680: [GC (Allocation Failure) 2024-03-23T05:42:04.260+0800: 132599.681: [ParNew: 20719283K->1137325K(22937600K), 0.2637086 secs] 74303076K->54768836K(130940928K), 0.2642091 secs] [Times: user=2.52 sys=1.05, real=0.26 secs] 
2024-03-23T05:42:19.441+0800: 132614.862: [GC (Allocation Failure) 2024-03-23T05:42:19.442+0800: 132614.862: [ParNew: 20798125K->1013934K(22937600K), 0.2347767 secs] 74429636K->54691992K(130940928K), 0.2351992 secs] [Times: user=2.77 sys=0.31, real=0.23 secs] 
2024-03-23T05:42:34.585+0800: 132630.006: [GC (Allocation Failure) 2024-03-23T05:42:34.585+0800: 132630.006: [ParNew: 20674734K->943404K(22937600K), 0.2313555 secs] 74352792K->54670244K(130940928K), 0.2317470 secs] [Times: user=2.75 sys=0.34, real=0.23 secs] 
2024-03-23T05:42:48.942+0800: 132644.363: [GC (Allocation Failure) 2024-03-23T05:42:48.942+0800: 132644.363: [ParNew: 20604204K->1050036K(22937600K), 0.2773530 secs] 74331044K->54818397K(130940928K), 0.2778669 secs] [Times: user=2.96 sys=1.19, real=0.28 secs] 
2024-03-23T05:43:04.743+0800: 132660.164: [GC (Allocation Failure) 2024-03-23T05:43:04.743+0800: 132660.164: [ParNew: 20710836K->885975K(22937600K), 0.2678179 secs] 74479197K->54699187K(130940928K), 0.2682579 secs] [Times: user=2.98 sys=1.11, real=0.27 secs] 
2024-03-23T05:43:21.721+0800: 132677.142: [GC (Allocation Failure) 2024-03-23T05:43:21.722+0800: 132677.142: [ParNew: 20546775K->973760K(22937600K), 0.2158640 secs] 74359987K->54831712K(130940928K), 0.2162812 secs] [Times: user=2.21 sys=0.78, real=0.22 secs] 
2024-03-23T05:43:35.860+0800: 132691.281: [GC (Allocation Failure) 2024-03-23T05:43:35.861+0800: 132691.281: [ParNew: 20634560K->861648K(22937600K), 0.2228314 secs] 74492512K->54764403K(130940928K), 0.2232586 secs] [Times: user=2.72 sys=0.57, real=0.22 secs] 
2024-03-23T05:43:48.685+0800: 132704.106: [GC (Allocation Failure) 2024-03-23T05:43:48.685+0800: 132704.106: [ParNew: 20522448K->877914K(22937600K), 0.2660095 secs] 74425203K->54832217K(130940928K), 0.2664562 secs] [Times: user=2.66 sys=1.31, real=0.27 secs] 
2024-03-23T05:44:02.213+0800: 132717.634: [GC (Allocation Failure) 2024-03-23T05:44:02.214+0800: 132717.635: [ParNew: 20538714K->822817K(22937600K), 0.2621048 secs] 74493017K->54814236K(130940928K), 0.2625485 secs] [Times: user=3.28 sys=0.57, real=0.26 secs] 
2024-03-23T05:44:14.579+0800: 132730.000: [GC (Allocation Failure) 2024-03-23T05:44:14.580+0800: 132730.001: [ParNew: 20483617K->760699K(22937600K), 0.4098192 secs] 74475036K->54795962K(130940928K), 0.4102801 secs] [Times: user=6.30 sys=0.27, real=0.41 secs] 
2024-03-23T05:44:25.351+0800: 132740.771: [GC (Allocation Failure) 2024-03-23T05:44:25.351+0800: 132740.772: [ParNew: 20421499K->788841K(22937600K), 0.2133642 secs] 74456762K->54870465K(130940928K), 0.2138058 secs] [Times: user=2.35 sys=0.66, real=0.21 secs] 
2024-03-23T05:44:36.267+0800: 132751.687: [GC (Allocation Failure) 2024-03-23T05:44:36.267+0800: 132751.688: [ParNew: 20449641K->723853K(22937600K), 0.2114744 secs] 74531265K->54847669K(130940928K), 0.2119144 secs] [Times: user=2.37 sys=0.63, real=0.22 secs] 
2024-03-23T05:44:46.978+0800: 132762.399: [GC (Allocation Failure) 2024-03-23T05:44:46.978+0800: 132762.399: [ParNew: 20384653K->726782K(22937600K), 0.1774239 secs] 74508469K->54895795K(130940928K), 0.1778707 secs] [Times: user=2.26 sys=0.15, real=0.17 secs] 
2024-03-23T05:44:56.275+0800: 132771.696: [GC (Allocation Failure) 2024-03-23T05:44:56.275+0800: 132771.696: [ParNew: 20387582K->709926K(22937600K), 0.4087543 secs] 74556595K->54912477K(130940928K), 0.4092360 secs] [Times: user=2.43 sys=4.08, real=0.41 secs] 
2024-03-23T05:45:06.547+0800: 132781.968: [GC (Allocation Failure) 2024-03-23T05:45:06.547+0800: 132781.968: [ParNew: 20370726K->657110K(22937600K), 0.2302444 secs] 74573277K->54892745K(130940928K), 0.2307030 secs] [Times: user=2.48 sys=0.86, real=0.24 secs] 
2024-03-23T05:45:17.179+0800: 132792.600: [GC (Allocation Failure) 2024-03-23T05:45:17.180+0800: 132792.600: [ParNew: 20317910K->740046K(22937600K), 0.2206321 secs] 74553545K->55006493K(130940928K), 0.2210826 secs] [Times: user=2.34 sys=0.62, real=0.22 secs] 
2024-03-23T05:45:29.750+0800: 132805.170: [GC (Allocation Failure) 2024-03-23T05:45:29.750+0800: 132805.171: [ParNew: 20400846K->720130K(22937600K), 0.2338356 secs] 74667293K->55021467K(130940928K), 0.2342847 secs] [Times: user=2.90 sys=0.24, real=0.23 secs] 
2024-03-23T05:45:38.774+0800: 132814.195: [GC (Allocation Failure) 2024-03-23T05:45:38.774+0800: 132814.195: [ParNew: 20380930K->708721K(22937600K), 0.2298072 secs] 74682267K->55040228K(130940928K), 0.2302747 secs] [Times: user=2.88 sys=0.22, real=0.23 secs] 
2024-03-23T05:45:50.436+0800: 132825.857: [GC (Allocation Failure) 2024-03-23T05:45:50.436+0800: 132825.857: [ParNew: 20369521K->715775K(22937600K), 0.3774664 secs] 74701028K->55069497K(130940928K), 0.3779332 secs] [Times: user=2.65 sys=3.29, real=0.38 secs] 
2024-03-23T05:46:01.383+0800: 132836.804: [GC (Allocation Failure) 2024-03-23T05:46:01.383+0800: 132836.804: [ParNew: 20376575K->830543K(22937600K), 0.2247436 secs] 74730297K->55205979K(130940928K), 0.2252136 secs] [Times: user=2.83 sys=0.39, real=0.23 secs] 
2024-03-23T05:46:11.353+0800: 132846.774: [GC (Allocation Failure) 2024-03-23T05:46:11.353+0800: 132846.774: [ParNew: 20491343K->832012K(22937600K), 0.2146516 secs] 74866779K->55235567K(130940928K), 0.2151062 secs] [Times: user=2.45 sys=0.54, real=0.22 secs] 
2024-03-23T05:46:22.258+0800: 132857.679: [GC (Allocation Failure) 2024-03-23T05:46:22.259+0800: 132857.680: [ParNew: 20492812K->783229K(22937600K), 0.2067583 secs] 74896367K->55210521K(130940928K), 0.2072251 secs] [Times: user=2.34 sys=0.55, real=0.20 secs] 
2024-03-23T05:46:32.305+0800: 132867.726: [GC (Allocation Failure) 2024-03-23T05:46:32.305+0800: 132867.726: [ParNew: 20444029K->746671K(22937600K), 0.1948232 secs] 74871321K->55197533K(130940928K), 0.1952060 secs] [Times: user=2.27 sys=0.40, real=0.20 secs] 
2024-03-23T05:46:39.933+0800: 132875.354: [GC (Allocation Failure) 2024-03-23T05:46:39.933+0800: 132875.354: [ParNew: 20407471K->784956K(22937600K), 0.1979454 secs] 74858333K->55267556K(130940928K), 0.1983750 secs] [Times: user=2.31 sys=0.34, real=0.20 secs] 
2024-03-23T05:46:47.851+0800: 132883.272: [GC (Allocation Failure) 2024-03-23T05:46:47.852+0800: 132883.272: [ParNew: 20445756K->818624K(22937600K), 0.1725464 secs] 74928356K->55331161K(130940928K), 0.1729996 secs] [Times: user=2.25 sys=0.09, real=0.17 secs] 
2024-03-23T05:46:58.774+0800: 132894.195: [GC (Allocation Failure) 2024-03-23T05:46:58.774+0800: 132894.195: [ParNew: 20479424K->827322K(22937600K), 0.2642828 secs] 74991961K->55370432K(130940928K), 0.2647152 secs] [Times: user=2.45 sys=1.49, real=0.27 secs] 
2024-03-23T05:47:07.708+0800: 132903.129: [GC (Allocation Failure) 2024-03-23T05:47:07.709+0800: 132903.129: [ParNew: 20488122K->719618K(22937600K), 0.2036297 secs] 75031232K->55293361K(130940928K), 0.2040534 secs] [Times: user=2.24 sys=0.66, real=0.20 secs] 
2024-03-23T05:47:15.799+0800: 132911.220: [GC (Allocation Failure) 2024-03-23T05:47:15.799+0800: 132911.220: [ParNew: 20380418K->761245K(22937600K), 0.1777391 secs] 74954161K->55361083K(130940928K), 0.1782048 secs] [Times: user=2.16 sys=0.33, real=0.17 secs] 
2024-03-23T05:47:22.765+0800: 132918.186: [GC (Allocation Failure) 2024-03-23T05:47:22.765+0800: 132918.186: [ParNew: 20422045K->743630K(22937600K), 0.1810563 secs] 75021883K->55368585K(130940928K), 0.1815009 secs] [Times: user=2.19 sys=0.31, real=0.18 secs] 
2024-03-23T05:47:33.271+0800: 132928.692: [GC (Allocation Failure) 2024-03-23T05:47:33.271+0800: 132928.692: [ParNew: 20404430K->759064K(22937600K), 0.1847154 secs] 75029385K->55409102K(130940928K), 0.1852054 secs] [Times: user=2.20 sys=0.35, real=0.18 secs] 
2024-03-23T05:47:41.679+0800: 132937.099: [GC (Allocation Failure) 2024-03-23T05:47:41.679+0800: 132937.100: [ParNew: 20419864K->747175K(22937600K), 0.1871663 secs] 75069902K->55432683K(130940928K), 0.1876003 secs] [Times: user=2.23 sys=0.32, real=0.18 secs] 
2024-03-23T05:47:53.123+0800: 132948.544: [GC (Allocation Failure) 2024-03-23T05:47:53.123+0800: 132948.544: [ParNew: 20407975K->757785K(22937600K), 0.2430161 secs] 75093483K->55478476K(130940928K), 0.2434810 secs] [Times: user=2.19 sys=1.42, real=0.24 secs] 
2024-03-23T05:48:02.198+0800: 132957.619: [GC (Allocation Failure) 2024-03-23T05:48:02.199+0800: 132957.620: [ParNew: 20418585K->648304K(22937600K), 0.2454563 secs] 75139276K->55397867K(130940928K), 0.2459125 secs] [Times: user=3.56 sys=0.11, real=0.24 secs] 
2024-03-23T05:48:08.661+0800: 132964.082: [GC (Allocation Failure) 2024-03-23T05:48:08.662+0800: 132964.082: [ParNew: 20309104K->642552K(22937600K), 0.1712301 secs] 75058667K->55419007K(130940928K), 0.1716742 secs] [Times: user=2.16 sys=0.27, real=0.17 secs] 
2024-03-23T05:48:15.463+0800: 132970.884: [GC (Allocation Failure) 2024-03-23T05:48:15.464+0800: 132970.884: [ParNew: 20303352K->713066K(22937600K), 0.3064924 secs] 75079807K->55518834K(130940928K), 0.3069638 secs] [Times: user=4.78 sys=0.00, real=0.31 secs] 
2024-03-23T05:48:22.748+0800: 132978.169: [GC (Allocation Failure) 2024-03-23T05:48:22.748+0800: 132978.169: [ParNew: 20373866K->673634K(22937600K), 0.1750148 secs] 75179634K->55509737K(130940928K), 0.1754961 secs] [Times: user=2.19 sys=0.25, real=0.17 secs] 
2024-03-23T05:48:31.325+0800: 132986.745: [GC (Allocation Failure) 2024-03-23T05:48:31.325+0800: 132986.746: [ParNew: 20334434K->671714K(22937600K), 0.1815745 secs] 75170537K->55535273K(130940928K), 0.1820357 secs] [Times: user=2.19 sys=0.34, real=0.18 secs] 
2024-03-23T05:48:40.564+0800: 132995.984: [GC (Allocation Failure) 2024-03-23T05:48:40.564+0800: 132995.985: [ParNew: 20332514K->672414K(22937600K), 0.1712831 secs] 75196073K->55557426K(130940928K), 0.1717605 secs] [Times: user=2.06 sys=0.43, real=0.17 secs] 
2024-03-23T05:48:47.682+0800: 133003.103: [GC (Allocation Failure) 2024-03-23T05:48:47.682+0800: 133003.103: [ParNew: 20333214K->709507K(22937600K), 0.2188744 secs] 75218226K->55618429K(130940928K), 0.2193590 secs] [Times: user=3.43 sys=0.00, real=0.22 secs] 
2024-03-23T05:48:55.617+0800: 133011.038: [GC (Allocation Failure) 2024-03-23T05:48:55.618+0800: 133011.039: [ParNew: 20370307K->656871K(22937600K), 0.3472882 secs] 75279229K->55589118K(130940928K), 0.3478268 secs] [Times: user=2.59 sys=2.92, real=0.35 secs] 
2024-03-23T05:49:04.046+0800: 133019.467: [GC (Allocation Failure) 2024-03-23T05:49:04.046+0800: 133019.467: [ParNew: 20317671K->619765K(22937600K), 0.2024056 secs] 75249918K->55574729K(130940928K), 0.2028690 secs] [Times: user=2.32 sys=0.61, real=0.21 secs] 
2024-03-23T05:49:12.238+0800: 133027.659: [GC (Allocation Failure) 2024-03-23T05:49:12.238+0800: 133027.659: [ParNew: 20280565K->702022K(22937600K), 0.2190815 secs] 75235529K->55684364K(130940928K), 0.2195352 secs] [Times: user=2.78 sys=0.54, real=0.22 secs] 
2024-03-23T05:49:20.276+0800: 133035.697: [GC (Allocation Failure) 2024-03-23T05:49:20.276+0800: 133035.697: [ParNew: 20362822K->683597K(22937600K), 0.1740595 secs] 75345164K->55688169K(130940928K), 0.1744999 secs] [Times: user=2.17 sys=0.38, real=0.18 secs] 
2024-03-23T05:49:27.499+0800: 133042.920: [GC (Allocation Failure) 2024-03-23T05:49:27.499+0800: 133042.920: [ParNew: 20344397K->649871K(22937600K), 0.1750110 secs] 75348969K->55679408K(130940928K), 0.1754204 secs] [Times: user=2.19 sys=0.29, real=0.17 secs] 
2024-03-23T05:49:35.639+0800: 133051.060: [GC (Allocation Failure) 2024-03-23T05:49:35.639+0800: 133051.060: [ParNew: 20310671K->664016K(22937600K), 0.1790855 secs] 75340208K->55722154K(130940928K), 0.1795144 secs] [Times: user=2.23 sys=0.37, real=0.18 secs] 
2024-03-23T05:49:45.887+0800: 133061.308: [GC (Allocation Failure) 2024-03-23T05:49:45.887+0800: 133061.308: [ParNew: 20324816K->621110K(22937600K), 0.1678872 secs] 75382954K->55709533K(130940928K), 0.1683458 secs] [Times: user=2.18 sys=0.16, real=0.17 secs] 
2024-03-23T05:49:56.099+0800: 133071.520: [GC (Allocation Failure) 2024-03-23T05:49:56.099+0800: 133071.520: [ParNew: 20281910K->663361K(22937600K), 0.2591393 secs] 75370333K->55779229K(130940928K), 0.2595625 secs] [Times: user=2.53 sys=1.26, real=0.26 secs] 
2024-03-23T05:50:07.485+0800: 133082.906: [GC (Allocation Failure) 2024-03-23T05:50:07.485+0800: 133082.906: [ParNew: 20324161K->643368K(22937600K), 0.2118804 secs] 75440029K->55785764K(130940928K), 0.2123847 secs] [Times: user=2.76 sys=0.43, real=0.21 secs] 
2024-03-23T05:50:18.371+0800: 133093.791: [GC (Allocation Failure) 2024-03-23T05:50:18.371+0800: 133093.792: [ParNew: 20304168K->648819K(22937600K), 0.1899381 secs] 75446564K->55813848K(130940928K), 0.1903691 secs] [Times: user=2.58 sys=0.09, real=0.19 secs] 
2024-03-23T05:50:30.165+0800: 133105.585: [GC (Allocation Failure) 2024-03-23T05:50:30.165+0800: 133105.586: [ParNew: 20309619K->604765K(22937600K), 0.2010478 secs] 75474648K->55793989K(130940928K), 0.2015263 secs] [Times: user=2.30 sys=0.62, real=0.20 secs] 
2024-03-23T05:50:39.994+0800: 133115.415: [GC (Allocation Failure) 2024-03-23T05:50:39.994+0800: 133115.415: [ParNew: 20265565K->584898K(22937600K), 0.1906845 secs] 75454789K->55800731K(130940928K), 0.1911279 secs] [Times: user=2.58 sys=0.15, real=0.19 secs] 
2024-03-23T05:50:50.436+0800: 133125.857: [GC (Allocation Failure) 2024-03-23T05:50:50.437+0800: 133125.857: [ParNew: 20245698K->632915K(22937600K), 0.2413076 secs] 75461531K->55872548K(130940928K), 0.2417820 secs] [Times: user=2.08 sys=1.53, real=0.25 secs] 
2024-03-23T05:51:02.885+0800: 133138.306: [GC (Allocation Failure) 2024-03-23T05:51:02.886+0800: 133138.306: [ParNew: 20293715K->643806K(22937600K), 0.2170882 secs] 75533348K->55904918K(130940928K), 0.2175366 secs] [Times: user=3.06 sys=0.12, real=0.22 secs] 
2024-03-23T05:51:12.109+0800: 133147.530: [GC (Allocation Failure) 2024-03-23T05:51:12.109+0800: 133147.530: [ParNew: 20304606K->666791K(22937600K), 0.2022866 secs] 75565718K->55950622K(130940928K), 0.2027094 secs] [Times: user=2.30 sys=0.58, real=0.20 secs] 
2024-03-23T05:51:21.524+0800: 133156.945: [GC (Allocation Failure) 2024-03-23T05:51:21.524+0800: 133156.945: [ParNew: 20327591K->629071K(22937600K), 0.2295710 secs] 75611422K->55939234K(130940928K), 0.2300357 secs] [Times: user=2.78 sys=0.61, real=0.23 secs] 
2024-03-23T05:51:31.922+0800: 133167.343: [GC (Allocation Failure) 2024-03-23T05:51:31.922+0800: 133167.343: [ParNew: 20289871K->647870K(22937600K), 0.2067708 secs] 75600034K->55991252K(130940928K), 0.2072099 secs] [Times: user=2.37 sys=0.56, real=0.21 secs] 
2024-03-23T05:51:41.367+0800: 133176.788: [GC (Allocation Failure) 2024-03-23T05:51:41.368+0800: 133176.788: [ParNew: 20308670K->594670K(22937600K), 0.2223666 secs] 75652052K->55966443K(130940928K), 0.2228167 secs] [Times: user=2.72 sys=0.49, real=0.23 secs] 
2024-03-23T05:51:54.560+0800: 133189.980: [GC (Allocation Failure) 2024-03-23T05:51:54.560+0800: 133189.981: [ParNew: 20255470K->643021K(22937600K), 0.2571325 secs] 75627243K->56043738K(130940928K), 0.2576520 secs] [Times: user=2.85 sys=1.02, real=0.25 secs] 
2024-03-23T05:52:07.217+0800: 133202.638: [GC (Allocation Failure) 2024-03-23T05:52:07.217+0800: 133202.638: [ParNew: 20303821K->694121K(22937600K), 0.1947295 secs] 75704538K->56121931K(130940928K), 0.1952012 secs] [Times: user=2.27 sys=0.54, real=0.20 secs] 
2024-03-23T05:52:18.595+0800: 133214.016: [GC (Allocation Failure) 2024-03-23T05:52:18.595+0800: 133214.016: [ParNew: 20354921K->682438K(22937600K), 0.1975630 secs] 75782731K->56132125K(130940928K), 0.1979921 secs] [Times: user=2.39 sys=0.49, real=0.20 secs] 
2024-03-23T05:52:32.240+0800: 133227.661: [GC (Allocation Failure) 2024-03-23T05:52:32.240+0800: 133227.661: [ParNew: 20343238K->688788K(22937600K), 0.2065033 secs] 75792925K->56160479K(130940928K), 0.2069449 secs] [Times: user=2.87 sys=0.14, real=0.20 secs] 
2024-03-23T05:52:43.757+0800: 133239.178: [GC (Allocation Failure) 2024-03-23T05:52:43.757+0800: 133239.178: [ParNew: 20349588K->715553K(22937600K), 0.2045938 secs] 75821279K->56212471K(130940928K), 0.2050146 secs] [Times: user=2.80 sys=0.16, real=0.21 secs] 
2024-03-23T05:52:53.380+0800: 133248.801: [GC (Allocation Failure) 2024-03-23T05:52:53.380+0800: 133248.801: [ParNew: 20376353K->758351K(22937600K), 0.2768433 secs] 75873271K->56273990K(130940928K), 0.2772931 secs] [Times: user=4.16 sys=0.03, real=0.27 secs] 
2024-03-23T05:53:03.438+0800: 133258.858: [GC (Allocation Failure) 2024-03-23T05:53:03.438+0800: 133258.859: [ParNew: 20419151K->857457K(22937600K), 0.2978836 secs] 75934790K->56397533K(130940928K), 0.2983570 secs] [Times: user=2.67 sys=1.72, real=0.29 secs] 
2024-03-23T05:53:13.484+0800: 133268.904: [GC (Allocation Failure) 2024-03-23T05:53:13.484+0800: 133268.905: [ParNew: 20518257K->769697K(22937600K), 0.2010111 secs] 76058333K->56331285K(130940928K), 0.2014576 secs] [Times: user=2.50 sys=0.34, real=0.20 secs] 
2024-03-23T05:53:24.369+0800: 133279.789: [GC (Allocation Failure) 2024-03-23T05:53:24.369+0800: 133279.790: [ParNew: 20430497K->856675K(22937600K), 0.1951256 secs] 75992085K->56442225K(130940928K), 0.1955080 secs] [Times: user=2.63 sys=0.11, real=0.19 secs] 
2024-03-23T05:53:33.211+0800: 133288.632: [GC (Allocation Failure) 2024-03-23T05:53:33.211+0800: 133288.632: [ParNew: 20517475K->798603K(22937600K), 0.3181904 secs] 76103025K->56406087K(130940928K), 0.3186188 secs] [Times: user=4.55 sys=0.39, real=0.32 secs] 
2024-03-23T05:53:42.634+0800: 133298.055: [GC (Allocation Failure) 2024-03-23T05:53:42.634+0800: 133298.055: [ParNew: 20459403K->796469K(22937600K), 0.1868792 secs] 76066887K->56426239K(130940928K), 0.1873153 secs] [Times: user=2.26 sys=0.38, real=0.19 secs] 
2024-03-23T05:53:52.188+0800: 133307.609: [GC (Allocation Failure) 2024-03-23T05:53:52.188+0800: 133307.609: [ParNew: 20457269K->846971K(22937600K), 0.1820378 secs] 76087039K->56503040K(130940928K), 0.1824920 secs] [Times: user=2.36 sys=0.19, real=0.18 secs] 
2024-03-23T05:54:00.440+0800: 133315.861: [GC (Allocation Failure) 2024-03-23T05:54:00.440+0800: 133315.861: [ParNew: 20507771K->884896K(22937600K), 0.3802257 secs] 76163840K->56568088K(130940928K), 0.3806672 secs] [Times: user=2.59 sys=3.46, real=0.38 secs] 
2024-03-23T05:54:09.255+0800: 133324.676: [GC (Allocation Failure) 2024-03-23T05:54:09.255+0800: 133324.676: [ParNew: 20545696K->766367K(22937600K), 0.2090313 secs] 76228888K->56477921K(130940928K), 0.2094416 secs] [Times: user=2.30 sys=0.69, real=0.21 secs] 
2024-03-23T05:54:19.624+0800: 133335.045: [GC (Allocation Failure) 2024-03-23T05:54:19.624+0800: 133335.045: [ParNew: 20427167K->804873K(22937600K), 0.1866955 secs] 76138721K->56546140K(130940928K), 0.1871134 secs] [Times: user=2.26 sys=0.43, real=0.19 secs] 
2024-03-23T05:54:28.739+0800: 133344.160: [GC (Allocation Failure) 2024-03-23T05:54:28.740+0800: 133344.160: [ParNew: 20465673K->768211K(22937600K), 0.1837533 secs] 76206940K->56545371K(130940928K), 0.1842110 secs] [Times: user=2.20 sys=0.40, real=0.18 secs] 
2024-03-23T05:54:37.930+0800: 133353.351: [GC (Allocation Failure) 2024-03-23T05:54:37.931+0800: 133353.351: [ParNew: 20429011K->675888K(22937600K), 0.1819724 secs] 76206171K->56492884K(130940928K), 0.1823874 secs] [Times: user=2.19 sys=0.36, real=0.18 secs] 
2024-03-23T05:54:47.143+0800: 133362.564: [GC (Allocation Failure) 2024-03-23T05:54:47.143+0800: 133362.564: [ParNew: 20336688K->698464K(22937600K), 0.1782069 secs] 76153684K->56551272K(130940928K), 0.1786332 secs] [Times: user=2.22 sys=0.33, real=0.18 secs] 
2024-03-23T05:54:58.220+0800: 133373.641: [GC (Allocation Failure) 2024-03-23T05:54:58.220+0800: 133373.641: [ParNew: 20359264K->716806K(22937600K), 0.3810856 secs] 76212072K->56607685K(130940928K), 0.3815218 secs] [Times: user=4.69 sys=1.47, real=0.38 secs] 
2024-03-23T05:55:08.914+0800: 133384.335: [GC (Allocation Failure) 2024-03-23T05:55:08.914+0800: 133384.335: [ParNew: 20377606K->622712K(22937600K), 0.2528600 secs] 76268485K->56553576K(130940928K), 0.2533252 secs] [Times: user=3.49 sys=0.34, real=0.25 secs] 
2024-03-23T05:55:18.410+0800: 133393.831: [GC (Allocation Failure) 2024-03-23T05:55:18.411+0800: 133393.831: [ParNew: 20283512K->663089K(22937600K), 0.1818634 secs] 76214376K->56630497K(130940928K), 0.1822971 secs] [Times: user=2.14 sys=0.43, real=0.18 secs] 
2024-03-23T05:55:26.944+0800: 133402.365: [GC (Allocation Failure) 2024-03-23T05:55:26.944+0800: 133402.365: [ParNew: 20323889K->709172K(22937600K), 0.1978182 secs] 76291297K->56705681K(130940928K), 0.1982525 secs] [Times: user=2.43 sys=0.43, real=0.20 secs] 
2024-03-23T05:55:36.329+0800: 133411.750: [GC (Allocation Failure) 2024-03-23T05:55:36.329+0800: 133411.750: [ParNew: 20369972K->610854K(22937600K), 0.1785715 secs] 76366481K->56641705K(130940928K), 0.1789906 secs] [Times: user=2.17 sys=0.40, real=0.18 secs] 
2024-03-23T05:55:46.715+0800: 133422.136: [GC (Allocation Failure) 2024-03-23T05:55:46.716+0800: 133422.137: [ParNew: 20271654K->619475K(22937600K), 0.1863859 secs] 76302505K->56682573K(130940928K), 0.1868390 secs] [Times: user=2.25 sys=0.46, real=0.19 secs] 
2024-03-23T05:55:55.859+0800: 133431.280: [GC (Allocation Failure) 2024-03-23T05:55:55.859+0800: 133431.280: [ParNew: 20280275K->614594K(22937600K), 0.2546705 secs] 76343373K->56709175K(130940928K), 0.2551142 secs] [Times: user=2.51 sys=1.38, real=0.25 secs] 
2024-03-23T05:56:05.187+0800: 133440.608: [GC (Allocation Failure) 2024-03-23T05:56:05.187+0800: 133440.608: [ParNew: 20275394K->570505K(22937600K), 0.2117598 secs] 76369975K->56689943K(130940928K), 0.2121894 secs] [Times: user=3.05 sys=0.07, real=0.22 secs] 
2024-03-23T05:56:13.890+0800: 133449.311: [GC (Allocation Failure) 2024-03-23T05:56:13.890+0800: 133449.311: [ParNew: 20231305K->624661K(22937600K), 0.1758768 secs] 76350743K->56767789K(130940928K), 0.1762892 secs] [Times: user=2.50 sys=0.02, real=0.17 secs] 
2024-03-23T05:56:22.762+0800: 133458.182: [GC (Allocation Failure) 2024-03-23T05:56:22.762+0800: 133458.183: [ParNew: 20285461K->635301K(22937600K), 0.1739366 secs] 76428589K->56801607K(130940928K), 0.1743613 secs] [Times: user=2.10 sys=0.39, real=0.17 secs] 
2024-03-23T05:56:30.676+0800: 133466.096: [GC (Allocation Failure) 2024-03-23T05:56:30.676+0800: 133466.097: [ParNew: 20296101K->606180K(22937600K), 0.1743415 secs] 76462407K->56798501K(130940928K), 0.1747345 secs] [Times: user=2.15 sys=0.34, real=0.18 secs] 
2024-03-23T05:56:39.620+0800: 133475.041: [GC (Allocation Failure) 2024-03-23T05:56:39.620+0800: 133475.041: [ParNew: 20266980K->617707K(22937600K), 0.1924045 secs] 76459301K->56830756K(130940928K), 0.1928384 secs] [Times: user=2.18 sys=0.47, real=0.19 secs] 
2024-03-23T05:56:49.149+0800: 133484.570: [GC (Allocation Failure) 2024-03-23T05:56:49.149+0800: 133484.570: [ParNew: 20278507K->676103K(22937600K), 0.1674796 secs] 76491556K->56912930K(130940928K), 0.1679090 secs] [Times: user=2.20 sys=0.11, real=0.16 secs] 
2024-03-23T05:56:59.360+0800: 133494.781: [GC (Allocation Failure) 2024-03-23T05:56:59.361+0800: 133494.782: [ParNew: 20336903K->586835K(22937600K), 0.2492479 secs] 76573730K->56850546K(130940928K), 0.2496862 secs] [Times: user=2.40 sys=1.32, real=0.25 secs] 
2024-03-23T05:57:10.576+0800: 133505.996: [GC (Allocation Failure) 2024-03-23T05:57:10.576+0800: 133505.997: [ParNew: 20247635K->659929K(22937600K), 0.2187711 secs] 76511346K->56947986K(130940928K), 0.2191274 secs] [Times: user=2.74 sys=0.35, real=0.22 secs] 
2024-03-23T05:57:20.386+0800: 133515.807: [GC (Allocation Failure) 2024-03-23T05:57:20.386+0800: 133515.807: [ParNew: 20320729K->602358K(22937600K), 0.2114799 secs] 76608786K->56910889K(130940928K), 0.2118537 secs] [Times: user=2.79 sys=0.08, real=0.22 secs] 
2024-03-23T05:57:29.282+0800: 133524.703: [GC (Allocation Failure) 2024-03-23T05:57:29.282+0800: 133524.703: [ParNew: 20263158K->622240K(22937600K), 0.1953710 secs] 76571689K->56957782K(130940928K), 0.1958012 secs] [Times: user=2.18 sys=0.37, real=0.20 secs] 
2024-03-23T05:57:39.818+0800: 133535.239: [GC (Allocation Failure) 2024-03-23T05:57:39.819+0800: 133535.239: [ParNew: 20283040K->556627K(22937600K), 0.2025675 secs] 76618582K->56918121K(130940928K), 0.2029879 secs] [Times: user=2.64 sys=0.08, real=0.20 secs] 
2024-03-23T05:57:51.390+0800: 133546.811: [GC (Allocation Failure) 2024-03-23T05:57:51.391+0800: 133546.811: [ParNew: 20217427K->617679K(22937600K), 0.1738549 secs] 76578921K->57002469K(130940928K), 0.1743494 secs] [Times: user=2.20 sys=0.16, real=0.17 secs] 
2024-03-23T05:58:02.820+0800: 133558.241: [GC (Allocation Failure) 2024-03-23T05:58:02.820+0800: 133558.241: [ParNew: 20278479K->671988K(22937600K), 0.3484100 secs] 76663269K->57078206K(130940928K), 0.3489663 secs] [Times: user=2.25 sys=3.03, real=0.35 secs] 
2024-03-23T05:58:16.783+0800: 133572.204: [GC (Allocation Failure) 2024-03-23T05:58:16.783+0800: 133572.204: [ParNew: 20332788K->709889K(22937600K), 0.2276615 secs] 76739006K->57138627K(130940928K), 0.2281401 secs] [Times: user=2.59 sys=0.68, real=0.23 secs] 
2024-03-23T05:58:29.300+0800: 133584.720: [GC (Allocation Failure) 2024-03-23T05:58:29.300+0800: 133584.721: [ParNew: 20370689K->691922K(22937600K), 0.1911703 secs] 76799427K->57145297K(130940928K), 0.1916380 secs] [Times: user=2.16 sys=0.52, real=0.19 secs] 
2024-03-23T05:58:39.679+0800: 133595.100: [GC (Allocation Failure) 2024-03-23T05:58:39.679+0800: 133595.100: [ParNew: 20352722K->684266K(22937600K), 0.1891356 secs] 76806097K->57165655K(130940928K), 0.1896122 secs] [Times: user=2.20 sys=0.40, real=0.19 secs] 
2024-03-23T05:58:49.624+0800: 133605.045: [GC (Allocation Failure) 2024-03-23T05:58:49.624+0800: 133605.045: [ParNew: 20345066K->629760K(22937600K), 0.1888910 secs] 76826455K->57135519K(130940928K), 0.1893177 secs] [Times: user=2.22 sys=0.27, real=0.19 secs] 
2024-03-23T05:59:00.729+0800: 133616.150: [GC (Allocation Failure) 2024-03-23T05:59:00.729+0800: 133616.150: [ParNew: 20290560K->697472K(22937600K), 0.3855011 secs] 76796319K->57227242K(130940928K), 0.3859090 secs] [Times: user=3.85 sys=2.14, real=0.38 secs] 
2024-03-23T05:59:09.692+0800: 133625.113: [GC (Allocation Failure) 2024-03-23T05:59:09.692+0800: 133625.113: [ParNew: 20358272K->711631K(22937600K), 0.1929099 secs] 76888042K->57262115K(130940928K), 0.1933738 secs] [Times: user=2.24 sys=0.52, real=0.19 secs] 
2024-03-23T05:59:20.498+0800: 133635.919: [GC (Allocation Failure) 2024-03-23T05:59:20.499+0800: 133635.920: [ParNew: 20372431K->715767K(22937600K), 0.2203132 secs] 76922915K->57288809K(130940928K), 0.2208356 secs] [Times: user=2.56 sys=0.63, real=0.22 secs] 
2024-03-23T05:59:30.424+0800: 133645.844: [GC (Allocation Failure) 2024-03-23T05:59:30.424+0800: 133645.845: [ParNew: 20376567K->683048K(22937600K), 0.1970536 secs] 76949609K->57276990K(130940928K), 0.1975406 secs] [Times: user=2.25 sys=0.46, real=0.20 secs] 
2024-03-23T05:59:42.616+0800: 133658.037: [GC (Allocation Failure) 2024-03-23T05:59:42.616+0800: 133658.037: [ParNew: 20343848K->745806K(22937600K), 0.2012266 secs] 76937790K->57363764K(130940928K), 0.2016870 secs] [Times: user=2.29 sys=0.48, real=0.21 secs] 
2024-03-23T05:59:51.285+0800: 133666.706: [GC (Allocation Failure) 2024-03-23T05:59:51.285+0800: 133666.706: [ParNew: 20406606K->746831K(22937600K), 0.1824023 secs] 77024564K->57385180K(130940928K), 0.1828204 secs] [Times: user=2.21 sys=0.26, real=0.19 secs] 
2024-03-23T06:00:02.226+0800: 133677.647: [GC (Allocation Failure) 2024-03-23T06:00:02.226+0800: 133677.647: [ParNew: 20407631K->815738K(22937600K), 0.2400657 secs] 77045980K->57479731K(130940928K), 0.2404878 secs] [Times: user=2.65 sys=0.83, real=0.24 secs] 
2024-03-23T06:00:12.256+0800: 133687.677: [GC (Allocation Failure) 2024-03-23T06:00:12.257+0800: 133687.677: [ParNew: 20476538K->774916K(22937600K), 0.2146173 secs] 77140531K->57466002K(130940928K), 0.2150648 secs] [Times: user=2.47 sys=0.62, real=0.22 secs] 
2024-03-23T06:00:22.508+0800: 133697.929: [GC (Allocation Failure) 2024-03-23T06:00:22.508+0800: 133697.929: [ParNew: 20435716K->732435K(22937600K), 0.2517949 secs] 77126802K->57449479K(130940928K), 0.2522408 secs] [Times: user=3.52 sys=0.27, real=0.25 secs] 
2024-03-23T06:00:31.786+0800: 133707.207: [GC (Allocation Failure) 2024-03-23T06:00:31.787+0800: 133707.208: [ParNew: 20393235K->762294K(22937600K), 0.1885894 secs] 77110279K->57507414K(130940928K), 0.1890494 secs] [Times: user=2.26 sys=0.39, real=0.19 secs] 
2024-03-23T06:00:40.758+0800: 133716.179: [GC (Allocation Failure) 2024-03-23T06:00:40.759+0800: 133716.180: [ParNew: 20423094K->735294K(22937600K), 0.2024790 secs] 77168214K->57513428K(130940928K), 0.2028922 secs] [Times: user=2.50 sys=0.45, real=0.20 secs] 
2024-03-23T06:00:50.959+0800: 133726.379: [GC (Allocation Failure) 2024-03-23T06:00:50.959+0800: 133726.380: [ParNew: 20396094K->676543K(22937600K), 0.1884876 secs] 77174228K->57486498K(130940928K), 0.1889560 secs] [Times: user=2.39 sys=0.35, real=0.19 secs] 
2024-03-23T06:01:00.810+0800: 133736.231: [GC (Allocation Failure) 2024-03-23T06:01:00.810+0800: 133736.231: [ParNew: 20337343K->720462K(22937600K), 0.2679919 secs] 77147298K->57559978K(130940928K), 0.2684441 secs] [Times: user=2.74 sys=1.30, real=0.27 secs] 
2024-03-23T06:01:11.478+0800: 133746.899: [GC (Allocation Failure) 2024-03-23T06:01:11.478+0800: 133746.899: [ParNew: 20381262K->698956K(22937600K), 0.2092737 secs] 77220778K->57570999K(130940928K), 0.2097522 secs] [Times: user=2.83 sys=0.22, real=0.21 secs] 
2024-03-23T06:01:20.153+0800: 133755.574: [GC (Allocation Failure) 2024-03-23T06:01:20.153+0800: 133755.574: [ParNew: 20359756K->700848K(22937600K), 0.1950509 secs] 77231799K->57602182K(130940928K), 0.1954692 secs] [Times: user=2.21 sys=0.37, real=0.20 secs] 
2024-03-23T06:01:29.802+0800: 133765.223: [GC (Allocation Failure) 2024-03-23T06:01:29.802+0800: 133765.223: [ParNew: 20361648K->701006K(22937600K), 0.1875585 secs] 77262982K->57633454K(130940928K), 0.1878995 secs] [Times: user=2.16 sys=0.41, real=0.19 secs] 
2024-03-23T06:01:37.601+0800: 133773.022: [GC (Allocation Failure) 2024-03-23T06:01:37.602+0800: 133773.022: [ParNew: 20361806K->671779K(22937600K), 0.1858868 secs] 77294254K->57633410K(130940928K), 0.1863102 secs] [Times: user=2.22 sys=0.29, real=0.19 secs] 
2024-03-23T06:01:46.512+0800: 133781.933: [GC (Allocation Failure) 2024-03-23T06:01:46.512+0800: 133781.933: [ParNew: 20332579K->634874K(22937600K), 0.1862550 secs] 77294210K->57625949K(130940928K), 0.1866442 secs] [Times: user=2.22 sys=0.35, real=0.19 secs] 
2024-03-23T06:01:55.380+0800: 133790.800: [GC (Allocation Failure) 2024-03-23T06:01:55.380+0800: 133790.801: [ParNew: 20295674K->609257K(22937600K), 0.1650009 secs] 77286749K->57632387K(130940928K), 0.1654783 secs] [Times: user=2.18 sys=0.10, real=0.16 secs] 
2024-03-23T06:02:04.684+0800: 133800.105: [GC (Allocation Failure) 2024-03-23T06:02:04.684+0800: 133800.105: [ParNew: 20270057K->720352K(22937600K), 0.2493694 secs] 77293187K->57775292K(130940928K), 0.2498947 secs] [Times: user=2.19 sys=1.48, real=0.25 secs] 
2024-03-23T06:02:14.359+0800: 133809.780: [GC (Allocation Failure) 2024-03-23T06:02:14.359+0800: 133809.780: [ParNew: 20381152K->632151K(22937600K), 0.2154657 secs] 77436092K->57723524K(130940928K), 0.2159372 secs] [Times: user=2.78 sys=0.38, real=0.21 secs] 
2024-03-23T06:02:24.741+0800: 133820.162: [GC (Allocation Failure) 2024-03-23T06:02:24.742+0800: 133820.162: [ParNew: 20292951K->679600K(22937600K), 0.1991490 secs] 77384324K->57799999K(130940928K), 0.1996487 secs] [Times: user=2.40 sys=0.53, real=0.20 secs] 
2024-03-23T06:02:34.826+0800: 133830.246: [GC (Allocation Failure) 2024-03-23T06:02:34.826+0800: 133830.247: [ParNew: 20340400K->633298K(22937600K), 0.2700535 secs] 77460799K->57781588K(130940928K), 0.2705531 secs] [Times: user=3.40 sys=0.66, real=0.27 secs] 
2024-03-23T06:02:44.772+0800: 133840.193: [GC (Allocation Failure) 2024-03-23T06:02:44.772+0800: 133840.193: [ParNew: 20294098K->642170K(22937600K), 0.1879911 secs] 77442388K->57812156K(130940928K), 0.1884606 secs] [Times: user=2.61 sys=0.04, real=0.19 secs] 
2024-03-23T06:02:54.649+0800: 133850.070: [GC (Allocation Failure) 2024-03-23T06:02:54.649+0800: 133850.070: [ParNew: 20302970K->633598K(22937600K), 0.2607893 secs] 77472956K->57826110K(130940928K), 0.2612586 secs] [Times: user=4.01 sys=0.01, real=0.26 secs] 
2024-03-23T06:03:03.176+0800: 133858.597: [GC (Allocation Failure) 2024-03-23T06:03:03.176+0800: 133858.597: [ParNew: 20294398K->717343K(22937600K), 0.2688008 secs] 77486910K->57930240K(130940928K), 0.2692536 secs] [Times: user=2.56 sys=1.29, real=0.27 secs] 
2024-03-23T06:03:13.483+0800: 133868.903: [GC (Allocation Failure) 2024-03-23T06:03:13.483+0800: 133868.904: [ParNew: 20378143K->747373K(22937600K), 0.2164679 secs] 77591040K->57976897K(130940928K), 0.2168277 secs] [Times: user=2.25 sys=0.71, real=0.22 secs] 
2024-03-23T06:03:23.435+0800: 133878.855: [GC (Allocation Failure) 2024-03-23T06:03:23.435+0800: 133878.856: [ParNew: 20408173K->644165K(22937600K), 0.2197945 secs] 77637697K->57899314K(130940928K), 0.2202321 secs] [Times: user=2.96 sys=0.19, real=0.22 secs] 
2024-03-23T06:03:33.944+0800: 133889.365: [GC (Allocation Failure) 2024-03-23T06:03:33.945+0800: 133889.366: [ParNew: 20304965K->697425K(22937600K), 0.2108128 secs] 77560114K->57973125K(130940928K), 0.2113809 secs] [Times: user=2.51 sys=0.46, real=0.21 secs] 
2024-03-23T06:03:43.292+0800: 133898.713: [GC (Allocation Failure) 2024-03-23T06:03:43.292+0800: 133898.713: [ParNew: 20358225K->742586K(22937600K), 0.2391411 secs] 77633925K->58045095K(130940928K), 0.2396038 secs] [Times: user=2.91 sys=0.59, real=0.24 secs] 
2024-03-23T06:03:52.448+0800: 133907.869: [GC (Allocation Failure) 2024-03-23T06:03:52.448+0800: 133907.869: [ParNew: 20403386K->685260K(22937600K), 0.1773160 secs] 77705895K->58013750K(130940928K), 0.1777909 secs] [Times: user=2.25 sys=0.15, real=0.17 secs] 
2024-03-23T06:04:03.756+0800: 133919.177: [GC (Allocation Failure) 2024-03-23T06:04:03.756+0800: 133919.177: [ParNew: 20346060K->767421K(22937600K), 0.2651366 secs] 77674550K->58128672K(130940928K), 0.2657006 secs] [Times: user=2.20 sys=1.58, real=0.27 secs] 
2024-03-23T06:04:16.315+0800: 133931.736: [GC (Allocation Failure) 2024-03-23T06:04:16.315+0800: 133931.736: [ParNew: 20428221K->681345K(22937600K), 0.2011727 secs] 77789472K->58069890K(130940928K), 0.2015952 secs] [Times: user=2.15 sys=0.67, real=0.20 secs] 
2024-03-23T06:04:29.594+0800: 133945.015: [GC (Allocation Failure) 2024-03-23T06:04:29.594+0800: 133945.015: [ParNew: 20342145K->762132K(22937600K), 0.2149147 secs] 77730690K->58177943K(130940928K), 0.2152840 secs] [Times: user=2.20 sys=0.54, real=0.22 secs] 
2024-03-23T06:04:43.498+0800: 133958.919: [GC (Allocation Failure) 2024-03-23T06:04:43.499+0800: 133958.920: [ParNew: 20422932K->803403K(22937600K), 0.2285238 secs] 77838743K->58250596K(130940928K), 0.2289740 secs] [Times: user=2.35 sys=0.68, real=0.23 secs] 
2024-03-23T06:04:55.290+0800: 133970.710: [GC (Allocation Failure) 2024-03-23T06:04:55.290+0800: 133970.711: [ParNew: 20464203K->755002K(22937600K), 0.2592100 secs] 77911396K->58228945K(130940928K), 0.2596976 secs] [Times: user=3.53 sys=0.03, real=0.26 secs] 
2024-03-23T06:05:05.645+0800: 133981.066: [GC (Allocation Failure) 2024-03-23T06:05:05.645+0800: 133981.066: [ParNew: 20415802K->810523K(22937600K), 0.2744043 secs] 77889745K->58313378K(130940928K), 0.2748417 secs] [Times: user=2.71 sys=1.12, real=0.28 secs] 
2024-03-23T06:05:21.853+0800: 133997.274: [GC (Allocation Failure) 2024-03-23T06:05:21.853+0800: 133997.274: [ParNew: 20471323K->821802K(22937600K), 0.2508415 secs] 77974178K->58353934K(130940928K), 0.2512623 secs] [Times: user=2.95 sys=0.64, real=0.25 secs] 
2024-03-23T06:05:34.030+0800: 134009.451: [GC (Allocation Failure) 2024-03-23T06:05:34.031+0800: 134009.451: [ParNew: 20482602K->782613K(22937600K), 0.2062385 secs] 78014734K->58342897K(130940928K), 0.2066382 secs] [Times: user=2.25 sys=0.46, real=0.20 secs] 
2024-03-23T06:05:45.942+0800: 134021.363: [GC (Allocation Failure) 2024-03-23T06:05:45.943+0800: 134021.363: [ParNew: 20443413K->869595K(22937600K), 0.2129111 secs] 78003697K->58454378K(130940928K), 0.2133142 secs] [Times: user=2.35 sys=0.49, real=0.21 secs] 
2024-03-23T06:05:58.103+0800: 134033.524: [GC (Allocation Failure) 2024-03-23T06:05:58.103+0800: 134033.524: [ParNew: 20530395K->868275K(22937600K), 0.1927480 secs] 78115178K->58480128K(130940928K), 0.1932110 secs] [Times: user=2.36 sys=0.26, real=0.19 secs] 
2024-03-23T06:06:10.140+0800: 134045.561: [GC (Allocation Failure) 2024-03-23T06:06:10.140+0800: 134045.561: [ParNew: 20529075K->936085K(22937600K), 0.2613068 secs] 78140928K->58573508K(130940928K), 0.2617405 secs] [Times: user=2.62 sys=1.30, real=0.26 secs] 
2024-03-23T06:06:21.680+0800: 134057.101: [GC (Allocation Failure) 2024-03-23T06:06:21.680+0800: 134057.101: [ParNew: 20596885K->861538K(22937600K), 0.3359150 secs] 78234308K->58531350K(130940928K), 0.3363573 secs] [Times: user=4.41 sys=0.81, real=0.33 secs] 
2024-03-23T06:06:32.589+0800: 134068.010: [GC (Allocation Failure) 2024-03-23T06:06:32.589+0800: 134068.010: [ParNew: 20522338K->878326K(22937600K), 0.2220207 secs] 78192150K->58581922K(130940928K), 0.2224099 secs] [Times: user=2.94 sys=0.16, real=0.22 secs] 
2024-03-23T06:06:44.688+0800: 134080.109: [GC (Allocation Failure) 2024-03-23T06:06:44.688+0800: 134080.109: [ParNew: 20539126K->845922K(22937600K), 0.2022071 secs] 78242722K->58581986K(130940928K), 0.2025580 secs] [Times: user=2.25 sys=0.50, real=0.20 secs] 
2024-03-23T06:06:56.520+0800: 134091.941: [GC (Allocation Failure) 2024-03-23T06:06:56.520+0800: 134091.941: [ParNew: 20506722K->744231K(22937600K), 0.2073964 secs] 78242786K->58512836K(130940928K), 0.2078230 secs] [Times: user=2.70 sys=0.35, real=0.21 secs] 
2024-03-23T06:07:08.775+0800: 134104.196: [GC (Allocation Failure) 2024-03-23T06:07:08.776+0800: 134104.196: [ParNew: 20405031K->771974K(22937600K), 0.2454145 secs] 78173636K->58576133K(130940928K), 0.2458708 secs] [Times: user=2.28 sys=1.36, real=0.25 secs] 
2024-03-23T06:07:20.830+0800: 134116.251: [GC (Allocation Failure) 2024-03-23T06:07:20.831+0800: 134116.251: [ParNew: 20432774K->833598K(22937600K), 0.2091669 secs] 78236933K->58672798K(130940928K), 0.2096125 secs] [Times: user=2.16 sys=0.81, real=0.21 secs] 
2024-03-23T06:07:34.819+0800: 134130.240: [GC (Allocation Failure) 2024-03-23T06:07:34.819+0800: 134130.240: [ParNew: 20494398K->785043K(22937600K), 0.3490740 secs] 78333598K->58662934K(130940928K), 0.3495100 secs] [Times: user=4.69 sys=0.73, real=0.35 secs] 
2024-03-23T06:07:48.836+0800: 134144.257: [GC (Allocation Failure) 2024-03-23T06:07:48.836+0800: 134144.257: [ParNew: 20445843K->727881K(22937600K), 0.2138496 secs] 78323734K->58644954K(130940928K), 0.2143306 secs] [Times: user=2.25 sys=0.71, real=0.22 secs] 
2024-03-23T06:08:02.193+0800: 134157.614: [GC (Allocation Failure) 2024-03-23T06:08:02.194+0800: 134157.614: [ParNew: 20388681K->790881K(22937600K), 0.2687819 secs] 78305754K->58746549K(130940928K), 0.2692894 secs] [Times: user=2.54 sys=1.27, real=0.27 secs] 
2024-03-23T06:08:17.785+0800: 134173.206: [GC (Allocation Failure) 2024-03-23T06:08:17.785+0800: 134173.206: [ParNew: 20451681K->756211K(22937600K), 0.2015070 secs] 78407349K->58752672K(130940928K), 0.2020135 secs] [Times: user=2.11 sys=0.67, real=0.20 secs] 
2024-03-23T06:08:30.956+0800: 134186.377: [GC (Allocation Failure) 2024-03-23T06:08:30.956+0800: 134186.377: [ParNew: 20417011K->760175K(22937600K), 0.2279060 secs] 78413472K->58788509K(130940928K), 0.2283794 secs] [Times: user=2.60 sys=0.65, real=0.23 secs] 
2024-03-23T06:08:43.633+0800: 134199.054: [GC (Allocation Failure) 2024-03-23T06:08:43.634+0800: 134199.055: [ParNew: 20420975K->819101K(22937600K), 0.2170273 secs] 78449309K->58886095K(130940928K), 0.2175002 secs] [Times: user=2.43 sys=0.53, real=0.22 secs] 
2024-03-23T06:08:56.265+0800: 134211.686: [GC (Allocation Failure) 2024-03-23T06:08:56.265+0800: 134211.686: [ParNew: 20479901K->781945K(22937600K), 0.2023559 secs] 78546895K->58884261K(130940928K), 0.2028315 secs] [Times: user=2.31 sys=0.45, real=0.21 secs] 
2024-03-23T06:09:07.623+0800: 134223.044: [GC (Allocation Failure) 2024-03-23T06:09:07.624+0800: 134223.045: [ParNew: 20442745K->732234K(22937600K), 0.2552715 secs] 78545061K->58873508K(130940928K), 0.2558739 secs] [Times: user=2.55 sys=1.15, real=0.26 secs] 
2024-03-23T06:09:21.106+0800: 134236.527: [GC (Allocation Failure) 2024-03-23T06:09:21.107+0800: 134236.527: [ParNew: 20393034K->726459K(22937600K), 0.2473989 secs] 78534308K->58896938K(130940928K), 0.2479054 secs] [Times: user=2.96 sys=0.49, real=0.25 secs] 
2024-03-23T06:09:32.195+0800: 134247.616: [GC (Allocation Failure) 2024-03-23T06:09:32.195+0800: 134247.616: [ParNew: 20387259K->746815K(22937600K), 0.2096227 secs] 78557738K->58942111K(130940928K), 0.2101155 secs] [Times: user=2.27 sys=0.52, real=0.21 secs] 
2024-03-23T06:09:42.432+0800: 134257.852: [GC (Allocation Failure) 2024-03-23T06:09:42.432+0800: 134257.853: [ParNew: 20407615K->818838K(22937600K), 0.2659808 secs] 78602911K->59038692K(130940928K), 0.2664201 secs] [Times: user=3.27 sys=0.62, real=0.27 secs] 
2024-03-23T06:09:52.846+0800: 134268.267: [GC (Allocation Failure) 2024-03-23T06:09:52.846+0800: 134268.267: [ParNew: 20479638K->810304K(22937600K), 0.1916725 secs] 78699492K->59051963K(130940928K), 0.1921559 secs] [Times: user=2.25 sys=0.45, real=0.20 secs] 
2024-03-23T06:10:04.117+0800: 134279.538: [GC (Allocation Failure) 2024-03-23T06:10:04.117+0800: 134279.538: [ParNew: 20471104K->890546K(22937600K), 0.2419655 secs] 78712763K->59151066K(130940928K), 0.2425076 secs] [Times: user=2.78 sys=0.70, real=0.25 secs] 
2024-03-23T06:10:15.278+0800: 134290.699: [GC (Allocation Failure) 2024-03-23T06:10:15.278+0800: 134290.699: [ParNew: 20551346K->938000K(22937600K), 0.2283710 secs] 78811866K->59219168K(130940928K), 0.2288192 secs] [Times: user=2.70 sys=0.64, real=0.22 secs] 
2024-03-23T06:10:25.911+0800: 134301.332: [GC (Allocation Failure) 2024-03-23T06:10:25.912+0800: 134301.332: [ParNew: 20598800K->959128K(22937600K), 0.1994437 secs] 78879968K->59265967K(130940928K), 0.1998900 secs] [Times: user=2.66 sys=0.15, real=0.20 secs] 
2024-03-23T06:10:39.846+0800: 134315.266: [GC (Allocation Failure) 2024-03-23T06:10:39.846+0800: 134315.267: [ParNew: 20619928K->890744K(22937600K), 0.2333707 secs] 78926767K->59229560K(130940928K), 0.2338149 secs] [Times: user=3.11 sys=0.27, real=0.24 secs] 
2024-03-23T06:10:52.934+0800: 134328.355: [GC (Allocation Failure) 2024-03-23T06:10:52.935+0800: 134328.355: [ParNew: 20551544K->919302K(22937600K), 0.2323541 secs] 78890360K->59288603K(130940928K), 0.2328037 secs] [Times: user=3.12 sys=0.24, real=0.23 secs] 
2024-03-23T06:11:04.771+0800: 134340.192: [GC (Allocation Failure) 2024-03-23T06:11:04.771+0800: 134340.192: [ParNew: 20580102K->987733K(22937600K), 0.2744662 secs] 78949403K->59394564K(130940928K), 0.2749442 secs] [Times: user=2.95 sys=0.95, real=0.27 secs] 
2024-03-23T06:11:15.529+0800: 134350.950: [GC (Allocation Failure) 2024-03-23T06:11:15.529+0800: 134350.950: [ParNew: 20648533K->894981K(22937600K), 0.2067417 secs] 79055364K->59328211K(130940928K), 0.2071526 secs] [Times: user=2.19 sys=0.54, real=0.20 secs] 
2024-03-23T06:11:25.390+0800: 134360.811: [GC (Allocation Failure) 2024-03-23T06:11:25.391+0800: 134360.811: [ParNew: 20555781K->874411K(22937600K), 0.2130054 secs] 78989011K->59339411K(130940928K), 0.2134122 secs] [Times: user=2.38 sys=0.42, real=0.21 secs] 
2024-03-23T06:11:34.910+0800: 134370.331: [GC (Allocation Failure) 2024-03-23T06:11:34.910+0800: 134370.331: [ParNew: 20535211K->991588K(22937600K), 0.2109285 secs] 79000211K->59489895K(130940928K), 0.2113557 secs] [Times: user=2.33 sys=0.43, real=0.21 secs] 
2024-03-23T06:11:45.763+0800: 134381.184: [GC (Allocation Failure) 2024-03-23T06:11:45.763+0800: 134381.184: [ParNew: 20652388K->907429K(22937600K), 0.2099338 secs] 79150695K->59437755K(130940928K), 0.2103405 secs] [Times: user=2.76 sys=0.07, real=0.21 secs] 
2024-03-23T06:11:58.176+0800: 134393.596: [GC (Allocation Failure) 2024-03-23T06:11:58.176+0800: 134393.597: [ParNew: 20568229K->921154K(22937600K), 0.1816844 secs] 79098555K->59484036K(130940928K), 0.1821475 secs] [Times: user=2.27 sys=0.27, real=0.19 secs] 
2024-03-23T06:12:09.858+0800: 134405.279: [GC (Allocation Failure) 2024-03-23T06:12:09.858+0800: 134405.279: [ParNew: 20581954K->885335K(22937600K), 0.2592025 secs] 79144836K->59484234K(130940928K), 0.2597423 secs] [Times: user=2.38 sys=1.45, real=0.26 secs] 
2024-03-23T06:12:21.127+0800: 134416.548: [GC (Allocation Failure) 2024-03-23T06:12:21.127+0800: 134416.548: [ParNew: 20546135K->816769K(22937600K), 0.2320588 secs] 79145034K->59457139K(130940928K), 0.2325266 secs] [Times: user=2.86 sys=0.51, real=0.24 secs] 
2024-03-23T06:12:32.584+0800: 134428.005: [GC (Allocation Failure) 2024-03-23T06:12:32.585+0800: 134428.006: [ParNew: 20477569K->836986K(22937600K), 0.2244237 secs] 79117939K->59521767K(130940928K), 0.2248816 secs] [Times: user=3.06 sys=0.18, real=0.23 secs] 
2024-03-23T06:12:45.090+0800: 134440.510: [GC (Allocation Failure) 2024-03-23T06:12:45.090+0800: 134440.511: [ParNew: 20497786K->752490K(22937600K), 0.2071589 secs] 79182567K->59483496K(130940928K), 0.2076227 secs] [Times: user=2.39 sys=0.61, real=0.20 secs] 
2024-03-23T06:12:57.467+0800: 134452.888: [GC (Allocation Failure) 2024-03-23T06:12:57.467+0800: 134452.888: [ParNew: 20413290K->704218K(22937600K), 0.1889818 secs] 79144296K->59479318K(130940928K), 0.1894355 secs] [Times: user=2.32 sys=0.40, real=0.19 secs] 
2024-03-23T06:13:08.806+0800: 134464.227: [GC (Allocation Failure) 2024-03-23T06:13:08.807+0800: 134464.227: [ParNew: 20365018K->771644K(22937600K), 0.2430390 secs] 79140118K->59589758K(130940928K), 0.2435528 secs] [Times: user=2.18 sys=1.43, real=0.25 secs] 
2024-03-23T06:13:20.339+0800: 134475.760: [GC (Allocation Failure) 2024-03-23T06:13:20.339+0800: 134475.760: [ParNew: 20432444K->702537K(22937600K), 0.2678196 secs] 79250558K->59557595K(130940928K), 0.2682678 secs] [Times: user=3.63 sys=0.48, real=0.26 secs] 
2024-03-23T06:13:32.889+0800: 134488.309: [GC (Allocation Failure) 2024-03-23T06:13:32.889+0800: 134488.310: [ParNew: 20363337K->654962K(22937600K), 0.1861031 secs] 79218395K->59548325K(130940928K), 0.1865535 secs] [Times: user=2.11 sys=0.58, real=0.18 secs] 
2024-03-23T06:13:46.133+0800: 134501.554: [GC (Allocation Failure) 2024-03-23T06:13:46.134+0800: 134501.555: [ParNew: 20315762K->663091K(22937600K), 0.1988775 secs] 79209125K->59593944K(130940928K), 0.1993036 secs] [Times: user=2.13 sys=0.73, real=0.20 secs] 
2024-03-23T06:13:58.589+0800: 134514.009: [GC (Allocation Failure) 2024-03-23T06:13:58.589+0800: 134514.010: [ParNew: 20323891K->607514K(22937600K), 0.1754399 secs] 79254744K->59569973K(130940928K), 0.1758838 secs] [Times: user=2.22 sys=0.27, real=0.17 secs] 
2024-03-23T06:14:10.405+0800: 134525.826: [GC (Allocation Failure) 2024-03-23T06:14:10.405+0800: 134525.826: [ParNew: 20268314K->679891K(22937600K), 0.2679309 secs] 79230773K->59670026K(130940928K), 0.2684875 secs] [Times: user=2.53 sys=1.52, real=0.27 secs] 
2024-03-23T06:14:22.320+0800: 134537.741: [GC (Allocation Failure) 2024-03-23T06:14:22.320+0800: 134537.741: [ParNew: 20340691K->641577K(22937600K), 0.2328367 secs] 79330826K->59658586K(130940928K), 0.2332382 secs] [Times: user=3.04 sys=0.46, real=0.23 secs] 
2024-03-23T06:14:32.218+0800: 134547.639: [GC (Allocation Failure) 2024-03-23T06:14:32.218+0800: 134547.639: [ParNew: 20302377K->664680K(22937600K), 0.2033959 secs] 79319386K->59710930K(130940928K), 0.2038466 secs] [Times: user=2.69 sys=0.12, real=0.20 secs] 
2024-03-23T06:14:42.567+0800: 134557.988: [GC (Allocation Failure) 2024-03-23T06:14:42.567+0800: 134557.988: [ParNew: 20325480K->622155K(22937600K), 0.2256102 secs] 79371730K->59697939K(130940928K), 0.2260325 secs] [Times: user=3.11 sys=0.19, real=0.23 secs] 
2024-03-23T06:14:51.722+0800: 134567.142: [GC (Allocation Failure) 2024-03-23T06:14:51.722+0800: 134567.143: [ParNew: 20282955K->612006K(22937600K), 0.1859924 secs] 79358739K->59711885K(130940928K), 0.1864148 secs] [Times: user=2.21 sys=0.37, real=0.19 secs] 
2024-03-23T06:15:02.263+0800: 134577.683: [GC (Allocation Failure) 2024-03-23T06:15:02.263+0800: 134577.684: [ParNew: 20272806K->659695K(22937600K), 0.1696374 secs] 79372685K->59786806K(130940928K), 0.1701037 secs] [Times: user=2.23 sys=0.06, real=0.17 secs] 
2024-03-23T06:15:12.061+0800: 134587.481: [GC (Allocation Failure) 2024-03-23T06:15:12.061+0800: 134587.482: [ParNew: 20320495K->651401K(22937600K), 0.4372699 secs] 79447606K->59801700K(130940928K), 0.4377298 secs] [Times: user=2.54 sys=4.29, real=0.44 secs] 
2024-03-23T06:15:22.700+0800: 134598.121: [GC (Allocation Failure) 2024-03-23T06:15:22.700+0800: 134598.121: [ParNew: 20312201K->695282K(22937600K), 0.2407179 secs] 79462500K->59868804K(130940928K), 0.2411427 secs] [Times: user=2.56 sys=0.88, real=0.24 secs] 
2024-03-23T06:15:33.437+0800: 134608.857: [GC (Allocation Failure) 2024-03-23T06:15:33.437+0800: 134608.858: [ParNew: 20356082K->694019K(22937600K), 0.2088076 secs] 79529604K->59891686K(130940928K), 0.2091895 secs] [Times: user=2.38 sys=0.43, real=0.21 secs] 
2024-03-23T06:15:44.099+0800: 134619.520: [GC (Allocation Failure) 2024-03-23T06:15:44.100+0800: 134619.521: [ParNew: 20354819K->685351K(22937600K), 0.2158265 secs] 79552486K->59906076K(130940928K), 0.2162961 secs] [Times: user=2.74 sys=0.13, real=0.21 secs] 
2024-03-23T06:15:55.064+0800: 134630.485: [GC (Allocation Failure) 2024-03-23T06:15:55.064+0800: 134630.485: [ParNew: 20346151K->688094K(22937600K), 0.1898803 secs] 79566876K->59933487K(130940928K), 0.1903255 secs] [Times: user=2.25 sys=0.39, real=0.19 secs] 
2024-03-23T06:16:05.754+0800: 134641.174: [GC (Allocation Failure) 2024-03-23T06:16:05.754+0800: 134641.175: [ParNew: 20348894K->834025K(22937600K), 0.3493236 secs] 79594287K->60101484K(130940928K), 0.3498512 secs] [Times: user=2.32 sys=3.10, real=0.35 secs] 
2024-03-23T06:16:16.146+0800: 134651.567: [GC (Allocation Failure) 2024-03-23T06:16:16.146+0800: 134651.567: [ParNew: 20494825K->729066K(22937600K), 0.2238386 secs] 79762284K->60019954K(130940928K), 0.2242760 secs] [Times: user=2.79 sys=0.30, real=0.23 secs] 
2024-03-23T06:16:29.883+0800: 134665.303: [GC (Allocation Failure) 2024-03-23T06:16:29.883+0800: 134665.304: [ParNew: 20389866K->754431K(22937600K), 0.1993319 secs] 79680754K->60070194K(130940928K), 0.1997884 secs] [Times: user=2.19 sys=0.68, real=0.20 secs] 
2024-03-23T06:16:39.933+0800: 134675.353: [GC (Allocation Failure) 2024-03-23T06:16:39.933+0800: 134675.354: [ParNew: 20415231K->839581K(22937600K), 0.2029455 secs] 79730994K->60182048K(130940928K), 0.2034098 secs] [Times: user=2.32 sys=0.44, real=0.20 secs] 
2024-03-23T06:16:53.758+0800: 134689.179: [GC (Allocation Failure) 2024-03-23T06:16:53.759+0800: 134689.180: [ParNew: 20500381K->753775K(22937600K), 0.2529244 secs] 79842848K->60125046K(130940928K), 0.2533850 secs] [Times: user=3.46 sys=0.42, real=0.25 secs] 
2024-03-23T06:17:06.101+0800: 134701.521: [GC (Allocation Failure) 2024-03-23T06:17:06.101+0800: 134701.522: [ParNew: 20414575K->797348K(22937600K), 0.2758068 secs] 79785846K->60196304K(130940928K), 0.2761956 secs] [Times: user=2.62 sys=1.49, real=0.27 secs] 
2024-03-23T06:17:19.905+0800: 134715.326: [GC (Allocation Failure) 2024-03-23T06:17:19.905+0800: 134715.326: [ParNew: 20458148K->782836K(22937600K), 0.2668187 secs] 79857104K->60211779K(130940928K), 0.2672755 secs] [Times: user=3.52 sys=0.59, real=0.27 secs] 
2024-03-23T06:17:32.041+0800: 134727.462: [GC (Allocation Failure) 2024-03-23T06:17:32.041+0800: 134727.462: [ParNew: 20443636K->797166K(22937600K), 0.2171573 secs] 79872579K->60258886K(130940928K), 0.2176153 secs] [Times: user=2.30 sys=0.74, real=0.22 secs] 
2024-03-23T06:17:43.448+0800: 134738.869: [GC (Allocation Failure) 2024-03-23T06:17:43.448+0800: 134738.869: [ParNew: 20457966K->832686K(22937600K), 0.2255512 secs] 79919686K->60326940K(130940928K), 0.2260180 secs] [Times: user=2.97 sys=0.27, real=0.22 secs] 
2024-03-23T06:17:55.060+0800: 134750.481: [GC (Allocation Failure) 2024-03-23T06:17:55.060+0800: 134750.481: [ParNew: 20493486K->784714K(22937600K), 0.2090184 secs] 79987740K->60306910K(130940928K), 0.2094874 secs] [Times: user=2.37 sys=0.63, real=0.21 secs] 
2024-03-23T06:18:07.869+0800: 134763.290: [GC (Allocation Failure) 2024-03-23T06:18:07.869+0800: 134763.290: [ParNew: 20445514K->843046K(22937600K), 0.3960873 secs] 79967710K->60397410K(130940928K), 0.3965302 secs] [Times: user=2.70 sys=3.59, real=0.39 secs] 
2024-03-23T06:18:19.671+0800: 134775.091: [GC (Allocation Failure) 2024-03-23T06:18:19.671+0800: 134775.092: [ParNew: 20503846K->861355K(22937600K), 0.2554622 secs] 80058210K->60443593K(130940928K), 0.2558691 secs] [Times: user=3.07 sys=0.68, real=0.25 secs] 
2024-03-23T06:18:31.960+0800: 134787.381: [GC (Allocation Failure) 2024-03-23T06:18:31.961+0800: 134787.381: [ParNew: 20522155K->834779K(22937600K), 0.2552903 secs] 80104393K->60448308K(130940928K), 0.2557451 secs] [Times: user=3.19 sys=0.58, real=0.25 secs] 
2024-03-23T06:18:44.183+0800: 134799.604: [GC (Allocation Failure) 2024-03-23T06:18:44.183+0800: 134799.604: [ParNew: 20495579K->857127K(22937600K), 0.2241801 secs] 80109108K->60506408K(130940928K), 0.2245987 secs] [Times: user=2.94 sys=0.31, real=0.22 secs] 
2024-03-23T06:18:57.522+0800: 134812.943: [GC (Allocation Failure) 2024-03-23T06:18:57.523+0800: 134812.943: [ParNew: 20517927K->848940K(22937600K), 0.2155296 secs] 80167208K->60534378K(130940928K), 0.2159503 secs] [Times: user=2.91 sys=0.30, real=0.22 secs] 
2024-03-23T06:19:10.380+0800: 134825.801: [GC (Allocation Failure) 2024-03-23T06:19:10.381+0800: 134825.801: [ParNew: 20509740K->885984K(22937600K), 0.4195686 secs] 80195178K->60604668K(130940928K), 0.4200187 secs] [Times: user=3.99 sys=2.82, real=0.42 secs] 
2024-03-23T06:19:22.840+0800: 134838.260: [GC (Allocation Failure) 2024-03-23T06:19:22.840+0800: 134838.261: [ParNew: 20546784K->763732K(22937600K), 0.2055212 secs] 80265468K->60511866K(130940928K), 0.2059375 secs] [Times: user=2.09 sys=0.92, real=0.20 secs] 
2024-03-23T06:19:35.420+0800: 134850.841: [GC (Allocation Failure) 2024-03-23T06:19:35.420+0800: 134850.841: [ParNew: 20424532K->810862K(22937600K), 0.2004238 secs] 80172666K->60589278K(130940928K), 0.2008340 secs] [Times: user=2.32 sys=0.58, real=0.20 secs] 
2024-03-23T06:19:47.335+0800: 134862.756: [GC (Allocation Failure) 2024-03-23T06:19:47.336+0800: 134862.756: [ParNew: 20471662K->761384K(22937600K), 0.1965027 secs] 80250078K->60581784K(130940928K), 0.1969596 secs] [Times: user=2.65 sys=0.13, real=0.20 secs] 
2024-03-23T06:19:58.429+0800: 134873.850: [GC (Allocation Failure) 2024-03-23T06:19:58.429+0800: 134873.850: [ParNew: 20422184K->878018K(22937600K), 0.1955630 secs] 80242584K->60726915K(130940928K), 0.1959971 secs] [Times: user=2.77 sys=0.00, real=0.19 secs] 
2024-03-23T06:20:09.665+0800: 134885.086: [GC (Allocation Failure) 2024-03-23T06:20:09.665+0800: 134885.086: [ParNew: 20538818K->937118K(22937600K), 0.3637593 secs] 80387715K->60820562K(130940928K), 0.3642142 secs] [Times: user=2.83 sys=2.72, real=0.37 secs] 
2024-03-23T06:20:22.125+0800: 134897.546: [GC (Allocation Failure) 2024-03-23T06:20:22.126+0800: 134897.546: [ParNew: 20597918K->827603K(22937600K), 0.2837401 secs] 80481362K->60740970K(130940928K), 0.2842222 secs] [Times: user=3.72 sys=0.62, real=0.29 secs] 
2024-03-23T06:20:33.467+0800: 134908.888: [GC (Allocation Failure) 2024-03-23T06:20:33.467+0800: 134908.888: [ParNew: 20488403K->884083K(22937600K), 0.2289977 secs] 80401770K->60833743K(130940928K), 0.2294658 secs] [Times: user=3.13 sys=0.33, real=0.23 secs] 
2024-03-23T06:20:43.967+0800: 134919.388: [GC (Allocation Failure) 2024-03-23T06:20:43.967+0800: 134919.388: [ParNew: 20544883K->880546K(22937600K), 0.2038913 secs] 80494543K->60859901K(130940928K), 0.2043427 secs] [Times: user=2.50 sys=0.45, real=0.21 secs] 
2024-03-23T06:20:55.181+0800: 134930.602: [GC (Allocation Failure) 2024-03-23T06:20:55.181+0800: 134930.602: [ParNew: 20541346K->909438K(22937600K), 0.1943915 secs] 80520701K->60918507K(130940928K), 0.1948702 secs] [Times: user=2.40 sys=0.45, real=0.19 secs] 
2024-03-23T06:21:07.490+0800: 134942.910: [GC (Allocation Failure) 2024-03-23T06:21:07.490+0800: 134942.911: [ParNew: 20570238K->870599K(22937600K), 0.2596507 secs] 80579307K->60908971K(130940928K), 0.2601331 secs] [Times: user=2.89 sys=1.13, real=0.26 secs] 
2024-03-23T06:21:19.154+0800: 134954.574: [GC (Allocation Failure) 2024-03-23T06:21:19.154+0800: 134954.575: [ParNew: 20531399K->827121K(22937600K), 0.2347358 secs] 80569771K->60903228K(130940928K), 0.2351881 secs] [Times: user=3.01 sys=0.35, real=0.24 secs] 
2024-03-23T06:21:31.079+0800: 134966.499: [GC (Allocation Failure) 2024-03-23T06:21:31.079+0800: 134966.500: [ParNew: 20487921K->840853K(22937600K), 0.2264367 secs] 80564028K->60950525K(130940928K), 0.2268725 secs] [Times: user=3.03 sys=0.25, real=0.22 secs] 
2024-03-23T06:21:42.610+0800: 134978.031: [GC (Allocation Failure) 2024-03-23T06:21:42.611+0800: 134978.032: [ParNew: 20501653K->820399K(22937600K), 0.2023609 secs] 80611325K->60968467K(130940928K), 0.2028103 secs] [Times: user=2.33 sys=0.47, real=0.20 secs] 
2024-03-23T06:21:54.218+0800: 134989.638: [GC (Allocation Failure) 2024-03-23T06:21:54.218+0800: 134989.639: [ParNew: 20481199K->864235K(22937600K), 0.2033168 secs] 80629267K->61043540K(130940928K), 0.2037487 secs] [Times: user=2.36 sys=0.55, real=0.20 secs] 
2024-03-23T06:22:05.558+0800: 135000.979: [GC (Allocation Failure) 2024-03-23T06:22:05.559+0800: 135000.979: [ParNew: 20525035K->841941K(22937600K), 0.2411879 secs] 80704340K->61053037K(130940928K), 0.2416584 secs] [Times: user=2.68 sys=0.89, real=0.24 secs] 
2024-03-23T06:22:18.161+0800: 135013.582: [GC (Allocation Failure) 2024-03-23T06:22:18.161+0800: 135013.582: [ParNew: 20502741K->812234K(22937600K), 0.2313838 secs] 80713837K->61058086K(130940928K), 0.2318265 secs] [Times: user=2.69 sys=0.73, real=0.23 secs] 
2024-03-23T06:22:29.019+0800: 135024.440: [GC (Allocation Failure) 2024-03-23T06:22:29.019+0800: 135024.440: [ParNew: 20473034K->793191K(22937600K), 0.2046049 secs] 80718886K->61072277K(130940928K), 0.2050461 secs] [Times: user=2.72 sys=0.14, real=0.20 secs] 
2024-03-23T06:22:39.916+0800: 135035.337: [GC (Allocation Failure) 2024-03-23T06:22:39.917+0800: 135035.338: [ParNew: 20453991K->828314K(22937600K), 0.1937350 secs] 80733077K->61138406K(130940928K), 0.1941886 secs] [Times: user=2.67 sys=0.02, real=0.20 secs] 
2024-03-23T06:22:50.684+0800: 135046.105: [GC (Allocation Failure) 2024-03-23T06:22:50.684+0800: 135046.105: [ParNew: 20489114K->711260K(22937600K), 0.1946618 secs] 80799206K->61056051K(130940928K), 0.1951177 secs] [Times: user=2.25 sys=0.52, real=0.20 secs] 
2024-03-23T06:23:01.832+0800: 135057.253: [GC (Allocation Failure) 2024-03-23T06:23:01.832+0800: 135057.253: [ParNew: 20372060K->751242K(22937600K), 0.1797605 secs] 80716851K->61131254K(130940928K), 0.1801570 secs] [Times: user=2.35 sys=0.19, real=0.18 secs] 
2024-03-23T06:23:12.839+0800: 135068.260: [GC (Allocation Failure) 2024-03-23T06:23:12.839+0800: 135068.260: [ParNew: 20412042K->776007K(22937600K), 0.3902013 secs] 80792054K->61185953K(130940928K), 0.3906390 secs] [Times: user=4.80 sys=1.42, real=0.39 secs] 
2024-03-23T06:23:26.820+0800: 135082.241: [GC (Allocation Failure) 2024-03-23T06:23:26.820+0800: 135082.241: [ParNew: 20436807K->690122K(22937600K), 0.2064625 secs] 80846753K->61136273K(130940928K), 0.2068845 secs] [Times: user=2.48 sys=0.54, real=0.20 secs] 
2024-03-23T06:23:41.004+0800: 135096.425: [GC (Allocation Failure) 2024-03-23T06:23:41.004+0800: 135096.425: [ParNew: 20350922K->745193K(22937600K), 0.1956075 secs] 80797073K->61228596K(130940928K), 0.1959958 secs] [Times: user=2.59 sys=0.23, real=0.20 secs] 
2024-03-23T06:23:55.118+0800: 135110.539: [GC (Allocation Failure) 2024-03-23T06:23:55.118+0800: 135110.539: [ParNew: 20405993K->768750K(22937600K), 0.1973767 secs] 80889396K->61286553K(130940928K), 0.1977679 secs] [Times: user=2.14 sys=0.79, real=0.19 secs] 
2024-03-23T06:24:09.693+0800: 135125.114: [GC (Allocation Failure) 2024-03-23T06:24:09.694+0800: 135125.115: [ParNew: 20429550K->737438K(22937600K), 0.2585721 secs] 80947353K->61292553K(130940928K), 0.2590006 secs] [Times: user=2.59 sys=1.46, real=0.26 secs] 
2024-03-23T06:24:24.013+0800: 135139.434: [GC (Allocation Failure) 2024-03-23T06:24:24.013+0800: 135139.434: [ParNew: 20398238K->668068K(22937600K), 0.1914880 secs] 80953353K->61258290K(130940928K), 0.1918724 secs] [Times: user=2.40 sys=0.37, real=0.19 secs] 
2024-03-23T06:24:39.505+0800: 135154.926: [GC (Allocation Failure) 2024-03-23T06:24:39.505+0800: 135154.926: [ParNew: 20328868K->714781K(22937600K), 0.2264603 secs] 80919090K->61340017K(130940928K), 0.2268665 secs] [Times: user=2.86 sys=0.48, real=0.23 secs] 
2024-03-23T06:24:54.792+0800: 135170.213: [GC (Allocation Failure) 2024-03-23T06:24:54.793+0800: 135170.213: [ParNew: 20375581K->637825K(22937600K), 0.2109279 secs] 81000817K->61295438K(130940928K), 0.2113005 secs] [Times: user=2.17 sys=0.89, real=0.21 secs] 
2024-03-23T06:25:09.062+0800: 135184.482: [GC (Allocation Failure) 2024-03-23T06:25:09.062+0800: 135184.483: [ParNew: 20298625K->673180K(22937600K), 0.2494771 secs] 80956238K->61362105K(130940928K), 0.2498800 secs] [Times: user=2.20 sys=1.51, real=0.25 secs] 
2024-03-23T06:25:24.048+0800: 135199.469: [GC (Allocation Failure) 2024-03-23T06:25:24.049+0800: 135199.469: [ParNew: 20333980K->661745K(22937600K), 0.2845252 secs] 81022905K->61375591K(130940928K), 0.2849337 secs] [Times: user=3.96 sys=0.46, real=0.28 secs] 
2024-03-23T06:25:36.403+0800: 135211.823: [GC (Allocation Failure) 2024-03-23T06:25:36.403+0800: 135211.824: [ParNew: 20322545K->698037K(22937600K), 0.1890081 secs] 81036391K->61438399K(130940928K), 0.1894153 secs] [Times: user=2.15 sys=0.56, real=0.19 secs] 
2024-03-23T06:25:48.715+0800: 135224.136: [GC (Allocation Failure) 2024-03-23T06:25:48.715+0800: 135224.136: [ParNew: 20358837K->711337K(22937600K), 0.2027728 secs] 81099199K->61485211K(130940928K), 0.2031971 secs] [Times: user=2.56 sys=0.25, real=0.21 secs] 
2024-03-23T06:26:00.866+0800: 135236.287: [GC (Allocation Failure) 2024-03-23T06:26:00.866+0800: 135236.287: [ParNew: 20372137K->680318K(22937600K), 0.1894963 secs] 81146011K->61484599K(130940928K), 0.1898992 secs] [Times: user=2.60 sys=0.05, real=0.19 secs] 
2024-03-23T06:26:15.431+0800: 135250.852: [GC (Allocation Failure) 2024-03-23T06:26:15.432+0800: 135250.852: [ParNew: 20341118K->718506K(22937600K), 0.2565861 secs] 81145399K->61551933K(130940928K), 0.2571000 secs] [Times: user=2.22 sys=1.58, real=0.26 secs] 
2024-03-23T06:26:29.665+0800: 135265.086: [GC (Allocation Failure) 2024-03-23T06:26:29.665+0800: 135265.086: [ParNew: 20379306K->679625K(22937600K), 0.2469940 secs] 81212733K->61536402K(130940928K), 0.2474039 secs] [Times: user=3.20 sys=0.56, real=0.25 secs] 
2024-03-23T06:26:42.512+0800: 135277.933: [GC (Allocation Failure) 2024-03-23T06:26:42.512+0800: 135277.933: [ParNew: 20340425K->681104K(22937600K), 0.2254768 secs] 81197202K->61562096K(130940928K), 0.2258797 secs] [Times: user=2.69 sys=0.75, real=0.23 secs] 
2024-03-23T06:26:56.271+0800: 135291.692: [GC (Allocation Failure) 2024-03-23T06:26:56.272+0800: 135291.692: [ParNew: 20341904K->681724K(22937600K), 0.1929392 secs] 81222896K->61588607K(130940928K), 0.1933716 secs] [Times: user=2.18 sys=0.71, real=0.19 secs] 
2024-03-23T06:27:10.315+0800: 135305.735: [GC (Allocation Failure) 2024-03-23T06:27:10.315+0800: 135305.736: [ParNew: 20342524K->602393K(22937600K), 0.1684168 secs] 81249407K->61538383K(130940928K), 0.1688399 secs] [Times: user=2.19 sys=0.21, real=0.17 secs] 
2024-03-23T06:27:25.239+0800: 135320.660: [GC (Allocation Failure) 2024-03-23T06:27:25.239+0800: 135320.660: [ParNew: 20263193K->728362K(22937600K), 0.2661438 secs] 81199183K->61689459K(130940928K), 0.2665469 secs] [Times: user=2.60 sys=1.44, real=0.26 secs] 
2024-03-23T06:27:38.648+0800: 135334.069: [GC (Allocation Failure) 2024-03-23T06:27:38.648+0800: 135334.069: [ParNew: 20389162K->659362K(22937600K), 0.2021721 secs] 81350259K->61638812K(130940928K), 0.2025784 secs] [Times: user=2.50 sys=0.38, real=0.20 secs] 
2024-03-23T06:27:53.847+0800: 135349.268: [GC (Allocation Failure) 2024-03-23T06:27:53.847+0800: 135349.268: [ParNew: 20320162K->649340K(22937600K), 0.2032325 secs] 81299612K->61654204K(130940928K), 0.2036327 secs] [Times: user=2.49 sys=0.50, real=0.21 secs] 
2024-03-23T06:28:07.115+0800: 135362.536: [GC (Allocation Failure) 2024-03-23T06:28:07.115+0800: 135362.536: [ParNew: 20310140K->666946K(22937600K), 0.1874552 secs] 81315004K->61704388K(130940928K), 0.1878201 secs] [Times: user=2.20 sys=0.31, real=0.19 secs] 
2024-03-23T06:28:21.135+0800: 135376.556: [GC (Allocation Failure) 2024-03-23T06:28:21.135+0800: 135376.556: [ParNew: 20327746K->621334K(22937600K), 0.3235246 secs] 81365188K->61690915K(130940928K), 0.3239737 secs] [Times: user=2.66 sys=2.42, real=0.33 secs] 
2024-03-23T06:28:36.257+0800: 135391.677: [GC (Allocation Failure) 2024-03-23T06:28:36.257+0800: 135391.678: [ParNew: 20282134K->633430K(22937600K), 0.2147244 secs] 81351715K->61734398K(130940928K), 0.2151570 secs] [Times: user=2.10 sys=1.03, real=0.22 secs] 
2024-03-23T06:28:52.847+0800: 135408.268: [GC (Allocation Failure) 2024-03-23T06:28:52.847+0800: 135408.268: [ParNew: 20294230K->612888K(22937600K), 0.2191272 secs] 81395198K->61743235K(130940928K), 0.2195488 secs] [Times: user=2.13 sys=1.07, real=0.22 secs] 
2024-03-23T06:29:08.063+0800: 135423.483: [GC (Allocation Failure) 2024-03-23T06:29:08.063+0800: 135423.484: [ParNew: 20273688K->605227K(22937600K), 0.2046130 secs] 81404035K->61758897K(130940928K), 0.2050234 secs] [Times: user=2.29 sys=0.74, real=0.21 secs] 
2024-03-23T06:29:22.572+0800: 135437.993: [GC (Allocation Failure) 2024-03-23T06:29:22.572+0800: 135437.993: [ParNew: 20266027K->661408K(22937600K), 0.4076434 secs] 81419697K->61846908K(130940928K), 0.4081372 secs] [Times: user=2.34 sys=4.05, real=0.41 secs] 
2024-03-23T06:29:39.636+0800: 135455.057: [GC (Allocation Failure) 2024-03-23T06:29:39.636+0800: 135455.057: [ParNew: 20322208K->614318K(22937600K), 0.2258104 secs] 81507708K->61827601K(130940928K), 0.2261980 secs] [Times: user=2.43 sys=0.97, real=0.23 secs] 
2024-03-23T06:29:55.007+0800: 135470.427: [GC (Allocation Failure) 2024-03-23T06:29:55.007+0800: 135470.428: [ParNew: 20275118K->649939K(22937600K), 0.2099709 secs] 81488401K->61894918K(130940928K), 0.2103584 secs] [Times: user=2.62 sys=0.52, real=0.21 secs] 
2024-03-23T06:30:09.523+0800: 135484.944: [GC (Allocation Failure) 2024-03-23T06:30:09.523+0800: 135484.944: [ParNew: 20310739K->591915K(22937600K), 0.1998801 secs] 81555718K->61859655K(130940928K), 0.2002962 secs] [Times: user=2.67 sys=0.28, real=0.20 secs] 
2024-03-23T06:30:24.753+0800: 135500.174: [GC (Allocation Failure) 2024-03-23T06:30:24.753+0800: 135500.174: [ParNew: 20252715K->650550K(22937600K), 0.2797627 secs] 81520455K->61938185K(130940928K), 0.2803060 secs] [Times: user=2.41 sys=1.87, real=0.28 secs] 
2024-03-23T06:30:42.289+0800: 135517.710: [GC (Allocation Failure) 2024-03-23T06:30:42.289+0800: 135517.710: [ParNew: 20311350K->632385K(22937600K), 0.2166753 secs] 81598985K->61935693K(130940928K), 0.2171004 secs] [Times: user=2.03 sys=1.14, real=0.21 secs] 
2024-03-23T06:30:58.395+0800: 135533.816: [GC (Allocation Failure) 2024-03-23T06:30:58.395+0800: 135533.816: [ParNew: 20293185K->638708K(22937600K), 0.1966859 secs] 81596493K->61961576K(130940928K), 0.1970971 secs] [Times: user=2.06 sys=0.84, real=0.20 secs] 
2024-03-23T06:31:13.090+0800: 135548.511: [GC (Allocation Failure) 2024-03-23T06:31:13.090+0800: 135548.511: [ParNew: 20299508K->619160K(22937600K), 0.2014953 secs] 81622376K->61968607K(130940928K), 0.2019219 secs] [Times: user=2.84 sys=0.07, real=0.20 secs] 
2024-03-23T06:31:27.915+0800: 135563.336: [GC (Allocation Failure) 2024-03-23T06:31:27.915+0800: 135563.336: [ParNew: 20279960K->652511K(22937600K), 0.2676049 secs] 81629407K->62032482K(130940928K), 0.2680087 secs] [Times: user=2.33 sys=1.77, real=0.27 secs] 
2024-03-23T06:31:42.910+0800: 135578.330: [GC (Allocation Failure) 2024-03-23T06:31:42.910+0800: 135578.331: [ParNew: 20313311K->606258K(22937600K), 0.2271673 secs] 81693282K->62013474K(130940928K), 0.2275562 secs] [Times: user=2.96 sys=0.50, real=0.23 secs] 
2024-03-23T06:31:59.689+0800: 135595.110: [GC (Allocation Failure) 2024-03-23T06:31:59.690+0800: 135595.110: [ParNew: 20267058K->609807K(22937600K), 0.1945053 secs] 81674274K->62039488K(130940928K), 0.1949002 secs] [Times: user=2.02 sys=0.91, real=0.19 secs] 
2024-03-23T06:32:14.316+0800: 135609.737: [GC (Allocation Failure) 2024-03-23T06:32:14.316+0800: 135609.737: [ParNew: 20270607K->555080K(22937600K), 0.1920109 secs] 81700288K->62003688K(130940928K), 0.1923981 secs] [Times: user=2.37 sys=0.44, real=0.20 secs] 
2024-03-23T06:32:28.742+0800: 135624.162: [GC (Allocation Failure) 2024-03-23T06:32:28.742+0800: 135624.163: [ParNew: 20215880K->588608K(22937600K), 0.2628783 secs] 81664488K->62065365K(130940928K), 0.2632953 secs] [Times: user=2.37 sys=1.69, real=0.26 secs] 
2024-03-23T06:32:44.162+0800: 135639.583: [GC (Allocation Failure) 2024-03-23T06:32:44.162+0800: 135639.583: [ParNew: 20249408K->559659K(22937600K), 0.2140164 secs] 81726165K->62061179K(130940928K), 0.2144442 secs] [Times: user=2.33 sys=0.90, real=0.21 secs] 
2024-03-23T06:32:58.875+0800: 135654.296: [GC (Allocation Failure) 2024-03-23T06:32:58.875+0800: 135654.296: [ParNew: 20220459K->553507K(22937600K), 0.1947915 secs] 81721979K->62078281K(130940928K), 0.1951760 secs] [Times: user=2.46 sys=0.37, real=0.20 secs] 
2024-03-23T06:33:14.020+0800: 135669.440: [GC (Allocation Failure) 2024-03-23T06:33:14.020+0800: 135669.441: [ParNew: 20214307K->594333K(22937600K), 0.1843138 secs] 81739081K->62137629K(130940928K), 0.1846934 secs] [Times: user=2.16 sys=0.51, real=0.18 secs] 
2024-03-23T06:33:29.727+0800: 135685.148: [GC (Allocation Failure) 2024-03-23T06:33:29.728+0800: 135685.148: [ParNew: 20255133K->593192K(22937600K), 0.2501592 secs] 81798429K->62160120K(130940928K), 0.2505711 secs] [Times: user=2.31 sys=1.62, real=0.26 secs] 
2024-03-23T06:33:46.844+0800: 135702.265: [GC (Allocation Failure) 2024-03-23T06:33:46.844+0800: 135702.265: [ParNew: 20253992K->578516K(22937600K), 0.1981533 secs] 81820920K->62168813K(130940928K), 0.1985336 secs] [Times: user=2.05 sys=0.99, real=0.20 secs] 
2024-03-23T06:34:03.845+0800: 135719.266: [GC (Allocation Failure) 2024-03-23T06:34:03.846+0800: 135719.266: [ParNew: 20239316K->590739K(22937600K), 0.1955816 secs] 81829613K->62205584K(130940928K), 0.1959420 secs] [Times: user=2.09 sys=0.83, real=0.20 secs] 
2024-03-23T06:34:20.929+0800: 135736.350: [GC (Allocation Failure) 2024-03-23T06:34:20.930+0800: 135736.350: [ParNew: 20251539K->570431K(22937600K), 0.1719282 secs] 81866384K->62210021K(130940928K), 0.1723144 secs] [Times: user=2.11 sys=0.41, real=0.17 secs] 
2024-03-23T06:34:37.518+0800: 135752.939: [GC (Allocation Failure) 2024-03-23T06:34:37.518+0800: 135752.939: [ParNew: 20231231K->531664K(22937600K), 0.2833725 secs] 81870821K->62200718K(130940928K), 0.2837580 secs] [Times: user=2.45 sys=2.06, real=0.28 secs] 
2024-03-23T06:34:52.762+0800: 135768.182: [GC (Allocation Failure) 2024-03-23T06:34:52.762+0800: 135768.183: [ParNew: 20192464K->539269K(22937600K), 0.2006070 secs] 81861518K->62234336K(130940928K), 0.2009825 secs] [Times: user=2.49 sys=0.44, real=0.20 secs] 
2024-03-23T06:35:05.998+0800: 135781.418: [GC (Allocation Failure) 2024-03-23T06:35:05.998+0800: 135781.419: [ParNew: 20200069K->594619K(22937600K), 0.2059949 secs] 81895136K->62316378K(130940928K), 0.2064009 secs] [Times: user=2.67 sys=0.28, real=0.20 secs] 
2024-03-23T06:35:18.391+0800: 135793.812: [GC (Allocation Failure) 2024-03-23T06:35:18.391+0800: 135793.812: [ParNew: 20255419K->579391K(22937600K), 0.1818890 secs] 81977178K->62326618K(130940928K), 0.1822949 secs] [Times: user=2.19 sys=0.33, real=0.18 secs] 
2024-03-23T06:35:30.741+0800: 135806.162: [GC (Allocation Failure) 2024-03-23T06:35:30.742+0800: 135806.162: [ParNew: 20240191K->593611K(22937600K), 0.2944411 secs] 81987418K->62361573K(130940928K), 0.2948569 secs] [Times: user=2.31 sys=2.24, real=0.29 secs] 
2024-03-23T06:35:42.573+0800: 135817.993: [GC (Allocation Failure) 2024-03-23T06:35:42.573+0800: 135817.994: [ParNew: 20254411K->597117K(22937600K), 0.2200550 secs] 82022373K->62383630K(130940928K), 0.2204501 secs] [Times: user=2.43 sys=0.94, real=0.22 secs] 
2024-03-23T06:35:57.765+0800: 135833.186: [GC (Allocation Failure) 2024-03-23T06:35:57.765+0800: 135833.186: [ParNew: 20257917K->621903K(22937600K), 0.2590691 secs] 82044430K->62429661K(130940928K), 0.2594469 secs] [Times: user=3.32 sys=0.71, real=0.26 secs] 
2024-03-23T06:36:14.573+0800: 135849.994: [GC (Allocation Failure) 2024-03-23T06:36:14.573+0800: 135849.994: [ParNew: 20282703K->616241K(22937600K), 0.2155291 secs] 82090461K->62443399K(130940928K), 0.2159180 secs] [Times: user=2.11 sys=1.19, real=0.22 secs] 
2024-03-23T06:36:29.883+0800: 135865.304: [GC (Allocation Failure) 2024-03-23T06:36:29.884+0800: 135865.304: [ParNew: 20277041K->587686K(22937600K), 0.4006079 secs] 82104199K->62434295K(130940928K), 0.4010217 secs] [Times: user=2.36 sys=4.24, real=0.40 secs] 
2024-03-23T06:36:44.510+0800: 135879.931: [GC (Allocation Failure) 2024-03-23T06:36:44.511+0800: 135879.931: [ParNew: 20248486K->517240K(22937600K), 0.2373965 secs] 82095095K->62392210K(130940928K), 0.2377913 secs] [Times: user=3.02 sys=0.62, real=0.24 secs] 
2024-03-23T06:36:59.729+0800: 135895.149: [GC (Allocation Failure) 2024-03-23T06:36:59.729+0800: 135895.150: [ParNew: 20178040K->589694K(22937600K), 0.2082284 secs] 82053010K->62487579K(130940928K), 0.2085931 secs] [Times: user=2.58 sys=0.63, real=0.20 secs] 
2024-03-23T06:37:16.066+0800: 135911.487: [GC (Allocation Failure) 2024-03-23T06:37:16.066+0800: 135911.487: [ParNew: 20250494K->597727K(22937600K), 0.1890645 secs] 82148379K->62510096K(130940928K), 0.1894485 secs] [Times: user=2.33 sys=0.55, real=0.19 secs] 
2024-03-23T06:37:31.556+0800: 135926.977: [GC (Allocation Failure) 2024-03-23T06:37:31.557+0800: 135926.977: [ParNew: 20258527K->645704K(22937600K), 0.3927557 secs] 82170896K->62570507K(130940928K), 0.3931420 secs] [Times: user=2.36 sys=4.10, real=0.40 secs] 
2024-03-23T06:37:48.167+0800: 135943.588: [GC (Allocation Failure) 2024-03-23T06:37:48.167+0800: 135943.588: [ParNew: 20306504K->614395K(22937600K), 0.1958477 secs] 82231307K->62554889K(130940928K), 0.1962170 secs] [Times: user=2.07 sys=0.90, real=0.20 secs] 
2024-03-23T06:38:05.166+0800: 135960.587: [GC (Allocation Failure) 2024-03-23T06:38:05.166+0800: 135960.587: [ParNew: 20275195K->604460K(22937600K), 0.2043882 secs] 82215689K->62563718K(130940928K), 0.2047591 secs] [Times: user=2.48 sys=0.70, real=0.21 secs] 
2024-03-23T06:38:22.556+0800: 135977.977: [GC (Allocation Failure) 2024-03-23T06:38:22.556+0800: 135977.977: [ParNew: 20265260K->538807K(22937600K), 0.1792625 secs] 82224518K->62516230K(130940928K), 0.1796232 secs] [Times: user=2.43 sys=0.29, real=0.18 secs] 
2024-03-23T06:38:42.033+0800: 135997.454: [GC (Allocation Failure) 2024-03-23T06:38:42.033+0800: 135997.454: [ParNew: 20199607K->573923K(22937600K), 0.2753029 secs] 82177030K->62574284K(130940928K), 0.2755854 secs] [Times: user=2.56 sys=1.74, real=0.28 secs] 
2024-03-23T06:38:58.781+0800: 136014.201: [GC (Allocation Failure) 2024-03-23T06:38:58.781+0800: 136014.202: [ParNew: 20234723K->588868K(22937600K), 0.1926159 secs] 82235084K->62615418K(130940928K), 0.1929055 secs] [Times: user=1.91 sys=0.85, real=0.19 secs] 
2024-03-23T06:39:16.438+0800: 136031.858: [GC (Allocation Failure) 2024-03-23T06:39:16.438+0800: 136031.859: [ParNew: 20249668K->613984K(22937600K), 0.2039528 secs] 82276218K->62670751K(130940928K), 0.2041977 secs] [Times: user=2.38 sys=0.52, real=0.20 secs] 
2024-03-23T06:39:34.844+0800: 136050.265: [GC (Allocation Failure) 2024-03-23T06:39:34.844+0800: 136050.265: [ParNew: 20274784K->560371K(22937600K), 0.2632681 secs] 82331551K->62645946K(130940928K), 0.2636800 secs] [Times: user=2.33 sys=1.72, real=0.27 secs] 
2024-03-23T06:39:52.630+0800: 136068.050: [GC (Allocation Failure) 2024-03-23T06:39:52.630+0800: 136068.051: [ParNew: 20221171K->601230K(22937600K), 0.1874213 secs] 82306746K->62707828K(130940928K), 0.1878281 secs] [Times: user=2.45 sys=0.28, real=0.19 secs] 
2024-03-23T06:40:07.527+0800: 136082.947: [GC (Allocation Failure) 2024-03-23T06:40:07.527+0800: 136082.948: [ParNew: 20262030K->619281K(22937600K), 0.1958389 secs] 82368628K->62751471K(130940928K), 0.1962613 secs] [Times: user=2.12 sys=0.73, real=0.20 secs] 
2024-03-23T06:40:21.689+0800: 136097.110: [GC (Allocation Failure) 2024-03-23T06:40:21.689+0800: 136097.110: [ParNew: 20280081K->596460K(22937600K), 0.2031650 secs] 82412271K->62751058K(130940928K), 0.2035690 secs] [Times: user=2.51 sys=0.46, real=0.20 secs] 
2024-03-23T06:40:36.462+0800: 136111.882: [GC (Allocation Failure) 2024-03-23T06:40:36.462+0800: 136111.883: [ParNew: 20257260K->584980K(22937600K), 0.2584022 secs] 82411858K->62761342K(130940928K), 0.2588341 secs] [Times: user=2.51 sys=1.40, real=0.26 secs] 
2024-03-23T06:40:53.784+0800: 136129.205: [GC (Allocation Failure) 2024-03-23T06:40:53.784+0800: 136129.205: [ParNew: 20245780K->604158K(22937600K), 0.2244994 secs] 82422142K->62808810K(130940928K), 0.2249251 secs] [Times: user=2.75 sys=0.53, real=0.23 secs] 
2024-03-23T06:41:08.980+0800: 136144.401: [GC (Allocation Failure) 2024-03-23T06:41:08.980+0800: 136144.401: [ParNew: 20264958K->577476K(22937600K), 0.2094278 secs] 82469610K->62813557K(130940928K), 0.2097773 secs] [Times: user=2.50 sys=0.45, real=0.21 secs] 
2024-03-23T06:41:26.586+0800: 136162.007: [GC (Allocation Failure) 2024-03-23T06:41:26.586+0800: 136162.007: [ParNew: 20238276K->567950K(22937600K), 0.1943857 secs] 82474357K->62827887K(130940928K), 0.1947733 secs] [Times: user=2.08 sys=0.88, real=0.20 secs] 
2024-03-23T06:41:43.780+0800: 136179.201: [GC (Allocation Failure) 2024-03-23T06:41:43.781+0800: 136179.201: [ParNew: 20228750K->541367K(22937600K), 0.2408674 secs] 82488687K->62820979K(130940928K), 0.2412713 secs] [Times: user=1.87 sys=1.95, real=0.24 secs] 
2024-03-23T06:42:00.298+0800: 136195.719: [GC (Allocation Failure) 2024-03-23T06:42:00.298+0800: 136195.719: [ParNew: 20202167K->607389K(22937600K), 0.1850253 secs] 82481779K->62904959K(130940928K), 0.1853764 secs] [Times: user=1.87 sys=0.99, real=0.18 secs] 
2024-03-23T06:42:17.642+0800: 136213.063: [GC (Allocation Failure) 2024-03-23T06:42:17.642+0800: 136213.063: [ParNew: 20268189K->606287K(22937600K), 0.1943633 secs] 82565759K->62920202K(130940928K), 0.1947192 secs] [Times: user=2.46 sys=0.55, real=0.19 secs] 
2024-03-23T06:42:34.909+0800: 136230.330: [GC (Allocation Failure) 2024-03-23T06:42:34.910+0800: 136230.330: [ParNew: 20267087K->474767K(22937600K), 0.1731667 secs] 82581002K->62804303K(130940928K), 0.1735363 secs] [Times: user=2.11 sys=0.53, real=0.17 secs] 
2024-03-23T06:42:49.102+0800: 136244.523: [GC (Allocation Failure) 2024-03-23T06:42:49.102+0800: 136244.523: [ParNew: 20135567K->536933K(22937600K), 0.2537074 secs] 82465103K->62886245K(130940928K), 0.2540834 secs] [Times: user=2.38 sys=1.67, real=0.25 secs] 
2024-03-23T06:43:04.579+0800: 136260.000: [GC (Allocation Failure) 2024-03-23T06:43:04.580+0800: 136260.000: [ParNew: 20197733K->504796K(22937600K), 0.1966734 secs] 82547045K->62873789K(130940928K), 0.1970647 secs] [Times: user=2.30 sys=0.65, real=0.19 secs] 
2024-03-23T06:43:19.122+0800: 136274.543: [GC (Allocation Failure) 2024-03-23T06:43:19.122+0800: 136274.543: [ParNew: 20165596K->510525K(22937600K), 0.1973664 secs] 82534589K->62906420K(130940928K), 0.1977466 secs] [Times: user=2.44 sys=0.53, real=0.20 secs] 
2024-03-23T06:43:32.449+0800: 136287.870: [GC (Allocation Failure) 2024-03-23T06:43:32.449+0800: 136287.870: [ParNew: 20171325K->538031K(22937600K), 0.1861250 secs] 82567220K->62961240K(130940928K), 0.1865138 secs] [Times: user=2.12 sys=0.64, real=0.18 secs] 
2024-03-23T06:43:46.917+0800: 136302.338: [GC (Allocation Failure) 2024-03-23T06:43:46.917+0800: 136302.338: [ParNew: 20198831K->524537K(22937600K), 0.3415126 secs] 82622040K->62974169K(130940928K), 0.3419016 secs] [Times: user=2.21 sys=3.17, real=0.35 secs] 
2024-03-23T06:44:01.935+0800: 136317.356: [GC (Allocation Failure) 2024-03-23T06:44:01.935+0800: 136317.356: [ParNew: 20185337K->512740K(22937600K), 0.1946856 secs] 82634969K->62986564K(130940928K), 0.1950160 secs] [Times: user=2.01 sys=0.91, real=0.20 secs] 
2024-03-23T06:44:16.382+0800: 136331.803: [GC (Allocation Failure) 2024-03-23T06:44:16.382+0800: 136331.803: [ParNew: 20173540K->535801K(22937600K), 0.1943793 secs] 82647364K->63036792K(130940928K), 0.1947181 secs] [Times: user=2.51 sys=0.40, real=0.19 secs] 
2024-03-23T06:44:30.903+0800: 136346.324: [GC (Allocation Failure) 2024-03-23T06:44:30.904+0800: 136346.324: [ParNew: 20196601K->520853K(22937600K), 0.1964757 secs] 82697592K->63049623K(130940928K), 0.1968370 secs] [Times: user=2.01 sys=0.94, real=0.20 secs] 
2024-03-23T06:44:44.824+0800: 136360.245: [GC (Allocation Failure) 2024-03-23T06:44:44.825+0800: 136360.245: [ParNew: 20181653K->441392K(22937600K), 0.3614229 secs] 82710423K->62993998K(130940928K), 0.3618741 secs] [Times: user=2.36 sys=3.52, real=0.36 secs] 
2024-03-23T06:45:02.852+0800: 136378.273: [GC (Allocation Failure) 2024-03-23T06:45:02.852+0800: 136378.273: [ParNew: 20102192K->503621K(22937600K), 0.1997121 secs] 82654798K->63075493K(130940928K), 0.2001089 secs] [Times: user=2.07 sys=0.84, real=0.20 secs] 
2024-03-23T06:45:19.886+0800: 136395.307: [GC (Allocation Failure) 2024-03-23T06:45:19.886+0800: 136395.307: [ParNew: 20164421K->540749K(22937600K), 0.2083686 secs] 82736293K->63127137K(130940928K), 0.2087428 secs] [Times: user=2.01 sys=1.04, real=0.21 secs] 
2024-03-23T06:45:37.070+0800: 136412.491: [GC (Allocation Failure) 2024-03-23T06:45:37.070+0800: 136412.491: [ParNew: 20201549K->520926K(22937600K), 0.2007622 secs] 82787937K->63122122K(130940928K), 0.2010711 secs] [Times: user=2.37 sys=0.44, real=0.20 secs] 
2024-03-23T06:45:56.095+0800: 136431.516: [GC (Allocation Failure) 2024-03-23T06:45:56.095+0800: 136431.516: [ParNew: 20181726K->595453K(22937600K), 0.2657149 secs] 82782922K->63207565K(130940928K), 0.2661013 secs] [Times: user=2.45 sys=1.91, real=0.27 secs] 
2024-03-23T06:46:13.781+0800: 136449.202: [GC (Allocation Failure) 2024-03-23T06:46:13.781+0800: 136449.202: [ParNew: 20256253K->586576K(22937600K), 0.2077588 secs] 82868365K->63210639K(130940928K), 0.2081295 secs] [Times: user=2.47 sys=0.65, real=0.21 secs] 
2024-03-23T06:46:29.464+0800: 136464.884: [GC (Allocation Failure) 2024-03-23T06:46:29.464+0800: 136464.885: [ParNew: 20247376K->600122K(22937600K), 0.1870153 secs] 82871439K->63237059K(130940928K), 0.1873871 secs] [Times: user=1.58 sys=1.27, real=0.19 secs] 
2024-03-23T06:46:48.347+0800: 136483.767: [GC (Allocation Failure) 2024-03-23T06:46:48.347+0800: 136483.768: [ParNew: 20260922K->568879K(22937600K), 0.2426567 secs] 82897859K->63217119K(130940928K), 0.2430220 secs] [Times: user=2.10 sys=1.72, real=0.25 secs] 
2024-03-23T06:47:08.542+0800: 136503.963: [GC (Allocation Failure) 2024-03-23T06:47:08.542+0800: 136503.963: [ParNew: 20229679K->584910K(22937600K), 0.2142762 secs] 82877919K->63251012K(130940928K), 0.2146175 secs] [Times: user=2.74 sys=0.40, real=0.21 secs] 
2024-03-23T06:47:28.122+0800: 136523.542: [GC (Allocation Failure) 2024-03-23T06:47:28.122+0800: 136523.543: [ParNew: 20245710K->577318K(22937600K), 0.2112046 secs] 82911812K->63265847K(130940928K), 0.2114776 secs] [Times: user=2.37 sys=0.72, real=0.21 secs] 
2024-03-23T06:47:45.698+0800: 136541.119: [GC (Allocation Failure) 2024-03-23T06:47:45.698+0800: 136541.119: [ParNew: 20238118K->556047K(22937600K), 0.1796628 secs] 82926647K->63270419K(130940928K), 0.1800251 secs] [Times: user=2.52 sys=0.15, real=0.18 secs] 
2024-03-23T06:48:04.454+0800: 136559.875: [GC (Allocation Failure) 2024-03-23T06:48:04.454+0800: 136559.875: [ParNew: 20216847K->563404K(22937600K), 0.2620899 secs] 82931219K->63304330K(130940928K), 0.2624413 secs] [Times: user=2.29 sys=1.82, real=0.26 secs] 
2024-03-23T06:48:22.993+0800: 136578.413: [GC (Allocation Failure) 2024-03-23T06:48:22.993+0800: 136578.414: [ParNew: 20224204K->523192K(22937600K), 0.2064485 secs] 82965130K->63289295K(130940928K), 0.2067872 secs] [Times: user=1.65 sys=1.42, real=0.21 secs] 
2024-03-23T06:48:41.919+0800: 136597.340: [GC (Allocation Failure) 2024-03-23T06:48:41.919+0800: 136597.340: [ParNew: 20183992K->569626K(22937600K), 0.1999446 secs] 82950095K->63355322K(130940928K), 0.2003007 secs] [Times: user=1.59 sys=1.20, real=0.20 secs] 
2024-03-23T06:49:01.725+0800: 136617.146: [GC (Allocation Failure) 2024-03-23T06:49:01.726+0800: 136617.146: [ParNew: 20230426K->571998K(22937600K), 0.2654311 secs] 83016122K->63374777K(130940928K), 0.2658637 secs] [Times: user=2.47 sys=1.17, real=0.27 secs] 
2024-03-23T06:49:18.534+0800: 136633.955: [GC (Allocation Failure) 2024-03-23T06:49:18.534+0800: 136633.955: [ParNew: 20232798K->567924K(22937600K), 0.2113171 secs] 83035577K->63388732K(130940928K), 0.2116684 secs] [Times: user=2.55 sys=0.61, real=0.21 secs] 
2024-03-23T06:49:34.622+0800: 136650.043: [GC (Allocation Failure) 2024-03-23T06:49:34.622+0800: 136650.043: [ParNew: 20228724K->554508K(22937600K), 0.1858887 secs] 83049532K->63398954K(130940928K), 0.1862439 secs] [Times: user=1.62 sys=1.11, real=0.19 secs] 
2024-03-23T06:49:49.933+0800: 136665.354: [GC (Allocation Failure) 2024-03-23T06:49:49.933+0800: 136665.354: [ParNew: 20215308K->541351K(22937600K), 0.1885718 secs] 83059754K->63411379K(130940928K), 0.1889448 secs] [Times: user=2.51 sys=0.20, real=0.19 secs] 
2024-03-23T06:50:05.267+0800: 136680.688: [GC (Allocation Failure) 2024-03-23T06:50:05.268+0800: 136680.688: [ParNew: 20202151K->615527K(22937600K), 0.2621771 secs] 83072179K->63510740K(130940928K), 0.2626033 secs] [Times: user=2.44 sys=1.50, real=0.27 secs] 
2024-03-23T06:50:21.817+0800: 136697.238: [GC (Allocation Failure) 2024-03-23T06:50:21.818+0800: 136697.238: [ParNew: 20276327K->596828K(22937600K), 0.2099566 secs] 83171540K->63517325K(130940928K), 0.2103767 secs] [Times: user=1.67 sys=1.12, real=0.22 secs] 
2024-03-23T06:50:37.820+0800: 136713.241: [GC (Allocation Failure) 2024-03-23T06:50:37.820+0800: 136713.241: [ParNew: 20257628K->656578K(22937600K), 0.1974716 secs] 83178125K->63602519K(130940928K), 0.1979097 secs] [Times: user=2.51 sys=0.37, real=0.20 secs] 
2024-03-23T06:50:58.092+0800: 136733.513: [GC (Allocation Failure) 2024-03-23T06:50:58.092+0800: 136733.513: [ParNew: 20317378K->567097K(22937600K), 0.1835608 secs] 83263319K->63531846K(130940928K), 0.1840215 secs] [Times: user=1.82 sys=0.70, real=0.18 secs] 
2024-03-23T06:51:18.162+0800: 136753.583: [GC (Allocation Failure) 2024-03-23T06:51:18.162+0800: 136753.583: [ParNew: 20227897K->629269K(22937600K), 0.2776753 secs] 83192646K->63609716K(130940928K), 0.2780846 secs] [Times: user=2.32 sys=2.14, real=0.28 secs] 
2024-03-23T06:51:37.718+0800: 136773.139: [GC (Allocation Failure) 2024-03-23T06:51:37.718+0800: 136773.139: [ParNew: 20290069K->696916K(22937600K), 0.2011784 secs] 83270516K->63695294K(130940928K), 0.2015435 secs] [Times: user=2.43 sys=0.61, real=0.20 secs] 
2024-03-23T06:51:56.694+0800: 136792.115: [GC (Allocation Failure) 2024-03-23T06:51:56.694+0800: 136792.115: [ParNew: 20357716K->607484K(22937600K), 0.1869979 secs] 83356094K->63627843K(130940928K), 0.1873476 secs] [Times: user=2.51 sys=0.35, real=0.19 secs] 
2024-03-23T06:52:16.159+0800: 136811.580: [GC (Allocation Failure) 2024-03-23T06:52:16.160+0800: 136811.581: [ParNew: 20268284K->644797K(22937600K), 0.3168972 secs] 83288643K->63686760K(130940928K), 0.3173008 secs] [Times: user=3.10 sys=2.02, real=0.31 secs] 
2024-03-23T06:52:37.894+0800: 136833.315: [GC (Allocation Failure) 2024-03-23T06:52:37.894+0800: 136833.315: [ParNew: 20305597K->674539K(22937600K), 0.2234227 secs] 83347560K->63741942K(130940928K), 0.2237855 secs] [Times: user=2.48 sys=0.91, real=0.23 secs] 
2024-03-23T06:52:53.930+0800: 136849.351: [GC (Allocation Failure) 2024-03-23T06:52:53.930+0800: 136849.351: [ParNew: 20335339K->639151K(22937600K), 0.2077198 secs] 83402742K->63727592K(130940928K), 0.2080796 secs] [Times: user=2.60 sys=0.62, real=0.21 secs] 
2024-03-23T06:53:12.180+0800: 136867.601: [GC (Allocation Failure) 2024-03-23T06:53:12.180+0800: 136867.601: [ParNew: 20299951K->603817K(22937600K), 0.3605631 secs] 83388392K->63706273K(130940928K), 0.3609419 secs] [Times: user=2.07 sys=3.86, real=0.36 secs] 
2024-03-23T06:53:30.372+0800: 136885.793: [GC (Allocation Failure) 2024-03-23T06:53:30.373+0800: 136885.793: [ParNew: 20264617K->582746K(22937600K), 0.1989498 secs] 83367073K->63705405K(130940928K), 0.1993166 secs] [Times: user=1.63 sys=1.44, real=0.20 secs] 
2024-03-23T06:53:50.947+0800: 136906.368: [GC (Allocation Failure) 2024-03-23T06:53:50.947+0800: 136906.368: [ParNew: 20243546K->660770K(22937600K), 0.2214594 secs] 83366205K->63809528K(130940928K), 0.2218199 secs] [Times: user=2.50 sys=0.89, real=0.23 secs] 
2024-03-23T06:54:10.998+0800: 136926.419: [GC (Allocation Failure) 2024-03-23T06:54:10.999+0800: 136926.419: [ParNew: 20321570K->695620K(22937600K), 0.3070948 secs] 83470328K->63867003K(130940928K), 0.3075227 secs] [Times: user=2.50 sys=2.39, real=0.30 secs] 
2024-03-23T06:54:25.677+0800: 136941.098: [GC (Allocation Failure) 2024-03-23T06:54:25.677+0800: 136941.098: [ParNew: 20356420K->691892K(22937600K), 0.2211179 secs] 83527803K->63893225K(130940928K), 0.2215470 secs] [Times: user=2.15 sys=1.05, real=0.23 secs] 
2024-03-23T06:54:36.867+0800: 136952.288: [GC (Allocation Failure) 2024-03-23T06:54:36.867+0800: 136952.288: [ParNew: 20352692K->680385K(22937600K), 0.1881795 secs] 83554025K->63912985K(130940928K), 0.1885833 secs] [Times: user=2.58 sys=0.15, real=0.19 secs] 
2024-03-23T06:54:50.061+0800: 136965.482: [GC (Allocation Failure) 2024-03-23T06:54:50.061+0800: 136965.482: [ParNew: 20341185K->740966K(22937600K), 0.2023443 secs] 83573785K->64008057K(130940928K), 0.2027997 secs] [Times: user=2.52 sys=0.22, real=0.20 secs] 
2024-03-23T06:55:04.120+0800: 136979.541: [GC (Allocation Failure) 2024-03-23T06:55:04.121+0800: 136979.542: [ParNew: 20401766K->756991K(22937600K), 0.1940976 secs] 83668857K->64054190K(130940928K), 0.1944923 secs] [Times: user=2.75 sys=0.22, real=0.19 secs] 
2024-03-23T06:55:18.842+0800: 136994.263: [GC (Allocation Failure) 2024-03-23T06:55:18.842+0800: 136994.263: [ParNew: 20417791K->795857K(22937600K), 0.2958566 secs] 83714990K->64120743K(130940928K), 0.2962592 secs] [Times: user=2.70 sys=1.82, real=0.30 secs] 
2024-03-23T06:55:36.489+0800: 137011.910: [GC (Allocation Failure) 2024-03-23T06:55:36.489+0800: 137011.910: [ParNew: 20456657K->747567K(22937600K), 0.2442119 secs] 83781543K->64093710K(130940928K), 0.2446078 secs] [Times: user=2.83 sys=0.89, real=0.24 secs] 
2024-03-23T06:55:52.647+0800: 137028.068: [GC (Allocation Failure) 2024-03-23T06:55:52.647+0800: 137028.068: [ParNew: 20408367K->767376K(22937600K), 0.1928894 secs] 83754510K->64130522K(130940928K), 0.1932877 secs] [Times: user=1.74 sys=1.17, real=0.20 secs] 
2024-03-23T06:56:11.202+0800: 137046.622: [GC (Allocation Failure) 2024-03-23T06:56:11.202+0800: 137046.623: [ParNew: 20428176K->760849K(22937600K), 0.1892657 secs] 83791322K->64142798K(130940928K), 0.1896330 secs] [Times: user=2.70 sys=0.17, real=0.19 secs] 
2024-03-23T06:56:28.604+0800: 137064.025: [GC (Allocation Failure) 2024-03-23T06:56:28.604+0800: 137064.025: [ParNew: 20421649K->825336K(22937600K), 0.3010889 secs] 83803598K->64231492K(130940928K), 0.3014524 secs] [Times: user=2.64 sys=2.17, real=0.30 secs] 
2024-03-23T06:56:49.640+0800: 137085.060: [GC (Allocation Failure) 2024-03-23T06:56:49.640+0800: 137085.061: [ParNew: 20486136K->823647K(22937600K), 0.2254496 secs] 83892292K->64262309K(130940928K), 0.2258304 secs] [Times: user=2.67 sys=0.80, real=0.22 secs] 
2024-03-23T06:57:10.017+0800: 137105.438: [GC (Allocation Failure) 2024-03-23T06:57:10.017+0800: 137105.438: [ParNew: 20484447K->786902K(22937600K), 0.1836219 secs] 83923109K->64249135K(130940928K), 0.1839705 secs] [Times: user=2.42 sys=0.44, real=0.19 secs] 
2024-03-23T06:57:28.266+0800: 137123.687: [GC (Allocation Failure) 2024-03-23T06:57:28.267+0800: 137123.687: [ParNew: 20447702K->752360K(22937600K), 0.2525211 secs] 83909935K->64237665K(130940928K), 0.2529071 secs] [Times: user=2.48 sys=1.47, real=0.26 secs] 
2024-03-23T06:57:48.714+0800: 137144.135: [GC (Allocation Failure) 2024-03-23T06:57:48.714+0800: 137144.135: [ParNew: 20413160K->753406K(22937600K), 0.2367983 secs] 83898465K->64261769K(130940928K), 0.2371943 secs] [Times: user=2.60 sys=1.01, real=0.24 secs] 
2024-03-23T06:58:06.011+0800: 137161.432: [GC (Allocation Failure) 2024-03-23T06:58:06.011+0800: 137161.432: [ParNew: 20414206K->807310K(22937600K), 0.2067814 secs] 83922569K->64357451K(130940928K), 0.2071546 secs] [Times: user=1.82 sys=1.28, real=0.21 secs] 
2024-03-23T06:58:24.393+0800: 137179.813: [GC (Allocation Failure) 2024-03-23T06:58:24.393+0800: 137179.814: [ParNew: 20468110K->778576K(22937600K), 0.3173813 secs] 84018251K->64366751K(130940928K), 0.3177232 secs] [Times: user=2.58 sys=2.23, real=0.32 secs] 
2024-03-23T06:58:41.825+0800: 137197.246: [GC (Allocation Failure) 2024-03-23T06:58:41.826+0800: 137197.246: [ParNew: 20439376K->736607K(22937600K), 0.2044979 secs] 84027551K->64357585K(130940928K), 0.2048677 secs] [Times: user=2.51 sys=0.54, real=0.21 secs] 
2024-03-23T06:58:57.604+0800: 137213.024: [GC (Allocation Failure) 2024-03-23T06:58:57.604+0800: 137213.025: [ParNew: 20397407K->727280K(22937600K), 0.2232576 secs] 84018385K->64377834K(130940928K), 0.2236245 secs] [Times: user=1.97 sys=1.46, real=0.22 secs] 
2024-03-23T06:59:14.990+0800: 137230.411: [GC (Allocation Failure) 2024-03-23T06:59:14.991+0800: 137230.411: [ParNew: 20388080K->726563K(22937600K), 0.2162734 secs] 84038634K->64405951K(130940928K), 0.2166863 secs] [Times: user=1.85 sys=1.24, real=0.21 secs] 
2024-03-23T06:59:31.280+0800: 137246.701: [GC (Allocation Failure) 2024-03-23T06:59:31.280+0800: 137246.701: [ParNew: 20387363K->681793K(22937600K), 0.4322096 secs] 84066751K->64395019K(130940928K), 0.4326019 secs] [Times: user=3.19 sys=3.86, real=0.43 secs] 
2024-03-23T06:59:48.980+0800: 137264.401: [GC (Allocation Failure) 2024-03-23T06:59:48.980+0800: 137264.401: [ParNew: 20342593K->682589K(22937600K), 0.2357262 secs] 84055819K->64437371K(130940928K), 0.2360459 secs] [Times: user=2.57 sys=0.94, real=0.23 secs] 
2024-03-23T07:00:06.143+0800: 137281.564: [GC (Allocation Failure) 2024-03-23T07:00:06.143+0800: 137281.564: [ParNew: 20343389K->744009K(22937600K), 0.2218508 secs] 84098171K->64534235K(130940928K), 0.2222671 secs] [Times: user=2.62 sys=0.39, real=0.22 secs] 
2024-03-23T07:00:23.885+0800: 137299.305: [GC (Allocation Failure) 2024-03-23T07:00:23.885+0800: 137299.306: [ParNew: 20404809K->690143K(22937600K), 0.1885593 secs] 84195035K->64509158K(130940928K), 0.1889804 secs] [Times: user=2.65 sys=0.04, real=0.19 secs] 
2024-03-23T07:00:41.021+0800: 137316.442: [GC (Allocation Failure) 2024-03-23T07:00:41.022+0800: 137316.442: [ParNew: 20350943K->756422K(22937600K), 0.2632638 secs] 84169958K->64612175K(130940928K), 0.2636811 secs] [Times: user=2.54 sys=1.54, real=0.26 secs] 
2024-03-23T07:00:59.306+0800: 137334.727: [GC (Allocation Failure) 2024-03-23T07:00:59.307+0800: 137334.727: [ParNew: 20417222K->647812K(22937600K), 0.2170450 secs] 84272975K->64540115K(130940928K), 0.2174244 secs] [Times: user=2.66 sys=0.60, real=0.22 secs] 
2024-03-23T07:01:17.567+0800: 137352.987: [GC (Allocation Failure) 2024-03-23T07:01:17.567+0800: 137352.988: [ParNew: 20308612K->690674K(22937600K), 0.1981124 secs] 84200915K->64611002K(130940928K), 0.1984872 secs] [Times: user=1.73 sys=1.22, real=0.20 secs] 
2024-03-23T07:01:36.736+0800: 137372.157: [GC (Allocation Failure) 2024-03-23T07:01:36.736+0800: 137372.157: [ParNew: 20351474K->687865K(22937600K), 0.2307088 secs] 84271802K->64628757K(130940928K), 0.2311280 secs] [Times: user=2.32 sys=1.32, real=0.23 secs] 
2024-03-23T07:01:57.924+0800: 137393.345: [GC (Allocation Failure) 2024-03-23T07:01:57.924+0800: 137393.345: [ParNew: 20348665K->661052K(22937600K), 0.2185553 secs] 84289557K->64627655K(130940928K), 0.2189116 secs] [Times: user=2.44 sys=0.78, real=0.22 secs] 
2024-03-23T07:02:18.222+0800: 137413.643: [GC (Allocation Failure) 2024-03-23T07:02:18.222+0800: 137413.643: [ParNew: 20321852K->723501K(22937600K), 0.2164285 secs] 84288455K->64721569K(130940928K), 0.2167085 secs] [Times: user=1.76 sys=1.43, real=0.22 secs] 
2024-03-23T07:02:38.980+0800: 137434.401: [GC (Allocation Failure) 2024-03-23T07:02:38.980+0800: 137434.401: [ParNew: 20384301K->719720K(22937600K), 0.3136650 secs] 84382369K->64745175K(130940928K), 0.3140345 secs] [Times: user=2.32 sys=2.56, real=0.31 secs] 
2024-03-23T07:02:58.645+0800: 137454.066: [GC (Allocation Failure) 2024-03-23T07:02:58.646+0800: 137454.066: [ParNew: 20380520K->607566K(22937600K), 0.2150469 secs] 84405975K->64658430K(130940928K), 0.2153530 secs] [Times: user=2.38 sys=0.75, real=0.22 secs] 
2024-03-23T07:03:15.775+0800: 137471.196: [GC (Allocation Failure) 2024-03-23T07:03:15.776+0800: 137471.196: [ParNew: 20268366K->651685K(22937600K), 0.2134532 secs] 84319230K->64727972K(130940928K), 0.2137202 secs] [Times: user=1.73 sys=1.34, real=0.22 secs] 
2024-03-23T07:03:31.384+0800: 137486.805: [GC (Allocation Failure) 2024-03-23T07:03:31.384+0800: 137486.805: [ParNew: 20312485K->626163K(22937600K), 0.1906196 secs] 84388772K->64722529K(130940928K), 0.1909382 secs] [Times: user=1.86 sys=1.02, real=0.19 secs] 
2024-03-23T07:03:45.004+0800: 137500.425: [GC (Allocation Failure) 2024-03-23T07:03:45.004+0800: 137500.425: [ParNew: 20286963K->662220K(22937600K), 0.3358470 secs] 84383329K->64785807K(130940928K), 0.3362133 secs] [Times: user=2.16 sys=3.24, real=0.34 secs] 
2024-03-23T07:03:59.502+0800: 137514.923: [GC (Allocation Failure) 2024-03-23T07:03:59.502+0800: 137514.923: [ParNew: 20323020K->594148K(22937600K), 0.2022522 secs] 84446607K->64746051K(130940928K), 0.2026044 secs] [Times: user=2.42 sys=0.62, real=0.20 secs] 
2024-03-23T07:04:17.064+0800: 137532.485: [GC (Allocation Failure) 2024-03-23T07:04:17.064+0800: 137532.485: [ParNew: 20254948K->657307K(22937600K), 0.1962482 secs] 84406851K->64844165K(130940928K), 0.1966484 secs] [Times: user=1.53 sys=1.07, real=0.20 secs] 
2024-03-23T07:04:36.266+0800: 137551.686: [GC (Allocation Failure) 2024-03-23T07:04:36.266+0800: 137551.687: [ParNew: 20318107K->629999K(22937600K), 0.1921804 secs] 84504965K->64848087K(130940928K), 0.1925690 secs] [Times: user=2.56 sys=0.24, real=0.20 secs] 
2024-03-23T07:04:56.428+0800: 137571.849: [GC (Allocation Failure) 2024-03-23T07:04:56.428+0800: 137571.849: [ParNew: 20290799K->624669K(22937600K), 0.4071330 secs] 84508887K->64873169K(130940928K), 0.4075642 secs] [Times: user=3.03 sys=3.55, real=0.40 secs] 
2024-03-23T07:05:17.053+0800: 137592.474: [GC (Allocation Failure) 2024-03-23T07:05:17.053+0800: 137592.474: [ParNew: 20285469K->641357K(22937600K), 0.2331920 secs] 84533969K->64915994K(130940928K), 0.2335554 secs] [Times: user=2.50 sys=1.08, real=0.23 secs] 
2024-03-23T07:05:37.401+0800: 137612.821: [GC (Allocation Failure) 2024-03-23T07:05:37.401+0800: 137612.822: [ParNew: 20302157K->648596K(22937600K), 0.1927993 secs] 84576794K->64949421K(130940928K), 0.1931808 secs] [Times: user=1.46 sys=1.41, real=0.19 secs] 
2024-03-23T07:05:57.323+0800: 137632.744: [GC (Allocation Failure) 2024-03-23T07:05:57.323+0800: 137632.744: [ParNew: 20309396K->633848K(22937600K), 0.3790550 secs] 84610221K->64959158K(130940928K), 0.3794277 secs] [Times: user=3.10 sys=3.10, real=0.38 secs] 
2024-03-23T07:06:14.343+0800: 137649.764: [GC (Allocation Failure) 2024-03-23T07:06:14.343+0800: 137649.764: [ParNew: 20294648K->674370K(22937600K), 0.2057728 secs] 84619958K->65015292K(130940928K), 0.2061378 secs] [Times: user=2.51 sys=0.64, real=0.21 secs] 
2024-03-23T07:06:29.094+0800: 137664.515: [GC (Allocation Failure) 2024-03-23T07:06:29.094+0800: 137664.515: [ParNew: 20335170K->577976K(22937600K), 0.2000365 secs] 84676092K->64944620K(130940928K), 0.2004070 secs] [Times: user=1.69 sys=1.13, real=0.20 secs] 
2024-03-23T07:06:44.441+0800: 137679.862: [GC (Allocation Failure) 2024-03-23T07:06:44.441+0800: 137679.862: [ParNew: 20238776K->618347K(22937600K), 0.1794637 secs] 84605420K->65003226K(130940928K), 0.1797883 secs] [Times: user=2.60 sys=0.00, real=0.18 secs] 
2024-03-23T07:07:00.376+0800: 137695.797: [GC (Allocation Failure) 2024-03-23T07:07:00.376+0800: 137695.797: [ParNew: 20279147K->620154K(22937600K), 0.3809261 secs] 84664026K->65026063K(130940928K), 0.3812404 secs] [Times: user=2.88 sys=3.25, real=0.39 secs] 
2024-03-23T07:07:19.289+0800: 137714.710: [GC (Allocation Failure) 2024-03-23T07:07:19.289+0800: 137714.710: [ParNew: 20280954K->626446K(22937600K), 0.2392346 secs] 84686863K->65056080K(130940928K), 0.2395291 secs] [Times: user=2.53 sys=1.05, real=0.24 secs] 
2024-03-23T07:07:36.699+0800: 137732.120: [GC (Allocation Failure) 2024-03-23T07:07:36.700+0800: 137732.120: [ParNew: 20287246K->611624K(22937600K), 0.2276902 secs] 84716880K->65061689K(130940928K), 0.2280372 secs] [Times: user=2.45 sys=0.97, real=0.23 secs] 
2024-03-23T07:07:56.702+0800: 137752.123: [GC (Allocation Failure) 2024-03-23T07:07:56.702+0800: 137752.123: [ParNew: 20272424K->563757K(22937600K), 0.4265807 secs] 84722489K->65034099K(130940928K), 0.4269584 secs] [Times: user=1.97 sys=4.97, real=0.43 secs] 
2024-03-23T07:08:14.640+0800: 137770.061: [GC (Allocation Failure) 2024-03-23T07:08:14.640+0800: 137770.061: [ParNew: 20224557K->601878K(22937600K), 0.2430657 secs] 84694899K->65091786K(130940928K), 0.2433595 secs] [Times: user=2.72 sys=0.95, real=0.24 secs] 
2024-03-23T07:08:33.125+0800: 137788.546: [GC (Allocation Failure) 2024-03-23T07:08:33.125+0800: 137788.546: [ParNew: 20262678K->660864K(22937600K), 0.2517035 secs] 84752586K->65169298K(130940928K), 0.2520017 secs] [Times: user=2.69 sys=1.06, real=0.25 secs] 
2024-03-23T07:08:52.496+0800: 137807.917: [GC (Allocation Failure) 2024-03-23T07:08:52.496+0800: 137807.917: [ParNew: 20321664K->676161K(22937600K), 0.2156398 secs] 84830098K->65207547K(130940928K), 0.2159965 secs] [Times: user=2.74 sys=0.39, real=0.22 secs] 
2024-03-23T07:09:13.331+0800: 137828.752: [GC (Allocation Failure) 2024-03-23T07:09:13.331+0800: 137828.752: [ParNew: 20336961K->680570K(22937600K), 0.3632399 secs] 84868347K->65242550K(130940928K), 0.3635532 secs] [Times: user=3.25 sys=2.55, real=0.36 secs] 
2024-03-23T07:09:30.872+0800: 137846.293: [GC (Allocation Failure) 2024-03-23T07:09:30.872+0800: 137846.293: [ParNew: 20341370K->669929K(22937600K), 0.2203504 secs] 84903350K->65270336K(130940928K), 0.2206839 secs] [Times: user=1.67 sys=1.49, real=0.22 secs] 
2024-03-23T07:09:50.896+0800: 137866.317: [GC (Allocation Failure) 2024-03-23T07:09:50.896+0800: 137866.317: [ParNew: 20330729K->627364K(22937600K), 0.2147872 secs] 84931136K->65260032K(130940928K), 0.2151589 secs] [Times: user=1.87 sys=1.40, real=0.22 secs] 
2024-03-23T07:10:11.305+0800: 137886.726: [GC (Allocation Failure) 2024-03-23T07:10:11.305+0800: 137886.726: [ParNew: 20288164K->654095K(22937600K), 0.3075601 secs] 84920832K->65308637K(130940928K), 0.3079587 secs] [Times: user=2.29 sys=2.62, real=0.31 secs] 
2024-03-23T07:10:30.178+0800: 137905.599: [GC (Allocation Failure) 2024-03-23T07:10:30.178+0800: 137905.599: [ParNew: 20314895K->629352K(22937600K), 0.1941456 secs] 84969437K->65308399K(130940928K), 0.1945165 secs] [Times: user=2.44 sys=0.49, real=0.19 secs] 
2024-03-23T07:10:49.766+0800: 137925.187: [GC (Allocation Failure) 2024-03-23T07:10:49.766+0800: 137925.187: [ParNew: 20290152K->671396K(22937600K), 0.1792975 secs] 84969199K->65375795K(130940928K), 0.1796868 secs] [Times: user=2.15 sys=0.54, real=0.18 secs] 
2024-03-23T07:11:09.981+0800: 137945.401: [GC (Allocation Failure) 2024-03-23T07:11:09.981+0800: 137945.402: [ParNew: 20332196K->674843K(22937600K), 0.2611031 secs] 85036595K->65399352K(130940928K), 0.2614863 secs] [Times: user=2.40 sys=1.66, real=0.26 secs] 
2024-03-23T07:11:31.421+0800: 137966.841: [GC (Allocation Failure) 2024-03-23T07:11:31.421+0800: 137966.842: [ParNew: 20335643K->647161K(22937600K), 0.2535666 secs] 85060152K->65390260K(130940928K), 0.2539419 secs] [Times: user=3.08 sys=0.87, real=0.25 secs] 
2024-03-23T07:11:54.055+0800: 137989.476: [GC (Allocation Failure) 2024-03-23T07:11:54.055+0800: 137989.476: [ParNew: 20307961K->620251K(22937600K), 0.2018010 secs] 85051060K->65379768K(130940928K), 0.2021668 secs] [Times: user=2.32 sys=0.78, real=0.20 secs] 
2024-03-23T07:12:15.785+0800: 138011.205: [GC (Allocation Failure) 2024-03-23T07:12:15.785+0800: 138011.206: [ParNew: 20281051K->679891K(22937600K), 0.2562532 secs] 85040568K->65454953K(130940928K), 0.2566203 secs] [Times: user=2.48 sys=1.49, real=0.26 secs] 
2024-03-23T07:12:36.875+0800: 138032.296: [GC (Allocation Failure) 2024-03-23T07:12:36.876+0800: 138032.296: [ParNew: 20340691K->699386K(22937600K), 0.2091831 secs] 85115753K->65490089K(130940928K), 0.2095478 secs] [Times: user=2.45 sys=0.75, real=0.21 secs] 
2024-03-23T07:12:57.414+0800: 138052.835: [GC (Allocation Failure) 2024-03-23T07:12:57.415+0800: 138052.835: [ParNew: 20360186K->700739K(22937600K), 0.2179786 secs] 85150889K->65505030K(130940928K), 0.2183274 secs] [Times: user=2.64 sys=0.64, real=0.22 secs] 
2024-03-23T07:13:17.421+0800: 138072.841: [GC (Allocation Failure) 2024-03-23T07:13:17.421+0800: 138072.842: [ParNew: 20361539K->718733K(22937600K), 0.2628239 secs] 85165830K->65543340K(130940928K), 0.2631829 secs] [Times: user=2.43 sys=1.66, real=0.26 secs] 
2024-03-23T07:13:36.650+0800: 138092.071: [GC (Allocation Failure) 2024-03-23T07:13:36.651+0800: 138092.071: [ParNew: 20379533K->702711K(22937600K), 0.2077079 secs] 85204140K->65549637K(130940928K), 0.2080659 secs] [Times: user=1.82 sys=1.34, real=0.21 secs] 
2024-03-23T07:13:55.604+0800: 138111.024: [GC (Allocation Failure) 2024-03-23T07:13:55.604+0800: 138111.025: [ParNew: 20363511K->758777K(22937600K), 0.2025163 secs] 85210437K->65625067K(130940928K), 0.2028839 secs] [Times: user=2.51 sys=0.56, real=0.20 secs] 
2024-03-23T07:14:13.505+0800: 138128.925: [GC (Allocation Failure) 2024-03-23T07:14:13.505+0800: 138128.926: [ParNew: 20419577K->688884K(22937600K), 0.1752767 secs] 85285867K->65571913K(130940928K), 0.1756726 secs] [Times: user=2.54 sys=0.05, real=0.18 secs] 
2024-03-23T07:14:33.901+0800: 138149.322: [GC (Allocation Failure) 2024-03-23T07:14:33.901+0800: 138149.322: [ParNew: 20349684K->738328K(22937600K), 0.2636960 secs] 85232713K->65634188K(130940928K), 0.2640837 secs] [Times: user=2.41 sys=1.76, real=0.26 secs] 
2024-03-23T07:14:52.618+0800: 138168.039: [GC (Allocation Failure) 2024-03-23T07:14:52.618+0800: 138168.039: [ParNew: 20399128K->669687K(22937600K), 0.2069151 secs] 85294988K->65582478K(130940928K), 0.2072593 secs] [Times: user=1.80 sys=1.39, real=0.20 secs] 
2024-03-23T07:15:06.970+0800: 138182.391: [GC (Allocation Failure) 2024-03-23T07:15:06.971+0800: 138182.391: [ParNew: 20330487K->740528K(22937600K), 0.1884237 secs] 85243278K->65676635K(130940928K), 0.1887589 secs] [Times: user=2.56 sys=0.31, real=0.19 secs] 
2024-03-23T07:15:17.984+0800: 138193.405: [GC (Allocation Failure) 2024-03-23T07:15:17.984+0800: 138193.405: [ParNew: 20401328K->713158K(22937600K), 0.1549953 secs] 85337435K->65671433K(130940928K), 0.1553400 secs] [Times: user=1.80 sys=0.48, real=0.16 secs] 
2024-03-23T07:15:29.979+0800: 138205.400: [GC (Allocation Failure) 2024-03-23T07:15:29.980+0800: 138205.401: [ParNew: 20373958K->789105K(22937600K), 0.2476979 secs] 85332233K->65772129K(130940928K), 0.2480525 secs] [Times: user=2.49 sys=1.44, real=0.25 secs] 
2024-03-23T07:15:41.926+0800: 138217.346: [GC (Allocation Failure) 2024-03-23T07:15:41.926+0800: 138217.347: [ParNew: 20449905K->653147K(22937600K), 0.1816624 secs] 85432929K->65659983K(130940928K), 0.1820185 secs] [Times: user=1.72 sys=0.90, real=0.19 secs] 
2024-03-23T07:15:54.312+0800: 138229.733: [GC (Allocation Failure) 2024-03-23T07:15:54.312+0800: 138229.733: [ParNew: 20313947K->644161K(22937600K), 0.1894729 secs] 85320783K->65678708K(130940928K), 0.1898237 secs] [Times: user=2.59 sys=0.23, real=0.19 secs] 
2024-03-23T07:16:05.868+0800: 138241.288: [GC (Allocation Failure) 2024-03-23T07:16:05.868+0800: 138241.289: [ParNew: 20304961K->693178K(22937600K), 0.1861561 secs] 85339508K->65755436K(130940928K), 0.1865066 secs] [Times: user=2.58 sys=0.13, real=0.18 secs] 
2024-03-23T07:16:18.333+0800: 138253.753: [GC (Allocation Failure) 2024-03-23T07:16:18.333+0800: 138253.754: [ParNew: 20353978K->683647K(22937600K), 0.1643757 secs] 85416236K->65778247K(130940928K), 0.1647792 secs] [Times: user=2.57 sys=0.00, real=0.16 secs] 
2024-03-23T07:16:30.417+0800: 138265.838: [GC (Allocation Failure) 2024-03-23T07:16:30.417+0800: 138265.838: [ParNew: 20344447K->639592K(22937600K), 0.2558666 secs] 85439047K->65769995K(130940928K), 0.2562287 secs] [Times: user=2.51 sys=1.42, real=0.26 secs] 
2024-03-23T07:16:43.355+0800: 138278.776: [GC (Allocation Failure) 2024-03-23T07:16:43.356+0800: 138278.776: [ParNew: 20300392K->677893K(22937600K), 0.2123982 secs] 85430795K->65841418K(130940928K), 0.2127844 secs] [Times: user=2.74 sys=0.38, real=0.22 secs] 
2024-03-23T07:16:56.003+0800: 138291.424: [GC (Allocation Failure) 2024-03-23T07:16:56.003+0800: 138291.424: [ParNew: 20338693K->704321K(22937600K), 0.1886743 secs] 85502218K->65896273K(130940928K), 0.1890431 secs] [Times: user=2.49 sys=0.30, real=0.19 secs] 
2024-03-23T07:17:06.753+0800: 138302.173: [GC (Allocation Failure) 2024-03-23T07:17:06.753+0800: 138302.174: [ParNew: 20365121K->686636K(22937600K), 0.2139799 secs] 85557073K->65905512K(130940928K), 0.2143381 secs] [Times: user=2.29 sys=1.03, real=0.21 secs] 
2024-03-23T07:17:17.000+0800: 138312.421: [GC (Allocation Failure) 2024-03-23T07:17:17.000+0800: 138312.421: [ParNew: 20347436K->637270K(22937600K), 0.1577931 secs] 85566312K->65884402K(130940928K), 0.1581631 secs] [Times: user=1.85 sys=0.24, real=0.16 secs] 
2024-03-23T07:17:29.231+0800: 138324.652: [GC (Allocation Failure) 2024-03-23T07:17:29.231+0800: 138324.652: [ParNew: 20298070K->655641K(22937600K), 0.3122181 secs] 85545202K->65925938K(130940928K), 0.3125567 secs] [Times: user=2.03 sys=3.08, real=0.31 secs] 
2024-03-23T07:17:41.849+0800: 138337.270: [GC (Allocation Failure) 2024-03-23T07:17:41.849+0800: 138337.270: [ParNew: 20316441K->591276K(22937600K), 0.1712534 secs] 85586738K->65890951K(130940928K), 0.1716027 secs] [Times: user=1.58 sys=0.73, real=0.17 secs] 
2024-03-23T07:17:54.971+0800: 138350.392: [GC (Allocation Failure) 2024-03-23T07:17:54.972+0800: 138350.392: [ParNew: 20252076K->584167K(22937600K), 0.1766838 secs] 85551751K->65914046K(130940928K), 0.1770327 secs] [Times: user=2.41 sys=0.27, real=0.18 secs] 
2024-03-23T07:18:08.095+0800: 138363.516: [GC (Allocation Failure) 2024-03-23T07:18:08.096+0800: 138363.516: [ParNew: 20244967K->607690K(22937600K), 0.1567739 secs] 85574846K->65956749K(130940928K), 0.1570990 secs] [Times: user=1.38 sys=0.49, real=0.16 secs] 
2024-03-23T07:18:27.024+0800: 138382.445: [GC (Allocation Failure) 2024-03-23T07:18:27.025+0800: 138382.446: [ParNew: 20268490K->616479K(22937600K), 0.2537966 secs] 85617549K->65979756K(130940928K), 0.2543186 secs] [Times: user=2.42 sys=1.56, real=0.26 secs] 
2024-03-23T07:18:47.359+0800: 138402.780: [GC (Allocation Failure) 2024-03-23T07:18:47.359+0800: 138402.780: [ParNew: 20277279K->651356K(22937600K), 0.2132328 secs] 85640556K->66033119K(130940928K), 0.2136241 secs] [Times: user=2.51 sys=0.66, real=0.21 secs] 
2024-03-23T07:19:06.370+0800: 138421.791: [GC (Allocation Failure) 2024-03-23T07:19:06.370+0800: 138421.791: [ParNew: 20312156K->688376K(22937600K), 0.2069137 secs] 85693919K->66092481K(130940928K), 0.2072065 secs] [Times: user=2.45 sys=0.56, real=0.20 secs] 
2024-03-23T07:19:24.596+0800: 138440.017: [GC (Allocation Failure) 2024-03-23T07:19:24.596+0800: 138440.017: [ParNew: 20349176K->654257K(22937600K), 0.2502342 secs] 85753281K->66081429K(130940928K), 0.2505459 secs] [Times: user=1.50 sys=2.21, real=0.25 secs] 
2024-03-23T07:19:43.072+0800: 138458.492: [GC (Allocation Failure) 2024-03-23T07:19:43.072+0800: 138458.493: [ParNew: 20315057K->654769K(22937600K), 0.1933276 secs] 85742229K->66109978K(130940928K), 0.1936147 secs] [Times: user=1.72 sys=1.08, real=0.19 secs] 
2024-03-23T07:19:59.693+0800: 138475.114: [GC (Allocation Failure) 2024-03-23T07:19:59.693+0800: 138475.114: [ParNew: 20315569K->636410K(22937600K), 0.1994587 secs] 85770778K->66116825K(130940928K), 0.1997469 secs] [Times: user=1.71 sys=1.18, real=0.20 secs] 
2024-03-23T07:20:18.760+0800: 138494.181: [GC (Allocation Failure) 2024-03-23T07:20:18.761+0800: 138494.181: [ParNew: 20297210K->671988K(22937600K), 0.1982187 secs] 85777625K->66180671K(130940928K), 0.1986140 secs] [Times: user=1.85 sys=1.01, real=0.20 secs] 
2024-03-23T07:20:38.427+0800: 138513.847: [GC (Allocation Failure) 2024-03-23T07:20:38.427+0800: 138513.848: [ParNew: 20332788K->662048K(22937600K), 0.2669968 secs] 85841471K->66201982K(130940928K), 0.2674000 secs] [Times: user=2.45 sys=1.70, real=0.28 secs] 
2024-03-23T07:20:56.123+0800: 138531.544: [GC (Allocation Failure) 2024-03-23T07:20:56.123+0800: 138531.544: [ParNew: 20322848K->661567K(22937600K), 0.1909484 secs] 85862782K->66227993K(130940928K), 0.1913334 secs] [Times: user=2.30 sys=0.52, real=0.19 secs] 
2024-03-23T07:21:14.107+0800: 138549.528: [GC (Allocation Failure) 2024-03-23T07:21:14.107+0800: 138549.528: [ParNew: 20322367K->721385K(22937600K), 0.1971374 secs] 85888793K->66307537K(130940928K), 0.1975350 secs] [Times: user=2.58 sys=0.39, real=0.20 secs] 
2024-03-23T07:21:33.012+0800: 138568.433: [GC (Allocation Failure) 2024-03-23T07:21:33.012+0800: 138568.433: [ParNew: 20382185K->669791K(22937600K), 0.2612627 secs] 85968337K->66274302K(130940928K), 0.2616885 secs] [Times: user=2.51 sys=1.58, real=0.26 secs] 
2024-03-23T07:21:50.910+0800: 138586.331: [GC (Allocation Failure) 2024-03-23T07:21:50.911+0800: 138586.331: [ParNew: 20330591K->591622K(22937600K), 0.1898558 secs] 85935102K->66215156K(130940928K), 0.1902470 secs] [Times: user=2.49 sys=0.37, real=0.19 secs] 
2024-03-23T07:22:09.029+0800: 138604.449: [GC (Allocation Failure) 2024-03-23T07:22:09.029+0800: 138604.450: [ParNew: 20252422K->722551K(22937600K), 0.1961412 secs] 85875956K->66365512K(130940928K), 0.1964991 secs] [Times: user=2.49 sys=0.49, real=0.19 secs] 
2024-03-23T07:22:29.811+0800: 138625.232: [GC (Allocation Failure) 2024-03-23T07:22:29.811+0800: 138625.232: [ParNew: 20383351K->654059K(22937600K), 0.1877152 secs] 86026312K->66316728K(130940928K), 0.1880744 secs] [Times: user=1.75 sys=1.09, real=0.19 secs] 
2024-03-23T07:22:48.985+0800: 138644.406: [GC (Allocation Failure) 2024-03-23T07:22:48.985+0800: 138644.406: [ParNew: 20314859K->649082K(22937600K), 0.2707577 secs] 85977528K->66332984K(130940928K), 0.2711584 secs] [Times: user=2.42 sys=1.87, real=0.27 secs] 
2024-03-23T07:23:08.385+0800: 138663.806: [GC (Allocation Failure) 2024-03-23T07:23:08.385+0800: 138663.806: [ParNew: 20309882K->647953K(22937600K), 0.2033812 secs] 85993784K->66361891K(130940928K), 0.2037512 secs] [Times: user=1.58 sys=1.31, real=0.21 secs] 
2024-03-23T07:23:28.922+0800: 138684.343: [GC (Allocation Failure) 2024-03-23T07:23:28.922+0800: 138684.343: [ParNew: 20308753K->589289K(22937600K), 0.2064934 secs] 86022691K->66335348K(130940928K), 0.2068540 secs] [Times: user=2.40 sys=0.76, real=0.21 secs] 
2024-03-23T07:23:47.478+0800: 138702.899: [GC (Allocation Failure) 2024-03-23T07:23:47.478+0800: 138702.899: [ParNew: 20250089K->563379K(22937600K), 0.2281000 secs] 85996148K->66344860K(130940928K), 0.2284547 secs] [Times: user=1.50 sys=1.57, real=0.22 secs] 
2024-03-23T07:24:05.077+0800: 138720.498: [GC (Allocation Failure) 2024-03-23T07:24:05.078+0800: 138720.498: [ParNew: 20224179K->568688K(22937600K), 0.1987029 secs] 86005660K->66387084K(130940928K), 0.1990614 secs] [Times: user=2.48 sys=0.42, real=0.20 secs] 
2024-03-23T07:24:19.551+0800: 138734.972: [GC (Allocation Failure) 2024-03-23T07:24:19.551+0800: 138734.972: [ParNew: 20229488K->632941K(22937600K), 0.1909924 secs] 86047884K->66476772K(130940928K), 0.1913482 secs] [Times: user=2.49 sys=0.32, real=0.19 secs] 
2024-03-23T07:24:33.252+0800: 138748.673: [GC (Allocation Failure) 2024-03-23T07:24:33.253+0800: 138748.673: [ParNew: 20293741K->558055K(22937600K), 0.1888201 secs] 86137572K->66425202K(130940928K), 0.1892015 secs] [Times: user=2.44 sys=0.32, real=0.19 secs] 
2024-03-23T07:24:48.860+0800: 138764.281: [GC (Allocation Failure) 2024-03-23T07:24:48.860+0800: 138764.281: [ParNew: 20218855K->556518K(22937600K), 0.2434153 secs] 86086002K->66452092K(130940928K), 0.2438262 secs] [Times: user=2.33 sys=1.40, real=0.24 secs] 
2024-03-23T07:25:04.091+0800: 138779.511: [GC (Allocation Failure) 2024-03-23T07:25:04.091+0800: 138779.512: [ParNew: 20217318K->592843K(22937600K), 0.1795127 secs] 86112892K->66521269K(130940928K), 0.1798705 secs] [Times: user=2.44 sys=0.22, real=0.18 secs] 
2024-03-23T07:25:19.083+0800: 138794.504: [GC (Allocation Failure) 2024-03-23T07:25:19.083+0800: 138794.504: [ParNew: 20253643K->580198K(22937600K), 0.1822106 secs] 86182069K->66534837K(130940928K), 0.1825815 secs] [Times: user=1.68 sys=1.10, real=0.18 secs] 
2024-03-23T07:25:34.659+0800: 138810.080: [GC (Allocation Failure) 2024-03-23T07:25:34.659+0800: 138810.080: [ParNew: 20240998K->663301K(22937600K), 0.2005756 secs] 86195637K->66647967K(130940928K), 0.2009060 secs] [Times: user=2.50 sys=0.38, real=0.20 secs] 
2024-03-23T07:25:51.791+0800: 138827.212: [GC (Allocation Failure) 2024-03-23T07:25:51.791+0800: 138827.212: [ParNew: 20324101K->666728K(22937600K), 0.2436705 secs] 86308767K->66672557K(130940928K), 0.2440061 secs] [Times: user=1.54 sys=1.84, real=0.24 secs] 
2024-03-23T07:26:08.983+0800: 138844.404: [GC (Allocation Failure) 2024-03-23T07:26:08.983+0800: 138844.404: [ParNew: 20327528K->585261K(22937600K), 0.1813338 secs] 86333357K->66609038K(130940928K), 0.1816671 secs] [Times: user=1.68 sys=1.09, real=0.18 secs] 
2024-03-23T07:26:26.091+0800: 138861.512: [GC (Allocation Failure) 2024-03-23T07:26:26.091+0800: 138861.512: [ParNew: 20246061K->658976K(22937600K), 0.1677247 secs] 86269838K->66700309K(130940928K), 0.1680869 secs] [Times: user=2.14 sys=0.39, real=0.17 secs] 
2024-03-23T07:26:43.302+0800: 138878.722: [GC (Allocation Failure) 2024-03-23T07:26:43.302+0800: 138878.723: [ParNew: 20319776K->655162K(22937600K), 0.1739834 secs] 86361109K->66712725K(130940928K), 0.1743778 secs] [Times: user=1.54 sys=1.04, real=0.17 secs] 
2024-03-23T07:27:00.254+0800: 138895.675: [GC (Allocation Failure) 2024-03-23T07:27:00.255+0800: 138895.676: [ParNew: 20315962K->694032K(22937600K), 0.2365189 secs] 86373525K->66765758K(130940928K), 0.2369569 secs] [Times: user=2.51 sys=1.18, real=0.24 secs] 
2024-03-23T07:27:15.862+0800: 138911.283: [GC (Allocation Failure) 2024-03-23T07:27:15.862+0800: 138911.283: [ParNew: 20354832K->710433K(22937600K), 0.2062757 secs] 86426558K->66799506K(130940928K), 0.2066376 secs] [Times: user=2.58 sys=0.60, real=0.21 secs] 
2024-03-23T07:27:34.201+0800: 138929.622: [GC (Allocation Failure) 2024-03-23T07:27:34.201+0800: 138929.622: [ParNew: 20371233K->743955K(22937600K), 0.1884005 secs] 86460306K->66848995K(130940928K), 0.1887721 secs] [Times: user=2.44 sys=0.45, real=0.19 secs] 
2024-03-23T07:27:49.021+0800: 138944.442: [GC (Allocation Failure) 2024-03-23T07:27:49.021+0800: 138944.442: [ParNew: 20404755K->667084K(22937600K), 0.1788622 secs] 86509795K->66794285K(130940928K), 0.1791390 secs] [Times: user=1.95 sys=0.81, real=0.18 secs] 
2024-03-23T07:28:04.505+0800: 138959.926: [GC (Allocation Failure) 2024-03-23T07:28:04.505+0800: 138959.926: [ParNew: 20327884K->746359K(22937600K), 0.2659732 secs] 86455085K->66899255K(130940928K), 0.2662581 secs] [Times: user=2.71 sys=1.62, real=0.27 secs] 
2024-03-23T07:28:19.436+0800: 138974.857: [GC (Allocation Failure) 2024-03-23T07:28:19.436+0800: 138974.857: [ParNew: 20407159K->749376K(22937600K), 0.1722235 secs] 86560055K->66928145K(130940928K), 0.1725754 secs] [Times: user=2.38 sys=0.16, real=0.18 secs] 
2024-03-23T07:28:35.512+0800: 138990.933: [GC (Allocation Failure) 2024-03-23T07:28:35.513+0800: 138990.933: [ParNew: 20410176K->788693K(22937600K), 0.1914187 secs] 86588945K->66995225K(130940928K), 0.1917541 secs] [Times: user=1.76 sys=1.10, real=0.19 secs] 
2024-03-23T07:28:52.289+0800: 139007.710: [GC (Allocation Failure) 2024-03-23T07:28:52.289+0800: 139007.710: [ParNew: 20449493K->772945K(22937600K), 0.1817047 secs] 86656025K->67015286K(130940928K), 0.1820809 secs] [Times: user=2.61 sys=0.10, real=0.18 secs] 
2024-03-23T07:29:11.912+0800: 139027.332: [GC (Allocation Failure) 2024-03-23T07:29:11.912+0800: 139027.333: [ParNew: 20433745K->742819K(22937600K), 0.2623448 secs] 86676086K->67017195K(130940928K), 0.2627111 secs] [Times: user=2.39 sys=1.79, real=0.26 secs] 
2024-03-23T07:29:32.119+0800: 139047.539: [GC (Allocation Failure) 2024-03-23T07:29:32.119+0800: 139047.540: [ParNew: 20403619K->739481K(22937600K), 0.2065197 secs] 86677995K->67042715K(130940928K), 0.2068957 secs] [Times: user=2.49 sys=0.55, real=0.20 secs] 
2024-03-23T07:29:50.267+0800: 139065.687: [GC (Allocation Failure) 2024-03-23T07:29:50.267+0800: 139065.688: [ParNew: 20400281K->757446K(22937600K), 0.1986668 secs] 86703515K->67086393K(130940928K), 0.1989656 secs] [Times: user=1.47 sys=1.37, real=0.20 secs] 
2024-03-23T07:30:09.202+0800: 139084.623: [GC (Allocation Failure) 2024-03-23T07:30:09.202+0800: 139084.623: [ParNew: 20418246K->706288K(22937600K), 0.2872668 secs] 86747193K->67062963K(130940928K), 0.2876275 secs] [Times: user=3.26 sys=1.09, real=0.29 secs] 
2024-03-23T07:30:26.762+0800: 139102.183: [GC (Allocation Failure) 2024-03-23T07:30:26.763+0800: 139102.183: [ParNew: 20367088K->716272K(22937600K), 0.2279260 secs] 86723763K->67101998K(130940928K), 0.2283089 secs] [Times: user=2.44 sys=0.86, real=0.23 secs] 
2024-03-23T07:30:45.786+0800: 139121.207: [GC (Allocation Failure) 2024-03-23T07:30:45.786+0800: 139121.207: [ParNew: 20377072K->722480K(22937600K), 0.2124695 secs] 86762798K->67139941K(130940928K), 0.2128326 secs] [Times: user=2.31 sys=0.69, real=0.22 secs] 
2024-03-23T07:31:03.739+0800: 139139.160: [GC (Allocation Failure) 2024-03-23T07:31:03.740+0800: 139139.160: [ParNew: 20383280K->647053K(22937600K), 0.1913210 secs] 86800741K->67101815K(130940928K), 0.1917260 secs] [Times: user=2.65 sys=0.22, real=0.19 secs] 
2024-03-23T07:31:23.167+0800: 139158.588: [GC (Allocation Failure) 2024-03-23T07:31:23.168+0800: 139158.588: [ParNew: 20307853K->624211K(22937600K), 0.3484565 secs] 86762615K->67113944K(130940928K), 0.3488409 secs] [Times: user=2.36 sys=3.27, real=0.35 secs] 
2024-03-23T07:31:38.669+0800: 139174.090: [GC (Allocation Failure) 2024-03-23T07:31:38.670+0800: 139174.090: [ParNew: 20285011K->613542K(22937600K), 0.2222903 secs] 86774744K->67133970K(130940928K), 0.2226705 secs] [Times: user=2.51 sys=0.86, real=0.22 secs] 
2024-03-23T07:31:56.321+0800: 139191.742: [GC (Allocation Failure) 2024-03-23T07:31:56.321+0800: 139191.742: [ParNew: 20274342K->624953K(22937600K), 0.2305009 secs] 86794770K->67179091K(130940928K), 0.2308829 secs] [Times: user=2.59 sys=0.98, real=0.23 secs] 
2024-03-23T07:32:13.167+0800: 139208.588: [GC (Allocation Failure) 2024-03-23T07:32:13.167+0800: 139208.588: [ParNew: 20285753K->573185K(22937600K), 0.4960517 secs] 86839891K->67146287K(130940928K), 0.4964454 secs] [Times: user=2.60 sys=5.58, real=0.50 secs] 
2024-03-23T07:32:29.483+0800: 139224.903: [GC (Allocation Failure) 2024-03-23T07:32:29.483+0800: 139224.904: [ParNew: 20233985K->544132K(22937600K), 0.2652715 secs] 86807087K->67139496K(130940928K), 0.2656342 secs] [Times: user=2.91 sys=1.08, real=0.27 secs] 
2024-03-23T07:32:45.231+0800: 139240.652: [GC (Allocation Failure) 2024-03-23T07:32:45.231+0800: 139240.652: [ParNew: 20204932K->553880K(22937600K), 0.2445389 secs] 86800296K->67175524K(130940928K), 0.2448540 secs] [Times: user=2.63 sys=1.00, real=0.24 secs] 
2024-03-23T07:32:58.336+0800: 139253.757: [GC (Allocation Failure) 2024-03-23T07:32:58.337+0800: 139253.757: [ParNew: 20214680K->514901K(22937600K), 0.2375516 secs] 86836324K->67164829K(130940928K), 0.2378628 secs] [Times: user=2.70 sys=0.75, real=0.24 secs] 
2024-03-23T07:33:15.681+0800: 139271.102: [GC (Allocation Failure) 2024-03-23T07:33:15.681+0800: 139271.102: [ParNew: 20175701K->501565K(22937600K), 0.4548025 secs] 86825629K->67176822K(130940928K), 0.4551787 secs] [Times: user=2.62 sys=4.93, real=0.45 secs] 
2024-03-23T07:33:33.457+0800: 139288.878: [GC (Allocation Failure) 2024-03-23T07:33:33.457+0800: 139288.878: [ParNew: 20162365K->555222K(22937600K), 0.2271748 secs] 86837622K->67251802K(130940928K), 0.2275559 secs] [Times: user=1.80 sys=1.66, real=0.23 secs] 
2024-03-23T07:33:49.908+0800: 139305.329: [GC (Allocation Failure) 2024-03-23T07:33:49.909+0800: 139305.329: [ParNew: 20216022K->544139K(22937600K), 0.2383989 secs] 86912602K->67267329K(130940928K), 0.2387488 secs] [Times: user=2.52 sys=1.15, real=0.23 secs] 
2024-03-23T07:34:07.468+0800: 139322.889: [GC (Allocation Failure) 2024-03-23T07:34:07.469+0800: 139322.889: [ParNew: 20204939K->548509K(22937600K), 0.2110322 secs] 86928129K->67295705K(130940928K), 0.2113934 secs] [Times: user=2.62 sys=0.65, real=0.21 secs] 
2024-03-23T07:34:26.459+0800: 139341.880: [GC (Allocation Failure) 2024-03-23T07:34:26.459+0800: 139341.880: [ParNew: 20209309K->487554K(22937600K), 0.4508345 secs] 86956505K->67259140K(130940928K), 0.4512127 secs] [Times: user=2.60 sys=4.94, real=0.45 secs] 
2024-03-23T07:34:43.979+0800: 139359.400: [GC (Allocation Failure) 2024-03-23T07:34:43.980+0800: 139359.400: [ParNew: 20148354K->487435K(22937600K), 0.2129094 secs] 86919940K->67280467K(130940928K), 0.2132606 secs] [Times: user=2.30 sys=1.00, real=0.21 secs] 
2024-03-23T07:35:03.827+0800: 139379.248: [GC (Allocation Failure) 2024-03-23T07:35:03.827+0800: 139379.248: [ParNew: 20148235K->478860K(22937600K), 0.2274706 secs] 86941267K->67291819K(130940928K), 0.2277991 secs] [Times: user=1.49 sys=2.08, real=0.23 secs] 
2024-03-23T07:35:22.247+0800: 139397.668: [GC (Allocation Failure) 2024-03-23T07:35:22.248+0800: 139397.668: [ParNew: 20139660K->519544K(22937600K), 0.5043598 secs] 86952619K->67351022K(130940928K), 0.5047587 secs] [Times: user=2.49 sys=5.91, real=0.51 secs] 
2024-03-23T07:35:39.793+0800: 139415.214: [GC (Allocation Failure) 2024-03-23T07:35:39.794+0800: 139415.214: [ParNew: 20180344K->492176K(22937600K), 0.2411406 secs] 87011822K->67344893K(130940928K), 0.2414914 secs] [Times: user=1.79 sys=2.04, real=0.24 secs] 
2024-03-23T07:36:01.801+0800: 139437.222: [GC (Allocation Failure) 2024-03-23T07:36:01.801+0800: 139437.222: [ParNew: 20152976K->471307K(22937600K), 0.2649630 secs] 87005693K->67337144K(130940928K), 0.2653328 secs] [Times: user=2.67 sys=1.59, real=0.26 secs] 
2024-03-23T07:36:19.621+0800: 139455.041: [GC (Allocation Failure) 2024-03-23T07:36:19.621+0800: 139455.042: [ParNew: 20132107K->461627K(22937600K), 0.4026642 secs] 86997944K->67349797K(130940928K), 0.4030064 secs] [Times: user=2.40 sys=4.25, real=0.40 secs] 
2024-03-23T07:36:39.732+0800: 139475.153: [GC (Allocation Failure) 2024-03-23T07:36:39.732+0800: 139475.153: [ParNew: 20122427K->498631K(22937600K), 0.2134171 secs] 87010597K->67404103K(130940928K), 0.2138017 secs] [Times: user=2.63 sys=0.54, real=0.21 secs] 
2024-03-23T07:37:00.796+0800: 139496.216: [GC (Allocation Failure) 2024-03-23T07:37:00.796+0800: 139496.217: [ParNew: 20159431K->502356K(22937600K), 0.2314901 secs] 87064903K->67425534K(130940928K), 0.2318082 secs] [Times: user=2.28 sys=1.20, real=0.23 secs] 
2024-03-23T07:37:20.741+0800: 139516.162: [GC (Allocation Failure) 2024-03-23T07:37:20.742+0800: 139516.162: [ParNew: 20163156K->483702K(22937600K), 0.1882698 secs] 87086334K->67426774K(130940928K), 0.1886473 secs] [Times: user=2.46 sys=0.36, real=0.19 secs] 
2024-03-23T07:37:39.307+0800: 139534.728: [GC (Allocation Failure) 2024-03-23T07:37:39.307+0800: 139534.728: [ParNew: 20144502K->496050K(22937600K), 0.4252482 secs] 87087574K->67460058K(130940928K), 0.4256141 secs] [Times: user=2.57 sys=4.46, real=0.43 secs] 
2024-03-23T07:37:57.324+0800: 139552.745: [GC (Allocation Failure) 2024-03-23T07:37:57.324+0800: 139552.745: [ParNew: 20156850K->496174K(22937600K), 0.2181907 secs] 87120858K->67475725K(130940928K), 0.2185522 secs] [Times: user=2.47 sys=0.92, real=0.22 secs] 
2024-03-23T07:38:17.223+0800: 139572.644: [GC (Allocation Failure) 2024-03-23T07:38:17.224+0800: 139572.645: [ParNew: 20156974K->511177K(22937600K), 0.2188514 secs] 87136525K->67511836K(130940928K), 0.2192214 secs] [Times: user=2.37 sys=1.00, real=0.22 secs] 
2024-03-23T07:38:38.345+0800: 139593.766: [GC (Allocation Failure) 2024-03-23T07:38:38.345+0800: 139593.766: [ParNew: 20171977K->502819K(22937600K), 0.4017903 secs] 87172636K->67521048K(130940928K), 0.4021383 secs] [Times: user=2.64 sys=4.03, real=0.40 secs] 
2024-03-23T07:38:59.177+0800: 139614.598: [GC (Allocation Failure) 2024-03-23T07:38:59.177+0800: 139614.598: [ParNew: 20163619K->486572K(22937600K), 0.2243869 secs] 87181848K->67518093K(130940928K), 0.2247092 secs] [Times: user=1.70 sys=1.83, real=0.23 secs] 
2024-03-23T07:39:19.400+0800: 139634.821: [GC (Allocation Failure) 2024-03-23T07:39:19.401+0800: 139634.821: [ParNew: 20147372K->454660K(22937600K), 0.1974794 secs] 87178893K->67496181K(130940928K), 0.1978290 secs] [Times: user=1.45 sys=1.23, real=0.20 secs] 
2024-03-23T07:39:37.337+0800: 139652.758: [GC (Allocation Failure) 2024-03-23T07:39:37.337+0800: 139652.758: [ParNew: 20115460K->438241K(22937600K), 0.3157431 secs] 87156981K->67491587K(130940928K), 0.3161037 secs] [Times: user=1.79 sys=3.34, real=0.32 secs] 
2024-03-23T07:39:55.530+0800: 139670.951: [GC (Allocation Failure) 2024-03-23T07:39:55.531+0800: 139670.951: [ParNew: 20099041K->494511K(22937600K), 0.1971169 secs] 87152387K->67557927K(130940928K), 0.1974736 secs] [Times: user=1.67 sys=1.35, real=0.20 secs] 
2024-03-23T07:40:14.238+0800: 139689.659: [GC (Allocation Failure) 2024-03-23T07:40:14.238+0800: 139689.659: [ParNew: 20155311K->521654K(22937600K), 0.1906749 secs] 87218727K->67596970K(130940928K), 0.1910097 secs] [Times: user=1.58 sys=1.34, real=0.19 secs] 
2024-03-23T07:40:33.920+0800: 139709.341: [GC (Allocation Failure) 2024-03-23T07:40:33.920+0800: 139709.341: [ParNew: 20182454K->531477K(22937600K), 0.1713025 secs] 87257770K->67616032K(130940928K), 0.1717205 secs] [Times: user=1.68 sys=0.83, real=0.17 secs] 
2024-03-23T07:40:54.933+0800: 139730.353: [GC (Allocation Failure) 2024-03-23T07:40:54.933+0800: 139730.354: [ParNew: 20192277K->565997K(22937600K), 0.2677403 secs] 87276832K->67661492K(130940928K), 0.2680932 secs] [Times: user=2.32 sys=1.94, real=0.27 secs] 
2024-03-23T07:41:14.772+0800: 139750.193: [GC (Allocation Failure) 2024-03-23T07:41:14.772+0800: 139750.193: [ParNew: 20226797K->625925K(22937600K), 0.2196286 secs] 87322292K->67733378K(130940928K), 0.2199838 secs] [Times: user=2.74 sys=0.70, real=0.22 secs] 
2024-03-23T07:41:33.661+0800: 139769.082: [GC (Allocation Failure) 2024-03-23T07:41:33.661+0800: 139769.082: [ParNew: 20286725K->587883K(22937600K), 0.1628947 secs] 87394178K->67708041K(130940928K), 0.1632498 secs] [Times: user=1.46 sys=0.95, real=0.16 secs] 
2024-03-23T07:41:53.625+0800: 139789.046: [GC (Allocation Failure) 2024-03-23T07:41:53.625+0800: 139789.046: [ParNew: 20248683K->606945K(22937600K), 0.2649083 secs] 87368841K->67738322K(130940928K), 0.2652925 secs] [Times: user=2.31 sys=1.88, real=0.27 secs] 
2024-03-23T07:42:14.053+0800: 139809.474: [GC (Allocation Failure) 2024-03-23T07:42:14.053+0800: 139809.474: [ParNew: 20267745K->621404K(22937600K), 0.2026806 secs] 87399122K->67768542K(130940928K), 0.2030643 secs] [Times: user=2.40 sys=0.67, real=0.20 secs] 
2024-03-23T07:42:31.019+0800: 139826.440: [GC (Allocation Failure) 2024-03-23T07:42:31.020+0800: 139826.440: [ParNew: 20282204K->625865K(22937600K), 0.1953603 secs] 87429342K->67784023K(130940928K), 0.1957307 secs] [Times: user=2.47 sys=0.41, real=0.19 secs] 
2024-03-23T07:42:47.593+0800: 139843.013: [GC (Allocation Failure) 2024-03-23T07:42:47.593+0800: 139843.014: [ParNew: 20286665K->652482K(22937600K), 0.2500364 secs] 87444823K->67824919K(130940928K), 0.2504341 secs] [Times: user=2.61 sys=1.28, real=0.25 secs] 
2024-03-23T07:43:05.775+0800: 139861.196: [GC (Allocation Failure) 2024-03-23T07:43:05.775+0800: 139861.196: [ParNew: 20313282K->633463K(22937600K), 0.1898279 secs] 87485719K->67820800K(130940928K), 0.1901772 secs] [Times: user=2.53 sys=0.34, real=0.19 secs] 
2024-03-23T07:43:21.138+0800: 139876.559: [GC (Allocation Failure) 2024-03-23T07:43:21.139+0800: 139876.559: [ParNew: 20294263K->700467K(22937600K), 0.1720973 secs] 87481600K->67903726K(130940928K), 0.1724565 secs] [Times: user=2.30 sys=0.27, real=0.17 secs] 
2024-03-23T07:43:37.733+0800: 139893.154: [GC (Allocation Failure) 2024-03-23T07:43:37.734+0800: 139893.154: [ParNew: 20361267K->689233K(22937600K), 0.1901354 secs] 87564526K->67912391K(130940928K), 0.1904899 secs] [Times: user=2.52 sys=0.38, real=0.19 secs] 
2024-03-23T07:43:54.661+0800: 139910.082: [GC (Allocation Failure) 2024-03-23T07:43:54.662+0800: 139910.082: [ParNew: 20350033K->668560K(22937600K), 0.2442988 secs] 87573191K->67919610K(130940928K), 0.2446778 secs] [Times: user=2.50 sys=1.31, real=0.24 secs] 
2024-03-23T07:44:09.288+0800: 139924.709: [GC (Allocation Failure) 2024-03-23T07:44:09.288+0800: 139924.709: [ParNew: 20329360K->702835K(22937600K), 0.1890937 secs] 87580410K->67974307K(130940928K), 0.1894114 secs] [Times: user=1.77 sys=1.00, real=0.18 secs] 
2024-03-23T07:44:24.886+0800: 139940.307: [GC (Allocation Failure) 2024-03-23T07:44:24.886+0800: 139940.307: [ParNew: 20363635K->736861K(22937600K), 0.2014760 secs] 87635107K->68034106K(130940928K), 0.2017706 secs] [Times: user=2.54 sys=0.37, real=0.21 secs] 
2024-03-23T07:44:40.344+0800: 139955.765: [GC (Allocation Failure) 2024-03-23T07:44:40.344+0800: 139955.765: [ParNew: 20397661K->690864K(22937600K), 0.1948354 secs] 87694906K->68013876K(130940928K), 0.1951042 secs] [Times: user=2.51 sys=0.22, real=0.20 secs] 
2024-03-23T07:44:57.675+0800: 139973.096: [GC (Allocation Failure) 2024-03-23T07:44:57.675+0800: 139973.096: [ParNew: 20351664K->703503K(22937600K), 0.2544954 secs] 87674676K->68052335K(130940928K), 0.2548781 secs] [Times: user=2.44 sys=1.48, real=0.26 secs] 
2024-03-23T07:45:13.483+0800: 139988.903: [GC (Allocation Failure) 2024-03-23T07:45:13.483+0800: 139988.904: [ParNew: 20364303K->638080K(22937600K), 0.2042504 secs] 87713135K->68017721K(130940928K), 0.2045924 secs] [Times: user=2.59 sys=0.31, real=0.20 secs] 
2024-03-23T07:45:29.929+0800: 140005.350: [GC (Allocation Failure) 2024-03-23T07:45:29.929+0800: 140005.350: [ParNew: 20298880K->684793K(22937600K), 0.1972114 secs] 87678521K->68090786K(130940928K), 0.1975550 secs] [Times: user=1.63 sys=1.13, real=0.19 secs] 
2024-03-23T07:45:47.306+0800: 140022.727: [GC (Allocation Failure) 2024-03-23T07:45:47.306+0800: 140022.727: [ParNew: 20345593K->713806K(22937600K), 0.2198333 secs] 87751586K->68142082K(130940928K), 0.2201436 secs] [Times: user=1.89 sys=1.30, real=0.22 secs] 
2024-03-23T07:46:04.859+0800: 140040.280: [GC (Allocation Failure) 2024-03-23T07:46:04.859+0800: 140040.280: [ParNew: 20374606K->706296K(22937600K), 0.2531370 secs] 87802882K->68162568K(130940928K), 0.2535134 secs] [Times: user=1.78 sys=2.17, real=0.25 secs] 
2024-03-23T07:46:21.125+0800: 140056.545: [GC (Allocation Failure) 2024-03-23T07:46:21.125+0800: 140056.546: [ParNew: 20367096K->662393K(22937600K), 0.1989793 secs] 87823368K->68150274K(130940928K), 0.1993184 secs] [Times: user=2.53 sys=0.42, real=0.20 secs] 
2024-03-23T07:46:37.521+0800: 140072.942: [GC (Allocation Failure) 2024-03-23T07:46:37.521+0800: 140072.942: [ParNew: 20323193K->643589K(22937600K), 0.1803024 secs] 87811074K->68167491K(130940928K), 0.1806445 secs] [Times: user=1.57 sys=1.14, real=0.18 secs] 
2024-03-23T07:46:53.942+0800: 140089.363: [GC (Allocation Failure) 2024-03-23T07:46:53.942+0800: 140089.363: [ParNew: 20304389K->668089K(22937600K), 0.1726368 secs] 87828291K->68220357K(130940928K), 0.1729993 secs] [Times: user=1.57 sys=0.99, real=0.17 secs] 
2024-03-23T07:47:07.697+0800: 140103.118: [GC (Allocation Failure) 2024-03-23T07:47:07.697+0800: 140103.118: [ParNew: 20328889K->635275K(22937600K), 0.2269073 secs] 87881157K->68215862K(130940928K), 0.2272721 secs] [Times: user=1.40 sys=2.11, real=0.23 secs] 
2024-03-23T07:47:23.463+0800: 140118.883: [GC (Allocation Failure) 2024-03-23T07:47:23.463+0800: 140118.884: [ParNew: 20296075K->630350K(22937600K), 0.1919487 secs] 87876662K->68228866K(130940928K), 0.1923254 secs] [Times: user=2.48 sys=0.42, real=0.19 secs] 
2024-03-23T07:47:40.340+0800: 140135.761: [GC (Allocation Failure) 2024-03-23T07:47:40.340+0800: 140135.761: [ParNew: 20291150K->658395K(22937600K), 0.1895282 secs] 87889666K->68272695K(130940928K), 0.1898819 secs] [Times: user=1.63 sys=1.22, real=0.19 secs] 
2024-03-23T07:47:58.587+0800: 140154.008: [GC (Allocation Failure) 2024-03-23T07:47:58.587+0800: 140154.008: [ParNew: 20319195K->626650K(22937600K), 0.1899068 secs] 87933495K->68266334K(130940928K), 0.1902716 secs] [Times: user=2.54 sys=0.31, real=0.19 secs] 
2024-03-23T07:48:14.181+0800: 140169.602: [GC (Allocation Failure) 2024-03-23T07:48:14.181+0800: 140169.602: [ParNew: 20287450K->596448K(22937600K), 0.2504087 secs] 87927134K->68276861K(130940928K), 0.2507868 secs] [Times: user=2.40 sys=1.40, real=0.25 secs] 
2024-03-23T07:48:29.709+0800: 140185.129: [GC (Allocation Failure) 2024-03-23T07:48:29.709+0800: 140185.130: [ParNew: 20257248K->561640K(22937600K), 0.2279521 secs] 87937661K->68275323K(130940928K), 0.2283056 secs] [Times: user=2.74 sys=0.70, real=0.22 secs] 
2024-03-23T07:48:44.144+0800: 140199.565: [GC (Allocation Failure) 2024-03-23T07:48:44.144+0800: 140199.565: [ParNew: 20222440K->605995K(22937600K), 0.2502740 secs] 87936123K->68349251K(130940928K), 0.2506167 secs] [Times: user=2.59 sys=1.28, real=0.25 secs] 
2024-03-23T07:48:57.142+0800: 140212.563: [GC (Allocation Failure) 2024-03-23T07:48:57.142+0800: 140212.563: [ParNew: 20266795K->587440K(22937600K), 0.1794594 secs] 88010051K->68354125K(130940928K), 0.1797783 secs] [Times: user=1.68 sys=0.44, real=0.18 secs] 
2024-03-23T07:49:09.607+0800: 140225.028: [GC (Allocation Failure) 2024-03-23T07:49:09.607+0800: 140225.028: [ParNew: 20248240K->570827K(22937600K), 0.2440547 secs] 88014925K->68359866K(130940928K), 0.2443727 secs] [Times: user=2.21 sys=1.48, real=0.25 secs] 
2024-03-23T07:49:22.536+0800: 140237.957: [GC (Allocation Failure) 2024-03-23T07:49:22.536+0800: 140237.957: [ParNew: 20231627K->516643K(22937600K), 0.1916546 secs] 88020666K->68332223K(130940928K), 0.1919525 secs] [Times: user=1.81 sys=0.92, real=0.20 secs] 
2024-03-23T07:49:35.823+0800: 140251.244: [GC (Allocation Failure) 2024-03-23T07:49:35.823+0800: 140251.244: [ParNew: 20177443K->530420K(22937600K), 0.1954612 secs] 87993023K->68373272K(130940928K), 0.1957869 secs] [Times: user=1.70 sys=1.07, real=0.20 secs] 
2024-03-23T07:49:50.048+0800: 140265.469: [GC (Allocation Failure) 2024-03-23T07:49:50.048+0800: 140265.469: [ParNew: 20191220K->548590K(22937600K), 0.1862647 secs] 88034072K->68414445K(130940928K), 0.1866095 secs] [Times: user=2.43 sys=0.29, real=0.18 secs] 
2024-03-23T07:50:04.469+0800: 140279.890: [GC (Allocation Failure) 2024-03-23T07:50:04.470+0800: 140279.890: [ParNew: 20209390K->533847K(22937600K), 0.1707373 secs] 88075245K->68418792K(130940928K), 0.1711070 secs] [Times: user=2.57 sys=0.00, real=0.17 secs] 
2024-03-23T07:50:18.218+0800: 140293.639: [GC (Allocation Failure) 2024-03-23T07:50:18.218+0800: 140293.639: [ParNew: 20194647K->521806K(22937600K), 0.2561309 secs] 88079592K->68425398K(130940928K), 0.2565055 secs] [Times: user=2.29 sys=1.70, real=0.25 secs] 
2024-03-23T07:50:32.311+0800: 140307.732: [GC (Allocation Failure) 2024-03-23T07:50:32.312+0800: 140307.732: [ParNew: 20182606K->520182K(22937600K), 0.1888959 secs] 88086198K->68441815K(130940928K), 0.1892399 secs] [Times: user=2.43 sys=0.42, real=0.19 secs] 
2024-03-23T07:50:47.579+0800: 140322.999: [GC (Allocation Failure) 2024-03-23T07:50:47.579+0800: 140323.000: [ParNew: 20180982K->550343K(22937600K), 0.1980976 secs] 88102615K->68488935K(130940928K), 0.1984686 secs] [Times: user=1.77 sys=1.23, real=0.19 secs] 
2024-03-23T07:51:03.999+0800: 140339.419: [GC (Allocation Failure) 2024-03-23T07:51:03.999+0800: 140339.420: [ParNew: 20211143K->514542K(22937600K), 0.1736042 secs] 88149735K->68474999K(130940928K), 0.1739913 secs] [Times: user=2.45 sys=0.17, real=0.17 secs] 
2024-03-23T07:51:20.252+0800: 140355.672: [GC (Allocation Failure) 2024-03-23T07:51:20.252+0800: 140355.673: [ParNew: 20175342K->532798K(22937600K), 0.2523784 secs] 88135799K->68516233K(130940928K), 0.2527861 secs] [Times: user=1.57 sys=2.42, real=0.25 secs] 
2024-03-23T07:51:35.864+0800: 140371.284: [GC (Allocation Failure) 2024-03-23T07:51:35.864+0800: 140371.285: [ParNew: 20193598K->467553K(22937600K), 0.1880068 secs] 88177033K->68474724K(130940928K), 0.1883790 secs] [Times: user=2.38 sys=0.49, real=0.19 secs] 
2024-03-23T07:51:52.927+0800: 140388.348: [GC (Allocation Failure) 2024-03-23T07:51:52.927+0800: 140388.348: [ParNew: 20128353K->497923K(22937600K), 0.1925633 secs] 88135524K->68530410K(130940928K), 0.1929099 secs] [Times: user=2.44 sys=0.49, real=0.20 secs] 
2024-03-23T07:52:08.047+0800: 140403.468: [GC (Allocation Failure) 2024-03-23T07:52:08.047+0800: 140403.468: [ParNew: 20158723K->475115K(22937600K), 0.1661664 secs] 88191210K->68530336K(130940928K), 0.1665576 secs] [Times: user=1.65 sys=0.77, real=0.17 secs] 
2024-03-23T07:52:24.155+0800: 140419.576: [GC (Allocation Failure) 2024-03-23T07:52:24.156+0800: 140419.576: [ParNew: 20135915K->463842K(22937600K), 0.2662910 secs] 88191136K->68541358K(130940928K), 0.2666994 secs] [Times: user=2.22 sys=1.91, real=0.27 secs] 
2024-03-23T07:52:39.837+0800: 140435.258: [GC (Allocation Failure) 2024-03-23T07:52:39.837+0800: 140435.258: [ParNew: 20124642K->499802K(22937600K), 0.1969178 secs] 88202158K->68595647K(130940928K), 0.1972727 secs] [Times: user=1.61 sys=1.26, real=0.20 secs] 
2024-03-23T07:52:54.947+0800: 140450.368: [GC (Allocation Failure) 2024-03-23T07:52:54.947+0800: 140450.368: [ParNew: 20160602K->488695K(22937600K), 0.1823665 secs] 88256447K->68599897K(130940928K), 0.1827300 secs] [Times: user=2.29 sys=0.38, real=0.19 secs] 
2024-03-23T07:53:10.216+0800: 140465.637: [GC (Allocation Failure) 2024-03-23T07:53:10.217+0800: 140465.637: [ParNew: 20149495K->468728K(22937600K), 0.1620979 secs] 88260697K->68593561K(130940928K), 0.1624653 secs] [Times: user=2.35 sys=0.05, real=0.17 secs] 
2024-03-23T07:53:27.006+0800: 140482.427: [GC (Allocation Failure) 2024-03-23T07:53:27.006+0800: 140482.427: [ParNew: 20129528K->512409K(22937600K), 0.3335550 secs] 88254361K->68656252K(130940928K), 0.3339185 secs] [Times: user=2.12 sys=3.24, real=0.34 secs] 
2024-03-23T07:53:41.095+0800: 140496.516: [GC (Allocation Failure) 2024-03-23T07:53:41.095+0800: 140496.516: [ParNew: 20173209K->523743K(22937600K), 0.1938123 secs] 88317052K->68687102K(130940928K), 0.1941580 secs] [Times: user=2.37 sys=0.56, real=0.20 secs] 
2024-03-23T07:53:53.915+0800: 140509.336: [GC (Allocation Failure) 2024-03-23T07:53:53.916+0800: 140509.336: [ParNew: 20184543K->513072K(22937600K), 0.1821348 secs] 88347902K->68695885K(130940928K), 0.1824891 secs] [Times: user=2.40 sys=0.36, real=0.19 secs] 
2024-03-23T07:54:07.071+0800: 140522.492: [GC (Allocation Failure) 2024-03-23T07:54:07.071+0800: 140522.492: [ParNew: 20173872K->480066K(22937600K), 0.1749548 secs] 88356685K->68681096K(130940928K), 0.1753110 secs] [Times: user=2.33 sys=0.27, real=0.17 secs] 
2024-03-23T07:54:21.502+0800: 140536.922: [GC (Allocation Failure) 2024-03-23T07:54:21.502+0800: 140536.923: [ParNew: 20140866K->465654K(22937600K), 0.2826480 secs] 88341896K->68688580K(130940928K), 0.2829941 secs] [Times: user=1.96 sys=2.60, real=0.28 secs] 
2024-03-23T07:54:34.248+0800: 140549.669: [GC (Allocation Failure) 2024-03-23T07:54:34.249+0800: 140549.669: [ParNew: 20126454K->494958K(22937600K), 0.1712092 secs] 88349380K->68732440K(130940928K), 0.1715447 secs] [Times: user=1.55 sys=0.99, real=0.17 secs] 
2024-03-23T07:54:45.507+0800: 140560.928: [GC (Allocation Failure) 2024-03-23T07:54:45.507+0800: 140560.928: [ParNew: 20155758K->510726K(22937600K), 0.1788299 secs] 88393240K->68760714K(130940928K), 0.1791783 secs] [Times: user=2.45 sys=0.25, real=0.18 secs] 
2024-03-23T07:54:58.709+0800: 140574.130: [GC (Allocation Failure) 2024-03-23T07:54:58.709+0800: 140574.130: [ParNew: 20171526K->535522K(22937600K), 0.1761343 secs] 88421514K->68798826K(130940928K), 0.1764626 secs] [Times: user=1.66 sys=1.02, real=0.17 secs] 
2024-03-23T07:55:13.935+0800: 140589.356: [GC (Allocation Failure) 2024-03-23T07:55:13.936+0800: 140589.356: [ParNew: 20196322K->500426K(22937600K), 0.1636952 secs] 88459626K->68776852K(130940928K), 0.1640520 secs] [Times: user=2.49 sys=0.00, real=0.17 secs] 
2024-03-23T07:55:30.440+0800: 140605.861: [GC (Allocation Failure) 2024-03-23T07:55:30.440+0800: 140605.861: [ParNew: 20161226K->505883K(22937600K), 0.2537235 secs] 88437652K->68797438K(130940928K), 0.2540937 secs] [Times: user=2.28 sys=1.79, real=0.25 secs] 
2024-03-23T07:55:45.416+0800: 140620.836: [GC (Allocation Failure) 2024-03-23T07:55:45.416+0800: 140620.837: [ParNew: 20166683K->526167K(22937600K), 0.1750966 secs] 88458238K->68840051K(130940928K), 0.1754383 secs] [Times: user=2.31 sys=0.34, real=0.18 secs] 
2024-03-23T07:55:58.390+0800: 140633.811: [GC (Allocation Failure) 2024-03-23T07:55:58.391+0800: 140633.811: [ParNew: 20186967K->524354K(22937600K), 0.1861175 secs] 88500851K->68860614K(130940928K), 0.1864640 secs] [Times: user=2.57 sys=0.24, real=0.18 secs] 
2024-03-23T07:56:09.925+0800: 140645.346: [GC (Allocation Failure) 2024-03-23T07:56:09.926+0800: 140645.346: [ParNew: 20185154K->509062K(22937600K), 0.1774231 secs] 88521414K->68872027K(130940928K), 0.1777841 secs] [Times: user=2.48 sys=0.15, real=0.18 secs] 
2024-03-23T07:56:20.874+0800: 140656.295: [GC (Allocation Failure) 2024-03-23T07:56:20.875+0800: 140656.295: [ParNew: 20169862K->545478K(22937600K), 0.2399022 secs] 88532827K->68929853K(130940928K), 0.2402911 secs] [Times: user=2.32 sys=1.39, real=0.24 secs] 
2024-03-23T07:56:31.026+0800: 140666.447: [GC (Allocation Failure) 2024-03-23T07:56:31.026+0800: 140666.447: [ParNew: 20206278K->493080K(22937600K), 0.1661792 secs] 88590653K->68893653K(130940928K), 0.1665573 secs] [Times: user=1.71 sys=0.69, real=0.17 secs] 
2024-03-23T07:56:42.617+0800: 140678.038: [GC (Allocation Failure) 2024-03-23T07:56:42.617+0800: 140678.038: [ParNew: 20153880K->524539K(22937600K), 0.2177953 secs] 88554453K->68944024K(130940928K), 0.2181532 secs] [Times: user=2.18 sys=1.07, real=0.22 secs] 
2024-03-23T07:56:57.985+0800: 140693.405: [GC (Allocation Failure) 2024-03-23T07:56:57.985+0800: 140693.406: [ParNew: 20185339K->536734K(22937600K), 0.1941018 secs] 88604824K->68974029K(130940928K), 0.1944616 secs] [Times: user=2.41 sys=0.45, real=0.20 secs] 
2024-03-23T07:57:14.562+0800: 140709.983: [GC (Allocation Failure) 2024-03-23T07:57:14.562+0800: 140709.983: [ParNew: 20197534K->533621K(22937600K), 0.1749416 secs] 88634829K->68987033K(130940928K), 0.1753082 secs] [Times: user=1.69 sys=0.93, real=0.17 secs] 
2024-03-23T07:57:31.911+0800: 140727.332: [GC (Allocation Failure) 2024-03-23T07:57:31.911+0800: 140727.332: [ParNew: 20194421K->468960K(22937600K), 0.2552727 secs] 88647833K->68938857K(130940928K), 0.2556664 secs] [Times: user=2.33 sys=1.62, real=0.25 secs] 
2024-03-23T07:57:50.347+0800: 140745.767: [GC (Allocation Failure) 2024-03-23T07:57:50.347+0800: 140745.768: [ParNew: 20129760K->539914K(22937600K), 0.2019986 secs] 88599657K->69025763K(130940928K), 0.2023622 secs] [Times: user=2.38 sys=0.67, real=0.21 secs] 
2024-03-23T07:58:06.681+0800: 140762.102: [GC (Allocation Failure) 2024-03-23T07:58:06.682+0800: 140762.102: [ParNew: 20200714K->583658K(22937600K), 0.1900412 secs] 88686563K->69094168K(130940928K), 0.1904177 secs] [Times: user=2.47 sys=0.42, real=0.19 secs] 
2024-03-23T07:58:21.428+0800: 140776.849: [GC (Allocation Failure) 2024-03-23T07:58:21.428+0800: 140776.849: [ParNew: 20244458K->577809K(22937600K), 0.1780373 secs] 88754968K->69110795K(130940928K), 0.1784349 secs] [Times: user=2.48 sys=0.02, real=0.17 secs] 
2024-03-23T07:58:37.339+0800: 140792.760: [GC (Allocation Failure) 2024-03-23T07:58:37.340+0800: 140792.761: [ParNew: 20238609K->534961K(22937600K), 0.2557486 secs] 88771595K->69092628K(130940928K), 0.2561108 secs] [Times: user=2.27 sys=1.74, real=0.25 secs] 
2024-03-23T07:58:53.724+0800: 140809.145: [GC (Allocation Failure) 2024-03-23T07:58:53.725+0800: 140809.145: [ParNew: 20195761K->590787K(22937600K), 0.2056006 secs] 88753428K->69173718K(130940928K), 0.2059542 secs] [Times: user=1.86 sys=1.29, real=0.21 secs] 
2024-03-23T07:59:11.367+0800: 140826.787: [GC (Allocation Failure) 2024-03-23T07:59:11.367+0800: 140826.788: [ParNew: 20251587K->591262K(22937600K), 0.1981976 secs] 88834518K->69190929K(130940928K), 0.1985417 secs] [Times: user=1.72 sys=1.29, real=0.20 secs] 
2024-03-23T07:59:29.646+0800: 140845.067: [GC (Allocation Failure) 2024-03-23T07:59:29.647+0800: 140845.067: [ParNew: 20252062K->571911K(22937600K), 0.2493046 secs] 88851729K->69185416K(130940928K), 0.2496490 secs] [Times: user=2.35 sys=1.68, real=0.25 secs] 
2024-03-23T07:59:47.411+0800: 140862.831: [GC (Allocation Failure) 2024-03-23T07:59:47.411+0800: 140862.832: [ParNew: 20232711K->608193K(22937600K), 0.1971599 secs] 88846216K->69238032K(130940928K), 0.1975174 secs] [Times: user=1.80 sys=1.22, real=0.20 secs] 
2024-03-23T08:00:02.767+0800: 140878.187: [GC (Allocation Failure) 2024-03-23T08:00:02.767+0800: 140878.188: [ParNew: 20268993K->631533K(22937600K), 0.2157369 secs] 88898832K->69276253K(130940928K), 0.2160874 secs] [Times: user=2.61 sys=0.71, real=0.22 secs] 
2024-03-23T08:00:18.872+0800: 140894.292: [GC (Allocation Failure) 2024-03-23T08:00:18.872+0800: 140894.293: [ParNew: 20292333K->615374K(22937600K), 0.1962741 secs] 88937053K->69276514K(130940928K), 0.1966284 secs] [Times: user=2.47 sys=0.38, real=0.20 secs] 
2024-03-23T08:00:36.062+0800: 140911.483: [GC (Allocation Failure) 2024-03-23T08:00:36.062+0800: 140911.483: [ParNew: 20276174K->624391K(22937600K), 0.2616632 secs] 88937314K->69304056K(130940928K), 0.2620910 secs] [Times: user=2.49 sys=1.59, real=0.26 secs] 
2024-03-23T08:00:51.490+0800: 140926.910: [GC (Allocation Failure) 2024-03-23T08:00:51.490+0800: 140926.911: [ParNew: 20285191K->621238K(22937600K), 0.2056411 secs] 88964856K->69323347K(130940928K), 0.2059834 secs] [Times: user=1.81 sys=1.16, real=0.20 secs] 
2024-03-23T08:01:08.671+0800: 140944.092: [GC (Allocation Failure) 2024-03-23T08:01:08.672+0800: 140944.092: [ParNew: 20282038K->683758K(22937600K), 0.2068071 secs] 88984147K->69407833K(130940928K), 0.2071251 secs] [Times: user=1.70 sys=1.25, real=0.21 secs] 
2024-03-23T08:01:26.410+0800: 140961.830: [GC (Allocation Failure) 2024-03-23T08:01:26.410+0800: 140961.831: [ParNew: 20344558K->603516K(22937600K), 0.1795820 secs] 89068633K->69348933K(130940928K), 0.1799448 secs] [Times: user=1.66 sys=1.02, real=0.18 secs] 
2024-03-23T08:01:45.472+0800: 140980.893: [GC (Allocation Failure) 2024-03-23T08:01:45.472+0800: 140980.893: [ParNew: 20264316K->608997K(22937600K), 0.2628708 secs] 89009733K->69375710K(130940928K), 0.2632607 secs] [Times: user=2.50 sys=1.67, real=0.26 secs] 
2024-03-23T08:02:02.712+0800: 140998.132: [GC (Allocation Failure) 2024-03-23T08:02:02.712+0800: 140998.133: [ParNew: 20269797K->607635K(22937600K), 0.1973053 secs] 89036510K->69406768K(130940928K), 0.1976685 secs] [Times: user=2.48 sys=0.51, real=0.20 secs] 
2024-03-23T08:02:20.879+0800: 141016.300: [GC (Allocation Failure) 2024-03-23T08:02:20.880+0800: 141016.300: [ParNew: 20268435K->628243K(22937600K), 0.1971083 secs] 89067568K->69451555K(130940928K), 0.1974566 secs] [Times: user=2.49 sys=0.50, real=0.19 secs] 
2024-03-23T08:02:39.467+0800: 141034.888: [GC (Allocation Failure) 2024-03-23T08:02:39.467+0800: 141034.888: [ParNew: 20289043K->540182K(22937600K), 0.2490237 secs] 89112355K->69392258K(130940928K), 0.2493783 secs] [Times: user=2.43 sys=1.22, real=0.25 secs] 
2024-03-23T08:02:57.631+0800: 141053.052: [GC (Allocation Failure) 2024-03-23T08:02:57.632+0800: 141053.053: [ParNew: 20200982K->591040K(22937600K), 0.1872551 secs] 89053058K->69468802K(130940928K), 0.1876267 secs] [Times: user=1.66 sys=1.07, real=0.19 secs] 
2024-03-23T08:03:12.972+0800: 141068.393: [GC (Allocation Failure) 2024-03-23T08:03:12.972+0800: 141068.393: [ParNew: 20251840K->592754K(22937600K), 0.2098019 secs] 89129602K->69493433K(130940928K), 0.2101685 secs] [Times: user=2.70 sys=0.50, real=0.21 secs] 
2024-03-23T08:03:25.204+0800: 141080.625: [GC (Allocation Failure) 2024-03-23T08:03:25.205+0800: 141080.625: [ParNew: 20253554K->671110K(22937600K), 0.1909062 secs] 89154233K->69601163K(130940928K), 0.1912483 secs] [Times: user=2.59 sys=0.25, real=0.19 secs] 
2024-03-23T08:03:36.824+0800: 141092.245: [GC (Allocation Failure) 2024-03-23T08:03:36.824+0800: 141092.245: [ParNew: 20331910K->707606K(22937600K), 0.1800870 secs] 89261963K->69654235K(130940928K), 0.1804707 secs] [Times: user=2.05 sys=0.64, real=0.18 secs] 
2024-03-23T08:03:51.036+0800: 141106.457: [GC (Allocation Failure) 2024-03-23T08:03:51.036+0800: 141106.457: [ParNew: 20368406K->640586K(22937600K), 0.3328161 secs] 89315035K->69610381K(130940928K), 0.3331760 secs] [Times: user=2.30 sys=3.11, real=0.34 secs] 
2024-03-23T08:04:05.772+0800: 141121.193: [GC (Allocation Failure) 2024-03-23T08:04:05.773+0800: 141121.193: [ParNew: 20301386K->705505K(22937600K), 0.1854787 secs] 89271181K->69698446K(130940928K), 0.1858128 secs] [Times: user=2.46 sys=0.31, real=0.19 secs] 
2024-03-23T08:04:20.649+0800: 141136.070: [GC (Allocation Failure) 2024-03-23T08:04:20.649+0800: 141136.070: [ParNew: 20366305K->704087K(22937600K), 0.1915006 secs] 89359246K->69728761K(130940928K), 0.1918811 secs] [Times: user=2.58 sys=0.28, real=0.19 secs] 
2024-03-23T08:04:36.940+0800: 141152.361: [GC (Allocation Failure) 2024-03-23T08:04:36.941+0800: 141152.361: [ParNew: 20364887K->713517K(22937600K), 0.1786952 secs] 89389561K->69762571K(130940928K), 0.1790725 secs] [Times: user=2.61 sys=0.07, real=0.18 secs] 
2024-03-23T08:04:54.710+0800: 141170.130: [GC (Allocation Failure) 2024-03-23T08:04:54.710+0800: 141170.131: [ParNew: 20374317K->749823K(22937600K), 0.2994580 secs] 89423371K->69817607K(130940928K), 0.2998168 secs] [Times: user=2.30 sys=2.55, real=0.30 secs] 
2024-03-23T08:05:13.062+0800: 141188.483: [GC (Allocation Failure) 2024-03-23T08:05:13.062+0800: 141188.483: [ParNew: 20410623K->684605K(22937600K), 0.1963343 secs] 89478407K->69775435K(130940928K), 0.1967107 secs] [Times: user=1.58 sys=1.40, real=0.20 secs] 
2024-03-23T08:05:29.039+0800: 141204.460: [GC (Allocation Failure) 2024-03-23T08:05:29.039+0800: 141204.460: [ParNew: 20345405K->742303K(22937600K), 0.1771969 secs] 89436235K->69856223K(130940928K), 0.1775386 secs] [Times: user=2.29 sys=0.37, real=0.17 secs] 
2024-03-23T08:05:43.287+0800: 141218.708: [GC (Allocation Failure) 2024-03-23T08:05:43.287+0800: 141218.708: [ParNew: 20403103K->694016K(22937600K), 0.1701085 secs] 89517023K->69823063K(130940928K), 0.1704957 secs] [Times: user=1.91 sys=0.60, real=0.18 secs] 
2024-03-23T08:05:58.723+0800: 141234.144: [GC (Allocation Failure) 2024-03-23T08:05:58.723+0800: 141234.144: [ParNew: 20354816K->808380K(22937600K), 0.4594241 secs] 89483863K->69956314K(130940928K), 0.4597842 secs] [Times: user=2.73 sys=4.91, real=0.46 secs] 
2024-03-23T08:06:13.862+0800: 141249.283: [GC (Allocation Failure) 2024-03-23T08:06:13.862+0800: 141249.283: [ParNew: 20469180K->783539K(22937600K), 0.2391021 secs] 89617114K->69956992K(130940928K), 0.2394672 secs] [Times: user=2.80 sys=0.88, real=0.24 secs] 
2024-03-23T08:06:32.068+0800: 141267.489: [GC (Allocation Failure) 2024-03-23T08:06:32.068+0800: 141267.489: [ParNew: 20444339K->769788K(22937600K), 0.2129604 secs] 89617792K->69967340K(130940928K), 0.2133232 secs] [Times: user=1.77 sys=1.26, real=0.21 secs] 
2024-03-23T08:06:49.592+0800: 141285.013: [GC (Allocation Failure) 2024-03-23T08:06:49.593+0800: 141285.013: [ParNew: 20430588K->798727K(22937600K), 0.3944778 secs] 89628140K->70025538K(130940928K), 0.3948381 secs] [Times: user=1.89 sys=4.56, real=0.39 secs] 
2024-03-23T08:07:04.626+0800: 141300.047: [GC (Allocation Failure) 2024-03-23T08:07:04.626+0800: 141300.047: [ParNew: 20459527K->826012K(22937600K), 0.2645794 secs] 89686338K->70093954K(130940928K), 0.2649652 secs] [Times: user=3.23 sys=0.79, real=0.27 secs] 
2024-03-23T08:07:20.734+0800: 141316.154: [GC (Allocation Failure) 2024-03-23T08:07:20.734+0800: 141316.155: [ParNew: 20486812K->645322K(22937600K), 0.2549644 secs] 89754754K->69955180K(130940928K), 0.2553067 secs] [Times: user=2.94 sys=0.89, real=0.26 secs] 
2024-03-23T08:07:39.219+0800: 141334.639: [GC (Allocation Failure) 2024-03-23T08:07:39.219+0800: 141334.640: [ParNew: 20306122K->746052K(22937600K), 0.2686972 secs] 89615980K->70092053K(130940928K), 0.2690490 secs] [Times: user=2.79 sys=1.43, real=0.27 secs] 
2024-03-23T08:07:56.871+0800: 141352.292: [GC (Allocation Failure) 2024-03-23T08:07:56.872+0800: 141352.292: [ParNew: 20406852K->723099K(22937600K), 0.4253727 secs] 89752853K->70103221K(130940928K), 0.4257605 secs] [Times: user=2.12 sys=4.82, real=0.42 secs] 
2024-03-23T08:08:14.189+0800: 141369.610: [GC (Allocation Failure) 2024-03-23T08:08:14.189+0800: 141369.610: [ParNew: 20383899K->722754K(22937600K), 0.2506643 secs] 89764021K->70141629K(130940928K), 0.2510313 secs] [Times: user=2.69 sys=1.13, real=0.25 secs] 
2024-03-23T08:08:33.996+0800: 141389.417: [GC (Allocation Failure) 2024-03-23T08:08:33.996+0800: 141389.417: [ParNew: 20383554K->755954K(22937600K), 0.2616951 secs] 89802429K->70197830K(130940928K), 0.2620660 secs] [Times: user=2.77 sys=1.25, real=0.27 secs] 
2024-03-23T08:08:52.371+0800: 141407.792: [GC (Allocation Failure) 2024-03-23T08:08:52.371+0800: 141407.792: [ParNew: 20416754K->683370K(22937600K), 0.2104519 secs] 89858630K->70153250K(130940928K), 0.2108338 secs] [Times: user=2.84 sys=0.29, real=0.21 secs] 
2024-03-23T08:09:14.780+0800: 141430.201: [GC (Allocation Failure) 2024-03-23T08:09:14.781+0800: 141430.201: [ParNew: 20344170K->712253K(22937600K), 0.4297361 secs] 89814050K->70206745K(130940928K), 0.4300976 secs] [Times: user=2.97 sys=4.14, real=0.43 secs] 
2024-03-23T08:09:34.564+0800: 141449.985: [GC (Allocation Failure) 2024-03-23T08:09:34.564+0800: 141449.985: [ParNew: 20373053K->703837K(22937600K), 0.2603365 secs] 89867545K->70226569K(130940928K), 0.2606797 secs] [Times: user=2.69 sys=1.30, real=0.26 secs] 
2024-03-23T08:09:51.726+0800: 141467.147: [GC (Allocation Failure) 2024-03-23T08:09:51.726+0800: 141467.147: [ParNew: 20364637K->657622K(22937600K), 0.2223171 secs] 89887369K->70209544K(130940928K), 0.2227043 secs] [Times: user=2.72 sys=0.63, real=0.23 secs] 
2024-03-23T08:10:10.756+0800: 141486.177: [GC (Allocation Failure) 2024-03-23T08:10:10.756+0800: 141486.177: [ParNew: 20318422K->659900K(22937600K), 0.4092328 secs] 89870344K->70241622K(130940928K), 0.4096325 secs] [Times: user=3.08 sys=3.62, real=0.41 secs] 
2024-03-23T08:10:27.405+0800: 141502.826: [GC (Allocation Failure) 2024-03-23T08:10:27.406+0800: 141502.826: [ParNew: 20320700K->637301K(22937600K), 0.2167169 secs] 89902422K->70248742K(130940928K), 0.2171140 secs] [Times: user=1.80 sys=1.50, real=0.22 secs] 
2024-03-23T08:10:45.088+0800: 141520.509: [GC (Allocation Failure) 2024-03-23T08:10:45.088+0800: 141520.509: [ParNew: 20298101K->678200K(22937600K), 0.2077889 secs] 89909542K->70313171K(130940928K), 0.2082041 secs] [Times: user=2.46 sys=0.71, real=0.20 secs] 
2024-03-23T08:11:04.323+0800: 141539.744: [GC (Allocation Failure) 2024-03-23T08:11:04.323+0800: 141539.744: [ParNew: 20339000K->710026K(22937600K), 0.4276873 secs] 89973971K->70369863K(130940928K), 0.4280436 secs] [Times: user=2.99 sys=4.04, real=0.43 secs] 
2024-03-23T08:11:25.025+0800: 141560.446: [GC (Allocation Failure) 2024-03-23T08:11:25.025+0800: 141560.446: [ParNew: 20370826K->592304K(22937600K), 0.1941344 secs] 90030663K->70276206K(130940928K), 0.1944993 secs] [Times: user=1.88 sys=1.26, real=0.20 secs] 
2024-03-23T08:11:43.986+0800: 141579.407: [GC (Allocation Failure) 2024-03-23T08:11:43.986+0800: 141579.407: [ParNew: 20253104K->614121K(22937600K), 0.2270386 secs] 89937006K->70321866K(130940928K), 0.2274054 secs] [Times: user=3.12 sys=0.62, real=0.23 secs] 
2024-03-23T08:12:03.468+0800: 141598.889: [GC (Allocation Failure) 2024-03-23T08:12:03.468+0800: 141598.889: [ParNew: 20274921K->569133K(22937600K), 0.1827715 secs] 89982666K->70304604K(130940928K), 0.1831550 secs] [Times: user=2.57 sys=0.06, real=0.18 secs] 
2024-03-23T08:12:21.821+0800: 141617.242: [GC (Allocation Failure) 2024-03-23T08:12:21.821+0800: 141617.242: [ParNew: 20229933K->680813K(22937600K), 0.2915573 secs] 89965404K->70440680K(130940928K), 0.2919142 secs] [Times: user=2.58 sys=1.85, real=0.29 secs] 
2024-03-23T08:12:36.670+0800: 141632.090: [GC (Allocation Failure) 2024-03-23T08:12:36.670+0800: 141632.091: [ParNew: 20341613K->698317K(22937600K), 0.2106926 secs] 90101480K->70481897K(130940928K), 0.2110855 secs] [Times: user=2.62 sys=0.55, real=0.21 secs] 
2024-03-23T08:12:52.262+0800: 141647.682: [GC (Allocation Failure) 2024-03-23T08:12:52.262+0800: 141647.683: [ParNew: 20359117K->690601K(22937600K), 0.2161224 secs] 90142697K->70500191K(130940928K), 0.2165092 secs] [Times: user=2.76 sys=0.47, real=0.22 secs] 
2024-03-23T08:13:06.410+0800: 141661.831: [GC (Allocation Failure) 2024-03-23T08:13:06.410+0800: 141661.831: [ParNew: 20351401K->605050K(22937600K), 0.1837708 secs] 90160991K->70441169K(130940928K), 0.1841901 secs] [Times: user=2.80 sys=0.00, real=0.18 secs] 
2024-03-23T08:13:20.593+0800: 141676.014: [GC (Allocation Failure) 2024-03-23T08:13:20.593+0800: 141676.014: [ParNew: 20265850K->643323K(22937600K), 0.3300794 secs] 90101969K->70501821K(130940928K), 0.3304714 secs] [Times: user=2.83 sys=2.49, real=0.33 secs] 
2024-03-23T08:13:38.726+0800: 141694.147: [GC (Allocation Failure) 2024-03-23T08:13:38.727+0800: 141694.147: [ParNew: 20304123K->635664K(22937600K), 0.2216476 secs] 90162621K->70519649K(130940928K), 0.2219550 secs] [Times: user=2.45 sys=0.82, real=0.23 secs] 
2024-03-23T08:13:53.203+0800: 141708.623: [GC (Allocation Failure) 2024-03-23T08:13:53.203+0800: 141708.624: [ParNew: 20296464K->611276K(22937600K), 0.2002474 secs] 90180449K->70524987K(130940928K), 0.2006155 secs] [Times: user=2.61 sys=0.39, real=0.20 secs] 
2024-03-23T08:14:07.306+0800: 141722.727: [GC (Allocation Failure) 2024-03-23T08:14:07.306+0800: 141722.727: [ParNew: 20272076K->662237K(22937600K), 0.1650964 secs] 90185787K->70598397K(130940928K), 0.1655867 secs] [Times: user=1.77 sys=0.63, real=0.17 secs] 
2024-03-23T08:14:23.811+0800: 141739.232: [GC (Allocation Failure) 2024-03-23T08:14:23.811+0800: 141739.232: [ParNew: 20323037K->617854K(22937600K), 0.3267214 secs] 90259197K->70573417K(130940928K), 0.3270918 secs] [Times: user=2.13 sys=3.20, real=0.33 secs] 
2024-03-23T08:14:39.998+0800: 141755.419: [GC (Allocation Failure) 2024-03-23T08:14:39.998+0800: 141755.419: [ParNew: 20278654K->611495K(22937600K), 0.1844942 secs] 90234217K->70592442K(130940928K), 0.1848494 secs] [Times: user=1.55 sys=1.17, real=0.18 secs] 
2024-03-23T08:14:56.151+0800: 141771.572: [GC (Allocation Failure) 2024-03-23T08:14:56.151+0800: 141771.572: [ParNew: 20271433K->631844K(22937600K), 0.1941921 secs] 90252379K->70639723K(130940928K), 0.1945373 secs] [Times: user=2.49 sys=0.45, real=0.19 secs] 
2024-03-23T08:15:13.259+0800: 141788.680: [GC (Allocation Failure) 2024-03-23T08:15:13.259+0800: 141788.680: [ParNew: 20292644K->583789K(22937600K), 0.1821597 secs] 90300523K->70615500K(130940928K), 0.1825405 secs] [Times: user=1.82 sys=0.80, real=0.18 secs] 
2024-03-23T08:15:29.405+0800: 141804.826: [GC (Allocation Failure) 2024-03-23T08:15:29.405+0800: 141804.826: [ParNew: 20244589K->662610K(22937600K), 0.2185160 secs] 90276300K->70719139K(130940928K), 0.2188667 secs] [Times: user=2.46 sys=0.89, real=0.22 secs] 
2024-03-23T08:15:44.365+0800: 141819.786: [GC (Allocation Failure) 2024-03-23T08:15:44.365+0800: 141819.786: [ParNew: 20323410K->565664K(22937600K), 0.1847073 secs] 90379939K->70650635K(130940928K), 0.1850568 secs] [Times: user=1.67 sys=1.13, real=0.19 secs] 
2024-03-23T08:16:00.654+0800: 141836.074: [GC (Allocation Failure) 2024-03-23T08:16:00.654+0800: 141836.075: [ParNew: 20226464K->556117K(22937600K), 0.1866173 secs] 90311435K->70672260K(130940928K), 0.1869767 secs] [Times: user=2.34 sys=0.46, real=0.19 secs] 
2024-03-23T08:16:15.798+0800: 141851.219: [GC (Allocation Failure) 2024-03-23T08:16:15.798+0800: 141851.219: [ParNew: 20216917K->539663K(22937600K), 0.1580921 secs] 90333060K->70680173K(130940928K), 0.1584479 secs] [Times: user=1.58 sys=0.66, real=0.15 secs] 
2024-03-23T08:16:30.688+0800: 141866.108: [GC (Allocation Failure) 2024-03-23T08:16:30.688+0800: 141866.109: [ParNew: 20200463K->612664K(22937600K), 0.2233920 secs] 90340973K->70781801K(130940928K), 0.2237449 secs] [Times: user=2.46 sys=0.97, real=0.22 secs] 
2024-03-23T08:16:45.879+0800: 141881.300: [GC (Allocation Failure) 2024-03-23T08:16:45.879+0800: 141881.300: [ParNew: 20273464K->554469K(22937600K), 0.1925067 secs] 90442601K->70751296K(130940928K), 0.1928552 secs] [Times: user=2.41 sys=0.42, real=0.19 secs] 
2024-03-23T08:17:00.735+0800: 141896.156: [GC (Allocation Failure) 2024-03-23T08:17:00.736+0800: 141896.156: [ParNew: 20215269K->516621K(22937600K), 0.1787132 secs] 90412096K->70731175K(130940928K), 0.1790724 secs] [Times: user=1.63 sys=1.07, real=0.18 secs] 
2024-03-23T08:17:13.402+0800: 141908.823: [GC (Allocation Failure) 2024-03-23T08:17:13.402+0800: 141908.823: [ParNew: 20177421K->544215K(22937600K), 0.1772718 secs] 90391975K->70775047K(130940928K), 0.1776321 secs] [Times: user=1.88 sys=0.79, real=0.18 secs] 
2024-03-23T08:17:26.394+0800: 141921.815: [GC (Allocation Failure) 2024-03-23T08:17:26.394+0800: 141921.815: [ParNew: 20205015K->522917K(22937600K), 0.2461494 secs] 90435847K->70773141K(130940928K), 0.2465113 secs] [Times: user=2.14 sys=1.75, real=0.25 secs] 
2024-03-23T08:17:41.657+0800: 141937.078: [GC (Allocation Failure) 2024-03-23T08:17:41.657+0800: 141937.078: [ParNew: 20183717K->517833K(22937600K), 0.1892229 secs] 90433941K->70790429K(130940928K), 0.1895668 secs] [Times: user=2.44 sys=0.44, real=0.19 secs] 
2024-03-23T08:17:57.823+0800: 141953.244: [GC (Allocation Failure) 2024-03-23T08:17:57.824+0800: 141953.244: [ParNew: 20178633K->494692K(22937600K), 0.1924490 secs] 90451229K->70786045K(130940928K), 0.1927914 secs] [Times: user=1.66 sys=1.29, real=0.19 secs] 
2024-03-23T08:18:09.933+0800: 141965.353: [GC (Allocation Failure) 2024-03-23T08:18:09.933+0800: 141965.354: [ParNew: 20155492K->498690K(22937600K), 0.1788214 secs] 90446845K->70810857K(130940928K), 0.1791501 secs] [Times: user=2.45 sys=0.27, real=0.18 secs] 
2024-03-23T08:18:26.160+0800: 141981.581: [GC (Allocation Failure) 2024-03-23T08:18:26.160+0800: 141981.581: [ParNew: 20159490K->498542K(22937600K), 0.2493616 secs] 90471657K->70832474K(130940928K), 0.2497318 secs] [Times: user=2.24 sys=1.67, real=0.25 secs] 
2024-03-23T08:18:43.072+0800: 141998.493: [GC (Allocation Failure) 2024-03-23T08:18:43.073+0800: 141998.493: [ParNew: 20159342K->526950K(22937600K), 0.1927775 secs] 90493274K->70879045K(130940928K), 0.1932000 secs] [Times: user=2.44 sys=0.44, real=0.19 secs] 
2024-03-23T08:19:01.939+0800: 142017.360: [GC (Allocation Failure) 2024-03-23T08:19:01.940+0800: 142017.360: [ParNew: 20187750K->504636K(22937600K), 0.1953700 secs] 90539845K->70877973K(130940928K), 0.1957490 secs] [Times: user=2.38 sys=0.59, real=0.19 secs] 
2024-03-23T08:19:18.289+0800: 142033.710: [GC (Allocation Failure) 2024-03-23T08:19:18.289+0800: 142033.710: [ParNew: 20165436K->503503K(22937600K), 0.1791740 secs] 90538773K->70893471K(130940928K), 0.1795505 secs] [Times: user=2.49 sys=0.20, real=0.18 secs] 
2024-03-23T08:19:34.604+0800: 142050.024: [GC (Allocation Failure) 2024-03-23T08:19:34.604+0800: 142050.025: [ParNew: 20164303K->538640K(22937600K), 0.2550554 secs] 90554271K->70940393K(130940928K), 0.2554294 secs] [Times: user=2.30 sys=1.75, real=0.26 secs] 
2024-03-23T08:19:52.188+0800: 142067.608: [GC (Allocation Failure) 2024-03-23T08:19:52.188+0800: 142067.609: [ParNew: 20199440K->547115K(22937600K), 0.2074657 secs] 90601193K->70968557K(130940928K), 0.2078448 secs] [Times: user=1.68 sys=1.52, real=0.20 secs] 
2024-03-23T08:20:09.868+0800: 142085.289: [GC (Allocation Failure) 2024-03-23T08:20:09.868+0800: 142085.289: [ParNew: 20207915K->512637K(22937600K), 0.1933173 secs] 90629357K->70958722K(130940928K), 0.1936678 secs] [Times: user=1.46 sys=1.38, real=0.19 secs] 
2024-03-23T08:20:26.140+0800: 142101.561: [GC (Allocation Failure) 2024-03-23T08:20:26.141+0800: 142101.561: [ParNew: 20173437K->522627K(22937600K), 0.1648767 secs] 90619522K->70991017K(130940928K), 0.1652939 secs] [Times: user=2.44 sys=0.00, real=0.16 secs] 
2024-03-23T08:20:44.935+0800: 142120.356: [GC (Allocation Failure) 2024-03-23T08:20:44.935+0800: 142120.356: [ParNew: 20183427K->528434K(22937600K), 0.2888574 secs] 90651817K->71017821K(130940928K), 0.2892308 secs] [Times: user=2.49 sys=2.18, real=0.29 secs] 
2024-03-23T08:21:02.156+0800: 142137.577: [GC (Allocation Failure) 2024-03-23T08:21:02.157+0800: 142137.578: [ParNew: 20189234K->582478K(22937600K), 0.2053233 secs] 90678621K->71089642K(130940928K), 0.2057183 secs] [Times: user=1.71 sys=1.39, real=0.21 secs] 
2024-03-23T08:21:18.215+0800: 142153.635: [GC (Allocation Failure) 2024-03-23T08:21:18.215+0800: 142153.636: [ParNew: 20243278K->584198K(22937600K), 0.1933744 secs] 90750442K->71107250K(130940928K), 0.1938481 secs] [Times: user=2.53 sys=0.45, real=0.20 secs] 
2024-03-23T08:21:32.751+0800: 142168.171: [GC (Allocation Failure) 2024-03-23T08:21:32.751+0800: 142168.172: [ParNew: 20244998K->584247K(22937600K), 0.2366660 secs] 90768050K->71125616K(130940928K), 0.2370733 secs] [Times: user=1.70 sys=1.97, real=0.24 secs] 
2024-03-23T08:21:47.950+0800: 142183.371: [GC (Allocation Failure) 2024-03-23T08:21:47.951+0800: 142183.371: [ParNew: 20245047K->636342K(22937600K), 0.1934036 secs] 90786416K->71195356K(130940928K), 0.1937837 secs] [Times: user=2.57 sys=0.25, real=0.19 secs] 
2024-03-23T08:22:02.937+0800: 142198.358: [GC (Allocation Failure) 2024-03-23T08:22:02.937+0800: 142198.358: [ParNew: 20297142K->624167K(22937600K), 0.1902380 secs] 90856156K->71198800K(130940928K), 0.1906266 secs] [Times: user=2.36 sys=0.53, real=0.20 secs] 
2024-03-23T08:22:18.201+0800: 142213.622: [GC (Allocation Failure) 2024-03-23T08:22:18.202+0800: 142213.623: [ParNew: 20284967K->615263K(22937600K), 0.2084246 secs] 90859600K->71203719K(130940928K), 0.2087827 secs] [Times: user=2.55 sys=0.64, real=0.21 secs] 
2024-03-23T08:22:33.197+0800: 142228.618: [GC (Allocation Failure) 2024-03-23T08:22:33.197+0800: 142228.618: [ParNew: 20276063K->642921K(22937600K), 0.3597457 secs] 90864519K->71251349K(130940928K), 0.3600980 secs] [Times: user=2.87 sys=2.99, real=0.36 secs] 
2024-03-23T08:22:49.001+0800: 142244.422: [GC (Allocation Failure) 2024-03-23T08:22:49.002+0800: 142244.422: [ParNew: 20303721K->643975K(22937600K), 0.1873153 secs] 90912149K->71281838K(130940928K), 0.1876812 secs] [Times: user=1.82 sys=1.00, real=0.19 secs] 
2024-03-23T08:23:05.180+0800: 142260.601: [GC (Allocation Failure) 2024-03-23T08:23:05.180+0800: 142260.601: [ParNew: 20304775K->597690K(22937600K), 0.1891224 secs] 90942638K->71268386K(130940928K), 0.1894541 secs] [Times: user=1.57 sys=1.25, real=0.19 secs] 
2024-03-23T08:23:20.387+0800: 142275.808: [GC (Allocation Failure) 2024-03-23T08:23:20.387+0800: 142275.808: [ParNew: 20258490K->648116K(22937600K), 0.1740875 secs] 90929186K->71339297K(130940928K), 0.1744215 secs] [Times: user=1.50 sys=1.14, real=0.18 secs] 
2024-03-23T08:23:36.136+0800: 142291.557: [GC (Allocation Failure) 2024-03-23T08:23:36.136+0800: 142291.557: [ParNew: 20308916K->602528K(22937600K), 0.1504830 secs] 91000097K->71305980K(130940928K), 0.1508405 secs] [Times: user=1.62 sys=0.61, real=0.15 secs] 
2024-03-23T08:23:53.339+0800: 142308.760: [GC (Allocation Failure) 2024-03-23T08:23:53.339+0800: 142308.760: [ParNew: 20263328K->666594K(22937600K), 0.3064989 secs] 90966780K->71387709K(130940928K), 0.3068574 secs] [Times: user=2.31 sys=2.65, real=0.30 secs] 
2024-03-23T08:24:10.143+0800: 142325.563: [GC (Allocation Failure) 2024-03-23T08:24:10.143+0800: 142325.564: [ParNew: 20327394K->682762K(22937600K), 0.2092756 secs] 91048509K->71429526K(130940928K), 0.2096412 secs] [Times: user=2.58 sys=0.50, real=0.21 secs] 
2024-03-23T08:24:23.512+0800: 142338.932: [GC (Allocation Failure) 2024-03-23T08:24:23.512+0800: 142338.933: [ParNew: 20343562K->676364K(22937600K), 0.1854653 secs] 91090326K->71447225K(130940928K), 0.1858235 secs] [Times: user=2.60 sys=0.10, real=0.19 secs] 
2024-03-23T08:24:38.493+0800: 142353.913: [GC (Allocation Failure) 2024-03-23T08:24:38.493+0800: 142353.914: [ParNew: 20337164K->700602K(22937600K), 0.1739643 secs] 91108025K->71497563K(130940928K), 0.1743302 secs] [Times: user=2.63 sys=0.00, real=0.17 secs] 
2024-03-23T08:24:57.389+0800: 142372.809: [GC (Allocation Failure) 2024-03-23T08:24:57.389+0800: 142372.810: [ParNew: 20361402K->774187K(22937600K), 0.2685926 secs] 91158363K->71597691K(130940928K), 0.2689558 secs] [Times: user=2.53 sys=1.75, real=0.27 secs] 
2024-03-23T08:25:13.986+0800: 142389.407: [GC (Allocation Failure) 2024-03-23T08:25:13.987+0800: 142389.407: [ParNew: 20434987K->777213K(22937600K), 0.2053210 secs] 91258491K->71623963K(130940928K), 0.2055939 secs] [Times: user=2.59 sys=0.41, real=0.21 secs] 
2024-03-23T08:25:32.369+0800: 142407.789: [GC (Allocation Failure) 2024-03-23T08:25:32.369+0800: 142407.790: [ParNew: 20438013K->830432K(22937600K), 0.1987844 secs] 91284763K->71706600K(130940928K), 0.1991634 secs] [Times: user=2.60 sys=0.41, real=0.20 secs] 
2024-03-23T08:25:49.097+0800: 142424.518: [GC (Allocation Failure) 2024-03-23T08:25:49.097+0800: 142424.518: [ParNew: 20491232K->762049K(22937600K), 0.2371512 secs] 91367400K->71668900K(130940928K), 0.2375467 secs] [Times: user=2.53 sys=1.12, real=0.24 secs] 
2024-03-23T08:26:06.730+0800: 142442.151: [GC (Allocation Failure) 2024-03-23T08:26:06.730+0800: 142442.151: [ParNew: 20422849K->773281K(22937600K), 0.2010532 secs] 91329700K->71704240K(130940928K), 0.2014075 secs] [Times: user=2.54 sys=0.50, real=0.20 secs] 
2024-03-23T08:26:24.362+0800: 142459.783: [GC (Allocation Failure) 2024-03-23T08:26:24.362+0800: 142459.783: [ParNew: 20434081K->828450K(22937600K), 0.1979727 secs] 91365040K->71785931K(130940928K), 0.1983433 secs] [Times: user=1.90 sys=1.12, real=0.20 secs] 
2024-03-23T08:26:40.486+0800: 142475.907: [GC (Allocation Failure) 2024-03-23T08:26:40.486+0800: 142475.907: [ParNew: 20489250K->830767K(22937600K), 0.1895363 secs] 91446731K->71807906K(130940928K), 0.1898989 secs] [Times: user=1.90 sys=0.95, real=0.19 secs] 
2024-03-23T08:26:57.032+0800: 142492.453: [GC (Allocation Failure) 2024-03-23T08:26:57.033+0800: 142492.453: [ParNew: 20491567K->872261K(22937600K), 0.2388121 secs] 91468706K->71874108K(130940928K), 0.2392062 secs] [Times: user=2.71 sys=0.95, real=0.24 secs] 
2024-03-23T08:27:13.211+0800: 142508.632: [GC (Allocation Failure) 2024-03-23T08:27:13.211+0800: 142508.632: [ParNew: 20533061K->901119K(22937600K), 0.2154096 secs] 91534908K->71926821K(130940928K), 0.2157683 secs] [Times: user=1.91 sys=1.39, real=0.21 secs] 
2024-03-23T08:27:29.737+0800: 142525.158: [GC (Allocation Failure) 2024-03-23T08:27:29.737+0800: 142525.158: [ParNew: 20561919K->897816K(22937600K), 0.1882229 secs] 91587621K->71948684K(130940928K), 0.1885930 secs] [Times: user=2.53 sys=0.28, real=0.19 secs] 
2024-03-23T08:27:46.458+0800: 142541.879: [GC (Allocation Failure) 2024-03-23T08:27:46.458+0800: 142541.879: [ParNew: 20558616K->960030K(22937600K), 0.1982019 secs] 91609484K->72034276K(130940928K), 0.1985797 secs] [Times: user=2.84 sys=0.17, real=0.19 secs] 
2024-03-23T08:28:01.240+0800: 142556.661: [GC (Allocation Failure) 2024-03-23T08:28:01.241+0800: 142556.661: [ParNew: 20620830K->965132K(22937600K), 0.2464898 secs] 91695076K->72076332K(130940928K), 0.2468751 secs] [Times: user=2.72 sys=1.05, real=0.24 secs] 
2024-03-23T08:28:16.525+0800: 142571.946: [GC (Allocation Failure) 2024-03-23T08:28:16.525+0800: 142571.946: [ParNew: 20625932K->993560K(22937600K), 0.2303541 secs] 91737132K->72146379K(130940928K), 0.2307357 secs] [Times: user=2.74 sys=0.70, real=0.23 secs] 
2024-03-23T08:28:32.172+0800: 142587.593: [GC (Allocation Failure) 2024-03-23T08:28:32.172+0800: 142587.593: [ParNew: 20654360K->972407K(22937600K), 0.1953030 secs] 91807179K->72162493K(130940928K), 0.1956772 secs] [Times: user=2.64 sys=0.23, real=0.20 secs] 
2024-03-23T08:28:45.146+0800: 142600.566: [GC (Allocation Failure) 2024-03-23T08:28:45.146+0800: 142600.567: [ParNew: 20633207K->977839K(22937600K), 0.1860745 secs] 91823293K->72206113K(130940928K), 0.1864517 secs] [Times: user=2.59 sys=0.12, real=0.19 secs] 
2024-03-23T08:28:57.267+0800: 142612.688: [GC (Allocation Failure) 2024-03-23T08:28:57.267+0800: 142612.688: [ParNew: 20638639K->973970K(22937600K), 0.1772172 secs] 91866913K->72242902K(130940928K), 0.1776157 secs] [Times: user=2.62 sys=0.00, real=0.18 secs] 
2024-03-23T08:29:12.273+0800: 142627.693: [GC (Allocation Failure) 2024-03-23T08:29:12.273+0800: 142627.694: [ParNew: 20634770K->897079K(22937600K), 0.2391542 secs] 91903702K->72196221K(130940928K), 0.2395401 secs] [Times: user=2.82 sys=0.83, real=0.24 secs] 
2024-03-23T08:29:27.748+0800: 142643.169: [GC (Allocation Failure) 2024-03-23T08:29:27.748+0800: 142643.169: [ParNew: 20557879K->993964K(22937600K), 0.2456856 secs] 91857021K->72328559K(130940928K), 0.2460256 secs] [Times: user=3.28 sys=0.50, real=0.24 secs] 
2024-03-23T08:29:42.983+0800: 142658.403: [GC (Allocation Failure) 2024-03-23T08:29:42.983+0800: 142658.404: [ParNew: 20654764K->970248K(22937600K), 0.2058527 secs] 91989359K->72344571K(130940928K), 0.2061965 secs] [Times: user=2.84 sys=0.25, real=0.21 secs] 
2024-03-23T08:29:57.770+0800: 142673.191: [GC (Allocation Failure) 2024-03-23T08:29:57.770+0800: 142673.191: [ParNew: 20631048K->935509K(22937600K), 0.1892643 secs] 92005371K->72351740K(130940928K), 0.1896096 secs] [Times: user=2.81 sys=0.00, real=0.19 secs] 
2024-03-23T08:30:11.953+0800: 142687.374: [GC (Allocation Failure) 2024-03-23T08:30:11.953+0800: 142687.374: [ParNew: 20596309K->921874K(22937600K), 0.2790727 secs] 92012540K->72380609K(130940928K), 0.2794763 secs] [Times: user=2.68 sys=1.65, real=0.28 secs] 
2024-03-23T08:30:26.240+0800: 142701.661: [GC (Allocation Failure) 2024-03-23T08:30:26.240+0800: 142701.661: [ParNew: 20582674K->954065K(22937600K), 0.2068298 secs] 92041409K->72454567K(130940928K), 0.2071937 secs] [Times: user=2.78 sys=0.29, real=0.20 secs] 
2024-03-23T08:30:39.677+0800: 142715.098: [GC (Allocation Failure) 2024-03-23T08:30:39.677+0800: 142715.098: [ParNew: 20614865K->954836K(22937600K), 0.2081323 secs] 92115367K->72500227K(130940928K), 0.2085055 secs] [Times: user=2.80 sys=0.24, real=0.21 secs] 
2024-03-23T08:30:53.905+0800: 142729.326: [GC (Allocation Failure) 2024-03-23T08:30:53.906+0800: 142729.326: [ParNew: 20615636K->922053K(22937600K), 0.1911712 secs] 92161027K->72512049K(130940928K), 0.1915305 secs] [Times: user=2.58 sys=0.24, real=0.19 secs] 
2024-03-23T08:31:07.353+0800: 142742.774: [GC (Allocation Failure) 2024-03-23T08:31:07.353+0800: 142742.774: [ParNew: 20582853K->838705K(22937600K), 0.2532573 secs] 92172849K->72474650K(130940928K), 0.2536410 secs] [Times: user=2.85 sys=0.99, real=0.25 secs] 
2024-03-23T08:31:21.388+0800: 142756.809: [GC (Allocation Failure) 2024-03-23T08:31:21.389+0800: 142756.810: [ParNew: 20499505K->820852K(22937600K), 0.2096309 secs] 92135450K->72502246K(130940928K), 0.2099854 secs] [Times: user=2.73 sys=0.38, real=0.21 secs] 
2024-03-23T08:31:37.355+0800: 142772.776: [GC (Allocation Failure) 2024-03-23T08:31:37.355+0800: 142772.776: [ParNew: 20481652K->881754K(22937600K), 0.2109784 secs] 92163046K->72605913K(130940928K), 0.2113229 secs] [Times: user=2.72 sys=0.44, real=0.21 secs] 
2024-03-23T08:31:53.511+0800: 142788.931: [GC (Allocation Failure) 2024-03-23T08:31:53.511+0800: 142788.932: [ParNew: 20542554K->908738K(22937600K), 0.2112077 secs] 92266713K->72674604K(130940928K), 0.2115866 secs] [Times: user=2.05 sys=1.06, real=0.21 secs] 
2024-03-23T08:32:08.197+0800: 142803.618: [GC (Allocation Failure) 2024-03-23T08:32:08.198+0800: 142803.618: [ParNew: 20569538K->804552K(22937600K), 0.2414730 secs] 92335404K->72607493K(130940928K), 0.2418822 secs] [Times: user=2.71 sys=1.00, real=0.25 secs] 
2024-03-23T08:32:22.730+0800: 142818.151: [GC (Allocation Failure) 2024-03-23T08:32:22.731+0800: 142818.151: [ParNew: 20465352K->833628K(22937600K), 0.2205267 secs] 92268293K->72671263K(130940928K), 0.2210104 secs] [Times: user=1.90 sys=1.14, real=0.22 secs] 
2024-03-23T08:32:37.048+0800: 142832.469: [GC (Allocation Failure) 2024-03-23T08:32:37.048+0800: 142832.469: [ParNew: 20494428K->844923K(22937600K), 0.2186645 secs] 92332063K->72713825K(130940928K), 0.2190139 secs] [Times: user=2.70 sys=0.44, real=0.21 secs] 
2024-03-23T08:32:53.196+0800: 142848.617: [GC (Allocation Failure) 2024-03-23T08:32:53.196+0800: 142848.617: [ParNew: 20505723K->888853K(22937600K), 0.2224462 secs] 92374625K->72800381K(130940928K), 0.2227390 secs] [Times: user=2.73 sys=0.43, real=0.23 secs] 
2024-03-23T08:33:09.244+0800: 142864.665: [GC (Allocation Failure) 2024-03-23T08:33:09.244+0800: 142864.665: [ParNew: 20549653K->861601K(22937600K), 0.2626217 secs] 92461181K->72809457K(130940928K), 0.2629973 secs] [Times: user=2.61 sys=1.48, real=0.26 secs] 
2024-03-23T08:33:25.741+0800: 142881.161: [GC (Allocation Failure) 2024-03-23T08:33:25.741+0800: 142881.162: [ParNew: 20522401K->799488K(22937600K), 0.2184455 secs] 92470257K->72784664K(130940928K), 0.2188005 secs] [Times: user=2.74 sys=0.52, real=0.22 secs] 
2024-03-23T08:33:42.344+0800: 142897.765: [GC (Allocation Failure) 2024-03-23T08:33:42.344+0800: 142897.765: [ParNew: 20460288K->862064K(22937600K), 0.1991027 secs] 92445464K->72875106K(130940928K), 0.1994250 secs] [Times: user=2.49 sys=0.50, real=0.20 secs] 
2024-03-23T08:33:57.813+0800: 142913.233: [GC (Allocation Failure) 2024-03-23T08:33:57.813+0800: 142913.234: [ParNew: 20522864K->844371K(22937600K), 0.1993379 secs] 92535906K->72890408K(130940928K), 0.1996800 secs] [Times: user=2.65 sys=0.38, real=0.20 secs] 
2024-03-23T08:34:11.811+0800: 142927.232: [GC (Allocation Failure) 2024-03-23T08:34:11.811+0800: 142927.232: [ParNew: 20505171K->892871K(22937600K), 0.2900355 secs] 92551208K->72971530K(130940928K), 0.2903894 secs] [Times: user=2.70 sys=1.96, real=0.29 secs] 
2024-03-23T08:34:26.759+0800: 142942.180: [GC (Allocation Failure) 2024-03-23T08:34:26.759+0800: 142942.180: [ParNew: 20553671K->903656K(22937600K), 0.2222162 secs] 92632330K->73022801K(130940928K), 0.2225632 secs] [Times: user=1.99 sys=1.18, real=0.22 secs] 
2024-03-23T08:34:38.874+0800: 142954.294: [GC (Allocation Failure) 2024-03-23T08:34:38.874+0800: 142954.295: [ParNew: 20564456K->885536K(22937600K), 0.2036899 secs] 92683601K->73036803K(130940928K), 0.2040115 secs] [Times: user=2.71 sys=0.20, real=0.21 secs] 
2024-03-23T08:34:53.613+0800: 142969.034: [GC (Allocation Failure) 2024-03-23T08:34:53.613+0800: 142969.034: [ParNew: 20546336K->828120K(22937600K), 0.2093182 secs] 92697603K->73010154K(130940928K), 0.2096020 secs] [Times: user=1.82 sys=1.16, real=0.21 secs] 
2024-03-23T08:35:07.679+0800: 142983.100: [GC (Allocation Failure) 2024-03-23T08:35:07.679+0800: 142983.100: [ParNew: 20488920K->903848K(22937600K), 0.2050704 secs] 92670954K->73118453K(130940928K), 0.2054420 secs] [Times: user=2.16 sys=0.93, real=0.20 secs] 
2024-03-23T08:35:22.486+0800: 142997.907: [GC (Allocation Failure) 2024-03-23T08:35:22.487+0800: 142997.907: [ParNew: 20564648K->938573K(22937600K), 0.2661807 secs] 92779253K->73184809K(130940928K), 0.2665586 secs] [Times: user=1.63 sys=2.55, real=0.27 secs] 
2024-03-23T08:35:36.988+0800: 143012.409: [GC (Allocation Failure) 2024-03-23T08:35:36.988+0800: 143012.409: [ParNew: 20599373K->910936K(22937600K), 0.2188568 secs] 92845609K->73185974K(130940928K), 0.2192109 secs] [Times: user=2.66 sys=0.72, real=0.21 secs] 
2024-03-23T08:35:50.202+0800: 143025.623: [GC (Allocation Failure) 2024-03-23T08:35:50.202+0800: 143025.623: [ParNew: 20571736K->883087K(22937600K), 0.1958853 secs] 92846774K->73192070K(130940928K), 0.1962328 secs] [Times: user=2.69 sys=0.23, real=0.20 secs] 
2024-03-23T08:36:02.489+0800: 143037.910: [GC (Allocation Failure) 2024-03-23T08:36:02.489+0800: 143037.910: [ParNew: 20543887K->862193K(22937600K), 0.2137786 secs] 92852870K->73212974K(130940928K), 0.2141066 secs] [Times: user=2.05 sys=0.96, real=0.21 secs] 
2024-03-23T08:36:15.252+0800: 143050.673: [GC (Allocation Failure) 2024-03-23T08:36:15.252+0800: 143050.673: [ParNew: 20522993K->871797K(22937600K), 0.1950085 secs] 92873774K->73258604K(130940928K), 0.1953088 secs] [Times: user=2.08 sys=0.60, real=0.20 secs] 
2024-03-23T08:36:30.102+0800: 143065.523: [GC (Allocation Failure) 2024-03-23T08:36:30.102+0800: 143065.523: [ParNew: 20532597K->840684K(22937600K), 0.2848634 secs] 92919404K->73266177K(130940928K), 0.2851747 secs] [Times: user=2.52 sys=1.73, real=0.28 secs] 
2024-03-23T08:36:44.134+0800: 143079.554: [GC (Allocation Failure) 2024-03-23T08:36:44.134+0800: 143079.555: [ParNew: 20501484K->840635K(22937600K), 0.2158870 secs] 92926977K->73295949K(130940928K), 0.2161994 secs] [Times: user=2.74 sys=0.32, real=0.22 secs] 
2024-03-23T08:36:57.713+0800: 143093.134: [GC (Allocation Failure) 2024-03-23T08:36:57.714+0800: 143093.134: [ParNew: 20501435K->997328K(22937600K), 0.2159009 secs] 92956749K->73491229K(130940928K), 0.2162113 secs] [Times: user=2.05 sys=0.97, real=0.22 secs] 
2024-03-23T08:37:10.880+0800: 143106.301: [GC (Allocation Failure) 2024-03-23T08:37:10.880+0800: 143106.301: [ParNew: 20658128K->901901K(22937600K), 0.1809851 secs] 93152029K->73439368K(130940928K), 0.1813294 secs] [Times: user=2.61 sys=0.02, real=0.18 secs] 
2024-03-23T08:37:26.139+0800: 143121.560: [GC (Allocation Failure) 2024-03-23T08:37:26.139+0800: 143121.560: [ParNew: 20562701K->860609K(22937600K), 0.2422273 secs] 93100168K->73435087K(130940928K), 0.2425917 secs] [Times: user=2.64 sys=1.11, real=0.24 secs] 
2024-03-23T08:37:41.528+0800: 143136.948: [GC (Allocation Failure) 2024-03-23T08:37:41.528+0800: 143136.949: [ParNew: 20521409K->856453K(22937600K), 0.2235380 secs] 93095887K->73463543K(130940928K), 0.2238823 secs] [Times: user=2.73 sys=0.69, real=0.22 secs] 
2024-03-23T08:37:54.919+0800: 143150.340: [GC (Allocation Failure) 2024-03-23T08:37:54.919+0800: 143150.340: [ParNew: 20517253K->820767K(22937600K), 0.1900837 secs] 93124343K->73474148K(130940928K), 0.1904259 secs] [Times: user=1.85 sys=0.93, real=0.19 secs] 
2024-03-23T08:38:09.199+0800: 143164.620: [GC (Allocation Failure) 2024-03-23T08:38:09.199+0800: 143164.620: [ParNew: 20481567K->869065K(22937600K), 0.1966256 secs] 93134948K->73556241K(130940928K), 0.1969716 secs] [Times: user=1.94 sys=0.95, real=0.19 secs] 
2024-03-23T08:38:24.238+0800: 143179.658: [GC (Allocation Failure) 2024-03-23T08:38:24.238+0800: 143179.659: [ParNew: 20529865K->851351K(22937600K), 0.2447408 secs] 93217041K->73574621K(130940928K), 0.2451157 secs] [Times: user=2.82 sys=0.89, real=0.24 secs] 
2024-03-23T08:38:38.804+0800: 143194.225: [GC (Allocation Failure) 2024-03-23T08:38:38.805+0800: 143194.225: [ParNew: 20512151K->873667K(22937600K), 0.2103585 secs] 93235421K->73631950K(130940928K), 0.2107107 secs] [Times: user=2.64 sys=0.53, real=0.21 secs] 
2024-03-23T08:38:53.852+0800: 143209.273: [GC (Allocation Failure) 2024-03-23T08:38:53.852+0800: 143209.273: [ParNew: 20534467K->855085K(22937600K), 0.1913420 secs] 93292750K->73644060K(130940928K), 0.1916993 secs] [Times: user=2.58 sys=0.29, real=0.19 secs] 
2024-03-23T08:39:07.528+0800: 143222.948: [GC (Allocation Failure) 2024-03-23T08:39:07.528+0800: 143222.949: [ParNew: 20515885K->896432K(22937600K), 0.1832676 secs] 93304860K->73713592K(130940928K), 0.1836246 secs] [Times: user=1.73 sys=0.95, real=0.18 secs] 
2024-03-23T08:39:25.108+0800: 143240.529: [GC (Allocation Failure) 2024-03-23T08:39:25.108+0800: 143240.529: [ParNew: 20557232K->861811K(22937600K), 0.2420901 secs] 93374392K->73714480K(130940928K), 0.2424304 secs] [Times: user=2.39 sys=1.18, real=0.24 secs] 
2024-03-23T08:39:40.103+0800: 143255.524: [GC (Allocation Failure) 2024-03-23T08:39:40.103+0800: 143255.524: [ParNew: 20522611K->822803K(22937600K), 0.2068413 secs] 93375280K->73711693K(130940928K), 0.2071186 secs] [Times: user=2.58 sys=0.23, real=0.21 secs] 
2024-03-23T08:39:52.523+0800: 143267.944: [GC (Allocation Failure) 2024-03-23T08:39:52.523+0800: 143267.944: [ParNew: 20483603K->845114K(22937600K), 0.1940754 secs] 93372493K->73769185K(130940928K), 0.1943718 secs] [Times: user=2.53 sys=0.17, real=0.20 secs] 
2024-03-23T08:40:06.258+0800: 143281.679: [GC (Allocation Failure) 2024-03-23T08:40:06.258+0800: 143281.679: [ParNew: 20505914K->805376K(22937600K), 0.2043594 secs] 93429985K->73766716K(130940928K), 0.2046445 secs] [Times: user=1.83 sys=1.01, real=0.20 secs] 
2024-03-23T08:40:20.605+0800: 143296.026: [GC (Allocation Failure) 2024-03-23T08:40:20.605+0800: 143296.026: [ParNew: 20466176K->868853K(22937600K), 0.1781811 secs] 93427516K->73868798K(130940928K), 0.1785496 secs] [Times: user=1.92 sys=0.66, real=0.18 secs] 
2024-03-23T08:40:34.993+0800: 143310.414: [GC (Allocation Failure) 2024-03-23T08:40:34.994+0800: 143310.415: [ParNew: 20529653K->838915K(22937600K), 0.2701577 secs] 93529598K->73872461K(130940928K), 0.2705439 secs] [Times: user=2.73 sys=1.47, real=0.27 secs] 
2024-03-23T08:40:49.104+0800: 143324.525: [GC (Allocation Failure) 2024-03-23T08:40:49.104+0800: 143324.525: [ParNew: 20499715K->817663K(22937600K), 0.1929643 secs] 93533261K->73880766K(130940928K), 0.1933196 secs] [Times: user=2.56 sys=0.27, real=0.20 secs] 
2024-03-23T08:41:04.533+0800: 143339.954: [GC (Allocation Failure) 2024-03-23T08:41:04.534+0800: 143339.954: [ParNew: 20478463K->823917K(22937600K), 0.1801968 secs] 93541566K->73923793K(130940928K), 0.1805823 secs] [Times: user=2.42 sys=0.25, real=0.18 secs] 
2024-03-23T08:41:19.322+0800: 143354.743: [GC (Allocation Failure) 2024-03-23T08:41:19.322+0800: 143354.743: [ParNew: 20484717K->878784K(22937600K), 0.1743135 secs] 93584593K->74014184K(130940928K), 0.1746770 secs] [Times: user=2.53 sys=0.04, real=0.17 secs] 
2024-03-23T08:41:35.254+0800: 143370.675: [GC (Allocation Failure) 2024-03-23T08:41:35.254+0800: 143370.675: [ParNew: 20539584K->786131K(22937600K), 0.2587923 secs] 93674984K->73954057K(130940928K), 0.2591760 secs] [Times: user=2.70 sys=1.32, real=0.26 secs] 
2024-03-23T08:41:49.349+0800: 143384.770: [GC (Allocation Failure) 2024-03-23T08:41:49.349+0800: 143384.770: [ParNew: 20446931K->835638K(22937600K), 0.2153730 secs] 93614857K->74043978K(130940928K), 0.2157263 secs] [Times: user=2.74 sys=0.48, real=0.21 secs] 
2024-03-23T08:42:03.121+0800: 143398.542: [GC (Allocation Failure) 2024-03-23T08:42:03.122+0800: 143398.542: [ParNew: 20496438K->835430K(22937600K), 0.2069502 secs] 93704778K->74084724K(130940928K), 0.2072752 secs] [Times: user=2.61 sys=0.31, real=0.21 secs] 
2024-03-23T08:42:16.887+0800: 143412.307: [GC (Allocation Failure) 2024-03-23T08:42:16.887+0800: 143412.308: [ParNew: 20496230K->858525K(22937600K), 0.2001494 secs] 93745524K->74148563K(130940928K), 0.2004464 secs] [Times: user=2.61 sys=0.20, real=0.20 secs] 
2024-03-23T08:42:31.476+0800: 143426.897: [GC (Allocation Failure) 2024-03-23T08:42:31.477+0800: 143426.897: [ParNew: 20519325K->840782K(22937600K), 0.2401130 secs] 93809363K->74169157K(130940928K), 0.2404233 secs] [Times: user=2.48 sys=1.01, real=0.24 secs] 
2024-03-23T08:42:44.167+0800: 143439.588: [GC (Allocation Failure) 2024-03-23T08:42:44.167+0800: 143439.588: [ParNew: 20501582K->760665K(22937600K), 0.2109313 secs] 93829957K->74117132K(130940928K), 0.2112384 secs] [Times: user=1.92 sys=1.11, real=0.22 secs] 
2024-03-23T08:42:56.615+0800: 143452.036: [GC (Allocation Failure) 2024-03-23T08:42:56.616+0800: 143452.036: [ParNew: 20421465K->728785K(22937600K), 0.1764964 secs] 93777932K->74112746K(130940928K), 0.1768551 secs] [Times: user=2.40 sys=0.18, real=0.18 secs] 
2024-03-23T08:43:09.893+0800: 143465.314: [GC (Allocation Failure) 2024-03-23T08:43:09.893+0800: 143465.314: [ParNew: 20389585K->785700K(22937600K), 0.1703802 secs] 93773546K->74194440K(130940928K), 0.1707250 secs] [Times: user=2.38 sys=0.16, real=0.17 secs] 
2024-03-23T08:43:22.966+0800: 143478.387: [GC (Allocation Failure) 2024-03-23T08:43:22.966+0800: 143478.387: [ParNew: 20446500K->794855K(22937600K), 0.1598653 secs] 93855240K->74228132K(130940928K), 0.1602210 secs] [Times: user=1.67 sys=0.67, real=0.16 secs] 
2024-03-23T08:43:36.255+0800: 143491.676: [GC (Allocation Failure) 2024-03-23T08:43:36.255+0800: 143491.676: [ParNew: 20455655K->778351K(22937600K), 0.2217438 secs] 93888932K->74241024K(130940928K), 0.2220983 secs] [Times: user=2.41 sys=1.03, real=0.22 secs] 
2024-03-23T08:43:50.358+0800: 143505.779: [GC (Allocation Failure) 2024-03-23T08:43:50.359+0800: 143505.779: [ParNew: 20439151K->789232K(22937600K), 0.1984176 secs] 93901824K->74283336K(130940928K), 0.1987638 secs] [Times: user=2.50 sys=0.50, real=0.19 secs] 
2024-03-23T08:44:02.475+0800: 143517.895: [GC (Allocation Failure) 2024-03-23T08:44:02.475+0800: 143517.896: [ParNew: 20450032K->743645K(22937600K), 0.1885934 secs] 93944136K->74273605K(130940928K), 0.1889559 secs] [Times: user=1.87 sys=0.91, real=0.19 secs] 
2024-03-23T08:44:15.286+0800: 143530.707: [GC (Allocation Failure) 2024-03-23T08:44:15.287+0800: 143530.707: [ParNew: 20404445K->780164K(22937600K), 0.1896870 secs] 93934405K->74346544K(130940928K), 0.1900317 secs] [Times: user=2.59 sys=0.21, real=0.19 secs] 
2024-03-23T08:44:30.120+0800: 143545.541: [GC (Allocation Failure) 2024-03-23T08:44:30.121+0800: 143545.541: [ParNew: 20440964K->853028K(22937600K), 0.1655539 secs] 94007344K->74450308K(130940928K), 0.1659180 secs] [Times: user=1.80 sys=0.61, real=0.16 secs] 
2024-03-23T08:44:45.684+0800: 143561.105: [GC (Allocation Failure) 2024-03-23T08:44:45.685+0800: 143561.105: [ParNew: 20513828K->857815K(22937600K), 0.2630399 secs] 94111108K->74487344K(130940928K), 0.2633992 secs] [Times: user=2.65 sys=1.54, real=0.27 secs] 
2024-03-23T08:45:01.223+0800: 143576.644: [GC (Allocation Failure) 2024-03-23T08:45:01.223+0800: 143576.644: [ParNew: 20518615K->733745K(22937600K), 0.1934962 secs] 94148144K->74408834K(130940928K), 0.1938225 secs] [Times: user=1.84 sys=1.09, real=0.19 secs] 
2024-03-23T08:45:15.600+0800: 143591.021: [GC (Allocation Failure) 2024-03-23T08:45:15.600+0800: 143591.021: [ParNew: 20394545K->756112K(22937600K), 0.1776290 secs] 94069634K->74466201K(130940928K), 0.1779588 secs] [Times: user=2.41 sys=0.25, real=0.18 secs] 
2024-03-23T08:45:28.760+0800: 143604.181: [GC (Allocation Failure) 2024-03-23T08:45:28.760+0800: 143604.181: [ParNew: 20416912K->817698K(22937600K), 0.1671284 secs] 94127001K->74560403K(130940928K), 0.1674712 secs] [Times: user=2.48 sys=0.02, real=0.17 secs] 
2024-03-23T08:45:40.163+0800: 143615.583: [GC (Allocation Failure) 2024-03-23T08:45:40.163+0800: 143615.584: [ParNew: 20478498K->788559K(22937600K), 0.2201274 secs] 94221203K->74556791K(130940928K), 0.2204792 secs] [Times: user=2.38 sys=1.05, real=0.22 secs] 
2024-03-23T08:45:51.103+0800: 143626.524: [GC (Allocation Failure) 2024-03-23T08:45:51.103+0800: 143626.524: [ParNew: 20449359K->699300K(22937600K), 0.1906263 secs] 94217591K->74499091K(130940928K), 0.1909655 secs] [Times: user=1.86 sys=1.00, real=0.19 secs] 
2024-03-23T08:46:00.495+0800: 143635.916: [GC (Allocation Failure) 2024-03-23T08:46:00.495+0800: 143635.916: [ParNew: 20360100K->736671K(22937600K), 0.1636291 secs] 94159891K->74562414K(130940928K), 0.1639476 secs] [Times: user=2.39 sys=0.04, real=0.17 secs] 
2024-03-23T08:46:10.329+0800: 143645.750: [GC (Allocation Failure) 2024-03-23T08:46:10.330+0800: 143645.750: [ParNew: 20397471K->766108K(22937600K), 0.1683826 secs] 94223214K->74625914K(130940928K), 0.1687340 secs] [Times: user=1.68 sys=0.77, real=0.17 secs] 
2024-03-23T08:46:19.767+0800: 143655.187: [GC (Allocation Failure) 2024-03-23T08:46:19.767+0800: 143655.188: [ParNew: 20426908K->723998K(22937600K), 0.1691703 secs] 94286714K->74619850K(130940928K), 0.1695079 secs] [Times: user=1.70 sys=0.74, real=0.17 secs] 
2024-03-23T08:46:29.343+0800: 143664.764: [GC (Allocation Failure) 2024-03-23T08:46:29.343+0800: 143664.764: [ParNew: 20384798K->708953K(22937600K), 0.1607097 secs] 94280650K->74636398K(130940928K), 0.1610497 secs] [Times: user=1.70 sys=0.63, real=0.16 secs] 
2024-03-23T08:46:39.814+0800: 143675.235: [GC (Allocation Failure) 2024-03-23T08:46:39.815+0800: 143675.235: [ParNew: 20369753K->658623K(22937600K), 0.2149532 secs] 94297198K->74620722K(130940928K), 0.2153409 secs] [Times: user=2.23 sys=1.13, real=0.22 secs] 
2024-03-23T08:46:49.932+0800: 143685.353: [GC (Allocation Failure) 2024-03-23T08:46:49.932+0800: 143685.353: [ParNew: 20319423K->609196K(22937600K), 0.1720918 secs] 94281522K->74609902K(130940928K), 0.1724179 secs] [Times: user=1.62 sys=0.89, real=0.17 secs] 
2024-03-23T08:47:06.296+0800: 143701.717: [GC (Allocation Failure) 2024-03-23T08:47:06.296+0800: 143701.717: [ParNew: 20269996K->602801K(22937600K), 0.1765896 secs] 94270702K->74637752K(130940928K), 0.1769347 secs] [Times: user=2.22 sys=0.42, real=0.18 secs] 
2024-03-23T08:47:23.282+0800: 143718.703: [GC (Allocation Failure) 2024-03-23T08:47:23.282+0800: 143718.703: [ParNew: 20263601K->572560K(22937600K), 0.1923760 secs] 94298552K->74651249K(130940928K), 0.1927422 secs] [Times: user=2.27 sys=0.59, real=0.19 secs] 
2024-03-23T08:47:40.523+0800: 143735.944: [GC (Allocation Failure) 2024-03-23T08:47:40.524+0800: 143735.944: [ParNew: 20233360K->593809K(22937600K), 0.3318794 secs] 94312049K->74708270K(130940928K), 0.3322217 secs] [Times: user=1.57 sys=3.78, real=0.33 secs] 
2024-03-23T08:47:57.079+0800: 143752.500: [GC (Allocation Failure) 2024-03-23T08:47:57.079+0800: 143752.500: [ParNew: 20254609K->465339K(22937600K), 0.1655940 secs] 94369070K->74613547K(130940928K), 0.1659232 secs] [Times: user=2.25 sys=0.21, real=0.16 secs] 
2024-03-23T08:48:13.013+0800: 143768.434: [GC (Allocation Failure) 2024-03-23T08:48:13.013+0800: 143768.434: [ParNew: 20126139K->455257K(22937600K), 0.1649501 secs] 94274347K->74637573K(130940928K), 0.1652751 secs] [Times: user=1.26 sys=1.19, real=0.17 secs] 
2024-03-23T08:48:25.722+0800: 143781.143: [GC (Allocation Failure) 2024-03-23T08:48:25.722+0800: 143781.143: [ParNew: 20116057K->407933K(22937600K), 0.1599740 secs] 94298373K->74626102K(130940928K), 0.1603094 secs] [Times: user=1.33 sys=0.98, real=0.16 secs] 
2024-03-23T08:48:35.465+0800: 143790.886: [GC (Allocation Failure) 2024-03-23T08:48:35.465+0800: 143790.886: [ParNew: 20068733K->348715K(22937600K), 0.1371326 secs] 94286902K->74601732K(130940928K), 0.1374760 secs] [Times: user=2.20 sys=0.00, real=0.14 secs] 
2024-03-23T08:48:46.297+0800: 143801.718: [GC (Allocation Failure) 2024-03-23T08:48:46.297+0800: 143801.718: [ParNew: 20009515K->402414K(22937600K), 0.2368456 secs] 94262532K->74684537K(130940928K), 0.2372157 secs] [Times: user=1.99 sys=1.74, real=0.24 secs] 
2024-03-23T08:48:56.687+0800: 143812.108: [GC (Allocation Failure) 2024-03-23T08:48:56.687+0800: 143812.108: [ParNew: 20063214K->329859K(22937600K), 0.1665909 secs] 94345337K->74640758K(130940928K), 0.1669313 secs] [Times: user=2.30 sys=0.19, real=0.17 secs] 
2024-03-23T08:49:06.852+0800: 143822.272: [GC (Allocation Failure) 2024-03-23T08:49:06.852+0800: 143822.273: [ParNew: 19990659K->283666K(22937600K), 0.1491654 secs] 94301558K->74621909K(130940928K), 0.1495177 secs] [Times: user=1.98 sys=0.21, real=0.15 secs] 
2024-03-23T08:49:17.180+0800: 143832.601: [GC (Allocation Failure) 2024-03-23T08:49:17.180+0800: 143832.601: [ParNew: 19944466K->279236K(22937600K), 0.1454326 secs] 94282709K->74637385K(130940928K), 0.1457818 secs] [Times: user=1.20 sys=0.95, real=0.14 secs] 
2024-03-23T08:49:28.911+0800: 143844.332: [GC (Allocation Failure) 2024-03-23T08:49:28.912+0800: 143844.332: [ParNew: 19940036K->261881K(22937600K), 0.1440011 secs] 94298185K->74637939K(130940928K), 0.1443411 secs] [Times: user=1.85 sys=0.18, real=0.14 secs] 
2024-03-23T08:49:39.927+0800: 143855.347: [GC (Allocation Failure) 2024-03-23T08:49:39.927+0800: 143855.348: [ParNew: 19922681K->245107K(22937600K), 0.2426172 secs] 94298739K->74635356K(130940928K), 0.2429069 secs] [Times: user=1.84 sys=1.91, real=0.25 secs] 
2024-03-23T08:49:51.995+0800: 143867.416: [GC (Allocation Failure) 2024-03-23T08:49:51.995+0800: 143867.416: [ParNew: 19905907K->257336K(22937600K), 0.1518117 secs] 94296156K->74661183K(130940928K), 0.1521014 secs] [Times: user=1.45 sys=0.65, real=0.15 secs] 
2024-03-23T08:50:02.715+0800: 143878.136: [GC (Allocation Failure) 2024-03-23T08:50:02.715+0800: 143878.136: [ParNew: 19918136K->262960K(22937600K), 0.1585175 secs] 94321983K->74672065K(130940928K), 0.1587771 secs] [Times: user=2.03 sys=0.23, real=0.16 secs] 
2024-03-23T08:50:14.266+0800: 143889.687: [GC (Allocation Failure) 2024-03-23T08:50:14.266+0800: 143889.687: [ParNew: 19923760K->268676K(22937600K), 0.1688653 secs] 94332865K->74686272K(130940928K), 0.1691693 secs] [Times: user=2.12 sys=0.31, real=0.17 secs] 
2024-03-23T08:50:26.986+0800: 143902.407: [GC (Allocation Failure) 2024-03-23T08:50:26.986+0800: 143902.407: [ParNew: 19929476K->272762K(22937600K), 0.1678379 secs] 94347072K->74700017K(130940928K), 0.1681642 secs] [Times: user=1.30 sys=1.09, real=0.17 secs] 
2024-03-23T08:50:47.221+0800: 143922.642: [GC (Allocation Failure) 2024-03-23T08:50:47.221+0800: 143922.642: [ParNew: 19933562K->264320K(22937600K), 0.2335484 secs] 94360817K->74701332K(130940928K), 0.2339323 secs] [Times: user=0.87 sys=2.89, real=0.23 secs] 
2024-03-23T08:51:08.648+0800: 143944.069: [GC (Allocation Failure) 2024-03-23T08:51:08.648+0800: 143944.069: [ParNew: 19925120K->252827K(22937600K), 0.1687134 secs] 94362132K->74700415K(130940928K), 0.1690730 secs] [Times: user=1.19 sys=1.48, real=0.16 secs] 
2024-03-23T08:51:28.785+0800: 143964.206: [GC (Allocation Failure) 2024-03-23T08:51:28.786+0800: 143964.206: [ParNew: 19913627K->274390K(22937600K), 0.1635708 secs] 94361215K->74732098K(130940928K), 0.1639171 secs] [Times: user=1.12 sys=1.44, real=0.17 secs] 
2024-03-23T08:51:46.853+0800: 143982.274: [GC (Allocation Failure) 2024-03-23T08:51:46.853+0800: 143982.274: [ParNew: 19935190K->255760K(22937600K), 0.2372322 secs] 94392898K->74729597K(130940928K), 0.2376029 secs] [Times: user=0.78 sys=2.72, real=0.24 secs] 
2024-03-23T08:52:04.635+0800: 144000.056: [GC (Allocation Failure) 2024-03-23T08:52:04.636+0800: 144000.056: [ParNew: 19916560K->288427K(22937600K), 0.1492146 secs] 94390397K->74773715K(130940928K), 0.1495802 secs] [Times: user=1.35 sys=0.89, real=0.15 secs] 
2024-03-23T08:52:22.722+0800: 144018.142: [GC (Allocation Failure) 2024-03-23T08:52:22.722+0800: 144018.143: [ParNew: 19949227K->270300K(22937600K), 0.1556637 secs] 94434515K->74766010K(130940928K), 0.1560075 secs] [Times: user=1.79 sys=0.63, real=0.16 secs] 
2024-03-23T08:52:42.599+0800: 144038.020: [GC (Allocation Failure) 2024-03-23T08:52:42.599+0800: 144038.020: [ParNew: 19931100K->269212K(22937600K), 0.1530125 secs] 94426810K->74770664K(130940928K), 0.1533724 secs] [Times: user=1.95 sys=0.38, real=0.15 secs] 
2024-03-23T08:53:02.446+0800: 144057.867: [GC (Allocation Failure) 2024-03-23T08:53:02.446+0800: 144057.867: [ParNew: 19930012K->298213K(22937600K), 0.2462566 secs] 94431464K->74805136K(130940928K), 0.2466152 secs] [Times: user=1.84 sys=2.16, real=0.25 secs] 
2024-03-23T08:53:24.580+0800: 144080.000: [GC (Allocation Failure) 2024-03-23T08:53:24.580+0800: 144080.001: [ParNew: 19959013K->309018K(22937600K), 0.1698526 secs] 94465936K->74821937K(130940928K), 0.1701923 secs] [Times: user=1.03 sys=1.63, real=0.17 secs] 
2024-03-23T08:53:46.101+0800: 144101.522: [GC (Allocation Failure) 2024-03-23T08:53:46.102+0800: 144101.522: [ParNew: 19969818K->313947K(22937600K), 0.1479605 secs] 94482737K->74831834K(130940928K), 0.1483007 secs] [Times: user=1.04 sys=1.28, real=0.15 secs] 
2024-03-23T08:54:08.316+0800: 144123.737: [GC (Allocation Failure) 2024-03-23T08:54:08.316+0800: 144123.737: [ParNew: 19974747K->335167K(22937600K), 0.2434035 secs] 94492634K->74859603K(130940928K), 0.2437555 secs] [Times: user=1.10 sys=2.93, real=0.25 secs] 
2024-03-23T08:54:31.931+0800: 144147.352: [GC (Allocation Failure) 2024-03-23T08:54:31.931+0800: 144147.352: [ParNew: 19995967K->360476K(22937600K), 0.1724580 secs] 94520403K->74892611K(130940928K), 0.1728012 secs] [Times: user=1.01 sys=1.33, real=0.17 secs] 
2024-03-23T08:54:51.054+0800: 144166.475: [GC (Allocation Failure) 2024-03-23T08:54:51.054+0800: 144166.475: [ParNew: 20021276K->338960K(22937600K), 0.1542008 secs] 94553411K->74877753K(130940928K), 0.1545464 secs] [Times: user=1.24 sys=1.12, real=0.16 secs] 
2024-03-23T08:55:09.568+0800: 144184.989: [GC (Allocation Failure) 2024-03-23T08:55:09.568+0800: 144184.989: [ParNew: 19999760K->339548K(22937600K), 0.2559557 secs] 94538553K->74883782K(130940928K), 0.2563042 secs] [Times: user=2.03 sys=2.10, real=0.25 secs] 
2024-03-23T08:55:29.711+0800: 144205.132: [GC (Allocation Failure) 2024-03-23T08:55:29.711+0800: 144205.132: [ParNew: 20000348K->355228K(22937600K), 0.1675004 secs] 94544582K->74905122K(130940928K), 0.1678174 secs] [Times: user=1.77 sys=0.82, real=0.17 secs] 
2024-03-23T08:55:49.030+0800: 144224.451: [GC (Allocation Failure) 2024-03-23T08:55:49.030+0800: 144224.451: [ParNew: 20016028K->356955K(22937600K), 0.1574961 secs] 94565922K->74913625K(130940928K), 0.1578392 secs] [Times: user=1.80 sys=0.64, real=0.16 secs] 
2024-03-23T08:56:08.025+0800: 144243.446: [GC (Allocation Failure) 2024-03-23T08:56:08.025+0800: 144243.446: [ParNew: 20017755K->349072K(22937600K), 0.2293872 secs] 94574425K->74914595K(130940928K), 0.2297603 secs] [Times: user=1.88 sys=1.82, real=0.23 secs] 
2024-03-23T08:56:25.040+0800: 144260.460: [GC (Allocation Failure) 2024-03-23T08:56:25.040+0800: 144260.461: [ParNew: 20009872K->315308K(22937600K), 0.1600751 secs] 94575395K->74889652K(130940928K), 0.1603953 secs] [Times: user=1.23 sys=1.24, real=0.16 secs] 
2024-03-23T08:56:39.551+0800: 144274.972: [GC (Allocation Failure) 2024-03-23T08:56:39.551+0800: 144274.972: [ParNew: 19976108K->375397K(22937600K), 0.1512824 secs] 94550452K->74961452K(130940928K), 0.1516236 secs] [Times: user=1.21 sys=1.08, real=0.15 secs] 
2024-03-23T08:56:55.423+0800: 144290.844: [GC (Allocation Failure) 2024-03-23T08:56:55.423+0800: 144290.844: [ParNew: 20036197K->334384K(22937600K), 0.1480096 secs] 94622252K->74935461K(130940928K), 0.1483738 secs] [Times: user=1.99 sys=0.24, real=0.15 secs] 
2024-03-23T08:57:11.279+0800: 144306.699: [GC (Allocation Failure) 2024-03-23T08:57:11.279+0800: 144306.700: [ParNew: 19995184K->331327K(22937600K), 0.2379965 secs] 94596261K->74944528K(130940928K), 0.2383511 secs] [Times: user=1.99 sys=1.89, real=0.23 secs] 
2024-03-23T08:57:27.814+0800: 144323.235: [GC (Allocation Failure) 2024-03-23T08:57:27.814+0800: 144323.235: [ParNew: 19992127K->316778K(22937600K), 0.1773544 secs] 94605328K->74948526K(130940928K), 0.1777084 secs] [Times: user=1.42 sys=1.31, real=0.18 secs] 
2024-03-23T08:57:42.937+0800: 144338.358: [GC (Allocation Failure) 2024-03-23T08:57:42.937+0800: 144338.358: [ParNew: 19977578K->323512K(22937600K), 0.1608985 secs] 94609326K->74971993K(130940928K), 0.1612368 secs] [Times: user=1.95 sys=0.45, real=0.17 secs] 
2024-03-23T08:57:56.531+0800: 144351.952: [GC (Allocation Failure) 2024-03-23T08:57:56.531+0800: 144351.952: [ParNew: 19984312K->296374K(22937600K), 0.1464331 secs] 94632793K->74961645K(130940928K), 0.1468027 secs] [Times: user=1.15 sys=1.00, real=0.15 secs] 
2024-03-23T08:58:12.905+0800: 144368.326: [GC (Allocation Failure) 2024-03-23T08:58:12.905+0800: 144368.326: [ParNew: 19957174K->321266K(22937600K), 0.2315769 secs] 94622445K->74997199K(130940928K), 0.2319125 secs] [Times: user=1.77 sys=1.85, real=0.23 secs] 
2024-03-23T08:58:27.530+0800: 144382.951: [GC (Allocation Failure) 2024-03-23T08:58:27.531+0800: 144382.951: [ParNew: 19982066K->324166K(22937600K), 0.1721509 secs] 94657999K->75013735K(130940928K), 0.1724420 secs] [Times: user=1.43 sys=1.04, real=0.17 secs] 
2024-03-23T08:58:43.134+0800: 144398.555: [GC (Allocation Failure) 2024-03-23T08:58:43.134+0800: 144398.555: [ParNew: 19984966K->292742K(22937600K), 0.1497053 secs] 94674535K->74989437K(130940928K), 0.1500557 secs] [Times: user=1.07 sys=1.19, real=0.15 secs] 
2024-03-23T08:58:59.271+0800: 144414.692: [GC (Allocation Failure) 2024-03-23T08:58:59.271+0800: 144414.692: [ParNew: 19953542K->319108K(22937600K), 0.1491932 secs] 94650237K->75026632K(130940928K), 0.1495494 secs] [Times: user=1.11 sys=1.14, real=0.15 secs] 
2024-03-23T08:59:13.386+0800: 144428.807: [GC (Allocation Failure) 2024-03-23T08:59:13.386+0800: 144428.807: [ParNew: 19979908K->314953K(22937600K), 0.2298666 secs] 94687432K->75034334K(130940928K), 0.2302427 secs] [Times: user=1.90 sys=1.74, real=0.23 secs] 
2024-03-23T08:59:29.290+0800: 144444.711: [GC (Allocation Failure) 2024-03-23T08:59:29.290+0800: 144444.711: [ParNew: 19975753K->313277K(22937600K), 0.1480671 secs] 94695134K->75041752K(130940928K), 0.1484145 secs] [Times: user=1.29 sys=0.94, real=0.15 secs] 
2024-03-23T08:59:44.936+0800: 144460.357: [GC (Allocation Failure) 2024-03-23T08:59:44.936+0800: 144460.357: [ParNew: 19974077K->343730K(22937600K), 0.1514139 secs] 94702552K->75080315K(130940928K), 0.1517662 secs] [Times: user=1.11 sys=1.20, real=0.16 secs] 
2024-03-23T08:59:59.049+0800: 144474.470: [GC (Allocation Failure) 2024-03-23T08:59:59.049+0800: 144474.470: [ParNew: 20004530K->354262K(22937600K), 0.1475868 secs] 94741115K->75099883K(130940928K), 0.1479295 secs] [Times: user=1.14 sys=1.12, real=0.14 secs] 
2024-03-23T09:00:14.149+0800: 144489.570: [GC (Allocation Failure) 2024-03-23T09:00:14.149+0800: 144489.570: [ParNew: 20015062K->336311K(22937600K), 0.2301164 secs] 94760683K->75091559K(130940928K), 0.2304263 secs] [Times: user=1.80 sys=1.94, real=0.23 secs] 
2024-03-23T09:00:31.593+0800: 144507.014: [GC (Allocation Failure) 2024-03-23T09:00:31.593+0800: 144507.014: [ParNew: 19997111K->361793K(22937600K), 0.1498350 secs] 94752359K->75125998K(130940928K), 0.1501985 secs] [Times: user=1.34 sys=0.95, real=0.15 secs] 
2024-03-23T09:00:48.354+0800: 144523.774: [GC (Allocation Failure) 2024-03-23T09:00:48.354+0800: 144523.775: [ParNew: 20022593K->386241K(22937600K), 0.1739610 secs] 94786798K->75161159K(130940928K), 0.1743117 secs] [Times: user=1.36 sys=1.34, real=0.18 secs] 
2024-03-23T09:01:04.735+0800: 144540.155: [GC (Allocation Failure) 2024-03-23T09:01:04.735+0800: 144540.156: [ParNew: 20047041K->415373K(22937600K), 0.1638842 secs] 94821959K->75200418K(130940928K), 0.1642228 secs] [Times: user=2.06 sys=0.43, real=0.17 secs] 
2024-03-23T09:01:19.053+0800: 144554.474: [GC (Allocation Failure) 2024-03-23T09:01:19.053+0800: 144554.474: [ParNew: 20076173K->420085K(22937600K), 0.3192778 secs] 94861218K->75217034K(130940928K), 0.3196516 secs] [Times: user=1.65 sys=3.61, real=0.32 secs] 
2024-03-23T09:01:34.631+0800: 144570.052: [GC (Allocation Failure) 2024-03-23T09:01:34.631+0800: 144570.052: [ParNew: 20080885K->400413K(22937600K), 0.1615146 secs] 94877834K->75215083K(130940928K), 0.1618757 secs] [Times: user=1.47 sys=1.01, real=0.16 secs] 
2024-03-23T09:01:52.416+0800: 144587.836: [GC (Allocation Failure) 2024-03-23T09:01:52.416+0800: 144587.837: [ParNew: 20061213K->381550K(22937600K), 0.1687515 secs] 94875883K->75214183K(130940928K), 0.1690814 secs] [Times: user=2.03 sys=0.58, real=0.17 secs] 
2024-03-23T09:02:07.220+0800: 144602.641: [GC (Allocation Failure) 2024-03-23T09:02:07.221+0800: 144602.641: [ParNew: 20042350K->430839K(22937600K), 0.1594571 secs] 94874983K->75275068K(130940928K), 0.1597930 secs] [Times: user=1.26 sys=1.18, real=0.16 secs] 
2024-03-23T09:02:21.548+0800: 144616.969: [GC (Allocation Failure) 2024-03-23T09:02:21.548+0800: 144616.969: [ParNew: 20091639K->408319K(22937600K), 0.3571250 secs] 94935868K->75273052K(130940928K), 0.3574959 secs] [Times: user=1.48 sys=4.48, real=0.35 secs] 
2024-03-23T09:02:38.778+0800: 144634.198: [GC (Allocation Failure) 2024-03-23T09:02:38.778+0800: 144634.199: [ParNew: 20069119K->370144K(22937600K), 0.1889408 secs] 94933852K->75246667K(130940928K), 0.1892947 secs] [Times: user=1.81 sys=1.15, real=0.18 secs] 
2024-03-23T09:02:55.362+0800: 144650.782: [GC (Allocation Failure) 2024-03-23T09:02:55.362+0800: 144650.783: [ParNew: 20030944K->356613K(22937600K), 0.1671175 secs] 94907467K->75251354K(130940928K), 0.1674550 secs] [Times: user=2.06 sys=0.48, real=0.17 secs] 
2024-03-23T09:03:11.105+0800: 144666.526: [GC (Allocation Failure) 2024-03-23T09:03:11.106+0800: 144666.526: [ParNew: 20017413K->377472K(22937600K), 0.1588891 secs] 94912154K->75286517K(130940928K), 0.1592480 secs] [Times: user=2.07 sys=0.38, real=0.16 secs] 
2024-03-23T09:03:25.991+0800: 144681.412: [GC (Allocation Failure) 2024-03-23T09:03:25.992+0800: 144681.412: [ParNew: 20038272K->372253K(22937600K), 0.2184100 secs] 94947317K->75292302K(130940928K), 0.2187890 secs] [Times: user=1.89 sys=1.63, real=0.22 secs] 
2024-03-23T09:03:40.439+0800: 144695.860: [GC (Allocation Failure) 2024-03-23T09:03:40.439+0800: 144695.860: [ParNew: 20033053K->345957K(22937600K), 0.1546511 secs] 94953102K->75279805K(130940928K), 0.1550107 secs] [Times: user=1.38 sys=0.28, real=0.15 secs] 
2024-03-23T09:03:53.344+0800: 144708.764: [GC (Allocation Failure) 2024-03-23T09:03:53.344+0800: 144708.765: [ParNew: 20006757K->402647K(22937600K), 0.1603762 secs] 94940605K->75348019K(130940928K), 0.1607220 secs] [Times: user=2.16 sys=0.23, real=0.16 secs] 
2024-03-23T09:04:08.174+0800: 144723.595: [GC (Allocation Failure) 2024-03-23T09:04:08.174+0800: 144723.595: [ParNew: 20063447K->401703K(22937600K), 0.1666238 secs] 95008819K->75362672K(130940928K), 0.1669752 secs] [Times: user=2.10 sys=0.39, real=0.17 secs] 
2024-03-23T09:04:23.097+0800: 144738.518: [GC (Allocation Failure) 2024-03-23T09:04:23.097+0800: 144738.518: [ParNew: 20062503K->411566K(22937600K), 0.2393702 secs] 95023472K->75387309K(130940928K), 0.2397425 secs] [Times: user=2.00 sys=1.80, real=0.24 secs] 
2024-03-23T09:04:38.810+0800: 144754.231: [GC (Allocation Failure) 2024-03-23T09:04:38.810+0800: 144754.231: [ParNew: 20072366K->410103K(22937600K), 0.1672230 secs] 95048109K->75402562K(130940928K), 0.1675669 secs] [Times: user=1.70 sys=0.83, real=0.16 secs] 
2024-03-23T09:04:55.685+0800: 144771.106: [GC (Allocation Failure) 2024-03-23T09:04:55.685+0800: 144771.106: [ParNew: 20070903K->385019K(22937600K), 0.1670137 secs] 95063362K->75399760K(130940928K), 0.1673519 secs] [Times: user=1.26 sys=1.28, real=0.17 secs] 
2024-03-23T09:05:12.828+0800: 144788.249: [GC (Allocation Failure) 2024-03-23T09:05:12.828+0800: 144788.249: [ParNew: 20045819K->413745K(22937600K), 0.1646879 secs] 95060560K->75446280K(130940928K), 0.1650399 secs] [Times: user=2.04 sys=0.47, real=0.16 secs] 
2024-03-23T09:05:29.556+0800: 144804.976: [GC (Allocation Failure) 2024-03-23T09:05:29.556+0800: 144804.977: [ParNew: 20074545K->412969K(22937600K), 0.2255230 secs] 95107080K->75459528K(130940928K), 0.2259258 secs] [Times: user=1.82 sys=1.82, real=0.23 secs] 
2024-03-23T09:05:44.534+0800: 144819.955: [GC (Allocation Failure) 2024-03-23T09:05:44.534+0800: 144819.955: [ParNew: 20073769K->411549K(22937600K), 0.1510564 secs] 95120328K->75477042K(130940928K), 0.1513836 secs] [Times: user=2.20 sys=0.08, real=0.15 secs] 
2024-03-23T09:05:59.032+0800: 144834.453: [GC (Allocation Failure) 2024-03-23T09:05:59.032+0800: 144834.453: [ParNew: 20072349K->417168K(22937600K), 0.1617864 secs] 95137842K->75501398K(130940928K), 0.1621245 secs] [Times: user=2.02 sys=0.45, real=0.16 secs] 
2024-03-23T09:06:14.716+0800: 144850.137: [GC (Allocation Failure) 2024-03-23T09:06:14.717+0800: 144850.137: [ParNew: 20077968K->435133K(22937600K), 0.1585170 secs] 95162198K->75530891K(130940928K), 0.1588552 secs] [Times: user=2.03 sys=0.40, real=0.16 secs] 
2024-03-23T09:06:28.996+0800: 144864.417: [GC (Allocation Failure) 2024-03-23T09:06:28.996+0800: 144864.417: [ParNew: 20095933K->413313K(22937600K), 0.1394074 secs] 95191691K->75526540K(130940928K), 0.1397691 secs] [Times: user=1.50 sys=0.57, real=0.14 secs] 
2024-03-23T09:06:42.834+0800: 144878.255: [GC (Allocation Failure) 2024-03-23T09:06:42.834+0800: 144878.255: [ParNew: 20074113K->432691K(22937600K), 0.2327759 secs] 95187340K->75563155K(130940928K), 0.2331423 secs] [Times: user=2.01 sys=1.67, real=0.23 secs] 
2024-03-23T09:06:55.371+0800: 144890.792: [GC (Allocation Failure) 2024-03-23T09:06:55.371+0800: 144890.792: [ParNew: 20093491K->470403K(22937600K), 0.1564908 secs] 95223955K->75611920K(130940928K), 0.1568265 secs] [Times: user=1.35 sys=1.02, real=0.16 secs] 
2024-03-23T09:07:09.962+0800: 144905.383: [GC (Allocation Failure) 2024-03-23T09:07:09.962+0800: 144905.383: [ParNew: 20131203K->430264K(22937600K), 0.1554460 secs] 95272720K->75582354K(130940928K), 0.1557932 secs] [Times: user=1.27 sys=1.09, real=0.16 secs] 
2024-03-23T09:07:26.032+0800: 144921.453: [GC (Allocation Failure) 2024-03-23T09:07:26.032+0800: 144921.453: [ParNew: 20091064K->419655K(22937600K), 0.1479460 secs] 95243154K->75582984K(130940928K), 0.1482882 secs] [Times: user=1.90 sys=0.32, real=0.15 secs] 
2024-03-23T09:07:41.774+0800: 144937.195: [GC (Allocation Failure) 2024-03-23T09:07:41.775+0800: 144937.195: [ParNew: 20080455K->404121K(22937600K), 0.2180891 secs] 95243784K->75584991K(130940928K), 0.2184676 secs] [Times: user=1.85 sys=1.62, real=0.22 secs] 
2024-03-23T09:07:59.967+0800: 144955.388: [GC (Allocation Failure) 2024-03-23T09:07:59.967+0800: 144955.388: [ParNew: 20064921K->371856K(22937600K), 0.1666225 secs] 95245791K->75570568K(130940928K), 0.1669664 secs] [Times: user=2.12 sys=0.44, real=0.17 secs] 
2024-03-23T09:08:17.307+0800: 144972.728: [GC (Allocation Failure) 2024-03-23T09:08:17.307+0800: 144972.728: [ParNew: 20032656K->359445K(22937600K), 0.1594443 secs] 95231368K->75576754K(130940928K), 0.1597863 secs] [Times: user=1.15 sys=1.18, real=0.16 secs] 
2024-03-23T09:08:35.591+0800: 144991.012: [GC (Allocation Failure) 2024-03-23T09:08:35.591+0800: 144991.012: [ParNew: 20020245K->349691K(22937600K), 0.1411012 secs] 95237554K->75588026K(130940928K), 0.1414410 secs] [Times: user=1.98 sys=0.14, real=0.14 secs] 
2024-03-23T09:08:52.416+0800: 145007.837: [GC (Allocation Failure) 2024-03-23T09:08:52.416+0800: 145007.837: [ParNew: 20010491K->341318K(22937600K), 0.2393907 secs] 95248826K->75596897K(130940928K), 0.2397550 secs] [Times: user=1.71 sys=2.16, real=0.24 secs] 
2024-03-23T09:09:09.492+0800: 145024.913: [GC (Allocation Failure) 2024-03-23T09:09:09.492+0800: 145024.913: [ParNew: 20002118K->382147K(22937600K), 0.1675813 secs] 95257697K->75654511K(130940928K), 0.1679199 secs] [Times: user=1.29 sys=1.33, real=0.17 secs] 
2024-03-23T09:09:25.757+0800: 145041.178: [GC (Allocation Failure) 2024-03-23T09:09:25.757+0800: 145041.178: [ParNew: 20042947K->353514K(22937600K), 0.1598043 secs] 95315311K->75640122K(130940928K), 0.1601348 secs] [Times: user=1.20 sys=1.27, real=0.16 secs] 
2024-03-23T09:09:41.782+0800: 145057.203: [GC (Allocation Failure) 2024-03-23T09:09:41.782+0800: 145057.203: [ParNew: 20014314K->324113K(22937600K), 0.2258242 secs] 95300922K->75633030K(130940928K), 0.2261623 secs] [Times: user=1.82 sys=1.56, real=0.23 secs] 
2024-03-23T09:09:58.435+0800: 145073.856: [GC (Allocation Failure) 2024-03-23T09:09:58.435+0800: 145073.856: [ParNew: 19984913K->311918K(22937600K), 0.1455677 secs] 95293830K->75638919K(130940928K), 0.1459098 secs] [Times: user=1.32 sys=0.86, real=0.15 secs] 
2024-03-23T09:10:11.467+0800: 145086.888: [GC (Allocation Failure) 2024-03-23T09:10:11.467+0800: 145086.888: [ParNew: 19972718K->329744K(22937600K), 0.1551856 secs] 95299719K->75677134K(130940928K), 0.1555374 secs] [Times: user=2.02 sys=0.33, real=0.16 secs] 
2024-03-23T09:10:25.317+0800: 145100.738: [GC (Allocation Failure) 2024-03-23T09:10:25.317+0800: 145100.738: [ParNew: 19990544K->293610K(22937600K), 0.1578208 secs] 95337934K->75659417K(130940928K), 0.1581679 secs] [Times: user=2.07 sys=0.36, real=0.16 secs] 
2024-03-23T09:10:40.740+0800: 145116.161: [GC (Allocation Failure) 2024-03-23T09:10:40.740+0800: 145116.161: [ParNew: 19954410K->291474K(22937600K), 0.1418320 secs] 95320217K->75675968K(130940928K), 0.1421874 secs] [Times: user=2.20 sys=0.00, real=0.14 secs] 
2024-03-23T09:10:57.626+0800: 145133.047: [GC (Allocation Failure) 2024-03-23T09:10:57.626+0800: 145133.047: [ParNew: 19952274K->311442K(22937600K), 0.2407400 secs] 95336768K->75714587K(130940928K), 0.2410923 secs] [Times: user=2.00 sys=1.91, real=0.24 secs] 
2024-03-23T09:11:14.081+0800: 145149.502: [GC (Allocation Failure) 2024-03-23T09:11:14.081+0800: 145149.502: [ParNew: 19972242K->295321K(22937600K), 0.1641862 secs] 95375387K->75711962K(130940928K), 0.1645347 secs] [Times: user=1.99 sys=0.55, real=0.16 secs] 
2024-03-23T09:11:28.762+0800: 145164.183: [GC (Allocation Failure) 2024-03-23T09:11:28.762+0800: 145164.183: [ParNew: 19956121K->320228K(22937600K), 0.1578219 secs] 95372762K->75745798K(130940928K), 0.1581603 secs] [Times: user=2.01 sys=0.46, real=0.16 secs] 
2024-03-23T09:11:42.770+0800: 145178.191: [GC (Allocation Failure) 2024-03-23T09:11:42.771+0800: 145178.191: [ParNew: 19981028K->323600K(22937600K), 0.1293983 secs] 95406598K->75756132K(130940928K), 0.1297487 secs] [Times: user=2.11 sys=0.00, real=0.13 secs] 
2024-03-23T09:11:57.266+0800: 145192.687: [GC (Allocation Failure) 2024-03-23T09:11:57.267+0800: 145192.688: [ParNew: 19984400K->353364K(22937600K), 0.2369138 secs] 95416932K->75794305K(130940928K), 0.2372849 secs] [Times: user=1.82 sys=2.02, real=0.24 secs] 
2024-03-23T09:12:13.107+0800: 145208.528: [GC (Allocation Failure) 2024-03-23T09:12:13.107+0800: 145208.528: [ParNew: 20014164K->374378K(22937600K), 0.1668533 secs] 95455105K->75826541K(130940928K), 0.1671951 secs] [Times: user=1.31 sys=1.25, real=0.17 secs] 
2024-03-23T09:12:29.106+0800: 145224.526: [GC (Allocation Failure) 2024-03-23T09:12:29.106+0800: 145224.527: [ParNew: 20035178K->382071K(22937600K), 0.1654914 secs] 95487341K->75850436K(130940928K), 0.1658437 secs] [Times: user=2.02 sys=0.50, real=0.17 secs] 
2024-03-23T09:12:43.954+0800: 145239.375: [GC (Allocation Failure) 2024-03-23T09:12:43.954+0800: 145239.375: [ParNew: 20042871K->387526K(22937600K), 0.1427169 secs] 95511236K->75873356K(130940928K), 0.1430630 secs] [Times: user=2.17 sys=0.00, real=0.14 secs] 
2024-03-23T09:12:59.043+0800: 145254.464: [GC (Allocation Failure) 2024-03-23T09:12:59.043+0800: 145254.464: [ParNew: 20048326K->433750K(22937600K), 0.2409233 secs] 95534156K->75934074K(130940928K), 0.2412692 secs] [Times: user=2.04 sys=1.83, real=0.24 secs] 
2024-03-23T09:13:15.244+0800: 145270.665: [GC (Allocation Failure) 2024-03-23T09:13:15.244+0800: 145270.665: [ParNew: 20094550K->452130K(22937600K), 0.1659997 secs] 95594874K->75963638K(130940928K), 0.1662966 secs] [Times: user=2.01 sys=0.54, real=0.17 secs] 
2024-03-23T09:13:31.301+0800: 145286.722: [GC (Allocation Failure) 2024-03-23T09:13:31.301+0800: 145286.722: [ParNew: 20112930K->429807K(22937600K), 0.1652445 secs] 95624438K->75950347K(130940928K), 0.1655767 secs] [Times: user=2.11 sys=0.44, real=0.16 secs] 
2024-03-23T09:13:47.254+0800: 145302.675: [GC (Allocation Failure) 2024-03-23T09:13:47.254+0800: 145302.675: [ParNew: 20090607K->428654K(22937600K), 0.1442371 secs] 95611147K->75959065K(130940928K), 0.1445890 secs] [Times: user=1.48 sys=0.62, real=0.15 secs] 
2024-03-23T09:14:05.678+0800: 145321.098: [GC (Allocation Failure) 2024-03-23T09:14:05.678+0800: 145321.099: [ParNew: 20089454K->453180K(22937600K), 0.2309325 secs] 95619865K->75993993K(130940928K), 0.2312764 secs] [Times: user=1.23 sys=2.49, real=0.23 secs] 
2024-03-23T09:14:22.947+0800: 145338.368: [GC (Allocation Failure) 2024-03-23T09:14:22.947+0800: 145338.368: [ParNew: 20113980K->422921K(22937600K), 0.1637695 secs] 95654793K->75979289K(130940928K), 0.1641035 secs] [Times: user=1.22 sys=1.29, real=0.17 secs] 
2024-03-23T09:14:40.063+0800: 145355.483: [GC (Allocation Failure) 2024-03-23T09:14:40.063+0800: 145355.484: [ParNew: 20083721K->415608K(22937600K), 0.1594219 secs] 95640089K->75986795K(130940928K), 0.1597560 secs] [Times: user=1.92 sys=0.51, real=0.16 secs] 
2024-03-23T09:14:56.604+0800: 145372.025: [GC (Allocation Failure) 2024-03-23T09:14:56.605+0800: 145372.025: [ParNew: 20076408K->421694K(22937600K), 0.2286656 secs] 95647595K->76006866K(130940928K), 0.2290258 secs] [Times: user=1.86 sys=1.80, real=0.23 secs] 
2024-03-23T09:15:13.931+0800: 145389.352: [GC (Allocation Failure) 2024-03-23T09:15:13.931+0800: 145389.352: [ParNew: 20082494K->412711K(22937600K), 0.1481285 secs] 95667666K->76011000K(130940928K), 0.1484677 secs] [Times: user=2.09 sys=0.13, real=0.15 secs] 
2024-03-23T09:15:26.976+0800: 145402.397: [GC (Allocation Failure) 2024-03-23T09:15:26.977+0800: 145402.397: [ParNew: 20073511K->378335K(22937600K), 0.1540771 secs] 95671800K->75990704K(130940928K), 0.1544250 secs] [Times: user=1.25 sys=1.09, real=0.16 secs] 
2024-03-23T09:15:41.417+0800: 145416.838: [GC (Allocation Failure) 2024-03-23T09:15:41.417+0800: 145416.838: [ParNew: 20039135K->378249K(22937600K), 0.1598031 secs] 95651504K->76009480K(130940928K), 0.1601354 secs] [Times: user=2.05 sys=0.35, real=0.16 secs] 
2024-03-23T09:15:56.687+0800: 145432.107: [GC (Allocation Failure) 2024-03-23T09:15:56.687+0800: 145432.108: [ParNew: 20039049K->410495K(22937600K), 0.3073993 secs] 95670280K->76063536K(130940928K), 0.3077598 secs] [Times: user=1.43 sys=3.57, real=0.31 secs] 
2024-03-23T09:16:11.849+0800: 145447.270: [GC (Allocation Failure) 2024-03-23T09:16:11.849+0800: 145447.270: [ParNew: 20071295K->367615K(22937600K), 0.1545509 secs] 95724336K->76045605K(130940928K), 0.1548970 secs] [Times: user=1.47 sys=0.51, real=0.15 secs] 
2024-03-23T09:16:28.316+0800: 145463.737: [GC (Allocation Failure) 2024-03-23T09:16:28.317+0800: 145463.737: [ParNew: 20028415K->378651K(22937600K), 0.1798192 secs] 95706405K->76085701K(130940928K), 0.1801755 secs] [Times: user=1.96 sys=0.78, real=0.18 secs] 
2024-03-23T09:16:44.698+0800: 145480.119: [GC (Allocation Failure) 2024-03-23T09:16:44.698+0800: 145480.119: [ParNew: 20039451K->365559K(22937600K), 0.1711828 secs] 95746501K->76101862K(130940928K), 0.1715195 secs] [Times: user=1.88 sys=0.73, real=0.17 secs] 
2024-03-23T09:17:00.342+0800: 145495.763: [GC (Allocation Failure) 2024-03-23T09:17:00.342+0800: 145495.763: [ParNew: 20026359K->363709K(22937600K), 0.3183356 secs] 95762662K->76125355K(130940928K), 0.3186875 secs] [Times: user=1.42 sys=3.84, real=0.32 secs] 
2024-03-23T09:17:16.294+0800: 145511.714: [GC (Allocation Failure) 2024-03-23T09:17:16.294+0800: 145511.715: [ParNew: 20024509K->336798K(22937600K), 0.1581452 secs] 95786155K->76115513K(130940928K), 0.1584767 secs] [Times: user=2.19 sys=0.23, real=0.16 secs] 
2024-03-23T09:17:32.600+0800: 145528.021: [GC (Allocation Failure) 2024-03-23T09:17:32.600+0800: 145528.021: [ParNew: 19997598K->332452K(22937600K), 0.1689680 secs] 95776313K->76125104K(130940928K), 0.1693119 secs] [Times: user=1.97 sys=0.63, real=0.17 secs] 
2024-03-23T09:17:47.340+0800: 145542.761: [GC (Allocation Failure) 2024-03-23T09:17:47.341+0800: 145542.761: [ParNew: 19993252K->313746K(22937600K), 0.1637277 secs] 95785904K->76118973K(130940928K), 0.1640763 secs] [Times: user=1.22 sys=1.22, real=0.16 secs] 
2024-03-23T09:18:02.774+0800: 145558.194: [GC (Allocation Failure) 2024-03-23T09:18:02.774+0800: 145558.195: [ParNew: 19974546K->349333K(22937600K), 0.2226459 secs] 95779773K->76162049K(130940928K), 0.2230041 secs] [Times: user=1.84 sys=1.75, real=0.22 secs] 
2024-03-23T09:18:22.393+0800: 145577.814: [GC (Allocation Failure) 2024-03-23T09:18:22.393+0800: 145577.814: [ParNew: 20010133K->371288K(22937600K), 0.1538948 secs] 95822849K->76189255K(130940928K), 0.1542495 secs] [Times: user=2.03 sys=0.37, real=0.16 secs] 
2024-03-23T09:18:39.734+0800: 145595.155: [GC (Allocation Failure) 2024-03-23T09:18:39.734+0800: 145595.155: [ParNew: 20032088K->379698K(22937600K), 0.1615659 secs] 95850055K->76203263K(130940928K), 0.1618994 secs] [Times: user=1.93 sys=0.56, real=0.16 secs] 
2024-03-23T09:18:56.973+0800: 145612.394: [GC (Allocation Failure) 2024-03-23T09:18:56.973+0800: 145612.394: [ParNew: 20040498K->404547K(22937600K), 0.1553905 secs] 95864063K->76233221K(130940928K), 0.1557300 secs] [Times: user=1.21 sys=1.15, real=0.16 secs] 
2024-03-23T09:19:12.152+0800: 145627.572: [GC (Allocation Failure) 2024-03-23T09:19:12.152+0800: 145627.573: [ParNew: 20065347K->414795K(22937600K), 0.2299341 secs] 95894021K->76252640K(130940928K), 0.2302861 secs] [Times: user=1.91 sys=1.75, real=0.23 secs] 
2024-03-23T09:19:31.695+0800: 145647.116: [GC (Allocation Failure) 2024-03-23T09:19:31.695+0800: 145647.116: [ParNew: 20075595K->430184K(22937600K), 0.1767521 secs] 95913440K->76278927K(130940928K), 0.1770960 secs] [Times: user=1.32 sys=1.23, real=0.18 secs] 
2024-03-23T09:19:47.987+0800: 145663.408: [GC (Allocation Failure) 2024-03-23T09:19:47.988+0800: 145663.409: [ParNew: 20090984K->427327K(22937600K), 0.1700480 secs] 95939727K->76293109K(130940928K), 0.1703902 secs] [Times: user=2.09 sys=0.50, real=0.17 secs] 
2024-03-23T09:20:06.080+0800: 145681.501: [GC (Allocation Failure) 2024-03-23T09:20:06.080+0800: 145681.501: [ParNew: 20088127K->417809K(22937600K), 0.1547184 secs] 95953909K->76308804K(130940928K), 0.1550539 secs] [Times: user=2.17 sys=0.14, real=0.15 secs] 
2024-03-23T09:20:24.630+0800: 145700.051: [GC (Allocation Failure) 2024-03-23T09:20:24.630+0800: 145700.051: [ParNew: 20078609K->420019K(22937600K), 0.2492640 secs] 95969604K->76329393K(130940928K), 0.2496038 secs] [Times: user=2.01 sys=2.02, real=0.25 secs] 
2024-03-23T09:20:42.870+0800: 145718.290: [GC (Allocation Failure) 2024-03-23T09:20:42.870+0800: 145718.291: [ParNew: 20080819K->439692K(22937600K), 0.1758147 secs] 95990193K->76367902K(130940928K), 0.1761632 secs] [Times: user=1.99 sys=0.70, real=0.17 secs] 
2024-03-23T09:20:58.859+0800: 145734.280: [GC (Allocation Failure) 2024-03-23T09:20:58.859+0800: 145734.280: [ParNew: 20100492K->452836K(22937600K), 0.1669471 secs] 96028702K->76395767K(130940928K), 0.1672996 secs] [Times: user=2.04 sys=0.49, real=0.16 secs] 
2024-03-23T09:21:16.720+0800: 145752.141: [GC (Allocation Failure) 2024-03-23T09:21:16.720+0800: 145752.141: [ParNew: 20113636K->462567K(22937600K), 0.2409190 secs] 96056567K->76421411K(130940928K), 0.2412807 secs] [Times: user=1.95 sys=1.91, real=0.24 secs] 
2024-03-23T09:21:34.707+0800: 145770.127: [GC (Allocation Failure) 2024-03-23T09:21:34.707+0800: 145770.128: [ParNew: 20123367K->467237K(22937600K), 0.1656093 secs] 96082211K->76440894K(130940928K), 0.1659575 secs] [Times: user=2.25 sys=0.29, real=0.17 secs] 
2024-03-23T09:21:50.438+0800: 145785.859: [GC (Allocation Failure) 2024-03-23T09:21:50.438+0800: 145785.859: [ParNew: 20128037K->503224K(22937600K), 0.1672027 secs] 96101694K->76497740K(130940928K), 0.1675466 secs] [Times: user=1.32 sys=1.20, real=0.16 secs] 
2024-03-23T09:22:09.346+0800: 145804.767: [GC (Allocation Failure) 2024-03-23T09:22:09.346+0800: 145804.767: [ParNew: 20164024K->470824K(22937600K), 0.1684403 secs] 96158540K->76480142K(130940928K), 0.1687952 secs] [Times: user=1.34 sys=1.20, real=0.17 secs] 
2024-03-23T09:22:26.711+0800: 145822.132: [GC (Allocation Failure) 2024-03-23T09:22:26.712+0800: 145822.132: [ParNew: 20131624K->445498K(22937600K), 0.2423619 secs] 96140942K->76473508K(130940928K), 0.2427375 secs] [Times: user=2.08 sys=1.74, real=0.24 secs] 
2024-03-23T09:22:46.708+0800: 145842.128: [GC (Allocation Failure) 2024-03-23T09:22:46.708+0800: 145842.129: [ParNew: 20106298K->502604K(22937600K), 0.1978564 secs] 96134308K->76551449K(130940928K), 0.1982163 secs] [Times: user=2.15 sys=0.93, real=0.19 secs] 
2024-03-23T09:23:00.801+0800: 145856.222: [GC (Allocation Failure) 2024-03-23T09:23:00.801+0800: 145856.222: [ParNew: 20163404K->483513K(22937600K), 0.1608823 secs] 96212249K->76553422K(130940928K), 0.1612255 secs] [Times: user=2.06 sys=0.34, real=0.16 secs] 
2024-03-23T09:23:14.136+0800: 145869.556: [GC (Allocation Failure) 2024-03-23T09:23:14.136+0800: 145869.557: [ParNew: 20144313K->528817K(22937600K), 0.1453657 secs] 96214222K->76616685K(130940928K), 0.1457014 secs] [Times: user=2.22 sys=0.00, real=0.15 secs] 
2024-03-23T09:23:27.309+0800: 145882.729: [GC (Allocation Failure) 2024-03-23T09:23:27.309+0800: 145882.730: [ParNew: 20189617K->521387K(22937600K), 0.2484020 secs] 96277485K->76622750K(130940928K), 0.2487107 secs] [Times: user=2.06 sys=1.69, real=0.24 secs] 
2024-03-23T09:23:40.043+0800: 145895.464: [GC (Allocation Failure) 2024-03-23T09:23:40.043+0800: 145895.464: [ParNew: 20182187K->517679K(22937600K), 0.1845926 secs] 96283550K->76639859K(130940928K), 0.1849034 secs] [Times: user=1.47 sys=1.11, real=0.19 secs] 
2024-03-23T09:23:51.089+0800: 145906.509: [GC (Allocation Failure) 2024-03-23T09:23:51.089+0800: 145906.510: [ParNew: 20178479K->524064K(22937600K), 0.1676582 secs] 96300659K->76664009K(130940928K), 0.1679644 secs] [Times: user=1.47 sys=0.88, real=0.16 secs] 
2024-03-23T09:24:01.684+0800: 145917.105: [GC (Allocation Failure) 2024-03-23T09:24:01.684+0800: 145917.105: [ParNew: 20184864K->538138K(22937600K), 0.1709809 secs] 96324809K->76700780K(130940928K), 0.1713214 secs] [Times: user=1.53 sys=0.73, real=0.17 secs] 
2024-03-23T09:24:14.561+0800: 145929.982: [GC (Allocation Failure) 2024-03-23T09:24:14.561+0800: 145929.982: [ParNew: 20198938K->551563K(22937600K), 0.1495367 secs] 96361580K->76732249K(130940928K), 0.1498678 secs] [Times: user=2.28 sys=0.00, real=0.15 secs] 
2024-03-23T09:24:27.817+0800: 145943.238: [GC (Allocation Failure) 2024-03-23T09:24:27.817+0800: 145943.238: [ParNew: 20212363K->599257K(22937600K), 0.2203549 secs] 96393049K->76794130K(130940928K), 0.2207167 secs] [Times: user=2.10 sys=1.40, real=0.23 secs] 
2024-03-23T09:24:40.461+0800: 145955.882: [GC (Allocation Failure) 2024-03-23T09:24:40.461+0800: 145955.882: [ParNew: 20260057K->628663K(22937600K), 0.1867216 secs] 96454930K->76845493K(130940928K), 0.1870653 secs] [Times: user=2.55 sys=0.37, real=0.19 secs] 
2024-03-23T09:24:55.342+0800: 145970.763: [GC (Allocation Failure) 2024-03-23T09:24:55.343+0800: 145970.763: [ParNew: 20289463K->593257K(22937600K), 0.1694156 secs] 96506293K->76842518K(130940928K), 0.1697454 secs] [Times: user=2.26 sys=0.31, real=0.17 secs] 
2024-03-23T09:25:09.388+0800: 145984.809: [GC (Allocation Failure) 2024-03-23T09:25:09.389+0800: 145984.809: [ParNew: 20254057K->596595K(22937600K), 0.1641709 secs] 96503318K->76874217K(130940928K), 0.1645133 secs] [Times: user=1.50 sys=0.98, real=0.16 secs] 
2024-03-23T09:25:23.563+0800: 145998.984: [GC (Allocation Failure) 2024-03-23T09:25:23.564+0800: 145998.985: [ParNew: 20257395K->648097K(22937600K), 0.1488082 secs] 96535017K->76946967K(130940928K), 0.1491682 secs] [Times: user=2.47 sys=0.00, real=0.15 secs] 
2024-03-23T09:25:37.240+0800: 146012.661: [GC (Allocation Failure) 2024-03-23T09:25:37.240+0800: 146012.661: [ParNew: 20308897K->689343K(22937600K), 0.2282570 secs] 96607767K->77015063K(130940928K), 0.2285947 secs] [Times: user=2.22 sys=1.41, real=0.23 secs] 
2024-03-23T09:25:51.606+0800: 146027.027: [GC (Allocation Failure) 2024-03-23T09:25:51.606+0800: 146027.027: [ParNew: 20350143K->641763K(22937600K), 0.1640904 secs] 96675863K->76988170K(130940928K), 0.1644280 secs] [Times: user=2.24 sys=0.26, real=0.17 secs] 
2024-03-23T09:26:05.361+0800: 146040.781: [GC (Allocation Failure) 2024-03-23T09:26:05.361+0800: 146040.782: [ParNew: 20302563K->650706K(22937600K), 0.1618072 secs] 96648970K->77020940K(130940928K), 0.1621387 secs] [Times: user=2.24 sys=0.22, real=0.16 secs] 
2024-03-23T09:26:19.469+0800: 146054.889: [GC (Allocation Failure) 2024-03-23T09:26:19.469+0800: 146054.890: [ParNew: 20311506K->633245K(22937600K), 0.1563432 secs] 96681740K->77026220K(130940928K), 0.1566942 secs] [Times: user=2.36 sys=0.00, real=0.15 secs] 
2024-03-23T09:26:34.531+0800: 146069.952: [GC (Allocation Failure) 2024-03-23T09:26:34.531+0800: 146069.952: [ParNew: 20294045K->674044K(22937600K), 0.2108399 secs] 96687020K->77098626K(130940928K), 0.2111964 secs] [Times: user=2.26 sys=1.01, real=0.21 secs] 
2024-03-23T09:26:50.342+0800: 146085.763: [GC (Allocation Failure) 2024-03-23T09:26:50.343+0800: 146085.763: [ParNew: 20334844K->705068K(22937600K), 0.1922182 secs] 96759426K->77156203K(130940928K), 0.1925666 secs] [Times: user=1.65 sys=1.30, real=0.19 secs] 
2024-03-23T09:27:04.345+0800: 146099.766: [GC (Allocation Failure) 2024-03-23T09:27:04.345+0800: 146099.766: [ParNew: 20365868K->686036K(22937600K), 0.1669679 secs] 96817003K->77162125K(130940928K), 0.1673006 secs] [Times: user=1.50 sys=1.03, real=0.17 secs] 
2024-03-23T09:27:17.405+0800: 146112.826: [GC (Allocation Failure) 2024-03-23T09:27:17.405+0800: 146112.826: [ParNew: 20346836K->725964K(22937600K), 0.1687817 secs] 96822925K->77231176K(130940928K), 0.1691366 secs] [Times: user=2.39 sys=0.14, real=0.17 secs] 
2024-03-23T09:27:32.699+0800: 146128.120: [GC (Allocation Failure) 2024-03-23T09:27:32.699+0800: 146128.120: [ParNew: 20386764K->648717K(22937600K), 0.2074162 secs] 96891976K->77182480K(130940928K), 0.2077803 secs] [Times: user=2.34 sys=0.88, real=0.20 secs] 
2024-03-23T09:27:48.942+0800: 146144.363: [GC (Allocation Failure) 2024-03-23T09:27:48.943+0800: 146144.363: [ParNew: 20309517K->692053K(22937600K), 0.1918555 secs] 96843280K->77260354K(130940928K), 0.1922234 secs] [Times: user=2.47 sys=0.40, real=0.19 secs] 
2024-03-23T09:28:03.908+0800: 146159.328: [GC (Allocation Failure) 2024-03-23T09:28:03.908+0800: 146159.329: [ParNew: 20352853K->661803K(22937600K), 0.1730437 secs] 96921154K->77263867K(130940928K), 0.1733952 secs] [Times: user=2.30 sys=0.28, real=0.17 secs] 
2024-03-23T09:28:18.270+0800: 146173.691: [GC (Allocation Failure) 2024-03-23T09:28:18.270+0800: 146173.691: [ParNew: 20322603K->661893K(22937600K), 0.1688647 secs] 96924667K->77292444K(130940928K), 0.1692001 secs] [Times: user=1.58 sys=0.96, real=0.17 secs] 
2024-03-23T09:28:32.719+0800: 146188.140: [GC (Allocation Failure) 2024-03-23T09:28:32.719+0800: 146188.140: [ParNew: 20322693K->693354K(22937600K), 0.2122920 secs] 96953244K->77354712K(130940928K), 0.2126453 secs] [Times: user=2.32 sys=0.96, real=0.21 secs] 
2024-03-23T09:28:45.796+0800: 146201.217: [GC (Allocation Failure) 2024-03-23T09:28:45.797+0800: 146201.217: [ParNew: 20354154K->639735K(22937600K), 0.1826093 secs] 97015512K->77328902K(130940928K), 0.1829408 secs] [Times: user=1.89 sys=0.86, real=0.19 secs] 
2024-03-23T09:29:01.108+0800: 146216.529: [GC (Allocation Failure) 2024-03-23T09:29:01.108+0800: 146216.529: [ParNew: 20300535K->701597K(22937600K), 0.1749645 secs] 96989702K->77424528K(130940928K), 0.1753096 secs] [Times: user=1.59 sys=1.02, real=0.17 secs] 
2024-03-23T09:29:17.535+0800: 146232.956: [GC (Allocation Failure) 2024-03-23T09:29:17.535+0800: 146232.956: [ParNew: 20362397K->734446K(22937600K), 0.1768673 secs] 97085328K->77486272K(130940928K), 0.1772455 secs] [Times: user=2.36 sys=0.23, real=0.18 secs] 
2024-03-23T09:29:35.716+0800: 146251.136: [GC (Allocation Failure) 2024-03-23T09:29:35.716+0800: 146251.137: [ParNew: 20395246K->735661K(22937600K), 0.2192018 secs] 97147072K->77515356K(130940928K), 0.2195534 secs] [Times: user=2.18 sys=1.29, real=0.22 secs] 
2024-03-23T09:29:51.707+0800: 146267.128: [GC (Allocation Failure) 2024-03-23T09:29:51.707+0800: 146267.128: [ParNew: 20396461K->739972K(22937600K), 0.1749870 secs] 97176156K->77547305K(130940928K), 0.1753326 secs] [Times: user=1.65 sys=1.04, real=0.18 secs] 
2024-03-23T09:30:05.760+0800: 146281.181: [GC (Allocation Failure) 2024-03-23T09:30:05.760+0800: 146281.181: [ParNew: 20400772K->749882K(22937600K), 0.1733749 secs] 97208105K->77590864K(130940928K), 0.1737198 secs] [Times: user=2.37 sys=0.25, real=0.17 secs] 
2024-03-23T09:30:23.446+0800: 146298.869: [GC (Allocation Failure) 2024-03-23T09:30:23.449+0800: 146298.869: [ParNew: 20410682K->779567K(22937600K), 0.1877464 secs] 97251664K->77654020K(130940928K), 0.1901111 secs] [Times: user=1.70 sys=1.17, real=0.19 secs] 
2024-03-23T09:30:39.750+0800: 146315.171: [GC (Allocation Failure) 2024-03-23T09:30:39.750+0800: 146315.171: [ParNew: 20440367K->719341K(22937600K), 0.2696110 secs] 97314820K->77625436K(130940928K), 0.2699553 secs] [Times: user=2.10 sys=2.13, real=0.27 secs] 
2024-03-23T09:30:56.517+0800: 146331.938: [GC (Allocation Failure) 2024-03-23T09:30:56.517+0800: 146331.938: [ParNew: 20380141K->681745K(22937600K), 0.1966842 secs] 97286236K->77621733K(130940928K), 0.1970365 secs] [Times: user=1.81 sys=1.04, real=0.20 secs] 
2024-03-23T09:31:11.903+0800: 146347.323: [GC (Allocation Failure) 2024-03-23T09:31:11.903+0800: 146347.324: [ParNew: 20342545K->734591K(22937600K), 0.1855016 secs] 97282533K->77705924K(130940928K), 0.1858444 secs] [Times: user=1.67 sys=0.64, real=0.19 secs] 
2024-03-23T09:31:28.903+0800: 146364.324: [GC (Allocation Failure) 2024-03-23T09:31:28.903+0800: 146364.324: [ParNew: 20395391K->678764K(22937600K), 0.1873062 secs] 97366724K->77684072K(130940928K), 0.1876691 secs] [Times: user=2.39 sys=0.28, real=0.19 secs] 
2024-03-23T09:31:41.594+0800: 146377.015: [GC (Allocation Failure) 2024-03-23T09:31:41.595+0800: 146377.016: [ParNew: 20339564K->699523K(22937600K), 0.2150840 secs] 97344872K->77737198K(130940928K), 0.2154421 secs] [Times: user=2.30 sys=1.07, real=0.22 secs] 
2024-03-23T09:31:48.664+0800: 146384.085: [GC (Allocation Failure) 2024-03-23T09:31:48.664+0800: 146384.085: [ParNew: 20360323K->651060K(22937600K), 0.1488992 secs] 97397998K->77723048K(130940928K), 0.1492411 secs] [Times: user=2.48 sys=0.00, real=0.15 secs] 
2024-03-23T09:31:57.032+0800: 146392.453: [GC (Allocation Failure) 2024-03-23T09:31:57.032+0800: 146392.453: [ParNew: 20311860K->620274K(22937600K), 0.1775704 secs] 97383848K->77723590K(130940928K), 0.1779150 secs] [Times: user=2.43 sys=0.24, real=0.18 secs] 
2024-03-23T09:32:08.403+0800: 146403.823: [GC (Allocation Failure) 2024-03-23T09:32:08.403+0800: 146403.824: [ParNew: 20281074K->565706K(22937600K), 0.1618077 secs] 97384390K->77702194K(130940928K), 0.1621536 secs] [Times: user=1.51 sys=0.91, real=0.16 secs] 
2024-03-23T09:32:28.085+0800: 146423.505: [GC (Allocation Failure) 2024-03-23T09:32:28.085+0800: 146423.506: [ParNew: 20226506K->534785K(22937600K), 0.1809259 secs] 97362994K->77704081K(130940928K), 0.1812742 secs] [Times: user=2.10 sys=0.68, real=0.18 secs] 
2024-03-23T09:32:47.446+0800: 146442.867: [GC (Allocation Failure) 2024-03-23T09:32:47.447+0800: 146442.867: [ParNew: 20195585K->496122K(22937600K), 0.2322393 secs] 97364881K->77699929K(130940928K), 0.2326140 secs] [Times: user=1.30 sys=2.36, real=0.24 secs] 
2024-03-23T09:33:00.815+0800: 146456.236: [GC (Allocation Failure) 2024-03-23T09:33:00.815+0800: 146456.236: [ParNew: 20156922K->467616K(22937600K), 0.1587189 secs] 97360729K->77699662K(130940928K), 0.1590589 secs] [Times: user=1.47 sys=0.91, real=0.16 secs] 
2024-03-23T09:33:14.696+0800: 146470.117: [GC (Allocation Failure) 2024-03-23T09:33:14.696+0800: 146470.117: [ParNew: 20128416K->440750K(22937600K), 0.1634281 secs] 97360462K->77706297K(130940928K), 0.1637626 secs] [Times: user=2.15 sys=0.32, real=0.17 secs] 
2024-03-23T09:33:29.239+0800: 146484.660: [GC (Allocation Failure) 2024-03-23T09:33:29.240+0800: 146484.660: [ParNew: 20101550K->392337K(22937600K), 0.1647778 secs] 97367097K->77691573K(130940928K), 0.1651131 secs] [Times: user=2.07 sys=0.40, real=0.16 secs] 
2024-03-23T09:33:42.827+0800: 146498.248: [GC (Allocation Failure) 2024-03-23T09:33:42.828+0800: 146498.248: [ParNew: 20053137K->374382K(22937600K), 0.1337971 secs] 97352373K->77704781K(130940928K), 0.1341509 secs] [Times: user=1.41 sys=0.51, real=0.13 secs] 
2024-03-23T09:33:56.866+0800: 146512.287: [GC (Allocation Failure) 2024-03-23T09:33:56.866+0800: 146512.287: [ParNew: 20035182K->363820K(22937600K), 0.2362545 secs] 97365581K->77724419K(130940928K), 0.2365999 secs] [Times: user=1.77 sys=2.00, real=0.24 secs] 
2024-03-23T09:34:08.663+0800: 146524.084: [GC (Allocation Failure) 2024-03-23T09:34:08.663+0800: 146524.084: [ParNew: 20024620K->293051K(22937600K), 0.1501078 secs] 97385219K->77678536K(130940928K), 0.1504401 secs] [Times: user=2.01 sys=0.22, real=0.15 secs] 
2024-03-23T09:34:21.561+0800: 146536.982: [GC (Allocation Failure) 2024-03-23T09:34:21.561+0800: 146536.982: [ParNew: 19953851K->271805K(22937600K), 0.1535189 secs] 97339336K->77688659K(130940928K), 0.1538505 secs] [Times: user=1.24 sys=1.07, real=0.15 secs] 
2024-03-23T09:34:34.637+0800: 146550.058: [GC (Allocation Failure) 2024-03-23T09:34:34.638+0800: 146550.058: [ParNew: 19932605K->245752K(22937600K), 0.1443989 secs] 97349459K->77694804K(130940928K), 0.1447345 secs] [Times: user=1.88 sys=0.27, real=0.15 secs] 
2024-03-23T09:34:45.414+0800: 146560.835: [GC (Allocation Failure) 2024-03-23T09:34:45.414+0800: 146560.835: [ParNew: 19906552K->221809K(22937600K), 0.2340765 secs] 97355604K->77698361K(130940928K), 0.2344212 secs] [Times: user=1.79 sys=1.96, real=0.24 secs] 
2024-03-23T09:34:59.869+0800: 146575.290: [GC (Allocation Failure) 2024-03-23T09:34:59.870+0800: 146575.290: [ParNew: 19882609K->200366K(22937600K), 0.1376208 secs] 97359161K->77688329K(130940928K), 0.1379618 secs] [Times: user=1.40 sys=0.72, real=0.13 secs] 
2024-03-23T09:35:14.114+0800: 146589.534: [GC (Allocation Failure) 2024-03-23T09:35:14.114+0800: 146589.535: [ParNew: 19861166K->194771K(22937600K), 0.1522881 secs] 97349129K->77690512K(130940928K), 0.1526197 secs] [Times: user=1.85 sys=0.52, real=0.15 secs] 
2024-03-23T09:35:27.105+0800: 146602.525: [GC (Allocation Failure) 2024-03-23T09:35:27.105+0800: 146602.526: [ParNew: 19855571K->196298K(22937600K), 0.1537131 secs] 97351312K->77698824K(130940928K), 0.1540455 secs] [Times: user=2.00 sys=0.34, real=0.16 secs] 
2024-03-23T09:35:37.716+0800: 146613.137: [GC (Allocation Failure) 2024-03-23T09:35:37.716+0800: 146613.137: [ParNew: 19857098K->216525K(22937600K), 0.1346866 secs] 97359624K->77726054K(130940928K), 0.1350153 secs] [Times: user=2.02 sys=0.03, real=0.14 secs] 
2024-03-23T09:35:47.997+0800: 146623.418: [GC (Allocation Failure) 2024-03-23T09:35:47.997+0800: 146623.418: [ParNew: 19877325K->205231K(22937600K), 0.2432238 secs] 97386854K->77727932K(130940928K), 0.2435773 secs] [Times: user=1.88 sys=2.03, real=0.25 secs] 
2024-03-23T09:35:57.917+0800: 146633.338: [GC (Allocation Failure) 2024-03-23T09:35:57.917+0800: 146633.338: [ParNew: 19866031K->199934K(22937600K), 0.1359873 secs] 97388732K->77738005K(130940928K), 0.1363413 secs] [Times: user=2.10 sys=0.00, real=0.14 secs] 
2024-03-23T09:36:09.563+0800: 146644.984: [GC (Allocation Failure) 2024-03-23T09:36:09.563+0800: 146644.984: [ParNew: 19860734K->218231K(22937600K), 0.1661767 secs] 97398805K->77763240K(130940928K), 0.1665157 secs] [Times: user=2.30 sys=0.31, real=0.17 secs] 
2024-03-23T09:36:21.417+0800: 146656.838: [GC (Allocation Failure) 2024-03-23T09:36:21.418+0800: 146656.838: [ParNew: 19879031K->224162K(22937600K), 0.1401865 secs] 97424040K->77775976K(130940928K), 0.1405286 secs] [Times: user=1.93 sys=0.22, real=0.15 secs] 
2024-03-23T09:36:34.517+0800: 146669.938: [GC (Allocation Failure) 2024-03-23T09:36:34.518+0800: 146669.938: [ParNew: 19884962K->217798K(22937600K), 0.1417451 secs] 97436776K->77777139K(130940928K), 0.1420956 secs] [Times: user=1.11 sys=1.05, real=0.15 secs] 
2024-03-23T09:36:46.177+0800: 146681.598: [GC (Allocation Failure) 2024-03-23T09:36:46.177+0800: 146681.598: [ParNew: 19878598K->243093K(22937600K), 0.2266730 secs] 97437939K->77814525K(130940928K), 0.2270132 secs] [Times: user=1.90 sys=1.73, real=0.23 secs] 
2024-03-23T09:36:59.800+0800: 146695.221: [GC (Allocation Failure) 2024-03-23T09:36:59.800+0800: 146695.221: [ParNew: 19903893K->231518K(22937600K), 0.1389426 secs] 97475325K->77810968K(130940928K), 0.1392744 secs] [Times: user=1.40 sys=0.71, real=0.14 secs] 
2024-03-23T09:37:13.149+0800: 146708.569: [GC (Allocation Failure) 2024-03-23T09:37:13.149+0800: 146708.570: [ParNew: 19892318K->280481K(22937600K), 0.1475579 secs] 97471768K->77867568K(130940928K), 0.1478995 secs] [Times: user=1.84 sys=0.41, real=0.14 secs] 
2024-03-23T09:37:26.076+0800: 146721.497: [GC (Allocation Failure) 2024-03-23T09:37:26.076+0800: 146721.497: [ParNew: 19941281K->259997K(22937600K), 0.1392907 secs] 97528368K->77852006K(130940928K), 0.1396312 secs] [Times: user=1.08 sys=1.06, real=0.14 secs] 
2024-03-23T09:37:37.486+0800: 146732.907: [GC (Allocation Failure) 2024-03-23T09:37:37.486+0800: 146732.907: [ParNew: 19920797K->238271K(22937600K), 0.1322629 secs] 97512806K->77833439K(130940928K), 0.1326138 secs] [Times: user=1.18 sys=0.83, real=0.14 secs] 
2024-03-23T09:37:47.865+0800: 146743.286: [GC (Allocation Failure) 2024-03-23T09:37:47.865+0800: 146743.286: [ParNew: 19899071K->303542K(22937600K), 0.2204730 secs] 97494239K->77901841K(130940928K), 0.2208286 secs] [Times: user=1.79 sys=1.76, real=0.22 secs] 
2024-03-23T09:37:57.303+0800: 146752.724: [GC (Allocation Failure) 2024-03-23T09:37:57.304+0800: 146752.724: [ParNew: 19964342K->320266K(22937600K), 0.1309319 secs] 97562641K->77922222K(130940928K), 0.1312651 secs] [Times: user=1.34 sys=0.60, real=0.13 secs] 
2024-03-23T09:38:06.994+0800: 146762.415: [GC (Allocation Failure) 2024-03-23T09:38:06.994+0800: 146762.415: [ParNew: 19981066K->349650K(22937600K), 0.1405636 secs] 97583022K->77955569K(130940928K), 0.1409064 secs] [Times: user=1.21 sys=0.90, real=0.14 secs] 
2024-03-23T09:38:16.653+0800: 146772.074: [GC (Allocation Failure) 2024-03-23T09:38:16.653+0800: 146772.074: [ParNew: 20010450K->342043K(22937600K), 0.1503910 secs] 97616369K->77958781K(130940928K), 0.1507414 secs] [Times: user=2.11 sys=0.14, real=0.15 secs] 
2024-03-23T09:38:26.545+0800: 146781.966: [GC (Allocation Failure) 2024-03-23T09:38:26.545+0800: 146781.966: [ParNew: 20002843K->341243K(22937600K), 0.1463405 secs] 97619581K->77970788K(130940928K), 0.1466590 secs] [Times: user=2.10 sys=0.11, real=0.15 secs] 
2024-03-23T09:38:36.320+0800: 146791.741: [GC (Allocation Failure) 2024-03-23T09:38:36.320+0800: 146791.741: [ParNew: 20002043K->324889K(22937600K), 0.1388970 secs] 97631588K->77967224K(130940928K), 0.1392425 secs] [Times: user=2.13 sys=0.00, real=0.14 secs] 
2024-03-23T09:38:45.018+0800: 146800.439: [GC (Allocation Failure) 2024-03-23T09:38:45.018+0800: 146800.439: [ParNew: 19985689K->358886K(22937600K), 0.2203576 secs] 97628024K->78016081K(130940928K), 0.2207170 secs] [Times: user=1.94 sys=1.55, real=0.22 secs] 
2024-03-23T09:38:53.834+0800: 146809.255: [GC (Allocation Failure) 2024-03-23T09:38:53.834+0800: 146809.255: [ParNew: 20019686K->335616K(22937600K), 0.1322424 secs] 97676881K->78011201K(130940928K), 0.1325743 secs] [Times: user=1.52 sys=0.42, real=0.13 secs] 
2024-03-23T09:39:05.775+0800: 146821.196: [GC (Allocation Failure) 2024-03-23T09:39:05.775+0800: 146821.196: [ParNew: 19996416K->366363K(22937600K), 0.1550346 secs] 97672001K->78056526K(130940928K), 0.1553647 secs] [Times: user=1.31 sys=1.06, real=0.16 secs] 
2024-03-23T09:39:18.982+0800: 146834.403: [GC (Allocation Failure) 2024-03-23T09:39:18.983+0800: 146834.403: [ParNew: 20027163K->369719K(22937600K), 0.1532294 secs] 97717326K->78073324K(130940928K), 0.1535719 secs] [Times: user=2.09 sys=0.26, real=0.15 secs] 
2024-03-23T09:39:31.938+0800: 146847.358: [GC (Allocation Failure) 2024-03-23T09:39:31.938+0800: 146847.359: [ParNew: 20030519K->362605K(22937600K), 0.1529033 secs] 97734124K->78083335K(130940928K), 0.1532462 secs] [Times: user=1.30 sys=0.85, real=0.15 secs] 
2024-03-23T09:39:44.729+0800: 146860.150: [GC (Allocation Failure) 2024-03-23T09:39:44.729+0800: 146860.150: [ParNew: 20023405K->376717K(22937600K), 0.1336843 secs] 97744135K->78110637K(130940928K), 0.1340193 secs] [Times: user=1.45 sys=0.54, real=0.13 secs] 
2024-03-23T09:39:55.919+0800: 146871.340: [GC (Allocation Failure) 2024-03-23T09:39:55.920+0800: 146871.340: [ParNew: 20037517K->400832K(22937600K), 0.2357346 secs] 97771437K->78148623K(130940928K), 0.2360805 secs] [Times: user=1.94 sys=1.87, real=0.23 secs] 
2024-03-23T09:40:07.443+0800: 146882.864: [GC (Allocation Failure) 2024-03-23T09:40:07.443+0800: 146882.864: [ParNew: 20061632K->431559K(22937600K), 0.1646268 secs] 97809423K->78191822K(130940928K), 0.1649584 secs] [Times: user=2.16 sys=0.38, real=0.17 secs] 
2024-03-23T09:40:19.080+0800: 146894.501: [GC (Allocation Failure) 2024-03-23T09:40:19.080+0800: 146894.501: [ParNew: 20092359K->456802K(22937600K), 0.1581527 secs] 97852622K->78232106K(130940928K), 0.1585178 secs] [Times: user=1.50 sys=0.93, real=0.16 secs] 
2024-03-23T09:40:31.381+0800: 146906.802: [GC (Allocation Failure) 2024-03-23T09:40:31.381+0800: 146906.802: [ParNew: 20117602K->498786K(22937600K), 0.1532238 secs] 97892906K->78288056K(130940928K), 0.1535685 secs] [Times: user=1.64 sys=0.33, real=0.15 secs] 
2024-03-23T09:40:43.542+0800: 146918.963: [GC (Allocation Failure) 2024-03-23T09:40:43.542+0800: 146918.963: [ParNew: 20159586K->528453K(22937600K), 0.1449238 secs] 97948856K->78332192K(130940928K), 0.1452907 secs] [Times: user=1.52 sys=0.62, real=0.14 secs] 
2024-03-23T09:40:56.837+0800: 146932.258: [GC (Allocation Failure) 2024-03-23T09:40:56.838+0800: 146932.258: [ParNew: 20189253K->557733K(22937600K), 0.2159993 secs] 97992992K->78376550K(130940928K), 0.2163619 secs] [Times: user=1.45 sys=2.01, real=0.22 secs] 
2024-03-23T09:41:08.922+0800: 146944.343: [GC (Allocation Failure) 2024-03-23T09:41:08.922+0800: 146944.343: [ParNew: 20218533K->560748K(22937600K), 0.1668375 secs] 98037350K->78398379K(130940928K), 0.1671835 secs] [Times: user=2.29 sys=0.27, real=0.17 secs] 
2024-03-23T09:41:20.584+0800: 146956.005: [GC (Allocation Failure) 2024-03-23T09:41:20.584+0800: 146956.005: [ParNew: 20221548K->565821K(22937600K), 0.1606200 secs] 98059179K->78423729K(130940928K), 0.1609531 secs] [Times: user=2.30 sys=0.12, real=0.16 secs] 
2024-03-23T09:41:30.134+0800: 146965.555: [GC (Allocation Failure) 2024-03-23T09:41:30.134+0800: 146965.555: [ParNew: 20226621K->607956K(22937600K), 0.1517282 secs] 98084529K->78485220K(130940928K), 0.1520945 secs] [Times: user=1.56 sys=0.73, real=0.15 secs] 
2024-03-23T09:41:40.770+0800: 146976.191: [GC (Allocation Failure) 2024-03-23T09:41:40.770+0800: 146976.191: [ParNew: 20268756K->657280K(22937600K), 0.1572514 secs] 98146020K->78552395K(130940928K), 0.1576153 secs] [Times: user=1.66 sys=0.75, real=0.16 secs] 
2024-03-23T09:41:51.113+0800: 146986.534: [GC (Allocation Failure) 2024-03-23T09:41:51.113+0800: 146986.534: [ParNew: 20318080K->688163K(22937600K), 0.2042142 secs] 98213195K->78600899K(130940928K), 0.2045489 secs] [Times: user=1.53 sys=1.69, real=0.21 secs] 
2024-03-23T09:42:02.026+0800: 146997.447: [GC (Allocation Failure) 2024-03-23T09:42:02.026+0800: 146997.447: [ParNew: 20348963K->835268K(22937600K), 0.1727597 secs] 98261699K->78765584K(130940928K), 0.1731087 secs] [Times: user=1.74 sys=0.87, real=0.18 secs] 
2024-03-23T09:42:12.656+0800: 147008.077: [GC (Allocation Failure) 2024-03-23T09:42:12.656+0800: 147008.077: [ParNew: 20496068K->792820K(22937600K), 0.1713923 secs] 98426384K->78742407K(130940928K), 0.1717637 secs] [Times: user=2.56 sys=0.08, real=0.18 secs] 
2024-03-23T09:42:23.289+0800: 147018.709: [GC (Allocation Failure) 2024-03-23T09:42:23.289+0800: 147018.710: [ParNew: 20453620K->838724K(22937600K), 0.1702053 secs] 98403207K->78806785K(130940928K), 0.1705406 secs] [Times: user=1.78 sys=0.82, real=0.17 secs] 
2024-03-23T09:42:33.112+0800: 147028.533: [GC (Allocation Failure) 2024-03-23T09:42:33.113+0800: 147028.533: [ParNew: 20499524K->882268K(22937600K), 0.1830151 secs] 98467585K->78870516K(130940928K), 0.1833693 secs] [Times: user=2.73 sys=0.06, real=0.18 secs] 
2024-03-23T09:42:44.272+0800: 147039.693: [GC (Allocation Failure) 2024-03-23T09:42:44.272+0800: 147039.693: [ParNew: 20543068K->879737K(22937600K), 0.1849871 secs] 98531316K->78891571K(130940928K), 0.1853101 secs] [Times: user=1.95 sys=0.70, real=0.18 secs] 
2024-03-23T09:42:54.895+0800: 147050.316: [GC (Allocation Failure) 2024-03-23T09:42:54.895+0800: 147050.316: [ParNew: 20540537K->840882K(22937600K), 0.2400270 secs] 98552371K->78883352K(130940928K), 0.2403127 secs] [Times: user=2.47 sys=1.17, real=0.24 secs] 
2024-03-23T09:43:05.590+0800: 147061.011: [GC (Allocation Failure) 2024-03-23T09:43:05.590+0800: 147061.011: [ParNew: 20501682K->859134K(22937600K), 0.2049855 secs] 98544152K->78931252K(130940928K), 0.2052350 secs] [Times: user=2.66 sys=0.32, real=0.20 secs] 
2024-03-23T09:43:15.479+0800: 147070.900: [GC (Allocation Failure) 2024-03-23T09:43:15.479+0800: 147070.900: [ParNew: 20519934K->874570K(22937600K), 0.1736604 secs] 98592052K->78982581K(130940928K), 0.1740027 secs] [Times: user=1.84 sys=0.79, real=0.17 secs] 
2024-03-23T09:43:24.314+0800: 147079.735: [GC (Allocation Failure) 2024-03-23T09:43:24.315+0800: 147079.735: [ParNew: 20535370K->913008K(22937600K), 0.1708415 secs] 98643381K->79053532K(130940928K), 0.1711874 secs] [Times: user=2.59 sys=0.00, real=0.17 secs] 
2024-03-23T09:43:34.522+0800: 147089.943: [GC (Allocation Failure) 2024-03-23T09:43:34.523+0800: 147089.943: [ParNew: 20573808K->843124K(22937600K), 0.1728044 secs] 98714332K->79030725K(130940928K), 0.1731453 secs] [Times: user=2.61 sys=0.00, real=0.17 secs] 
2024-03-23T09:43:45.315+0800: 147100.736: [GC (Allocation Failure) 2024-03-23T09:43:45.316+0800: 147100.736: [ParNew: 20503924K->826208K(22937600K), 0.1618142 secs] 98691525K->79047102K(130940928K), 0.1621412 secs] [Times: user=1.84 sys=0.59, real=0.17 secs] 
2024-03-23T09:43:56.076+0800: 147111.496: [GC (Allocation Failure) 2024-03-23T09:43:56.076+0800: 147111.497: [ParNew: 20487008K->856000K(22937600K), 0.2212927 secs] 98707902K->79107128K(130940928K), 0.2215792 secs] [Times: user=2.47 sys=0.85, real=0.22 secs] 
2024-03-23T09:44:06.482+0800: 147121.903: [GC (Allocation Failure) 2024-03-23T09:44:06.483+0800: 147121.903: [ParNew: 20516800K->720094K(22937600K), 0.2132384 secs] 98767928K->79010694K(130940928K), 0.2134918 secs] [Times: user=2.66 sys=0.43, real=0.21 secs] 
2024-03-23T09:44:17.265+0800: 147132.686: [GC (Allocation Failure) 2024-03-23T09:44:17.265+0800: 147132.686: [ParNew: 20380894K->847037K(22937600K), 0.1816191 secs] 98671494K->79175372K(130940928K), 0.1819409 secs] [Times: user=2.59 sys=0.12, real=0.18 secs] 
2024-03-23T09:44:26.632+0800: 147142.053: [GC (Allocation Failure) 2024-03-23T09:44:26.633+0800: 147142.053: [ParNew: 20507837K->741006K(22937600K), 0.1951546 secs] 98836172K->79113735K(130940928K), 0.1954995 secs] [Times: user=2.16 sys=0.81, real=0.20 secs] 
2024-03-23T09:44:36.590+0800: 147152.011: [GC (Allocation Failure) 2024-03-23T09:44:36.590+0800: 147152.011: [ParNew: 20401806K->762523K(22937600K), 0.1776719 secs] 98774535K->79175898K(130940928K), 0.1779942 secs] [Times: user=1.86 sys=0.84, real=0.18 secs] 
2024-03-23T09:44:46.975+0800: 147162.396: [GC (Allocation Failure) 2024-03-23T09:44:46.975+0800: 147162.396: [ParNew: 20423323K->774513K(22937600K), 0.1645625 secs] 98836698K->79236810K(130940928K), 0.1648997 secs] [Times: user=1.86 sys=0.56, real=0.17 secs] 
2024-03-23T09:44:57.761+0800: 147173.181: [GC (Allocation Failure) 2024-03-23T09:44:57.761+0800: 147173.182: [ParNew: 20435313K->725109K(22937600K), 0.2629510 secs] 98897610K->79234333K(130940928K), 0.2633108 secs] [Times: user=2.33 sys=1.84, real=0.26 secs] 
2024-03-23T09:45:07.552+0800: 147182.973: [GC (Allocation Failure) 2024-03-23T09:45:07.552+0800: 147182.973: [ParNew: 20385909K->737033K(22937600K), 0.2007351 secs] 98895133K->79292525K(130940928K), 0.2010647 secs] [Times: user=2.68 sys=0.39, real=0.20 secs] 
2024-03-23T09:45:17.525+0800: 147192.946: [GC (Allocation Failure) 2024-03-23T09:45:17.526+0800: 147192.946: [ParNew: 20397833K->689414K(22937600K), 0.1721152 secs] 98953325K->79286773K(130940928K), 0.1724596 secs] [Times: user=2.54 sys=0.02, real=0.18 secs] 
2024-03-23T09:45:28.624+0800: 147204.045: [GC (Allocation Failure) 2024-03-23T09:45:28.624+0800: 147204.045: [ParNew: 20350214K->709199K(22937600K), 0.1655727 secs] 98947573K->79348337K(130940928K), 0.1659082 secs] [Times: user=2.40 sys=0.07, real=0.17 secs] 
2024-03-23T09:45:40.894+0800: 147216.315: [GC (Allocation Failure) 2024-03-23T09:45:40.894+0800: 147216.315: [ParNew: 20369999K->752210K(22937600K), 0.1814241 secs] 99009137K->79430368K(130940928K), 0.1817560 secs] [Times: user=1.73 sys=0.81, real=0.18 secs] 
2024-03-23T09:45:54.939+0800: 147230.360: [GC (Allocation Failure) 2024-03-23T09:45:54.940+0800: 147230.360: [ParNew: 20413010K->719638K(22937600K), 0.2224460 secs] 99091168K->79432652K(130940928K), 0.2227540 secs] [Times: user=2.44 sys=0.80, real=0.22 secs] 
2024-03-23T09:46:10.395+0800: 147245.816: [GC (Allocation Failure) 2024-03-23T09:46:10.396+0800: 147245.816: [ParNew: 20380438K->752750K(22937600K), 0.1956043 secs] 99093452K->79497099K(130940928K), 0.1959137 secs] [Times: user=1.70 sys=1.13, real=0.20 secs] 
2024-03-23T09:46:23.664+0800: 147259.085: [GC (Allocation Failure) 2024-03-23T09:46:23.664+0800: 147259.085: [ParNew: 20413550K->703002K(22937600K), 0.1786780 secs] 99157899K->79481097K(130940928K), 0.1789653 secs] [Times: user=2.40 sys=0.13, real=0.18 secs] 
2024-03-23T09:46:35.611+0800: 147271.032: [GC (Allocation Failure) 2024-03-23T09:46:35.612+0800: 147271.032: [ParNew: 20363802K->739950K(22937600K), 0.1669250 secs] 99141897K->79550463K(130940928K), 0.1672657 secs] [Times: user=1.68 sys=0.84, real=0.17 secs] 
2024-03-23T09:46:47.910+0800: 147283.331: [GC (Allocation Failure) 2024-03-23T09:46:47.910+0800: 147283.331: [ParNew: 20400750K->799256K(22937600K), 0.1591610 secs] 99211263K->79641898K(130940928K), 0.1594958 secs] [Times: user=2.49 sys=0.00, real=0.16 secs] 
2024-03-23T09:47:01.286+0800: 147296.707: [GC (Allocation Failure) 2024-03-23T09:47:01.286+0800: 147296.707: [ParNew: 20460056K->771947K(22937600K), 0.2153965 secs] 99302698K->79642741K(130940928K), 0.2157344 secs] [Times: user=1.60 sys=1.74, real=0.22 secs] 
2024-03-23T09:47:14.586+0800: 147310.007: [GC (Allocation Failure) 2024-03-23T09:47:14.586+0800: 147310.007: [ParNew: 20432747K->747290K(22937600K), 0.1956716 secs] 99303541K->79653372K(130940928K), 0.1959886 secs] [Times: user=2.41 sys=0.62, real=0.20 secs] 
2024-03-23T09:47:27.113+0800: 147322.534: [GC (Allocation Failure) 2024-03-23T09:47:27.113+0800: 147322.534: [ParNew: 20408090K->689206K(22937600K), 0.1636936 secs] 99314172K->79626082K(130940928K), 0.1640179 secs] [Times: user=2.33 sys=0.13, real=0.16 secs] 
2024-03-23T09:47:41.077+0800: 147336.498: [GC (Allocation Failure) 2024-03-23T09:47:41.077+0800: 147336.498: [ParNew: 20350006K->737735K(22937600K), 0.1628756 secs] 99286882K->79700669K(130940928K), 0.1632163 secs] [Times: user=1.62 sys=0.86, real=0.17 secs] 
2024-03-23T09:47:55.606+0800: 147351.027: [GC (Allocation Failure) 2024-03-23T09:47:55.606+0800: 147351.027: [ParNew: 20398535K->741417K(22937600K), 0.2178068 secs] 99361469K->79738568K(130940928K), 0.2181853 secs] [Times: user=2.26 sys=1.08, real=0.22 secs] 
2024-03-23T09:48:09.346+0800: 147364.767: [GC (Allocation Failure) 2024-03-23T09:48:09.346+0800: 147364.767: [ParNew: 20402217K->710271K(22937600K), 0.1878973 secs] 99399368K->79738446K(130940928K), 0.1882126 secs] [Times: user=1.74 sys=0.94, real=0.19 secs] 
2024-03-23T09:48:22.915+0800: 147378.336: [GC (Allocation Failure) 2024-03-23T09:48:22.915+0800: 147378.336: [ParNew: 20371071K->772706K(22937600K), 0.1782995 secs] 99399246K->79832686K(130940928K), 0.1785690 secs] [Times: user=2.39 sys=0.15, real=0.18 secs] 
2024-03-23T09:48:35.850+0800: 147391.271: [GC (Allocation Failure) 2024-03-23T09:48:35.850+0800: 147391.271: [ParNew: 20433506K->745819K(22937600K), 0.1694973 secs] 99493486K->79840143K(130940928K), 0.1698573 secs] [Times: user=1.66 sys=0.88, real=0.17 secs] 
2024-03-23T09:48:49.243+0800: 147404.664: [GC (Allocation Failure) 2024-03-23T09:48:49.243+0800: 147404.664: [ParNew: 20406619K->781881K(22937600K), 0.1725725 secs] 99500943K->79908924K(130940928K), 0.1729117 secs] [Times: user=2.47 sys=0.04, real=0.17 secs] 
2024-03-23T09:49:01.278+0800: 147416.699: [GC (Allocation Failure) 2024-03-23T09:49:01.278+0800: 147416.699: [ParNew: 20442681K->763405K(22937600K), 0.2171072 secs] 99569724K->79928660K(130940928K), 0.2174560 secs] [Times: user=2.36 sys=0.96, real=0.21 secs] 
2024-03-23T09:49:13.926+0800: 147429.347: [GC (Allocation Failure) 2024-03-23T09:49:13.926+0800: 147429.347: [ParNew: 20424205K->698270K(22937600K), 0.1875181 secs] 99589460K->79902594K(130940928K), 0.1878561 secs] [Times: user=1.76 sys=1.05, real=0.19 secs] 
2024-03-23T09:49:27.016+0800: 147442.437: [GC (Allocation Failure) 2024-03-23T09:49:27.016+0800: 147442.437: [ParNew: 20359070K->752070K(22937600K), 0.1691115 secs] 99563394K->79993503K(130940928K), 0.1694489 secs] [Times: user=2.41 sys=0.12, real=0.17 secs] 
2024-03-23T09:49:38.768+0800: 147454.189: [GC (Allocation Failure) 2024-03-23T09:49:38.768+0800: 147454.189: [ParNew: 20412870K->750474K(22937600K), 0.1665140 secs] 99654303K->80029908K(130940928K), 0.1668466 secs] [Times: user=2.43 sys=0.07, real=0.16 secs] 
2024-03-23T09:49:49.901+0800: 147465.322: [GC (Allocation Failure) 2024-03-23T09:49:49.901+0800: 147465.322: [ParNew: 20411274K->744208K(22937600K), 0.1589290 secs] 99690708K->80055141K(130940928K), 0.1592667 secs] [Times: user=2.45 sys=0.00, real=0.16 secs] 
2024-03-23T09:50:03.022+0800: 147478.443: [GC (Allocation Failure) 2024-03-23T09:50:03.022+0800: 147478.443: [ParNew: 20405008K->678941K(22937600K), 0.2164748 secs] 99715941K->80022721K(130940928K), 0.2168312 secs] [Times: user=2.31 sys=1.07, real=0.22 secs] 
2024-03-23T09:50:16.861+0800: 147492.282: [GC (Allocation Failure) 2024-03-23T09:50:16.861+0800: 147492.282: [ParNew: 20339741K->672397K(22937600K), 0.2019339 secs] 99683521K->80048296K(130940928K), 0.2022879 secs] [Times: user=2.74 sys=0.40, real=0.20 secs] 
2024-03-23T09:50:31.416+0800: 147506.837: [GC (Allocation Failure) 2024-03-23T09:50:31.416+0800: 147506.837: [ParNew: 20333197K->663346K(22937600K), 0.1713511 secs] 99709096K->80073439K(130940928K), 0.1716865 secs] [Times: user=1.62 sys=1.00, real=0.18 secs] 
2024-03-23T09:50:45.706+0800: 147521.127: [GC (Allocation Failure) 2024-03-23T09:50:45.706+0800: 147521.127: [ParNew: 20324146K->706271K(22937600K), 0.1678753 secs] 99734239K->80144709K(130940928K), 0.1682251 secs] [Times: user=1.65 sys=0.92, real=0.17 secs] 
2024-03-23T09:50:59.382+0800: 147534.803: [GC (Allocation Failure) 2024-03-23T09:50:59.382+0800: 147534.803: [ParNew: 20367071K->699128K(22937600K), 0.2219292 secs] 99805509K->80171703K(130940928K), 0.2222889 secs] [Times: user=2.26 sys=1.23, real=0.22 secs] 
2024-03-23T09:51:13.319+0800: 147548.740: [GC (Allocation Failure) 2024-03-23T09:51:13.319+0800: 147548.740: [ParNew: 20359928K->631579K(22937600K), 0.1706086 secs] 99832503K->80135793K(130940928K), 0.1709697 secs] [Times: user=1.72 sys=0.86, real=0.17 secs] 
2024-03-23T09:51:29.028+0800: 147564.449: [GC (Allocation Failure) 2024-03-23T09:51:29.029+0800: 147564.449: [ParNew: 20292379K->622870K(22937600K), 0.1701416 secs] 99796593K->80160588K(130940928K), 0.1705065 secs] [Times: user=1.55 sys=1.06, real=0.17 secs] 
2024-03-23T09:51:43.072+0800: 147578.493: [GC (Allocation Failure) 2024-03-23T09:51:43.072+0800: 147578.493: [ParNew: 20283670K->664111K(22937600K), 0.1652932 secs] 99821388K->80233216K(130940928K), 0.1656530 secs] [Times: user=1.52 sys=0.98, real=0.17 secs] 
2024-03-23T09:51:56.488+0800: 147591.909: [GC (Allocation Failure) 2024-03-23T09:51:56.488+0800: 147591.909: [ParNew: 20324911K->625486K(22937600K), 0.1546502 secs] 99894016K->80235629K(130940928K), 0.1550069 secs] [Times: user=2.37 sys=0.00, real=0.15 secs] 
2024-03-23T09:52:09.870+0800: 147605.291: [GC (Allocation Failure) 2024-03-23T09:52:09.871+0800: 147605.291: [ParNew: 20286286K->574202K(22937600K), 0.2225391 secs] 99896429K->80225515K(130940928K), 0.2229090 secs] [Times: user=2.17 sys=1.31, real=0.22 secs] 
2024-03-23T09:52:23.449+0800: 147618.870: [GC (Allocation Failure) 2024-03-23T09:52:23.449+0800: 147618.870: [ParNew: 20235002K->605566K(22937600K), 0.1820888 secs] 99886315K->80286895K(130940928K), 0.1824473 secs] [Times: user=1.59 sys=1.18, real=0.18 secs] 
2024-03-23T09:52:39.065+0800: 147634.486: [GC (Allocation Failure) 2024-03-23T09:52:39.065+0800: 147634.486: [ParNew: 20266366K->529953K(22937600K), 0.1690484 secs] 99947695K->80245648K(130940928K), 0.1694003 secs] [Times: user=1.43 sys=1.12, real=0.17 secs] 
2024-03-23T09:52:52.846+0800: 147648.267: [GC (Allocation Failure) 2024-03-23T09:52:52.847+0800: 147648.268: [ParNew: 20190753K->612697K(22937600K), 0.1703736 secs] 99906448K->80365371K(130940928K), 0.1707177 secs] [Times: user=2.30 sys=0.22, real=0.17 secs] 
2024-03-23T09:53:06.586+0800: 147662.007: [GC (Allocation Failure) 2024-03-23T09:53:06.586+0800: 147662.007: [ParNew: 20273497K->532653K(22937600K), 0.2083507 secs] 100026171K->80317977K(130940928K), 0.2087113 secs] [Times: user=1.53 sys=1.65, real=0.21 secs] 
2024-03-23T09:53:19.949+0800: 147675.370: [GC (Allocation Failure) 2024-03-23T09:53:19.949+0800: 147675.370: [ParNew: 20193453K->572743K(22937600K), 0.1757036 secs] 99978777K->80384441K(130940928K), 0.1760535 secs] [Times: user=1.70 sys=0.98, real=0.17 secs] 
2024-03-23T09:53:36.002+0800: 147691.423: [GC (Allocation Failure) 2024-03-23T09:53:36.002+0800: 147691.423: [ParNew: 20233543K->573437K(22937600K), 0.1679732 secs] 100045241K->80411449K(130940928K), 0.1683203 secs] [Times: user=1.43 sys=1.14, real=0.17 secs] 
2024-03-23T09:53:49.644+0800: 147705.065: [GC (Allocation Failure) 2024-03-23T09:53:49.644+0800: 147705.065: [ParNew: 20234237K->644781K(22937600K), 0.1581835 secs] 100072249K->80506262K(130940928K), 0.1585205 secs] [Times: user=2.23 sys=0.15, real=0.16 secs] 
2024-03-23T09:54:03.782+0800: 147719.203: [GC (Allocation Failure) 2024-03-23T09:54:03.782+0800: 147719.203: [ParNew: 20305581K->580006K(22937600K), 0.1566341 secs] 100167062K->80466256K(130940928K), 0.1569159 secs] [Times: user=1.61 sys=0.55, real=0.16 secs] 
2024-03-23T09:54:17.338+0800: 147732.759: [GC (Allocation Failure) 2024-03-23T09:54:17.339+0800: 147732.759: [ParNew: 20240806K->613028K(22937600K), 0.2341390 secs] 100127056K->80523231K(130940928K), 0.2344877 secs] [Times: user=2.13 sys=1.59, real=0.23 secs] 
2024-03-23T09:54:31.961+0800: 147747.382: [GC (Allocation Failure) 2024-03-23T09:54:31.961+0800: 147747.382: [ParNew: 20273828K->647880K(22937600K), 0.1640610 secs] 100184031K->80579800K(130940928K), 0.1643812 secs] [Times: user=2.23 sys=0.27, real=0.16 secs] 
2024-03-23T09:54:46.931+0800: 147762.352: [GC (Allocation Failure) 2024-03-23T09:54:46.932+0800: 147762.353: [ParNew: 20308680K->663538K(22937600K), 0.1667354 secs] 100240600K->80620202K(130940928K), 0.1670777 secs] [Times: user=2.21 sys=0.29, real=0.17 secs] 
2024-03-23T09:55:00.420+0800: 147775.841: [GC (Allocation Failure) 2024-03-23T09:55:00.421+0800: 147775.841: [ParNew: 20324338K->710664K(22937600K), 0.1538467 secs] 100281002K->80692534K(130940928K), 0.1542010 secs] [Times: user=1.52 sys=0.77, real=0.15 secs] 
2024-03-23T09:55:14.553+0800: 147789.974: [GC (Allocation Failure) 2024-03-23T09:55:14.553+0800: 147789.974: [ParNew: 20371464K->701357K(22937600K), 0.2167719 secs] 100353334K->80704291K(130940928K), 0.2171117 secs] [Times: user=2.17 sys=1.27, real=0.22 secs] 
2024-03-23T09:55:29.365+0800: 147804.786: [GC (Allocation Failure) 2024-03-23T09:55:29.365+0800: 147804.786: [ParNew: 20362157K->716098K(22937600K), 0.1779906 secs] 100365091K->80735560K(130940928K), 0.1783200 secs] [Times: user=2.32 sys=0.41, real=0.18 secs] 
2024-03-23T09:55:42.755+0800: 147818.176: [GC (Allocation Failure) 2024-03-23T09:55:42.755+0800: 147818.176: [ParNew: 20376898K->682168K(22937600K), 0.1623656 secs] 100396360K->80729398K(130940928K), 0.1627099 secs] [Times: user=2.31 sys=0.15, real=0.17 secs] 
2024-03-23T09:55:55.936+0800: 147831.357: [GC (Allocation Failure) 2024-03-23T09:55:55.936+0800: 147831.357: [ParNew: 20342968K->654988K(22937600K), 0.1671058 secs] 100390198K->80735646K(130940928K), 0.1674409 secs] [Times: user=1.59 sys=0.93, real=0.17 secs] 
2024-03-23T09:56:10.673+0800: 147846.094: [GC (Allocation Failure) 2024-03-23T09:56:10.673+0800: 147846.094: [ParNew: 20315788K->641908K(22937600K), 0.2261178 secs] 100396446K->80754234K(130940928K), 0.2264933 secs] [Times: user=2.34 sys=1.20, real=0.23 secs] 
2024-03-23T09:56:23.719+0800: 147859.140: [GC (Allocation Failure) 2024-03-23T09:56:23.719+0800: 147859.140: [ParNew: 20302708K->654257K(22937600K), 0.1653425 secs] 100415034K->80795558K(130940928K), 0.1656728 secs] [Times: user=2.39 sys=0.11, real=0.16 secs] 
2024-03-23T09:56:38.064+0800: 147873.485: [GC (Allocation Failure) 2024-03-23T09:56:38.064+0800: 147873.485: [ParNew: 20315057K->565102K(22937600K), 0.1604730 secs] 100456358K->80734582K(130940928K), 0.1608009 secs] [Times: user=1.45 sys=0.98, real=0.16 secs] 
2024-03-23T09:56:51.055+0800: 147886.476: [GC (Allocation Failure) 2024-03-23T09:56:51.056+0800: 147886.476: [ParNew: 20225902K->576024K(22937600K), 0.1621374 secs] 100395382K->80773805K(130940928K), 0.1624652 secs] [Times: user=2.24 sys=0.21, real=0.17 secs] 
2024-03-23T09:57:04.232+0800: 147899.653: [GC (Allocation Failure) 2024-03-23T09:57:04.232+0800: 147899.653: [ParNew: 20236824K->609323K(22937600K), 0.1513503 secs] 100434605K->80838109K(130940928K), 0.1516919 secs] [Times: user=1.53 sys=0.72, real=0.15 secs] 
2024-03-23T09:57:19.613+0800: 147915.034: [GC (Allocation Failure) 2024-03-23T09:57:19.613+0800: 147915.034: [ParNew: 20270123K->567810K(22937600K), 0.2162676 secs] 100498909K->80822062K(130940928K), 0.2165961 secs] [Times: user=2.12 sys=1.28, real=0.22 secs] 
2024-03-23T09:57:34.751+0800: 147930.172: [GC (Allocation Failure) 2024-03-23T09:57:34.751+0800: 147930.172: [ParNew: 20228610K->536419K(22937600K), 0.1708915 secs] 100482862K->80822333K(130940928K), 0.1712201 secs] [Times: user=1.43 sys=1.18, real=0.17 secs] 
2024-03-23T09:57:51.053+0800: 147946.474: [GC (Allocation Failure) 2024-03-23T09:57:51.053+0800: 147946.474: [ParNew: 20197219K->514975K(22937600K), 0.1614423 secs] 100483133K->80832067K(130940928K), 0.1617730 secs] [Times: user=1.38 sys=1.07, real=0.16 secs] 
2024-03-23T09:58:05.884+0800: 147961.305: [GC (Allocation Failure) 2024-03-23T09:58:05.885+0800: 147961.305: [ParNew: 20175775K->544351K(22937600K), 0.1575788 secs] 100492867K->80895930K(130940928K), 0.1579164 secs] [Times: user=2.18 sys=0.15, real=0.16 secs] 
2024-03-23T09:58:21.366+0800: 147976.787: [GC (Allocation Failure) 2024-03-23T09:58:21.366+0800: 147976.787: [ParNew: 20205151K->509403K(22937600K), 0.2326069 secs] 100556730K->80900494K(130940928K), 0.2329103 secs] [Times: user=2.11 sys=1.32, real=0.24 secs] 
2024-03-23T09:58:37.235+0800: 147992.656: [GC (Allocation Failure) 2024-03-23T09:58:37.235+0800: 147992.656: [ParNew: 20170203K->469951K(22937600K), 0.1811465 secs] 100561294K->80895137K(130940928K), 0.1814245 secs] [Times: user=1.38 sys=1.20, real=0.18 secs] 
2024-03-23T09:58:52.658+0800: 148008.079: [GC (Allocation Failure) 2024-03-23T09:58:52.658+0800: 148008.079: [ParNew: 20130751K->476574K(22937600K), 0.1742769 secs] 100555937K->80931742K(130940928K), 0.1745777 secs] [Times: user=2.11 sys=0.35, real=0.17 secs] 
2024-03-23T09:59:08.901+0800: 148024.322: [GC (Allocation Failure) 2024-03-23T09:59:08.901+0800: 148024.322: [ParNew: 20137374K->509314K(22937600K), 0.1742332 secs] 100592542K->80996817K(130940928K), 0.1745318 secs] [Times: user=2.18 sys=0.22, real=0.17 secs] 
2024-03-23T09:59:25.868+0800: 148041.288: [GC (Allocation Failure) 2024-03-23T09:59:25.868+0800: 148041.289: [ParNew: 20170114K->483004K(22937600K), 0.2346329 secs] 100657617K->80991997K(130940928K), 0.2349333 secs] [Times: user=2.05 sys=1.52, real=0.23 secs] 
2024-03-23T09:59:44.349+0800: 148059.769: [GC (Allocation Failure) 2024-03-23T09:59:44.349+0800: 148059.770: [ParNew: 20143804K->447255K(22937600K), 0.1809818 secs] 100652797K->80974727K(130940928K), 0.1812435 secs] [Times: user=2.11 sys=0.53, real=0.18 secs] 
2024-03-23T10:00:00.106+0800: 148075.527: [GC (Allocation Failure) 2024-03-23T10:00:00.106+0800: 148075.527: [ParNew: 20108055K->511293K(22937600K), 0.1654114 secs] 100635527K->81058921K(130940928K), 0.1657577 secs] [Times: user=1.33 sys=1.12, real=0.17 secs] 
2024-03-23T10:00:16.022+0800: 148091.443: [GC (Allocation Failure) 2024-03-23T10:00:16.022+0800: 148091.443: [ParNew: 20172093K->494688K(22937600K), 0.1568596 secs] 100719721K->81061795K(130940928K), 0.1571698 secs] [Times: user=1.60 sys=0.75, real=0.16 secs] 
2024-03-23T10:00:31.806+0800: 148107.227: [GC (Allocation Failure) 2024-03-23T10:00:31.806+0800: 148107.227: [ParNew: 20155488K->522646K(22937600K), 0.2359340 secs] 100722595K->81106887K(130940928K), 0.2363090 secs] [Times: user=1.31 sys=2.06, real=0.24 secs] 
2024-03-23T10:00:48.309+0800: 148123.729: [GC (Allocation Failure) 2024-03-23T10:00:48.309+0800: 148123.730: [ParNew: 20183446K->579481K(22937600K), 0.1770195 secs] 100767687K->81177881K(130940928K), 0.1773636 secs] [Times: user=1.42 sys=1.28, real=0.17 secs] 
2024-03-23T10:01:02.258+0800: 148137.679: [GC (Allocation Failure) 2024-03-23T10:01:02.258+0800: 148137.679: [ParNew: 20240281K->516109K(22937600K), 0.1657868 secs] 100838681K->81129712K(130940928K), 0.1661657 secs] [Times: user=1.44 sys=0.89, real=0.16 secs] 
2024-03-23T10:01:16.438+0800: 148151.859: [GC (Allocation Failure) 2024-03-23T10:01:16.438+0800: 148151.859: [ParNew: 20176909K->572423K(22937600K), 0.1539736 secs] 100790512K->81207788K(130940928K), 0.1543161 secs] [Times: user=2.29 sys=0.00, real=0.15 secs] 
2024-03-23T10:01:32.428+0800: 148167.849: [GC (Allocation Failure) 2024-03-23T10:01:32.428+0800: 148167.849: [ParNew: 20233223K->574734K(22937600K), 0.2437768 secs] 100868588K->81233038K(130940928K), 0.2441808 secs] [Times: user=1.29 sys=2.49, real=0.24 secs] 
2024-03-23T10:01:46.408+0800: 148181.829: [GC (Allocation Failure) 2024-03-23T10:01:46.409+0800: 148181.829: [ParNew: 20235534K->527048K(22937600K), 0.1727988 secs] 100893838K->81205665K(130940928K), 0.1731604 secs] [Times: user=1.45 sys=1.16, real=0.17 secs] 
2024-03-23T10:02:02.899+0800: 148198.320: [GC (Allocation Failure) 2024-03-23T10:02:02.899+0800: 148198.320: [ParNew: 20187848K->544001K(22937600K), 0.1777247 secs] 100866465K->81246524K(130940928K), 0.1780657 secs] [Times: user=2.11 sys=0.57, real=0.17 secs] 
2024-03-23T10:02:20.920+0800: 148216.341: [GC (Allocation Failure) 2024-03-23T10:02:20.921+0800: 148216.341: [ParNew: 20204801K->537607K(22937600K), 0.1543068 secs] 100907324K->81262968K(130940928K), 0.1546893 secs] [Times: user=2.22 sys=0.08, real=0.15 secs] 
2024-03-23T10:02:38.810+0800: 148234.231: [GC (Allocation Failure) 2024-03-23T10:02:38.810+0800: 148234.231: [ParNew: 20198407K->535302K(22937600K), 0.2558205 secs] 100923768K->81287594K(130940928K), 0.2562035 secs] [Times: user=1.99 sys=1.94, real=0.25 secs] 
2024-03-23T10:02:55.904+0800: 148251.325: [GC (Allocation Failure) 2024-03-23T10:02:55.905+0800: 148251.325: [ParNew: 20196102K->436080K(22937600K), 0.1860474 secs] 100948394K->81210860K(130940928K), 0.1863360 secs] [Times: user=2.17 sys=0.51, real=0.19 secs] 
2024-03-23T10:03:12.651+0800: 148268.072: [GC (Allocation Failure) 2024-03-23T10:03:12.651+0800: 148268.072: [ParNew: 20096880K->485500K(22937600K), 0.1795343 secs] 100871660K->81284776K(130940928K), 0.1797950 secs] [Times: user=1.28 sys=1.26, real=0.18 secs] 
2024-03-23T10:03:30.359+0800: 148285.780: [GC (Allocation Failure) 2024-03-23T10:03:30.359+0800: 148285.780: [ParNew: 20146300K->449903K(22937600K), 0.2473897 secs] 100945576K->81271917K(130940928K), 0.2476755 secs] [Times: user=1.85 sys=1.94, real=0.24 secs] 
2024-03-23T10:03:50.027+0800: 148305.448: [GC (Allocation Failure) 2024-03-23T10:03:50.027+0800: 148305.448: [ParNew: 20110703K->413739K(22937600K), 0.1783199 secs] 100932717K->81259331K(130940928K), 0.1785826 secs] [Times: user=1.43 sys=1.09, real=0.18 secs] 
2024-03-23T10:04:07.117+0800: 148322.537: [GC (Allocation Failure) 2024-03-23T10:04:07.117+0800: 148322.538: [ParNew: 20074539K->400814K(22937600K), 0.1859967 secs] 100920131K->81264315K(130940928K), 0.1862812 secs] [Times: user=2.14 sys=0.57, real=0.19 secs] 
2024-03-23T10:04:23.878+0800: 148339.299: [GC (Allocation Failure) 2024-03-23T10:04:23.878+0800: 148339.299: [ParNew: 20061614K->425008K(22937600K), 0.1719272 secs] 100925115K->81310247K(130940928K), 0.1722678 secs] [Times: user=2.08 sys=0.30, real=0.17 secs] 
2024-03-23T10:04:41.335+0800: 148356.756: [GC (Allocation Failure) 2024-03-23T10:04:41.335+0800: 148356.756: [ParNew: 20085808K->409881K(22937600K), 0.2521174 secs] 100971047K->81321578K(130940928K), 0.2524057 secs] [Times: user=2.07 sys=1.78, real=0.26 secs] 
2024-03-23T10:04:58.474+0800: 148373.895: [GC (Allocation Failure) 2024-03-23T10:04:58.474+0800: 148373.895: [ParNew: 20070681K->356859K(22937600K), 0.2014790 secs] 100982378K->81292820K(130940928K), 0.2017424 secs] [Times: user=1.54 sys=1.46, real=0.20 secs] 
2024-03-23T10:05:17.288+0800: 148392.709: [GC (Allocation Failure) 2024-03-23T10:05:17.288+0800: 148392.709: [ParNew: 20017659K->353599K(22937600K), 0.1779962 secs] 100953620K->81308046K(130940928K), 0.1782853 secs] [Times: user=1.21 sys=1.41, real=0.17 secs] 
2024-03-23T10:05:34.535+0800: 148409.955: [GC (Allocation Failure) 2024-03-23T10:05:34.535+0800: 148409.956: [ParNew: 20014399K->341432K(22937600K), 0.1454730 secs] 100968846K->81315728K(130940928K), 0.1458054 secs] [Times: user=1.33 sys=0.68, real=0.15 secs] 
2024-03-23T10:05:49.418+0800: 148424.839: [GC (Allocation Failure) 2024-03-23T10:05:49.418+0800: 148424.839: [ParNew: 20002232K->343035K(22937600K), 0.3739343 secs] 100976528K->81338358K(130940928K), 0.3742115 secs] [Times: user=2.20 sys=3.91, real=0.37 secs] 
2024-03-23T10:06:03.747+0800: 148439.168: [GC (Allocation Failure) 2024-03-23T10:06:03.747+0800: 148439.168: [ParNew: 20003835K->346883K(22937600K), 0.1706944 secs] 100999158K->81358058K(130940928K), 0.1709546 secs] [Times: user=1.99 sys=0.52, real=0.18 secs] 
2024-03-23T10:06:18.916+0800: 148454.337: [GC (Allocation Failure) 2024-03-23T10:06:18.916+0800: 148454.337: [ParNew: 20007683K->333995K(22937600K), 0.1731739 secs] 101018858K->81362522K(130940928K), 0.1734580 secs] [Times: user=2.09 sys=0.42, real=0.18 secs] 
2024-03-23T10:06:32.978+0800: 148468.399: [GC (Allocation Failure) 2024-03-23T10:06:32.978+0800: 148468.399: [ParNew: 19994795K->300028K(22937600K), 0.1477833 secs] 101023322K->81347194K(130940928K), 0.1481122 secs] [Times: user=2.20 sys=0.00, real=0.14 secs] 
2024-03-23T10:06:47.829+0800: 148483.250: [GC (Allocation Failure) 2024-03-23T10:06:47.829+0800: 148483.250: [ParNew: 19960828K->303684K(22937600K), 0.3725908 secs] 101007994K->81370100K(130940928K), 0.3729276 secs] [Times: user=1.61 sys=4.42, real=0.37 secs] 
2024-03-23T10:07:02.648+0800: 148498.068: [GC (Allocation Failure) 2024-03-23T10:07:02.648+0800: 148498.069: [ParNew: 19964484K->324699K(22937600K), 0.1649164 secs] 101030900K->81406529K(130940928K), 0.1651734 secs] [Times: user=1.89 sys=0.48, real=0.16 secs] 
2024-03-23T10:07:16.719+0800: 148512.140: [GC (Allocation Failure) 2024-03-23T10:07:16.720+0800: 148512.140: [ParNew: 19985499K->337420K(22937600K), 0.1600403 secs] 101067329K->81431597K(130940928K), 0.1603507 secs] [Times: user=1.97 sys=0.34, real=0.16 secs] 
2024-03-23T10:07:29.378+0800: 148524.799: [GC (Allocation Failure) 2024-03-23T10:07:29.378+0800: 148524.799: [ParNew: 19998220K->313124K(22937600K), 0.1435363 secs] 101092397K->81413139K(130940928K), 0.1438129 secs] [Times: user=1.89 sys=0.16, real=0.14 secs] 
2024-03-23T10:07:44.588+0800: 148540.009: [GC (Allocation Failure) 2024-03-23T10:07:44.589+0800: 148540.009: [ParNew: 19973924K->321695K(22937600K), 0.2374607 secs] 101073939K->81430233K(130940928K), 0.2377537 secs] [Times: user=1.80 sys=1.88, real=0.23 secs] 
2024-03-23T10:07:58.212+0800: 148553.632: [GC (Allocation Failure) 2024-03-23T10:07:58.212+0800: 148553.633: [ParNew: 19982495K->345266K(22937600K), 0.1625247 secs] 101091033K->81461245K(130940928K), 0.1628098 secs] [Times: user=1.41 sys=0.96, real=0.16 secs] 
2024-03-23T10:08:12.484+0800: 148567.905: [GC (Allocation Failure) 2024-03-23T10:08:12.484+0800: 148567.905: [ParNew: 20006066K->341565K(22937600K), 0.1601611 secs] 101122045K->81462898K(130940928K), 0.1604459 secs] [Times: user=1.92 sys=0.42, real=0.16 secs] 
2024-03-23T10:08:30.110+0800: 148585.531: [GC (Allocation Failure) 2024-03-23T10:08:30.110+0800: 148585.531: [ParNew: 20002365K->363946K(22937600K), 0.1817376 secs] 101123698K->81495083K(130940928K), 0.1820193 secs] [Times: user=1.37 sys=1.34, real=0.18 secs] 
2024-03-23T10:08:48.811+0800: 148604.232: [GC (Allocation Failure) 2024-03-23T10:08:48.812+0800: 148604.232: [ParNew: 20024746K->367755K(22937600K), 0.2391699 secs] 101155883K->81507577K(130940928K), 0.2394609 secs] [Times: user=1.07 sys=2.67, real=0.24 secs] 
2024-03-23T10:09:06.724+0800: 148622.145: [GC (Allocation Failure) 2024-03-23T10:09:06.725+0800: 148622.145: [ParNew: 20028555K->398585K(22937600K), 0.1718018 secs] 101168377K->81547491K(130940928K), 0.1720674 secs] [Times: user=1.94 sys=0.57, real=0.17 secs] 
2024-03-23T10:09:19.310+0800: 148634.731: [GC (Allocation Failure) 2024-03-23T10:09:19.311+0800: 148634.731: [ParNew: 20059385K->399122K(22937600K), 0.1599501 secs] 101208291K->81560560K(130940928K), 0.1603033 secs] [Times: user=1.22 sys=1.03, real=0.16 secs] 
2024-03-23T10:09:29.725+0800: 148645.146: [GC (Allocation Failure) 2024-03-23T10:09:29.725+0800: 148645.146: [ParNew: 20059922K->383187K(22937600K), 0.1436126 secs] 101221360K->81558585K(130940928K), 0.1439984 secs] [Times: user=2.03 sys=0.10, real=0.15 secs] 
2024-03-23T10:09:40.515+0800: 148655.936: [GC (Allocation Failure) 2024-03-23T10:09:40.515+0800: 148655.936: [ParNew: 20043987K->378584K(22937600K), 0.1287494 secs] 101219385K->81570577K(130940928K), 0.1292226 secs] [Times: user=1.42 sys=0.44, real=0.13 secs] 
2024-03-23T10:09:52.175+0800: 148667.596: [GC (Allocation Failure) 2024-03-23T10:09:52.175+0800: 148667.596: [ParNew: 20039384K->368380K(22937600K), 0.2343686 secs] 101231377K->81582284K(130940928K), 0.2347135 secs] [Times: user=1.80 sys=1.96, real=0.24 secs] 
2024-03-23T10:10:03.147+0800: 148678.568: [GC (Allocation Failure) 2024-03-23T10:10:03.147+0800: 148678.568: [ParNew: 20029180K->334871K(22937600K), 0.1519925 secs] 101243084K->81570359K(130940928K), 0.1523189 secs] [Times: user=2.12 sys=0.10, real=0.16 secs] 
2024-03-23T10:10:15.333+0800: 148690.754: [GC (Allocation Failure) 2024-03-23T10:10:15.334+0800: 148690.754: [ParNew: 19995671K->355370K(22937600K), 0.1513071 secs] 101231159K->81611416K(130940928K), 0.1516629 secs] [Times: user=2.02 sys=0.24, real=0.15 secs] 
2024-03-23T10:10:26.901+0800: 148702.322: [GC (Allocation Failure) 2024-03-23T10:10:26.901+0800: 148702.322: [ParNew: 20016170K->376534K(22937600K), 0.1483778 secs] 101272216K->81648696K(130940928K), 0.1487217 secs] [Times: user=2.05 sys=0.19, real=0.15 secs] 
2024-03-23T10:10:37.656+0800: 148713.077: [GC (Allocation Failure) 2024-03-23T10:10:37.656+0800: 148713.077: [ParNew: 20037334K->314749K(22937600K), 0.1408016 secs] 101309496K->81597985K(130940928K), 0.1412008 secs] [Times: user=1.52 sys=0.57, real=0.14 secs] 
2024-03-23T10:10:48.345+0800: 148723.766: [GC (Allocation Failure) 2024-03-23T10:10:48.345+0800: 148723.766: [ParNew: 19975549K->355318K(22937600K), 0.2356226 secs] 101258785K->81649092K(130940928K), 0.2359090 secs] [Times: user=2.00 sys=1.58, real=0.24 secs] 
2024-03-23T10:10:59.887+0800: 148735.307: [GC (Allocation Failure) 2024-03-23T10:10:59.887+0800: 148735.308: [ParNew: 20016118K->330488K(22937600K), 0.1727433 secs] 101309892K->81639991K(130940928K), 0.1730850 secs] [Times: user=1.51 sys=0.82, real=0.18 secs] 
2024-03-23T10:11:11.563+0800: 148746.984: [GC (Allocation Failure) 2024-03-23T10:11:11.563+0800: 148746.984: [ParNew: 19991288K->363511K(22937600K), 0.1568977 secs] 101300791K->81684053K(130940928K), 0.1571460 secs] [Times: user=2.01 sys=0.23, real=0.16 secs] 
2024-03-23T10:11:24.401+0800: 148759.822: [GC (Allocation Failure) 2024-03-23T10:11:24.401+0800: 148759.822: [ParNew: 20024311K->334216K(22937600K), 0.1629718 secs] 101344853K->81664146K(130940928K), 0.1632544 secs] [Times: user=1.25 sys=1.07, real=0.16 secs] 
2024-03-23T10:11:36.993+0800: 148772.413: [GC (Allocation Failure) 2024-03-23T10:11:36.993+0800: 148772.414: [ParNew: 19995013K->319268K(22937600K), 0.1512931 secs] 101324944K->81661456K(130940928K), 0.1515761 secs] [Times: user=2.09 sys=0.00, real=0.15 secs] 
2024-03-23T10:11:48.537+0800: 148783.958: [GC (Allocation Failure) 2024-03-23T10:11:48.538+0800: 148783.958: [ParNew: 19980068K->353097K(22937600K), 0.2337779 secs] 101322256K->81705554K(130940928K), 0.2340728 secs] [Times: user=1.81 sys=1.75, real=0.23 secs] 
2024-03-23T10:11:59.157+0800: 148794.578: [GC (Allocation Failure) 2024-03-23T10:11:59.157+0800: 148794.578: [ParNew: 20013897K->312509K(22937600K), 0.1533459 secs] 101366354K->81683370K(130940928K), 0.1536242 secs] [Times: user=2.10 sys=0.00, real=0.16 secs] 
2024-03-23T10:12:09.924+0800: 148805.345: [GC (Allocation Failure) 2024-03-23T10:12:09.924+0800: 148805.345: [ParNew: 19973309K->276219K(22937600K), 0.1624574 secs] 101344170K->81666106K(130940928K), 0.1627846 secs] [Times: user=2.00 sys=0.24, real=0.16 secs] 
2024-03-23T10:12:21.957+0800: 148817.378: [GC (Allocation Failure) 2024-03-23T10:12:21.957+0800: 148817.378: [ParNew: 19937019K->274506K(22937600K), 0.1645006 secs] 101326906K->81686715K(130940928K), 0.1647824 secs] [Times: user=1.98 sys=0.29, real=0.17 secs] 
2024-03-23T10:12:33.348+0800: 148828.769: [GC (Allocation Failure) 2024-03-23T10:12:33.348+0800: 148828.769: [ParNew: 19935306K->247718K(22937600K), 0.1535073 secs] 101347515K->81679066K(130940928K), 0.1537940 secs] [Times: user=1.87 sys=0.23, real=0.15 secs] 
2024-03-23T10:12:45.422+0800: 148840.843: [GC (Allocation Failure) 2024-03-23T10:12:45.422+0800: 148840.843: [ParNew: 19908518K->221358K(22937600K), 0.2446418 secs] 101339866K->81669131K(130940928K), 0.2449234 secs] [Times: user=1.69 sys=2.05, real=0.24 secs] 
2024-03-23T10:12:58.299+0800: 148853.720: [GC (Allocation Failure) 2024-03-23T10:12:58.299+0800: 148853.720: [ParNew: 19882158K->215967K(22937600K), 0.1473395 secs] 101329931K->81675614K(130940928K), 0.1475979 secs] [Times: user=2.14 sys=0.00, real=0.14 secs] 
2024-03-23T10:13:10.167+0800: 148865.587: [GC (Allocation Failure) 2024-03-23T10:13:10.167+0800: 148865.588: [ParNew: 19876767K->206550K(22937600K), 0.1525418 secs] 101336414K->81680286K(130940928K), 0.1527944 secs] [Times: user=1.89 sys=0.25, real=0.16 secs] 
2024-03-23T10:13:22.056+0800: 148877.477: [GC (Allocation Failure) 2024-03-23T10:13:22.056+0800: 148877.477: [ParNew: 19867350K->205206K(22937600K), 0.1452623 secs] 101341086K->81690624K(130940928K), 0.1455017 secs] [Times: user=1.79 sys=0.25, real=0.15 secs] 
2024-03-23T10:13:33.964+0800: 148889.385: [GC (Allocation Failure) 2024-03-23T10:13:33.964+0800: 148889.385: [ParNew: 19866006K->196498K(22937600K), 0.1534449 secs] 101351424K->81694518K(130940928K), 0.1536838 secs] [Times: user=1.90 sys=0.23, real=0.16 secs] 
2024-03-23T10:13:45.565+0800: 148900.985: [GC (Allocation Failure) 2024-03-23T10:13:45.565+0800: 148900.986: [ParNew: 19857298K->185369K(22937600K), 0.1265631 secs] 101355318K->81695033K(130940928K), 0.1270116 secs] [Times: user=2.03 sys=0.00, real=0.13 secs] 
2024-03-23T10:13:57.290+0800: 148912.711: [GC (Allocation Failure) 2024-03-23T10:13:57.290+0800: 148912.711: [ParNew: 19846169K->160645K(22937600K), 0.2639514 secs] 101355833K->81680900K(130940928K), 0.2642219 secs] [Times: user=1.59 sys=2.55, real=0.26 secs] 
2024-03-23T10:14:09.672+0800: 148925.093: [GC (Allocation Failure) 2024-03-23T10:14:09.672+0800: 148925.093: [ParNew: 19821445K->167161K(22937600K), 0.1503332 secs] 101341700K->81694489K(130940928K), 0.1505678 secs] [Times: user=1.08 sys=1.11, real=0.15 secs] 
2024-03-23T10:14:23.842+0800: 148939.263: [GC (Allocation Failure) 2024-03-23T10:14:23.842+0800: 148939.263: [ParNew: 19827961K->162081K(22937600K), 0.1540322 secs] 101355289K->81698266K(130940928K), 0.1542786 secs] [Times: user=1.80 sys=0.43, real=0.15 secs] 
2024-03-23T10:14:35.585+0800: 148951.006: [GC (Allocation Failure) 2024-03-23T10:14:35.585+0800: 148951.006: [ParNew: 19822881K->172515K(22937600K), 0.1529103 secs] 101359066K->81717824K(130940928K), 0.1531790 secs] [Times: user=1.06 sys=1.06, real=0.16 secs] 
2024-03-23T10:14:49.258+0800: 148964.679: [GC (Allocation Failure) 2024-03-23T10:14:49.258+0800: 148964.679: [ParNew: 19833315K->161498K(22937600K), 0.1305686 secs] 101378624K->81715461K(130940928K), 0.1308375 secs] [Times: user=1.23 sys=0.54, real=0.13 secs] 
2024-03-23T10:15:03.909+0800: 148979.330: [GC (Allocation Failure) 2024-03-23T10:15:03.909+0800: 148979.330: [ParNew: 19822298K->158177K(22937600K), 0.2706868 secs] 101376261K->81718944K(130940928K), 0.2710329 secs] [Times: user=1.58 sys=2.68, real=0.27 secs] 
2024-03-23T10:15:16.690+0800: 148992.111: [GC (Allocation Failure) 2024-03-23T10:15:16.691+0800: 148992.112: [ParNew: 19818977K->165822K(22937600K), 0.1555678 secs] 101379744K->81730401K(130940928K), 0.1559962 secs] [Times: user=1.86 sys=0.42, real=0.15 secs] 
2024-03-23T10:15:30.621+0800: 149006.042: [GC (Allocation Failure) 2024-03-23T10:15:30.621+0800: 149006.042: [ParNew: 19826622K->171532K(22937600K), 0.1410261 secs] 101391201K->81741109K(130940928K), 0.1413528 secs] [Times: user=1.73 sys=0.38, real=0.14 secs] 
2024-03-23T10:15:45.496+0800: 149020.917: [GC (Allocation Failure) 2024-03-23T10:15:45.496+0800: 149020.917: [ParNew: 19832332K->175864K(22937600K), 0.1454455 secs] 101401909K->81749890K(130940928K), 0.1457924 secs] [Times: user=1.15 sys=1.07, real=0.15 secs] 
2024-03-23T10:15:57.662+0800: 149033.082: [GC (Allocation Failure) 2024-03-23T10:15:57.662+0800: 149033.083: [ParNew: 19836664K->181599K(22937600K), 0.2412679 secs] 101410690K->81759909K(130940928K), 0.2415272 secs] [Times: user=1.82 sys=2.02, real=0.24 secs] 
2024-03-23T10:16:10.642+0800: 149046.063: [GC (Allocation Failure) 2024-03-23T10:16:10.642+0800: 149046.063: [ParNew: 19842399K->178161K(22937600K), 0.1436252 secs] 101420709K->81762035K(130940928K), 0.1438834 secs] [Times: user=1.35 sys=0.72, real=0.14 secs] 
2024-03-23T10:16:24.554+0800: 149059.975: [GC (Allocation Failure) 2024-03-23T10:16:24.554+0800: 149059.975: [ParNew: 19838961K->191532K(22937600K), 0.1545522 secs] 101422835K->81780973K(130940928K), 0.1548134 secs] [Times: user=1.78 sys=0.45, real=0.16 secs] 
2024-03-23T10:16:39.666+0800: 149075.087: [GC (Allocation Failure) 2024-03-23T10:16:39.667+0800: 149075.087: [ParNew: 19852332K->177984K(22937600K), 0.1605568 secs] 101441773K->81772622K(130940928K), 0.1608392 secs] [Times: user=1.81 sys=0.54, real=0.16 secs] 
2024-03-23T10:16:54.209+0800: 149089.629: [GC (Allocation Failure) 2024-03-23T10:16:54.209+0800: 149089.630: [ParNew: 19838784K->189484K(22937600K), 0.1281794 secs] 101433422K->81789878K(130940928K), 0.1284269 secs] [Times: user=1.09 sys=0.71, real=0.12 secs] 
2024-03-23T10:17:09.176+0800: 149104.597: [GC (Allocation Failure) 2024-03-23T10:17:09.176+0800: 149104.597: [ParNew: 19850284K->188863K(22937600K), 0.2494135 secs] 101450678K->81794141K(130940928K), 0.2496739 secs] [Times: user=1.74 sys=2.24, real=0.25 secs] 
2024-03-23T10:17:25.677+0800: 149121.098: [GC (Allocation Failure) 2024-03-23T10:17:25.677+0800: 149121.098: [ParNew: 19849663K->177195K(22937600K), 0.1605649 secs] 101454941K->81785174K(130940928K), 0.1608220 secs] [Times: user=1.00 sys=1.40, real=0.17 secs] 
2024-03-23T10:17:42.358+0800: 149137.778: [GC (Allocation Failure) 2024-03-23T10:17:42.358+0800: 149137.778: [ParNew: 19837995K->163418K(22937600K), 0.1572687 secs] 101445974K->81774452K(130940928K), 0.1575378 secs] [Times: user=0.92 sys=1.43, real=0.15 secs] 
2024-03-23T10:17:57.118+0800: 149152.539: [GC (Allocation Failure) 2024-03-23T10:17:57.119+0800: 149152.539: [ParNew: 19824218K->181494K(22937600K), 0.1267023 secs] 101435252K->81796992K(130940928K), 0.1269527 secs] [Times: user=1.83 sys=0.00, real=0.12 secs] 
2024-03-23T10:18:12.470+0800: 149167.891: [GC (Allocation Failure) 2024-03-23T10:18:12.470+0800: 149167.891: [ParNew: 19842294K->179593K(22937600K), 0.2625648 secs] 101457792K->81803161K(130940928K), 0.2628332 secs] [Times: user=1.70 sys=2.45, real=0.26 secs] 
2024-03-23T10:18:26.848+0800: 149182.269: [GC (Allocation Failure) 2024-03-23T10:18:26.848+0800: 149182.269: [ParNew: 19840393K->174374K(22937600K), 0.1586227 secs] 101463961K->81804384K(130940928K), 0.1588912 secs] [Times: user=1.79 sys=0.51, real=0.15 secs] 
2024-03-23T10:18:40.560+0800: 149195.981: [GC (Allocation Failure) 2024-03-23T10:18:40.560+0800: 149195.981: [ParNew: 19835174K->167740K(22937600K), 0.1444189 secs] 101465184K->81803754K(130940928K), 0.1447039 secs] [Times: user=0.98 sys=1.14, real=0.14 secs] 
2024-03-23T10:18:53.646+0800: 149209.067: [GC (Allocation Failure) 2024-03-23T10:18:53.646+0800: 149209.067: [ParNew: 19828540K->172557K(22937600K), 0.1407402 secs] 101464554K->81819766K(130940928K), 0.1410157 secs] [Times: user=1.78 sys=0.21, real=0.14 secs] 
2024-03-23T10:19:01.243+0800: 149216.663: [GC (Allocation Failure) 2024-03-23T10:19:01.243+0800: 149216.664: [ParNew: 19833357K->166184K(22937600K), 0.2404725 secs] 101480566K->81825254K(130940928K), 0.2407241 secs] [Times: user=1.63 sys=2.13, real=0.24 secs] 
2024-03-23T10:19:09.575+0800: 149224.996: [GC (Allocation Failure) 2024-03-23T10:19:09.575+0800: 149224.996: [ParNew: 19826984K->157808K(22937600K), 0.1204792 secs] 101486054K->81824899K(130940928K), 0.1208266 secs] [Times: user=2.09 sys=0.00, real=0.12 secs] 
2024-03-23T10:19:17.294+0800: 149232.715: [GC (Allocation Failure) 2024-03-23T10:19:17.294+0800: 149232.715: [ParNew: 19818608K->183573K(22937600K), 0.1422107 secs] 101485699K->81854601K(130940928K), 0.1425648 secs] [Times: user=2.13 sys=0.02, real=0.14 secs] 
2024-03-23T10:19:24.423+0800: 149239.844: [GC (Allocation Failure) 2024-03-23T10:19:24.423+0800: 149239.844: [ParNew: 19844373K->233480K(22937600K), 0.1423938 secs] 101515401K->81908341K(130940928K), 0.1427270 secs] [Times: user=2.09 sys=0.07, real=0.14 secs] 
2024-03-23T10:19:31.641+0800: 149247.062: [GC (Allocation Failure) 2024-03-23T10:19:31.641+0800: 149247.062: [ParNew: 19894280K->205286K(22937600K), 0.1469662 secs] 101569141K->81884935K(130940928K), 0.1473350 secs] [Times: user=1.37 sys=0.86, real=0.15 secs] 
2024-03-23T10:19:37.329+0800: 149252.749: [GC (Allocation Failure) 2024-03-23T10:19:37.329+0800: 149252.750: [ParNew: 19866086K->274505K(22937600K), 0.1412571 secs] 101545735K->81958827K(130940928K), 0.1415988 secs] [Times: user=2.28 sys=0.00, real=0.14 secs] 
2024-03-23T10:19:43.669+0800: 149259.090: [GC (Allocation Failure) 2024-03-23T10:19:43.669+0800: 149259.090: [ParNew: 19935305K->301315K(22937600K), 0.1488025 secs] 101619627K->81989166K(130940928K), 0.1491378 secs] [Times: user=1.65 sys=0.67, real=0.15 secs] 
2024-03-23T10:19:51.055+0800: 149266.476: [GC (Allocation Failure) 2024-03-23T10:19:51.055+0800: 149266.476: [ParNew: 19962115K->340314K(22937600K), 0.1574536 secs] 101649966K->82032928K(130940928K), 0.1577330 secs] [Times: user=1.68 sys=0.61, real=0.16 secs] 
2024-03-23T10:19:58.181+0800: 149273.601: [GC (Allocation Failure) 2024-03-23T10:19:58.181+0800: 149273.602: [ParNew: 20001114K->362117K(22937600K), 0.1579851 secs] 101693728K->82061837K(130940928K), 0.1583129 secs] [Times: user=2.54 sys=0.00, real=0.16 secs] 
2024-03-23T10:20:06.581+0800: 149282.002: [GC (Allocation Failure) 2024-03-23T10:20:06.581+0800: 149282.002: [ParNew: 20022917K->401889K(22937600K), 0.4054842 secs] 101722637K->82105372K(130940928K), 0.4058048 secs] [Times: user=2.31 sys=4.40, real=0.40 secs] 
2024-03-23T10:20:15.713+0800: 149291.134: [GC (Allocation Failure) 2024-03-23T10:20:15.713+0800: 149291.134: [ParNew: 20062689K->427164K(22937600K), 0.1674922 secs] 101766172K->82137274K(130940928K), 0.1677863 secs] [Times: user=2.22 sys=0.19, real=0.17 secs] 
2024-03-23T10:20:24.042+0800: 149299.463: [GC (Allocation Failure) 2024-03-23T10:20:24.042+0800: 149299.463: [ParNew: 20087964K->436048K(22937600K), 0.1475688 secs] 101798074K->82154207K(130940928K), 0.1478309 secs] [Times: user=1.41 sys=0.74, real=0.15 secs] 
2024-03-23T10:20:35.382+0800: 149310.803: [GC (Allocation Failure) 2024-03-23T10:20:35.382+0800: 149310.803: [ParNew: 20096848K->429625K(22937600K), 0.1519900 secs] 101815007K->82153639K(130940928K), 0.1522873 secs] [Times: user=2.03 sys=0.14, real=0.15 secs] 
2024-03-23T10:20:49.128+0800: 149324.549: [GC (Allocation Failure) 2024-03-23T10:20:49.129+0800: 149324.549: [ParNew: 20090425K->423947K(22937600K), 0.1478631 secs] 101814439K->82153779K(130940928K), 0.1481256 secs] [Times: user=2.08 sys=0.09, real=0.14 secs] 
2024-03-23T10:21:04.502+0800: 149339.923: [GC (Allocation Failure) 2024-03-23T10:21:04.502+0800: 149339.923: [ParNew: 20084747K->389988K(22937600K), 0.2318689 secs] 101814579K->82124388K(130940928K), 0.2321071 secs] [Times: user=1.93 sys=1.71, real=0.23 secs] 
2024-03-23T10:21:19.930+0800: 149355.351: [GC (Allocation Failure) 2024-03-23T10:21:19.931+0800: 149355.351: [ParNew: 20050788K->456523K(22937600K), 0.1584932 secs] 101785188K->82195541K(130940928K), 0.1587476 secs] [Times: user=2.06 sys=0.24, real=0.16 secs] 
2024-03-23T10:21:35.413+0800: 149370.834: [GC (Allocation Failure) 2024-03-23T10:21:35.413+0800: 149370.834: [ParNew: 20117323K->416263K(22937600K), 0.1614794 secs] 101856341K->82160721K(130940928K), 0.1617173 secs] [Times: user=1.30 sys=1.11, real=0.16 secs] 
2024-03-23T10:21:47.722+0800: 149383.142: [GC (Allocation Failure) 2024-03-23T10:21:47.722+0800: 149383.143: [ParNew: 20077063K->351871K(22937600K), 0.1726927 secs] 101821521K->82132413K(130940928K), 0.1729640 secs] [Times: user=2.18 sys=0.18, real=0.17 secs] 
2024-03-23T10:21:59.610+0800: 149395.031: [GC (Allocation Failure) 2024-03-23T10:21:59.610+0800: 149395.031: [ParNew: 20012671K->354373K(22937600K), 0.1446073 secs] 101793213K->82150540K(130940928K), 0.1448619 secs] [Times: user=1.55 sys=0.45, real=0.14 secs] 
2024-03-23T10:22:11.685+0800: 149407.106: [GC (Allocation Failure) 2024-03-23T10:22:11.685+0800: 149407.106: [ParNew: 20015173K->336319K(22937600K), 0.2384998 secs] 101811340K->82144843K(130940928K), 0.2387672 secs] [Times: user=1.85 sys=1.87, real=0.24 secs] 
2024-03-23T10:22:24.085+0800: 149419.506: [GC (Allocation Failure) 2024-03-23T10:22:24.085+0800: 149419.506: [ParNew: 19997119K->283178K(22937600K), 0.1659982 secs] 101805643K->82136698K(130940928K), 0.1662749 secs] [Times: user=2.00 sys=0.25, real=0.17 secs] 
2024-03-23T10:22:37.679+0800: 149433.100: [GC (Allocation Failure) 2024-03-23T10:22:37.679+0800: 149433.100: [ParNew: 19943978K->255247K(22937600K), 0.1562265 secs] 101797498K->82132700K(130940928K), 0.1564783 secs] [Times: user=1.13 sys=1.03, real=0.15 secs] 
2024-03-23T10:22:50.621+0800: 149446.042: [GC (Allocation Failure) 2024-03-23T10:22:50.621+0800: 149446.042: [ParNew: 19916047K->242677K(22937600K), 0.1602532 secs] 101793500K->82141690K(130940928K), 0.1605288 secs] [Times: user=1.96 sys=0.25, real=0.16 secs] 
2024-03-23T10:23:03.583+0800: 149459.004: [GC (Allocation Failure) 2024-03-23T10:23:03.583+0800: 149459.004: [ParNew: 19903477K->246328K(22937600K), 0.2348243 secs] 101802490K->82165685K(130940928K), 0.2350735 secs] [Times: user=1.71 sys=1.86, real=0.24 secs] 
2024-03-23T10:23:17.960+0800: 149473.380: [GC (Allocation Failure) 2024-03-23T10:23:17.960+0800: 149473.381: [ParNew: 19907128K->212285K(22937600K), 0.1563859 secs] 101826485K->82153826K(130940928K), 0.1566381 secs] [Times: user=1.41 sys=0.78, real=0.15 secs] 
2024-03-23T10:23:32.580+0800: 149488.001: [GC (Allocation Failure) 2024-03-23T10:23:32.580+0800: 149488.001: [ParNew: 19873085K->185872K(22937600K), 0.1625235 secs] 101814626K->82147110K(130940928K), 0.1627717 secs] [Times: user=1.81 sys=0.51, real=0.16 secs] 
2024-03-23T10:23:50.584+0800: 149506.005: [GC (Allocation Failure) 2024-03-23T10:23:50.585+0800: 149506.005: [ParNew: 19846672K->197861K(22937600K), 0.1660582 secs] 101807910K->82167526K(130940928K), 0.1662975 secs] [Times: user=1.02 sys=1.41, real=0.17 secs] 
2024-03-23T10:24:09.130+0800: 149524.551: [GC (Allocation Failure) 2024-03-23T10:24:09.131+0800: 149524.551: [ParNew: 19858661K->185988K(22937600K), 0.2404782 secs] 101828326K->82159876K(130940928K), 0.2408522 secs] [Times: user=1.62 sys=2.23, real=0.24 secs] 
2024-03-23T10:24:27.332+0800: 149542.753: [GC (Allocation Failure) 2024-03-23T10:24:27.333+0800: 149542.753: [ParNew: 19846788K->192293K(22937600K), 0.1514781 secs] 101820676K->82169856K(130940928K), 0.1518403 secs] [Times: user=1.97 sys=0.39, real=0.15 secs] 
2024-03-23T10:24:43.377+0800: 149558.798: [GC (Allocation Failure) 2024-03-23T10:24:43.377+0800: 149558.798: [ParNew: 19853093K->197739K(22937600K), 0.1505954 secs] 101830656K->82182656K(130940928K), 0.1509459 secs] [Times: user=1.80 sys=0.54, real=0.16 secs] 
2024-03-23T10:24:58.288+0800: 149573.709: [GC (Allocation Failure) 2024-03-23T10:24:58.288+0800: 149573.709: [ParNew: 19858539K->185047K(22937600K), 0.1504317 secs] 101843456K->82176061K(130940928K), 0.1507069 secs] [Times: user=1.82 sys=0.37, real=0.15 secs] 
2024-03-23T10:25:12.291+0800: 149587.712: [GC (Allocation Failure) 2024-03-23T10:25:12.292+0800: 149587.712: [ParNew: 19845847K->181881K(22937600K), 0.2405758 secs] 101836861K->82177152K(130940928K), 0.2409015 secs] [Times: user=1.83 sys=1.90, real=0.24 secs] 
2024-03-23T10:25:28.039+0800: 149603.459: [GC (Allocation Failure) 2024-03-23T10:25:28.039+0800: 149603.460: [ParNew: 19842681K->191949K(22937600K), 0.1538694 secs] 101837952K->82190269K(130940928K), 0.1542239 secs] [Times: user=1.31 sys=1.07, real=0.15 secs] 
2024-03-23T10:25:41.813+0800: 149617.234: [GC (Allocation Failure) 2024-03-23T10:25:41.813+0800: 149617.234: [ParNew: 19852749K->205108K(22937600K), 0.1616402 secs] 101851069K->82206080K(130940928K), 0.1619234 secs] [Times: user=1.88 sys=0.44, real=0.16 secs] 
2024-03-23T10:25:57.716+0800: 149633.137: [GC (Allocation Failure) 2024-03-23T10:25:57.716+0800: 149633.137: [ParNew: 19865908K->217127K(22937600K), 0.1579382 secs] 101866880K->82220330K(130940928K), 0.1581938 secs] [Times: user=1.07 sys=1.30, real=0.16 secs] 
2024-03-23T10:26:15.288+0800: 149650.708: [GC (Allocation Failure) 2024-03-23T10:26:15.288+0800: 149650.709: [ParNew: 19877927K->228898K(22937600K), 0.2619871 secs] 101881130K->82244350K(130940928K), 0.2622739 secs] [Times: user=1.82 sys=2.29, real=0.26 secs] 
2024-03-23T10:26:35.182+0800: 149670.603: [GC (Allocation Failure) 2024-03-23T10:26:35.182+0800: 149670.603: [ParNew: 19889698K->236613K(22937600K), 0.1696672 secs] 101905150K->82261515K(130940928K), 0.1700370 secs] [Times: user=1.95 sys=0.71, real=0.17 secs] 
2024-03-23T10:26:54.259+0800: 149689.680: [GC (Allocation Failure) 2024-03-23T10:26:54.260+0800: 149689.680: [ParNew: 19897413K->217641K(22937600K), 0.1688630 secs] 101922315K->82253476K(130940928K), 0.1692112 secs] [Times: user=1.14 sys=1.49, real=0.17 secs] 
2024-03-23T10:27:11.303+0800: 149706.724: [GC (Allocation Failure) 2024-03-23T10:27:11.304+0800: 149706.724: [ParNew: 19878441K->226498K(22937600K), 0.1441120 secs] 101914276K->82270655K(130940928K), 0.1443893 secs] [Times: user=2.12 sys=0.00, real=0.15 secs] 
2024-03-23T10:27:29.103+0800: 149724.524: [GC (Allocation Failure) 2024-03-23T10:27:29.103+0800: 149724.524: [ParNew: 19887298K->230720K(22937600K), 0.4396424 secs] 101931455K->82281048K(130940928K), 0.4399052 secs] [Times: user=1.91 sys=5.43, real=0.44 secs] 
2024-03-23T10:27:45.269+0800: 149740.690: [GC (Allocation Failure) 2024-03-23T10:27:45.269+0800: 149740.690: [ParNew: 19891520K->224501K(22937600K), 0.1840430 secs] 101941848K->82280979K(130940928K), 0.1843346 secs] [Times: user=1.83 sys=0.83, real=0.18 secs] 
2024-03-23T10:28:03.043+0800: 149758.464: [GC (Allocation Failure) 2024-03-23T10:28:03.043+0800: 149758.464: [ParNew: 19885301K->222367K(22937600K), 0.1852840 secs] 101941779K->82287028K(130940928K), 0.1855684 secs] [Times: user=1.21 sys=1.59, real=0.19 secs] 
2024-03-23T10:28:23.004+0800: 149778.425: [GC (Allocation Failure) 2024-03-23T10:28:23.004+0800: 149778.425: [ParNew: 19883167K->241051K(22937600K), 0.4134944 secs] 101947828K->82315191K(130940928K), 0.4137935 secs] [Times: user=1.51 sys=5.30, real=0.42 secs] 
2024-03-23T10:28:39.671+0800: 149795.092: [GC (Allocation Failure) 2024-03-23T10:28:39.671+0800: 149795.092: [ParNew: 19901851K->256651K(22937600K), 0.1849579 secs] 101975991K->82337694K(130940928K), 0.1852627 secs] [Times: user=2.13 sys=0.60, real=0.18 secs] 
2024-03-23T10:28:58.386+0800: 149813.807: [GC (Allocation Failure) 2024-03-23T10:28:58.386+0800: 149813.807: [ParNew: 19917451K->235836K(22937600K), 0.2067092 secs] 101998494K->82318725K(130940928K), 0.2069896 secs] [Times: user=2.29 sys=0.91, real=0.21 secs] 
2024-03-23T10:29:18.776+0800: 149834.197: [GC (Allocation Failure) 2024-03-23T10:29:18.776+0800: 149834.197: [ParNew: 19896636K->236803K(22937600K), 0.1515475 secs] 101979525K->82324093K(130940928K), 0.1518302 secs] [Times: user=1.87 sys=0.37, real=0.16 secs] 
2024-03-23T10:29:37.736+0800: 149853.157: [GC (Allocation Failure) 2024-03-23T10:29:37.736+0800: 149853.157: [ParNew: 19897603K->261431K(22937600K), 0.2581124 secs] 101984893K->82353267K(130940928K), 0.2584296 secs] [Times: user=1.82 sys=2.27, real=0.26 secs] 
2024-03-23T10:29:59.661+0800: 149875.082: [GC (Allocation Failure) 2024-03-23T10:29:59.662+0800: 149875.082: [ParNew: 19922231K->253927K(22937600K), 0.1762491 secs] 102014067K->82351894K(130940928K), 0.1765282 secs] [Times: user=0.98 sys=1.58, real=0.18 secs] 
2024-03-23T10:30:18.475+0800: 149893.896: [GC (Allocation Failure) 2024-03-23T10:30:18.475+0800: 149893.896: [ParNew: 19914727K->259233K(22937600K), 0.1650945 secs] 102012694K->82373749K(130940928K), 0.1654409 secs] [Times: user=1.88 sys=0.50, real=0.17 secs] 
2024-03-23T10:30:32.037+0800: 149907.458: [GC (Allocation Failure) 2024-03-23T10:30:32.037+0800: 149907.458: [ParNew: 19920033K->277389K(22937600K), 0.2316570 secs] 102034549K->82400177K(130940928K), 0.2320241 secs] [Times: user=0.99 sys=2.68, real=0.24 secs] 
2024-03-23T10:30:45.303+0800: 149920.724: [GC (Allocation Failure) 2024-03-23T10:30:45.303+0800: 149920.724: [ParNew: 19938189K->320787K(22937600K), 0.1538216 secs] 102060977K->82449682K(130940928K), 0.1541644 secs] [Times: user=2.13 sys=0.21, real=0.15 secs] 
2024-03-23T10:30:58.896+0800: 149934.316: [GC (Allocation Failure) 2024-03-23T10:30:58.896+0800: 149934.317: [ParNew: 19981587K->326995K(22937600K), 0.1547031 secs] 102110482K->82461896K(130940928K), 0.1550560 secs] [Times: user=2.02 sys=0.35, real=0.16 secs] 
2024-03-23T10:31:11.443+0800: 149946.864: [GC (Allocation Failure) 2024-03-23T10:31:11.443+0800: 149946.864: [ParNew: 19987795K->367889K(22937600K), 0.1468345 secs] 102122696K->82510727K(130940928K), 0.1471907 secs] [Times: user=1.20 sys=1.03, real=0.15 secs] 
2024-03-23T10:31:23.832+0800: 149959.253: [GC (Allocation Failure) 2024-03-23T10:31:23.832+0800: 149959.253: [ParNew: 20028689K->371597K(22937600K), 0.1571921 secs] 102171527K->82521065K(130940928K), 0.1575318 secs] [Times: user=1.54 sys=0.68, real=0.16 secs] 
2024-03-23T10:31:36.086+0800: 149971.506: [GC (Allocation Failure) 2024-03-23T10:31:36.086+0800: 149971.507: [ParNew: 20032397K->404824K(22937600K), 0.2690076 secs] 102181865K->82563457K(130940928K), 0.2693398 secs] [Times: user=2.12 sys=2.00, real=0.27 secs] 
2024-03-23T10:31:48.919+0800: 149984.340: [GC (Allocation Failure) 2024-03-23T10:31:48.919+0800: 149984.340: [ParNew: 20065624K->388492K(22937600K), 0.1750684 secs] 102224257K->82560300K(130940928K), 0.1753990 secs] [Times: user=2.15 sys=0.35, real=0.17 secs] 
2024-03-23T10:32:01.096+0800: 149996.516: [GC (Allocation Failure) 2024-03-23T10:32:01.096+0800: 149996.517: [ParNew: 20049292K->412621K(22937600K), 0.1592774 secs] 102221100K->82599116K(130940928K), 0.1595839 secs] [Times: user=2.00 sys=0.25, real=0.16 secs] 
2024-03-23T10:32:13.157+0800: 150008.578: [GC (Allocation Failure) 2024-03-23T10:32:13.158+0800: 150008.578: [ParNew: 20073421K->404591K(22937600K), 0.1592013 secs] 102259916K->82612158K(130940928K), 0.1594875 secs] [Times: user=2.05 sys=0.15, real=0.16 secs] 
2024-03-23T10:32:26.562+0800: 150021.983: [GC (Allocation Failure) 2024-03-23T10:32:26.562+0800: 150021.983: [ParNew: 20065391K->370885K(22937600K), 0.1413707 secs] 102272958K->82592483K(130940928K), 0.1416626 secs] [Times: user=1.38 sys=0.54, real=0.14 secs] 
2024-03-23T10:32:40.498+0800: 150035.919: [GC (Allocation Failure) 2024-03-23T10:32:40.498+0800: 150035.919: [ParNew: 20031685K->395639K(22937600K), 0.2430795 secs] 102253283K->82629003K(130940928K), 0.2434237 secs] [Times: user=1.81 sys=1.93, real=0.24 secs] 
2024-03-23T10:32:52.521+0800: 150047.942: [GC (Allocation Failure) 2024-03-23T10:32:52.521+0800: 150047.942: [ParNew: 20056439K->378732K(22937600K), 0.1649452 secs] 102289803K->82622040K(130940928K), 0.1652257 secs] [Times: user=1.34 sys=1.03, real=0.16 secs] 
2024-03-23T10:33:04.373+0800: 150059.793: [GC (Allocation Failure) 2024-03-23T10:33:04.373+0800: 150059.794: [ParNew: 20039532K->423045K(22937600K), 0.1554741 secs] 102282840K->82673852K(130940928K), 0.1557536 secs] [Times: user=1.98 sys=0.19, real=0.16 secs] 
2024-03-23T10:33:14.216+0800: 150069.637: [GC (Allocation Failure) 2024-03-23T10:33:14.217+0800: 150069.637: [ParNew: 20083845K->459436K(22937600K), 0.1552780 secs] 102334652K->82716607K(130940928K), 0.1555517 secs] [Times: user=1.38 sys=0.79, real=0.16 secs] 
2024-03-23T10:33:23.429+0800: 150078.850: [GC (Allocation Failure) 2024-03-23T10:33:23.429+0800: 150078.850: [ParNew: 20120236K->426005K(22937600K), 0.1549176 secs] 102377407K->82699857K(130940928K), 0.1551883 secs] [Times: user=2.16 sys=0.00, real=0.15 secs] 
2024-03-23T10:33:33.366+0800: 150088.787: [GC (Allocation Failure) 2024-03-23T10:33:33.367+0800: 150088.787: [ParNew: 20086805K->445652K(22937600K), 0.1401918 secs] 102360657K->82741340K(130940928K), 0.1405067 secs] [Times: user=2.21 sys=0.00, real=0.14 secs] 
2024-03-23T10:33:43.026+0800: 150098.447: [GC (Allocation Failure) 2024-03-23T10:33:43.026+0800: 150098.447: [ParNew: 20106452K->440429K(22937600K), 0.2438442 secs] 102402140K->82759810K(130940928K), 0.2441459 secs] [Times: user=1.95 sys=1.77, real=0.25 secs] 
2024-03-23T10:33:53.055+0800: 150108.476: [GC (Allocation Failure) 2024-03-23T10:33:53.055+0800: 150108.476: [ParNew: 20101229K->416015K(22937600K), 0.1699506 secs] 102420610K->82756523K(130940928K), 0.1702085 secs] [Times: user=1.47 sys=0.92, real=0.17 secs] 
2024-03-23T10:34:04.035+0800: 150119.456: [GC (Allocation Failure) 2024-03-23T10:34:04.035+0800: 150119.456: [ParNew: 20076815K->425143K(22937600K), 0.1539286 secs] 102417323K->82779624K(130940928K), 0.1542213 secs] [Times: user=2.01 sys=0.14, real=0.16 secs] 
2024-03-23T10:34:14.768+0800: 150130.189: [GC (Allocation Failure) 2024-03-23T10:34:14.768+0800: 150130.189: [ParNew: 20085943K->413744K(22937600K), 0.1616442 secs] 102440424K->82786715K(130940928K), 0.1619310 secs] [Times: user=1.33 sys=0.87, real=0.16 secs] 
2024-03-23T10:34:26.108+0800: 150141.529: [GC (Allocation Failure) 2024-03-23T10:34:26.108+0800: 150141.529: [ParNew: 20074544K->431568K(22937600K), 0.1555102 secs] 102447515K->82823955K(130940928K), 0.1557974 secs] [Times: user=2.15 sys=0.00, real=0.15 secs] 
2024-03-23T10:34:38.142+0800: 150153.562: [GC (Allocation Failure) 2024-03-23T10:34:38.142+0800: 150153.563: [ParNew: 20092368K->409679K(22937600K), 0.2283567 secs] 102484755K->82819146K(130940928K), 0.2286215 secs] [Times: user=1.91 sys=1.54, real=0.23 secs] 
2024-03-23T10:34:49.770+0800: 150165.190: [GC (Allocation Failure) 2024-03-23T10:34:49.770+0800: 150165.191: [ParNew: 20070479K->373817K(22937600K), 0.1651701 secs] 102479946K->82801852K(130940928K), 0.1654331 secs] [Times: user=1.57 sys=0.78, real=0.16 secs] 
2024-03-23T10:35:00.213+0800: 150175.633: [GC (Allocation Failure) 2024-03-23T10:35:00.213+0800: 150175.634: [ParNew: 20034617K->390319K(22937600K), 0.1564372 secs] 102462652K->82835617K(130940928K), 0.1567086 secs] [Times: user=1.36 sys=0.85, real=0.16 secs] 
2024-03-23T10:35:11.228+0800: 150186.649: [GC (Allocation Failure) 2024-03-23T10:35:11.228+0800: 150186.649: [ParNew: 20051119K->404983K(22937600K), 0.1569986 secs] 102496417K->82866196K(130940928K), 0.1572487 secs] [Times: user=1.37 sys=0.84, real=0.15 secs] 
2024-03-23T10:35:22.871+0800: 150198.292: [GC (Allocation Failure) 2024-03-23T10:35:22.871+0800: 150198.292: [ParNew: 20065783K->420177K(22937600K), 0.1523099 secs] 102526996K->82896105K(130940928K), 0.1525905 secs] [Times: user=2.06 sys=0.07, real=0.15 secs] 
2024-03-23T10:35:34.540+0800: 150209.960: [GC (Allocation Failure) 2024-03-23T10:35:34.540+0800: 150209.961: [ParNew: 20080977K->407916K(22937600K), 0.1974158 secs] 102556905K->82903912K(130940928K), 0.1977006 secs] [Times: user=2.06 sys=0.85, real=0.19 secs] 
2024-03-23T10:35:46.445+0800: 150221.866: [GC (Allocation Failure) 2024-03-23T10:35:46.445+0800: 150221.866: [ParNew: 20068716K->434879K(22937600K), 0.1729065 secs] 102564712K->82951794K(130940928K), 0.1732529 secs] [Times: user=2.05 sys=0.35, real=0.18 secs] 
2024-03-23T10:35:57.615+0800: 150233.035: [GC (Allocation Failure) 2024-03-23T10:35:57.615+0800: 150233.036: [ParNew: 20095679K->416937K(22937600K), 0.1703536 secs] 102612594K->82953203K(130940928K), 0.1706303 secs] [Times: user=1.43 sys=0.96, real=0.17 secs] 
2024-03-23T10:36:09.295+0800: 150244.716: [GC (Allocation Failure) 2024-03-23T10:36:09.295+0800: 150244.716: [ParNew: 20077737K->383550K(22937600K), 0.1719880 secs] 102614003K->82938593K(130940928K), 0.1722597 secs] [Times: user=1.45 sys=1.01, real=0.17 secs] 
2024-03-23T10:36:21.957+0800: 150257.378: [GC (Allocation Failure) 2024-03-23T10:36:21.958+0800: 150257.378: [ParNew: 20044350K->380176K(22937600K), 0.1680884 secs] 102599393K->82954407K(130940928K), 0.1683749 secs] [Times: user=1.36 sys=0.78, real=0.17 secs] 
2024-03-23T10:36:33.577+0800: 150268.998: [GC (Allocation Failure) 2024-03-23T10:36:33.577+0800: 150268.998: [ParNew: 20040976K->408668K(22937600K), 0.1511501 secs] 102615207K->83000426K(130940928K), 0.1514229 secs] [Times: user=2.38 sys=0.00, real=0.16 secs] 
2024-03-23T10:36:45.110+0800: 150280.531: [GC (Allocation Failure) 2024-03-23T10:36:45.110+0800: 150280.531: [ParNew: 20069468K->404163K(22937600K), 0.3268479 secs] 102661226K->83010885K(130940928K), 0.3270980 secs] [Times: user=1.58 sys=3.67, real=0.32 secs] 
2024-03-23T10:36:56.767+0800: 150292.188: [GC (Allocation Failure) 2024-03-23T10:36:56.767+0800: 150292.188: [ParNew: 20064963K->375890K(22937600K), 0.1638782 secs] 102671685K->83003170K(130940928K), 0.1641830 secs] [Times: user=2.10 sys=0.18, real=0.17 secs] 
2024-03-23T10:37:06.569+0800: 150301.990: [GC (Allocation Failure) 2024-03-23T10:37:06.569+0800: 150301.990: [ParNew: 20036690K->374842K(22937600K), 0.1600882 secs] 102663970K->83019839K(130940928K), 0.1603333 secs] [Times: user=2.15 sys=0.09, real=0.16 secs] 
2024-03-23T10:37:16.478+0800: 150311.899: [GC (Allocation Failure) 2024-03-23T10:37:16.478+0800: 150311.899: [ParNew: 20035642K->391300K(22937600K), 0.1576729 secs] 102680639K->83050170K(130940928K), 0.1579414 secs] [Times: user=2.13 sys=0.08, real=0.15 secs] 
2024-03-23T10:37:27.390+0800: 150322.811: [GC (Allocation Failure) 2024-03-23T10:37:27.390+0800: 150322.811: [ParNew: 20052100K->379399K(22937600K), 0.1445343 secs] 102710970K->83056046K(130940928K), 0.1448690 secs] [Times: user=1.27 sys=0.69, real=0.14 secs] 
2024-03-23T10:37:39.498+0800: 150334.919: [GC (Allocation Failure) 2024-03-23T10:37:39.499+0800: 150334.919: [ParNew: 20040199K->401138K(22937600K), 0.2253294 secs] 102716846K->83094802K(130940928K), 0.2256003 secs] [Times: user=1.19 sys=2.21, real=0.22 secs] 
2024-03-23T10:37:52.144+0800: 150347.565: [GC (Allocation Failure) 2024-03-23T10:37:52.144+0800: 150347.565: [ParNew: 20061938K->400723K(22937600K), 0.1576069 secs] 102755602K->83109632K(130940928K), 0.1578762 secs] [Times: user=2.13 sys=0.08, real=0.16 secs] 
2024-03-23T10:38:04.510+0800: 150359.931: [GC (Allocation Failure) 2024-03-23T10:38:04.510+0800: 150359.931: [ParNew: 20061523K->427578K(22937600K), 0.1574423 secs] 102770432K->83150678K(130940928K), 0.1576954 secs] [Times: user=1.96 sys=0.24, real=0.16 secs] 
2024-03-23T10:38:17.332+0800: 150372.753: [GC (Allocation Failure) 2024-03-23T10:38:17.332+0800: 150372.753: [ParNew: 20088378K->446438K(22937600K), 0.1594467 secs] 102811478K->83186794K(130940928K), 0.1597168 secs] [Times: user=2.04 sys=0.20, real=0.16 secs] 
2024-03-23T10:38:30.650+0800: 150386.071: [GC (Allocation Failure) 2024-03-23T10:38:30.650+0800: 150386.071: [ParNew: 20107238K->463418K(22937600K), 0.1590159 secs] 102847594K->83220755K(130940928K), 0.1592943 secs] [Times: user=1.46 sys=0.76, real=0.16 secs] 
2024-03-23T10:38:43.417+0800: 150398.838: [GC (Allocation Failure) 2024-03-23T10:38:43.417+0800: 150398.838: [ParNew: 20124218K->446811K(22937600K), 0.2353053 secs] 102881555K->83223048K(130940928K), 0.2355785 secs] [Times: user=1.25 sys=2.32, real=0.24 secs] 
2024-03-23T10:38:56.090+0800: 150411.511: [GC (Allocation Failure) 2024-03-23T10:38:56.091+0800: 150411.511: [ParNew: 20107611K->459620K(22937600K), 0.1707837 secs] 102883848K->83251626K(130940928K), 0.1710627 secs] [Times: user=2.25 sys=0.20, real=0.17 secs] 
2024-03-23T10:39:08.414+0800: 150423.835: [GC (Allocation Failure) 2024-03-23T10:39:08.414+0800: 150423.835: [ParNew: 20120420K->455679K(22937600K), 0.1747526 secs] 102912426K->83262964K(130940928K), 0.1750592 secs] [Times: user=2.17 sys=0.37, real=0.18 secs] 
2024-03-23T10:39:20.763+0800: 150436.184: [GC (Allocation Failure) 2024-03-23T10:39:20.763+0800: 150436.184: [ParNew: 20116479K->471326K(22937600K), 0.1659425 secs] 102923764K->83294428K(130940928K), 0.1661804 secs] [Times: user=2.17 sys=0.19, real=0.17 secs] 
2024-03-23T10:39:32.752+0800: 150448.173: [GC (Allocation Failure) 2024-03-23T10:39:32.753+0800: 150448.173: [ParNew: 20132126K->503837K(22937600K), 0.1516343 secs] 102955228K->83342902K(130940928K), 0.1519261 secs] [Times: user=1.49 sys=0.63, real=0.15 secs] 
2024-03-23T10:39:44.986+0800: 150460.407: [GC (Allocation Failure) 2024-03-23T10:39:44.986+0800: 150460.407: [ParNew: 20164637K->527341K(22937600K), 0.2312128 secs] 103003702K->83382092K(130940928K), 0.2314690 secs] [Times: user=2.06 sys=1.48, real=0.23 secs] 
2024-03-23T10:39:56.063+0800: 150471.484: [GC (Allocation Failure) 2024-03-23T10:39:56.063+0800: 150471.484: [ParNew: 20188141K->534365K(22937600K), 0.1728170 secs] 103042892K->83408049K(130940928K), 0.1730697 secs] [Times: user=2.29 sys=0.15, real=0.17 secs] 
2024-03-23T10:40:06.756+0800: 150482.177: [GC (Allocation Failure) 2024-03-23T10:40:06.756+0800: 150482.177: [ParNew: 20195165K->540247K(22937600K), 0.1673975 secs] 103068849K->83430474K(130940928K), 0.1676668 secs] [Times: user=2.24 sys=0.14, real=0.17 secs] 
2024-03-23T10:40:17.945+0800: 150493.366: [GC (Allocation Failure) 2024-03-23T10:40:17.945+0800: 150493.366: [ParNew: 20201047K->481909K(22937600K), 0.1693663 secs] 103091274K->83388656K(130940928K), 0.1696283 secs] [Times: user=2.28 sys=0.12, real=0.17 secs] 
2024-03-23T10:40:30.226+0800: 150505.646: [GC (Allocation Failure) 2024-03-23T10:40:30.226+0800: 150505.647: [ParNew: 20142709K->484490K(22937600K), 0.1746622 secs] 103049456K->83408235K(130940928K), 0.1750852 secs] [Times: user=1.44 sys=0.90, real=0.18 secs] 
2024-03-23T10:40:41.653+0800: 150517.074: [GC (Allocation Failure) 2024-03-23T10:40:41.653+0800: 150517.074: [ParNew: 20145290K->531717K(22937600K), 0.2261483 secs] 103069035K->83476782K(130940928K), 0.2264753 secs] [Times: user=1.42 sys=1.36, real=0.23 secs] 
2024-03-23T10:40:51.949+0800: 150527.370: [GC (Allocation Failure) 2024-03-23T10:40:51.950+0800: 150527.370: [ParNew: 20192517K->533517K(22937600K), 0.1708369 secs] 103137582K->83503277K(130940928K), 0.1711743 secs] [Times: user=1.59 sys=0.73, real=0.17 secs] 
2024-03-23T10:41:01.122+0800: 150536.543: [GC (Allocation Failure) 2024-03-23T10:41:01.122+0800: 150536.543: [ParNew: 20194317K->508068K(22937600K), 0.1617346 secs] 103164077K->83505069K(130940928K), 0.1620232 secs] [Times: user=2.20 sys=0.01, real=0.16 secs] 
2024-03-23T10:41:09.406+0800: 150544.827: [GC (Allocation Failure) 2024-03-23T10:41:09.406+0800: 150544.827: [ParNew: 20168868K->519097K(22937600K), 0.1685273 secs] 103165869K->83544643K(130940928K), 0.1688188 secs] [Times: user=1.50 sys=0.76, real=0.17 secs] 
2024-03-23T10:41:17.989+0800: 150553.410: [GC (Allocation Failure) 2024-03-23T10:41:17.989+0800: 150553.410: [ParNew: 20179897K->467185K(22937600K), 0.1604877 secs] 103205443K->83524996K(130940928K), 0.1608142 secs] [Times: user=2.25 sys=0.00, real=0.16 secs] 
2024-03-23T10:41:26.703+0800: 150562.124: [GC (Allocation Failure) 2024-03-23T10:41:26.703+0800: 150562.124: [ParNew: 20127985K->433377K(22937600K), 0.1623921 secs] 103185796K->83517838K(130940928K), 0.1626875 secs] [Times: user=2.21 sys=0.00, real=0.16 secs] 
2024-03-23T10:41:34.344+0800: 150569.765: [GC (Allocation Failure) 2024-03-23T10:41:34.344+0800: 150569.765: [ParNew: 20094177K->441266K(22937600K), 0.1551278 secs] 103178638K->83553597K(130940928K), 0.1554364 secs] [Times: user=2.34 sys=0.23, real=0.16 secs] 
2024-03-23T10:41:42.748+0800: 150578.169: [GC (Allocation Failure) 2024-03-23T10:41:42.749+0800: 150578.169: [ParNew: 20102066K->441963K(22937600K), 0.2233564 secs] 103214397K->83581452K(130940928K), 0.2236636 secs] [Times: user=1.91 sys=1.39, real=0.22 secs] 
2024-03-23T10:41:51.130+0800: 150586.550: [GC (Allocation Failure) 2024-03-23T10:41:51.130+0800: 150586.551: [ParNew: 20102763K->447232K(22937600K), 0.1612751 secs] 103242252K->83609831K(130940928K), 0.1615705 secs] [Times: user=2.30 sys=0.00, real=0.16 secs] 
2024-03-23T10:41:59.471+0800: 150594.892: [GC (Allocation Failure) 2024-03-23T10:41:59.471+0800: 150594.892: [ParNew: 20108032K->434929K(22937600K), 0.1558441 secs] 103270631K->83616188K(130940928K), 0.1562150 secs] [Times: user=1.45 sys=0.72, real=0.16 secs] 
2024-03-23T10:42:07.789+0800: 150603.210: [GC (Allocation Failure) 2024-03-23T10:42:07.789+0800: 150603.210: [ParNew: 20095729K->411234K(22937600K), 0.1454142 secs] 103276988K->83612247K(130940928K), 0.1457638 secs] [Times: user=1.40 sys=0.74, real=0.14 secs] 
2024-03-23T10:42:16.590+0800: 150612.011: [GC (Allocation Failure) 2024-03-23T10:42:16.590+0800: 150612.011: [ParNew: 20072034K->427082K(22937600K), 0.1386324 secs] 103273047K->83647199K(130940928K), 0.1389637 secs] [Times: user=2.04 sys=0.00, real=0.14 secs] 
2024-03-23T10:42:25.244+0800: 150620.664: [GC (Allocation Failure) 2024-03-23T10:42:25.244+0800: 150620.665: [ParNew: 20087882K->409824K(22937600K), 0.1396850 secs] 103307999K->83650309K(130940928K), 0.1400504 secs] [Times: user=2.07 sys=0.00, real=0.14 secs] 
2024-03-23T10:42:34.207+0800: 150629.628: [GC (Allocation Failure) 2024-03-23T10:42:34.207+0800: 150629.628: [ParNew: 20070624K->397559K(22937600K), 0.1370259 secs] 103311109K->83654942K(130940928K), 0.1372951 secs] [Times: user=2.16 sys=0.00, real=0.14 secs] 
2024-03-23T10:42:43.457+0800: 150638.878: [GC (Allocation Failure) 2024-03-23T10:42:43.457+0800: 150638.878: [ParNew: 20058359K->422850K(22937600K), 0.3127065 secs] 103315742K->83703947K(130940928K), 0.3129805 secs] [Times: user=1.73 sys=3.20, real=0.32 secs] 
2024-03-23T10:42:53.292+0800: 150648.713: [GC (Allocation Failure) 2024-03-23T10:42:53.292+0800: 150648.713: [ParNew: 20083650K->378761K(22937600K), 0.1674942 secs] 103364747K->83679222K(130940928K), 0.1678405 secs] [Times: user=2.29 sys=0.04, real=0.17 secs] 
2024-03-23T10:43:02.623+0800: 150658.044: [GC (Allocation Failure) 2024-03-23T10:43:02.623+0800: 150658.044: [ParNew: 20039561K->388963K(22937600K), 0.1483333 secs] 103340022K->83708561K(130940928K), 0.1486811 secs] [Times: user=1.36 sys=0.85, real=0.15 secs] 
2024-03-23T10:43:12.302+0800: 150667.723: [GC (Allocation Failure) 2024-03-23T10:43:12.303+0800: 150667.723: [ParNew: 20049763K->384046K(22937600K), 0.1474249 secs] 103369361K->83720457K(130940928K), 0.1477805 secs] [Times: user=2.15 sys=0.05, real=0.15 secs] 
2024-03-23T10:43:23.694+0800: 150679.115: [GC (Allocation Failure) 2024-03-23T10:43:23.694+0800: 150679.115: [ParNew: 20044846K->380715K(22937600K), 0.1517582 secs] 103381257K->83735829K(130940928K), 0.1520951 secs] [Times: user=1.38 sys=0.89, real=0.15 secs] 
2024-03-23T10:43:35.832+0800: 150691.253: [GC (Allocation Failure) 2024-03-23T10:43:35.832+0800: 150691.253: [ParNew: 20041515K->379299K(22937600K), 0.1318288 secs] 103396629K->83754294K(130940928K), 0.1321811 secs] [Times: user=1.40 sys=0.52, real=0.13 secs] 
2024-03-23T10:43:47.824+0800: 150703.245: [GC (Allocation Failure) 2024-03-23T10:43:47.825+0800: 150703.245: [ParNew: 20040099K->401084K(22937600K), 0.2270808 secs] 103415094K->83793785K(130940928K), 0.2274657 secs] [Times: user=1.93 sys=1.69, real=0.23 secs] 
2024-03-23T10:43:58.686+0800: 150714.107: [GC (Allocation Failure) 2024-03-23T10:43:58.686+0800: 150714.107: [ParNew: 20061884K->354852K(22937600K), 0.1477392 secs] 103454585K->83761669K(130940928K), 0.1480756 secs] [Times: user=2.05 sys=0.18, real=0.15 secs] 
2024-03-23T10:44:09.464+0800: 150724.885: [GC (Allocation Failure) 2024-03-23T10:44:09.464+0800: 150724.885: [ParNew: 20015652K->355763K(22937600K), 0.1494852 secs] 103422469K->83781064K(130940928K), 0.1498355 secs] [Times: user=1.33 sys=0.91, real=0.15 secs] 
2024-03-23T10:44:19.650+0800: 150735.071: [GC (Allocation Failure) 2024-03-23T10:44:19.650+0800: 150735.071: [ParNew: 20016563K->352682K(22937600K), 0.1423428 secs] 103441864K->83791564K(130940928K), 0.1426743 secs] [Times: user=1.30 sys=0.82, real=0.14 secs] 
2024-03-23T10:44:31.230+0800: 150746.651: [GC (Allocation Failure) 2024-03-23T10:44:31.230+0800: 150746.651: [ParNew: 20013482K->368996K(22937600K), 0.1485884 secs] 103452364K->83822102K(130940928K), 0.1488552 secs] [Times: user=2.11 sys=0.00, real=0.15 secs] 
2024-03-23T10:44:43.642+0800: 150759.063: [GC (Allocation Failure) 2024-03-23T10:44:43.642+0800: 150759.063: [ParNew: 20029796K->371544K(22937600K), 0.2339159 secs] 103482902K->83843963K(130940928K), 0.2341735 secs] [Times: user=1.93 sys=1.59, real=0.23 secs] 
2024-03-23T10:44:56.053+0800: 150771.474: [GC (Allocation Failure) 2024-03-23T10:44:56.054+0800: 150771.474: [ParNew: 20032344K->344703K(22937600K), 0.1602036 secs] 103504763K->83835164K(130940928K), 0.1604675 secs] [Times: user=2.08 sys=0.15, real=0.16 secs] 
2024-03-23T10:45:07.533+0800: 150782.954: [GC (Allocation Failure) 2024-03-23T10:45:07.533+0800: 150782.954: [ParNew: 20005503K->392028K(22937600K), 0.1643775 secs] 103495964K->83898338K(130940928K), 0.1646562 secs] [Times: user=1.34 sys=0.97, real=0.16 secs] 
2024-03-23T10:45:20.037+0800: 150795.458: [GC (Allocation Failure) 2024-03-23T10:45:20.037+0800: 150795.458: [ParNew: 20052828K->411861K(22937600K), 0.1578942 secs] 103559138K->83933986K(130940928K), 0.1581558 secs] [Times: user=2.02 sys=0.19, real=0.16 secs] 
2024-03-23T10:45:33.873+0800: 150809.294: [GC (Allocation Failure) 2024-03-23T10:45:33.873+0800: 150809.294: [ParNew: 20072661K->404432K(22937600K), 0.1581469 secs] 103594786K->83940212K(130940928K), 0.1584795 secs] [Times: user=2.27 sys=0.00, real=0.16 secs] 
2024-03-23T10:45:46.415+0800: 150821.836: [GC (Allocation Failure) 2024-03-23T10:45:46.415+0800: 150821.836: [ParNew: 20065232K->416173K(22937600K), 0.2344946 secs] 103601012K->83968493K(130940928K), 0.2348064 secs] [Times: user=1.89 sys=1.64, real=0.24 secs] 
2024-03-23T10:45:58.894+0800: 150834.315: [GC (Allocation Failure) 2024-03-23T10:45:58.894+0800: 150834.315: [ParNew: 20076973K->408817K(22937600K), 0.1739934 secs] 103629293K->83976227K(130940928K), 0.1743561 secs] [Times: user=2.14 sys=0.27, real=0.18 secs] 
2024-03-23T10:46:11.881+0800: 150847.302: [GC (Allocation Failure) 2024-03-23T10:46:11.882+0800: 150847.302: [ParNew: 20069617K->414115K(22937600K), 0.1511048 secs] 103637027K->83995619K(130940928K), 0.1514741 secs] [Times: user=1.99 sys=0.28, real=0.15 secs] 
2024-03-23T10:46:24.753+0800: 150860.174: [GC (Allocation Failure) 2024-03-23T10:46:24.754+0800: 150860.175: [ParNew: 20074915K->388506K(22937600K), 0.1648323 secs] 103656419K->83988483K(130940928K), 0.1651378 secs] [Times: user=2.05 sys=0.22, real=0.17 secs] 
2024-03-23T10:46:37.027+0800: 150872.448: [GC (Allocation Failure) 2024-03-23T10:46:37.027+0800: 150872.448: [ParNew: 20049306K->424394K(22937600K), 0.1483213 secs] 103649283K->84039910K(130940928K), 0.1486152 secs] [Times: user=2.17 sys=0.00, real=0.15 secs] 
2024-03-23T10:46:49.571+0800: 150884.991: [GC (Allocation Failure) 2024-03-23T10:46:49.571+0800: 150884.992: [ParNew: 20085194K->460821K(22937600K), 0.2289959 secs] 103700710K->84093888K(130940928K), 0.2293654 secs] [Times: user=1.91 sys=1.74, real=0.23 secs] 
2024-03-23T10:47:01.669+0800: 150897.090: [GC (Allocation Failure) 2024-03-23T10:47:01.669+0800: 150897.090: [ParNew: 20121621K->443539K(22937600K), 0.1623355 secs] 103754688K->84091347K(130940928K), 0.1626798 secs] [Times: user=2.08 sys=0.37, real=0.16 secs] 
2024-03-23T10:47:13.739+0800: 150909.160: [GC (Allocation Failure) 2024-03-23T10:47:13.739+0800: 150909.160: [ParNew: 20104339K->447827K(22937600K), 0.1533978 secs] 103752147K->84110119K(130940928K), 0.1537412 secs] [Times: user=1.31 sys=0.99, real=0.15 secs] 
2024-03-23T10:47:25.342+0800: 150920.763: [GC (Allocation Failure) 2024-03-23T10:47:25.342+0800: 150920.763: [ParNew: 20108627K->415896K(22937600K), 0.1488005 secs] 103770919K->84092968K(130940928K), 0.1491607 secs] [Times: user=2.03 sys=0.19, real=0.15 secs] 
2024-03-23T10:47:37.368+0800: 150932.789: [GC (Allocation Failure) 2024-03-23T10:47:37.369+0800: 150932.789: [ParNew: 20076696K->406340K(22937600K), 0.1381244 secs] 103753768K->84101304K(130940928K), 0.1384786 secs] [Times: user=2.21 sys=0.00, real=0.13 secs] 
2024-03-23T10:47:49.503+0800: 150944.924: [GC (Allocation Failure) 2024-03-23T10:47:49.504+0800: 150944.924: [ParNew: 20067140K->432125K(22937600K), 0.2402563 secs] 103762104K->84146984K(130940928K), 0.2405472 secs] [Times: user=1.14 sys=2.45, real=0.24 secs] 
2024-03-23T10:48:01.677+0800: 150957.097: [GC (Allocation Failure) 2024-03-23T10:48:01.677+0800: 150957.098: [ParNew: 20092925K->391487K(22937600K), 0.1693834 secs] 103807784K->84125493K(130940928K), 0.1696667 secs] [Times: user=2.13 sys=0.21, real=0.17 secs] 
2024-03-23T10:48:12.726+0800: 150968.147: [GC (Allocation Failure) 2024-03-23T10:48:12.726+0800: 150968.147: [ParNew: 20052287K->415903K(22937600K), 0.1538051 secs] 103786293K->84168170K(130940928K), 0.1540762 secs] [Times: user=1.23 sys=0.87, real=0.16 secs] 
2024-03-23T10:48:24.506+0800: 150979.927: [GC (Allocation Failure) 2024-03-23T10:48:24.507+0800: 150979.927: [ParNew: 20076703K->393053K(22937600K), 0.1539458 secs] 103828970K->84166064K(130940928K), 0.1542091 secs] [Times: user=1.25 sys=0.85, real=0.16 secs] 
2024-03-23T10:48:35.498+0800: 150990.919: [GC (Allocation Failure) 2024-03-23T10:48:35.498+0800: 150990.919: [ParNew: 20053853K->384439K(22937600K), 0.1496059 secs] 103826864K->84181049K(130940928K), 0.1498827 secs] [Times: user=1.23 sys=0.77, real=0.15 secs] 
2024-03-23T10:48:45.874+0800: 151001.295: [GC (Allocation Failure) 2024-03-23T10:48:45.874+0800: 151001.295: [ParNew: 20045239K->355026K(22937600K), 0.2324362 secs] 103841849K->84172468K(130940928K), 0.2327015 secs] [Times: user=1.12 sys=2.36, real=0.23 secs] 
2024-03-23T10:48:56.940+0800: 151012.361: [GC (Allocation Failure) 2024-03-23T10:48:56.940+0800: 151012.361: [ParNew: 20015826K->343057K(22937600K), 0.1529631 secs] 103833268K->84178002K(130940928K), 0.1532382 secs] [Times: user=1.45 sys=0.64, real=0.15 secs] 
2024-03-23T10:49:07.666+0800: 151023.087: [GC (Allocation Failure) 2024-03-23T10:49:07.666+0800: 151023.087: [ParNew: 20003857K->349679K(22937600K), 0.1599330 secs] 103838802K->84204345K(130940928K), 0.1602470 secs] [Times: user=1.25 sys=0.94, real=0.16 secs] 
2024-03-23T10:49:19.004+0800: 151034.424: [GC (Allocation Failure) 2024-03-23T10:49:19.004+0800: 151034.425: [ParNew: 20010479K->345214K(22937600K), 0.1595550 secs] 103865145K->84215805K(130940928K), 0.1598342 secs] [Times: user=2.09 sys=0.13, real=0.16 secs] 
2024-03-23T10:49:30.715+0800: 151046.136: [GC (Allocation Failure) 2024-03-23T10:49:30.716+0800: 151046.136: [ParNew: 20006014K->342947K(22937600K), 0.1637928 secs] 103876605K->84230562K(130940928K), 0.1640741 secs] [Times: user=1.38 sys=0.89, real=0.17 secs] 
2024-03-23T10:49:42.650+0800: 151058.071: [GC (Allocation Failure) 2024-03-23T10:49:42.650+0800: 151058.071: [ParNew: 20003747K->360787K(22937600K), 0.1441228 secs] 103891362K->84263006K(130940928K), 0.1443829 secs] [Times: user=2.18 sys=0.00, real=0.14 secs] 
2024-03-23T10:49:54.816+0800: 151070.237: [GC (Allocation Failure) 2024-03-23T10:49:54.816+0800: 151070.237: [ParNew: 20021587K->357335K(22937600K), 0.2375165 secs] 103923806K->84276630K(130940928K), 0.2377972 secs] [Times: user=1.96 sys=1.58, real=0.24 secs] 
2024-03-23T10:50:07.103+0800: 151082.524: [GC (Allocation Failure) 2024-03-23T10:50:07.103+0800: 151082.524: [ParNew: 20018135K->380857K(22937600K), 0.1682903 secs] 103937430K->84315306K(130940928K), 0.1685965 secs] [Times: user=2.08 sys=0.27, real=0.17 secs] 
2024-03-23T10:50:20.199+0800: 151095.620: [GC (Allocation Failure) 2024-03-23T10:50:20.199+0800: 151095.620: [ParNew: 20041657K->424368K(22937600K), 0.1641902 secs] 103976106K->84371026K(130940928K), 0.1644671 secs] [Times: user=2.02 sys=0.31, real=0.16 secs] 
2024-03-23T10:50:33.281+0800: 151108.702: [GC (Allocation Failure) 2024-03-23T10:50:33.281+0800: 151108.702: [ParNew: 20085168K->425648K(22937600K), 0.1601826 secs] 104031826K->84386889K(130940928K), 0.1604693 secs] [Times: user=1.27 sys=0.97, real=0.16 secs] 
2024-03-23T10:50:44.767+0800: 151120.188: [GC (Allocation Failure) 2024-03-23T10:50:44.767+0800: 151120.188: [ParNew: 20086448K->421319K(22937600K), 0.1387623 secs] 104047689K->84396972K(130940928K), 0.1390697 secs] [Times: user=2.16 sys=0.00, real=0.14 secs] 
2024-03-23T10:50:57.569+0800: 151132.990: [GC (Allocation Failure) 2024-03-23T10:50:57.569+0800: 151132.990: [ParNew: 20082119K->411401K(22937600K), 0.2508907 secs] 104057772K->84399321K(130940928K), 0.2512213 secs] [Times: user=1.94 sys=1.92, real=0.25 secs] 
2024-03-23T10:51:11.079+0800: 151146.500: [GC (Allocation Failure) 2024-03-23T10:51:11.079+0800: 151146.500: [ParNew: 20072201K->436917K(22937600K), 0.1655194 secs] 104060121K->84437933K(130940928K), 0.1658232 secs] [Times: user=2.09 sys=0.26, real=0.16 secs] 
2024-03-23T10:51:22.729+0800: 151158.150: [GC (Allocation Failure) 2024-03-23T10:51:22.729+0800: 151158.150: [ParNew: 20097717K->430577K(22937600K), 0.1572951 secs] 104098733K->84445165K(130940928K), 0.1575958 secs] [Times: user=2.04 sys=0.17, real=0.15 secs] 
2024-03-23T10:51:34.370+0800: 151169.791: [GC (Allocation Failure) 2024-03-23T10:51:34.370+0800: 151169.791: [ParNew: 20091377K->453988K(22937600K), 0.1584055 secs] 104105965K->84482431K(130940928K), 0.1586707 secs] [Times: user=1.33 sys=0.88, real=0.16 secs] 
2024-03-23T10:51:46.118+0800: 151181.539: [GC (Allocation Failure) 2024-03-23T10:51:46.119+0800: 151181.539: [ParNew: 20114788K->454712K(22937600K), 0.1619133 secs] 104143231K->84494368K(130940928K), 0.1623455 secs] [Times: user=2.50 sys=0.00, real=0.16 secs] 
2024-03-23T10:51:57.118+0800: 151192.539: [GC (Allocation Failure) 2024-03-23T10:51:57.118+0800: 151192.539: [ParNew: 20115512K->446197K(22937600K), 0.2407167 secs] 104155168K->84499343K(130940928K), 0.2410224 secs] [Times: user=1.98 sys=1.70, real=0.24 secs] 
2024-03-23T10:52:09.180+0800: 151204.601: [GC (Allocation Failure) 2024-03-23T10:52:09.181+0800: 151204.601: [ParNew: 20106997K->453603K(22937600K), 0.1797135 secs] 104160143K->84523651K(130940928K), 0.1800740 secs] [Times: user=2.19 sys=0.34, real=0.18 secs] 
2024-03-23T10:52:20.783+0800: 151216.204: [GC (Allocation Failure) 2024-03-23T10:52:20.783+0800: 151216.204: [ParNew: 20114403K->454561K(22937600K), 0.1696410 secs] 104184451K->84542814K(130940928K), 0.1699490 secs] [Times: user=2.19 sys=0.21, real=0.17 secs] 
2024-03-23T10:52:32.938+0800: 151228.359: [GC (Allocation Failure) 2024-03-23T10:52:32.938+0800: 151228.359: [ParNew: 20115361K->418176K(22937600K), 0.1836588 secs] 104203614K->84529525K(130940928K), 0.1840045 secs] [Times: user=1.66 sys=0.94, real=0.18 secs] 
2024-03-23T10:52:44.775+0800: 151240.196: [GC (Allocation Failure) 2024-03-23T10:52:44.775+0800: 151240.196: [ParNew: 20078976K->437881K(22937600K), 0.1510040 secs] 104190325K->84571884K(130940928K), 0.1513366 secs] [Times: user=2.33 sys=0.00, real=0.15 secs] 
2024-03-23T10:52:58.854+0800: 151254.275: [GC (Allocation Failure) 2024-03-23T10:52:58.854+0800: 151254.275: [ParNew: 20098681K->431180K(22937600K), 0.2432639 secs] 104232684K->84587491K(130940928K), 0.2435720 secs] [Times: user=2.13 sys=1.54, real=0.25 secs] 
2024-03-23T10:53:11.415+0800: 151266.835: [GC (Allocation Failure) 2024-03-23T10:53:11.415+0800: 151266.836: [ParNew: 20091980K->388875K(22937600K), 0.1696622 secs] 104248291K->84570658K(130940928K), 0.1699366 secs] [Times: user=2.06 sys=0.29, real=0.17 secs] 
2024-03-23T10:53:24.031+0800: 151279.452: [GC (Allocation Failure) 2024-03-23T10:53:24.031+0800: 151279.452: [ParNew: 20049675K->400678K(22937600K), 0.1507594 secs] 104231458K->84602857K(130940928K), 0.1511035 secs] [Times: user=1.26 sys=0.96, real=0.15 secs] 
2024-03-23T10:53:36.241+0800: 151291.662: [GC (Allocation Failure) 2024-03-23T10:53:36.242+0800: 151291.662: [ParNew: 20061478K->405297K(22937600K), 0.1467872 secs] 104263657K->84628488K(130940928K), 0.1471304 secs] [Times: user=1.24 sys=0.95, real=0.15 secs] 
2024-03-23T10:53:49.313+0800: 151304.733: [GC (Allocation Failure) 2024-03-23T10:53:49.313+0800: 151304.734: [ParNew: 20066097K->377382K(22937600K), 0.1285163 secs] 104289288K->84616198K(130940928K), 0.1289132 secs] [Times: user=2.15 sys=0.00, real=0.13 secs] 
2024-03-23T10:54:01.907+0800: 151317.328: [GC (Allocation Failure) 2024-03-23T10:54:01.908+0800: 151317.328: [ParNew: 20038182K->375147K(22937600K), 0.2406600 secs] 104276998K->84631215K(130940928K), 0.2409271 secs] [Times: user=2.04 sys=1.50, real=0.25 secs] 
2024-03-23T10:54:14.979+0800: 151330.399: [GC (Allocation Failure) 2024-03-23T10:54:14.979+0800: 151330.400: [ParNew: 20035947K->408570K(22937600K), 0.1657435 secs] 104292015K->84683719K(130940928K), 0.1660302 secs] [Times: user=1.22 sys=1.06, real=0.16 secs] 
2024-03-23T10:54:28.748+0800: 151344.169: [GC (Allocation Failure) 2024-03-23T10:54:28.748+0800: 151344.169: [ParNew: 20069370K->406908K(22937600K), 0.1632319 secs] 104344519K->84696268K(130940928K), 0.1635298 secs] [Times: user=1.24 sys=1.07, real=0.16 secs] 
2024-03-23T10:54:41.343+0800: 151356.763: [GC (Allocation Failure) 2024-03-23T10:54:41.343+0800: 151356.764: [ParNew: 20067708K->421187K(22937600K), 0.1595509 secs] 104357068K->84724701K(130940928K), 0.1597992 secs] [Times: user=1.96 sys=0.24, real=0.16 secs] 
2024-03-23T10:54:53.591+0800: 151369.012: [GC (Allocation Failure) 2024-03-23T10:54:53.591+0800: 151369.012: [ParNew: 20081987K->375157K(22937600K), 0.2346740 secs] 104385501K->84696961K(130940928K), 0.2349507 secs] [Times: user=1.15 sys=2.38, real=0.23 secs] 
2024-03-23T10:55:05.831+0800: 151381.252: [GC (Allocation Failure) 2024-03-23T10:55:05.831+0800: 151381.252: [ParNew: 20035957K->369985K(22937600K), 0.1572862 secs] 104357761K->84709339K(130940928K), 0.1575398 secs] [Times: user=2.24 sys=0.00, real=0.16 secs] 
2024-03-23T10:55:17.492+0800: 151392.913: [GC (Allocation Failure) 2024-03-23T10:55:17.493+0800: 151392.913: [ParNew: 20030785K->347333K(22937600K), 0.1624794 secs] 104370139K->84702260K(130940928K), 0.1627656 secs] [Times: user=2.05 sys=0.24, real=0.16 secs] 
2024-03-23T10:55:29.789+0800: 151405.210: [GC (Allocation Failure) 2024-03-23T10:55:29.789+0800: 151405.210: [ParNew: 20008133K->323818K(22937600K), 0.1580229 secs] 104363060K->84694336K(130940928K), 0.1582807 secs] [Times: user=1.94 sys=0.21, real=0.15 secs] 
2024-03-23T10:55:41.431+0800: 151416.852: [GC (Allocation Failure) 2024-03-23T10:55:41.431+0800: 151416.852: [ParNew: 19984618K->355327K(22937600K), 0.1557455 secs] 104355136K->84741959K(130940928K), 0.1559946 secs] [Times: user=1.24 sys=0.92, real=0.15 secs] 
2024-03-23T10:55:53.263+0800: 151428.684: [GC (Allocation Failure) 2024-03-23T10:55:53.263+0800: 151428.684: [ParNew: 20016127K->343370K(22937600K), 0.2301496 secs] 104402759K->84748968K(130940928K), 0.2304353 secs] [Times: user=1.90 sys=1.57, real=0.23 secs] 
2024-03-23T10:56:05.331+0800: 151440.752: [GC (Allocation Failure) 2024-03-23T10:56:05.331+0800: 151440.752: [ParNew: 20004170K->303323K(22937600K), 0.1520521 secs] 104409768K->84725582K(130940928K), 0.1523282 secs] [Times: user=2.23 sys=0.00, real=0.15 secs] 
2024-03-23T10:56:16.814+0800: 151452.235: [GC (Allocation Failure) 2024-03-23T10:56:16.814+0800: 151452.235: [ParNew: 19964123K->319841K(22937600K), 0.1555207 secs] 104386382K->84763934K(130940928K), 0.1557873 secs] [Times: user=1.14 sys=0.98, real=0.16 secs] 
2024-03-23T10:56:29.334+0800: 151464.754: [GC (Allocation Failure) 2024-03-23T10:56:29.334+0800: 151464.755: [ParNew: 19980641K->270797K(22937600K), 0.1620440 secs] 104424734K->84734352K(130940928K), 0.1623217 secs] [Times: user=2.01 sys=0.26, real=0.16 secs] 
2024-03-23T10:56:40.781+0800: 151476.201: [GC (Allocation Failure) 2024-03-23T10:56:40.781+0800: 151476.202: [ParNew: 19931597K->280779K(22937600K), 0.1561724 secs] 104395152K->84758644K(130940928K), 0.1565059 secs] [Times: user=1.89 sys=0.23, real=0.15 secs] 
2024-03-23T10:56:51.805+0800: 151487.226: [GC (Allocation Failure) 2024-03-23T10:56:51.805+0800: 151487.226: [ParNew: 19941579K->262434K(22937600K), 0.1368016 secs] 104419444K->84754500K(130940928K), 0.1370847 secs] [Times: user=2.13 sys=0.00, real=0.14 secs] 
2024-03-23T10:57:04.464+0800: 151499.884: [GC (Allocation Failure) 2024-03-23T10:57:04.464+0800: 151499.885: [ParNew: 19923234K->280067K(22937600K), 0.2519123 secs] 104415300K->84791474K(130940928K), 0.2521837 secs] [Times: user=1.05 sys=2.81, real=0.25 secs] 
2024-03-23T10:57:16.514+0800: 151511.935: [GC (Allocation Failure) 2024-03-23T10:57:16.514+0800: 151511.935: [ParNew: 19940867K->279319K(22937600K), 0.1558854 secs] 104452274K->84807495K(130940928K), 0.1561528 secs] [Times: user=1.12 sys=1.03, real=0.16 secs] 
2024-03-23T10:57:28.901+0800: 151524.321: [GC (Allocation Failure) 2024-03-23T10:57:28.901+0800: 151524.322: [ParNew: 19940119K->228360K(22937600K), 0.1572391 secs] 104468295K->84772463K(130940928K), 0.1574948 secs] [Times: user=1.85 sys=0.32, real=0.16 secs] 
2024-03-23T10:57:41.957+0800: 151537.378: [GC (Allocation Failure) 2024-03-23T10:57:41.957+0800: 151537.378: [ParNew: 19889160K->231343K(22937600K), 0.1498030 secs] 104433263K->84788578K(130940928K), 0.1501423 secs] [Times: user=1.81 sys=0.31, real=0.16 secs] 
2024-03-23T10:57:57.105+0800: 151552.526: [GC (Allocation Failure) 2024-03-23T10:57:57.105+0800: 151552.526: [ParNew: 19892143K->233198K(22937600K), 0.2340154 secs] 104449378K->84802521K(130940928K), 0.2343738 secs] [Times: user=1.60 sys=2.00, real=0.24 secs] 
2024-03-23T10:58:12.847+0800: 151568.268: [GC (Allocation Failure) 2024-03-23T10:58:12.848+0800: 151568.268: [ParNew: 19893998K->223718K(22937600K), 0.1441579 secs] 104463321K->84801322K(130940928K), 0.1445067 secs] [Times: user=2.18 sys=0.00, real=0.15 secs] 
2024-03-23T10:58:28.365+0800: 151583.786: [GC (Allocation Failure) 2024-03-23T10:58:28.365+0800: 151583.786: [ParNew: 19884518K->259618K(22937600K), 0.1573959 secs] 104462122K->84843577K(130940928K), 0.1577372 secs] [Times: user=1.99 sys=0.40, real=0.16 secs] 
2024-03-23T10:58:42.436+0800: 151597.856: [GC (Allocation Failure) 2024-03-23T10:58:42.436+0800: 151597.857: [ParNew: 19920418K->271093K(22937600K), 0.1546584 secs] 104504377K->84859858K(130940928K), 0.1550096 secs] [Times: user=1.34 sys=1.03, real=0.16 secs] 
2024-03-23T10:58:55.604+0800: 151611.025: [GC (Allocation Failure) 2024-03-23T10:58:55.604+0800: 151611.025: [ParNew: 19931893K->253294K(22937600K), 0.1420623 secs] 104520658K->84847712K(130940928K), 0.1424263 secs] [Times: user=2.08 sys=0.00, real=0.14 secs] 
2024-03-23T10:59:09.987+0800: 151625.407: [GC (Allocation Failure) 2024-03-23T10:59:09.987+0800: 151625.408: [ParNew: 19914094K->250091K(22937600K), 0.2163936 secs] 104508512K->84850912K(130940928K), 0.2167465 secs] [Times: user=1.78 sys=1.70, real=0.22 secs] 
2024-03-23T10:59:23.502+0800: 151638.922: [GC (Allocation Failure) 2024-03-23T10:59:23.502+0800: 151638.923: [ParNew: 19910891K->287710K(22937600K), 0.1560203 secs] 104511712K->84898310K(130940928K), 0.1563760 secs] [Times: user=1.26 sys=1.08, real=0.16 secs] 
2024-03-23T10:59:37.016+0800: 151652.437: [GC (Allocation Failure) 2024-03-23T10:59:37.016+0800: 151652.437: [ParNew: 19948510K->273062K(22937600K), 0.1507323 secs] 104559110K->84894433K(130940928K), 0.1510654 secs] [Times: user=1.91 sys=0.35, real=0.15 secs] 
2024-03-23T10:59:52.256+0800: 151667.677: [GC (Allocation Failure) 2024-03-23T10:59:52.256+0800: 151667.677: [ParNew: 19933862K->274555K(22937600K), 0.1550549 secs] 104555233K->84906112K(130940928K), 0.1554122 secs] [Times: user=1.94 sys=0.42, real=0.16 secs] 
2024-03-23T11:00:08.742+0800: 151684.163: [GC (Allocation Failure) 2024-03-23T11:00:08.743+0800: 151684.163: [ParNew: 19935355K->272005K(22937600K), 0.2258988 secs] 104566912K->84913890K(130940928K), 0.2263030 secs] [Times: user=1.05 sys=2.53, real=0.23 secs] 
2024-03-23T11:00:24.621+0800: 151700.042: [GC (Allocation Failure) 2024-03-23T11:00:24.621+0800: 151700.042: [ParNew: 19932805K->271947K(22937600K), 0.1549648 secs] 104574690K->84923666K(130940928K), 0.1552881 secs] [Times: user=2.01 sys=0.36, real=0.15 secs] 
2024-03-23T11:00:39.801+0800: 151715.222: [GC (Allocation Failure) 2024-03-23T11:00:39.801+0800: 151715.222: [ParNew: 19932747K->262253K(22937600K), 0.1529366 secs] 104584466K->84923005K(130940928K), 0.1532310 secs] [Times: user=1.17 sys=1.17, real=0.15 secs] 
2024-03-23T11:00:57.071+0800: 151732.491: [GC (Allocation Failure) 2024-03-23T11:00:57.071+0800: 151732.492: [ParNew: 19923053K->229900K(22937600K), 0.1571135 secs] 104583805K->84899760K(130940928K), 0.1574898 secs] [Times: user=2.03 sys=0.37, real=0.16 secs] 
2024-03-23T11:01:15.609+0800: 151751.030: [GC (Allocation Failure) 2024-03-23T11:01:15.609+0800: 151751.030: [ParNew: 19890700K->265931K(22937600K), 0.2528872 secs] 104560560K->84946905K(130940928K), 0.2532757 secs] [Times: user=1.94 sys=2.09, real=0.25 secs] 
2024-03-23T11:01:34.441+0800: 151769.862: [GC (Allocation Failure) 2024-03-23T11:01:34.441+0800: 151769.862: [ParNew: 19926731K->258833K(22937600K), 0.1767767 secs] 104607705K->84949855K(130940928K), 0.1771272 secs] [Times: user=2.02 sys=0.70, real=0.18 secs] 
2024-03-23T11:01:53.559+0800: 151788.979: [GC (Allocation Failure) 2024-03-23T11:01:53.559+0800: 151788.980: [ParNew: 19919633K->263290K(22937600K), 0.1713620 secs] 104610655K->84967739K(130940928K), 0.1716931 secs] [Times: user=1.93 sys=0.68, real=0.17 secs] 
2024-03-23T11:02:12.590+0800: 151808.011: [GC (Allocation Failure) 2024-03-23T11:02:12.590+0800: 151808.011: [ParNew: 19924090K->262192K(22937600K), 0.2361547 secs] 104628539K->84979570K(130940928K), 0.2365217 secs] [Times: user=1.73 sys=2.06, real=0.23 secs] 
2024-03-23T11:02:35.980+0800: 151831.401: [GC (Allocation Failure) 2024-03-23T11:02:35.980+0800: 151831.401: [ParNew: 19922992K->237744K(22937600K), 0.1584475 secs] 104640370K->84969304K(130940928K), 0.1587873 secs] [Times: user=1.29 sys=1.16, real=0.16 secs] 
2024-03-23T11:02:56.538+0800: 151851.959: [GC (Allocation Failure) 2024-03-23T11:02:56.538+0800: 151851.959: [ParNew: 19898544K->246583K(22937600K), 0.1609392 secs] 104630104K->84987605K(130940928K), 0.1612850 secs] [Times: user=1.06 sys=1.45, real=0.16 secs] 
2024-03-23T11:03:13.170+0800: 151868.590: [GC (Allocation Failure) 2024-03-23T11:03:13.170+0800: 151868.591: [ParNew: 19907383K->229747K(22937600K), 0.1487090 secs] 104648405K->84978365K(130940928K), 0.1490498 secs] [Times: user=2.06 sys=0.19, real=0.15 secs] 
2024-03-23T11:03:33.318+0800: 151888.738: [GC (Allocation Failure) 2024-03-23T11:03:33.318+0800: 151888.739: [ParNew: 19890547K->233284K(22937600K), 0.3782690 secs] 104639165K->84988690K(130940928K), 0.3785817 secs] [Times: user=1.41 sys=4.81, real=0.37 secs] 
2024-03-23T11:03:51.697+0800: 151907.118: [GC (Allocation Failure) 2024-03-23T11:03:51.697+0800: 151907.118: [ParNew: 19894084K->229507K(22937600K), 0.1698218 secs] 104649490K->84993117K(130940928K), 0.1701050 secs] [Times: user=1.81 sys=0.71, real=0.17 secs] 
2024-03-23T11:04:08.361+0800: 151923.782: [GC (Allocation Failure) 2024-03-23T11:04:08.361+0800: 151923.782: [ParNew: 19890307K->250752K(22937600K), 0.1704002 secs] 104653917K->85023764K(130940928K), 0.1706675 secs] [Times: user=1.93 sys=0.59, real=0.17 secs] 
2024-03-23T11:04:26.300+0800: 151941.721: [GC (Allocation Failure) 2024-03-23T11:04:26.300+0800: 151941.721: [ParNew: 19911552K->247353K(22937600K), 0.3679547 secs] 104684564K->85024567K(130940928K), 0.3682787 secs] [Times: user=1.90 sys=4.17, real=0.37 secs] 
2024-03-23T11:04:45.880+0800: 151961.301: [GC (Allocation Failure) 2024-03-23T11:04:45.880+0800: 151961.301: [ParNew: 19908153K->229821K(22937600K), 0.1718242 secs] 104685367K->85014094K(130940928K), 0.1720809 secs] [Times: user=1.41 sys=1.17, real=0.17 secs] 
2024-03-23T11:05:03.972+0800: 151979.393: [GC (Allocation Failure) 2024-03-23T11:05:03.972+0800: 151979.393: [ParNew: 19890621K->237735K(22937600K), 0.1667819 secs] 104674894K->85032678K(130940928K), 0.1670817 secs] [Times: user=1.76 sys=0.67, real=0.17 secs] 
2024-03-23T11:05:22.316+0800: 151997.737: [GC (Allocation Failure) 2024-03-23T11:05:22.316+0800: 151997.737: [ParNew: 19898535K->247012K(22937600K), 0.1523607 secs] 104693478K->85051003K(130940928K), 0.1526522 secs] [Times: user=1.08 sys=1.08, real=0.16 secs] 
2024-03-23T11:05:41.468+0800: 152016.888: [GC (Allocation Failure) 2024-03-23T11:05:41.468+0800: 152016.889: [ParNew: 19907812K->252315K(22937600K), 0.2604189 secs] 104711803K->85070276K(130940928K), 0.2606988 secs] [Times: user=1.67 sys=2.40, real=0.26 secs] 
2024-03-23T11:06:00.685+0800: 152036.106: [GC (Allocation Failure) 2024-03-23T11:06:00.685+0800: 152036.106: [ParNew: 19913115K->246681K(22937600K), 0.1733681 secs] 104731076K->85080295K(130940928K), 0.1736681 secs] [Times: user=0.98 sys=1.53, real=0.18 secs] 
2024-03-23T11:06:22.828+0800: 152058.249: [GC (Allocation Failure) 2024-03-23T11:06:22.829+0800: 152058.249: [ParNew: 19907481K->220471K(22937600K), 0.1640554 secs] 104741095K->85068154K(130940928K), 0.1643786 secs] [Times: user=1.70 sys=0.85, real=0.16 secs] 
2024-03-23T11:06:43.698+0800: 152079.119: [GC (Allocation Failure) 2024-03-23T11:06:43.698+0800: 152079.119: [ParNew: 19881271K->230735K(22937600K), 0.2508551 secs] 104728954K->85087385K(130940928K), 0.2512435 secs] [Times: user=1.83 sys=2.29, real=0.25 secs] 
2024-03-23T11:07:09.186+0800: 152104.606: [GC (Allocation Failure) 2024-03-23T11:07:09.186+0800: 152104.607: [ParNew: 19891535K->197847K(22937600K), 0.1715740 secs] 104748185K->85058707K(130940928K), 0.1719103 secs] [Times: user=1.62 sys=1.08, real=0.18 secs] 
2024-03-23T11:07:32.247+0800: 152127.667: [GC (Allocation Failure) 2024-03-23T11:07:32.247+0800: 152127.668: [ParNew: 19858647K->194807K(22937600K), 0.1517897 secs] 104719507K->85058971K(130940928K), 0.1521654 secs] [Times: user=0.91 sys=1.22, real=0.16 secs] 
2024-03-23T11:07:55.658+0800: 152151.079: [GC (Allocation Failure) 2024-03-23T11:07:55.658+0800: 152151.079: [ParNew: 19855607K->206233K(22937600K), 0.2522529 secs] 104719771K->85074200K(130940928K), 0.2526134 secs] [Times: user=1.66 sys=2.45, real=0.25 secs] 
2024-03-23T11:08:16.524+0800: 152171.944: [GC (Allocation Failure) 2024-03-23T11:08:16.524+0800: 152171.945: [ParNew: 19867033K->217956K(22937600K), 0.1681120 secs] 104735000K->85090489K(130940928K), 0.1684458 secs] [Times: user=1.00 sys=1.07, real=0.17 secs] 
2024-03-23T11:08:40.758+0800: 152196.179: [GC (Allocation Failure) 2024-03-23T11:08:40.758+0800: 152196.179: [ParNew: 19878756K->226589K(22937600K), 0.1519154 secs] 104751289K->85106996K(130940928K), 0.1522056 secs] [Times: user=1.03 sys=1.31, real=0.15 secs] 
2024-03-23T11:09:04.641+0800: 152220.062: [GC (Allocation Failure) 2024-03-23T11:09:04.642+0800: 152220.062: [ParNew: 19887389K->216485K(22937600K), 0.2527109 secs] 104767796K->85102186K(130940928K), 0.2530651 secs] [Times: user=1.51 sys=2.68, real=0.25 secs] 
2024-03-23T11:09:27.650+0800: 152243.070: [GC (Allocation Failure) 2024-03-23T11:09:27.650+0800: 152243.070: [ParNew: 19877285K->215866K(22937600K), 0.1656350 secs] 104762986K->85103478K(130940928K), 0.1659458 secs] [Times: user=1.64 sys=1.01, real=0.16 secs] 
2024-03-23T11:09:51.962+0800: 152267.383: [GC (Allocation Failure) 2024-03-23T11:09:51.962+0800: 152267.383: [ParNew: 19876666K->225871K(22937600K), 0.2386953 secs] 104764278K->85117255K(130940928K), 0.2390402 secs] [Times: user=1.39 sys=2.53, real=0.24 secs] 
2024-03-23T11:10:13.705+0800: 152289.126: [GC (Allocation Failure) 2024-03-23T11:10:13.705+0800: 152289.126: [ParNew: 19886671K->227849K(22937600K), 0.1650149 secs] 104778055K->85124874K(130940928K), 0.1653542 secs] [Times: user=2.19 sys=0.33, real=0.17 secs] 
2024-03-23T11:10:32.707+0800: 152308.128: [GC (Allocation Failure) 2024-03-23T11:10:32.707+0800: 152308.128: [ParNew: 19888649K->228357K(22937600K), 0.1604628 secs] 104785674K->85131449K(130940928K), 0.1608242 secs] [Times: user=1.01 sys=1.44, real=0.17 secs] 
2024-03-23T11:10:54.010+0800: 152329.431: [GC (Allocation Failure) 2024-03-23T11:10:54.010+0800: 152329.431: [ParNew: 19889157K->221447K(22937600K), 0.1397515 secs] 104792249K->85132568K(130940928K), 0.1401034 secs] [Times: user=1.00 sys=1.12, real=0.14 secs] 
2024-03-23T11:11:14.641+0800: 152350.061: [GC (Allocation Failure) 2024-03-23T11:11:14.641+0800: 152350.062: [ParNew: 19882247K->213388K(22937600K), 0.2543302 secs] 104793368K->85131512K(130940928K), 0.2546394 secs] [Times: user=1.77 sys=2.44, real=0.25 secs] 
2024-03-23T11:11:37.694+0800: 152373.115: [GC (Allocation Failure) 2024-03-23T11:11:37.694+0800: 152373.115: [ParNew: 19874188K->222090K(22937600K), 0.1683778 secs] 104792312K->85146946K(130940928K), 0.1687233 secs] [Times: user=1.68 sys=0.98, real=0.17 secs] 
2024-03-23T11:12:02.762+0800: 152398.183: [GC (Allocation Failure) 2024-03-23T11:12:02.762+0800: 152398.183: [ParNew: 19882890K->208105K(22937600K), 0.1430150 secs] 104807746K->85139487K(130940928K), 0.1433665 secs] [Times: user=1.01 sys=1.22, real=0.14 secs] 
2024-03-23T11:12:27.926+0800: 152423.346: [GC (Allocation Failure) 2024-03-23T11:12:27.926+0800: 152423.347: [ParNew: 19868905K->207036K(22937600K), 0.2645048 secs] 104800287K->85143958K(130940928K), 0.2648648 secs] [Times: user=1.63 sys=2.76, real=0.27 secs] 
2024-03-23T11:12:49.758+0800: 152445.179: [GC (Allocation Failure) 2024-03-23T11:12:49.758+0800: 152445.179: [ParNew: 19867836K->207167K(22937600K), 0.1612064 secs] 104804758K->85150710K(130940928K), 0.1615404 secs] [Times: user=1.72 sys=0.81, real=0.16 secs] 
2024-03-23T11:13:11.695+0800: 152467.116: [GC (Allocation Failure) 2024-03-23T11:13:11.695+0800: 152467.116: [ParNew: 19867967K->189080K(22937600K), 0.1349462 secs] 104811510K->85139998K(130940928K), 0.1352954 secs] [Times: user=1.78 sys=0.24, real=0.14 secs] 
2024-03-23T11:13:32.333+0800: 152487.753: [GC (Allocation Failure) 2024-03-23T11:13:32.333+0800: 152487.754: [ParNew: 19849880K->179935K(22937600K), 0.2596840 secs] 104800798K->85136509K(130940928K), 0.2600484 secs] [Times: user=1.70 sys=2.47, real=0.26 secs] 
2024-03-23T11:13:49.380+0800: 152504.801: [GC (Allocation Failure) 2024-03-23T11:13:49.380+0800: 152504.801: [ParNew: 19840735K->179341K(22937600K), 0.1509617 secs] 104797309K->85141306K(130940928K), 0.1512919 secs] [Times: user=1.71 sys=0.61, real=0.15 secs] 
2024-03-23T11:14:13.189+0800: 152528.610: [GC (Allocation Failure) 2024-03-23T11:14:13.189+0800: 152528.610: [ParNew: 19840141K->190472K(22937600K), 0.1501018 secs] 104802106K->85157728K(130940928K), 0.1504473 secs] [Times: user=1.74 sys=0.61, real=0.15 secs] 
2024-03-23T11:14:37.503+0800: 152552.924: [GC (Allocation Failure) 2024-03-23T11:14:37.503+0800: 152552.924: [ParNew: 19851272K->193214K(22937600K), 0.2543398 secs] 104818528K->85163480K(130940928K), 0.2546785 secs] [Times: user=1.62 sys=2.60, real=0.26 secs] 
2024-03-23T11:14:59.697+0800: 152575.118: [GC (Allocation Failure) 2024-03-23T11:14:59.697+0800: 152575.118: [ParNew: 19854014K->206815K(22937600K), 0.1630416 secs] 104824280K->85179296K(130940928K), 0.1633799 secs] [Times: user=1.59 sys=1.00, real=0.17 secs] 
2024-03-23T11:15:23.100+0800: 152598.521: [GC (Allocation Failure) 2024-03-23T11:15:23.100+0800: 152598.521: [ParNew: 19867615K->212125K(22937600K), 0.1392109 secs] 104840096K->85187889K(130940928K), 0.1395608 secs] [Times: user=1.80 sys=0.33, real=0.14 secs] 
2024-03-23T11:15:47.380+0800: 152622.801: [GC (Allocation Failure) 2024-03-23T11:15:47.380+0800: 152622.801: [ParNew: 19872925K->216779K(22937600K), 0.2647591 secs] 104848689K->85196110K(130940928K), 0.2651178 secs] [Times: user=1.69 sys=2.66, real=0.26 secs] 
2024-03-23T11:16:09.560+0800: 152644.980: [GC (Allocation Failure) 2024-03-23T11:16:09.560+0800: 152644.981: [ParNew: 19877579K->211177K(22937600K), 0.1707799 secs] 104856910K->85199215K(130940928K), 0.1711158 secs] [Times: user=1.69 sys=0.96, real=0.17 secs] 
2024-03-23T11:16:30.523+0800: 152665.944: [GC (Allocation Failure) 2024-03-23T11:16:30.523+0800: 152665.944: [ParNew: 19871977K->242733K(22937600K), 0.1338611 secs] 104860015K->85238430K(130940928K), 0.1342081 secs] [Times: user=1.84 sys=0.16, real=0.13 secs] 
2024-03-23T11:16:50.299+0800: 152685.720: [GC (Allocation Failure) 2024-03-23T11:16:50.299+0800: 152685.720: [ParNew: 19903533K->237737K(22937600K), 0.3787692 secs] 104899230K->85239324K(130940928K), 0.3791104 secs] [Times: user=1.94 sys=4.44, real=0.38 secs] 
2024-03-23T11:17:10.015+0800: 152705.436: [GC (Allocation Failure) 2024-03-23T11:17:10.016+0800: 152705.436: [ParNew: 19898537K->239643K(22937600K), 0.1646984 secs] 104900124K->85245689K(130940928K), 0.1650153 secs] [Times: user=1.69 sys=0.83, real=0.17 secs] 
2024-03-23T11:17:31.678+0800: 152727.099: [GC (Allocation Failure) 2024-03-23T11:17:31.678+0800: 152727.099: [ParNew: 19900443K->214508K(22937600K), 0.1483229 secs] 104906489K->85224279K(130940928K), 0.1486729 secs] [Times: user=1.82 sys=0.43, real=0.14 secs] 
2024-03-23T11:17:56.218+0800: 152751.638: [GC (Allocation Failure) 2024-03-23T11:17:56.218+0800: 152751.639: [ParNew: 19875308K->196503K(22937600K), 0.2620490 secs] 104885079K->85210253K(130940928K), 0.2624042 secs] [Times: user=1.58 sys=2.73, real=0.26 secs] 
2024-03-23T11:18:19.339+0800: 152774.760: [GC (Allocation Failure) 2024-03-23T11:18:19.339+0800: 152774.760: [ParNew: 19857303K->211120K(22937600K), 0.1678812 secs] 104871053K->85228491K(130940928K), 0.1682124 secs] [Times: user=1.64 sys=0.99, real=0.16 secs] 
2024-03-23T11:18:41.177+0800: 152796.598: [GC (Allocation Failure) 2024-03-23T11:18:41.178+0800: 152796.598: [ParNew: 19871920K->213805K(22937600K), 0.1324859 secs] 104889291K->85235896K(130940928K), 0.1328386 secs] [Times: user=1.06 sys=0.96, real=0.14 secs] 
2024-03-23T11:19:02.222+0800: 152817.643: [GC (Allocation Failure) 2024-03-23T11:19:02.223+0800: 152817.643: [ParNew: 19874605K->223376K(22937600K), 0.2564787 secs] 104896696K->85250564K(130940928K), 0.2568501 secs] [Times: user=1.64 sys=2.55, real=0.26 secs] 
2024-03-23T11:19:24.445+0800: 152839.866: [GC (Allocation Failure) 2024-03-23T11:19:24.445+0800: 152839.866: [ParNew: 19884176K->228397K(22937600K), 0.1805508 secs] 104911364K->85259785K(130940928K), 0.1808911 secs] [Times: user=1.91 sys=0.93, real=0.18 secs] 
2024-03-23T11:19:45.905+0800: 152861.326: [GC (Allocation Failure) 2024-03-23T11:19:45.905+0800: 152861.326: [ParNew: 19889197K->236353K(22937600K), 0.1543520 secs] 104920585K->85272001K(130940928K), 0.1546912 secs] [Times: user=1.26 sys=1.14, real=0.16 secs] 
2024-03-23T11:20:07.127+0800: 152882.547: [GC (Allocation Failure) 2024-03-23T11:20:07.127+0800: 152882.548: [ParNew: 19897153K->230656K(22937600K), 0.2716670 secs] 104932801K->85271401K(130940928K), 0.2720030 secs] [Times: user=1.85 sys=2.67, real=0.28 secs] 
2024-03-23T11:20:26.745+0800: 152902.166: [GC (Allocation Failure) 2024-03-23T11:20:26.745+0800: 152902.166: [ParNew: 19891456K->250906K(22937600K), 0.1709658 secs] 104932201K->85294768K(130940928K), 0.1712978 secs] [Times: user=1.11 sys=1.61, real=0.17 secs] 
2024-03-23T11:20:46.074+0800: 152921.495: [GC (Allocation Failure) 2024-03-23T11:20:46.075+0800: 152921.496: [ParNew: 19911706K->253788K(22937600K), 0.1542061 secs] 104955568K->85300015K(130940928K), 0.1545552 secs] [Times: user=1.09 sys=1.30, real=0.16 secs] 
2024-03-23T11:21:04.694+0800: 152940.115: [GC (Allocation Failure) 2024-03-23T11:21:04.694+0800: 152940.115: [ParNew: 19914588K->231655K(22937600K), 0.2608821 secs] 104960815K->85280957K(130940928K), 0.2612336 secs] [Times: user=1.83 sys=2.47, real=0.26 secs] 
2024-03-23T11:21:26.212+0800: 152961.633: [GC (Allocation Failure) 2024-03-23T11:21:26.213+0800: 152961.633: [ParNew: 19892455K->268033K(22937600K), 0.1776742 secs] 104941757K->85324315K(130940928K), 0.1780236 secs] [Times: user=1.90 sys=0.90, real=0.18 secs] 
2024-03-23T11:21:46.343+0800: 152981.763: [GC (Allocation Failure) 2024-03-23T11:21:46.343+0800: 152981.764: [ParNew: 19928833K->262108K(22937600K), 0.1567165 secs] 104985115K->85326199K(130940928K), 0.1570641 secs] [Times: user=1.76 sys=0.72, real=0.16 secs] 
2024-03-23T11:22:05.242+0800: 153000.662: [GC (Allocation Failure) 2024-03-23T11:22:05.242+0800: 153000.663: [ParNew: 19922908K->254614K(22937600K), 0.2391282 secs] 104986999K->85328768K(130940928K), 0.2395112 secs] [Times: user=1.53 sys=2.38, real=0.24 secs] 
2024-03-23T11:22:25.364+0800: 153020.785: [GC (Allocation Failure) 2024-03-23T11:22:25.365+0800: 153020.785: [ParNew: 19915414K->217161K(22937600K), 0.1755901 secs] 104989568K->85296800K(130940928K), 0.1759170 secs] [Times: user=2.07 sys=0.73, real=0.18 secs] 
2024-03-23T11:22:45.818+0800: 153041.239: [GC (Allocation Failure) 2024-03-23T11:22:45.818+0800: 153041.239: [ParNew: 19877961K->170044K(22937600K), 0.1610117 secs] 104957600K->85253194K(130940928K), 0.1613628 secs] [Times: user=1.72 sys=0.83, real=0.16 secs] 
2024-03-23T11:23:06.522+0800: 153061.943: [GC (Allocation Failure) 2024-03-23T11:23:06.523+0800: 153061.943: [ParNew: 19830844K->181948K(22937600K), 0.2340955 secs] 104913994K->85268147K(130940928K), 0.2344537 secs] [Times: user=1.52 sys=2.27, real=0.23 secs] 
2024-03-23T11:23:25.634+0800: 153081.055: [GC (Allocation Failure) 2024-03-23T11:23:25.634+0800: 153081.055: [ParNew: 19842748K->197116K(22937600K), 0.1526184 secs] 104928947K->85287485K(130940928K), 0.1529613 secs] [Times: user=1.99 sys=0.29, real=0.15 secs] 
2024-03-23T11:23:44.471+0800: 153099.892: [GC (Allocation Failure) 2024-03-23T11:23:44.471+0800: 153099.892: [ParNew: 19857916K->224602K(22937600K), 0.1979764 secs] 104948285K->85318009K(130940928K), 0.1983493 secs] [Times: user=1.54 sys=1.53, real=0.20 secs] 
2024-03-23T11:24:07.900+0800: 153123.320: [GC (Allocation Failure) 2024-03-23T11:24:07.900+0800: 153123.321: [ParNew: 19885402K->219418K(22937600K), 0.1572030 secs] 104978809K->85315565K(130940928K), 0.1576730 secs] [Times: user=2.17 sys=0.31, real=0.15 secs] 
2024-03-23T11:24:28.516+0800: 153143.937: [GC (Allocation Failure) 2024-03-23T11:24:28.516+0800: 153143.937: [ParNew: 19880218K->226580K(22937600K), 0.3605654 secs] 104976365K->85326217K(130940928K), 0.3608984 secs] [Times: user=1.59 sys=4.49, real=0.36 secs] 
2024-03-23T11:24:49.266+0800: 153164.687: [GC (Allocation Failure) 2024-03-23T11:24:49.267+0800: 153164.687: [ParNew: 19887380K->240938K(22937600K), 0.1695529 secs] 104987017K->85344484K(130940928K), 0.1698814 secs] [Times: user=1.85 sys=0.79, real=0.17 secs] 
2024-03-23T11:25:10.757+0800: 153186.177: [GC (Allocation Failure) 2024-03-23T11:25:10.757+0800: 153186.178: [ParNew: 19901738K->261483K(22937600K), 0.1526393 secs] 105005284K->85369084K(130940928K), 0.1529989 secs] [Times: user=1.88 sys=0.40, real=0.16 secs] 
2024-03-23T11:25:35.081+0800: 153210.502: [GC (Allocation Failure) 2024-03-23T11:25:35.082+0800: 153210.502: [ParNew: 19922283K->239380K(22937600K), 0.2617073 secs] 105029884K->85349488K(130940928K), 0.2620532 secs] [Times: user=1.78 sys=2.52, real=0.26 secs] 
2024-03-23T11:25:57.033+0800: 153232.453: [GC (Allocation Failure) 2024-03-23T11:25:57.033+0800: 153232.454: [ParNew: 19900180K->222095K(22937600K), 0.1645772 secs] 105010288K->85335472K(130940928K), 0.1649065 secs] [Times: user=1.61 sys=0.96, real=0.17 secs] 
2024-03-23T11:26:22.496+0800: 153257.917: [GC (Allocation Failure) 2024-03-23T11:26:22.497+0800: 153257.917: [ParNew: 19882895K->220785K(22937600K), 0.2474889 secs] 104996272K->85337328K(130940928K), 0.2477819 secs] [Times: user=1.54 sys=2.55, real=0.25 secs] 
2024-03-23T11:26:46.994+0800: 153282.415: [GC (Allocation Failure) 2024-03-23T11:26:46.994+0800: 153282.415: [ParNew: 19881585K->230404K(22937600K), 0.1632370 secs] 104998128K->85351453K(130940928K), 0.1635702 secs] [Times: user=2.01 sys=0.51, real=0.17 secs] 
2024-03-23T11:27:09.104+0800: 153304.525: [GC (Allocation Failure) 2024-03-23T11:27:09.104+0800: 153304.525: [ParNew: 19891204K->232853K(22937600K), 0.1635688 secs] 105012253K->85356812K(130940928K), 0.1639155 secs] [Times: user=1.75 sys=0.83, real=0.17 secs] 
2024-03-23T11:27:33.472+0800: 153328.893: [GC (Allocation Failure) 2024-03-23T11:27:33.472+0800: 153328.893: [ParNew: 19893653K->231991K(22937600K), 0.2488359 secs] 105017612K->85359031K(130940928K), 0.2491877 secs] [Times: user=1.62 sys=2.40, real=0.25 secs] 
2024-03-23T11:27:57.748+0800: 153353.169: [GC (Allocation Failure) 2024-03-23T11:27:57.749+0800: 153353.169: [ParNew: 19892791K->265610K(22937600K), 0.1876595 secs] 105019831K->85394775K(130940928K), 0.1879957 secs] [Times: user=1.38 sys=1.54, real=0.18 secs] 
2024-03-23T11:28:20.209+0800: 153375.630: [GC (Allocation Failure) 2024-03-23T11:28:20.209+0800: 153375.630: [ParNew: 19926410K->277833K(22937600K), 0.1827704 secs] 105055575K->85409309K(130940928K), 0.1830657 secs] [Times: user=1.85 sys=0.99, real=0.18 secs] 
2024-03-23T11:28:45.746+0800: 153401.167: [GC (Allocation Failure) 2024-03-23T11:28:45.746+0800: 153401.167: [ParNew: 19938632K->264895K(22937600K), 0.2613664 secs] 105070109K->85400596K(130940928K), 0.2617299 secs] [Times: user=1.95 sys=2.33, real=0.27 secs] 
2024-03-23T11:29:10.497+0800: 153425.918: [GC (Allocation Failure) 2024-03-23T11:29:10.497+0800: 153425.918: [ParNew: 19925695K->249523K(22937600K), 0.1753637 secs] 105061396K->85390770K(130940928K), 0.1757034 secs] [Times: user=1.01 sys=1.77, real=0.18 secs] 
2024-03-23T11:29:32.355+0800: 153447.775: [GC (Allocation Failure) 2024-03-23T11:29:32.355+0800: 153447.776: [ParNew: 19910323K->278238K(22937600K), 0.1607782 secs] 105051570K->85423602K(130940928K), 0.1611325 secs] [Times: user=1.88 sys=0.56, real=0.16 secs] 
2024-03-23T11:29:51.495+0800: 153466.916: [GC (Allocation Failure) 2024-03-23T11:29:51.495+0800: 153466.916: [ParNew: 19939038K->302539K(22937600K), 0.2231588 secs] 105084402K->85451013K(130940928K), 0.2234921 secs] [Times: user=1.87 sys=1.76, real=0.23 secs] 
2024-03-23T11:30:13.908+0800: 153489.329: [GC (Allocation Failure) 2024-03-23T11:30:13.909+0800: 153489.329: [ParNew: 19963339K->276072K(22937600K), 0.1696033 secs] 105111813K->85428482K(130940928K), 0.1699444 secs] [Times: user=1.17 sys=1.53, real=0.17 secs] 
2024-03-23T11:30:38.404+0800: 153513.825: [GC (Allocation Failure) 2024-03-23T11:30:38.404+0800: 153513.825: [ParNew: 19936872K->297791K(22937600K), 0.1806665 secs] 105089282K->85455220K(130940928K), 0.1810137 secs] [Times: user=2.01 sys=0.88, real=0.18 secs] 
2024-03-23T11:31:03.483+0800: 153538.904: [GC (Allocation Failure) 2024-03-23T11:31:03.483+0800: 153538.904: [ParNew: 19958591K->284755K(22937600K), 0.2454799 secs] 105116020K->85447379K(130940928K), 0.2458412 secs] [Times: user=1.87 sys=2.14, real=0.25 secs] 
2024-03-23T11:31:31.761+0800: 153567.182: [GC (Allocation Failure) 2024-03-23T11:31:31.762+0800: 153567.182: [ParNew: 19945555K->297044K(22937600K), 0.1924010 secs] 105108179K->85464287K(130940928K), 0.1927495 secs] [Times: user=1.95 sys=1.11, real=0.19 secs] 
2024-03-23T11:31:54.526+0800: 153589.946: [GC (Allocation Failure) 2024-03-23T11:31:54.526+0800: 153589.947: [ParNew: 19957844K->296056K(22937600K), 0.1655003 secs] 105125087K->85466486K(130940928K), 0.1658569 secs] [Times: user=1.98 sys=0.60, real=0.17 secs] 
2024-03-23T11:32:21.967+0800: 153617.388: [GC (Allocation Failure) 2024-03-23T11:32:21.967+0800: 153617.388: [ParNew: 19956856K->322721K(22937600K), 0.2670096 secs] 105127286K->85495301K(130940928K), 0.2673912 secs] [Times: user=1.83 sys=2.10, real=0.27 secs] 
2024-03-23T11:32:49.876+0800: 153645.297: [GC (Allocation Failure) 2024-03-23T11:32:49.876+0800: 153645.297: [ParNew: 19983521K->324320K(22937600K), 0.1843889 secs] 105156101K->85499763K(130940928K), 0.1847391 secs] [Times: user=1.66 sys=1.26, real=0.19 secs] 
2024-03-23T11:33:17.249+0800: 153672.669: [GC (Allocation Failure) 2024-03-23T11:33:17.249+0800: 153672.670: [ParNew: 19985120K->333289K(22937600K), 0.2531228 secs] 105160563K->85512597K(130940928K), 0.2534356 secs] [Times: user=1.71 sys=2.50, real=0.25 secs] 
2024-03-23T11:33:44.828+0800: 153700.249: [GC (Allocation Failure) 2024-03-23T11:33:44.829+0800: 153700.249: [ParNew: 19994089K->288362K(22937600K), 0.1971974 secs] 105173397K->85472785K(130940928K), 0.1975312 secs] [Times: user=1.32 sys=1.89, real=0.19 secs] 
2024-03-23T11:34:08.626+0800: 153724.046: [GC (Allocation Failure) 2024-03-23T11:34:08.626+0800: 153724.047: [ParNew: 19949162K->280973K(22937600K), 0.1745634 secs] 105133585K->85479053K(130940928K), 0.1748574 secs] [Times: user=2.02 sys=0.79, real=0.18 secs] 
2024-03-23T11:34:32.608+0800: 153748.029: [GC (Allocation Failure) 2024-03-23T11:34:32.609+0800: 153748.030: [ParNew: 19941773K->255916K(22937600K), 0.2503539 secs] 105139853K->85467894K(130940928K), 0.2507174 secs] [Times: user=1.78 sys=2.36, real=0.25 secs] 
2024-03-23T11:34:54.625+0800: 153770.046: [GC (Allocation Failure) 2024-03-23T11:34:54.625+0800: 153770.046: [ParNew: 19916716K->253580K(22937600K), 0.1694555 secs] 105128694K->85470794K(130940928K), 0.1697452 secs] [Times: user=1.07 sys=1.60, real=0.17 secs] 
2024-03-23T11:35:16.737+0800: 153792.158: [GC (Allocation Failure) 2024-03-23T11:35:16.737+0800: 153792.158: [ParNew: 19914380K->225292K(22937600K), 0.1577580 secs] 105131594K->85459777K(130940928K), 0.1580948 secs] [Times: user=1.87 sys=0.54, real=0.16 secs] 
2024-03-23T11:35:41.650+0800: 153817.071: [GC (Allocation Failure) 2024-03-23T11:35:41.650+0800: 153817.071: [ParNew: 19886092K->231011K(22937600K), 0.2482124 secs] 105120577K->85486874K(130940928K), 0.2485496 secs] [Times: user=1.73 sys=2.27, real=0.25 secs] 
2024-03-23T11:36:04.392+0800: 153839.813: [GC (Allocation Failure) 2024-03-23T11:36:04.393+0800: 153839.813: [ParNew: 19891811K->220956K(22937600K), 0.1665776 secs] 105147674K->85479003K(130940928K), 0.1668967 secs] [Times: user=1.69 sys=0.95, real=0.17 secs] 
2024-03-23T11:36:23.199+0800: 153858.620: [GC (Allocation Failure) 2024-03-23T11:36:23.200+0800: 153858.620: [ParNew: 19881756K->212384K(22937600K), 0.1538819 secs] 105139803K->85474718K(130940928K), 0.1542443 secs] [Times: user=1.11 sys=1.28, real=0.15 secs] 
2024-03-23T11:36:49.353+0800: 153884.774: [GC (Allocation Failure) 2024-03-23T11:36:49.353+0800: 153884.774: [ParNew: 19873184K->221473K(22937600K), 0.2494994 secs] 105135518K->85486952K(130940928K), 0.2498296 secs] [Times: user=1.60 sys=2.55, real=0.25 secs] 
2024-03-23T11:37:13.822+0800: 153909.243: [GC (Allocation Failure) 2024-03-23T11:37:13.822+0800: 153909.243: [ParNew: 19882273K->220750K(22937600K), 0.1813129 secs] 105147752K->85490450K(130940928K), 0.1816550 secs] [Times: user=1.81 sys=1.09, real=0.18 secs] 
2024-03-23T11:37:38.495+0800: 153933.916: [GC (Allocation Failure) 2024-03-23T11:37:38.495+0800: 153933.916: [ParNew: 19881550K->215271K(22937600K), 0.1617889 secs] 105151250K->85493666K(130940928K), 0.1621347 secs] [Times: user=2.10 sys=0.39, real=0.16 secs] 
2024-03-23T11:38:00.202+0800: 153955.623: [GC (Allocation Failure) 2024-03-23T11:38:00.203+0800: 153955.623: [ParNew: 19876071K->207775K(22937600K), 0.2631258 secs] 105154466K->85497310K(130940928K), 0.2634713 secs] [Times: user=1.67 sys=2.60, real=0.26 secs] 
2024-03-23T11:38:17.861+0800: 153973.282: [GC (Allocation Failure) 2024-03-23T11:38:17.861+0800: 153973.282: [ParNew: 19868575K->221018K(22937600K), 0.1515990 secs] 105158110K->85519813K(130940928K), 0.1519337 secs] [Times: user=1.68 sys=0.66, real=0.15 secs] 
2024-03-23T11:38:29.573+0800: 153984.994: [GC (Allocation Failure) 2024-03-23T11:38:29.574+0800: 153984.994: [ParNew: 19881818K->213199K(22937600K), 0.1415019 secs] 105180613K->85520279K(130940928K), 0.1418346 secs] [Times: user=1.87 sys=0.30, real=0.14 secs] 
2024-03-23T11:38:42.987+0800: 153998.408: [GC (Allocation Failure) 2024-03-23T11:38:42.987+0800: 153998.408: [ParNew: 19873999K->208077K(22937600K), 0.1170579 secs] 105181079K->85519306K(130940928K), 0.1174310 secs] [Times: user=1.25 sys=0.42, real=0.12 secs] 
2024-03-23T11:38:54.331+0800: 154009.752: [GC (Allocation Failure) 2024-03-23T11:38:54.332+0800: 154009.752: [ParNew: 19868877K->229823K(22937600K), 0.2378257 secs] 105180106K->85545112K(130940928K), 0.2382132 secs] [Times: user=1.78 sys=2.12, real=0.24 secs] 
2024-03-23T11:39:05.907+0800: 154021.328: [GC (Allocation Failure) 2024-03-23T11:39:05.907+0800: 154021.328: [ParNew: 19890623K->224477K(22937600K), 0.1346390 secs] 105205912K->85542573K(130940928K), 0.1349801 secs] [Times: user=1.88 sys=0.19, real=0.14 secs] 
2024-03-23T11:39:21.623+0800: 154037.043: [GC (Allocation Failure) 2024-03-23T11:39:21.623+0800: 154037.044: [ParNew: 19885277K->247677K(22937600K), 0.1460392 secs] 105203373K->85571414K(130940928K), 0.1463663 secs] [Times: user=1.82 sys=0.42, real=0.15 secs] 
2024-03-23T11:39:41.684+0800: 154057.105: [GC (Allocation Failure) 2024-03-23T11:39:41.685+0800: 154057.105: [ParNew: 19908477K->226808K(22937600K), 0.1448008 secs] 105232214K->85563179K(130940928K), 0.1450996 secs] [Times: user=1.74 sys=0.45, real=0.15 secs] 
2024-03-23T11:40:11.020+0800: 154086.440: [GC (Allocation Failure) 2024-03-23T11:40:11.020+0800: 154086.441: [ParNew: 19887608K->230421K(22937600K), 0.2489065 secs] 105223979K->85574277K(130940928K), 0.2492660 secs] [Times: user=1.70 sys=2.43, real=0.25 secs] 
2024-03-23T11:40:36.694+0800: 154112.115: [GC (Allocation Failure) 2024-03-23T11:40:36.694+0800: 154112.115: [ParNew: 19891221K->224283K(22937600K), 0.1799154 secs] 105235077K->85576309K(130940928K), 0.1802596 secs] [Times: user=0.97 sys=1.88, real=0.18 secs] 
2024-03-23T11:41:03.532+0800: 154138.953: [GC (Allocation Failure) 2024-03-23T11:41:03.532+0800: 154138.953: [ParNew: 19885083K->254142K(22937600K), 0.2406163 secs] 105237109K->85610055K(130940928K), 0.2410153 secs] [Times: user=1.51 sys=2.41, real=0.24 secs] 
2024-03-23T11:41:33.907+0800: 154169.328: [GC (Allocation Failure) 2024-03-23T11:41:33.907+0800: 154169.328: [ParNew: 19914942K->269212K(22937600K), 0.1781832 secs] 105270855K->85628145K(130940928K), 0.1785550 secs] [Times: user=1.74 sys=1.05, real=0.18 secs] 
2024-03-23T11:42:00.132+0800: 154195.553: [GC (Allocation Failure) 2024-03-23T11:42:00.133+0800: 154195.553: [ParNew: 19930012K->277156K(22937600K), 0.1702784 secs] 105288945K->85641015K(130940928K), 0.1706346 secs] [Times: user=1.88 sys=0.85, real=0.17 secs] 
2024-03-23T11:42:30.470+0800: 154225.890: [GC (Allocation Failure) 2024-03-23T11:42:30.470+0800: 154225.891: [ParNew: 19937956K->258212K(22937600K), 0.2552457 secs] 105301815K->85626915K(130940928K), 0.2556045 secs] [Times: user=1.63 sys=2.61, real=0.25 secs] 
2024-03-23T11:43:00.508+0800: 154255.929: [GC (Allocation Failure) 2024-03-23T11:43:00.509+0800: 154255.929: [ParNew: 19919012K->271360K(22937600K), 0.1860931 secs] 105287715K->85644710K(130940928K), 0.1864301 secs] [Times: user=1.70 sys=1.29, real=0.18 secs] 
2024-03-23T11:43:30.183+0800: 154285.604: [GC (Allocation Failure) 2024-03-23T11:43:30.184+0800: 154285.604: [ParNew: 19932160K->279078K(22937600K), 0.2605595 secs] 105305510K->85665374K(130940928K), 0.2609461 secs] [Times: user=1.89 sys=2.37, real=0.26 secs] 
2024-03-23T11:44:00.708+0800: 154316.129: [GC (Allocation Failure) 2024-03-23T11:44:00.708+0800: 154316.129: [ParNew: 19939878K->295330K(22937600K), 0.1934025 secs] 105326174K->85688298K(130940928K), 0.1937402 secs] [Times: user=1.70 sys=1.42, real=0.19 secs] 
2024-03-23T11:44:31.119+0800: 154346.540: [GC (Allocation Failure) 2024-03-23T11:44:31.119+0800: 154346.540: [ParNew: 19956130K->307087K(22937600K), 0.2414708 secs] 105349098K->85704143K(130940928K), 0.2418253 secs] [Times: user=1.45 sys=2.54, real=0.24 secs] 
2024-03-23T11:44:59.322+0800: 154374.743: [GC (Allocation Failure) 2024-03-23T11:44:59.322+0800: 154374.743: [ParNew: 19967887K->313780K(22937600K), 0.1701100 secs] 105364943K->85718390K(130940928K), 0.1704668 secs] [Times: user=1.91 sys=0.78, real=0.17 secs] 
2024-03-23T11:45:34.411+0800: 154409.831: [GC (Allocation Failure) 2024-03-23T11:45:34.411+0800: 154409.832: [ParNew: 19974580K->282987K(22937600K), 0.1660306 secs] 105379190K->85691841K(130940928K), 0.1663741 secs] [Times: user=1.68 sys=0.98, real=0.16 secs] 
2024-03-23T11:45:59.998+0800: 154435.418: [GC (Allocation Failure) 2024-03-23T11:45:59.998+0800: 154435.419: [ParNew: 19943787K->325534K(22937600K), 0.2454264 secs] 105352641K->85739448K(130940928K), 0.2457718 secs] [Times: user=1.70 sys=2.31, real=0.24 secs] 
2024-03-23T11:46:25.258+0800: 154460.679: [GC (Allocation Failure) 2024-03-23T11:46:25.258+0800: 154460.679: [ParNew: 19986334K->332660K(22937600K), 0.1826732 secs] 105400248K->85753879K(130940928K), 0.1830095 secs] [Times: user=1.18 sys=1.74, real=0.18 secs] 
2024-03-23T11:46:48.863+0800: 154484.284: [GC (Allocation Failure) 2024-03-23T11:46:48.863+0800: 154484.284: [ParNew: 19993460K->338133K(22937600K), 0.2423877 secs] 105414679K->85767073K(130940928K), 0.2426843 secs] [Times: user=1.66 sys=2.29, real=0.24 secs] 
2024-03-23T11:47:16.429+0800: 154511.850: [GC (Allocation Failure) 2024-03-23T11:47:16.429+0800: 154511.850: [ParNew: 19998933K->291027K(22937600K), 0.1735552 secs] 105427873K->85726362K(130940928K), 0.1738947 secs] [Times: user=2.16 sys=0.58, real=0.17 secs] 
2024-03-23T11:47:38.137+0800: 154533.558: [GC (Allocation Failure) 2024-03-23T11:47:38.137+0800: 154533.558: [ParNew: 19951827K->280979K(22937600K), 0.1549165 secs] 105387162K->85720842K(130940928K), 0.1552468 secs] [Times: user=1.71 sys=0.71, real=0.16 secs] 
2024-03-23T11:48:00.337+0800: 154555.758: [GC (Allocation Failure) 2024-03-23T11:48:00.337+0800: 154555.758: [ParNew: 19941779K->306774K(22937600K), 0.2322909 secs] 105381642K->85756941K(130940928K), 0.2326313 secs] [Times: user=1.65 sys=2.13, real=0.24 secs] 
2024-03-23T11:48:28.517+0800: 154583.938: [GC (Allocation Failure) 2024-03-23T11:48:28.517+0800: 154583.938: [ParNew: 19967574K->268481K(22937600K), 0.1755200 secs] 105417741K->85739976K(130940928K), 0.1758130 secs] [Times: user=1.92 sys=0.83, real=0.18 secs] 
2024-03-23T11:48:52.255+0800: 154607.676: [GC (Allocation Failure) 2024-03-23T11:48:52.255+0800: 154607.676: [ParNew: 19929281K->261807K(22937600K), 0.1620394 secs] 105400776K->85740512K(130940928K), 0.1623902 secs] [Times: user=1.66 sys=0.88, real=0.17 secs] 
2024-03-23T11:49:16.162+0800: 154631.583: [GC (Allocation Failure) 2024-03-23T11:49:16.162+0800: 154631.583: [ParNew: 19922607K->281266K(22937600K), 0.2444615 secs] 105401312K->85766256K(130940928K), 0.2448028 secs] [Times: user=1.85 sys=2.17, real=0.24 secs] 
2024-03-23T11:49:40.301+0800: 154655.722: [GC (Allocation Failure) 2024-03-23T11:49:40.301+0800: 154655.722: [ParNew: 19942066K->265221K(22937600K), 0.1810141 secs] 105427056K->85761251K(130940928K), 0.1813437 secs] [Times: user=1.00 sys=1.85, real=0.18 secs] 
2024-03-23T11:50:00.248+0800: 154675.669: [GC (Allocation Failure) 2024-03-23T11:50:00.249+0800: 154675.669: [ParNew: 19926021K->277802K(22937600K), 0.1560455 secs] 105422051K->85786808K(130940928K), 0.1563900 secs] [Times: user=1.08 sys=1.32, real=0.15 secs] 
2024-03-23T11:50:23.778+0800: 154699.199: [GC (Allocation Failure) 2024-03-23T11:50:23.778+0800: 154699.199: [ParNew: 19938602K->270575K(22937600K), 0.2479505 secs] 105447608K->85793247K(130940928K), 0.2483043 secs] [Times: user=1.86 sys=2.20, real=0.24 secs] 
2024-03-23T11:50:51.874+0800: 154727.295: [GC (Allocation Failure) 2024-03-23T11:50:51.874+0800: 154727.295: [ParNew: 19930218K->277270K(22937600K), 0.1743840 secs] 105452890K->85807642K(130940928K), 0.1747346 secs] [Times: user=1.60 sys=1.17, real=0.18 secs] 
2024-03-23T11:51:20.966+0800: 154756.387: [GC (Allocation Failure) 2024-03-23T11:51:20.967+0800: 154756.387: [ParNew: 19938070K->275425K(22937600K), 0.2491032 secs] 105468442K->85814548K(130940928K), 0.2494902 secs] [Times: user=1.62 sys=2.49, real=0.25 secs] 
2024-03-23T11:51:48.700+0800: 154784.121: [GC (Allocation Failure) 2024-03-23T11:51:48.700+0800: 154784.121: [ParNew: 19936225K->268971K(22937600K), 0.1617595 secs] 105475348K->85818961K(130940928K), 0.1621156 secs] [Times: user=1.30 sys=1.21, real=0.16 secs] 
2024-03-23T11:52:18.497+0800: 154813.918: [GC (Allocation Failure) 2024-03-23T11:52:18.497+0800: 154813.918: [ParNew: 19929771K->273410K(22937600K), 0.1740680 secs] 105479761K->85833501K(130940928K), 0.1744089 secs] [Times: user=1.71 sys=1.11, real=0.18 secs] 
2024-03-23T11:52:43.194+0800: 154838.614: [GC (Allocation Failure) 2024-03-23T11:52:43.194+0800: 154838.615: [ParNew: 19934210K->241810K(22937600K), 0.2278545 secs] 105494301K->85812476K(130940928K), 0.2282211 secs] [Times: user=0.90 sys=2.80, real=0.23 secs] 
2024-03-23T11:53:10.220+0800: 154865.641: [GC (Allocation Failure) 2024-03-23T11:53:10.221+0800: 154865.641: [ParNew: 19902610K->280646K(22937600K), 0.1802886 secs] 105473276K->85859836K(130940928K), 0.1806217 secs] [Times: user=1.89 sys=0.96, real=0.18 secs] 
2024-03-23T11:53:36.670+0800: 154892.091: [GC (Allocation Failure) 2024-03-23T11:53:36.671+0800: 154892.091: [ParNew: 19941446K->245385K(22937600K), 0.1638179 secs] 105520636K->85832300K(130940928K), 0.1641755 secs] [Times: user=1.78 sys=0.82, real=0.17 secs] 
2024-03-23T11:54:04.144+0800: 154919.565: [GC (Allocation Failure) 2024-03-23T11:54:04.144+0800: 154919.565: [ParNew: 19906185K->265286K(22937600K), 0.2400074 secs] 105493100K->85861033K(130940928K), 0.2403526 secs] [Times: user=0.95 sys=3.02, real=0.24 secs] 
2024-03-23T11:54:28.191+0800: 154943.612: [GC (Allocation Failure) 2024-03-23T11:54:28.192+0800: 154943.612: [ParNew: 19926086K->255284K(22937600K), 0.1653695 secs] 105521833K->85857186K(130940928K), 0.1656987 secs] [Times: user=0.94 sys=1.68, real=0.16 secs] 
2024-03-23T11:54:51.875+0800: 154967.296: [GC (Allocation Failure) 2024-03-23T11:54:51.875+0800: 154967.296: [ParNew: 19916084K->249560K(22937600K), 0.1446006 secs] 105517986K->85857942K(130940928K), 0.1449278 secs] [Times: user=1.06 sys=0.66, real=0.15 secs] 
2024-03-23T11:55:19.927+0800: 154995.347: [GC (Allocation Failure) 2024-03-23T11:55:19.927+0800: 154995.348: [ParNew: 19910360K->267816K(22937600K), 0.2461548 secs] 105518742K->85881592K(130940928K), 0.2464942 secs] [Times: user=1.68 sys=2.40, real=0.25 secs] 
2024-03-23T11:55:46.245+0800: 155021.665: [GC (Allocation Failure) 2024-03-23T11:55:46.245+0800: 155021.666: [ParNew: 19928616K->261374K(22937600K), 0.1655922 secs] 105542392K->85880129K(130940928K), 0.1659303 secs] [Times: user=0.91 sys=1.75, real=0.17 secs] 
2024-03-23T11:56:12.131+0800: 155047.552: [GC (Allocation Failure) 2024-03-23T11:56:12.131+0800: 155047.552: [ParNew: 19922174K->253766K(22937600K), 0.2353210 secs] 105540929K->85880430K(130940928K), 0.2356713 secs] [Times: user=1.47 sys=2.05, real=0.23 secs] 
2024-03-23T11:56:40.301+0800: 155075.722: [GC (Allocation Failure) 2024-03-23T11:56:40.301+0800: 155075.722: [ParNew: 19914566K->253898K(22937600K), 0.1566789 secs] 105541230K->85891906K(130940928K), 0.1570202 secs] [Times: user=1.90 sys=0.57, real=0.16 secs] 
2024-03-23T11:57:05.473+0800: 155100.894: [GC (Allocation Failure) 2024-03-23T11:57:05.473+0800: 155100.894: [ParNew: 19914698K->257806K(22937600K), 0.1584354 secs] 105552706K->85901280K(130940928K), 0.1587668 secs] [Times: user=0.96 sys=1.49, real=0.16 secs] 
2024-03-23T11:57:29.197+0800: 155124.618: [GC (Allocation Failure) 2024-03-23T11:57:29.197+0800: 155124.618: [ParNew: 19918606K->247589K(22937600K), 0.2306433 secs] 105562080K->85899560K(130940928K), 0.2310024 secs] [Times: user=1.61 sys=2.19, real=0.24 secs] 
2024-03-23T11:57:56.410+0800: 155151.831: [GC (Allocation Failure) 2024-03-23T11:57:56.410+0800: 155151.831: [ParNew: 19908389K->243305K(22937600K), 0.1619625 secs] 105560360K->85907771K(130940928K), 0.1622556 secs] [Times: user=1.08 sys=1.45, real=0.16 secs] 
2024-03-23T11:58:23.461+0800: 155178.882: [GC (Allocation Failure) 2024-03-23T11:58:23.461+0800: 155178.882: [ParNew: 19904105K->214722K(22937600K), 0.1629924 secs] 105568571K->85885587K(130940928K), 0.1633543 secs] [Times: user=0.89 sys=1.73, real=0.16 secs] 
2024-03-23T11:58:49.848+0800: 155205.269: [GC (Allocation Failure) 2024-03-23T11:58:49.848+0800: 155205.269: [ParNew: 19875522K->197412K(22937600K), 0.2290112 secs] 105546387K->85880312K(130940928K), 0.2293631 secs] [Times: user=1.54 sys=2.21, real=0.22 secs] 
2024-03-23T11:59:14.979+0800: 155230.399: [GC (Allocation Failure) 2024-03-23T11:59:14.979+0800: 155230.400: [ParNew: 19858212K->202683K(22937600K), 0.1716729 secs] 105541112K->85892503K(130940928K), 0.1720030 secs] [Times: user=1.64 sys=1.12, real=0.17 secs] 
2024-03-23T11:59:38.200+0800: 155253.621: [GC (Allocation Failure) 2024-03-23T11:59:38.200+0800: 155253.621: [ParNew: 19863483K->211049K(22937600K), 0.1363649 secs] 105553303K->85913696K(130940928K), 0.1367190 secs] [Times: user=1.76 sys=0.35, real=0.13 secs] 
2024-03-23T12:00:05.231+0800: 155280.651: [GC (Allocation Failure) 2024-03-23T12:00:05.231+0800: 155280.652: [ParNew: 19871849K->220246K(22937600K), 0.2391231 secs] 105574496K->85930538K(130940928K), 0.2394617 secs] [Times: user=1.37 sys=2.62, real=0.24 secs] 
2024-03-23T12:00:26.398+0800: 155301.818: [GC (Allocation Failure) 2024-03-23T12:00:26.398+0800: 155301.819: [ParNew: 19881046K->199822K(22937600K), 0.1538783 secs] 105591338K->85918821K(130940928K), 0.1542209 secs] [Times: user=1.61 sys=0.81, real=0.15 secs] 
2024-03-23T12:00:46.942+0800: 155322.363: [GC (Allocation Failure) 2024-03-23T12:00:46.942+0800: 155322.363: [ParNew: 19860622K->176157K(22937600K), 0.1295839 secs] 105579621K->85906050K(130940928K), 0.1299306 secs] [Times: user=1.14 sys=0.53, real=0.13 secs] 
2024-03-23T12:01:12.669+0800: 155348.090: [GC (Allocation Failure) 2024-03-23T12:01:12.669+0800: 155348.090: [ParNew: 19836957K->201885K(22937600K), 0.2429566 secs] 105566850K->85940627K(130940928K), 0.2433296 secs] [Times: user=1.48 sys=2.54, real=0.24 secs] 
2024-03-23T12:01:38.224+0800: 155373.644: [GC (Allocation Failure) 2024-03-23T12:01:38.224+0800: 155373.645: [ParNew: 19862685K->186881K(22937600K), 0.1705815 secs] 105601427K->85936597K(130940928K), 0.1709046 secs] [Times: user=1.65 sys=1.07, real=0.17 secs] 
2024-03-23T12:02:05.131+0800: 155400.552: [GC (Allocation Failure) 2024-03-23T12:02:05.131+0800: 155400.552: [ParNew: 19847681K->197549K(22937600K), 0.2345612 secs] 105597397K->85955924K(130940928K), 0.2349120 secs] [Times: user=1.51 sys=2.37, real=0.23 secs] 
2024-03-23T12:02:30.644+0800: 155426.065: [GC (Allocation Failure) 2024-03-23T12:02:30.644+0800: 155426.065: [ParNew: 19858349K->187989K(22937600K), 0.1684309 secs] 105616724K->85954169K(130940928K), 0.1686896 secs] [Times: user=1.70 sys=0.81, real=0.17 secs] 
2024-03-23T12:02:57.041+0800: 155452.462: [GC (Allocation Failure) 2024-03-23T12:02:57.041+0800: 155452.462: [ParNew: 19848789K->167949K(22937600K), 0.1749391 secs] 105614969K->85941448K(130940928K), 0.1751902 secs] [Times: user=1.60 sys=1.00, real=0.17 secs] 
2024-03-23T12:03:28.425+0800: 155483.845: [GC (Allocation Failure) 2024-03-23T12:03:28.425+0800: 155483.846: [ParNew: 19828749K->173295K(22937600K), 0.2312824 secs] 105602248K->85951326K(130940928K), 0.2315721 secs] [Times: user=1.38 sys=2.35, real=0.23 secs] 
2024-03-23T12:03:56.099+0800: 155511.519: [GC (Allocation Failure) 2024-03-23T12:03:56.099+0800: 155511.520: [ParNew: 19834095K->192155K(22937600K), 0.1739811 secs] 105612126K->85976630K(130940928K), 0.1742467 secs] [Times: user=0.85 sys=1.82, real=0.17 secs] 
2024-03-23T12:04:21.795+0800: 155537.216: [GC (Allocation Failure) 2024-03-23T12:04:21.795+0800: 155537.216: [ParNew: 19852955K->179813K(22937600K), 0.1369380 secs] 105637430K->85969157K(130940928K), 0.1372271 secs] [Times: user=1.70 sys=0.34, real=0.14 secs] 
2024-03-23T12:04:46.953+0800: 155562.374: [GC (Allocation Failure) 2024-03-23T12:04:46.953+0800: 155562.374: [ParNew: 19840613K->180649K(22937600K), 0.2359246 secs] 105629957K->85973558K(130940928K), 0.2362191 secs] [Times: user=1.45 sys=2.29, real=0.24 secs] 
2024-03-23T12:05:11.183+0800: 155586.604: [GC (Allocation Failure) 2024-03-23T12:05:11.183+0800: 155586.604: [ParNew: 19841449K->182681K(22937600K), 0.1625223 secs] 105634358K->85980257K(130940928K), 0.1627912 secs] [Times: user=1.62 sys=0.85, real=0.16 secs] 
2024-03-23T12:05:35.908+0800: 155611.328: [GC (Allocation Failure) 2024-03-23T12:05:35.908+0800: 155611.329: [ParNew: 19843481K->177519K(22937600K), 0.1420875 secs] 105641057K->85984298K(130940928K), 0.1423469 secs] [Times: user=1.02 sys=1.07, real=0.14 secs] 
2024-03-23T12:06:03.264+0800: 155638.685: [GC (Allocation Failure) 2024-03-23T12:06:03.264+0800: 155638.685: [ParNew: 19838319K->182360K(22937600K), 0.2517634 secs] 105645098K->85996399K(130940928K), 0.2520868 secs] [Times: user=1.59 sys=2.47, real=0.25 secs] 
2024-03-23T12:06:31.597+0800: 155667.018: [GC (Allocation Failure) 2024-03-23T12:06:31.597+0800: 155667.018: [ParNew: 19843160K->171869K(22937600K), 0.1712698 secs] 105657199K->85992134K(130940928K), 0.1715142 secs] [Times: user=1.59 sys=1.04, real=0.18 secs] 
2024-03-23T12:06:56.235+0800: 155691.656: [GC (Allocation Failure) 2024-03-23T12:06:56.236+0800: 155691.656: [ParNew: 19832669K->186558K(22937600K), 0.2365452 secs] 105652934K->86015673K(130940928K), 0.2368070 secs] [Times: user=1.54 sys=2.25, real=0.24 secs] 
2024-03-23T12:07:19.201+0800: 155714.622: [GC (Allocation Failure) 2024-03-23T12:07:19.201+0800: 155714.622: [ParNew: 19847358K->186123K(22937600K), 0.1467446 secs] 105676473K->86022599K(130940928K), 0.1469965 secs] [Times: user=1.96 sys=0.22, real=0.15 secs] 
2024-03-23T12:07:37.092+0800: 155732.512: [GC (Allocation Failure) 2024-03-23T12:07:37.092+0800: 155732.513: [ParNew: 19846923K->184437K(22937600K), 0.1556571 secs] 105683399K->86030658K(130940928K), 0.1559271 secs] [Times: user=1.71 sys=0.56, real=0.16 secs] 
2024-03-23T12:07:58.474+0800: 155753.895: [GC (Allocation Failure) 2024-03-23T12:07:58.474+0800: 155753.895: [ParNew: 19845237K->172190K(22937600K), 0.1571132 secs] 105691458K->86026957K(130940928K), 0.1574078 secs] [Times: user=1.73 sys=0.61, real=0.16 secs] 
2024-03-23T12:08:20.109+0800: 155775.530: [GC (Allocation Failure) 2024-03-23T12:08:20.109+0800: 155775.530: [ParNew: 19832990K->179462K(22937600K), 0.3506273 secs] 105687757K->86039759K(130940928K), 0.3509119 secs] [Times: user=1.20 sys=4.60, real=0.35 secs] 
2024-03-23T12:08:40.066+0800: 155795.487: [GC (Allocation Failure) 2024-03-23T12:08:40.066+0800: 155795.487: [ParNew: 19840262K->168936K(22937600K), 0.1680378 secs] 105700559K->86034948K(130940928K), 0.1682939 secs] [Times: user=1.87 sys=0.65, real=0.17 secs] 
2024-03-23T12:08:57.255+0800: 155812.676: [GC (Allocation Failure) 2024-03-23T12:08:57.255+0800: 155812.676: [ParNew: 19829736K->162142K(22937600K), 0.1547179 secs] 105695748K->86035459K(130940928K), 0.1549736 secs] [Times: user=1.82 sys=0.46, real=0.16 secs] 
2024-03-23T12:09:15.045+0800: 155830.466: [GC (Allocation Failure) 2024-03-23T12:09:15.045+0800: 155830.466: [ParNew: 19822942K->167679K(22937600K), 0.1466408 secs] 105696259K->86049450K(130940928K), 0.1469492 secs] [Times: user=2.15 sys=0.00, real=0.15 secs] 
2024-03-23T12:09:32.787+0800: 155848.208: [GC (Allocation Failure) 2024-03-23T12:09:32.787+0800: 155848.208: [ParNew: 19828479K->171911K(22937600K), 0.2330606 secs] 105710250K->86059772K(130940928K), 0.2333110 secs] [Times: user=1.55 sys=2.16, real=0.24 secs] 
2024-03-23T12:09:48.815+0800: 155864.235: [GC (Allocation Failure) 2024-03-23T12:09:48.815+0800: 155864.236: [ParNew: 19832711K->166351K(22937600K), 0.1522194 secs] 105720572K->86057962K(130940928K), 0.1525041 secs] [Times: user=1.73 sys=0.54, real=0.15 secs] 
2024-03-23T12:10:09.065+0800: 155884.486: [GC (Allocation Failure) 2024-03-23T12:10:09.065+0800: 155884.486: [ParNew: 19827151K->184376K(22937600K), 0.1599466 secs] 105718762K->86081109K(130940928K), 0.1601937 secs] [Times: user=0.92 sys=1.49, real=0.16 secs] 
2024-03-23T12:10:22.528+0800: 155897.949: [GC (Allocation Failure) 2024-03-23T12:10:22.528+0800: 155897.949: [ParNew: 19845176K->184769K(22937600K), 0.1340546 secs] 105741909K->86085664K(130940928K), 0.1343208 secs] [Times: user=1.43 sys=0.50, real=0.13 secs] 
2024-03-23T12:10:33.007+0800: 155908.428: [GC (Allocation Failure) 2024-03-23T12:10:33.007+0800: 155908.428: [ParNew: 19845569K->172043K(22937600K), 0.2445963 secs] 105746464K->86080580K(130940928K), 0.2448587 secs] [Times: user=1.78 sys=2.07, real=0.25 secs] 
2024-03-23T12:10:42.510+0800: 155917.931: [GC (Allocation Failure) 2024-03-23T12:10:42.510+0800: 155917.931: [ParNew: 19832843K->166823K(22937600K), 0.1509247 secs] 105741380K->86084418K(130940928K), 0.1511788 secs] [Times: user=1.32 sys=0.84, real=0.15 secs] 
2024-03-23T12:10:54.084+0800: 155929.505: [GC (Allocation Failure) 2024-03-23T12:10:54.084+0800: 155929.505: [ParNew: 19827623K->167321K(22937600K), 0.1564906 secs] 105745218K->86091284K(130940928K), 0.1567364 secs] [Times: user=2.04 sys=0.28, real=0.16 secs] 
2024-03-23T12:11:13.092+0800: 155948.513: [GC (Allocation Failure) 2024-03-23T12:11:13.092+0800: 155948.513: [ParNew: 19828121K->174066K(22937600K), 0.1676778 secs] 105752084K->86104415K(130940928K), 0.1679335 secs] [Times: user=1.83 sys=0.72, real=0.17 secs] 
2024-03-23T12:11:32.696+0800: 155968.117: [GC (Allocation Failure) 2024-03-23T12:11:32.696+0800: 155968.117: [ParNew: 19834866K->170859K(22937600K), 0.2378138 secs] 105765215K->86105538K(130940928K), 0.2380882 secs] [Times: user=1.77 sys=2.02, real=0.24 secs] 
2024-03-23T12:11:56.544+0800: 155991.965: [GC (Allocation Failure) 2024-03-23T12:11:56.544+0800: 155991.965: [ParNew: 19831659K->169539K(22937600K), 0.1746105 secs] 105766338K->86112982K(130940928K), 0.1748704 secs] [Times: user=1.14 sys=1.50, real=0.18 secs] 
2024-03-23T12:12:20.282+0800: 156015.703: [GC (Allocation Failure) 2024-03-23T12:12:20.283+0800: 156015.703: [ParNew: 19830339K->177103K(22937600K), 0.1793871 secs] 105773782K->86125772K(130940928K), 0.1796307 secs] [Times: user=1.84 sys=0.94, real=0.18 secs] 
2024-03-23T12:12:40.017+0800: 156035.438: [GC (Allocation Failure) 2024-03-23T12:12:40.017+0800: 156035.438: [ParNew: 19837903K->163240K(22937600K), 0.2270552 secs] 105786572K->86119086K(130940928K), 0.2273515 secs] [Times: user=1.35 sys=2.21, real=0.23 secs] 
2024-03-23T12:13:00.496+0800: 156055.917: [GC (Allocation Failure) 2024-03-23T12:13:00.496+0800: 156055.917: [ParNew: 19824040K->178287K(22937600K), 0.1522187 secs] 105779886K->86139835K(130940928K), 0.1525197 secs] [Times: user=1.68 sys=0.55, real=0.16 secs] 
2024-03-23T12:13:20.012+0800: 156075.432: [GC (Allocation Failure) 2024-03-23T12:13:20.012+0800: 156075.433: [ParNew: 19839087K->168175K(22937600K), 0.1567514 secs] 105800635K->86134447K(130940928K), 0.1570262 secs] [Times: user=0.86 sys=1.46, real=0.16 secs] 
2024-03-23T12:13:42.155+0800: 156097.576: [GC (Allocation Failure) 2024-03-23T12:13:42.156+0800: 156097.576: [ParNew: 19828975K->148690K(22937600K), 0.2340609 secs] 105795247K->86119418K(130940928K), 0.2343199 secs] [Times: user=0.67 sys=2.95, real=0.24 secs] 
2024-03-23T12:14:04.642+0800: 156120.063: [GC (Allocation Failure) 2024-03-23T12:14:04.642+0800: 156120.063: [ParNew: 19809490K->161564K(22937600K), 0.1479946 secs] 105780218K->86140712K(130940928K), 0.1482491 secs] [Times: user=1.77 sys=0.39, real=0.15 secs] 
2024-03-23T12:14:23.955+0800: 156139.375: [GC (Allocation Failure) 2024-03-23T12:14:23.955+0800: 156139.376: [ParNew: 19822364K->149957K(22937600K), 0.1599061 secs] 105801512K->86135052K(130940928K), 0.1601795 secs] [Times: user=1.63 sys=0.71, real=0.16 secs] 
2024-03-23T12:14:48.127+0800: 156163.547: [GC (Allocation Failure) 2024-03-23T12:14:48.127+0800: 156163.548: [ParNew: 19810757K->162818K(22937600K), 0.2304041 secs] 105795852K->86156015K(130940928K), 0.2307568 secs] [Times: user=1.43 sys=2.36, real=0.23 secs] 
2024-03-23T12:15:12.491+0800: 156187.912: [GC (Allocation Failure) 2024-03-23T12:15:12.491+0800: 156187.912: [ParNew: 19823618K->178890K(22937600K), 0.1467697 secs] 105816815K->86178859K(130940928K), 0.1471313 secs] [Times: user=1.83 sys=0.47, real=0.15 secs] 
2024-03-23T12:15:35.212+0800: 156210.633: [GC (Allocation Failure) 2024-03-23T12:15:35.213+0800: 156210.633: [ParNew: 19839690K->170874K(22937600K), 0.1502958 secs] 105839659K->86173614K(130940928K), 0.1506489 secs] [Times: user=0.82 sys=1.42, real=0.15 secs] 
2024-03-23T12:16:01.705+0800: 156237.126: [GC (Allocation Failure) 2024-03-23T12:16:01.706+0800: 156237.126: [ParNew: 19831674K->174062K(22937600K), 0.2344157 secs] 105834414K->86179440K(130940928K), 0.2348362 secs] [Times: user=1.49 sys=2.41, real=0.24 secs] 
2024-03-23T12:16:23.938+0800: 156259.359: [GC (Allocation Failure) 2024-03-23T12:16:23.938+0800: 156259.359: [ParNew: 19834862K->189354K(22937600K), 0.1571875 secs] 105840240K->86200043K(130940928K), 0.1574778 secs] [Times: user=1.82 sys=0.65, real=0.15 secs] 
2024-03-23T12:16:46.725+0800: 156282.146: [GC (Allocation Failure) 2024-03-23T12:16:46.725+0800: 156282.146: [ParNew: 19850154K->178873K(22937600K), 0.1569918 secs] 105860843K->86197911K(130940928K), 0.1573479 secs] [Times: user=1.63 sys=0.86, real=0.16 secs] 
2024-03-23T12:17:07.055+0800: 156302.476: [GC (Allocation Failure) 2024-03-23T12:17:07.055+0800: 156302.476: [ParNew: 19839673K->183099K(22937600K), 0.2348448 secs] 105858711K->86207027K(130940928K), 0.2351883 secs] [Times: user=1.70 sys=2.18, real=0.24 secs] 
2024-03-23T12:17:30.103+0800: 156325.523: [GC (Allocation Failure) 2024-03-23T12:17:30.103+0800: 156325.523: [ParNew: 19843899K->190484K(22937600K), 0.1442595 secs] 105867827K->86222839K(130940928K), 0.1445442 secs] [Times: user=0.94 sys=1.30, real=0.14 secs] 
2024-03-23T12:18:00.240+0800: 156355.661: [GC (Allocation Failure) 2024-03-23T12:18:00.240+0800: 156355.661: [ParNew: 19851284K->170624K(22937600K), 0.1724853 secs] 105883639K->86213599K(130940928K), 0.1728180 secs] [Times: user=0.77 sys=1.99, real=0.17 secs] 
2024-03-23T12:18:26.711+0800: 156382.132: [GC (Allocation Failure) 2024-03-23T12:18:26.711+0800: 156382.132: [ParNew: 19831424K->172627K(22937600K), 0.2251615 secs] 105874399K->86223264K(130940928K), 0.2254905 secs] [Times: user=1.47 sys=2.24, real=0.22 secs] 
2024-03-23T12:18:51.409+0800: 156406.830: [GC (Allocation Failure) 2024-03-23T12:18:51.409+0800: 156406.830: [ParNew: 19833427K->170124K(22937600K), 0.1591763 secs] 105884064K->86224433K(130940928K), 0.1595199 secs] [Times: user=0.83 sys=1.71, real=0.16 secs] 
2024-03-23T12:19:13.908+0800: 156429.329: [GC (Allocation Failure) 2024-03-23T12:19:13.908+0800: 156429.329: [ParNew: 19830924K->163781K(22937600K), 0.1581400 secs] 105885233K->86221483K(130940928K), 0.1583915 secs] [Times: user=1.70 sys=0.70, real=0.15 secs] 
2024-03-23T12:19:41.983+0800: 156457.404: [GC (Allocation Failure) 2024-03-23T12:19:41.983+0800: 156457.404: [ParNew: 19824581K->175508K(22937600K), 0.2287511 secs] 105882283K->86239522K(130940928K), 0.2290421 secs] [Times: user=0.77 sys=2.60, real=0.23 secs] 
2024-03-23T12:20:08.912+0800: 156484.333: [GC (Allocation Failure) 2024-03-23T12:20:08.912+0800: 156484.333: [ParNew: 19836308K->179576K(22937600K), 0.1747344 secs] 105900322K->86251487K(130940928K), 0.1749726 secs] [Times: user=1.59 sys=1.02, real=0.17 secs] 
2024-03-23T12:20:32.765+0800: 156508.186: [GC (Allocation Failure) 2024-03-23T12:20:32.765+0800: 156508.186: [ParNew: 19840376K->183102K(22937600K), 0.1450936 secs] 105912287K->86258896K(130940928K), 0.1453888 secs] [Times: user=1.71 sys=0.46, real=0.15 secs] 
2024-03-23T12:20:55.954+0800: 156531.375: [GC (Allocation Failure) 2024-03-23T12:20:55.954+0800: 156531.375: [ParNew: 19843902K->198598K(22937600K), 0.2410743 secs] 105919696K->86280655K(130940928K), 0.2413981 secs] [Times: user=1.63 sys=2.21, real=0.24 secs] 
2024-03-23T12:21:18.589+0800: 156554.010: [GC (Allocation Failure) 2024-03-23T12:21:18.589+0800: 156554.010: [ParNew: 19859398K->190178K(22937600K), 0.1607301 secs] 105941455K->86282148K(130940928K), 0.1610079 secs] [Times: user=1.66 sys=0.73, real=0.16 secs] 
2024-03-23T12:21:40.336+0800: 156575.757: [GC (Allocation Failure) 2024-03-23T12:21:40.336+0800: 156575.757: [ParNew: 19850978K->177881K(22937600K), 0.1581969 secs] 105942948K->86281385K(130940928K), 0.1584550 secs] [Times: user=1.67 sys=0.67, real=0.16 secs] 
2024-03-23T12:22:01.715+0800: 156597.136: [GC (Allocation Failure) 2024-03-23T12:22:01.715+0800: 156597.136: [ParNew: 19838681K->188127K(22937600K), 0.2433235 secs] 105942185K->86298865K(130940928K), 0.2436195 secs] [Times: user=1.72 sys=2.15, real=0.25 secs] 
2024-03-23T12:22:29.807+0800: 156625.228: [GC (Allocation Failure) 2024-03-23T12:22:29.807+0800: 156625.228: [ParNew: 19848927K->181645K(22937600K), 0.1613177 secs] 105959665K->86298385K(130940928K), 0.1615859 secs] [Times: user=0.90 sys=1.56, real=0.17 secs] 
2024-03-23T12:22:55.607+0800: 156651.028: [GC (Allocation Failure) 2024-03-23T12:22:55.607+0800: 156651.028: [ParNew: 19842445K->185038K(22937600K), 0.1586325 secs] 105959185K->86306666K(130940928K), 0.1589594 secs] [Times: user=1.64 sys=0.86, real=0.16 secs] 
2024-03-23T12:23:22.930+0800: 156678.351: [GC (Allocation Failure) 2024-03-23T12:23:22.930+0800: 156678.351: [ParNew: 19845838K->192978K(22937600K), 0.2287088 secs] 105967466K->86318725K(130940928K), 0.2290043 secs] [Times: user=1.52 sys=2.15, real=0.23 secs] 
2024-03-23T12:23:55.226+0800: 156710.646: [GC (Allocation Failure) 2024-03-23T12:23:55.226+0800: 156710.647: [ParNew: 19853778K->192573K(22937600K), 0.1800701 secs] 105979525K->86326691K(130940928K), 0.1803260 secs] [Times: user=1.52 sys=1.28, real=0.18 secs] 
2024-03-23T12:24:20.691+0800: 156736.111: [GC (Allocation Failure) 2024-03-23T12:24:20.691+0800: 156736.112: [ParNew: 19853373K->176794K(22937600K), 0.1396447 secs] 105987491K->86318660K(130940928K), 0.1399039 secs] [Times: user=0.97 sys=1.10, real=0.14 secs] 
2024-03-23T12:24:39.680+0800: 156755.101: [GC (Allocation Failure) 2024-03-23T12:24:39.680+0800: 156755.101: [ParNew: 19837594K->191405K(22937600K), 0.2365870 secs] 105979460K->86338269K(130940928K), 0.2368516 secs] [Times: user=1.48 sys=2.31, real=0.23 secs] 
2024-03-23T12:24:56.326+0800: 156771.747: [GC (Allocation Failure) 2024-03-23T12:24:56.326+0800: 156771.747: [ParNew: 19852205K->180998K(22937600K), 0.1501435 secs] 105999069K->86332081K(130940928K), 0.1503902 secs] [Times: user=0.98 sys=1.25, real=0.15 secs] 
2024-03-23T12:25:09.764+0800: 156785.185: [GC (Allocation Failure) 2024-03-23T12:25:09.765+0800: 156785.185: [ParNew: 19841798K->180740K(22937600K), 0.1459430 secs] 105992881K->86337773K(130940928K), 0.1462133 secs] [Times: user=1.81 sys=0.32, real=0.15 secs] 
2024-03-23T12:25:22.730+0800: 156798.150: [GC (Allocation Failure) 2024-03-23T12:25:22.730+0800: 156798.151: [ParNew: 19841540K->186107K(22937600K), 0.1395122 secs] 105998573K->86352456K(130940928K), 0.1397579 secs] [Times: user=1.16 sys=0.82, real=0.14 secs] 
2024-03-23T12:25:46.990+0800: 156822.411: [GC (Allocation Failure) 2024-03-23T12:25:46.990+0800: 156822.411: [ParNew: 19846907K->167446K(22937600K), 0.2409774 secs] 106013256K->86342244K(130940928K), 0.2412835 secs] [Times: user=0.94 sys=2.67, real=0.24 secs] 
2024-03-23T12:26:19.948+0800: 156855.369: [GC (Allocation Failure) 2024-03-23T12:26:19.948+0800: 156855.369: [ParNew: 19828246K->163682K(22937600K), 0.1930712 secs] 106003044K->86349325K(130940928K), 0.1933969 secs] [Times: user=1.55 sys=1.46, real=0.19 secs] 
2024-03-23T12:26:48.441+0800: 156883.862: [GC (Allocation Failure) 2024-03-23T12:26:48.442+0800: 156883.862: [ParNew: 19824482K->182814K(22937600K), 0.2685294 secs] 106010125K->86376991K(130940928K), 0.2688166 secs] [Times: user=1.41 sys=2.99, real=0.27 secs] 
2024-03-23T12:27:12.740+0800: 156908.161: [GC (Allocation Failure) 2024-03-23T12:27:12.741+0800: 156908.161: [ParNew: 19843614K->179879K(22937600K), 0.1529225 secs] 106037791K->86376782K(130940928K), 0.1531813 secs] [Times: user=1.96 sys=0.38, real=0.15 secs] 
2024-03-23T12:27:39.560+0800: 156934.981: [GC (Allocation Failure) 2024-03-23T12:27:39.560+0800: 156934.981: [ParNew: 19840679K->179843K(22937600K), 0.1782458 secs] 106037582K->86379529K(130940928K), 0.1784978 secs] [Times: user=1.78 sys=0.99, real=0.18 secs] 
2024-03-23T12:28:04.221+0800: 156959.642: [GC (Allocation Failure) 2024-03-23T12:28:04.221+0800: 156959.642: [ParNew: 19840643K->181838K(22937600K), 0.2244577 secs] 106040329K->86389748K(130940928K), 0.2247502 secs] [Times: user=1.42 sys=2.14, real=0.22 secs] 
2024-03-23T12:28:34.886+0800: 156990.307: [GC (Allocation Failure) 2024-03-23T12:28:34.886+0800: 156990.307: [ParNew: 19842638K->193303K(22937600K), 0.1672862 secs] 106050548K->86414933K(130940928K), 0.1675610 secs] [Times: user=0.98 sys=1.51, real=0.17 secs] 
2024-03-23T12:29:03.084+0800: 157018.505: [GC (Allocation Failure) 2024-03-23T12:29:03.084+0800: 157018.505: [ParNew: 19854103K->185478K(22937600K), 0.1636981 secs] 106075733K->86417806K(130940928K), 0.1639493 secs] [Times: user=0.91 sys=1.59, real=0.17 secs] 
2024-03-23T12:29:26.988+0800: 157042.409: [GC (Allocation Failure) 2024-03-23T12:29:26.989+0800: 157042.409: [ParNew: 19846278K->191302K(22937600K), 0.2340281 secs] 106078606K->86430923K(130940928K), 0.2343425 secs] [Times: user=1.66 sys=2.07, real=0.23 secs] 
2024-03-23T12:29:47.082+0800: 157062.503: [GC (Allocation Failure) 2024-03-23T12:29:47.083+0800: 157062.503: [ParNew: 19852102K->196239K(22937600K), 0.1605884 secs] 106091723K->86442183K(130940928K), 0.1608670 secs] [Times: user=1.63 sys=0.77, real=0.16 secs] 
2024-03-23T12:30:06.967+0800: 157082.388: [GC (Allocation Failure) 2024-03-23T12:30:06.967+0800: 157082.388: [ParNew: 19857039K->187312K(22937600K), 0.1638246 secs] 106102983K->86439033K(130940928K), 0.1640949 secs] [Times: user=1.82 sys=0.66, real=0.17 secs] 
2024-03-23T12:30:26.226+0800: 157101.646: [GC (Allocation Failure) 2024-03-23T12:30:26.226+0800: 157101.647: [ParNew: 19848112K->195702K(22937600K), 0.2304443 secs] 106099833K->86449672K(130940928K), 0.2307340 secs] [Times: user=1.74 sys=1.93, real=0.23 secs] 
2024-03-23T12:30:48.115+0800: 157123.536: [GC (Allocation Failure) 2024-03-23T12:30:48.115+0800: 157123.536: [ParNew: 19856502K->217770K(22937600K), 0.1530768 secs] 106110472K->86474322K(130940928K), 0.1533446 secs] [Times: user=1.09 sys=1.22, real=0.16 secs] 
2024-03-23T12:31:08.782+0800: 157144.203: [GC (Allocation Failure) 2024-03-23T12:31:08.782+0800: 157144.203: [ParNew: 19878570K->213563K(22937600K), 0.1627795 secs] 106135122K->86472446K(130940928K), 0.1630320 secs] [Times: user=1.85 sys=0.64, real=0.16 secs] 
2024-03-23T12:31:31.494+0800: 157166.915: [GC (Allocation Failure) 2024-03-23T12:31:31.494+0800: 157166.915: [ParNew: 19874363K->218743K(22937600K), 0.2361116 secs] 106133246K->86481235K(130940928K), 0.2364232 secs] [Times: user=1.71 sys=2.07, real=0.24 secs] 
2024-03-23T12:31:52.100+0800: 157187.521: [GC (Allocation Failure) 2024-03-23T12:31:52.100+0800: 157187.521: [ParNew: 19879543K->222518K(22937600K), 0.1555966 secs] 106142035K->86493342K(130940928K), 0.1558706 secs] [Times: user=2.09 sys=0.20, real=0.15 secs] 
2024-03-23T12:32:16.586+0800: 157212.007: [GC (Allocation Failure) 2024-03-23T12:32:16.586+0800: 157212.007: [ParNew: 19883318K->214431K(22937600K), 0.1798226 secs] 106154142K->86494100K(130940928K), 0.1800875 secs] [Times: user=1.08 sys=1.67, real=0.18 secs] 
2024-03-23T12:32:45.239+0800: 157240.660: [GC (Allocation Failure) 2024-03-23T12:32:45.240+0800: 157240.660: [ParNew: 19875231K->204215K(22937600K), 0.2345729 secs] 106154900K->86489786K(130940928K), 0.2348821 secs] [Times: user=1.43 sys=2.33, real=0.23 secs] 
2024-03-23T12:33:11.896+0800: 157267.317: [GC (Allocation Failure) 2024-03-23T12:33:11.897+0800: 157267.317: [ParNew: 19865015K->210040K(22937600K), 0.1729789 secs] 106150586K->86509598K(130940928K), 0.1732454 secs] [Times: user=1.62 sys=0.96, real=0.18 secs] 
2024-03-23T12:33:42.332+0800: 157297.753: [GC (Allocation Failure) 2024-03-23T12:33:42.332+0800: 157297.753: [ParNew: 19870840K->195807K(22937600K), 0.1628483 secs] 106170398K->86508041K(130940928K), 0.1631120 secs] [Times: user=1.58 sys=0.89, real=0.16 secs] 
2024-03-23T12:34:10.996+0800: 157326.416: [GC (Allocation Failure) 2024-03-23T12:34:10.996+0800: 157326.417: [ParNew: 19856607K->188657K(22937600K), 0.2424722 secs] 106168841K->86510740K(130940928K), 0.2427371 secs] [Times: user=1.49 sys=2.40, real=0.25 secs] 
2024-03-23T12:34:35.619+0800: 157351.039: [GC (Allocation Failure) 2024-03-23T12:34:35.619+0800: 157351.040: [ParNew: 19849457K->194961K(22937600K), 0.1732149 secs] 106171540K->86529615K(130940928K), 0.1734596 secs] [Times: user=1.71 sys=0.89, real=0.17 secs] 
2024-03-23T12:34:58.744+0800: 157374.164: [GC (Allocation Failure) 2024-03-23T12:34:58.744+0800: 157374.165: [ParNew: 19855761K->189277K(22937600K), 0.2377097 secs] 106190415K->86531116K(130940928K), 0.2379925 secs] [Times: user=1.39 sys=2.40, real=0.24 secs] 
2024-03-23T12:35:28.198+0800: 157403.618: [GC (Allocation Failure) 2024-03-23T12:35:28.198+0800: 157403.619: [ParNew: 19850077K->204985K(22937600K), 0.1556824 secs] 106191916K->86556683K(130940928K), 0.1559383 secs] [Times: user=0.91 sys=1.40, real=0.15 secs] 
2024-03-23T12:35:56.656+0800: 157432.077: [GC (Allocation Failure) 2024-03-23T12:35:56.657+0800: 157432.077: [ParNew: 19865785K->198125K(22937600K), 0.1772154 secs] 106217483K->86554354K(130940928K), 0.1774675 secs] [Times: user=1.71 sys=1.08, real=0.18 secs] 
2024-03-23T12:36:23.161+0800: 157458.582: [GC (Allocation Failure) 2024-03-23T12:36:23.162+0800: 157458.582: [ParNew: 19858925K->216731K(22937600K), 0.2315187 secs] 106215154K->86577384K(130940928K), 0.2319313 secs] [Times: user=1.55 sys=2.31, real=0.23 secs] 
2024-03-23T12:36:49.352+0800: 157484.773: [GC (Allocation Failure) 2024-03-23T12:36:49.353+0800: 157484.773: [ParNew: 19877531K->207760K(22937600K), 0.1676905 secs] 106238184K->86574770K(130940928K), 0.1680461 secs] [Times: user=1.67 sys=1.01, real=0.17 secs] 
2024-03-23T12:37:15.016+0800: 157510.436: [GC (Allocation Failure) 2024-03-23T12:37:15.016+0800: 157510.437: [ParNew: 19868560K->209211K(22937600K), 0.1569149 secs] 106235570K->86582340K(130940928K), 0.1571886 secs] [Times: user=0.98 sys=1.38, real=0.16 secs] 
2024-03-23T12:37:41.124+0800: 157536.545: [GC (Allocation Failure) 2024-03-23T12:37:41.124+0800: 157536.545: [ParNew: 19870011K->200381K(22937600K), 0.2291734 secs] 106243140K->86585189K(130940928K), 0.2294895 secs] [Times: user=1.46 sys=2.13, real=0.23 secs] 
2024-03-23T12:38:00.314+0800: 157555.735: [GC (Allocation Failure) 2024-03-23T12:38:00.314+0800: 157555.735: [ParNew: 19861181K->191158K(22937600K), 0.1542768 secs] 106245989K->86581187K(130940928K), 0.1545206 secs] [Times: user=0.93 sys=1.30, real=0.16 secs] 
2024-03-23T12:38:22.620+0800: 157578.041: [GC (Allocation Failure) 2024-03-23T12:38:22.621+0800: 157578.041: [ParNew: 19851958K->213123K(22937600K), 0.1578982 secs] 106241987K->86609606K(130940928K), 0.1581520 secs] [Times: user=1.65 sys=0.65, real=0.16 secs] 
2024-03-23T12:38:49.987+0800: 157605.408: [GC (Allocation Failure) 2024-03-23T12:38:49.987+0800: 157605.408: [ParNew: 19873923K->199399K(22937600K), 0.2266864 secs] 106270406K->86600918K(130940928K), 0.2269978 secs] [Times: user=1.49 sys=2.13, real=0.23 secs] 
2024-03-23T12:39:14.010+0800: 157629.430: [GC (Allocation Failure) 2024-03-23T12:39:14.010+0800: 157629.431: [ParNew: 19860199K->208042K(22937600K), 0.1602071 secs] 106261718K->86617867K(130940928K), 0.1604577 secs] [Times: user=1.74 sys=0.67, real=0.16 secs] 
2024-03-23T12:39:14.177+0800: 157629.597: [GC (CMS Initial Mark) [1 CMS-initial-mark: 86409824K(108003328K)] 86618187K(130940928K), 0.0103266 secs] [Times: user=0.09 sys=0.02, real=0.01 secs] 
2024-03-23T12:39:14.187+0800: 157629.608: [CMS-concurrent-mark-start]
2024-03-23T12:39:25.840+0800: 157641.261: [CMS-concurrent-mark: 11.653/11.653 secs] [Times: user=85.67 sys=11.89, real=11.66 secs] 
2024-03-23T12:39:25.840+0800: 157641.261: [CMS-concurrent-preclean-start]
2024-03-23T12:39:32.341+0800: 157647.762: [CMS-concurrent-preclean: 6.478/6.501 secs] [Times: user=25.19 sys=3.31, real=6.50 secs] 
2024-03-23T12:39:32.341+0800: 157647.762: [CMS-concurrent-abortable-preclean-start]
2024-03-23T12:39:35.947+0800: 157651.368: [GC (Allocation Failure) 2024-03-23T12:39:35.947+0800: 157651.368: [ParNew: 19868842K->210518K(22937600K), 0.1395483 secs] 106278667K->86629530K(130940928K), 0.1398869 secs] [Times: user=1.00 sys=1.17, real=0.14 secs] 
 CMS: abort preclean due to time 2024-03-23T12:39:37.960+0800: 157653.381: [CMS-concurrent-abortable-preclean: 5.449/5.620 secs] [Times: user=23.89 sys=2.89, real=5.62 secs] 
2024-03-23T12:39:37.968+0800: 157653.389: [GC (CMS Final Remark) [YG occupancy: 2469764 K (22937600 K)]2024-03-23T12:39:37.968+0800: 157653.389: [Rescan (parallel) , 0.1373577 secs]2024-03-23T12:39:38.106+0800: 157653.526: [weak refs processing, 3.9383880 secs]2024-03-23T12:39:42.044+0800: 157657.465: [class unloading, 0.0661210 secs]2024-03-23T12:39:42.110+0800: 157657.531: [scrub symbol table, 0.0275042 secs]2024-03-23T12:39:42.138+0800: 157657.558: [scrub string table, 0.0014848 secs][1 CMS-remark: 86419011K(108003328K)] 88888775K(130940928K), 5.4804981 secs] [Times: user=7.81 sys=0.00, real=5.48 secs] 
2024-03-23T12:39:43.449+0800: 157658.870: [CMS-concurrent-sweep-start]
2024-03-23T12:40:46.196+0800: 157721.617: [CMS-concurrent-sweep: 62.457/62.747 secs] [Times: user=117.39 sys=17.43, real=62.74 secs] 
2024-03-23T12:40:46.197+0800: 157721.617: [CMS-concurrent-reset-start]
2024-03-23T12:40:46.463+0800: 157721.884: [CMS-concurrent-reset: 0.267/0.267 secs] [Times: user=0.34 sys=0.05, real=0.27 secs] 
2024-03-23T12:41:07.678+0800: 157743.099: [GC (Allocation Failure) 2024-03-23T12:41:07.678+0800: 157743.099: [ParNew: 19871318K->187014K(22937600K), 0.3692756 secs] 46010050K->26332408K(130940928K), 0.3696587 secs] [Times: user=2.03 sys=4.39, real=0.37 secs] 
2024-03-23T12:42:51.573+0800: 157846.994: [GC (Allocation Failure) 2024-03-23T12:42:51.573+0800: 157846.994: [ParNew: 19847814K->157413K(22937600K), 0.3091418 secs] 45993208K->26310949K(130940928K), 0.3095101 secs] [Times: user=1.62 sys=3.83, real=0.31 secs] 
2024-03-23T12:44:30.786+0800: 157946.207: [GC (Allocation Failure) 2024-03-23T12:44:30.786+0800: 157946.207: [ParNew: 19818213K->153331K(22937600K), 0.3341268 secs] 45971749K->26313569K(130940928K), 0.3344991 secs] [Times: user=1.01 sys=4.90, real=0.34 secs] 
2024-03-23T12:46:07.179+0800: 158042.600: [GC (Allocation Failure) 2024-03-23T12:46:07.179+0800: 158042.600: [ParNew: 19814131K->136312K(22937600K), 0.3089788 secs] 45974369K->26303799K(130940928K), 0.3093114 secs] [Times: user=1.50 sys=3.95, real=0.31 secs] 
2024-03-23T12:47:44.159+0800: 158139.580: [GC (Allocation Failure) 2024-03-23T12:47:44.159+0800: 158139.580: [ParNew: 19797112K->127066K(22937600K), 0.3153491 secs] 45964599K->26303395K(130940928K), 0.3156566 secs] [Times: user=0.83 sys=4.58, real=0.31 secs] 
2024-03-23T12:49:20.123+0800: 158235.544: [GC (Allocation Failure) 2024-03-23T12:49:20.124+0800: 158235.544: [ParNew: 19787866K->116502K(22937600K), 0.3043080 secs] 45964195K->26299475K(130940928K), 0.3046213 secs] [Times: user=1.54 sys=3.84, real=0.31 secs] 
2024-03-23T12:50:56.309+0800: 158331.730: [GC (Allocation Failure) 2024-03-23T12:50:56.309+0800: 158331.730: [ParNew: 19777302K->112848K(22937600K), 0.3069478 secs] 45960275K->26302734K(130940928K), 0.3073223 secs] [Times: user=0.80 sys=4.58, real=0.30 secs] 
2024-03-23T12:52:32.500+0800: 158427.920: [GC (Allocation Failure) 2024-03-23T12:52:32.500+0800: 158427.921: [ParNew: 19773648K->104036K(22937600K), 0.3080890 secs] 45963534K->26300052K(130940928K), 0.3083928 secs] [Times: user=0.78 sys=4.67, real=0.31 secs] 
2024-03-23T12:54:09.109+0800: 158524.530: [GC (Allocation Failure) 2024-03-23T12:54:09.109+0800: 158524.530: [ParNew: 19764836K->92930K(22937600K), 0.3559394 secs] 45960852K->26297651K(130940928K), 0.3562070 secs] [Times: user=0.71 sys=5.61, real=0.35 secs] 
2024-03-23T12:55:45.847+0800: 158621.268: [GC (Allocation Failure) 2024-03-23T12:55:45.847+0800: 158621.268: [ParNew: 19753730K->79461K(22937600K), 0.3065057 secs] 45958451K->26295989K(130940928K), 0.3067826 secs] [Times: user=1.50 sys=3.89, real=0.31 secs] 
2024-03-23T12:57:22.863+0800: 158718.283: [GC (Allocation Failure) 2024-03-23T12:57:22.863+0800: 158718.284: [ParNew: 19740261K->72437K(22937600K), 0.3027463 secs] 45956789K->26291312K(130940928K), 0.3030193 secs] [Times: user=0.77 sys=4.60, real=0.30 secs] 
2024-03-23T12:59:02.073+0800: 158817.494: [GC (Allocation Failure) 2024-03-23T12:59:02.073+0800: 158817.494: [ParNew: 19733237K->64325K(22937600K), 0.3037102 secs] 45952112K->26291587K(130940928K), 0.3039718 secs] [Times: user=0.73 sys=4.63, real=0.30 secs] 
2024-03-23T13:00:38.809+0800: 158914.230: [GC (Allocation Failure) 2024-03-23T13:00:38.810+0800: 158914.230: [ParNew: 19725125K->47849K(22937600K), 0.3055560 secs] 45952387K->26287864K(130940928K), 0.3058652 secs] [Times: user=1.47 sys=3.91, real=0.30 secs] 
2024-03-23T13:02:18.554+0800: 159013.975: [GC (Allocation Failure) 2024-03-23T13:02:18.554+0800: 159013.975: [ParNew: 19708649K->31898K(22937600K), 0.3022862 secs] 45948664K->26278606K(130940928K), 0.3026007 secs] [Times: user=0.73 sys=4.37, real=0.30 secs] 
2024-03-23T13:03:54.875+0800: 159110.296: [GC (Allocation Failure) 2024-03-23T13:03:54.876+0800: 159110.296: [ParNew: 19692698K->22981K(22937600K), 0.2978268 secs] 45939406K->26279944K(130940928K), 0.2981119 secs] [Times: user=0.71 sys=4.53, real=0.30 secs] 
2024-03-23T13:05:32.695+0800: 159208.115: [GC (Allocation Failure) 2024-03-23T13:05:32.695+0800: 159208.116: [ParNew: 19683781K->16288K(22937600K), 0.2943835 secs] 45940744K->26275119K(130940928K), 0.2947494 secs] [Times: user=1.34 sys=3.89, real=0.30 secs] 
2024-03-23T13:07:11.020+0800: 159306.441: [GC (Allocation Failure) 2024-03-23T13:07:11.020+0800: 159306.441: [ParNew: 19677088K->12864K(22937600K), 0.2915476 secs] 45935919K->26271882K(130940928K), 0.2918146 secs] [Times: user=0.63 sys=4.58, real=0.29 secs] 
2024-03-23T13:08:49.831+0800: 159405.252: [GC (Allocation Failure) 2024-03-23T13:08:49.831+0800: 159405.252: [ParNew: 19673664K->15030K(22937600K), 0.2968618 secs] 45932682K->26274214K(130940928K), 0.2971760 secs] [Times: user=0.60 sys=4.71, real=0.30 secs] 
2024-03-23T13:10:27.124+0800: 159502.545: [GC (Allocation Failure) 2024-03-23T13:10:27.125+0800: 159502.546: [ParNew: 19675830K->14484K(22937600K), 0.2970875 secs] 45935014K->26273928K(130940928K), 0.2975638 secs] [Times: user=0.62 sys=4.68, real=0.30 secs] 
2024-03-23T13:12:07.050+0800: 159602.471: [GC (Allocation Failure) 2024-03-23T13:12:07.050+0800: 159602.471: [ParNew: 19675284K->14949K(22937600K), 0.2994383 secs] 45934728K->26274555K(130940928K), 0.2997950 secs] [Times: user=0.59 sys=4.77, real=0.30 secs] 
2024-03-23T13:13:43.931+0800: 159699.352: [GC (Allocation Failure) 2024-03-23T13:13:43.931+0800: 159699.352: [ParNew: 19675749K->12651K(22937600K), 0.2965050 secs] 45935355K->26272516K(130940928K), 0.2967878 secs] [Times: user=0.55 sys=4.75, real=0.30 secs] 
2024-03-23T13:15:20.074+0800: 159795.495: [GC (Allocation Failure) 2024-03-23T13:15:20.075+0800: 159795.495: [ParNew: 19673451K->14310K(22937600K), 0.2975516 secs] 45933316K->26274442K(130940928K), 0.2977935 secs] [Times: user=0.58 sys=4.74, real=0.30 secs] 
2024-03-23T13:16:56.076+0800: 159891.497: [GC (Allocation Failure) 2024-03-23T13:16:56.076+0800: 159891.497: [ParNew: 19675110K->11771K(22937600K), 0.2980727 secs] 45935242K->26272144K(130940928K), 0.2983353 secs] [Times: user=0.57 sys=4.77, real=0.30 secs] 
2024-03-23T13:18:32.419+0800: 159987.840: [GC (Allocation Failure) 2024-03-23T13:18:32.420+0800: 159987.840: [ParNew: 19672571K->12277K(22937600K), 0.3397666 secs] 45932944K->26273720K(130940928K), 0.3400537 secs] [Times: user=0.46 sys=5.62, real=0.34 secs] 
2024-03-23T13:20:07.785+0800: 160083.205: [GC (Allocation Failure) 2024-03-23T13:20:07.788+0800: 160083.209: [ParNew: 19673077K->9830K(22937600K), 0.3406125 secs] 45934520K->26271592K(130940928K), 0.3440562 secs] [Times: user=0.46 sys=5.53, real=0.35 secs] 
2024-03-23T13:21:43.932+0800: 160179.353: [GC (Allocation Failure) 2024-03-23T13:21:43.932+0800: 160179.353: [ParNew: 19670630K->12065K(22937600K), 0.2927588 secs] 45932392K->26274462K(130940928K), 0.2930568 secs] [Times: user=0.58 sys=4.65, real=0.29 secs] 
2024-03-23T13:23:20.112+0800: 160275.533: [GC (Allocation Failure) 2024-03-23T13:23:20.112+0800: 160275.533: [ParNew: 19672865K->9631K(22937600K), 0.2962933 secs] 45935262K->26272369K(130940928K), 0.2965538 secs] [Times: user=0.60 sys=4.70, real=0.30 secs] 
2024-03-23T13:24:55.876+0800: 160371.296: [GC (Allocation Failure) 2024-03-23T13:24:55.876+0800: 160371.297: [ParNew: 19670431K->11538K(22937600K), 0.2919831 secs] 45933169K->26274791K(130940928K), 0.2922508 secs] [Times: user=0.57 sys=4.65, real=0.30 secs] 
2024-03-23T13:26:32.230+0800: 160467.650: [GC (Allocation Failure) 2024-03-23T13:26:32.230+0800: 160467.651: [ParNew: 19672338K->8963K(22937600K), 0.3379312 secs] 45935591K->26272806K(130940928K), 0.3382494 secs] [Times: user=1.26 sys=4.78, real=0.34 secs] 
2024-03-23T13:28:08.895+0800: 160564.316: [GC (Allocation Failure) 2024-03-23T13:28:08.895+0800: 160564.316: [ParNew: 19669763K->9091K(22937600K), 0.3445744 secs] 45933606K->26273523K(130940928K), 0.3448166 secs] [Times: user=1.17 sys=4.99, real=0.35 secs] 
2024-03-23T13:29:45.569+0800: 160660.990: [GC (Allocation Failure) 2024-03-23T13:29:45.569+0800: 160660.990: [ParNew: 19669891K->7390K(22937600K), 0.3393934 secs] 45934323K->26272360K(130940928K), 0.3396347 secs] [Times: user=0.51 sys=5.56, real=0.34 secs] 
2024-03-23T13:31:23.019+0800: 160758.440: [GC (Allocation Failure) 2024-03-23T13:31:23.020+0800: 160758.440: [ParNew: 19668190K->8022K(22937600K), 0.2891048 secs] 45933160K->26273361K(130940928K), 0.2894221 secs] [Times: user=0.63 sys=4.55, real=0.29 secs] 
2024-03-23T13:33:00.351+0800: 160855.771: [GC (Allocation Failure) 2024-03-23T13:33:00.351+0800: 160855.772: [ParNew: 19668822K->6535K(22937600K), 0.2917117 secs] 45934161K->26272128K(130940928K), 0.2919918 secs] [Times: user=0.55 sys=4.39, real=0.29 secs] 
2024-03-23T13:34:37.677+0800: 160953.098: [GC (Allocation Failure) 2024-03-23T13:34:37.677+0800: 160953.098: [ParNew: 19667335K->7618K(22937600K), 0.2937311 secs] 45932928K->26273413K(130940928K), 0.2940507 secs] [Times: user=0.56 sys=4.46, real=0.30 secs] 
2024-03-23T13:36:14.013+0800: 161049.434: [GC (Allocation Failure) 2024-03-23T13:36:14.013+0800: 161049.434: [ParNew: 19668418K->6106K(22937600K), 0.2961912 secs] 45934213K->26272069K(130940928K), 0.2964826 secs] [Times: user=0.58 sys=4.51, real=0.30 secs] 
2024-03-23T13:37:50.386+0800: 161145.806: [GC (Allocation Failure) 2024-03-23T13:37:50.386+0800: 161145.807: [ParNew: 19666906K->7284K(22937600K), 0.2949665 secs] 45932869K->26273412K(130940928K), 0.2952308 secs] [Times: user=0.56 sys=4.71, real=0.30 secs] 
2024-03-23T13:39:26.405+0800: 161241.826: [GC (Allocation Failure) 2024-03-23T13:39:26.405+0800: 161241.826: [ParNew: 19668084K->6335K(22937600K), 0.2940177 secs] 45934212K->26272635K(130940928K), 0.2942726 secs] [Times: user=0.54 sys=4.26, real=0.30 secs] 
2024-03-23T13:41:02.864+0800: 161338.284: [GC (Allocation Failure) 2024-03-23T13:41:02.864+0800: 161338.285: [ParNew: 19667135K->7849K(22937600K), 0.2966686 secs] 45933435K->26274305K(130940928K), 0.2969707 secs] [Times: user=0.57 sys=4.30, real=0.30 secs] 
2024-03-23T13:42:39.340+0800: 161434.761: [GC (Allocation Failure) 2024-03-23T13:42:39.340+0800: 161434.761: [ParNew: 19668649K->8328K(22937600K), 0.2948800 secs] 45935105K->26274912K(130940928K), 0.2951650 secs] [Times: user=0.61 sys=4.67, real=0.29 secs] 
2024-03-23T13:44:15.194+0800: 161530.615: [GC (Allocation Failure) 2024-03-23T13:44:15.194+0800: 161530.615: [ParNew: 19669128K->6669K(22937600K), 0.2954618 secs] 45935712K->26273389K(130940928K), 0.2957364 secs] [Times: user=0.58 sys=4.65, real=0.30 secs] 
2024-03-23T13:45:51.356+0800: 161626.777: [GC (Allocation Failure) 2024-03-23T13:45:51.356+0800: 161626.777: [ParNew: 19667469K->7907K(22937600K), 0.2949666 secs] 45934189K->26274757K(130940928K), 0.2952149 secs] [Times: user=0.63 sys=4.49, real=0.30 secs] 
2024-03-23T13:47:27.246+0800: 161722.667: [GC (Allocation Failure) 2024-03-23T13:47:27.246+0800: 161722.667: [ParNew: 19668707K->6866K(22937600K), 0.3350990 secs] 45935557K->26273847K(130940928K), 0.3353955 secs] [Times: user=0.49 sys=5.24, real=0.34 secs] 
2024-03-23T13:49:03.551+0800: 161818.972: [GC (Allocation Failure) 2024-03-23T13:49:03.551+0800: 161818.972: [ParNew: 19667666K->7890K(22937600K), 0.3395927 secs] 45934647K->26275070K(130940928K), 0.3398728 secs] [Times: user=0.42 sys=5.34, real=0.34 secs] 
2024-03-23T13:50:41.548+0800: 161916.969: [GC (Allocation Failure) 2024-03-23T13:50:41.548+0800: 161916.969: [ParNew: 19668690K->6536K(22937600K), 0.3414718 secs] 45935870K->26273923K(130940928K), 0.3417464 secs] [Times: user=1.15 sys=4.96, real=0.34 secs] 
2024-03-23T13:52:18.781+0800: 162014.202: [GC (Allocation Failure) 2024-03-23T13:52:18.782+0800: 162014.202: [ParNew: 19667336K->6611K(22937600K), 0.3494280 secs] 45934723K->26274139K(130940928K), 0.3497315 secs] [Times: user=0.49 sys=5.48, real=0.35 secs] 
2024-03-23T13:53:56.604+0800: 162112.025: [GC (Allocation Failure) 2024-03-23T13:53:56.604+0800: 162112.025: [ParNew: 19667411K->7879K(22937600K), 0.3417843 secs] 45934939K->26275574K(130940928K), 0.3420762 secs] [Times: user=1.24 sys=4.89, real=0.34 secs] 
2024-03-23T13:55:35.579+0800: 162211.000: [GC (Allocation Failure) 2024-03-23T13:55:35.580+0800: 162211.000: [ParNew: 19668679K->8826K(22937600K), 0.3486400 secs] 45936374K->26276685K(130940928K), 0.3489729 secs] [Times: user=1.15 sys=5.09, real=0.35 secs] 
2024-03-23T13:57:15.175+0800: 162310.596: [GC (Allocation Failure) 2024-03-23T13:57:15.175+0800: 162310.596: [ParNew: 19669626K->7219K(22937600K), 0.4025953 secs] 45937485K->26275244K(130940928K), 0.4028647 secs] [Times: user=1.20 sys=5.98, real=0.41 secs] 
2024-03-23T13:58:55.084+0800: 162410.505: [GC (Allocation Failure) 2024-03-23T13:58:55.085+0800: 162410.505: [ParNew: 19668019K->8100K(22937600K), 0.3568267 secs] 45936044K->26276256K(130940928K), 0.3571060 secs] [Times: user=1.51 sys=4.87, real=0.36 secs] 
2024-03-23T14:00:34.147+0800: 162509.568: [GC (Allocation Failure) 2024-03-23T14:00:34.147+0800: 162509.568: [ParNew: 19668900K->9204K(22937600K), 0.2914618 secs] 45937056K->26277508K(130940928K), 0.2917616 secs] [Times: user=1.34 sys=3.87, real=0.30 secs] 
2024-03-23T14:02:13.613+0800: 162609.034: [GC (Allocation Failure) 2024-03-23T14:02:13.613+0800: 162609.034: [ParNew: 19670004K->9887K(22937600K), 0.2965696 secs] 45938308K->26278373K(130940928K), 0.2968729 secs] [Times: user=0.58 sys=4.73, real=0.30 secs] 
2024-03-23T14:03:51.936+0800: 162707.356: [GC (Allocation Failure) 2024-03-23T14:03:51.936+0800: 162707.356: [ParNew: 19670687K->9560K(22937600K), 0.3429715 secs] 45939173K->26278310K(130940928K), 0.3432450 secs] [Times: user=1.29 sys=4.76, real=0.35 secs] 
2024-03-23T14:05:30.768+0800: 162806.189: [GC (Allocation Failure) 2024-03-23T14:05:30.768+0800: 162806.189: [ParNew: 19670360K->9637K(22937600K), 0.2908417 secs] 45939110K->26278566K(130940928K), 0.2911087 secs] [Times: user=0.57 sys=4.63, real=0.29 secs] 
2024-03-23T14:07:08.768+0800: 162904.188: [GC (Allocation Failure) 2024-03-23T14:07:08.768+0800: 162904.189: [ParNew: 19670437K->9857K(22937600K), 0.2930748 secs] 45939366K->26278917K(130940928K), 0.2933325 secs] [Times: user=0.59 sys=4.66, real=0.29 secs] 
2024-03-23T14:08:47.408+0800: 163002.828: [GC (Allocation Failure) 2024-03-23T14:08:47.408+0800: 163002.829: [ParNew: 19670657K->9921K(22937600K), 0.2900441 secs] 45939717K->26279107K(130940928K), 0.2903092 secs] [Times: user=0.58 sys=3.96, real=0.29 secs] 
2024-03-23T14:10:26.107+0800: 163101.527: [GC (Allocation Failure) 2024-03-23T14:10:26.107+0800: 163101.528: [ParNew: 19670721K->10106K(22937600K), 0.2951015 secs] 45939907K->26279496K(130940928K), 0.2954524 secs] [Times: user=0.56 sys=4.72, real=0.30 secs] 
2024-03-23T14:12:04.820+0800: 163200.241: [GC (Allocation Failure) 2024-03-23T14:12:04.820+0800: 163200.241: [ParNew: 19670906K->9934K(22937600K), 0.2942470 secs] 45940296K->26279424K(130940928K), 0.2945274 secs] [Times: user=0.54 sys=4.71, real=0.29 secs] 
2024-03-23T14:13:43.025+0800: 163298.446: [GC (Allocation Failure) 2024-03-23T14:13:43.025+0800: 163298.446: [ParNew: 19670734K->9845K(22937600K), 0.2950286 secs] 45940224K->26279444K(130940928K), 0.2953141 secs] [Times: user=1.32 sys=3.96, real=0.30 secs] 
2024-03-23T14:15:19.895+0800: 163395.316: [GC (Allocation Failure) 2024-03-23T14:15:19.896+0800: 163395.316: [ParNew: 19670645K->10104K(22937600K), 0.2934584 secs] 45940244K->26279813K(130940928K), 0.2937431 secs] [Times: user=1.31 sys=3.94, real=0.30 secs] 
2024-03-23T14:16:56.471+0800: 163491.892: [GC (Allocation Failure) 2024-03-23T14:16:56.471+0800: 163491.892: [ParNew: 19670904K->8355K(22937600K), 0.2915590 secs] 45940613K->26278162K(130940928K), 0.2918210 secs] [Times: user=1.27 sys=3.94, real=0.29 secs] 
2024-03-23T14:18:33.609+0800: 163589.030: [GC (Allocation Failure) 2024-03-23T14:18:33.609+0800: 163589.030: [ParNew: 19669155K->9053K(22937600K), 0.2936627 secs] 45938962K->26279861K(130940928K), 0.2939689 secs] [Times: user=1.31 sys=3.93, real=0.29 secs] 
2024-03-23T14:20:10.270+0800: 163685.690: [GC (Allocation Failure) 2024-03-23T14:20:10.270+0800: 163685.691: [ParNew: 19669853K->7565K(22937600K), 0.2954720 secs] 45940661K->26278475K(130940928K), 0.2957404 secs] [Times: user=1.26 sys=4.02, real=0.29 secs] 
2024-03-23T14:21:47.694+0800: 163783.115: [GC (Allocation Failure) 2024-03-23T14:21:47.695+0800: 163783.115: [ParNew: 19668365K->7769K(22937600K), 0.3346993 secs] 45939275K->26278857K(130940928K), 0.3350019 secs] [Times: user=0.79 sys=5.03, real=0.34 secs] 
2024-03-23T14:23:24.617+0800: 163880.038: [GC (Allocation Failure) 2024-03-23T14:23:24.617+0800: 163880.038: [ParNew: 19668569K->8428K(22937600K), 0.3319218 secs] 45939657K->26279947K(130940928K), 0.3321726 secs] [Times: user=0.45 sys=5.41, real=0.34 secs] 
2024-03-23T14:25:01.290+0800: 163976.711: [GC (Allocation Failure) 2024-03-23T14:25:01.290+0800: 163976.711: [ParNew: 19669228K->6722K(22937600K), 0.3003389 secs] 45940747K->26278585K(130940928K), 0.3006143 secs] [Times: user=0.52 sys=4.84, real=0.30 secs] 
2024-03-23T14:26:38.110+0800: 164073.531: [GC (Allocation Failure) 2024-03-23T14:26:38.110+0800: 164073.531: [ParNew: 19667522K->7439K(22937600K), 0.3004373 secs] 45939385K->26279567K(130940928K), 0.3006755 secs] [Times: user=1.33 sys=4.05, real=0.30 secs] 
2024-03-23T14:28:15.424+0800: 164170.845: [GC (Allocation Failure) 2024-03-23T14:28:15.424+0800: 164170.845: [ParNew: 19668239K->6136K(22937600K), 0.2971144 secs] 45940367K->26278529K(130940928K), 0.2973807 secs] [Times: user=1.30 sys=4.01, real=0.30 secs] 
2024-03-23T14:29:52.502+0800: 164267.923: [GC (Allocation Failure) 2024-03-23T14:29:52.502+0800: 164267.923: [ParNew: 19666936K->7047K(22937600K), 0.2958000 secs] 45939329K->26279630K(130940928K), 0.2960748 secs] [Times: user=0.55 sys=4.23, real=0.30 secs] 
2024-03-23T14:31:30.369+0800: 164365.789: [GC (Allocation Failure) 2024-03-23T14:31:30.369+0800: 164365.790: [ParNew: 19667847K->5673K(22937600K), 0.3118508 secs] 45940430K->26278430K(130940928K), 0.3121306 secs] [Times: user=0.55 sys=5.02, real=0.31 secs] 
2024-03-23T14:33:07.922+0800: 164463.343: [GC (Allocation Failure) 2024-03-23T14:33:07.922+0800: 164463.343: [ParNew: 19666473K->6466K(22937600K), 0.3471745 secs] 45939230K->26279432K(130940928K), 0.3474621 secs] [Times: user=1.15 sys=5.06, real=0.35 secs] 
2024-03-23T14:34:47.204+0800: 164562.625: [GC (Allocation Failure) 2024-03-23T14:34:47.204+0800: 164562.625: [ParNew: 19667266K->4682K(22937600K), 0.3532683 secs] 45940232K->26277944K(130940928K), 0.3535467 secs] [Times: user=1.16 sys=5.02, real=0.35 secs] 
2024-03-23T14:36:26.385+0800: 164661.806: [GC (Allocation Failure) 2024-03-23T14:36:26.386+0800: 164661.806: [ParNew: 19665482K->5966K(22937600K), 0.3415241 secs] 45938744K->26279473K(130940928K), 0.3418814 secs] [Times: user=0.43 sys=5.69, real=0.34 secs] 
2024-03-23T14:38:07.031+0800: 164762.452: [GC (Allocation Failure) 2024-03-23T14:38:07.031+0800: 164762.452: [ParNew: 19666766K->4361K(22937600K), 0.3582612 secs] 45940273K->26278067K(130940928K), 0.3585228 secs] [Times: user=1.53 sys=4.88, real=0.36 secs] 
2024-03-23T14:39:48.025+0800: 164863.446: [GC (Allocation Failure) 2024-03-23T14:39:48.025+0800: 164863.446: [ParNew: 19665161K->5546K(22937600K), 0.3441137 secs] 45938867K->26279413K(130940928K), 0.3444050 secs] [Times: user=0.46 sys=5.04, real=0.35 secs] 
2024-03-23T14:41:28.463+0800: 164963.884: [GC (Allocation Failure) 2024-03-23T14:41:28.463+0800: 164963.884: [ParNew: 19666346K->4639K(22937600K), 0.4495548 secs] 45940213K->26278623K(130940928K), 0.4498242 secs] [Times: user=1.12 sys=6.85, real=0.45 secs] 
2024-03-23T14:43:09.386+0800: 165064.807: [GC (Allocation Failure) 2024-03-23T14:43:09.386+0800: 165064.807: [ParNew: 19665439K->5627K(22937600K), 0.4195067 secs] 45939423K->26279722K(130940928K), 0.4197799 secs] [Times: user=1.09 sys=6.40, real=0.42 secs] 
2024-03-23T14:44:47.400+0800: 165162.821: [GC (Allocation Failure) 2024-03-23T14:44:47.400+0800: 165162.821: [ParNew: 19666427K->4755K(22937600K), 0.4354527 secs] 45940522K->26279005K(130940928K), 0.4357431 secs] [Times: user=1.30 sys=6.48, real=0.43 secs] 
2024-03-23T14:46:24.054+0800: 165259.475: [GC (Allocation Failure) 2024-03-23T14:46:24.054+0800: 165259.475: [ParNew: 19665555K->11175K(22937600K), 0.4676779 secs] 45939805K->26285538K(130940928K), 0.4679636 secs] [Times: user=1.11 sys=7.22, real=0.47 secs] 
2024-03-23T14:47:59.664+0800: 165355.085: [GC (Allocation Failure) 2024-03-23T14:47:59.664+0800: 165355.085: [ParNew: 19671975K->12181K(22937600K), 0.4434581 secs] 45946338K->26286605K(130940928K), 0.4437299 secs] [Times: user=1.47 sys=6.44, real=0.45 secs] 
2024-03-23T14:49:36.588+0800: 165452.009: [GC (Allocation Failure) 2024-03-23T14:49:36.588+0800: 165452.009: [ParNew: 19672981K->8781K(22937600K), 0.4702216 secs] 45947405K->26283276K(130940928K), 0.4705137 secs] [Times: user=1.28 sys=7.12, real=0.47 secs] 
2024-03-23T14:51:13.334+0800: 165548.754: [GC (Allocation Failure) 2024-03-23T14:51:13.334+0800: 165548.755: [ParNew: 19669581K->10049K(22937600K), 0.4527896 secs] 45944076K->26284640K(130940928K), 0.4530433 secs] [Times: user=1.15 sys=6.56, real=0.45 secs] 
2024-03-23T14:52:48.505+0800: 165643.926: [GC (Allocation Failure) 2024-03-23T14:52:48.505+0800: 165643.926: [ParNew: 19670849K->20307K(22937600K), 0.4218752 secs] 45945440K->26294966K(130940928K), 0.4221317 secs] [Times: user=1.20 sys=6.15, real=0.42 secs] 
2024-03-23T14:54:20.805+0800: 165736.226: [GC (Allocation Failure) 2024-03-23T14:54:20.805+0800: 165736.226: [ParNew: 19681107K->41188K(22937600K), 0.4702151 secs] 45955766K->26315921K(130940928K), 0.4705493 secs] [Times: user=1.29 sys=6.84, real=0.47 secs] 
2024-03-23T14:55:46.824+0800: 165822.245: [GC (Allocation Failure) 2024-03-23T14:55:46.824+0800: 165822.245: [ParNew: 19701988K->82646K(22937600K), 0.4836569 secs] 45976721K->26357465K(130940928K), 0.4839337 secs] [Times: user=1.17 sys=7.21, real=0.49 secs] 
2024-03-23T14:57:13.144+0800: 165908.564: [GC (Allocation Failure) 2024-03-23T14:57:13.144+0800: 165908.565: [ParNew: 19743446K->120069K(22937600K), 0.5039600 secs] 46018265K->26394981K(130940928K), 0.5042742 secs] [Times: user=2.12 sys=6.66, real=0.51 secs] 
2024-03-23T14:58:40.595+0800: 165996.016: [GC (Allocation Failure) 2024-03-23T14:58:40.595+0800: 165996.016: [ParNew: 19780869K->150544K(22937600K), 0.7625505 secs] 46055781K->26425532K(130940928K), 0.7628289 secs] [Times: user=3.82 sys=9.40, real=0.77 secs] 
2024-03-23T15:00:06.795+0800: 166082.216: [GC (Allocation Failure) 2024-03-23T15:00:06.796+0800: 166082.216: [ParNew: 19811344K->203694K(22937600K), 0.5519152 secs] 46086332K->26478778K(130940928K), 0.5522157 secs] [Times: user=2.05 sys=7.40, real=0.56 secs] 
2024-03-23T15:01:20.101+0800: 166155.522: [GC (Allocation Failure) 2024-03-23T15:01:20.101+0800: 166155.522: [ParNew: 19864494K->239331K(22937600K), 0.5854708 secs] 46139578K->26514489K(130940928K), 0.5857365 secs] [Times: user=1.57 sys=8.26, real=0.58 secs] 
2024-03-23T15:02:31.389+0800: 166226.809: [GC (Allocation Failure) 2024-03-23T15:02:31.389+0800: 166226.810: [ParNew: 19900131K->292850K(22937600K), 0.5013355 secs] 46175289K->26568098K(130940928K), 0.5016486 secs] [Times: user=1.95 sys=6.27, real=0.50 secs] 
2024-03-23T15:03:46.074+0800: 166301.495: [GC (Allocation Failure) 2024-03-23T15:03:46.074+0800: 166301.495: [ParNew: 19953650K->307782K(22937600K), 0.3725432 secs] 46228898K->26583115K(130940928K), 0.3728395 secs] [Times: user=1.74 sys=4.35, real=0.37 secs] 
2024-03-23T15:04:49.604+0800: 166365.025: [GC (Allocation Failure) 2024-03-23T15:04:49.605+0800: 166365.025: [ParNew: 19968582K->345561K(22937600K), 0.2702293 secs] 46243915K->26620973K(130940928K), 0.2705235 secs] [Times: user=1.59 sys=2.50, real=0.27 secs] 
2024-03-23T15:05:58.670+0800: 166434.091: [GC (Allocation Failure) 2024-03-23T15:05:58.670+0800: 166434.091: [ParNew: 20006361K->391738K(22937600K), 0.3516840 secs] 46281773K->26667296K(130940928K), 0.3519761 secs] [Times: user=1.61 sys=4.39, real=0.35 secs] 
2024-03-23T15:07:08.995+0800: 166504.416: [GC (Allocation Failure) 2024-03-23T15:07:08.995+0800: 166504.416: [ParNew: 20052538K->417780K(22937600K), 0.3518094 secs] 46328096K->26693749K(130940928K), 0.3521016 secs] [Times: user=1.40 sys=4.29, real=0.35 secs] 
2024-03-23T15:08:15.972+0800: 166571.392: [GC (Allocation Failure) 2024-03-23T15:08:15.972+0800: 166571.393: [ParNew: 20078580K->466103K(22937600K), 0.3831358 secs] 46354549K->26742831K(130940928K), 0.3834324 secs] [Times: user=1.02 sys=5.12, real=0.38 secs] 
2024-03-23T15:09:18.424+0800: 166633.845: [GC (Allocation Failure) 2024-03-23T15:09:18.424+0800: 166633.845: [ParNew: 20126903K->483354K(22937600K), 0.4476958 secs] 46403631K->26760280K(130940928K), 0.4480082 secs] [Times: user=2.04 sys=5.18, real=0.45 secs] 
2024-03-23T15:10:21.525+0800: 166696.946: [GC (Allocation Failure) 2024-03-23T15:10:21.526+0800: 166696.946: [ParNew: 20144154K->541037K(22937600K), 0.4584003 secs] 46421080K->26818161K(130940928K), 0.4587117 secs] [Times: user=1.77 sys=5.56, real=0.46 secs] 
2024-03-23T15:11:15.182+0800: 166750.603: [GC (Allocation Failure) 2024-03-23T15:11:15.182+0800: 166750.603: [ParNew: 20201837K->552280K(22937600K), 0.3398544 secs] 46478961K->26832583K(130940928K), 0.3401212 secs] [Times: user=1.64 sys=3.47, real=0.34 secs] 
2024-03-23T15:12:19.763+0800: 166815.183: [GC (Allocation Failure) 2024-03-23T15:12:19.763+0800: 166815.184: [ParNew: 20213080K->569228K(22937600K), 0.3526284 secs] 46493383K->26852940K(130940928K), 0.3529477 secs] [Times: user=1.49 sys=3.89, real=0.35 secs] 
2024-03-23T15:13:17.731+0800: 166873.152: [GC (Allocation Failure) 2024-03-23T15:13:17.731+0800: 166873.152: [ParNew: 20230028K->606553K(22937600K), 0.3602090 secs] 46513740K->26894526K(130940928K), 0.3605242 secs] [Times: user=1.70 sys=3.78, real=0.36 secs] 
2024-03-23T15:14:17.896+0800: 166933.316: [GC (Allocation Failure) 2024-03-23T15:14:17.896+0800: 166933.317: [ParNew: 20267353K->564742K(22937600K), 0.3643925 secs] 46555326K->26856979K(130940928K), 0.3646772 secs] [Times: user=1.63 sys=4.04, real=0.37 secs] 
2024-03-23T15:15:15.800+0800: 166991.221: [GC (Allocation Failure) 2024-03-23T15:15:15.800+0800: 166991.221: [ParNew: 20225542K->580973K(22937600K), 0.2658193 secs] 46517779K->26877060K(130940928K), 0.2661035 secs] [Times: user=1.71 sys=2.16, real=0.26 secs] 
2024-03-23T15:16:06.443+0800: 167041.864: [GC (Allocation Failure) 2024-03-23T15:16:06.443+0800: 167041.864: [ParNew: 20241773K->606883K(22937600K), 0.3923421 secs] 46537860K->26906523K(130940928K), 0.3926020 secs] [Times: user=2.08 sys=3.90, real=0.39 secs] 
2024-03-23T15:17:05.107+0800: 167100.528: [GC (Allocation Failure) 2024-03-23T15:17:05.107+0800: 167100.528: [ParNew: 20267683K->631911K(22937600K), 0.3689681 secs] 46567323K->26936056K(130940928K), 0.3692807 secs] [Times: user=1.91 sys=3.83, real=0.37 secs] 
2024-03-23T15:17:52.794+0800: 167148.215: [GC (Allocation Failure) 2024-03-23T15:17:52.794+0800: 167148.215: [ParNew: 20292711K->666875K(22937600K), 0.2980701 secs] 46596856K->26976171K(130940928K), 0.2983977 secs] [Times: user=2.19 sys=1.96, real=0.30 secs] 
2024-03-23T15:18:48.402+0800: 167203.823: [GC (Allocation Failure) 2024-03-23T15:18:48.402+0800: 167203.823: [ParNew: 20327675K->748698K(22937600K), 0.3619671 secs] 46636971K->27062348K(130940928K), 0.3622567 secs] [Times: user=2.56 sys=2.93, real=0.36 secs] 
2024-03-23T15:19:38.332+0800: 167253.753: [GC (Allocation Failure) 2024-03-23T15:19:38.332+0800: 167253.753: [ParNew: 20409498K->738705K(22937600K), 0.3464244 secs] 46723148K->27058704K(130940928K), 0.3467084 secs] [Times: user=1.82 sys=3.27, real=0.35 secs] 
2024-03-23T15:20:29.681+0800: 167305.102: [GC (Allocation Failure) 2024-03-23T15:20:29.681+0800: 167305.102: [ParNew: 20399505K->755197K(22937600K), 0.2891173 secs] 46719504K->27080686K(130940928K), 0.2894459 secs] [Times: user=2.17 sys=1.91, real=0.29 secs] 
2024-03-23T15:21:21.019+0800: 167356.439: [GC (Allocation Failure) 2024-03-23T15:21:21.019+0800: 167356.440: [ParNew: 20415997K->750526K(22937600K), 0.3743352 secs] 46741486K->27080974K(130940928K), 0.3746409 secs] [Times: user=1.87 sys=3.71, real=0.37 secs] 
2024-03-23T15:22:10.988+0800: 167406.409: [GC (Allocation Failure) 2024-03-23T15:22:10.988+0800: 167406.409: [ParNew: 20411326K->781159K(22937600K), 0.3024739 secs] 46741774K->27117249K(130940928K), 0.3027676 secs] [Times: user=2.41 sys=1.97, real=0.30 secs] 
2024-03-23T15:23:06.743+0800: 167462.164: [GC (Allocation Failure) 2024-03-23T15:23:06.744+0800: 167462.164: [ParNew: 20441959K->806007K(22937600K), 0.4184758 secs] 46778049K->27148326K(130940928K), 0.4187721 secs] [Times: user=2.07 sys=4.47, real=0.42 secs] 
2024-03-23T15:23:54.833+0800: 167510.254: [GC (Allocation Failure) 2024-03-23T15:23:54.833+0800: 167510.254: [ParNew: 20466807K->849808K(22937600K), 0.3824206 secs] 46809126K->27198504K(130940928K), 0.3827173 secs] [Times: user=2.31 sys=3.39, real=0.38 secs] 
2024-03-23T15:24:49.418+0800: 167564.839: [GC (Allocation Failure) 2024-03-23T15:24:49.418+0800: 167564.839: [ParNew: 20510608K->844303K(22937600K), 0.6289415 secs] 46859304K->27200932K(130940928K), 0.6292431 secs] [Times: user=6.89 sys=3.30, real=0.62 secs] 
2024-03-23T15:25:41.285+0800: 167616.706: [GC (Allocation Failure) 2024-03-23T15:25:41.285+0800: 167616.706: [ParNew: 20505103K->919131K(22937600K), 0.3336800 secs] 46861732K->27281756K(130940928K), 0.3339331 secs] [Times: user=1.78 sys=3.18, real=0.34 secs] 
2024-03-23T15:26:31.149+0800: 167666.569: [GC (Allocation Failure) 2024-03-23T15:26:31.149+0800: 167666.569: [ParNew: 20579931K->935503K(22937600K), 0.4325604 secs] 46942556K->27305367K(130940928K), 0.4328589 secs] [Times: user=2.39 sys=4.25, real=0.43 secs] 
2024-03-23T15:27:23.994+0800: 167719.415: [GC (Allocation Failure) 2024-03-23T15:27:23.995+0800: 167719.415: [ParNew: 20596303K->875238K(22937600K), 0.4864993 secs] 46966167K->27257117K(130940928K), 0.4867998 secs] [Times: user=2.65 sys=4.92, real=0.49 secs] 
2024-03-23T15:28:09.927+0800: 167765.348: [GC (Allocation Failure) 2024-03-23T15:28:09.927+0800: 167765.348: [ParNew: 20536038K->972773K(22937600K), 0.3603437 secs] 46917917K->27369508K(130940928K), 0.3606341 secs] [Times: user=1.82 sys=3.47, real=0.37 secs] 
2024-03-23T15:29:03.545+0800: 167818.966: [GC (Allocation Failure) 2024-03-23T15:29:03.545+0800: 167818.966: [ParNew: 20633573K->915832K(22937600K), 0.5025324 secs] 47030308K->27329161K(130940928K), 0.5028023 secs] [Times: user=1.43 sys=6.51, real=0.51 secs] 
2024-03-23T15:29:57.088+0800: 167872.509: [GC (Allocation Failure) 2024-03-23T15:29:57.088+0800: 167872.509: [ParNew: 20576632K->810596K(22937600K), 0.5133371 secs] 46989961K->27232832K(130940928K), 0.5136527 secs] [Times: user=2.25 sys=5.92, real=0.51 secs] 
2024-03-23T15:30:48.616+0800: 167924.037: [GC (Allocation Failure) 2024-03-23T15:30:48.616+0800: 167924.037: [ParNew: 20471396K->818162K(22937600K), 0.3178339 secs] 46893632K->27249193K(130940928K), 0.3181454 secs] [Times: user=2.00 sys=2.91, real=0.32 secs] 
2024-03-23T15:31:37.693+0800: 167973.114: [GC (Allocation Failure) 2024-03-23T15:31:37.693+0800: 167973.114: [ParNew: 20478962K->749005K(22937600K), 0.5632599 secs] 46909993K->27187261K(130940928K), 0.5635768 secs] [Times: user=4.15 sys=4.83, real=0.56 secs] 
2024-03-23T15:32:26.770+0800: 168022.191: [GC (Allocation Failure) 2024-03-23T15:32:26.770+0800: 168022.191: [ParNew: 20409805K->762368K(22937600K), 0.4723462 secs] 46848061K->27208457K(130940928K), 0.4726895 secs] [Times: user=2.17 sys=5.09, real=0.47 secs] 
2024-03-23T15:33:21.089+0800: 168076.510: [GC (Allocation Failure) 2024-03-23T15:33:21.089+0800: 168076.510: [ParNew: 20423168K->827976K(22937600K), 0.3312937 secs] 46869257K->27282546K(130940928K), 0.3315877 secs] [Times: user=2.30 sys=2.66, real=0.33 secs] 
2024-03-23T15:34:07.105+0800: 168122.526: [GC (Allocation Failure) 2024-03-23T15:34:07.105+0800: 168122.526: [ParNew: 20488776K->819861K(22937600K), 0.5791436 secs] 46943346K->27282480K(130940928K), 0.5794322 secs] [Times: user=2.96 sys=6.80, real=0.58 secs] 
2024-03-23T15:34:54.359+0800: 168169.780: [GC (Allocation Failure) 2024-03-23T15:34:54.359+0800: 168169.780: [ParNew: 20480661K->865915K(22937600K), 0.3534981 secs] 46943280K->27336814K(130940928K), 0.3538813 secs] [Times: user=1.98 sys=3.26, real=0.35 secs] 
2024-03-23T15:35:42.679+0800: 168218.100: [GC (Allocation Failure) 2024-03-23T15:35:42.679+0800: 168218.100: [ParNew: 20526715K->934172K(22937600K), 0.2702534 secs] 46997614K->27413026K(130940928K), 0.2706119 secs] [Times: user=1.39 sys=2.01, real=0.27 secs] 
2024-03-23T15:36:30.567+0800: 168265.988: [GC (Allocation Failure) 2024-03-23T15:36:30.567+0800: 168265.988: [ParNew: 20594972K->892016K(22937600K), 0.3595786 secs] 47073826K->27379504K(130940928K), 0.3598941 secs] [Times: user=2.15 sys=3.11, real=0.36 secs] 
2024-03-23T15:37:23.039+0800: 168318.460: [GC (Allocation Failure) 2024-03-23T15:37:23.039+0800: 168318.460: [ParNew: 20552816K->857350K(22937600K), 0.3188803 secs] 47040304K->27352376K(130940928K), 0.3192231 secs] [Times: user=1.98 sys=2.59, real=0.32 secs] 
2024-03-23T15:38:07.873+0800: 168363.294: [GC (Allocation Failure) 2024-03-23T15:38:07.874+0800: 168363.294: [ParNew: 20518150K->853669K(22937600K), 0.4385579 secs] 47013176K->27357465K(130940928K), 0.4388629 secs] [Times: user=3.15 sys=3.44, real=0.44 secs] 
2024-03-23T15:38:57.189+0800: 168412.610: [GC (Allocation Failure) 2024-03-23T15:38:57.190+0800: 168412.610: [ParNew: 20514469K->841665K(22937600K), 0.3472971 secs] 47018265K->27354179K(130940928K), 0.3475983 secs] [Times: user=1.99 sys=3.13, real=0.34 secs] 
2024-03-23T15:39:44.627+0800: 168460.048: [GC (Allocation Failure) 2024-03-23T15:39:44.627+0800: 168460.048: [ParNew: 20502465K->959234K(22937600K), 0.3187289 secs] 47014979K->27479615K(130940928K), 0.3190138 secs] [Times: user=2.03 sys=2.51, real=0.32 secs] 
2024-03-23T15:40:23.269+0800: 168498.690: [GC (Allocation Failure) 2024-03-23T15:40:23.269+0800: 168498.690: [ParNew: 20620034K->948424K(22937600K), 0.3765063 secs] 47140415K->27478163K(130940928K), 0.3768160 secs] [Times: user=2.29 sys=3.04, real=0.37 secs] 
2024-03-23T15:41:18.045+0800: 168553.466: [GC (Allocation Failure) 2024-03-23T15:41:18.045+0800: 168553.466: [ParNew: 20609224K->938571K(22937600K), 0.3039824 secs] 47138963K->27476218K(130940928K), 0.3043111 secs] [Times: user=2.31 sys=2.14, real=0.31 secs] 
2024-03-23T15:42:06.501+0800: 168601.922: [GC (Allocation Failure) 2024-03-23T15:42:06.501+0800: 168601.922: [ParNew: 20599371K->1026962K(22937600K), 0.3492298 secs] 47137018K->27578962K(130940928K), 0.3495273 secs] [Times: user=3.08 sys=2.03, real=0.35 secs] 
2024-03-23T15:42:56.652+0800: 168652.073: [GC (Allocation Failure) 2024-03-23T15:42:56.652+0800: 168652.073: [ParNew: 20687762K->959525K(22937600K), 0.4031156 secs] 47239762K->27527981K(130940928K), 0.4034163 secs] [Times: user=2.47 sys=3.74, real=0.40 secs] 
2024-03-23T15:43:43.027+0800: 168698.448: [GC (Allocation Failure) 2024-03-23T15:43:43.027+0800: 168698.448: [ParNew: 20620325K->900448K(22937600K), 0.2606466 secs] 47188781K->27477969K(130940928K), 0.2609667 secs] [Times: user=1.98 sys=1.66, real=0.27 secs] 
2024-03-23T15:44:24.586+0800: 168740.006: [GC (Allocation Failure) 2024-03-23T15:44:24.586+0800: 168740.007: [ParNew: 20561248K->883414K(22937600K), 0.5900168 secs] 47138769K->27469214K(130940928K), 0.5903124 secs] [Times: user=6.18 sys=3.17, real=0.59 secs] 
2024-03-23T15:45:19.617+0800: 168795.038: [GC (Allocation Failure) 2024-03-23T15:45:19.617+0800: 168795.038: [ParNew: 20544214K->804510K(22937600K), 0.5826968 secs] 47130014K->27398050K(130940928K), 0.5830084 secs] [Times: user=5.51 sys=3.54, real=0.59 secs] 
2024-03-23T15:46:08.980+0800: 168844.401: [GC (Allocation Failure) 2024-03-23T15:46:08.980+0800: 168844.401: [ParNew: 20465310K->781954K(22937600K), 0.3887803 secs] 47058850K->27384486K(130940928K), 0.3890894 secs] [Times: user=3.12 sys=2.81, real=0.39 secs] 
2024-03-23T15:46:57.444+0800: 168892.865: [GC (Allocation Failure) 2024-03-23T15:46:57.444+0800: 168892.865: [ParNew: 20442754K->869603K(22937600K), 0.3714596 secs] 47045286K->27480563K(130940928K), 0.3717256 secs] [Times: user=2.15 sys=3.42, real=0.37 secs] 
2024-03-23T15:47:49.599+0800: 168945.020: [GC (Allocation Failure) 2024-03-23T15:47:49.599+0800: 168945.020: [ParNew: 20530403K->840280K(22937600K), 0.3723222 secs] 47141363K->27460141K(130940928K), 0.3726229 secs] [Times: user=2.97 sys=3.04, real=0.37 secs] 
2024-03-23T15:48:32.340+0800: 168987.761: [GC (Allocation Failure) 2024-03-23T15:48:32.340+0800: 168987.761: [ParNew: 20501080K->893285K(22937600K), 0.3229820 secs] 47120941K->27521358K(130940928K), 0.3232641 secs] [Times: user=2.35 sys=2.52, real=0.32 secs] 
2024-03-23T15:49:26.172+0800: 169041.593: [GC (Allocation Failure) 2024-03-23T15:49:26.172+0800: 169041.593: [ParNew: 20554085K->857212K(22937600K), 0.3958105 secs] 47182158K->27493431K(130940928K), 0.3961025 secs] [Times: user=1.79 sys=4.26, real=0.40 secs] 
2024-03-23T15:50:16.157+0800: 169091.577: [GC (Allocation Failure) 2024-03-23T15:50:16.157+0800: 169091.578: [ParNew: 20518012K->883552K(22937600K), 0.3802472 secs] 47154231K->27528996K(130940928K), 0.3805690 secs] [Times: user=2.54 sys=3.09, real=0.38 secs] 
2024-03-23T15:51:02.597+0800: 169138.018: [GC (Allocation Failure) 2024-03-23T15:51:02.598+0800: 169138.018: [ParNew: 20544352K->925930K(22937600K), 0.4219462 secs] 47189796K->27579478K(130940928K), 0.4222542 secs] [Times: user=4.47 sys=1.87, real=0.43 secs] 
2024-03-23T15:51:50.037+0800: 169185.458: [GC (Allocation Failure) 2024-03-23T15:51:50.038+0800: 169185.458: [ParNew: 20586730K->877589K(22937600K), 0.4663736 secs] 47240278K->27540905K(130940928K), 0.4666917 secs] [Times: user=4.26 sys=2.90, real=0.47 secs] 
2024-03-23T15:52:40.108+0800: 169235.529: [GC (Allocation Failure) 2024-03-23T15:52:40.108+0800: 169235.529: [ParNew: 20538389K->968719K(22937600K), 0.3104545 secs] 47201705K->27642460K(130940928K), 0.3107696 secs] [Times: user=1.97 sys=2.53, real=0.31 secs] 
2024-03-23T15:53:31.149+0800: 169286.569: [GC (Allocation Failure) 2024-03-23T15:53:31.149+0800: 169286.570: [ParNew: 20629519K->980850K(22937600K), 0.3223047 secs] 47303260K->27662497K(130940928K), 0.3225913 secs] [Times: user=2.25 sys=2.40, real=0.32 secs] 
2024-03-23T15:54:13.703+0800: 169329.124: [GC (Allocation Failure) 2024-03-23T15:54:13.703+0800: 169329.124: [ParNew: 20641650K->897793K(22937600K), 0.4251167 secs] 47323297K->27588794K(130940928K), 0.4254279 secs] [Times: user=2.59 sys=3.74, real=0.43 secs] 
2024-03-23T15:55:19.219+0800: 169394.640: [GC (Allocation Failure) 2024-03-23T15:55:19.219+0800: 169394.640: [ParNew: 20558593K->903219K(22937600K), 0.4066812 secs] 47249594K->27603446K(130940928K), 0.4069598 secs] [Times: user=2.74 sys=3.80, real=0.40 secs] 
2024-03-23T15:56:03.343+0800: 169438.764: [GC (Allocation Failure) 2024-03-23T15:56:03.343+0800: 169438.764: [ParNew: 20564019K->994573K(22937600K), 0.3098714 secs] 47264246K->27712494K(130940928K), 0.3101584 secs] [Times: user=2.27 sys=1.99, real=0.31 secs] 
2024-03-23T15:56:42.132+0800: 169477.552: [GC (Allocation Failure) 2024-03-23T15:56:42.132+0800: 169477.553: [ParNew: 20655373K->891877K(22937600K), 0.3732690 secs] 47373294K->27620560K(130940928K), 0.3735774 secs] [Times: user=2.02 sys=3.27, real=0.37 secs] 
2024-03-23T15:57:43.841+0800: 169539.262: [GC (Allocation Failure) 2024-03-23T15:57:43.841+0800: 169539.262: [ParNew: 20552677K->853594K(22937600K), 0.3225679 secs] 47281360K->27589494K(130940928K), 0.3228673 secs] [Times: user=2.00 sys=2.99, real=0.32 secs] 
2024-03-23T15:58:32.828+0800: 169588.249: [GC (Allocation Failure) 2024-03-23T15:58:32.829+0800: 169588.249: [ParNew: 20514394K->881303K(22937600K), 0.3592658 secs] 47250294K->27626055K(130940928K), 0.3595653 secs] [Times: user=1.85 sys=3.44, real=0.36 secs] 
2024-03-23T15:59:22.944+0800: 169638.365: [GC (Allocation Failure) 2024-03-23T15:59:22.944+0800: 169638.365: [ParNew: 20542103K->809877K(22937600K), 0.4453645 secs] 47286855K->27563545K(130940928K), 0.4456684 secs] [Times: user=2.48 sys=4.35, real=0.45 secs] 
2024-03-23T16:00:20.912+0800: 169696.333: [GC (Allocation Failure) 2024-03-23T16:00:20.912+0800: 169696.333: [ParNew: 20470677K->787652K(22937600K), 0.3085568 secs] 47224345K->27548865K(130940928K), 0.3088565 secs] [Times: user=1.89 sys=2.82, real=0.31 secs] 
2024-03-23T16:01:04.341+0800: 169739.762: [GC (Allocation Failure) 2024-03-23T16:01:04.341+0800: 169739.762: [ParNew: 20448452K->792463K(22937600K), 0.4350765 secs] 47209665K->27563728K(130940928K), 0.4353891 secs] [Times: user=3.00 sys=3.28, real=0.43 secs] 
2024-03-23T16:01:47.585+0800: 169783.006: [GC (Allocation Failure) 2024-03-23T16:01:47.585+0800: 169783.006: [ParNew: 20453263K->818200K(22937600K), 0.3537656 secs] 47224528K->27596936K(130940928K), 0.3540823 secs] [Times: user=1.92 sys=3.21, real=0.36 secs] 
2024-03-23T16:02:39.768+0800: 169835.189: [GC (Allocation Failure) 2024-03-23T16:02:39.768+0800: 169835.189: [ParNew: 20479000K->880553K(22937600K), 0.3499494 secs] 47257736K->27667684K(130940928K), 0.3502401 secs] [Times: user=2.39 sys=2.92, real=0.35 secs] 
2024-03-23T16:03:25.668+0800: 169881.089: [GC (Allocation Failure) 2024-03-23T16:03:25.668+0800: 169881.089: [ParNew: 20541353K->900852K(22937600K), 0.3509186 secs] 47328484K->27697539K(130940928K), 0.3512216 secs] [Times: user=2.67 sys=2.46, real=0.35 secs] 
2024-03-23T16:04:20.526+0800: 169935.947: [GC (Allocation Failure) 2024-03-23T16:04:20.526+0800: 169935.947: [ParNew: 20561652K->884678K(22937600K), 0.4063965 secs] 47358339K->27690177K(130940928K), 0.4067014 secs] [Times: user=1.87 sys=4.33, real=0.41 secs] 
2024-03-23T16:05:04.154+0800: 169979.575: [GC (Allocation Failure) 2024-03-23T16:05:04.154+0800: 169979.575: [ParNew: 20545478K->865213K(22937600K), 0.3095960 secs] 47350977K->27679260K(130940928K), 0.3098800 secs] [Times: user=2.13 sys=2.24, real=0.31 secs] 
2024-03-23T16:05:45.959+0800: 170021.380: [GC (Allocation Failure) 2024-03-23T16:05:45.959+0800: 170021.380: [ParNew: 20526013K->895278K(22937600K), 0.4017111 secs] 47340060K->27718293K(130940928K), 0.4020235 secs] [Times: user=2.93 sys=3.01, real=0.40 secs] 
2024-03-23T16:06:40.866+0800: 170076.287: [GC (Allocation Failure) 2024-03-23T16:06:40.866+0800: 170076.287: [ParNew: 20556078K->1025141K(22937600K), 0.3630152 secs] 47379093K->27857597K(130940928K), 0.3633373 secs] [Times: user=1.85 sys=3.72, real=0.37 secs] 
2024-03-23T16:07:35.336+0800: 170130.756: [GC (Allocation Failure) 2024-03-23T16:07:35.336+0800: 170130.757: [ParNew: 20685941K->845027K(22937600K), 0.2977876 secs] 47518397K->27683321K(130940928K), 0.2980685 secs] [Times: user=1.90 sys=2.49, real=0.30 secs] 
2024-03-23T16:08:24.411+0800: 170179.832: [GC (Allocation Failure) 2024-03-23T16:08:24.411+0800: 170179.832: [ParNew: 20505827K->935549K(22937600K), 0.3465442 secs] 47344121K->27784128K(130940928K), 0.3468447 secs] [Times: user=1.92 sys=3.12, real=0.35 secs] 
2024-03-23T16:09:16.540+0800: 170231.961: [GC (Allocation Failure) 2024-03-23T16:09:16.541+0800: 170231.961: [ParNew: 20596349K->951792K(22937600K), 0.3656318 secs] 47444928K->27815568K(130940928K), 0.3659462 secs] [Times: user=2.56 sys=2.86, real=0.36 secs] 
2024-03-23T16:10:10.636+0800: 170286.057: [GC (Allocation Failure) 2024-03-23T16:10:10.636+0800: 170286.057: [ParNew: 20612592K->939007K(22937600K), 0.3357922 secs] 47476368K->27815883K(130940928K), 0.3360860 secs] [Times: user=2.06 sys=2.92, real=0.34 secs] 
2024-03-23T16:10:58.685+0800: 170334.106: [GC (Allocation Failure) 2024-03-23T16:10:58.685+0800: 170334.106: [ParNew: 20599807K->759040K(22937600K), 0.4682970 secs] 47476683K->27646808K(130940928K), 0.4686030 secs] [Times: user=4.34 sys=2.90, real=0.47 secs] 
2024-03-23T16:11:40.027+0800: 170375.448: [GC (Allocation Failure) 2024-03-23T16:11:40.027+0800: 170375.448: [ParNew: 20419840K->787891K(22937600K), 0.2580728 secs] 47307608K->27683665K(130940928K), 0.2583987 secs] [Times: user=2.15 sys=1.24, real=0.26 secs] 
2024-03-23T16:12:34.920+0800: 170430.340: [GC (Allocation Failure) 2024-03-23T16:12:34.920+0800: 170430.341: [ParNew: 20448691K->749829K(22937600K), 0.4171741 secs] 47344465K->27652981K(130940928K), 0.4174727 secs] [Times: user=3.19 sys=3.34, real=0.41 secs] 
2024-03-23T16:13:22.990+0800: 170478.411: [GC (Allocation Failure) 2024-03-23T16:13:22.990+0800: 170478.411: [ParNew: 20410629K->806725K(22937600K), 0.3816415 secs] 47313781K->27719646K(130940928K), 0.3819414 secs] [Times: user=2.59 sys=3.07, real=0.38 secs] 
2024-03-23T16:14:12.195+0800: 170527.616: [GC (Allocation Failure) 2024-03-23T16:14:12.195+0800: 170527.616: [ParNew: 20467525K->865415K(22937600K), 0.3931578 secs] 47380446K->27787325K(130940928K), 0.3934279 secs] [Times: user=2.20 sys=3.76, real=0.40 secs] 
2024-03-23T16:15:01.098+0800: 170576.518: [GC (Allocation Failure) 2024-03-23T16:15:01.098+0800: 170576.519: [ParNew: 20526215K->793106K(22937600K), 0.3218269 secs] 47448125K->27723426K(130940928K), 0.3220789 secs] [Times: user=2.16 sys=2.50, real=0.32 secs] 
2024-03-23T16:15:48.192+0800: 170623.613: [GC (Allocation Failure) 2024-03-23T16:15:48.192+0800: 170623.613: [ParNew: 20453906K->871018K(22937600K), 0.6351021 secs] 47384226K->27810370K(130940928K), 0.6354259 secs] [Times: user=5.91 sys=4.27, real=0.64 secs] 
2024-03-23T16:16:42.073+0800: 170677.494: [GC (Allocation Failure) 2024-03-23T16:16:42.074+0800: 170677.494: [ParNew: 20531818K->881559K(22937600K), 0.3814343 secs] 47471170K->27828288K(130940928K), 0.3817503 secs] [Times: user=3.59 sys=2.28, real=0.38 secs] 
2024-03-23T16:17:31.266+0800: 170726.687: [GC (Allocation Failure) 2024-03-23T16:17:31.266+0800: 170726.687: [ParNew: 20542359K->878194K(22937600K), 0.6994249 secs] 47489088K->27834835K(130940928K), 0.6997210 secs] [Times: user=5.22 sys=6.16, real=0.70 secs] 
2024-03-23T16:18:15.523+0800: 170770.944: [GC (Allocation Failure) 2024-03-23T16:18:15.523+0800: 170770.944: [ParNew: 20538994K->920690K(22937600K), 0.5998451 secs] 47495635K->27886724K(130940928K), 0.6001543 secs] [Times: user=2.18 sys=7.19, real=0.60 secs] 
2024-03-23T16:19:15.225+0800: 170830.645: [GC (Allocation Failure) 2024-03-23T16:19:15.225+0800: 170830.646: [ParNew: 20581490K->826793K(22937600K), 0.5374261 secs] 47547524K->27800299K(130940928K), 0.5377214 secs] [Times: user=4.52 sys=4.28, real=0.54 secs] 
2024-03-23T16:20:08.724+0800: 170884.144: [GC (Allocation Failure) 2024-03-23T16:20:08.724+0800: 170884.145: [ParNew: 20487593K->888922K(22937600K), 0.3516559 secs] 47461099K->27870592K(130940928K), 0.3519802 secs] [Times: user=2.01 sys=3.26, real=0.35 secs] 
2024-03-23T16:20:50.172+0800: 170925.592: [GC (Allocation Failure) 2024-03-23T16:20:50.172+0800: 170925.593: [ParNew: 20549722K->856960K(22937600K), 0.3791308 secs] 47531392K->27847141K(130940928K), 0.3794315 secs] [Times: user=2.27 sys=3.26, real=0.38 secs] 
2024-03-23T16:21:41.757+0800: 170977.178: [GC (Allocation Failure) 2024-03-23T16:21:41.757+0800: 170977.178: [ParNew: 20517760K->891517K(22937600K), 0.2863766 secs] 47507941K->27889537K(130940928K), 0.2866838 secs] [Times: user=2.13 sys=1.92, real=0.29 secs] 
2024-03-23T16:22:35.175+0800: 171030.596: [GC (Allocation Failure) 2024-03-23T16:22:35.175+0800: 171030.596: [ParNew: 20552317K->932017K(22937600K), 0.3929867 secs] 47550337K->27938071K(130940928K), 0.3932945 secs] [Times: user=1.85 sys=4.13, real=0.40 secs] 
2024-03-23T16:23:26.161+0800: 171081.581: [GC (Allocation Failure) 2024-03-23T16:23:26.161+0800: 171081.582: [ParNew: 20592817K->887242K(22937600K), 0.3712302 secs] 47598871K->27905806K(130940928K), 0.3715433 secs] [Times: user=2.76 sys=2.80, real=0.37 secs] 
2024-03-23T16:24:13.024+0800: 171128.445: [GC (Allocation Failure) 2024-03-23T16:24:13.024+0800: 171128.445: [ParNew: 20548042K->936242K(22937600K), 0.2703783 secs] 47566606K->27974190K(130940928K), 0.2706975 secs] [Times: user=2.12 sys=1.50, real=0.27 secs] 
2024-03-23T16:25:06.075+0800: 171181.496: [GC (Allocation Failure) 2024-03-23T16:25:06.075+0800: 171181.496: [ParNew: 20597042K->770414K(22937600K), 0.4338544 secs] 47634990K->27818881K(130940928K), 0.4341690 secs] [Times: user=3.09 sys=4.07, real=0.44 secs] 
2024-03-23T16:26:01.812+0800: 171237.233: [GC (Allocation Failure) 2024-03-23T16:26:01.812+0800: 171237.233: [ParNew: 20431214K->796139K(22937600K), 0.3957812 secs] 47479681K->27853435K(130940928K), 0.3961071 secs] [Times: user=1.88 sys=4.12, real=0.40 secs] 
2024-03-23T16:26:41.850+0800: 171277.271: [GC (Allocation Failure) 2024-03-23T16:26:41.850+0800: 171277.271: [ParNew: 20456939K->817555K(22937600K), 0.4391392 secs] 47514235K->27883553K(130940928K), 0.4394490 secs] [Times: user=4.42 sys=2.07, real=0.44 secs] 
2024-03-23T16:27:23.440+0800: 171318.861: [GC (Allocation Failure) 2024-03-23T16:27:23.441+0800: 171318.861: [ParNew: 20478355K->799806K(22937600K), 0.3705849 secs] 47544353K->27875069K(130940928K), 0.3709291 secs] [Times: user=2.00 sys=3.27, real=0.37 secs] 
2024-03-23T16:28:31.844+0800: 171387.265: [GC (Allocation Failure) 2024-03-23T16:28:31.844+0800: 171387.265: [ParNew: 20460606K->789762K(22937600K), 0.3845653 secs] 47535869K->27873582K(130940928K), 0.3848882 secs] [Times: user=1.52 sys=4.07, real=0.39 secs] 
2024-03-23T16:29:23.089+0800: 171438.510: [GC (Allocation Failure) 2024-03-23T16:29:23.089+0800: 171438.510: [ParNew: 20450562K->791551K(22937600K), 0.3640225 secs] 47534382K->27883495K(130940928K), 0.3643528 secs] [Times: user=2.75 sys=2.73, real=0.36 secs] 
2024-03-23T16:30:01.488+0800: 171476.909: [GC (Allocation Failure) 2024-03-23T16:30:01.488+0800: 171476.909: [ParNew: 20452351K->823487K(22937600K), 0.4244058 secs] 47544295K->27924359K(130940928K), 0.4247063 secs] [Times: user=2.52 sys=3.48, real=0.42 secs] 
2024-03-23T16:30:47.720+0800: 171523.141: [GC (Allocation Failure) 2024-03-23T16:30:47.721+0800: 171523.141: [ParNew: 20484287K->874036K(22937600K), 0.2872709 secs] 47585159K->27984264K(130940928K), 0.2875962 secs] [Times: user=2.08 sys=1.82, real=0.29 secs] 
2024-03-23T16:31:40.770+0800: 171576.191: [GC (Allocation Failure) 2024-03-23T16:31:40.770+0800: 171576.191: [ParNew: 20534836K->936655K(22937600K), 0.3386733 secs] 47645064K->28053665K(130940928K), 0.3389712 secs] [Times: user=1.75 sys=3.32, real=0.34 secs] 
2024-03-23T16:32:30.599+0800: 171626.020: [GC (Allocation Failure) 2024-03-23T16:32:30.600+0800: 171626.020: [ParNew: 20597455K->842747K(22937600K), 0.3906555 secs] 47714465K->27967584K(130940928K), 0.3909776 secs] [Times: user=2.09 sys=3.77, real=0.39 secs] 
2024-03-23T16:33:19.747+0800: 171675.168: [GC (Allocation Failure) 2024-03-23T16:33:19.747+0800: 171675.168: [ParNew: 20503547K->850695K(22937600K), 0.2817570 secs] 47628384K->27985234K(130940928K), 0.2820632 secs] [Times: user=1.92 sys=2.14, real=0.29 secs] 
2024-03-23T16:34:10.134+0800: 171725.554: [GC (Allocation Failure) 2024-03-23T16:34:10.134+0800: 171725.555: [ParNew: 20511495K->981900K(22937600K), 0.3894886 secs] 47646034K->28124922K(130940928K), 0.3897873 secs] [Times: user=3.12 sys=2.84, real=0.39 secs] 
2024-03-23T16:35:06.966+0800: 171782.386: [GC (Allocation Failure) 2024-03-23T16:35:06.966+0800: 171782.386: [ParNew: 20642700K->852040K(22937600K), 0.3616373 secs] 47785722K->28002850K(130940928K), 0.3619356 secs] [Times: user=2.48 sys=3.09, real=0.37 secs] 
2024-03-23T16:35:56.409+0800: 171831.830: [GC (Allocation Failure) 2024-03-23T16:35:56.409+0800: 171831.830: [ParNew: 20512840K->897755K(22937600K), 0.3090162 secs] 47663650K->28056941K(130940928K), 0.3093359 secs] [Times: user=2.15 sys=2.31, real=0.31 secs] 
2024-03-23T16:36:38.937+0800: 171874.358: [GC (Allocation Failure) 2024-03-23T16:36:38.937+0800: 171874.358: [ParNew: 20558555K->886244K(22937600K), 0.6335936 secs] 47717741K->28054870K(130940928K), 0.6339005 secs] [Times: user=6.81 sys=3.30, real=0.64 secs] 
2024-03-23T16:37:38.255+0800: 171933.676: [GC (Allocation Failure) 2024-03-23T16:37:38.255+0800: 171933.676: [ParNew: 20547044K->898165K(22937600K), 0.4395830 secs] 47715670K->28076924K(130940928K), 0.4399128 secs] [Times: user=3.10 sys=3.87, real=0.44 secs] 
2024-03-23T16:38:26.152+0800: 171981.573: [GC (Allocation Failure) 2024-03-23T16:38:26.152+0800: 171981.573: [ParNew: 20558965K->862532K(22937600K), 0.2797464 secs] 47737724K->28056027K(130940928K), 0.2800428 secs] [Times: user=1.99 sys=1.90, real=0.28 secs] 
2024-03-23T16:39:17.060+0800: 172032.481: [GC (Allocation Failure) 2024-03-23T16:39:17.060+0800: 172032.481: [ParNew: 20523332K->755946K(22937600K), 0.4751968 secs] 47716827K->27961250K(130940928K), 0.4755158 secs] [Times: user=3.46 sys=4.54, real=0.47 secs] 
2024-03-23T16:40:09.778+0800: 172085.198: [GC (Allocation Failure) 2024-03-23T16:40:09.778+0800: 172085.199: [ParNew: 20416746K->698427K(22937600K), 0.4616754 secs] 47622050K->27913348K(130940928K), 0.4620317 secs] [Times: user=3.24 sys=3.90, real=0.46 secs] 
2024-03-23T16:40:53.288+0800: 172128.709: [GC (Allocation Failure) 2024-03-23T16:40:53.288+0800: 172128.709: [ParNew: 20359227K->846732K(22937600K), 0.3117595 secs] 47574148K->28066953K(130940928K), 0.3120686 secs] [Times: user=2.16 sys=2.15, real=0.31 secs] 
2024-03-23T16:41:39.777+0800: 172175.198: [GC (Allocation Failure) 2024-03-23T16:41:39.777+0800: 172175.198: [ParNew: 20507532K->846645K(22937600K), 0.3815476 secs] 47727753K->28076088K(130940928K), 0.3818694 secs] [Times: user=2.64 sys=3.02, real=0.39 secs] 
2024-03-23T16:42:29.942+0800: 172225.363: [GC (Allocation Failure) 2024-03-23T16:42:29.943+0800: 172225.363: [ParNew: 20507445K->879029K(22937600K), 0.3746340 secs] 47736888K->28118899K(130940928K), 0.3749246 secs] [Times: user=1.83 sys=3.84, real=0.37 secs] 
2024-03-23T16:43:15.787+0800: 172271.208: [GC (Allocation Failure) 2024-03-23T16:43:15.787+0800: 172271.208: [ParNew: 20539829K->897396K(22937600K), 0.3802854 secs] 47779699K->28146506K(130940928K), 0.3805757 secs] [Times: user=2.89 sys=2.70, real=0.39 secs] 
2024-03-23T16:44:01.854+0800: 172317.275: [GC (Allocation Failure) 2024-03-23T16:44:01.854+0800: 172317.275: [ParNew: 20558196K->847762K(22937600K), 0.6458398 secs] 47807306K->28105022K(130940928K), 0.6461685 secs] [Times: user=3.00 sys=7.32, real=0.65 secs] 
2024-03-23T16:44:49.045+0800: 172364.466: [GC (Allocation Failure) 2024-03-23T16:44:49.045+0800: 172364.466: [ParNew: 20508562K->854635K(22937600K), 0.3763442 secs] 47765822K->28120513K(130940928K), 0.3766567 secs] [Times: user=3.16 sys=2.47, real=0.38 secs] 
2024-03-23T16:45:40.372+0800: 172415.793: [GC (Allocation Failure) 2024-03-23T16:45:40.373+0800: 172415.793: [ParNew: 20515435K->979724K(22937600K), 0.4430381 secs] 47781313K->28254348K(130940928K), 0.4433881 secs] [Times: user=1.91 sys=4.87, real=0.44 secs] 
2024-03-23T16:46:32.136+0800: 172467.556: [GC (Allocation Failure) 2024-03-23T16:46:32.136+0800: 172467.557: [ParNew: 20640524K->885543K(22937600K), 0.4119725 secs] 47915148K->28168639K(130940928K), 0.4124291 secs] [Times: user=2.76 sys=2.94, real=0.42 secs] 
2024-03-23T16:47:12.679+0800: 172508.099: [GC (Allocation Failure) 2024-03-23T16:47:12.679+0800: 172508.100: [ParNew: 20546343K->966289K(22937600K), 0.3398331 secs] 47829439K->28256595K(130940928K), 0.3401595 secs] [Times: user=2.45 sys=2.32, real=0.34 secs] 
2024-03-23T16:47:55.681+0800: 172551.102: [GC (Allocation Failure) 2024-03-23T16:47:55.681+0800: 172551.102: [ParNew: 20627089K->937713K(22937600K), 0.3670230 secs] 47917395K->28237159K(130940928K), 0.3673651 secs] [Times: user=2.25 sys=3.11, real=0.37 secs] 
2024-03-23T16:48:50.618+0800: 172606.039: [GC (Allocation Failure) 2024-03-23T16:48:50.618+0800: 172606.039: [ParNew: 20598513K->911102K(22937600K), 0.4332153 secs] 47897959K->28220538K(130940928K), 0.4335159 secs] [Times: user=2.69 sys=4.02, real=0.43 secs] 
2024-03-23T16:49:42.807+0800: 172658.228: [GC (Allocation Failure) 2024-03-23T16:49:42.807+0800: 172658.228: [ParNew: 20571902K->943738K(22937600K), 0.2880701 secs] 47881338K->28259815K(130940928K), 0.2884006 secs] [Times: user=2.17 sys=1.95, real=0.29 secs] 
2024-03-23T16:50:29.241+0800: 172704.661: [GC (Allocation Failure) 2024-03-23T16:50:29.241+0800: 172704.662: [ParNew: 20604538K->927348K(22937600K), 0.4102977 secs] 47920615K->28253076K(130940928K), 0.4106480 secs] [Times: user=2.02 sys=4.16, real=0.41 secs] 
2024-03-23T16:51:18.825+0800: 172754.246: [GC (Allocation Failure) 2024-03-23T16:51:18.825+0800: 172754.246: [ParNew: 20588148K->997294K(22937600K), 0.3084033 secs] 47913876K->28334192K(130940928K), 0.3087398 secs] [Times: user=2.27 sys=2.18, real=0.31 secs] 
2024-03-23T16:52:09.656+0800: 172805.077: [GC (Allocation Failure) 2024-03-23T16:52:09.656+0800: 172805.077: [ParNew: 20658094K->1011697K(22937600K), 0.3627199 secs] 47994992K->28364370K(130940928K), 0.3630546 secs] [Times: user=1.91 sys=3.52, real=0.37 secs] 
2024-03-23T16:52:50.114+0800: 172845.535: [GC (Allocation Failure) 2024-03-23T16:52:50.114+0800: 172845.535: [ParNew: 20672497K->833471K(22937600K), 0.3887402 secs] 48025170K->28196652K(130940928K), 0.3891045 secs] [Times: user=2.94 sys=2.79, real=0.39 secs] 
2024-03-23T16:53:32.770+0800: 172888.191: [GC (Allocation Failure) 2024-03-23T16:53:32.770+0800: 172888.191: [ParNew: 20494271K->852034K(22937600K), 0.3142960 secs] 47857452K->28224209K(130940928K), 0.3146270 secs] [Times: user=2.20 sys=2.28, real=0.31 secs] 
2024-03-23T16:54:17.945+0800: 172933.366: [GC (Allocation Failure) 2024-03-23T16:54:17.945+0800: 172933.366: [ParNew: 20512834K->890971K(22937600K), 0.3628093 secs] 47885009K->28271749K(130940928K), 0.3631529 secs] [Times: user=2.13 sys=3.17, real=0.37 secs] 
2024-03-23T16:55:16.197+0800: 172991.617: [GC (Allocation Failure) 2024-03-23T16:55:16.197+0800: 172991.618: [ParNew: 20551771K->942630K(22937600K), 0.3463690 secs] 47932549K->28333176K(130940928K), 0.3467056 secs] [Times: user=1.58 sys=3.79, real=0.35 secs] 
2024-03-23T16:56:02.677+0800: 173038.098: [GC (Allocation Failure) 2024-03-23T16:56:02.677+0800: 173038.098: [ParNew: 20603430K->871727K(22937600K), 0.3053216 secs] 47993976K->28270933K(130940928K), 0.3056495 secs] [Times: user=2.01 sys=2.36, real=0.31 secs] 
2024-03-23T16:56:43.060+0800: 173078.481: [GC (Allocation Failure) 2024-03-23T16:56:43.060+0800: 173078.481: [ParNew: 20532527K->875787K(22937600K), 0.3622214 secs] 47931733K->28284411K(130940928K), 0.3625655 secs] [Times: user=2.09 sys=3.07, real=0.36 secs] 
2024-03-23T16:57:37.083+0800: 173132.504: [GC (Allocation Failure) 2024-03-23T16:57:37.083+0800: 173132.504: [ParNew: 20536587K->964565K(22937600K), 0.3025038 secs] 47945211K->28381682K(130940928K), 0.3028587 secs] [Times: user=1.90 sys=2.59, real=0.30 secs] 
2024-03-23T16:58:32.374+0800: 173187.795: [GC (Allocation Failure) 2024-03-23T16:58:32.374+0800: 173187.795: [ParNew: 20625365K->836472K(22937600K), 0.5376010 secs] 48042482K->28261854K(130940928K), 0.5379289 secs] [Times: user=3.03 sys=5.36, real=0.54 secs] 
2024-03-23T16:59:12.540+0800: 173227.961: [GC (Allocation Failure) 2024-03-23T16:59:12.540+0800: 173227.961: [ParNew: 20497272K->885740K(22937600K), 0.4535930 secs] 47922654K->28321983K(130940928K), 0.4539297 secs] [Times: user=2.97 sys=3.70, real=0.45 secs] 
2024-03-23T16:59:55.114+0800: 173270.534: [GC (Allocation Failure) 2024-03-23T16:59:55.114+0800: 173270.535: [ParNew: 20546540K->935089K(22937600K), 0.2729268 secs] 47982783K->28380685K(130940928K), 0.2732476 secs] [Times: user=1.29 sys=2.40, real=0.27 secs] 
2024-03-23T17:00:49.113+0800: 173324.534: [GC (Allocation Failure) 2024-03-23T17:00:49.114+0800: 173324.534: [ParNew: 20595889K->942957K(22937600K), 0.3633680 secs] 48041485K->28396126K(130940928K), 0.3637260 secs] [Times: user=2.07 sys=3.44, real=0.36 secs] 
2024-03-23T17:01:40.541+0800: 173375.962: [GC (Allocation Failure) 2024-03-23T17:01:40.541+0800: 173375.962: [ParNew: 20603757K->926020K(22937600K), 0.4326765 secs] 48056926K->28387835K(130940928K), 0.4330212 secs] [Times: user=2.21 sys=4.77, real=0.43 secs] 
2024-03-23T17:02:23.241+0800: 173418.662: [GC (Allocation Failure) 2024-03-23T17:02:23.241+0800: 173418.662: [ParNew: 20586820K->926388K(22937600K), 0.2960260 secs] 48048635K->28397300K(130940928K), 0.2963672 secs] [Times: user=2.23 sys=1.84, real=0.29 secs] 
2024-03-23T17:03:06.755+0800: 173462.176: [GC (Allocation Failure) 2024-03-23T17:03:06.755+0800: 173462.176: [ParNew: 20587188K->1057617K(22937600K), 0.4287545 secs] 48058100K->28537512K(130940928K), 0.4290881 secs] [Times: user=2.68 sys=3.69, real=0.43 secs] 
2024-03-23T17:04:05.806+0800: 173521.227: [GC (Allocation Failure) 2024-03-23T17:04:05.806+0800: 173521.227: [ParNew: 20718417K->946753K(22937600K), 0.3737710 secs] 48198312K->28435484K(130940928K), 0.3741020 secs] [Times: user=2.82 sys=2.98, real=0.38 secs] 
2024-03-23T17:04:56.747+0800: 173572.168: [GC (Allocation Failure) 2024-03-23T17:04:56.747+0800: 173572.168: [ParNew: 20607553K->901311K(22937600K), 0.3286740 secs] 48096284K->28408109K(130940928K), 0.3289959 secs] [Times: user=2.36 sys=2.46, real=0.33 secs] 
2024-03-23T17:05:41.276+0800: 173616.696: [GC (Allocation Failure) 2024-03-23T17:05:41.276+0800: 173616.697: [ParNew: 20562111K->858329K(22937600K), 0.4250260 secs] 48068909K->28377480K(130940928K), 0.4253624 secs] [Times: user=2.16 sys=4.25, real=0.43 secs] 
2024-03-23T17:06:28.040+0800: 173663.461: [GC (Allocation Failure) 2024-03-23T17:06:28.040+0800: 173663.461: [ParNew: 20519129K->928278K(22937600K), 0.3379400 secs] 48038280K->28456520K(130940928K), 0.3382522 secs] [Times: user=2.18 sys=2.77, real=0.34 secs] 
2024-03-23T17:07:29.322+0800: 173724.743: [GC (Allocation Failure) 2024-03-23T17:07:29.322+0800: 173724.743: [ParNew: 20589078K->803001K(22937600K), 0.4333751 secs] 48117320K->28338201K(130940928K), 0.4337142 secs] [Times: user=2.58 sys=4.32, real=0.43 secs] 
2024-03-23T17:08:11.258+0800: 173766.679: [GC (Allocation Failure) 2024-03-23T17:08:11.258+0800: 173766.679: [ParNew: 20463801K->792405K(22937600K), 0.6302924 secs] 47999001K->28337142K(130940928K), 0.6306045 secs] [Times: user=2.87 sys=6.76, real=0.63 secs] 
2024-03-23T17:08:55.083+0800: 173810.504: [GC (Allocation Failure) 2024-03-23T17:08:55.084+0800: 173810.504: [ParNew: 20453205K->862569K(22937600K), 0.3258267 secs] 47997942K->28417058K(130940928K), 0.3261438 secs] [Times: user=2.32 sys=2.40, real=0.33 secs] 
2024-03-23T17:09:45.945+0800: 173861.366: [GC (Allocation Failure) 2024-03-23T17:09:45.945+0800: 173861.366: [ParNew: 20523369K->905544K(22937600K), 0.4193680 secs] 48077858K->28468203K(130940928K), 0.4196830 secs] [Times: user=1.77 sys=4.68, real=0.42 secs] 
2024-03-23T17:10:39.795+0800: 173915.216: [GC (Allocation Failure) 2024-03-23T17:10:39.795+0800: 173915.216: [ParNew: 20566344K->868089K(22937600K), 0.3772556 secs] 48129003K->28438530K(130940928K), 0.3776090 secs] [Times: user=2.40 sys=3.25, real=0.38 secs] 
2024-03-23T17:11:31.146+0800: 173966.567: [GC (Allocation Failure) 2024-03-23T17:11:31.146+0800: 173966.567: [ParNew: 20528889K->872704K(22937600K), 0.3707613 secs] 48099330K->28453226K(130940928K), 0.3710879 secs] [Times: user=3.06 sys=2.47, real=0.37 secs] 
2024-03-23T17:12:19.503+0800: 174014.923: [GC (Allocation Failure) 2024-03-23T17:12:19.503+0800: 174014.924: [ParNew: 20533504K->886359K(22937600K), 0.3559218 secs] 48114026K->28476776K(130940928K), 0.3562625 secs] [Times: user=1.93 sys=3.26, real=0.36 secs] 
2024-03-23T17:13:19.718+0800: 174075.139: [GC (Allocation Failure) 2024-03-23T17:13:19.718+0800: 174075.139: [ParNew: 20547159K->910760K(22937600K), 0.3753570 secs] 48137576K->28508760K(130940928K), 0.3756868 secs] [Times: user=2.44 sys=3.39, real=0.37 secs] 
2024-03-23T17:14:06.572+0800: 174121.992: [GC (Allocation Failure) 2024-03-23T17:14:06.572+0800: 174121.993: [ParNew: 20571560K->838145K(22937600K), 0.2737598 secs] 48169560K->28444257K(130940928K), 0.2740776 secs] [Times: user=1.95 sys=1.79, real=0.27 secs] 
2024-03-23T17:14:49.049+0800: 174164.470: [GC (Allocation Failure) 2024-03-23T17:14:49.049+0800: 174164.470: [ParNew: 20498945K->925998K(22937600K), 0.3438678 secs] 48105057K->28542222K(130940928K), 0.3442064 secs] [Times: user=2.03 sys=2.87, real=0.34 secs] 
2024-03-23T17:15:51.488+0800: 174226.909: [GC (Allocation Failure) 2024-03-23T17:15:51.489+0800: 174226.909: [ParNew: 20586798K->809647K(22937600K), 0.8414304 secs] 48203022K->28435416K(130940928K), 0.8417743 secs] [Times: user=9.65 sys=4.14, real=0.84 secs] 
2024-03-23T17:16:46.885+0800: 174282.306: [GC (Allocation Failure) 2024-03-23T17:16:46.885+0800: 174282.306: [ParNew: 20470447K->895689K(22937600K), 0.3400173 secs] 48096216K->28528186K(130940928K), 0.3403699 secs] [Times: user=2.51 sys=2.61, real=0.34 secs] 
2024-03-23T17:17:33.923+0800: 174329.344: [GC (Allocation Failure) 2024-03-23T17:17:33.923+0800: 174329.344: [ParNew: 20556489K->879467K(22937600K), 0.3559420 secs] 48188986K->28520673K(130940928K), 0.3562676 secs] [Times: user=1.99 sys=3.23, real=0.36 secs] 
2024-03-23T17:18:31.132+0800: 174386.553: [GC (Allocation Failure) 2024-03-23T17:18:31.132+0800: 174386.553: [ParNew: 20540267K->885335K(22937600K), 0.3888560 secs] 48181473K->28539012K(130940928K), 0.3891521 secs] [Times: user=1.63 sys=4.36, real=0.39 secs] 
2024-03-23T17:19:31.325+0800: 174446.746: [GC (Allocation Failure) 2024-03-23T17:19:31.325+0800: 174446.746: [ParNew: 20546135K->931661K(22937600K), 0.3570435 secs] 48199812K->28603371K(130940928K), 0.3574896 secs] [Times: user=1.67 sys=3.15, real=0.36 secs] 
2024-03-23T17:20:20.370+0800: 174495.791: [GC (Allocation Failure) 2024-03-23T17:20:20.370+0800: 174495.791: [ParNew: 20592461K->793888K(22937600K), 0.3220475 secs] 48264171K->28478653K(130940928K), 0.3223713 secs] [Times: user=2.21 sys=2.36, real=0.32 secs] 
2024-03-23T17:21:11.188+0800: 174546.609: [GC (Allocation Failure) 2024-03-23T17:21:11.188+0800: 174546.609: [ParNew: 20454688K->728574K(22937600K), 0.3564982 secs] 48139453K->28425522K(130940928K), 0.3568403 secs] [Times: user=1.82 sys=3.50, real=0.35 secs] 
2024-03-23T17:22:18.853+0800: 174614.274: [GC (Allocation Failure) 2024-03-23T17:22:18.853+0800: 174614.274: [ParNew: 20389374K->656567K(22937600K), 0.3638832 secs] 48086322K->28363281K(130940928K), 0.3642220 secs] [Times: user=1.49 sys=4.29, real=0.37 secs] 
2024-03-23T17:23:14.893+0800: 174670.314: [GC (Allocation Failure) 2024-03-23T17:23:14.893+0800: 174670.314: [ParNew: 20317367K->678971K(22937600K), 0.3267490 secs] 48024081K->28393754K(130940928K), 0.3270758 secs] [Times: user=2.57 sys=2.39, real=0.33 secs] 
2024-03-23T17:24:09.929+0800: 174725.350: [GC (Allocation Failure) 2024-03-23T17:24:09.929+0800: 174725.350: [ParNew: 20339771K->664595K(22937600K), 0.3753392 secs] 48054554K->28387027K(130940928K), 0.3756594 secs] [Times: user=1.59 sys=4.17, real=0.37 secs] 
2024-03-23T17:25:18.679+0800: 174794.100: [GC (Allocation Failure) 2024-03-23T17:25:18.679+0800: 174794.100: [ParNew: 20325395K->637282K(22937600K), 0.4343548 secs] 48047827K->28368672K(130940928K), 0.4347037 secs] [Times: user=2.09 sys=5.01, real=0.43 secs] 
2024-03-23T17:26:03.781+0800: 174839.202: [GC (Allocation Failure) 2024-03-23T17:26:03.782+0800: 174839.202: [ParNew: 20298082K->645716K(22937600K), 0.5796692 secs] 48029472K->28385942K(130940928K), 0.5799965 secs] [Times: user=2.63 sys=6.42, real=0.58 secs] 
2024-03-23T17:26:50.859+0800: 174886.279: [GC (Allocation Failure) 2024-03-23T17:26:50.859+0800: 174886.280: [ParNew: 20306516K->718493K(22937600K), 0.3347073 secs] 48046742K->28465390K(130940928K), 0.3350287 secs] [Times: user=2.17 sys=2.78, real=0.33 secs] 
2024-03-23T17:27:55.425+0800: 174950.846: [GC (Allocation Failure) 2024-03-23T17:27:55.425+0800: 174950.846: [ParNew: 20379293K->733231K(22937600K), 0.4908174 secs] 48126190K->28489720K(130940928K), 0.4911448 secs] [Times: user=2.47 sys=5.56, real=0.49 secs] 
2024-03-23T17:28:52.303+0800: 175007.724: [GC (Allocation Failure) 2024-03-23T17:28:52.303+0800: 175007.724: [ParNew: 20394031K->766443K(22937600K), 0.4371850 secs] 48150520K->28532972K(130940928K), 0.4375220 secs] [Times: user=1.80 sys=4.78, real=0.44 secs] 
2024-03-23T17:29:39.271+0800: 175054.692: [GC (Allocation Failure) 2024-03-23T17:29:39.272+0800: 175054.692: [ParNew: 20427243K->811611K(22937600K), 0.3473662 secs] 48193772K->28583943K(130940928K), 0.3478063 secs] [Times: user=2.46 sys=2.56, real=0.35 secs] 
2024-03-23T17:30:36.062+0800: 175111.482: [GC (Allocation Failure) 2024-03-23T17:30:36.062+0800: 175111.483: [ParNew: 20472411K->851430K(22937600K), 0.4186118 secs] 48244743K->28631909K(130940928K), 0.4189385 secs] [Times: user=1.69 sys=4.89, real=0.42 secs] 
2024-03-23T17:31:36.811+0800: 175172.231: [GC (Allocation Failure) 2024-03-23T17:31:36.811+0800: 175172.232: [ParNew: 20512230K->777576K(22937600K), 0.5473897 secs] 48292709K->28567298K(130940928K), 0.5477235 secs] [Times: user=1.85 sys=7.06, real=0.55 secs] 
2024-03-23T17:32:23.459+0800: 175218.879: [GC (Allocation Failure) 2024-03-23T17:32:23.459+0800: 175218.880: [ParNew: 20438376K->775138K(22937600K), 0.7794360 secs] 48228098K->28571947K(130940928K), 0.7797702 secs] [Times: user=4.61 sys=8.10, real=0.78 secs] 
2024-03-23T17:33:15.171+0800: 175270.592: [GC (Allocation Failure) 2024-03-23T17:33:15.172+0800: 175270.592: [ParNew: 20435938K->848452K(22937600K), 0.4013008 secs] 48232747K->28652283K(130940928K), 0.4016087 secs] [Times: user=2.95 sys=3.22, real=0.40 secs] 
2024-03-23T17:34:19.674+0800: 175335.095: [GC (Allocation Failure) 2024-03-23T17:34:19.674+0800: 175335.095: [ParNew: 20509252K->841669K(22937600K), 0.6257339 secs] 48313083K->28655096K(130940928K), 0.6260579 secs] [Times: user=2.67 sys=7.70, real=0.63 secs] 
2024-03-23T17:35:10.675+0800: 175386.095: [GC (Allocation Failure) 2024-03-23T17:35:10.675+0800: 175386.096: [ParNew: 20502469K->820820K(22937600K), 0.6519274 secs] 48315896K->28646630K(130940928K), 0.6522603 secs] [Times: user=2.60 sys=7.88, real=0.65 secs] 
2024-03-23T17:36:05.654+0800: 175441.074: [GC (Allocation Failure) 2024-03-23T17:36:05.654+0800: 175441.075: [ParNew: 20481620K->784609K(22937600K), 0.4077252 secs] 48307430K->28621426K(130940928K), 0.4080263 secs] [Times: user=2.89 sys=3.47, real=0.41 secs] 
2024-03-23T17:37:14.633+0800: 175510.054: [GC (Allocation Failure) 2024-03-23T17:37:14.634+0800: 175510.054: [ParNew: 20445409K->775465K(22937600K), 0.5822029 secs] 48282226K->28627505K(130940928K), 0.5825276 secs] [Times: user=2.87 sys=6.85, real=0.58 secs] 
2024-03-23T17:38:06.938+0800: 175562.359: [GC (Allocation Failure) 2024-03-23T17:38:06.939+0800: 175562.359: [ParNew: 20436265K->787582K(22937600K), 0.5349025 secs] 48288305K->28655422K(130940928K), 0.5352266 secs] [Times: user=2.27 sys=6.18, real=0.53 secs] 
2024-03-23T17:38:49.887+0800: 175605.308: [GC (Allocation Failure) 2024-03-23T17:38:49.887+0800: 175605.308: [ParNew: 20448382K->769017K(22937600K), 0.3983351 secs] 48316222K->28644007K(130940928K), 0.3986698 secs] [Times: user=3.22 sys=2.74, real=0.40 secs] 
2024-03-23T17:39:55.534+0800: 175670.955: [GC (Allocation Failure) 2024-03-23T17:39:55.534+0800: 175670.955: [ParNew: 20429817K->606583K(22937600K), 0.4225205 secs] 48304807K->28491215K(130940928K), 0.4228380 secs] [Times: user=2.42 sys=4.39, real=0.42 secs] 
2024-03-23T17:40:55.142+0800: 175730.563: [GC (Allocation Failure) 2024-03-23T17:40:55.143+0800: 175730.563: [ParNew: 20267383K->627532K(22937600K), 0.3561622 secs] 48152015K->28521351K(130940928K), 0.3565184 secs] [Times: user=1.88 sys=3.56, real=0.36 secs] 
2024-03-23T17:41:36.221+0800: 175771.642: [GC (Allocation Failure) 2024-03-23T17:41:36.221+0800: 175771.642: [ParNew: 20288332K->707513K(22937600K), 0.4191482 secs] 48182151K->28607331K(130940928K), 0.4194923 secs] [Times: user=2.47 sys=3.73, real=0.42 secs] 
2024-03-23T17:42:31.367+0800: 175826.788: [GC (Allocation Failure) 2024-03-23T17:42:31.367+0800: 175826.788: [ParNew: 20368313K->721260K(22937600K), 0.3273013 secs] 48268131K->28628677K(130940928K), 0.3275980 secs] [Times: user=2.14 sys=2.69, real=0.33 secs] 
2024-03-23T17:43:34.305+0800: 175889.725: [GC (Allocation Failure) 2024-03-23T17:43:34.305+0800: 175889.726: [ParNew: 20382060K->713296K(22937600K), 0.4900121 secs] 48289477K->28630154K(130940928K), 0.4903451 secs] [Times: user=4.56 sys=3.48, real=0.49 secs] 
2024-03-23T17:44:22.524+0800: 175937.945: [GC (Allocation Failure) 2024-03-23T17:44:22.524+0800: 175937.945: [ParNew: 20374096K->737693K(22937600K), 0.4532223 secs] 48290954K->28662224K(130940928K), 0.4535634 secs] [Times: user=3.49 sys=3.61, real=0.46 secs] 
2024-03-23T17:45:11.924+0800: 175987.345: [GC (Allocation Failure) 2024-03-23T17:45:11.924+0800: 175987.345: [ParNew: 20398493K->758529K(22937600K), 0.3418483 secs] 48323024K->28689875K(130940928K), 0.3422049 secs] [Times: user=2.47 sys=2.99, real=0.34 secs] 
2024-03-23T17:46:16.294+0800: 176051.715: [GC (Allocation Failure) 2024-03-23T17:46:16.295+0800: 176051.715: [ParNew: 20419329K->758608K(22937600K), 0.4623899 secs] 48350675K->28699188K(130940928K), 0.4627106 secs] [Times: user=2.37 sys=5.16, real=0.46 secs] 
2024-03-23T17:47:12.900+0800: 176108.321: [GC (Allocation Failure) 2024-03-23T17:47:12.900+0800: 176108.321: [ParNew: 20419408K->742757K(22937600K), 0.5263395 secs] 48359988K->28691721K(130940928K), 0.5267110 secs] [Times: user=3.71 sys=4.51, real=0.52 secs] 
2024-03-23T17:48:05.567+0800: 176160.988: [GC (Allocation Failure) 2024-03-23T17:48:05.567+0800: 176160.988: [ParNew: 20403557K->737014K(22937600K), 0.5893066 secs] 48352521K->28691875K(130940928K), 0.5896218 secs] [Times: user=3.10 sys=6.33, real=0.59 secs] 
2024-03-23T17:49:00.284+0800: 176215.705: [GC (Allocation Failure) 2024-03-23T17:49:00.284+0800: 176215.705: [ParNew: 20397814K->799248K(22937600K), 0.3417037 secs] 48352675K->28762766K(130940928K), 0.3420069 secs] [Times: user=3.13 sys=2.01, real=0.34 secs] 
2024-03-23T17:49:48.699+0800: 176264.120: [GC (Allocation Failure) 2024-03-23T17:49:48.699+0800: 176264.120: [ParNew: 20460048K->804526K(22937600K), 0.3867776 secs] 48423566K->28775956K(130940928K), 0.3870818 secs] [Times: user=3.05 sys=2.76, real=0.38 secs] 
2024-03-23T17:50:41.387+0800: 176316.808: [GC (Allocation Failure) 2024-03-23T17:50:41.387+0800: 176316.808: [ParNew: 20465326K->795130K(22937600K), 0.4136121 secs] 48436756K->28771737K(130940928K), 0.4139766 secs] [Times: user=3.23 sys=3.09, real=0.42 secs] 
2024-03-23T17:51:35.890+0800: 176371.311: [GC (Allocation Failure) 2024-03-23T17:51:35.891+0800: 176371.311: [ParNew: 20455930K->833547K(22937600K), 0.3302033 secs] 48432537K->28818606K(130940928K), 0.3305750 secs] [Times: user=3.04 sys=1.75, real=0.33 secs] 
2024-03-23T17:52:36.240+0800: 176431.661: [GC (Allocation Failure) 2024-03-23T17:52:36.241+0800: 176431.662: [ParNew: 20494347K->784627K(22937600K), 0.3778713 secs] 48479406K->28784038K(130940928K), 0.3781630 secs] [Times: user=2.72 sys=3.17, real=0.38 secs] 
2024-03-23T17:53:30.123+0800: 176485.543: [GC (Allocation Failure) 2024-03-23T17:53:30.123+0800: 176485.544: [ParNew: 20445427K->841239K(22937600K), 0.4365364 secs] 48444838K->28852364K(130940928K), 0.4368612 secs] [Times: user=3.35 sys=3.44, real=0.44 secs] 
2024-03-23T17:54:20.455+0800: 176535.876: [GC (Allocation Failure) 2024-03-23T17:54:20.455+0800: 176535.876: [ParNew: 20502039K->807639K(22937600K), 0.3940076 secs] 48513164K->28833071K(130940928K), 0.3943188 secs] [Times: user=1.54 sys=4.17, real=0.40 secs] 
2024-03-23T17:55:22.340+0800: 176597.761: [GC (Allocation Failure) 2024-03-23T17:55:22.340+0800: 176597.761: [ParNew: 20468439K->764775K(22937600K), 0.2985770 secs] 48493871K->28810006K(130940928K), 0.2989138 secs] [Times: user=1.68 sys=2.06, real=0.30 secs] 
2024-03-23T17:56:22.542+0800: 176657.963: [GC (Allocation Failure) 2024-03-23T17:56:22.542+0800: 176657.963: [ParNew: 20425575K->738132K(22937600K), 0.3762015 secs] 48470806K->28793548K(130940928K), 0.3765484 secs] [Times: user=1.62 sys=4.29, real=0.38 secs] 
2024-03-23T17:57:14.009+0800: 176709.429: [GC (Allocation Failure) 2024-03-23T17:57:14.009+0800: 176709.430: [ParNew: 20398932K->560984K(22937600K), 0.4173939 secs] 48454348K->28622662K(130940928K), 0.4177275 secs] [Times: user=1.68 sys=4.68, real=0.41 secs] 
2024-03-23T17:58:01.446+0800: 176756.867: [GC (Allocation Failure) 2024-03-23T17:58:01.446+0800: 176756.867: [ParNew: 20221784K->680808K(22937600K), 0.3348142 secs] 48283462K->28751283K(130940928K), 0.3351123 secs] [Times: user=3.12 sys=1.83, real=0.34 secs] 
2024-03-23T17:58:56.467+0800: 176811.888: [GC (Allocation Failure) 2024-03-23T17:58:56.468+0800: 176811.888: [ParNew: 20341608K->717579K(22937600K), 0.3681129 secs] 48412083K->28796470K(130940928K), 0.3684328 secs] [Times: user=2.65 sys=2.95, real=0.37 secs] 
2024-03-23T17:59:58.105+0800: 176873.526: [GC (Allocation Failure) 2024-03-23T17:59:58.105+0800: 176873.526: [ParNew: 20378379K->713023K(22937600K), 0.4006733 secs] 48457270K->28798211K(130940928K), 0.4009945 secs] [Times: user=2.63 sys=3.65, real=0.40 secs] 
2024-03-23T18:00:57.658+0800: 176933.079: [GC (Allocation Failure) 2024-03-23T18:00:57.658+0800: 176933.079: [ParNew: 20373823K->697536K(22937600K), 0.4194752 secs] 48459011K->28790405K(130940928K), 0.4198118 secs] [Times: user=1.49 sys=4.95, real=0.42 secs] 
2024-03-23T18:01:42.850+0800: 176978.270: [GC (Allocation Failure) 2024-03-23T18:01:42.850+0800: 176978.270: [ParNew: 20358336K->740285K(22937600K), 0.4078350 secs] 48451205K->28841237K(130940928K), 0.4081571 secs] [Times: user=4.42 sys=1.67, real=0.41 secs] 
2024-03-23T18:02:32.810+0800: 177028.231: [GC (Allocation Failure) 2024-03-23T18:02:32.810+0800: 177028.231: [ParNew: 20401085K->787341K(22937600K), 0.3926382 secs] 48502037K->28896265K(130940928K), 0.3929809 secs] [Times: user=1.50 sys=3.38, real=0.39 secs] 
2024-03-23T18:03:32.981+0800: 177088.402: [GC (Allocation Failure) 2024-03-23T18:03:32.981+0800: 177088.402: [ParNew: 20448141K->779605K(22937600K), 0.3740918 secs] 48557065K->28897378K(130940928K), 0.3744266 secs] [Times: user=2.29 sys=3.28, real=0.37 secs] 
2024-03-23T18:04:31.454+0800: 177146.875: [GC (Allocation Failure) 2024-03-23T18:04:31.454+0800: 177146.875: [ParNew: 20440405K->742157K(22937600K), 0.3387662 secs] 48558178K->28867526K(130940928K), 0.3390775 secs] [Times: user=1.68 sys=2.91, real=0.34 secs] 
2024-03-23T18:05:23.729+0800: 177199.149: [GC (Allocation Failure) 2024-03-23T18:05:23.729+0800: 177199.150: [ParNew: 20402957K->830004K(22937600K), 0.3625282 secs] 48528326K->28963897K(130940928K), 0.3628388 secs] [Times: user=1.08 sys=3.34, real=0.36 secs] 
2024-03-23T18:06:16.903+0800: 177252.323: [GC (Allocation Failure) 2024-03-23T18:06:16.903+0800: 177252.324: [ParNew: 20490804K->814901K(22937600K), 0.5673525 secs] 48624697K->28955804K(130940928K), 0.5676720 secs] [Times: user=5.05 sys=4.10, real=0.57 secs] 
2024-03-23T18:07:16.246+0800: 177311.667: [GC (Allocation Failure) 2024-03-23T18:07:16.246+0800: 177311.667: [ParNew: 20475701K->748452K(22937600K), 0.4725167 secs] 48616604K->28897486K(130940928K), 0.4728412 secs] [Times: user=3.03 sys=4.51, real=0.48 secs] 
2024-03-23T18:08:15.384+0800: 177370.805: [GC (Allocation Failure) 2024-03-23T18:08:15.384+0800: 177370.805: [ParNew: 20409252K->838527K(22937600K), 0.3289330 secs] 48558286K->28995991K(130940928K), 0.3292327 secs] [Times: user=1.72 sys=3.70, real=0.33 secs] 
2024-03-23T18:09:10.650+0800: 177426.071: [GC (Allocation Failure) 2024-03-23T18:09:10.651+0800: 177426.071: [ParNew: 20499327K->760840K(22937600K), 0.3843879 secs] 48656791K->28925001K(130940928K), 0.3847019 secs] [Times: user=2.75 sys=3.16, real=0.38 secs] 
2024-03-23T18:10:00.008+0800: 177475.429: [GC (Allocation Failure) 2024-03-23T18:10:00.009+0800: 177475.429: [ParNew: 20421640K->771100K(22937600K), 0.4362746 secs] 48585801K->28945196K(130940928K), 0.4366198 secs] [Times: user=3.00 sys=3.72, real=0.43 secs] 
2024-03-23T18:11:00.987+0800: 177536.408: [GC (Allocation Failure) 2024-03-23T18:11:00.987+0800: 177536.408: [ParNew: 20431900K->766337K(22937600K), 0.3965959 secs] 48605996K->28956739K(130940928K), 0.3969069 secs] [Times: user=2.52 sys=3.71, real=0.40 secs] 
2024-03-23T18:11:58.130+0800: 177593.550: [GC (Allocation Failure) 2024-03-23T18:11:58.130+0800: 177593.551: [ParNew: 20427137K->871576K(22937600K), 0.3246907 secs] 48617539K->29080208K(130940928K), 0.3250215 secs] [Times: user=3.15 sys=1.71, real=0.32 secs] 
2024-03-23T18:12:52.255+0800: 177647.676: [GC (Allocation Failure) 2024-03-23T18:12:52.255+0800: 177647.676: [ParNew: 20532376K->892637K(22937600K), 0.3848656 secs] 48741008K->29116013K(130940928K), 0.3853028 secs] [Times: user=2.90 sys=2.75, real=0.39 secs] 
2024-03-23T18:13:41.584+0800: 177697.005: [GC (Allocation Failure) 2024-03-23T18:13:41.585+0800: 177697.005: [ParNew: 20553437K->759114K(22937600K), 0.3834919 secs] 48776813K->28990531K(130940928K), 0.3838208 secs] [Times: user=2.50 sys=3.29, real=0.39 secs] 
2024-03-23T18:14:33.993+0800: 177749.414: [GC (Allocation Failure) 2024-03-23T18:14:33.994+0800: 177749.414: [ParNew: 20419914K->746487K(22937600K), 0.2818971 secs] 48651331K->28984889K(130940928K), 0.2822136 secs] [Times: user=2.64 sys=1.41, real=0.28 secs] 
2024-03-23T18:15:33.502+0800: 177808.923: [GC (Allocation Failure) 2024-03-23T18:15:33.502+0800: 177808.923: [ParNew: 20407287K->688556K(22937600K), 0.4081117 secs] 48645689K->28936558K(130940928K), 0.4084423 secs] [Times: user=2.63 sys=3.80, real=0.41 secs] 
2024-03-23T18:16:33.207+0800: 177868.628: [GC (Allocation Failure) 2024-03-23T18:16:33.208+0800: 177868.628: [ParNew: 20349356K->736223K(22937600K), 0.4410183 secs] 48597358K->28992385K(130940928K), 0.4413518 secs] [Times: user=2.56 sys=4.39, real=0.45 secs] 
2024-03-23T18:17:25.764+0800: 177921.185: [GC (Allocation Failure) 2024-03-23T18:17:25.765+0800: 177921.185: [ParNew: 20397023K->747206K(22937600K), 0.3212558 secs] 48653185K->29010077K(130940928K), 0.3215677 secs] [Times: user=1.50 sys=3.25, real=0.32 secs] 
2024-03-23T18:18:11.187+0800: 177966.608: [GC (Allocation Failure) 2024-03-23T18:18:11.187+0800: 177966.608: [ParNew: 20408006K->721480K(22937600K), 0.4052268 secs] 48670877K->28991986K(130940928K), 0.4055309 secs] [Times: user=3.25 sys=2.82, real=0.41 secs] 
2024-03-23T18:19:06.212+0800: 178021.633: [GC (Allocation Failure) 2024-03-23T18:19:06.213+0800: 178021.633: [ParNew: 20382280K->729625K(22937600K), 0.3629848 secs] 48652786K->29008414K(130940928K), 0.3633107 secs] [Times: user=1.24 sys=4.31, real=0.36 secs] 
2024-03-23T18:20:05.081+0800: 178080.502: [GC (Allocation Failure) 2024-03-23T18:20:05.081+0800: 178080.502: [ParNew: 20390425K->705975K(22937600K), 0.3632421 secs] 48669214K->28992449K(130940928K), 0.3635821 secs] [Times: user=3.07 sys=2.48, real=0.36 secs] 
2024-03-23T18:20:58.759+0800: 178134.180: [GC (Allocation Failure) 2024-03-23T18:20:58.759+0800: 178134.180: [ParNew: 20366775K->781247K(22937600K), 0.3775183 secs] 48653249K->29074627K(130940928K), 0.3778383 secs] [Times: user=2.70 sys=3.02, real=0.37 secs] 
2024-03-23T18:21:47.488+0800: 178182.909: [GC (Allocation Failure) 2024-03-23T18:21:47.488+0800: 178182.909: [ParNew: 20442047K->820340K(22937600K), 0.4150578 secs] 48735427K->29120668K(130940928K), 0.4153872 secs] [Times: user=1.26 sys=4.55, real=0.41 secs] 
2024-03-23T18:22:39.081+0800: 178234.502: [GC (Allocation Failure) 2024-03-23T18:22:39.081+0800: 178234.502: [ParNew: 20481140K->768638K(22937600K), 0.2759274 secs] 48781468K->29076787K(130940928K), 0.2762931 secs] [Times: user=1.11 sys=2.79, real=0.28 secs] 
2024-03-23T18:23:37.588+0800: 178293.009: [GC (Allocation Failure) 2024-03-23T18:23:37.589+0800: 178293.009: [ParNew: 20429438K->825695K(22937600K), 0.3966666 secs] 48737587K->29142064K(130940928K), 0.3969601 secs] [Times: user=2.83 sys=3.37, real=0.39 secs] 
2024-03-23T18:24:37.699+0800: 178353.120: [GC (Allocation Failure) 2024-03-23T18:24:37.699+0800: 178353.120: [ParNew: 20486495K->790716K(22937600K), 0.3665312 secs] 48802864K->29113934K(130940928K), 0.3668492 secs] [Times: user=0.91 sys=4.87, real=0.36 secs] 
2024-03-23T18:25:31.052+0800: 178406.472: [GC (Allocation Failure) 2024-03-23T18:25:31.052+0800: 178406.473: [ParNew: 20451516K->803232K(22937600K), 0.3673723 secs] 48774734K->29134047K(130940928K), 0.3677196 secs] [Times: user=1.00 sys=4.47, real=0.37 secs] 
2024-03-23T18:26:17.676+0800: 178453.097: [GC (Allocation Failure) 2024-03-23T18:26:17.676+0800: 178453.097: [ParNew: 20464032K->889861K(22937600K), 0.3558456 secs] 48794847K->29228383K(130940928K), 0.3561898 secs] [Times: user=3.30 sys=1.99, real=0.36 secs] 
2024-03-23T18:27:17.336+0800: 178512.757: [GC (Allocation Failure) 2024-03-23T18:27:17.337+0800: 178512.757: [ParNew: 20550661K->843236K(22937600K), 0.3803840 secs] 48889183K->29197380K(130940928K), 0.3807227 secs] [Times: user=2.82 sys=3.09, real=0.38 secs] 
2024-03-23T18:28:20.496+0800: 178575.916: [GC (Allocation Failure) 2024-03-23T18:28:20.496+0800: 178575.917: [ParNew: 20504036K->784946K(22937600K), 0.3728786 secs] 48858180K->29155493K(130940928K), 0.3731638 secs] [Times: user=1.11 sys=4.72, real=0.38 secs] 
2024-03-23T18:29:12.689+0800: 178628.110: [GC (Allocation Failure) 2024-03-23T18:29:12.689+0800: 178628.110: [ParNew: 20445746K->762803K(22937600K), 0.2567421 secs] 48816293K->29146373K(130940928K), 0.2570665 secs] [Times: user=2.71 sys=0.84, real=0.25 secs] 
2024-03-23T18:29:59.926+0800: 178675.347: [GC (Allocation Failure) 2024-03-23T18:29:59.926+0800: 178675.347: [ParNew: 20423603K->833814K(22937600K), 0.4038501 secs] 48807173K->29230770K(130940928K), 0.4041642 secs] [Times: user=1.67 sys=4.40, real=0.41 secs] 
2024-03-23T18:30:51.549+0800: 178726.970: [GC (Allocation Failure) 2024-03-23T18:30:51.549+0800: 178726.970: [ParNew: 20494614K->732156K(22937600K), 0.3595201 secs] 48891570K->29138100K(130940928K), 0.3598560 secs] [Times: user=1.10 sys=4.29, real=0.36 secs] 
2024-03-23T18:31:52.884+0800: 178788.305: [GC (Allocation Failure) 2024-03-23T18:31:52.884+0800: 178788.305: [ParNew: 20392956K->721162K(22937600K), 0.2803900 secs] 48798900K->29136410K(130940928K), 0.2807302 secs] [Times: user=2.38 sys=1.80, real=0.28 secs] 
2024-03-23T18:32:46.849+0800: 178842.270: [GC (Allocation Failure) 2024-03-23T18:32:46.849+0800: 178842.270: [ParNew: 20381962K->692822K(22937600K), 0.4232853 secs] 48797210K->29114871K(130940928K), 0.4236228 secs] [Times: user=2.63 sys=3.92, real=0.42 secs] 
2024-03-23T18:33:37.215+0800: 178892.636: [GC (Allocation Failure) 2024-03-23T18:33:37.216+0800: 178892.636: [ParNew: 20353622K->761681K(22937600K), 0.3763920 secs] 48775671K->29191201K(130940928K), 0.3766850 secs] [Times: user=2.86 sys=2.83, real=0.38 secs] 
2024-03-23T18:34:23.282+0800: 178938.703: [GC (Allocation Failure) 2024-03-23T18:34:23.283+0800: 178938.703: [ParNew: 20422481K->758956K(22937600K), 0.3212397 secs] 48852001K->29196583K(130940928K), 0.3215802 secs] [Times: user=1.92 sys=2.72, real=0.32 secs] 
2024-03-23T18:35:20.635+0800: 178996.056: [GC (Allocation Failure) 2024-03-23T18:35:20.635+0800: 178996.056: [ParNew: 20419756K->736288K(22937600K), 0.3941518 secs] 48857383K->29182488K(130940928K), 0.3944848 secs] [Times: user=2.81 sys=3.39, real=0.40 secs] 
2024-03-23T18:36:21.822+0800: 179057.242: [GC (Allocation Failure) 2024-03-23T18:36:21.822+0800: 179057.243: [ParNew: 20397088K->751563K(22937600K), 0.4394277 secs] 48843288K->29206311K(130940928K), 0.4397196 secs] [Times: user=0.96 sys=6.07, real=0.44 secs] 
2024-03-23T18:37:17.741+0800: 179113.161: [GC (Allocation Failure) 2024-03-23T18:37:17.741+0800: 179113.162: [ParNew: 20412363K->734536K(22937600K), 0.4150712 secs] 48867111K->29196450K(130940928K), 0.4154091 secs] [Times: user=1.15 sys=4.51, real=0.41 secs] 
2024-03-23T18:38:04.608+0800: 179160.029: [GC (Allocation Failure) 2024-03-23T18:38:04.608+0800: 179160.029: [ParNew: 20395336K->742589K(22937600K), 0.3255496 secs] 48857250K->29210847K(130940928K), 0.3258652 secs] [Times: user=2.72 sys=2.01, real=0.32 secs] 
2024-03-23T18:39:00.186+0800: 179215.607: [GC (Allocation Failure) 2024-03-23T18:39:00.186+0800: 179215.607: [ParNew: 20403389K->811154K(22937600K), 0.5677161 secs] 48871647K->29287412K(130940928K), 0.5680878 secs] [Times: user=2.51 sys=6.68, real=0.57 secs] 
2024-03-23T18:40:03.494+0800: 179278.915: [GC (Allocation Failure) 2024-03-23T18:40:03.494+0800: 179278.915: [ParNew: 20471954K->719889K(22937600K), 0.4794376 secs] 48948212K->29205266K(130940928K), 0.4797758 secs] [Times: user=2.67 sys=5.09, real=0.48 secs] 
2024-03-23T18:41:01.850+0800: 179337.270: [GC (Allocation Failure) 2024-03-23T18:41:01.850+0800: 179337.271: [ParNew: 20380689K->732810K(22937600K), 0.3949869 secs] 48866066K->29224826K(130940928K), 0.3953568 secs] [Times: user=2.78 sys=3.34, real=0.39 secs] 
2024-03-23T18:41:54.510+0800: 179389.931: [GC (Allocation Failure) 2024-03-23T18:41:54.510+0800: 179389.931: [ParNew: 20393610K->803461K(22937600K), 0.5546338 secs] 48885626K->29301611K(130940928K), 0.5549853 secs] [Times: user=2.45 sys=6.43, real=0.55 secs] 
2024-03-23T18:42:46.645+0800: 179442.066: [GC (Allocation Failure) 2024-03-23T18:42:46.645+0800: 179442.066: [ParNew: 20464261K->767933K(22937600K), 0.4389111 secs] 48962411K->29274269K(130940928K), 0.4392442 secs] [Times: user=2.67 sys=4.12, real=0.44 secs] 
2024-03-23T18:43:50.915+0800: 179506.335: [GC (Allocation Failure) 2024-03-23T18:43:50.915+0800: 179506.336: [ParNew: 20428733K->716488K(22937600K), 0.5050670 secs] 48935069K->29233838K(130940928K), 0.5054173 secs] [Times: user=2.78 sys=5.33, real=0.51 secs] 
2024-03-23T18:44:52.694+0800: 179568.115: [GC (Allocation Failure) 2024-03-23T18:44:52.695+0800: 179568.115: [ParNew: 20377288K->782987K(22937600K), 0.3425585 secs] 48894638K->29314835K(130940928K), 0.3429369 secs] [Times: user=1.01 sys=4.26, real=0.34 secs] 
2024-03-23T18:45:42.622+0800: 179618.043: [GC (Allocation Failure) 2024-03-23T18:45:42.622+0800: 179618.043: [ParNew: 20443787K->804580K(22937600K), 0.3719910 secs] 48975635K->29349645K(130940928K), 0.3722872 secs] [Times: user=1.07 sys=3.73, real=0.37 secs] 
2024-03-23T18:46:35.801+0800: 179671.222: [GC (Allocation Failure) 2024-03-23T18:46:35.802+0800: 179671.222: [ParNew: 20465380K->846989K(22937600K), 0.4325436 secs] 49010445K->29408457K(130940928K), 0.4328972 secs] [Times: user=3.02 sys=3.63, real=0.43 secs] 
2024-03-23T18:47:26.292+0800: 179721.713: [GC (Allocation Failure) 2024-03-23T18:47:26.292+0800: 179721.713: [ParNew: 20507789K->686035K(22937600K), 0.3029243 secs] 49069257K->29256158K(130940928K), 0.3032135 secs] [Times: user=3.07 sys=1.43, real=0.30 secs] 
2024-03-23T18:48:23.295+0800: 179778.716: [GC (Allocation Failure) 2024-03-23T18:48:23.295+0800: 179778.716: [ParNew: 20346835K->526589K(22937600K), 0.4323329 secs] 48916958K->29106052K(130940928K), 0.4326858 secs] [Times: user=3.47 sys=3.38, real=0.44 secs] 
2024-03-23T18:49:17.421+0800: 179832.842: [GC (Allocation Failure) 2024-03-23T18:49:17.421+0800: 179832.842: [ParNew: 20187389K->668378K(22937600K), 0.4359915 secs] 48766852K->29255119K(130940928K), 0.4363417 secs] [Times: user=1.87 sys=4.01, real=0.44 secs] 
2024-03-23T18:50:02.306+0800: 179877.726: [GC (Allocation Failure) 2024-03-23T18:50:02.306+0800: 179877.727: [ParNew: 20329178K->714911K(22937600K), 0.2856169 secs] 48915919K->29308161K(130940928K), 0.2860513 secs] [Times: user=2.97 sys=0.97, real=0.29 secs] 
2024-03-23T18:50:56.272+0800: 179931.693: [GC (Allocation Failure) 2024-03-23T18:50:56.272+0800: 179931.693: [ParNew: 20375711K->790988K(22937600K), 0.3487134 secs] 48968961K->29391871K(130940928K), 0.3490840 secs] [Times: user=2.55 sys=2.67, real=0.35 secs] 
2024-03-23T18:51:53.503+0800: 179988.924: [GC (Allocation Failure) 2024-03-23T18:51:53.503+0800: 179988.924: [ParNew: 20451788K->767741K(22937600K), 0.3847595 secs] 49052671K->29377942K(130940928K), 0.3851230 secs] [Times: user=2.73 sys=3.16, real=0.39 secs] 
2024-03-23T18:52:56.155+0800: 180051.576: [GC (Allocation Failure) 2024-03-23T18:52:56.156+0800: 180051.576: [ParNew: 20428541K->684882K(22937600K), 0.4091975 secs] 49038742K->29302646K(130940928K), 0.4095611 secs] [Times: user=2.46 sys=3.89, real=0.41 secs] 
2024-03-23T18:53:43.664+0800: 180099.084: [GC (Allocation Failure) 2024-03-23T18:53:43.664+0800: 180099.085: [ParNew: 20345682K->788152K(22937600K), 0.4710854 secs] 48963446K->29412164K(130940928K), 0.4714130 secs] [Times: user=5.54 sys=2.28, real=0.47 secs] 
2024-03-23T18:54:30.319+0800: 180145.740: [GC (Allocation Failure) 2024-03-23T18:54:30.319+0800: 180145.740: [ParNew: 20448952K->801904K(22937600K), 0.4077481 secs] 49072964K->29433823K(130940928K), 0.4080763 secs] [Times: user=3.30 sys=2.91, real=0.40 secs] 
2024-03-23T18:55:28.062+0800: 180203.483: [GC (Allocation Failure) 2024-03-23T18:55:28.062+0800: 180203.483: [ParNew: 20462704K->753042K(22937600K), 0.4113099 secs] 49094623K->29393562K(130940928K), 0.4116211 secs] [Times: user=0.71 sys=5.20, real=0.41 secs] 
2024-03-23T18:56:29.259+0800: 180264.680: [GC (Allocation Failure) 2024-03-23T18:56:29.259+0800: 180264.680: [ParNew: 20413842K->747269K(22937600K), 0.3442301 secs] 49054362K->29395946K(130940928K), 0.3445501 secs] [Times: user=3.04 sys=2.28, real=0.34 secs] 
2024-03-23T18:57:12.572+0800: 180307.993: [GC (Allocation Failure) 2024-03-23T18:57:12.572+0800: 180307.993: [ParNew: 20408069K->824188K(22937600K), 0.5195607 secs] 49056746K->29479202K(130940928K), 0.5199105 secs] [Times: user=3.11 sys=4.94, real=0.52 secs] 
2024-03-23T18:57:51.310+0800: 180346.731: [GC (Allocation Failure) 2024-03-23T18:57:51.310+0800: 180346.731: [ParNew: 20484988K->917846K(22937600K), 0.4749401 secs] 49140002K->29580072K(130940928K), 0.4752988 secs] [Times: user=2.36 sys=4.74, real=0.47 secs] 
2024-03-23T18:58:51.539+0800: 180406.960: [GC (Allocation Failure) 2024-03-23T18:58:51.539+0800: 180406.960: [ParNew: 20578646K->851700K(22937600K), 0.5477732 secs] 49240872K->29523046K(130940928K), 0.5481046 secs] [Times: user=5.16 sys=3.83, real=0.54 secs] 
2024-03-23T18:59:45.579+0800: 180461.000: [GC (Allocation Failure) 2024-03-23T18:59:45.579+0800: 180461.000: [ParNew: 20512500K->890987K(22937600K), 0.5014043 secs] 49183846K->29570243K(130940928K), 0.5017657 secs] [Times: user=2.90 sys=5.01, real=0.50 secs] 
2024-03-23T19:00:24.578+0800: 180499.999: [GC (Allocation Failure) 2024-03-23T19:00:24.579+0800: 180499.999: [ParNew: 20551787K->940970K(22937600K), 0.4732184 secs] 49231043K->29629831K(130940928K), 0.4735942 secs] [Times: user=2.38 sys=4.63, real=0.47 secs] 
2024-03-23T19:01:12.517+0800: 180547.938: [GC (Allocation Failure) 2024-03-23T19:01:12.517+0800: 180547.938: [ParNew: 20601770K->921079K(22937600K), 0.3072401 secs] 49290631K->29624584K(130940928K), 0.3075916 secs] [Times: user=2.77 sys=1.60, real=0.31 secs] 
2024-03-23T19:02:06.474+0800: 180601.895: [GC (Allocation Failure) 2024-03-23T19:02:06.474+0800: 180601.895: [ParNew: 20581879K->915881K(22937600K), 0.5004691 secs] 49285384K->29634617K(130940928K), 0.5008413 secs] [Times: user=3.09 sys=4.84, real=0.50 secs] 
2024-03-23T19:02:48.879+0800: 180644.300: [GC (Allocation Failure) 2024-03-23T19:02:48.879+0800: 180644.300: [ParNew: 20576681K->886136K(22937600K), 0.3543628 secs] 49295417K->29614497K(130940928K), 0.3547272 secs] [Times: user=1.22 sys=3.96, real=0.35 secs] 
2024-03-23T19:03:27.711+0800: 180683.132: [GC (Allocation Failure) 2024-03-23T19:03:27.711+0800: 180683.132: [ParNew: 20546936K->936918K(22937600K), 0.2874820 secs] 49275297K->29673489K(130940928K), 0.2877781 secs] [Times: user=1.43 sys=1.63, real=0.29 secs] 
2024-03-23T19:04:05.099+0800: 180720.519: [GC (Allocation Failure) 2024-03-23T19:04:05.099+0800: 180720.520: [ParNew: 20597718K->963264K(22937600K), 0.3635797 secs] 49334289K->29707225K(130940928K), 0.3639376 secs] [Times: user=2.89 sys=2.26, real=0.36 secs] 
2024-03-23T19:04:57.069+0800: 180772.490: [GC (Allocation Failure) 2024-03-23T19:04:57.069+0800: 180772.490: [ParNew: 20624064K->988741K(22937600K), 0.3328886 secs] 49368025K->29739503K(130940928K), 0.3331918 secs] [Times: user=2.80 sys=2.15, real=0.33 secs] 
2024-03-23T19:05:42.860+0800: 180818.280: [GC (Allocation Failure) 2024-03-23T19:05:42.860+0800: 180818.281: [ParNew: 20649541K->915886K(22937600K), 0.4221213 secs] 49400303K->29675874K(130940928K), 0.4224914 secs] [Times: user=3.31 sys=3.00, real=0.42 secs] 
2024-03-23T19:06:21.707+0800: 180857.128: [GC (Allocation Failure) 2024-03-23T19:06:21.707+0800: 180857.128: [ParNew: 20576686K->1048451K(22937600K), 0.2651778 secs] 49336674K->29817370K(130940928K), 0.2654843 secs] [Times: user=1.55 sys=1.98, real=0.27 secs] 
2024-03-23T19:06:57.953+0800: 180893.374: [GC (Allocation Failure) 2024-03-23T19:06:57.953+0800: 180893.374: [ParNew: 20709251K->1055882K(22937600K), 0.3794481 secs] 49478170K->29831647K(130940928K), 0.3797773 secs] [Times: user=1.81 sys=3.39, real=0.38 secs] 
2024-03-23T19:07:48.141+0800: 180943.562: [GC (Allocation Failure) 2024-03-23T19:07:48.142+0800: 180943.562: [ParNew: 20716682K->1078921K(22937600K), 0.3474238 secs] 49492447K->29861581K(130940928K), 0.3477958 secs] [Times: user=1.14 sys=3.99, real=0.35 secs] 
2024-03-23T19:08:40.478+0800: 180995.899: [GC (Allocation Failure) 2024-03-23T19:08:40.478+0800: 180995.899: [ParNew: 20739721K->1020287K(22937600K), 0.2942324 secs] 49522381K->29812867K(130940928K), 0.2945673 secs] [Times: user=2.88 sys=1.37, real=0.29 secs] 
2024-03-23T19:09:20.740+0800: 181036.161: [GC (Allocation Failure) 2024-03-23T19:09:20.740+0800: 181036.161: [ParNew: 20681087K->965913K(22937600K), 0.4000872 secs] 49473667K->29768711K(130940928K), 0.4004190 secs] [Times: user=1.32 sys=4.47, real=0.40 secs] 
2024-03-23T19:10:03.646+0800: 181079.067: [GC (Allocation Failure) 2024-03-23T19:10:03.646+0800: 181079.067: [ParNew: 20626713K->1040977K(22937600K), 0.2947593 secs] 49429511K->29850608K(130940928K), 0.2950504 secs] [Times: user=2.99 sys=1.17, real=0.30 secs] 
2024-03-23T19:10:56.075+0800: 181131.495: [GC (Allocation Failure) 2024-03-23T19:10:56.075+0800: 181131.496: [ParNew: 20701777K->1062479K(22937600K), 0.3820205 secs] 49511408K->29880605K(130940928K), 0.3823688 secs] [Times: user=2.80 sys=2.30, real=0.38 secs] 
2024-03-23T19:11:45.611+0800: 181181.032: [GC (Allocation Failure) 2024-03-23T19:11:45.611+0800: 181181.032: [ParNew: 20723279K->962152K(22937600K), 0.3763699 secs] 49541405K->29790711K(130940928K), 0.3767135 secs] [Times: user=2.95 sys=2.70, real=0.38 secs] 
2024-03-23T19:12:25.179+0800: 181220.600: [GC (Allocation Failure) 2024-03-23T19:12:25.180+0800: 181220.600: [ParNew: 20622952K->991310K(22937600K), 0.3119350 secs] 49451511K->29828878K(130940928K), 0.3122621 secs] [Times: user=3.42 sys=0.82, real=0.31 secs] 
2024-03-23T19:13:06.088+0800: 181261.509: [GC (Allocation Failure) 2024-03-23T19:13:06.088+0800: 181261.509: [ParNew: 20652110K->1044819K(22937600K), 0.3962069 secs] 49489678K->29890254K(130940928K), 0.3965469 secs] [Times: user=2.98 sys=2.74, real=0.39 secs] 
2024-03-23T19:14:00.767+0800: 181316.188: [GC (Allocation Failure) 2024-03-23T19:14:00.767+0800: 181316.188: [ParNew: 20705619K->918840K(22937600K), 0.3129525 secs] 49551054K->29773827K(130940928K), 0.3132945 secs] [Times: user=1.07 sys=3.54, real=0.32 secs] 
2024-03-23T19:14:51.335+0800: 181366.756: [GC (Allocation Failure) 2024-03-23T19:14:51.335+0800: 181366.756: [ParNew: 20579640K->910385K(22937600K), 0.5031442 secs] 49434627K->29775955K(130940928K), 0.5034675 secs] [Times: user=4.35 sys=3.59, real=0.51 secs] 
2024-03-23T19:15:30.650+0800: 181406.071: [GC (Allocation Failure) 2024-03-23T19:15:30.651+0800: 181406.071: [ParNew: 20571185K->877056K(22937600K), 0.2950154 secs] 49436755K->29752799K(130940928K), 0.2953342 secs] [Times: user=1.68 sys=2.35, real=0.29 secs] 
2024-03-23T19:16:17.610+0800: 181453.031: [GC (Allocation Failure) 2024-03-23T19:16:17.610+0800: 181453.031: [ParNew: 20537856K->930193K(22937600K), 0.5315674 secs] 49413599K->29814318K(130940928K), 0.5318906 secs] [Times: user=5.39 sys=2.99, real=0.53 secs] 
2024-03-23T19:17:13.071+0800: 181508.492: [GC (Allocation Failure) 2024-03-23T19:17:13.071+0800: 181508.492: [ParNew: 20590993K->844927K(22937600K), 0.4909434 secs] 49475118K->29738170K(130940928K), 0.4913056 secs] [Times: user=3.71 sys=4.05, real=0.49 secs] 
2024-03-23T19:18:06.322+0800: 181561.743: [GC (Allocation Failure) 2024-03-23T19:18:06.322+0800: 181561.743: [ParNew: 20505727K->894544K(22937600K), 0.3195491 secs] 49398970K->29797936K(130940928K), 0.3198862 secs] [Times: user=2.93 sys=1.81, real=0.32 secs] 
2024-03-23T19:18:47.440+0800: 181602.861: [GC (Allocation Failure) 2024-03-23T19:18:47.441+0800: 181602.861: [ParNew: 20555344K->927716K(22937600K), 0.3389377 secs] 49458736K->29841951K(130940928K), 0.3392670 secs] [Times: user=2.67 sys=2.18, real=0.34 secs] 
2024-03-23T19:19:31.388+0800: 181646.809: [GC (Allocation Failure) 2024-03-23T19:19:31.388+0800: 181646.809: [ParNew: 20588516K->995099K(22937600K), 0.3458865 secs] 49502751K->29917359K(130940928K), 0.3462370 secs] [Times: user=2.62 sys=2.36, real=0.34 secs] 
2024-03-23T19:20:31.992+0800: 181707.413: [GC (Allocation Failure) 2024-03-23T19:20:31.992+0800: 181707.413: [ParNew: 20655899K->848355K(22937600K), 0.4035331 secs] 49578159K->29778830K(130940928K), 0.4038645 secs] [Times: user=3.95 sys=2.41, real=0.40 secs] 
2024-03-23T19:21:13.176+0800: 181748.597: [GC (Allocation Failure) 2024-03-23T19:21:13.176+0800: 181748.597: [ParNew: 20509155K->893636K(22937600K), 0.3675339 secs] 49439630K->29833900K(130940928K), 0.3678981 secs] [Times: user=3.28 sys=1.90, real=0.37 secs] 
2024-03-23T19:21:48.689+0800: 181784.110: [GC (Allocation Failure) 2024-03-23T19:21:48.689+0800: 181784.110: [ParNew: 20554436K->980647K(22937600K), 0.2866614 secs] 49494700K->29930542K(130940928K), 0.2870000 secs] [Times: user=3.01 sys=0.74, real=0.28 secs] 
2024-03-23T19:22:29.280+0800: 181824.700: [GC (Allocation Failure) 2024-03-23T19:22:29.280+0800: 181824.701: [ParNew: 20641447K->1007542K(22937600K), 0.3769394 secs] 49591342K->29965447K(130940928K), 0.3772854 secs] [Times: user=3.19 sys=2.33, real=0.37 secs] 
2024-03-23T19:23:23.115+0800: 181878.536: [GC (Allocation Failure) 2024-03-23T19:23:23.115+0800: 181878.536: [ParNew: 20668342K->1054972K(22937600K), 0.3600928 secs] 49626247K->30021349K(130940928K), 0.3604975 secs] [Times: user=1.08 sys=3.66, real=0.36 secs] 
2024-03-23T19:24:06.776+0800: 181922.196: [GC (Allocation Failure) 2024-03-23T19:24:06.776+0800: 181922.197: [ParNew: 20715772K->1079230K(22937600K), 0.3542060 secs] 49682149K->30056462K(130940928K), 0.3545321 secs] [Times: user=1.70 sys=3.33, real=0.36 secs] 
2024-03-23T19:24:43.559+0800: 181958.979: [GC (Allocation Failure) 2024-03-23T19:24:43.559+0800: 181958.980: [ParNew: 20740030K->1072862K(22937600K), 0.4412920 secs] 49717262K->30059625K(130940928K), 0.4416482 secs] [Times: user=3.22 sys=3.10, real=0.44 secs] 
2024-03-23T19:25:32.738+0800: 182008.158: [GC (Allocation Failure) 2024-03-23T19:25:32.738+0800: 182008.159: [ParNew: 20733662K->1116571K(22937600K), 0.3174870 secs] 49720425K->30114069K(130940928K), 0.3178220 secs] [Times: user=1.21 sys=3.35, real=0.31 secs] 
2024-03-23T19:26:30.893+0800: 182066.314: [GC (Allocation Failure) 2024-03-23T19:26:30.893+0800: 182066.314: [ParNew: 20777371K->1092001K(22937600K), 0.3886743 secs] 49774869K->30106096K(130940928K), 0.3890237 secs] [Times: user=0.95 sys=5.11, real=0.39 secs] 
2024-03-23T19:27:09.167+0800: 182104.588: [GC (Allocation Failure) 2024-03-23T19:27:09.167+0800: 182104.588: [ParNew: 20752801K->897685K(22937600K), 0.3910467 secs] 49766896K->29924400K(130940928K), 0.3914011 secs] [Times: user=3.39 sys=2.66, real=0.40 secs] 
2024-03-23T19:27:42.809+0800: 182138.229: [GC (Allocation Failure) 2024-03-23T19:27:42.809+0800: 182138.230: [ParNew: 20558485K->971610K(22937600K), 0.5223172 secs] 49585200K->30007362K(130940928K), 0.5226450 secs] [Times: user=6.46 sys=1.93, real=0.52 secs] 
2024-03-23T19:28:20.429+0800: 182175.850: [GC (Allocation Failure) 2024-03-23T19:28:20.429+0800: 182175.850: [ParNew: 20632410K->957915K(22937600K), 0.4081186 secs] 49668162K->30001094K(130940928K), 0.4084555 secs] [Times: user=3.14 sys=2.73, real=0.40 secs] 
2024-03-23T19:29:17.248+0800: 182232.669: [GC (Allocation Failure) 2024-03-23T19:29:17.249+0800: 182232.669: [ParNew: 20618715K->925623K(22937600K), 0.3190482 secs] 49661894K->29977207K(130940928K), 0.3194027 secs] [Times: user=2.84 sys=1.93, real=0.32 secs] 
2024-03-23T19:30:03.682+0800: 182279.103: [GC (Allocation Failure) 2024-03-23T19:30:03.682+0800: 182279.103: [ParNew: 20586423K->964703K(22937600K), 0.4647128 secs] 49638007K->30026666K(130940928K), 0.4649995 secs] [Times: user=3.92 sys=3.21, real=0.46 secs] 
2024-03-23T19:30:44.788+0800: 182320.209: [GC (Allocation Failure) 2024-03-23T19:30:44.789+0800: 182320.209: [ParNew: 20625503K->1009703K(22937600K), 0.4021098 secs] 49687466K->30081097K(130940928K), 0.4024665 secs] [Times: user=1.66 sys=4.20, real=0.40 secs] 
2024-03-23T19:31:28.287+0800: 182363.708: [GC (Allocation Failure) 2024-03-23T19:31:28.288+0800: 182363.708: [ParNew: 20670503K->1008726K(22937600K), 0.3518724 secs] 49741897K->30087199K(130940928K), 0.3522075 secs] [Times: user=3.24 sys=1.89, real=0.36 secs] 
2024-03-23T19:32:22.223+0800: 182417.643: [GC (Allocation Failure) 2024-03-23T19:32:22.223+0800: 182417.644: [ParNew: 20669526K->1010593K(22937600K), 0.4178869 secs] 49747999K->30099518K(130940928K), 0.4182270 secs] [Times: user=3.38 sys=3.10, real=0.42 secs] 
2024-03-23T19:33:02.195+0800: 182457.616: [GC (Allocation Failure) 2024-03-23T19:33:02.195+0800: 182457.616: [ParNew: 20671393K->1035507K(22937600K), 0.2794252 secs] 49760318K->30135679K(130940928K), 0.2797470 secs] [Times: user=1.49 sys=2.27, real=0.28 secs] 
2024-03-23T19:33:38.837+0800: 182494.257: [GC (Allocation Failure) 2024-03-23T19:33:38.837+0800: 182494.258: [ParNew: 20696307K->1058783K(22937600K), 0.4069136 secs] 49796479K->30168797K(130940928K), 0.4072393 secs] [Times: user=2.93 sys=2.99, real=0.41 secs] 
2024-03-23T19:34:19.370+0800: 182534.791: [GC (Allocation Failure) 2024-03-23T19:34:19.370+0800: 182534.791: [ParNew: 20719583K->1097640K(22937600K), 0.5082342 secs] 49829597K->30215245K(130940928K), 0.5085816 secs] [Times: user=3.07 sys=4.76, real=0.51 secs] 
2024-03-23T19:35:22.295+0800: 182597.716: [GC (Allocation Failure) 2024-03-23T19:35:22.295+0800: 182597.716: [ParNew: 20758440K->1015395K(22937600K), 0.3317248 secs] 49876045K->30142949K(130940928K), 0.3320495 secs] [Times: user=2.69 sys=2.49, real=0.33 secs] 
2024-03-23T19:36:09.655+0800: 182645.076: [GC (Allocation Failure) 2024-03-23T19:36:09.655+0800: 182645.076: [ParNew: 20676195K->1069017K(22937600K), 0.3955317 secs] 49803749K->30207255K(130940928K), 0.3958151 secs] [Times: user=3.09 sys=2.80, real=0.40 secs] 
2024-03-23T19:36:44.573+0800: 182679.993: [GC (Allocation Failure) 2024-03-23T19:36:44.573+0800: 182679.994: [ParNew: 20729817K->1007664K(22937600K), 0.3073606 secs] 49868055K->30154964K(130940928K), 0.3076776 secs] [Times: user=3.36 sys=0.78, real=0.31 secs] 
